[2024-08-28T01:09:45.332+0000][info][gc] Using G1
[2024-08-28T01:09:45.363+0000][info][gc,init] Version: 17.0.7+7-Ubuntu-0ubuntu118.04 (release)
[2024-08-28T01:09:45.364+0000][info][gc,init] CPUs: 104 total, 104 available
[2024-08-28T01:09:45.364+0000][info][gc,init] Memory: 251G
[2024-08-28T01:09:45.364+0000][info][gc,init] Large Page Support: Disabled
[2024-08-28T01:09:45.364+0000][info][gc,init] NUMA Support: Disabled
[2024-08-28T01:09:45.364+0000][info][gc,init] Compressed Oops: Enabled (32-bit)
[2024-08-28T01:09:45.364+0000][info][gc,init] Heap Region Size: 1M
[2024-08-28T01:09:45.364+0000][info][gc,init] Heap Min Capacity: 8M
[2024-08-28T01:09:45.364+0000][info][gc,init] Heap Initial Capacity: 2G
[2024-08-28T01:09:45.364+0000][info][gc,init] Heap Max Capacity: 2G
[2024-08-28T01:09:45.364+0000][info][gc,init] Pre-touch: Disabled
[2024-08-28T01:09:45.364+0000][info][gc,init] Parallel Workers: 68
[2024-08-28T01:09:45.364+0000][info][gc,init] Concurrent Workers: 17
[2024-08-28T01:09:45.364+0000][info][gc,init] Concurrent Refinement Workers: 68
[2024-08-28T01:09:45.364+0000][info][gc,init] Periodic GC: Disabled
[2024-08-28T01:09:45.364+0000][info][gc,metaspace] CDS archive(s) mapped at: [0x0000000800000000-0x0000000800be2000-0x0000000800be2000), size 12460032, SharedBaseAddress: 0x0000000800000000, ArchiveRelocationMode: 0.
[2024-08-28T01:09:45.364+0000][info][gc,metaspace] Compressed class space mapped at: 0x0000000801000000-0x0000000841000000, reserved size: 1073741824
[2024-08-28T01:09:45.364+0000][info][gc,metaspace] Narrow klass base: 0x0000000800000000, Narrow klass shift: 0, Narrow klass range: 0x100000000
[2024-08-28T01:09:45.499+0000][info][gc,start    ] GC(0) Pause Young (Normal) (G1 Evacuation Pause)
[2024-08-28T01:09:45.508+0000][info][gc,task     ] GC(0) Using 49 workers of 68 for evacuation
[2024-08-28T01:09:45.528+0000][info][gc,phases   ] GC(0)   Pre Evacuate Collection Set: 0.8ms
[2024-08-28T01:09:45.528+0000][info][gc,phases   ] GC(0)   Merge Heap Roots: 0.4ms
[2024-08-28T01:09:45.528+0000][info][gc,phases   ] GC(0)   Evacuate Collection Set: 17.9ms
[2024-08-28T01:09:45.528+0000][info][gc,phases   ] GC(0)   Post Evacuate Collection Set: 0.9ms
[2024-08-28T01:09:45.528+0000][info][gc,phases   ] GC(0)   Other: 9.4ms
[2024-08-28T01:09:45.528+0000][info][gc,heap     ] GC(0) Eden regions: 102->0(89)
[2024-08-28T01:09:45.528+0000][info][gc,heap     ] GC(0) Survivor regions: 0->13(13)
[2024-08-28T01:09:45.528+0000][info][gc,heap     ] GC(0) Old regions: 0->91
[2024-08-28T01:09:45.528+0000][info][gc,heap     ] GC(0) Archive regions: 2->2
[2024-08-28T01:09:45.528+0000][info][gc,heap     ] GC(0) Humongous regions: 1->1
[2024-08-28T01:09:45.528+0000][info][gc,metaspace] GC(0) Metaspace: 97K(320K)->97K(320K) NonClass: 93K(192K)->93K(192K) Class: 4K(128K)->4K(128K)
[2024-08-28T01:09:45.528+0000][info][gc          ] GC(0) Pause Young (Normal) (G1 Evacuation Pause) 103M->105M(2048M) 29.303ms
[2024-08-28T01:09:45.528+0000][info][gc,cpu      ] GC(0) User=0.28s Sys=0.61s Real=0.02s
[2024-08-28T01:09:45.561+0000][info][gc,start    ] GC(1) Pause Young (Normal) (G1 Evacuation Pause)
[2024-08-28T01:09:45.562+0000][info][gc,task     ] GC(1) Using 49 workers of 68 for evacuation
[2024-08-28T01:09:45.576+0000][info][gc,phases   ] GC(1)   Pre Evacuate Collection Set: 0.3ms
[2024-08-28T01:09:45.576+0000][info][gc,phases   ] GC(1)   Merge Heap Roots: 1.0ms
[2024-08-28T01:09:45.576+0000][info][gc,phases   ] GC(1)   Evacuate Collection Set: 12.7ms
[2024-08-28T01:09:45.576+0000][info][gc,phases   ] GC(1)   Post Evacuate Collection Set: 0.5ms
[2024-08-28T01:09:45.576+0000][info][gc,phases   ] GC(1)   Other: 0.2ms
[2024-08-28T01:09:45.576+0000][info][gc,heap     ] GC(1) Eden regions: 89->0(89)
[2024-08-28T01:09:45.576+0000][info][gc,heap     ] GC(1) Survivor regions: 13->13(13)
[2024-08-28T01:09:45.576+0000][info][gc,heap     ] GC(1) Old regions: 91->185
[2024-08-28T01:09:45.576+0000][info][gc,heap     ] GC(1) Archive regions: 2->2
[2024-08-28T01:09:45.576+0000][info][gc,heap     ] GC(1) Humongous regions: 3->3
[2024-08-28T01:09:45.576+0000][info][gc,metaspace] GC(1) Metaspace: 97K(320K)->97K(320K) NonClass: 93K(192K)->93K(192K) Class: 4K(128K)->4K(128K)
[2024-08-28T01:09:45.576+0000][info][gc          ] GC(1) Pause Young (Normal) (G1 Evacuation Pause) 196M->201M(2048M) 14.846ms
[2024-08-28T01:09:45.576+0000][info][gc,cpu      ] GC(1) User=0.33s Sys=0.30s Real=0.01s
[2024-08-28T01:09:45.610+0000][info][gc,start    ] GC(2) Pause Young (Normal) (G1 Evacuation Pause)
[2024-08-28T01:09:45.610+0000][info][gc,task     ] GC(2) Using 49 workers of 68 for evacuation
[2024-08-28T01:09:45.624+0000][info][gc,phases   ] GC(2)   Pre Evacuate Collection Set: 0.3ms
[2024-08-28T01:09:45.624+0000][info][gc,phases   ] GC(2)   Merge Heap Roots: 0.2ms
[2024-08-28T01:09:45.624+0000][info][gc,phases   ] GC(2)   Evacuate Collection Set: 12.7ms
[2024-08-28T01:09:45.624+0000][info][gc,phases   ] GC(2)   Post Evacuate Collection Set: 0.5ms
[2024-08-28T01:09:45.624+0000][info][gc,phases   ] GC(2)   Other: 0.2ms
[2024-08-28T01:09:45.624+0000][info][gc,heap     ] GC(2) Eden regions: 89->0(89)
[2024-08-28T01:09:45.624+0000][info][gc,heap     ] GC(2) Survivor regions: 13->13(13)
[2024-08-28T01:09:45.624+0000][info][gc,heap     ] GC(2) Old regions: 185->280
[2024-08-28T01:09:45.624+0000][info][gc,heap     ] GC(2) Archive regions: 2->2
[2024-08-28T01:09:45.624+0000][info][gc,heap     ] GC(2) Humongous regions: 6->6
[2024-08-28T01:09:45.624+0000][info][gc,metaspace] GC(2) Metaspace: 97K(320K)->97K(320K) NonClass: 93K(192K)->93K(192K) Class: 4K(128K)->4K(128K)
[2024-08-28T01:09:45.624+0000][info][gc          ] GC(2) Pause Young (Normal) (G1 Evacuation Pause) 293M->299M(2048M) 14.133ms
[2024-08-28T01:09:45.624+0000][info][gc,cpu      ] GC(2) User=0.27s Sys=0.36s Real=0.01s
[2024-08-28T01:09:45.651+0000][info][gc,start    ] GC(3) Pause Young (Normal) (G1 Evacuation Pause)
[2024-08-28T01:09:45.651+0000][info][gc,task     ] GC(3) Using 49 workers of 68 for evacuation
[2024-08-28T01:09:45.665+0000][info][gc,phases   ] GC(3)   Pre Evacuate Collection Set: 0.3ms
[2024-08-28T01:09:45.665+0000][info][gc,phases   ] GC(3)   Merge Heap Roots: 0.2ms
[2024-08-28T01:09:45.665+0000][info][gc,phases   ] GC(3)   Evacuate Collection Set: 12.9ms
[2024-08-28T01:09:45.665+0000][info][gc,phases   ] GC(3)   Post Evacuate Collection Set: 0.5ms
[2024-08-28T01:09:45.665+0000][info][gc,phases   ] GC(3)   Other: 0.2ms
[2024-08-28T01:09:45.665+0000][info][gc,heap     ] GC(3) Eden regions: 89->0(89)
[2024-08-28T01:09:45.665+0000][info][gc,heap     ] GC(3) Survivor regions: 13->13(13)
[2024-08-28T01:09:45.665+0000][info][gc,heap     ] GC(3) Old regions: 280->375
[2024-08-28T01:09:45.665+0000][info][gc,heap     ] GC(3) Archive regions: 2->2
[2024-08-28T01:09:45.665+0000][info][gc,heap     ] GC(3) Humongous regions: 6->6
[2024-08-28T01:09:45.665+0000][info][gc,metaspace] GC(3) Metaspace: 97K(320K)->97K(320K) NonClass: 93K(192K)->93K(192K) Class: 4K(128K)->4K(128K)
[2024-08-28T01:09:45.665+0000][info][gc          ] GC(3) Pause Young (Normal) (G1 Evacuation Pause) 388M->394M(2048M) 14.186ms
[2024-08-28T01:09:45.665+0000][info][gc,cpu      ] GC(3) User=0.22s Sys=0.41s Real=0.01s
[2024-08-28T01:09:45.727+0000][info][gc,start    ] GC(4) Pause Young (Normal) (G1 Evacuation Pause)
[2024-08-28T01:09:45.727+0000][info][gc,task     ] GC(4) Using 49 workers of 68 for evacuation
[2024-08-28T01:09:45.741+0000][info][gc,phases   ] GC(4)   Pre Evacuate Collection Set: 0.3ms
[2024-08-28T01:09:45.741+0000][info][gc,phases   ] GC(4)   Merge Heap Roots: 0.3ms
[2024-08-28T01:09:45.741+0000][info][gc,phases   ] GC(4)   Evacuate Collection Set: 13.0ms
[2024-08-28T01:09:45.741+0000][info][gc,phases   ] GC(4)   Post Evacuate Collection Set: 0.5ms
[2024-08-28T01:09:45.741+0000][info][gc,phases   ] GC(4)   Other: 0.2ms
[2024-08-28T01:09:45.741+0000][info][gc,heap     ] GC(4) Eden regions: 89->0(89)
[2024-08-28T01:09:45.741+0000][info][gc,heap     ] GC(4) Survivor regions: 13->13(13)
[2024-08-28T01:09:45.741+0000][info][gc,heap     ] GC(4) Old regions: 375->470
[2024-08-28T01:09:45.741+0000][info][gc,heap     ] GC(4) Archive regions: 2->2
[2024-08-28T01:09:45.741+0000][info][gc,heap     ] GC(4) Humongous regions: 11->11
[2024-08-28T01:09:45.741+0000][info][gc,metaspace] GC(4) Metaspace: 100K(320K)->100K(320K) NonClass: 96K(192K)->96K(192K) Class: 4K(128K)->4K(128K)
[2024-08-28T01:09:45.741+0000][info][gc          ] GC(4) Pause Young (Normal) (G1 Evacuation Pause) 488M->494M(2048M) 14.450ms
[2024-08-28T01:09:45.741+0000][info][gc,cpu      ] GC(4) User=0.23s Sys=0.42s Real=0.02s
[2024-08-28T01:09:45.804+0000][info][gc,start    ] GC(5) Pause Young (Normal) (G1 Evacuation Pause)
[2024-08-28T01:09:45.804+0000][info][gc,task     ] GC(5) Using 49 workers of 68 for evacuation
[2024-08-28T01:09:45.819+0000][info][gc,phases   ] GC(5)   Pre Evacuate Collection Set: 0.4ms
[2024-08-28T01:09:45.819+0000][info][gc,phases   ] GC(5)   Merge Heap Roots: 0.3ms
[2024-08-28T01:09:45.819+0000][info][gc,phases   ] GC(5)   Evacuate Collection Set: 12.9ms
[2024-08-28T01:09:45.819+0000][info][gc,phases   ] GC(5)   Post Evacuate Collection Set: 0.5ms
[2024-08-28T01:09:45.819+0000][info][gc,phases   ] GC(5)   Other: 0.3ms
[2024-08-28T01:09:45.819+0000][info][gc,heap     ] GC(5) Eden regions: 89->0(89)
[2024-08-28T01:09:45.819+0000][info][gc,heap     ] GC(5) Survivor regions: 13->13(13)
[2024-08-28T01:09:45.819+0000][info][gc,heap     ] GC(5) Old regions: 470->564
[2024-08-28T01:09:45.819+0000][info][gc,heap     ] GC(5) Archive regions: 2->2
[2024-08-28T01:09:45.819+0000][info][gc,heap     ] GC(5) Humongous regions: 11->11
[2024-08-28T01:09:45.819+0000][info][gc,metaspace] GC(5) Metaspace: 100K(320K)->100K(320K) NonClass: 96K(192K)->96K(192K) Class: 4K(128K)->4K(128K)
[2024-08-28T01:09:45.819+0000][info][gc          ] GC(5) Pause Young (Normal) (G1 Evacuation Pause) 583M->588M(2048M) 14.414ms
[2024-08-28T01:09:45.819+0000][info][gc,cpu      ] GC(5) User=0.45s Sys=0.19s Real=0.02s
[2024-08-28T01:09:45.869+0000][info][gc,start    ] GC(6) Pause Young (Normal) (G1 Evacuation Pause)
[2024-08-28T01:09:45.869+0000][info][gc,task     ] GC(6) Using 49 workers of 68 for evacuation
[2024-08-28T01:09:45.883+0000][info][gc,phases   ] GC(6)   Pre Evacuate Collection Set: 0.3ms
[2024-08-28T01:09:45.883+0000][info][gc,phases   ] GC(6)   Merge Heap Roots: 0.5ms
[2024-08-28T01:09:45.883+0000][info][gc,phases   ] GC(6)   Evacuate Collection Set: 12.9ms
[2024-08-28T01:09:45.883+0000][info][gc,phases   ] GC(6)   Post Evacuate Collection Set: 0.5ms
[2024-08-28T01:09:45.883+0000][info][gc,phases   ] GC(6)   Other: 0.2ms
[2024-08-28T01:09:45.883+0000][info][gc,heap     ] GC(6) Eden regions: 89->0(89)
[2024-08-28T01:09:45.883+0000][info][gc,heap     ] GC(6) Survivor regions: 13->13(13)
[2024-08-28T01:09:45.883+0000][info][gc,heap     ] GC(6) Old regions: 564->658
[2024-08-28T01:09:45.883+0000][info][gc,heap     ] GC(6) Archive regions: 2->2
[2024-08-28T01:09:45.883+0000][info][gc,heap     ] GC(6) Humongous regions: 11->11
[2024-08-28T01:09:45.883+0000][info][gc,metaspace] GC(6) Metaspace: 100K(320K)->100K(320K) NonClass: 96K(192K)->96K(192K) Class: 4K(128K)->4K(128K)
[2024-08-28T01:09:45.883+0000][info][gc          ] GC(6) Pause Young (Normal) (G1 Evacuation Pause) 677M->682M(2048M) 14.435ms
[2024-08-28T01:09:45.883+0000][info][gc,cpu      ] GC(6) User=0.42s Sys=0.23s Real=0.02s
[2024-08-28T01:09:45.936+0000][info][gc,start    ] GC(7) Pause Young (Normal) (G1 Evacuation Pause)
[2024-08-28T01:09:45.936+0000][info][gc,task     ] GC(7) Using 49 workers of 68 for evacuation
[2024-08-28T01:09:45.951+0000][info][gc,phases   ] GC(7)   Pre Evacuate Collection Set: 0.2ms
[2024-08-28T01:09:45.951+0000][info][gc,phases   ] GC(7)   Merge Heap Roots: 0.3ms
[2024-08-28T01:09:45.951+0000][info][gc,phases   ] GC(7)   Evacuate Collection Set: 13.0ms
[2024-08-28T01:09:45.951+0000][info][gc,phases   ] GC(7)   Post Evacuate Collection Set: 0.5ms
[2024-08-28T01:09:45.951+0000][info][gc,phases   ] GC(7)   Other: 0.2ms
[2024-08-28T01:09:45.951+0000][info][gc,heap     ] GC(7) Eden regions: 89->0(89)
[2024-08-28T01:09:45.951+0000][info][gc,heap     ] GC(7) Survivor regions: 13->13(13)
[2024-08-28T01:09:45.951+0000][info][gc,heap     ] GC(7) Old regions: 658->751
[2024-08-28T01:09:45.951+0000][info][gc,heap     ] GC(7) Archive regions: 2->2
[2024-08-28T01:09:45.951+0000][info][gc,heap     ] GC(7) Humongous regions: 11->11
[2024-08-28T01:09:45.951+0000][info][gc,metaspace] GC(7) Metaspace: 100K(320K)->100K(320K) NonClass: 96K(192K)->96K(192K) Class: 4K(128K)->4K(128K)
[2024-08-28T01:09:45.951+0000][info][gc          ] GC(7) Pause Young (Normal) (G1 Evacuation Pause) 771M->775M(2048M) 14.406ms
[2024-08-28T01:09:45.951+0000][info][gc,cpu      ] GC(7) User=0.41s Sys=0.23s Real=0.02s
[2024-08-28T01:09:46.024+0000][info][gc,start    ] GC(8) Pause Young (Normal) (G1 Evacuation Pause)
[2024-08-28T01:09:46.024+0000][info][gc,task     ] GC(8) Using 49 workers of 68 for evacuation
[2024-08-28T01:09:46.039+0000][info][gc,phases   ] GC(8)   Pre Evacuate Collection Set: 0.4ms
[2024-08-28T01:09:46.039+0000][info][gc,phases   ] GC(8)   Merge Heap Roots: 0.6ms
[2024-08-28T01:09:46.039+0000][info][gc,phases   ] GC(8)   Evacuate Collection Set: 13.4ms
[2024-08-28T01:09:46.039+0000][info][gc,phases   ] GC(8)   Post Evacuate Collection Set: 0.5ms
[2024-08-28T01:09:46.039+0000][info][gc,phases   ] GC(8)   Other: 0.3ms
[2024-08-28T01:09:46.039+0000][info][gc,heap     ] GC(8) Eden regions: 89->0(89)
[2024-08-28T01:09:46.039+0000][info][gc,heap     ] GC(8) Survivor regions: 13->13(13)
[2024-08-28T01:09:46.039+0000][info][gc,heap     ] GC(8) Old regions: 751->844
[2024-08-28T01:09:46.039+0000][info][gc,heap     ] GC(8) Archive regions: 2->2
[2024-08-28T01:09:46.039+0000][info][gc,heap     ] GC(8) Humongous regions: 11->11
[2024-08-28T01:09:46.039+0000][info][gc,metaspace] GC(8) Metaspace: 100K(320K)->100K(320K) NonClass: 96K(192K)->96K(192K) Class: 4K(128K)->4K(128K)
[2024-08-28T01:09:46.039+0000][info][gc          ] GC(8) Pause Young (Normal) (G1 Evacuation Pause) 864M->868M(2048M) 15.250ms
[2024-08-28T01:09:46.039+0000][info][gc,cpu      ] GC(8) User=0.43s Sys=0.25s Real=0.02s
[2024-08-28T01:09:46.119+0000][info][gc,start    ] GC(9) Pause Young (Normal) (G1 Evacuation Pause)
[2024-08-28T01:09:46.119+0000][info][gc,task     ] GC(9) Using 49 workers of 68 for evacuation
[2024-08-28T01:09:46.133+0000][info][gc,phases   ] GC(9)   Pre Evacuate Collection Set: 0.4ms
[2024-08-28T01:09:46.133+0000][info][gc,phases   ] GC(9)   Merge Heap Roots: 0.3ms
[2024-08-28T01:09:46.133+0000][info][gc,phases   ] GC(9)   Evacuate Collection Set: 12.7ms
[2024-08-28T01:09:46.133+0000][info][gc,phases   ] GC(9)   Post Evacuate Collection Set: 0.6ms
[2024-08-28T01:09:46.133+0000][info][gc,phases   ] GC(9)   Other: 0.3ms
[2024-08-28T01:09:46.133+0000][info][gc,heap     ] GC(9) Eden regions: 89->0(120)
[2024-08-28T01:09:46.133+0000][info][gc,heap     ] GC(9) Survivor regions: 13->13(13)
[2024-08-28T01:09:46.133+0000][info][gc,heap     ] GC(9) Old regions: 844->937
[2024-08-28T01:09:46.133+0000][info][gc,heap     ] GC(9) Archive regions: 2->2
[2024-08-28T01:09:46.133+0000][info][gc,heap     ] GC(9) Humongous regions: 11->11
[2024-08-28T01:09:46.133+0000][info][gc,metaspace] GC(9) Metaspace: 100K(320K)->100K(320K) NonClass: 96K(192K)->96K(192K) Class: 4K(128K)->4K(128K)
[2024-08-28T01:09:46.133+0000][info][gc          ] GC(9) Pause Young (Normal) (G1 Evacuation Pause) 957M->961M(2048M) 14.571ms
[2024-08-28T01:09:46.134+0000][info][gc,cpu      ] GC(9) User=0.36s Sys=0.22s Real=0.01s
[2024-08-28T01:09:46.234+0000][info][gc,start    ] GC(10) Pause Young (Concurrent Start) (G1 Evacuation Pause)
[2024-08-28T01:09:46.235+0000][info][gc,task     ] GC(10) Using 49 workers of 68 for evacuation
[2024-08-28T01:09:46.253+0000][info][gc,phases   ] GC(10)   Pre Evacuate Collection Set: 0.4ms
[2024-08-28T01:09:46.253+0000][info][gc,phases   ] GC(10)   Merge Heap Roots: 0.5ms
[2024-08-28T01:09:46.253+0000][info][gc,phases   ] GC(10)   Evacuate Collection Set: 16.1ms
[2024-08-28T01:09:46.253+0000][info][gc,phases   ] GC(10)   Post Evacuate Collection Set: 0.5ms
[2024-08-28T01:09:46.253+0000][info][gc,phases   ] GC(10)   Other: 1.4ms
[2024-08-28T01:09:46.253+0000][info][gc,heap     ] GC(10) Eden regions: 120->0(139)
[2024-08-28T01:09:46.253+0000][info][gc,heap     ] GC(10) Survivor regions: 13->17(17)
[2024-08-28T01:09:46.253+0000][info][gc,heap     ] GC(10) Old regions: 937->1057
[2024-08-28T01:09:46.253+0000][info][gc,heap     ] GC(10) Archive regions: 2->2
[2024-08-28T01:09:46.253+0000][info][gc,heap     ] GC(10) Humongous regions: 11->11
[2024-08-28T01:09:46.253+0000][info][gc,metaspace] GC(10) Metaspace: 100K(320K)->100K(320K) NonClass: 96K(192K)->96K(192K) Class: 4K(128K)->4K(128K)
[2024-08-28T01:09:46.254+0000][info][gc          ] GC(10) Pause Young (Concurrent Start) (G1 Evacuation Pause) 1081M->1085M(2048M) 19.046ms
[2024-08-28T01:09:46.254+0000][info][gc,cpu      ] GC(10) User=0.27s Sys=0.50s Real=0.02s
[2024-08-28T01:09:46.254+0000][info][gc          ] GC(11) Concurrent Mark Cycle
[2024-08-28T01:09:46.254+0000][info][gc,marking  ] GC(11) Concurrent Clear Claimed Marks
[2024-08-28T01:09:46.254+0000][info][gc,marking  ] GC(11) Concurrent Clear Claimed Marks 0.011ms
[2024-08-28T01:09:46.254+0000][info][gc,marking  ] GC(11) Concurrent Scan Root Regions
[2024-08-28T01:09:46.262+0000][info][gc,marking  ] GC(11) Concurrent Scan Root Regions 8.043ms
[2024-08-28T01:09:46.262+0000][info][gc,marking  ] GC(11) Concurrent Mark
[2024-08-28T01:09:46.262+0000][info][gc,marking  ] GC(11) Concurrent Mark From Roots
[2024-08-28T01:09:46.262+0000][info][gc,task     ] GC(11) Using 17 workers of 17 for marking
[2024-08-28T01:09:46.284+0000][info][gc,marking  ] GC(11) Concurrent Mark From Roots 22.038ms
[2024-08-28T01:09:46.284+0000][info][gc,marking  ] GC(11) Concurrent Preclean
[2024-08-28T01:09:46.285+0000][info][gc,marking  ] GC(11) Concurrent Preclean 0.711ms
[2024-08-28T01:09:46.285+0000][info][gc,start    ] GC(11) Pause Remark
[2024-08-28T01:09:46.287+0000][info][gc          ] GC(11) Pause Remark 1108M->1098M(2048M) 1.752ms
[2024-08-28T01:09:46.287+0000][info][gc,cpu      ] GC(11) User=0.01s Sys=0.01s Real=0.00s
[2024-08-28T01:09:46.287+0000][info][gc,marking  ] GC(11) Concurrent Mark 25.003ms
[2024-08-28T01:09:46.287+0000][info][gc,marking  ] GC(11) Concurrent Rebuild Remembered Sets
[2024-08-28T01:09:46.331+0000][info][gc,marking  ] GC(11) Concurrent Rebuild Remembered Sets 44.474ms
[2024-08-28T01:09:46.332+0000][info][gc,start    ] GC(11) Pause Cleanup
[2024-08-28T01:09:46.334+0000][info][gc          ] GC(11) Pause Cleanup 1156M->1156M(2048M) 2.355ms
[2024-08-28T01:09:46.334+0000][info][gc,cpu      ] GC(11) User=0.01s Sys=0.01s Real=0.00s
[2024-08-28T01:09:46.334+0000][info][gc,marking  ] GC(11) Concurrent Cleanup for Next Mark
[2024-08-28T01:09:46.337+0000][info][gc,marking  ] GC(11) Concurrent Cleanup for Next Mark 2.659ms
[2024-08-28T01:09:46.337+0000][info][gc          ] GC(11) Concurrent Mark Cycle 83.180ms
[2024-08-28T01:09:46.381+0000][info][gc,start    ] GC(12) Pause Young (Prepare Mixed) (G1 Evacuation Pause)
[2024-08-28T01:09:46.381+0000][info][gc,task     ] GC(12) Using 49 workers of 68 for evacuation
[2024-08-28T01:09:46.400+0000][info][gc,phases   ] GC(12)   Pre Evacuate Collection Set: 0.5ms
[2024-08-28T01:09:46.400+0000][info][gc,phases   ] GC(12)   Merge Heap Roots: 0.5ms
[2024-08-28T01:09:46.400+0000][info][gc,phases   ] GC(12)   Evacuate Collection Set: 17.7ms
[2024-08-28T01:09:46.400+0000][info][gc,phases   ] GC(12)   Post Evacuate Collection Set: 0.5ms
[2024-08-28T01:09:46.400+0000][info][gc,phases   ] GC(12)   Other: 0.3ms
[2024-08-28T01:09:46.400+0000][info][gc,heap     ] GC(12) Eden regions: 139->0(82)
[2024-08-28T01:09:46.400+0000][info][gc,heap     ] GC(12) Survivor regions: 17->20(20)
[2024-08-28T01:09:46.400+0000][info][gc,heap     ] GC(12) Old regions: 1053->1192
[2024-08-28T01:09:46.400+0000][info][gc,heap     ] GC(12) Archive regions: 2->2
[2024-08-28T01:09:46.400+0000][info][gc,heap     ] GC(12) Humongous regions: 5->5
[2024-08-28T01:09:46.400+0000][info][gc,metaspace] GC(12) Metaspace: 100K(320K)->100K(320K) NonClass: 96K(192K)->96K(192K) Class: 4K(128K)->4K(128K)
[2024-08-28T01:09:46.400+0000][info][gc          ] GC(12) Pause Young (Prepare Mixed) (G1 Evacuation Pause) 1214M->1217M(2048M) 19.605ms
[2024-08-28T01:09:46.400+0000][info][gc,cpu      ] GC(12) User=0.47s Sys=0.39s Real=0.02s
[2024-08-28T01:09:46.463+0000][info][gc,start    ] GC(13) Pause Young (Mixed) (G1 Evacuation Pause)
[2024-08-28T01:09:46.463+0000][info][gc,task     ] GC(13) Using 49 workers of 68 for evacuation
[2024-08-28T01:09:46.477+0000][info][gc,phases   ] GC(13)   Pre Evacuate Collection Set: 0.4ms
[2024-08-28T01:09:46.477+0000][info][gc,phases   ] GC(13)   Merge Heap Roots: 0.4ms
[2024-08-28T01:09:46.477+0000][info][gc,phases   ] GC(13)   Evacuate Collection Set: 12.8ms
[2024-08-28T01:09:46.477+0000][info][gc,phases   ] GC(13)   Post Evacuate Collection Set: 0.6ms
[2024-08-28T01:09:46.477+0000][info][gc,phases   ] GC(13)   Other: 0.3ms
[2024-08-28T01:09:46.477+0000][info][gc,heap     ] GC(13) Eden regions: 82->0(89)
[2024-08-28T01:09:46.477+0000][info][gc,heap     ] GC(13) Survivor regions: 20->13(13)
[2024-08-28T01:09:46.477+0000][info][gc,heap     ] GC(13) Old regions: 1192->1167
[2024-08-28T01:09:46.477+0000][info][gc,heap     ] GC(13) Archive regions: 2->2
[2024-08-28T01:09:46.477+0000][info][gc,heap     ] GC(13) Humongous regions: 5->5
[2024-08-28T01:09:46.477+0000][info][gc,metaspace] GC(13) Metaspace: 100K(320K)->100K(320K) NonClass: 96K(192K)->96K(192K) Class: 4K(128K)->4K(128K)
[2024-08-28T01:09:46.477+0000][info][gc          ] GC(13) Pause Young (Mixed) (G1 Evacuation Pause) 1299M->1185M(2048M) 14.474ms
[2024-08-28T01:09:46.477+0000][info][gc,cpu      ] GC(13) User=0.33s Sys=0.28s Real=0.01s
[2024-08-28T01:09:46.545+0000][info][gc,start    ] GC(14) Pause Young (Mixed) (G1 Evacuation Pause)
[2024-08-28T01:09:46.545+0000][info][gc,task     ] GC(14) Using 49 workers of 68 for evacuation
[2024-08-28T01:09:46.560+0000][info][gc,phases   ] GC(14)   Pre Evacuate Collection Set: 0.4ms
[2024-08-28T01:09:46.560+0000][info][gc,phases   ] GC(14)   Merge Heap Roots: 0.5ms
[2024-08-28T01:09:46.560+0000][info][gc,phases   ] GC(14)   Evacuate Collection Set: 13.5ms
[2024-08-28T01:09:46.560+0000][info][gc,phases   ] GC(14)   Post Evacuate Collection Set: 0.5ms
[2024-08-28T01:09:46.560+0000][info][gc,phases   ] GC(14)   Other: 0.2ms
[2024-08-28T01:09:46.560+0000][info][gc,heap     ] GC(14) Eden regions: 89->0(89)
[2024-08-28T01:09:46.560+0000][info][gc,heap     ] GC(14) Survivor regions: 13->13(13)
[2024-08-28T01:09:46.560+0000][info][gc,heap     ] GC(14) Old regions: 1167->1138
[2024-08-28T01:09:46.560+0000][info][gc,heap     ] GC(14) Archive regions: 2->2
[2024-08-28T01:09:46.560+0000][info][gc,heap     ] GC(14) Humongous regions: 5->5
[2024-08-28T01:09:46.560+0000][info][gc,metaspace] GC(14) Metaspace: 100K(320K)->100K(320K) NonClass: 96K(192K)->96K(192K) Class: 4K(128K)->4K(128K)
[2024-08-28T01:09:46.560+0000][info][gc          ] GC(14) Pause Young (Mixed) (G1 Evacuation Pause) 1274M->1156M(2048M) 15.221ms
[2024-08-28T01:09:46.560+0000][info][gc,cpu      ] GC(14) User=0.67s Sys=0.00s Real=0.02s
[2024-08-28T01:09:46.648+0000][info][gc,start    ] GC(15) Pause Young (Mixed) (G1 Evacuation Pause)
[2024-08-28T01:09:46.648+0000][info][gc,task     ] GC(15) Using 49 workers of 68 for evacuation
[2024-08-28T01:09:46.665+0000][info][gc,phases   ] GC(15)   Pre Evacuate Collection Set: 0.4ms
[2024-08-28T01:09:46.665+0000][info][gc,phases   ] GC(15)   Merge Heap Roots: 0.4ms
[2024-08-28T01:09:46.665+0000][info][gc,phases   ] GC(15)   Evacuate Collection Set: 15.6ms
[2024-08-28T01:09:46.665+0000][info][gc,phases   ] GC(15)   Post Evacuate Collection Set: 0.6ms
[2024-08-28T01:09:46.665+0000][info][gc,phases   ] GC(15)   Other: 0.2ms
[2024-08-28T01:09:46.665+0000][info][gc,heap     ] GC(15) Eden regions: 89->0(89)
[2024-08-28T01:09:46.665+0000][info][gc,heap     ] GC(15) Survivor regions: 13->13(13)
[2024-08-28T01:09:46.665+0000][info][gc,heap     ] GC(15) Old regions: 1138->1110
[2024-08-28T01:09:46.665+0000][info][gc,heap     ] GC(15) Archive regions: 2->2
[2024-08-28T01:09:46.665+0000][info][gc,heap     ] GC(15) Humongous regions: 5->5
[2024-08-28T01:09:46.665+0000][info][gc,metaspace] GC(15) Metaspace: 100K(320K)->100K(320K) NonClass: 96K(192K)->96K(192K) Class: 4K(128K)->4K(128K)
[2024-08-28T01:09:46.665+0000][info][gc          ] GC(15) Pause Young (Mixed) (G1 Evacuation Pause) 1245M->1128M(2048M) 17.286ms
[2024-08-28T01:09:46.665+0000][info][gc,cpu      ] GC(15) User=0.56s Sys=0.21s Real=0.02s
[2024-08-28T01:09:46.735+0000][info][gc,start    ] GC(16) Pause Young (Mixed) (G1 Evacuation Pause)
[2024-08-28T01:09:46.735+0000][info][gc,task     ] GC(16) Using 49 workers of 68 for evacuation
[2024-08-28T01:09:46.752+0000][info][gc,phases   ] GC(16)   Pre Evacuate Collection Set: 0.4ms
[2024-08-28T01:09:46.752+0000][info][gc,phases   ] GC(16)   Merge Heap Roots: 0.7ms
[2024-08-28T01:09:46.752+0000][info][gc,phases   ] GC(16)   Evacuate Collection Set: 15.1ms
[2024-08-28T01:09:46.752+0000][info][gc,phases   ] GC(16)   Post Evacuate Collection Set: 0.6ms
[2024-08-28T01:09:46.752+0000][info][gc,phases   ] GC(16)   Other: 0.3ms
[2024-08-28T01:09:46.752+0000][info][gc,heap     ] GC(16) Eden regions: 89->0(89)
[2024-08-28T01:09:46.752+0000][info][gc,heap     ] GC(16) Survivor regions: 13->13(13)
[2024-08-28T01:09:46.752+0000][info][gc,heap     ] GC(16) Old regions: 1110->1081
[2024-08-28T01:09:46.752+0000][info][gc,heap     ] GC(16) Archive regions: 2->2
[2024-08-28T01:09:46.752+0000][info][gc,heap     ] GC(16) Humongous regions: 5->5
[2024-08-28T01:09:46.752+0000][info][gc,metaspace] GC(16) Metaspace: 100K(320K)->100K(320K) NonClass: 96K(192K)->96K(192K) Class: 4K(128K)->4K(128K)
[2024-08-28T01:09:46.752+0000][info][gc          ] GC(16) Pause Young (Mixed) (G1 Evacuation Pause) 1217M->1099M(2048M) 17.111ms
[2024-08-28T01:09:46.752+0000][info][gc,cpu      ] GC(16) User=0.68s Sys=0.10s Real=0.02s
[2024-08-28T01:09:46.830+0000][info][gc,start    ] GC(17) Pause Young (Mixed) (G1 Evacuation Pause)
[2024-08-28T01:09:46.830+0000][info][gc,task     ] GC(17) Using 49 workers of 68 for evacuation
[2024-08-28T01:09:46.846+0000][info][gc,phases   ] GC(17)   Pre Evacuate Collection Set: 0.4ms
[2024-08-28T01:09:46.846+0000][info][gc,phases   ] GC(17)   Merge Heap Roots: 0.5ms
[2024-08-28T01:09:46.846+0000][info][gc,phases   ] GC(17)   Evacuate Collection Set: 13.5ms
[2024-08-28T01:09:46.846+0000][info][gc,phases   ] GC(17)   Post Evacuate Collection Set: 0.7ms
[2024-08-28T01:09:46.846+0000][info][gc,phases   ] GC(17)   Other: 0.3ms
[2024-08-28T01:09:46.846+0000][info][gc,heap     ] GC(17) Eden regions: 89->0(212)
[2024-08-28T01:09:46.846+0000][info][gc,heap     ] GC(17) Survivor regions: 13->13(13)
[2024-08-28T01:09:46.846+0000][info][gc,heap     ] GC(17) Old regions: 1081->1148
[2024-08-28T01:09:46.846+0000][info][gc,heap     ] GC(17) Archive regions: 2->2
[2024-08-28T01:09:46.846+0000][info][gc,heap     ] GC(17) Humongous regions: 5->5
[2024-08-28T01:09:46.846+0000][info][gc,metaspace] GC(17) Metaspace: 100K(320K)->100K(320K) NonClass: 96K(192K)->96K(192K) Class: 4K(128K)->4K(128K)
[2024-08-28T01:09:46.846+0000][info][gc          ] GC(17) Pause Young (Mixed) (G1 Evacuation Pause) 1188M->1166M(2048M) 15.524ms
[2024-08-28T01:09:46.846+0000][info][gc,cpu      ] GC(17) User=0.59s Sys=0.07s Real=0.01s
[2024-08-28T01:09:47.016+0000][info][gc,start    ] GC(18) Pause Young (Concurrent Start) (G1 Evacuation Pause)
[2024-08-28T01:09:47.016+0000][info][gc,task     ] GC(18) Using 49 workers of 68 for evacuation
[2024-08-28T01:09:47.043+0000][info][gc,phases   ] GC(18)   Pre Evacuate Collection Set: 0.4ms
[2024-08-28T01:09:47.043+0000][info][gc,phases   ] GC(18)   Merge Heap Roots: 0.6ms
[2024-08-28T01:09:47.043+0000][info][gc,phases   ] GC(18)   Evacuate Collection Set: 24.9ms
[2024-08-28T01:09:47.043+0000][info][gc,phases   ] GC(18)   Post Evacuate Collection Set: 0.7ms
[2024-08-28T01:09:47.043+0000][info][gc,phases   ] GC(18)   Other: 0.8ms
[2024-08-28T01:09:47.043+0000][info][gc,heap     ] GC(18) Eden regions: 212->0(147)
[2024-08-28T01:09:47.043+0000][info][gc,heap     ] GC(18) Survivor regions: 13->29(29)
[2024-08-28T01:09:47.043+0000][info][gc,heap     ] GC(18) Old regions: 1148->1341
[2024-08-28T01:09:47.043+0000][info][gc,heap     ] GC(18) Archive regions: 2->2
[2024-08-28T01:09:47.043+0000][info][gc,heap     ] GC(18) Humongous regions: 5->5
[2024-08-28T01:09:47.043+0000][info][gc,metaspace] GC(18) Metaspace: 100K(320K)->100K(320K) NonClass: 96K(192K)->96K(192K) Class: 4K(128K)->4K(128K)
[2024-08-28T01:09:47.043+0000][info][gc          ] GC(18) Pause Young (Concurrent Start) (G1 Evacuation Pause) 1378M->1375M(2048M) 27.494ms
[2024-08-28T01:09:47.043+0000][info][gc,cpu      ] GC(18) User=1.11s Sys=0.14s Real=0.03s
[2024-08-28T01:09:47.043+0000][info][gc          ] GC(19) Concurrent Mark Cycle
[2024-08-28T01:09:47.043+0000][info][gc,marking  ] GC(19) Concurrent Clear Claimed Marks
[2024-08-28T01:09:47.043+0000][info][gc,marking  ] GC(19) Concurrent Clear Claimed Marks 0.011ms
[2024-08-28T01:09:47.043+0000][info][gc,marking  ] GC(19) Concurrent Scan Root Regions
[2024-08-28T01:09:47.049+0000][info][gc,marking  ] GC(19) Concurrent Scan Root Regions 5.574ms
[2024-08-28T01:09:47.049+0000][info][gc,marking  ] GC(19) Concurrent Mark
[2024-08-28T01:09:47.049+0000][info][gc,marking  ] GC(19) Concurrent Mark From Roots
[2024-08-28T01:09:47.049+0000][info][gc,task     ] GC(19) Using 17 workers of 17 for marking
[2024-08-28T01:09:47.065+0000][info][gc,marking  ] GC(19) Concurrent Mark From Roots 16.582ms
[2024-08-28T01:09:47.065+0000][info][gc,marking  ] GC(19) Concurrent Preclean
[2024-08-28T01:09:47.067+0000][info][gc,marking  ] GC(19) Concurrent Preclean 1.624ms
[2024-08-28T01:09:47.067+0000][info][gc,start    ] GC(19) Pause Remark
[2024-08-28T01:09:47.069+0000][info][gc          ] GC(19) Pause Remark 1397M->1324M(2048M) 1.597ms
[2024-08-28T01:09:47.069+0000][info][gc,cpu      ] GC(19) User=0.02s Sys=0.01s Real=0.00s
[2024-08-28T01:09:47.069+0000][info][gc,marking  ] GC(19) Concurrent Mark 20.264ms
[2024-08-28T01:09:47.069+0000][info][gc,marking  ] GC(19) Concurrent Rebuild Remembered Sets
[2024-08-28T01:09:47.116+0000][info][gc,marking  ] GC(19) Concurrent Rebuild Remembered Sets 47.303ms
[2024-08-28T01:09:47.117+0000][info][gc,start    ] GC(19) Pause Cleanup
[2024-08-28T01:09:47.119+0000][info][gc          ] GC(19) Pause Cleanup 1390M->1390M(2048M) 2.639ms
[2024-08-28T01:09:47.119+0000][info][gc,cpu      ] GC(19) User=0.01s Sys=0.00s Real=0.01s
[2024-08-28T01:09:47.119+0000][info][gc,marking  ] GC(19) Concurrent Cleanup for Next Mark
[2024-08-28T01:09:47.122+0000][info][gc,marking  ] GC(19) Concurrent Cleanup for Next Mark 2.432ms
[2024-08-28T01:09:47.122+0000][info][gc          ] GC(19) Concurrent Mark Cycle 78.880ms
[2024-08-28T01:09:47.162+0000][info][gc,start    ] GC(20) Pause Young (Prepare Mixed) (G1 Evacuation Pause)
[2024-08-28T01:09:47.162+0000][info][gc,task     ] GC(20) Using 49 workers of 68 for evacuation
[2024-08-28T01:09:47.185+0000][info][gc,phases   ] GC(20)   Pre Evacuate Collection Set: 0.3ms
[2024-08-28T01:09:47.185+0000][info][gc,phases   ] GC(20)   Merge Heap Roots: 0.9ms
[2024-08-28T01:09:47.185+0000][info][gc,phases   ] GC(20)   Evacuate Collection Set: 21.1ms
[2024-08-28T01:09:47.185+0000][info][gc,phases   ] GC(20)   Post Evacuate Collection Set: 0.6ms
[2024-08-28T01:09:47.185+0000][info][gc,phases   ] GC(20)   Other: 0.2ms
[2024-08-28T01:09:47.185+0000][info][gc,heap     ] GC(20) Eden regions: 147->0(80)
[2024-08-28T01:09:47.185+0000][info][gc,heap     ] GC(20) Survivor regions: 29->22(22)
[2024-08-28T01:09:47.185+0000][info][gc,heap     ] GC(20) Old regions: 1268->1425
[2024-08-28T01:09:47.185+0000][info][gc,heap     ] GC(20) Archive regions: 2->2
[2024-08-28T01:09:47.185+0000][info][gc,heap     ] GC(20) Humongous regions: 5->5
[2024-08-28T01:09:47.185+0000][info][gc,metaspace] GC(20) Metaspace: 100K(320K)->100K(320K) NonClass: 96K(192K)->96K(192K) Class: 4K(128K)->4K(128K)
[2024-08-28T01:09:47.185+0000][info][gc          ] GC(20) Pause Young (Prepare Mixed) (G1 Evacuation Pause) 1449M->1452M(2048M) 23.179ms
[2024-08-28T01:09:47.185+0000][info][gc,cpu      ] GC(20) User=0.76s Sys=0.32s Real=0.02s
[2024-08-28T01:09:47.241+0000][info][gc,start    ] GC(21) Pause Young (Mixed) (G1 Evacuation Pause)
[2024-08-28T01:09:47.241+0000][info][gc,task     ] GC(21) Using 49 workers of 68 for evacuation
[2024-08-28T01:09:47.258+0000][info][gc,phases   ] GC(21)   Pre Evacuate Collection Set: 0.4ms
[2024-08-28T01:09:47.258+0000][info][gc,phases   ] GC(21)   Merge Heap Roots: 0.6ms
[2024-08-28T01:09:47.258+0000][info][gc,phases   ] GC(21)   Evacuate Collection Set: 15.4ms
[2024-08-28T01:09:47.258+0000][info][gc,phases   ] GC(21)   Post Evacuate Collection Set: 0.6ms
[2024-08-28T01:09:47.258+0000][info][gc,phases   ] GC(21)   Other: 0.3ms
[2024-08-28T01:09:47.258+0000][info][gc,heap     ] GC(21) Eden regions: 80->0(89)
[2024-08-28T01:09:47.258+0000][info][gc,heap     ] GC(21) Survivor regions: 22->13(13)
[2024-08-28T01:09:47.258+0000][info][gc,heap     ] GC(21) Old regions: 1425->1398
[2024-08-28T01:09:47.258+0000][info][gc,heap     ] GC(21) Archive regions: 2->2
[2024-08-28T01:09:47.258+0000][info][gc,heap     ] GC(21) Humongous regions: 5->5
[2024-08-28T01:09:47.258+0000][info][gc,metaspace] GC(21) Metaspace: 100K(320K)->100K(320K) NonClass: 96K(192K)->96K(192K) Class: 4K(128K)->4K(128K)
[2024-08-28T01:09:47.258+0000][info][gc          ] GC(21) Pause Young (Mixed) (G1 Evacuation Pause) 1532M->1416M(2048M) 17.313ms
[2024-08-28T01:09:47.258+0000][info][gc,cpu      ] GC(21) User=0.44s Sys=0.33s Real=0.02s
[2024-08-28T01:09:47.321+0000][info][gc,start    ] GC(22) Pause Young (Mixed) (G1 Evacuation Pause)
[2024-08-28T01:09:47.321+0000][info][gc,task     ] GC(22) Using 49 workers of 68 for evacuation
[2024-08-28T01:09:47.339+0000][info][gc,phases   ] GC(22)   Pre Evacuate Collection Set: 0.4ms
[2024-08-28T01:09:47.339+0000][info][gc,phases   ] GC(22)   Merge Heap Roots: 0.8ms
[2024-08-28T01:09:47.339+0000][info][gc,phases   ] GC(22)   Evacuate Collection Set: 15.3ms
[2024-08-28T01:09:47.339+0000][info][gc,phases   ] GC(22)   Post Evacuate Collection Set: 0.6ms
[2024-08-28T01:09:47.339+0000][info][gc,phases   ] GC(22)   Other: 0.3ms
[2024-08-28T01:09:47.339+0000][info][gc,heap     ] GC(22) Eden regions: 89->0(89)
[2024-08-28T01:09:47.339+0000][info][gc,heap     ] GC(22) Survivor regions: 13->13(13)
[2024-08-28T01:09:47.339+0000][info][gc,heap     ] GC(22) Old regions: 1398->1370
[2024-08-28T01:09:47.339+0000][info][gc,heap     ] GC(22) Archive regions: 2->2
[2024-08-28T01:09:47.339+0000][info][gc,heap     ] GC(22) Humongous regions: 5->5
[2024-08-28T01:09:47.339+0000][info][gc,metaspace] GC(22) Metaspace: 100K(320K)->100K(320K) NonClass: 96K(192K)->96K(192K) Class: 4K(128K)->4K(128K)
[2024-08-28T01:09:47.339+0000][info][gc          ] GC(22) Pause Young (Mixed) (G1 Evacuation Pause) 1505M->1388M(2048M) 17.527ms
[2024-08-28T01:09:47.339+0000][info][gc,cpu      ] GC(22) User=0.79s Sys=0.01s Real=0.02s
[2024-08-28T01:09:47.400+0000][info][gc,start    ] GC(23) Pause Young (Mixed) (G1 Evacuation Pause)
[2024-08-28T01:09:47.400+0000][info][gc,task     ] GC(23) Using 49 workers of 68 for evacuation
[2024-08-28T01:09:47.417+0000][info][gc,phases   ] GC(23)   Pre Evacuate Collection Set: 0.3ms
[2024-08-28T01:09:47.417+0000][info][gc,phases   ] GC(23)   Merge Heap Roots: 0.5ms
[2024-08-28T01:09:47.417+0000][info][gc,phases   ] GC(23)   Evacuate Collection Set: 15.6ms
[2024-08-28T01:09:47.417+0000][info][gc,phases   ] GC(23)   Post Evacuate Collection Set: 0.6ms
[2024-08-28T01:09:47.417+0000][info][gc,phases   ] GC(23)   Other: 0.2ms
[2024-08-28T01:09:47.417+0000][info][gc,heap     ] GC(23) Eden regions: 89->0(89)
[2024-08-28T01:09:47.417+0000][info][gc,heap     ] GC(23) Survivor regions: 13->13(13)
[2024-08-28T01:09:47.417+0000][info][gc,heap     ] GC(23) Old regions: 1370->1341
[2024-08-28T01:09:47.417+0000][info][gc,heap     ] GC(23) Archive regions: 2->2
[2024-08-28T01:09:47.417+0000][info][gc,heap     ] GC(23) Humongous regions: 5->5
[2024-08-28T01:09:47.417+0000][info][gc,metaspace] GC(23) Metaspace: 100K(320K)->100K(320K) NonClass: 96K(192K)->96K(192K) Class: 4K(128K)->4K(128K)
[2024-08-28T01:09:47.418+0000][info][gc          ] GC(23) Pause Young (Mixed) (G1 Evacuation Pause) 1477M->1359M(2048M) 17.329ms
[2024-08-28T01:09:47.418+0000][info][gc,cpu      ] GC(23) User=0.77s Sys=0.00s Real=0.02s
[2024-08-28T01:09:47.480+0000][info][gc,start    ] GC(24) Pause Young (Mixed) (G1 Evacuation Pause)
[2024-08-28T01:09:47.480+0000][info][gc,task     ] GC(24) Using 49 workers of 68 for evacuation
[2024-08-28T01:09:47.498+0000][info][gc,phases   ] GC(24)   Pre Evacuate Collection Set: 0.4ms
[2024-08-28T01:09:47.498+0000][info][gc,phases   ] GC(24)   Merge Heap Roots: 0.8ms
[2024-08-28T01:09:47.498+0000][info][gc,phases   ] GC(24)   Evacuate Collection Set: 16.3ms
[2024-08-28T01:09:47.499+0000][info][gc,phases   ] GC(24)   Post Evacuate Collection Set: 0.6ms
[2024-08-28T01:09:47.499+0000][info][gc,phases   ] GC(24)   Other: 0.3ms
[2024-08-28T01:09:47.499+0000][info][gc,heap     ] GC(24) Eden regions: 89->0(89)
[2024-08-28T01:09:47.499+0000][info][gc,heap     ] GC(24) Survivor regions: 13->13(13)
[2024-08-28T01:09:47.499+0000][info][gc,heap     ] GC(24) Old regions: 1341->1312
[2024-08-28T01:09:47.499+0000][info][gc,heap     ] GC(24) Archive regions: 2->2
[2024-08-28T01:09:47.499+0000][info][gc,heap     ] GC(24) Humongous regions: 5->5
[2024-08-28T01:09:47.499+0000][info][gc,metaspace] GC(24) Metaspace: 100K(320K)->100K(320K) NonClass: 96K(192K)->96K(192K) Class: 4K(128K)->4K(128K)
[2024-08-28T01:09:47.499+0000][info][gc          ] GC(24) Pause Young (Mixed) (G1 Evacuation Pause) 1448M->1330M(2048M) 18.336ms
[2024-08-28T01:09:47.499+0000][info][gc,cpu      ] GC(24) User=0.79s Sys=0.03s Real=0.02s
[2024-08-28T01:09:47.560+0000][info][gc,start    ] GC(25) Pause Young (Mixed) (G1 Evacuation Pause)
[2024-08-28T01:09:47.560+0000][info][gc,task     ] GC(25) Using 49 workers of 68 for evacuation
[2024-08-28T01:09:47.579+0000][info][gc,phases   ] GC(25)   Pre Evacuate Collection Set: 0.4ms
[2024-08-28T01:09:47.579+0000][info][gc,phases   ] GC(25)   Merge Heap Roots: 0.6ms
[2024-08-28T01:09:47.579+0000][info][gc,phases   ] GC(25)   Evacuate Collection Set: 16.7ms
[2024-08-28T01:09:47.579+0000][info][gc,phases   ] GC(25)   Post Evacuate Collection Set: 0.6ms
[2024-08-28T01:09:47.579+0000][info][gc,phases   ] GC(25)   Other: 0.2ms
[2024-08-28T01:09:47.579+0000][info][gc,heap     ] GC(25) Eden regions: 89->0(89)
[2024-08-28T01:09:47.579+0000][info][gc,heap     ] GC(25) Survivor regions: 13->13(13)
[2024-08-28T01:09:47.579+0000][info][gc,heap     ] GC(25) Old regions: 1312->1283
[2024-08-28T01:09:47.579+0000][info][gc,heap     ] GC(25) Archive regions: 2->2
[2024-08-28T01:09:47.579+0000][info][gc,heap     ] GC(25) Humongous regions: 5->5
[2024-08-28T01:09:47.579+0000][info][gc,metaspace] GC(25) Metaspace: 100K(320K)->100K(320K) NonClass: 96K(192K)->96K(192K) Class: 4K(128K)->4K(128K)
[2024-08-28T01:09:47.579+0000][info][gc          ] GC(25) Pause Young (Mixed) (G1 Evacuation Pause) 1419M->1301M(2048M) 18.582ms
[2024-08-28T01:09:47.579+0000][info][gc,cpu      ] GC(25) User=0.84s Sys=0.00s Real=0.02s
[2024-08-28T01:09:47.640+0000][info][gc,start    ] GC(26) Pause Young (Mixed) (G1 Evacuation Pause)
[2024-08-28T01:09:47.640+0000][info][gc,task     ] GC(26) Using 49 workers of 68 for evacuation
[2024-08-28T01:09:47.658+0000][info][gc,phases   ] GC(26)   Pre Evacuate Collection Set: 0.3ms
[2024-08-28T01:09:47.658+0000][info][gc,phases   ] GC(26)   Merge Heap Roots: 0.9ms
[2024-08-28T01:09:47.658+0000][info][gc,phases   ] GC(26)   Evacuate Collection Set: 16.4ms
[2024-08-28T01:09:47.658+0000][info][gc,phases   ] GC(26)   Post Evacuate Collection Set: 0.6ms
[2024-08-28T01:09:47.658+0000][info][gc,phases   ] GC(26)   Other: 0.2ms
[2024-08-28T01:09:47.658+0000][info][gc,heap     ] GC(26) Eden regions: 89->0(89)
[2024-08-28T01:09:47.658+0000][info][gc,heap     ] GC(26) Survivor regions: 13->13(13)
[2024-08-28T01:09:47.658+0000][info][gc,heap     ] GC(26) Old regions: 1283->1253
[2024-08-28T01:09:47.658+0000][info][gc,heap     ] GC(26) Archive regions: 2->2
[2024-08-28T01:09:47.658+0000][info][gc,heap     ] GC(26) Humongous regions: 5->5
[2024-08-28T01:09:47.658+0000][info][gc,metaspace] GC(26) Metaspace: 100K(320K)->100K(320K) NonClass: 96K(192K)->96K(192K) Class: 4K(128K)->4K(128K)
[2024-08-28T01:09:47.658+0000][info][gc          ] GC(26) Pause Young (Mixed) (G1 Evacuation Pause) 1390M->1271M(2048M) 18.528ms
[2024-08-28T01:09:47.658+0000][info][gc,cpu      ] GC(26) User=0.82s Sys=0.02s Real=0.02s
[2024-08-28T01:09:47.719+0000][info][gc,start    ] GC(27) Pause Young (Mixed) (G1 Evacuation Pause)
[2024-08-28T01:09:47.719+0000][info][gc,task     ] GC(27) Using 49 workers of 68 for evacuation
[2024-08-28T01:09:47.737+0000][info][gc,phases   ] GC(27)   Pre Evacuate Collection Set: 0.3ms
[2024-08-28T01:09:47.737+0000][info][gc,phases   ] GC(27)   Merge Heap Roots: 0.5ms
[2024-08-28T01:09:47.737+0000][info][gc,phases   ] GC(27)   Evacuate Collection Set: 16.0ms
[2024-08-28T01:09:47.737+0000][info][gc,phases   ] GC(27)   Post Evacuate Collection Set: 0.5ms
[2024-08-28T01:09:47.737+0000][info][gc,phases   ] GC(27)   Other: 0.2ms
[2024-08-28T01:09:47.737+0000][info][gc,heap     ] GC(27) Eden regions: 89->0(154)
[2024-08-28T01:09:47.737+0000][info][gc,heap     ] GC(27) Survivor regions: 13->13(13)
[2024-08-28T01:09:47.737+0000][info][gc,heap     ] GC(27) Old regions: 1253->1335
[2024-08-28T01:09:47.737+0000][info][gc,heap     ] GC(27) Archive regions: 2->2
[2024-08-28T01:09:47.737+0000][info][gc,heap     ] GC(27) Humongous regions: 5->5
[2024-08-28T01:09:47.737+0000][info][gc,metaspace] GC(27) Metaspace: 100K(320K)->100K(320K) NonClass: 96K(192K)->96K(192K) Class: 4K(128K)->4K(128K)
[2024-08-28T01:09:47.737+0000][info][gc          ] GC(27) Pause Young (Mixed) (G1 Evacuation Pause) 1360M->1353M(2048M) 17.624ms
[2024-08-28T01:09:47.737+0000][info][gc,cpu      ] GC(27) User=0.79s Sys=0.00s Real=0.01s
[2024-08-28T01:09:47.845+0000][info][gc,start    ] GC(28) Pause Young (Concurrent Start) (G1 Evacuation Pause)
[2024-08-28T01:09:47.845+0000][info][gc,task     ] GC(28) Using 49 workers of 68 for evacuation
[2024-08-28T01:09:47.869+0000][info][gc,phases   ] GC(28)   Pre Evacuate Collection Set: 0.3ms
[2024-08-28T01:09:47.869+0000][info][gc,phases   ] GC(28)   Merge Heap Roots: 0.6ms
[2024-08-28T01:09:47.869+0000][info][gc,phases   ] GC(28)   Evacuate Collection Set: 21.9ms
[2024-08-28T01:09:47.869+0000][info][gc,phases   ] GC(28)   Post Evacuate Collection Set: 0.6ms
[2024-08-28T01:09:47.869+0000][info][gc,phases   ] GC(28)   Other: 0.7ms
[2024-08-28T01:09:47.869+0000][info][gc,heap     ] GC(28) Eden regions: 154->0(106)
[2024-08-28T01:09:47.869+0000][info][gc,heap     ] GC(28) Survivor regions: 13->21(21)
[2024-08-28T01:09:47.869+0000][info][gc,heap     ] GC(28) Old regions: 1335->1482
[2024-08-28T01:09:47.869+0000][info][gc,heap     ] GC(28) Archive regions: 2->2
[2024-08-28T01:09:47.869+0000][info][gc,heap     ] GC(28) Humongous regions: 5->5
[2024-08-28T01:09:47.869+0000][info][gc,metaspace] GC(28) Metaspace: 100K(320K)->100K(320K) NonClass: 96K(192K)->96K(192K) Class: 4K(128K)->4K(128K)
[2024-08-28T01:09:47.869+0000][info][gc          ] GC(28) Pause Young (Concurrent Start) (G1 Evacuation Pause) 1507M->1508M(2048M) 24.205ms
[2024-08-28T01:09:47.870+0000][info][gc,cpu      ] GC(28) User=1.01s Sys=0.07s Real=0.03s
[2024-08-28T01:09:47.870+0000][info][gc          ] GC(29) Concurrent Mark Cycle
[2024-08-28T01:09:47.870+0000][info][gc,marking  ] GC(29) Concurrent Clear Claimed Marks
[2024-08-28T01:09:47.870+0000][info][gc,marking  ] GC(29) Concurrent Clear Claimed Marks 0.012ms
[2024-08-28T01:09:47.870+0000][info][gc,marking  ] GC(29) Concurrent Scan Root Regions
[2024-08-28T01:09:47.874+0000][info][gc,marking  ] GC(29) Concurrent Scan Root Regions 4.259ms
[2024-08-28T01:09:47.874+0000][info][gc,marking  ] GC(29) Concurrent Mark
[2024-08-28T01:09:47.874+0000][info][gc,marking  ] GC(29) Concurrent Mark From Roots
[2024-08-28T01:09:47.874+0000][info][gc,task     ] GC(29) Using 17 workers of 17 for marking
[2024-08-28T01:09:47.893+0000][info][gc,marking  ] GC(29) Concurrent Mark From Roots 19.221ms
[2024-08-28T01:09:47.893+0000][info][gc,marking  ] GC(29) Concurrent Preclean
[2024-08-28T01:09:47.895+0000][info][gc,marking  ] GC(29) Concurrent Preclean 2.166ms
[2024-08-28T01:09:47.896+0000][info][gc,start    ] GC(29) Pause Remark
[2024-08-28T01:09:47.898+0000][info][gc          ] GC(29) Pause Remark 1533M->1359M(2048M) 2.397ms
[2024-08-28T01:09:47.898+0000][info][gc,cpu      ] GC(29) User=0.02s Sys=0.00s Real=0.01s
[2024-08-28T01:09:47.898+0000][info][gc,marking  ] GC(29) Concurrent Mark 24.336ms
[2024-08-28T01:09:47.898+0000][info][gc,marking  ] GC(29) Concurrent Rebuild Remembered Sets
[2024-08-28T01:09:47.949+0000][info][gc,marking  ] GC(29) Concurrent Rebuild Remembered Sets 50.949ms
[2024-08-28T01:09:47.950+0000][info][gc,start    ] GC(29) Pause Cleanup
[2024-08-28T01:09:47.953+0000][info][gc          ] GC(29) Pause Cleanup 1433M->1433M(2048M) 2.897ms
[2024-08-28T01:09:47.953+0000][info][gc,cpu      ] GC(29) User=0.01s Sys=0.01s Real=0.00s
[2024-08-28T01:09:47.953+0000][info][gc,marking  ] GC(29) Concurrent Cleanup for Next Mark
[2024-08-28T01:09:47.954+0000][info][gc,marking  ] GC(29) Concurrent Cleanup for Next Mark 1.521ms
[2024-08-28T01:09:47.954+0000][info][gc          ] GC(29) Concurrent Mark Cycle 84.668ms
[2024-08-28T01:09:47.958+0000][info][gc,start    ] GC(30) Pause Young (Prepare Mixed) (G1 Evacuation Pause)
[2024-08-28T01:09:47.958+0000][info][gc,task     ] GC(30) Using 49 workers of 68 for evacuation
[2024-08-28T01:09:47.979+0000][info][gc,phases   ] GC(30)   Pre Evacuate Collection Set: 0.3ms
[2024-08-28T01:09:47.979+0000][info][gc,phases   ] GC(30)   Merge Heap Roots: 1.0ms
[2024-08-28T01:09:47.979+0000][info][gc,phases   ] GC(30)   Evacuate Collection Set: 18.9ms
[2024-08-28T01:09:47.979+0000][info][gc,phases   ] GC(30)   Post Evacuate Collection Set: 0.5ms
[2024-08-28T01:09:47.979+0000][info][gc,phases   ] GC(30)   Other: 0.2ms
[2024-08-28T01:09:47.979+0000][info][gc,heap     ] GC(30) Eden regions: 106->0(86)
[2024-08-28T01:09:47.979+0000][info][gc,heap     ] GC(30) Survivor regions: 21->16(16)
[2024-08-28T01:09:47.979+0000][info][gc,heap     ] GC(30) Old regions: 1308->1426
[2024-08-28T01:09:47.979+0000][info][gc,heap     ] GC(30) Archive regions: 2->2
[2024-08-28T01:09:47.979+0000][info][gc,heap     ] GC(30) Humongous regions: 5->5
[2024-08-28T01:09:47.979+0000][info][gc,metaspace] GC(30) Metaspace: 100K(320K)->100K(320K) NonClass: 96K(192K)->96K(192K) Class: 4K(128K)->4K(128K)
[2024-08-28T01:09:47.979+0000][info][gc          ] GC(30) Pause Young (Prepare Mixed) (G1 Evacuation Pause) 1440M->1447M(2048M) 20.980ms
[2024-08-28T01:09:47.979+0000][info][gc,cpu      ] GC(30) User=0.95s Sys=0.01s Real=0.02s
[2024-08-28T01:09:48.037+0000][info][gc,start    ] GC(31) Pause Young (Mixed) (G1 Evacuation Pause)
[2024-08-28T01:09:48.037+0000][info][gc,task     ] GC(31) Using 49 workers of 68 for evacuation
[2024-08-28T01:09:48.058+0000][info][gc,phases   ] GC(31)   Pre Evacuate Collection Set: 0.4ms
[2024-08-28T01:09:48.058+0000][info][gc,phases   ] GC(31)   Merge Heap Roots: 0.9ms
[2024-08-28T01:09:48.058+0000][info][gc,phases   ] GC(31)   Evacuate Collection Set: 18.8ms
[2024-08-28T01:09:48.058+0000][info][gc,phases   ] GC(31)   Post Evacuate Collection Set: 0.5ms
[2024-08-28T01:09:48.058+0000][info][gc,phases   ] GC(31)   Other: 0.2ms
[2024-08-28T01:09:48.058+0000][info][gc,heap     ] GC(31) Eden regions: 86->0(89)
[2024-08-28T01:09:48.058+0000][info][gc,heap     ] GC(31) Survivor regions: 16->13(13)
[2024-08-28T01:09:48.058+0000][info][gc,heap     ] GC(31) Old regions: 1426->1397
[2024-08-28T01:09:48.058+0000][info][gc,heap     ] GC(31) Archive regions: 2->2
[2024-08-28T01:09:48.058+0000][info][gc,heap     ] GC(31) Humongous regions: 5->5
[2024-08-28T01:09:48.058+0000][info][gc,metaspace] GC(31) Metaspace: 100K(320K)->100K(320K) NonClass: 96K(192K)->96K(192K) Class: 4K(128K)->4K(128K)
[2024-08-28T01:09:48.058+0000][info][gc          ] GC(31) Pause Young (Mixed) (G1 Evacuation Pause) 1533M->1415M(2048M) 20.930ms
[2024-08-28T01:09:48.058+0000][info][gc,cpu      ] GC(31) User=0.77s Sys=0.19s Real=0.03s
[2024-08-28T01:09:48.117+0000][info][gc,start    ] GC(32) Pause Young (Mixed) (G1 Evacuation Pause)
[2024-08-28T01:09:48.117+0000][info][gc,task     ] GC(32) Using 49 workers of 68 for evacuation
[2024-08-28T01:09:48.138+0000][info][gc,phases   ] GC(32)   Pre Evacuate Collection Set: 0.4ms
[2024-08-28T01:09:48.138+0000][info][gc,phases   ] GC(32)   Merge Heap Roots: 0.8ms
[2024-08-28T01:09:48.138+0000][info][gc,phases   ] GC(32)   Evacuate Collection Set: 18.7ms
[2024-08-28T01:09:48.138+0000][info][gc,phases   ] GC(32)   Post Evacuate Collection Set: 0.6ms
[2024-08-28T01:09:48.138+0000][info][gc,phases   ] GC(32)   Other: 0.2ms
[2024-08-28T01:09:48.138+0000][info][gc,heap     ] GC(32) Eden regions: 89->0(89)
[2024-08-28T01:09:48.138+0000][info][gc,heap     ] GC(32) Survivor regions: 13->13(13)
[2024-08-28T01:09:48.138+0000][info][gc,heap     ] GC(32) Old regions: 1397->1368
[2024-08-28T01:09:48.138+0000][info][gc,heap     ] GC(32) Archive regions: 2->2
[2024-08-28T01:09:48.138+0000][info][gc,heap     ] GC(32) Humongous regions: 5->5
[2024-08-28T01:09:48.138+0000][info][gc,metaspace] GC(32) Metaspace: 100K(320K)->100K(320K) NonClass: 96K(192K)->96K(192K) Class: 4K(128K)->4K(128K)
[2024-08-28T01:09:48.138+0000][info][gc          ] GC(32) Pause Young (Mixed) (G1 Evacuation Pause) 1504M->1386M(2048M) 20.862ms
[2024-08-28T01:09:48.138+0000][info][gc,cpu      ] GC(32) User=0.84s Sys=0.11s Real=0.03s
[2024-08-28T01:09:48.197+0000][info][gc,start    ] GC(33) Pause Young (Mixed) (G1 Evacuation Pause)
[2024-08-28T01:09:48.197+0000][info][gc,task     ] GC(33) Using 49 workers of 68 for evacuation
[2024-08-28T01:09:48.219+0000][info][gc,phases   ] GC(33)   Pre Evacuate Collection Set: 0.4ms
[2024-08-28T01:09:48.219+0000][info][gc,phases   ] GC(33)   Merge Heap Roots: 0.8ms
[2024-08-28T01:09:48.219+0000][info][gc,phases   ] GC(33)   Evacuate Collection Set: 20.0ms
[2024-08-28T01:09:48.219+0000][info][gc,phases   ] GC(33)   Post Evacuate Collection Set: 0.6ms
[2024-08-28T01:09:48.219+0000][info][gc,phases   ] GC(33)   Other: 0.2ms
[2024-08-28T01:09:48.219+0000][info][gc,heap     ] GC(33) Eden regions: 89->0(89)
[2024-08-28T01:09:48.219+0000][info][gc,heap     ] GC(33) Survivor regions: 13->13(13)
[2024-08-28T01:09:48.219+0000][info][gc,heap     ] GC(33) Old regions: 1368->1338
[2024-08-28T01:09:48.219+0000][info][gc,heap     ] GC(33) Archive regions: 2->2
[2024-08-28T01:09:48.219+0000][info][gc,heap     ] GC(33) Humongous regions: 5->5
[2024-08-28T01:09:48.219+0000][info][gc,metaspace] GC(33) Metaspace: 100K(320K)->100K(320K) NonClass: 96K(192K)->96K(192K) Class: 4K(128K)->4K(128K)
[2024-08-28T01:09:48.219+0000][info][gc          ] GC(33) Pause Young (Mixed) (G1 Evacuation Pause) 1475M->1356M(2048M) 22.047ms
[2024-08-28T01:09:48.219+0000][info][gc,cpu      ] GC(33) User=0.82s Sys=0.20s Real=0.03s
[2024-08-28T01:09:48.278+0000][info][gc,start    ] GC(34) Pause Young (Mixed) (G1 Evacuation Pause)
[2024-08-28T01:09:48.278+0000][info][gc,task     ] GC(34) Using 49 workers of 68 for evacuation
[2024-08-28T01:09:48.302+0000][info][gc,phases   ] GC(34)   Pre Evacuate Collection Set: 0.4ms
[2024-08-28T01:09:48.302+0000][info][gc,phases   ] GC(34)   Merge Heap Roots: 1.0ms
[2024-08-28T01:09:48.302+0000][info][gc,phases   ] GC(34)   Evacuate Collection Set: 21.6ms
[2024-08-28T01:09:48.302+0000][info][gc,phases   ] GC(34)   Post Evacuate Collection Set: 0.7ms
[2024-08-28T01:09:48.302+0000][info][gc,phases   ] GC(34)   Other: 0.3ms
[2024-08-28T01:09:48.302+0000][info][gc,heap     ] GC(34) Eden regions: 89->0(89)
[2024-08-28T01:09:48.302+0000][info][gc,heap     ] GC(34) Survivor regions: 13->13(13)
[2024-08-28T01:09:48.302+0000][info][gc,heap     ] GC(34) Old regions: 1338->1309
[2024-08-28T01:09:48.302+0000][info][gc,heap     ] GC(34) Archive regions: 2->2
[2024-08-28T01:09:48.302+0000][info][gc,heap     ] GC(34) Humongous regions: 5->5
[2024-08-28T01:09:48.302+0000][info][gc,metaspace] GC(34) Metaspace: 100K(320K)->100K(320K) NonClass: 96K(192K)->96K(192K) Class: 4K(128K)->4K(128K)
[2024-08-28T01:09:48.302+0000][info][gc          ] GC(34) Pause Young (Mixed) (G1 Evacuation Pause) 1445M->1327M(2048M) 24.145ms
[2024-08-28T01:09:48.302+0000][info][gc,cpu      ] GC(34) User=0.77s Sys=0.33s Real=0.02s
[2024-08-28T01:09:48.360+0000][info][gc,start    ] GC(35) Pause Young (Mixed) (G1 Evacuation Pause)
[2024-08-28T01:09:48.360+0000][info][gc,task     ] GC(35) Using 49 workers of 68 for evacuation
[2024-08-28T01:09:48.381+0000][info][gc,phases   ] GC(35)   Pre Evacuate Collection Set: 0.5ms
[2024-08-28T01:09:48.381+0000][info][gc,phases   ] GC(35)   Merge Heap Roots: 1.0ms
[2024-08-28T01:09:48.381+0000][info][gc,phases   ] GC(35)   Evacuate Collection Set: 18.3ms
[2024-08-28T01:09:48.381+0000][info][gc,phases   ] GC(35)   Post Evacuate Collection Set: 0.6ms
[2024-08-28T01:09:48.381+0000][info][gc,phases   ] GC(35)   Other: 0.4ms
[2024-08-28T01:09:48.381+0000][info][gc,heap     ] GC(35) Eden regions: 89->0(89)
[2024-08-28T01:09:48.381+0000][info][gc,heap     ] GC(35) Survivor regions: 13->13(13)
[2024-08-28T01:09:48.381+0000][info][gc,heap     ] GC(35) Old regions: 1309->1280
[2024-08-28T01:09:48.381+0000][info][gc,heap     ] GC(35) Archive regions: 2->2
[2024-08-28T01:09:48.381+0000][info][gc,heap     ] GC(35) Humongous regions: 5->5
[2024-08-28T01:09:48.381+0000][info][gc,metaspace] GC(35) Metaspace: 100K(320K)->100K(320K) NonClass: 96K(192K)->96K(192K) Class: 4K(128K)->4K(128K)
[2024-08-28T01:09:48.381+0000][info][gc          ] GC(35) Pause Young (Mixed) (G1 Evacuation Pause) 1416M->1298M(2048M) 20.912ms
[2024-08-28T01:09:48.381+0000][info][gc,cpu      ] GC(35) User=0.93s Sys=0.00s Real=0.02s
[2024-08-28T01:09:48.453+0000][info][gc,start    ] GC(36) Pause Young (Mixed) (G1 Evacuation Pause)
[2024-08-28T01:09:48.454+0000][info][gc,task     ] GC(36) Using 49 workers of 68 for evacuation
[2024-08-28T01:09:48.474+0000][info][gc,phases   ] GC(36)   Pre Evacuate Collection Set: 0.6ms
[2024-08-28T01:09:48.474+0000][info][gc,phases   ] GC(36)   Merge Heap Roots: 0.9ms
[2024-08-28T01:09:48.474+0000][info][gc,phases   ] GC(36)   Evacuate Collection Set: 18.0ms
[2024-08-28T01:09:48.474+0000][info][gc,phases   ] GC(36)   Post Evacuate Collection Set: 0.6ms
[2024-08-28T01:09:48.474+0000][info][gc,phases   ] GC(36)   Other: 0.3ms
[2024-08-28T01:09:48.474+0000][info][gc,heap     ] GC(36) Eden regions: 89->0(89)
[2024-08-28T01:09:48.474+0000][info][gc,heap     ] GC(36) Survivor regions: 13->13(13)
[2024-08-28T01:09:48.474+0000][info][gc,heap     ] GC(36) Old regions: 1280->1251
[2024-08-28T01:09:48.474+0000][info][gc,heap     ] GC(36) Archive regions: 2->2
[2024-08-28T01:09:48.474+0000][info][gc,heap     ] GC(36) Humongous regions: 5->5
[2024-08-28T01:09:48.474+0000][info][gc,metaspace] GC(36) Metaspace: 100K(320K)->100K(320K) NonClass: 96K(192K)->96K(192K) Class: 4K(128K)->4K(128K)
[2024-08-28T01:09:48.474+0000][info][gc          ] GC(36) Pause Young (Mixed) (G1 Evacuation Pause) 1387M->1269M(2048M) 20.612ms
[2024-08-28T01:09:48.474+0000][info][gc,cpu      ] GC(36) User=0.62s Sys=0.04s Real=0.02s
[2024-08-28T01:09:48.549+0000][info][gc,start    ] GC(37) Pause Young (Mixed) (G1 Evacuation Pause)
[2024-08-28T01:09:48.549+0000][info][gc,task     ] GC(37) Using 49 workers of 68 for evacuation
[2024-08-28T01:09:48.567+0000][info][gc,phases   ] GC(37)   Pre Evacuate Collection Set: 0.7ms
[2024-08-28T01:09:48.567+0000][info][gc,phases   ] GC(37)   Merge Heap Roots: 1.0ms
[2024-08-28T01:09:48.567+0000][info][gc,phases   ] GC(37)   Evacuate Collection Set: 15.9ms
[2024-08-28T01:09:48.567+0000][info][gc,phases   ] GC(37)   Post Evacuate Collection Set: 0.5ms
[2024-08-28T01:09:48.567+0000][info][gc,phases   ] GC(37)   Other: 0.4ms
[2024-08-28T01:09:48.567+0000][info][gc,heap     ] GC(37) Eden regions: 89->0(166)
[2024-08-28T01:09:48.567+0000][info][gc,heap     ] GC(37) Survivor regions: 13->13(13)
[2024-08-28T01:09:48.567+0000][info][gc,heap     ] GC(37) Old regions: 1251->1302
[2024-08-28T01:09:48.567+0000][info][gc,heap     ] GC(37) Archive regions: 2->2
[2024-08-28T01:09:48.567+0000][info][gc,heap     ] GC(37) Humongous regions: 5->5
[2024-08-28T01:09:48.567+0000][info][gc,metaspace] GC(37) Metaspace: 100K(320K)->100K(320K) NonClass: 96K(192K)->96K(192K) Class: 4K(128K)->4K(128K)
[2024-08-28T01:09:48.567+0000][info][gc          ] GC(37) Pause Young (Mixed) (G1 Evacuation Pause) 1358M->1320M(2048M) 18.553ms
[2024-08-28T01:09:48.567+0000][info][gc,cpu      ] GC(37) User=0.83s Sys=0.00s Real=0.02s
[2024-08-28T01:09:48.685+0000][info][gc,start    ] GC(38) Pause Young (Normal) (G1 Evacuation Pause)
[2024-08-28T01:09:48.685+0000][info][gc,task     ] GC(38) Using 49 workers of 68 for evacuation
[2024-08-28T01:09:48.708+0000][info][gc,phases   ] GC(38)   Pre Evacuate Collection Set: 0.4ms
[2024-08-28T01:09:48.708+0000][info][gc,phases   ] GC(38)   Merge Heap Roots: 1.0ms
[2024-08-28T01:09:48.708+0000][info][gc,phases   ] GC(38)   Evacuate Collection Set: 21.3ms
[2024-08-28T01:09:48.708+0000][info][gc,phases   ] GC(38)   Post Evacuate Collection Set: 0.6ms
[2024-08-28T01:09:48.709+0000][info][gc,phases   ] GC(38)   Other: 0.3ms
[2024-08-28T01:09:48.709+0000][info][gc,heap     ] GC(38) Eden regions: 166->0(113)
[2024-08-28T01:09:48.709+0000][info][gc,heap     ] GC(38) Survivor regions: 13->23(23)
[2024-08-28T01:09:48.709+0000][info][gc,heap     ] GC(38) Old regions: 1302->1459
[2024-08-28T01:09:48.709+0000][info][gc,heap     ] GC(38) Archive regions: 2->2
[2024-08-28T01:09:48.709+0000][info][gc,heap     ] GC(38) Humongous regions: 5->5
[2024-08-28T01:09:48.709+0000][info][gc,metaspace] GC(38) Metaspace: 100K(320K)->100K(320K) NonClass: 96K(192K)->96K(192K) Class: 4K(128K)->4K(128K)
[2024-08-28T01:09:48.709+0000][info][gc          ] GC(38) Pause Young (Normal) (G1 Evacuation Pause) 1486M->1487M(2048M) 23.591ms
[2024-08-28T01:09:48.709+0000][info][gc,cpu      ] GC(38) User=1.02s Sys=0.05s Real=0.02s
[2024-08-28T01:09:48.788+0000][info][gc,start    ] GC(39) Pause Young (Concurrent Start) (G1 Evacuation Pause)
[2024-08-28T01:09:48.789+0000][info][gc,task     ] GC(39) Using 49 workers of 68 for evacuation
[2024-08-28T01:09:48.810+0000][info][gc,phases   ] GC(39)   Pre Evacuate Collection Set: 0.4ms
[2024-08-28T01:09:48.810+0000][info][gc,phases   ] GC(39)   Merge Heap Roots: 0.5ms
[2024-08-28T01:09:48.810+0000][info][gc,phases   ] GC(39)   Evacuate Collection Set: 19.1ms
[2024-08-28T01:09:48.810+0000][info][gc,phases   ] GC(39)   Post Evacuate Collection Set: 0.5ms
[2024-08-28T01:09:48.810+0000][info][gc,phases   ] GC(39)   Other: 0.9ms
[2024-08-28T01:09:48.810+0000][info][gc,heap     ] GC(39) Eden regions: 113->0(85)
[2024-08-28T01:09:48.810+0000][info][gc,heap     ] GC(39) Survivor regions: 23->17(17)
[2024-08-28T01:09:48.810+0000][info][gc,heap     ] GC(39) Old regions: 1459->1586
[2024-08-28T01:09:48.810+0000][info][gc,heap     ] GC(39) Archive regions: 2->2
[2024-08-28T01:09:48.810+0000][info][gc,heap     ] GC(39) Humongous regions: 5->5
[2024-08-28T01:09:48.810+0000][info][gc,metaspace] GC(39) Metaspace: 100K(320K)->100K(320K) NonClass: 96K(192K)->96K(192K) Class: 4K(128K)->4K(128K)
[2024-08-28T01:09:48.810+0000][info][gc          ] GC(39) Pause Young (Concurrent Start) (G1 Evacuation Pause) 1600M->1608M(2048M) 21.589ms
[2024-08-28T01:09:48.810+0000][info][gc,cpu      ] GC(39) User=0.71s Sys=0.24s Real=0.03s
[2024-08-28T01:09:48.810+0000][info][gc          ] GC(40) Concurrent Mark Cycle
[2024-08-28T01:09:48.810+0000][info][gc,marking  ] GC(40) Concurrent Clear Claimed Marks
[2024-08-28T01:09:48.810+0000][info][gc,marking  ] GC(40) Concurrent Clear Claimed Marks 0.012ms
[2024-08-28T01:09:48.810+0000][info][gc,marking  ] GC(40) Concurrent Scan Root Regions
[2024-08-28T01:09:48.813+0000][info][gc,marking  ] GC(40) Concurrent Scan Root Regions 3.178ms
[2024-08-28T01:09:48.813+0000][info][gc,marking  ] GC(40) Concurrent Mark
[2024-08-28T01:09:48.813+0000][info][gc,marking  ] GC(40) Concurrent Mark From Roots
[2024-08-28T01:09:48.813+0000][info][gc,task     ] GC(40) Using 17 workers of 17 for marking
[2024-08-28T01:09:48.834+0000][info][gc,marking  ] GC(40) Concurrent Mark From Roots 20.551ms
[2024-08-28T01:09:48.834+0000][info][gc,marking  ] GC(40) Concurrent Preclean
[2024-08-28T01:09:48.835+0000][info][gc,marking  ] GC(40) Concurrent Preclean 0.502ms
[2024-08-28T01:09:48.835+0000][info][gc,start    ] GC(40) Pause Remark
[2024-08-28T01:09:48.837+0000][info][gc          ] GC(40) Pause Remark 1631M->1386M(2048M) 2.027ms
[2024-08-28T01:09:48.837+0000][info][gc,cpu      ] GC(40) User=0.02s Sys=0.00s Real=0.00s
[2024-08-28T01:09:48.837+0000][info][gc,marking  ] GC(40) Concurrent Mark 23.517ms
[2024-08-28T01:09:48.837+0000][info][gc,marking  ] GC(40) Concurrent Rebuild Remembered Sets
[2024-08-28T01:09:48.885+0000][info][gc,start    ] GC(41) Pause Young (Normal) (G1 Evacuation Pause)
[2024-08-28T01:09:48.885+0000][info][gc,task     ] GC(41) Using 49 workers of 68 for evacuation
[2024-08-28T01:09:48.907+0000][info][gc,phases   ] GC(41)   Pre Evacuate Collection Set: 0.4ms
[2024-08-28T01:09:48.907+0000][info][gc,phases   ] GC(41)   Merge Heap Roots: 0.9ms
[2024-08-28T01:09:48.907+0000][info][gc,phases   ] GC(41)   Evacuate Collection Set: 19.8ms
[2024-08-28T01:09:48.907+0000][info][gc,phases   ] GC(41)   Post Evacuate Collection Set: 0.8ms
[2024-08-28T01:09:48.907+0000][info][gc,phases   ] GC(41)   Other: 0.2ms
[2024-08-28T01:09:48.907+0000][info][gc,heap     ] GC(41) Eden regions: 85->0(122)
[2024-08-28T01:09:48.907+0000][info][gc,heap     ] GC(41) Survivor regions: 17->13(13)
[2024-08-28T01:09:48.907+0000][info][gc,heap     ] GC(41) Old regions: 1341->1439
[2024-08-28T01:09:48.907+0000][info][gc,heap     ] GC(41) Archive regions: 2->2
[2024-08-28T01:09:48.907+0000][info][gc,heap     ] GC(41) Humongous regions: 5->5
[2024-08-28T01:09:48.907+0000][info][gc,metaspace] GC(41) Metaspace: 100K(320K)->100K(320K) NonClass: 96K(192K)->96K(192K) Class: 4K(128K)->4K(128K)
[2024-08-28T01:09:48.907+0000][info][gc          ] GC(41) Pause Young (Normal) (G1 Evacuation Pause) 1448M->1457M(2048M) 22.197ms
[2024-08-28T01:09:48.907+0000][info][gc,cpu      ] GC(41) User=0.77s Sys=0.04s Real=0.02s
[2024-08-28T01:09:48.910+0000][info][gc,marking  ] GC(40) Concurrent Rebuild Remembered Sets 72.568ms
[2024-08-28T01:09:48.911+0000][info][gc,start    ] GC(40) Pause Cleanup
[2024-08-28T01:09:48.913+0000][info][gc          ] GC(40) Pause Cleanup 1458M->1458M(2048M) 2.721ms
[2024-08-28T01:09:48.913+0000][info][gc,cpu      ] GC(40) User=0.01s Sys=0.00s Real=0.00s
[2024-08-28T01:09:48.913+0000][info][gc,marking  ] GC(40) Concurrent Cleanup for Next Mark
[2024-08-28T01:09:48.915+0000][info][gc,marking  ] GC(40) Concurrent Cleanup for Next Mark 1.411ms
[2024-08-28T01:09:48.915+0000][info][gc          ] GC(40) Concurrent Mark Cycle 104.669ms
[2024-08-28T01:09:49.129+0000][info][gc,start    ] GC(42) Pause Young (Prepare Mixed) (G1 Evacuation Pause)
[2024-08-28T01:09:49.129+0000][info][gc,task     ] GC(42) Using 49 workers of 68 for evacuation
[2024-08-28T01:09:49.165+0000][info][gc,phases   ] GC(42)   Pre Evacuate Collection Set: 9.0ms
[2024-08-28T01:09:49.165+0000][info][gc,phases   ] GC(42)   Merge Heap Roots: 1.1ms
[2024-08-28T01:09:49.165+0000][info][gc,phases   ] GC(42)   Evacuate Collection Set: 25.6ms
[2024-08-28T01:09:49.165+0000][info][gc,phases   ] GC(42)   Post Evacuate Collection Set: 0.5ms
[2024-08-28T01:09:49.165+0000][info][gc,phases   ] GC(42)   Other: 0.3ms
[2024-08-28T01:09:49.165+0000][info][gc,heap     ] GC(42) Eden regions: 122->0(85)
[2024-08-28T01:09:49.165+0000][info][gc,heap     ] GC(42) Survivor regions: 13->17(17)
[2024-08-28T01:09:49.165+0000][info][gc,heap     ] GC(42) Old regions: 1439->1561
[2024-08-28T01:09:49.165+0000][info][gc,heap     ] GC(42) Archive regions: 2->2
[2024-08-28T01:09:49.165+0000][info][gc,heap     ] GC(42) Humongous regions: 5->5
[2024-08-28T01:09:49.166+0000][info][gc,metaspace] GC(42) Metaspace: 100K(320K)->100K(320K) NonClass: 96K(192K)->96K(192K) Class: 4K(128K)->4K(128K)
[2024-08-28T01:09:49.166+0000][info][gc          ] GC(42) Pause Young (Prepare Mixed) (G1 Evacuation Pause) 1579M->1583M(2048M) 36.597ms
[2024-08-28T01:09:49.166+0000][info][gc,cpu      ] GC(42) User=0.74s Sys=0.56s Real=0.04s
[2024-08-28T01:09:49.252+0000][info][gc,start    ] GC(43) Pause Young (Mixed) (G1 Evacuation Pause)
[2024-08-28T01:09:49.252+0000][info][gc,task     ] GC(43) Using 49 workers of 68 for evacuation
[2024-08-28T01:09:49.270+0000][info][gc,phases   ] GC(43)   Pre Evacuate Collection Set: 0.4ms
[2024-08-28T01:09:49.270+0000][info][gc,phases   ] GC(43)   Merge Heap Roots: 0.5ms
[2024-08-28T01:09:49.270+0000][info][gc,phases   ] GC(43)   Evacuate Collection Set: 16.8ms
[2024-08-28T01:09:49.270+0000][info][gc,phases   ] GC(43)   Post Evacuate Collection Set: 0.6ms
[2024-08-28T01:09:49.270+0000][info][gc,phases   ] GC(43)   Other: 0.3ms
[2024-08-28T01:09:49.270+0000][info][gc,heap     ] GC(43) Eden regions: 85->0(89)
[2024-08-28T01:09:49.270+0000][info][gc,heap     ] GC(43) Survivor regions: 17->13(13)
[2024-08-28T01:09:49.270+0000][info][gc,heap     ] GC(43) Old regions: 1561->1534
[2024-08-28T01:09:49.270+0000][info][gc,heap     ] GC(43) Archive regions: 2->2
[2024-08-28T01:09:49.270+0000][info][gc,heap     ] GC(43) Humongous regions: 5->5
[2024-08-28T01:09:49.270+0000][info][gc,metaspace] GC(43) Metaspace: 100K(320K)->100K(320K) NonClass: 96K(192K)->96K(192K) Class: 4K(128K)->4K(128K)
[2024-08-28T01:09:49.270+0000][info][gc          ] GC(43) Pause Young (Mixed) (G1 Evacuation Pause) 1668M->1552M(2048M) 18.597ms
[2024-08-28T01:09:49.270+0000][info][gc,cpu      ] GC(43) User=0.58s Sys=0.26s Real=0.02s
[2024-08-28T01:09:49.359+0000][info][gc,start    ] GC(44) Pause Young (Mixed) (G1 Evacuation Pause)
[2024-08-28T01:09:49.359+0000][info][gc,task     ] GC(44) Using 49 workers of 68 for evacuation
[2024-08-28T01:09:49.379+0000][info][gc,phases   ] GC(44)   Pre Evacuate Collection Set: 0.4ms
[2024-08-28T01:09:49.379+0000][info][gc,phases   ] GC(44)   Merge Heap Roots: 0.8ms
[2024-08-28T01:09:49.379+0000][info][gc,phases   ] GC(44)   Evacuate Collection Set: 18.0ms
[2024-08-28T01:09:49.379+0000][info][gc,phases   ] GC(44)   Post Evacuate Collection Set: 0.5ms
[2024-08-28T01:09:49.379+0000][info][gc,phases   ] GC(44)   Other: 0.3ms
[2024-08-28T01:09:49.379+0000][info][gc,heap     ] GC(44) Eden regions: 89->0(89)
[2024-08-28T01:09:49.379+0000][info][gc,heap     ] GC(44) Survivor regions: 13->13(13)
[2024-08-28T01:09:49.379+0000][info][gc,heap     ] GC(44) Old regions: 1534->1504
[2024-08-28T01:09:49.379+0000][info][gc,heap     ] GC(44) Archive regions: 2->2
[2024-08-28T01:09:49.379+0000][info][gc,heap     ] GC(44) Humongous regions: 5->5
[2024-08-28T01:09:49.379+0000][info][gc,metaspace] GC(44) Metaspace: 100K(320K)->100K(320K) NonClass: 96K(192K)->96K(192K) Class: 4K(128K)->4K(128K)
[2024-08-28T01:09:49.379+0000][info][gc          ] GC(44) Pause Young (Mixed) (G1 Evacuation Pause) 1641M->1522M(2048M) 20.043ms
[2024-08-28T01:09:49.379+0000][info][gc,cpu      ] GC(44) User=0.61s Sys=0.30s Real=0.02s
[2024-08-28T01:09:49.446+0000][info][gc,start    ] GC(45) Pause Young (Mixed) (G1 Evacuation Pause)
[2024-08-28T01:09:49.446+0000][info][gc,task     ] GC(45) Using 49 workers of 68 for evacuation
[2024-08-28T01:09:49.464+0000][info][gc,phases   ] GC(45)   Pre Evacuate Collection Set: 0.4ms
[2024-08-28T01:09:49.464+0000][info][gc,phases   ] GC(45)   Merge Heap Roots: 0.5ms
[2024-08-28T01:09:49.464+0000][info][gc,phases   ] GC(45)   Evacuate Collection Set: 16.9ms
[2024-08-28T01:09:49.464+0000][info][gc,phases   ] GC(45)   Post Evacuate Collection Set: 0.5ms
[2024-08-28T01:09:49.464+0000][info][gc,phases   ] GC(45)   Other: 0.3ms
[2024-08-28T01:09:49.464+0000][info][gc,heap     ] GC(45) Eden regions: 89->0(89)
[2024-08-28T01:09:49.464+0000][info][gc,heap     ] GC(45) Survivor regions: 13->13(13)
[2024-08-28T01:09:49.464+0000][info][gc,heap     ] GC(45) Old regions: 1504->1475
[2024-08-28T01:09:49.464+0000][info][gc,heap     ] GC(45) Archive regions: 2->2
[2024-08-28T01:09:49.464+0000][info][gc,heap     ] GC(45) Humongous regions: 5->5
[2024-08-28T01:09:49.464+0000][info][gc,metaspace] GC(45) Metaspace: 100K(320K)->100K(320K) NonClass: 96K(192K)->96K(192K) Class: 4K(128K)->4K(128K)
[2024-08-28T01:09:49.464+0000][info][gc          ] GC(45) Pause Young (Mixed) (G1 Evacuation Pause) 1611M->1493M(2048M) 18.602ms
[2024-08-28T01:09:49.464+0000][info][gc,cpu      ] GC(45) User=0.75s Sys=0.10s Real=0.02s
[2024-08-28T01:09:49.537+0000][info][gc,start    ] GC(46) Pause Young (Mixed) (G1 Evacuation Pause)
[2024-08-28T01:09:49.537+0000][info][gc,task     ] GC(46) Using 49 workers of 68 for evacuation
[2024-08-28T01:09:49.555+0000][info][gc,phases   ] GC(46)   Pre Evacuate Collection Set: 0.4ms
[2024-08-28T01:09:49.555+0000][info][gc,phases   ] GC(46)   Merge Heap Roots: 0.9ms
[2024-08-28T01:09:49.555+0000][info][gc,phases   ] GC(46)   Evacuate Collection Set: 16.3ms
[2024-08-28T01:09:49.555+0000][info][gc,phases   ] GC(46)   Post Evacuate Collection Set: 0.6ms
[2024-08-28T01:09:49.555+0000][info][gc,phases   ] GC(46)   Other: 0.3ms
[2024-08-28T01:09:49.555+0000][info][gc,heap     ] GC(46) Eden regions: 89->0(89)
[2024-08-28T01:09:49.555+0000][info][gc,heap     ] GC(46) Survivor regions: 13->13(13)
[2024-08-28T01:09:49.555+0000][info][gc,heap     ] GC(46) Old regions: 1475->1446
[2024-08-28T01:09:49.555+0000][info][gc,heap     ] GC(46) Archive regions: 2->2
[2024-08-28T01:09:49.555+0000][info][gc,heap     ] GC(46) Humongous regions: 5->5
[2024-08-28T01:09:49.555+0000][info][gc,metaspace] GC(46) Metaspace: 100K(320K)->100K(320K) NonClass: 96K(192K)->96K(192K) Class: 4K(128K)->4K(128K)
[2024-08-28T01:09:49.555+0000][info][gc          ] GC(46) Pause Young (Mixed) (G1 Evacuation Pause) 1582M->1464M(2048M) 18.505ms
[2024-08-28T01:09:49.555+0000][info][gc,cpu      ] GC(46) User=0.82s Sys=0.01s Real=0.02s
[2024-08-28T01:09:49.616+0000][info][gc,start    ] GC(47) Pause Young (Mixed) (G1 Evacuation Pause)
[2024-08-28T01:09:49.616+0000][info][gc,task     ] GC(47) Using 49 workers of 68 for evacuation
[2024-08-28T01:09:49.635+0000][info][gc,phases   ] GC(47)   Pre Evacuate Collection Set: 0.4ms
[2024-08-28T01:09:49.635+0000][info][gc,phases   ] GC(47)   Merge Heap Roots: 0.5ms
[2024-08-28T01:09:49.635+0000][info][gc,phases   ] GC(47)   Evacuate Collection Set: 16.7ms
[2024-08-28T01:09:49.635+0000][info][gc,phases   ] GC(47)   Post Evacuate Collection Set: 0.5ms
[2024-08-28T01:09:49.635+0000][info][gc,phases   ] GC(47)   Other: 0.2ms
[2024-08-28T01:09:49.635+0000][info][gc,heap     ] GC(47) Eden regions: 89->0(89)
[2024-08-28T01:09:49.635+0000][info][gc,heap     ] GC(47) Survivor regions: 13->13(13)
[2024-08-28T01:09:49.635+0000][info][gc,heap     ] GC(47) Old regions: 1446->1417
[2024-08-28T01:09:49.635+0000][info][gc,heap     ] GC(47) Archive regions: 2->2
[2024-08-28T01:09:49.635+0000][info][gc,heap     ] GC(47) Humongous regions: 5->5
[2024-08-28T01:09:49.635+0000][info][gc,metaspace] GC(47) Metaspace: 100K(320K)->100K(320K) NonClass: 96K(192K)->96K(192K) Class: 4K(128K)->4K(128K)
[2024-08-28T01:09:49.635+0000][info][gc          ] GC(47) Pause Young (Mixed) (G1 Evacuation Pause) 1553M->1435M(2048M) 18.452ms
[2024-08-28T01:09:49.635+0000][info][gc,cpu      ] GC(47) User=0.79s Sys=0.04s Real=0.02s
[2024-08-28T01:09:49.687+0000][info][gc,start    ] GC(48) Pause Young (Mixed) (G1 Evacuation Pause)
[2024-08-28T01:09:49.688+0000][info][gc,task     ] GC(48) Using 49 workers of 68 for evacuation
[2024-08-28T01:09:49.705+0000][info][gc,phases   ] GC(48)   Pre Evacuate Collection Set: 0.4ms
[2024-08-28T01:09:49.705+0000][info][gc,phases   ] GC(48)   Merge Heap Roots: 0.9ms
[2024-08-28T01:09:49.705+0000][info][gc,phases   ] GC(48)   Evacuate Collection Set: 15.8ms
[2024-08-28T01:09:49.705+0000][info][gc,phases   ] GC(48)   Post Evacuate Collection Set: 0.5ms
[2024-08-28T01:09:49.705+0000][info][gc,phases   ] GC(48)   Other: 0.2ms
[2024-08-28T01:09:49.705+0000][info][gc,heap     ] GC(48) Eden regions: 89->0(89)
[2024-08-28T01:09:49.705+0000][info][gc,heap     ] GC(48) Survivor regions: 13->13(13)
[2024-08-28T01:09:49.705+0000][info][gc,heap     ] GC(48) Old regions: 1417->1388
[2024-08-28T01:09:49.705+0000][info][gc,heap     ] GC(48) Archive regions: 2->2
[2024-08-28T01:09:49.705+0000][info][gc,heap     ] GC(48) Humongous regions: 5->5
[2024-08-28T01:09:49.705+0000][info][gc,metaspace] GC(48) Metaspace: 100K(320K)->100K(320K) NonClass: 96K(192K)->96K(192K) Class: 4K(128K)->4K(128K)
[2024-08-28T01:09:49.706+0000][info][gc          ] GC(48) Pause Young (Mixed) (G1 Evacuation Pause) 1524M->1406M(2048M) 18.059ms
[2024-08-28T01:09:49.706+0000][info][gc,cpu      ] GC(48) User=0.80s Sys=0.02s Real=0.02s
[2024-08-28T01:09:49.755+0000][info][gc,start    ] GC(49) Pause Young (Mixed) (G1 Evacuation Pause)
[2024-08-28T01:09:49.755+0000][info][gc,task     ] GC(49) Using 49 workers of 68 for evacuation
[2024-08-28T01:09:49.772+0000][info][gc,phases   ] GC(49)   Pre Evacuate Collection Set: 0.3ms
[2024-08-28T01:09:49.772+0000][info][gc,phases   ] GC(49)   Merge Heap Roots: 0.5ms
[2024-08-28T01:09:49.772+0000][info][gc,phases   ] GC(49)   Evacuate Collection Set: 15.5ms
[2024-08-28T01:09:49.772+0000][info][gc,phases   ] GC(49)   Post Evacuate Collection Set: 0.5ms
[2024-08-28T01:09:49.772+0000][info][gc,phases   ] GC(49)   Other: 0.3ms
[2024-08-28T01:09:49.772+0000][info][gc,heap     ] GC(49) Eden regions: 89->0(130)
[2024-08-28T01:09:49.772+0000][info][gc,heap     ] GC(49) Survivor regions: 13->13(13)
[2024-08-28T01:09:49.772+0000][info][gc,heap     ] GC(49) Old regions: 1388->1415
[2024-08-28T01:09:49.772+0000][info][gc,heap     ] GC(49) Archive regions: 2->2
[2024-08-28T01:09:49.772+0000][info][gc,heap     ] GC(49) Humongous regions: 5->5
[2024-08-28T01:09:49.772+0000][info][gc,metaspace] GC(49) Metaspace: 100K(320K)->100K(320K) NonClass: 96K(192K)->96K(192K) Class: 4K(128K)->4K(128K)
[2024-08-28T01:09:49.772+0000][info][gc          ] GC(49) Pause Young (Mixed) (G1 Evacuation Pause) 1495M->1433M(2048M) 17.211ms
[2024-08-28T01:09:49.772+0000][info][gc,cpu      ] GC(49) User=0.76s Sys=0.01s Real=0.02s
[2024-08-28T01:09:49.845+0000][info][gc,start    ] GC(50) Pause Young (Concurrent Start) (G1 Evacuation Pause)
[2024-08-28T01:09:49.846+0000][info][gc,task     ] GC(50) Using 49 workers of 68 for evacuation
[2024-08-28T01:09:49.868+0000][info][gc,phases   ] GC(50)   Pre Evacuate Collection Set: 0.4ms
[2024-08-28T01:09:49.868+0000][info][gc,phases   ] GC(50)   Merge Heap Roots: 0.5ms
[2024-08-28T01:09:49.868+0000][info][gc,phases   ] GC(50)   Evacuate Collection Set: 20.8ms
[2024-08-28T01:09:49.868+0000][info][gc,phases   ] GC(50)   Post Evacuate Collection Set: 0.5ms
[2024-08-28T01:09:49.868+0000][info][gc,phases   ] GC(50)   Other: 0.8ms
[2024-08-28T01:09:49.868+0000][info][gc,heap     ] GC(50) Eden regions: 130->0(87)
[2024-08-28T01:09:49.868+0000][info][gc,heap     ] GC(50) Survivor regions: 13->18(18)
[2024-08-28T01:09:49.868+0000][info][gc,heap     ] GC(50) Old regions: 1415->1544
[2024-08-28T01:09:49.868+0000][info][gc,heap     ] GC(50) Archive regions: 2->2
[2024-08-28T01:09:49.868+0000][info][gc,heap     ] GC(50) Humongous regions: 5->5
[2024-08-28T01:09:49.868+0000][info][gc,metaspace] GC(50) Metaspace: 100K(320K)->100K(320K) NonClass: 96K(192K)->96K(192K) Class: 4K(128K)->4K(128K)
[2024-08-28T01:09:49.869+0000][info][gc          ] GC(50) Pause Young (Concurrent Start) (G1 Evacuation Pause) 1563M->1567M(2048M) 23.033ms
[2024-08-28T01:09:49.869+0000][info][gc,cpu      ] GC(50) User=0.91s Sys=0.13s Real=0.02s
[2024-08-28T01:09:49.869+0000][info][gc          ] GC(51) Concurrent Mark Cycle
[2024-08-28T01:09:49.869+0000][info][gc,marking  ] GC(51) Concurrent Clear Claimed Marks
[2024-08-28T01:09:49.869+0000][info][gc,marking  ] GC(51) Concurrent Clear Claimed Marks 0.013ms
[2024-08-28T01:09:49.869+0000][info][gc,marking  ] GC(51) Concurrent Scan Root Regions
[2024-08-28T01:09:49.872+0000][info][gc,marking  ] GC(51) Concurrent Scan Root Regions 3.273ms
[2024-08-28T01:09:49.872+0000][info][gc,marking  ] GC(51) Concurrent Mark
[2024-08-28T01:09:49.872+0000][info][gc,marking  ] GC(51) Concurrent Mark From Roots
[2024-08-28T01:09:49.872+0000][info][gc,task     ] GC(51) Using 17 workers of 17 for marking
[2024-08-28T01:09:49.892+0000][info][gc,marking  ] GC(51) Concurrent Mark From Roots 19.785ms
[2024-08-28T01:09:49.892+0000][info][gc,marking  ] GC(51) Concurrent Preclean
[2024-08-28T01:09:49.892+0000][info][gc,marking  ] GC(51) Concurrent Preclean 0.500ms
[2024-08-28T01:09:49.893+0000][info][gc,start    ] GC(51) Pause Remark
[2024-08-28T01:09:49.895+0000][info][gc          ] GC(51) Pause Remark 1596M->1391M(2048M) 1.923ms
[2024-08-28T01:09:49.895+0000][info][gc,cpu      ] GC(51) User=0.01s Sys=0.01s Real=0.00s
[2024-08-28T01:09:49.895+0000][info][gc,marking  ] GC(51) Concurrent Mark 22.643ms
[2024-08-28T01:09:49.895+0000][info][gc,marking  ] GC(51) Concurrent Rebuild Remembered Sets
[2024-08-28T01:09:49.928+0000][info][gc,start    ] GC(52) Pause Young (Normal) (G1 Evacuation Pause)
[2024-08-28T01:09:49.928+0000][info][gc,task     ] GC(52) Using 49 workers of 68 for evacuation
[2024-08-28T01:09:49.945+0000][info][gc,phases   ] GC(52)   Pre Evacuate Collection Set: 0.3ms
[2024-08-28T01:09:49.945+0000][info][gc,phases   ] GC(52)   Merge Heap Roots: 0.9ms
[2024-08-28T01:09:49.945+0000][info][gc,phases   ] GC(52)   Evacuate Collection Set: 14.2ms
[2024-08-28T01:09:49.945+0000][info][gc,phases   ] GC(52)   Post Evacuate Collection Set: 0.8ms
[2024-08-28T01:09:49.945+0000][info][gc,phases   ] GC(52)   Other: 0.2ms
[2024-08-28T01:09:49.945+0000][info][gc,heap     ] GC(52) Eden regions: 87->0(123)
[2024-08-28T01:09:49.945+0000][info][gc,heap     ] GC(52) Survivor regions: 18->14(14)
[2024-08-28T01:09:49.945+0000][info][gc,heap     ] GC(52) Old regions: 1339->1437
[2024-08-28T01:09:49.945+0000][info][gc,heap     ] GC(52) Archive regions: 2->2
[2024-08-28T01:09:49.945+0000][info][gc,heap     ] GC(52) Humongous regions: 5->5
[2024-08-28T01:09:49.945+0000][info][gc,metaspace] GC(52) Metaspace: 100K(320K)->100K(320K) NonClass: 96K(192K)->96K(192K) Class: 4K(128K)->4K(128K)
[2024-08-28T01:09:49.945+0000][info][gc          ] GC(52) Pause Young (Normal) (G1 Evacuation Pause) 1449M->1456M(2048M) 16.608ms
[2024-08-28T01:09:49.945+0000][info][gc,cpu      ] GC(52) User=0.70s Sys=0.05s Real=0.02s
[2024-08-28T01:09:49.962+0000][info][gc,marking  ] GC(51) Concurrent Rebuild Remembered Sets 67.200ms
[2024-08-28T01:09:49.962+0000][info][gc,start    ] GC(51) Pause Cleanup
[2024-08-28T01:09:49.965+0000][info][gc          ] GC(51) Pause Cleanup 1486M->1486M(2048M) 2.897ms
[2024-08-28T01:09:49.965+0000][info][gc,cpu      ] GC(51) User=0.02s Sys=0.00s Real=0.00s
[2024-08-28T01:09:49.965+0000][info][gc,marking  ] GC(51) Concurrent Cleanup for Next Mark
[2024-08-28T01:09:49.967+0000][info][gc,marking  ] GC(51) Concurrent Cleanup for Next Mark 1.418ms
[2024-08-28T01:09:49.967+0000][info][gc          ] GC(51) Concurrent Mark Cycle 98.062ms
[2024-08-28T01:09:50.020+0000][info][gc,start    ] GC(53) Pause Young (Prepare Mixed) (G1 Evacuation Pause)
[2024-08-28T01:09:50.020+0000][info][gc,task     ] GC(53) Using 49 workers of 68 for evacuation
[2024-08-28T01:09:50.042+0000][info][gc,phases   ] GC(53)   Pre Evacuate Collection Set: 0.3ms
[2024-08-28T01:09:50.042+0000][info][gc,phases   ] GC(53)   Merge Heap Roots: 1.0ms
[2024-08-28T01:09:50.042+0000][info][gc,phases   ] GC(53)   Evacuate Collection Set: 20.2ms
[2024-08-28T01:09:50.042+0000][info][gc,phases   ] GC(53)   Post Evacuate Collection Set: 0.5ms
[2024-08-28T01:09:50.042+0000][info][gc,phases   ] GC(53)   Other: 0.2ms
[2024-08-28T01:09:50.042+0000][info][gc,heap     ] GC(53) Eden regions: 123->0(84)
[2024-08-28T01:09:50.042+0000][info][gc,heap     ] GC(53) Survivor regions: 14->18(18)
[2024-08-28T01:09:50.042+0000][info][gc,heap     ] GC(53) Old regions: 1437->1560
[2024-08-28T01:09:50.042+0000][info][gc,heap     ] GC(53) Archive regions: 2->2
[2024-08-28T01:09:50.042+0000][info][gc,heap     ] GC(53) Humongous regions: 5->5
[2024-08-28T01:09:50.042+0000][info][gc,metaspace] GC(53) Metaspace: 100K(320K)->100K(320K) NonClass: 96K(192K)->96K(192K) Class: 4K(128K)->4K(128K)
[2024-08-28T01:09:50.042+0000][info][gc          ] GC(53) Pause Young (Prepare Mixed) (G1 Evacuation Pause) 1579M->1583M(2048M) 22.261ms
[2024-08-28T01:09:50.042+0000][info][gc,cpu      ] GC(53) User=0.80s Sys=0.23s Real=0.02s
[2024-08-28T01:09:50.090+0000][info][gc,start    ] GC(54) Pause Young (Mixed) (G1 Evacuation Pause)
[2024-08-28T01:09:50.090+0000][info][gc,task     ] GC(54) Using 49 workers of 68 for evacuation
[2024-08-28T01:09:50.106+0000][info][gc,phases   ] GC(54)   Pre Evacuate Collection Set: 0.5ms
[2024-08-28T01:09:50.107+0000][info][gc,phases   ] GC(54)   Merge Heap Roots: 0.4ms
[2024-08-28T01:09:50.107+0000][info][gc,phases   ] GC(54)   Evacuate Collection Set: 14.5ms
[2024-08-28T01:09:50.107+0000][info][gc,phases   ] GC(54)   Post Evacuate Collection Set: 0.5ms
[2024-08-28T01:09:50.107+0000][info][gc,phases   ] GC(54)   Other: 0.3ms
[2024-08-28T01:09:50.107+0000][info][gc,heap     ] GC(54) Eden regions: 84->0(89)
[2024-08-28T01:09:50.107+0000][info][gc,heap     ] GC(54) Survivor regions: 18->13(13)
[2024-08-28T01:09:50.107+0000][info][gc,heap     ] GC(54) Old regions: 1560->1533
[2024-08-28T01:09:50.107+0000][info][gc,heap     ] GC(54) Archive regions: 2->2
[2024-08-28T01:09:50.107+0000][info][gc,heap     ] GC(54) Humongous regions: 5->5
[2024-08-28T01:09:50.107+0000][info][gc,metaspace] GC(54) Metaspace: 100K(320K)->100K(320K) NonClass: 96K(192K)->96K(192K) Class: 4K(128K)->4K(128K)
[2024-08-28T01:09:50.107+0000][info][gc          ] GC(54) Pause Young (Mixed) (G1 Evacuation Pause) 1667M->1551M(2048M) 16.368ms
[2024-08-28T01:09:50.107+0000][info][gc,cpu      ] GC(54) User=0.71s Sys=0.01s Real=0.01s
[2024-08-28T01:09:50.158+0000][info][gc,start    ] GC(55) Pause Young (Mixed) (G1 Evacuation Pause)
[2024-08-28T01:09:50.158+0000][info][gc,task     ] GC(55) Using 49 workers of 68 for evacuation
[2024-08-28T01:09:50.173+0000][info][gc,phases   ] GC(55)   Pre Evacuate Collection Set: 0.4ms
[2024-08-28T01:09:50.173+0000][info][gc,phases   ] GC(55)   Merge Heap Roots: 0.5ms
[2024-08-28T01:09:50.173+0000][info][gc,phases   ] GC(55)   Evacuate Collection Set: 13.2ms
[2024-08-28T01:09:50.173+0000][info][gc,phases   ] GC(55)   Post Evacuate Collection Set: 0.5ms
[2024-08-28T01:09:50.173+0000][info][gc,phases   ] GC(55)   Other: 0.2ms
[2024-08-28T01:09:50.173+0000][info][gc,heap     ] GC(55) Eden regions: 89->0(89)
[2024-08-28T01:09:50.173+0000][info][gc,heap     ] GC(55) Survivor regions: 13->13(13)
[2024-08-28T01:09:50.173+0000][info][gc,heap     ] GC(55) Old regions: 1533->1503
[2024-08-28T01:09:50.173+0000][info][gc,heap     ] GC(55) Archive regions: 2->2
[2024-08-28T01:09:50.173+0000][info][gc,heap     ] GC(55) Humongous regions: 5->5
[2024-08-28T01:09:50.173+0000][info][gc,metaspace] GC(55) Metaspace: 100K(320K)->100K(320K) NonClass: 96K(192K)->96K(192K) Class: 4K(128K)->4K(128K)
[2024-08-28T01:09:50.173+0000][info][gc          ] GC(55) Pause Young (Mixed) (G1 Evacuation Pause) 1640M->1521M(2048M) 14.965ms
[2024-08-28T01:09:50.173+0000][info][gc,cpu      ] GC(55) User=0.63s Sys=0.04s Real=0.01s
[2024-08-28T01:09:50.225+0000][info][gc,start    ] GC(56) Pause Young (Mixed) (G1 Evacuation Pause)
[2024-08-28T01:09:50.225+0000][info][gc,task     ] GC(56) Using 49 workers of 68 for evacuation
[2024-08-28T01:09:50.240+0000][info][gc,phases   ] GC(56)   Pre Evacuate Collection Set: 0.4ms
[2024-08-28T01:09:50.240+0000][info][gc,phases   ] GC(56)   Merge Heap Roots: 0.4ms
[2024-08-28T01:09:50.240+0000][info][gc,phases   ] GC(56)   Evacuate Collection Set: 13.7ms
[2024-08-28T01:09:50.240+0000][info][gc,phases   ] GC(56)   Post Evacuate Collection Set: 0.5ms
[2024-08-28T01:09:50.240+0000][info][gc,phases   ] GC(56)   Other: 0.3ms
[2024-08-28T01:09:50.240+0000][info][gc,heap     ] GC(56) Eden regions: 89->0(89)
[2024-08-28T01:09:50.240+0000][info][gc,heap     ] GC(56) Survivor regions: 13->13(13)
[2024-08-28T01:09:50.240+0000][info][gc,heap     ] GC(56) Old regions: 1503->1473
[2024-08-28T01:09:50.240+0000][info][gc,heap     ] GC(56) Archive regions: 2->2
[2024-08-28T01:09:50.240+0000][info][gc,heap     ] GC(56) Humongous regions: 5->5
[2024-08-28T01:09:50.240+0000][info][gc,metaspace] GC(56) Metaspace: 100K(320K)->100K(320K) NonClass: 96K(192K)->96K(192K) Class: 4K(128K)->4K(128K)
[2024-08-28T01:09:50.240+0000][info][gc          ] GC(56) Pause Young (Mixed) (G1 Evacuation Pause) 1610M->1491M(2048M) 15.344ms
[2024-08-28T01:09:50.240+0000][info][gc,cpu      ] GC(56) User=0.63s Sys=0.04s Real=0.02s
[2024-08-28T01:09:50.293+0000][info][gc,start    ] GC(57) Pause Young (Mixed) (G1 Evacuation Pause)
[2024-08-28T01:09:50.293+0000][info][gc,task     ] GC(57) Using 49 workers of 68 for evacuation
[2024-08-28T01:09:50.324+0000][info][gc,phases   ] GC(57)   Pre Evacuate Collection Set: 0.5ms
[2024-08-28T01:09:50.324+0000][info][gc,phases   ] GC(57)   Merge Heap Roots: 8.2ms
[2024-08-28T01:09:50.324+0000][info][gc,phases   ] GC(57)   Evacuate Collection Set: 22.0ms
[2024-08-28T01:09:50.324+0000][info][gc,phases   ] GC(57)   Post Evacuate Collection Set: 0.5ms
[2024-08-28T01:09:50.324+0000][info][gc,phases   ] GC(57)   Other: 0.2ms
[2024-08-28T01:09:50.324+0000][info][gc,heap     ] GC(57) Eden regions: 89->0(89)
[2024-08-28T01:09:50.324+0000][info][gc,heap     ] GC(57) Survivor regions: 13->13(13)
[2024-08-28T01:09:50.324+0000][info][gc,heap     ] GC(57) Old regions: 1473->1443
[2024-08-28T01:09:50.324+0000][info][gc,heap     ] GC(57) Archive regions: 2->2
[2024-08-28T01:09:50.324+0000][info][gc,heap     ] GC(57) Humongous regions: 5->5
[2024-08-28T01:09:50.324+0000][info][gc,metaspace] GC(57) Metaspace: 100K(320K)->100K(320K) NonClass: 96K(192K)->96K(192K) Class: 4K(128K)->4K(128K)
[2024-08-28T01:09:50.324+0000][info][gc          ] GC(57) Pause Young (Mixed) (G1 Evacuation Pause) 1580M->1461M(2048M) 31.496ms
[2024-08-28T01:09:50.324+0000][info][gc,cpu      ] GC(57) User=0.71s Sys=0.41s Real=0.03s
[2024-08-28T01:09:50.386+0000][info][gc,start    ] GC(58) Pause Young (Mixed) (G1 Evacuation Pause)
[2024-08-28T01:09:50.386+0000][info][gc,task     ] GC(58) Using 49 workers of 68 for evacuation
[2024-08-28T01:09:50.402+0000][info][gc,phases   ] GC(58)   Pre Evacuate Collection Set: 0.4ms
[2024-08-28T01:09:50.403+0000][info][gc,phases   ] GC(58)   Merge Heap Roots: 0.5ms
[2024-08-28T01:09:50.403+0000][info][gc,phases   ] GC(58)   Evacuate Collection Set: 14.8ms
[2024-08-28T01:09:50.403+0000][info][gc,phases   ] GC(58)   Post Evacuate Collection Set: 0.5ms
[2024-08-28T01:09:50.403+0000][info][gc,phases   ] GC(58)   Other: 0.2ms
[2024-08-28T01:09:50.403+0000][info][gc,heap     ] GC(58) Eden regions: 89->0(89)
[2024-08-28T01:09:50.403+0000][info][gc,heap     ] GC(58) Survivor regions: 13->13(13)
[2024-08-28T01:09:50.403+0000][info][gc,heap     ] GC(58) Old regions: 1443->1413
[2024-08-28T01:09:50.403+0000][info][gc,heap     ] GC(58) Archive regions: 2->2
[2024-08-28T01:09:50.403+0000][info][gc,heap     ] GC(58) Humongous regions: 5->5
[2024-08-28T01:09:50.403+0000][info][gc,metaspace] GC(58) Metaspace: 100K(320K)->100K(320K) NonClass: 96K(192K)->96K(192K) Class: 4K(128K)->4K(128K)
[2024-08-28T01:09:50.403+0000][info][gc          ] GC(58) Pause Young (Mixed) (G1 Evacuation Pause) 1550M->1431M(2048M) 16.500ms
[2024-08-28T01:09:50.403+0000][info][gc,cpu      ] GC(58) User=0.74s Sys=0.01s Real=0.02s
[2024-08-28T01:09:50.474+0000][info][gc,start    ] GC(59) Pause Young (Mixed) (G1 Evacuation Pause)
[2024-08-28T01:09:50.474+0000][info][gc,task     ] GC(59) Using 49 workers of 68 for evacuation
[2024-08-28T01:09:50.492+0000][info][gc,phases   ] GC(59)   Pre Evacuate Collection Set: 0.4ms
[2024-08-28T01:09:50.492+0000][info][gc,phases   ] GC(59)   Merge Heap Roots: 0.9ms
[2024-08-28T01:09:50.492+0000][info][gc,phases   ] GC(59)   Evacuate Collection Set: 15.7ms
[2024-08-28T01:09:50.492+0000][info][gc,phases   ] GC(59)   Post Evacuate Collection Set: 0.5ms
[2024-08-28T01:09:50.492+0000][info][gc,phases   ] GC(59)   Other: 0.3ms
[2024-08-28T01:09:50.492+0000][info][gc,heap     ] GC(59) Eden regions: 89->0(89)
[2024-08-28T01:09:50.492+0000][info][gc,heap     ] GC(59) Survivor regions: 13->13(13)
[2024-08-28T01:09:50.492+0000][info][gc,heap     ] GC(59) Old regions: 1413->1385
[2024-08-28T01:09:50.492+0000][info][gc,heap     ] GC(59) Archive regions: 2->2
[2024-08-28T01:09:50.492+0000][info][gc,heap     ] GC(59) Humongous regions: 5->5
[2024-08-28T01:09:50.492+0000][info][gc,metaspace] GC(59) Metaspace: 100K(320K)->100K(320K) NonClass: 96K(192K)->96K(192K) Class: 4K(128K)->4K(128K)
[2024-08-28T01:09:50.492+0000][info][gc          ] GC(59) Pause Young (Mixed) (G1 Evacuation Pause) 1520M->1403M(2048M) 17.903ms
[2024-08-28T01:09:50.492+0000][info][gc,cpu      ] GC(59) User=0.79s Sys=0.02s Real=0.02s
[2024-08-28T01:09:50.547+0000][info][gc,start    ] GC(60) Pause Young (Mixed) (G1 Evacuation Pause)
[2024-08-28T01:09:50.547+0000][info][gc,task     ] GC(60) Using 49 workers of 68 for evacuation
[2024-08-28T01:09:50.564+0000][info][gc,phases   ] GC(60)   Pre Evacuate Collection Set: 0.4ms
[2024-08-28T01:09:50.564+0000][info][gc,phases   ] GC(60)   Merge Heap Roots: 0.5ms
[2024-08-28T01:09:50.564+0000][info][gc,phases   ] GC(60)   Evacuate Collection Set: 15.2ms
[2024-08-28T01:09:50.564+0000][info][gc,phases   ] GC(60)   Post Evacuate Collection Set: 0.5ms
[2024-08-28T01:09:50.564+0000][info][gc,phases   ] GC(60)   Other: 0.2ms
[2024-08-28T01:09:50.564+0000][info][gc,heap     ] GC(60) Eden regions: 89->0(131)
[2024-08-28T01:09:50.564+0000][info][gc,heap     ] GC(60) Survivor regions: 13->13(13)
[2024-08-28T01:09:50.564+0000][info][gc,heap     ] GC(60) Old regions: 1385->1411
[2024-08-28T01:09:50.564+0000][info][gc,heap     ] GC(60) Archive regions: 2->2
[2024-08-28T01:09:50.564+0000][info][gc,heap     ] GC(60) Humongous regions: 5->5
[2024-08-28T01:09:50.564+0000][info][gc,metaspace] GC(60) Metaspace: 100K(320K)->100K(320K) NonClass: 96K(192K)->96K(192K) Class: 4K(128K)->4K(128K)
[2024-08-28T01:09:50.564+0000][info][gc          ] GC(60) Pause Young (Mixed) (G1 Evacuation Pause) 1492M->1429M(2048M) 16.860ms
[2024-08-28T01:09:50.564+0000][info][gc,cpu      ] GC(60) User=0.76s Sys=0.01s Real=0.02s
[2024-08-28T01:09:50.659+0000][info][gc,start    ] GC(61) Pause Young (Concurrent Start) (G1 Evacuation Pause)
[2024-08-28T01:09:50.659+0000][info][gc,task     ] GC(61) Using 49 workers of 68 for evacuation
[2024-08-28T01:09:50.695+0000][info][gc,phases   ] GC(61)   Pre Evacuate Collection Set: 0.4ms
[2024-08-28T01:09:50.695+0000][info][gc,phases   ] GC(61)   Merge Heap Roots: 0.6ms
[2024-08-28T01:09:50.695+0000][info][gc,phases   ] GC(61)   Evacuate Collection Set: 33.4ms
[2024-08-28T01:09:50.695+0000][info][gc,phases   ] GC(61)   Post Evacuate Collection Set: 0.5ms
[2024-08-28T01:09:50.695+0000][info][gc,phases   ] GC(61)   Other: 0.9ms
[2024-08-28T01:09:50.695+0000][info][gc,heap     ] GC(61) Eden regions: 131->0(88)
[2024-08-28T01:09:50.695+0000][info][gc,heap     ] GC(61) Survivor regions: 13->18(18)
[2024-08-28T01:09:50.695+0000][info][gc,heap     ] GC(61) Old regions: 1411->1540
[2024-08-28T01:09:50.695+0000][info][gc,heap     ] GC(61) Archive regions: 2->2
[2024-08-28T01:09:50.695+0000][info][gc,heap     ] GC(61) Humongous regions: 5->5
[2024-08-28T01:09:50.695+0000][info][gc,metaspace] GC(61) Metaspace: 100K(320K)->100K(320K) NonClass: 96K(192K)->96K(192K) Class: 4K(128K)->4K(128K)
[2024-08-28T01:09:50.695+0000][info][gc          ] GC(61) Pause Young (Concurrent Start) (G1 Evacuation Pause) 1560M->1563M(2048M) 35.928ms
[2024-08-28T01:09:50.695+0000][info][gc,cpu      ] GC(61) User=0.78s Sys=0.86s Real=0.03s
[2024-08-28T01:09:50.695+0000][info][gc          ] GC(62) Concurrent Mark Cycle
[2024-08-28T01:09:50.695+0000][info][gc,marking  ] GC(62) Concurrent Clear Claimed Marks
[2024-08-28T01:09:50.695+0000][info][gc,marking  ] GC(62) Concurrent Clear Claimed Marks 0.011ms
[2024-08-28T01:09:50.695+0000][info][gc,marking  ] GC(62) Concurrent Scan Root Regions
[2024-08-28T01:09:50.699+0000][info][gc,marking  ] GC(62) Concurrent Scan Root Regions 3.687ms
[2024-08-28T01:09:50.699+0000][info][gc,marking  ] GC(62) Concurrent Mark
[2024-08-28T01:09:50.699+0000][info][gc,marking  ] GC(62) Concurrent Mark From Roots
[2024-08-28T01:09:50.699+0000][info][gc,task     ] GC(62) Using 17 workers of 17 for marking
[2024-08-28T01:09:50.719+0000][info][gc,marking  ] GC(62) Concurrent Mark From Roots 20.428ms
[2024-08-28T01:09:50.719+0000][info][gc,marking  ] GC(62) Concurrent Preclean
[2024-08-28T01:09:50.720+0000][info][gc,marking  ] GC(62) Concurrent Preclean 0.505ms
[2024-08-28T01:09:50.720+0000][info][gc,start    ] GC(62) Pause Remark
[2024-08-28T01:09:50.722+0000][info][gc          ] GC(62) Pause Remark 1597M->1397M(2048M) 1.963ms
[2024-08-28T01:09:50.722+0000][info][gc,cpu      ] GC(62) User=0.01s Sys=0.00s Real=0.00s
[2024-08-28T01:09:50.722+0000][info][gc,marking  ] GC(62) Concurrent Mark 23.320ms
[2024-08-28T01:09:50.722+0000][info][gc,marking  ] GC(62) Concurrent Rebuild Remembered Sets
[2024-08-28T01:09:50.749+0000][info][gc,start    ] GC(63) Pause Young (Normal) (G1 Evacuation Pause)
[2024-08-28T01:09:50.749+0000][info][gc,task     ] GC(63) Using 49 workers of 68 for evacuation
[2024-08-28T01:09:50.768+0000][info][gc,phases   ] GC(63)   Pre Evacuate Collection Set: 0.3ms
[2024-08-28T01:09:50.769+0000][info][gc,phases   ] GC(63)   Merge Heap Roots: 0.9ms
[2024-08-28T01:09:50.769+0000][info][gc,phases   ] GC(63)   Evacuate Collection Set: 16.9ms
[2024-08-28T01:09:50.769+0000][info][gc,phases   ] GC(63)   Post Evacuate Collection Set: 1.4ms
[2024-08-28T01:09:50.769+0000][info][gc,phases   ] GC(63)   Other: 0.3ms
[2024-08-28T01:09:50.769+0000][info][gc,heap     ] GC(63) Eden regions: 88->0(123)
[2024-08-28T01:09:50.769+0000][info][gc,heap     ] GC(63) Survivor regions: 18->14(14)
[2024-08-28T01:09:50.769+0000][info][gc,heap     ] GC(63) Old regions: 1340->1437
[2024-08-28T01:09:50.769+0000][info][gc,heap     ] GC(63) Archive regions: 2->2
[2024-08-28T01:09:50.769+0000][info][gc,heap     ] GC(63) Humongous regions: 5->5
[2024-08-28T01:09:50.769+0000][info][gc,metaspace] GC(63) Metaspace: 100K(320K)->100K(320K) NonClass: 96K(192K)->96K(192K) Class: 4K(128K)->4K(128K)
[2024-08-28T01:09:50.769+0000][info][gc          ] GC(63) Pause Young (Normal) (G1 Evacuation Pause) 1451M->1456M(2048M) 19.811ms
[2024-08-28T01:09:50.769+0000][info][gc,cpu      ] GC(63) User=0.87s Sys=0.00s Real=0.02s
[2024-08-28T01:09:50.790+0000][info][gc,marking  ] GC(62) Concurrent Rebuild Remembered Sets 68.190ms
[2024-08-28T01:09:50.790+0000][info][gc,start    ] GC(62) Pause Cleanup
[2024-08-28T01:09:50.793+0000][info][gc          ] GC(62) Pause Cleanup 1496M->1496M(2048M) 2.822ms
[2024-08-28T01:09:50.793+0000][info][gc,cpu      ] GC(62) User=0.01s Sys=0.00s Real=0.00s
[2024-08-28T01:09:50.793+0000][info][gc,marking  ] GC(62) Concurrent Cleanup for Next Mark
[2024-08-28T01:09:50.795+0000][info][gc,marking  ] GC(62) Concurrent Cleanup for Next Mark 1.478ms
[2024-08-28T01:09:50.795+0000][info][gc          ] GC(62) Concurrent Mark Cycle 100.086ms
[2024-08-28T01:09:50.837+0000][info][gc,start    ] GC(64) Pause Young (Prepare Mixed) (G1 Evacuation Pause)
[2024-08-28T01:09:50.837+0000][info][gc,task     ] GC(64) Using 49 workers of 68 for evacuation
[2024-08-28T01:09:50.860+0000][info][gc,phases   ] GC(64)   Pre Evacuate Collection Set: 0.3ms
[2024-08-28T01:09:50.860+0000][info][gc,phases   ] GC(64)   Merge Heap Roots: 0.9ms
[2024-08-28T01:09:50.860+0000][info][gc,phases   ] GC(64)   Evacuate Collection Set: 20.3ms
[2024-08-28T01:09:50.860+0000][info][gc,phases   ] GC(64)   Post Evacuate Collection Set: 0.5ms
[2024-08-28T01:09:50.860+0000][info][gc,phases   ] GC(64)   Other: 0.3ms
[2024-08-28T01:09:50.860+0000][info][gc,heap     ] GC(64) Eden regions: 123->0(84)
[2024-08-28T01:09:50.860+0000][info][gc,heap     ] GC(64) Survivor regions: 14->18(18)
[2024-08-28T01:09:50.860+0000][info][gc,heap     ] GC(64) Old regions: 1437->1560
[2024-08-28T01:09:50.860+0000][info][gc,heap     ] GC(64) Archive regions: 2->2
[2024-08-28T01:09:50.860+0000][info][gc,heap     ] GC(64) Humongous regions: 5->5
[2024-08-28T01:09:50.860+0000][info][gc,metaspace] GC(64) Metaspace: 100K(320K)->100K(320K) NonClass: 96K(192K)->96K(192K) Class: 4K(128K)->4K(128K)
[2024-08-28T01:09:50.860+0000][info][gc          ] GC(64) Pause Young (Prepare Mixed) (G1 Evacuation Pause) 1579M->1583M(2048M) 22.454ms
[2024-08-28T01:09:50.860+0000][info][gc,cpu      ] GC(64) User=0.98s Sys=0.05s Real=0.03s
[2024-08-28T01:09:50.903+0000][info][gc,start    ] GC(65) Pause Young (Mixed) (G1 Evacuation Pause)
[2024-08-28T01:09:50.903+0000][info][gc,task     ] GC(65) Using 49 workers of 68 for evacuation
[2024-08-28T01:09:50.922+0000][info][gc,phases   ] GC(65)   Pre Evacuate Collection Set: 0.4ms
[2024-08-28T01:09:50.922+0000][info][gc,phases   ] GC(65)   Merge Heap Roots: 0.5ms
[2024-08-28T01:09:50.922+0000][info][gc,phases   ] GC(65)   Evacuate Collection Set: 17.5ms
[2024-08-28T01:09:50.922+0000][info][gc,phases   ] GC(65)   Post Evacuate Collection Set: 0.5ms
[2024-08-28T01:09:50.922+0000][info][gc,phases   ] GC(65)   Other: 0.3ms
[2024-08-28T01:09:50.922+0000][info][gc,heap     ] GC(65) Eden regions: 84->0(89)
[2024-08-28T01:09:50.922+0000][info][gc,heap     ] GC(65) Survivor regions: 18->13(13)
[2024-08-28T01:09:50.922+0000][info][gc,heap     ] GC(65) Old regions: 1560->1531
[2024-08-28T01:09:50.922+0000][info][gc,heap     ] GC(65) Archive regions: 2->2
[2024-08-28T01:09:50.922+0000][info][gc,heap     ] GC(65) Humongous regions: 5->5
[2024-08-28T01:09:50.923+0000][info][gc,metaspace] GC(65) Metaspace: 100K(320K)->100K(320K) NonClass: 96K(192K)->96K(192K) Class: 4K(128K)->4K(128K)
[2024-08-28T01:09:50.923+0000][info][gc          ] GC(65) Pause Young (Mixed) (G1 Evacuation Pause) 1667M->1549M(2048M) 19.233ms
[2024-08-28T01:09:50.923+0000][info][gc,cpu      ] GC(65) User=0.70s Sys=0.18s Real=0.02s
[2024-08-28T01:09:50.969+0000][info][gc,start    ] GC(66) Pause Young (Mixed) (G1 Evacuation Pause)
[2024-08-28T01:09:50.969+0000][info][gc,task     ] GC(66) Using 49 workers of 68 for evacuation
[2024-08-28T01:09:50.986+0000][info][gc,phases   ] GC(66)   Pre Evacuate Collection Set: 0.4ms
[2024-08-28T01:09:50.986+0000][info][gc,phases   ] GC(66)   Merge Heap Roots: 0.8ms
[2024-08-28T01:09:50.986+0000][info][gc,phases   ] GC(66)   Evacuate Collection Set: 15.1ms
[2024-08-28T01:09:50.986+0000][info][gc,phases   ] GC(66)   Post Evacuate Collection Set: 0.5ms
[2024-08-28T01:09:50.986+0000][info][gc,phases   ] GC(66)   Other: 0.3ms
[2024-08-28T01:09:50.986+0000][info][gc,heap     ] GC(66) Eden regions: 89->0(89)
[2024-08-28T01:09:50.986+0000][info][gc,heap     ] GC(66) Survivor regions: 13->13(13)
[2024-08-28T01:09:50.986+0000][info][gc,heap     ] GC(66) Old regions: 1531->1502
[2024-08-28T01:09:50.986+0000][info][gc,heap     ] GC(66) Archive regions: 2->2
[2024-08-28T01:09:50.986+0000][info][gc,heap     ] GC(66) Humongous regions: 5->5
[2024-08-28T01:09:50.986+0000][info][gc,metaspace] GC(66) Metaspace: 100K(320K)->100K(320K) NonClass: 96K(192K)->96K(192K) Class: 4K(128K)->4K(128K)
[2024-08-28T01:09:50.986+0000][info][gc          ] GC(66) Pause Young (Mixed) (G1 Evacuation Pause) 1638M->1520M(2048M) 17.095ms
[2024-08-28T01:09:50.986+0000][info][gc,cpu      ] GC(66) User=0.75s Sys=0.01s Real=0.02s
[2024-08-28T01:09:51.032+0000][info][gc,start    ] GC(67) Pause Young (Mixed) (G1 Evacuation Pause)
[2024-08-28T01:09:51.032+0000][info][gc,task     ] GC(67) Using 49 workers of 68 for evacuation
[2024-08-28T01:09:51.048+0000][info][gc,phases   ] GC(67)   Pre Evacuate Collection Set: 0.4ms
[2024-08-28T01:09:51.049+0000][info][gc,phases   ] GC(67)   Merge Heap Roots: 0.5ms
[2024-08-28T01:09:51.049+0000][info][gc,phases   ] GC(67)   Evacuate Collection Set: 14.8ms
[2024-08-28T01:09:51.049+0000][info][gc,phases   ] GC(67)   Post Evacuate Collection Set: 0.5ms
[2024-08-28T01:09:51.049+0000][info][gc,phases   ] GC(67)   Other: 0.2ms
[2024-08-28T01:09:51.049+0000][info][gc,heap     ] GC(67) Eden regions: 89->0(89)
[2024-08-28T01:09:51.049+0000][info][gc,heap     ] GC(67) Survivor regions: 13->13(13)
[2024-08-28T01:09:51.049+0000][info][gc,heap     ] GC(67) Old regions: 1502->1472
[2024-08-28T01:09:51.049+0000][info][gc,heap     ] GC(67) Archive regions: 2->2
[2024-08-28T01:09:51.049+0000][info][gc,heap     ] GC(67) Humongous regions: 5->5
[2024-08-28T01:09:51.049+0000][info][gc,metaspace] GC(67) Metaspace: 100K(320K)->100K(320K) NonClass: 96K(192K)->96K(192K) Class: 4K(128K)->4K(128K)
[2024-08-28T01:09:51.049+0000][info][gc          ] GC(67) Pause Young (Mixed) (G1 Evacuation Pause) 1609M->1490M(2048M) 16.489ms
[2024-08-28T01:09:51.049+0000][info][gc,cpu      ] GC(67) User=0.75s Sys=0.00s Real=0.01s
[2024-08-28T01:09:51.094+0000][info][gc,start    ] GC(68) Pause Young (Mixed) (G1 Evacuation Pause)
[2024-08-28T01:09:51.094+0000][info][gc,task     ] GC(68) Using 49 workers of 68 for evacuation
[2024-08-28T01:09:51.110+0000][info][gc,phases   ] GC(68)   Pre Evacuate Collection Set: 0.4ms
[2024-08-28T01:09:51.111+0000][info][gc,phases   ] GC(68)   Merge Heap Roots: 0.8ms
[2024-08-28T01:09:51.111+0000][info][gc,phases   ] GC(68)   Evacuate Collection Set: 14.5ms
[2024-08-28T01:09:51.111+0000][info][gc,phases   ] GC(68)   Post Evacuate Collection Set: 0.6ms
[2024-08-28T01:09:51.111+0000][info][gc,phases   ] GC(68)   Other: 0.2ms
[2024-08-28T01:09:51.111+0000][info][gc,heap     ] GC(68) Eden regions: 89->0(89)
[2024-08-28T01:09:51.111+0000][info][gc,heap     ] GC(68) Survivor regions: 13->13(13)
[2024-08-28T01:09:51.111+0000][info][gc,heap     ] GC(68) Old regions: 1472->1442
[2024-08-28T01:09:51.111+0000][info][gc,heap     ] GC(68) Archive regions: 2->2
[2024-08-28T01:09:51.111+0000][info][gc,heap     ] GC(68) Humongous regions: 5->5
[2024-08-28T01:09:51.111+0000][info][gc,metaspace] GC(68) Metaspace: 100K(320K)->100K(320K) NonClass: 96K(192K)->96K(192K) Class: 4K(128K)->4K(128K)
[2024-08-28T01:09:51.111+0000][info][gc          ] GC(68) Pause Young (Mixed) (G1 Evacuation Pause) 1579M->1460M(2048M) 16.578ms
[2024-08-28T01:09:51.111+0000][info][gc,cpu      ] GC(68) User=0.75s Sys=0.00s Real=0.02s
[2024-08-28T01:09:51.156+0000][info][gc,start    ] GC(69) Pause Young (Mixed) (G1 Evacuation Pause)
[2024-08-28T01:09:51.156+0000][info][gc,task     ] GC(69) Using 49 workers of 68 for evacuation
[2024-08-28T01:09:51.172+0000][info][gc,phases   ] GC(69)   Pre Evacuate Collection Set: 0.4ms
[2024-08-28T01:09:51.172+0000][info][gc,phases   ] GC(69)   Merge Heap Roots: 0.5ms
[2024-08-28T01:09:51.172+0000][info][gc,phases   ] GC(69)   Evacuate Collection Set: 13.7ms
[2024-08-28T01:09:51.172+0000][info][gc,phases   ] GC(69)   Post Evacuate Collection Set: 0.5ms
[2024-08-28T01:09:51.172+0000][info][gc,phases   ] GC(69)   Other: 0.2ms
[2024-08-28T01:09:51.172+0000][info][gc,heap     ] GC(69) Eden regions: 89->0(89)
[2024-08-28T01:09:51.172+0000][info][gc,heap     ] GC(69) Survivor regions: 13->13(13)
[2024-08-28T01:09:51.172+0000][info][gc,heap     ] GC(69) Old regions: 1442->1413
[2024-08-28T01:09:51.172+0000][info][gc,heap     ] GC(69) Archive regions: 2->2
[2024-08-28T01:09:51.172+0000][info][gc,heap     ] GC(69) Humongous regions: 5->5
[2024-08-28T01:09:51.172+0000][info][gc,metaspace] GC(69) Metaspace: 100K(320K)->100K(320K) NonClass: 96K(192K)->96K(192K) Class: 4K(128K)->4K(128K)
[2024-08-28T01:09:51.172+0000][info][gc          ] GC(69) Pause Young (Mixed) (G1 Evacuation Pause) 1549M->1431M(2048M) 15.553ms
[2024-08-28T01:09:51.172+0000][info][gc,cpu      ] GC(69) User=0.68s Sys=0.01s Real=0.02s
[2024-08-28T01:09:51.218+0000][info][gc,start    ] GC(70) Pause Young (Mixed) (G1 Evacuation Pause)
[2024-08-28T01:09:51.218+0000][info][gc,task     ] GC(70) Using 49 workers of 68 for evacuation
[2024-08-28T01:09:51.235+0000][info][gc,phases   ] GC(70)   Pre Evacuate Collection Set: 0.4ms
[2024-08-28T01:09:51.235+0000][info][gc,phases   ] GC(70)   Merge Heap Roots: 0.9ms
[2024-08-28T01:09:51.235+0000][info][gc,phases   ] GC(70)   Evacuate Collection Set: 14.9ms
[2024-08-28T01:09:51.235+0000][info][gc,phases   ] GC(70)   Post Evacuate Collection Set: 0.6ms
[2024-08-28T01:09:51.235+0000][info][gc,phases   ] GC(70)   Other: 0.3ms
[2024-08-28T01:09:51.235+0000][info][gc,heap     ] GC(70) Eden regions: 89->0(89)
[2024-08-28T01:09:51.235+0000][info][gc,heap     ] GC(70) Survivor regions: 13->13(13)
[2024-08-28T01:09:51.235+0000][info][gc,heap     ] GC(70) Old regions: 1413->1383
[2024-08-28T01:09:51.235+0000][info][gc,heap     ] GC(70) Archive regions: 2->2
[2024-08-28T01:09:51.235+0000][info][gc,heap     ] GC(70) Humongous regions: 5->5
[2024-08-28T01:09:51.235+0000][info][gc,metaspace] GC(70) Metaspace: 100K(320K)->100K(320K) NonClass: 96K(192K)->96K(192K) Class: 4K(128K)->4K(128K)
[2024-08-28T01:09:51.235+0000][info][gc          ] GC(70) Pause Young (Mixed) (G1 Evacuation Pause) 1520M->1401M(2048M) 17.153ms
[2024-08-28T01:09:51.235+0000][info][gc,cpu      ] GC(70) User=0.76s Sys=0.00s Real=0.01s
[2024-08-28T01:09:51.282+0000][info][gc,start    ] GC(71) Pause Young (Mixed) (G1 Evacuation Pause)
[2024-08-28T01:09:51.282+0000][info][gc,task     ] GC(71) Using 49 workers of 68 for evacuation
[2024-08-28T01:09:51.297+0000][info][gc,phases   ] GC(71)   Pre Evacuate Collection Set: 0.4ms
[2024-08-28T01:09:51.298+0000][info][gc,phases   ] GC(71)   Merge Heap Roots: 0.5ms
[2024-08-28T01:09:51.298+0000][info][gc,phases   ] GC(71)   Evacuate Collection Set: 14.1ms
[2024-08-28T01:09:51.298+0000][info][gc,phases   ] GC(71)   Post Evacuate Collection Set: 0.6ms
[2024-08-28T01:09:51.298+0000][info][gc,phases   ] GC(71)   Other: 0.2ms
[2024-08-28T01:09:51.298+0000][info][gc,heap     ] GC(71) Eden regions: 89->0(132)
[2024-08-28T01:09:51.298+0000][info][gc,heap     ] GC(71) Survivor regions: 13->13(13)
[2024-08-28T01:09:51.298+0000][info][gc,heap     ] GC(71) Old regions: 1383->1408
[2024-08-28T01:09:51.298+0000][info][gc,heap     ] GC(71) Archive regions: 2->2
[2024-08-28T01:09:51.298+0000][info][gc,heap     ] GC(71) Humongous regions: 5->5
[2024-08-28T01:09:51.298+0000][info][gc,metaspace] GC(71) Metaspace: 100K(320K)->100K(320K) NonClass: 96K(192K)->96K(192K) Class: 4K(128K)->4K(128K)
[2024-08-28T01:09:51.298+0000][info][gc          ] GC(71) Pause Young (Mixed) (G1 Evacuation Pause) 1490M->1426M(2048M) 16.106ms
[2024-08-28T01:09:51.298+0000][info][gc,cpu      ] GC(71) User=0.69s Sys=0.03s Real=0.02s
[2024-08-28T01:09:51.368+0000][info][gc,start    ] GC(72) Pause Young (Concurrent Start) (G1 Evacuation Pause)
[2024-08-28T01:09:51.368+0000][info][gc,task     ] GC(72) Using 49 workers of 68 for evacuation
[2024-08-28T01:09:51.393+0000][info][gc,phases   ] GC(72)   Pre Evacuate Collection Set: 0.3ms
[2024-08-28T01:09:51.393+0000][info][gc,phases   ] GC(72)   Merge Heap Roots: 0.6ms
[2024-08-28T01:09:51.393+0000][info][gc,phases   ] GC(72)   Evacuate Collection Set: 22.3ms
[2024-08-28T01:09:51.393+0000][info][gc,phases   ] GC(72)   Post Evacuate Collection Set: 0.6ms
[2024-08-28T01:09:51.393+0000][info][gc,phases   ] GC(72)   Other: 0.9ms
[2024-08-28T01:09:51.393+0000][info][gc,heap     ] GC(72) Eden regions: 132->0(89)
[2024-08-28T01:09:51.393+0000][info][gc,heap     ] GC(72) Survivor regions: 13->19(19)
[2024-08-28T01:09:51.393+0000][info][gc,heap     ] GC(72) Old regions: 1408->1537
[2024-08-28T01:09:51.393+0000][info][gc,heap     ] GC(72) Archive regions: 2->2
[2024-08-28T01:09:51.393+0000][info][gc,heap     ] GC(72) Humongous regions: 5->5
[2024-08-28T01:09:51.393+0000][info][gc,metaspace] GC(72) Metaspace: 100K(320K)->100K(320K) NonClass: 96K(192K)->96K(192K) Class: 4K(128K)->4K(128K)
[2024-08-28T01:09:51.393+0000][info][gc          ] GC(72) Pause Young (Concurrent Start) (G1 Evacuation Pause) 1558M->1561M(2048M) 24.885ms
[2024-08-28T01:09:51.393+0000][info][gc,cpu      ] GC(72) User=0.81s Sys=0.30s Real=0.03s
[2024-08-28T01:09:51.393+0000][info][gc          ] GC(73) Concurrent Mark Cycle
[2024-08-28T01:09:51.393+0000][info][gc,marking  ] GC(73) Concurrent Clear Claimed Marks
[2024-08-28T01:09:51.393+0000][info][gc,marking  ] GC(73) Concurrent Clear Claimed Marks 0.012ms
[2024-08-28T01:09:51.393+0000][info][gc,marking  ] GC(73) Concurrent Scan Root Regions
[2024-08-28T01:09:51.397+0000][info][gc,marking  ] GC(73) Concurrent Scan Root Regions 3.803ms
[2024-08-28T01:09:51.397+0000][info][gc,marking  ] GC(73) Concurrent Mark
[2024-08-28T01:09:51.397+0000][info][gc,marking  ] GC(73) Concurrent Mark From Roots
[2024-08-28T01:09:51.397+0000][info][gc,task     ] GC(73) Using 17 workers of 17 for marking
[2024-08-28T01:09:51.416+0000][info][gc,marking  ] GC(73) Concurrent Mark From Roots 19.343ms
[2024-08-28T01:09:51.416+0000][info][gc,marking  ] GC(73) Concurrent Preclean
[2024-08-28T01:09:51.418+0000][info][gc,marking  ] GC(73) Concurrent Preclean 1.759ms
[2024-08-28T01:09:51.418+0000][info][gc,start    ] GC(73) Pause Remark
[2024-08-28T01:09:51.421+0000][info][gc          ] GC(73) Pause Remark 1595M->1390M(2048M) 2.655ms
[2024-08-28T01:09:51.421+0000][info][gc,cpu      ] GC(73) User=0.02s Sys=0.01s Real=0.00s
[2024-08-28T01:09:51.421+0000][info][gc,marking  ] GC(73) Concurrent Mark 24.413ms
[2024-08-28T01:09:51.421+0000][info][gc,marking  ] GC(73) Concurrent Rebuild Remembered Sets
[2024-08-28T01:09:51.451+0000][info][gc,start    ] GC(74) Pause Young (Normal) (G1 Evacuation Pause)
[2024-08-28T01:09:51.451+0000][info][gc,task     ] GC(74) Using 49 workers of 68 for evacuation
[2024-08-28T01:09:51.471+0000][info][gc,phases   ] GC(74)   Pre Evacuate Collection Set: 0.3ms
[2024-08-28T01:09:51.471+0000][info][gc,phases   ] GC(74)   Merge Heap Roots: 1.0ms
[2024-08-28T01:09:51.471+0000][info][gc,phases   ] GC(74)   Evacuate Collection Set: 17.4ms
[2024-08-28T01:09:51.471+0000][info][gc,phases   ] GC(74)   Post Evacuate Collection Set: 1.0ms
[2024-08-28T01:09:51.471+0000][info][gc,phases   ] GC(74)   Other: 0.3ms
[2024-08-28T01:09:51.471+0000][info][gc,heap     ] GC(74) Eden regions: 89->0(124)
[2024-08-28T01:09:51.471+0000][info][gc,heap     ] GC(74) Survivor regions: 19->14(14)
[2024-08-28T01:09:51.471+0000][info][gc,heap     ] GC(74) Old regions: 1332->1432
[2024-08-28T01:09:51.471+0000][info][gc,heap     ] GC(74) Archive regions: 2->2
[2024-08-28T01:09:51.471+0000][info][gc,heap     ] GC(74) Humongous regions: 5->5
[2024-08-28T01:09:51.471+0000][info][gc,metaspace] GC(74) Metaspace: 100K(320K)->100K(320K) NonClass: 96K(192K)->96K(192K) Class: 4K(128K)->4K(128K)
[2024-08-28T01:09:51.471+0000][info][gc          ] GC(74) Pause Young (Normal) (G1 Evacuation Pause) 1445M->1451M(2048M) 20.097ms
[2024-08-28T01:09:51.471+0000][info][gc,cpu      ] GC(74) User=0.86s Sys=0.04s Real=0.02s
[2024-08-28T01:09:51.490+0000][info][gc,marking  ] GC(73) Concurrent Rebuild Remembered Sets 69.079ms
[2024-08-28T01:09:51.491+0000][info][gc,start    ] GC(73) Pause Cleanup
[2024-08-28T01:09:51.496+0000][info][gc          ] GC(73) Pause Cleanup 1486M->1486M(2048M) 5.565ms
[2024-08-28T01:09:51.497+0000][info][gc,cpu      ] GC(73) User=0.01s Sys=0.00s Real=0.00s
[2024-08-28T01:09:51.497+0000][info][gc,marking  ] GC(73) Concurrent Cleanup for Next Mark
[2024-08-28T01:09:51.498+0000][info][gc,marking  ] GC(73) Concurrent Cleanup for Next Mark 1.470ms
[2024-08-28T01:09:51.498+0000][info][gc          ] GC(73) Concurrent Mark Cycle 105.346ms
[2024-08-28T01:09:51.546+0000][info][gc,start    ] GC(75) Pause Young (Prepare Mixed) (G1 Evacuation Pause)
[2024-08-28T01:09:51.546+0000][info][gc,task     ] GC(75) Using 49 workers of 68 for evacuation
[2024-08-28T01:09:51.571+0000][info][gc,phases   ] GC(75)   Pre Evacuate Collection Set: 0.3ms
[2024-08-28T01:09:51.572+0000][info][gc,phases   ] GC(75)   Merge Heap Roots: 1.2ms
[2024-08-28T01:09:51.572+0000][info][gc,phases   ] GC(75)   Evacuate Collection Set: 23.0ms
[2024-08-28T01:09:51.572+0000][info][gc,phases   ] GC(75)   Post Evacuate Collection Set: 0.7ms
[2024-08-28T01:09:51.572+0000][info][gc,phases   ] GC(75)   Other: 0.4ms
[2024-08-28T01:09:51.572+0000][info][gc,heap     ] GC(75) Eden regions: 124->0(84)
[2024-08-28T01:09:51.572+0000][info][gc,heap     ] GC(75) Survivor regions: 14->18(18)
[2024-08-28T01:09:51.572+0000][info][gc,heap     ] GC(75) Old regions: 1432->1554
[2024-08-28T01:09:51.572+0000][info][gc,heap     ] GC(75) Archive regions: 2->2
[2024-08-28T01:09:51.572+0000][info][gc,heap     ] GC(75) Humongous regions: 5->5
[2024-08-28T01:09:51.572+0000][info][gc,metaspace] GC(75) Metaspace: 100K(320K)->100K(320K) NonClass: 96K(192K)->96K(192K) Class: 4K(128K)->4K(128K)
[2024-08-28T01:09:51.572+0000][info][gc          ] GC(75) Pause Young (Prepare Mixed) (G1 Evacuation Pause) 1575M->1577M(2048M) 25.776ms
[2024-08-28T01:09:51.572+0000][info][gc,cpu      ] GC(75) User=1.14s Sys=0.03s Real=0.03s
[2024-08-28T01:09:51.617+0000][info][gc,start    ] GC(76) Pause Young (Mixed) (G1 Evacuation Pause)
[2024-08-28T01:09:51.617+0000][info][gc,task     ] GC(76) Using 49 workers of 68 for evacuation
[2024-08-28T01:09:51.638+0000][info][gc,phases   ] GC(76)   Pre Evacuate Collection Set: 0.4ms
[2024-08-28T01:09:51.638+0000][info][gc,phases   ] GC(76)   Merge Heap Roots: 0.6ms
[2024-08-28T01:09:51.638+0000][info][gc,phases   ] GC(76)   Evacuate Collection Set: 19.2ms
[2024-08-28T01:09:51.638+0000][info][gc,phases   ] GC(76)   Post Evacuate Collection Set: 0.7ms
[2024-08-28T01:09:51.638+0000][info][gc,phases   ] GC(76)   Other: 0.4ms
[2024-08-28T01:09:51.638+0000][info][gc,heap     ] GC(76) Eden regions: 84->0(89)
[2024-08-28T01:09:51.638+0000][info][gc,heap     ] GC(76) Survivor regions: 18->13(13)
[2024-08-28T01:09:51.638+0000][info][gc,heap     ] GC(76) Old regions: 1554->1527
[2024-08-28T01:09:51.638+0000][info][gc,heap     ] GC(76) Archive regions: 2->2
[2024-08-28T01:09:51.638+0000][info][gc,heap     ] GC(76) Humongous regions: 5->5
[2024-08-28T01:09:51.638+0000][info][gc,metaspace] GC(76) Metaspace: 100K(320K)->100K(320K) NonClass: 96K(192K)->96K(192K) Class: 4K(128K)->4K(128K)
[2024-08-28T01:09:51.638+0000][info][gc          ] GC(76) Pause Young (Mixed) (G1 Evacuation Pause) 1661M->1545M(2048M) 21.313ms
[2024-08-28T01:09:51.639+0000][info][gc,cpu      ] GC(76) User=0.75s Sys=0.18s Real=0.03s
[2024-08-28T01:09:51.687+0000][info][gc,start    ] GC(77) Pause Young (Mixed) (G1 Evacuation Pause)
[2024-08-28T01:09:51.687+0000][info][gc,task     ] GC(77) Using 49 workers of 68 for evacuation
[2024-08-28T01:09:51.704+0000][info][gc,phases   ] GC(77)   Pre Evacuate Collection Set: 0.5ms
[2024-08-28T01:09:51.704+0000][info][gc,phases   ] GC(77)   Merge Heap Roots: 0.8ms
[2024-08-28T01:09:51.704+0000][info][gc,phases   ] GC(77)   Evacuate Collection Set: 15.0ms
[2024-08-28T01:09:51.704+0000][info][gc,phases   ] GC(77)   Post Evacuate Collection Set: 0.5ms
[2024-08-28T01:09:51.704+0000][info][gc,phases   ] GC(77)   Other: 0.3ms
[2024-08-28T01:09:51.704+0000][info][gc,heap     ] GC(77) Eden regions: 89->0(89)
[2024-08-28T01:09:51.704+0000][info][gc,heap     ] GC(77) Survivor regions: 13->13(13)
[2024-08-28T01:09:51.704+0000][info][gc,heap     ] GC(77) Old regions: 1527->1498
[2024-08-28T01:09:51.704+0000][info][gc,heap     ] GC(77) Archive regions: 2->2
[2024-08-28T01:09:51.704+0000][info][gc,heap     ] GC(77) Humongous regions: 5->5
[2024-08-28T01:09:51.704+0000][info][gc,metaspace] GC(77) Metaspace: 100K(320K)->100K(320K) NonClass: 96K(192K)->96K(192K) Class: 4K(128K)->4K(128K)
[2024-08-28T01:09:51.704+0000][info][gc          ] GC(77) Pause Young (Mixed) (G1 Evacuation Pause) 1634M->1516M(2048M) 17.184ms
[2024-08-28T01:09:51.704+0000][info][gc,cpu      ] GC(77) User=0.77s Sys=0.01s Real=0.02s
[2024-08-28T01:09:51.751+0000][info][gc,start    ] GC(78) Pause Young (Mixed) (G1 Evacuation Pause)
[2024-08-28T01:09:51.751+0000][info][gc,task     ] GC(78) Using 49 workers of 68 for evacuation
[2024-08-28T01:09:51.768+0000][info][gc,phases   ] GC(78)   Pre Evacuate Collection Set: 0.4ms
[2024-08-28T01:09:51.768+0000][info][gc,phases   ] GC(78)   Merge Heap Roots: 0.5ms
[2024-08-28T01:09:51.768+0000][info][gc,phases   ] GC(78)   Evacuate Collection Set: 14.9ms
[2024-08-28T01:09:51.768+0000][info][gc,phases   ] GC(78)   Post Evacuate Collection Set: 0.5ms
[2024-08-28T01:09:51.768+0000][info][gc,phases   ] GC(78)   Other: 0.3ms
[2024-08-28T01:09:51.768+0000][info][gc,heap     ] GC(78) Eden regions: 89->0(89)
[2024-08-28T01:09:51.768+0000][info][gc,heap     ] GC(78) Survivor regions: 13->13(13)
[2024-08-28T01:09:51.768+0000][info][gc,heap     ] GC(78) Old regions: 1498->1469
[2024-08-28T01:09:51.768+0000][info][gc,heap     ] GC(78) Archive regions: 2->2
[2024-08-28T01:09:51.768+0000][info][gc,heap     ] GC(78) Humongous regions: 5->5
[2024-08-28T01:09:51.768+0000][info][gc,metaspace] GC(78) Metaspace: 100K(320K)->100K(320K) NonClass: 96K(192K)->96K(192K) Class: 4K(128K)->4K(128K)
[2024-08-28T01:09:51.768+0000][info][gc          ] GC(78) Pause Young (Mixed) (G1 Evacuation Pause) 1605M->1487M(2048M) 16.711ms
[2024-08-28T01:09:51.768+0000][info][gc,cpu      ] GC(78) User=0.75s Sys=0.00s Real=0.01s
[2024-08-28T01:09:51.814+0000][info][gc,start    ] GC(79) Pause Young (Mixed) (G1 Evacuation Pause)
[2024-08-28T01:09:51.814+0000][info][gc,task     ] GC(79) Using 49 workers of 68 for evacuation
[2024-08-28T01:09:51.836+0000][info][gc,phases   ] GC(79)   Pre Evacuate Collection Set: 0.4ms
[2024-08-28T01:09:51.836+0000][info][gc,phases   ] GC(79)   Merge Heap Roots: 0.8ms
[2024-08-28T01:09:51.836+0000][info][gc,phases   ] GC(79)   Evacuate Collection Set: 18.6ms
[2024-08-28T01:09:51.836+0000][info][gc,phases   ] GC(79)   Post Evacuate Collection Set: 1.5ms
[2024-08-28T01:09:51.836+0000][info][gc,phases   ] GC(79)   Other: 0.3ms
[2024-08-28T01:09:51.836+0000][info][gc,heap     ] GC(79) Eden regions: 89->0(89)
[2024-08-28T01:09:51.836+0000][info][gc,heap     ] GC(79) Survivor regions: 13->13(13)
[2024-08-28T01:09:51.836+0000][info][gc,heap     ] GC(79) Old regions: 1469->1440
[2024-08-28T01:09:51.836+0000][info][gc,heap     ] GC(79) Archive regions: 2->2
[2024-08-28T01:09:51.836+0000][info][gc,heap     ] GC(79) Humongous regions: 5->5
[2024-08-28T01:09:51.836+0000][info][gc,metaspace] GC(79) Metaspace: 100K(320K)->100K(320K) NonClass: 96K(192K)->96K(192K) Class: 4K(128K)->4K(128K)
[2024-08-28T01:09:51.836+0000][info][gc          ] GC(79) Pause Young (Mixed) (G1 Evacuation Pause) 1576M->1458M(2048M) 21.643ms
[2024-08-28T01:09:51.836+0000][info][gc,cpu      ] GC(79) User=0.78s Sys=0.17s Real=0.02s
[2024-08-28T01:09:51.893+0000][info][gc,start    ] GC(80) Pause Young (Mixed) (G1 Evacuation Pause)
[2024-08-28T01:09:51.893+0000][info][gc,task     ] GC(80) Using 49 workers of 68 for evacuation
[2024-08-28T01:09:51.911+0000][info][gc,phases   ] GC(80)   Pre Evacuate Collection Set: 0.5ms
[2024-08-28T01:09:51.911+0000][info][gc,phases   ] GC(80)   Merge Heap Roots: 0.6ms
[2024-08-28T01:09:51.911+0000][info][gc,phases   ] GC(80)   Evacuate Collection Set: 15.6ms
[2024-08-28T01:09:51.911+0000][info][gc,phases   ] GC(80)   Post Evacuate Collection Set: 0.6ms
[2024-08-28T01:09:51.911+0000][info][gc,phases   ] GC(80)   Other: 0.3ms
[2024-08-28T01:09:51.911+0000][info][gc,heap     ] GC(80) Eden regions: 89->0(89)
[2024-08-28T01:09:51.911+0000][info][gc,heap     ] GC(80) Survivor regions: 13->13(13)
[2024-08-28T01:09:51.911+0000][info][gc,heap     ] GC(80) Old regions: 1440->1411
[2024-08-28T01:09:51.911+0000][info][gc,heap     ] GC(80) Archive regions: 2->2
[2024-08-28T01:09:51.911+0000][info][gc,heap     ] GC(80) Humongous regions: 5->5
[2024-08-28T01:09:51.911+0000][info][gc,metaspace] GC(80) Metaspace: 100K(320K)->100K(320K) NonClass: 96K(192K)->96K(192K) Class: 4K(128K)->4K(128K)
[2024-08-28T01:09:51.911+0000][info][gc          ] GC(80) Pause Young (Mixed) (G1 Evacuation Pause) 1547M->1429M(2048M) 17.635ms
[2024-08-28T01:09:51.911+0000][info][gc,cpu      ] GC(80) User=0.74s Sys=0.03s Real=0.02s
[2024-08-28T01:09:51.971+0000][info][gc,start    ] GC(81) Pause Young (Mixed) (G1 Evacuation Pause)
[2024-08-28T01:09:51.971+0000][info][gc,task     ] GC(81) Using 49 workers of 68 for evacuation
[2024-08-28T01:09:51.989+0000][info][gc,phases   ] GC(81)   Pre Evacuate Collection Set: 0.5ms
[2024-08-28T01:09:51.989+0000][info][gc,phases   ] GC(81)   Merge Heap Roots: 0.9ms
[2024-08-28T01:09:51.989+0000][info][gc,phases   ] GC(81)   Evacuate Collection Set: 15.0ms
[2024-08-28T01:09:51.989+0000][info][gc,phases   ] GC(81)   Post Evacuate Collection Set: 0.5ms
[2024-08-28T01:09:51.989+0000][info][gc,phases   ] GC(81)   Other: 0.3ms
[2024-08-28T01:09:51.989+0000][info][gc,heap     ] GC(81) Eden regions: 89->0(89)
[2024-08-28T01:09:51.989+0000][info][gc,heap     ] GC(81) Survivor regions: 13->13(13)
[2024-08-28T01:09:51.989+0000][info][gc,heap     ] GC(81) Old regions: 1411->1382
[2024-08-28T01:09:51.989+0000][info][gc,heap     ] GC(81) Archive regions: 2->2
[2024-08-28T01:09:51.989+0000][info][gc,heap     ] GC(81) Humongous regions: 5->5
[2024-08-28T01:09:51.989+0000][info][gc,metaspace] GC(81) Metaspace: 100K(320K)->100K(320K) NonClass: 96K(192K)->96K(192K) Class: 4K(128K)->4K(128K)
[2024-08-28T01:09:51.989+0000][info][gc          ] GC(81) Pause Young (Mixed) (G1 Evacuation Pause) 1518M->1400M(2048M) 17.262ms
[2024-08-28T01:09:51.989+0000][info][gc,cpu      ] GC(81) User=0.76s Sys=0.01s Real=0.01s
[2024-08-28T01:09:52.049+0000][info][gc,start    ] GC(82) Pause Young (Mixed) (G1 Evacuation Pause)
[2024-08-28T01:09:52.049+0000][info][gc,task     ] GC(82) Using 49 workers of 68 for evacuation
[2024-08-28T01:09:52.066+0000][info][gc,phases   ] GC(82)   Pre Evacuate Collection Set: 0.4ms
[2024-08-28T01:09:52.066+0000][info][gc,phases   ] GC(82)   Merge Heap Roots: 0.5ms
[2024-08-28T01:09:52.066+0000][info][gc,phases   ] GC(82)   Evacuate Collection Set: 15.4ms
[2024-08-28T01:09:52.066+0000][info][gc,phases   ] GC(82)   Post Evacuate Collection Set: 0.5ms
[2024-08-28T01:09:52.066+0000][info][gc,phases   ] GC(82)   Other: 0.3ms
[2024-08-28T01:09:52.066+0000][info][gc,heap     ] GC(82) Eden regions: 89->0(131)
[2024-08-28T01:09:52.066+0000][info][gc,heap     ] GC(82) Survivor regions: 13->13(13)
[2024-08-28T01:09:52.066+0000][info][gc,heap     ] GC(82) Old regions: 1382->1412
[2024-08-28T01:09:52.066+0000][info][gc,heap     ] GC(82) Archive regions: 2->2
[2024-08-28T01:09:52.066+0000][info][gc,heap     ] GC(82) Humongous regions: 5->5
[2024-08-28T01:09:52.066+0000][info][gc,metaspace] GC(82) Metaspace: 100K(320K)->100K(320K) NonClass: 96K(192K)->96K(192K) Class: 4K(128K)->4K(128K)
[2024-08-28T01:09:52.066+0000][info][gc          ] GC(82) Pause Young (Mixed) (G1 Evacuation Pause) 1489M->1430M(2048M) 17.120ms
[2024-08-28T01:09:52.066+0000][info][gc,cpu      ] GC(82) User=0.74s Sys=0.02s Real=0.02s
[2024-08-28T01:09:52.155+0000][info][gc,start    ] GC(83) Pause Young (Concurrent Start) (G1 Evacuation Pause)
[2024-08-28T01:09:52.155+0000][info][gc,task     ] GC(83) Using 49 workers of 68 for evacuation
[2024-08-28T01:09:52.178+0000][info][gc,phases   ] GC(83)   Pre Evacuate Collection Set: 0.4ms
[2024-08-28T01:09:52.178+0000][info][gc,phases   ] GC(83)   Merge Heap Roots: 0.6ms
[2024-08-28T01:09:52.178+0000][info][gc,phases   ] GC(83)   Evacuate Collection Set: 20.3ms
[2024-08-28T01:09:52.178+0000][info][gc,phases   ] GC(83)   Post Evacuate Collection Set: 0.6ms
[2024-08-28T01:09:52.178+0000][info][gc,phases   ] GC(83)   Other: 1.4ms
[2024-08-28T01:09:52.178+0000][info][gc,heap     ] GC(83) Eden regions: 131->0(88)
[2024-08-28T01:09:52.178+0000][info][gc,heap     ] GC(83) Survivor regions: 13->18(18)
[2024-08-28T01:09:52.178+0000][info][gc,heap     ] GC(83) Old regions: 1412->1540
[2024-08-28T01:09:52.178+0000][info][gc,heap     ] GC(83) Archive regions: 2->2
[2024-08-28T01:09:52.178+0000][info][gc,heap     ] GC(83) Humongous regions: 5->5
[2024-08-28T01:09:52.178+0000][info][gc,metaspace] GC(83) Metaspace: 100K(320K)->100K(320K) NonClass: 96K(192K)->96K(192K) Class: 4K(128K)->4K(128K)
[2024-08-28T01:09:52.178+0000][info][gc          ] GC(83) Pause Young (Concurrent Start) (G1 Evacuation Pause) 1561M->1563M(2048M) 23.416ms
[2024-08-28T01:09:52.178+0000][info][gc,cpu      ] GC(83) User=1.00s Sys=0.02s Real=0.03s
[2024-08-28T01:09:52.178+0000][info][gc          ] GC(84) Concurrent Mark Cycle
[2024-08-28T01:09:52.178+0000][info][gc,marking  ] GC(84) Concurrent Clear Claimed Marks
[2024-08-28T01:09:52.178+0000][info][gc,marking  ] GC(84) Concurrent Clear Claimed Marks 0.011ms
[2024-08-28T01:09:52.178+0000][info][gc,marking  ] GC(84) Concurrent Scan Root Regions
[2024-08-28T01:09:52.182+0000][info][gc,marking  ] GC(84) Concurrent Scan Root Regions 3.967ms
[2024-08-28T01:09:52.182+0000][info][gc,marking  ] GC(84) Concurrent Mark
[2024-08-28T01:09:52.182+0000][info][gc,marking  ] GC(84) Concurrent Mark From Roots
[2024-08-28T01:09:52.182+0000][info][gc,task     ] GC(84) Using 17 workers of 17 for marking
[2024-08-28T01:09:52.203+0000][info][gc,marking  ] GC(84) Concurrent Mark From Roots 20.905ms
[2024-08-28T01:09:52.203+0000][info][gc,marking  ] GC(84) Concurrent Preclean
[2024-08-28T01:09:52.204+0000][info][gc,marking  ] GC(84) Concurrent Preclean 0.513ms
[2024-08-28T01:09:52.204+0000][info][gc,start    ] GC(84) Pause Remark
[2024-08-28T01:09:52.206+0000][info][gc          ] GC(84) Pause Remark 1585M->1365M(2048M) 2.334ms
[2024-08-28T01:09:52.206+0000][info][gc,cpu      ] GC(84) User=0.03s Sys=0.00s Real=0.00s
[2024-08-28T01:09:52.206+0000][info][gc,marking  ] GC(84) Concurrent Mark 24.177ms
[2024-08-28T01:09:52.206+0000][info][gc,marking  ] GC(84) Concurrent Rebuild Remembered Sets
[2024-08-28T01:09:52.254+0000][info][gc,start    ] GC(85) Pause Young (Normal) (G1 Evacuation Pause)
[2024-08-28T01:09:52.254+0000][info][gc,task     ] GC(85) Using 49 workers of 68 for evacuation
[2024-08-28T01:09:52.271+0000][info][gc,phases   ] GC(85)   Pre Evacuate Collection Set: 0.4ms
[2024-08-28T01:09:52.271+0000][info][gc,phases   ] GC(85)   Merge Heap Roots: 0.6ms
[2024-08-28T01:09:52.271+0000][info][gc,phases   ] GC(85)   Evacuate Collection Set: 14.6ms
[2024-08-28T01:09:52.271+0000][info][gc,phases   ] GC(85)   Post Evacuate Collection Set: 0.7ms
[2024-08-28T01:09:52.271+0000][info][gc,phases   ] GC(85)   Other: 0.3ms
[2024-08-28T01:09:52.271+0000][info][gc,heap     ] GC(85) Eden regions: 88->0(129)
[2024-08-28T01:09:52.271+0000][info][gc,heap     ] GC(85) Survivor regions: 18->14(14)
[2024-08-28T01:09:52.271+0000][info][gc,heap     ] GC(85) Old regions: 1320->1418
[2024-08-28T01:09:52.271+0000][info][gc,heap     ] GC(85) Archive regions: 2->2
[2024-08-28T01:09:52.271+0000][info][gc,heap     ] GC(85) Humongous regions: 5->5
[2024-08-28T01:09:52.271+0000][info][gc,metaspace] GC(85) Metaspace: 100K(320K)->100K(320K) NonClass: 96K(192K)->96K(192K) Class: 4K(128K)->4K(128K)
[2024-08-28T01:09:52.271+0000][info][gc          ] GC(85) Pause Young (Normal) (G1 Evacuation Pause) 1431M->1437M(2048M) 16.752ms
[2024-08-28T01:09:52.271+0000][info][gc,cpu      ] GC(85) User=0.74s Sys=0.01s Real=0.02s
[2024-08-28T01:09:52.272+0000][info][gc,marking  ] GC(84) Concurrent Rebuild Remembered Sets 65.780ms
[2024-08-28T01:09:52.273+0000][info][gc,start    ] GC(84) Pause Cleanup
[2024-08-28T01:09:52.275+0000][info][gc          ] GC(84) Pause Cleanup 1439M->1439M(2048M) 2.863ms
[2024-08-28T01:09:52.276+0000][info][gc,cpu      ] GC(84) User=0.02s Sys=0.00s Real=0.00s
[2024-08-28T01:09:52.276+0000][info][gc,marking  ] GC(84) Concurrent Cleanup for Next Mark
[2024-08-28T01:09:52.277+0000][info][gc,marking  ] GC(84) Concurrent Cleanup for Next Mark 1.963ms
[2024-08-28T01:09:52.278+0000][info][gc          ] GC(84) Concurrent Mark Cycle 99.346ms
[2024-08-28T01:09:52.364+0000][info][gc,start    ] GC(86) Pause Young (Prepare Mixed) (G1 Evacuation Pause)
[2024-08-28T01:09:52.364+0000][info][gc,task     ] GC(86) Using 49 workers of 68 for evacuation
[2024-08-28T01:09:52.384+0000][info][gc,phases   ] GC(86)   Pre Evacuate Collection Set: 0.4ms
[2024-08-28T01:09:52.384+0000][info][gc,phases   ] GC(86)   Merge Heap Roots: 0.7ms
[2024-08-28T01:09:52.384+0000][info][gc,phases   ] GC(86)   Evacuate Collection Set: 18.6ms
[2024-08-28T01:09:52.384+0000][info][gc,phases   ] GC(86)   Post Evacuate Collection Set: 0.5ms
[2024-08-28T01:09:52.384+0000][info][gc,phases   ] GC(86)   Other: 0.2ms
[2024-08-28T01:09:52.384+0000][info][gc,heap     ] GC(86) Eden regions: 129->0(84)
[2024-08-28T01:09:52.384+0000][info][gc,heap     ] GC(86) Survivor regions: 14->18(18)
[2024-08-28T01:09:52.384+0000][info][gc,heap     ] GC(86) Old regions: 1418->1547
[2024-08-28T01:09:52.384+0000][info][gc,heap     ] GC(86) Archive regions: 2->2
[2024-08-28T01:09:52.384+0000][info][gc,heap     ] GC(86) Humongous regions: 5->5
[2024-08-28T01:09:52.384+0000][info][gc,metaspace] GC(86) Metaspace: 100K(320K)->100K(320K) NonClass: 96K(192K)->96K(192K) Class: 4K(128K)->4K(128K)
[2024-08-28T01:09:52.385+0000][info][gc          ] GC(86) Pause Young (Prepare Mixed) (G1 Evacuation Pause) 1566M->1570M(2048M) 20.494ms
[2024-08-28T01:09:52.385+0000][info][gc,cpu      ] GC(86) User=0.94s Sys=0.00s Real=0.02s
[2024-08-28T01:09:52.443+0000][info][gc,start    ] GC(87) Pause Young (Mixed) (G1 Evacuation Pause)
[2024-08-28T01:09:52.443+0000][info][gc,task     ] GC(87) Using 49 workers of 68 for evacuation
[2024-08-28T01:09:52.460+0000][info][gc,phases   ] GC(87)   Pre Evacuate Collection Set: 0.4ms
[2024-08-28T01:09:52.460+0000][info][gc,phases   ] GC(87)   Merge Heap Roots: 0.4ms
[2024-08-28T01:09:52.460+0000][info][gc,phases   ] GC(87)   Evacuate Collection Set: 15.5ms
[2024-08-28T01:09:52.460+0000][info][gc,phases   ] GC(87)   Post Evacuate Collection Set: 0.5ms
[2024-08-28T01:09:52.460+0000][info][gc,phases   ] GC(87)   Other: 0.2ms
[2024-08-28T01:09:52.460+0000][info][gc,heap     ] GC(87) Eden regions: 84->0(89)
[2024-08-28T01:09:52.460+0000][info][gc,heap     ] GC(87) Survivor regions: 18->13(13)
[2024-08-28T01:09:52.460+0000][info][gc,heap     ] GC(87) Old regions: 1547->1521
[2024-08-28T01:09:52.460+0000][info][gc,heap     ] GC(87) Archive regions: 2->2
[2024-08-28T01:09:52.460+0000][info][gc,heap     ] GC(87) Humongous regions: 5->5
[2024-08-28T01:09:52.460+0000][info][gc,metaspace] GC(87) Metaspace: 100K(320K)->100K(320K) NonClass: 96K(192K)->96K(192K) Class: 4K(128K)->4K(128K)
[2024-08-28T01:09:52.460+0000][info][gc          ] GC(87) Pause Young (Mixed) (G1 Evacuation Pause) 1654M->1539M(2048M) 17.126ms
[2024-08-28T01:09:52.460+0000][info][gc,cpu      ] GC(87) User=0.74s Sys=0.04s Real=0.02s
[2024-08-28T01:09:52.521+0000][info][gc,start    ] GC(88) Pause Young (Mixed) (G1 Evacuation Pause)
[2024-08-28T01:09:52.521+0000][info][gc,task     ] GC(88) Using 49 workers of 68 for evacuation
[2024-08-28T01:09:52.536+0000][info][gc,phases   ] GC(88)   Pre Evacuate Collection Set: 0.4ms
[2024-08-28T01:09:52.536+0000][info][gc,phases   ] GC(88)   Merge Heap Roots: 0.6ms
[2024-08-28T01:09:52.536+0000][info][gc,phases   ] GC(88)   Evacuate Collection Set: 13.8ms
[2024-08-28T01:09:52.536+0000][info][gc,phases   ] GC(88)   Post Evacuate Collection Set: 0.5ms
[2024-08-28T01:09:52.536+0000][info][gc,phases   ] GC(88)   Other: 0.2ms
[2024-08-28T01:09:52.536+0000][info][gc,heap     ] GC(88) Eden regions: 89->0(89)
[2024-08-28T01:09:52.536+0000][info][gc,heap     ] GC(88) Survivor regions: 13->13(13)
[2024-08-28T01:09:52.536+0000][info][gc,heap     ] GC(88) Old regions: 1521->1492
[2024-08-28T01:09:52.536+0000][info][gc,heap     ] GC(88) Archive regions: 2->2
[2024-08-28T01:09:52.536+0000][info][gc,heap     ] GC(88) Humongous regions: 5->5
[2024-08-28T01:09:52.536+0000][info][gc,metaspace] GC(88) Metaspace: 100K(320K)->100K(320K) NonClass: 96K(192K)->96K(192K) Class: 4K(128K)->4K(128K)
[2024-08-28T01:09:52.536+0000][info][gc          ] GC(88) Pause Young (Mixed) (G1 Evacuation Pause) 1628M->1510M(2048M) 15.575ms
[2024-08-28T01:09:52.536+0000][info][gc,cpu      ] GC(88) User=0.69s Sys=0.00s Real=0.01s
[2024-08-28T01:09:52.597+0000][info][gc,start    ] GC(89) Pause Young (Mixed) (G1 Evacuation Pause)
[2024-08-28T01:09:52.597+0000][info][gc,task     ] GC(89) Using 49 workers of 68 for evacuation
[2024-08-28T01:09:52.612+0000][info][gc,phases   ] GC(89)   Pre Evacuate Collection Set: 0.4ms
[2024-08-28T01:09:52.612+0000][info][gc,phases   ] GC(89)   Merge Heap Roots: 0.4ms
[2024-08-28T01:09:52.612+0000][info][gc,phases   ] GC(89)   Evacuate Collection Set: 13.4ms
[2024-08-28T01:09:52.612+0000][info][gc,phases   ] GC(89)   Post Evacuate Collection Set: 0.5ms
[2024-08-28T01:09:52.612+0000][info][gc,phases   ] GC(89)   Other: 0.3ms
[2024-08-28T01:09:52.612+0000][info][gc,heap     ] GC(89) Eden regions: 89->0(89)
[2024-08-28T01:09:52.612+0000][info][gc,heap     ] GC(89) Survivor regions: 13->13(13)
[2024-08-28T01:09:52.612+0000][info][gc,heap     ] GC(89) Old regions: 1492->1463
[2024-08-28T01:09:52.612+0000][info][gc,heap     ] GC(89) Archive regions: 2->2
[2024-08-28T01:09:52.612+0000][info][gc,heap     ] GC(89) Humongous regions: 5->5
[2024-08-28T01:09:52.612+0000][info][gc,metaspace] GC(89) Metaspace: 100K(320K)->100K(320K) NonClass: 96K(192K)->96K(192K) Class: 4K(128K)->4K(128K)
[2024-08-28T01:09:52.612+0000][info][gc          ] GC(89) Pause Young (Mixed) (G1 Evacuation Pause) 1599M->1481M(2048M) 15.113ms
[2024-08-28T01:09:52.612+0000][info][gc,cpu      ] GC(89) User=0.67s Sys=0.00s Real=0.02s
[2024-08-28T01:09:52.673+0000][info][gc,start    ] GC(90) Pause Young (Mixed) (G1 Evacuation Pause)
[2024-08-28T01:09:52.673+0000][info][gc,task     ] GC(90) Using 49 workers of 68 for evacuation
[2024-08-28T01:09:52.688+0000][info][gc,phases   ] GC(90)   Pre Evacuate Collection Set: 0.5ms
[2024-08-28T01:09:52.688+0000][info][gc,phases   ] GC(90)   Merge Heap Roots: 0.6ms
[2024-08-28T01:09:52.689+0000][info][gc,phases   ] GC(90)   Evacuate Collection Set: 13.7ms
[2024-08-28T01:09:52.689+0000][info][gc,phases   ] GC(90)   Post Evacuate Collection Set: 0.5ms
[2024-08-28T01:09:52.689+0000][info][gc,phases   ] GC(90)   Other: 0.3ms
[2024-08-28T01:09:52.689+0000][info][gc,heap     ] GC(90) Eden regions: 89->0(89)
[2024-08-28T01:09:52.689+0000][info][gc,heap     ] GC(90) Survivor regions: 13->13(13)
[2024-08-28T01:09:52.689+0000][info][gc,heap     ] GC(90) Old regions: 1463->1434
[2024-08-28T01:09:52.689+0000][info][gc,heap     ] GC(90) Archive regions: 2->2
[2024-08-28T01:09:52.689+0000][info][gc,heap     ] GC(90) Humongous regions: 5->5
[2024-08-28T01:09:52.689+0000][info][gc,metaspace] GC(90) Metaspace: 100K(320K)->100K(320K) NonClass: 96K(192K)->96K(192K) Class: 4K(128K)->4K(128K)
[2024-08-28T01:09:52.689+0000][info][gc          ] GC(90) Pause Young (Mixed) (G1 Evacuation Pause) 1570M->1452M(2048M) 15.669ms
[2024-08-28T01:09:52.689+0000][info][gc,cpu      ] GC(90) User=0.70s Sys=0.00s Real=0.01s
[2024-08-28T01:09:52.749+0000][info][gc,start    ] GC(91) Pause Young (Mixed) (G1 Evacuation Pause)
[2024-08-28T01:09:52.749+0000][info][gc,task     ] GC(91) Using 49 workers of 68 for evacuation
[2024-08-28T01:09:52.765+0000][info][gc,phases   ] GC(91)   Pre Evacuate Collection Set: 0.4ms
[2024-08-28T01:09:52.765+0000][info][gc,phases   ] GC(91)   Merge Heap Roots: 0.4ms
[2024-08-28T01:09:52.765+0000][info][gc,phases   ] GC(91)   Evacuate Collection Set: 14.2ms
[2024-08-28T01:09:52.765+0000][info][gc,phases   ] GC(91)   Post Evacuate Collection Set: 0.5ms
[2024-08-28T01:09:52.765+0000][info][gc,phases   ] GC(91)   Other: 0.2ms
[2024-08-28T01:09:52.765+0000][info][gc,heap     ] GC(91) Eden regions: 89->0(89)
[2024-08-28T01:09:52.765+0000][info][gc,heap     ] GC(91) Survivor regions: 13->13(13)
[2024-08-28T01:09:52.765+0000][info][gc,heap     ] GC(91) Old regions: 1434->1405
[2024-08-28T01:09:52.765+0000][info][gc,heap     ] GC(91) Archive regions: 2->2
[2024-08-28T01:09:52.765+0000][info][gc,heap     ] GC(91) Humongous regions: 5->5
[2024-08-28T01:09:52.765+0000][info][gc,metaspace] GC(91) Metaspace: 100K(320K)->100K(320K) NonClass: 96K(192K)->96K(192K) Class: 4K(128K)->4K(128K)
[2024-08-28T01:09:52.765+0000][info][gc          ] GC(91) Pause Young (Mixed) (G1 Evacuation Pause) 1541M->1423M(2048M) 15.859ms
[2024-08-28T01:09:52.765+0000][info][gc,cpu      ] GC(91) User=0.69s Sys=0.02s Real=0.02s
[2024-08-28T01:09:52.827+0000][info][gc,start    ] GC(92) Pause Young (Mixed) (G1 Evacuation Pause)
[2024-08-28T01:09:52.827+0000][info][gc,task     ] GC(92) Using 49 workers of 68 for evacuation
[2024-08-28T01:09:52.843+0000][info][gc,phases   ] GC(92)   Pre Evacuate Collection Set: 0.4ms
[2024-08-28T01:09:52.843+0000][info][gc,phases   ] GC(92)   Merge Heap Roots: 0.6ms
[2024-08-28T01:09:52.843+0000][info][gc,phases   ] GC(92)   Evacuate Collection Set: 14.8ms
[2024-08-28T01:09:52.843+0000][info][gc,phases   ] GC(92)   Post Evacuate Collection Set: 0.5ms
[2024-08-28T01:09:52.843+0000][info][gc,phases   ] GC(92)   Other: 0.2ms
[2024-08-28T01:09:52.843+0000][info][gc,heap     ] GC(92) Eden regions: 89->0(89)
[2024-08-28T01:09:52.843+0000][info][gc,heap     ] GC(92) Survivor regions: 13->13(13)
[2024-08-28T01:09:52.843+0000][info][gc,heap     ] GC(92) Old regions: 1405->1376
[2024-08-28T01:09:52.843+0000][info][gc,heap     ] GC(92) Archive regions: 2->2
[2024-08-28T01:09:52.843+0000][info][gc,heap     ] GC(92) Humongous regions: 5->5
[2024-08-28T01:09:52.843+0000][info][gc,metaspace] GC(92) Metaspace: 100K(320K)->100K(320K) NonClass: 96K(192K)->96K(192K) Class: 4K(128K)->4K(128K)
[2024-08-28T01:09:52.843+0000][info][gc          ] GC(92) Pause Young (Mixed) (G1 Evacuation Pause) 1512M->1394M(2048M) 16.619ms
[2024-08-28T01:09:52.843+0000][info][gc,cpu      ] GC(92) User=0.74s Sys=0.00s Real=0.02s
[2024-08-28T01:09:52.903+0000][info][gc,start    ] GC(93) Pause Young (Mixed) (G1 Evacuation Pause)
[2024-08-28T01:09:52.903+0000][info][gc,task     ] GC(93) Using 49 workers of 68 for evacuation
[2024-08-28T01:09:52.918+0000][info][gc,phases   ] GC(93)   Pre Evacuate Collection Set: 0.4ms
[2024-08-28T01:09:52.918+0000][info][gc,phases   ] GC(93)   Merge Heap Roots: 0.4ms
[2024-08-28T01:09:52.918+0000][info][gc,phases   ] GC(93)   Evacuate Collection Set: 14.2ms
[2024-08-28T01:09:52.918+0000][info][gc,phases   ] GC(93)   Post Evacuate Collection Set: 0.5ms
[2024-08-28T01:09:52.918+0000][info][gc,phases   ] GC(93)   Other: 0.3ms
[2024-08-28T01:09:52.918+0000][info][gc,heap     ] GC(93) Eden regions: 89->0(128)
[2024-08-28T01:09:52.918+0000][info][gc,heap     ] GC(93) Survivor regions: 13->13(13)
[2024-08-28T01:09:52.918+0000][info][gc,heap     ] GC(93) Old regions: 1376->1420
[2024-08-28T01:09:52.918+0000][info][gc,heap     ] GC(93) Archive regions: 2->2
[2024-08-28T01:09:52.918+0000][info][gc,heap     ] GC(93) Humongous regions: 5->5
[2024-08-28T01:09:52.918+0000][info][gc,metaspace] GC(93) Metaspace: 100K(320K)->100K(320K) NonClass: 96K(192K)->96K(192K) Class: 4K(128K)->4K(128K)
[2024-08-28T01:09:52.919+0000][info][gc          ] GC(93) Pause Young (Mixed) (G1 Evacuation Pause) 1483M->1438M(2048M) 15.904ms
[2024-08-28T01:09:52.919+0000][info][gc,cpu      ] GC(93) User=0.71s Sys=0.00s Real=0.02s
[2024-08-28T01:09:53.004+0000][info][gc,start    ] GC(94) Pause Young (Concurrent Start) (G1 Evacuation Pause)
[2024-08-28T01:09:53.004+0000][info][gc,task     ] GC(94) Using 49 workers of 68 for evacuation
[2024-08-28T01:09:53.025+0000][info][gc,phases   ] GC(94)   Pre Evacuate Collection Set: 0.3ms
[2024-08-28T01:09:53.025+0000][info][gc,phases   ] GC(94)   Merge Heap Roots: 0.5ms
[2024-08-28T01:09:53.025+0000][info][gc,phases   ] GC(94)   Evacuate Collection Set: 19.0ms
[2024-08-28T01:09:53.025+0000][info][gc,phases   ] GC(94)   Post Evacuate Collection Set: 0.5ms
[2024-08-28T01:09:53.025+0000][info][gc,phases   ] GC(94)   Other: 0.8ms
[2024-08-28T01:09:53.025+0000][info][gc,heap     ] GC(94) Eden regions: 128->0(87)
[2024-08-28T01:09:53.025+0000][info][gc,heap     ] GC(94) Survivor regions: 13->18(18)
[2024-08-28T01:09:53.025+0000][info][gc,heap     ] GC(94) Old regions: 1420->1544
[2024-08-28T01:09:53.025+0000][info][gc,heap     ] GC(94) Archive regions: 2->2
[2024-08-28T01:09:53.025+0000][info][gc,heap     ] GC(94) Humongous regions: 5->5
[2024-08-28T01:09:53.025+0000][info][gc,metaspace] GC(94) Metaspace: 100K(320K)->100K(320K) NonClass: 96K(192K)->96K(192K) Class: 4K(128K)->4K(128K)
[2024-08-28T01:09:53.025+0000][info][gc          ] GC(94) Pause Young (Concurrent Start) (G1 Evacuation Pause) 1566M->1567M(2048M) 21.263ms
[2024-08-28T01:09:53.025+0000][info][gc,cpu      ] GC(94) User=0.94s Sys=0.00s Real=0.02s
[2024-08-28T01:09:53.025+0000][info][gc          ] GC(95) Concurrent Mark Cycle
[2024-08-28T01:09:53.025+0000][info][gc,marking  ] GC(95) Concurrent Clear Claimed Marks
[2024-08-28T01:09:53.025+0000][info][gc,marking  ] GC(95) Concurrent Clear Claimed Marks 0.012ms
[2024-08-28T01:09:53.025+0000][info][gc,marking  ] GC(95) Concurrent Scan Root Regions
[2024-08-28T01:09:53.029+0000][info][gc,marking  ] GC(95) Concurrent Scan Root Regions 3.710ms
[2024-08-28T01:09:53.029+0000][info][gc,marking  ] GC(95) Concurrent Mark
[2024-08-28T01:09:53.029+0000][info][gc,marking  ] GC(95) Concurrent Mark From Roots
[2024-08-28T01:09:53.029+0000][info][gc,task     ] GC(95) Using 17 workers of 17 for marking
[2024-08-28T01:09:53.050+0000][info][gc,marking  ] GC(95) Concurrent Mark From Roots 20.814ms
[2024-08-28T01:09:53.050+0000][info][gc,marking  ] GC(95) Concurrent Preclean
[2024-08-28T01:09:53.051+0000][info][gc,marking  ] GC(95) Concurrent Preclean 0.501ms
[2024-08-28T01:09:53.051+0000][info][gc,start    ] GC(95) Pause Remark
[2024-08-28T01:09:53.053+0000][info][gc          ] GC(95) Pause Remark 1591M->1407M(2048M) 1.867ms
[2024-08-28T01:09:53.053+0000][info][gc,cpu      ] GC(95) User=0.01s Sys=0.01s Real=0.00s
[2024-08-28T01:09:53.053+0000][info][gc,marking  ] GC(95) Concurrent Mark 23.599ms
[2024-08-28T01:09:53.053+0000][info][gc,marking  ] GC(95) Concurrent Rebuild Remembered Sets
[2024-08-28T01:09:53.098+0000][info][gc,start    ] GC(96) Pause Young (Normal) (G1 Evacuation Pause)
[2024-08-28T01:09:53.098+0000][info][gc,task     ] GC(96) Using 49 workers of 68 for evacuation
[2024-08-28T01:09:53.114+0000][info][gc,phases   ] GC(96)   Pre Evacuate Collection Set: 0.4ms
[2024-08-28T01:09:53.114+0000][info][gc,phases   ] GC(96)   Merge Heap Roots: 0.5ms
[2024-08-28T01:09:53.114+0000][info][gc,phases   ] GC(96)   Evacuate Collection Set: 14.8ms
[2024-08-28T01:09:53.114+0000][info][gc,phases   ] GC(96)   Post Evacuate Collection Set: 0.7ms
[2024-08-28T01:09:53.114+0000][info][gc,phases   ] GC(96)   Other: 0.2ms
[2024-08-28T01:09:53.114+0000][info][gc,heap     ] GC(96) Eden regions: 87->0(116)
[2024-08-28T01:09:53.114+0000][info][gc,heap     ] GC(96) Survivor regions: 18->14(14)
[2024-08-28T01:09:53.114+0000][info][gc,heap     ] GC(96) Old regions: 1360->1457
[2024-08-28T01:09:53.114+0000][info][gc,heap     ] GC(96) Archive regions: 2->2
[2024-08-28T01:09:53.114+0000][info][gc,heap     ] GC(96) Humongous regions: 5->5
[2024-08-28T01:09:53.114+0000][info][gc,metaspace] GC(96) Metaspace: 100K(320K)->100K(320K) NonClass: 96K(192K)->96K(192K) Class: 4K(128K)->4K(128K)
[2024-08-28T01:09:53.114+0000][info][gc          ] GC(96) Pause Young (Normal) (G1 Evacuation Pause) 1470M->1476M(2048M) 16.749ms
[2024-08-28T01:09:53.114+0000][info][gc,cpu      ] GC(96) User=0.72s Sys=0.03s Real=0.01s
[2024-08-28T01:09:53.120+0000][info][gc,marking  ] GC(95) Concurrent Rebuild Remembered Sets 66.772ms
[2024-08-28T01:09:53.120+0000][info][gc,start    ] GC(95) Pause Cleanup
[2024-08-28T01:09:53.123+0000][info][gc          ] GC(95) Pause Cleanup 1482M->1482M(2048M) 2.965ms
[2024-08-28T01:09:53.123+0000][info][gc,cpu      ] GC(95) User=0.02s Sys=0.00s Real=0.00s
[2024-08-28T01:09:53.123+0000][info][gc,marking  ] GC(95) Concurrent Cleanup for Next Mark
[2024-08-28T01:09:53.125+0000][info][gc,marking  ] GC(95) Concurrent Cleanup for Next Mark 1.652ms
[2024-08-28T01:09:53.125+0000][info][gc          ] GC(95) Concurrent Mark Cycle 99.243ms
[2024-08-28T01:09:53.198+0000][info][gc,start    ] GC(97) Pause Young (Prepare Mixed) (G1 Evacuation Pause)
[2024-08-28T01:09:53.198+0000][info][gc,task     ] GC(97) Using 49 workers of 68 for evacuation
[2024-08-28T01:09:53.220+0000][info][gc,phases   ] GC(97)   Pre Evacuate Collection Set: 0.3ms
[2024-08-28T01:09:53.220+0000][info][gc,phases   ] GC(97)   Merge Heap Roots: 0.8ms
[2024-08-28T01:09:53.220+0000][info][gc,phases   ] GC(97)   Evacuate Collection Set: 20.4ms
[2024-08-28T01:09:53.220+0000][info][gc,phases   ] GC(97)   Post Evacuate Collection Set: 0.5ms
[2024-08-28T01:09:53.220+0000][info][gc,phases   ] GC(97)   Other: 0.2ms
[2024-08-28T01:09:53.220+0000][info][gc,heap     ] GC(97) Eden regions: 116->0(85)
[2024-08-28T01:09:53.220+0000][info][gc,heap     ] GC(97) Survivor regions: 14->17(17)
[2024-08-28T01:09:53.220+0000][info][gc,heap     ] GC(97) Old regions: 1457->1573
[2024-08-28T01:09:53.220+0000][info][gc,heap     ] GC(97) Archive regions: 2->2
[2024-08-28T01:09:53.220+0000][info][gc,heap     ] GC(97) Humongous regions: 5->5
[2024-08-28T01:09:53.220+0000][info][gc,metaspace] GC(97) Metaspace: 100K(320K)->100K(320K) NonClass: 96K(192K)->96K(192K) Class: 4K(128K)->4K(128K)
[2024-08-28T01:09:53.220+0000][info][gc          ] GC(97) Pause Young (Prepare Mixed) (G1 Evacuation Pause) 1592M->1595M(2048M) 22.375ms
[2024-08-28T01:09:53.220+0000][info][gc,cpu      ] GC(97) User=1.03s Sys=0.01s Real=0.02s
[2024-08-28T01:09:53.289+0000][info][gc,start    ] GC(98) Pause Young (Mixed) (G1 Evacuation Pause)
[2024-08-28T01:09:53.289+0000][info][gc,task     ] GC(98) Using 49 workers of 68 for evacuation
[2024-08-28T01:09:53.307+0000][info][gc,phases   ] GC(98)   Pre Evacuate Collection Set: 0.6ms
[2024-08-28T01:09:53.307+0000][info][gc,phases   ] GC(98)   Merge Heap Roots: 0.5ms
[2024-08-28T01:09:53.307+0000][info][gc,phases   ] GC(98)   Evacuate Collection Set: 16.0ms
[2024-08-28T01:09:53.307+0000][info][gc,phases   ] GC(98)   Post Evacuate Collection Set: 0.5ms
[2024-08-28T01:09:53.307+0000][info][gc,phases   ] GC(98)   Other: 0.3ms
[2024-08-28T01:09:53.307+0000][info][gc,heap     ] GC(98) Eden regions: 85->0(89)
[2024-08-28T01:09:53.307+0000][info][gc,heap     ] GC(98) Survivor regions: 17->13(13)
[2024-08-28T01:09:53.307+0000][info][gc,heap     ] GC(98) Old regions: 1573->1545
[2024-08-28T01:09:53.307+0000][info][gc,heap     ] GC(98) Archive regions: 2->2
[2024-08-28T01:09:53.307+0000][info][gc,heap     ] GC(98) Humongous regions: 5->5
[2024-08-28T01:09:53.307+0000][info][gc,metaspace] GC(98) Metaspace: 100K(320K)->100K(320K) NonClass: 96K(192K)->96K(192K) Class: 4K(128K)->4K(128K)
[2024-08-28T01:09:53.307+0000][info][gc          ] GC(98) Pause Young (Mixed) (G1 Evacuation Pause) 1680M->1563M(2048M) 17.956ms
[2024-08-28T01:09:53.307+0000][info][gc,cpu      ] GC(98) User=0.72s Sys=0.06s Real=0.02s
[2024-08-28T01:09:53.368+0000][info][gc,start    ] GC(99) Pause Young (Mixed) (G1 Evacuation Pause)
[2024-08-28T01:09:53.368+0000][info][gc,task     ] GC(99) Using 49 workers of 68 for evacuation
[2024-08-28T01:09:53.384+0000][info][gc,phases   ] GC(99)   Pre Evacuate Collection Set: 0.4ms
[2024-08-28T01:09:53.384+0000][info][gc,phases   ] GC(99)   Merge Heap Roots: 0.5ms
[2024-08-28T01:09:53.384+0000][info][gc,phases   ] GC(99)   Evacuate Collection Set: 14.7ms
[2024-08-28T01:09:53.384+0000][info][gc,phases   ] GC(99)   Post Evacuate Collection Set: 0.5ms
[2024-08-28T01:09:53.385+0000][info][gc,phases   ] GC(99)   Other: 0.2ms
[2024-08-28T01:09:53.385+0000][info][gc,heap     ] GC(99) Eden regions: 89->0(89)
[2024-08-28T01:09:53.385+0000][info][gc,heap     ] GC(99) Survivor regions: 13->13(13)
[2024-08-28T01:09:53.385+0000][info][gc,heap     ] GC(99) Old regions: 1545->1516
[2024-08-28T01:09:53.385+0000][info][gc,heap     ] GC(99) Archive regions: 2->2
[2024-08-28T01:09:53.385+0000][info][gc,heap     ] GC(99) Humongous regions: 5->5
[2024-08-28T01:09:53.385+0000][info][gc,metaspace] GC(99) Metaspace: 100K(320K)->100K(320K) NonClass: 96K(192K)->96K(192K) Class: 4K(128K)->4K(128K)
[2024-08-28T01:09:53.385+0000][info][gc          ] GC(99) Pause Young (Mixed) (G1 Evacuation Pause) 1652M->1534M(2048M) 16.454ms
[2024-08-28T01:09:53.385+0000][info][gc,cpu      ] GC(99) User=0.74s Sys=0.00s Real=0.02s
[2024-08-28T01:09:53.445+0000][info][gc,start    ] GC(100) Pause Young (Mixed) (G1 Evacuation Pause)
[2024-08-28T01:09:53.445+0000][info][gc,task     ] GC(100) Using 49 workers of 68 for evacuation
[2024-08-28T01:09:53.461+0000][info][gc,phases   ] GC(100)   Pre Evacuate Collection Set: 0.4ms
[2024-08-28T01:09:53.461+0000][info][gc,phases   ] GC(100)   Merge Heap Roots: 0.5ms
[2024-08-28T01:09:53.461+0000][info][gc,phases   ] GC(100)   Evacuate Collection Set: 14.8ms
[2024-08-28T01:09:53.461+0000][info][gc,phases   ] GC(100)   Post Evacuate Collection Set: 0.5ms
[2024-08-28T01:09:53.461+0000][info][gc,phases   ] GC(100)   Other: 0.2ms
[2024-08-28T01:09:53.461+0000][info][gc,heap     ] GC(100) Eden regions: 89->0(89)
[2024-08-28T01:09:53.461+0000][info][gc,heap     ] GC(100) Survivor regions: 13->13(13)
[2024-08-28T01:09:53.461+0000][info][gc,heap     ] GC(100) Old regions: 1516->1488
[2024-08-28T01:09:53.461+0000][info][gc,heap     ] GC(100) Archive regions: 2->2
[2024-08-28T01:09:53.461+0000][info][gc,heap     ] GC(100) Humongous regions: 5->5
[2024-08-28T01:09:53.461+0000][info][gc,metaspace] GC(100) Metaspace: 100K(320K)->100K(320K) NonClass: 96K(192K)->96K(192K) Class: 4K(128K)->4K(128K)
[2024-08-28T01:09:53.462+0000][info][gc          ] GC(100) Pause Young (Mixed) (G1 Evacuation Pause) 1623M->1506M(2048M) 16.588ms
[2024-08-28T01:09:53.462+0000][info][gc,cpu      ] GC(100) User=0.73s Sys=0.02s Real=0.02s
[2024-08-28T01:09:53.522+0000][info][gc,start    ] GC(101) Pause Young (Mixed) (G1 Evacuation Pause)
[2024-08-28T01:09:53.522+0000][info][gc,task     ] GC(101) Using 49 workers of 68 for evacuation
[2024-08-28T01:09:53.538+0000][info][gc,phases   ] GC(101)   Pre Evacuate Collection Set: 0.5ms
[2024-08-28T01:09:53.538+0000][info][gc,phases   ] GC(101)   Merge Heap Roots: 0.5ms
[2024-08-28T01:09:53.538+0000][info][gc,phases   ] GC(101)   Evacuate Collection Set: 14.8ms
[2024-08-28T01:09:53.538+0000][info][gc,phases   ] GC(101)   Post Evacuate Collection Set: 0.6ms
[2024-08-28T01:09:53.538+0000][info][gc,phases   ] GC(101)   Other: 0.2ms
[2024-08-28T01:09:53.538+0000][info][gc,heap     ] GC(101) Eden regions: 89->0(89)
[2024-08-28T01:09:53.538+0000][info][gc,heap     ] GC(101) Survivor regions: 13->13(13)
[2024-08-28T01:09:53.538+0000][info][gc,heap     ] GC(101) Old regions: 1488->1459
[2024-08-28T01:09:53.538+0000][info][gc,heap     ] GC(101) Archive regions: 2->2
[2024-08-28T01:09:53.538+0000][info][gc,heap     ] GC(101) Humongous regions: 5->5
[2024-08-28T01:09:53.538+0000][info][gc,metaspace] GC(101) Metaspace: 100K(320K)->100K(320K) NonClass: 96K(192K)->96K(192K) Class: 4K(128K)->4K(128K)
[2024-08-28T01:09:53.538+0000][info][gc          ] GC(101) Pause Young (Mixed) (G1 Evacuation Pause) 1595M->1477M(2048M) 16.757ms
[2024-08-28T01:09:53.538+0000][info][gc,cpu      ] GC(101) User=0.71s Sys=0.04s Real=0.02s
[2024-08-28T01:09:53.599+0000][info][gc,start    ] GC(102) Pause Young (Mixed) (G1 Evacuation Pause)
[2024-08-28T01:09:53.599+0000][info][gc,task     ] GC(102) Using 49 workers of 68 for evacuation
[2024-08-28T01:09:53.614+0000][info][gc,phases   ] GC(102)   Pre Evacuate Collection Set: 0.4ms
[2024-08-28T01:09:53.615+0000][info][gc,phases   ] GC(102)   Merge Heap Roots: 0.5ms
[2024-08-28T01:09:53.615+0000][info][gc,phases   ] GC(102)   Evacuate Collection Set: 14.3ms
[2024-08-28T01:09:53.615+0000][info][gc,phases   ] GC(102)   Post Evacuate Collection Set: 0.5ms
[2024-08-28T01:09:53.615+0000][info][gc,phases   ] GC(102)   Other: 0.3ms
[2024-08-28T01:09:53.615+0000][info][gc,heap     ] GC(102) Eden regions: 89->0(89)
[2024-08-28T01:09:53.615+0000][info][gc,heap     ] GC(102) Survivor regions: 13->13(13)
[2024-08-28T01:09:53.615+0000][info][gc,heap     ] GC(102) Old regions: 1459->1429
[2024-08-28T01:09:53.615+0000][info][gc,heap     ] GC(102) Archive regions: 2->2
[2024-08-28T01:09:53.615+0000][info][gc,heap     ] GC(102) Humongous regions: 5->5
[2024-08-28T01:09:53.615+0000][info][gc,metaspace] GC(102) Metaspace: 100K(320K)->100K(320K) NonClass: 96K(192K)->96K(192K) Class: 4K(128K)->4K(128K)
[2024-08-28T01:09:53.615+0000][info][gc          ] GC(102) Pause Young (Mixed) (G1 Evacuation Pause) 1566M->1447M(2048M) 16.094ms
[2024-08-28T01:09:53.615+0000][info][gc,cpu      ] GC(102) User=0.73s Sys=0.00s Real=0.01s
[2024-08-28T01:09:53.675+0000][info][gc,start    ] GC(103) Pause Young (Mixed) (G1 Evacuation Pause)
[2024-08-28T01:09:53.675+0000][info][gc,task     ] GC(103) Using 49 workers of 68 for evacuation
[2024-08-28T01:09:53.691+0000][info][gc,phases   ] GC(103)   Pre Evacuate Collection Set: 0.4ms
[2024-08-28T01:09:53.691+0000][info][gc,phases   ] GC(103)   Merge Heap Roots: 0.8ms
[2024-08-28T01:09:53.691+0000][info][gc,phases   ] GC(103)   Evacuate Collection Set: 13.8ms
[2024-08-28T01:09:53.691+0000][info][gc,phases   ] GC(103)   Post Evacuate Collection Set: 0.5ms
[2024-08-28T01:09:53.691+0000][info][gc,phases   ] GC(103)   Other: 0.3ms
[2024-08-28T01:09:53.691+0000][info][gc,heap     ] GC(103) Eden regions: 89->0(89)
[2024-08-28T01:09:53.691+0000][info][gc,heap     ] GC(103) Survivor regions: 13->13(13)
[2024-08-28T01:09:53.691+0000][info][gc,heap     ] GC(103) Old regions: 1429->1398
[2024-08-28T01:09:53.691+0000][info][gc,heap     ] GC(103) Archive regions: 2->2
[2024-08-28T01:09:53.691+0000][info][gc,heap     ] GC(103) Humongous regions: 5->5
[2024-08-28T01:09:53.691+0000][info][gc,metaspace] GC(103) Metaspace: 100K(320K)->100K(320K) NonClass: 96K(192K)->96K(192K) Class: 4K(128K)->4K(128K)
[2024-08-28T01:09:53.691+0000][info][gc          ] GC(103) Pause Young (Mixed) (G1 Evacuation Pause) 1536M->1416M(2048M) 15.922ms
[2024-08-28T01:09:53.691+0000][info][gc,cpu      ] GC(103) User=0.72s Sys=0.00s Real=0.02s
[2024-08-28T01:09:53.751+0000][info][gc,start    ] GC(104) Pause Young (Mixed) (G1 Evacuation Pause)
[2024-08-28T01:09:53.751+0000][info][gc,task     ] GC(104) Using 49 workers of 68 for evacuation
[2024-08-28T01:09:53.767+0000][info][gc,phases   ] GC(104)   Pre Evacuate Collection Set: 0.4ms
[2024-08-28T01:09:53.767+0000][info][gc,phases   ] GC(104)   Merge Heap Roots: 0.5ms
[2024-08-28T01:09:53.767+0000][info][gc,phases   ] GC(104)   Evacuate Collection Set: 14.2ms
[2024-08-28T01:09:53.767+0000][info][gc,phases   ] GC(104)   Post Evacuate Collection Set: 0.5ms
[2024-08-28T01:09:53.767+0000][info][gc,phases   ] GC(104)   Other: 0.3ms
[2024-08-28T01:09:53.767+0000][info][gc,heap     ] GC(104) Eden regions: 89->0(135)
[2024-08-28T01:09:53.767+0000][info][gc,heap     ] GC(104) Survivor regions: 13->13(13)
[2024-08-28T01:09:53.767+0000][info][gc,heap     ] GC(104) Old regions: 1398->1399
[2024-08-28T01:09:53.767+0000][info][gc,heap     ] GC(104) Archive regions: 2->2
[2024-08-28T01:09:53.767+0000][info][gc,heap     ] GC(104) Humongous regions: 5->5
[2024-08-28T01:09:53.767+0000][info][gc,metaspace] GC(104) Metaspace: 100K(320K)->100K(320K) NonClass: 96K(192K)->96K(192K) Class: 4K(128K)->4K(128K)
[2024-08-28T01:09:53.767+0000][info][gc          ] GC(104) Pause Young (Mixed) (G1 Evacuation Pause) 1505M->1417M(2048M) 16.077ms
[2024-08-28T01:09:53.767+0000][info][gc,cpu      ] GC(104) User=0.72s Sys=0.00s Real=0.01s
[2024-08-28T01:09:53.857+0000][info][gc,start    ] GC(105) Pause Young (Concurrent Start) (G1 Evacuation Pause)
[2024-08-28T01:09:53.857+0000][info][gc,task     ] GC(105) Using 49 workers of 68 for evacuation
[2024-08-28T01:09:53.878+0000][info][gc,phases   ] GC(105)   Pre Evacuate Collection Set: 0.3ms
[2024-08-28T01:09:53.878+0000][info][gc,phases   ] GC(105)   Merge Heap Roots: 0.5ms
[2024-08-28T01:09:53.878+0000][info][gc,phases   ] GC(105)   Evacuate Collection Set: 19.1ms
[2024-08-28T01:09:53.878+0000][info][gc,phases   ] GC(105)   Post Evacuate Collection Set: 0.6ms
[2024-08-28T01:09:53.878+0000][info][gc,phases   ] GC(105)   Other: 0.6ms
[2024-08-28T01:09:53.878+0000][info][gc,heap     ] GC(105) Eden regions: 135->0(91)
[2024-08-28T01:09:53.878+0000][info][gc,heap     ] GC(105) Survivor regions: 13->19(19)
[2024-08-28T01:09:53.878+0000][info][gc,heap     ] GC(105) Old regions: 1399->1530
[2024-08-28T01:09:53.878+0000][info][gc,heap     ] GC(105) Archive regions: 2->2
[2024-08-28T01:09:53.878+0000][info][gc,heap     ] GC(105) Humongous regions: 5->5
[2024-08-28T01:09:53.878+0000][info][gc,metaspace] GC(105) Metaspace: 100K(320K)->100K(320K) NonClass: 96K(192K)->96K(192K) Class: 4K(128K)->4K(128K)
[2024-08-28T01:09:53.878+0000][info][gc          ] GC(105) Pause Young (Concurrent Start) (G1 Evacuation Pause) 1552M->1554M(2048M) 21.263ms
[2024-08-28T01:09:53.878+0000][info][gc,cpu      ] GC(105) User=0.93s Sys=0.02s Real=0.03s
[2024-08-28T01:09:53.878+0000][info][gc          ] GC(106) Concurrent Mark Cycle
[2024-08-28T01:09:53.878+0000][info][gc,marking  ] GC(106) Concurrent Clear Claimed Marks
[2024-08-28T01:09:53.878+0000][info][gc,marking  ] GC(106) Concurrent Clear Claimed Marks 0.012ms
[2024-08-28T01:09:53.878+0000][info][gc,marking  ] GC(106) Concurrent Scan Root Regions
[2024-08-28T01:09:53.882+0000][info][gc,marking  ] GC(106) Concurrent Scan Root Regions 3.940ms
[2024-08-28T01:09:53.882+0000][info][gc,marking  ] GC(106) Concurrent Mark
[2024-08-28T01:09:53.882+0000][info][gc,marking  ] GC(106) Concurrent Mark From Roots
[2024-08-28T01:09:53.882+0000][info][gc,task     ] GC(106) Using 17 workers of 17 for marking
[2024-08-28T01:09:53.902+0000][info][gc,marking  ] GC(106) Concurrent Mark From Roots 19.988ms
[2024-08-28T01:09:53.902+0000][info][gc,marking  ] GC(106) Concurrent Preclean
[2024-08-28T01:09:53.903+0000][info][gc,marking  ] GC(106) Concurrent Preclean 0.596ms
[2024-08-28T01:09:53.903+0000][info][gc,start    ] GC(106) Pause Remark
[2024-08-28T01:09:53.905+0000][info][gc          ] GC(106) Pause Remark 1579M->1373M(2048M) 1.883ms
[2024-08-28T01:09:53.905+0000][info][gc,cpu      ] GC(106) User=0.02s Sys=0.00s Real=0.00s
[2024-08-28T01:09:53.905+0000][info][gc,marking  ] GC(106) Concurrent Mark 22.907ms
[2024-08-28T01:09:53.905+0000][info][gc,marking  ] GC(106) Concurrent Rebuild Remembered Sets
[2024-08-28T01:09:53.952+0000][info][gc,start    ] GC(107) Pause Young (Normal) (G1 Evacuation Pause)
[2024-08-28T01:09:53.952+0000][info][gc,task     ] GC(107) Using 49 workers of 68 for evacuation
[2024-08-28T01:09:53.969+0000][info][gc,phases   ] GC(107)   Pre Evacuate Collection Set: 0.3ms
[2024-08-28T01:09:53.969+0000][info][gc,phases   ] GC(107)   Merge Heap Roots: 0.8ms
[2024-08-28T01:09:53.969+0000][info][gc,phases   ] GC(107)   Evacuate Collection Set: 14.0ms
[2024-08-28T01:09:53.969+0000][info][gc,phases   ] GC(107)   Post Evacuate Collection Set: 0.8ms
[2024-08-28T01:09:53.969+0000][info][gc,phases   ] GC(107)   Other: 0.2ms
[2024-08-28T01:09:53.969+0000][info][gc,heap     ] GC(107) Eden regions: 91->0(126)
[2024-08-28T01:09:53.969+0000][info][gc,heap     ] GC(107) Survivor regions: 19->14(14)
[2024-08-28T01:09:53.969+0000][info][gc,heap     ] GC(107) Old regions: 1324->1428
[2024-08-28T01:09:53.969+0000][info][gc,heap     ] GC(107) Archive regions: 2->2
[2024-08-28T01:09:53.969+0000][info][gc,heap     ] GC(107) Humongous regions: 5->5
[2024-08-28T01:09:53.969+0000][info][gc,metaspace] GC(107) Metaspace: 100K(320K)->100K(320K) NonClass: 96K(192K)->96K(192K) Class: 4K(128K)->4K(128K)
[2024-08-28T01:09:53.969+0000][info][gc          ] GC(107) Pause Young (Normal) (G1 Evacuation Pause) 1439M->1447M(2048M) 16.393ms
[2024-08-28T01:09:53.969+0000][info][gc,cpu      ] GC(107) User=0.74s Sys=0.00s Real=0.01s
[2024-08-28T01:09:53.971+0000][info][gc,marking  ] GC(106) Concurrent Rebuild Remembered Sets 65.992ms
[2024-08-28T01:09:53.971+0000][info][gc,start    ] GC(106) Pause Cleanup
[2024-08-28T01:09:53.974+0000][info][gc          ] GC(106) Pause Cleanup 1450M->1450M(2048M) 2.442ms
[2024-08-28T01:09:53.974+0000][info][gc,cpu      ] GC(106) User=0.02s Sys=0.00s Real=0.00s
[2024-08-28T01:09:53.974+0000][info][gc,marking  ] GC(106) Concurrent Cleanup for Next Mark
[2024-08-28T01:09:53.975+0000][info][gc,marking  ] GC(106) Concurrent Cleanup for Next Mark 1.323ms
[2024-08-28T01:09:53.975+0000][info][gc          ] GC(106) Concurrent Mark Cycle 97.158ms
[2024-08-28T01:09:54.057+0000][info][gc,start    ] GC(108) Pause Young (Prepare Mixed) (G1 Evacuation Pause)
[2024-08-28T01:09:54.058+0000][info][gc,task     ] GC(108) Using 49 workers of 68 for evacuation
[2024-08-28T01:09:54.082+0000][info][gc,phases   ] GC(108)   Pre Evacuate Collection Set: 0.3ms
[2024-08-28T01:09:54.083+0000][info][gc,phases   ] GC(108)   Merge Heap Roots: 1.1ms
[2024-08-28T01:09:54.083+0000][info][gc,phases   ] GC(108)   Evacuate Collection Set: 22.9ms
[2024-08-28T01:09:54.083+0000][info][gc,phases   ] GC(108)   Post Evacuate Collection Set: 0.6ms
[2024-08-28T01:09:54.083+0000][info][gc,phases   ] GC(108)   Other: 0.2ms
[2024-08-28T01:09:54.083+0000][info][gc,heap     ] GC(108) Eden regions: 126->0(84)
[2024-08-28T01:09:54.083+0000][info][gc,heap     ] GC(108) Survivor regions: 14->18(18)
[2024-08-28T01:09:54.083+0000][info][gc,heap     ] GC(108) Old regions: 1428->1553
[2024-08-28T01:09:54.083+0000][info][gc,heap     ] GC(108) Archive regions: 2->2
[2024-08-28T01:09:54.083+0000][info][gc,heap     ] GC(108) Humongous regions: 5->5
[2024-08-28T01:09:54.083+0000][info][gc,metaspace] GC(108) Metaspace: 100K(320K)->100K(320K) NonClass: 96K(192K)->96K(192K) Class: 4K(128K)->4K(128K)
[2024-08-28T01:09:54.083+0000][info][gc          ] GC(108) Pause Young (Prepare Mixed) (G1 Evacuation Pause) 1573M->1576M(2048M) 25.179ms
[2024-08-28T01:09:54.083+0000][info][gc,cpu      ] GC(108) User=1.17s Sys=0.00s Real=0.02s
[2024-08-28T01:09:54.140+0000][info][gc,start    ] GC(109) Pause Young (Mixed) (G1 Evacuation Pause)
[2024-08-28T01:09:54.140+0000][info][gc,task     ] GC(109) Using 49 workers of 68 for evacuation
[2024-08-28T01:09:54.157+0000][info][gc,phases   ] GC(109)   Pre Evacuate Collection Set: 0.4ms
[2024-08-28T01:09:54.157+0000][info][gc,phases   ] GC(109)   Merge Heap Roots: 0.5ms
[2024-08-28T01:09:54.157+0000][info][gc,phases   ] GC(109)   Evacuate Collection Set: 15.6ms
[2024-08-28T01:09:54.157+0000][info][gc,phases   ] GC(109)   Post Evacuate Collection Set: 0.5ms
[2024-08-28T01:09:54.157+0000][info][gc,phases   ] GC(109)   Other: 0.2ms
[2024-08-28T01:09:54.157+0000][info][gc,heap     ] GC(109) Eden regions: 84->0(89)
[2024-08-28T01:09:54.157+0000][info][gc,heap     ] GC(109) Survivor regions: 18->13(13)
[2024-08-28T01:09:54.157+0000][info][gc,heap     ] GC(109) Old regions: 1553->1526
[2024-08-28T01:09:54.157+0000][info][gc,heap     ] GC(109) Archive regions: 2->2
[2024-08-28T01:09:54.157+0000][info][gc,heap     ] GC(109) Humongous regions: 5->5
[2024-08-28T01:09:54.157+0000][info][gc,metaspace] GC(109) Metaspace: 100K(320K)->100K(320K) NonClass: 96K(192K)->96K(192K) Class: 4K(128K)->4K(128K)
[2024-08-28T01:09:54.157+0000][info][gc          ] GC(109) Pause Young (Mixed) (G1 Evacuation Pause) 1660M->1544M(2048M) 17.355ms
[2024-08-28T01:09:54.157+0000][info][gc,cpu      ] GC(109) User=0.77s Sys=0.02s Real=0.01s
[2024-08-28T01:09:54.217+0000][info][gc,start    ] GC(110) Pause Young (Mixed) (G1 Evacuation Pause)
[2024-08-28T01:09:54.217+0000][info][gc,task     ] GC(110) Using 49 workers of 68 for evacuation
[2024-08-28T01:09:54.234+0000][info][gc,phases   ] GC(110)   Pre Evacuate Collection Set: 0.5ms
[2024-08-28T01:09:54.234+0000][info][gc,phases   ] GC(110)   Merge Heap Roots: 0.6ms
[2024-08-28T01:09:54.234+0000][info][gc,phases   ] GC(110)   Evacuate Collection Set: 14.7ms
[2024-08-28T01:09:54.234+0000][info][gc,phases   ] GC(110)   Post Evacuate Collection Set: 0.5ms
[2024-08-28T01:09:54.234+0000][info][gc,phases   ] GC(110)   Other: 0.3ms
[2024-08-28T01:09:54.234+0000][info][gc,heap     ] GC(110) Eden regions: 89->0(89)
[2024-08-28T01:09:54.234+0000][info][gc,heap     ] GC(110) Survivor regions: 13->13(13)
[2024-08-28T01:09:54.234+0000][info][gc,heap     ] GC(110) Old regions: 1526->1497
[2024-08-28T01:09:54.234+0000][info][gc,heap     ] GC(110) Archive regions: 2->2
[2024-08-28T01:09:54.234+0000][info][gc,heap     ] GC(110) Humongous regions: 5->5
[2024-08-28T01:09:54.234+0000][info][gc,metaspace] GC(110) Metaspace: 100K(320K)->100K(320K) NonClass: 96K(192K)->96K(192K) Class: 4K(128K)->4K(128K)
[2024-08-28T01:09:54.234+0000][info][gc          ] GC(110) Pause Young (Mixed) (G1 Evacuation Pause) 1633M->1515M(2048M) 16.669ms
[2024-08-28T01:09:54.234+0000][info][gc,cpu      ] GC(110) User=0.71s Sys=0.02s Real=0.02s
[2024-08-28T01:09:54.295+0000][info][gc,start    ] GC(111) Pause Young (Mixed) (G1 Evacuation Pause)
[2024-08-28T01:09:54.295+0000][info][gc,task     ] GC(111) Using 49 workers of 68 for evacuation
[2024-08-28T01:09:54.311+0000][info][gc,phases   ] GC(111)   Pre Evacuate Collection Set: 0.4ms
[2024-08-28T01:09:54.311+0000][info][gc,phases   ] GC(111)   Merge Heap Roots: 0.5ms
[2024-08-28T01:09:54.311+0000][info][gc,phases   ] GC(111)   Evacuate Collection Set: 14.6ms
[2024-08-28T01:09:54.311+0000][info][gc,phases   ] GC(111)   Post Evacuate Collection Set: 0.5ms
[2024-08-28T01:09:54.311+0000][info][gc,phases   ] GC(111)   Other: 0.3ms
[2024-08-28T01:09:54.311+0000][info][gc,heap     ] GC(111) Eden regions: 89->0(89)
[2024-08-28T01:09:54.311+0000][info][gc,heap     ] GC(111) Survivor regions: 13->13(13)
[2024-08-28T01:09:54.311+0000][info][gc,heap     ] GC(111) Old regions: 1497->1468
[2024-08-28T01:09:54.311+0000][info][gc,heap     ] GC(111) Archive regions: 2->2
[2024-08-28T01:09:54.311+0000][info][gc,heap     ] GC(111) Humongous regions: 5->5
[2024-08-28T01:09:54.311+0000][info][gc,metaspace] GC(111) Metaspace: 100K(320K)->100K(320K) NonClass: 96K(192K)->96K(192K) Class: 4K(128K)->4K(128K)
[2024-08-28T01:09:54.311+0000][info][gc          ] GC(111) Pause Young (Mixed) (G1 Evacuation Pause) 1604M->1486M(2048M) 16.451ms
[2024-08-28T01:09:54.311+0000][info][gc,cpu      ] GC(111) User=0.74s Sys=0.00s Real=0.02s
[2024-08-28T01:09:54.371+0000][info][gc,start    ] GC(112) Pause Young (Mixed) (G1 Evacuation Pause)
[2024-08-28T01:09:54.371+0000][info][gc,task     ] GC(112) Using 49 workers of 68 for evacuation
[2024-08-28T01:09:54.392+0000][info][gc,phases   ] GC(112)   Pre Evacuate Collection Set: 0.4ms
[2024-08-28T01:09:54.392+0000][info][gc,phases   ] GC(112)   Merge Heap Roots: 0.7ms
[2024-08-28T01:09:54.392+0000][info][gc,phases   ] GC(112)   Evacuate Collection Set: 19.4ms
[2024-08-28T01:09:54.392+0000][info][gc,phases   ] GC(112)   Post Evacuate Collection Set: 0.5ms
[2024-08-28T01:09:54.392+0000][info][gc,phases   ] GC(112)   Other: 0.3ms
[2024-08-28T01:09:54.392+0000][info][gc,heap     ] GC(112) Eden regions: 89->0(89)
[2024-08-28T01:09:54.392+0000][info][gc,heap     ] GC(112) Survivor regions: 13->13(13)
[2024-08-28T01:09:54.392+0000][info][gc,heap     ] GC(112) Old regions: 1468->1440
[2024-08-28T01:09:54.392+0000][info][gc,heap     ] GC(112) Archive regions: 2->2
[2024-08-28T01:09:54.392+0000][info][gc,heap     ] GC(112) Humongous regions: 5->5
[2024-08-28T01:09:54.392+0000][info][gc,metaspace] GC(112) Metaspace: 100K(320K)->100K(320K) NonClass: 96K(192K)->96K(192K) Class: 4K(128K)->4K(128K)
[2024-08-28T01:09:54.392+0000][info][gc          ] GC(112) Pause Young (Mixed) (G1 Evacuation Pause) 1575M->1458M(2048M) 21.417ms
[2024-08-28T01:09:54.392+0000][info][gc,cpu      ] GC(112) User=0.77s Sys=0.01s Real=0.02s
[2024-08-28T01:09:54.458+0000][info][gc,start    ] GC(113) Pause Young (Mixed) (G1 Evacuation Pause)
[2024-08-28T01:09:54.458+0000][info][gc,task     ] GC(113) Using 49 workers of 68 for evacuation
[2024-08-28T01:09:54.477+0000][info][gc,phases   ] GC(113)   Pre Evacuate Collection Set: 0.4ms
[2024-08-28T01:09:54.477+0000][info][gc,phases   ] GC(113)   Merge Heap Roots: 0.5ms
[2024-08-28T01:09:54.477+0000][info][gc,phases   ] GC(113)   Evacuate Collection Set: 17.5ms
[2024-08-28T01:09:54.477+0000][info][gc,phases   ] GC(113)   Post Evacuate Collection Set: 0.6ms
[2024-08-28T01:09:54.477+0000][info][gc,phases   ] GC(113)   Other: 0.3ms
[2024-08-28T01:09:54.477+0000][info][gc,heap     ] GC(113) Eden regions: 89->0(89)
[2024-08-28T01:09:54.477+0000][info][gc,heap     ] GC(113) Survivor regions: 13->13(13)
[2024-08-28T01:09:54.477+0000][info][gc,heap     ] GC(113) Old regions: 1440->1410
[2024-08-28T01:09:54.477+0000][info][gc,heap     ] GC(113) Archive regions: 2->2
[2024-08-28T01:09:54.477+0000][info][gc,heap     ] GC(113) Humongous regions: 5->5
[2024-08-28T01:09:54.477+0000][info][gc,metaspace] GC(113) Metaspace: 100K(320K)->100K(320K) NonClass: 96K(192K)->96K(192K) Class: 4K(128K)->4K(128K)
[2024-08-28T01:09:54.477+0000][info][gc          ] GC(113) Pause Young (Mixed) (G1 Evacuation Pause) 1547M->1428M(2048M) 19.328ms
[2024-08-28T01:09:54.477+0000][info][gc,cpu      ] GC(113) User=0.73s Sys=0.14s Real=0.01s
[2024-08-28T01:09:54.540+0000][info][gc,start    ] GC(114) Pause Young (Mixed) (G1 Evacuation Pause)
[2024-08-28T01:09:54.540+0000][info][gc,task     ] GC(114) Using 49 workers of 68 for evacuation
[2024-08-28T01:09:54.564+0000][info][gc,phases   ] GC(114)   Pre Evacuate Collection Set: 0.4ms
[2024-08-28T01:09:54.564+0000][info][gc,phases   ] GC(114)   Merge Heap Roots: 1.0ms
[2024-08-28T01:09:54.564+0000][info][gc,phases   ] GC(114)   Evacuate Collection Set: 21.7ms
[2024-08-28T01:09:54.564+0000][info][gc,phases   ] GC(114)   Post Evacuate Collection Set: 0.6ms
[2024-08-28T01:09:54.564+0000][info][gc,phases   ] GC(114)   Other: 0.3ms
[2024-08-28T01:09:54.564+0000][info][gc,heap     ] GC(114) Eden regions: 89->0(89)
[2024-08-28T01:09:54.564+0000][info][gc,heap     ] GC(114) Survivor regions: 13->13(13)
[2024-08-28T01:09:54.564+0000][info][gc,heap     ] GC(114) Old regions: 1410->1382
[2024-08-28T01:09:54.564+0000][info][gc,heap     ] GC(114) Archive regions: 2->2
[2024-08-28T01:09:54.564+0000][info][gc,heap     ] GC(114) Humongous regions: 5->5
[2024-08-28T01:09:54.564+0000][info][gc,metaspace] GC(114) Metaspace: 100K(320K)->100K(320K) NonClass: 96K(192K)->96K(192K) Class: 4K(128K)->4K(128K)
[2024-08-28T01:09:54.564+0000][info][gc          ] GC(114) Pause Young (Mixed) (G1 Evacuation Pause) 1517M->1400M(2048M) 24.017ms
[2024-08-28T01:09:54.564+0000][info][gc,cpu      ] GC(114) User=0.80s Sys=0.04s Real=0.02s
[2024-08-28T01:09:54.632+0000][info][gc,start    ] GC(115) Pause Young (Mixed) (G1 Evacuation Pause)
[2024-08-28T01:09:54.632+0000][info][gc,task     ] GC(115) Using 49 workers of 68 for evacuation
[2024-08-28T01:09:54.650+0000][info][gc,phases   ] GC(115)   Pre Evacuate Collection Set: 0.4ms
[2024-08-28T01:09:54.650+0000][info][gc,phases   ] GC(115)   Merge Heap Roots: 0.5ms
[2024-08-28T01:09:54.650+0000][info][gc,phases   ] GC(115)   Evacuate Collection Set: 16.4ms
[2024-08-28T01:09:54.650+0000][info][gc,phases   ] GC(115)   Post Evacuate Collection Set: 0.5ms
[2024-08-28T01:09:54.650+0000][info][gc,phases   ] GC(115)   Other: 0.3ms
[2024-08-28T01:09:54.650+0000][info][gc,heap     ] GC(115) Eden regions: 89->0(128)
[2024-08-28T01:09:54.650+0000][info][gc,heap     ] GC(115) Survivor regions: 13->13(13)
[2024-08-28T01:09:54.650+0000][info][gc,heap     ] GC(115) Old regions: 1382->1420
[2024-08-28T01:09:54.650+0000][info][gc,heap     ] GC(115) Archive regions: 2->2
[2024-08-28T01:09:54.650+0000][info][gc,heap     ] GC(115) Humongous regions: 5->5
[2024-08-28T01:09:54.650+0000][info][gc,metaspace] GC(115) Metaspace: 100K(320K)->100K(320K) NonClass: 96K(192K)->96K(192K) Class: 4K(128K)->4K(128K)
[2024-08-28T01:09:54.650+0000][info][gc          ] GC(115) Pause Young (Mixed) (G1 Evacuation Pause) 1489M->1438M(2048M) 18.149ms
[2024-08-28T01:09:54.650+0000][info][gc,cpu      ] GC(115) User=0.67s Sys=0.15s Real=0.02s
[2024-08-28T01:09:54.741+0000][info][gc,start    ] GC(116) Pause Young (Concurrent Start) (G1 Evacuation Pause)
[2024-08-28T01:09:54.741+0000][info][gc,task     ] GC(116) Using 49 workers of 68 for evacuation
[2024-08-28T01:09:54.768+0000][info][gc,phases   ] GC(116)   Pre Evacuate Collection Set: 0.3ms
[2024-08-28T01:09:54.768+0000][info][gc,phases   ] GC(116)   Merge Heap Roots: 0.5ms
[2024-08-28T01:09:54.768+0000][info][gc,phases   ] GC(116)   Evacuate Collection Set: 25.1ms
[2024-08-28T01:09:54.768+0000][info][gc,phases   ] GC(116)   Post Evacuate Collection Set: 0.5ms
[2024-08-28T01:09:54.768+0000][info][gc,phases   ] GC(116)   Other: 0.7ms
[2024-08-28T01:09:54.768+0000][info][gc,heap     ] GC(116) Eden regions: 128->0(86)
[2024-08-28T01:09:54.768+0000][info][gc,heap     ] GC(116) Survivor regions: 13->18(18)
[2024-08-28T01:09:54.768+0000][info][gc,heap     ] GC(116) Old regions: 1420->1545
[2024-08-28T01:09:54.768+0000][info][gc,heap     ] GC(116) Archive regions: 2->2
[2024-08-28T01:09:54.768+0000][info][gc,heap     ] GC(116) Humongous regions: 5->5
[2024-08-28T01:09:54.768+0000][info][gc,metaspace] GC(116) Metaspace: 100K(320K)->100K(320K) NonClass: 96K(192K)->96K(192K) Class: 4K(128K)->4K(128K)
[2024-08-28T01:09:54.768+0000][info][gc          ] GC(116) Pause Young (Concurrent Start) (G1 Evacuation Pause) 1566M->1568M(2048M) 27.197ms
[2024-08-28T01:09:54.768+0000][info][gc,cpu      ] GC(116) User=0.99s Sys=0.03s Real=0.02s
[2024-08-28T01:09:54.768+0000][info][gc          ] GC(117) Concurrent Mark Cycle
[2024-08-28T01:09:54.768+0000][info][gc,marking  ] GC(117) Concurrent Clear Claimed Marks
[2024-08-28T01:09:54.768+0000][info][gc,marking  ] GC(117) Concurrent Clear Claimed Marks 0.011ms
[2024-08-28T01:09:54.768+0000][info][gc,marking  ] GC(117) Concurrent Scan Root Regions
[2024-08-28T01:09:54.772+0000][info][gc,marking  ] GC(117) Concurrent Scan Root Regions 3.575ms
[2024-08-28T01:09:54.772+0000][info][gc,marking  ] GC(117) Concurrent Mark
[2024-08-28T01:09:54.772+0000][info][gc,marking  ] GC(117) Concurrent Mark From Roots
[2024-08-28T01:09:54.772+0000][info][gc,task     ] GC(117) Using 17 workers of 17 for marking
[2024-08-28T01:09:54.793+0000][info][gc,marking  ] GC(117) Concurrent Mark From Roots 21.080ms
[2024-08-28T01:09:54.793+0000][info][gc,marking  ] GC(117) Concurrent Preclean
[2024-08-28T01:09:54.793+0000][info][gc,marking  ] GC(117) Concurrent Preclean 0.505ms
[2024-08-28T01:09:54.794+0000][info][gc,start    ] GC(117) Pause Remark
[2024-08-28T01:09:54.796+0000][info][gc          ] GC(117) Pause Remark 1593M->1398M(2048M) 2.365ms
[2024-08-28T01:09:54.796+0000][info][gc,cpu      ] GC(117) User=0.02s Sys=0.01s Real=0.00s
[2024-08-28T01:09:54.796+0000][info][gc,marking  ] GC(117) Concurrent Mark 24.474ms
[2024-08-28T01:09:54.796+0000][info][gc,marking  ] GC(117) Concurrent Rebuild Remembered Sets
[2024-08-28T01:09:54.844+0000][info][gc,start    ] GC(118) Pause Young (Normal) (G1 Evacuation Pause)
[2024-08-28T01:09:54.844+0000][info][gc,task     ] GC(118) Using 49 workers of 68 for evacuation
[2024-08-28T01:09:54.861+0000][info][gc,phases   ] GC(118)   Pre Evacuate Collection Set: 0.6ms
[2024-08-28T01:09:54.862+0000][info][gc,phases   ] GC(118)   Merge Heap Roots: 0.9ms
[2024-08-28T01:09:54.862+0000][info][gc,phases   ] GC(118)   Evacuate Collection Set: 15.3ms
[2024-08-28T01:09:54.862+0000][info][gc,phases   ] GC(118)   Post Evacuate Collection Set: 0.8ms
[2024-08-28T01:09:54.862+0000][info][gc,phases   ] GC(118)   Other: 0.3ms
[2024-08-28T01:09:54.862+0000][info][gc,heap     ] GC(118) Eden regions: 86->0(119)
[2024-08-28T01:09:54.862+0000][info][gc,heap     ] GC(118) Survivor regions: 18->13(13)
[2024-08-28T01:09:54.862+0000][info][gc,heap     ] GC(118) Old regions: 1350->1448
[2024-08-28T01:09:54.862+0000][info][gc,heap     ] GC(118) Archive regions: 2->2
[2024-08-28T01:09:54.862+0000][info][gc,heap     ] GC(118) Humongous regions: 5->5
[2024-08-28T01:09:54.862+0000][info][gc,metaspace] GC(118) Metaspace: 100K(320K)->100K(320K) NonClass: 96K(192K)->96K(192K) Class: 4K(128K)->4K(128K)
[2024-08-28T01:09:54.862+0000][info][gc          ] GC(118) Pause Young (Normal) (G1 Evacuation Pause) 1459M->1466M(2048M) 17.995ms
[2024-08-28T01:09:54.862+0000][info][gc,cpu      ] GC(118) User=0.67s Sys=0.09s Real=0.02s
[2024-08-28T01:09:54.863+0000][info][gc,marking  ] GC(117) Concurrent Rebuild Remembered Sets 66.402ms
[2024-08-28T01:09:54.863+0000][info][gc,start    ] GC(117) Pause Cleanup
[2024-08-28T01:09:54.866+0000][info][gc          ] GC(117) Pause Cleanup 1467M->1467M(2048M) 3.200ms
[2024-08-28T01:09:54.866+0000][info][gc,cpu      ] GC(117) User=0.01s Sys=0.01s Real=0.00s
[2024-08-28T01:09:54.866+0000][info][gc,marking  ] GC(117) Concurrent Cleanup for Next Mark
[2024-08-28T01:09:54.868+0000][info][gc,marking  ] GC(117) Concurrent Cleanup for Next Mark 1.327ms
[2024-08-28T01:09:54.868+0000][info][gc          ] GC(117) Concurrent Mark Cycle 99.600ms
[2024-08-28T01:09:54.936+0000][info][gc,start    ] GC(119) Pause Young (Prepare Mixed) (G1 Evacuation Pause)
[2024-08-28T01:09:54.936+0000][info][gc,task     ] GC(119) Using 49 workers of 68 for evacuation
[2024-08-28T01:09:54.963+0000][info][gc,phases   ] GC(119)   Pre Evacuate Collection Set: 0.4ms
[2024-08-28T01:09:54.963+0000][info][gc,phases   ] GC(119)   Merge Heap Roots: 0.9ms
[2024-08-28T01:09:54.963+0000][info][gc,phases   ] GC(119)   Evacuate Collection Set: 24.9ms
[2024-08-28T01:09:54.963+0000][info][gc,phases   ] GC(119)   Post Evacuate Collection Set: 0.5ms
[2024-08-28T01:09:54.963+0000][info][gc,phases   ] GC(119)   Other: 0.2ms
[2024-08-28T01:09:54.963+0000][info][gc,heap     ] GC(119) Eden regions: 119->0(85)
[2024-08-28T01:09:54.963+0000][info][gc,heap     ] GC(119) Survivor regions: 13->17(17)
[2024-08-28T01:09:54.963+0000][info][gc,heap     ] GC(119) Old regions: 1448->1566
[2024-08-28T01:09:54.963+0000][info][gc,heap     ] GC(119) Archive regions: 2->2
[2024-08-28T01:09:54.963+0000][info][gc,heap     ] GC(119) Humongous regions: 5->5
[2024-08-28T01:09:54.963+0000][info][gc,metaspace] GC(119) Metaspace: 100K(320K)->100K(320K) NonClass: 96K(192K)->96K(192K) Class: 4K(128K)->4K(128K)
[2024-08-28T01:09:54.963+0000][info][gc          ] GC(119) Pause Young (Prepare Mixed) (G1 Evacuation Pause) 1585M->1588M(2048M) 26.934ms
[2024-08-28T01:09:54.963+0000][info][gc,cpu      ] GC(119) User=1.02s Sys=0.04s Real=0.03s
[2024-08-28T01:09:55.018+0000][info][gc,start    ] GC(120) Pause Young (Mixed) (G1 Evacuation Pause)
[2024-08-28T01:09:55.018+0000][info][gc,task     ] GC(120) Using 49 workers of 68 for evacuation
[2024-08-28T01:09:55.035+0000][info][gc,phases   ] GC(120)   Pre Evacuate Collection Set: 0.4ms
[2024-08-28T01:09:55.035+0000][info][gc,phases   ] GC(120)   Merge Heap Roots: 0.4ms
[2024-08-28T01:09:55.035+0000][info][gc,phases   ] GC(120)   Evacuate Collection Set: 15.2ms
[2024-08-28T01:09:55.035+0000][info][gc,phases   ] GC(120)   Post Evacuate Collection Set: 0.5ms
[2024-08-28T01:09:55.035+0000][info][gc,phases   ] GC(120)   Other: 0.2ms
[2024-08-28T01:09:55.035+0000][info][gc,heap     ] GC(120) Eden regions: 85->0(89)
[2024-08-28T01:09:55.035+0000][info][gc,heap     ] GC(120) Survivor regions: 17->13(13)
[2024-08-28T01:09:55.035+0000][info][gc,heap     ] GC(120) Old regions: 1566->1539
[2024-08-28T01:09:55.035+0000][info][gc,heap     ] GC(120) Archive regions: 2->2
[2024-08-28T01:09:55.035+0000][info][gc,heap     ] GC(120) Humongous regions: 5->5
[2024-08-28T01:09:55.035+0000][info][gc,metaspace] GC(120) Metaspace: 100K(320K)->100K(320K) NonClass: 96K(192K)->96K(192K) Class: 4K(128K)->4K(128K)
[2024-08-28T01:09:55.035+0000][info][gc          ] GC(120) Pause Young (Mixed) (G1 Evacuation Pause) 1673M->1557M(2048M) 16.867ms
[2024-08-28T01:09:55.035+0000][info][gc,cpu      ] GC(120) User=0.63s Sys=0.13s Real=0.01s
[2024-08-28T01:09:55.090+0000][info][gc,start    ] GC(121) Pause Young (Mixed) (G1 Evacuation Pause)
[2024-08-28T01:09:55.090+0000][info][gc,task     ] GC(121) Using 49 workers of 68 for evacuation
[2024-08-28T01:09:55.109+0000][info][gc,phases   ] GC(121)   Pre Evacuate Collection Set: 0.4ms
[2024-08-28T01:09:55.109+0000][info][gc,phases   ] GC(121)   Merge Heap Roots: 0.5ms
[2024-08-28T01:09:55.109+0000][info][gc,phases   ] GC(121)   Evacuate Collection Set: 18.0ms
[2024-08-28T01:09:55.109+0000][info][gc,phases   ] GC(121)   Post Evacuate Collection Set: 0.5ms
[2024-08-28T01:09:55.109+0000][info][gc,phases   ] GC(121)   Other: 0.2ms
[2024-08-28T01:09:55.109+0000][info][gc,heap     ] GC(121) Eden regions: 89->0(89)
[2024-08-28T01:09:55.109+0000][info][gc,heap     ] GC(121) Survivor regions: 13->13(13)
[2024-08-28T01:09:55.109+0000][info][gc,heap     ] GC(121) Old regions: 1539->1510
[2024-08-28T01:09:55.109+0000][info][gc,heap     ] GC(121) Archive regions: 2->2
[2024-08-28T01:09:55.109+0000][info][gc,heap     ] GC(121) Humongous regions: 5->5
[2024-08-28T01:09:55.109+0000][info][gc,metaspace] GC(121) Metaspace: 100K(320K)->100K(320K) NonClass: 96K(192K)->96K(192K) Class: 4K(128K)->4K(128K)
[2024-08-28T01:09:55.109+0000][info][gc          ] GC(121) Pause Young (Mixed) (G1 Evacuation Pause) 1646M->1528M(2048M) 19.756ms
[2024-08-28T01:09:55.109+0000][info][gc,cpu      ] GC(121) User=0.64s Sys=0.10s Real=0.01s
[2024-08-28T01:09:55.170+0000][info][gc,start    ] GC(122) Pause Young (Mixed) (G1 Evacuation Pause)
[2024-08-28T01:09:55.170+0000][info][gc,task     ] GC(122) Using 49 workers of 68 for evacuation
[2024-08-28T01:09:55.185+0000][info][gc,phases   ] GC(122)   Pre Evacuate Collection Set: 0.4ms
[2024-08-28T01:09:55.185+0000][info][gc,phases   ] GC(122)   Merge Heap Roots: 0.5ms
[2024-08-28T01:09:55.185+0000][info][gc,phases   ] GC(122)   Evacuate Collection Set: 13.6ms
[2024-08-28T01:09:55.185+0000][info][gc,phases   ] GC(122)   Post Evacuate Collection Set: 0.5ms
[2024-08-28T01:09:55.185+0000][info][gc,phases   ] GC(122)   Other: 0.2ms
[2024-08-28T01:09:55.185+0000][info][gc,heap     ] GC(122) Eden regions: 89->0(89)
[2024-08-28T01:09:55.185+0000][info][gc,heap     ] GC(122) Survivor regions: 13->13(13)
[2024-08-28T01:09:55.185+0000][info][gc,heap     ] GC(122) Old regions: 1510->1480
[2024-08-28T01:09:55.185+0000][info][gc,heap     ] GC(122) Archive regions: 2->2
[2024-08-28T01:09:55.185+0000][info][gc,heap     ] GC(122) Humongous regions: 5->5
[2024-08-28T01:09:55.185+0000][info][gc,metaspace] GC(122) Metaspace: 100K(320K)->100K(320K) NonClass: 96K(192K)->96K(192K) Class: 4K(128K)->4K(128K)
[2024-08-28T01:09:55.185+0000][info][gc          ] GC(122) Pause Young (Mixed) (G1 Evacuation Pause) 1617M->1498M(2048M) 15.328ms
[2024-08-28T01:09:55.185+0000][info][gc,cpu      ] GC(122) User=0.57s Sys=0.12s Real=0.01s
[2024-08-28T01:09:55.241+0000][info][gc,start    ] GC(123) Pause Young (Mixed) (G1 Evacuation Pause)
[2024-08-28T01:09:55.241+0000][info][gc,task     ] GC(123) Using 49 workers of 68 for evacuation
[2024-08-28T01:09:55.261+0000][info][gc,phases   ] GC(123)   Pre Evacuate Collection Set: 0.4ms
[2024-08-28T01:09:55.261+0000][info][gc,phases   ] GC(123)   Merge Heap Roots: 0.5ms
[2024-08-28T01:09:55.261+0000][info][gc,phases   ] GC(123)   Evacuate Collection Set: 18.6ms
[2024-08-28T01:09:55.261+0000][info][gc,phases   ] GC(123)   Post Evacuate Collection Set: 0.5ms
[2024-08-28T01:09:55.261+0000][info][gc,phases   ] GC(123)   Other: 0.3ms
[2024-08-28T01:09:55.261+0000][info][gc,heap     ] GC(123) Eden regions: 89->0(89)
[2024-08-28T01:09:55.261+0000][info][gc,heap     ] GC(123) Survivor regions: 13->13(13)
[2024-08-28T01:09:55.261+0000][info][gc,heap     ] GC(123) Old regions: 1480->1450
[2024-08-28T01:09:55.261+0000][info][gc,heap     ] GC(123) Archive regions: 2->2
[2024-08-28T01:09:55.261+0000][info][gc,heap     ] GC(123) Humongous regions: 5->5
[2024-08-28T01:09:55.261+0000][info][gc,metaspace] GC(123) Metaspace: 100K(320K)->100K(320K) NonClass: 96K(192K)->96K(192K) Class: 4K(128K)->4K(128K)
[2024-08-28T01:09:55.261+0000][info][gc          ] GC(123) Pause Young (Mixed) (G1 Evacuation Pause) 1587M->1468M(2048M) 20.471ms
[2024-08-28T01:09:55.261+0000][info][gc,cpu      ] GC(123) User=0.58s Sys=0.12s Real=0.02s
[2024-08-28T01:09:55.329+0000][info][gc,start    ] GC(124) Pause Young (Mixed) (G1 Evacuation Pause)
[2024-08-28T01:09:55.329+0000][info][gc,task     ] GC(124) Using 49 workers of 68 for evacuation
[2024-08-28T01:09:55.345+0000][info][gc,phases   ] GC(124)   Pre Evacuate Collection Set: 0.5ms
[2024-08-28T01:09:55.345+0000][info][gc,phases   ] GC(124)   Merge Heap Roots: 0.5ms
[2024-08-28T01:09:55.345+0000][info][gc,phases   ] GC(124)   Evacuate Collection Set: 14.2ms
[2024-08-28T01:09:55.345+0000][info][gc,phases   ] GC(124)   Post Evacuate Collection Set: 0.5ms
[2024-08-28T01:09:55.345+0000][info][gc,phases   ] GC(124)   Other: 0.3ms
[2024-08-28T01:09:55.345+0000][info][gc,heap     ] GC(124) Eden regions: 89->0(89)
[2024-08-28T01:09:55.345+0000][info][gc,heap     ] GC(124) Survivor regions: 13->13(13)
[2024-08-28T01:09:55.345+0000][info][gc,heap     ] GC(124) Old regions: 1450->1420
[2024-08-28T01:09:55.345+0000][info][gc,heap     ] GC(124) Archive regions: 2->2
[2024-08-28T01:09:55.345+0000][info][gc,heap     ] GC(124) Humongous regions: 5->5
[2024-08-28T01:09:55.345+0000][info][gc,metaspace] GC(124) Metaspace: 100K(320K)->100K(320K) NonClass: 96K(192K)->96K(192K) Class: 4K(128K)->4K(128K)
[2024-08-28T01:09:55.345+0000][info][gc          ] GC(124) Pause Young (Mixed) (G1 Evacuation Pause) 1557M->1438M(2048M) 16.036ms
[2024-08-28T01:09:55.345+0000][info][gc,cpu      ] GC(124) User=0.61s Sys=0.10s Real=0.02s
[2024-08-28T01:09:55.407+0000][info][gc,start    ] GC(125) Pause Young (Mixed) (G1 Evacuation Pause)
[2024-08-28T01:09:55.407+0000][info][gc,task     ] GC(125) Using 49 workers of 68 for evacuation
[2024-08-28T01:09:55.425+0000][info][gc,phases   ] GC(125)   Pre Evacuate Collection Set: 0.5ms
[2024-08-28T01:09:55.425+0000][info][gc,phases   ] GC(125)   Merge Heap Roots: 0.6ms
[2024-08-28T01:09:55.425+0000][info][gc,phases   ] GC(125)   Evacuate Collection Set: 16.4ms
[2024-08-28T01:09:55.425+0000][info][gc,phases   ] GC(125)   Post Evacuate Collection Set: 0.5ms
[2024-08-28T01:09:55.425+0000][info][gc,phases   ] GC(125)   Other: 0.3ms
[2024-08-28T01:09:55.425+0000][info][gc,heap     ] GC(125) Eden regions: 89->0(89)
[2024-08-28T01:09:55.425+0000][info][gc,heap     ] GC(125) Survivor regions: 13->13(13)
[2024-08-28T01:09:55.425+0000][info][gc,heap     ] GC(125) Old regions: 1420->1391
[2024-08-28T01:09:55.425+0000][info][gc,heap     ] GC(125) Archive regions: 2->2
[2024-08-28T01:09:55.425+0000][info][gc,heap     ] GC(125) Humongous regions: 5->5
[2024-08-28T01:09:55.425+0000][info][gc,metaspace] GC(125) Metaspace: 100K(320K)->100K(320K) NonClass: 96K(192K)->96K(192K) Class: 4K(128K)->4K(128K)
[2024-08-28T01:09:55.425+0000][info][gc          ] GC(125) Pause Young (Mixed) (G1 Evacuation Pause) 1527M->1409M(2048M) 18.411ms
[2024-08-28T01:09:55.425+0000][info][gc,cpu      ] GC(125) User=0.69s Sys=0.08s Real=0.02s
[2024-08-28T01:09:55.483+0000][info][gc,start    ] GC(126) Pause Young (Mixed) (G1 Evacuation Pause)
[2024-08-28T01:09:55.483+0000][info][gc,task     ] GC(126) Using 49 workers of 68 for evacuation
[2024-08-28T01:09:55.499+0000][info][gc,phases   ] GC(126)   Pre Evacuate Collection Set: 0.4ms
[2024-08-28T01:09:55.499+0000][info][gc,phases   ] GC(126)   Merge Heap Roots: 0.4ms
[2024-08-28T01:09:55.499+0000][info][gc,phases   ] GC(126)   Evacuate Collection Set: 14.3ms
[2024-08-28T01:09:55.499+0000][info][gc,phases   ] GC(126)   Post Evacuate Collection Set: 0.5ms
[2024-08-28T01:09:55.499+0000][info][gc,phases   ] GC(126)   Other: 0.2ms
[2024-08-28T01:09:55.499+0000][info][gc,heap     ] GC(126) Eden regions: 89->0(134)
[2024-08-28T01:09:55.499+0000][info][gc,heap     ] GC(126) Survivor regions: 13->13(13)
[2024-08-28T01:09:55.499+0000][info][gc,heap     ] GC(126) Old regions: 1391->1402
[2024-08-28T01:09:55.499+0000][info][gc,heap     ] GC(126) Archive regions: 2->2
[2024-08-28T01:09:55.499+0000][info][gc,heap     ] GC(126) Humongous regions: 5->5
[2024-08-28T01:09:55.499+0000][info][gc,metaspace] GC(126) Metaspace: 100K(320K)->100K(320K) NonClass: 96K(192K)->96K(192K) Class: 4K(128K)->4K(128K)
[2024-08-28T01:09:55.499+0000][info][gc          ] GC(126) Pause Young (Mixed) (G1 Evacuation Pause) 1498M->1420M(2048M) 16.001ms
[2024-08-28T01:09:55.499+0000][info][gc,cpu      ] GC(126) User=0.68s Sys=0.03s Real=0.02s
[2024-08-28T01:09:55.598+0000][info][gc,start    ] GC(127) Pause Young (Concurrent Start) (G1 Evacuation Pause)
[2024-08-28T01:09:55.598+0000][info][gc,task     ] GC(127) Using 49 workers of 68 for evacuation
[2024-08-28T01:09:55.622+0000][info][gc,phases   ] GC(127)   Pre Evacuate Collection Set: 0.3ms
[2024-08-28T01:09:55.622+0000][info][gc,phases   ] GC(127)   Merge Heap Roots: 0.4ms
[2024-08-28T01:09:55.622+0000][info][gc,phases   ] GC(127)   Evacuate Collection Set: 22.4ms
[2024-08-28T01:09:55.622+0000][info][gc,phases   ] GC(127)   Post Evacuate Collection Set: 0.5ms
[2024-08-28T01:09:55.622+0000][info][gc,phases   ] GC(127)   Other: 0.7ms
[2024-08-28T01:09:55.622+0000][info][gc,heap     ] GC(127) Eden regions: 134->0(90)
[2024-08-28T01:09:55.622+0000][info][gc,heap     ] GC(127) Survivor regions: 13->19(19)
[2024-08-28T01:09:55.622+0000][info][gc,heap     ] GC(127) Old regions: 1402->1533
[2024-08-28T01:09:55.622+0000][info][gc,heap     ] GC(127) Archive regions: 2->2
[2024-08-28T01:09:55.622+0000][info][gc,heap     ] GC(127) Humongous regions: 5->5
[2024-08-28T01:09:55.622+0000][info][gc,metaspace] GC(127) Metaspace: 100K(320K)->100K(320K) NonClass: 96K(192K)->96K(192K) Class: 4K(128K)->4K(128K)
[2024-08-28T01:09:55.622+0000][info][gc          ] GC(127) Pause Young (Concurrent Start) (G1 Evacuation Pause) 1554M->1557M(2048M) 24.479ms
[2024-08-28T01:09:55.622+0000][info][gc,cpu      ] GC(127) User=0.76s Sys=0.34s Real=0.02s
[2024-08-28T01:09:55.622+0000][info][gc          ] GC(128) Concurrent Mark Cycle
[2024-08-28T01:09:55.622+0000][info][gc,marking  ] GC(128) Concurrent Clear Claimed Marks
[2024-08-28T01:09:55.622+0000][info][gc,marking  ] GC(128) Concurrent Clear Claimed Marks 0.011ms
[2024-08-28T01:09:55.622+0000][info][gc,marking  ] GC(128) Concurrent Scan Root Regions
[2024-08-28T01:09:55.626+0000][info][gc,marking  ] GC(128) Concurrent Scan Root Regions 3.639ms
[2024-08-28T01:09:55.626+0000][info][gc,marking  ] GC(128) Concurrent Mark
[2024-08-28T01:09:55.626+0000][info][gc,marking  ] GC(128) Concurrent Mark From Roots
[2024-08-28T01:09:55.626+0000][info][gc,task     ] GC(128) Using 17 workers of 17 for marking
[2024-08-28T01:09:55.646+0000][info][gc,marking  ] GC(128) Concurrent Mark From Roots 19.936ms
[2024-08-28T01:09:55.646+0000][info][gc,marking  ] GC(128) Concurrent Preclean
[2024-08-28T01:09:55.646+0000][info][gc,marking  ] GC(128) Concurrent Preclean 0.500ms
[2024-08-28T01:09:55.647+0000][info][gc,start    ] GC(128) Pause Remark
[2024-08-28T01:09:55.649+0000][info][gc          ] GC(128) Pause Remark 1588M->1389M(2048M) 1.899ms
[2024-08-28T01:09:55.649+0000][info][gc,cpu      ] GC(128) User=0.02s Sys=0.00s Real=0.00s
[2024-08-28T01:09:55.649+0000][info][gc,marking  ] GC(128) Concurrent Mark 22.749ms
[2024-08-28T01:09:55.649+0000][info][gc,marking  ] GC(128) Concurrent Rebuild Remembered Sets
[2024-08-28T01:09:55.682+0000][info][gc,start    ] GC(129) Pause Young (Normal) (G1 Evacuation Pause)
[2024-08-28T01:09:55.682+0000][info][gc,task     ] GC(129) Using 49 workers of 68 for evacuation
[2024-08-28T01:09:55.701+0000][info][gc,phases   ] GC(129)   Pre Evacuate Collection Set: 0.4ms
[2024-08-28T01:09:55.701+0000][info][gc,phases   ] GC(129)   Merge Heap Roots: 0.5ms
[2024-08-28T01:09:55.701+0000][info][gc,phases   ] GC(129)   Evacuate Collection Set: 15.9ms
[2024-08-28T01:09:55.701+0000][info][gc,phases   ] GC(129)   Post Evacuate Collection Set: 1.2ms
[2024-08-28T01:09:55.701+0000][info][gc,phases   ] GC(129)   Other: 0.2ms
[2024-08-28T01:09:55.701+0000][info][gc,heap     ] GC(129) Eden regions: 90->0(123)
[2024-08-28T01:09:55.701+0000][info][gc,heap     ] GC(129) Survivor regions: 19->14(14)
[2024-08-28T01:09:55.701+0000][info][gc,heap     ] GC(129) Old regions: 1334->1437
[2024-08-28T01:09:55.701+0000][info][gc,heap     ] GC(129) Archive regions: 2->2
[2024-08-28T01:09:55.701+0000][info][gc,heap     ] GC(129) Humongous regions: 5->5
[2024-08-28T01:09:55.701+0000][info][gc,metaspace] GC(129) Metaspace: 100K(320K)->100K(320K) NonClass: 96K(192K)->96K(192K) Class: 4K(128K)->4K(128K)
[2024-08-28T01:09:55.701+0000][info][gc          ] GC(129) Pause Young (Normal) (G1 Evacuation Pause) 1448M->1456M(2048M) 18.409ms
[2024-08-28T01:09:55.701+0000][info][gc,cpu      ] GC(129) User=0.78s Sys=0.01s Real=0.02s
[2024-08-28T01:09:55.715+0000][info][gc,marking  ] GC(128) Concurrent Rebuild Remembered Sets 66.461ms
[2024-08-28T01:09:55.715+0000][info][gc,start    ] GC(128) Pause Cleanup
[2024-08-28T01:09:55.718+0000][info][gc          ] GC(128) Pause Cleanup 1481M->1481M(2048M) 3.002ms
[2024-08-28T01:09:55.718+0000][info][gc,cpu      ] GC(128) User=0.01s Sys=0.00s Real=0.01s
[2024-08-28T01:09:55.718+0000][info][gc,marking  ] GC(128) Concurrent Cleanup for Next Mark
[2024-08-28T01:09:55.721+0000][info][gc,marking  ] GC(128) Concurrent Cleanup for Next Mark 2.387ms
[2024-08-28T01:09:55.721+0000][info][gc          ] GC(128) Concurrent Mark Cycle 98.818ms
[2024-08-28T01:09:55.776+0000][info][gc,start    ] GC(130) Pause Young (Prepare Mixed) (G1 Evacuation Pause)
[2024-08-28T01:09:55.776+0000][info][gc,task     ] GC(130) Using 49 workers of 68 for evacuation
[2024-08-28T01:09:55.801+0000][info][gc,phases   ] GC(130)   Pre Evacuate Collection Set: 0.4ms
[2024-08-28T01:09:55.801+0000][info][gc,phases   ] GC(130)   Merge Heap Roots: 1.2ms
[2024-08-28T01:09:55.801+0000][info][gc,phases   ] GC(130)   Evacuate Collection Set: 22.6ms
[2024-08-28T01:09:55.801+0000][info][gc,phases   ] GC(130)   Post Evacuate Collection Set: 0.5ms
[2024-08-28T01:09:55.801+0000][info][gc,phases   ] GC(130)   Other: 0.3ms
[2024-08-28T01:09:55.801+0000][info][gc,heap     ] GC(130) Eden regions: 123->0(84)
[2024-08-28T01:09:55.801+0000][info][gc,heap     ] GC(130) Survivor regions: 14->18(18)
[2024-08-28T01:09:55.801+0000][info][gc,heap     ] GC(130) Old regions: 1437->1559
[2024-08-28T01:09:55.801+0000][info][gc,heap     ] GC(130) Archive regions: 2->2
[2024-08-28T01:09:55.801+0000][info][gc,heap     ] GC(130) Humongous regions: 5->5
[2024-08-28T01:09:55.801+0000][info][gc,metaspace] GC(130) Metaspace: 100K(320K)->100K(320K) NonClass: 96K(192K)->96K(192K) Class: 4K(128K)->4K(128K)
[2024-08-28T01:09:55.801+0000][info][gc          ] GC(130) Pause Young (Prepare Mixed) (G1 Evacuation Pause) 1579M->1582M(2048M) 25.117ms
[2024-08-28T01:09:55.801+0000][info][gc,cpu      ] GC(130) User=1.12s Sys=0.04s Real=0.03s
[2024-08-28T01:09:55.850+0000][info][gc,start    ] GC(131) Pause Young (Mixed) (G1 Evacuation Pause)
[2024-08-28T01:09:55.850+0000][info][gc,task     ] GC(131) Using 49 workers of 68 for evacuation
[2024-08-28T01:09:55.867+0000][info][gc,phases   ] GC(131)   Pre Evacuate Collection Set: 0.4ms
[2024-08-28T01:09:55.867+0000][info][gc,phases   ] GC(131)   Merge Heap Roots: 0.4ms
[2024-08-28T01:09:55.867+0000][info][gc,phases   ] GC(131)   Evacuate Collection Set: 15.6ms
[2024-08-28T01:09:55.867+0000][info][gc,phases   ] GC(131)   Post Evacuate Collection Set: 0.5ms
[2024-08-28T01:09:55.867+0000][info][gc,phases   ] GC(131)   Other: 0.2ms
[2024-08-28T01:09:55.867+0000][info][gc,heap     ] GC(131) Eden regions: 84->0(89)
[2024-08-28T01:09:55.867+0000][info][gc,heap     ] GC(131) Survivor regions: 18->13(13)
[2024-08-28T01:09:55.867+0000][info][gc,heap     ] GC(131) Old regions: 1559->1531
[2024-08-28T01:09:55.867+0000][info][gc,heap     ] GC(131) Archive regions: 2->2
[2024-08-28T01:09:55.867+0000][info][gc,heap     ] GC(131) Humongous regions: 5->5
[2024-08-28T01:09:55.867+0000][info][gc,metaspace] GC(131) Metaspace: 100K(320K)->100K(320K) NonClass: 96K(192K)->96K(192K) Class: 4K(128K)->4K(128K)
[2024-08-28T01:09:55.867+0000][info][gc          ] GC(131) Pause Young (Mixed) (G1 Evacuation Pause) 1666M->1549M(2048M) 17.330ms
[2024-08-28T01:09:55.867+0000][info][gc,cpu      ] GC(131) User=0.66s Sys=0.11s Real=0.01s
[2024-08-28T01:09:55.919+0000][info][gc,start    ] GC(132) Pause Young (Mixed) (G1 Evacuation Pause)
[2024-08-28T01:09:55.919+0000][info][gc,task     ] GC(132) Using 49 workers of 68 for evacuation
[2024-08-28T01:09:55.936+0000][info][gc,phases   ] GC(132)   Pre Evacuate Collection Set: 0.4ms
[2024-08-28T01:09:55.936+0000][info][gc,phases   ] GC(132)   Merge Heap Roots: 0.8ms
[2024-08-28T01:09:55.936+0000][info][gc,phases   ] GC(132)   Evacuate Collection Set: 14.8ms
[2024-08-28T01:09:55.936+0000][info][gc,phases   ] GC(132)   Post Evacuate Collection Set: 0.5ms
[2024-08-28T01:09:55.936+0000][info][gc,phases   ] GC(132)   Other: 0.2ms
[2024-08-28T01:09:55.936+0000][info][gc,heap     ] GC(132) Eden regions: 89->0(89)
[2024-08-28T01:09:55.936+0000][info][gc,heap     ] GC(132) Survivor regions: 13->13(13)
[2024-08-28T01:09:55.936+0000][info][gc,heap     ] GC(132) Old regions: 1531->1503
[2024-08-28T01:09:55.936+0000][info][gc,heap     ] GC(132) Archive regions: 2->2
[2024-08-28T01:09:55.936+0000][info][gc,heap     ] GC(132) Humongous regions: 5->5
[2024-08-28T01:09:55.936+0000][info][gc,metaspace] GC(132) Metaspace: 100K(320K)->100K(320K) NonClass: 96K(192K)->96K(192K) Class: 4K(128K)->4K(128K)
[2024-08-28T01:09:55.936+0000][info][gc          ] GC(132) Pause Young (Mixed) (G1 Evacuation Pause) 1638M->1521M(2048M) 16.904ms
[2024-08-28T01:09:55.936+0000][info][gc,cpu      ] GC(132) User=0.74s Sys=0.02s Real=0.01s
[2024-08-28T01:09:55.987+0000][info][gc,start    ] GC(133) Pause Young (Mixed) (G1 Evacuation Pause)
[2024-08-28T01:09:55.987+0000][info][gc,task     ] GC(133) Using 49 workers of 68 for evacuation
[2024-08-28T01:09:56.004+0000][info][gc,phases   ] GC(133)   Pre Evacuate Collection Set: 0.4ms
[2024-08-28T01:09:56.004+0000][info][gc,phases   ] GC(133)   Merge Heap Roots: 0.5ms
[2024-08-28T01:09:56.004+0000][info][gc,phases   ] GC(133)   Evacuate Collection Set: 15.0ms
[2024-08-28T01:09:56.004+0000][info][gc,phases   ] GC(133)   Post Evacuate Collection Set: 0.9ms
[2024-08-28T01:09:56.004+0000][info][gc,phases   ] GC(133)   Other: 0.3ms
[2024-08-28T01:09:56.004+0000][info][gc,heap     ] GC(133) Eden regions: 89->0(89)
[2024-08-28T01:09:56.004+0000][info][gc,heap     ] GC(133) Survivor regions: 13->13(13)
[2024-08-28T01:09:56.004+0000][info][gc,heap     ] GC(133) Old regions: 1503->1474
[2024-08-28T01:09:56.004+0000][info][gc,heap     ] GC(133) Archive regions: 2->2
[2024-08-28T01:09:56.004+0000][info][gc,heap     ] GC(133) Humongous regions: 5->5
[2024-08-28T01:09:56.004+0000][info][gc,metaspace] GC(133) Metaspace: 100K(320K)->100K(320K) NonClass: 96K(192K)->96K(192K) Class: 4K(128K)->4K(128K)
[2024-08-28T01:09:56.004+0000][info][gc          ] GC(133) Pause Young (Mixed) (G1 Evacuation Pause) 1610M->1492M(2048M) 17.119ms
[2024-08-28T01:09:56.004+0000][info][gc,cpu      ] GC(133) User=0.68s Sys=0.08s Real=0.02s
[2024-08-28T01:09:56.050+0000][info][gc,start    ] GC(134) Pause Young (Mixed) (G1 Evacuation Pause)
[2024-08-28T01:09:56.050+0000][info][gc,task     ] GC(134) Using 49 workers of 68 for evacuation
[2024-08-28T01:09:56.067+0000][info][gc,phases   ] GC(134)   Pre Evacuate Collection Set: 0.4ms
[2024-08-28T01:09:56.067+0000][info][gc,phases   ] GC(134)   Merge Heap Roots: 0.7ms
[2024-08-28T01:09:56.067+0000][info][gc,phases   ] GC(134)   Evacuate Collection Set: 14.8ms
[2024-08-28T01:09:56.067+0000][info][gc,phases   ] GC(134)   Post Evacuate Collection Set: 0.6ms
[2024-08-28T01:09:56.067+0000][info][gc,phases   ] GC(134)   Other: 0.3ms
[2024-08-28T01:09:56.067+0000][info][gc,heap     ] GC(134) Eden regions: 89->0(89)
[2024-08-28T01:09:56.067+0000][info][gc,heap     ] GC(134) Survivor regions: 13->13(13)
[2024-08-28T01:09:56.067+0000][info][gc,heap     ] GC(134) Old regions: 1474->1445
[2024-08-28T01:09:56.067+0000][info][gc,heap     ] GC(134) Archive regions: 2->2
[2024-08-28T01:09:56.067+0000][info][gc,heap     ] GC(134) Humongous regions: 5->5
[2024-08-28T01:09:56.067+0000][info][gc,metaspace] GC(134) Metaspace: 100K(320K)->100K(320K) NonClass: 96K(192K)->96K(192K) Class: 4K(128K)->4K(128K)
[2024-08-28T01:09:56.067+0000][info][gc          ] GC(134) Pause Young (Mixed) (G1 Evacuation Pause) 1581M->1463M(2048M) 16.830ms
[2024-08-28T01:09:56.067+0000][info][gc,cpu      ] GC(134) User=0.74s Sys=0.02s Real=0.01s
[2024-08-28T01:09:56.111+0000][info][gc,start    ] GC(135) Pause Young (Mixed) (G1 Evacuation Pause)
[2024-08-28T01:09:56.111+0000][info][gc,task     ] GC(135) Using 49 workers of 68 for evacuation
[2024-08-28T01:09:56.127+0000][info][gc,phases   ] GC(135)   Pre Evacuate Collection Set: 0.3ms
[2024-08-28T01:09:56.127+0000][info][gc,phases   ] GC(135)   Merge Heap Roots: 0.5ms
[2024-08-28T01:09:56.127+0000][info][gc,phases   ] GC(135)   Evacuate Collection Set: 14.1ms
[2024-08-28T01:09:56.127+0000][info][gc,phases   ] GC(135)   Post Evacuate Collection Set: 0.6ms
[2024-08-28T01:09:56.127+0000][info][gc,phases   ] GC(135)   Other: 0.3ms
[2024-08-28T01:09:56.127+0000][info][gc,heap     ] GC(135) Eden regions: 89->0(89)
[2024-08-28T01:09:56.127+0000][info][gc,heap     ] GC(135) Survivor regions: 13->13(13)
[2024-08-28T01:09:56.127+0000][info][gc,heap     ] GC(135) Old regions: 1445->1415
[2024-08-28T01:09:56.127+0000][info][gc,heap     ] GC(135) Archive regions: 2->2
[2024-08-28T01:09:56.127+0000][info][gc,heap     ] GC(135) Humongous regions: 5->5
[2024-08-28T01:09:56.127+0000][info][gc,metaspace] GC(135) Metaspace: 100K(320K)->100K(320K) NonClass: 96K(192K)->96K(192K) Class: 4K(128K)->4K(128K)
[2024-08-28T01:09:56.127+0000][info][gc          ] GC(135) Pause Young (Mixed) (G1 Evacuation Pause) 1552M->1433M(2048M) 15.883ms
[2024-08-28T01:09:56.127+0000][info][gc,cpu      ] GC(135) User=0.70s Sys=0.00s Real=0.01s
[2024-08-28T01:09:56.173+0000][info][gc,start    ] GC(136) Pause Young (Mixed) (G1 Evacuation Pause)
[2024-08-28T01:09:56.173+0000][info][gc,task     ] GC(136) Using 49 workers of 68 for evacuation
[2024-08-28T01:09:56.189+0000][info][gc,phases   ] GC(136)   Pre Evacuate Collection Set: 0.3ms
[2024-08-28T01:09:56.189+0000][info][gc,phases   ] GC(136)   Merge Heap Roots: 0.8ms
[2024-08-28T01:09:56.189+0000][info][gc,phases   ] GC(136)   Evacuate Collection Set: 14.2ms
[2024-08-28T01:09:56.189+0000][info][gc,phases   ] GC(136)   Post Evacuate Collection Set: 0.5ms
[2024-08-28T01:09:56.189+0000][info][gc,phases   ] GC(136)   Other: 0.3ms
[2024-08-28T01:09:56.189+0000][info][gc,heap     ] GC(136) Eden regions: 89->0(89)
[2024-08-28T01:09:56.189+0000][info][gc,heap     ] GC(136) Survivor regions: 13->13(13)
[2024-08-28T01:09:56.189+0000][info][gc,heap     ] GC(136) Old regions: 1415->1387
[2024-08-28T01:09:56.189+0000][info][gc,heap     ] GC(136) Archive regions: 2->2
[2024-08-28T01:09:56.189+0000][info][gc,heap     ] GC(136) Humongous regions: 5->5
[2024-08-28T01:09:56.189+0000][info][gc,metaspace] GC(136) Metaspace: 100K(320K)->100K(320K) NonClass: 96K(192K)->96K(192K) Class: 4K(128K)->4K(128K)
[2024-08-28T01:09:56.189+0000][info][gc          ] GC(136) Pause Young (Mixed) (G1 Evacuation Pause) 1522M->1405M(2048M) 16.179ms
[2024-08-28T01:09:56.189+0000][info][gc,cpu      ] GC(136) User=0.72s Sys=0.00s Real=0.01s
[2024-08-28T01:09:56.235+0000][info][gc,start    ] GC(137) Pause Young (Mixed) (G1 Evacuation Pause)
[2024-08-28T01:09:56.235+0000][info][gc,task     ] GC(137) Using 49 workers of 68 for evacuation
[2024-08-28T01:09:56.250+0000][info][gc,phases   ] GC(137)   Pre Evacuate Collection Set: 0.4ms
[2024-08-28T01:09:56.250+0000][info][gc,phases   ] GC(137)   Merge Heap Roots: 0.5ms
[2024-08-28T01:09:56.250+0000][info][gc,phases   ] GC(137)   Evacuate Collection Set: 13.8ms
[2024-08-28T01:09:56.250+0000][info][gc,phases   ] GC(137)   Post Evacuate Collection Set: 0.5ms
[2024-08-28T01:09:56.250+0000][info][gc,phases   ] GC(137)   Other: 0.3ms
[2024-08-28T01:09:56.250+0000][info][gc,heap     ] GC(137) Eden regions: 89->0(130)
[2024-08-28T01:09:56.250+0000][info][gc,heap     ] GC(137) Survivor regions: 13->13(13)
[2024-08-28T01:09:56.250+0000][info][gc,heap     ] GC(137) Old regions: 1387->1416
[2024-08-28T01:09:56.250+0000][info][gc,heap     ] GC(137) Archive regions: 2->2
[2024-08-28T01:09:56.250+0000][info][gc,heap     ] GC(137) Humongous regions: 5->5
[2024-08-28T01:09:56.250+0000][info][gc,metaspace] GC(137) Metaspace: 100K(320K)->100K(320K) NonClass: 96K(192K)->96K(192K) Class: 4K(128K)->4K(128K)
[2024-08-28T01:09:56.250+0000][info][gc          ] GC(137) Pause Young (Mixed) (G1 Evacuation Pause) 1494M->1434M(2048M) 15.566ms
[2024-08-28T01:09:56.250+0000][info][gc,cpu      ] GC(137) User=0.67s Sys=0.02s Real=0.02s
[2024-08-28T01:09:56.318+0000][info][gc,start    ] GC(138) Pause Young (Concurrent Start) (G1 Evacuation Pause)
[2024-08-28T01:09:56.318+0000][info][gc,task     ] GC(138) Using 49 workers of 68 for evacuation
[2024-08-28T01:09:56.339+0000][info][gc,phases   ] GC(138)   Pre Evacuate Collection Set: 0.3ms
[2024-08-28T01:09:56.339+0000][info][gc,phases   ] GC(138)   Merge Heap Roots: 0.6ms
[2024-08-28T01:09:56.339+0000][info][gc,phases   ] GC(138)   Evacuate Collection Set: 18.7ms
[2024-08-28T01:09:56.339+0000][info][gc,phases   ] GC(138)   Post Evacuate Collection Set: 0.5ms
[2024-08-28T01:09:56.339+0000][info][gc,phases   ] GC(138)   Other: 1.3ms
[2024-08-28T01:09:56.339+0000][info][gc,heap     ] GC(138) Eden regions: 130->0(87)
[2024-08-28T01:09:56.339+0000][info][gc,heap     ] GC(138) Survivor regions: 13->18(18)
[2024-08-28T01:09:56.339+0000][info][gc,heap     ] GC(138) Old regions: 1416->1543
[2024-08-28T01:09:56.339+0000][info][gc,heap     ] GC(138) Archive regions: 2->2
[2024-08-28T01:09:56.339+0000][info][gc,heap     ] GC(138) Humongous regions: 5->5
[2024-08-28T01:09:56.339+0000][info][gc,metaspace] GC(138) Metaspace: 100K(320K)->100K(320K) NonClass: 96K(192K)->96K(192K) Class: 4K(128K)->4K(128K)
[2024-08-28T01:09:56.339+0000][info][gc          ] GC(138) Pause Young (Concurrent Start) (G1 Evacuation Pause) 1564M->1566M(2048M) 21.583ms
[2024-08-28T01:09:56.339+0000][info][gc,cpu      ] GC(138) User=0.91s Sys=0.03s Real=0.02s
[2024-08-28T01:09:56.339+0000][info][gc          ] GC(139) Concurrent Mark Cycle
[2024-08-28T01:09:56.339+0000][info][gc,marking  ] GC(139) Concurrent Clear Claimed Marks
[2024-08-28T01:09:56.339+0000][info][gc,marking  ] GC(139) Concurrent Clear Claimed Marks 0.011ms
[2024-08-28T01:09:56.339+0000][info][gc,marking  ] GC(139) Concurrent Scan Root Regions
[2024-08-28T01:09:56.343+0000][info][gc,marking  ] GC(139) Concurrent Scan Root Regions 3.748ms
[2024-08-28T01:09:56.343+0000][info][gc,marking  ] GC(139) Concurrent Mark
[2024-08-28T01:09:56.343+0000][info][gc,marking  ] GC(139) Concurrent Mark From Roots
[2024-08-28T01:09:56.343+0000][info][gc,task     ] GC(139) Using 17 workers of 17 for marking
[2024-08-28T01:09:56.363+0000][info][gc,marking  ] GC(139) Concurrent Mark From Roots 19.476ms
[2024-08-28T01:09:56.363+0000][info][gc,marking  ] GC(139) Concurrent Preclean
[2024-08-28T01:09:56.365+0000][info][gc,marking  ] GC(139) Concurrent Preclean 1.906ms
[2024-08-28T01:09:56.365+0000][info][gc,start    ] GC(139) Pause Remark
[2024-08-28T01:09:56.367+0000][info][gc          ] GC(139) Pause Remark 1601M->1408M(2048M) 2.280ms
[2024-08-28T01:09:56.367+0000][info][gc,cpu      ] GC(139) User=0.00s Sys=0.03s Real=0.00s
[2024-08-28T01:09:56.367+0000][info][gc,marking  ] GC(139) Concurrent Mark 24.125ms
[2024-08-28T01:09:56.367+0000][info][gc,marking  ] GC(139) Concurrent Rebuild Remembered Sets
[2024-08-28T01:09:56.394+0000][info][gc,start    ] GC(140) Pause Young (Normal) (G1 Evacuation Pause)
[2024-08-28T01:09:56.395+0000][info][gc,task     ] GC(140) Using 49 workers of 68 for evacuation
[2024-08-28T01:09:56.411+0000][info][gc,phases   ] GC(140)   Pre Evacuate Collection Set: 0.4ms
[2024-08-28T01:09:56.411+0000][info][gc,phases   ] GC(140)   Merge Heap Roots: 0.8ms
[2024-08-28T01:09:56.411+0000][info][gc,phases   ] GC(140)   Evacuate Collection Set: 14.1ms
[2024-08-28T01:09:56.411+0000][info][gc,phases   ] GC(140)   Post Evacuate Collection Set: 0.8ms
[2024-08-28T01:09:56.411+0000][info][gc,phases   ] GC(140)   Other: 0.3ms
[2024-08-28T01:09:56.411+0000][info][gc,heap     ] GC(140) Eden regions: 87->0(119)
[2024-08-28T01:09:56.411+0000][info][gc,heap     ] GC(140) Survivor regions: 18->14(14)
[2024-08-28T01:09:56.411+0000][info][gc,heap     ] GC(140) Old regions: 1350->1448
[2024-08-28T01:09:56.411+0000][info][gc,heap     ] GC(140) Archive regions: 2->2
[2024-08-28T01:09:56.411+0000][info][gc,heap     ] GC(140) Humongous regions: 5->5
[2024-08-28T01:09:56.411+0000][info][gc,metaspace] GC(140) Metaspace: 100K(320K)->100K(320K) NonClass: 96K(192K)->96K(192K) Class: 4K(128K)->4K(128K)
[2024-08-28T01:09:56.411+0000][info][gc          ] GC(140) Pause Young (Normal) (G1 Evacuation Pause) 1460M->1467M(2048M) 16.514ms
[2024-08-28T01:09:56.411+0000][info][gc,cpu      ] GC(140) User=0.74s Sys=0.00s Real=0.02s
[2024-08-28T01:09:56.432+0000][info][gc,marking  ] GC(139) Concurrent Rebuild Remembered Sets 64.849ms
[2024-08-28T01:09:56.433+0000][info][gc,start    ] GC(139) Pause Cleanup
[2024-08-28T01:09:56.435+0000][info][gc          ] GC(139) Pause Cleanup 1506M->1506M(2048M) 2.867ms
[2024-08-28T01:09:56.436+0000][info][gc,cpu      ] GC(139) User=0.01s Sys=0.00s Real=0.00s
[2024-08-28T01:09:56.436+0000][info][gc,marking  ] GC(139) Concurrent Cleanup for Next Mark
[2024-08-28T01:09:56.438+0000][info][gc,marking  ] GC(139) Concurrent Cleanup for Next Mark 1.999ms
[2024-08-28T01:09:56.438+0000][info][gc          ] GC(139) Concurrent Mark Cycle 98.388ms
[2024-08-28T01:09:56.479+0000][info][gc,start    ] GC(141) Pause Young (Prepare Mixed) (G1 Evacuation Pause)
[2024-08-28T01:09:56.479+0000][info][gc,task     ] GC(141) Using 49 workers of 68 for evacuation
[2024-08-28T01:09:56.502+0000][info][gc,phases   ] GC(141)   Pre Evacuate Collection Set: 0.3ms
[2024-08-28T01:09:56.502+0000][info][gc,phases   ] GC(141)   Merge Heap Roots: 1.1ms
[2024-08-28T01:09:56.502+0000][info][gc,phases   ] GC(141)   Evacuate Collection Set: 20.4ms
[2024-08-28T01:09:56.502+0000][info][gc,phases   ] GC(141)   Post Evacuate Collection Set: 0.5ms
[2024-08-28T01:09:56.502+0000][info][gc,phases   ] GC(141)   Other: 0.2ms
[2024-08-28T01:09:56.502+0000][info][gc,heap     ] GC(141) Eden regions: 119->0(85)
[2024-08-28T01:09:56.502+0000][info][gc,heap     ] GC(141) Survivor regions: 14->17(17)
[2024-08-28T01:09:56.502+0000][info][gc,heap     ] GC(141) Old regions: 1448->1568
[2024-08-28T01:09:56.502+0000][info][gc,heap     ] GC(141) Archive regions: 2->2
[2024-08-28T01:09:56.502+0000][info][gc,heap     ] GC(141) Humongous regions: 5->5
[2024-08-28T01:09:56.502+0000][info][gc,metaspace] GC(141) Metaspace: 100K(320K)->100K(320K) NonClass: 96K(192K)->96K(192K) Class: 4K(128K)->4K(128K)
[2024-08-28T01:09:56.502+0000][info][gc          ] GC(141) Pause Young (Prepare Mixed) (G1 Evacuation Pause) 1586M->1590M(2048M) 22.691ms
[2024-08-28T01:09:56.502+0000][info][gc,cpu      ] GC(141) User=1.00s Sys=0.05s Real=0.02s
[2024-08-28T01:09:56.547+0000][info][gc,start    ] GC(142) Pause Young (Mixed) (G1 Evacuation Pause)
[2024-08-28T01:09:56.547+0000][info][gc,task     ] GC(142) Using 49 workers of 68 for evacuation
[2024-08-28T01:09:56.564+0000][info][gc,phases   ] GC(142)   Pre Evacuate Collection Set: 0.4ms
[2024-08-28T01:09:56.564+0000][info][gc,phases   ] GC(142)   Merge Heap Roots: 0.5ms
[2024-08-28T01:09:56.564+0000][info][gc,phases   ] GC(142)   Evacuate Collection Set: 15.0ms
[2024-08-28T01:09:56.564+0000][info][gc,phases   ] GC(142)   Post Evacuate Collection Set: 0.5ms
[2024-08-28T01:09:56.564+0000][info][gc,phases   ] GC(142)   Other: 0.2ms
[2024-08-28T01:09:56.564+0000][info][gc,heap     ] GC(142) Eden regions: 85->0(89)
[2024-08-28T01:09:56.564+0000][info][gc,heap     ] GC(142) Survivor regions: 17->13(13)
[2024-08-28T01:09:56.564+0000][info][gc,heap     ] GC(142) Old regions: 1568->1541
[2024-08-28T01:09:56.564+0000][info][gc,heap     ] GC(142) Archive regions: 2->2
[2024-08-28T01:09:56.564+0000][info][gc,heap     ] GC(142) Humongous regions: 5->5
[2024-08-28T01:09:56.564+0000][info][gc,metaspace] GC(142) Metaspace: 100K(320K)->100K(320K) NonClass: 96K(192K)->96K(192K) Class: 4K(128K)->4K(128K)
[2024-08-28T01:09:56.564+0000][info][gc          ] GC(142) Pause Young (Mixed) (G1 Evacuation Pause) 1675M->1559M(2048M) 16.757ms
[2024-08-28T01:09:56.564+0000][info][gc,cpu      ] GC(142) User=0.74s Sys=0.01s Real=0.02s
[2024-08-28T01:09:56.610+0000][info][gc,start    ] GC(143) Pause Young (Mixed) (G1 Evacuation Pause)
[2024-08-28T01:09:56.610+0000][info][gc,task     ] GC(143) Using 49 workers of 68 for evacuation
[2024-08-28T01:09:56.627+0000][info][gc,phases   ] GC(143)   Pre Evacuate Collection Set: 0.4ms
[2024-08-28T01:09:56.627+0000][info][gc,phases   ] GC(143)   Merge Heap Roots: 0.8ms
[2024-08-28T01:09:56.627+0000][info][gc,phases   ] GC(143)   Evacuate Collection Set: 14.4ms
[2024-08-28T01:09:56.627+0000][info][gc,phases   ] GC(143)   Post Evacuate Collection Set: 0.6ms
[2024-08-28T01:09:56.627+0000][info][gc,phases   ] GC(143)   Other: 0.3ms
[2024-08-28T01:09:56.627+0000][info][gc,heap     ] GC(143) Eden regions: 89->0(89)
[2024-08-28T01:09:56.627+0000][info][gc,heap     ] GC(143) Survivor regions: 13->13(13)
[2024-08-28T01:09:56.627+0000][info][gc,heap     ] GC(143) Old regions: 1541->1512
[2024-08-28T01:09:56.627+0000][info][gc,heap     ] GC(143) Archive regions: 2->2
[2024-08-28T01:09:56.627+0000][info][gc,heap     ] GC(143) Humongous regions: 5->5
[2024-08-28T01:09:56.627+0000][info][gc,metaspace] GC(143) Metaspace: 100K(320K)->100K(320K) NonClass: 96K(192K)->96K(192K) Class: 4K(128K)->4K(128K)
[2024-08-28T01:09:56.627+0000][info][gc          ] GC(143) Pause Young (Mixed) (G1 Evacuation Pause) 1648M->1530M(2048M) 16.491ms
[2024-08-28T01:09:56.627+0000][info][gc,cpu      ] GC(143) User=0.66s Sys=0.07s Real=0.01s
[2024-08-28T01:09:56.673+0000][info][gc,start    ] GC(144) Pause Young (Mixed) (G1 Evacuation Pause)
[2024-08-28T01:09:56.673+0000][info][gc,task     ] GC(144) Using 49 workers of 68 for evacuation
[2024-08-28T01:09:56.689+0000][info][gc,phases   ] GC(144)   Pre Evacuate Collection Set: 0.4ms
[2024-08-28T01:09:56.689+0000][info][gc,phases   ] GC(144)   Merge Heap Roots: 0.5ms
[2024-08-28T01:09:56.689+0000][info][gc,phases   ] GC(144)   Evacuate Collection Set: 13.9ms
[2024-08-28T01:09:56.689+0000][info][gc,phases   ] GC(144)   Post Evacuate Collection Set: 0.5ms
[2024-08-28T01:09:56.689+0000][info][gc,phases   ] GC(144)   Other: 0.3ms
[2024-08-28T01:09:56.689+0000][info][gc,heap     ] GC(144) Eden regions: 89->0(89)
[2024-08-28T01:09:56.689+0000][info][gc,heap     ] GC(144) Survivor regions: 13->13(13)
[2024-08-28T01:09:56.689+0000][info][gc,heap     ] GC(144) Old regions: 1512->1482
[2024-08-28T01:09:56.689+0000][info][gc,heap     ] GC(144) Archive regions: 2->2
[2024-08-28T01:09:56.689+0000][info][gc,heap     ] GC(144) Humongous regions: 5->5
[2024-08-28T01:09:56.689+0000][info][gc,metaspace] GC(144) Metaspace: 100K(320K)->100K(320K) NonClass: 96K(192K)->96K(192K) Class: 4K(128K)->4K(128K)
[2024-08-28T01:09:56.689+0000][info][gc          ] GC(144) Pause Young (Mixed) (G1 Evacuation Pause) 1619M->1500M(2048M) 15.692ms
[2024-08-28T01:09:56.689+0000][info][gc,cpu      ] GC(144) User=0.69s Sys=0.00s Real=0.01s
[2024-08-28T01:09:56.735+0000][info][gc,start    ] GC(145) Pause Young (Mixed) (G1 Evacuation Pause)
[2024-08-28T01:09:56.735+0000][info][gc,task     ] GC(145) Using 49 workers of 68 for evacuation
[2024-08-28T01:09:56.752+0000][info][gc,phases   ] GC(145)   Pre Evacuate Collection Set: 0.3ms
[2024-08-28T01:09:56.752+0000][info][gc,phases   ] GC(145)   Merge Heap Roots: 0.7ms
[2024-08-28T01:09:56.752+0000][info][gc,phases   ] GC(145)   Evacuate Collection Set: 14.5ms
[2024-08-28T01:09:56.752+0000][info][gc,phases   ] GC(145)   Post Evacuate Collection Set: 0.5ms
[2024-08-28T01:09:56.752+0000][info][gc,phases   ] GC(145)   Other: 0.2ms
[2024-08-28T01:09:56.752+0000][info][gc,heap     ] GC(145) Eden regions: 89->0(89)
[2024-08-28T01:09:56.752+0000][info][gc,heap     ] GC(145) Survivor regions: 13->13(13)
[2024-08-28T01:09:56.752+0000][info][gc,heap     ] GC(145) Old regions: 1482->1452
[2024-08-28T01:09:56.752+0000][info][gc,heap     ] GC(145) Archive regions: 2->2
[2024-08-28T01:09:56.752+0000][info][gc,heap     ] GC(145) Humongous regions: 5->5
[2024-08-28T01:09:56.752+0000][info][gc,metaspace] GC(145) Metaspace: 100K(320K)->100K(320K) NonClass: 96K(192K)->96K(192K) Class: 4K(128K)->4K(128K)
[2024-08-28T01:09:56.752+0000][info][gc          ] GC(145) Pause Young (Mixed) (G1 Evacuation Pause) 1589M->1470M(2048M) 16.422ms
[2024-08-28T01:09:56.752+0000][info][gc,cpu      ] GC(145) User=0.74s Sys=0.00s Real=0.02s
[2024-08-28T01:09:56.797+0000][info][gc,start    ] GC(146) Pause Young (Mixed) (G1 Evacuation Pause)
[2024-08-28T01:09:56.797+0000][info][gc,task     ] GC(146) Using 49 workers of 68 for evacuation
[2024-08-28T01:09:56.813+0000][info][gc,phases   ] GC(146)   Pre Evacuate Collection Set: 0.4ms
[2024-08-28T01:09:56.814+0000][info][gc,phases   ] GC(146)   Merge Heap Roots: 0.5ms
[2024-08-28T01:09:56.814+0000][info][gc,phases   ] GC(146)   Evacuate Collection Set: 15.1ms
[2024-08-28T01:09:56.814+0000][info][gc,phases   ] GC(146)   Post Evacuate Collection Set: 0.6ms
[2024-08-28T01:09:56.814+0000][info][gc,phases   ] GC(146)   Other: 0.3ms
[2024-08-28T01:09:56.814+0000][info][gc,heap     ] GC(146) Eden regions: 89->0(89)
[2024-08-28T01:09:56.814+0000][info][gc,heap     ] GC(146) Survivor regions: 13->13(13)
[2024-08-28T01:09:56.814+0000][info][gc,heap     ] GC(146) Old regions: 1452->1423
[2024-08-28T01:09:56.814+0000][info][gc,heap     ] GC(146) Archive regions: 2->2
[2024-08-28T01:09:56.814+0000][info][gc,heap     ] GC(146) Humongous regions: 5->5
[2024-08-28T01:09:56.814+0000][info][gc,metaspace] GC(146) Metaspace: 100K(320K)->100K(320K) NonClass: 96K(192K)->96K(192K) Class: 4K(128K)->4K(128K)
[2024-08-28T01:09:56.814+0000][info][gc          ] GC(146) Pause Young (Mixed) (G1 Evacuation Pause) 1559M->1441M(2048M) 17.012ms
[2024-08-28T01:09:56.814+0000][info][gc,cpu      ] GC(146) User=0.76s Sys=0.00s Real=0.02s
[2024-08-28T01:09:56.858+0000][info][gc,start    ] GC(147) Pause Young (Mixed) (G1 Evacuation Pause)
[2024-08-28T01:09:56.858+0000][info][gc,task     ] GC(147) Using 49 workers of 68 for evacuation
[2024-08-28T01:09:56.874+0000][info][gc,phases   ] GC(147)   Pre Evacuate Collection Set: 0.5ms
[2024-08-28T01:09:56.874+0000][info][gc,phases   ] GC(147)   Merge Heap Roots: 0.9ms
[2024-08-28T01:09:56.874+0000][info][gc,phases   ] GC(147)   Evacuate Collection Set: 14.8ms
[2024-08-28T01:09:56.875+0000][info][gc,phases   ] GC(147)   Post Evacuate Collection Set: 0.5ms
[2024-08-28T01:09:56.875+0000][info][gc,phases   ] GC(147)   Other: 0.2ms
[2024-08-28T01:09:56.875+0000][info][gc,heap     ] GC(147) Eden regions: 89->0(89)
[2024-08-28T01:09:56.875+0000][info][gc,heap     ] GC(147) Survivor regions: 13->13(13)
[2024-08-28T01:09:56.875+0000][info][gc,heap     ] GC(147) Old regions: 1423->1394
[2024-08-28T01:09:56.875+0000][info][gc,heap     ] GC(147) Archive regions: 2->2
[2024-08-28T01:09:56.875+0000][info][gc,heap     ] GC(147) Humongous regions: 5->5
[2024-08-28T01:09:56.875+0000][info][gc,metaspace] GC(147) Metaspace: 100K(320K)->100K(320K) NonClass: 96K(192K)->96K(192K) Class: 4K(128K)->4K(128K)
[2024-08-28T01:09:56.875+0000][info][gc          ] GC(147) Pause Young (Mixed) (G1 Evacuation Pause) 1530M->1412M(2048M) 16.995ms
[2024-08-28T01:09:56.875+0000][info][gc,cpu      ] GC(147) User=0.75s Sys=0.01s Real=0.01s
[2024-08-28T01:09:56.920+0000][info][gc,start    ] GC(148) Pause Young (Mixed) (G1 Evacuation Pause)
[2024-08-28T01:09:56.921+0000][info][gc,task     ] GC(148) Using 49 workers of 68 for evacuation
[2024-08-28T01:09:56.937+0000][info][gc,phases   ] GC(148)   Pre Evacuate Collection Set: 0.3ms
[2024-08-28T01:09:56.937+0000][info][gc,phases   ] GC(148)   Merge Heap Roots: 0.4ms
[2024-08-28T01:09:56.937+0000][info][gc,phases   ] GC(148)   Evacuate Collection Set: 14.6ms
[2024-08-28T01:09:56.937+0000][info][gc,phases   ] GC(148)   Post Evacuate Collection Set: 0.5ms
[2024-08-28T01:09:56.937+0000][info][gc,phases   ] GC(148)   Other: 0.2ms
[2024-08-28T01:09:56.937+0000][info][gc,heap     ] GC(148) Eden regions: 89->0(132)
[2024-08-28T01:09:56.937+0000][info][gc,heap     ] GC(148) Survivor regions: 13->13(13)
[2024-08-28T01:09:56.937+0000][info][gc,heap     ] GC(148) Old regions: 1394->1408
[2024-08-28T01:09:56.937+0000][info][gc,heap     ] GC(148) Archive regions: 2->2
[2024-08-28T01:09:56.937+0000][info][gc,heap     ] GC(148) Humongous regions: 5->5
[2024-08-28T01:09:56.937+0000][info][gc,metaspace] GC(148) Metaspace: 100K(320K)->100K(320K) NonClass: 96K(192K)->96K(192K) Class: 4K(128K)->4K(128K)
[2024-08-28T01:09:56.937+0000][info][gc          ] GC(148) Pause Young (Mixed) (G1 Evacuation Pause) 1501M->1426M(2048M) 16.203ms
[2024-08-28T01:09:56.937+0000][info][gc,cpu      ] GC(148) User=0.71s Sys=0.02s Real=0.01s
[2024-08-28T01:09:57.004+0000][info][gc,start    ] GC(149) Pause Young (Concurrent Start) (G1 Evacuation Pause)
[2024-08-28T01:09:57.004+0000][info][gc,task     ] GC(149) Using 49 workers of 68 for evacuation
[2024-08-28T01:09:57.025+0000][info][gc,phases   ] GC(149)   Pre Evacuate Collection Set: 0.3ms
[2024-08-28T01:09:57.026+0000][info][gc,phases   ] GC(149)   Merge Heap Roots: 0.5ms
[2024-08-28T01:09:57.026+0000][info][gc,phases   ] GC(149)   Evacuate Collection Set: 19.5ms
[2024-08-28T01:09:57.026+0000][info][gc,phases   ] GC(149)   Post Evacuate Collection Set: 0.5ms
[2024-08-28T01:09:57.026+0000][info][gc,phases   ] GC(149)   Other: 0.7ms
[2024-08-28T01:09:57.026+0000][info][gc,heap     ] GC(149) Eden regions: 132->0(89)
[2024-08-28T01:09:57.026+0000][info][gc,heap     ] GC(149) Survivor regions: 13->19(19)
[2024-08-28T01:09:57.026+0000][info][gc,heap     ] GC(149) Old regions: 1408->1536
[2024-08-28T01:09:57.026+0000][info][gc,heap     ] GC(149) Archive regions: 2->2
[2024-08-28T01:09:57.026+0000][info][gc,heap     ] GC(149) Humongous regions: 5->5
[2024-08-28T01:09:57.026+0000][info][gc,metaspace] GC(149) Metaspace: 100K(320K)->100K(320K) NonClass: 96K(192K)->96K(192K) Class: 4K(128K)->4K(128K)
[2024-08-28T01:09:57.026+0000][info][gc          ] GC(149) Pause Young (Concurrent Start) (G1 Evacuation Pause) 1558M->1560M(2048M) 21.650ms
[2024-08-28T01:09:57.026+0000][info][gc,cpu      ] GC(149) User=0.94s Sys=0.02s Real=0.02s
[2024-08-28T01:09:57.026+0000][info][gc          ] GC(150) Concurrent Mark Cycle
[2024-08-28T01:09:57.026+0000][info][gc,marking  ] GC(150) Concurrent Clear Claimed Marks
[2024-08-28T01:09:57.026+0000][info][gc,marking  ] GC(150) Concurrent Clear Claimed Marks 0.011ms
[2024-08-28T01:09:57.026+0000][info][gc,marking  ] GC(150) Concurrent Scan Root Regions
[2024-08-28T01:09:57.030+0000][info][gc,marking  ] GC(150) Concurrent Scan Root Regions 3.869ms
[2024-08-28T01:09:57.030+0000][info][gc,marking  ] GC(150) Concurrent Mark
[2024-08-28T01:09:57.030+0000][info][gc,marking  ] GC(150) Concurrent Mark From Roots
[2024-08-28T01:09:57.030+0000][info][gc,task     ] GC(150) Using 17 workers of 17 for marking
[2024-08-28T01:09:57.050+0000][info][gc,marking  ] GC(150) Concurrent Mark From Roots 20.252ms
[2024-08-28T01:09:57.050+0000][info][gc,marking  ] GC(150) Concurrent Preclean
[2024-08-28T01:09:57.051+0000][info][gc,marking  ] GC(150) Concurrent Preclean 0.505ms
[2024-08-28T01:09:57.051+0000][info][gc,start    ] GC(150) Pause Remark
[2024-08-28T01:09:57.053+0000][info][gc          ] GC(150) Pause Remark 1594M->1393M(2048M) 2.164ms
[2024-08-28T01:09:57.053+0000][info][gc,cpu      ] GC(150) User=0.01s Sys=0.00s Real=0.00s
[2024-08-28T01:09:57.053+0000][info][gc,marking  ] GC(150) Concurrent Mark 23.330ms
[2024-08-28T01:09:57.053+0000][info][gc,marking  ] GC(150) Concurrent Rebuild Remembered Sets
[2024-08-28T01:09:57.084+0000][info][gc,start    ] GC(151) Pause Young (Normal) (G1 Evacuation Pause)
[2024-08-28T01:09:57.084+0000][info][gc,task     ] GC(151) Using 49 workers of 68 for evacuation
[2024-08-28T01:09:57.101+0000][info][gc,phases   ] GC(151)   Pre Evacuate Collection Set: 0.3ms
[2024-08-28T01:09:57.102+0000][info][gc,phases   ] GC(151)   Merge Heap Roots: 0.8ms
[2024-08-28T01:09:57.102+0000][info][gc,phases   ] GC(151)   Evacuate Collection Set: 15.4ms
[2024-08-28T01:09:57.102+0000][info][gc,phases   ] GC(151)   Post Evacuate Collection Set: 0.8ms
[2024-08-28T01:09:57.102+0000][info][gc,phases   ] GC(151)   Other: 0.2ms
[2024-08-28T01:09:57.102+0000][info][gc,heap     ] GC(151) Eden regions: 89->0(123)
[2024-08-28T01:09:57.102+0000][info][gc,heap     ] GC(151) Survivor regions: 19->14(14)
[2024-08-28T01:09:57.102+0000][info][gc,heap     ] GC(151) Old regions: 1335->1436
[2024-08-28T01:09:57.102+0000][info][gc,heap     ] GC(151) Archive regions: 2->2
[2024-08-28T01:09:57.102+0000][info][gc,heap     ] GC(151) Humongous regions: 5->5
[2024-08-28T01:09:57.102+0000][info][gc,metaspace] GC(151) Metaspace: 100K(320K)->100K(320K) NonClass: 96K(192K)->96K(192K) Class: 4K(128K)->4K(128K)
[2024-08-28T01:09:57.102+0000][info][gc          ] GC(151) Pause Young (Normal) (G1 Evacuation Pause) 1448M->1455M(2048M) 17.728ms
[2024-08-28T01:09:57.102+0000][info][gc,cpu      ] GC(151) User=0.80s Sys=0.00s Real=0.02s
[2024-08-28T01:09:57.119+0000][info][gc,marking  ] GC(150) Concurrent Rebuild Remembered Sets 66.325ms
[2024-08-28T01:09:57.120+0000][info][gc,start    ] GC(150) Pause Cleanup
[2024-08-28T01:09:57.123+0000][info][gc          ] GC(150) Pause Cleanup 1488M->1488M(2048M) 3.301ms
[2024-08-28T01:09:57.123+0000][info][gc,cpu      ] GC(150) User=0.02s Sys=0.00s Real=0.00s
[2024-08-28T01:09:57.123+0000][info][gc,marking  ] GC(150) Concurrent Cleanup for Next Mark
[2024-08-28T01:09:57.125+0000][info][gc,marking  ] GC(150) Concurrent Cleanup for Next Mark 1.367ms
[2024-08-28T01:09:57.125+0000][info][gc          ] GC(150) Concurrent Mark Cycle 98.977ms
[2024-08-28T01:09:57.171+0000][info][gc,start    ] GC(152) Pause Young (Prepare Mixed) (G1 Evacuation Pause)
[2024-08-28T01:09:57.171+0000][info][gc,task     ] GC(152) Using 49 workers of 68 for evacuation
[2024-08-28T01:09:57.196+0000][info][gc,phases   ] GC(152)   Pre Evacuate Collection Set: 0.4ms
[2024-08-28T01:09:57.196+0000][info][gc,phases   ] GC(152)   Merge Heap Roots: 1.2ms
[2024-08-28T01:09:57.196+0000][info][gc,phases   ] GC(152)   Evacuate Collection Set: 22.2ms
[2024-08-28T01:09:57.196+0000][info][gc,phases   ] GC(152)   Post Evacuate Collection Set: 0.5ms
[2024-08-28T01:09:57.196+0000][info][gc,phases   ] GC(152)   Other: 0.3ms
[2024-08-28T01:09:57.196+0000][info][gc,heap     ] GC(152) Eden regions: 123->0(84)
[2024-08-28T01:09:57.196+0000][info][gc,heap     ] GC(152) Survivor regions: 14->18(18)
[2024-08-28T01:09:57.196+0000][info][gc,heap     ] GC(152) Old regions: 1436->1559
[2024-08-28T01:09:57.196+0000][info][gc,heap     ] GC(152) Archive regions: 2->2
[2024-08-28T01:09:57.196+0000][info][gc,heap     ] GC(152) Humongous regions: 5->5
[2024-08-28T01:09:57.196+0000][info][gc,metaspace] GC(152) Metaspace: 100K(320K)->100K(320K) NonClass: 96K(192K)->96K(192K) Class: 4K(128K)->4K(128K)
[2024-08-28T01:09:57.196+0000][info][gc          ] GC(152) Pause Young (Prepare Mixed) (G1 Evacuation Pause) 1578M->1582M(2048M) 24.704ms
[2024-08-28T01:09:57.196+0000][info][gc,cpu      ] GC(152) User=1.14s Sys=0.00s Real=0.02s
[2024-08-28T01:09:57.240+0000][info][gc,start    ] GC(153) Pause Young (Mixed) (G1 Evacuation Pause)
[2024-08-28T01:09:57.240+0000][info][gc,task     ] GC(153) Using 49 workers of 68 for evacuation
[2024-08-28T01:09:57.257+0000][info][gc,phases   ] GC(153)   Pre Evacuate Collection Set: 0.3ms
[2024-08-28T01:09:57.257+0000][info][gc,phases   ] GC(153)   Merge Heap Roots: 0.5ms
[2024-08-28T01:09:57.257+0000][info][gc,phases   ] GC(153)   Evacuate Collection Set: 15.3ms
[2024-08-28T01:09:57.257+0000][info][gc,phases   ] GC(153)   Post Evacuate Collection Set: 0.6ms
[2024-08-28T01:09:57.257+0000][info][gc,phases   ] GC(153)   Other: 0.3ms
[2024-08-28T01:09:57.257+0000][info][gc,heap     ] GC(153) Eden regions: 84->0(89)
[2024-08-28T01:09:57.257+0000][info][gc,heap     ] GC(153) Survivor regions: 18->13(13)
[2024-08-28T01:09:57.257+0000][info][gc,heap     ] GC(153) Old regions: 1559->1533
[2024-08-28T01:09:57.257+0000][info][gc,heap     ] GC(153) Archive regions: 2->2
[2024-08-28T01:09:57.257+0000][info][gc,heap     ] GC(153) Humongous regions: 5->5
[2024-08-28T01:09:57.257+0000][info][gc,metaspace] GC(153) Metaspace: 100K(320K)->100K(320K) NonClass: 96K(192K)->96K(192K) Class: 4K(128K)->4K(128K)
[2024-08-28T01:09:57.257+0000][info][gc          ] GC(153) Pause Young (Mixed) (G1 Evacuation Pause) 1666M->1551M(2048M) 16.995ms
[2024-08-28T01:09:57.257+0000][info][gc,cpu      ] GC(153) User=0.76s Sys=0.00s Real=0.01s
[2024-08-28T01:09:57.303+0000][info][gc,start    ] GC(154) Pause Young (Mixed) (G1 Evacuation Pause)
[2024-08-28T01:09:57.303+0000][info][gc,task     ] GC(154) Using 49 workers of 68 for evacuation
[2024-08-28T01:09:57.318+0000][info][gc,phases   ] GC(154)   Pre Evacuate Collection Set: 0.3ms
[2024-08-28T01:09:57.318+0000][info][gc,phases   ] GC(154)   Merge Heap Roots: 0.8ms
[2024-08-28T01:09:57.318+0000][info][gc,phases   ] GC(154)   Evacuate Collection Set: 13.8ms
[2024-08-28T01:09:57.318+0000][info][gc,phases   ] GC(154)   Post Evacuate Collection Set: 0.6ms
[2024-08-28T01:09:57.318+0000][info][gc,phases   ] GC(154)   Other: 0.3ms
[2024-08-28T01:09:57.318+0000][info][gc,heap     ] GC(154) Eden regions: 89->0(89)
[2024-08-28T01:09:57.318+0000][info][gc,heap     ] GC(154) Survivor regions: 13->13(13)
[2024-08-28T01:09:57.318+0000][info][gc,heap     ] GC(154) Old regions: 1533->1503
[2024-08-28T01:09:57.318+0000][info][gc,heap     ] GC(154) Archive regions: 2->2
[2024-08-28T01:09:57.318+0000][info][gc,heap     ] GC(154) Humongous regions: 5->5
[2024-08-28T01:09:57.318+0000][info][gc,metaspace] GC(154) Metaspace: 100K(320K)->100K(320K) NonClass: 96K(192K)->96K(192K) Class: 4K(128K)->4K(128K)
[2024-08-28T01:09:57.318+0000][info][gc          ] GC(154) Pause Young (Mixed) (G1 Evacuation Pause) 1640M->1521M(2048M) 15.771ms
[2024-08-28T01:09:57.318+0000][info][gc,cpu      ] GC(154) User=0.69s Sys=0.02s Real=0.02s
[2024-08-28T01:09:57.364+0000][info][gc,start    ] GC(155) Pause Young (Mixed) (G1 Evacuation Pause)
[2024-08-28T01:09:57.364+0000][info][gc,task     ] GC(155) Using 49 workers of 68 for evacuation
[2024-08-28T01:09:57.379+0000][info][gc,phases   ] GC(155)   Pre Evacuate Collection Set: 0.3ms
[2024-08-28T01:09:57.379+0000][info][gc,phases   ] GC(155)   Merge Heap Roots: 0.5ms
[2024-08-28T01:09:57.379+0000][info][gc,phases   ] GC(155)   Evacuate Collection Set: 13.2ms
[2024-08-28T01:09:57.379+0000][info][gc,phases   ] GC(155)   Post Evacuate Collection Set: 0.5ms
[2024-08-28T01:09:57.379+0000][info][gc,phases   ] GC(155)   Other: 0.2ms
[2024-08-28T01:09:57.379+0000][info][gc,heap     ] GC(155) Eden regions: 89->0(89)
[2024-08-28T01:09:57.379+0000][info][gc,heap     ] GC(155) Survivor regions: 13->13(13)
[2024-08-28T01:09:57.379+0000][info][gc,heap     ] GC(155) Old regions: 1503->1474
[2024-08-28T01:09:57.379+0000][info][gc,heap     ] GC(155) Archive regions: 2->2
[2024-08-28T01:09:57.379+0000][info][gc,heap     ] GC(155) Humongous regions: 5->5
[2024-08-28T01:09:57.379+0000][info][gc,metaspace] GC(155) Metaspace: 100K(320K)->100K(320K) NonClass: 96K(192K)->96K(192K) Class: 4K(128K)->4K(128K)
[2024-08-28T01:09:57.379+0000][info][gc          ] GC(155) Pause Young (Mixed) (G1 Evacuation Pause) 1610M->1492M(2048M) 14.898ms
[2024-08-28T01:09:57.379+0000][info][gc,cpu      ] GC(155) User=0.66s Sys=0.00s Real=0.02s
[2024-08-28T01:09:57.424+0000][info][gc,start    ] GC(156) Pause Young (Mixed) (G1 Evacuation Pause)
[2024-08-28T01:09:57.424+0000][info][gc,task     ] GC(156) Using 49 workers of 68 for evacuation
[2024-08-28T01:09:57.440+0000][info][gc,phases   ] GC(156)   Pre Evacuate Collection Set: 0.5ms
[2024-08-28T01:09:57.440+0000][info][gc,phases   ] GC(156)   Merge Heap Roots: 0.7ms
[2024-08-28T01:09:57.440+0000][info][gc,phases   ] GC(156)   Evacuate Collection Set: 13.4ms
[2024-08-28T01:09:57.440+0000][info][gc,phases   ] GC(156)   Post Evacuate Collection Set: 0.5ms
[2024-08-28T01:09:57.440+0000][info][gc,phases   ] GC(156)   Other: 0.3ms
[2024-08-28T01:09:57.440+0000][info][gc,heap     ] GC(156) Eden regions: 89->0(89)
[2024-08-28T01:09:57.440+0000][info][gc,heap     ] GC(156) Survivor regions: 13->13(13)
[2024-08-28T01:09:57.440+0000][info][gc,heap     ] GC(156) Old regions: 1474->1444
[2024-08-28T01:09:57.440+0000][info][gc,heap     ] GC(156) Archive regions: 2->2
[2024-08-28T01:09:57.440+0000][info][gc,heap     ] GC(156) Humongous regions: 5->5
[2024-08-28T01:09:57.440+0000][info][gc,metaspace] GC(156) Metaspace: 100K(320K)->100K(320K) NonClass: 96K(192K)->96K(192K) Class: 4K(128K)->4K(128K)
[2024-08-28T01:09:57.440+0000][info][gc          ] GC(156) Pause Young (Mixed) (G1 Evacuation Pause) 1581M->1462M(2048M) 15.446ms
[2024-08-28T01:09:57.440+0000][info][gc,cpu      ] GC(156) User=0.69s Sys=0.00s Real=0.02s
[2024-08-28T01:09:57.484+0000][info][gc,start    ] GC(157) Pause Young (Mixed) (G1 Evacuation Pause)
[2024-08-28T01:09:57.484+0000][info][gc,task     ] GC(157) Using 49 workers of 68 for evacuation
[2024-08-28T01:09:57.499+0000][info][gc,phases   ] GC(157)   Pre Evacuate Collection Set: 0.4ms
[2024-08-28T01:09:57.499+0000][info][gc,phases   ] GC(157)   Merge Heap Roots: 0.5ms
[2024-08-28T01:09:57.499+0000][info][gc,phases   ] GC(157)   Evacuate Collection Set: 13.6ms
[2024-08-28T01:09:57.499+0000][info][gc,phases   ] GC(157)   Post Evacuate Collection Set: 0.5ms
[2024-08-28T01:09:57.499+0000][info][gc,phases   ] GC(157)   Other: 0.2ms
[2024-08-28T01:09:57.499+0000][info][gc,heap     ] GC(157) Eden regions: 89->0(89)
[2024-08-28T01:09:57.499+0000][info][gc,heap     ] GC(157) Survivor regions: 13->13(13)
[2024-08-28T01:09:57.499+0000][info][gc,heap     ] GC(157) Old regions: 1444->1415
[2024-08-28T01:09:57.499+0000][info][gc,heap     ] GC(157) Archive regions: 2->2
[2024-08-28T01:09:57.499+0000][info][gc,heap     ] GC(157) Humongous regions: 5->5
[2024-08-28T01:09:57.499+0000][info][gc,metaspace] GC(157) Metaspace: 100K(320K)->100K(320K) NonClass: 96K(192K)->96K(192K) Class: 4K(128K)->4K(128K)
[2024-08-28T01:09:57.499+0000][info][gc          ] GC(157) Pause Young (Mixed) (G1 Evacuation Pause) 1551M->1433M(2048M) 15.310ms
[2024-08-28T01:09:57.499+0000][info][gc,cpu      ] GC(157) User=0.68s Sys=0.00s Real=0.02s
[2024-08-28T01:09:57.544+0000][info][gc,start    ] GC(158) Pause Young (Mixed) (G1 Evacuation Pause)
[2024-08-28T01:09:57.544+0000][info][gc,task     ] GC(158) Using 49 workers of 68 for evacuation
[2024-08-28T01:09:57.561+0000][info][gc,phases   ] GC(158)   Pre Evacuate Collection Set: 0.3ms
[2024-08-28T01:09:57.561+0000][info][gc,phases   ] GC(158)   Merge Heap Roots: 0.9ms
[2024-08-28T01:09:57.561+0000][info][gc,phases   ] GC(158)   Evacuate Collection Set: 14.5ms
[2024-08-28T01:09:57.561+0000][info][gc,phases   ] GC(158)   Post Evacuate Collection Set: 0.5ms
[2024-08-28T01:09:57.561+0000][info][gc,phases   ] GC(158)   Other: 0.3ms
[2024-08-28T01:09:57.561+0000][info][gc,heap     ] GC(158) Eden regions: 89->0(89)
[2024-08-28T01:09:57.561+0000][info][gc,heap     ] GC(158) Survivor regions: 13->13(13)
[2024-08-28T01:09:57.561+0000][info][gc,heap     ] GC(158) Old regions: 1415->1386
[2024-08-28T01:09:57.561+0000][info][gc,heap     ] GC(158) Archive regions: 2->2
[2024-08-28T01:09:57.561+0000][info][gc,heap     ] GC(158) Humongous regions: 5->5
[2024-08-28T01:09:57.561+0000][info][gc,metaspace] GC(158) Metaspace: 100K(320K)->100K(320K) NonClass: 96K(192K)->96K(192K) Class: 4K(128K)->4K(128K)
[2024-08-28T01:09:57.561+0000][info][gc          ] GC(158) Pause Young (Mixed) (G1 Evacuation Pause) 1522M->1404M(2048M) 16.636ms
[2024-08-28T01:09:57.561+0000][info][gc,cpu      ] GC(158) User=0.74s Sys=0.00s Real=0.02s
[2024-08-28T01:09:57.607+0000][info][gc,start    ] GC(159) Pause Young (Mixed) (G1 Evacuation Pause)
[2024-08-28T01:09:57.607+0000][info][gc,task     ] GC(159) Using 49 workers of 68 for evacuation
[2024-08-28T01:09:57.622+0000][info][gc,phases   ] GC(159)   Pre Evacuate Collection Set: 0.3ms
[2024-08-28T01:09:57.622+0000][info][gc,phases   ] GC(159)   Merge Heap Roots: 0.4ms
[2024-08-28T01:09:57.622+0000][info][gc,phases   ] GC(159)   Evacuate Collection Set: 13.9ms
[2024-08-28T01:09:57.622+0000][info][gc,phases   ] GC(159)   Post Evacuate Collection Set: 0.5ms
[2024-08-28T01:09:57.622+0000][info][gc,phases   ] GC(159)   Other: 0.3ms
[2024-08-28T01:09:57.622+0000][info][gc,heap     ] GC(159) Eden regions: 89->0(130)
[2024-08-28T01:09:57.622+0000][info][gc,heap     ] GC(159) Survivor regions: 13->13(13)
[2024-08-28T01:09:57.622+0000][info][gc,heap     ] GC(159) Old regions: 1386->1414
[2024-08-28T01:09:57.622+0000][info][gc,heap     ] GC(159) Archive regions: 2->2
[2024-08-28T01:09:57.622+0000][info][gc,heap     ] GC(159) Humongous regions: 5->5
[2024-08-28T01:09:57.622+0000][info][gc,metaspace] GC(159) Metaspace: 100K(320K)->100K(320K) NonClass: 96K(192K)->96K(192K) Class: 4K(128K)->4K(128K)
[2024-08-28T01:09:57.622+0000][info][gc          ] GC(159) Pause Young (Mixed) (G1 Evacuation Pause) 1493M->1432M(2048M) 15.503ms
[2024-08-28T01:09:57.622+0000][info][gc,cpu      ] GC(159) User=0.68s Sys=0.00s Real=0.02s
[2024-08-28T01:09:57.689+0000][info][gc,start    ] GC(160) Pause Young (Concurrent Start) (G1 Evacuation Pause)
[2024-08-28T01:09:57.690+0000][info][gc,task     ] GC(160) Using 49 workers of 68 for evacuation
[2024-08-28T01:09:57.710+0000][info][gc,phases   ] GC(160)   Pre Evacuate Collection Set: 0.3ms
[2024-08-28T01:09:57.710+0000][info][gc,phases   ] GC(160)   Merge Heap Roots: 0.5ms
[2024-08-28T01:09:57.710+0000][info][gc,phases   ] GC(160)   Evacuate Collection Set: 18.8ms
[2024-08-28T01:09:57.710+0000][info][gc,phases   ] GC(160)   Post Evacuate Collection Set: 0.6ms
[2024-08-28T01:09:57.710+0000][info][gc,phases   ] GC(160)   Other: 0.7ms
[2024-08-28T01:09:57.710+0000][info][gc,heap     ] GC(160) Eden regions: 130->0(87)
[2024-08-28T01:09:57.710+0000][info][gc,heap     ] GC(160) Survivor regions: 13->18(18)
[2024-08-28T01:09:57.710+0000][info][gc,heap     ] GC(160) Old regions: 1414->1542
[2024-08-28T01:09:57.710+0000][info][gc,heap     ] GC(160) Archive regions: 2->2
[2024-08-28T01:09:57.710+0000][info][gc,heap     ] GC(160) Humongous regions: 5->5
[2024-08-28T01:09:57.710+0000][info][gc,metaspace] GC(160) Metaspace: 100K(320K)->100K(320K) NonClass: 96K(192K)->96K(192K) Class: 4K(128K)->4K(128K)
[2024-08-28T01:09:57.711+0000][info][gc          ] GC(160) Pause Young (Concurrent Start) (G1 Evacuation Pause) 1562M->1565M(2048M) 21.021ms
[2024-08-28T01:09:57.711+0000][info][gc,cpu      ] GC(160) User=0.94s Sys=0.01s Real=0.02s
[2024-08-28T01:09:57.711+0000][info][gc          ] GC(161) Concurrent Mark Cycle
[2024-08-28T01:09:57.711+0000][info][gc,marking  ] GC(161) Concurrent Clear Claimed Marks
[2024-08-28T01:09:57.711+0000][info][gc,marking  ] GC(161) Concurrent Clear Claimed Marks 0.011ms
[2024-08-28T01:09:57.711+0000][info][gc,marking  ] GC(161) Concurrent Scan Root Regions
[2024-08-28T01:09:57.714+0000][info][gc,marking  ] GC(161) Concurrent Scan Root Regions 3.530ms
[2024-08-28T01:09:57.714+0000][info][gc,marking  ] GC(161) Concurrent Mark
[2024-08-28T01:09:57.714+0000][info][gc,marking  ] GC(161) Concurrent Mark From Roots
[2024-08-28T01:09:57.714+0000][info][gc,task     ] GC(161) Using 17 workers of 17 for marking
[2024-08-28T01:09:57.734+0000][info][gc,marking  ] GC(161) Concurrent Mark From Roots 19.756ms
[2024-08-28T01:09:57.734+0000][info][gc,marking  ] GC(161) Concurrent Preclean
[2024-08-28T01:09:57.735+0000][info][gc,marking  ] GC(161) Concurrent Preclean 0.503ms
[2024-08-28T01:09:57.735+0000][info][gc,start    ] GC(161) Pause Remark
[2024-08-28T01:09:57.737+0000][info][gc          ] GC(161) Pause Remark 1599M->1413M(2048M) 2.131ms
[2024-08-28T01:09:57.737+0000][info][gc,cpu      ] GC(161) User=0.01s Sys=0.01s Real=0.00s
[2024-08-28T01:09:57.737+0000][info][gc,marking  ] GC(161) Concurrent Mark 22.823ms
[2024-08-28T01:09:57.737+0000][info][gc,marking  ] GC(161) Concurrent Rebuild Remembered Sets
[2024-08-28T01:09:57.764+0000][info][gc,start    ] GC(162) Pause Young (Normal) (G1 Evacuation Pause)
[2024-08-28T01:09:57.764+0000][info][gc,task     ] GC(162) Using 49 workers of 68 for evacuation
[2024-08-28T01:09:57.781+0000][info][gc,phases   ] GC(162)   Pre Evacuate Collection Set: 0.3ms
[2024-08-28T01:09:57.781+0000][info][gc,phases   ] GC(162)   Merge Heap Roots: 0.8ms
[2024-08-28T01:09:57.781+0000][info][gc,phases   ] GC(162)   Evacuate Collection Set: 15.2ms
[2024-08-28T01:09:57.781+0000][info][gc,phases   ] GC(162)   Post Evacuate Collection Set: 0.8ms
[2024-08-28T01:09:57.781+0000][info][gc,phases   ] GC(162)   Other: 0.2ms
[2024-08-28T01:09:57.781+0000][info][gc,heap     ] GC(162) Eden regions: 87->0(117)
[2024-08-28T01:09:57.781+0000][info][gc,heap     ] GC(162) Survivor regions: 18->14(14)
[2024-08-28T01:09:57.781+0000][info][gc,heap     ] GC(162) Old regions: 1356->1453
[2024-08-28T01:09:57.781+0000][info][gc,heap     ] GC(162) Archive regions: 2->2
[2024-08-28T01:09:57.781+0000][info][gc,heap     ] GC(162) Humongous regions: 5->5
[2024-08-28T01:09:57.781+0000][info][gc,metaspace] GC(162) Metaspace: 100K(320K)->100K(320K) NonClass: 96K(192K)->96K(192K) Class: 4K(128K)->4K(128K)
[2024-08-28T01:09:57.781+0000][info][gc          ] GC(162) Pause Young (Normal) (G1 Evacuation Pause) 1466M->1472M(2048M) 17.378ms
[2024-08-28T01:09:57.781+0000][info][gc,cpu      ] GC(162) User=0.79s Sys=0.00s Real=0.02s
[2024-08-28T01:09:57.802+0000][info][gc,marking  ] GC(161) Concurrent Rebuild Remembered Sets 65.080ms
[2024-08-28T01:09:57.802+0000][info][gc,start    ] GC(161) Pause Cleanup
[2024-08-28T01:09:57.805+0000][info][gc          ] GC(161) Pause Cleanup 1511M->1511M(2048M) 2.907ms
[2024-08-28T01:09:57.805+0000][info][gc,cpu      ] GC(161) User=0.01s Sys=0.01s Real=0.00s
[2024-08-28T01:09:57.805+0000][info][gc,marking  ] GC(161) Concurrent Cleanup for Next Mark
[2024-08-28T01:09:57.807+0000][info][gc,marking  ] GC(161) Concurrent Cleanup for Next Mark 1.340ms
[2024-08-28T01:09:57.807+0000][info][gc          ] GC(161) Concurrent Mark Cycle 96.247ms
[2024-08-28T01:09:57.847+0000][info][gc,start    ] GC(163) Pause Young (Prepare Mixed) (G1 Evacuation Pause)
[2024-08-28T01:09:57.847+0000][info][gc,task     ] GC(163) Using 49 workers of 68 for evacuation
[2024-08-28T01:09:57.870+0000][info][gc,phases   ] GC(163)   Pre Evacuate Collection Set: 0.3ms
[2024-08-28T01:09:57.870+0000][info][gc,phases   ] GC(163)   Merge Heap Roots: 1.2ms
[2024-08-28T01:09:57.870+0000][info][gc,phases   ] GC(163)   Evacuate Collection Set: 20.7ms
[2024-08-28T01:09:57.870+0000][info][gc,phases   ] GC(163)   Post Evacuate Collection Set: 0.5ms
[2024-08-28T01:09:57.870+0000][info][gc,phases   ] GC(163)   Other: 0.2ms
[2024-08-28T01:09:57.870+0000][info][gc,heap     ] GC(163) Eden regions: 117->0(85)
[2024-08-28T01:09:57.870+0000][info][gc,heap     ] GC(163) Survivor regions: 14->17(17)
[2024-08-28T01:09:57.870+0000][info][gc,heap     ] GC(163) Old regions: 1453->1570
[2024-08-28T01:09:57.870+0000][info][gc,heap     ] GC(163) Archive regions: 2->2
[2024-08-28T01:09:57.870+0000][info][gc,heap     ] GC(163) Humongous regions: 5->5
[2024-08-28T01:09:57.870+0000][info][gc,metaspace] GC(163) Metaspace: 100K(320K)->100K(320K) NonClass: 96K(192K)->96K(192K) Class: 4K(128K)->4K(128K)
[2024-08-28T01:09:57.870+0000][info][gc          ] GC(163) Pause Young (Prepare Mixed) (G1 Evacuation Pause) 1589M->1592M(2048M) 23.025ms
[2024-08-28T01:09:57.870+0000][info][gc,cpu      ] GC(163) User=1.06s Sys=0.01s Real=0.03s
[2024-08-28T01:09:57.914+0000][info][gc,start    ] GC(164) Pause Young (Mixed) (G1 Evacuation Pause)
[2024-08-28T01:09:57.914+0000][info][gc,task     ] GC(164) Using 49 workers of 68 for evacuation
[2024-08-28T01:09:57.931+0000][info][gc,phases   ] GC(164)   Pre Evacuate Collection Set: 0.4ms
[2024-08-28T01:09:57.931+0000][info][gc,phases   ] GC(164)   Merge Heap Roots: 0.5ms
[2024-08-28T01:09:57.931+0000][info][gc,phases   ] GC(164)   Evacuate Collection Set: 15.3ms
[2024-08-28T01:09:57.931+0000][info][gc,phases   ] GC(164)   Post Evacuate Collection Set: 0.5ms
[2024-08-28T01:09:57.931+0000][info][gc,phases   ] GC(164)   Other: 0.3ms
[2024-08-28T01:09:57.931+0000][info][gc,heap     ] GC(164) Eden regions: 85->0(89)
[2024-08-28T01:09:57.931+0000][info][gc,heap     ] GC(164) Survivor regions: 17->13(13)
[2024-08-28T01:09:57.931+0000][info][gc,heap     ] GC(164) Old regions: 1570->1542
[2024-08-28T01:09:57.931+0000][info][gc,heap     ] GC(164) Archive regions: 2->2
[2024-08-28T01:09:57.931+0000][info][gc,heap     ] GC(164) Humongous regions: 5->5
[2024-08-28T01:09:57.931+0000][info][gc,metaspace] GC(164) Metaspace: 100K(320K)->100K(320K) NonClass: 96K(192K)->96K(192K) Class: 4K(128K)->4K(128K)
[2024-08-28T01:09:57.931+0000][info][gc          ] GC(164) Pause Young (Mixed) (G1 Evacuation Pause) 1677M->1560M(2048M) 17.053ms
[2024-08-28T01:09:57.931+0000][info][gc,cpu      ] GC(164) User=0.76s Sys=0.00s Real=0.02s
[2024-08-28T01:09:57.977+0000][info][gc,start    ] GC(165) Pause Young (Mixed) (G1 Evacuation Pause)
[2024-08-28T01:09:57.977+0000][info][gc,task     ] GC(165) Using 49 workers of 68 for evacuation
[2024-08-28T01:09:57.994+0000][info][gc,phases   ] GC(165)   Pre Evacuate Collection Set: 0.4ms
[2024-08-28T01:09:57.994+0000][info][gc,phases   ] GC(165)   Merge Heap Roots: 0.8ms
[2024-08-28T01:09:57.994+0000][info][gc,phases   ] GC(165)   Evacuate Collection Set: 14.5ms
[2024-08-28T01:09:57.994+0000][info][gc,phases   ] GC(165)   Post Evacuate Collection Set: 0.5ms
[2024-08-28T01:09:57.994+0000][info][gc,phases   ] GC(165)   Other: 0.3ms
[2024-08-28T01:09:57.994+0000][info][gc,heap     ] GC(165) Eden regions: 89->0(89)
[2024-08-28T01:09:57.994+0000][info][gc,heap     ] GC(165) Survivor regions: 13->13(13)
[2024-08-28T01:09:57.994+0000][info][gc,heap     ] GC(165) Old regions: 1542->1513
[2024-08-28T01:09:57.994+0000][info][gc,heap     ] GC(165) Archive regions: 2->2
[2024-08-28T01:09:57.994+0000][info][gc,heap     ] GC(165) Humongous regions: 5->5
[2024-08-28T01:09:57.994+0000][info][gc,metaspace] GC(165) Metaspace: 100K(320K)->100K(320K) NonClass: 96K(192K)->96K(192K) Class: 4K(128K)->4K(128K)
[2024-08-28T01:09:57.994+0000][info][gc          ] GC(165) Pause Young (Mixed) (G1 Evacuation Pause) 1649M->1531M(2048M) 16.577ms
[2024-08-28T01:09:57.994+0000][info][gc,cpu      ] GC(165) User=0.71s Sys=0.03s Real=0.02s
[2024-08-28T01:09:58.040+0000][info][gc,start    ] GC(166) Pause Young (Mixed) (G1 Evacuation Pause)
[2024-08-28T01:09:58.040+0000][info][gc,task     ] GC(166) Using 49 workers of 68 for evacuation
[2024-08-28T01:09:58.056+0000][info][gc,phases   ] GC(166)   Pre Evacuate Collection Set: 0.4ms
[2024-08-28T01:09:58.056+0000][info][gc,phases   ] GC(166)   Merge Heap Roots: 0.5ms
[2024-08-28T01:09:58.056+0000][info][gc,phases   ] GC(166)   Evacuate Collection Set: 14.4ms
[2024-08-28T01:09:58.056+0000][info][gc,phases   ] GC(166)   Post Evacuate Collection Set: 0.5ms
[2024-08-28T01:09:58.056+0000][info][gc,phases   ] GC(166)   Other: 0.3ms
[2024-08-28T01:09:58.056+0000][info][gc,heap     ] GC(166) Eden regions: 89->0(89)
[2024-08-28T01:09:58.056+0000][info][gc,heap     ] GC(166) Survivor regions: 13->13(13)
[2024-08-28T01:09:58.056+0000][info][gc,heap     ] GC(166) Old regions: 1513->1484
[2024-08-28T01:09:58.056+0000][info][gc,heap     ] GC(166) Archive regions: 2->2
[2024-08-28T01:09:58.056+0000][info][gc,heap     ] GC(166) Humongous regions: 5->5
[2024-08-28T01:09:58.056+0000][info][gc,metaspace] GC(166) Metaspace: 100K(320K)->100K(320K) NonClass: 96K(192K)->96K(192K) Class: 4K(128K)->4K(128K)
[2024-08-28T01:09:58.056+0000][info][gc          ] GC(166) Pause Young (Mixed) (G1 Evacuation Pause) 1620M->1502M(2048M) 16.044ms
[2024-08-28T01:09:58.056+0000][info][gc,cpu      ] GC(166) User=0.73s Sys=0.00s Real=0.01s
[2024-08-28T01:09:58.101+0000][info][gc,start    ] GC(167) Pause Young (Mixed) (G1 Evacuation Pause)
[2024-08-28T01:09:58.102+0000][info][gc,task     ] GC(167) Using 49 workers of 68 for evacuation
[2024-08-28T01:09:58.118+0000][info][gc,phases   ] GC(167)   Pre Evacuate Collection Set: 0.4ms
[2024-08-28T01:09:58.118+0000][info][gc,phases   ] GC(167)   Merge Heap Roots: 0.7ms
[2024-08-28T01:09:58.118+0000][info][gc,phases   ] GC(167)   Evacuate Collection Set: 14.4ms
[2024-08-28T01:09:58.118+0000][info][gc,phases   ] GC(167)   Post Evacuate Collection Set: 0.6ms
[2024-08-28T01:09:58.118+0000][info][gc,phases   ] GC(167)   Other: 0.3ms
[2024-08-28T01:09:58.118+0000][info][gc,heap     ] GC(167) Eden regions: 89->0(89)
[2024-08-28T01:09:58.118+0000][info][gc,heap     ] GC(167) Survivor regions: 13->13(13)
[2024-08-28T01:09:58.118+0000][info][gc,heap     ] GC(167) Old regions: 1484->1455
[2024-08-28T01:09:58.118+0000][info][gc,heap     ] GC(167) Archive regions: 2->2
[2024-08-28T01:09:58.118+0000][info][gc,heap     ] GC(167) Humongous regions: 5->5
[2024-08-28T01:09:58.118+0000][info][gc,metaspace] GC(167) Metaspace: 100K(320K)->100K(320K) NonClass: 96K(192K)->96K(192K) Class: 4K(128K)->4K(128K)
[2024-08-28T01:09:58.118+0000][info][gc          ] GC(167) Pause Young (Mixed) (G1 Evacuation Pause) 1591M->1473M(2048M) 16.433ms
[2024-08-28T01:09:58.118+0000][info][gc,cpu      ] GC(167) User=0.73s Sys=0.00s Real=0.02s
[2024-08-28T01:09:58.163+0000][info][gc,start    ] GC(168) Pause Young (Mixed) (G1 Evacuation Pause)
[2024-08-28T01:09:58.163+0000][info][gc,task     ] GC(168) Using 49 workers of 68 for evacuation
[2024-08-28T01:09:58.179+0000][info][gc,phases   ] GC(168)   Pre Evacuate Collection Set: 0.4ms
[2024-08-28T01:09:58.179+0000][info][gc,phases   ] GC(168)   Merge Heap Roots: 0.7ms
[2024-08-28T01:09:58.179+0000][info][gc,phases   ] GC(168)   Evacuate Collection Set: 14.6ms
[2024-08-28T01:09:58.179+0000][info][gc,phases   ] GC(168)   Post Evacuate Collection Set: 0.5ms
[2024-08-28T01:09:58.179+0000][info][gc,phases   ] GC(168)   Other: 0.3ms
[2024-08-28T01:09:58.179+0000][info][gc,heap     ] GC(168) Eden regions: 89->0(89)
[2024-08-28T01:09:58.179+0000][info][gc,heap     ] GC(168) Survivor regions: 13->13(13)
[2024-08-28T01:09:58.179+0000][info][gc,heap     ] GC(168) Old regions: 1455->1425
[2024-08-28T01:09:58.179+0000][info][gc,heap     ] GC(168) Archive regions: 2->2
[2024-08-28T01:09:58.179+0000][info][gc,heap     ] GC(168) Humongous regions: 5->5
[2024-08-28T01:09:58.179+0000][info][gc,metaspace] GC(168) Metaspace: 100K(320K)->100K(320K) NonClass: 96K(192K)->96K(192K) Class: 4K(128K)->4K(128K)
[2024-08-28T01:09:58.179+0000][info][gc          ] GC(168) Pause Young (Mixed) (G1 Evacuation Pause) 1562M->1443M(2048M) 16.520ms
[2024-08-28T01:09:58.179+0000][info][gc,cpu      ] GC(168) User=0.73s Sys=0.00s Real=0.02s
[2024-08-28T01:09:58.225+0000][info][gc,start    ] GC(169) Pause Young (Mixed) (G1 Evacuation Pause)
[2024-08-28T01:09:58.225+0000][info][gc,task     ] GC(169) Using 49 workers of 68 for evacuation
[2024-08-28T01:09:58.241+0000][info][gc,phases   ] GC(169)   Pre Evacuate Collection Set: 0.4ms
[2024-08-28T01:09:58.241+0000][info][gc,phases   ] GC(169)   Merge Heap Roots: 0.8ms
[2024-08-28T01:09:58.241+0000][info][gc,phases   ] GC(169)   Evacuate Collection Set: 14.0ms
[2024-08-28T01:09:58.241+0000][info][gc,phases   ] GC(169)   Post Evacuate Collection Set: 0.5ms
[2024-08-28T01:09:58.241+0000][info][gc,phases   ] GC(169)   Other: 0.3ms
[2024-08-28T01:09:58.241+0000][info][gc,heap     ] GC(169) Eden regions: 89->0(89)
[2024-08-28T01:09:58.241+0000][info][gc,heap     ] GC(169) Survivor regions: 13->13(13)
[2024-08-28T01:09:58.241+0000][info][gc,heap     ] GC(169) Old regions: 1425->1396
[2024-08-28T01:09:58.241+0000][info][gc,heap     ] GC(169) Archive regions: 2->2
[2024-08-28T01:09:58.241+0000][info][gc,heap     ] GC(169) Humongous regions: 5->5
[2024-08-28T01:09:58.241+0000][info][gc,metaspace] GC(169) Metaspace: 100K(320K)->100K(320K) NonClass: 96K(192K)->96K(192K) Class: 4K(128K)->4K(128K)
[2024-08-28T01:09:58.241+0000][info][gc          ] GC(169) Pause Young (Mixed) (G1 Evacuation Pause) 1532M->1414M(2048M) 16.035ms
[2024-08-28T01:09:58.241+0000][info][gc,cpu      ] GC(169) User=0.70s Sys=0.02s Real=0.02s
[2024-08-28T01:09:58.286+0000][info][gc,start    ] GC(170) Pause Young (Mixed) (G1 Evacuation Pause)
[2024-08-28T01:09:58.286+0000][info][gc,task     ] GC(170) Using 49 workers of 68 for evacuation
[2024-08-28T01:09:58.301+0000][info][gc,phases   ] GC(170)   Pre Evacuate Collection Set: 0.4ms
[2024-08-28T01:09:58.301+0000][info][gc,phases   ] GC(170)   Merge Heap Roots: 0.5ms
[2024-08-28T01:09:58.301+0000][info][gc,phases   ] GC(170)   Evacuate Collection Set: 13.8ms
[2024-08-28T01:09:58.301+0000][info][gc,phases   ] GC(170)   Post Evacuate Collection Set: 0.5ms
[2024-08-28T01:09:58.301+0000][info][gc,phases   ] GC(170)   Other: 0.3ms
[2024-08-28T01:09:58.301+0000][info][gc,heap     ] GC(170) Eden regions: 89->0(134)
[2024-08-28T01:09:58.301+0000][info][gc,heap     ] GC(170) Survivor regions: 13->13(13)
[2024-08-28T01:09:58.301+0000][info][gc,heap     ] GC(170) Old regions: 1396->1404
[2024-08-28T01:09:58.301+0000][info][gc,heap     ] GC(170) Archive regions: 2->2
[2024-08-28T01:09:58.301+0000][info][gc,heap     ] GC(170) Humongous regions: 5->5
[2024-08-28T01:09:58.301+0000][info][gc,metaspace] GC(170) Metaspace: 100K(320K)->100K(320K) NonClass: 96K(192K)->96K(192K) Class: 4K(128K)->4K(128K)
[2024-08-28T01:09:58.301+0000][info][gc          ] GC(170) Pause Young (Mixed) (G1 Evacuation Pause) 1503M->1422M(2048M) 15.529ms
[2024-08-28T01:09:58.301+0000][info][gc,cpu      ] GC(170) User=0.67s Sys=0.01s Real=0.02s
[2024-08-28T01:09:58.369+0000][info][gc,start    ] GC(171) Pause Young (Concurrent Start) (G1 Evacuation Pause)
[2024-08-28T01:09:58.369+0000][info][gc,task     ] GC(171) Using 49 workers of 68 for evacuation
[2024-08-28T01:09:58.389+0000][info][gc,phases   ] GC(171)   Pre Evacuate Collection Set: 0.3ms
[2024-08-28T01:09:58.389+0000][info][gc,phases   ] GC(171)   Merge Heap Roots: 0.6ms
[2024-08-28T01:09:58.389+0000][info][gc,phases   ] GC(171)   Evacuate Collection Set: 18.5ms
[2024-08-28T01:09:58.389+0000][info][gc,phases   ] GC(171)   Post Evacuate Collection Set: 0.5ms
[2024-08-28T01:09:58.389+0000][info][gc,phases   ] GC(171)   Other: 0.7ms
[2024-08-28T01:09:58.389+0000][info][gc,heap     ] GC(171) Eden regions: 134->0(90)
[2024-08-28T01:09:58.389+0000][info][gc,heap     ] GC(171) Survivor regions: 13->19(19)
[2024-08-28T01:09:58.389+0000][info][gc,heap     ] GC(171) Old regions: 1404->1534
[2024-08-28T01:09:58.389+0000][info][gc,heap     ] GC(171) Archive regions: 2->2
[2024-08-28T01:09:58.390+0000][info][gc,heap     ] GC(171) Humongous regions: 5->5
[2024-08-28T01:09:58.390+0000][info][gc,metaspace] GC(171) Metaspace: 100K(320K)->100K(320K) NonClass: 96K(192K)->96K(192K) Class: 4K(128K)->4K(128K)
[2024-08-28T01:09:58.390+0000][info][gc          ] GC(171) Pause Young (Concurrent Start) (G1 Evacuation Pause) 1556M->1558M(2048M) 20.782ms
[2024-08-28T01:09:58.390+0000][info][gc,cpu      ] GC(171) User=0.91s Sys=0.02s Real=0.03s
[2024-08-28T01:09:58.390+0000][info][gc          ] GC(172) Concurrent Mark Cycle
[2024-08-28T01:09:58.390+0000][info][gc,marking  ] GC(172) Concurrent Clear Claimed Marks
[2024-08-28T01:09:58.390+0000][info][gc,marking  ] GC(172) Concurrent Clear Claimed Marks 0.011ms
[2024-08-28T01:09:58.390+0000][info][gc,marking  ] GC(172) Concurrent Scan Root Regions
[2024-08-28T01:09:58.393+0000][info][gc,marking  ] GC(172) Concurrent Scan Root Regions 3.815ms
[2024-08-28T01:09:58.394+0000][info][gc,marking  ] GC(172) Concurrent Mark
[2024-08-28T01:09:58.394+0000][info][gc,marking  ] GC(172) Concurrent Mark From Roots
[2024-08-28T01:09:58.394+0000][info][gc,task     ] GC(172) Using 17 workers of 17 for marking
[2024-08-28T01:09:58.413+0000][info][gc,marking  ] GC(172) Concurrent Mark From Roots 19.771ms
[2024-08-28T01:09:58.413+0000][info][gc,marking  ] GC(172) Concurrent Preclean
[2024-08-28T01:09:58.416+0000][info][gc,marking  ] GC(172) Concurrent Preclean 2.584ms
[2024-08-28T01:09:58.416+0000][info][gc,start    ] GC(172) Pause Remark
[2024-08-28T01:09:58.419+0000][info][gc          ] GC(172) Pause Remark 1596M->1372M(2048M) 2.153ms
[2024-08-28T01:09:58.419+0000][info][gc,cpu      ] GC(172) User=0.01s Sys=0.00s Real=0.01s
[2024-08-28T01:09:58.419+0000][info][gc,marking  ] GC(172) Concurrent Mark 25.063ms
[2024-08-28T01:09:58.419+0000][info][gc,marking  ] GC(172) Concurrent Rebuild Remembered Sets
[2024-08-28T01:09:58.445+0000][info][gc,start    ] GC(173) Pause Young (Normal) (G1 Evacuation Pause)
[2024-08-28T01:09:58.445+0000][info][gc,task     ] GC(173) Using 49 workers of 68 for evacuation
[2024-08-28T01:09:58.462+0000][info][gc,phases   ] GC(173)   Pre Evacuate Collection Set: 0.3ms
[2024-08-28T01:09:58.462+0000][info][gc,phases   ] GC(173)   Merge Heap Roots: 0.8ms
[2024-08-28T01:09:58.462+0000][info][gc,phases   ] GC(173)   Evacuate Collection Set: 14.7ms
[2024-08-28T01:09:58.462+0000][info][gc,phases   ] GC(173)   Post Evacuate Collection Set: 0.8ms
[2024-08-28T01:09:58.462+0000][info][gc,phases   ] GC(173)   Other: 0.3ms
[2024-08-28T01:09:58.462+0000][info][gc,heap     ] GC(173) Eden regions: 90->0(131)
[2024-08-28T01:09:58.462+0000][info][gc,heap     ] GC(173) Survivor regions: 19->14(14)
[2024-08-28T01:09:58.462+0000][info][gc,heap     ] GC(173) Old regions: 1310->1412
[2024-08-28T01:09:58.462+0000][info][gc,heap     ] GC(173) Archive regions: 2->2
[2024-08-28T01:09:58.462+0000][info][gc,heap     ] GC(173) Humongous regions: 5->5
[2024-08-28T01:09:58.462+0000][info][gc,metaspace] GC(173) Metaspace: 100K(320K)->100K(320K) NonClass: 96K(192K)->96K(192K) Class: 4K(128K)->4K(128K)
[2024-08-28T01:09:58.462+0000][info][gc          ] GC(173) Pause Young (Normal) (G1 Evacuation Pause) 1424M->1431M(2048M) 16.971ms
[2024-08-28T01:09:58.462+0000][info][gc,cpu      ] GC(173) User=0.74s Sys=0.02s Real=0.02s
[2024-08-28T01:09:58.481+0000][info][gc,marking  ] GC(172) Concurrent Rebuild Remembered Sets 62.223ms
[2024-08-28T01:09:58.481+0000][info][gc,start    ] GC(172) Pause Cleanup
[2024-08-28T01:09:58.484+0000][info][gc          ] GC(172) Pause Cleanup 1465M->1465M(2048M) 3.227ms
[2024-08-28T01:09:58.485+0000][info][gc,cpu      ] GC(172) User=0.01s Sys=0.00s Real=0.00s
[2024-08-28T01:09:58.485+0000][info][gc,marking  ] GC(172) Concurrent Cleanup for Next Mark
[2024-08-28T01:09:58.486+0000][info][gc,marking  ] GC(172) Concurrent Cleanup for Next Mark 1.335ms
[2024-08-28T01:09:58.486+0000][info][gc          ] GC(172) Concurrent Mark Cycle 96.466ms
[2024-08-28T01:09:58.537+0000][info][gc,start    ] GC(174) Pause Young (Prepare Mixed) (G1 Evacuation Pause)
[2024-08-28T01:09:58.537+0000][info][gc,task     ] GC(174) Using 49 workers of 68 for evacuation
[2024-08-28T01:09:58.561+0000][info][gc,phases   ] GC(174)   Pre Evacuate Collection Set: 0.4ms
[2024-08-28T01:09:58.561+0000][info][gc,phases   ] GC(174)   Merge Heap Roots: 1.2ms
[2024-08-28T01:09:58.561+0000][info][gc,phases   ] GC(174)   Evacuate Collection Set: 22.4ms
[2024-08-28T01:09:58.561+0000][info][gc,phases   ] GC(174)   Post Evacuate Collection Set: 0.5ms
[2024-08-28T01:09:58.561+0000][info][gc,phases   ] GC(174)   Other: 0.3ms
[2024-08-28T01:09:58.561+0000][info][gc,heap     ] GC(174) Eden regions: 131->0(83)
[2024-08-28T01:09:58.561+0000][info][gc,heap     ] GC(174) Survivor regions: 14->19(19)
[2024-08-28T01:09:58.561+0000][info][gc,heap     ] GC(174) Old regions: 1412->1541
[2024-08-28T01:09:58.561+0000][info][gc,heap     ] GC(174) Archive regions: 2->2
[2024-08-28T01:09:58.561+0000][info][gc,heap     ] GC(174) Humongous regions: 5->5
[2024-08-28T01:09:58.561+0000][info][gc,metaspace] GC(174) Metaspace: 100K(320K)->100K(320K) NonClass: 96K(192K)->96K(192K) Class: 4K(128K)->4K(128K)
[2024-08-28T01:09:58.561+0000][info][gc          ] GC(174) Pause Young (Prepare Mixed) (G1 Evacuation Pause) 1562M->1565M(2048M) 24.844ms
[2024-08-28T01:09:58.561+0000][info][gc,cpu      ] GC(174) User=1.14s Sys=0.00s Real=0.03s
[2024-08-28T01:09:58.605+0000][info][gc,start    ] GC(175) Pause Young (Mixed) (G1 Evacuation Pause)
[2024-08-28T01:09:58.605+0000][info][gc,task     ] GC(175) Using 49 workers of 68 for evacuation
[2024-08-28T01:09:58.621+0000][info][gc,phases   ] GC(175)   Pre Evacuate Collection Set: 0.4ms
[2024-08-28T01:09:58.621+0000][info][gc,phases   ] GC(175)   Merge Heap Roots: 0.5ms
[2024-08-28T01:09:58.621+0000][info][gc,phases   ] GC(175)   Evacuate Collection Set: 14.9ms
[2024-08-28T01:09:58.621+0000][info][gc,phases   ] GC(175)   Post Evacuate Collection Set: 0.5ms
[2024-08-28T01:09:58.621+0000][info][gc,phases   ] GC(175)   Other: 0.2ms
[2024-08-28T01:09:58.621+0000][info][gc,heap     ] GC(175) Eden regions: 83->0(89)
[2024-08-28T01:09:58.621+0000][info][gc,heap     ] GC(175) Survivor regions: 19->13(13)
[2024-08-28T01:09:58.621+0000][info][gc,heap     ] GC(175) Old regions: 1541->1514
[2024-08-28T01:09:58.621+0000][info][gc,heap     ] GC(175) Archive regions: 2->2
[2024-08-28T01:09:58.621+0000][info][gc,heap     ] GC(175) Humongous regions: 5->5
[2024-08-28T01:09:58.621+0000][info][gc,metaspace] GC(175) Metaspace: 100K(320K)->100K(320K) NonClass: 96K(192K)->96K(192K) Class: 4K(128K)->4K(128K)
[2024-08-28T01:09:58.621+0000][info][gc          ] GC(175) Pause Young (Mixed) (G1 Evacuation Pause) 1648M->1532M(2048M) 16.647ms
[2024-08-28T01:09:58.621+0000][info][gc,cpu      ] GC(175) User=0.74s Sys=0.01s Real=0.02s
[2024-08-28T01:09:58.668+0000][info][gc,start    ] GC(176) Pause Young (Mixed) (G1 Evacuation Pause)
[2024-08-28T01:09:58.668+0000][info][gc,task     ] GC(176) Using 49 workers of 68 for evacuation
[2024-08-28T01:09:58.683+0000][info][gc,phases   ] GC(176)   Pre Evacuate Collection Set: 0.4ms
[2024-08-28T01:09:58.683+0000][info][gc,phases   ] GC(176)   Merge Heap Roots: 0.8ms
[2024-08-28T01:09:58.683+0000][info][gc,phases   ] GC(176)   Evacuate Collection Set: 14.0ms
[2024-08-28T01:09:58.683+0000][info][gc,phases   ] GC(176)   Post Evacuate Collection Set: 0.5ms
[2024-08-28T01:09:58.684+0000][info][gc,phases   ] GC(176)   Other: 0.2ms
[2024-08-28T01:09:58.684+0000][info][gc,heap     ] GC(176) Eden regions: 89->0(89)
[2024-08-28T01:09:58.684+0000][info][gc,heap     ] GC(176) Survivor regions: 13->13(13)
[2024-08-28T01:09:58.684+0000][info][gc,heap     ] GC(176) Old regions: 1514->1486
[2024-08-28T01:09:58.684+0000][info][gc,heap     ] GC(176) Archive regions: 2->2
[2024-08-28T01:09:58.684+0000][info][gc,heap     ] GC(176) Humongous regions: 5->5
[2024-08-28T01:09:58.684+0000][info][gc,metaspace] GC(176) Metaspace: 100K(320K)->100K(320K) NonClass: 96K(192K)->96K(192K) Class: 4K(128K)->4K(128K)
[2024-08-28T01:09:58.684+0000][info][gc          ] GC(176) Pause Young (Mixed) (G1 Evacuation Pause) 1621M->1504M(2048M) 16.019ms
[2024-08-28T01:09:58.684+0000][info][gc,cpu      ] GC(176) User=0.71s Sys=0.00s Real=0.02s
[2024-08-28T01:09:58.730+0000][info][gc,start    ] GC(177) Pause Young (Mixed) (G1 Evacuation Pause)
[2024-08-28T01:09:58.730+0000][info][gc,task     ] GC(177) Using 49 workers of 68 for evacuation
[2024-08-28T01:09:58.745+0000][info][gc,phases   ] GC(177)   Pre Evacuate Collection Set: 0.3ms
[2024-08-28T01:09:58.745+0000][info][gc,phases   ] GC(177)   Merge Heap Roots: 0.5ms
[2024-08-28T01:09:58.745+0000][info][gc,phases   ] GC(177)   Evacuate Collection Set: 13.7ms
[2024-08-28T01:09:58.745+0000][info][gc,phases   ] GC(177)   Post Evacuate Collection Set: 0.5ms
[2024-08-28T01:09:58.745+0000][info][gc,phases   ] GC(177)   Other: 0.3ms
[2024-08-28T01:09:58.745+0000][info][gc,heap     ] GC(177) Eden regions: 89->0(89)
[2024-08-28T01:09:58.745+0000][info][gc,heap     ] GC(177) Survivor regions: 13->13(13)
[2024-08-28T01:09:58.745+0000][info][gc,heap     ] GC(177) Old regions: 1486->1456
[2024-08-28T01:09:58.745+0000][info][gc,heap     ] GC(177) Archive regions: 2->2
[2024-08-28T01:09:58.745+0000][info][gc,heap     ] GC(177) Humongous regions: 5->5
[2024-08-28T01:09:58.745+0000][info][gc,metaspace] GC(177) Metaspace: 100K(320K)->100K(320K) NonClass: 96K(192K)->96K(192K) Class: 4K(128K)->4K(128K)
[2024-08-28T01:09:58.745+0000][info][gc          ] GC(177) Pause Young (Mixed) (G1 Evacuation Pause) 1593M->1474M(2048M) 15.364ms
[2024-08-28T01:09:58.745+0000][info][gc,cpu      ] GC(177) User=0.68s Sys=0.01s Real=0.01s
[2024-08-28T01:09:58.792+0000][info][gc,start    ] GC(178) Pause Young (Mixed) (G1 Evacuation Pause)
[2024-08-28T01:09:58.792+0000][info][gc,task     ] GC(178) Using 49 workers of 68 for evacuation
[2024-08-28T01:09:58.808+0000][info][gc,phases   ] GC(178)   Pre Evacuate Collection Set: 0.3ms
[2024-08-28T01:09:58.808+0000][info][gc,phases   ] GC(178)   Merge Heap Roots: 0.7ms
[2024-08-28T01:09:58.808+0000][info][gc,phases   ] GC(178)   Evacuate Collection Set: 14.4ms
[2024-08-28T01:09:58.808+0000][info][gc,phases   ] GC(178)   Post Evacuate Collection Set: 0.5ms
[2024-08-28T01:09:58.808+0000][info][gc,phases   ] GC(178)   Other: 0.3ms
[2024-08-28T01:09:58.808+0000][info][gc,heap     ] GC(178) Eden regions: 89->0(89)
[2024-08-28T01:09:58.808+0000][info][gc,heap     ] GC(178) Survivor regions: 13->13(13)
[2024-08-28T01:09:58.808+0000][info][gc,heap     ] GC(178) Old regions: 1456->1428
[2024-08-28T01:09:58.808+0000][info][gc,heap     ] GC(178) Archive regions: 2->2
[2024-08-28T01:09:58.808+0000][info][gc,heap     ] GC(178) Humongous regions: 5->5
[2024-08-28T01:09:58.808+0000][info][gc,metaspace] GC(178) Metaspace: 100K(320K)->100K(320K) NonClass: 96K(192K)->96K(192K) Class: 4K(128K)->4K(128K)
[2024-08-28T01:09:58.808+0000][info][gc          ] GC(178) Pause Young (Mixed) (G1 Evacuation Pause) 1563M->1446M(2048M) 16.289ms
[2024-08-28T01:09:58.808+0000][info][gc,cpu      ] GC(178) User=0.74s Sys=0.00s Real=0.01s
[2024-08-28T01:09:58.852+0000][info][gc,start    ] GC(179) Pause Young (Mixed) (G1 Evacuation Pause)
[2024-08-28T01:09:58.852+0000][info][gc,task     ] GC(179) Using 49 workers of 68 for evacuation
[2024-08-28T01:09:58.869+0000][info][gc,phases   ] GC(179)   Pre Evacuate Collection Set: 0.3ms
[2024-08-28T01:09:58.869+0000][info][gc,phases   ] GC(179)   Merge Heap Roots: 0.5ms
[2024-08-28T01:09:58.869+0000][info][gc,phases   ] GC(179)   Evacuate Collection Set: 14.8ms
[2024-08-28T01:09:58.869+0000][info][gc,phases   ] GC(179)   Post Evacuate Collection Set: 0.5ms
[2024-08-28T01:09:58.869+0000][info][gc,phases   ] GC(179)   Other: 0.2ms
[2024-08-28T01:09:58.869+0000][info][gc,heap     ] GC(179) Eden regions: 89->0(89)
[2024-08-28T01:09:58.869+0000][info][gc,heap     ] GC(179) Survivor regions: 13->13(13)
[2024-08-28T01:09:58.869+0000][info][gc,heap     ] GC(179) Old regions: 1428->1399
[2024-08-28T01:09:58.869+0000][info][gc,heap     ] GC(179) Archive regions: 2->2
[2024-08-28T01:09:58.869+0000][info][gc,heap     ] GC(179) Humongous regions: 5->5
[2024-08-28T01:09:58.869+0000][info][gc,metaspace] GC(179) Metaspace: 100K(320K)->100K(320K) NonClass: 96K(192K)->96K(192K) Class: 4K(128K)->4K(128K)
[2024-08-28T01:09:58.869+0000][info][gc          ] GC(179) Pause Young (Mixed) (G1 Evacuation Pause) 1535M->1417M(2048M) 16.470ms
[2024-08-28T01:09:58.869+0000][info][gc,cpu      ] GC(179) User=0.74s Sys=0.00s Real=0.01s
[2024-08-28T01:09:58.914+0000][info][gc,start    ] GC(180) Pause Young (Mixed) (G1 Evacuation Pause)
[2024-08-28T01:09:58.914+0000][info][gc,task     ] GC(180) Using 49 workers of 68 for evacuation
[2024-08-28T01:09:58.931+0000][info][gc,phases   ] GC(180)   Pre Evacuate Collection Set: 0.4ms
[2024-08-28T01:09:58.931+0000][info][gc,phases   ] GC(180)   Merge Heap Roots: 0.8ms
[2024-08-28T01:09:58.931+0000][info][gc,phases   ] GC(180)   Evacuate Collection Set: 14.6ms
[2024-08-28T01:09:58.931+0000][info][gc,phases   ] GC(180)   Post Evacuate Collection Set: 0.5ms
[2024-08-28T01:09:58.931+0000][info][gc,phases   ] GC(180)   Other: 1.0ms
[2024-08-28T01:09:58.931+0000][info][gc,heap     ] GC(180) Eden regions: 89->0(89)
[2024-08-28T01:09:58.931+0000][info][gc,heap     ] GC(180) Survivor regions: 13->13(13)
[2024-08-28T01:09:58.931+0000][info][gc,heap     ] GC(180) Old regions: 1399->1369
[2024-08-28T01:09:58.931+0000][info][gc,heap     ] GC(180) Archive regions: 2->2
[2024-08-28T01:09:58.931+0000][info][gc,heap     ] GC(180) Humongous regions: 5->5
[2024-08-28T01:09:58.931+0000][info][gc,metaspace] GC(180) Metaspace: 100K(320K)->100K(320K) NonClass: 96K(192K)->96K(192K) Class: 4K(128K)->4K(128K)
[2024-08-28T01:09:58.931+0000][info][gc          ] GC(180) Pause Young (Mixed) (G1 Evacuation Pause) 1506M->1387M(2048M) 17.424ms
[2024-08-28T01:09:58.931+0000][info][gc,cpu      ] GC(180) User=0.74s Sys=0.00s Real=0.02s
[2024-08-28T01:09:58.976+0000][info][gc,start    ] GC(181) Pause Young (Mixed) (G1 Evacuation Pause)
[2024-08-28T01:09:58.976+0000][info][gc,task     ] GC(181) Using 49 workers of 68 for evacuation
[2024-08-28T01:09:58.992+0000][info][gc,phases   ] GC(181)   Pre Evacuate Collection Set: 0.3ms
[2024-08-28T01:09:58.992+0000][info][gc,phases   ] GC(181)   Merge Heap Roots: 0.4ms
[2024-08-28T01:09:58.992+0000][info][gc,phases   ] GC(181)   Evacuate Collection Set: 14.5ms
[2024-08-28T01:09:58.992+0000][info][gc,phases   ] GC(181)   Post Evacuate Collection Set: 0.5ms
[2024-08-28T01:09:58.992+0000][info][gc,phases   ] GC(181)   Other: 0.2ms
[2024-08-28T01:09:58.992+0000][info][gc,heap     ] GC(181) Eden regions: 89->0(128)
[2024-08-28T01:09:58.992+0000][info][gc,heap     ] GC(181) Survivor regions: 13->13(13)
[2024-08-28T01:09:58.992+0000][info][gc,heap     ] GC(181) Old regions: 1369->1421
[2024-08-28T01:09:58.992+0000][info][gc,heap     ] GC(181) Archive regions: 2->2
[2024-08-28T01:09:58.992+0000][info][gc,heap     ] GC(181) Humongous regions: 5->5
[2024-08-28T01:09:58.992+0000][info][gc,metaspace] GC(181) Metaspace: 100K(320K)->100K(320K) NonClass: 96K(192K)->96K(192K) Class: 4K(128K)->4K(128K)
[2024-08-28T01:09:58.992+0000][info][gc          ] GC(181) Pause Young (Mixed) (G1 Evacuation Pause) 1476M->1439M(2048M) 16.072ms
[2024-08-28T01:09:58.992+0000][info][gc,cpu      ] GC(181) User=0.72s Sys=0.00s Real=0.02s
[2024-08-28T01:09:59.057+0000][info][gc,start    ] GC(182) Pause Young (Concurrent Start) (G1 Evacuation Pause)
[2024-08-28T01:09:59.057+0000][info][gc,task     ] GC(182) Using 49 workers of 68 for evacuation
[2024-08-28T01:09:59.078+0000][info][gc,phases   ] GC(182)   Pre Evacuate Collection Set: 0.4ms
[2024-08-28T01:09:59.078+0000][info][gc,phases   ] GC(182)   Merge Heap Roots: 0.5ms
[2024-08-28T01:09:59.078+0000][info][gc,phases   ] GC(182)   Evacuate Collection Set: 19.0ms
[2024-08-28T01:09:59.078+0000][info][gc,phases   ] GC(182)   Post Evacuate Collection Set: 0.5ms
[2024-08-28T01:09:59.078+0000][info][gc,phases   ] GC(182)   Other: 0.6ms
[2024-08-28T01:09:59.078+0000][info][gc,heap     ] GC(182) Eden regions: 128->0(86)
[2024-08-28T01:09:59.078+0000][info][gc,heap     ] GC(182) Survivor regions: 13->18(18)
[2024-08-28T01:09:59.078+0000][info][gc,heap     ] GC(182) Old regions: 1421->1546
[2024-08-28T01:09:59.078+0000][info][gc,heap     ] GC(182) Archive regions: 2->2
[2024-08-28T01:09:59.078+0000][info][gc,heap     ] GC(182) Humongous regions: 5->5
[2024-08-28T01:09:59.078+0000][info][gc,metaspace] GC(182) Metaspace: 100K(320K)->100K(320K) NonClass: 96K(192K)->96K(192K) Class: 4K(128K)->4K(128K)
[2024-08-28T01:09:59.078+0000][info][gc          ] GC(182) Pause Young (Concurrent Start) (G1 Evacuation Pause) 1567M->1569M(2048M) 21.049ms
[2024-08-28T01:09:59.078+0000][info][gc,cpu      ] GC(182) User=0.94s Sys=0.01s Real=0.03s
[2024-08-28T01:09:59.078+0000][info][gc          ] GC(183) Concurrent Mark Cycle
[2024-08-28T01:09:59.078+0000][info][gc,marking  ] GC(183) Concurrent Clear Claimed Marks
[2024-08-28T01:09:59.078+0000][info][gc,marking  ] GC(183) Concurrent Clear Claimed Marks 0.011ms
[2024-08-28T01:09:59.078+0000][info][gc,marking  ] GC(183) Concurrent Scan Root Regions
[2024-08-28T01:09:59.082+0000][info][gc,marking  ] GC(183) Concurrent Scan Root Regions 3.707ms
[2024-08-28T01:09:59.082+0000][info][gc,marking  ] GC(183) Concurrent Mark
[2024-08-28T01:09:59.082+0000][info][gc,marking  ] GC(183) Concurrent Mark From Roots
[2024-08-28T01:09:59.082+0000][info][gc,task     ] GC(183) Using 17 workers of 17 for marking
[2024-08-28T01:09:59.102+0000][info][gc,marking  ] GC(183) Concurrent Mark From Roots 20.409ms
[2024-08-28T01:09:59.102+0000][info][gc,marking  ] GC(183) Concurrent Preclean
[2024-08-28T01:09:59.103+0000][info][gc,marking  ] GC(183) Concurrent Preclean 0.503ms
[2024-08-28T01:09:59.103+0000][info][gc,start    ] GC(183) Pause Remark
[2024-08-28T01:09:59.105+0000][info][gc          ] GC(183) Pause Remark 1604M->1396M(2048M) 1.871ms
[2024-08-28T01:09:59.105+0000][info][gc,cpu      ] GC(183) User=0.01s Sys=0.00s Real=0.00s
[2024-08-28T01:09:59.105+0000][info][gc,marking  ] GC(183) Concurrent Mark 23.203ms
[2024-08-28T01:09:59.105+0000][info][gc,marking  ] GC(183) Concurrent Rebuild Remembered Sets
[2024-08-28T01:09:59.132+0000][info][gc,start    ] GC(184) Pause Young (Normal) (G1 Evacuation Pause)
[2024-08-28T01:09:59.132+0000][info][gc,task     ] GC(184) Using 49 workers of 68 for evacuation
[2024-08-28T01:09:59.149+0000][info][gc,phases   ] GC(184)   Pre Evacuate Collection Set: 0.3ms
[2024-08-28T01:09:59.149+0000][info][gc,phases   ] GC(184)   Merge Heap Roots: 0.8ms
[2024-08-28T01:09:59.149+0000][info][gc,phases   ] GC(184)   Evacuate Collection Set: 15.2ms
[2024-08-28T01:09:59.149+0000][info][gc,phases   ] GC(184)   Post Evacuate Collection Set: 0.8ms
[2024-08-28T01:09:59.149+0000][info][gc,phases   ] GC(184)   Other: 0.2ms
[2024-08-28T01:09:59.149+0000][info][gc,heap     ] GC(184) Eden regions: 86->0(124)
[2024-08-28T01:09:59.149+0000][info][gc,heap     ] GC(184) Survivor regions: 18->13(13)
[2024-08-28T01:09:59.149+0000][info][gc,heap     ] GC(184) Old regions: 1338->1434
[2024-08-28T01:09:59.149+0000][info][gc,heap     ] GC(184) Archive regions: 2->2
[2024-08-28T01:09:59.149+0000][info][gc,heap     ] GC(184) Humongous regions: 5->5
[2024-08-28T01:09:59.149+0000][info][gc,metaspace] GC(184) Metaspace: 100K(320K)->100K(320K) NonClass: 96K(192K)->96K(192K) Class: 4K(128K)->4K(128K)
[2024-08-28T01:09:59.149+0000][info][gc          ] GC(184) Pause Young (Normal) (G1 Evacuation Pause) 1447M->1452M(2048M) 17.354ms
[2024-08-28T01:09:59.149+0000][info][gc,cpu      ] GC(184) User=0.78s Sys=0.00s Real=0.01s
[2024-08-28T01:09:59.171+0000][info][gc,marking  ] GC(183) Concurrent Rebuild Remembered Sets 66.174ms
[2024-08-28T01:09:59.171+0000][info][gc,start    ] GC(183) Pause Cleanup
[2024-08-28T01:09:59.174+0000][info][gc          ] GC(183) Pause Cleanup 1493M->1493M(2048M) 2.490ms
[2024-08-28T01:09:59.174+0000][info][gc,cpu      ] GC(183) User=0.01s Sys=0.00s Real=0.00s
[2024-08-28T01:09:59.174+0000][info][gc,marking  ] GC(183) Concurrent Cleanup for Next Mark
[2024-08-28T01:09:59.175+0000][info][gc,marking  ] GC(183) Concurrent Cleanup for Next Mark 1.408ms
[2024-08-28T01:09:59.175+0000][info][gc          ] GC(183) Concurrent Mark Cycle 97.580ms
[2024-08-28T01:09:59.218+0000][info][gc,start    ] GC(185) Pause Young (Prepare Mixed) (G1 Evacuation Pause)
[2024-08-28T01:09:59.218+0000][info][gc,task     ] GC(185) Using 49 workers of 68 for evacuation
[2024-08-28T01:09:59.242+0000][info][gc,phases   ] GC(185)   Pre Evacuate Collection Set: 0.4ms
[2024-08-28T01:09:59.242+0000][info][gc,phases   ] GC(185)   Merge Heap Roots: 1.2ms
[2024-08-28T01:09:59.242+0000][info][gc,phases   ] GC(185)   Evacuate Collection Set: 21.9ms
[2024-08-28T01:09:59.242+0000][info][gc,phases   ] GC(185)   Post Evacuate Collection Set: 0.5ms
[2024-08-28T01:09:59.242+0000][info][gc,phases   ] GC(185)   Other: 0.2ms
[2024-08-28T01:09:59.242+0000][info][gc,heap     ] GC(185) Eden regions: 124->0(84)
[2024-08-28T01:09:59.242+0000][info][gc,heap     ] GC(185) Survivor regions: 13->18(18)
[2024-08-28T01:09:59.242+0000][info][gc,heap     ] GC(185) Old regions: 1434->1555
[2024-08-28T01:09:59.242+0000][info][gc,heap     ] GC(185) Archive regions: 2->2
[2024-08-28T01:09:59.242+0000][info][gc,heap     ] GC(185) Humongous regions: 5->5
[2024-08-28T01:09:59.242+0000][info][gc,metaspace] GC(185) Metaspace: 100K(320K)->100K(320K) NonClass: 96K(192K)->96K(192K) Class: 4K(128K)->4K(128K)
[2024-08-28T01:09:59.242+0000][info][gc          ] GC(185) Pause Young (Prepare Mixed) (G1 Evacuation Pause) 1576M->1578M(2048M) 24.291ms
[2024-08-28T01:09:59.242+0000][info][gc,cpu      ] GC(185) User=1.07s Sys=0.02s Real=0.02s
[2024-08-28T01:09:59.292+0000][info][gc,start    ] GC(186) Pause Young (Mixed) (G1 Evacuation Pause)
[2024-08-28T01:09:59.292+0000][info][gc,task     ] GC(186) Using 49 workers of 68 for evacuation
[2024-08-28T01:09:59.308+0000][info][gc,phases   ] GC(186)   Pre Evacuate Collection Set: 0.4ms
[2024-08-28T01:09:59.308+0000][info][gc,phases   ] GC(186)   Merge Heap Roots: 0.4ms
[2024-08-28T01:09:59.308+0000][info][gc,phases   ] GC(186)   Evacuate Collection Set: 14.8ms
[2024-08-28T01:09:59.308+0000][info][gc,phases   ] GC(186)   Post Evacuate Collection Set: 0.5ms
[2024-08-28T01:09:59.308+0000][info][gc,phases   ] GC(186)   Other: 0.2ms
[2024-08-28T01:09:59.308+0000][info][gc,heap     ] GC(186) Eden regions: 84->0(89)
[2024-08-28T01:09:59.308+0000][info][gc,heap     ] GC(186) Survivor regions: 18->13(13)
[2024-08-28T01:09:59.308+0000][info][gc,heap     ] GC(186) Old regions: 1555->1527
[2024-08-28T01:09:59.308+0000][info][gc,heap     ] GC(186) Archive regions: 2->2
[2024-08-28T01:09:59.308+0000][info][gc,heap     ] GC(186) Humongous regions: 5->5
[2024-08-28T01:09:59.308+0000][info][gc,metaspace] GC(186) Metaspace: 100K(320K)->100K(320K) NonClass: 96K(192K)->96K(192K) Class: 4K(128K)->4K(128K)
[2024-08-28T01:09:59.308+0000][info][gc          ] GC(186) Pause Young (Mixed) (G1 Evacuation Pause) 1662M->1545M(2048M) 16.351ms
[2024-08-28T01:09:59.308+0000][info][gc,cpu      ] GC(186) User=0.74s Sys=0.00s Real=0.01s
[2024-08-28T01:09:59.359+0000][info][gc,start    ] GC(187) Pause Young (Mixed) (G1 Evacuation Pause)
[2024-08-28T01:09:59.359+0000][info][gc,task     ] GC(187) Using 49 workers of 68 for evacuation
[2024-08-28T01:09:59.375+0000][info][gc,phases   ] GC(187)   Pre Evacuate Collection Set: 0.4ms
[2024-08-28T01:09:59.375+0000][info][gc,phases   ] GC(187)   Merge Heap Roots: 0.5ms
[2024-08-28T01:09:59.375+0000][info][gc,phases   ] GC(187)   Evacuate Collection Set: 13.9ms
[2024-08-28T01:09:59.375+0000][info][gc,phases   ] GC(187)   Post Evacuate Collection Set: 0.5ms
[2024-08-28T01:09:59.375+0000][info][gc,phases   ] GC(187)   Other: 0.2ms
[2024-08-28T01:09:59.375+0000][info][gc,heap     ] GC(187) Eden regions: 89->0(89)
[2024-08-28T01:09:59.375+0000][info][gc,heap     ] GC(187) Survivor regions: 13->13(13)
[2024-08-28T01:09:59.375+0000][info][gc,heap     ] GC(187) Old regions: 1527->1497
[2024-08-28T01:09:59.375+0000][info][gc,heap     ] GC(187) Archive regions: 2->2
[2024-08-28T01:09:59.375+0000][info][gc,heap     ] GC(187) Humongous regions: 5->5
[2024-08-28T01:09:59.375+0000][info][gc,metaspace] GC(187) Metaspace: 100K(320K)->100K(320K) NonClass: 96K(192K)->96K(192K) Class: 4K(128K)->4K(128K)
[2024-08-28T01:09:59.375+0000][info][gc          ] GC(187) Pause Young (Mixed) (G1 Evacuation Pause) 1634M->1515M(2048M) 15.586ms
[2024-08-28T01:09:59.375+0000][info][gc,cpu      ] GC(187) User=0.71s Sys=0.00s Real=0.01s
[2024-08-28T01:09:59.426+0000][info][gc,start    ] GC(188) Pause Young (Mixed) (G1 Evacuation Pause)
[2024-08-28T01:09:59.426+0000][info][gc,task     ] GC(188) Using 49 workers of 68 for evacuation
[2024-08-28T01:09:59.441+0000][info][gc,phases   ] GC(188)   Pre Evacuate Collection Set: 0.4ms
[2024-08-28T01:09:59.441+0000][info][gc,phases   ] GC(188)   Merge Heap Roots: 0.4ms
[2024-08-28T01:09:59.441+0000][info][gc,phases   ] GC(188)   Evacuate Collection Set: 13.3ms
[2024-08-28T01:09:59.441+0000][info][gc,phases   ] GC(188)   Post Evacuate Collection Set: 0.5ms
[2024-08-28T01:09:59.441+0000][info][gc,phases   ] GC(188)   Other: 0.3ms
[2024-08-28T01:09:59.441+0000][info][gc,heap     ] GC(188) Eden regions: 89->0(89)
[2024-08-28T01:09:59.441+0000][info][gc,heap     ] GC(188) Survivor regions: 13->13(13)
[2024-08-28T01:09:59.441+0000][info][gc,heap     ] GC(188) Old regions: 1497->1468
[2024-08-28T01:09:59.441+0000][info][gc,heap     ] GC(188) Archive regions: 2->2
[2024-08-28T01:09:59.441+0000][info][gc,heap     ] GC(188) Humongous regions: 5->5
[2024-08-28T01:09:59.441+0000][info][gc,metaspace] GC(188) Metaspace: 100K(320K)->100K(320K) NonClass: 96K(192K)->96K(192K) Class: 4K(128K)->4K(128K)
[2024-08-28T01:09:59.441+0000][info][gc          ] GC(188) Pause Young (Mixed) (G1 Evacuation Pause) 1604M->1486M(2048M) 14.955ms
[2024-08-28T01:09:59.441+0000][info][gc,cpu      ] GC(188) User=0.67s Sys=0.00s Real=0.02s
[2024-08-28T01:09:59.492+0000][info][gc,start    ] GC(189) Pause Young (Mixed) (G1 Evacuation Pause)
[2024-08-28T01:09:59.492+0000][info][gc,task     ] GC(189) Using 49 workers of 68 for evacuation
[2024-08-28T01:09:59.507+0000][info][gc,phases   ] GC(189)   Pre Evacuate Collection Set: 0.4ms
[2024-08-28T01:09:59.507+0000][info][gc,phases   ] GC(189)   Merge Heap Roots: 0.5ms
[2024-08-28T01:09:59.507+0000][info][gc,phases   ] GC(189)   Evacuate Collection Set: 13.2ms
[2024-08-28T01:09:59.507+0000][info][gc,phases   ] GC(189)   Post Evacuate Collection Set: 0.5ms
[2024-08-28T01:09:59.507+0000][info][gc,phases   ] GC(189)   Other: 0.2ms
[2024-08-28T01:09:59.507+0000][info][gc,heap     ] GC(189) Eden regions: 89->0(89)
[2024-08-28T01:09:59.507+0000][info][gc,heap     ] GC(189) Survivor regions: 13->13(13)
[2024-08-28T01:09:59.507+0000][info][gc,heap     ] GC(189) Old regions: 1468->1438
[2024-08-28T01:09:59.507+0000][info][gc,heap     ] GC(189) Archive regions: 2->2
[2024-08-28T01:09:59.507+0000][info][gc,heap     ] GC(189) Humongous regions: 5->5
[2024-08-28T01:09:59.507+0000][info][gc,metaspace] GC(189) Metaspace: 100K(320K)->100K(320K) NonClass: 96K(192K)->96K(192K) Class: 4K(128K)->4K(128K)
[2024-08-28T01:09:59.507+0000][info][gc          ] GC(189) Pause Young (Mixed) (G1 Evacuation Pause) 1575M->1456M(2048M) 14.968ms
[2024-08-28T01:09:59.507+0000][info][gc,cpu      ] GC(189) User=0.67s Sys=0.00s Real=0.01s
[2024-08-28T01:09:59.557+0000][info][gc,start    ] GC(190) Pause Young (Mixed) (G1 Evacuation Pause)
[2024-08-28T01:09:59.557+0000][info][gc,task     ] GC(190) Using 49 workers of 68 for evacuation
[2024-08-28T01:09:59.571+0000][info][gc,phases   ] GC(190)   Pre Evacuate Collection Set: 0.4ms
[2024-08-28T01:09:59.571+0000][info][gc,phases   ] GC(190)   Merge Heap Roots: 0.5ms
[2024-08-28T01:09:59.571+0000][info][gc,phases   ] GC(190)   Evacuate Collection Set: 13.3ms
[2024-08-28T01:09:59.571+0000][info][gc,phases   ] GC(190)   Post Evacuate Collection Set: 0.5ms
[2024-08-28T01:09:59.571+0000][info][gc,phases   ] GC(190)   Other: 0.2ms
[2024-08-28T01:09:59.572+0000][info][gc,heap     ] GC(190) Eden regions: 89->0(89)
[2024-08-28T01:09:59.572+0000][info][gc,heap     ] GC(190) Survivor regions: 13->13(13)
[2024-08-28T01:09:59.572+0000][info][gc,heap     ] GC(190) Old regions: 1438->1409
[2024-08-28T01:09:59.572+0000][info][gc,heap     ] GC(190) Archive regions: 2->2
[2024-08-28T01:09:59.572+0000][info][gc,heap     ] GC(190) Humongous regions: 5->5
[2024-08-28T01:09:59.572+0000][info][gc,metaspace] GC(190) Metaspace: 100K(320K)->100K(320K) NonClass: 96K(192K)->96K(192K) Class: 4K(128K)->4K(128K)
[2024-08-28T01:09:59.572+0000][info][gc          ] GC(190) Pause Young (Mixed) (G1 Evacuation Pause) 1545M->1427M(2048M) 15.002ms
[2024-08-28T01:09:59.572+0000][info][gc,cpu      ] GC(190) User=0.66s Sys=0.00s Real=0.02s
[2024-08-28T01:09:59.622+0000][info][gc,start    ] GC(191) Pause Young (Mixed) (G1 Evacuation Pause)
[2024-08-28T01:09:59.622+0000][info][gc,task     ] GC(191) Using 49 workers of 68 for evacuation
[2024-08-28T01:09:59.638+0000][info][gc,phases   ] GC(191)   Pre Evacuate Collection Set: 0.5ms
[2024-08-28T01:09:59.638+0000][info][gc,phases   ] GC(191)   Merge Heap Roots: 0.6ms
[2024-08-28T01:09:59.638+0000][info][gc,phases   ] GC(191)   Evacuate Collection Set: 13.8ms
[2024-08-28T01:09:59.638+0000][info][gc,phases   ] GC(191)   Post Evacuate Collection Set: 0.6ms
[2024-08-28T01:09:59.638+0000][info][gc,phases   ] GC(191)   Other: 0.2ms
[2024-08-28T01:09:59.638+0000][info][gc,heap     ] GC(191) Eden regions: 89->0(89)
[2024-08-28T01:09:59.638+0000][info][gc,heap     ] GC(191) Survivor regions: 13->13(13)
[2024-08-28T01:09:59.638+0000][info][gc,heap     ] GC(191) Old regions: 1409->1379
[2024-08-28T01:09:59.638+0000][info][gc,heap     ] GC(191) Archive regions: 2->2
[2024-08-28T01:09:59.638+0000][info][gc,heap     ] GC(191) Humongous regions: 5->5
[2024-08-28T01:09:59.638+0000][info][gc,metaspace] GC(191) Metaspace: 100K(320K)->100K(320K) NonClass: 96K(192K)->96K(192K) Class: 4K(128K)->4K(128K)
[2024-08-28T01:09:59.638+0000][info][gc          ] GC(191) Pause Young (Mixed) (G1 Evacuation Pause) 1516M->1397M(2048M) 15.782ms
[2024-08-28T01:09:59.638+0000][info][gc,cpu      ] GC(191) User=0.68s Sys=0.00s Real=0.02s
[2024-08-28T01:09:59.689+0000][info][gc,start    ] GC(192) Pause Young (Mixed) (G1 Evacuation Pause)
[2024-08-28T01:09:59.689+0000][info][gc,task     ] GC(192) Using 49 workers of 68 for evacuation
[2024-08-28T01:09:59.704+0000][info][gc,phases   ] GC(192)   Pre Evacuate Collection Set: 0.4ms
[2024-08-28T01:09:59.704+0000][info][gc,phases   ] GC(192)   Merge Heap Roots: 0.5ms
[2024-08-28T01:09:59.704+0000][info][gc,phases   ] GC(192)   Evacuate Collection Set: 13.5ms
[2024-08-28T01:09:59.704+0000][info][gc,phases   ] GC(192)   Post Evacuate Collection Set: 0.5ms
[2024-08-28T01:09:59.704+0000][info][gc,phases   ] GC(192)   Other: 0.2ms
[2024-08-28T01:09:59.704+0000][info][gc,heap     ] GC(192) Eden regions: 89->0(133)
[2024-08-28T01:09:59.704+0000][info][gc,heap     ] GC(192) Survivor regions: 13->13(13)
[2024-08-28T01:09:59.704+0000][info][gc,heap     ] GC(192) Old regions: 1379->1405
[2024-08-28T01:09:59.704+0000][info][gc,heap     ] GC(192) Archive regions: 2->2
[2024-08-28T01:09:59.704+0000][info][gc,heap     ] GC(192) Humongous regions: 5->5
[2024-08-28T01:09:59.704+0000][info][gc,metaspace] GC(192) Metaspace: 100K(320K)->100K(320K) NonClass: 96K(192K)->96K(192K) Class: 4K(128K)->4K(128K)
[2024-08-28T01:09:59.704+0000][info][gc          ] GC(192) Pause Young (Mixed) (G1 Evacuation Pause) 1486M->1423M(2048M) 15.181ms
[2024-08-28T01:09:59.704+0000][info][gc,cpu      ] GC(192) User=0.67s Sys=0.00s Real=0.02s
[2024-08-28T01:09:59.780+0000][info][gc,start    ] GC(193) Pause Young (Concurrent Start) (G1 Evacuation Pause)
[2024-08-28T01:09:59.780+0000][info][gc,task     ] GC(193) Using 49 workers of 68 for evacuation
[2024-08-28T01:09:59.800+0000][info][gc,phases   ] GC(193)   Pre Evacuate Collection Set: 0.3ms
[2024-08-28T01:09:59.801+0000][info][gc,phases   ] GC(193)   Merge Heap Roots: 0.5ms
[2024-08-28T01:09:59.801+0000][info][gc,phases   ] GC(193)   Evacuate Collection Set: 18.7ms
[2024-08-28T01:09:59.801+0000][info][gc,phases   ] GC(193)   Post Evacuate Collection Set: 0.5ms
[2024-08-28T01:09:59.801+0000][info][gc,phases   ] GC(193)   Other: 0.7ms
[2024-08-28T01:09:59.801+0000][info][gc,heap     ] GC(193) Eden regions: 133->0(90)
[2024-08-28T01:09:59.801+0000][info][gc,heap     ] GC(193) Survivor regions: 13->19(19)
[2024-08-28T01:09:59.801+0000][info][gc,heap     ] GC(193) Old regions: 1405->1534
[2024-08-28T01:09:59.801+0000][info][gc,heap     ] GC(193) Archive regions: 2->2
[2024-08-28T01:09:59.801+0000][info][gc,heap     ] GC(193) Humongous regions: 5->5
[2024-08-28T01:09:59.801+0000][info][gc,metaspace] GC(193) Metaspace: 100K(320K)->100K(320K) NonClass: 96K(192K)->96K(192K) Class: 4K(128K)->4K(128K)
[2024-08-28T01:09:59.801+0000][info][gc          ] GC(193) Pause Young (Concurrent Start) (G1 Evacuation Pause) 1556M->1558M(2048M) 20.847ms
[2024-08-28T01:09:59.801+0000][info][gc,cpu      ] GC(193) User=0.93s Sys=0.00s Real=0.02s
[2024-08-28T01:09:59.801+0000][info][gc          ] GC(194) Concurrent Mark Cycle
[2024-08-28T01:09:59.801+0000][info][gc,marking  ] GC(194) Concurrent Clear Claimed Marks
[2024-08-28T01:09:59.801+0000][info][gc,marking  ] GC(194) Concurrent Clear Claimed Marks 0.012ms
[2024-08-28T01:09:59.801+0000][info][gc,marking  ] GC(194) Concurrent Scan Root Regions
[2024-08-28T01:09:59.805+0000][info][gc,marking  ] GC(194) Concurrent Scan Root Regions 3.732ms
[2024-08-28T01:09:59.805+0000][info][gc,marking  ] GC(194) Concurrent Mark
[2024-08-28T01:09:59.805+0000][info][gc,marking  ] GC(194) Concurrent Mark From Roots
[2024-08-28T01:09:59.805+0000][info][gc,task     ] GC(194) Using 17 workers of 17 for marking
[2024-08-28T01:09:59.823+0000][info][gc,marking  ] GC(194) Concurrent Mark From Roots 18.918ms
[2024-08-28T01:09:59.824+0000][info][gc,marking  ] GC(194) Concurrent Preclean
[2024-08-28T01:09:59.825+0000][info][gc,marking  ] GC(194) Concurrent Preclean 1.327ms
[2024-08-28T01:09:59.825+0000][info][gc,start    ] GC(194) Pause Remark
[2024-08-28T01:09:59.827+0000][info][gc          ] GC(194) Pause Remark 1582M->1385M(2048M) 2.063ms
[2024-08-28T01:09:59.827+0000][info][gc,cpu      ] GC(194) User=0.00s Sys=0.02s Real=0.00s
[2024-08-28T01:09:59.827+0000][info][gc,marking  ] GC(194) Concurrent Mark 22.773ms
[2024-08-28T01:09:59.827+0000][info][gc,marking  ] GC(194) Concurrent Rebuild Remembered Sets
[2024-08-28T01:09:59.877+0000][info][gc,marking  ] GC(194) Concurrent Rebuild Remembered Sets 49.241ms
[2024-08-28T01:09:59.877+0000][info][gc,start    ] GC(194) Pause Cleanup
[2024-08-28T01:09:59.880+0000][info][gc          ] GC(194) Pause Cleanup 1443M->1443M(2048M) 3.076ms
[2024-08-28T01:09:59.880+0000][info][gc,cpu      ] GC(194) User=0.01s Sys=0.00s Real=0.01s
[2024-08-28T01:09:59.880+0000][info][gc,marking  ] GC(194) Concurrent Cleanup for Next Mark
[2024-08-28T01:09:59.882+0000][info][gc,marking  ] GC(194) Concurrent Cleanup for Next Mark 1.459ms
[2024-08-28T01:09:59.882+0000][info][gc          ] GC(194) Concurrent Mark Cycle 80.972ms
[2024-08-28T01:09:59.887+0000][info][gc,start    ] GC(195) Pause Young (Prepare Mixed) (G1 Evacuation Pause)
[2024-08-28T01:09:59.887+0000][info][gc,task     ] GC(195) Using 49 workers of 68 for evacuation
[2024-08-28T01:09:59.903+0000][info][gc,phases   ] GC(195)   Pre Evacuate Collection Set: 0.4ms
[2024-08-28T01:09:59.903+0000][info][gc,phases   ] GC(195)   Merge Heap Roots: 0.6ms
[2024-08-28T01:09:59.903+0000][info][gc,phases   ] GC(195)   Evacuate Collection Set: 14.7ms
[2024-08-28T01:09:59.903+0000][info][gc,phases   ] GC(195)   Post Evacuate Collection Set: 0.5ms
[2024-08-28T01:09:59.903+0000][info][gc,phases   ] GC(195)   Other: 0.2ms
[2024-08-28T01:09:59.903+0000][info][gc,heap     ] GC(195) Eden regions: 90->0(88)
[2024-08-28T01:09:59.903+0000][info][gc,heap     ] GC(195) Survivor regions: 19->14(14)
[2024-08-28T01:09:59.903+0000][info][gc,heap     ] GC(195) Old regions: 1337->1438
[2024-08-28T01:09:59.903+0000][info][gc,heap     ] GC(195) Archive regions: 2->2
[2024-08-28T01:09:59.903+0000][info][gc,heap     ] GC(195) Humongous regions: 5->5
[2024-08-28T01:09:59.903+0000][info][gc,metaspace] GC(195) Metaspace: 100K(320K)->100K(320K) NonClass: 96K(192K)->96K(192K) Class: 4K(128K)->4K(128K)
[2024-08-28T01:09:59.903+0000][info][gc          ] GC(195) Pause Young (Prepare Mixed) (G1 Evacuation Pause) 1451M->1457M(2048M) 16.336ms
[2024-08-28T01:09:59.903+0000][info][gc,cpu      ] GC(195) User=0.73s Sys=0.00s Real=0.02s
[2024-08-28T01:09:59.950+0000][info][gc,start    ] GC(196) Pause Young (Mixed) (G1 Evacuation Pause)
[2024-08-28T01:09:59.951+0000][info][gc,task     ] GC(196) Using 49 workers of 68 for evacuation
[2024-08-28T01:09:59.967+0000][info][gc,phases   ] GC(196)   Pre Evacuate Collection Set: 0.3ms
[2024-08-28T01:09:59.967+0000][info][gc,phases   ] GC(196)   Merge Heap Roots: 0.5ms
[2024-08-28T01:09:59.967+0000][info][gc,phases   ] GC(196)   Evacuate Collection Set: 14.6ms
[2024-08-28T01:09:59.967+0000][info][gc,phases   ] GC(196)   Post Evacuate Collection Set: 0.5ms
[2024-08-28T01:09:59.967+0000][info][gc,phases   ] GC(196)   Other: 0.2ms
[2024-08-28T01:09:59.967+0000][info][gc,heap     ] GC(196) Eden regions: 88->0(89)
[2024-08-28T01:09:59.967+0000][info][gc,heap     ] GC(196) Survivor regions: 14->13(13)
[2024-08-28T01:09:59.967+0000][info][gc,heap     ] GC(196) Old regions: 1438->1408
[2024-08-28T01:09:59.967+0000][info][gc,heap     ] GC(196) Archive regions: 2->2
[2024-08-28T01:09:59.967+0000][info][gc,heap     ] GC(196) Humongous regions: 5->5
[2024-08-28T01:09:59.967+0000][info][gc,metaspace] GC(196) Metaspace: 100K(320K)->100K(320K) NonClass: 96K(192K)->96K(192K) Class: 4K(128K)->4K(128K)
[2024-08-28T01:09:59.967+0000][info][gc          ] GC(196) Pause Young (Mixed) (G1 Evacuation Pause) 1545M->1426M(2048M) 16.292ms
[2024-08-28T01:09:59.967+0000][info][gc,cpu      ] GC(196) User=0.73s Sys=0.00s Real=0.01s
[2024-08-28T01:10:00.017+0000][info][gc,start    ] GC(197) Pause Young (Mixed) (G1 Evacuation Pause)
[2024-08-28T01:10:00.017+0000][info][gc,task     ] GC(197) Using 49 workers of 68 for evacuation
[2024-08-28T01:10:00.033+0000][info][gc,phases   ] GC(197)   Pre Evacuate Collection Set: 0.4ms
[2024-08-28T01:10:00.033+0000][info][gc,phases   ] GC(197)   Merge Heap Roots: 0.5ms
[2024-08-28T01:10:00.033+0000][info][gc,phases   ] GC(197)   Evacuate Collection Set: 14.5ms
[2024-08-28T01:10:00.033+0000][info][gc,phases   ] GC(197)   Post Evacuate Collection Set: 0.5ms
[2024-08-28T01:10:00.033+0000][info][gc,phases   ] GC(197)   Other: 0.2ms
[2024-08-28T01:10:00.033+0000][info][gc,heap     ] GC(197) Eden regions: 89->0(89)
[2024-08-28T01:10:00.033+0000][info][gc,heap     ] GC(197) Survivor regions: 13->13(13)
[2024-08-28T01:10:00.033+0000][info][gc,heap     ] GC(197) Old regions: 1408->1378
[2024-08-28T01:10:00.033+0000][info][gc,heap     ] GC(197) Archive regions: 2->2
[2024-08-28T01:10:00.033+0000][info][gc,heap     ] GC(197) Humongous regions: 5->5
[2024-08-28T01:10:00.033+0000][info][gc,metaspace] GC(197) Metaspace: 100K(320K)->100K(320K) NonClass: 96K(192K)->96K(192K) Class: 4K(128K)->4K(128K)
[2024-08-28T01:10:00.033+0000][info][gc          ] GC(197) Pause Young (Mixed) (G1 Evacuation Pause) 1515M->1396M(2048M) 16.236ms
[2024-08-28T01:10:00.033+0000][info][gc,cpu      ] GC(197) User=0.72s Sys=0.00s Real=0.02s
[2024-08-28T01:10:00.084+0000][info][gc,start    ] GC(198) Pause Young (Mixed) (G1 Evacuation Pause)
[2024-08-28T01:10:00.084+0000][info][gc,task     ] GC(198) Using 49 workers of 68 for evacuation
[2024-08-28T01:10:00.099+0000][info][gc,phases   ] GC(198)   Pre Evacuate Collection Set: 0.4ms
[2024-08-28T01:10:00.099+0000][info][gc,phases   ] GC(198)   Merge Heap Roots: 0.5ms
[2024-08-28T01:10:00.099+0000][info][gc,phases   ] GC(198)   Evacuate Collection Set: 14.2ms
[2024-08-28T01:10:00.099+0000][info][gc,phases   ] GC(198)   Post Evacuate Collection Set: 0.5ms
[2024-08-28T01:10:00.099+0000][info][gc,phases   ] GC(198)   Other: 0.2ms
[2024-08-28T01:10:00.099+0000][info][gc,heap     ] GC(198) Eden regions: 89->0(89)
[2024-08-28T01:10:00.099+0000][info][gc,heap     ] GC(198) Survivor regions: 13->13(13)
[2024-08-28T01:10:00.099+0000][info][gc,heap     ] GC(198) Old regions: 1378->1349
[2024-08-28T01:10:00.099+0000][info][gc,heap     ] GC(198) Archive regions: 2->2
[2024-08-28T01:10:00.099+0000][info][gc,heap     ] GC(198) Humongous regions: 5->5
[2024-08-28T01:10:00.099+0000][info][gc,metaspace] GC(198) Metaspace: 100K(320K)->100K(320K) NonClass: 96K(192K)->96K(192K) Class: 4K(128K)->4K(128K)
[2024-08-28T01:10:00.099+0000][info][gc          ] GC(198) Pause Young (Mixed) (G1 Evacuation Pause) 1485M->1367M(2048M) 15.950ms
[2024-08-28T01:10:00.099+0000][info][gc,cpu      ] GC(198) User=0.71s Sys=0.00s Real=0.02s
[2024-08-28T01:10:00.149+0000][info][gc,start    ] GC(199) Pause Young (Mixed) (G1 Evacuation Pause)
[2024-08-28T01:10:00.149+0000][info][gc,task     ] GC(199) Using 49 workers of 68 for evacuation
[2024-08-28T01:10:00.164+0000][info][gc,phases   ] GC(199)   Pre Evacuate Collection Set: 0.4ms
[2024-08-28T01:10:00.164+0000][info][gc,phases   ] GC(199)   Merge Heap Roots: 0.5ms
[2024-08-28T01:10:00.164+0000][info][gc,phases   ] GC(199)   Evacuate Collection Set: 14.1ms
[2024-08-28T01:10:00.164+0000][info][gc,phases   ] GC(199)   Post Evacuate Collection Set: 0.5ms
[2024-08-28T01:10:00.164+0000][info][gc,phases   ] GC(199)   Other: 0.2ms
[2024-08-28T01:10:00.164+0000][info][gc,heap     ] GC(199) Eden regions: 89->0(89)
[2024-08-28T01:10:00.164+0000][info][gc,heap     ] GC(199) Survivor regions: 13->13(13)
[2024-08-28T01:10:00.164+0000][info][gc,heap     ] GC(199) Old regions: 1349->1320
[2024-08-28T01:10:00.164+0000][info][gc,heap     ] GC(199) Archive regions: 2->2
[2024-08-28T01:10:00.164+0000][info][gc,heap     ] GC(199) Humongous regions: 5->5
[2024-08-28T01:10:00.164+0000][info][gc,metaspace] GC(199) Metaspace: 100K(320K)->100K(320K) NonClass: 96K(192K)->96K(192K) Class: 4K(128K)->4K(128K)
[2024-08-28T01:10:00.164+0000][info][gc          ] GC(199) Pause Young (Mixed) (G1 Evacuation Pause) 1456M->1338M(2048M) 15.845ms
[2024-08-28T01:10:00.164+0000][info][gc,cpu      ] GC(199) User=0.71s Sys=0.00s Real=0.02s
[2024-08-28T01:10:00.209+0000][info][gc,start    ] GC(200) Pause Young (Mixed) (G1 Evacuation Pause)
[2024-08-28T01:10:00.209+0000][info][gc,task     ] GC(200) Using 49 workers of 68 for evacuation
[2024-08-28T01:10:00.225+0000][info][gc,phases   ] GC(200)   Pre Evacuate Collection Set: 0.5ms
[2024-08-28T01:10:00.225+0000][info][gc,phases   ] GC(200)   Merge Heap Roots: 0.6ms
[2024-08-28T01:10:00.225+0000][info][gc,phases   ] GC(200)   Evacuate Collection Set: 14.3ms
[2024-08-28T01:10:00.225+0000][info][gc,phases   ] GC(200)   Post Evacuate Collection Set: 0.6ms
[2024-08-28T01:10:00.225+0000][info][gc,phases   ] GC(200)   Other: 0.3ms
[2024-08-28T01:10:00.225+0000][info][gc,heap     ] GC(200) Eden regions: 89->0(89)
[2024-08-28T01:10:00.225+0000][info][gc,heap     ] GC(200) Survivor regions: 13->13(13)
[2024-08-28T01:10:00.225+0000][info][gc,heap     ] GC(200) Old regions: 1320->1290
[2024-08-28T01:10:00.225+0000][info][gc,heap     ] GC(200) Archive regions: 2->2
[2024-08-28T01:10:00.225+0000][info][gc,heap     ] GC(200) Humongous regions: 5->5
[2024-08-28T01:10:00.225+0000][info][gc,metaspace] GC(200) Metaspace: 100K(320K)->100K(320K) NonClass: 96K(192K)->96K(192K) Class: 4K(128K)->4K(128K)
[2024-08-28T01:10:00.225+0000][info][gc          ] GC(200) Pause Young (Mixed) (G1 Evacuation Pause) 1427M->1308M(2048M) 16.350ms
[2024-08-28T01:10:00.225+0000][info][gc,cpu      ] GC(200) User=0.72s Sys=0.00s Real=0.02s
[2024-08-28T01:10:00.271+0000][info][gc,start    ] GC(201) Pause Young (Mixed) (G1 Evacuation Pause)
[2024-08-28T01:10:00.271+0000][info][gc,task     ] GC(201) Using 49 workers of 68 for evacuation
[2024-08-28T01:10:00.288+0000][info][gc,phases   ] GC(201)   Pre Evacuate Collection Set: 0.5ms
[2024-08-28T01:10:00.288+0000][info][gc,phases   ] GC(201)   Merge Heap Roots: 0.6ms
[2024-08-28T01:10:00.288+0000][info][gc,phases   ] GC(201)   Evacuate Collection Set: 15.2ms
[2024-08-28T01:10:00.288+0000][info][gc,phases   ] GC(201)   Post Evacuate Collection Set: 0.5ms
[2024-08-28T01:10:00.288+0000][info][gc,phases   ] GC(201)   Other: 0.3ms
[2024-08-28T01:10:00.288+0000][info][gc,heap     ] GC(201) Eden regions: 89->0(89)
[2024-08-28T01:10:00.288+0000][info][gc,heap     ] GC(201) Survivor regions: 13->13(13)
[2024-08-28T01:10:00.288+0000][info][gc,heap     ] GC(201) Old regions: 1290->1261
[2024-08-28T01:10:00.288+0000][info][gc,heap     ] GC(201) Archive regions: 2->2
[2024-08-28T01:10:00.288+0000][info][gc,heap     ] GC(201) Humongous regions: 5->5
[2024-08-28T01:10:00.288+0000][info][gc,metaspace] GC(201) Metaspace: 100K(320K)->100K(320K) NonClass: 96K(192K)->96K(192K) Class: 4K(128K)->4K(128K)
[2024-08-28T01:10:00.288+0000][info][gc          ] GC(201) Pause Young (Mixed) (G1 Evacuation Pause) 1397M->1279M(2048M) 17.119ms
[2024-08-28T01:10:00.288+0000][info][gc,cpu      ] GC(201) User=0.71s Sys=0.01s Real=0.01s
[2024-08-28T01:10:00.343+0000][info][gc,start    ] GC(202) Pause Young (Mixed) (G1 Evacuation Pause)
[2024-08-28T01:10:00.343+0000][info][gc,task     ] GC(202) Using 49 workers of 68 for evacuation
[2024-08-28T01:10:00.362+0000][info][gc,phases   ] GC(202)   Pre Evacuate Collection Set: 0.5ms
[2024-08-28T01:10:00.362+0000][info][gc,phases   ] GC(202)   Merge Heap Roots: 0.6ms
[2024-08-28T01:10:00.362+0000][info][gc,phases   ] GC(202)   Evacuate Collection Set: 17.9ms
[2024-08-28T01:10:00.362+0000][info][gc,phases   ] GC(202)   Post Evacuate Collection Set: 0.4ms
[2024-08-28T01:10:00.362+0000][info][gc,phases   ] GC(202)   Other: 0.2ms
[2024-08-28T01:10:00.362+0000][info][gc,heap     ] GC(202) Eden regions: 89->0(172)
[2024-08-28T01:10:00.362+0000][info][gc,heap     ] GC(202) Survivor regions: 13->13(13)
[2024-08-28T01:10:00.362+0000][info][gc,heap     ] GC(202) Old regions: 1261->1285
[2024-08-28T01:10:00.362+0000][info][gc,heap     ] GC(202) Archive regions: 2->2
[2024-08-28T01:10:00.362+0000][info][gc,heap     ] GC(202) Humongous regions: 5->5
[2024-08-28T01:10:00.362+0000][info][gc,metaspace] GC(202) Metaspace: 100K(320K)->100K(320K) NonClass: 96K(192K)->96K(192K) Class: 4K(128K)->4K(128K)
[2024-08-28T01:10:00.362+0000][info][gc          ] GC(202) Pause Young (Mixed) (G1 Evacuation Pause) 1368M->1303M(2048M) 19.668ms
[2024-08-28T01:10:00.362+0000][info][gc,cpu      ] GC(202) User=0.63s Sys=0.08s Real=0.02s
[2024-08-28T01:10:00.500+0000][info][gc,start    ] GC(203) Pause Young (Normal) (G1 Evacuation Pause)
[2024-08-28T01:10:00.500+0000][info][gc,task     ] GC(203) Using 49 workers of 68 for evacuation
[2024-08-28T01:10:00.567+0000][info][gc,phases   ] GC(203)   Pre Evacuate Collection Set: 0.4ms
[2024-08-28T01:10:00.567+0000][info][gc,phases   ] GC(203)   Merge Heap Roots: 0.6ms
[2024-08-28T01:10:00.567+0000][info][gc,phases   ] GC(203)   Evacuate Collection Set: 65.9ms
[2024-08-28T01:10:00.567+0000][info][gc,phases   ] GC(203)   Post Evacuate Collection Set: 0.5ms
[2024-08-28T01:10:00.567+0000][info][gc,phases   ] GC(203)   Other: 0.2ms
[2024-08-28T01:10:00.567+0000][info][gc,heap     ] GC(203) Eden regions: 172->0(117)
[2024-08-28T01:10:00.567+0000][info][gc,heap     ] GC(203) Survivor regions: 13->24(24)
[2024-08-28T01:10:00.567+0000][info][gc,heap     ] GC(203) Old regions: 1285->1445
[2024-08-28T01:10:00.567+0000][info][gc,heap     ] GC(203) Archive regions: 2->2
[2024-08-28T01:10:00.567+0000][info][gc,heap     ] GC(203) Humongous regions: 5->5
[2024-08-28T01:10:00.567+0000][info][gc,metaspace] GC(203) Metaspace: 100K(320K)->100K(320K) NonClass: 96K(192K)->96K(192K) Class: 4K(128K)->4K(128K)
[2024-08-28T01:10:00.567+0000][info][gc          ] GC(203) Pause Young (Normal) (G1 Evacuation Pause) 1475M->1474M(2048M) 67.662ms
[2024-08-28T01:10:00.567+0000][info][gc,cpu      ] GC(203) User=0.90s Sys=2.29s Real=0.06s
[2024-08-28T01:10:00.652+0000][info][gc,start    ] GC(204) Pause Young (Concurrent Start) (G1 Evacuation Pause)
[2024-08-28T01:10:00.652+0000][info][gc,task     ] GC(204) Using 49 workers of 68 for evacuation
[2024-08-28T01:10:00.680+0000][info][gc,phases   ] GC(204)   Pre Evacuate Collection Set: 0.3ms
[2024-08-28T01:10:00.680+0000][info][gc,phases   ] GC(204)   Merge Heap Roots: 0.4ms
[2024-08-28T01:10:00.680+0000][info][gc,phases   ] GC(204)   Evacuate Collection Set: 26.5ms
[2024-08-28T01:10:00.680+0000][info][gc,phases   ] GC(204)   Post Evacuate Collection Set: 0.5ms
[2024-08-28T01:10:00.680+0000][info][gc,phases   ] GC(204)   Other: 0.5ms
[2024-08-28T01:10:00.680+0000][info][gc,heap     ] GC(204) Eden regions: 117->0(84)
[2024-08-28T01:10:00.680+0000][info][gc,heap     ] GC(204) Survivor regions: 24->18(18)
[2024-08-28T01:10:00.680+0000][info][gc,heap     ] GC(204) Old regions: 1445->1576
[2024-08-28T01:10:00.680+0000][info][gc,heap     ] GC(204) Archive regions: 2->2
[2024-08-28T01:10:00.680+0000][info][gc,heap     ] GC(204) Humongous regions: 5->5
[2024-08-28T01:10:00.680+0000][info][gc,metaspace] GC(204) Metaspace: 100K(320K)->100K(320K) NonClass: 96K(192K)->96K(192K) Class: 4K(128K)->4K(128K)
[2024-08-28T01:10:00.680+0000][info][gc          ] GC(204) Pause Young (Concurrent Start) (G1 Evacuation Pause) 1591M->1599M(2048M) 28.366ms
[2024-08-28T01:10:00.680+0000][info][gc,cpu      ] GC(204) User=0.99s Sys=0.19s Real=0.03s
[2024-08-28T01:10:00.680+0000][info][gc          ] GC(205) Concurrent Mark Cycle
[2024-08-28T01:10:00.680+0000][info][gc,marking  ] GC(205) Concurrent Clear Claimed Marks
[2024-08-28T01:10:00.680+0000][info][gc,marking  ] GC(205) Concurrent Clear Claimed Marks 0.010ms
[2024-08-28T01:10:00.680+0000][info][gc,marking  ] GC(205) Concurrent Scan Root Regions
[2024-08-28T01:10:00.685+0000][info][gc,marking  ] GC(205) Concurrent Scan Root Regions 4.731ms
[2024-08-28T01:10:00.685+0000][info][gc,marking  ] GC(205) Concurrent Mark
[2024-08-28T01:10:00.685+0000][info][gc,marking  ] GC(205) Concurrent Mark From Roots
[2024-08-28T01:10:00.685+0000][info][gc,task     ] GC(205) Using 17 workers of 17 for marking
[2024-08-28T01:10:00.718+0000][info][gc,marking  ] GC(205) Concurrent Mark From Roots 32.515ms
[2024-08-28T01:10:00.718+0000][info][gc,marking  ] GC(205) Concurrent Preclean
[2024-08-28T01:10:00.718+0000][info][gc,marking  ] GC(205) Concurrent Preclean 0.503ms
[2024-08-28T01:10:00.718+0000][info][gc,start    ] GC(205) Pause Remark
[2024-08-28T01:10:00.720+0000][info][gc          ] GC(205) Pause Remark 1630M->1391M(2048M) 1.701ms
[2024-08-28T01:10:00.720+0000][info][gc,cpu      ] GC(205) User=0.02s Sys=0.00s Real=0.00s
[2024-08-28T01:10:00.720+0000][info][gc,marking  ] GC(205) Concurrent Mark 35.120ms
[2024-08-28T01:10:00.720+0000][info][gc,marking  ] GC(205) Concurrent Rebuild Remembered Sets
[2024-08-28T01:10:00.749+0000][info][gc,start    ] GC(206) Pause Young (Normal) (G1 Evacuation Pause)
[2024-08-28T01:10:00.749+0000][info][gc,task     ] GC(206) Using 49 workers of 68 for evacuation
[2024-08-28T01:10:00.768+0000][info][gc,phases   ] GC(206)   Pre Evacuate Collection Set: 0.3ms
[2024-08-28T01:10:00.769+0000][info][gc,phases   ] GC(206)   Merge Heap Roots: 0.8ms
[2024-08-28T01:10:00.769+0000][info][gc,phases   ] GC(206)   Evacuate Collection Set: 18.0ms
[2024-08-28T01:10:00.769+0000][info][gc,phases   ] GC(206)   Post Evacuate Collection Set: 0.7ms
[2024-08-28T01:10:00.769+0000][info][gc,phases   ] GC(206)   Other: 0.2ms
[2024-08-28T01:10:00.769+0000][info][gc,heap     ] GC(206) Eden regions: 84->0(123)
[2024-08-28T01:10:00.769+0000][info][gc,heap     ] GC(206) Survivor regions: 18->13(13)
[2024-08-28T01:10:00.769+0000][info][gc,heap     ] GC(206) Old regions: 1337->1436
[2024-08-28T01:10:00.769+0000][info][gc,heap     ] GC(206) Archive regions: 2->2
[2024-08-28T01:10:00.769+0000][info][gc,heap     ] GC(206) Humongous regions: 5->5
[2024-08-28T01:10:00.769+0000][info][gc,metaspace] GC(206) Metaspace: 100K(320K)->100K(320K) NonClass: 96K(192K)->96K(192K) Class: 4K(128K)->4K(128K)
[2024-08-28T01:10:00.769+0000][info][gc          ] GC(206) Pause Young (Normal) (G1 Evacuation Pause) 1444M->1454M(2048M) 20.096ms
[2024-08-28T01:10:00.769+0000][info][gc,cpu      ] GC(206) User=0.72s Sys=0.20s Real=0.02s
[2024-08-28T01:10:00.784+0000][info][gc,marking  ] GC(205) Concurrent Rebuild Remembered Sets 63.279ms
[2024-08-28T01:10:00.784+0000][info][gc,start    ] GC(205) Pause Cleanup
[2024-08-28T01:10:00.786+0000][info][gc          ] GC(205) Pause Cleanup 1479M->1479M(2048M) 2.139ms
[2024-08-28T01:10:00.786+0000][info][gc,cpu      ] GC(205) User=0.01s Sys=0.00s Real=0.00s
[2024-08-28T01:10:00.786+0000][info][gc,marking  ] GC(205) Concurrent Cleanup for Next Mark
[2024-08-28T01:10:00.787+0000][info][gc,marking  ] GC(205) Concurrent Cleanup for Next Mark 1.423ms
[2024-08-28T01:10:00.787+0000][info][gc          ] GC(205) Concurrent Mark Cycle 107.232ms
[2024-08-28T01:10:00.839+0000][info][gc,start    ] GC(207) Pause Young (Prepare Mixed) (G1 Evacuation Pause)
[2024-08-28T01:10:00.839+0000][info][gc,task     ] GC(207) Using 49 workers of 68 for evacuation
[2024-08-28T01:10:00.872+0000][info][gc,phases   ] GC(207)   Pre Evacuate Collection Set: 0.3ms
[2024-08-28T01:10:00.872+0000][info][gc,phases   ] GC(207)   Merge Heap Roots: 1.1ms
[2024-08-28T01:10:00.872+0000][info][gc,phases   ] GC(207)   Evacuate Collection Set: 30.8ms
[2024-08-28T01:10:00.872+0000][info][gc,phases   ] GC(207)   Post Evacuate Collection Set: 0.5ms
[2024-08-28T01:10:00.872+0000][info][gc,phases   ] GC(207)   Other: 0.2ms
[2024-08-28T01:10:00.872+0000][info][gc,heap     ] GC(207) Eden regions: 123->0(85)
[2024-08-28T01:10:00.872+0000][info][gc,heap     ] GC(207) Survivor regions: 13->17(17)
[2024-08-28T01:10:00.872+0000][info][gc,heap     ] GC(207) Old regions: 1436->1559
[2024-08-28T01:10:00.872+0000][info][gc,heap     ] GC(207) Archive regions: 2->2
[2024-08-28T01:10:00.872+0000][info][gc,heap     ] GC(207) Humongous regions: 5->5
[2024-08-28T01:10:00.872+0000][info][gc,metaspace] GC(207) Metaspace: 100K(320K)->100K(320K) NonClass: 96K(192K)->96K(192K) Class: 4K(128K)->4K(128K)
[2024-08-28T01:10:00.872+0000][info][gc          ] GC(207) Pause Young (Prepare Mixed) (G1 Evacuation Pause) 1577M->1581M(2048M) 32.939ms
[2024-08-28T01:10:00.872+0000][info][gc,cpu      ] GC(207) User=1.15s Sys=0.38s Real=0.03s
[2024-08-28T01:10:00.922+0000][info][gc,start    ] GC(208) Pause Young (Mixed) (G1 Evacuation Pause)
[2024-08-28T01:10:00.922+0000][info][gc,task     ] GC(208) Using 49 workers of 68 for evacuation
[2024-08-28T01:10:00.943+0000][info][gc,phases   ] GC(208)   Pre Evacuate Collection Set: 0.3ms
[2024-08-28T01:10:00.943+0000][info][gc,phases   ] GC(208)   Merge Heap Roots: 0.5ms
[2024-08-28T01:10:00.943+0000][info][gc,phases   ] GC(208)   Evacuate Collection Set: 19.5ms
[2024-08-28T01:10:00.943+0000][info][gc,phases   ] GC(208)   Post Evacuate Collection Set: 0.5ms
[2024-08-28T01:10:00.943+0000][info][gc,phases   ] GC(208)   Other: 0.2ms
[2024-08-28T01:10:00.943+0000][info][gc,heap     ] GC(208) Eden regions: 85->0(89)
[2024-08-28T01:10:00.943+0000][info][gc,heap     ] GC(208) Survivor regions: 17->13(13)
[2024-08-28T01:10:00.943+0000][info][gc,heap     ] GC(208) Old regions: 1559->1532
[2024-08-28T01:10:00.943+0000][info][gc,heap     ] GC(208) Archive regions: 2->2
[2024-08-28T01:10:00.943+0000][info][gc,heap     ] GC(208) Humongous regions: 5->5
[2024-08-28T01:10:00.943+0000][info][gc,metaspace] GC(208) Metaspace: 100K(320K)->100K(320K) NonClass: 96K(192K)->96K(192K) Class: 4K(128K)->4K(128K)
[2024-08-28T01:10:00.943+0000][info][gc          ] GC(208) Pause Young (Mixed) (G1 Evacuation Pause) 1666M->1550M(2048M) 21.047ms
[2024-08-28T01:10:00.943+0000][info][gc,cpu      ] GC(208) User=0.65s Sys=0.30s Real=0.02s
[2024-08-28T01:10:00.992+0000][info][gc,start    ] GC(209) Pause Young (Mixed) (G1 Evacuation Pause)
[2024-08-28T01:10:00.992+0000][info][gc,task     ] GC(209) Using 49 workers of 68 for evacuation
[2024-08-28T01:10:01.013+0000][info][gc,phases   ] GC(209)   Pre Evacuate Collection Set: 0.3ms
[2024-08-28T01:10:01.013+0000][info][gc,phases   ] GC(209)   Merge Heap Roots: 0.8ms
[2024-08-28T01:10:01.013+0000][info][gc,phases   ] GC(209)   Evacuate Collection Set: 19.4ms
[2024-08-28T01:10:01.013+0000][info][gc,phases   ] GC(209)   Post Evacuate Collection Set: 0.5ms
[2024-08-28T01:10:01.013+0000][info][gc,phases   ] GC(209)   Other: 0.2ms
[2024-08-28T01:10:01.013+0000][info][gc,heap     ] GC(209) Eden regions: 89->0(89)
[2024-08-28T01:10:01.013+0000][info][gc,heap     ] GC(209) Survivor regions: 13->13(13)
[2024-08-28T01:10:01.013+0000][info][gc,heap     ] GC(209) Old regions: 1532->1503
[2024-08-28T01:10:01.013+0000][info][gc,heap     ] GC(209) Archive regions: 2->2
[2024-08-28T01:10:01.013+0000][info][gc,heap     ] GC(209) Humongous regions: 5->5
[2024-08-28T01:10:01.013+0000][info][gc,metaspace] GC(209) Metaspace: 100K(320K)->100K(320K) NonClass: 96K(192K)->96K(192K) Class: 4K(128K)->4K(128K)
[2024-08-28T01:10:01.013+0000][info][gc          ] GC(209) Pause Young (Mixed) (G1 Evacuation Pause) 1639M->1521M(2048M) 21.262ms
[2024-08-28T01:10:01.013+0000][info][gc,cpu      ] GC(209) User=0.65s Sys=0.34s Real=0.02s
[2024-08-28T01:10:01.060+0000][info][gc,start    ] GC(210) Pause Young (Mixed) (G1 Evacuation Pause)
[2024-08-28T01:10:01.060+0000][info][gc,task     ] GC(210) Using 49 workers of 68 for evacuation
[2024-08-28T01:10:01.081+0000][info][gc,phases   ] GC(210)   Pre Evacuate Collection Set: 0.3ms
[2024-08-28T01:10:01.081+0000][info][gc,phases   ] GC(210)   Merge Heap Roots: 0.5ms
[2024-08-28T01:10:01.081+0000][info][gc,phases   ] GC(210)   Evacuate Collection Set: 19.8ms
[2024-08-28T01:10:01.081+0000][info][gc,phases   ] GC(210)   Post Evacuate Collection Set: 0.5ms
[2024-08-28T01:10:01.081+0000][info][gc,phases   ] GC(210)   Other: 0.2ms
[2024-08-28T01:10:01.081+0000][info][gc,heap     ] GC(210) Eden regions: 89->0(89)
[2024-08-28T01:10:01.081+0000][info][gc,heap     ] GC(210) Survivor regions: 13->13(13)
[2024-08-28T01:10:01.081+0000][info][gc,heap     ] GC(210) Old regions: 1503->1472
[2024-08-28T01:10:01.081+0000][info][gc,heap     ] GC(210) Archive regions: 2->2
[2024-08-28T01:10:01.081+0000][info][gc,heap     ] GC(210) Humongous regions: 5->5
[2024-08-28T01:10:01.081+0000][info][gc,metaspace] GC(210) Metaspace: 100K(320K)->100K(320K) NonClass: 96K(192K)->96K(192K) Class: 4K(128K)->4K(128K)
[2024-08-28T01:10:01.081+0000][info][gc          ] GC(210) Pause Young (Mixed) (G1 Evacuation Pause) 1610M->1490M(2048M) 21.282ms
[2024-08-28T01:10:01.081+0000][info][gc,cpu      ] GC(210) User=0.61s Sys=0.25s Real=0.02s
[2024-08-28T01:10:01.131+0000][info][gc,start    ] GC(211) Pause Young (Mixed) (G1 Evacuation Pause)
[2024-08-28T01:10:01.131+0000][info][gc,task     ] GC(211) Using 49 workers of 68 for evacuation
[2024-08-28T01:10:01.150+0000][info][gc,phases   ] GC(211)   Pre Evacuate Collection Set: 0.3ms
[2024-08-28T01:10:01.150+0000][info][gc,phases   ] GC(211)   Merge Heap Roots: 0.7ms
[2024-08-28T01:10:01.150+0000][info][gc,phases   ] GC(211)   Evacuate Collection Set: 17.2ms
[2024-08-28T01:10:01.150+0000][info][gc,phases   ] GC(211)   Post Evacuate Collection Set: 0.6ms
[2024-08-28T01:10:01.150+0000][info][gc,phases   ] GC(211)   Other: 0.2ms
[2024-08-28T01:10:01.150+0000][info][gc,heap     ] GC(211) Eden regions: 89->0(89)
[2024-08-28T01:10:01.150+0000][info][gc,heap     ] GC(211) Survivor regions: 13->13(13)
[2024-08-28T01:10:01.150+0000][info][gc,heap     ] GC(211) Old regions: 1472->1443
[2024-08-28T01:10:01.150+0000][info][gc,heap     ] GC(211) Archive regions: 2->2
[2024-08-28T01:10:01.150+0000][info][gc,heap     ] GC(211) Humongous regions: 5->5
[2024-08-28T01:10:01.150+0000][info][gc,metaspace] GC(211) Metaspace: 100K(320K)->100K(320K) NonClass: 96K(192K)->96K(192K) Class: 4K(128K)->4K(128K)
[2024-08-28T01:10:01.150+0000][info][gc          ] GC(211) Pause Young (Mixed) (G1 Evacuation Pause) 1579M->1461M(2048M) 18.980ms
[2024-08-28T01:10:01.150+0000][info][gc,cpu      ] GC(211) User=0.62s Sys=0.25s Real=0.02s
[2024-08-28T01:10:01.198+0000][info][gc,start    ] GC(212) Pause Young (Mixed) (G1 Evacuation Pause)
[2024-08-28T01:10:01.198+0000][info][gc,task     ] GC(212) Using 49 workers of 68 for evacuation
[2024-08-28T01:10:01.217+0000][info][gc,phases   ] GC(212)   Pre Evacuate Collection Set: 0.3ms
[2024-08-28T01:10:01.217+0000][info][gc,phases   ] GC(212)   Merge Heap Roots: 0.5ms
[2024-08-28T01:10:01.217+0000][info][gc,phases   ] GC(212)   Evacuate Collection Set: 17.3ms
[2024-08-28T01:10:01.217+0000][info][gc,phases   ] GC(212)   Post Evacuate Collection Set: 0.6ms
[2024-08-28T01:10:01.217+0000][info][gc,phases   ] GC(212)   Other: 0.2ms
[2024-08-28T01:10:01.217+0000][info][gc,heap     ] GC(212) Eden regions: 89->0(89)
[2024-08-28T01:10:01.217+0000][info][gc,heap     ] GC(212) Survivor regions: 13->13(13)
[2024-08-28T01:10:01.217+0000][info][gc,heap     ] GC(212) Old regions: 1443->1414
[2024-08-28T01:10:01.217+0000][info][gc,heap     ] GC(212) Archive regions: 2->2
[2024-08-28T01:10:01.217+0000][info][gc,heap     ] GC(212) Humongous regions: 5->5
[2024-08-28T01:10:01.217+0000][info][gc,metaspace] GC(212) Metaspace: 100K(320K)->100K(320K) NonClass: 96K(192K)->96K(192K) Class: 4K(128K)->4K(128K)
[2024-08-28T01:10:01.217+0000][info][gc          ] GC(212) Pause Young (Mixed) (G1 Evacuation Pause) 1550M->1432M(2048M) 18.877ms
[2024-08-28T01:10:01.217+0000][info][gc,cpu      ] GC(212) User=0.69s Sys=0.17s Real=0.01s
[2024-08-28T01:10:01.271+0000][info][gc,start    ] GC(213) Pause Young (Mixed) (G1 Evacuation Pause)
[2024-08-28T01:10:01.271+0000][info][gc,task     ] GC(213) Using 49 workers of 68 for evacuation
[2024-08-28T01:10:01.289+0000][info][gc,phases   ] GC(213)   Pre Evacuate Collection Set: 0.5ms
[2024-08-28T01:10:01.289+0000][info][gc,phases   ] GC(213)   Merge Heap Roots: 1.0ms
[2024-08-28T01:10:01.289+0000][info][gc,phases   ] GC(213)   Evacuate Collection Set: 16.0ms
[2024-08-28T01:10:01.289+0000][info][gc,phases   ] GC(213)   Post Evacuate Collection Set: 0.5ms
[2024-08-28T01:10:01.289+0000][info][gc,phases   ] GC(213)   Other: 0.2ms
[2024-08-28T01:10:01.289+0000][info][gc,heap     ] GC(213) Eden regions: 89->0(89)
[2024-08-28T01:10:01.289+0000][info][gc,heap     ] GC(213) Survivor regions: 13->13(13)
[2024-08-28T01:10:01.289+0000][info][gc,heap     ] GC(213) Old regions: 1414->1385
[2024-08-28T01:10:01.289+0000][info][gc,heap     ] GC(213) Archive regions: 2->2
[2024-08-28T01:10:01.289+0000][info][gc,heap     ] GC(213) Humongous regions: 5->5
[2024-08-28T01:10:01.289+0000][info][gc,metaspace] GC(213) Metaspace: 100K(320K)->100K(320K) NonClass: 96K(192K)->96K(192K) Class: 4K(128K)->4K(128K)
[2024-08-28T01:10:01.289+0000][info][gc          ] GC(213) Pause Young (Mixed) (G1 Evacuation Pause) 1521M->1403M(2048M) 18.256ms
[2024-08-28T01:10:01.289+0000][info][gc,cpu      ] GC(213) User=0.73s Sys=0.06s Real=0.01s
[2024-08-28T01:10:01.341+0000][info][gc,start    ] GC(214) Pause Young (Mixed) (G1 Evacuation Pause)
[2024-08-28T01:10:01.341+0000][info][gc,task     ] GC(214) Using 49 workers of 68 for evacuation
[2024-08-28T01:10:01.358+0000][info][gc,phases   ] GC(214)   Pre Evacuate Collection Set: 0.4ms
[2024-08-28T01:10:01.358+0000][info][gc,phases   ] GC(214)   Merge Heap Roots: 0.7ms
[2024-08-28T01:10:01.358+0000][info][gc,phases   ] GC(214)   Evacuate Collection Set: 15.2ms
[2024-08-28T01:10:01.358+0000][info][gc,phases   ] GC(214)   Post Evacuate Collection Set: 0.5ms
[2024-08-28T01:10:01.358+0000][info][gc,phases   ] GC(214)   Other: 0.2ms
[2024-08-28T01:10:01.358+0000][info][gc,heap     ] GC(214) Eden regions: 89->0(131)
[2024-08-28T01:10:01.358+0000][info][gc,heap     ] GC(214) Survivor regions: 13->13(13)
[2024-08-28T01:10:01.358+0000][info][gc,heap     ] GC(214) Old regions: 1385->1413
[2024-08-28T01:10:01.358+0000][info][gc,heap     ] GC(214) Archive regions: 2->2
[2024-08-28T01:10:01.358+0000][info][gc,heap     ] GC(214) Humongous regions: 5->5
[2024-08-28T01:10:01.358+0000][info][gc,metaspace] GC(214) Metaspace: 100K(320K)->100K(320K) NonClass: 96K(192K)->96K(192K) Class: 4K(128K)->4K(128K)
[2024-08-28T01:10:01.358+0000][info][gc          ] GC(214) Pause Young (Mixed) (G1 Evacuation Pause) 1492M->1431M(2048M) 17.021ms
[2024-08-28T01:10:01.358+0000][info][gc,cpu      ] GC(214) User=0.74s Sys=0.01s Real=0.02s
[2024-08-28T01:10:01.433+0000][info][gc,start    ] GC(215) Pause Young (Concurrent Start) (G1 Evacuation Pause)
[2024-08-28T01:10:01.433+0000][info][gc,task     ] GC(215) Using 49 workers of 68 for evacuation
[2024-08-28T01:10:01.456+0000][info][gc,phases   ] GC(215)   Pre Evacuate Collection Set: 0.3ms
[2024-08-28T01:10:01.456+0000][info][gc,phases   ] GC(215)   Merge Heap Roots: 0.6ms
[2024-08-28T01:10:01.456+0000][info][gc,phases   ] GC(215)   Evacuate Collection Set: 20.7ms
[2024-08-28T01:10:01.456+0000][info][gc,phases   ] GC(215)   Post Evacuate Collection Set: 0.5ms
[2024-08-28T01:10:01.456+0000][info][gc,phases   ] GC(215)   Other: 0.7ms
[2024-08-28T01:10:01.456+0000][info][gc,heap     ] GC(215) Eden regions: 131->0(88)
[2024-08-28T01:10:01.456+0000][info][gc,heap     ] GC(215) Survivor regions: 13->18(18)
[2024-08-28T01:10:01.456+0000][info][gc,heap     ] GC(215) Old regions: 1413->1541
[2024-08-28T01:10:01.456+0000][info][gc,heap     ] GC(215) Archive regions: 2->2
[2024-08-28T01:10:01.456+0000][info][gc,heap     ] GC(215) Humongous regions: 5->5
[2024-08-28T01:10:01.456+0000][info][gc,metaspace] GC(215) Metaspace: 100K(320K)->100K(320K) NonClass: 96K(192K)->96K(192K) Class: 4K(128K)->4K(128K)
[2024-08-28T01:10:01.456+0000][info][gc          ] GC(215) Pause Young (Concurrent Start) (G1 Evacuation Pause) 1562M->1564M(2048M) 22.964ms
[2024-08-28T01:10:01.456+0000][info][gc,cpu      ] GC(215) User=0.96s Sys=0.07s Real=0.02s
[2024-08-28T01:10:01.456+0000][info][gc          ] GC(216) Concurrent Mark Cycle
[2024-08-28T01:10:01.456+0000][info][gc,marking  ] GC(216) Concurrent Clear Claimed Marks
[2024-08-28T01:10:01.456+0000][info][gc,marking  ] GC(216) Concurrent Clear Claimed Marks 0.011ms
[2024-08-28T01:10:01.456+0000][info][gc,marking  ] GC(216) Concurrent Scan Root Regions
[2024-08-28T01:10:01.460+0000][info][gc,marking  ] GC(216) Concurrent Scan Root Regions 3.937ms
[2024-08-28T01:10:01.460+0000][info][gc,marking  ] GC(216) Concurrent Mark
[2024-08-28T01:10:01.460+0000][info][gc,marking  ] GC(216) Concurrent Mark From Roots
[2024-08-28T01:10:01.460+0000][info][gc,task     ] GC(216) Using 17 workers of 17 for marking
[2024-08-28T01:10:01.480+0000][info][gc,marking  ] GC(216) Concurrent Mark From Roots 20.222ms
[2024-08-28T01:10:01.480+0000][info][gc,marking  ] GC(216) Concurrent Preclean
[2024-08-28T01:10:01.481+0000][info][gc,marking  ] GC(216) Concurrent Preclean 0.504ms
[2024-08-28T01:10:01.481+0000][info][gc,start    ] GC(216) Pause Remark
[2024-08-28T01:10:01.483+0000][info][gc          ] GC(216) Pause Remark 1595M->1401M(2048M) 2.206ms
[2024-08-28T01:10:01.483+0000][info][gc,cpu      ] GC(216) User=0.00s Sys=0.01s Real=0.00s
[2024-08-28T01:10:01.483+0000][info][gc,marking  ] GC(216) Concurrent Mark 23.358ms
[2024-08-28T01:10:01.483+0000][info][gc,marking  ] GC(216) Concurrent Rebuild Remembered Sets
[2024-08-28T01:10:01.518+0000][info][gc,start    ] GC(217) Pause Young (Normal) (G1 Evacuation Pause)
[2024-08-28T01:10:01.518+0000][info][gc,task     ] GC(217) Using 49 workers of 68 for evacuation
[2024-08-28T01:10:01.536+0000][info][gc,phases   ] GC(217)   Pre Evacuate Collection Set: 0.4ms
[2024-08-28T01:10:01.536+0000][info][gc,phases   ] GC(217)   Merge Heap Roots: 0.8ms
[2024-08-28T01:10:01.536+0000][info][gc,phases   ] GC(217)   Evacuate Collection Set: 15.7ms
[2024-08-28T01:10:01.536+0000][info][gc,phases   ] GC(217)   Post Evacuate Collection Set: 0.8ms
[2024-08-28T01:10:01.536+0000][info][gc,phases   ] GC(217)   Other: 0.3ms
[2024-08-28T01:10:01.536+0000][info][gc,heap     ] GC(217) Eden regions: 88->0(120)
[2024-08-28T01:10:01.536+0000][info][gc,heap     ] GC(217) Survivor regions: 18->14(14)
[2024-08-28T01:10:01.536+0000][info][gc,heap     ] GC(217) Old regions: 1347->1445
[2024-08-28T01:10:01.536+0000][info][gc,heap     ] GC(217) Archive regions: 2->2
[2024-08-28T01:10:01.536+0000][info][gc,heap     ] GC(217) Humongous regions: 5->5
[2024-08-28T01:10:01.536+0000][info][gc,metaspace] GC(217) Metaspace: 100K(320K)->100K(320K) NonClass: 96K(192K)->96K(192K) Class: 4K(128K)->4K(128K)
[2024-08-28T01:10:01.536+0000][info][gc          ] GC(217) Pause Young (Normal) (G1 Evacuation Pause) 1458M->1464M(2048M) 18.072ms
[2024-08-28T01:10:01.536+0000][info][gc,cpu      ] GC(217) User=0.79s Sys=0.03s Real=0.01s
[2024-08-28T01:10:01.549+0000][info][gc,marking  ] GC(216) Concurrent Rebuild Remembered Sets 65.271ms
[2024-08-28T01:10:01.549+0000][info][gc,start    ] GC(216) Pause Cleanup
[2024-08-28T01:10:01.552+0000][info][gc          ] GC(216) Pause Cleanup 1486M->1486M(2048M) 2.926ms
[2024-08-28T01:10:01.552+0000][info][gc,cpu      ] GC(216) User=0.01s Sys=0.00s Real=0.01s
[2024-08-28T01:10:01.552+0000][info][gc,marking  ] GC(216) Concurrent Cleanup for Next Mark
[2024-08-28T01:10:01.554+0000][info][gc,marking  ] GC(216) Concurrent Cleanup for Next Mark 1.457ms
[2024-08-28T01:10:01.554+0000][info][gc          ] GC(216) Concurrent Mark Cycle 97.547ms
[2024-08-28T01:10:01.605+0000][info][gc,start    ] GC(218) Pause Young (Prepare Mixed) (G1 Evacuation Pause)
[2024-08-28T01:10:01.605+0000][info][gc,task     ] GC(218) Using 49 workers of 68 for evacuation
[2024-08-28T01:10:01.633+0000][info][gc,phases   ] GC(218)   Pre Evacuate Collection Set: 0.3ms
[2024-08-28T01:10:01.633+0000][info][gc,phases   ] GC(218)   Merge Heap Roots: 1.2ms
[2024-08-28T01:10:01.633+0000][info][gc,phases   ] GC(218)   Evacuate Collection Set: 26.1ms
[2024-08-28T01:10:01.633+0000][info][gc,phases   ] GC(218)   Post Evacuate Collection Set: 0.6ms
[2024-08-28T01:10:01.633+0000][info][gc,phases   ] GC(218)   Other: 0.2ms
[2024-08-28T01:10:01.633+0000][info][gc,heap     ] GC(218) Eden regions: 120->0(85)
[2024-08-28T01:10:01.633+0000][info][gc,heap     ] GC(218) Survivor regions: 14->17(17)
[2024-08-28T01:10:01.633+0000][info][gc,heap     ] GC(218) Old regions: 1445->1565
[2024-08-28T01:10:01.633+0000][info][gc,heap     ] GC(218) Archive regions: 2->2
[2024-08-28T01:10:01.633+0000][info][gc,heap     ] GC(218) Humongous regions: 5->5
[2024-08-28T01:10:01.634+0000][info][gc,metaspace] GC(218) Metaspace: 100K(320K)->100K(320K) NonClass: 96K(192K)->96K(192K) Class: 4K(128K)->4K(128K)
[2024-08-28T01:10:01.634+0000][info][gc          ] GC(218) Pause Young (Prepare Mixed) (G1 Evacuation Pause) 1584M->1587M(2048M) 28.533ms
[2024-08-28T01:10:01.634+0000][info][gc,cpu      ] GC(218) User=1.08s Sys=0.14s Real=0.03s
[2024-08-28T01:10:01.678+0000][info][gc,start    ] GC(219) Pause Young (Mixed) (G1 Evacuation Pause)
[2024-08-28T01:10:01.678+0000][info][gc,task     ] GC(219) Using 49 workers of 68 for evacuation
[2024-08-28T01:10:01.696+0000][info][gc,phases   ] GC(219)   Pre Evacuate Collection Set: 0.4ms
[2024-08-28T01:10:01.696+0000][info][gc,phases   ] GC(219)   Merge Heap Roots: 0.5ms
[2024-08-28T01:10:01.696+0000][info][gc,phases   ] GC(219)   Evacuate Collection Set: 16.2ms
[2024-08-28T01:10:01.696+0000][info][gc,phases   ] GC(219)   Post Evacuate Collection Set: 0.6ms
[2024-08-28T01:10:01.696+0000][info][gc,phases   ] GC(219)   Other: 0.2ms
[2024-08-28T01:10:01.696+0000][info][gc,heap     ] GC(219) Eden regions: 85->0(89)
[2024-08-28T01:10:01.696+0000][info][gc,heap     ] GC(219) Survivor regions: 17->13(13)
[2024-08-28T01:10:01.696+0000][info][gc,heap     ] GC(219) Old regions: 1565->1537
[2024-08-28T01:10:01.696+0000][info][gc,heap     ] GC(219) Archive regions: 2->2
[2024-08-28T01:10:01.696+0000][info][gc,heap     ] GC(219) Humongous regions: 5->5
[2024-08-28T01:10:01.696+0000][info][gc,metaspace] GC(219) Metaspace: 100K(320K)->100K(320K) NonClass: 96K(192K)->96K(192K) Class: 4K(128K)->4K(128K)
[2024-08-28T01:10:01.696+0000][info][gc          ] GC(219) Pause Young (Mixed) (G1 Evacuation Pause) 1672M->1555M(2048M) 17.895ms
[2024-08-28T01:10:01.696+0000][info][gc,cpu      ] GC(219) User=0.65s Sys=0.15s Real=0.01s
[2024-08-28T01:10:01.742+0000][info][gc,start    ] GC(220) Pause Young (Mixed) (G1 Evacuation Pause)
[2024-08-28T01:10:01.742+0000][info][gc,task     ] GC(220) Using 49 workers of 68 for evacuation
[2024-08-28T01:10:01.759+0000][info][gc,phases   ] GC(220)   Pre Evacuate Collection Set: 0.4ms
[2024-08-28T01:10:01.759+0000][info][gc,phases   ] GC(220)   Merge Heap Roots: 0.7ms
[2024-08-28T01:10:01.759+0000][info][gc,phases   ] GC(220)   Evacuate Collection Set: 15.5ms
[2024-08-28T01:10:01.759+0000][info][gc,phases   ] GC(220)   Post Evacuate Collection Set: 0.5ms
[2024-08-28T01:10:01.759+0000][info][gc,phases   ] GC(220)   Other: 0.2ms
[2024-08-28T01:10:01.759+0000][info][gc,heap     ] GC(220) Eden regions: 89->0(89)
[2024-08-28T01:10:01.759+0000][info][gc,heap     ] GC(220) Survivor regions: 13->13(13)
[2024-08-28T01:10:01.759+0000][info][gc,heap     ] GC(220) Old regions: 1537->1507
[2024-08-28T01:10:01.759+0000][info][gc,heap     ] GC(220) Archive regions: 2->2
[2024-08-28T01:10:01.759+0000][info][gc,heap     ] GC(220) Humongous regions: 5->5
[2024-08-28T01:10:01.759+0000][info][gc,metaspace] GC(220) Metaspace: 100K(320K)->100K(320K) NonClass: 96K(192K)->96K(192K) Class: 4K(128K)->4K(128K)
[2024-08-28T01:10:01.759+0000][info][gc          ] GC(220) Pause Young (Mixed) (G1 Evacuation Pause) 1644M->1525M(2048M) 17.497ms
[2024-08-28T01:10:01.759+0000][info][gc,cpu      ] GC(220) User=0.71s Sys=0.09s Real=0.02s
[2024-08-28T01:10:01.804+0000][info][gc,start    ] GC(221) Pause Young (Mixed) (G1 Evacuation Pause)
[2024-08-28T01:10:01.804+0000][info][gc,task     ] GC(221) Using 49 workers of 68 for evacuation
[2024-08-28T01:10:01.825+0000][info][gc,phases   ] GC(221)   Pre Evacuate Collection Set: 0.3ms
[2024-08-28T01:10:01.825+0000][info][gc,phases   ] GC(221)   Merge Heap Roots: 0.5ms
[2024-08-28T01:10:01.825+0000][info][gc,phases   ] GC(221)   Evacuate Collection Set: 18.9ms
[2024-08-28T01:10:01.825+0000][info][gc,phases   ] GC(221)   Post Evacuate Collection Set: 0.5ms
[2024-08-28T01:10:01.825+0000][info][gc,phases   ] GC(221)   Other: 0.3ms
[2024-08-28T01:10:01.825+0000][info][gc,heap     ] GC(221) Eden regions: 89->0(89)
[2024-08-28T01:10:01.825+0000][info][gc,heap     ] GC(221) Survivor regions: 13->13(13)
[2024-08-28T01:10:01.825+0000][info][gc,heap     ] GC(221) Old regions: 1507->1478
[2024-08-28T01:10:01.825+0000][info][gc,heap     ] GC(221) Archive regions: 2->2
[2024-08-28T01:10:01.825+0000][info][gc,heap     ] GC(221) Humongous regions: 5->5
[2024-08-28T01:10:01.825+0000][info][gc,metaspace] GC(221) Metaspace: 100K(320K)->100K(320K) NonClass: 96K(192K)->96K(192K) Class: 4K(128K)->4K(128K)
[2024-08-28T01:10:01.825+0000][info][gc          ] GC(221) Pause Young (Mixed) (G1 Evacuation Pause) 1614M->1496M(2048M) 20.537ms
[2024-08-28T01:10:01.825+0000][info][gc,cpu      ] GC(221) User=0.69s Sys=0.10s Real=0.02s
[2024-08-28T01:10:01.871+0000][info][gc,start    ] GC(222) Pause Young (Mixed) (G1 Evacuation Pause)
[2024-08-28T01:10:01.871+0000][info][gc,task     ] GC(222) Using 49 workers of 68 for evacuation
[2024-08-28T01:10:01.889+0000][info][gc,phases   ] GC(222)   Pre Evacuate Collection Set: 0.3ms
[2024-08-28T01:10:01.889+0000][info][gc,phases   ] GC(222)   Merge Heap Roots: 0.7ms
[2024-08-28T01:10:01.889+0000][info][gc,phases   ] GC(222)   Evacuate Collection Set: 15.7ms
[2024-08-28T01:10:01.889+0000][info][gc,phases   ] GC(222)   Post Evacuate Collection Set: 0.5ms
[2024-08-28T01:10:01.889+0000][info][gc,phases   ] GC(222)   Other: 0.2ms
[2024-08-28T01:10:01.889+0000][info][gc,heap     ] GC(222) Eden regions: 89->0(89)
[2024-08-28T01:10:01.889+0000][info][gc,heap     ] GC(222) Survivor regions: 13->13(13)
[2024-08-28T01:10:01.889+0000][info][gc,heap     ] GC(222) Old regions: 1478->1450
[2024-08-28T01:10:01.889+0000][info][gc,heap     ] GC(222) Archive regions: 2->2
[2024-08-28T01:10:01.889+0000][info][gc,heap     ] GC(222) Humongous regions: 5->5
[2024-08-28T01:10:01.889+0000][info][gc,metaspace] GC(222) Metaspace: 100K(320K)->100K(320K) NonClass: 96K(192K)->96K(192K) Class: 4K(128K)->4K(128K)
[2024-08-28T01:10:01.889+0000][info][gc          ] GC(222) Pause Young (Mixed) (G1 Evacuation Pause) 1585M->1468M(2048M) 17.617ms
[2024-08-28T01:10:01.889+0000][info][gc,cpu      ] GC(222) User=0.72s Sys=0.08s Real=0.01s
[2024-08-28T01:10:01.934+0000][info][gc,start    ] GC(223) Pause Young (Mixed) (G1 Evacuation Pause)
[2024-08-28T01:10:01.934+0000][info][gc,task     ] GC(223) Using 49 workers of 68 for evacuation
[2024-08-28T01:10:01.955+0000][info][gc,phases   ] GC(223)   Pre Evacuate Collection Set: 0.5ms
[2024-08-28T01:10:01.955+0000][info][gc,phases   ] GC(223)   Merge Heap Roots: 0.5ms
[2024-08-28T01:10:01.955+0000][info][gc,phases   ] GC(223)   Evacuate Collection Set: 19.3ms
[2024-08-28T01:10:01.955+0000][info][gc,phases   ] GC(223)   Post Evacuate Collection Set: 0.5ms
[2024-08-28T01:10:01.955+0000][info][gc,phases   ] GC(223)   Other: 0.3ms
[2024-08-28T01:10:01.955+0000][info][gc,heap     ] GC(223) Eden regions: 89->0(89)
[2024-08-28T01:10:01.955+0000][info][gc,heap     ] GC(223) Survivor regions: 13->13(13)
[2024-08-28T01:10:01.955+0000][info][gc,heap     ] GC(223) Old regions: 1450->1420
[2024-08-28T01:10:01.955+0000][info][gc,heap     ] GC(223) Archive regions: 2->2
[2024-08-28T01:10:01.955+0000][info][gc,heap     ] GC(223) Humongous regions: 5->5
[2024-08-28T01:10:01.955+0000][info][gc,metaspace] GC(223) Metaspace: 100K(320K)->100K(320K) NonClass: 96K(192K)->96K(192K) Class: 4K(128K)->4K(128K)
[2024-08-28T01:10:01.955+0000][info][gc          ] GC(223) Pause Young (Mixed) (G1 Evacuation Pause) 1557M->1438M(2048M) 21.202ms
[2024-08-28T01:10:01.955+0000][info][gc,cpu      ] GC(223) User=0.72s Sys=0.09s Real=0.02s
[2024-08-28T01:10:02.024+0000][info][gc,start    ] GC(224) Pause Young (Mixed) (G1 Evacuation Pause)
[2024-08-28T01:10:02.024+0000][info][gc,task     ] GC(224) Using 49 workers of 68 for evacuation
[2024-08-28T01:10:02.042+0000][info][gc,phases   ] GC(224)   Pre Evacuate Collection Set: 0.4ms
[2024-08-28T01:10:02.042+0000][info][gc,phases   ] GC(224)   Merge Heap Roots: 0.8ms
[2024-08-28T01:10:02.042+0000][info][gc,phases   ] GC(224)   Evacuate Collection Set: 16.3ms
[2024-08-28T01:10:02.042+0000][info][gc,phases   ] GC(224)   Post Evacuate Collection Set: 0.5ms
[2024-08-28T01:10:02.042+0000][info][gc,phases   ] GC(224)   Other: 0.3ms
[2024-08-28T01:10:02.042+0000][info][gc,heap     ] GC(224) Eden regions: 89->0(89)
[2024-08-28T01:10:02.042+0000][info][gc,heap     ] GC(224) Survivor regions: 13->13(13)
[2024-08-28T01:10:02.042+0000][info][gc,heap     ] GC(224) Old regions: 1420->1392
[2024-08-28T01:10:02.042+0000][info][gc,heap     ] GC(224) Archive regions: 2->2
[2024-08-28T01:10:02.042+0000][info][gc,heap     ] GC(224) Humongous regions: 5->5
[2024-08-28T01:10:02.042+0000][info][gc,metaspace] GC(224) Metaspace: 100K(320K)->100K(320K) NonClass: 96K(192K)->96K(192K) Class: 4K(128K)->4K(128K)
[2024-08-28T01:10:02.042+0000][info][gc          ] GC(224) Pause Young (Mixed) (G1 Evacuation Pause) 1527M->1410M(2048M) 18.378ms
[2024-08-28T01:10:02.042+0000][info][gc,cpu      ] GC(224) User=0.78s Sys=0.06s Real=0.02s
[2024-08-28T01:10:02.088+0000][info][gc,start    ] GC(225) Pause Young (Mixed) (G1 Evacuation Pause)
[2024-08-28T01:10:02.088+0000][info][gc,task     ] GC(225) Using 49 workers of 68 for evacuation
[2024-08-28T01:10:02.105+0000][info][gc,phases   ] GC(225)   Pre Evacuate Collection Set: 0.4ms
[2024-08-28T01:10:02.105+0000][info][gc,phases   ] GC(225)   Merge Heap Roots: 0.5ms
[2024-08-28T01:10:02.105+0000][info][gc,phases   ] GC(225)   Evacuate Collection Set: 15.2ms
[2024-08-28T01:10:02.105+0000][info][gc,phases   ] GC(225)   Post Evacuate Collection Set: 0.5ms
[2024-08-28T01:10:02.105+0000][info][gc,phases   ] GC(225)   Other: 0.2ms
[2024-08-28T01:10:02.105+0000][info][gc,heap     ] GC(225) Eden regions: 89->0(132)
[2024-08-28T01:10:02.105+0000][info][gc,heap     ] GC(225) Survivor regions: 13->13(13)
[2024-08-28T01:10:02.105+0000][info][gc,heap     ] GC(225) Old regions: 1392->1408
[2024-08-28T01:10:02.105+0000][info][gc,heap     ] GC(225) Archive regions: 2->2
[2024-08-28T01:10:02.105+0000][info][gc,heap     ] GC(225) Humongous regions: 5->5
[2024-08-28T01:10:02.105+0000][info][gc,metaspace] GC(225) Metaspace: 100K(320K)->100K(320K) NonClass: 96K(192K)->96K(192K) Class: 4K(128K)->4K(128K)
[2024-08-28T01:10:02.105+0000][info][gc          ] GC(225) Pause Young (Mixed) (G1 Evacuation Pause) 1499M->1426M(2048M) 16.820ms
[2024-08-28T01:10:02.105+0000][info][gc,cpu      ] GC(225) User=0.76s Sys=0.00s Real=0.02s
[2024-08-28T01:10:02.178+0000][info][gc,start    ] GC(226) Pause Young (Concurrent Start) (G1 Evacuation Pause)
[2024-08-28T01:10:02.178+0000][info][gc,task     ] GC(226) Using 49 workers of 68 for evacuation
[2024-08-28T01:10:02.203+0000][info][gc,phases   ] GC(226)   Pre Evacuate Collection Set: 0.3ms
[2024-08-28T01:10:02.203+0000][info][gc,phases   ] GC(226)   Merge Heap Roots: 0.4ms
[2024-08-28T01:10:02.203+0000][info][gc,phases   ] GC(226)   Evacuate Collection Set: 22.8ms
[2024-08-28T01:10:02.203+0000][info][gc,phases   ] GC(226)   Post Evacuate Collection Set: 0.8ms
[2024-08-28T01:10:02.203+0000][info][gc,phases   ] GC(226)   Other: 0.7ms
[2024-08-28T01:10:02.203+0000][info][gc,heap     ] GC(226) Eden regions: 132->0(89)
[2024-08-28T01:10:02.203+0000][info][gc,heap     ] GC(226) Survivor regions: 13->19(19)
[2024-08-28T01:10:02.203+0000][info][gc,heap     ] GC(226) Old regions: 1408->1535
[2024-08-28T01:10:02.203+0000][info][gc,heap     ] GC(226) Archive regions: 2->2
[2024-08-28T01:10:02.203+0000][info][gc,heap     ] GC(226) Humongous regions: 5->5
[2024-08-28T01:10:02.203+0000][info][gc,metaspace] GC(226) Metaspace: 100K(320K)->100K(320K) NonClass: 96K(192K)->96K(192K) Class: 4K(128K)->4K(128K)
[2024-08-28T01:10:02.203+0000][info][gc          ] GC(226) Pause Young (Concurrent Start) (G1 Evacuation Pause) 1558M->1559M(2048M) 25.179ms
[2024-08-28T01:10:02.203+0000][info][gc,cpu      ] GC(226) User=0.86s Sys=0.25s Real=0.02s
[2024-08-28T01:10:02.203+0000][info][gc          ] GC(227) Concurrent Mark Cycle
[2024-08-28T01:10:02.203+0000][info][gc,marking  ] GC(227) Concurrent Clear Claimed Marks
[2024-08-28T01:10:02.203+0000][info][gc,marking  ] GC(227) Concurrent Clear Claimed Marks 0.011ms
[2024-08-28T01:10:02.203+0000][info][gc,marking  ] GC(227) Concurrent Scan Root Regions
[2024-08-28T01:10:02.207+0000][info][gc,marking  ] GC(227) Concurrent Scan Root Regions 3.876ms
[2024-08-28T01:10:02.207+0000][info][gc,marking  ] GC(227) Concurrent Mark
[2024-08-28T01:10:02.207+0000][info][gc,marking  ] GC(227) Concurrent Mark From Roots
[2024-08-28T01:10:02.207+0000][info][gc,task     ] GC(227) Using 17 workers of 17 for marking
[2024-08-28T01:10:02.228+0000][info][gc,marking  ] GC(227) Concurrent Mark From Roots 20.548ms
[2024-08-28T01:10:02.228+0000][info][gc,marking  ] GC(227) Concurrent Preclean
[2024-08-28T01:10:02.228+0000][info][gc,marking  ] GC(227) Concurrent Preclean 0.505ms
[2024-08-28T01:10:02.228+0000][info][gc,start    ] GC(227) Pause Remark
[2024-08-28T01:10:02.231+0000][info][gc          ] GC(227) Pause Remark 1593M->1407M(2048M) 2.364ms
[2024-08-28T01:10:02.231+0000][info][gc,cpu      ] GC(227) User=0.02s Sys=0.00s Real=0.01s
[2024-08-28T01:10:02.231+0000][info][gc,marking  ] GC(227) Concurrent Mark 23.936ms
[2024-08-28T01:10:02.231+0000][info][gc,marking  ] GC(227) Concurrent Rebuild Remembered Sets
[2024-08-28T01:10:02.259+0000][info][gc,start    ] GC(228) Pause Young (Normal) (G1 Evacuation Pause)
[2024-08-28T01:10:02.259+0000][info][gc,task     ] GC(228) Using 49 workers of 68 for evacuation
[2024-08-28T01:10:02.278+0000][info][gc,phases   ] GC(228)   Pre Evacuate Collection Set: 0.4ms
[2024-08-28T01:10:02.278+0000][info][gc,phases   ] GC(228)   Merge Heap Roots: 0.8ms
[2024-08-28T01:10:02.278+0000][info][gc,phases   ] GC(228)   Evacuate Collection Set: 16.2ms
[2024-08-28T01:10:02.278+0000][info][gc,phases   ] GC(228)   Post Evacuate Collection Set: 0.8ms
[2024-08-28T01:10:02.278+0000][info][gc,phases   ] GC(228)   Other: 0.4ms
[2024-08-28T01:10:02.278+0000][info][gc,heap     ] GC(228) Eden regions: 89->0(118)
[2024-08-28T01:10:02.278+0000][info][gc,heap     ] GC(228) Survivor regions: 19->14(14)
[2024-08-28T01:10:02.278+0000][info][gc,heap     ] GC(228) Old regions: 1349->1450
[2024-08-28T01:10:02.278+0000][info][gc,heap     ] GC(228) Archive regions: 2->2
[2024-08-28T01:10:02.278+0000][info][gc,heap     ] GC(228) Humongous regions: 5->5
[2024-08-28T01:10:02.278+0000][info][gc,metaspace] GC(228) Metaspace: 100K(320K)->100K(320K) NonClass: 96K(192K)->96K(192K) Class: 4K(128K)->4K(128K)
[2024-08-28T01:10:02.278+0000][info][gc          ] GC(228) Pause Young (Normal) (G1 Evacuation Pause) 1462M->1469M(2048M) 18.714ms
[2024-08-28T01:10:02.278+0000][info][gc,cpu      ] GC(228) User=0.84s Sys=0.00s Real=0.02s
[2024-08-28T01:10:02.297+0000][info][gc,marking  ] GC(227) Concurrent Rebuild Remembered Sets 66.561ms
[2024-08-28T01:10:02.298+0000][info][gc,start    ] GC(227) Pause Cleanup
[2024-08-28T01:10:02.301+0000][info][gc          ] GC(227) Pause Cleanup 1505M->1505M(2048M) 2.940ms
[2024-08-28T01:10:02.301+0000][info][gc,cpu      ] GC(227) User=0.01s Sys=0.00s Real=0.00s
[2024-08-28T01:10:02.301+0000][info][gc,marking  ] GC(227) Concurrent Cleanup for Next Mark
[2024-08-28T01:10:02.303+0000][info][gc,marking  ] GC(227) Concurrent Cleanup for Next Mark 1.763ms
[2024-08-28T01:10:02.303+0000][info][gc          ] GC(227) Concurrent Mark Cycle 99.627ms
[2024-08-28T01:10:02.345+0000][info][gc,start    ] GC(229) Pause Young (Prepare Mixed) (G1 Evacuation Pause)
[2024-08-28T01:10:02.345+0000][info][gc,task     ] GC(229) Using 49 workers of 68 for evacuation
[2024-08-28T01:10:02.372+0000][info][gc,phases   ] GC(229)   Pre Evacuate Collection Set: 0.4ms
[2024-08-28T01:10:02.372+0000][info][gc,phases   ] GC(229)   Merge Heap Roots: 1.2ms
[2024-08-28T01:10:02.372+0000][info][gc,phases   ] GC(229)   Evacuate Collection Set: 23.9ms
[2024-08-28T01:10:02.372+0000][info][gc,phases   ] GC(229)   Post Evacuate Collection Set: 1.0ms
[2024-08-28T01:10:02.372+0000][info][gc,phases   ] GC(229)   Other: 0.3ms
[2024-08-28T01:10:02.372+0000][info][gc,heap     ] GC(229) Eden regions: 118->0(85)
[2024-08-28T01:10:02.372+0000][info][gc,heap     ] GC(229) Survivor regions: 14->17(17)
[2024-08-28T01:10:02.372+0000][info][gc,heap     ] GC(229) Old regions: 1450->1569
[2024-08-28T01:10:02.372+0000][info][gc,heap     ] GC(229) Archive regions: 2->2
[2024-08-28T01:10:02.372+0000][info][gc,heap     ] GC(229) Humongous regions: 5->5
[2024-08-28T01:10:02.372+0000][info][gc,metaspace] GC(229) Metaspace: 100K(320K)->100K(320K) NonClass: 96K(192K)->96K(192K) Class: 4K(128K)->4K(128K)
[2024-08-28T01:10:02.372+0000][info][gc          ] GC(229) Pause Young (Prepare Mixed) (G1 Evacuation Pause) 1587M->1591M(2048M) 26.864ms
[2024-08-28T01:10:02.372+0000][info][gc,cpu      ] GC(229) User=1.07s Sys=0.16s Real=0.03s
[2024-08-28T01:10:02.417+0000][info][gc,start    ] GC(230) Pause Young (Mixed) (G1 Evacuation Pause)
[2024-08-28T01:10:02.417+0000][info][gc,task     ] GC(230) Using 49 workers of 68 for evacuation
[2024-08-28T01:10:02.435+0000][info][gc,phases   ] GC(230)   Pre Evacuate Collection Set: 0.5ms
[2024-08-28T01:10:02.436+0000][info][gc,phases   ] GC(230)   Merge Heap Roots: 0.5ms
[2024-08-28T01:10:02.436+0000][info][gc,phases   ] GC(230)   Evacuate Collection Set: 16.5ms
[2024-08-28T01:10:02.436+0000][info][gc,phases   ] GC(230)   Post Evacuate Collection Set: 0.6ms
[2024-08-28T01:10:02.436+0000][info][gc,phases   ] GC(230)   Other: 0.3ms
[2024-08-28T01:10:02.436+0000][info][gc,heap     ] GC(230) Eden regions: 85->0(89)
[2024-08-28T01:10:02.436+0000][info][gc,heap     ] GC(230) Survivor regions: 17->13(13)
[2024-08-28T01:10:02.436+0000][info][gc,heap     ] GC(230) Old regions: 1569->1541
[2024-08-28T01:10:02.436+0000][info][gc,heap     ] GC(230) Archive regions: 2->2
[2024-08-28T01:10:02.436+0000][info][gc,heap     ] GC(230) Humongous regions: 5->5
[2024-08-28T01:10:02.436+0000][info][gc,metaspace] GC(230) Metaspace: 100K(320K)->100K(320K) NonClass: 96K(192K)->96K(192K) Class: 4K(128K)->4K(128K)
[2024-08-28T01:10:02.436+0000][info][gc          ] GC(230) Pause Young (Mixed) (G1 Evacuation Pause) 1676M->1559M(2048M) 18.478ms
[2024-08-28T01:10:02.436+0000][info][gc,cpu      ] GC(230) User=0.69s Sys=0.12s Real=0.02s
[2024-08-28T01:10:02.482+0000][info][gc,start    ] GC(231) Pause Young (Mixed) (G1 Evacuation Pause)
[2024-08-28T01:10:02.482+0000][info][gc,task     ] GC(231) Using 49 workers of 68 for evacuation
[2024-08-28T01:10:02.499+0000][info][gc,phases   ] GC(231)   Pre Evacuate Collection Set: 0.4ms
[2024-08-28T01:10:02.499+0000][info][gc,phases   ] GC(231)   Merge Heap Roots: 0.8ms
[2024-08-28T01:10:02.499+0000][info][gc,phases   ] GC(231)   Evacuate Collection Set: 15.1ms
[2024-08-28T01:10:02.499+0000][info][gc,phases   ] GC(231)   Post Evacuate Collection Set: 0.5ms
[2024-08-28T01:10:02.499+0000][info][gc,phases   ] GC(231)   Other: 0.3ms
[2024-08-28T01:10:02.499+0000][info][gc,heap     ] GC(231) Eden regions: 89->0(89)
[2024-08-28T01:10:02.499+0000][info][gc,heap     ] GC(231) Survivor regions: 13->13(13)
[2024-08-28T01:10:02.499+0000][info][gc,heap     ] GC(231) Old regions: 1541->1511
[2024-08-28T01:10:02.499+0000][info][gc,heap     ] GC(231) Archive regions: 2->2
[2024-08-28T01:10:02.499+0000][info][gc,heap     ] GC(231) Humongous regions: 5->5
[2024-08-28T01:10:02.499+0000][info][gc,metaspace] GC(231) Metaspace: 100K(320K)->100K(320K) NonClass: 96K(192K)->96K(192K) Class: 4K(128K)->4K(128K)
[2024-08-28T01:10:02.499+0000][info][gc          ] GC(231) Pause Young (Mixed) (G1 Evacuation Pause) 1648M->1529M(2048M) 17.145ms
[2024-08-28T01:10:02.499+0000][info][gc,cpu      ] GC(231) User=0.76s Sys=0.01s Real=0.02s
[2024-08-28T01:10:02.550+0000][info][gc,start    ] GC(232) Pause Young (Mixed) (G1 Evacuation Pause)
[2024-08-28T01:10:02.550+0000][info][gc,task     ] GC(232) Using 49 workers of 68 for evacuation
[2024-08-28T01:10:02.567+0000][info][gc,phases   ] GC(232)   Pre Evacuate Collection Set: 0.5ms
[2024-08-28T01:10:02.567+0000][info][gc,phases   ] GC(232)   Merge Heap Roots: 0.5ms
[2024-08-28T01:10:02.567+0000][info][gc,phases   ] GC(232)   Evacuate Collection Set: 14.7ms
[2024-08-28T01:10:02.567+0000][info][gc,phases   ] GC(232)   Post Evacuate Collection Set: 0.5ms
[2024-08-28T01:10:02.567+0000][info][gc,phases   ] GC(232)   Other: 0.3ms
[2024-08-28T01:10:02.567+0000][info][gc,heap     ] GC(232) Eden regions: 89->0(89)
[2024-08-28T01:10:02.567+0000][info][gc,heap     ] GC(232) Survivor regions: 13->13(13)
[2024-08-28T01:10:02.567+0000][info][gc,heap     ] GC(232) Old regions: 1511->1482
[2024-08-28T01:10:02.567+0000][info][gc,heap     ] GC(232) Archive regions: 2->2
[2024-08-28T01:10:02.567+0000][info][gc,heap     ] GC(232) Humongous regions: 5->5
[2024-08-28T01:10:02.567+0000][info][gc,metaspace] GC(232) Metaspace: 100K(320K)->100K(320K) NonClass: 96K(192K)->96K(192K) Class: 4K(128K)->4K(128K)
[2024-08-28T01:10:02.567+0000][info][gc          ] GC(232) Pause Young (Mixed) (G1 Evacuation Pause) 1618M->1500M(2048M) 16.383ms
[2024-08-28T01:10:02.567+0000][info][gc,cpu      ] GC(232) User=0.74s Sys=0.00s Real=0.01s
[2024-08-28T01:10:02.617+0000][info][gc,start    ] GC(233) Pause Young (Mixed) (G1 Evacuation Pause)
[2024-08-28T01:10:02.617+0000][info][gc,task     ] GC(233) Using 49 workers of 68 for evacuation
[2024-08-28T01:10:02.634+0000][info][gc,phases   ] GC(233)   Pre Evacuate Collection Set: 0.4ms
[2024-08-28T01:10:02.634+0000][info][gc,phases   ] GC(233)   Merge Heap Roots: 0.5ms
[2024-08-28T01:10:02.634+0000][info][gc,phases   ] GC(233)   Evacuate Collection Set: 14.8ms
[2024-08-28T01:10:02.634+0000][info][gc,phases   ] GC(233)   Post Evacuate Collection Set: 0.6ms
[2024-08-28T01:10:02.634+0000][info][gc,phases   ] GC(233)   Other: 0.2ms
[2024-08-28T01:10:02.634+0000][info][gc,heap     ] GC(233) Eden regions: 89->0(89)
[2024-08-28T01:10:02.634+0000][info][gc,heap     ] GC(233) Survivor regions: 13->13(13)
[2024-08-28T01:10:02.634+0000][info][gc,heap     ] GC(233) Old regions: 1482->1453
[2024-08-28T01:10:02.634+0000][info][gc,heap     ] GC(233) Archive regions: 2->2
[2024-08-28T01:10:02.634+0000][info][gc,heap     ] GC(233) Humongous regions: 5->5
[2024-08-28T01:10:02.634+0000][info][gc,metaspace] GC(233) Metaspace: 100K(320K)->100K(320K) NonClass: 96K(192K)->96K(192K) Class: 4K(128K)->4K(128K)
[2024-08-28T01:10:02.634+0000][info][gc          ] GC(233) Pause Young (Mixed) (G1 Evacuation Pause) 1589M->1471M(2048M) 16.580ms
[2024-08-28T01:10:02.634+0000][info][gc,cpu      ] GC(233) User=0.72s Sys=0.02s Real=0.02s
[2024-08-28T01:10:02.682+0000][info][gc,start    ] GC(234) Pause Young (Mixed) (G1 Evacuation Pause)
[2024-08-28T01:10:02.682+0000][info][gc,task     ] GC(234) Using 49 workers of 68 for evacuation
[2024-08-28T01:10:02.699+0000][info][gc,phases   ] GC(234)   Pre Evacuate Collection Set: 0.4ms
[2024-08-28T01:10:02.699+0000][info][gc,phases   ] GC(234)   Merge Heap Roots: 0.5ms
[2024-08-28T01:10:02.699+0000][info][gc,phases   ] GC(234)   Evacuate Collection Set: 14.8ms
[2024-08-28T01:10:02.699+0000][info][gc,phases   ] GC(234)   Post Evacuate Collection Set: 0.5ms
[2024-08-28T01:10:02.699+0000][info][gc,phases   ] GC(234)   Other: 0.2ms
[2024-08-28T01:10:02.699+0000][info][gc,heap     ] GC(234) Eden regions: 89->0(89)
[2024-08-28T01:10:02.699+0000][info][gc,heap     ] GC(234) Survivor regions: 13->13(13)
[2024-08-28T01:10:02.699+0000][info][gc,heap     ] GC(234) Old regions: 1453->1423
[2024-08-28T01:10:02.699+0000][info][gc,heap     ] GC(234) Archive regions: 2->2
[2024-08-28T01:10:02.699+0000][info][gc,heap     ] GC(234) Humongous regions: 5->5
[2024-08-28T01:10:02.699+0000][info][gc,metaspace] GC(234) Metaspace: 100K(320K)->100K(320K) NonClass: 96K(192K)->96K(192K) Class: 4K(128K)->4K(128K)
[2024-08-28T01:10:02.699+0000][info][gc          ] GC(234) Pause Young (Mixed) (G1 Evacuation Pause) 1560M->1441M(2048M) 16.486ms
[2024-08-28T01:10:02.699+0000][info][gc,cpu      ] GC(234) User=0.74s Sys=0.01s Real=0.02s
[2024-08-28T01:10:02.748+0000][info][gc,start    ] GC(235) Pause Young (Mixed) (G1 Evacuation Pause)
[2024-08-28T01:10:02.748+0000][info][gc,task     ] GC(235) Using 49 workers of 68 for evacuation
[2024-08-28T01:10:02.765+0000][info][gc,phases   ] GC(235)   Pre Evacuate Collection Set: 0.4ms
[2024-08-28T01:10:02.765+0000][info][gc,phases   ] GC(235)   Merge Heap Roots: 0.6ms
[2024-08-28T01:10:02.765+0000][info][gc,phases   ] GC(235)   Evacuate Collection Set: 15.1ms
[2024-08-28T01:10:02.765+0000][info][gc,phases   ] GC(235)   Post Evacuate Collection Set: 0.5ms
[2024-08-28T01:10:02.765+0000][info][gc,phases   ] GC(235)   Other: 0.2ms
[2024-08-28T01:10:02.765+0000][info][gc,heap     ] GC(235) Eden regions: 89->0(89)
[2024-08-28T01:10:02.765+0000][info][gc,heap     ] GC(235) Survivor regions: 13->13(13)
[2024-08-28T01:10:02.765+0000][info][gc,heap     ] GC(235) Old regions: 1423->1395
[2024-08-28T01:10:02.765+0000][info][gc,heap     ] GC(235) Archive regions: 2->2
[2024-08-28T01:10:02.765+0000][info][gc,heap     ] GC(235) Humongous regions: 5->5
[2024-08-28T01:10:02.765+0000][info][gc,metaspace] GC(235) Metaspace: 100K(320K)->100K(320K) NonClass: 96K(192K)->96K(192K) Class: 4K(128K)->4K(128K)
[2024-08-28T01:10:02.765+0000][info][gc          ] GC(235) Pause Young (Mixed) (G1 Evacuation Pause) 1530M->1413M(2048M) 16.944ms
[2024-08-28T01:10:02.765+0000][info][gc,cpu      ] GC(235) User=0.76s Sys=0.01s Real=0.02s
[2024-08-28T01:10:02.814+0000][info][gc,start    ] GC(236) Pause Young (Mixed) (G1 Evacuation Pause)
[2024-08-28T01:10:02.814+0000][info][gc,task     ] GC(236) Using 49 workers of 68 for evacuation
[2024-08-28T01:10:02.831+0000][info][gc,phases   ] GC(236)   Pre Evacuate Collection Set: 0.4ms
[2024-08-28T01:10:02.831+0000][info][gc,phases   ] GC(236)   Merge Heap Roots: 0.4ms
[2024-08-28T01:10:02.831+0000][info][gc,phases   ] GC(236)   Evacuate Collection Set: 15.2ms
[2024-08-28T01:10:02.831+0000][info][gc,phases   ] GC(236)   Post Evacuate Collection Set: 0.5ms
[2024-08-28T01:10:02.831+0000][info][gc,phases   ] GC(236)   Other: 0.2ms
[2024-08-28T01:10:02.831+0000][info][gc,heap     ] GC(236) Eden regions: 89->0(132)
[2024-08-28T01:10:02.831+0000][info][gc,heap     ] GC(236) Survivor regions: 13->13(13)
[2024-08-28T01:10:02.831+0000][info][gc,heap     ] GC(236) Old regions: 1395->1409
[2024-08-28T01:10:02.831+0000][info][gc,heap     ] GC(236) Archive regions: 2->2
[2024-08-28T01:10:02.831+0000][info][gc,heap     ] GC(236) Humongous regions: 5->5
[2024-08-28T01:10:02.831+0000][info][gc,metaspace] GC(236) Metaspace: 100K(320K)->100K(320K) NonClass: 96K(192K)->96K(192K) Class: 4K(128K)->4K(128K)
[2024-08-28T01:10:02.831+0000][info][gc          ] GC(236) Pause Young (Mixed) (G1 Evacuation Pause) 1502M->1427M(2048M) 16.914ms
[2024-08-28T01:10:02.831+0000][info][gc,cpu      ] GC(236) User=0.70s Sys=0.01s Real=0.02s
[2024-08-28T01:10:02.904+0000][info][gc,start    ] GC(237) Pause Young (Concurrent Start) (G1 Evacuation Pause)
[2024-08-28T01:10:02.905+0000][info][gc,task     ] GC(237) Using 49 workers of 68 for evacuation
[2024-08-28T01:10:02.927+0000][info][gc,phases   ] GC(237)   Pre Evacuate Collection Set: 0.4ms
[2024-08-28T01:10:02.927+0000][info][gc,phases   ] GC(237)   Merge Heap Roots: 0.5ms
[2024-08-28T01:10:02.927+0000][info][gc,phases   ] GC(237)   Evacuate Collection Set: 20.4ms
[2024-08-28T01:10:02.927+0000][info][gc,phases   ] GC(237)   Post Evacuate Collection Set: 0.5ms
[2024-08-28T01:10:02.927+0000][info][gc,phases   ] GC(237)   Other: 1.0ms
[2024-08-28T01:10:02.927+0000][info][gc,heap     ] GC(237) Eden regions: 132->0(89)
[2024-08-28T01:10:02.927+0000][info][gc,heap     ] GC(237) Survivor regions: 13->19(19)
[2024-08-28T01:10:02.927+0000][info][gc,heap     ] GC(237) Old regions: 1409->1537
[2024-08-28T01:10:02.927+0000][info][gc,heap     ] GC(237) Archive regions: 2->2
[2024-08-28T01:10:02.927+0000][info][gc,heap     ] GC(237) Humongous regions: 5->5
[2024-08-28T01:10:02.927+0000][info][gc,metaspace] GC(237) Metaspace: 100K(320K)->100K(320K) NonClass: 96K(192K)->96K(192K) Class: 4K(128K)->4K(128K)
[2024-08-28T01:10:02.927+0000][info][gc          ] GC(237) Pause Young (Concurrent Start) (G1 Evacuation Pause) 1559M->1561M(2048M) 22.950ms
[2024-08-28T01:10:02.927+0000][info][gc,cpu      ] GC(237) User=1.00s Sys=0.00s Real=0.02s
[2024-08-28T01:10:02.927+0000][info][gc          ] GC(238) Concurrent Mark Cycle
[2024-08-28T01:10:02.928+0000][info][gc,marking  ] GC(238) Concurrent Clear Claimed Marks
[2024-08-28T01:10:02.928+0000][info][gc,marking  ] GC(238) Concurrent Clear Claimed Marks 0.012ms
[2024-08-28T01:10:02.928+0000][info][gc,marking  ] GC(238) Concurrent Scan Root Regions
[2024-08-28T01:10:02.932+0000][info][gc,marking  ] GC(238) Concurrent Scan Root Regions 4.071ms
[2024-08-28T01:10:02.932+0000][info][gc,marking  ] GC(238) Concurrent Mark
[2024-08-28T01:10:02.932+0000][info][gc,marking  ] GC(238) Concurrent Mark From Roots
[2024-08-28T01:10:02.932+0000][info][gc,task     ] GC(238) Using 17 workers of 17 for marking
[2024-08-28T01:10:02.952+0000][info][gc,marking  ] GC(238) Concurrent Mark From Roots 20.436ms
[2024-08-28T01:10:02.952+0000][info][gc,marking  ] GC(238) Concurrent Preclean
[2024-08-28T01:10:02.953+0000][info][gc,marking  ] GC(238) Concurrent Preclean 0.697ms
[2024-08-28T01:10:02.953+0000][info][gc,start    ] GC(238) Pause Remark
[2024-08-28T01:10:02.955+0000][info][gc          ] GC(238) Pause Remark 1592M->1394M(2048M) 2.187ms
[2024-08-28T01:10:02.955+0000][info][gc,cpu      ] GC(238) User=0.02s Sys=0.01s Real=0.00s
[2024-08-28T01:10:02.955+0000][info][gc,marking  ] GC(238) Concurrent Mark 23.774ms
[2024-08-28T01:10:02.955+0000][info][gc,marking  ] GC(238) Concurrent Rebuild Remembered Sets
[2024-08-28T01:10:02.988+0000][info][gc,start    ] GC(239) Pause Young (Normal) (G1 Evacuation Pause)
[2024-08-28T01:10:02.988+0000][info][gc,task     ] GC(239) Using 49 workers of 68 for evacuation
[2024-08-28T01:10:03.006+0000][info][gc,phases   ] GC(239)   Pre Evacuate Collection Set: 0.4ms
[2024-08-28T01:10:03.006+0000][info][gc,phases   ] GC(239)   Merge Heap Roots: 0.5ms
[2024-08-28T01:10:03.006+0000][info][gc,phases   ] GC(239)   Evacuate Collection Set: 15.9ms
[2024-08-28T01:10:03.006+0000][info][gc,phases   ] GC(239)   Post Evacuate Collection Set: 0.7ms
[2024-08-28T01:10:03.006+0000][info][gc,phases   ] GC(239)   Other: 0.3ms
[2024-08-28T01:10:03.006+0000][info][gc,heap     ] GC(239) Eden regions: 89->0(121)
[2024-08-28T01:10:03.006+0000][info][gc,heap     ] GC(239) Survivor regions: 19->14(14)
[2024-08-28T01:10:03.006+0000][info][gc,heap     ] GC(239) Old regions: 1339->1441
[2024-08-28T01:10:03.006+0000][info][gc,heap     ] GC(239) Archive regions: 2->2
[2024-08-28T01:10:03.006+0000][info][gc,heap     ] GC(239) Humongous regions: 5->5
[2024-08-28T01:10:03.006+0000][info][gc,metaspace] GC(239) Metaspace: 100K(320K)->100K(320K) NonClass: 96K(192K)->96K(192K) Class: 4K(128K)->4K(128K)
[2024-08-28T01:10:03.006+0000][info][gc          ] GC(239) Pause Young (Normal) (G1 Evacuation Pause) 1452M->1460M(2048M) 17.932ms
[2024-08-28T01:10:03.006+0000][info][gc,cpu      ] GC(239) User=0.79s Sys=0.00s Real=0.02s
[2024-08-28T01:10:03.021+0000][info][gc,marking  ] GC(238) Concurrent Rebuild Remembered Sets 65.175ms
[2024-08-28T01:10:03.021+0000][info][gc,start    ] GC(238) Pause Cleanup
[2024-08-28T01:10:03.024+0000][info][gc          ] GC(238) Pause Cleanup 1484M->1484M(2048M) 2.963ms
[2024-08-28T01:10:03.024+0000][info][gc,cpu      ] GC(238) User=0.02s Sys=0.00s Real=0.00s
[2024-08-28T01:10:03.024+0000][info][gc,marking  ] GC(238) Concurrent Cleanup for Next Mark
[2024-08-28T01:10:03.026+0000][info][gc,marking  ] GC(238) Concurrent Cleanup for Next Mark 1.849ms
[2024-08-28T01:10:03.026+0000][info][gc          ] GC(238) Concurrent Mark Cycle 98.411ms
[2024-08-28T01:10:03.080+0000][info][gc,start    ] GC(240) Pause Young (Prepare Mixed) (G1 Evacuation Pause)
[2024-08-28T01:10:03.080+0000][info][gc,task     ] GC(240) Using 49 workers of 68 for evacuation
[2024-08-28T01:10:03.104+0000][info][gc,phases   ] GC(240)   Pre Evacuate Collection Set: 0.4ms
[2024-08-28T01:10:03.104+0000][info][gc,phases   ] GC(240)   Merge Heap Roots: 0.8ms
[2024-08-28T01:10:03.104+0000][info][gc,phases   ] GC(240)   Evacuate Collection Set: 22.0ms
[2024-08-28T01:10:03.104+0000][info][gc,phases   ] GC(240)   Post Evacuate Collection Set: 0.5ms
[2024-08-28T01:10:03.104+0000][info][gc,phases   ] GC(240)   Other: 0.3ms
[2024-08-28T01:10:03.104+0000][info][gc,heap     ] GC(240) Eden regions: 121->0(85)
[2024-08-28T01:10:03.104+0000][info][gc,heap     ] GC(240) Survivor regions: 14->17(17)
[2024-08-28T01:10:03.104+0000][info][gc,heap     ] GC(240) Old regions: 1441->1561
[2024-08-28T01:10:03.104+0000][info][gc,heap     ] GC(240) Archive regions: 2->2
[2024-08-28T01:10:03.104+0000][info][gc,heap     ] GC(240) Humongous regions: 5->5
[2024-08-28T01:10:03.104+0000][info][gc,metaspace] GC(240) Metaspace: 100K(320K)->100K(320K) NonClass: 96K(192K)->96K(192K) Class: 4K(128K)->4K(128K)
[2024-08-28T01:10:03.104+0000][info][gc          ] GC(240) Pause Young (Prepare Mixed) (G1 Evacuation Pause) 1581M->1583M(2048M) 24.110ms
[2024-08-28T01:10:03.104+0000][info][gc,cpu      ] GC(240) User=1.10s Sys=0.02s Real=0.02s
[2024-08-28T01:10:03.153+0000][info][gc,start    ] GC(241) Pause Young (Mixed) (G1 Evacuation Pause)
[2024-08-28T01:10:03.153+0000][info][gc,task     ] GC(241) Using 49 workers of 68 for evacuation
[2024-08-28T01:10:03.170+0000][info][gc,phases   ] GC(241)   Pre Evacuate Collection Set: 0.4ms
[2024-08-28T01:10:03.170+0000][info][gc,phases   ] GC(241)   Merge Heap Roots: 0.4ms
[2024-08-28T01:10:03.170+0000][info][gc,phases   ] GC(241)   Evacuate Collection Set: 15.2ms
[2024-08-28T01:10:03.170+0000][info][gc,phases   ] GC(241)   Post Evacuate Collection Set: 0.5ms
[2024-08-28T01:10:03.170+0000][info][gc,phases   ] GC(241)   Other: 0.2ms
[2024-08-28T01:10:03.170+0000][info][gc,heap     ] GC(241) Eden regions: 85->0(89)
[2024-08-28T01:10:03.170+0000][info][gc,heap     ] GC(241) Survivor regions: 17->13(13)
[2024-08-28T01:10:03.170+0000][info][gc,heap     ] GC(241) Old regions: 1561->1534
[2024-08-28T01:10:03.170+0000][info][gc,heap     ] GC(241) Archive regions: 2->2
[2024-08-28T01:10:03.170+0000][info][gc,heap     ] GC(241) Humongous regions: 5->5
[2024-08-28T01:10:03.170+0000][info][gc,metaspace] GC(241) Metaspace: 100K(320K)->100K(320K) NonClass: 96K(192K)->96K(192K) Class: 4K(128K)->4K(128K)
[2024-08-28T01:10:03.170+0000][info][gc          ] GC(241) Pause Young (Mixed) (G1 Evacuation Pause) 1668M->1552M(2048M) 16.934ms
[2024-08-28T01:10:03.170+0000][info][gc,cpu      ] GC(241) User=0.72s Sys=0.03s Real=0.02s
[2024-08-28T01:10:03.221+0000][info][gc,start    ] GC(242) Pause Young (Mixed) (G1 Evacuation Pause)
[2024-08-28T01:10:03.221+0000][info][gc,task     ] GC(242) Using 49 workers of 68 for evacuation
[2024-08-28T01:10:03.237+0000][info][gc,phases   ] GC(242)   Pre Evacuate Collection Set: 0.3ms
[2024-08-28T01:10:03.237+0000][info][gc,phases   ] GC(242)   Merge Heap Roots: 0.6ms
[2024-08-28T01:10:03.237+0000][info][gc,phases   ] GC(242)   Evacuate Collection Set: 14.7ms
[2024-08-28T01:10:03.237+0000][info][gc,phases   ] GC(242)   Post Evacuate Collection Set: 0.5ms
[2024-08-28T01:10:03.237+0000][info][gc,phases   ] GC(242)   Other: 0.2ms
[2024-08-28T01:10:03.237+0000][info][gc,heap     ] GC(242) Eden regions: 89->0(89)
[2024-08-28T01:10:03.237+0000][info][gc,heap     ] GC(242) Survivor regions: 13->13(13)
[2024-08-28T01:10:03.237+0000][info][gc,heap     ] GC(242) Old regions: 1534->1506
[2024-08-28T01:10:03.237+0000][info][gc,heap     ] GC(242) Archive regions: 2->2
[2024-08-28T01:10:03.237+0000][info][gc,heap     ] GC(242) Humongous regions: 5->5
[2024-08-28T01:10:03.237+0000][info][gc,metaspace] GC(242) Metaspace: 100K(320K)->100K(320K) NonClass: 96K(192K)->96K(192K) Class: 4K(128K)->4K(128K)
[2024-08-28T01:10:03.237+0000][info][gc          ] GC(242) Pause Young (Mixed) (G1 Evacuation Pause) 1641M->1524M(2048M) 16.423ms
[2024-08-28T01:10:03.237+0000][info][gc,cpu      ] GC(242) User=0.75s Sys=0.00s Real=0.01s
[2024-08-28T01:10:03.288+0000][info][gc,start    ] GC(243) Pause Young (Mixed) (G1 Evacuation Pause)
[2024-08-28T01:10:03.288+0000][info][gc,task     ] GC(243) Using 49 workers of 68 for evacuation
[2024-08-28T01:10:03.304+0000][info][gc,phases   ] GC(243)   Pre Evacuate Collection Set: 0.4ms
[2024-08-28T01:10:03.305+0000][info][gc,phases   ] GC(243)   Merge Heap Roots: 0.5ms
[2024-08-28T01:10:03.305+0000][info][gc,phases   ] GC(243)   Evacuate Collection Set: 15.2ms
[2024-08-28T01:10:03.305+0000][info][gc,phases   ] GC(243)   Post Evacuate Collection Set: 0.5ms
[2024-08-28T01:10:03.305+0000][info][gc,phases   ] GC(243)   Other: 0.2ms
[2024-08-28T01:10:03.305+0000][info][gc,heap     ] GC(243) Eden regions: 89->0(89)
[2024-08-28T01:10:03.305+0000][info][gc,heap     ] GC(243) Survivor regions: 13->13(13)
[2024-08-28T01:10:03.305+0000][info][gc,heap     ] GC(243) Old regions: 1506->1477
[2024-08-28T01:10:03.305+0000][info][gc,heap     ] GC(243) Archive regions: 2->2
[2024-08-28T01:10:03.305+0000][info][gc,heap     ] GC(243) Humongous regions: 5->5
[2024-08-28T01:10:03.305+0000][info][gc,metaspace] GC(243) Metaspace: 100K(320K)->100K(320K) NonClass: 96K(192K)->96K(192K) Class: 4K(128K)->4K(128K)
[2024-08-28T01:10:03.305+0000][info][gc          ] GC(243) Pause Young (Mixed) (G1 Evacuation Pause) 1613M->1495M(2048M) 16.898ms
[2024-08-28T01:10:03.305+0000][info][gc,cpu      ] GC(243) User=0.73s Sys=0.01s Real=0.02s
[2024-08-28T01:10:03.354+0000][info][gc,start    ] GC(244) Pause Young (Mixed) (G1 Evacuation Pause)
[2024-08-28T01:10:03.354+0000][info][gc,task     ] GC(244) Using 49 workers of 68 for evacuation
[2024-08-28T01:10:03.370+0000][info][gc,phases   ] GC(244)   Pre Evacuate Collection Set: 0.4ms
[2024-08-28T01:10:03.370+0000][info][gc,phases   ] GC(244)   Merge Heap Roots: 0.5ms
[2024-08-28T01:10:03.370+0000][info][gc,phases   ] GC(244)   Evacuate Collection Set: 14.7ms
[2024-08-28T01:10:03.370+0000][info][gc,phases   ] GC(244)   Post Evacuate Collection Set: 0.5ms
[2024-08-28T01:10:03.370+0000][info][gc,phases   ] GC(244)   Other: 0.3ms
[2024-08-28T01:10:03.370+0000][info][gc,heap     ] GC(244) Eden regions: 89->0(89)
[2024-08-28T01:10:03.370+0000][info][gc,heap     ] GC(244) Survivor regions: 13->13(13)
[2024-08-28T01:10:03.370+0000][info][gc,heap     ] GC(244) Old regions: 1477->1447
[2024-08-28T01:10:03.370+0000][info][gc,heap     ] GC(244) Archive regions: 2->2
[2024-08-28T01:10:03.370+0000][info][gc,heap     ] GC(244) Humongous regions: 5->5
[2024-08-28T01:10:03.370+0000][info][gc,metaspace] GC(244) Metaspace: 100K(320K)->100K(320K) NonClass: 96K(192K)->96K(192K) Class: 4K(128K)->4K(128K)
[2024-08-28T01:10:03.371+0000][info][gc          ] GC(244) Pause Young (Mixed) (G1 Evacuation Pause) 1584M->1465M(2048M) 16.536ms
[2024-08-28T01:10:03.371+0000][info][gc,cpu      ] GC(244) User=0.56s Sys=0.18s Real=0.02s
[2024-08-28T01:10:03.415+0000][info][gc,start    ] GC(245) Pause Young (Mixed) (G1 Evacuation Pause)
[2024-08-28T01:10:03.415+0000][info][gc,task     ] GC(245) Using 49 workers of 68 for evacuation
[2024-08-28T01:10:03.432+0000][info][gc,phases   ] GC(245)   Pre Evacuate Collection Set: 0.5ms
[2024-08-28T01:10:03.432+0000][info][gc,phases   ] GC(245)   Merge Heap Roots: 0.5ms
[2024-08-28T01:10:03.432+0000][info][gc,phases   ] GC(245)   Evacuate Collection Set: 15.0ms
[2024-08-28T01:10:03.432+0000][info][gc,phases   ] GC(245)   Post Evacuate Collection Set: 0.6ms
[2024-08-28T01:10:03.432+0000][info][gc,phases   ] GC(245)   Other: 0.3ms
[2024-08-28T01:10:03.432+0000][info][gc,heap     ] GC(245) Eden regions: 89->0(89)
[2024-08-28T01:10:03.432+0000][info][gc,heap     ] GC(245) Survivor regions: 13->13(13)
[2024-08-28T01:10:03.432+0000][info][gc,heap     ] GC(245) Old regions: 1447->1419
[2024-08-28T01:10:03.432+0000][info][gc,heap     ] GC(245) Archive regions: 2->2
[2024-08-28T01:10:03.432+0000][info][gc,heap     ] GC(245) Humongous regions: 5->5
[2024-08-28T01:10:03.432+0000][info][gc,metaspace] GC(245) Metaspace: 100K(320K)->100K(320K) NonClass: 96K(192K)->96K(192K) Class: 4K(128K)->4K(128K)
[2024-08-28T01:10:03.432+0000][info][gc          ] GC(245) Pause Young (Mixed) (G1 Evacuation Pause) 1554M->1437M(2048M) 16.821ms
[2024-08-28T01:10:03.432+0000][info][gc,cpu      ] GC(245) User=0.76s Sys=0.00s Real=0.02s
[2024-08-28T01:10:03.476+0000][info][gc,start    ] GC(246) Pause Young (Mixed) (G1 Evacuation Pause)
[2024-08-28T01:10:03.476+0000][info][gc,task     ] GC(246) Using 49 workers of 68 for evacuation
[2024-08-28T01:10:03.492+0000][info][gc,phases   ] GC(246)   Pre Evacuate Collection Set: 0.3ms
[2024-08-28T01:10:03.492+0000][info][gc,phases   ] GC(246)   Merge Heap Roots: 0.6ms
[2024-08-28T01:10:03.492+0000][info][gc,phases   ] GC(246)   Evacuate Collection Set: 14.6ms
[2024-08-28T01:10:03.492+0000][info][gc,phases   ] GC(246)   Post Evacuate Collection Set: 0.5ms
[2024-08-28T01:10:03.492+0000][info][gc,phases   ] GC(246)   Other: 0.2ms
[2024-08-28T01:10:03.492+0000][info][gc,heap     ] GC(246) Eden regions: 89->0(89)
[2024-08-28T01:10:03.492+0000][info][gc,heap     ] GC(246) Survivor regions: 13->13(13)
[2024-08-28T01:10:03.492+0000][info][gc,heap     ] GC(246) Old regions: 1419->1389
[2024-08-28T01:10:03.492+0000][info][gc,heap     ] GC(246) Archive regions: 2->2
[2024-08-28T01:10:03.492+0000][info][gc,heap     ] GC(246) Humongous regions: 5->5
[2024-08-28T01:10:03.492+0000][info][gc,metaspace] GC(246) Metaspace: 100K(320K)->100K(320K) NonClass: 96K(192K)->96K(192K) Class: 4K(128K)->4K(128K)
[2024-08-28T01:10:03.492+0000][info][gc          ] GC(246) Pause Young (Mixed) (G1 Evacuation Pause) 1526M->1407M(2048M) 16.439ms
[2024-08-28T01:10:03.492+0000][info][gc,cpu      ] GC(246) User=0.74s Sys=0.00s Real=0.02s
[2024-08-28T01:10:03.538+0000][info][gc,start    ] GC(247) Pause Young (Mixed) (G1 Evacuation Pause)
[2024-08-28T01:10:03.538+0000][info][gc,task     ] GC(247) Using 49 workers of 68 for evacuation
[2024-08-28T01:10:03.554+0000][info][gc,phases   ] GC(247)   Pre Evacuate Collection Set: 0.4ms
[2024-08-28T01:10:03.554+0000][info][gc,phases   ] GC(247)   Merge Heap Roots: 0.4ms
[2024-08-28T01:10:03.554+0000][info][gc,phases   ] GC(247)   Evacuate Collection Set: 14.6ms
[2024-08-28T01:10:03.554+0000][info][gc,phases   ] GC(247)   Post Evacuate Collection Set: 0.5ms
[2024-08-28T01:10:03.554+0000][info][gc,phases   ] GC(247)   Other: 0.2ms
[2024-08-28T01:10:03.554+0000][info][gc,heap     ] GC(247) Eden regions: 89->0(131)
[2024-08-28T01:10:03.554+0000][info][gc,heap     ] GC(247) Survivor regions: 13->13(13)
[2024-08-28T01:10:03.554+0000][info][gc,heap     ] GC(247) Old regions: 1389->1413
[2024-08-28T01:10:03.554+0000][info][gc,heap     ] GC(247) Archive regions: 2->2
[2024-08-28T01:10:03.554+0000][info][gc,heap     ] GC(247) Humongous regions: 5->5
[2024-08-28T01:10:03.554+0000][info][gc,metaspace] GC(247) Metaspace: 100K(320K)->100K(320K) NonClass: 96K(192K)->96K(192K) Class: 4K(128K)->4K(128K)
[2024-08-28T01:10:03.554+0000][info][gc          ] GC(247) Pause Young (Mixed) (G1 Evacuation Pause) 1496M->1431M(2048M) 16.220ms
[2024-08-28T01:10:03.554+0000][info][gc,cpu      ] GC(247) User=0.71s Sys=0.03s Real=0.01s
[2024-08-28T01:10:03.620+0000][info][gc,start    ] GC(248) Pause Young (Concurrent Start) (G1 Evacuation Pause)
[2024-08-28T01:10:03.620+0000][info][gc,task     ] GC(248) Using 49 workers of 68 for evacuation
[2024-08-28T01:10:03.641+0000][info][gc,phases   ] GC(248)   Pre Evacuate Collection Set: 0.4ms
[2024-08-28T01:10:03.641+0000][info][gc,phases   ] GC(248)   Merge Heap Roots: 0.5ms
[2024-08-28T01:10:03.641+0000][info][gc,phases   ] GC(248)   Evacuate Collection Set: 19.5ms
[2024-08-28T01:10:03.641+0000][info][gc,phases   ] GC(248)   Post Evacuate Collection Set: 0.5ms
[2024-08-28T01:10:03.641+0000][info][gc,phases   ] GC(248)   Other: 0.7ms
[2024-08-28T01:10:03.641+0000][info][gc,heap     ] GC(248) Eden regions: 131->0(88)
[2024-08-28T01:10:03.641+0000][info][gc,heap     ] GC(248) Survivor regions: 13->18(18)
[2024-08-28T01:10:03.641+0000][info][gc,heap     ] GC(248) Old regions: 1413->1541
[2024-08-28T01:10:03.641+0000][info][gc,heap     ] GC(248) Archive regions: 2->2
[2024-08-28T01:10:03.641+0000][info][gc,heap     ] GC(248) Humongous regions: 5->5
[2024-08-28T01:10:03.642+0000][info][gc,metaspace] GC(248) Metaspace: 100K(320K)->100K(320K) NonClass: 96K(192K)->96K(192K) Class: 4K(128K)->4K(128K)
[2024-08-28T01:10:03.642+0000][info][gc          ] GC(248) Pause Young (Concurrent Start) (G1 Evacuation Pause) 1562M->1564M(2048M) 21.657ms
[2024-08-28T01:10:03.642+0000][info][gc,cpu      ] GC(248) User=0.96s Sys=0.01s Real=0.02s
[2024-08-28T01:10:03.642+0000][info][gc          ] GC(249) Concurrent Mark Cycle
[2024-08-28T01:10:03.642+0000][info][gc,marking  ] GC(249) Concurrent Clear Claimed Marks
[2024-08-28T01:10:03.642+0000][info][gc,marking  ] GC(249) Concurrent Clear Claimed Marks 0.011ms
[2024-08-28T01:10:03.642+0000][info][gc,marking  ] GC(249) Concurrent Scan Root Regions
[2024-08-28T01:10:03.645+0000][info][gc,marking  ] GC(249) Concurrent Scan Root Regions 3.824ms
[2024-08-28T01:10:03.646+0000][info][gc,marking  ] GC(249) Concurrent Mark
[2024-08-28T01:10:03.646+0000][info][gc,marking  ] GC(249) Concurrent Mark From Roots
[2024-08-28T01:10:03.646+0000][info][gc,task     ] GC(249) Using 17 workers of 17 for marking
[2024-08-28T01:10:03.665+0000][info][gc,marking  ] GC(249) Concurrent Mark From Roots 19.094ms
[2024-08-28T01:10:03.665+0000][info][gc,marking  ] GC(249) Concurrent Preclean
[2024-08-28T01:10:03.667+0000][info][gc,marking  ] GC(249) Concurrent Preclean 2.085ms
[2024-08-28T01:10:03.667+0000][info][gc,start    ] GC(249) Pause Remark
[2024-08-28T01:10:03.669+0000][info][gc          ] GC(249) Pause Remark 1599M->1394M(2048M) 1.761ms
[2024-08-28T01:10:03.669+0000][info][gc,cpu      ] GC(249) User=0.01s Sys=0.00s Real=0.00s
[2024-08-28T01:10:03.669+0000][info][gc,marking  ] GC(249) Concurrent Mark 23.393ms
[2024-08-28T01:10:03.669+0000][info][gc,marking  ] GC(249) Concurrent Rebuild Remembered Sets
[2024-08-28T01:10:03.697+0000][info][gc,start    ] GC(250) Pause Young (Normal) (G1 Evacuation Pause)
[2024-08-28T01:10:03.697+0000][info][gc,task     ] GC(250) Using 49 workers of 68 for evacuation
[2024-08-28T01:10:03.714+0000][info][gc,phases   ] GC(250)   Pre Evacuate Collection Set: 0.3ms
[2024-08-28T01:10:03.714+0000][info][gc,phases   ] GC(250)   Merge Heap Roots: 0.5ms
[2024-08-28T01:10:03.714+0000][info][gc,phases   ] GC(250)   Evacuate Collection Set: 15.5ms
[2024-08-28T01:10:03.714+0000][info][gc,phases   ] GC(250)   Post Evacuate Collection Set: 0.7ms
[2024-08-28T01:10:03.714+0000][info][gc,phases   ] GC(250)   Other: 0.2ms
[2024-08-28T01:10:03.714+0000][info][gc,heap     ] GC(250) Eden regions: 88->0(124)
[2024-08-28T01:10:03.714+0000][info][gc,heap     ] GC(250) Survivor regions: 18->14(14)
[2024-08-28T01:10:03.714+0000][info][gc,heap     ] GC(250) Old regions: 1336->1434
[2024-08-28T01:10:03.714+0000][info][gc,heap     ] GC(250) Archive regions: 2->2
[2024-08-28T01:10:03.714+0000][info][gc,heap     ] GC(250) Humongous regions: 5->5
[2024-08-28T01:10:03.714+0000][info][gc,metaspace] GC(250) Metaspace: 100K(320K)->100K(320K) NonClass: 96K(192K)->96K(192K) Class: 4K(128K)->4K(128K)
[2024-08-28T01:10:03.714+0000][info][gc          ] GC(250) Pause Young (Normal) (G1 Evacuation Pause) 1447M->1453M(2048M) 17.332ms
[2024-08-28T01:10:03.714+0000][info][gc,cpu      ] GC(250) User=0.79s Sys=0.00s Real=0.02s
[2024-08-28T01:10:03.734+0000][info][gc,marking  ] GC(249) Concurrent Rebuild Remembered Sets 65.402ms
[2024-08-28T01:10:03.735+0000][info][gc,start    ] GC(249) Pause Cleanup
[2024-08-28T01:10:03.738+0000][info][gc          ] GC(249) Pause Cleanup 1492M->1492M(2048M) 2.856ms
[2024-08-28T01:10:03.738+0000][info][gc,cpu      ] GC(249) User=0.01s Sys=0.00s Real=0.01s
[2024-08-28T01:10:03.738+0000][info][gc,marking  ] GC(249) Concurrent Cleanup for Next Mark
[2024-08-28T01:10:03.739+0000][info][gc,marking  ] GC(249) Concurrent Cleanup for Next Mark 1.762ms
[2024-08-28T01:10:03.739+0000][info][gc          ] GC(249) Concurrent Mark Cycle 97.845ms
[2024-08-28T01:10:03.783+0000][info][gc,start    ] GC(251) Pause Young (Prepare Mixed) (G1 Evacuation Pause)
[2024-08-28T01:10:03.783+0000][info][gc,task     ] GC(251) Using 49 workers of 68 for evacuation
[2024-08-28T01:10:03.807+0000][info][gc,phases   ] GC(251)   Pre Evacuate Collection Set: 0.4ms
[2024-08-28T01:10:03.807+0000][info][gc,phases   ] GC(251)   Merge Heap Roots: 0.8ms
[2024-08-28T01:10:03.807+0000][info][gc,phases   ] GC(251)   Evacuate Collection Set: 22.2ms
[2024-08-28T01:10:03.807+0000][info][gc,phases   ] GC(251)   Post Evacuate Collection Set: 0.5ms
[2024-08-28T01:10:03.807+0000][info][gc,phases   ] GC(251)   Other: 0.2ms
[2024-08-28T01:10:03.807+0000][info][gc,heap     ] GC(251) Eden regions: 124->0(84)
[2024-08-28T01:10:03.807+0000][info][gc,heap     ] GC(251) Survivor regions: 14->18(18)
[2024-08-28T01:10:03.807+0000][info][gc,heap     ] GC(251) Old regions: 1434->1557
[2024-08-28T01:10:03.807+0000][info][gc,heap     ] GC(251) Archive regions: 2->2
[2024-08-28T01:10:03.807+0000][info][gc,heap     ] GC(251) Humongous regions: 5->5
[2024-08-28T01:10:03.807+0000][info][gc,metaspace] GC(251) Metaspace: 100K(320K)->100K(320K) NonClass: 96K(192K)->96K(192K) Class: 4K(128K)->4K(128K)
[2024-08-28T01:10:03.807+0000][info][gc          ] GC(251) Pause Young (Prepare Mixed) (G1 Evacuation Pause) 1577M->1580M(2048M) 24.235ms
[2024-08-28T01:10:03.807+0000][info][gc,cpu      ] GC(251) User=1.12s Sys=0.01s Real=0.02s
[2024-08-28T01:10:03.850+0000][info][gc,start    ] GC(252) Pause Young (Mixed) (G1 Evacuation Pause)
[2024-08-28T01:10:03.850+0000][info][gc,task     ] GC(252) Using 49 workers of 68 for evacuation
[2024-08-28T01:10:03.866+0000][info][gc,phases   ] GC(252)   Pre Evacuate Collection Set: 0.3ms
[2024-08-28T01:10:03.866+0000][info][gc,phases   ] GC(252)   Merge Heap Roots: 0.4ms
[2024-08-28T01:10:03.866+0000][info][gc,phases   ] GC(252)   Evacuate Collection Set: 15.3ms
[2024-08-28T01:10:03.866+0000][info][gc,phases   ] GC(252)   Post Evacuate Collection Set: 0.5ms
[2024-08-28T01:10:03.866+0000][info][gc,phases   ] GC(252)   Other: 0.2ms
[2024-08-28T01:10:03.866+0000][info][gc,heap     ] GC(252) Eden regions: 84->0(89)
[2024-08-28T01:10:03.866+0000][info][gc,heap     ] GC(252) Survivor regions: 18->13(13)
[2024-08-28T01:10:03.866+0000][info][gc,heap     ] GC(252) Old regions: 1557->1530
[2024-08-28T01:10:03.866+0000][info][gc,heap     ] GC(252) Archive regions: 2->2
[2024-08-28T01:10:03.866+0000][info][gc,heap     ] GC(252) Humongous regions: 5->5
[2024-08-28T01:10:03.866+0000][info][gc,metaspace] GC(252) Metaspace: 100K(320K)->100K(320K) NonClass: 96K(192K)->96K(192K) Class: 4K(128K)->4K(128K)
[2024-08-28T01:10:03.866+0000][info][gc          ] GC(252) Pause Young (Mixed) (G1 Evacuation Pause) 1664M->1548M(2048M) 16.824ms
[2024-08-28T01:10:03.867+0000][info][gc,cpu      ] GC(252) User=0.69s Sys=0.07s Real=0.01s
[2024-08-28T01:10:03.917+0000][info][gc,start    ] GC(253) Pause Young (Mixed) (G1 Evacuation Pause)
[2024-08-28T01:10:03.917+0000][info][gc,task     ] GC(253) Using 49 workers of 68 for evacuation
[2024-08-28T01:10:03.934+0000][info][gc,phases   ] GC(253)   Pre Evacuate Collection Set: 0.3ms
[2024-08-28T01:10:03.934+0000][info][gc,phases   ] GC(253)   Merge Heap Roots: 0.5ms
[2024-08-28T01:10:03.934+0000][info][gc,phases   ] GC(253)   Evacuate Collection Set: 15.4ms
[2024-08-28T01:10:03.934+0000][info][gc,phases   ] GC(253)   Post Evacuate Collection Set: 0.5ms
[2024-08-28T01:10:03.934+0000][info][gc,phases   ] GC(253)   Other: 0.2ms
[2024-08-28T01:10:03.934+0000][info][gc,heap     ] GC(253) Eden regions: 89->0(89)
[2024-08-28T01:10:03.934+0000][info][gc,heap     ] GC(253) Survivor regions: 13->13(13)
[2024-08-28T01:10:03.934+0000][info][gc,heap     ] GC(253) Old regions: 1530->1501
[2024-08-28T01:10:03.934+0000][info][gc,heap     ] GC(253) Archive regions: 2->2
[2024-08-28T01:10:03.934+0000][info][gc,heap     ] GC(253) Humongous regions: 5->5
[2024-08-28T01:10:03.934+0000][info][gc,metaspace] GC(253) Metaspace: 100K(320K)->100K(320K) NonClass: 96K(192K)->96K(192K) Class: 4K(128K)->4K(128K)
[2024-08-28T01:10:03.934+0000][info][gc          ] GC(253) Pause Young (Mixed) (G1 Evacuation Pause) 1637M->1519M(2048M) 17.069ms
[2024-08-28T01:10:03.934+0000][info][gc,cpu      ] GC(253) User=0.74s Sys=0.02s Real=0.02s
[2024-08-28T01:10:03.985+0000][info][gc,start    ] GC(254) Pause Young (Mixed) (G1 Evacuation Pause)
[2024-08-28T01:10:03.985+0000][info][gc,task     ] GC(254) Using 49 workers of 68 for evacuation
[2024-08-28T01:10:04.002+0000][info][gc,phases   ] GC(254)   Pre Evacuate Collection Set: 0.4ms
[2024-08-28T01:10:04.002+0000][info][gc,phases   ] GC(254)   Merge Heap Roots: 0.6ms
[2024-08-28T01:10:04.002+0000][info][gc,phases   ] GC(254)   Evacuate Collection Set: 15.0ms
[2024-08-28T01:10:04.002+0000][info][gc,phases   ] GC(254)   Post Evacuate Collection Set: 0.5ms
[2024-08-28T01:10:04.002+0000][info][gc,phases   ] GC(254)   Other: 0.2ms
[2024-08-28T01:10:04.002+0000][info][gc,heap     ] GC(254) Eden regions: 89->0(89)
[2024-08-28T01:10:04.002+0000][info][gc,heap     ] GC(254) Survivor regions: 13->13(13)
[2024-08-28T01:10:04.002+0000][info][gc,heap     ] GC(254) Old regions: 1501->1472
[2024-08-28T01:10:04.002+0000][info][gc,heap     ] GC(254) Archive regions: 2->2
[2024-08-28T01:10:04.002+0000][info][gc,heap     ] GC(254) Humongous regions: 5->5
[2024-08-28T01:10:04.002+0000][info][gc,metaspace] GC(254) Metaspace: 100K(320K)->100K(320K) NonClass: 96K(192K)->96K(192K) Class: 4K(128K)->4K(128K)
[2024-08-28T01:10:04.002+0000][info][gc          ] GC(254) Pause Young (Mixed) (G1 Evacuation Pause) 1608M->1490M(2048M) 16.927ms
[2024-08-28T01:10:04.002+0000][info][gc,cpu      ] GC(254) User=0.74s Sys=0.01s Real=0.02s
[2024-08-28T01:10:04.053+0000][info][gc,start    ] GC(255) Pause Young (Mixed) (G1 Evacuation Pause)
[2024-08-28T01:10:04.053+0000][info][gc,task     ] GC(255) Using 49 workers of 68 for evacuation
[2024-08-28T01:10:04.070+0000][info][gc,phases   ] GC(255)   Pre Evacuate Collection Set: 0.4ms
[2024-08-28T01:10:04.070+0000][info][gc,phases   ] GC(255)   Merge Heap Roots: 0.8ms
[2024-08-28T01:10:04.070+0000][info][gc,phases   ] GC(255)   Evacuate Collection Set: 15.0ms
[2024-08-28T01:10:04.070+0000][info][gc,phases   ] GC(255)   Post Evacuate Collection Set: 0.6ms
[2024-08-28T01:10:04.070+0000][info][gc,phases   ] GC(255)   Other: 0.2ms
[2024-08-28T01:10:04.070+0000][info][gc,heap     ] GC(255) Eden regions: 89->0(89)
[2024-08-28T01:10:04.070+0000][info][gc,heap     ] GC(255) Survivor regions: 13->13(13)
[2024-08-28T01:10:04.070+0000][info][gc,heap     ] GC(255) Old regions: 1472->1442
[2024-08-28T01:10:04.070+0000][info][gc,heap     ] GC(255) Archive regions: 2->2
[2024-08-28T01:10:04.070+0000][info][gc,heap     ] GC(255) Humongous regions: 5->5
[2024-08-28T01:10:04.070+0000][info][gc,metaspace] GC(255) Metaspace: 100K(320K)->100K(320K) NonClass: 96K(192K)->96K(192K) Class: 4K(128K)->4K(128K)
[2024-08-28T01:10:04.070+0000][info][gc          ] GC(255) Pause Young (Mixed) (G1 Evacuation Pause) 1579M->1460M(2048M) 17.076ms
[2024-08-28T01:10:04.070+0000][info][gc,cpu      ] GC(255) User=0.77s Sys=0.00s Real=0.02s
[2024-08-28T01:10:04.119+0000][info][gc,start    ] GC(256) Pause Young (Mixed) (G1 Evacuation Pause)
[2024-08-28T01:10:04.119+0000][info][gc,task     ] GC(256) Using 49 workers of 68 for evacuation
[2024-08-28T01:10:04.136+0000][info][gc,phases   ] GC(256)   Pre Evacuate Collection Set: 0.4ms
[2024-08-28T01:10:04.136+0000][info][gc,phases   ] GC(256)   Merge Heap Roots: 0.5ms
[2024-08-28T01:10:04.136+0000][info][gc,phases   ] GC(256)   Evacuate Collection Set: 15.3ms
[2024-08-28T01:10:04.136+0000][info][gc,phases   ] GC(256)   Post Evacuate Collection Set: 0.5ms
[2024-08-28T01:10:04.136+0000][info][gc,phases   ] GC(256)   Other: 0.3ms
[2024-08-28T01:10:04.136+0000][info][gc,heap     ] GC(256) Eden regions: 89->0(89)
[2024-08-28T01:10:04.136+0000][info][gc,heap     ] GC(256) Survivor regions: 13->13(13)
[2024-08-28T01:10:04.136+0000][info][gc,heap     ] GC(256) Old regions: 1442->1411
[2024-08-28T01:10:04.136+0000][info][gc,heap     ] GC(256) Archive regions: 2->2
[2024-08-28T01:10:04.136+0000][info][gc,heap     ] GC(256) Humongous regions: 5->5
[2024-08-28T01:10:04.136+0000][info][gc,metaspace] GC(256) Metaspace: 100K(320K)->100K(320K) NonClass: 96K(192K)->96K(192K) Class: 4K(128K)->4K(128K)
[2024-08-28T01:10:04.136+0000][info][gc          ] GC(256) Pause Young (Mixed) (G1 Evacuation Pause) 1549M->1429M(2048M) 17.158ms
[2024-08-28T01:10:04.137+0000][info][gc,cpu      ] GC(256) User=0.78s Sys=0.00s Real=0.01s
[2024-08-28T01:10:04.186+0000][info][gc,start    ] GC(257) Pause Young (Mixed) (G1 Evacuation Pause)
[2024-08-28T01:10:04.186+0000][info][gc,task     ] GC(257) Using 49 workers of 68 for evacuation
[2024-08-28T01:10:04.204+0000][info][gc,phases   ] GC(257)   Pre Evacuate Collection Set: 0.4ms
[2024-08-28T01:10:04.204+0000][info][gc,phases   ] GC(257)   Merge Heap Roots: 0.8ms
[2024-08-28T01:10:04.204+0000][info][gc,phases   ] GC(257)   Evacuate Collection Set: 15.7ms
[2024-08-28T01:10:04.204+0000][info][gc,phases   ] GC(257)   Post Evacuate Collection Set: 0.5ms
[2024-08-28T01:10:04.204+0000][info][gc,phases   ] GC(257)   Other: 0.2ms
[2024-08-28T01:10:04.204+0000][info][gc,heap     ] GC(257) Eden regions: 89->0(89)
[2024-08-28T01:10:04.204+0000][info][gc,heap     ] GC(257) Survivor regions: 13->13(13)
[2024-08-28T01:10:04.204+0000][info][gc,heap     ] GC(257) Old regions: 1411->1382
[2024-08-28T01:10:04.204+0000][info][gc,heap     ] GC(257) Archive regions: 2->2
[2024-08-28T01:10:04.204+0000][info][gc,heap     ] GC(257) Humongous regions: 5->5
[2024-08-28T01:10:04.204+0000][info][gc,metaspace] GC(257) Metaspace: 100K(320K)->100K(320K) NonClass: 96K(192K)->96K(192K) Class: 4K(128K)->4K(128K)
[2024-08-28T01:10:04.204+0000][info][gc          ] GC(257) Pause Young (Mixed) (G1 Evacuation Pause) 1518M->1400M(2048M) 17.706ms
[2024-08-28T01:10:04.204+0000][info][gc,cpu      ] GC(257) User=0.78s Sys=0.00s Real=0.02s
[2024-08-28T01:10:04.254+0000][info][gc,start    ] GC(258) Pause Young (Mixed) (G1 Evacuation Pause)
[2024-08-28T01:10:04.255+0000][info][gc,task     ] GC(258) Using 49 workers of 68 for evacuation
[2024-08-28T01:10:04.271+0000][info][gc,phases   ] GC(258)   Pre Evacuate Collection Set: 0.4ms
[2024-08-28T01:10:04.271+0000][info][gc,phases   ] GC(258)   Merge Heap Roots: 0.5ms
[2024-08-28T01:10:04.271+0000][info][gc,phases   ] GC(258)   Evacuate Collection Set: 15.1ms
[2024-08-28T01:10:04.271+0000][info][gc,phases   ] GC(258)   Post Evacuate Collection Set: 0.5ms
[2024-08-28T01:10:04.271+0000][info][gc,phases   ] GC(258)   Other: 0.3ms
[2024-08-28T01:10:04.271+0000][info][gc,heap     ] GC(258) Eden regions: 89->0(132)
[2024-08-28T01:10:04.271+0000][info][gc,heap     ] GC(258) Survivor regions: 13->13(13)
[2024-08-28T01:10:04.271+0000][info][gc,heap     ] GC(258) Old regions: 1382->1410
[2024-08-28T01:10:04.271+0000][info][gc,heap     ] GC(258) Archive regions: 2->2
[2024-08-28T01:10:04.271+0000][info][gc,heap     ] GC(258) Humongous regions: 5->5
[2024-08-28T01:10:04.271+0000][info][gc,metaspace] GC(258) Metaspace: 100K(320K)->100K(320K) NonClass: 96K(192K)->96K(192K) Class: 4K(128K)->4K(128K)
[2024-08-28T01:10:04.271+0000][info][gc          ] GC(258) Pause Young (Mixed) (G1 Evacuation Pause) 1489M->1428M(2048M) 16.788ms
[2024-08-28T01:10:04.271+0000][info][gc,cpu      ] GC(258) User=0.75s Sys=0.00s Real=0.02s
[2024-08-28T01:10:04.345+0000][info][gc,start    ] GC(259) Pause Young (Concurrent Start) (G1 Evacuation Pause)
[2024-08-28T01:10:04.345+0000][info][gc,task     ] GC(259) Using 49 workers of 68 for evacuation
[2024-08-28T01:10:04.368+0000][info][gc,phases   ] GC(259)   Pre Evacuate Collection Set: 0.4ms
[2024-08-28T01:10:04.368+0000][info][gc,phases   ] GC(259)   Merge Heap Roots: 0.6ms
[2024-08-28T01:10:04.368+0000][info][gc,phases   ] GC(259)   Evacuate Collection Set: 20.2ms
[2024-08-28T01:10:04.368+0000][info][gc,phases   ] GC(259)   Post Evacuate Collection Set: 0.5ms
[2024-08-28T01:10:04.368+0000][info][gc,phases   ] GC(259)   Other: 0.7ms
[2024-08-28T01:10:04.368+0000][info][gc,heap     ] GC(259) Eden regions: 132->0(88)
[2024-08-28T01:10:04.368+0000][info][gc,heap     ] GC(259) Survivor regions: 13->19(19)
[2024-08-28T01:10:04.368+0000][info][gc,heap     ] GC(259) Old regions: 1410->1538
[2024-08-28T01:10:04.368+0000][info][gc,heap     ] GC(259) Archive regions: 2->2
[2024-08-28T01:10:04.368+0000][info][gc,heap     ] GC(259) Humongous regions: 5->5
[2024-08-28T01:10:04.368+0000][info][gc,metaspace] GC(259) Metaspace: 100K(320K)->100K(320K) NonClass: 96K(192K)->96K(192K) Class: 4K(128K)->4K(128K)
[2024-08-28T01:10:04.368+0000][info][gc          ] GC(259) Pause Young (Concurrent Start) (G1 Evacuation Pause) 1560M->1562M(2048M) 22.529ms
[2024-08-28T01:10:04.368+0000][info][gc,cpu      ] GC(259) User=0.98s Sys=0.03s Real=0.02s
[2024-08-28T01:10:04.368+0000][info][gc          ] GC(260) Concurrent Mark Cycle
[2024-08-28T01:10:04.368+0000][info][gc,marking  ] GC(260) Concurrent Clear Claimed Marks
[2024-08-28T01:10:04.368+0000][info][gc,marking  ] GC(260) Concurrent Clear Claimed Marks 0.011ms
[2024-08-28T01:10:04.368+0000][info][gc,marking  ] GC(260) Concurrent Scan Root Regions
[2024-08-28T01:10:04.372+0000][info][gc,marking  ] GC(260) Concurrent Scan Root Regions 3.789ms
[2024-08-28T01:10:04.372+0000][info][gc,marking  ] GC(260) Concurrent Mark
[2024-08-28T01:10:04.372+0000][info][gc,marking  ] GC(260) Concurrent Mark From Roots
[2024-08-28T01:10:04.372+0000][info][gc,task     ] GC(260) Using 17 workers of 17 for marking
[2024-08-28T01:10:04.391+0000][info][gc,marking  ] GC(260) Concurrent Mark From Roots 19.581ms
[2024-08-28T01:10:04.392+0000][info][gc,marking  ] GC(260) Concurrent Preclean
[2024-08-28T01:10:04.392+0000][info][gc,marking  ] GC(260) Concurrent Preclean 0.502ms
[2024-08-28T01:10:04.392+0000][info][gc,start    ] GC(260) Pause Remark
[2024-08-28T01:10:04.394+0000][info][gc          ] GC(260) Pause Remark 1595M->1382M(2048M) 1.921ms
[2024-08-28T01:10:04.394+0000][info][gc,cpu      ] GC(260) User=0.02s Sys=0.00s Real=0.00s
[2024-08-28T01:10:04.394+0000][info][gc,marking  ] GC(260) Concurrent Mark 22.419ms
[2024-08-28T01:10:04.394+0000][info][gc,marking  ] GC(260) Concurrent Rebuild Remembered Sets
[2024-08-28T01:10:04.423+0000][info][gc,start    ] GC(261) Pause Young (Normal) (G1 Evacuation Pause)
[2024-08-28T01:10:04.423+0000][info][gc,task     ] GC(261) Using 49 workers of 68 for evacuation
[2024-08-28T01:10:04.440+0000][info][gc,phases   ] GC(261)   Pre Evacuate Collection Set: 0.4ms
[2024-08-28T01:10:04.440+0000][info][gc,phases   ] GC(261)   Merge Heap Roots: 0.8ms
[2024-08-28T01:10:04.440+0000][info][gc,phases   ] GC(261)   Evacuate Collection Set: 15.6ms
[2024-08-28T01:10:04.440+0000][info][gc,phases   ] GC(261)   Post Evacuate Collection Set: 0.7ms
[2024-08-28T01:10:04.440+0000][info][gc,phases   ] GC(261)   Other: 0.3ms
[2024-08-28T01:10:04.440+0000][info][gc,heap     ] GC(261) Eden regions: 88->0(127)
[2024-08-28T01:10:04.440+0000][info][gc,heap     ] GC(261) Survivor regions: 19->14(14)
[2024-08-28T01:10:04.440+0000][info][gc,heap     ] GC(261) Old regions: 1325->1424
[2024-08-28T01:10:04.440+0000][info][gc,heap     ] GC(261) Archive regions: 2->2
[2024-08-28T01:10:04.440+0000][info][gc,heap     ] GC(261) Humongous regions: 5->5
[2024-08-28T01:10:04.440+0000][info][gc,metaspace] GC(261) Metaspace: 100K(320K)->100K(320K) NonClass: 96K(192K)->96K(192K) Class: 4K(128K)->4K(128K)
[2024-08-28T01:10:04.441+0000][info][gc          ] GC(261) Pause Young (Normal) (G1 Evacuation Pause) 1437M->1443M(2048M) 17.850ms
[2024-08-28T01:10:04.441+0000][info][gc,cpu      ] GC(261) User=0.75s Sys=0.01s Real=0.02s
[2024-08-28T01:10:04.460+0000][info][gc,marking  ] GC(260) Concurrent Rebuild Remembered Sets 65.377ms
[2024-08-28T01:10:04.460+0000][info][gc,start    ] GC(260) Pause Cleanup
[2024-08-28T01:10:04.463+0000][info][gc          ] GC(260) Pause Cleanup 1479M->1479M(2048M) 2.854ms
[2024-08-28T01:10:04.463+0000][info][gc,cpu      ] GC(260) User=0.01s Sys=0.00s Real=0.00s
[2024-08-28T01:10:04.463+0000][info][gc,marking  ] GC(260) Concurrent Cleanup for Next Mark
[2024-08-28T01:10:04.464+0000][info][gc,marking  ] GC(260) Concurrent Cleanup for Next Mark 1.370ms
[2024-08-28T01:10:04.464+0000][info][gc          ] GC(260) Concurrent Mark Cycle 96.333ms
[2024-08-28T01:10:04.510+0000][info][gc,start    ] GC(262) Pause Young (Prepare Mixed) (G1 Evacuation Pause)
[2024-08-28T01:10:04.510+0000][info][gc,task     ] GC(262) Using 49 workers of 68 for evacuation
[2024-08-28T01:10:04.536+0000][info][gc,phases   ] GC(262)   Pre Evacuate Collection Set: 0.4ms
[2024-08-28T01:10:04.536+0000][info][gc,phases   ] GC(262)   Merge Heap Roots: 0.9ms
[2024-08-28T01:10:04.536+0000][info][gc,phases   ] GC(262)   Evacuate Collection Set: 23.5ms
[2024-08-28T01:10:04.536+0000][info][gc,phases   ] GC(262)   Post Evacuate Collection Set: 0.5ms
[2024-08-28T01:10:04.536+0000][info][gc,phases   ] GC(262)   Other: 0.2ms
[2024-08-28T01:10:04.536+0000][info][gc,heap     ] GC(262) Eden regions: 127->0(84)
[2024-08-28T01:10:04.536+0000][info][gc,heap     ] GC(262) Survivor regions: 14->18(18)
[2024-08-28T01:10:04.536+0000][info][gc,heap     ] GC(262) Old regions: 1424->1551
[2024-08-28T01:10:04.536+0000][info][gc,heap     ] GC(262) Archive regions: 2->2
[2024-08-28T01:10:04.536+0000][info][gc,heap     ] GC(262) Humongous regions: 5->5
[2024-08-28T01:10:04.536+0000][info][gc,metaspace] GC(262) Metaspace: 100K(320K)->100K(320K) NonClass: 96K(192K)->96K(192K) Class: 4K(128K)->4K(128K)
[2024-08-28T01:10:04.536+0000][info][gc          ] GC(262) Pause Young (Prepare Mixed) (G1 Evacuation Pause) 1570M->1574M(2048M) 25.546ms
[2024-08-28T01:10:04.536+0000][info][gc,cpu      ] GC(262) User=1.19s Sys=0.00s Real=0.02s
[2024-08-28T01:10:04.579+0000][info][gc,start    ] GC(263) Pause Young (Mixed) (G1 Evacuation Pause)
[2024-08-28T01:10:04.579+0000][info][gc,task     ] GC(263) Using 49 workers of 68 for evacuation
[2024-08-28T01:10:04.596+0000][info][gc,phases   ] GC(263)   Pre Evacuate Collection Set: 0.4ms
[2024-08-28T01:10:04.596+0000][info][gc,phases   ] GC(263)   Merge Heap Roots: 0.4ms
[2024-08-28T01:10:04.596+0000][info][gc,phases   ] GC(263)   Evacuate Collection Set: 15.5ms
[2024-08-28T01:10:04.596+0000][info][gc,phases   ] GC(263)   Post Evacuate Collection Set: 0.5ms
[2024-08-28T01:10:04.596+0000][info][gc,phases   ] GC(263)   Other: 0.2ms
[2024-08-28T01:10:04.596+0000][info][gc,heap     ] GC(263) Eden regions: 84->0(89)
[2024-08-28T01:10:04.596+0000][info][gc,heap     ] GC(263) Survivor regions: 18->13(13)
[2024-08-28T01:10:04.596+0000][info][gc,heap     ] GC(263) Old regions: 1551->1523
[2024-08-28T01:10:04.596+0000][info][gc,heap     ] GC(263) Archive regions: 2->2
[2024-08-28T01:10:04.596+0000][info][gc,heap     ] GC(263) Humongous regions: 5->5
[2024-08-28T01:10:04.596+0000][info][gc,metaspace] GC(263) Metaspace: 100K(320K)->100K(320K) NonClass: 96K(192K)->96K(192K) Class: 4K(128K)->4K(128K)
[2024-08-28T01:10:04.596+0000][info][gc          ] GC(263) Pause Young (Mixed) (G1 Evacuation Pause) 1658M->1541M(2048M) 17.196ms
[2024-08-28T01:10:04.596+0000][info][gc,cpu      ] GC(263) User=0.78s Sys=0.00s Real=0.01s
[2024-08-28T01:10:04.642+0000][info][gc,start    ] GC(264) Pause Young (Mixed) (G1 Evacuation Pause)
[2024-08-28T01:10:04.642+0000][info][gc,task     ] GC(264) Using 49 workers of 68 for evacuation
[2024-08-28T01:10:04.659+0000][info][gc,phases   ] GC(264)   Pre Evacuate Collection Set: 0.4ms
[2024-08-28T01:10:04.659+0000][info][gc,phases   ] GC(264)   Merge Heap Roots: 0.8ms
[2024-08-28T01:10:04.659+0000][info][gc,phases   ] GC(264)   Evacuate Collection Set: 15.3ms
[2024-08-28T01:10:04.659+0000][info][gc,phases   ] GC(264)   Post Evacuate Collection Set: 0.5ms
[2024-08-28T01:10:04.659+0000][info][gc,phases   ] GC(264)   Other: 0.2ms
[2024-08-28T01:10:04.659+0000][info][gc,heap     ] GC(264) Eden regions: 89->0(89)
[2024-08-28T01:10:04.659+0000][info][gc,heap     ] GC(264) Survivor regions: 13->13(13)
[2024-08-28T01:10:04.659+0000][info][gc,heap     ] GC(264) Old regions: 1523->1493
[2024-08-28T01:10:04.659+0000][info][gc,heap     ] GC(264) Archive regions: 2->2
[2024-08-28T01:10:04.659+0000][info][gc,heap     ] GC(264) Humongous regions: 5->5
[2024-08-28T01:10:04.659+0000][info][gc,metaspace] GC(264) Metaspace: 100K(320K)->100K(320K) NonClass: 96K(192K)->96K(192K) Class: 4K(128K)->4K(128K)
[2024-08-28T01:10:04.659+0000][info][gc          ] GC(264) Pause Young (Mixed) (G1 Evacuation Pause) 1630M->1511M(2048M) 17.275ms
[2024-08-28T01:10:04.659+0000][info][gc,cpu      ] GC(264) User=0.78s Sys=0.00s Real=0.02s
[2024-08-28T01:10:04.704+0000][info][gc,start    ] GC(265) Pause Young (Mixed) (G1 Evacuation Pause)
[2024-08-28T01:10:04.705+0000][info][gc,task     ] GC(265) Using 49 workers of 68 for evacuation
[2024-08-28T01:10:04.721+0000][info][gc,phases   ] GC(265)   Pre Evacuate Collection Set: 0.3ms
[2024-08-28T01:10:04.721+0000][info][gc,phases   ] GC(265)   Merge Heap Roots: 0.5ms
[2024-08-28T01:10:04.721+0000][info][gc,phases   ] GC(265)   Evacuate Collection Set: 14.8ms
[2024-08-28T01:10:04.721+0000][info][gc,phases   ] GC(265)   Post Evacuate Collection Set: 0.5ms
[2024-08-28T01:10:04.721+0000][info][gc,phases   ] GC(265)   Other: 0.3ms
[2024-08-28T01:10:04.721+0000][info][gc,heap     ] GC(265) Eden regions: 89->0(89)
[2024-08-28T01:10:04.721+0000][info][gc,heap     ] GC(265) Survivor regions: 13->13(13)
[2024-08-28T01:10:04.721+0000][info][gc,heap     ] GC(265) Old regions: 1493->1463
[2024-08-28T01:10:04.721+0000][info][gc,heap     ] GC(265) Archive regions: 2->2
[2024-08-28T01:10:04.721+0000][info][gc,heap     ] GC(265) Humongous regions: 5->5
[2024-08-28T01:10:04.721+0000][info][gc,metaspace] GC(265) Metaspace: 100K(320K)->100K(320K) NonClass: 96K(192K)->96K(192K) Class: 4K(128K)->4K(128K)
[2024-08-28T01:10:04.721+0000][info][gc          ] GC(265) Pause Young (Mixed) (G1 Evacuation Pause) 1600M->1481M(2048M) 16.384ms
[2024-08-28T01:10:04.721+0000][info][gc,cpu      ] GC(265) User=0.73s Sys=0.01s Real=0.02s
[2024-08-28T01:10:04.765+0000][info][gc,start    ] GC(266) Pause Young (Mixed) (G1 Evacuation Pause)
[2024-08-28T01:10:04.765+0000][info][gc,task     ] GC(266) Using 49 workers of 68 for evacuation
[2024-08-28T01:10:04.782+0000][info][gc,phases   ] GC(266)   Pre Evacuate Collection Set: 0.3ms
[2024-08-28T01:10:04.782+0000][info][gc,phases   ] GC(266)   Merge Heap Roots: 0.7ms
[2024-08-28T01:10:04.782+0000][info][gc,phases   ] GC(266)   Evacuate Collection Set: 14.8ms
[2024-08-28T01:10:04.782+0000][info][gc,phases   ] GC(266)   Post Evacuate Collection Set: 0.6ms
[2024-08-28T01:10:04.782+0000][info][gc,phases   ] GC(266)   Other: 0.3ms
[2024-08-28T01:10:04.782+0000][info][gc,heap     ] GC(266) Eden regions: 89->0(89)
[2024-08-28T01:10:04.782+0000][info][gc,heap     ] GC(266) Survivor regions: 13->13(13)
[2024-08-28T01:10:04.782+0000][info][gc,heap     ] GC(266) Old regions: 1463->1434
[2024-08-28T01:10:04.782+0000][info][gc,heap     ] GC(266) Archive regions: 2->2
[2024-08-28T01:10:04.782+0000][info][gc,heap     ] GC(266) Humongous regions: 5->5
[2024-08-28T01:10:04.782+0000][info][gc,metaspace] GC(266) Metaspace: 100K(320K)->100K(320K) NonClass: 96K(192K)->96K(192K) Class: 4K(128K)->4K(128K)
[2024-08-28T01:10:04.782+0000][info][gc          ] GC(266) Pause Young (Mixed) (G1 Evacuation Pause) 1570M->1452M(2048M) 16.807ms
[2024-08-28T01:10:04.782+0000][info][gc,cpu      ] GC(266) User=0.73s Sys=0.02s Real=0.02s
[2024-08-28T01:10:04.825+0000][info][gc,start    ] GC(267) Pause Young (Mixed) (G1 Evacuation Pause)
[2024-08-28T01:10:04.826+0000][info][gc,task     ] GC(267) Using 49 workers of 68 for evacuation
[2024-08-28T01:10:04.842+0000][info][gc,phases   ] GC(267)   Pre Evacuate Collection Set: 0.4ms
[2024-08-28T01:10:04.842+0000][info][gc,phases   ] GC(267)   Merge Heap Roots: 0.5ms
[2024-08-28T01:10:04.842+0000][info][gc,phases   ] GC(267)   Evacuate Collection Set: 15.1ms
[2024-08-28T01:10:04.842+0000][info][gc,phases   ] GC(267)   Post Evacuate Collection Set: 0.5ms
[2024-08-28T01:10:04.842+0000][info][gc,phases   ] GC(267)   Other: 0.3ms
[2024-08-28T01:10:04.842+0000][info][gc,heap     ] GC(267) Eden regions: 89->0(89)
[2024-08-28T01:10:04.842+0000][info][gc,heap     ] GC(267) Survivor regions: 13->13(13)
[2024-08-28T01:10:04.842+0000][info][gc,heap     ] GC(267) Old regions: 1434->1405
[2024-08-28T01:10:04.842+0000][info][gc,heap     ] GC(267) Archive regions: 2->2
[2024-08-28T01:10:04.842+0000][info][gc,heap     ] GC(267) Humongous regions: 5->5
[2024-08-28T01:10:04.842+0000][info][gc,metaspace] GC(267) Metaspace: 100K(320K)->100K(320K) NonClass: 96K(192K)->96K(192K) Class: 4K(128K)->4K(128K)
[2024-08-28T01:10:04.842+0000][info][gc          ] GC(267) Pause Young (Mixed) (G1 Evacuation Pause) 1541M->1423M(2048M) 16.857ms
[2024-08-28T01:10:04.842+0000][info][gc,cpu      ] GC(267) User=0.74s Sys=0.02s Real=0.02s
[2024-08-28T01:10:04.886+0000][info][gc,start    ] GC(268) Pause Young (Mixed) (G1 Evacuation Pause)
[2024-08-28T01:10:04.886+0000][info][gc,task     ] GC(268) Using 49 workers of 68 for evacuation
[2024-08-28T01:10:04.903+0000][info][gc,phases   ] GC(268)   Pre Evacuate Collection Set: 0.3ms
[2024-08-28T01:10:04.903+0000][info][gc,phases   ] GC(268)   Merge Heap Roots: 0.8ms
[2024-08-28T01:10:04.903+0000][info][gc,phases   ] GC(268)   Evacuate Collection Set: 15.2ms
[2024-08-28T01:10:04.903+0000][info][gc,phases   ] GC(268)   Post Evacuate Collection Set: 0.5ms
[2024-08-28T01:10:04.903+0000][info][gc,phases   ] GC(268)   Other: 0.3ms
[2024-08-28T01:10:04.903+0000][info][gc,heap     ] GC(268) Eden regions: 89->0(89)
[2024-08-28T01:10:04.903+0000][info][gc,heap     ] GC(268) Survivor regions: 13->13(13)
[2024-08-28T01:10:04.903+0000][info][gc,heap     ] GC(268) Old regions: 1405->1376
[2024-08-28T01:10:04.903+0000][info][gc,heap     ] GC(268) Archive regions: 2->2
[2024-08-28T01:10:04.903+0000][info][gc,heap     ] GC(268) Humongous regions: 5->5
[2024-08-28T01:10:04.903+0000][info][gc,metaspace] GC(268) Metaspace: 100K(320K)->100K(320K) NonClass: 96K(192K)->96K(192K) Class: 4K(128K)->4K(128K)
[2024-08-28T01:10:04.903+0000][info][gc          ] GC(268) Pause Young (Mixed) (G1 Evacuation Pause) 1512M->1394M(2048M) 17.305ms
[2024-08-28T01:10:04.903+0000][info][gc,cpu      ] GC(268) User=0.78s Sys=0.00s Real=0.02s
[2024-08-28T01:10:04.948+0000][info][gc,start    ] GC(269) Pause Young (Mixed) (G1 Evacuation Pause)
[2024-08-28T01:10:04.948+0000][info][gc,task     ] GC(269) Using 49 workers of 68 for evacuation
[2024-08-28T01:10:04.965+0000][info][gc,phases   ] GC(269)   Pre Evacuate Collection Set: 0.3ms
[2024-08-28T01:10:04.965+0000][info][gc,phases   ] GC(269)   Merge Heap Roots: 0.4ms
[2024-08-28T01:10:04.965+0000][info][gc,phases   ] GC(269)   Evacuate Collection Set: 15.2ms
[2024-08-28T01:10:04.965+0000][info][gc,phases   ] GC(269)   Post Evacuate Collection Set: 0.5ms
[2024-08-28T01:10:04.965+0000][info][gc,phases   ] GC(269)   Other: 0.3ms
[2024-08-28T01:10:04.965+0000][info][gc,heap     ] GC(269) Eden regions: 89->0(131)
[2024-08-28T01:10:04.965+0000][info][gc,heap     ] GC(269) Survivor regions: 13->13(13)
[2024-08-28T01:10:04.965+0000][info][gc,heap     ] GC(269) Old regions: 1376->1412
[2024-08-28T01:10:04.965+0000][info][gc,heap     ] GC(269) Archive regions: 2->2
[2024-08-28T01:10:04.965+0000][info][gc,heap     ] GC(269) Humongous regions: 5->5
[2024-08-28T01:10:04.965+0000][info][gc,metaspace] GC(269) Metaspace: 100K(320K)->100K(320K) NonClass: 96K(192K)->96K(192K) Class: 4K(128K)->4K(128K)
[2024-08-28T01:10:04.965+0000][info][gc          ] GC(269) Pause Young (Mixed) (G1 Evacuation Pause) 1483M->1430M(2048M) 16.807ms
[2024-08-28T01:10:04.965+0000][info][gc,cpu      ] GC(269) User=0.75s Sys=0.00s Real=0.02s
[2024-08-28T01:10:05.030+0000][info][gc,start    ] GC(270) Pause Young (Concurrent Start) (G1 Evacuation Pause)
[2024-08-28T01:10:05.031+0000][info][gc,task     ] GC(270) Using 49 workers of 68 for evacuation
[2024-08-28T01:10:05.053+0000][info][gc,phases   ] GC(270)   Pre Evacuate Collection Set: 0.4ms
[2024-08-28T01:10:05.053+0000][info][gc,phases   ] GC(270)   Merge Heap Roots: 0.5ms
[2024-08-28T01:10:05.053+0000][info][gc,phases   ] GC(270)   Evacuate Collection Set: 20.3ms
[2024-08-28T01:10:05.053+0000][info][gc,phases   ] GC(270)   Post Evacuate Collection Set: 0.5ms
[2024-08-28T01:10:05.053+0000][info][gc,phases   ] GC(270)   Other: 0.7ms
[2024-08-28T01:10:05.053+0000][info][gc,heap     ] GC(270) Eden regions: 131->0(88)
[2024-08-28T01:10:05.053+0000][info][gc,heap     ] GC(270) Survivor regions: 13->18(18)
[2024-08-28T01:10:05.053+0000][info][gc,heap     ] GC(270) Old regions: 1412->1541
[2024-08-28T01:10:05.053+0000][info][gc,heap     ] GC(270) Archive regions: 2->2
[2024-08-28T01:10:05.053+0000][info][gc,heap     ] GC(270) Humongous regions: 5->5
[2024-08-28T01:10:05.053+0000][info][gc,metaspace] GC(270) Metaspace: 100K(320K)->100K(320K) NonClass: 96K(192K)->96K(192K) Class: 4K(128K)->4K(128K)
[2024-08-28T01:10:05.053+0000][info][gc          ] GC(270) Pause Young (Concurrent Start) (G1 Evacuation Pause) 1561M->1564M(2048M) 22.491ms
[2024-08-28T01:10:05.053+0000][info][gc,cpu      ] GC(270) User=1.01s Sys=0.00s Real=0.02s
[2024-08-28T01:10:05.053+0000][info][gc          ] GC(271) Concurrent Mark Cycle
[2024-08-28T01:10:05.053+0000][info][gc,marking  ] GC(271) Concurrent Clear Claimed Marks
[2024-08-28T01:10:05.053+0000][info][gc,marking  ] GC(271) Concurrent Clear Claimed Marks 0.012ms
[2024-08-28T01:10:05.053+0000][info][gc,marking  ] GC(271) Concurrent Scan Root Regions
[2024-08-28T01:10:05.057+0000][info][gc,marking  ] GC(271) Concurrent Scan Root Regions 3.749ms
[2024-08-28T01:10:05.057+0000][info][gc,marking  ] GC(271) Concurrent Mark
[2024-08-28T01:10:05.057+0000][info][gc,marking  ] GC(271) Concurrent Mark From Roots
[2024-08-28T01:10:05.057+0000][info][gc,task     ] GC(271) Using 17 workers of 17 for marking
[2024-08-28T01:10:05.077+0000][info][gc,marking  ] GC(271) Concurrent Mark From Roots 20.547ms
[2024-08-28T01:10:05.078+0000][info][gc,marking  ] GC(271) Concurrent Preclean
[2024-08-28T01:10:05.078+0000][info][gc,marking  ] GC(271) Concurrent Preclean 0.696ms
[2024-08-28T01:10:05.079+0000][info][gc,start    ] GC(271) Pause Remark
[2024-08-28T01:10:05.081+0000][info][gc          ] GC(271) Pause Remark 1599M->1374M(2048M) 2.073ms
[2024-08-28T01:10:05.081+0000][info][gc,cpu      ] GC(271) User=0.02s Sys=0.00s Real=0.00s
[2024-08-28T01:10:05.081+0000][info][gc,marking  ] GC(271) Concurrent Mark 23.762ms
[2024-08-28T01:10:05.081+0000][info][gc,marking  ] GC(271) Concurrent Rebuild Remembered Sets
[2024-08-28T01:10:05.108+0000][info][gc,start    ] GC(272) Pause Young (Normal) (G1 Evacuation Pause)
[2024-08-28T01:10:05.108+0000][info][gc,task     ] GC(272) Using 49 workers of 68 for evacuation
[2024-08-28T01:10:05.126+0000][info][gc,phases   ] GC(272)   Pre Evacuate Collection Set: 0.4ms
[2024-08-28T01:10:05.126+0000][info][gc,phases   ] GC(272)   Merge Heap Roots: 0.8ms
[2024-08-28T01:10:05.126+0000][info][gc,phases   ] GC(272)   Evacuate Collection Set: 16.0ms
[2024-08-28T01:10:05.126+0000][info][gc,phases   ] GC(272)   Post Evacuate Collection Set: 0.8ms
[2024-08-28T01:10:05.126+0000][info][gc,phases   ] GC(272)   Other: 0.2ms
[2024-08-28T01:10:05.126+0000][info][gc,heap     ] GC(272) Eden regions: 88->0(130)
[2024-08-28T01:10:05.126+0000][info][gc,heap     ] GC(272) Survivor regions: 18->14(14)
[2024-08-28T01:10:05.126+0000][info][gc,heap     ] GC(272) Old regions: 1316->1414
[2024-08-28T01:10:05.126+0000][info][gc,heap     ] GC(272) Archive regions: 2->2
[2024-08-28T01:10:05.126+0000][info][gc,heap     ] GC(272) Humongous regions: 5->5
[2024-08-28T01:10:05.126+0000][info][gc,metaspace] GC(272) Metaspace: 100K(320K)->100K(320K) NonClass: 96K(192K)->96K(192K) Class: 4K(128K)->4K(128K)
[2024-08-28T01:10:05.126+0000][info][gc          ] GC(272) Pause Young (Normal) (G1 Evacuation Pause) 1427M->1433M(2048M) 18.298ms
[2024-08-28T01:10:05.126+0000][info][gc,cpu      ] GC(272) User=0.81s Sys=0.02s Real=0.02s
[2024-08-28T01:10:05.147+0000][info][gc,marking  ] GC(271) Concurrent Rebuild Remembered Sets 66.153ms
[2024-08-28T01:10:05.147+0000][info][gc,start    ] GC(271) Pause Cleanup
[2024-08-28T01:10:05.150+0000][info][gc          ] GC(271) Pause Cleanup 1471M->1471M(2048M) 2.988ms
[2024-08-28T01:10:05.150+0000][info][gc,cpu      ] GC(271) User=0.01s Sys=0.00s Real=0.01s
[2024-08-28T01:10:05.150+0000][info][gc,marking  ] GC(271) Concurrent Cleanup for Next Mark
[2024-08-28T01:10:05.152+0000][info][gc,marking  ] GC(271) Concurrent Cleanup for Next Mark 1.341ms
[2024-08-28T01:10:05.152+0000][info][gc          ] GC(271) Concurrent Mark Cycle 98.683ms
[2024-08-28T01:10:05.199+0000][info][gc,start    ] GC(273) Pause Young (Prepare Mixed) (G1 Evacuation Pause)
[2024-08-28T01:10:05.199+0000][info][gc,task     ] GC(273) Using 49 workers of 68 for evacuation
[2024-08-28T01:10:05.225+0000][info][gc,phases   ] GC(273)   Pre Evacuate Collection Set: 0.4ms
[2024-08-28T01:10:05.225+0000][info][gc,phases   ] GC(273)   Merge Heap Roots: 1.1ms
[2024-08-28T01:10:05.225+0000][info][gc,phases   ] GC(273)   Evacuate Collection Set: 24.0ms
[2024-08-28T01:10:05.225+0000][info][gc,phases   ] GC(273)   Post Evacuate Collection Set: 0.6ms
[2024-08-28T01:10:05.225+0000][info][gc,phases   ] GC(273)   Other: 0.3ms
[2024-08-28T01:10:05.225+0000][info][gc,heap     ] GC(273) Eden regions: 130->0(84)
[2024-08-28T01:10:05.225+0000][info][gc,heap     ] GC(273) Survivor regions: 14->18(18)
[2024-08-28T01:10:05.225+0000][info][gc,heap     ] GC(273) Old regions: 1414->1541
[2024-08-28T01:10:05.225+0000][info][gc,heap     ] GC(273) Archive regions: 2->2
[2024-08-28T01:10:05.225+0000][info][gc,heap     ] GC(273) Humongous regions: 5->5
[2024-08-28T01:10:05.225+0000][info][gc,metaspace] GC(273) Metaspace: 100K(320K)->100K(320K) NonClass: 96K(192K)->96K(192K) Class: 4K(128K)->4K(128K)
[2024-08-28T01:10:05.225+0000][info][gc          ] GC(273) Pause Young (Prepare Mixed) (G1 Evacuation Pause) 1563M->1564M(2048M) 26.335ms
[2024-08-28T01:10:05.225+0000][info][gc,cpu      ] GC(273) User=1.22s Sys=0.01s Real=0.02s
[2024-08-28T01:10:05.268+0000][info][gc,start    ] GC(274) Pause Young (Mixed) (G1 Evacuation Pause)
[2024-08-28T01:10:05.268+0000][info][gc,task     ] GC(274) Using 49 workers of 68 for evacuation
[2024-08-28T01:10:05.285+0000][info][gc,phases   ] GC(274)   Pre Evacuate Collection Set: 0.4ms
[2024-08-28T01:10:05.285+0000][info][gc,phases   ] GC(274)   Merge Heap Roots: 0.4ms
[2024-08-28T01:10:05.285+0000][info][gc,phases   ] GC(274)   Evacuate Collection Set: 15.6ms
[2024-08-28T01:10:05.285+0000][info][gc,phases   ] GC(274)   Post Evacuate Collection Set: 0.5ms
[2024-08-28T01:10:05.285+0000][info][gc,phases   ] GC(274)   Other: 0.2ms
[2024-08-28T01:10:05.285+0000][info][gc,heap     ] GC(274) Eden regions: 84->0(89)
[2024-08-28T01:10:05.285+0000][info][gc,heap     ] GC(274) Survivor regions: 18->13(13)
[2024-08-28T01:10:05.285+0000][info][gc,heap     ] GC(274) Old regions: 1541->1515
[2024-08-28T01:10:05.285+0000][info][gc,heap     ] GC(274) Archive regions: 2->2
[2024-08-28T01:10:05.285+0000][info][gc,heap     ] GC(274) Humongous regions: 5->5
[2024-08-28T01:10:05.285+0000][info][gc,metaspace] GC(274) Metaspace: 100K(320K)->100K(320K) NonClass: 96K(192K)->96K(192K) Class: 4K(128K)->4K(128K)
[2024-08-28T01:10:05.285+0000][info][gc          ] GC(274) Pause Young (Mixed) (G1 Evacuation Pause) 1648M->1533M(2048M) 17.210ms
[2024-08-28T01:10:05.285+0000][info][gc,cpu      ] GC(274) User=0.78s Sys=0.01s Real=0.02s
[2024-08-28T01:10:05.331+0000][info][gc,start    ] GC(275) Pause Young (Mixed) (G1 Evacuation Pause)
[2024-08-28T01:10:05.331+0000][info][gc,task     ] GC(275) Using 49 workers of 68 for evacuation
[2024-08-28T01:10:05.348+0000][info][gc,phases   ] GC(275)   Pre Evacuate Collection Set: 0.4ms
[2024-08-28T01:10:05.348+0000][info][gc,phases   ] GC(275)   Merge Heap Roots: 0.8ms
[2024-08-28T01:10:05.348+0000][info][gc,phases   ] GC(275)   Evacuate Collection Set: 15.0ms
[2024-08-28T01:10:05.348+0000][info][gc,phases   ] GC(275)   Post Evacuate Collection Set: 0.5ms
[2024-08-28T01:10:05.348+0000][info][gc,phases   ] GC(275)   Other: 0.3ms
[2024-08-28T01:10:05.348+0000][info][gc,heap     ] GC(275) Eden regions: 89->0(89)
[2024-08-28T01:10:05.348+0000][info][gc,heap     ] GC(275) Survivor regions: 13->13(13)
[2024-08-28T01:10:05.348+0000][info][gc,heap     ] GC(275) Old regions: 1515->1487
[2024-08-28T01:10:05.348+0000][info][gc,heap     ] GC(275) Archive regions: 2->2
[2024-08-28T01:10:05.348+0000][info][gc,heap     ] GC(275) Humongous regions: 5->5
[2024-08-28T01:10:05.348+0000][info][gc,metaspace] GC(275) Metaspace: 100K(320K)->100K(320K) NonClass: 96K(192K)->96K(192K) Class: 4K(128K)->4K(128K)
[2024-08-28T01:10:05.348+0000][info][gc          ] GC(275) Pause Young (Mixed) (G1 Evacuation Pause) 1622M->1505M(2048M) 17.036ms
[2024-08-28T01:10:05.348+0000][info][gc,cpu      ] GC(275) User=0.77s Sys=0.00s Real=0.01s
[2024-08-28T01:10:05.394+0000][info][gc,start    ] GC(276) Pause Young (Mixed) (G1 Evacuation Pause)
[2024-08-28T01:10:05.394+0000][info][gc,task     ] GC(276) Using 49 workers of 68 for evacuation
[2024-08-28T01:10:05.410+0000][info][gc,phases   ] GC(276)   Pre Evacuate Collection Set: 0.4ms
[2024-08-28T01:10:05.410+0000][info][gc,phases   ] GC(276)   Merge Heap Roots: 0.5ms
[2024-08-28T01:10:05.410+0000][info][gc,phases   ] GC(276)   Evacuate Collection Set: 15.2ms
[2024-08-28T01:10:05.410+0000][info][gc,phases   ] GC(276)   Post Evacuate Collection Set: 0.6ms
[2024-08-28T01:10:05.411+0000][info][gc,phases   ] GC(276)   Other: 0.2ms
[2024-08-28T01:10:05.411+0000][info][gc,heap     ] GC(276) Eden regions: 89->0(89)
[2024-08-28T01:10:05.411+0000][info][gc,heap     ] GC(276) Survivor regions: 13->13(13)
[2024-08-28T01:10:05.411+0000][info][gc,heap     ] GC(276) Old regions: 1487->1459
[2024-08-28T01:10:05.411+0000][info][gc,heap     ] GC(276) Archive regions: 2->2
[2024-08-28T01:10:05.411+0000][info][gc,heap     ] GC(276) Humongous regions: 5->5
[2024-08-28T01:10:05.411+0000][info][gc,metaspace] GC(276) Metaspace: 100K(320K)->100K(320K) NonClass: 96K(192K)->96K(192K) Class: 4K(128K)->4K(128K)
[2024-08-28T01:10:05.411+0000][info][gc          ] GC(276) Pause Young (Mixed) (G1 Evacuation Pause) 1594M->1477M(2048M) 16.964ms
[2024-08-28T01:10:05.411+0000][info][gc,cpu      ] GC(276) User=0.62s Sys=0.14s Real=0.02s
[2024-08-28T01:10:05.456+0000][info][gc,start    ] GC(277) Pause Young (Mixed) (G1 Evacuation Pause)
[2024-08-28T01:10:05.456+0000][info][gc,task     ] GC(277) Using 49 workers of 68 for evacuation
[2024-08-28T01:10:05.473+0000][info][gc,phases   ] GC(277)   Pre Evacuate Collection Set: 0.4ms
[2024-08-28T01:10:05.473+0000][info][gc,phases   ] GC(277)   Merge Heap Roots: 0.7ms
[2024-08-28T01:10:05.473+0000][info][gc,phases   ] GC(277)   Evacuate Collection Set: 15.0ms
[2024-08-28T01:10:05.473+0000][info][gc,phases   ] GC(277)   Post Evacuate Collection Set: 0.5ms
[2024-08-28T01:10:05.473+0000][info][gc,phases   ] GC(277)   Other: 0.2ms
[2024-08-28T01:10:05.473+0000][info][gc,heap     ] GC(277) Eden regions: 89->0(89)
[2024-08-28T01:10:05.473+0000][info][gc,heap     ] GC(277) Survivor regions: 13->13(13)
[2024-08-28T01:10:05.473+0000][info][gc,heap     ] GC(277) Old regions: 1459->1430
[2024-08-28T01:10:05.473+0000][info][gc,heap     ] GC(277) Archive regions: 2->2
[2024-08-28T01:10:05.473+0000][info][gc,heap     ] GC(277) Humongous regions: 5->5
[2024-08-28T01:10:05.473+0000][info][gc,metaspace] GC(277) Metaspace: 100K(320K)->100K(320K) NonClass: 96K(192K)->96K(192K) Class: 4K(128K)->4K(128K)
[2024-08-28T01:10:05.473+0000][info][gc          ] GC(277) Pause Young (Mixed) (G1 Evacuation Pause) 1566M->1448M(2048M) 17.037ms
[2024-08-28T01:10:05.473+0000][info][gc,cpu      ] GC(277) User=0.77s Sys=0.00s Real=0.02s
[2024-08-28T01:10:05.516+0000][info][gc,start    ] GC(278) Pause Young (Mixed) (G1 Evacuation Pause)
[2024-08-28T01:10:05.516+0000][info][gc,task     ] GC(278) Using 49 workers of 68 for evacuation
[2024-08-28T01:10:05.533+0000][info][gc,phases   ] GC(278)   Pre Evacuate Collection Set: 0.4ms
[2024-08-28T01:10:05.533+0000][info][gc,phases   ] GC(278)   Merge Heap Roots: 0.4ms
[2024-08-28T01:10:05.533+0000][info][gc,phases   ] GC(278)   Evacuate Collection Set: 15.3ms
[2024-08-28T01:10:05.533+0000][info][gc,phases   ] GC(278)   Post Evacuate Collection Set: 0.5ms
[2024-08-28T01:10:05.533+0000][info][gc,phases   ] GC(278)   Other: 0.2ms
[2024-08-28T01:10:05.533+0000][info][gc,heap     ] GC(278) Eden regions: 89->0(89)
[2024-08-28T01:10:05.533+0000][info][gc,heap     ] GC(278) Survivor regions: 13->13(13)
[2024-08-28T01:10:05.533+0000][info][gc,heap     ] GC(278) Old regions: 1430->1401
[2024-08-28T01:10:05.533+0000][info][gc,heap     ] GC(278) Archive regions: 2->2
[2024-08-28T01:10:05.533+0000][info][gc,heap     ] GC(278) Humongous regions: 5->5
[2024-08-28T01:10:05.533+0000][info][gc,metaspace] GC(278) Metaspace: 100K(320K)->100K(320K) NonClass: 96K(192K)->96K(192K) Class: 4K(128K)->4K(128K)
[2024-08-28T01:10:05.533+0000][info][gc          ] GC(278) Pause Young (Mixed) (G1 Evacuation Pause) 1537M->1419M(2048M) 16.998ms
[2024-08-28T01:10:05.533+0000][info][gc,cpu      ] GC(278) User=0.75s Sys=0.01s Real=0.02s
[2024-08-28T01:10:05.578+0000][info][gc,start    ] GC(279) Pause Young (Mixed) (G1 Evacuation Pause)
[2024-08-28T01:10:05.578+0000][info][gc,task     ] GC(279) Using 49 workers of 68 for evacuation
[2024-08-28T01:10:05.595+0000][info][gc,phases   ] GC(279)   Pre Evacuate Collection Set: 0.3ms
[2024-08-28T01:10:05.595+0000][info][gc,phases   ] GC(279)   Merge Heap Roots: 0.9ms
[2024-08-28T01:10:05.595+0000][info][gc,phases   ] GC(279)   Evacuate Collection Set: 15.2ms
[2024-08-28T01:10:05.595+0000][info][gc,phases   ] GC(279)   Post Evacuate Collection Set: 0.5ms
[2024-08-28T01:10:05.596+0000][info][gc,phases   ] GC(279)   Other: 0.3ms
[2024-08-28T01:10:05.596+0000][info][gc,heap     ] GC(279) Eden regions: 89->0(89)
[2024-08-28T01:10:05.596+0000][info][gc,heap     ] GC(279) Survivor regions: 13->13(13)
[2024-08-28T01:10:05.596+0000][info][gc,heap     ] GC(279) Old regions: 1401->1372
[2024-08-28T01:10:05.596+0000][info][gc,heap     ] GC(279) Archive regions: 2->2
[2024-08-28T01:10:05.596+0000][info][gc,heap     ] GC(279) Humongous regions: 5->5
[2024-08-28T01:10:05.596+0000][info][gc,metaspace] GC(279) Metaspace: 100K(320K)->100K(320K) NonClass: 96K(192K)->96K(192K) Class: 4K(128K)->4K(128K)
[2024-08-28T01:10:05.596+0000][info][gc          ] GC(279) Pause Young (Mixed) (G1 Evacuation Pause) 1508M->1390M(2048M) 17.203ms
[2024-08-28T01:10:05.596+0000][info][gc,cpu      ] GC(279) User=0.76s Sys=0.02s Real=0.01s
[2024-08-28T01:10:05.640+0000][info][gc,start    ] GC(280) Pause Young (Mixed) (G1 Evacuation Pause)
[2024-08-28T01:10:05.640+0000][info][gc,task     ] GC(280) Using 49 workers of 68 for evacuation
[2024-08-28T01:10:05.657+0000][info][gc,phases   ] GC(280)   Pre Evacuate Collection Set: 0.3ms
[2024-08-28T01:10:05.657+0000][info][gc,phases   ] GC(280)   Merge Heap Roots: 0.9ms
[2024-08-28T01:10:05.657+0000][info][gc,phases   ] GC(280)   Evacuate Collection Set: 15.2ms
[2024-08-28T01:10:05.657+0000][info][gc,phases   ] GC(280)   Post Evacuate Collection Set: 0.5ms
[2024-08-28T01:10:05.658+0000][info][gc,phases   ] GC(280)   Other: 0.2ms
[2024-08-28T01:10:05.658+0000][info][gc,heap     ] GC(280) Eden regions: 89->0(128)
[2024-08-28T01:10:05.658+0000][info][gc,heap     ] GC(280) Survivor regions: 13->13(13)
[2024-08-28T01:10:05.658+0000][info][gc,heap     ] GC(280) Old regions: 1372->1420
[2024-08-28T01:10:05.658+0000][info][gc,heap     ] GC(280) Archive regions: 2->2
[2024-08-28T01:10:05.658+0000][info][gc,heap     ] GC(280) Humongous regions: 5->5
[2024-08-28T01:10:05.658+0000][info][gc,metaspace] GC(280) Metaspace: 100K(320K)->100K(320K) NonClass: 96K(192K)->96K(192K) Class: 4K(128K)->4K(128K)
[2024-08-28T01:10:05.658+0000][info][gc          ] GC(280) Pause Young (Mixed) (G1 Evacuation Pause) 1479M->1438M(2048M) 17.288ms
[2024-08-28T01:10:05.658+0000][info][gc,cpu      ] GC(280) User=0.74s Sys=0.02s Real=0.02s
[2024-08-28T01:10:05.722+0000][info][gc,start    ] GC(281) Pause Young (Concurrent Start) (G1 Evacuation Pause)
[2024-08-28T01:10:05.722+0000][info][gc,task     ] GC(281) Using 49 workers of 68 for evacuation
[2024-08-28T01:10:05.744+0000][info][gc,phases   ] GC(281)   Pre Evacuate Collection Set: 0.3ms
[2024-08-28T01:10:05.744+0000][info][gc,phases   ] GC(281)   Merge Heap Roots: 0.5ms
[2024-08-28T01:10:05.744+0000][info][gc,phases   ] GC(281)   Evacuate Collection Set: 20.1ms
[2024-08-28T01:10:05.744+0000][info][gc,phases   ] GC(281)   Post Evacuate Collection Set: 0.5ms
[2024-08-28T01:10:05.744+0000][info][gc,phases   ] GC(281)   Other: 0.7ms
[2024-08-28T01:10:05.744+0000][info][gc,heap     ] GC(281) Eden regions: 128->0(86)
[2024-08-28T01:10:05.744+0000][info][gc,heap     ] GC(281) Survivor regions: 13->18(18)
[2024-08-28T01:10:05.744+0000][info][gc,heap     ] GC(281) Old regions: 1420->1545
[2024-08-28T01:10:05.744+0000][info][gc,heap     ] GC(281) Archive regions: 2->2
[2024-08-28T01:10:05.744+0000][info][gc,heap     ] GC(281) Humongous regions: 5->5
[2024-08-28T01:10:05.744+0000][info][gc,metaspace] GC(281) Metaspace: 100K(320K)->100K(320K) NonClass: 96K(192K)->96K(192K) Class: 4K(128K)->4K(128K)
[2024-08-28T01:10:05.744+0000][info][gc          ] GC(281) Pause Young (Concurrent Start) (G1 Evacuation Pause) 1566M->1568M(2048M) 22.301ms
[2024-08-28T01:10:05.744+0000][info][gc,cpu      ] GC(281) User=0.98s Sys=0.02s Real=0.02s
[2024-08-28T01:10:05.745+0000][info][gc          ] GC(282) Concurrent Mark Cycle
[2024-08-28T01:10:05.745+0000][info][gc,marking  ] GC(282) Concurrent Clear Claimed Marks
[2024-08-28T01:10:05.745+0000][info][gc,marking  ] GC(282) Concurrent Clear Claimed Marks 0.011ms
[2024-08-28T01:10:05.745+0000][info][gc,marking  ] GC(282) Concurrent Scan Root Regions
[2024-08-28T01:10:05.748+0000][info][gc,marking  ] GC(282) Concurrent Scan Root Regions 3.657ms
[2024-08-28T01:10:05.748+0000][info][gc,marking  ] GC(282) Concurrent Mark
[2024-08-28T01:10:05.748+0000][info][gc,marking  ] GC(282) Concurrent Mark From Roots
[2024-08-28T01:10:05.748+0000][info][gc,task     ] GC(282) Using 17 workers of 17 for marking
[2024-08-28T01:10:05.769+0000][info][gc,marking  ] GC(282) Concurrent Mark From Roots 20.670ms
[2024-08-28T01:10:05.769+0000][info][gc,marking  ] GC(282) Concurrent Preclean
[2024-08-28T01:10:05.770+0000][info][gc,marking  ] GC(282) Concurrent Preclean 0.513ms
[2024-08-28T01:10:05.770+0000][info][gc,start    ] GC(282) Pause Remark
[2024-08-28T01:10:05.772+0000][info][gc          ] GC(282) Pause Remark 1603M->1406M(2048M) 2.041ms
[2024-08-28T01:10:05.772+0000][info][gc,cpu      ] GC(282) User=0.01s Sys=0.00s Real=0.00s
[2024-08-28T01:10:05.772+0000][info][gc,marking  ] GC(282) Concurrent Mark 23.698ms
[2024-08-28T01:10:05.772+0000][info][gc,marking  ] GC(282) Concurrent Rebuild Remembered Sets
[2024-08-28T01:10:05.799+0000][info][gc,start    ] GC(283) Pause Young (Normal) (G1 Evacuation Pause)
[2024-08-28T01:10:05.799+0000][info][gc,task     ] GC(283) Using 49 workers of 68 for evacuation
[2024-08-28T01:10:05.817+0000][info][gc,phases   ] GC(283)   Pre Evacuate Collection Set: 0.3ms
[2024-08-28T01:10:05.818+0000][info][gc,phases   ] GC(283)   Merge Heap Roots: 0.9ms
[2024-08-28T01:10:05.818+0000][info][gc,phases   ] GC(283)   Evacuate Collection Set: 16.0ms
[2024-08-28T01:10:05.818+0000][info][gc,phases   ] GC(283)   Post Evacuate Collection Set: 0.8ms
[2024-08-28T01:10:05.818+0000][info][gc,phases   ] GC(283)   Other: 0.2ms
[2024-08-28T01:10:05.818+0000][info][gc,heap     ] GC(283) Eden regions: 86->0(120)
[2024-08-28T01:10:05.818+0000][info][gc,heap     ] GC(283) Survivor regions: 18->13(13)
[2024-08-28T01:10:05.818+0000][info][gc,heap     ] GC(283) Old regions: 1348->1445
[2024-08-28T01:10:05.818+0000][info][gc,heap     ] GC(283) Archive regions: 2->2
[2024-08-28T01:10:05.818+0000][info][gc,heap     ] GC(283) Humongous regions: 5->5
[2024-08-28T01:10:05.818+0000][info][gc,metaspace] GC(283) Metaspace: 100K(320K)->100K(320K) NonClass: 96K(192K)->96K(192K) Class: 4K(128K)->4K(128K)
[2024-08-28T01:10:05.818+0000][info][gc          ] GC(283) Pause Young (Normal) (G1 Evacuation Pause) 1457M->1463M(2048M) 18.300ms
[2024-08-28T01:10:05.818+0000][info][gc,cpu      ] GC(283) User=0.83s Sys=0.00s Real=0.02s
[2024-08-28T01:10:05.838+0000][info][gc,marking  ] GC(282) Concurrent Rebuild Remembered Sets 65.954ms
[2024-08-28T01:10:05.838+0000][info][gc,start    ] GC(282) Pause Cleanup
[2024-08-28T01:10:05.841+0000][info][gc          ] GC(282) Pause Cleanup 1502M->1502M(2048M) 2.886ms
[2024-08-28T01:10:05.841+0000][info][gc,cpu      ] GC(282) User=0.01s Sys=0.01s Real=0.00s
[2024-08-28T01:10:05.841+0000][info][gc,marking  ] GC(282) Concurrent Cleanup for Next Mark
[2024-08-28T01:10:05.843+0000][info][gc,marking  ] GC(282) Concurrent Cleanup for Next Mark 1.383ms
[2024-08-28T01:10:05.843+0000][info][gc          ] GC(282) Concurrent Mark Cycle 98.213ms
[2024-08-28T01:10:05.884+0000][info][gc,start    ] GC(284) Pause Young (Prepare Mixed) (G1 Evacuation Pause)
[2024-08-28T01:10:05.884+0000][info][gc,task     ] GC(284) Using 49 workers of 68 for evacuation
[2024-08-28T01:10:05.910+0000][info][gc,phases   ] GC(284)   Pre Evacuate Collection Set: 0.3ms
[2024-08-28T01:10:05.910+0000][info][gc,phases   ] GC(284)   Merge Heap Roots: 1.2ms
[2024-08-28T01:10:05.910+0000][info][gc,phases   ] GC(284)   Evacuate Collection Set: 23.3ms
[2024-08-28T01:10:05.910+0000][info][gc,phases   ] GC(284)   Post Evacuate Collection Set: 0.6ms
[2024-08-28T01:10:05.910+0000][info][gc,phases   ] GC(284)   Other: 0.2ms
[2024-08-28T01:10:05.910+0000][info][gc,heap     ] GC(284) Eden regions: 120->0(85)
[2024-08-28T01:10:05.910+0000][info][gc,heap     ] GC(284) Survivor regions: 13->17(17)
[2024-08-28T01:10:05.910+0000][info][gc,heap     ] GC(284) Old regions: 1445->1565
[2024-08-28T01:10:05.910+0000][info][gc,heap     ] GC(284) Archive regions: 2->2
[2024-08-28T01:10:05.910+0000][info][gc,heap     ] GC(284) Humongous regions: 5->5
[2024-08-28T01:10:05.910+0000][info][gc,metaspace] GC(284) Metaspace: 100K(320K)->100K(320K) NonClass: 96K(192K)->96K(192K) Class: 4K(128K)->4K(128K)
[2024-08-28T01:10:05.910+0000][info][gc          ] GC(284) Pause Young (Prepare Mixed) (G1 Evacuation Pause) 1583M->1587M(2048M) 25.666ms
[2024-08-28T01:10:05.910+0000][info][gc,cpu      ] GC(284) User=1.19s Sys=0.00s Real=0.03s
[2024-08-28T01:10:05.954+0000][info][gc,start    ] GC(285) Pause Young (Mixed) (G1 Evacuation Pause)
[2024-08-28T01:10:05.954+0000][info][gc,task     ] GC(285) Using 49 workers of 68 for evacuation
[2024-08-28T01:10:05.972+0000][info][gc,phases   ] GC(285)   Pre Evacuate Collection Set: 0.3ms
[2024-08-28T01:10:05.972+0000][info][gc,phases   ] GC(285)   Merge Heap Roots: 0.5ms
[2024-08-28T01:10:05.972+0000][info][gc,phases   ] GC(285)   Evacuate Collection Set: 16.5ms
[2024-08-28T01:10:05.972+0000][info][gc,phases   ] GC(285)   Post Evacuate Collection Set: 0.5ms
[2024-08-28T01:10:05.972+0000][info][gc,phases   ] GC(285)   Other: 0.3ms
[2024-08-28T01:10:05.972+0000][info][gc,heap     ] GC(285) Eden regions: 85->0(89)
[2024-08-28T01:10:05.972+0000][info][gc,heap     ] GC(285) Survivor regions: 17->13(13)
[2024-08-28T01:10:05.972+0000][info][gc,heap     ] GC(285) Old regions: 1565->1537
[2024-08-28T01:10:05.972+0000][info][gc,heap     ] GC(285) Archive regions: 2->2
[2024-08-28T01:10:05.972+0000][info][gc,heap     ] GC(285) Humongous regions: 5->5
[2024-08-28T01:10:05.972+0000][info][gc,metaspace] GC(285) Metaspace: 100K(320K)->100K(320K) NonClass: 96K(192K)->96K(192K) Class: 4K(128K)->4K(128K)
[2024-08-28T01:10:05.972+0000][info][gc          ] GC(285) Pause Young (Mixed) (G1 Evacuation Pause) 1672M->1555M(2048M) 18.197ms
[2024-08-28T01:10:05.972+0000][info][gc,cpu      ] GC(285) User=0.81s Sys=0.00s Real=0.02s
[2024-08-28T01:10:06.018+0000][info][gc,start    ] GC(286) Pause Young (Mixed) (G1 Evacuation Pause)
[2024-08-28T01:10:06.018+0000][info][gc,task     ] GC(286) Using 49 workers of 68 for evacuation
[2024-08-28T01:10:06.036+0000][info][gc,phases   ] GC(286)   Pre Evacuate Collection Set: 0.5ms
[2024-08-28T01:10:06.036+0000][info][gc,phases   ] GC(286)   Merge Heap Roots: 0.9ms
[2024-08-28T01:10:06.036+0000][info][gc,phases   ] GC(286)   Evacuate Collection Set: 15.5ms
[2024-08-28T01:10:06.036+0000][info][gc,phases   ] GC(286)   Post Evacuate Collection Set: 0.5ms
[2024-08-28T01:10:06.036+0000][info][gc,phases   ] GC(286)   Other: 0.2ms
[2024-08-28T01:10:06.036+0000][info][gc,heap     ] GC(286) Eden regions: 89->0(89)
[2024-08-28T01:10:06.036+0000][info][gc,heap     ] GC(286) Survivor regions: 13->13(13)
[2024-08-28T01:10:06.036+0000][info][gc,heap     ] GC(286) Old regions: 1537->1509
[2024-08-28T01:10:06.036+0000][info][gc,heap     ] GC(286) Archive regions: 2->2
[2024-08-28T01:10:06.036+0000][info][gc,heap     ] GC(286) Humongous regions: 5->5
[2024-08-28T01:10:06.036+0000][info][gc,metaspace] GC(286) Metaspace: 100K(320K)->100K(320K) NonClass: 96K(192K)->96K(192K) Class: 4K(128K)->4K(128K)
[2024-08-28T01:10:06.036+0000][info][gc          ] GC(286) Pause Young (Mixed) (G1 Evacuation Pause) 1644M->1527M(2048M) 17.708ms
[2024-08-28T01:10:06.036+0000][info][gc,cpu      ] GC(286) User=0.77s Sys=0.01s Real=0.01s
[2024-08-28T01:10:06.081+0000][info][gc,start    ] GC(287) Pause Young (Mixed) (G1 Evacuation Pause)
[2024-08-28T01:10:06.081+0000][info][gc,task     ] GC(287) Using 49 workers of 68 for evacuation
[2024-08-28T01:10:06.097+0000][info][gc,phases   ] GC(287)   Pre Evacuate Collection Set: 0.5ms
[2024-08-28T01:10:06.098+0000][info][gc,phases   ] GC(287)   Merge Heap Roots: 0.5ms
[2024-08-28T01:10:06.098+0000][info][gc,phases   ] GC(287)   Evacuate Collection Set: 14.7ms
[2024-08-28T01:10:06.098+0000][info][gc,phases   ] GC(287)   Post Evacuate Collection Set: 0.5ms
[2024-08-28T01:10:06.098+0000][info][gc,phases   ] GC(287)   Other: 0.2ms
[2024-08-28T01:10:06.098+0000][info][gc,heap     ] GC(287) Eden regions: 89->0(89)
[2024-08-28T01:10:06.098+0000][info][gc,heap     ] GC(287) Survivor regions: 13->13(13)
[2024-08-28T01:10:06.098+0000][info][gc,heap     ] GC(287) Old regions: 1509->1480
[2024-08-28T01:10:06.098+0000][info][gc,heap     ] GC(287) Archive regions: 2->2
[2024-08-28T01:10:06.098+0000][info][gc,heap     ] GC(287) Humongous regions: 5->5
[2024-08-28T01:10:06.098+0000][info][gc,metaspace] GC(287) Metaspace: 100K(320K)->100K(320K) NonClass: 96K(192K)->96K(192K) Class: 4K(128K)->4K(128K)
[2024-08-28T01:10:06.098+0000][info][gc          ] GC(287) Pause Young (Mixed) (G1 Evacuation Pause) 1616M->1498M(2048M) 16.470ms
[2024-08-28T01:10:06.098+0000][info][gc,cpu      ] GC(287) User=0.72s Sys=0.01s Real=0.02s
[2024-08-28T01:10:06.144+0000][info][gc,start    ] GC(288) Pause Young (Mixed) (G1 Evacuation Pause)
[2024-08-28T01:10:06.144+0000][info][gc,task     ] GC(288) Using 49 workers of 68 for evacuation
[2024-08-28T01:10:06.161+0000][info][gc,phases   ] GC(288)   Pre Evacuate Collection Set: 0.5ms
[2024-08-28T01:10:06.161+0000][info][gc,phases   ] GC(288)   Merge Heap Roots: 0.5ms
[2024-08-28T01:10:06.161+0000][info][gc,phases   ] GC(288)   Evacuate Collection Set: 15.5ms
[2024-08-28T01:10:06.161+0000][info][gc,phases   ] GC(288)   Post Evacuate Collection Set: 0.5ms
[2024-08-28T01:10:06.161+0000][info][gc,phases   ] GC(288)   Other: 0.3ms
[2024-08-28T01:10:06.161+0000][info][gc,heap     ] GC(288) Eden regions: 89->0(89)
[2024-08-28T01:10:06.161+0000][info][gc,heap     ] GC(288) Survivor regions: 13->13(13)
[2024-08-28T01:10:06.161+0000][info][gc,heap     ] GC(288) Old regions: 1480->1451
[2024-08-28T01:10:06.161+0000][info][gc,heap     ] GC(288) Archive regions: 2->2
[2024-08-28T01:10:06.161+0000][info][gc,heap     ] GC(288) Humongous regions: 5->5
[2024-08-28T01:10:06.161+0000][info][gc,metaspace] GC(288) Metaspace: 100K(320K)->100K(320K) NonClass: 96K(192K)->96K(192K) Class: 4K(128K)->4K(128K)
[2024-08-28T01:10:06.161+0000][info][gc          ] GC(288) Pause Young (Mixed) (G1 Evacuation Pause) 1587M->1469M(2048M) 17.403ms
[2024-08-28T01:10:06.161+0000][info][gc,cpu      ] GC(288) User=0.75s Sys=0.00s Real=0.02s
[2024-08-28T01:10:06.205+0000][info][gc,start    ] GC(289) Pause Young (Mixed) (G1 Evacuation Pause)
[2024-08-28T01:10:06.206+0000][info][gc,task     ] GC(289) Using 49 workers of 68 for evacuation
[2024-08-28T01:10:06.223+0000][info][gc,phases   ] GC(289)   Pre Evacuate Collection Set: 0.5ms
[2024-08-28T01:10:06.223+0000][info][gc,phases   ] GC(289)   Merge Heap Roots: 0.5ms
[2024-08-28T01:10:06.223+0000][info][gc,phases   ] GC(289)   Evacuate Collection Set: 15.5ms
[2024-08-28T01:10:06.223+0000][info][gc,phases   ] GC(289)   Post Evacuate Collection Set: 0.6ms
[2024-08-28T01:10:06.223+0000][info][gc,phases   ] GC(289)   Other: 0.3ms
[2024-08-28T01:10:06.223+0000][info][gc,heap     ] GC(289) Eden regions: 89->0(89)
[2024-08-28T01:10:06.223+0000][info][gc,heap     ] GC(289) Survivor regions: 13->13(13)
[2024-08-28T01:10:06.223+0000][info][gc,heap     ] GC(289) Old regions: 1451->1422
[2024-08-28T01:10:06.223+0000][info][gc,heap     ] GC(289) Archive regions: 2->2
[2024-08-28T01:10:06.223+0000][info][gc,heap     ] GC(289) Humongous regions: 5->5
[2024-08-28T01:10:06.223+0000][info][gc,metaspace] GC(289) Metaspace: 100K(320K)->100K(320K) NonClass: 96K(192K)->96K(192K) Class: 4K(128K)->4K(128K)
[2024-08-28T01:10:06.223+0000][info][gc          ] GC(289) Pause Young (Mixed) (G1 Evacuation Pause) 1558M->1440M(2048M) 17.306ms
[2024-08-28T01:10:06.223+0000][info][gc,cpu      ] GC(289) User=0.74s Sys=0.00s Real=0.02s
[2024-08-28T01:10:06.268+0000][info][gc,start    ] GC(290) Pause Young (Mixed) (G1 Evacuation Pause)
[2024-08-28T01:10:06.268+0000][info][gc,task     ] GC(290) Using 49 workers of 68 for evacuation
[2024-08-28T01:10:06.285+0000][info][gc,phases   ] GC(290)   Pre Evacuate Collection Set: 0.4ms
[2024-08-28T01:10:06.285+0000][info][gc,phases   ] GC(290)   Merge Heap Roots: 0.6ms
[2024-08-28T01:10:06.285+0000][info][gc,phases   ] GC(290)   Evacuate Collection Set: 15.1ms
[2024-08-28T01:10:06.285+0000][info][gc,phases   ] GC(290)   Post Evacuate Collection Set: 0.5ms
[2024-08-28T01:10:06.285+0000][info][gc,phases   ] GC(290)   Other: 0.2ms
[2024-08-28T01:10:06.285+0000][info][gc,heap     ] GC(290) Eden regions: 89->0(89)
[2024-08-28T01:10:06.285+0000][info][gc,heap     ] GC(290) Survivor regions: 13->13(13)
[2024-08-28T01:10:06.285+0000][info][gc,heap     ] GC(290) Old regions: 1422->1394
[2024-08-28T01:10:06.285+0000][info][gc,heap     ] GC(290) Archive regions: 2->2
[2024-08-28T01:10:06.285+0000][info][gc,heap     ] GC(290) Humongous regions: 5->5
[2024-08-28T01:10:06.285+0000][info][gc,metaspace] GC(290) Metaspace: 100K(320K)->100K(320K) NonClass: 96K(192K)->96K(192K) Class: 4K(128K)->4K(128K)
[2024-08-28T01:10:06.285+0000][info][gc          ] GC(290) Pause Young (Mixed) (G1 Evacuation Pause) 1529M->1412M(2048M) 17.021ms
[2024-08-28T01:10:06.285+0000][info][gc,cpu      ] GC(290) User=0.74s Sys=0.00s Real=0.02s
[2024-08-28T01:10:06.330+0000][info][gc,start    ] GC(291) Pause Young (Mixed) (G1 Evacuation Pause)
[2024-08-28T01:10:06.330+0000][info][gc,task     ] GC(291) Using 49 workers of 68 for evacuation
[2024-08-28T01:10:06.347+0000][info][gc,phases   ] GC(291)   Pre Evacuate Collection Set: 0.4ms
[2024-08-28T01:10:06.347+0000][info][gc,phases   ] GC(291)   Merge Heap Roots: 0.5ms
[2024-08-28T01:10:06.347+0000][info][gc,phases   ] GC(291)   Evacuate Collection Set: 15.3ms
[2024-08-28T01:10:06.347+0000][info][gc,phases   ] GC(291)   Post Evacuate Collection Set: 0.5ms
[2024-08-28T01:10:06.347+0000][info][gc,phases   ] GC(291)   Other: 0.2ms
[2024-08-28T01:10:06.347+0000][info][gc,heap     ] GC(291) Eden regions: 89->0(132)
[2024-08-28T01:10:06.347+0000][info][gc,heap     ] GC(291) Survivor regions: 13->13(13)
[2024-08-28T01:10:06.347+0000][info][gc,heap     ] GC(291) Old regions: 1394->1409
[2024-08-28T01:10:06.347+0000][info][gc,heap     ] GC(291) Archive regions: 2->2
[2024-08-28T01:10:06.347+0000][info][gc,heap     ] GC(291) Humongous regions: 5->5
[2024-08-28T01:10:06.347+0000][info][gc,metaspace] GC(291) Metaspace: 100K(320K)->100K(320K) NonClass: 96K(192K)->96K(192K) Class: 4K(128K)->4K(128K)
[2024-08-28T01:10:06.347+0000][info][gc          ] GC(291) Pause Young (Mixed) (G1 Evacuation Pause) 1501M->1427M(2048M) 16.984ms
[2024-08-28T01:10:06.347+0000][info][gc,cpu      ] GC(291) User=0.73s Sys=0.01s Real=0.01s
[2024-08-28T01:10:06.415+0000][info][gc,start    ] GC(292) Pause Young (Concurrent Start) (G1 Evacuation Pause)
[2024-08-28T01:10:06.415+0000][info][gc,task     ] GC(292) Using 49 workers of 68 for evacuation
[2024-08-28T01:10:06.437+0000][info][gc,phases   ] GC(292)   Pre Evacuate Collection Set: 0.4ms
[2024-08-28T01:10:06.437+0000][info][gc,phases   ] GC(292)   Merge Heap Roots: 0.5ms
[2024-08-28T01:10:06.437+0000][info][gc,phases   ] GC(292)   Evacuate Collection Set: 19.9ms
[2024-08-28T01:10:06.437+0000][info][gc,phases   ] GC(292)   Post Evacuate Collection Set: 0.5ms
[2024-08-28T01:10:06.437+0000][info][gc,phases   ] GC(292)   Other: 0.7ms
[2024-08-28T01:10:06.437+0000][info][gc,heap     ] GC(292) Eden regions: 132->0(89)
[2024-08-28T01:10:06.437+0000][info][gc,heap     ] GC(292) Survivor regions: 13->19(19)
[2024-08-28T01:10:06.437+0000][info][gc,heap     ] GC(292) Old regions: 1409->1536
[2024-08-28T01:10:06.437+0000][info][gc,heap     ] GC(292) Archive regions: 2->2
[2024-08-28T01:10:06.437+0000][info][gc,heap     ] GC(292) Humongous regions: 5->5
[2024-08-28T01:10:06.437+0000][info][gc,metaspace] GC(292) Metaspace: 100K(320K)->100K(320K) NonClass: 96K(192K)->96K(192K) Class: 4K(128K)->4K(128K)
[2024-08-28T01:10:06.437+0000][info][gc          ] GC(292) Pause Young (Concurrent Start) (G1 Evacuation Pause) 1559M->1560M(2048M) 22.095ms
[2024-08-28T01:10:06.437+0000][info][gc,cpu      ] GC(292) User=1.00s Sys=0.00s Real=0.02s
[2024-08-28T01:10:06.437+0000][info][gc          ] GC(293) Concurrent Mark Cycle
[2024-08-28T01:10:06.437+0000][info][gc,marking  ] GC(293) Concurrent Clear Claimed Marks
[2024-08-28T01:10:06.437+0000][info][gc,marking  ] GC(293) Concurrent Clear Claimed Marks 0.011ms
[2024-08-28T01:10:06.437+0000][info][gc,marking  ] GC(293) Concurrent Scan Root Regions
[2024-08-28T01:10:06.441+0000][info][gc,marking  ] GC(293) Concurrent Scan Root Regions 3.953ms
[2024-08-28T01:10:06.441+0000][info][gc,marking  ] GC(293) Concurrent Mark
[2024-08-28T01:10:06.441+0000][info][gc,marking  ] GC(293) Concurrent Mark From Roots
[2024-08-28T01:10:06.441+0000][info][gc,task     ] GC(293) Using 17 workers of 17 for marking
[2024-08-28T01:10:06.462+0000][info][gc,marking  ] GC(293) Concurrent Mark From Roots 20.692ms
[2024-08-28T01:10:06.462+0000][info][gc,marking  ] GC(293) Concurrent Preclean
[2024-08-28T01:10:06.463+0000][info][gc,marking  ] GC(293) Concurrent Preclean 0.589ms
[2024-08-28T01:10:06.463+0000][info][gc,start    ] GC(293) Pause Remark
[2024-08-28T01:10:06.465+0000][info][gc          ] GC(293) Pause Remark 1596M->1383M(2048M) 2.192ms
[2024-08-28T01:10:06.465+0000][info][gc,cpu      ] GC(293) User=0.01s Sys=0.00s Real=0.00s
[2024-08-28T01:10:06.465+0000][info][gc,marking  ] GC(293) Concurrent Mark 23.962ms
[2024-08-28T01:10:06.465+0000][info][gc,marking  ] GC(293) Concurrent Rebuild Remembered Sets
[2024-08-28T01:10:06.493+0000][info][gc,start    ] GC(294) Pause Young (Normal) (G1 Evacuation Pause)
[2024-08-28T01:10:06.493+0000][info][gc,task     ] GC(294) Using 49 workers of 68 for evacuation
[2024-08-28T01:10:06.510+0000][info][gc,phases   ] GC(294)   Pre Evacuate Collection Set: 0.4ms
[2024-08-28T01:10:06.510+0000][info][gc,phases   ] GC(294)   Merge Heap Roots: 0.5ms
[2024-08-28T01:10:06.510+0000][info][gc,phases   ] GC(294)   Evacuate Collection Set: 15.7ms
[2024-08-28T01:10:06.510+0000][info][gc,phases   ] GC(294)   Post Evacuate Collection Set: 0.7ms
[2024-08-28T01:10:06.510+0000][info][gc,phases   ] GC(294)   Other: 0.3ms
[2024-08-28T01:10:06.510+0000][info][gc,heap     ] GC(294) Eden regions: 89->0(126)
[2024-08-28T01:10:06.510+0000][info][gc,heap     ] GC(294) Survivor regions: 19->14(14)
[2024-08-28T01:10:06.510+0000][info][gc,heap     ] GC(294) Old regions: 1323->1425
[2024-08-28T01:10:06.510+0000][info][gc,heap     ] GC(294) Archive regions: 2->2
[2024-08-28T01:10:06.510+0000][info][gc,heap     ] GC(294) Humongous regions: 5->5
[2024-08-28T01:10:06.510+0000][info][gc,metaspace] GC(294) Metaspace: 100K(320K)->100K(320K) NonClass: 96K(192K)->96K(192K) Class: 4K(128K)->4K(128K)
[2024-08-28T01:10:06.510+0000][info][gc          ] GC(294) Pause Young (Normal) (G1 Evacuation Pause) 1436M->1444M(2048M) 17.689ms
[2024-08-28T01:10:06.510+0000][info][gc,cpu      ] GC(294) User=0.78s Sys=0.00s Real=0.02s
[2024-08-28T01:10:06.530+0000][info][gc,marking  ] GC(293) Concurrent Rebuild Remembered Sets 64.544ms
[2024-08-28T01:10:06.530+0000][info][gc,start    ] GC(293) Pause Cleanup
[2024-08-28T01:10:06.533+0000][info][gc          ] GC(293) Pause Cleanup 1480M->1480M(2048M) 2.799ms
[2024-08-28T01:10:06.533+0000][info][gc,cpu      ] GC(293) User=0.01s Sys=0.00s Real=0.00s
[2024-08-28T01:10:06.533+0000][info][gc,marking  ] GC(293) Concurrent Cleanup for Next Mark
[2024-08-28T01:10:06.534+0000][info][gc,marking  ] GC(293) Concurrent Cleanup for Next Mark 1.313ms
[2024-08-28T01:10:06.534+0000][info][gc          ] GC(293) Concurrent Mark Cycle 97.229ms
[2024-08-28T01:10:06.580+0000][info][gc,start    ] GC(295) Pause Young (Prepare Mixed) (G1 Evacuation Pause)
[2024-08-28T01:10:06.580+0000][info][gc,task     ] GC(295) Using 49 workers of 68 for evacuation
[2024-08-28T01:10:06.604+0000][info][gc,phases   ] GC(295)   Pre Evacuate Collection Set: 0.3ms
[2024-08-28T01:10:06.604+0000][info][gc,phases   ] GC(295)   Merge Heap Roots: 0.9ms
[2024-08-28T01:10:06.604+0000][info][gc,phases   ] GC(295)   Evacuate Collection Set: 22.3ms
[2024-08-28T01:10:06.604+0000][info][gc,phases   ] GC(295)   Post Evacuate Collection Set: 0.5ms
[2024-08-28T01:10:06.604+0000][info][gc,phases   ] GC(295)   Other: 0.2ms
[2024-08-28T01:10:06.604+0000][info][gc,heap     ] GC(295) Eden regions: 126->0(84)
[2024-08-28T01:10:06.604+0000][info][gc,heap     ] GC(295) Survivor regions: 14->18(18)
[2024-08-28T01:10:06.604+0000][info][gc,heap     ] GC(295) Old regions: 1425->1550
[2024-08-28T01:10:06.604+0000][info][gc,heap     ] GC(295) Archive regions: 2->2
[2024-08-28T01:10:06.604+0000][info][gc,heap     ] GC(295) Humongous regions: 5->5
[2024-08-28T01:10:06.604+0000][info][gc,metaspace] GC(295) Metaspace: 100K(320K)->100K(320K) NonClass: 96K(192K)->96K(192K) Class: 4K(128K)->4K(128K)
[2024-08-28T01:10:06.604+0000][info][gc          ] GC(295) Pause Young (Prepare Mixed) (G1 Evacuation Pause) 1570M->1573M(2048M) 24.342ms
[2024-08-28T01:10:06.604+0000][info][gc,cpu      ] GC(295) User=1.13s Sys=0.00s Real=0.02s
[2024-08-28T01:10:06.647+0000][info][gc,start    ] GC(296) Pause Young (Mixed) (G1 Evacuation Pause)
[2024-08-28T01:10:06.647+0000][info][gc,task     ] GC(296) Using 49 workers of 68 for evacuation
[2024-08-28T01:10:06.664+0000][info][gc,phases   ] GC(296)   Pre Evacuate Collection Set: 0.5ms
[2024-08-28T01:10:06.664+0000][info][gc,phases   ] GC(296)   Merge Heap Roots: 0.4ms
[2024-08-28T01:10:06.664+0000][info][gc,phases   ] GC(296)   Evacuate Collection Set: 15.2ms
[2024-08-28T01:10:06.664+0000][info][gc,phases   ] GC(296)   Post Evacuate Collection Set: 0.5ms
[2024-08-28T01:10:06.664+0000][info][gc,phases   ] GC(296)   Other: 0.2ms
[2024-08-28T01:10:06.664+0000][info][gc,heap     ] GC(296) Eden regions: 84->0(89)
[2024-08-28T01:10:06.664+0000][info][gc,heap     ] GC(296) Survivor regions: 18->13(13)
[2024-08-28T01:10:06.664+0000][info][gc,heap     ] GC(296) Old regions: 1550->1522
[2024-08-28T01:10:06.664+0000][info][gc,heap     ] GC(296) Archive regions: 2->2
[2024-08-28T01:10:06.664+0000][info][gc,heap     ] GC(296) Humongous regions: 5->5
[2024-08-28T01:10:06.664+0000][info][gc,metaspace] GC(296) Metaspace: 100K(320K)->100K(320K) NonClass: 96K(192K)->96K(192K) Class: 4K(128K)->4K(128K)
[2024-08-28T01:10:06.664+0000][info][gc          ] GC(296) Pause Young (Mixed) (G1 Evacuation Pause) 1657M->1540M(2048M) 16.941ms
[2024-08-28T01:10:06.664+0000][info][gc,cpu      ] GC(296) User=0.76s Sys=0.00s Real=0.02s
[2024-08-28T01:10:06.709+0000][info][gc,start    ] GC(297) Pause Young (Mixed) (G1 Evacuation Pause)
[2024-08-28T01:10:06.709+0000][info][gc,task     ] GC(297) Using 49 workers of 68 for evacuation
[2024-08-28T01:10:06.726+0000][info][gc,phases   ] GC(297)   Pre Evacuate Collection Set: 0.4ms
[2024-08-28T01:10:06.726+0000][info][gc,phases   ] GC(297)   Merge Heap Roots: 0.6ms
[2024-08-28T01:10:06.726+0000][info][gc,phases   ] GC(297)   Evacuate Collection Set: 14.7ms
[2024-08-28T01:10:06.726+0000][info][gc,phases   ] GC(297)   Post Evacuate Collection Set: 0.5ms
[2024-08-28T01:10:06.726+0000][info][gc,phases   ] GC(297)   Other: 0.3ms
[2024-08-28T01:10:06.726+0000][info][gc,heap     ] GC(297) Eden regions: 89->0(89)
[2024-08-28T01:10:06.726+0000][info][gc,heap     ] GC(297) Survivor regions: 13->13(13)
[2024-08-28T01:10:06.726+0000][info][gc,heap     ] GC(297) Old regions: 1522->1493
[2024-08-28T01:10:06.726+0000][info][gc,heap     ] GC(297) Archive regions: 2->2
[2024-08-28T01:10:06.726+0000][info][gc,heap     ] GC(297) Humongous regions: 5->5
[2024-08-28T01:10:06.726+0000][info][gc,metaspace] GC(297) Metaspace: 100K(320K)->100K(320K) NonClass: 96K(192K)->96K(192K) Class: 4K(128K)->4K(128K)
[2024-08-28T01:10:06.726+0000][info][gc          ] GC(297) Pause Young (Mixed) (G1 Evacuation Pause) 1629M->1511M(2048M) 16.605ms
[2024-08-28T01:10:06.726+0000][info][gc,cpu      ] GC(297) User=0.73s Sys=0.01s Real=0.02s
[2024-08-28T01:10:06.771+0000][info][gc,start    ] GC(298) Pause Young (Mixed) (G1 Evacuation Pause)
[2024-08-28T01:10:06.771+0000][info][gc,task     ] GC(298) Using 49 workers of 68 for evacuation
[2024-08-28T01:10:06.787+0000][info][gc,phases   ] GC(298)   Pre Evacuate Collection Set: 0.4ms
[2024-08-28T01:10:06.787+0000][info][gc,phases   ] GC(298)   Merge Heap Roots: 0.4ms
[2024-08-28T01:10:06.787+0000][info][gc,phases   ] GC(298)   Evacuate Collection Set: 14.6ms
[2024-08-28T01:10:06.787+0000][info][gc,phases   ] GC(298)   Post Evacuate Collection Set: 0.5ms
[2024-08-28T01:10:06.787+0000][info][gc,phases   ] GC(298)   Other: 0.2ms
[2024-08-28T01:10:06.787+0000][info][gc,heap     ] GC(298) Eden regions: 89->0(89)
[2024-08-28T01:10:06.787+0000][info][gc,heap     ] GC(298) Survivor regions: 13->13(13)
[2024-08-28T01:10:06.787+0000][info][gc,heap     ] GC(298) Old regions: 1493->1464
[2024-08-28T01:10:06.787+0000][info][gc,heap     ] GC(298) Archive regions: 2->2
[2024-08-28T01:10:06.787+0000][info][gc,heap     ] GC(298) Humongous regions: 5->5
[2024-08-28T01:10:06.787+0000][info][gc,metaspace] GC(298) Metaspace: 100K(320K)->100K(320K) NonClass: 96K(192K)->96K(192K) Class: 4K(128K)->4K(128K)
[2024-08-28T01:10:06.787+0000][info][gc          ] GC(298) Pause Young (Mixed) (G1 Evacuation Pause) 1600M->1482M(2048M) 16.307ms
[2024-08-28T01:10:06.787+0000][info][gc,cpu      ] GC(298) User=0.74s Sys=0.00s Real=0.01s
[2024-08-28T01:10:06.832+0000][info][gc,start    ] GC(299) Pause Young (Mixed) (G1 Evacuation Pause)
[2024-08-28T01:10:06.832+0000][info][gc,task     ] GC(299) Using 49 workers of 68 for evacuation
[2024-08-28T01:10:06.848+0000][info][gc,phases   ] GC(299)   Pre Evacuate Collection Set: 0.4ms
[2024-08-28T01:10:06.849+0000][info][gc,phases   ] GC(299)   Merge Heap Roots: 0.5ms
[2024-08-28T01:10:06.849+0000][info][gc,phases   ] GC(299)   Evacuate Collection Set: 14.9ms
[2024-08-28T01:10:06.849+0000][info][gc,phases   ] GC(299)   Post Evacuate Collection Set: 0.5ms
[2024-08-28T01:10:06.849+0000][info][gc,phases   ] GC(299)   Other: 0.2ms
[2024-08-28T01:10:06.849+0000][info][gc,heap     ] GC(299) Eden regions: 89->0(89)
[2024-08-28T01:10:06.849+0000][info][gc,heap     ] GC(299) Survivor regions: 13->13(13)
[2024-08-28T01:10:06.849+0000][info][gc,heap     ] GC(299) Old regions: 1464->1434
[2024-08-28T01:10:06.849+0000][info][gc,heap     ] GC(299) Archive regions: 2->2
[2024-08-28T01:10:06.849+0000][info][gc,heap     ] GC(299) Humongous regions: 5->5
[2024-08-28T01:10:06.849+0000][info][gc,metaspace] GC(299) Metaspace: 100K(320K)->100K(320K) NonClass: 96K(192K)->96K(192K) Class: 4K(128K)->4K(128K)
[2024-08-28T01:10:06.849+0000][info][gc          ] GC(299) Pause Young (Mixed) (G1 Evacuation Pause) 1571M->1452M(2048M) 16.620ms
[2024-08-28T01:10:06.849+0000][info][gc,cpu      ] GC(299) User=0.75s Sys=0.00s Real=0.01s
[2024-08-28T01:10:06.897+0000][info][gc,start    ] GC(300) Pause Young (Mixed) (G1 Evacuation Pause)
[2024-08-28T01:10:06.897+0000][info][gc,task     ] GC(300) Using 49 workers of 68 for evacuation
[2024-08-28T01:10:06.913+0000][info][gc,phases   ] GC(300)   Pre Evacuate Collection Set: 0.4ms
[2024-08-28T01:10:06.913+0000][info][gc,phases   ] GC(300)   Merge Heap Roots: 0.5ms
[2024-08-28T01:10:06.913+0000][info][gc,phases   ] GC(300)   Evacuate Collection Set: 15.0ms
[2024-08-28T01:10:06.913+0000][info][gc,phases   ] GC(300)   Post Evacuate Collection Set: 0.6ms
[2024-08-28T01:10:06.913+0000][info][gc,phases   ] GC(300)   Other: 0.2ms
[2024-08-28T01:10:06.913+0000][info][gc,heap     ] GC(300) Eden regions: 89->0(89)
[2024-08-28T01:10:06.913+0000][info][gc,heap     ] GC(300) Survivor regions: 13->13(13)
[2024-08-28T01:10:06.913+0000][info][gc,heap     ] GC(300) Old regions: 1434->1404
[2024-08-28T01:10:06.913+0000][info][gc,heap     ] GC(300) Archive regions: 2->2
[2024-08-28T01:10:06.913+0000][info][gc,heap     ] GC(300) Humongous regions: 5->5
[2024-08-28T01:10:06.913+0000][info][gc,metaspace] GC(300) Metaspace: 100K(320K)->100K(320K) NonClass: 96K(192K)->96K(192K) Class: 4K(128K)->4K(128K)
[2024-08-28T01:10:06.913+0000][info][gc          ] GC(300) Pause Young (Mixed) (G1 Evacuation Pause) 1541M->1422M(2048M) 16.735ms
[2024-08-28T01:10:06.913+0000][info][gc,cpu      ] GC(300) User=0.76s Sys=0.00s Real=0.02s
[2024-08-28T01:10:06.962+0000][info][gc,start    ] GC(301) Pause Young (Mixed) (G1 Evacuation Pause)
[2024-08-28T01:10:06.963+0000][info][gc,task     ] GC(301) Using 49 workers of 68 for evacuation
[2024-08-28T01:10:06.979+0000][info][gc,phases   ] GC(301)   Pre Evacuate Collection Set: 0.4ms
[2024-08-28T01:10:06.979+0000][info][gc,phases   ] GC(301)   Merge Heap Roots: 0.6ms
[2024-08-28T01:10:06.979+0000][info][gc,phases   ] GC(301)   Evacuate Collection Set: 14.8ms
[2024-08-28T01:10:06.979+0000][info][gc,phases   ] GC(301)   Post Evacuate Collection Set: 0.5ms
[2024-08-28T01:10:06.979+0000][info][gc,phases   ] GC(301)   Other: 0.2ms
[2024-08-28T01:10:06.979+0000][info][gc,heap     ] GC(301) Eden regions: 89->0(89)
[2024-08-28T01:10:06.979+0000][info][gc,heap     ] GC(301) Survivor regions: 13->13(13)
[2024-08-28T01:10:06.979+0000][info][gc,heap     ] GC(301) Old regions: 1404->1375
[2024-08-28T01:10:06.979+0000][info][gc,heap     ] GC(301) Archive regions: 2->2
[2024-08-28T01:10:06.979+0000][info][gc,heap     ] GC(301) Humongous regions: 5->5
[2024-08-28T01:10:06.979+0000][info][gc,metaspace] GC(301) Metaspace: 100K(320K)->100K(320K) NonClass: 96K(192K)->96K(192K) Class: 4K(128K)->4K(128K)
[2024-08-28T01:10:06.979+0000][info][gc          ] GC(301) Pause Young (Mixed) (G1 Evacuation Pause) 1511M->1393M(2048M) 16.523ms
[2024-08-28T01:10:06.979+0000][info][gc,cpu      ] GC(301) User=0.75s Sys=0.00s Real=0.02s
[2024-08-28T01:10:07.029+0000][info][gc,start    ] GC(302) Pause Young (Mixed) (G1 Evacuation Pause)
[2024-08-28T01:10:07.029+0000][info][gc,task     ] GC(302) Using 49 workers of 68 for evacuation
[2024-08-28T01:10:07.045+0000][info][gc,phases   ] GC(302)   Pre Evacuate Collection Set: 0.4ms
[2024-08-28T01:10:07.045+0000][info][gc,phases   ] GC(302)   Merge Heap Roots: 0.5ms
[2024-08-28T01:10:07.045+0000][info][gc,phases   ] GC(302)   Evacuate Collection Set: 14.7ms
[2024-08-28T01:10:07.045+0000][info][gc,phases   ] GC(302)   Post Evacuate Collection Set: 0.5ms
[2024-08-28T01:10:07.045+0000][info][gc,phases   ] GC(302)   Other: 0.2ms
[2024-08-28T01:10:07.045+0000][info][gc,heap     ] GC(302) Eden regions: 89->0(131)
[2024-08-28T01:10:07.045+0000][info][gc,heap     ] GC(302) Survivor regions: 13->13(13)
[2024-08-28T01:10:07.045+0000][info][gc,heap     ] GC(302) Old regions: 1375->1412
[2024-08-28T01:10:07.045+0000][info][gc,heap     ] GC(302) Archive regions: 2->2
[2024-08-28T01:10:07.045+0000][info][gc,heap     ] GC(302) Humongous regions: 5->5
[2024-08-28T01:10:07.045+0000][info][gc,metaspace] GC(302) Metaspace: 100K(320K)->100K(320K) NonClass: 96K(192K)->96K(192K) Class: 4K(128K)->4K(128K)
[2024-08-28T01:10:07.045+0000][info][gc          ] GC(302) Pause Young (Mixed) (G1 Evacuation Pause) 1482M->1430M(2048M) 16.464ms
[2024-08-28T01:10:07.045+0000][info][gc,cpu      ] GC(302) User=0.74s Sys=0.00s Real=0.02s
[2024-08-28T01:10:07.119+0000][info][gc,start    ] GC(303) Pause Young (Concurrent Start) (G1 Evacuation Pause)
[2024-08-28T01:10:07.119+0000][info][gc,task     ] GC(303) Using 49 workers of 68 for evacuation
[2024-08-28T01:10:07.141+0000][info][gc,phases   ] GC(303)   Pre Evacuate Collection Set: 0.4ms
[2024-08-28T01:10:07.141+0000][info][gc,phases   ] GC(303)   Merge Heap Roots: 0.5ms
[2024-08-28T01:10:07.141+0000][info][gc,phases   ] GC(303)   Evacuate Collection Set: 19.9ms
[2024-08-28T01:10:07.141+0000][info][gc,phases   ] GC(303)   Post Evacuate Collection Set: 0.5ms
[2024-08-28T01:10:07.141+0000][info][gc,phases   ] GC(303)   Other: 0.6ms
[2024-08-28T01:10:07.141+0000][info][gc,heap     ] GC(303) Eden regions: 131->0(88)
[2024-08-28T01:10:07.141+0000][info][gc,heap     ] GC(303) Survivor regions: 13->18(18)
[2024-08-28T01:10:07.141+0000][info][gc,heap     ] GC(303) Old regions: 1412->1541
[2024-08-28T01:10:07.141+0000][info][gc,heap     ] GC(303) Archive regions: 2->2
[2024-08-28T01:10:07.141+0000][info][gc,heap     ] GC(303) Humongous regions: 5->5
[2024-08-28T01:10:07.141+0000][info][gc,metaspace] GC(303) Metaspace: 100K(320K)->100K(320K) NonClass: 96K(192K)->96K(192K) Class: 4K(128K)->4K(128K)
[2024-08-28T01:10:07.141+0000][info][gc          ] GC(303) Pause Young (Concurrent Start) (G1 Evacuation Pause) 1561M->1564M(2048M) 22.055ms
[2024-08-28T01:10:07.141+0000][info][gc,cpu      ] GC(303) User=0.98s Sys=0.01s Real=0.02s
[2024-08-28T01:10:07.141+0000][info][gc          ] GC(304) Concurrent Mark Cycle
[2024-08-28T01:10:07.141+0000][info][gc,marking  ] GC(304) Concurrent Clear Claimed Marks
[2024-08-28T01:10:07.141+0000][info][gc,marking  ] GC(304) Concurrent Clear Claimed Marks 0.011ms
[2024-08-28T01:10:07.141+0000][info][gc,marking  ] GC(304) Concurrent Scan Root Regions
[2024-08-28T01:10:07.145+0000][info][gc,marking  ] GC(304) Concurrent Scan Root Regions 3.796ms
[2024-08-28T01:10:07.145+0000][info][gc,marking  ] GC(304) Concurrent Mark
[2024-08-28T01:10:07.145+0000][info][gc,marking  ] GC(304) Concurrent Mark From Roots
[2024-08-28T01:10:07.145+0000][info][gc,task     ] GC(304) Using 17 workers of 17 for marking
[2024-08-28T01:10:07.166+0000][info][gc,marking  ] GC(304) Concurrent Mark From Roots 20.937ms
[2024-08-28T01:10:07.166+0000][info][gc,marking  ] GC(304) Concurrent Preclean
[2024-08-28T01:10:07.167+0000][info][gc,marking  ] GC(304) Concurrent Preclean 0.501ms
[2024-08-28T01:10:07.167+0000][info][gc,start    ] GC(304) Pause Remark
[2024-08-28T01:10:07.169+0000][info][gc          ] GC(304) Pause Remark 1596M->1397M(2048M) 1.846ms
[2024-08-28T01:10:07.169+0000][info][gc,cpu      ] GC(304) User=0.02s Sys=0.00s Real=0.00s
[2024-08-28T01:10:07.169+0000][info][gc,marking  ] GC(304) Concurrent Mark 23.716ms
[2024-08-28T01:10:07.169+0000][info][gc,marking  ] GC(304) Concurrent Rebuild Remembered Sets
[2024-08-28T01:10:07.200+0000][info][gc,start    ] GC(305) Pause Young (Normal) (G1 Evacuation Pause)
[2024-08-28T01:10:07.200+0000][info][gc,task     ] GC(305) Using 49 workers of 68 for evacuation
[2024-08-28T01:10:07.217+0000][info][gc,phases   ] GC(305)   Pre Evacuate Collection Set: 0.5ms
[2024-08-28T01:10:07.217+0000][info][gc,phases   ] GC(305)   Merge Heap Roots: 0.6ms
[2024-08-28T01:10:07.217+0000][info][gc,phases   ] GC(305)   Evacuate Collection Set: 15.5ms
[2024-08-28T01:10:07.217+0000][info][gc,phases   ] GC(305)   Post Evacuate Collection Set: 0.7ms
[2024-08-28T01:10:07.217+0000][info][gc,phases   ] GC(305)   Other: 0.3ms
[2024-08-28T01:10:07.217+0000][info][gc,heap     ] GC(305) Eden regions: 88->0(121)
[2024-08-28T01:10:07.217+0000][info][gc,heap     ] GC(305) Survivor regions: 18->14(14)
[2024-08-28T01:10:07.217+0000][info][gc,heap     ] GC(305) Old regions: 1342->1441
[2024-08-28T01:10:07.217+0000][info][gc,heap     ] GC(305) Archive regions: 2->2
[2024-08-28T01:10:07.217+0000][info][gc,heap     ] GC(305) Humongous regions: 5->5
[2024-08-28T01:10:07.217+0000][info][gc,metaspace] GC(305) Metaspace: 100K(320K)->100K(320K) NonClass: 96K(192K)->96K(192K) Class: 4K(128K)->4K(128K)
[2024-08-28T01:10:07.218+0000][info][gc          ] GC(305) Pause Young (Normal) (G1 Evacuation Pause) 1453M->1460M(2048M) 17.610ms
[2024-08-28T01:10:07.218+0000][info][gc,cpu      ] GC(305) User=0.79s Sys=0.00s Real=0.02s
[2024-08-28T01:10:07.234+0000][info][gc,marking  ] GC(304) Concurrent Rebuild Remembered Sets 65.000ms
[2024-08-28T01:10:07.234+0000][info][gc,start    ] GC(304) Pause Cleanup
[2024-08-28T01:10:07.237+0000][info][gc          ] GC(304) Pause Cleanup 1489M->1489M(2048M) 3.035ms
[2024-08-28T01:10:07.237+0000][info][gc,cpu      ] GC(304) User=0.01s Sys=0.00s Real=0.00s
[2024-08-28T01:10:07.238+0000][info][gc,marking  ] GC(304) Concurrent Cleanup for Next Mark
[2024-08-28T01:10:07.239+0000][info][gc,marking  ] GC(304) Concurrent Cleanup for Next Mark 1.438ms
[2024-08-28T01:10:07.239+0000][info][gc          ] GC(304) Concurrent Mark Cycle 97.659ms
[2024-08-28T01:10:07.291+0000][info][gc,start    ] GC(306) Pause Young (Prepare Mixed) (G1 Evacuation Pause)
[2024-08-28T01:10:07.291+0000][info][gc,task     ] GC(306) Using 49 workers of 68 for evacuation
[2024-08-28T01:10:07.315+0000][info][gc,phases   ] GC(306)   Pre Evacuate Collection Set: 0.4ms
[2024-08-28T01:10:07.315+0000][info][gc,phases   ] GC(306)   Merge Heap Roots: 0.8ms
[2024-08-28T01:10:07.315+0000][info][gc,phases   ] GC(306)   Evacuate Collection Set: 22.2ms
[2024-08-28T01:10:07.315+0000][info][gc,phases   ] GC(306)   Post Evacuate Collection Set: 0.5ms
[2024-08-28T01:10:07.315+0000][info][gc,phases   ] GC(306)   Other: 0.2ms
[2024-08-28T01:10:07.315+0000][info][gc,heap     ] GC(306) Eden regions: 121->0(85)
[2024-08-28T01:10:07.315+0000][info][gc,heap     ] GC(306) Survivor regions: 14->17(17)
[2024-08-28T01:10:07.315+0000][info][gc,heap     ] GC(306) Old regions: 1441->1563
[2024-08-28T01:10:07.315+0000][info][gc,heap     ] GC(306) Archive regions: 2->2
[2024-08-28T01:10:07.315+0000][info][gc,heap     ] GC(306) Humongous regions: 5->5
[2024-08-28T01:10:07.315+0000][info][gc,metaspace] GC(306) Metaspace: 100K(320K)->100K(320K) NonClass: 96K(192K)->96K(192K) Class: 4K(128K)->4K(128K)
[2024-08-28T01:10:07.315+0000][info][gc          ] GC(306) Pause Young (Prepare Mixed) (G1 Evacuation Pause) 1581M->1585M(2048M) 24.187ms
[2024-08-28T01:10:07.315+0000][info][gc,cpu      ] GC(306) User=1.12s Sys=0.00s Real=0.02s
[2024-08-28T01:10:07.363+0000][info][gc,start    ] GC(307) Pause Young (Mixed) (G1 Evacuation Pause)
[2024-08-28T01:10:07.363+0000][info][gc,task     ] GC(307) Using 49 workers of 68 for evacuation
[2024-08-28T01:10:07.381+0000][info][gc,phases   ] GC(307)   Pre Evacuate Collection Set: 0.4ms
[2024-08-28T01:10:07.381+0000][info][gc,phases   ] GC(307)   Merge Heap Roots: 0.4ms
[2024-08-28T01:10:07.381+0000][info][gc,phases   ] GC(307)   Evacuate Collection Set: 15.8ms
[2024-08-28T01:10:07.381+0000][info][gc,phases   ] GC(307)   Post Evacuate Collection Set: 0.5ms
[2024-08-28T01:10:07.381+0000][info][gc,phases   ] GC(307)   Other: 0.2ms
[2024-08-28T01:10:07.381+0000][info][gc,heap     ] GC(307) Eden regions: 85->0(89)
[2024-08-28T01:10:07.381+0000][info][gc,heap     ] GC(307) Survivor regions: 17->13(13)
[2024-08-28T01:10:07.381+0000][info][gc,heap     ] GC(307) Old regions: 1563->1536
[2024-08-28T01:10:07.381+0000][info][gc,heap     ] GC(307) Archive regions: 2->2
[2024-08-28T01:10:07.381+0000][info][gc,heap     ] GC(307) Humongous regions: 5->5
[2024-08-28T01:10:07.381+0000][info][gc,metaspace] GC(307) Metaspace: 100K(320K)->100K(320K) NonClass: 96K(192K)->96K(192K) Class: 4K(128K)->4K(128K)
[2024-08-28T01:10:07.381+0000][info][gc          ] GC(307) Pause Young (Mixed) (G1 Evacuation Pause) 1670M->1554M(2048M) 17.425ms
[2024-08-28T01:10:07.381+0000][info][gc,cpu      ] GC(307) User=0.75s Sys=0.01s Real=0.02s
[2024-08-28T01:10:07.431+0000][info][gc,start    ] GC(308) Pause Young (Mixed) (G1 Evacuation Pause)
[2024-08-28T01:10:07.432+0000][info][gc,task     ] GC(308) Using 49 workers of 68 for evacuation
[2024-08-28T01:10:07.449+0000][info][gc,phases   ] GC(308)   Pre Evacuate Collection Set: 0.5ms
[2024-08-28T01:10:07.449+0000][info][gc,phases   ] GC(308)   Merge Heap Roots: 0.9ms
[2024-08-28T01:10:07.449+0000][info][gc,phases   ] GC(308)   Evacuate Collection Set: 15.2ms
[2024-08-28T01:10:07.449+0000][info][gc,phases   ] GC(308)   Post Evacuate Collection Set: 0.5ms
[2024-08-28T01:10:07.449+0000][info][gc,phases   ] GC(308)   Other: 0.3ms
[2024-08-28T01:10:07.449+0000][info][gc,heap     ] GC(308) Eden regions: 89->0(89)
[2024-08-28T01:10:07.449+0000][info][gc,heap     ] GC(308) Survivor regions: 13->13(13)
[2024-08-28T01:10:07.449+0000][info][gc,heap     ] GC(308) Old regions: 1536->1506
[2024-08-28T01:10:07.449+0000][info][gc,heap     ] GC(308) Archive regions: 2->2
[2024-08-28T01:10:07.449+0000][info][gc,heap     ] GC(308) Humongous regions: 5->5
[2024-08-28T01:10:07.449+0000][info][gc,metaspace] GC(308) Metaspace: 100K(320K)->100K(320K) NonClass: 96K(192K)->96K(192K) Class: 4K(128K)->4K(128K)
[2024-08-28T01:10:07.449+0000][info][gc          ] GC(308) Pause Young (Mixed) (G1 Evacuation Pause) 1643M->1524M(2048M) 17.453ms
[2024-08-28T01:10:07.449+0000][info][gc,cpu      ] GC(308) User=0.78s Sys=0.00s Real=0.01s
[2024-08-28T01:10:07.499+0000][info][gc,start    ] GC(309) Pause Young (Mixed) (G1 Evacuation Pause)
[2024-08-28T01:10:07.499+0000][info][gc,task     ] GC(309) Using 49 workers of 68 for evacuation
[2024-08-28T01:10:07.515+0000][info][gc,phases   ] GC(309)   Pre Evacuate Collection Set: 0.4ms
[2024-08-28T01:10:07.516+0000][info][gc,phases   ] GC(309)   Merge Heap Roots: 0.5ms
[2024-08-28T01:10:07.516+0000][info][gc,phases   ] GC(309)   Evacuate Collection Set: 14.9ms
[2024-08-28T01:10:07.516+0000][info][gc,phases   ] GC(309)   Post Evacuate Collection Set: 0.5ms
[2024-08-28T01:10:07.516+0000][info][gc,phases   ] GC(309)   Other: 0.2ms
[2024-08-28T01:10:07.516+0000][info][gc,heap     ] GC(309) Eden regions: 89->0(89)
[2024-08-28T01:10:07.516+0000][info][gc,heap     ] GC(309) Survivor regions: 13->13(13)
[2024-08-28T01:10:07.516+0000][info][gc,heap     ] GC(309) Old regions: 1506->1477
[2024-08-28T01:10:07.516+0000][info][gc,heap     ] GC(309) Archive regions: 2->2
[2024-08-28T01:10:07.516+0000][info][gc,heap     ] GC(309) Humongous regions: 5->5
[2024-08-28T01:10:07.516+0000][info][gc,metaspace] GC(309) Metaspace: 100K(320K)->100K(320K) NonClass: 96K(192K)->96K(192K) Class: 4K(128K)->4K(128K)
[2024-08-28T01:10:07.516+0000][info][gc          ] GC(309) Pause Young (Mixed) (G1 Evacuation Pause) 1613M->1495M(2048M) 16.695ms
[2024-08-28T01:10:07.516+0000][info][gc,cpu      ] GC(309) User=0.75s Sys=0.00s Real=0.01s
[2024-08-28T01:10:07.561+0000][info][gc,start    ] GC(310) Pause Young (Mixed) (G1 Evacuation Pause)
[2024-08-28T01:10:07.561+0000][info][gc,task     ] GC(310) Using 49 workers of 68 for evacuation
[2024-08-28T01:10:07.578+0000][info][gc,phases   ] GC(310)   Pre Evacuate Collection Set: 0.4ms
[2024-08-28T01:10:07.578+0000][info][gc,phases   ] GC(310)   Merge Heap Roots: 0.7ms
[2024-08-28T01:10:07.578+0000][info][gc,phases   ] GC(310)   Evacuate Collection Set: 15.2ms
[2024-08-28T01:10:07.578+0000][info][gc,phases   ] GC(310)   Post Evacuate Collection Set: 0.6ms
[2024-08-28T01:10:07.578+0000][info][gc,phases   ] GC(310)   Other: 0.3ms
[2024-08-28T01:10:07.578+0000][info][gc,heap     ] GC(310) Eden regions: 89->0(89)
[2024-08-28T01:10:07.578+0000][info][gc,heap     ] GC(310) Survivor regions: 13->13(13)
[2024-08-28T01:10:07.578+0000][info][gc,heap     ] GC(310) Old regions: 1477->1448
[2024-08-28T01:10:07.579+0000][info][gc,heap     ] GC(310) Archive regions: 2->2
[2024-08-28T01:10:07.579+0000][info][gc,heap     ] GC(310) Humongous regions: 5->5
[2024-08-28T01:10:07.579+0000][info][gc,metaspace] GC(310) Metaspace: 100K(320K)->100K(320K) NonClass: 96K(192K)->96K(192K) Class: 4K(128K)->4K(128K)
[2024-08-28T01:10:07.579+0000][info][gc          ] GC(310) Pause Young (Mixed) (G1 Evacuation Pause) 1584M->1466M(2048M) 17.269ms
[2024-08-28T01:10:07.579+0000][info][gc,cpu      ] GC(310) User=0.74s Sys=0.02s Real=0.02s
[2024-08-28T01:10:07.628+0000][info][gc,start    ] GC(311) Pause Young (Mixed) (G1 Evacuation Pause)
[2024-08-28T01:10:07.628+0000][info][gc,task     ] GC(311) Using 49 workers of 68 for evacuation
[2024-08-28T01:10:07.645+0000][info][gc,phases   ] GC(311)   Pre Evacuate Collection Set: 0.4ms
[2024-08-28T01:10:07.645+0000][info][gc,phases   ] GC(311)   Merge Heap Roots: 0.5ms
[2024-08-28T01:10:07.645+0000][info][gc,phases   ] GC(311)   Evacuate Collection Set: 15.3ms
[2024-08-28T01:10:07.645+0000][info][gc,phases   ] GC(311)   Post Evacuate Collection Set: 0.5ms
[2024-08-28T01:10:07.645+0000][info][gc,phases   ] GC(311)   Other: 0.2ms
[2024-08-28T01:10:07.645+0000][info][gc,heap     ] GC(311) Eden regions: 89->0(89)
[2024-08-28T01:10:07.645+0000][info][gc,heap     ] GC(311) Survivor regions: 13->13(13)
[2024-08-28T01:10:07.645+0000][info][gc,heap     ] GC(311) Old regions: 1448->1418
[2024-08-28T01:10:07.645+0000][info][gc,heap     ] GC(311) Archive regions: 2->2
[2024-08-28T01:10:07.645+0000][info][gc,heap     ] GC(311) Humongous regions: 5->5
[2024-08-28T01:10:07.645+0000][info][gc,metaspace] GC(311) Metaspace: 100K(320K)->100K(320K) NonClass: 96K(192K)->96K(192K) Class: 4K(128K)->4K(128K)
[2024-08-28T01:10:07.645+0000][info][gc          ] GC(311) Pause Young (Mixed) (G1 Evacuation Pause) 1555M->1436M(2048M) 17.103ms
[2024-08-28T01:10:07.645+0000][info][gc,cpu      ] GC(311) User=0.77s Sys=0.00s Real=0.02s
[2024-08-28T01:10:07.696+0000][info][gc,start    ] GC(312) Pause Young (Mixed) (G1 Evacuation Pause)
[2024-08-28T01:10:07.696+0000][info][gc,task     ] GC(312) Using 49 workers of 68 for evacuation
[2024-08-28T01:10:07.713+0000][info][gc,phases   ] GC(312)   Pre Evacuate Collection Set: 0.4ms
[2024-08-28T01:10:07.713+0000][info][gc,phases   ] GC(312)   Merge Heap Roots: 0.7ms
[2024-08-28T01:10:07.713+0000][info][gc,phases   ] GC(312)   Evacuate Collection Set: 15.5ms
[2024-08-28T01:10:07.713+0000][info][gc,phases   ] GC(312)   Post Evacuate Collection Set: 0.5ms
[2024-08-28T01:10:07.713+0000][info][gc,phases   ] GC(312)   Other: 0.2ms
[2024-08-28T01:10:07.713+0000][info][gc,heap     ] GC(312) Eden regions: 89->0(89)
[2024-08-28T01:10:07.713+0000][info][gc,heap     ] GC(312) Survivor regions: 13->13(13)
[2024-08-28T01:10:07.713+0000][info][gc,heap     ] GC(312) Old regions: 1418->1389
[2024-08-28T01:10:07.713+0000][info][gc,heap     ] GC(312) Archive regions: 2->2
[2024-08-28T01:10:07.713+0000][info][gc,heap     ] GC(312) Humongous regions: 5->5
[2024-08-28T01:10:07.713+0000][info][gc,metaspace] GC(312) Metaspace: 100K(320K)->100K(320K) NonClass: 96K(192K)->96K(192K) Class: 4K(128K)->4K(128K)
[2024-08-28T01:10:07.713+0000][info][gc          ] GC(312) Pause Young (Mixed) (G1 Evacuation Pause) 1525M->1407M(2048M) 17.424ms
[2024-08-28T01:10:07.713+0000][info][gc,cpu      ] GC(312) User=0.78s Sys=0.00s Real=0.02s
[2024-08-28T01:10:07.764+0000][info][gc,start    ] GC(313) Pause Young (Mixed) (G1 Evacuation Pause)
[2024-08-28T01:10:07.764+0000][info][gc,task     ] GC(313) Using 49 workers of 68 for evacuation
[2024-08-28T01:10:07.781+0000][info][gc,phases   ] GC(313)   Pre Evacuate Collection Set: 0.3ms
[2024-08-28T01:10:07.781+0000][info][gc,phases   ] GC(313)   Merge Heap Roots: 0.5ms
[2024-08-28T01:10:07.781+0000][info][gc,phases   ] GC(313)   Evacuate Collection Set: 15.2ms
[2024-08-28T01:10:07.781+0000][info][gc,phases   ] GC(313)   Post Evacuate Collection Set: 0.5ms
[2024-08-28T01:10:07.781+0000][info][gc,phases   ] GC(313)   Other: 0.3ms
[2024-08-28T01:10:07.781+0000][info][gc,heap     ] GC(313) Eden regions: 89->0(131)
[2024-08-28T01:10:07.781+0000][info][gc,heap     ] GC(313) Survivor regions: 13->13(13)
[2024-08-28T01:10:07.781+0000][info][gc,heap     ] GC(313) Old regions: 1389->1411
[2024-08-28T01:10:07.781+0000][info][gc,heap     ] GC(313) Archive regions: 2->2
[2024-08-28T01:10:07.781+0000][info][gc,heap     ] GC(313) Humongous regions: 5->5
[2024-08-28T01:10:07.781+0000][info][gc,metaspace] GC(313) Metaspace: 100K(320K)->100K(320K) NonClass: 96K(192K)->96K(192K) Class: 4K(128K)->4K(128K)
[2024-08-28T01:10:07.781+0000][info][gc          ] GC(313) Pause Young (Mixed) (G1 Evacuation Pause) 1496M->1429M(2048M) 16.807ms
[2024-08-28T01:10:07.781+0000][info][gc,cpu      ] GC(313) User=0.76s Sys=0.00s Real=0.02s
[2024-08-28T01:10:07.855+0000][info][gc,start    ] GC(314) Pause Young (Concurrent Start) (G1 Evacuation Pause)
[2024-08-28T01:10:07.855+0000][info][gc,task     ] GC(314) Using 49 workers of 68 for evacuation
[2024-08-28T01:10:07.878+0000][info][gc,phases   ] GC(314)   Pre Evacuate Collection Set: 0.4ms
[2024-08-28T01:10:07.878+0000][info][gc,phases   ] GC(314)   Merge Heap Roots: 0.5ms
[2024-08-28T01:10:07.878+0000][info][gc,phases   ] GC(314)   Evacuate Collection Set: 20.4ms
[2024-08-28T01:10:07.878+0000][info][gc,phases   ] GC(314)   Post Evacuate Collection Set: 0.5ms
[2024-08-28T01:10:07.878+0000][info][gc,phases   ] GC(314)   Other: 0.7ms
[2024-08-28T01:10:07.878+0000][info][gc,heap     ] GC(314) Eden regions: 131->0(88)
[2024-08-28T01:10:07.878+0000][info][gc,heap     ] GC(314) Survivor regions: 13->18(18)
[2024-08-28T01:10:07.878+0000][info][gc,heap     ] GC(314) Old regions: 1411->1540
[2024-08-28T01:10:07.878+0000][info][gc,heap     ] GC(314) Archive regions: 2->2
[2024-08-28T01:10:07.878+0000][info][gc,heap     ] GC(314) Humongous regions: 5->5
[2024-08-28T01:10:07.878+0000][info][gc,metaspace] GC(314) Metaspace: 100K(320K)->100K(320K) NonClass: 96K(192K)->96K(192K) Class: 4K(128K)->4K(128K)
[2024-08-28T01:10:07.878+0000][info][gc          ] GC(314) Pause Young (Concurrent Start) (G1 Evacuation Pause) 1560M->1563M(2048M) 22.527ms
[2024-08-28T01:10:07.878+0000][info][gc,cpu      ] GC(314) User=1.00s Sys=0.01s Real=0.03s
[2024-08-28T01:10:07.878+0000][info][gc          ] GC(315) Concurrent Mark Cycle
[2024-08-28T01:10:07.878+0000][info][gc,marking  ] GC(315) Concurrent Clear Claimed Marks
[2024-08-28T01:10:07.878+0000][info][gc,marking  ] GC(315) Concurrent Clear Claimed Marks 0.012ms
[2024-08-28T01:10:07.878+0000][info][gc,marking  ] GC(315) Concurrent Scan Root Regions
[2024-08-28T01:10:07.882+0000][info][gc,marking  ] GC(315) Concurrent Scan Root Regions 3.945ms
[2024-08-28T01:10:07.882+0000][info][gc,marking  ] GC(315) Concurrent Mark
[2024-08-28T01:10:07.882+0000][info][gc,marking  ] GC(315) Concurrent Mark From Roots
[2024-08-28T01:10:07.882+0000][info][gc,task     ] GC(315) Using 17 workers of 17 for marking
[2024-08-28T01:10:07.903+0000][info][gc,marking  ] GC(315) Concurrent Mark From Roots 20.830ms
[2024-08-28T01:10:07.903+0000][info][gc,marking  ] GC(315) Concurrent Preclean
[2024-08-28T01:10:07.903+0000][info][gc,marking  ] GC(315) Concurrent Preclean 0.500ms
[2024-08-28T01:10:07.904+0000][info][gc,start    ] GC(315) Pause Remark
[2024-08-28T01:10:07.906+0000][info][gc          ] GC(315) Pause Remark 1595M->1392M(2048M) 2.014ms
[2024-08-28T01:10:07.906+0000][info][gc,cpu      ] GC(315) User=0.02s Sys=0.00s Real=0.00s
[2024-08-28T01:10:07.906+0000][info][gc,marking  ] GC(315) Concurrent Mark 23.786ms
[2024-08-28T01:10:07.906+0000][info][gc,marking  ] GC(315) Concurrent Rebuild Remembered Sets
[2024-08-28T01:10:07.939+0000][info][gc,start    ] GC(316) Pause Young (Normal) (G1 Evacuation Pause)
[2024-08-28T01:10:07.939+0000][info][gc,task     ] GC(316) Using 49 workers of 68 for evacuation
[2024-08-28T01:10:07.956+0000][info][gc,phases   ] GC(316)   Pre Evacuate Collection Set: 0.4ms
[2024-08-28T01:10:07.956+0000][info][gc,phases   ] GC(316)   Merge Heap Roots: 0.8ms
[2024-08-28T01:10:07.956+0000][info][gc,phases   ] GC(316)   Evacuate Collection Set: 15.6ms
[2024-08-28T01:10:07.957+0000][info][gc,phases   ] GC(316)   Post Evacuate Collection Set: 0.8ms
[2024-08-28T01:10:07.957+0000][info][gc,phases   ] GC(316)   Other: 0.3ms
[2024-08-28T01:10:07.957+0000][info][gc,heap     ] GC(316) Eden regions: 88->0(123)
[2024-08-28T01:10:07.957+0000][info][gc,heap     ] GC(316) Survivor regions: 18->14(14)
[2024-08-28T01:10:07.957+0000][info][gc,heap     ] GC(316) Old regions: 1337->1436
[2024-08-28T01:10:07.957+0000][info][gc,heap     ] GC(316) Archive regions: 2->2
[2024-08-28T01:10:07.957+0000][info][gc,heap     ] GC(316) Humongous regions: 5->5
[2024-08-28T01:10:07.957+0000][info][gc,metaspace] GC(316) Metaspace: 100K(320K)->100K(320K) NonClass: 96K(192K)->96K(192K) Class: 4K(128K)->4K(128K)
[2024-08-28T01:10:07.957+0000][info][gc          ] GC(316) Pause Young (Normal) (G1 Evacuation Pause) 1448M->1455M(2048M) 17.870ms
[2024-08-28T01:10:07.957+0000][info][gc,cpu      ] GC(316) User=0.79s Sys=0.02s Real=0.01s
[2024-08-28T01:10:07.972+0000][info][gc,marking  ] GC(315) Concurrent Rebuild Remembered Sets 66.060ms
[2024-08-28T01:10:07.972+0000][info][gc,start    ] GC(315) Pause Cleanup
[2024-08-28T01:10:07.975+0000][info][gc          ] GC(315) Pause Cleanup 1481M->1481M(2048M) 2.994ms
[2024-08-28T01:10:07.975+0000][info][gc,cpu      ] GC(315) User=0.02s Sys=0.00s Real=0.00s
[2024-08-28T01:10:07.975+0000][info][gc,marking  ] GC(315) Concurrent Cleanup for Next Mark
[2024-08-28T01:10:07.977+0000][info][gc,marking  ] GC(315) Concurrent Cleanup for Next Mark 1.444ms
[2024-08-28T01:10:07.977+0000][info][gc          ] GC(315) Concurrent Mark Cycle 98.881ms
[2024-08-28T01:10:08.032+0000][info][gc,start    ] GC(317) Pause Young (Prepare Mixed) (G1 Evacuation Pause)
[2024-08-28T01:10:08.032+0000][info][gc,task     ] GC(317) Using 49 workers of 68 for evacuation
[2024-08-28T01:10:08.058+0000][info][gc,phases   ] GC(317)   Pre Evacuate Collection Set: 0.3ms
[2024-08-28T01:10:08.058+0000][info][gc,phases   ] GC(317)   Merge Heap Roots: 1.1ms
[2024-08-28T01:10:08.058+0000][info][gc,phases   ] GC(317)   Evacuate Collection Set: 23.7ms
[2024-08-28T01:10:08.058+0000][info][gc,phases   ] GC(317)   Post Evacuate Collection Set: 0.5ms
[2024-08-28T01:10:08.058+0000][info][gc,phases   ] GC(317)   Other: 0.3ms
[2024-08-28T01:10:08.058+0000][info][gc,heap     ] GC(317) Eden regions: 123->0(84)
[2024-08-28T01:10:08.058+0000][info][gc,heap     ] GC(317) Survivor regions: 14->18(18)
[2024-08-28T01:10:08.058+0000][info][gc,heap     ] GC(317) Old regions: 1436->1558
[2024-08-28T01:10:08.058+0000][info][gc,heap     ] GC(317) Archive regions: 2->2
[2024-08-28T01:10:08.058+0000][info][gc,heap     ] GC(317) Humongous regions: 5->5
[2024-08-28T01:10:08.058+0000][info][gc,metaspace] GC(317) Metaspace: 100K(320K)->100K(320K) NonClass: 96K(192K)->96K(192K) Class: 4K(128K)->4K(128K)
[2024-08-28T01:10:08.058+0000][info][gc          ] GC(317) Pause Young (Prepare Mixed) (G1 Evacuation Pause) 1578M->1581M(2048M) 26.033ms
[2024-08-28T01:10:08.058+0000][info][gc,cpu      ] GC(317) User=1.21s Sys=0.00s Real=0.03s
[2024-08-28T01:10:08.101+0000][info][gc,start    ] GC(318) Pause Young (Mixed) (G1 Evacuation Pause)
[2024-08-28T01:10:08.101+0000][info][gc,task     ] GC(318) Using 49 workers of 68 for evacuation
[2024-08-28T01:10:08.118+0000][info][gc,phases   ] GC(318)   Pre Evacuate Collection Set: 0.3ms
[2024-08-28T01:10:08.118+0000][info][gc,phases   ] GC(318)   Merge Heap Roots: 0.5ms
[2024-08-28T01:10:08.118+0000][info][gc,phases   ] GC(318)   Evacuate Collection Set: 15.7ms
[2024-08-28T01:10:08.118+0000][info][gc,phases   ] GC(318)   Post Evacuate Collection Set: 0.5ms
[2024-08-28T01:10:08.118+0000][info][gc,phases   ] GC(318)   Other: 0.3ms
[2024-08-28T01:10:08.118+0000][info][gc,heap     ] GC(318) Eden regions: 84->0(89)
[2024-08-28T01:10:08.118+0000][info][gc,heap     ] GC(318) Survivor regions: 18->13(13)
[2024-08-28T01:10:08.118+0000][info][gc,heap     ] GC(318) Old regions: 1558->1530
[2024-08-28T01:10:08.118+0000][info][gc,heap     ] GC(318) Archive regions: 2->2
[2024-08-28T01:10:08.119+0000][info][gc,heap     ] GC(318) Humongous regions: 5->5
[2024-08-28T01:10:08.119+0000][info][gc,metaspace] GC(318) Metaspace: 100K(320K)->100K(320K) NonClass: 96K(192K)->96K(192K) Class: 4K(128K)->4K(128K)
[2024-08-28T01:10:08.119+0000][info][gc          ] GC(318) Pause Young (Mixed) (G1 Evacuation Pause) 1665M->1548M(2048M) 17.450ms
[2024-08-28T01:10:08.119+0000][info][gc,cpu      ] GC(318) User=0.78s Sys=0.00s Real=0.02s
[2024-08-28T01:10:08.164+0000][info][gc,start    ] GC(319) Pause Young (Mixed) (G1 Evacuation Pause)
[2024-08-28T01:10:08.164+0000][info][gc,task     ] GC(319) Using 49 workers of 68 for evacuation
[2024-08-28T01:10:08.182+0000][info][gc,phases   ] GC(319)   Pre Evacuate Collection Set: 0.4ms
[2024-08-28T01:10:08.182+0000][info][gc,phases   ] GC(319)   Merge Heap Roots: 0.8ms
[2024-08-28T01:10:08.182+0000][info][gc,phases   ] GC(319)   Evacuate Collection Set: 15.3ms
[2024-08-28T01:10:08.182+0000][info][gc,phases   ] GC(319)   Post Evacuate Collection Set: 0.5ms
[2024-08-28T01:10:08.182+0000][info][gc,phases   ] GC(319)   Other: 0.3ms
[2024-08-28T01:10:08.182+0000][info][gc,heap     ] GC(319) Eden regions: 89->0(89)
[2024-08-28T01:10:08.182+0000][info][gc,heap     ] GC(319) Survivor regions: 13->13(13)
[2024-08-28T01:10:08.182+0000][info][gc,heap     ] GC(319) Old regions: 1530->1501
[2024-08-28T01:10:08.182+0000][info][gc,heap     ] GC(319) Archive regions: 2->2
[2024-08-28T01:10:08.182+0000][info][gc,heap     ] GC(319) Humongous regions: 5->5
[2024-08-28T01:10:08.182+0000][info][gc,metaspace] GC(319) Metaspace: 100K(320K)->100K(320K) NonClass: 96K(192K)->96K(192K) Class: 4K(128K)->4K(128K)
[2024-08-28T01:10:08.182+0000][info][gc          ] GC(319) Pause Young (Mixed) (G1 Evacuation Pause) 1637M->1519M(2048M) 17.370ms
[2024-08-28T01:10:08.182+0000][info][gc,cpu      ] GC(319) User=0.79s Sys=0.00s Real=0.02s
[2024-08-28T01:10:08.228+0000][info][gc,start    ] GC(320) Pause Young (Mixed) (G1 Evacuation Pause)
[2024-08-28T01:10:08.228+0000][info][gc,task     ] GC(320) Using 49 workers of 68 for evacuation
[2024-08-28T01:10:08.244+0000][info][gc,phases   ] GC(320)   Pre Evacuate Collection Set: 0.4ms
[2024-08-28T01:10:08.244+0000][info][gc,phases   ] GC(320)   Merge Heap Roots: 0.5ms
[2024-08-28T01:10:08.244+0000][info][gc,phases   ] GC(320)   Evacuate Collection Set: 15.1ms
[2024-08-28T01:10:08.244+0000][info][gc,phases   ] GC(320)   Post Evacuate Collection Set: 0.6ms
[2024-08-28T01:10:08.244+0000][info][gc,phases   ] GC(320)   Other: 0.2ms
[2024-08-28T01:10:08.244+0000][info][gc,heap     ] GC(320) Eden regions: 89->0(89)
[2024-08-28T01:10:08.244+0000][info][gc,heap     ] GC(320) Survivor regions: 13->13(13)
[2024-08-28T01:10:08.244+0000][info][gc,heap     ] GC(320) Old regions: 1501->1471
[2024-08-28T01:10:08.245+0000][info][gc,heap     ] GC(320) Archive regions: 2->2
[2024-08-28T01:10:08.245+0000][info][gc,heap     ] GC(320) Humongous regions: 5->5
[2024-08-28T01:10:08.245+0000][info][gc,metaspace] GC(320) Metaspace: 100K(320K)->100K(320K) NonClass: 96K(192K)->96K(192K) Class: 4K(128K)->4K(128K)
[2024-08-28T01:10:08.245+0000][info][gc          ] GC(320) Pause Young (Mixed) (G1 Evacuation Pause) 1608M->1489M(2048M) 16.907ms
[2024-08-28T01:10:08.245+0000][info][gc,cpu      ] GC(320) User=0.76s Sys=0.00s Real=0.02s
[2024-08-28T01:10:08.290+0000][info][gc,start    ] GC(321) Pause Young (Mixed) (G1 Evacuation Pause)
[2024-08-28T01:10:08.290+0000][info][gc,task     ] GC(321) Using 49 workers of 68 for evacuation
[2024-08-28T01:10:08.307+0000][info][gc,phases   ] GC(321)   Pre Evacuate Collection Set: 0.4ms
[2024-08-28T01:10:08.307+0000][info][gc,phases   ] GC(321)   Merge Heap Roots: 0.8ms
[2024-08-28T01:10:08.307+0000][info][gc,phases   ] GC(321)   Evacuate Collection Set: 15.1ms
[2024-08-28T01:10:08.307+0000][info][gc,phases   ] GC(321)   Post Evacuate Collection Set: 0.5ms
[2024-08-28T01:10:08.307+0000][info][gc,phases   ] GC(321)   Other: 0.3ms
[2024-08-28T01:10:08.307+0000][info][gc,heap     ] GC(321) Eden regions: 89->0(89)
[2024-08-28T01:10:08.307+0000][info][gc,heap     ] GC(321) Survivor regions: 13->13(13)
[2024-08-28T01:10:08.307+0000][info][gc,heap     ] GC(321) Old regions: 1471->1441
[2024-08-28T01:10:08.307+0000][info][gc,heap     ] GC(321) Archive regions: 2->2
[2024-08-28T01:10:08.307+0000][info][gc,heap     ] GC(321) Humongous regions: 5->5
[2024-08-28T01:10:08.307+0000][info][gc,metaspace] GC(321) Metaspace: 100K(320K)->100K(320K) NonClass: 96K(192K)->96K(192K) Class: 4K(128K)->4K(128K)
[2024-08-28T01:10:08.307+0000][info][gc          ] GC(321) Pause Young (Mixed) (G1 Evacuation Pause) 1578M->1459M(2048M) 17.113ms
[2024-08-28T01:10:08.307+0000][info][gc,cpu      ] GC(321) User=0.77s Sys=0.00s Real=0.01s
[2024-08-28T01:10:08.351+0000][info][gc,start    ] GC(322) Pause Young (Mixed) (G1 Evacuation Pause)
[2024-08-28T01:10:08.351+0000][info][gc,task     ] GC(322) Using 49 workers of 68 for evacuation
[2024-08-28T01:10:08.368+0000][info][gc,phases   ] GC(322)   Pre Evacuate Collection Set: 0.4ms
[2024-08-28T01:10:08.368+0000][info][gc,phases   ] GC(322)   Merge Heap Roots: 0.5ms
[2024-08-28T01:10:08.368+0000][info][gc,phases   ] GC(322)   Evacuate Collection Set: 15.3ms
[2024-08-28T01:10:08.368+0000][info][gc,phases   ] GC(322)   Post Evacuate Collection Set: 0.5ms
[2024-08-28T01:10:08.368+0000][info][gc,phases   ] GC(322)   Other: 0.2ms
[2024-08-28T01:10:08.368+0000][info][gc,heap     ] GC(322) Eden regions: 89->0(89)
[2024-08-28T01:10:08.368+0000][info][gc,heap     ] GC(322) Survivor regions: 13->13(13)
[2024-08-28T01:10:08.368+0000][info][gc,heap     ] GC(322) Old regions: 1441->1413
[2024-08-28T01:10:08.368+0000][info][gc,heap     ] GC(322) Archive regions: 2->2
[2024-08-28T01:10:08.368+0000][info][gc,heap     ] GC(322) Humongous regions: 5->5
[2024-08-28T01:10:08.368+0000][info][gc,metaspace] GC(322) Metaspace: 100K(320K)->100K(320K) NonClass: 96K(192K)->96K(192K) Class: 4K(128K)->4K(128K)
[2024-08-28T01:10:08.368+0000][info][gc          ] GC(322) Pause Young (Mixed) (G1 Evacuation Pause) 1548M->1431M(2048M) 17.020ms
[2024-08-28T01:10:08.368+0000][info][gc,cpu      ] GC(322) User=0.76s Sys=0.00s Real=0.01s
[2024-08-28T01:10:08.413+0000][info][gc,start    ] GC(323) Pause Young (Mixed) (G1 Evacuation Pause)
[2024-08-28T01:10:08.413+0000][info][gc,task     ] GC(323) Using 49 workers of 68 for evacuation
[2024-08-28T01:10:08.431+0000][info][gc,phases   ] GC(323)   Pre Evacuate Collection Set: 0.4ms
[2024-08-28T01:10:08.431+0000][info][gc,phases   ] GC(323)   Merge Heap Roots: 0.8ms
[2024-08-28T01:10:08.431+0000][info][gc,phases   ] GC(323)   Evacuate Collection Set: 15.5ms
[2024-08-28T01:10:08.431+0000][info][gc,phases   ] GC(323)   Post Evacuate Collection Set: 0.5ms
[2024-08-28T01:10:08.431+0000][info][gc,phases   ] GC(323)   Other: 0.2ms
[2024-08-28T01:10:08.431+0000][info][gc,heap     ] GC(323) Eden regions: 89->0(89)
[2024-08-28T01:10:08.431+0000][info][gc,heap     ] GC(323) Survivor regions: 13->13(13)
[2024-08-28T01:10:08.431+0000][info][gc,heap     ] GC(323) Old regions: 1413->1384
[2024-08-28T01:10:08.431+0000][info][gc,heap     ] GC(323) Archive regions: 2->2
[2024-08-28T01:10:08.431+0000][info][gc,heap     ] GC(323) Humongous regions: 5->5
[2024-08-28T01:10:08.431+0000][info][gc,metaspace] GC(323) Metaspace: 100K(320K)->100K(320K) NonClass: 96K(192K)->96K(192K) Class: 4K(128K)->4K(128K)
[2024-08-28T01:10:08.431+0000][info][gc          ] GC(323) Pause Young (Mixed) (G1 Evacuation Pause) 1520M->1402M(2048M) 17.567ms
[2024-08-28T01:10:08.431+0000][info][gc,cpu      ] GC(323) User=0.79s Sys=0.00s Real=0.02s
[2024-08-28T01:10:08.477+0000][info][gc,start    ] GC(324) Pause Young (Mixed) (G1 Evacuation Pause)
[2024-08-28T01:10:08.477+0000][info][gc,task     ] GC(324) Using 49 workers of 68 for evacuation
[2024-08-28T01:10:08.493+0000][info][gc,phases   ] GC(324)   Pre Evacuate Collection Set: 0.4ms
[2024-08-28T01:10:08.493+0000][info][gc,phases   ] GC(324)   Merge Heap Roots: 0.4ms
[2024-08-28T01:10:08.493+0000][info][gc,phases   ] GC(324)   Evacuate Collection Set: 15.2ms
[2024-08-28T01:10:08.493+0000][info][gc,phases   ] GC(324)   Post Evacuate Collection Set: 0.5ms
[2024-08-28T01:10:08.493+0000][info][gc,phases   ] GC(324)   Other: 0.2ms
[2024-08-28T01:10:08.493+0000][info][gc,heap     ] GC(324) Eden regions: 89->0(132)
[2024-08-28T01:10:08.493+0000][info][gc,heap     ] GC(324) Survivor regions: 13->13(13)
[2024-08-28T01:10:08.493+0000][info][gc,heap     ] GC(324) Old regions: 1384->1410
[2024-08-28T01:10:08.493+0000][info][gc,heap     ] GC(324) Archive regions: 2->2
[2024-08-28T01:10:08.493+0000][info][gc,heap     ] GC(324) Humongous regions: 5->5
[2024-08-28T01:10:08.493+0000][info][gc,metaspace] GC(324) Metaspace: 100K(320K)->100K(320K) NonClass: 96K(192K)->96K(192K) Class: 4K(128K)->4K(128K)
[2024-08-28T01:10:08.493+0000][info][gc          ] GC(324) Pause Young (Mixed) (G1 Evacuation Pause) 1491M->1428M(2048M) 16.818ms
[2024-08-28T01:10:08.493+0000][info][gc,cpu      ] GC(324) User=0.74s Sys=0.02s Real=0.02s
[2024-08-28T01:10:08.560+0000][info][gc,start    ] GC(325) Pause Young (Concurrent Start) (G1 Evacuation Pause)
[2024-08-28T01:10:08.560+0000][info][gc,task     ] GC(325) Using 49 workers of 68 for evacuation
[2024-08-28T01:10:08.582+0000][info][gc,phases   ] GC(325)   Pre Evacuate Collection Set: 0.3ms
[2024-08-28T01:10:08.582+0000][info][gc,phases   ] GC(325)   Merge Heap Roots: 0.5ms
[2024-08-28T01:10:08.582+0000][info][gc,phases   ] GC(325)   Evacuate Collection Set: 20.2ms
[2024-08-28T01:10:08.582+0000][info][gc,phases   ] GC(325)   Post Evacuate Collection Set: 0.5ms
[2024-08-28T01:10:08.582+0000][info][gc,phases   ] GC(325)   Other: 0.7ms
[2024-08-28T01:10:08.582+0000][info][gc,heap     ] GC(325) Eden regions: 132->0(88)
[2024-08-28T01:10:08.582+0000][info][gc,heap     ] GC(325) Survivor regions: 13->19(19)
[2024-08-28T01:10:08.582+0000][info][gc,heap     ] GC(325) Old regions: 1410->1538
[2024-08-28T01:10:08.582+0000][info][gc,heap     ] GC(325) Archive regions: 2->2
[2024-08-28T01:10:08.582+0000][info][gc,heap     ] GC(325) Humongous regions: 5->5
[2024-08-28T01:10:08.582+0000][info][gc,metaspace] GC(325) Metaspace: 100K(320K)->100K(320K) NonClass: 96K(192K)->96K(192K) Class: 4K(128K)->4K(128K)
[2024-08-28T01:10:08.582+0000][info][gc          ] GC(325) Pause Young (Concurrent Start) (G1 Evacuation Pause) 1560M->1562M(2048M) 22.216ms
[2024-08-28T01:10:08.582+0000][info][gc,cpu      ] GC(325) User=0.96s Sys=0.03s Real=0.02s
[2024-08-28T01:10:08.582+0000][info][gc          ] GC(326) Concurrent Mark Cycle
[2024-08-28T01:10:08.582+0000][info][gc,marking  ] GC(326) Concurrent Clear Claimed Marks
[2024-08-28T01:10:08.582+0000][info][gc,marking  ] GC(326) Concurrent Clear Claimed Marks 0.012ms
[2024-08-28T01:10:08.582+0000][info][gc,marking  ] GC(326) Concurrent Scan Root Regions
[2024-08-28T01:10:08.586+0000][info][gc,marking  ] GC(326) Concurrent Scan Root Regions 3.961ms
[2024-08-28T01:10:08.586+0000][info][gc,marking  ] GC(326) Concurrent Mark
[2024-08-28T01:10:08.586+0000][info][gc,marking  ] GC(326) Concurrent Mark From Roots
[2024-08-28T01:10:08.586+0000][info][gc,task     ] GC(326) Using 17 workers of 17 for marking
[2024-08-28T01:10:08.607+0000][info][gc,marking  ] GC(326) Concurrent Mark From Roots 20.718ms
[2024-08-28T01:10:08.607+0000][info][gc,marking  ] GC(326) Concurrent Preclean
[2024-08-28T01:10:08.608+0000][info][gc,marking  ] GC(326) Concurrent Preclean 0.505ms
[2024-08-28T01:10:08.608+0000][info][gc,start    ] GC(326) Pause Remark
[2024-08-28T01:10:08.610+0000][info][gc          ] GC(326) Pause Remark 1597M->1397M(2048M) 1.849ms
[2024-08-28T01:10:08.610+0000][info][gc,cpu      ] GC(326) User=0.01s Sys=0.00s Real=0.01s
[2024-08-28T01:10:08.610+0000][info][gc,marking  ] GC(326) Concurrent Mark 23.538ms
[2024-08-28T01:10:08.610+0000][info][gc,marking  ] GC(326) Concurrent Rebuild Remembered Sets
[2024-08-28T01:10:08.637+0000][info][gc,start    ] GC(327) Pause Young (Normal) (G1 Evacuation Pause)
[2024-08-28T01:10:08.637+0000][info][gc,task     ] GC(327) Using 49 workers of 68 for evacuation
[2024-08-28T01:10:08.655+0000][info][gc,phases   ] GC(327)   Pre Evacuate Collection Set: 0.4ms
[2024-08-28T01:10:08.655+0000][info][gc,phases   ] GC(327)   Merge Heap Roots: 0.8ms
[2024-08-28T01:10:08.655+0000][info][gc,phases   ] GC(327)   Evacuate Collection Set: 15.9ms
[2024-08-28T01:10:08.655+0000][info][gc,phases   ] GC(327)   Post Evacuate Collection Set: 0.8ms
[2024-08-28T01:10:08.655+0000][info][gc,phases   ] GC(327)   Other: 0.2ms
[2024-08-28T01:10:08.655+0000][info][gc,heap     ] GC(327) Eden regions: 88->0(123)
[2024-08-28T01:10:08.655+0000][info][gc,heap     ] GC(327) Survivor regions: 19->14(14)
[2024-08-28T01:10:08.655+0000][info][gc,heap     ] GC(327) Old regions: 1338->1436
[2024-08-28T01:10:08.655+0000][info][gc,heap     ] GC(327) Archive regions: 2->2
[2024-08-28T01:10:08.655+0000][info][gc,heap     ] GC(327) Humongous regions: 5->5
[2024-08-28T01:10:08.655+0000][info][gc,metaspace] GC(327) Metaspace: 100K(320K)->100K(320K) NonClass: 96K(192K)->96K(192K) Class: 4K(128K)->4K(128K)
[2024-08-28T01:10:08.655+0000][info][gc          ] GC(327) Pause Young (Normal) (G1 Evacuation Pause) 1450M->1455M(2048M) 18.265ms
[2024-08-28T01:10:08.655+0000][info][gc,cpu      ] GC(327) User=0.82s Sys=0.00s Real=0.02s
[2024-08-28T01:10:08.675+0000][info][gc,marking  ] GC(326) Concurrent Rebuild Remembered Sets 65.144ms
[2024-08-28T01:10:08.676+0000][info][gc,start    ] GC(326) Pause Cleanup
[2024-08-28T01:10:08.679+0000][info][gc          ] GC(326) Pause Cleanup 1492M->1492M(2048M) 3.156ms
[2024-08-28T01:10:08.679+0000][info][gc,cpu      ] GC(326) User=0.01s Sys=0.00s Real=0.01s
[2024-08-28T01:10:08.679+0000][info][gc,marking  ] GC(326) Concurrent Cleanup for Next Mark
[2024-08-28T01:10:08.680+0000][info][gc,marking  ] GC(326) Concurrent Cleanup for Next Mark 1.432ms
[2024-08-28T01:10:08.680+0000][info][gc          ] GC(326) Concurrent Mark Cycle 97.976ms
[2024-08-28T01:10:08.725+0000][info][gc,start    ] GC(328) Pause Young (Prepare Mixed) (G1 Evacuation Pause)
[2024-08-28T01:10:08.725+0000][info][gc,task     ] GC(328) Using 49 workers of 68 for evacuation
[2024-08-28T01:10:08.750+0000][info][gc,phases   ] GC(328)   Pre Evacuate Collection Set: 0.3ms
[2024-08-28T01:10:08.750+0000][info][gc,phases   ] GC(328)   Merge Heap Roots: 1.1ms
[2024-08-28T01:10:08.750+0000][info][gc,phases   ] GC(328)   Evacuate Collection Set: 23.2ms
[2024-08-28T01:10:08.750+0000][info][gc,phases   ] GC(328)   Post Evacuate Collection Set: 0.5ms
[2024-08-28T01:10:08.750+0000][info][gc,phases   ] GC(328)   Other: 0.2ms
[2024-08-28T01:10:08.750+0000][info][gc,heap     ] GC(328) Eden regions: 123->0(84)
[2024-08-28T01:10:08.750+0000][info][gc,heap     ] GC(328) Survivor regions: 14->18(18)
[2024-08-28T01:10:08.750+0000][info][gc,heap     ] GC(328) Old regions: 1436->1559
[2024-08-28T01:10:08.750+0000][info][gc,heap     ] GC(328) Archive regions: 2->2
[2024-08-28T01:10:08.750+0000][info][gc,heap     ] GC(328) Humongous regions: 5->5
[2024-08-28T01:10:08.750+0000][info][gc,metaspace] GC(328) Metaspace: 100K(320K)->100K(320K) NonClass: 96K(192K)->96K(192K) Class: 4K(128K)->4K(128K)
[2024-08-28T01:10:08.750+0000][info][gc          ] GC(328) Pause Young (Prepare Mixed) (G1 Evacuation Pause) 1578M->1582M(2048M) 25.502ms
[2024-08-28T01:10:08.751+0000][info][gc,cpu      ] GC(328) User=1.01s Sys=0.16s Real=0.03s
[2024-08-28T01:10:08.794+0000][info][gc,start    ] GC(329) Pause Young (Mixed) (G1 Evacuation Pause)
[2024-08-28T01:10:08.794+0000][info][gc,task     ] GC(329) Using 49 workers of 68 for evacuation
[2024-08-28T01:10:08.811+0000][info][gc,phases   ] GC(329)   Pre Evacuate Collection Set: 0.5ms
[2024-08-28T01:10:08.811+0000][info][gc,phases   ] GC(329)   Merge Heap Roots: 0.5ms
[2024-08-28T01:10:08.811+0000][info][gc,phases   ] GC(329)   Evacuate Collection Set: 15.6ms
[2024-08-28T01:10:08.811+0000][info][gc,phases   ] GC(329)   Post Evacuate Collection Set: 0.5ms
[2024-08-28T01:10:08.811+0000][info][gc,phases   ] GC(329)   Other: 0.2ms
[2024-08-28T01:10:08.811+0000][info][gc,heap     ] GC(329) Eden regions: 84->0(89)
[2024-08-28T01:10:08.811+0000][info][gc,heap     ] GC(329) Survivor regions: 18->13(13)
[2024-08-28T01:10:08.811+0000][info][gc,heap     ] GC(329) Old regions: 1559->1531
[2024-08-28T01:10:08.811+0000][info][gc,heap     ] GC(329) Archive regions: 2->2
[2024-08-28T01:10:08.811+0000][info][gc,heap     ] GC(329) Humongous regions: 5->5
[2024-08-28T01:10:08.811+0000][info][gc,metaspace] GC(329) Metaspace: 100K(320K)->100K(320K) NonClass: 96K(192K)->96K(192K) Class: 4K(128K)->4K(128K)
[2024-08-28T01:10:08.811+0000][info][gc          ] GC(329) Pause Young (Mixed) (G1 Evacuation Pause) 1666M->1549M(2048M) 17.432ms
[2024-08-28T01:10:08.811+0000][info][gc,cpu      ] GC(329) User=0.78s Sys=0.01s Real=0.02s
[2024-08-28T01:10:08.857+0000][info][gc,start    ] GC(330) Pause Young (Mixed) (G1 Evacuation Pause)
[2024-08-28T01:10:08.857+0000][info][gc,task     ] GC(330) Using 49 workers of 68 for evacuation
[2024-08-28T01:10:08.874+0000][info][gc,phases   ] GC(330)   Pre Evacuate Collection Set: 0.4ms
[2024-08-28T01:10:08.874+0000][info][gc,phases   ] GC(330)   Merge Heap Roots: 0.9ms
[2024-08-28T01:10:08.874+0000][info][gc,phases   ] GC(330)   Evacuate Collection Set: 15.5ms
[2024-08-28T01:10:08.874+0000][info][gc,phases   ] GC(330)   Post Evacuate Collection Set: 0.5ms
[2024-08-28T01:10:08.874+0000][info][gc,phases   ] GC(330)   Other: 0.3ms
[2024-08-28T01:10:08.874+0000][info][gc,heap     ] GC(330) Eden regions: 89->0(89)
[2024-08-28T01:10:08.874+0000][info][gc,heap     ] GC(330) Survivor regions: 13->13(13)
[2024-08-28T01:10:08.874+0000][info][gc,heap     ] GC(330) Old regions: 1531->1501
[2024-08-28T01:10:08.874+0000][info][gc,heap     ] GC(330) Archive regions: 2->2
[2024-08-28T01:10:08.874+0000][info][gc,heap     ] GC(330) Humongous regions: 5->5
[2024-08-28T01:10:08.874+0000][info][gc,metaspace] GC(330) Metaspace: 100K(320K)->100K(320K) NonClass: 96K(192K)->96K(192K) Class: 4K(128K)->4K(128K)
[2024-08-28T01:10:08.874+0000][info][gc          ] GC(330) Pause Young (Mixed) (G1 Evacuation Pause) 1638M->1519M(2048M) 17.637ms
[2024-08-28T01:10:08.874+0000][info][gc,cpu      ] GC(330) User=0.78s Sys=0.02s Real=0.02s
[2024-08-28T01:10:08.920+0000][info][gc,start    ] GC(331) Pause Young (Mixed) (G1 Evacuation Pause)
[2024-08-28T01:10:08.920+0000][info][gc,task     ] GC(331) Using 49 workers of 68 for evacuation
[2024-08-28T01:10:08.937+0000][info][gc,phases   ] GC(331)   Pre Evacuate Collection Set: 0.3ms
[2024-08-28T01:10:08.937+0000][info][gc,phases   ] GC(331)   Merge Heap Roots: 0.5ms
[2024-08-28T01:10:08.937+0000][info][gc,phases   ] GC(331)   Evacuate Collection Set: 15.7ms
[2024-08-28T01:10:08.937+0000][info][gc,phases   ] GC(331)   Post Evacuate Collection Set: 0.5ms
[2024-08-28T01:10:08.937+0000][info][gc,phases   ] GC(331)   Other: 0.3ms
[2024-08-28T01:10:08.937+0000][info][gc,heap     ] GC(331) Eden regions: 89->0(89)
[2024-08-28T01:10:08.937+0000][info][gc,heap     ] GC(331) Survivor regions: 13->13(13)
[2024-08-28T01:10:08.937+0000][info][gc,heap     ] GC(331) Old regions: 1501->1472
[2024-08-28T01:10:08.937+0000][info][gc,heap     ] GC(331) Archive regions: 2->2
[2024-08-28T01:10:08.937+0000][info][gc,heap     ] GC(331) Humongous regions: 5->5
[2024-08-28T01:10:08.937+0000][info][gc,metaspace] GC(331) Metaspace: 100K(320K)->100K(320K) NonClass: 96K(192K)->96K(192K) Class: 4K(128K)->4K(128K)
[2024-08-28T01:10:08.938+0000][info][gc          ] GC(331) Pause Young (Mixed) (G1 Evacuation Pause) 1608M->1490M(2048M) 17.476ms
[2024-08-28T01:10:08.938+0000][info][gc,cpu      ] GC(331) User=0.78s Sys=0.00s Real=0.02s
[2024-08-28T01:10:08.984+0000][info][gc,start    ] GC(332) Pause Young (Mixed) (G1 Evacuation Pause)
[2024-08-28T01:10:08.984+0000][info][gc,task     ] GC(332) Using 49 workers of 68 for evacuation
[2024-08-28T01:10:09.001+0000][info][gc,phases   ] GC(332)   Pre Evacuate Collection Set: 0.4ms
[2024-08-28T01:10:09.001+0000][info][gc,phases   ] GC(332)   Merge Heap Roots: 0.8ms
[2024-08-28T01:10:09.001+0000][info][gc,phases   ] GC(332)   Evacuate Collection Set: 15.8ms
[2024-08-28T01:10:09.001+0000][info][gc,phases   ] GC(332)   Post Evacuate Collection Set: 0.6ms
[2024-08-28T01:10:09.001+0000][info][gc,phases   ] GC(332)   Other: 0.3ms
[2024-08-28T01:10:09.001+0000][info][gc,heap     ] GC(332) Eden regions: 89->0(89)
[2024-08-28T01:10:09.001+0000][info][gc,heap     ] GC(332) Survivor regions: 13->13(13)
[2024-08-28T01:10:09.001+0000][info][gc,heap     ] GC(332) Old regions: 1472->1443
[2024-08-28T01:10:09.001+0000][info][gc,heap     ] GC(332) Archive regions: 2->2
[2024-08-28T01:10:09.001+0000][info][gc,heap     ] GC(332) Humongous regions: 5->5
[2024-08-28T01:10:09.001+0000][info][gc,metaspace] GC(332) Metaspace: 100K(320K)->100K(320K) NonClass: 96K(192K)->96K(192K) Class: 4K(128K)->4K(128K)
[2024-08-28T01:10:09.002+0000][info][gc          ] GC(332) Pause Young (Mixed) (G1 Evacuation Pause) 1579M->1461M(2048M) 17.962ms
[2024-08-28T01:10:09.002+0000][info][gc,cpu      ] GC(332) User=0.80s Sys=0.01s Real=0.02s
[2024-08-28T01:10:09.046+0000][info][gc,start    ] GC(333) Pause Young (Mixed) (G1 Evacuation Pause)
[2024-08-28T01:10:09.046+0000][info][gc,task     ] GC(333) Using 49 workers of 68 for evacuation
[2024-08-28T01:10:09.063+0000][info][gc,phases   ] GC(333)   Pre Evacuate Collection Set: 0.4ms
[2024-08-28T01:10:09.063+0000][info][gc,phases   ] GC(333)   Merge Heap Roots: 0.6ms
[2024-08-28T01:10:09.063+0000][info][gc,phases   ] GC(333)   Evacuate Collection Set: 15.8ms
[2024-08-28T01:10:09.063+0000][info][gc,phases   ] GC(333)   Post Evacuate Collection Set: 0.6ms
[2024-08-28T01:10:09.063+0000][info][gc,phases   ] GC(333)   Other: 0.3ms
[2024-08-28T01:10:09.063+0000][info][gc,heap     ] GC(333) Eden regions: 89->0(89)
[2024-08-28T01:10:09.063+0000][info][gc,heap     ] GC(333) Survivor regions: 13->13(13)
[2024-08-28T01:10:09.063+0000][info][gc,heap     ] GC(333) Old regions: 1443->1413
[2024-08-28T01:10:09.063+0000][info][gc,heap     ] GC(333) Archive regions: 2->2
[2024-08-28T01:10:09.063+0000][info][gc,heap     ] GC(333) Humongous regions: 5->5
[2024-08-28T01:10:09.063+0000][info][gc,metaspace] GC(333) Metaspace: 100K(320K)->100K(320K) NonClass: 96K(192K)->96K(192K) Class: 4K(128K)->4K(128K)
[2024-08-28T01:10:09.063+0000][info][gc          ] GC(333) Pause Young (Mixed) (G1 Evacuation Pause) 1550M->1431M(2048M) 17.652ms
[2024-08-28T01:10:09.063+0000][info][gc,cpu      ] GC(333) User=0.79s Sys=0.00s Real=0.02s
[2024-08-28T01:10:09.109+0000][info][gc,start    ] GC(334) Pause Young (Mixed) (G1 Evacuation Pause)
[2024-08-28T01:10:09.109+0000][info][gc,task     ] GC(334) Using 49 workers of 68 for evacuation
[2024-08-28T01:10:09.127+0000][info][gc,phases   ] GC(334)   Pre Evacuate Collection Set: 0.4ms
[2024-08-28T01:10:09.127+0000][info][gc,phases   ] GC(334)   Merge Heap Roots: 1.0ms
[2024-08-28T01:10:09.127+0000][info][gc,phases   ] GC(334)   Evacuate Collection Set: 16.4ms
[2024-08-28T01:10:09.127+0000][info][gc,phases   ] GC(334)   Post Evacuate Collection Set: 0.6ms
[2024-08-28T01:10:09.127+0000][info][gc,phases   ] GC(334)   Other: 0.2ms
[2024-08-28T01:10:09.127+0000][info][gc,heap     ] GC(334) Eden regions: 89->0(89)
[2024-08-28T01:10:09.127+0000][info][gc,heap     ] GC(334) Survivor regions: 13->13(13)
[2024-08-28T01:10:09.127+0000][info][gc,heap     ] GC(334) Old regions: 1413->1383
[2024-08-28T01:10:09.127+0000][info][gc,heap     ] GC(334) Archive regions: 2->2
[2024-08-28T01:10:09.128+0000][info][gc,heap     ] GC(334) Humongous regions: 5->5
[2024-08-28T01:10:09.128+0000][info][gc,metaspace] GC(334) Metaspace: 100K(320K)->100K(320K) NonClass: 96K(192K)->96K(192K) Class: 4K(128K)->4K(128K)
[2024-08-28T01:10:09.128+0000][info][gc          ] GC(334) Pause Young (Mixed) (G1 Evacuation Pause) 1520M->1401M(2048M) 18.601ms
[2024-08-28T01:10:09.128+0000][info][gc,cpu      ] GC(334) User=0.81s Sys=0.01s Real=0.02s
[2024-08-28T01:10:09.173+0000][info][gc,start    ] GC(335) Pause Young (Mixed) (G1 Evacuation Pause)
[2024-08-28T01:10:09.173+0000][info][gc,task     ] GC(335) Using 49 workers of 68 for evacuation
[2024-08-28T01:10:09.190+0000][info][gc,phases   ] GC(335)   Pre Evacuate Collection Set: 0.5ms
[2024-08-28T01:10:09.190+0000][info][gc,phases   ] GC(335)   Merge Heap Roots: 0.5ms
[2024-08-28T01:10:09.190+0000][info][gc,phases   ] GC(335)   Evacuate Collection Set: 15.4ms
[2024-08-28T01:10:09.190+0000][info][gc,phases   ] GC(335)   Post Evacuate Collection Set: 0.5ms
[2024-08-28T01:10:09.190+0000][info][gc,phases   ] GC(335)   Other: 0.3ms
[2024-08-28T01:10:09.190+0000][info][gc,heap     ] GC(335) Eden regions: 89->0(132)
[2024-08-28T01:10:09.190+0000][info][gc,heap     ] GC(335) Survivor regions: 13->13(13)
[2024-08-28T01:10:09.190+0000][info][gc,heap     ] GC(335) Old regions: 1383->1408
[2024-08-28T01:10:09.190+0000][info][gc,heap     ] GC(335) Archive regions: 2->2
[2024-08-28T01:10:09.190+0000][info][gc,heap     ] GC(335) Humongous regions: 5->5
[2024-08-28T01:10:09.190+0000][info][gc,metaspace] GC(335) Metaspace: 100K(320K)->100K(320K) NonClass: 96K(192K)->96K(192K) Class: 4K(128K)->4K(128K)
[2024-08-28T01:10:09.190+0000][info][gc          ] GC(335) Pause Young (Mixed) (G1 Evacuation Pause) 1490M->1426M(2048M) 17.290ms
[2024-08-28T01:10:09.190+0000][info][gc,cpu      ] GC(335) User=0.77s Sys=0.01s Real=0.02s
[2024-08-28T01:10:09.257+0000][info][gc,start    ] GC(336) Pause Young (Concurrent Start) (G1 Evacuation Pause)
[2024-08-28T01:10:09.257+0000][info][gc,task     ] GC(336) Using 49 workers of 68 for evacuation
[2024-08-28T01:10:09.280+0000][info][gc,phases   ] GC(336)   Pre Evacuate Collection Set: 0.3ms
[2024-08-28T01:10:09.280+0000][info][gc,phases   ] GC(336)   Merge Heap Roots: 0.6ms
[2024-08-28T01:10:09.280+0000][info][gc,phases   ] GC(336)   Evacuate Collection Set: 21.1ms
[2024-08-28T01:10:09.280+0000][info][gc,phases   ] GC(336)   Post Evacuate Collection Set: 0.5ms
[2024-08-28T01:10:09.280+0000][info][gc,phases   ] GC(336)   Other: 0.7ms
[2024-08-28T01:10:09.280+0000][info][gc,heap     ] GC(336) Eden regions: 132->0(89)
[2024-08-28T01:10:09.280+0000][info][gc,heap     ] GC(336) Survivor regions: 13->19(19)
[2024-08-28T01:10:09.280+0000][info][gc,heap     ] GC(336) Old regions: 1408->1536
[2024-08-28T01:10:09.280+0000][info][gc,heap     ] GC(336) Archive regions: 2->2
[2024-08-28T01:10:09.280+0000][info][gc,heap     ] GC(336) Humongous regions: 5->5
[2024-08-28T01:10:09.280+0000][info][gc,metaspace] GC(336) Metaspace: 100K(320K)->100K(320K) NonClass: 96K(192K)->96K(192K) Class: 4K(128K)->4K(128K)
[2024-08-28T01:10:09.280+0000][info][gc          ] GC(336) Pause Young (Concurrent Start) (G1 Evacuation Pause) 1558M->1560M(2048M) 23.335ms
[2024-08-28T01:10:09.280+0000][info][gc,cpu      ] GC(336) User=1.05s Sys=0.01s Real=0.03s
[2024-08-28T01:10:09.280+0000][info][gc          ] GC(337) Concurrent Mark Cycle
[2024-08-28T01:10:09.280+0000][info][gc,marking  ] GC(337) Concurrent Clear Claimed Marks
[2024-08-28T01:10:09.280+0000][info][gc,marking  ] GC(337) Concurrent Clear Claimed Marks 0.012ms
[2024-08-28T01:10:09.280+0000][info][gc,marking  ] GC(337) Concurrent Scan Root Regions
[2024-08-28T01:10:09.284+0000][info][gc,marking  ] GC(337) Concurrent Scan Root Regions 3.940ms
[2024-08-28T01:10:09.284+0000][info][gc,marking  ] GC(337) Concurrent Mark
[2024-08-28T01:10:09.284+0000][info][gc,marking  ] GC(337) Concurrent Mark From Roots
[2024-08-28T01:10:09.284+0000][info][gc,task     ] GC(337) Using 17 workers of 17 for marking
[2024-08-28T01:10:09.305+0000][info][gc,marking  ] GC(337) Concurrent Mark From Roots 20.794ms
[2024-08-28T01:10:09.305+0000][info][gc,marking  ] GC(337) Concurrent Preclean
[2024-08-28T01:10:09.306+0000][info][gc,marking  ] GC(337) Concurrent Preclean 0.516ms
[2024-08-28T01:10:09.306+0000][info][gc,start    ] GC(337) Pause Remark
[2024-08-28T01:10:09.308+0000][info][gc          ] GC(337) Pause Remark 1595M->1397M(2048M) 2.078ms
[2024-08-28T01:10:09.308+0000][info][gc,cpu      ] GC(337) User=0.02s Sys=0.00s Real=0.00s
[2024-08-28T01:10:09.308+0000][info][gc,marking  ] GC(337) Concurrent Mark 23.814ms
[2024-08-28T01:10:09.308+0000][info][gc,marking  ] GC(337) Concurrent Rebuild Remembered Sets
[2024-08-28T01:10:09.337+0000][info][gc,start    ] GC(338) Pause Young (Normal) (G1 Evacuation Pause)
[2024-08-28T01:10:09.337+0000][info][gc,task     ] GC(338) Using 49 workers of 68 for evacuation
[2024-08-28T01:10:09.356+0000][info][gc,phases   ] GC(338)   Pre Evacuate Collection Set: 0.3ms
[2024-08-28T01:10:09.356+0000][info][gc,phases   ] GC(338)   Merge Heap Roots: 0.9ms
[2024-08-28T01:10:09.356+0000][info][gc,phases   ] GC(338)   Evacuate Collection Set: 16.6ms
[2024-08-28T01:10:09.356+0000][info][gc,phases   ] GC(338)   Post Evacuate Collection Set: 0.8ms
[2024-08-28T01:10:09.356+0000][info][gc,phases   ] GC(338)   Other: 0.2ms
[2024-08-28T01:10:09.356+0000][info][gc,heap     ] GC(338) Eden regions: 89->0(122)
[2024-08-28T01:10:09.356+0000][info][gc,heap     ] GC(338) Survivor regions: 19->14(14)
[2024-08-28T01:10:09.356+0000][info][gc,heap     ] GC(338) Old regions: 1338->1438
[2024-08-28T01:10:09.356+0000][info][gc,heap     ] GC(338) Archive regions: 2->2
[2024-08-28T01:10:09.356+0000][info][gc,heap     ] GC(338) Humongous regions: 5->5
[2024-08-28T01:10:09.356+0000][info][gc,metaspace] GC(338) Metaspace: 100K(320K)->100K(320K) NonClass: 96K(192K)->96K(192K) Class: 4K(128K)->4K(128K)
[2024-08-28T01:10:09.356+0000][info][gc          ] GC(338) Pause Young (Normal) (G1 Evacuation Pause) 1451M->1457M(2048M) 18.980ms
[2024-08-28T01:10:09.356+0000][info][gc,cpu      ] GC(338) User=0.86s Sys=0.01s Real=0.02s
[2024-08-28T01:10:09.374+0000][info][gc,marking  ] GC(337) Concurrent Rebuild Remembered Sets 66.056ms
[2024-08-28T01:10:09.375+0000][info][gc,start    ] GC(337) Pause Cleanup
[2024-08-28T01:10:09.378+0000][info][gc          ] GC(337) Pause Cleanup 1490M->1490M(2048M) 2.964ms
[2024-08-28T01:10:09.378+0000][info][gc,cpu      ] GC(337) User=0.02s Sys=0.01s Real=0.01s
[2024-08-28T01:10:09.378+0000][info][gc,marking  ] GC(337) Concurrent Cleanup for Next Mark
[2024-08-28T01:10:09.379+0000][info][gc,marking  ] GC(337) Concurrent Cleanup for Next Mark 1.428ms
[2024-08-28T01:10:09.379+0000][info][gc          ] GC(337) Concurrent Mark Cycle 98.782ms
[2024-08-28T01:10:09.425+0000][info][gc,start    ] GC(339) Pause Young (Prepare Mixed) (G1 Evacuation Pause)
[2024-08-28T01:10:09.425+0000][info][gc,task     ] GC(339) Using 49 workers of 68 for evacuation
[2024-08-28T01:10:09.450+0000][info][gc,phases   ] GC(339)   Pre Evacuate Collection Set: 0.3ms
[2024-08-28T01:10:09.450+0000][info][gc,phases   ] GC(339)   Merge Heap Roots: 1.2ms
[2024-08-28T01:10:09.450+0000][info][gc,phases   ] GC(339)   Evacuate Collection Set: 23.3ms
[2024-08-28T01:10:09.450+0000][info][gc,phases   ] GC(339)   Post Evacuate Collection Set: 0.5ms
[2024-08-28T01:10:09.450+0000][info][gc,phases   ] GC(339)   Other: 0.2ms
[2024-08-28T01:10:09.450+0000][info][gc,heap     ] GC(339) Eden regions: 122->0(85)
[2024-08-28T01:10:09.450+0000][info][gc,heap     ] GC(339) Survivor regions: 14->17(17)
[2024-08-28T01:10:09.450+0000][info][gc,heap     ] GC(339) Old regions: 1438->1560
[2024-08-28T01:10:09.450+0000][info][gc,heap     ] GC(339) Archive regions: 2->2
[2024-08-28T01:10:09.450+0000][info][gc,heap     ] GC(339) Humongous regions: 5->5
[2024-08-28T01:10:09.450+0000][info][gc,metaspace] GC(339) Metaspace: 100K(320K)->100K(320K) NonClass: 96K(192K)->96K(192K) Class: 4K(128K)->4K(128K)
[2024-08-28T01:10:09.450+0000][info][gc          ] GC(339) Pause Young (Prepare Mixed) (G1 Evacuation Pause) 1579M->1582M(2048M) 25.720ms
[2024-08-28T01:10:09.450+0000][info][gc,cpu      ] GC(339) User=1.19s Sys=0.01s Real=0.03s
[2024-08-28T01:10:09.494+0000][info][gc,start    ] GC(340) Pause Young (Mixed) (G1 Evacuation Pause)
[2024-08-28T01:10:09.494+0000][info][gc,task     ] GC(340) Using 49 workers of 68 for evacuation
[2024-08-28T01:10:09.511+0000][info][gc,phases   ] GC(340)   Pre Evacuate Collection Set: 0.4ms
[2024-08-28T01:10:09.512+0000][info][gc,phases   ] GC(340)   Merge Heap Roots: 0.5ms
[2024-08-28T01:10:09.512+0000][info][gc,phases   ] GC(340)   Evacuate Collection Set: 15.9ms
[2024-08-28T01:10:09.512+0000][info][gc,phases   ] GC(340)   Post Evacuate Collection Set: 0.5ms
[2024-08-28T01:10:09.512+0000][info][gc,phases   ] GC(340)   Other: 0.2ms
[2024-08-28T01:10:09.512+0000][info][gc,heap     ] GC(340) Eden regions: 85->0(89)
[2024-08-28T01:10:09.512+0000][info][gc,heap     ] GC(340) Survivor regions: 17->13(13)
[2024-08-28T01:10:09.512+0000][info][gc,heap     ] GC(340) Old regions: 1560->1534
[2024-08-28T01:10:09.512+0000][info][gc,heap     ] GC(340) Archive regions: 2->2
[2024-08-28T01:10:09.512+0000][info][gc,heap     ] GC(340) Humongous regions: 5->5
[2024-08-28T01:10:09.512+0000][info][gc,metaspace] GC(340) Metaspace: 100K(320K)->100K(320K) NonClass: 96K(192K)->96K(192K) Class: 4K(128K)->4K(128K)
[2024-08-28T01:10:09.512+0000][info][gc          ] GC(340) Pause Young (Mixed) (G1 Evacuation Pause) 1667M->1552M(2048M) 17.648ms
[2024-08-28T01:10:09.512+0000][info][gc,cpu      ] GC(340) User=0.80s Sys=0.00s Real=0.02s
[2024-08-28T01:10:09.557+0000][info][gc,start    ] GC(341) Pause Young (Mixed) (G1 Evacuation Pause)
[2024-08-28T01:10:09.558+0000][info][gc,task     ] GC(341) Using 49 workers of 68 for evacuation
[2024-08-28T01:10:09.575+0000][info][gc,phases   ] GC(341)   Pre Evacuate Collection Set: 0.3ms
[2024-08-28T01:10:09.575+0000][info][gc,phases   ] GC(341)   Merge Heap Roots: 0.8ms
[2024-08-28T01:10:09.575+0000][info][gc,phases   ] GC(341)   Evacuate Collection Set: 15.7ms
[2024-08-28T01:10:09.575+0000][info][gc,phases   ] GC(341)   Post Evacuate Collection Set: 0.5ms
[2024-08-28T01:10:09.575+0000][info][gc,phases   ] GC(341)   Other: 0.3ms
[2024-08-28T01:10:09.575+0000][info][gc,heap     ] GC(341) Eden regions: 89->0(89)
[2024-08-28T01:10:09.575+0000][info][gc,heap     ] GC(341) Survivor regions: 13->13(13)
[2024-08-28T01:10:09.575+0000][info][gc,heap     ] GC(341) Old regions: 1534->1506
[2024-08-28T01:10:09.575+0000][info][gc,heap     ] GC(341) Archive regions: 2->2
[2024-08-28T01:10:09.575+0000][info][gc,heap     ] GC(341) Humongous regions: 5->5
[2024-08-28T01:10:09.575+0000][info][gc,metaspace] GC(341) Metaspace: 100K(320K)->100K(320K) NonClass: 96K(192K)->96K(192K) Class: 4K(128K)->4K(128K)
[2024-08-28T01:10:09.575+0000][info][gc          ] GC(341) Pause Young (Mixed) (G1 Evacuation Pause) 1641M->1524M(2048M) 17.756ms
[2024-08-28T01:10:09.575+0000][info][gc,cpu      ] GC(341) User=0.81s Sys=0.00s Real=0.02s
[2024-08-28T01:10:09.622+0000][info][gc,start    ] GC(342) Pause Young (Mixed) (G1 Evacuation Pause)
[2024-08-28T01:10:09.622+0000][info][gc,task     ] GC(342) Using 49 workers of 68 for evacuation
[2024-08-28T01:10:09.639+0000][info][gc,phases   ] GC(342)   Pre Evacuate Collection Set: 0.3ms
[2024-08-28T01:10:09.639+0000][info][gc,phases   ] GC(342)   Merge Heap Roots: 0.5ms
[2024-08-28T01:10:09.639+0000][info][gc,phases   ] GC(342)   Evacuate Collection Set: 15.7ms
[2024-08-28T01:10:09.639+0000][info][gc,phases   ] GC(342)   Post Evacuate Collection Set: 0.6ms
[2024-08-28T01:10:09.639+0000][info][gc,phases   ] GC(342)   Other: 0.2ms
[2024-08-28T01:10:09.639+0000][info][gc,heap     ] GC(342) Eden regions: 89->0(89)
[2024-08-28T01:10:09.639+0000][info][gc,heap     ] GC(342) Survivor regions: 13->13(13)
[2024-08-28T01:10:09.639+0000][info][gc,heap     ] GC(342) Old regions: 1506->1477
[2024-08-28T01:10:09.639+0000][info][gc,heap     ] GC(342) Archive regions: 2->2
[2024-08-28T01:10:09.639+0000][info][gc,heap     ] GC(342) Humongous regions: 5->5
[2024-08-28T01:10:09.639+0000][info][gc,metaspace] GC(342) Metaspace: 100K(320K)->100K(320K) NonClass: 96K(192K)->96K(192K) Class: 4K(128K)->4K(128K)
[2024-08-28T01:10:09.639+0000][info][gc          ] GC(342) Pause Young (Mixed) (G1 Evacuation Pause) 1613M->1495M(2048M) 17.477ms
[2024-08-28T01:10:09.639+0000][info][gc,cpu      ] GC(342) User=0.79s Sys=0.00s Real=0.02s
[2024-08-28T01:10:09.685+0000][info][gc,start    ] GC(343) Pause Young (Mixed) (G1 Evacuation Pause)
[2024-08-28T01:10:09.685+0000][info][gc,task     ] GC(343) Using 49 workers of 68 for evacuation
[2024-08-28T01:10:09.703+0000][info][gc,phases   ] GC(343)   Pre Evacuate Collection Set: 0.4ms
[2024-08-28T01:10:09.703+0000][info][gc,phases   ] GC(343)   Merge Heap Roots: 0.8ms
[2024-08-28T01:10:09.703+0000][info][gc,phases   ] GC(343)   Evacuate Collection Set: 15.9ms
[2024-08-28T01:10:09.703+0000][info][gc,phases   ] GC(343)   Post Evacuate Collection Set: 0.6ms
[2024-08-28T01:10:09.703+0000][info][gc,phases   ] GC(343)   Other: 0.3ms
[2024-08-28T01:10:09.703+0000][info][gc,heap     ] GC(343) Eden regions: 89->0(89)
[2024-08-28T01:10:09.703+0000][info][gc,heap     ] GC(343) Survivor regions: 13->13(13)
[2024-08-28T01:10:09.703+0000][info][gc,heap     ] GC(343) Old regions: 1477->1448
[2024-08-28T01:10:09.703+0000][info][gc,heap     ] GC(343) Archive regions: 2->2
[2024-08-28T01:10:09.703+0000][info][gc,heap     ] GC(343) Humongous regions: 5->5
[2024-08-28T01:10:09.703+0000][info][gc,metaspace] GC(343) Metaspace: 100K(320K)->100K(320K) NonClass: 96K(192K)->96K(192K) Class: 4K(128K)->4K(128K)
[2024-08-28T01:10:09.703+0000][info][gc          ] GC(343) Pause Young (Mixed) (G1 Evacuation Pause) 1584M->1466M(2048M) 18.003ms
[2024-08-28T01:10:09.703+0000][info][gc,cpu      ] GC(343) User=0.81s Sys=0.00s Real=0.02s
[2024-08-28T01:10:09.748+0000][info][gc,start    ] GC(344) Pause Young (Mixed) (G1 Evacuation Pause)
[2024-08-28T01:10:09.748+0000][info][gc,task     ] GC(344) Using 49 workers of 68 for evacuation
[2024-08-28T01:10:09.766+0000][info][gc,phases   ] GC(344)   Pre Evacuate Collection Set: 0.4ms
[2024-08-28T01:10:09.766+0000][info][gc,phases   ] GC(344)   Merge Heap Roots: 0.5ms
[2024-08-28T01:10:09.766+0000][info][gc,phases   ] GC(344)   Evacuate Collection Set: 15.9ms
[2024-08-28T01:10:09.766+0000][info][gc,phases   ] GC(344)   Post Evacuate Collection Set: 0.5ms
[2024-08-28T01:10:09.766+0000][info][gc,phases   ] GC(344)   Other: 0.3ms
[2024-08-28T01:10:09.766+0000][info][gc,heap     ] GC(344) Eden regions: 89->0(89)
[2024-08-28T01:10:09.766+0000][info][gc,heap     ] GC(344) Survivor regions: 13->13(13)
[2024-08-28T01:10:09.766+0000][info][gc,heap     ] GC(344) Old regions: 1448->1418
[2024-08-28T01:10:09.766+0000][info][gc,heap     ] GC(344) Archive regions: 2->2
[2024-08-28T01:10:09.766+0000][info][gc,heap     ] GC(344) Humongous regions: 5->5
[2024-08-28T01:10:09.766+0000][info][gc,metaspace] GC(344) Metaspace: 100K(320K)->100K(320K) NonClass: 96K(192K)->96K(192K) Class: 4K(128K)->4K(128K)
[2024-08-28T01:10:09.766+0000][info][gc          ] GC(344) Pause Young (Mixed) (G1 Evacuation Pause) 1555M->1436M(2048M) 17.738ms
[2024-08-28T01:10:09.766+0000][info][gc,cpu      ] GC(344) User=0.80s Sys=0.00s Real=0.02s
[2024-08-28T01:10:09.812+0000][info][gc,start    ] GC(345) Pause Young (Mixed) (G1 Evacuation Pause)
[2024-08-28T01:10:09.812+0000][info][gc,task     ] GC(345) Using 49 workers of 68 for evacuation
[2024-08-28T01:10:09.830+0000][info][gc,phases   ] GC(345)   Pre Evacuate Collection Set: 0.3ms
[2024-08-28T01:10:09.830+0000][info][gc,phases   ] GC(345)   Merge Heap Roots: 0.9ms
[2024-08-28T01:10:09.830+0000][info][gc,phases   ] GC(345)   Evacuate Collection Set: 16.1ms
[2024-08-28T01:10:09.830+0000][info][gc,phases   ] GC(345)   Post Evacuate Collection Set: 0.5ms
[2024-08-28T01:10:09.830+0000][info][gc,phases   ] GC(345)   Other: 0.2ms
[2024-08-28T01:10:09.830+0000][info][gc,heap     ] GC(345) Eden regions: 89->0(89)
[2024-08-28T01:10:09.830+0000][info][gc,heap     ] GC(345) Survivor regions: 13->13(13)
[2024-08-28T01:10:09.830+0000][info][gc,heap     ] GC(345) Old regions: 1418->1390
[2024-08-28T01:10:09.830+0000][info][gc,heap     ] GC(345) Archive regions: 2->2
[2024-08-28T01:10:09.831+0000][info][gc,heap     ] GC(345) Humongous regions: 5->5
[2024-08-28T01:10:09.831+0000][info][gc,metaspace] GC(345) Metaspace: 100K(320K)->100K(320K) NonClass: 96K(192K)->96K(192K) Class: 4K(128K)->4K(128K)
[2024-08-28T01:10:09.831+0000][info][gc          ] GC(345) Pause Young (Mixed) (G1 Evacuation Pause) 1525M->1408M(2048M) 18.189ms
[2024-08-28T01:10:09.831+0000][info][gc,cpu      ] GC(345) User=0.81s Sys=0.02s Real=0.02s
[2024-08-28T01:10:09.876+0000][info][gc,start    ] GC(346) Pause Young (Mixed) (G1 Evacuation Pause)
[2024-08-28T01:10:09.876+0000][info][gc,task     ] GC(346) Using 49 workers of 68 for evacuation
[2024-08-28T01:10:09.893+0000][info][gc,phases   ] GC(346)   Pre Evacuate Collection Set: 0.3ms
[2024-08-28T01:10:09.893+0000][info][gc,phases   ] GC(346)   Merge Heap Roots: 0.5ms
[2024-08-28T01:10:09.893+0000][info][gc,phases   ] GC(346)   Evacuate Collection Set: 15.9ms
[2024-08-28T01:10:09.893+0000][info][gc,phases   ] GC(346)   Post Evacuate Collection Set: 0.5ms
[2024-08-28T01:10:09.893+0000][info][gc,phases   ] GC(346)   Other: 0.2ms
[2024-08-28T01:10:09.893+0000][info][gc,heap     ] GC(346) Eden regions: 89->0(130)
[2024-08-28T01:10:09.893+0000][info][gc,heap     ] GC(346) Survivor regions: 13->13(13)
[2024-08-28T01:10:09.893+0000][info][gc,heap     ] GC(346) Old regions: 1390->1414
[2024-08-28T01:10:09.893+0000][info][gc,heap     ] GC(346) Archive regions: 2->2
[2024-08-28T01:10:09.893+0000][info][gc,heap     ] GC(346) Humongous regions: 5->5
[2024-08-28T01:10:09.893+0000][info][gc,metaspace] GC(346) Metaspace: 100K(320K)->100K(320K) NonClass: 96K(192K)->96K(192K) Class: 4K(128K)->4K(128K)
[2024-08-28T01:10:09.894+0000][info][gc          ] GC(346) Pause Young (Mixed) (G1 Evacuation Pause) 1497M->1432M(2048M) 17.553ms
[2024-08-28T01:10:09.894+0000][info][gc,cpu      ] GC(346) User=0.78s Sys=0.01s Real=0.02s
[2024-08-28T01:10:09.960+0000][info][gc,start    ] GC(347) Pause Young (Concurrent Start) (G1 Evacuation Pause)
[2024-08-28T01:10:09.960+0000][info][gc,task     ] GC(347) Using 49 workers of 68 for evacuation
[2024-08-28T01:10:09.983+0000][info][gc,phases   ] GC(347)   Pre Evacuate Collection Set: 0.4ms
[2024-08-28T01:10:09.983+0000][info][gc,phases   ] GC(347)   Merge Heap Roots: 0.5ms
[2024-08-28T01:10:09.983+0000][info][gc,phases   ] GC(347)   Evacuate Collection Set: 21.0ms
[2024-08-28T01:10:09.983+0000][info][gc,phases   ] GC(347)   Post Evacuate Collection Set: 0.5ms
[2024-08-28T01:10:09.983+0000][info][gc,phases   ] GC(347)   Other: 0.7ms
[2024-08-28T01:10:09.983+0000][info][gc,heap     ] GC(347) Eden regions: 130->0(87)
[2024-08-28T01:10:09.983+0000][info][gc,heap     ] GC(347) Survivor regions: 13->18(18)
[2024-08-28T01:10:09.983+0000][info][gc,heap     ] GC(347) Old regions: 1414->1543
[2024-08-28T01:10:09.983+0000][info][gc,heap     ] GC(347) Archive regions: 2->2
[2024-08-28T01:10:09.983+0000][info][gc,heap     ] GC(347) Humongous regions: 5->5
[2024-08-28T01:10:09.983+0000][info][gc,metaspace] GC(347) Metaspace: 100K(320K)->100K(320K) NonClass: 96K(192K)->96K(192K) Class: 4K(128K)->4K(128K)
[2024-08-28T01:10:09.983+0000][info][gc          ] GC(347) Pause Young (Concurrent Start) (G1 Evacuation Pause) 1562M->1566M(2048M) 23.266ms
[2024-08-28T01:10:09.983+0000][info][gc,cpu      ] GC(347) User=1.05s Sys=0.00s Real=0.02s
[2024-08-28T01:10:09.983+0000][info][gc          ] GC(348) Concurrent Mark Cycle
[2024-08-28T01:10:09.983+0000][info][gc,marking  ] GC(348) Concurrent Clear Claimed Marks
[2024-08-28T01:10:09.983+0000][info][gc,marking  ] GC(348) Concurrent Clear Claimed Marks 0.011ms
[2024-08-28T01:10:09.983+0000][info][gc,marking  ] GC(348) Concurrent Scan Root Regions
[2024-08-28T01:10:09.987+0000][info][gc,marking  ] GC(348) Concurrent Scan Root Regions 4.000ms
[2024-08-28T01:10:09.987+0000][info][gc,marking  ] GC(348) Concurrent Mark
[2024-08-28T01:10:09.987+0000][info][gc,marking  ] GC(348) Concurrent Mark From Roots
[2024-08-28T01:10:09.987+0000][info][gc,task     ] GC(348) Using 17 workers of 17 for marking
[2024-08-28T01:10:10.008+0000][info][gc,marking  ] GC(348) Concurrent Mark From Roots 20.751ms
[2024-08-28T01:10:10.008+0000][info][gc,marking  ] GC(348) Concurrent Preclean
[2024-08-28T01:10:10.009+0000][info][gc,marking  ] GC(348) Concurrent Preclean 0.500ms
[2024-08-28T01:10:10.009+0000][info][gc,start    ] GC(348) Pause Remark
[2024-08-28T01:10:10.011+0000][info][gc          ] GC(348) Pause Remark 1600M->1391M(2048M) 1.994ms
[2024-08-28T01:10:10.011+0000][info][gc,cpu      ] GC(348) User=0.01s Sys=0.00s Real=0.01s
[2024-08-28T01:10:10.011+0000][info][gc,marking  ] GC(348) Concurrent Mark 23.705ms
[2024-08-28T01:10:10.011+0000][info][gc,marking  ] GC(348) Concurrent Rebuild Remembered Sets
[2024-08-28T01:10:10.039+0000][info][gc,start    ] GC(349) Pause Young (Normal) (G1 Evacuation Pause)
[2024-08-28T01:10:10.039+0000][info][gc,task     ] GC(349) Using 49 workers of 68 for evacuation
[2024-08-28T01:10:10.057+0000][info][gc,phases   ] GC(349)   Pre Evacuate Collection Set: 0.3ms
[2024-08-28T01:10:10.057+0000][info][gc,phases   ] GC(349)   Merge Heap Roots: 0.9ms
[2024-08-28T01:10:10.057+0000][info][gc,phases   ] GC(349)   Evacuate Collection Set: 16.5ms
[2024-08-28T01:10:10.057+0000][info][gc,phases   ] GC(349)   Post Evacuate Collection Set: 0.8ms
[2024-08-28T01:10:10.057+0000][info][gc,phases   ] GC(349)   Other: 0.2ms
[2024-08-28T01:10:10.057+0000][info][gc,heap     ] GC(349) Eden regions: 87->0(125)
[2024-08-28T01:10:10.057+0000][info][gc,heap     ] GC(349) Survivor regions: 18->14(14)
[2024-08-28T01:10:10.057+0000][info][gc,heap     ] GC(349) Old regions: 1334->1431
[2024-08-28T01:10:10.057+0000][info][gc,heap     ] GC(349) Archive regions: 2->2
[2024-08-28T01:10:10.057+0000][info][gc,heap     ] GC(349) Humongous regions: 5->5
[2024-08-28T01:10:10.057+0000][info][gc,metaspace] GC(349) Metaspace: 100K(320K)->100K(320K) NonClass: 96K(192K)->96K(192K) Class: 4K(128K)->4K(128K)
[2024-08-28T01:10:10.057+0000][info][gc          ] GC(349) Pause Young (Normal) (G1 Evacuation Pause) 1444M->1450M(2048M) 18.874ms
[2024-08-28T01:10:10.057+0000][info][gc,cpu      ] GC(349) User=0.85s Sys=0.01s Real=0.01s
[2024-08-28T01:10:10.077+0000][info][gc,marking  ] GC(348) Concurrent Rebuild Remembered Sets 65.570ms
[2024-08-28T01:10:10.077+0000][info][gc,start    ] GC(348) Pause Cleanup
[2024-08-28T01:10:10.080+0000][info][gc          ] GC(348) Pause Cleanup 1485M->1485M(2048M) 2.881ms
[2024-08-28T01:10:10.080+0000][info][gc,cpu      ] GC(348) User=0.01s Sys=0.00s Real=0.01s
[2024-08-28T01:10:10.080+0000][info][gc,marking  ] GC(348) Concurrent Cleanup for Next Mark
[2024-08-28T01:10:10.081+0000][info][gc,marking  ] GC(348) Concurrent Cleanup for Next Mark 1.498ms
[2024-08-28T01:10:10.081+0000][info][gc          ] GC(348) Concurrent Mark Cycle 98.239ms
[2024-08-28T01:10:10.127+0000][info][gc,start    ] GC(350) Pause Young (Prepare Mixed) (G1 Evacuation Pause)
[2024-08-28T01:10:10.128+0000][info][gc,task     ] GC(350) Using 49 workers of 68 for evacuation
[2024-08-28T01:10:10.155+0000][info][gc,phases   ] GC(350)   Pre Evacuate Collection Set: 0.3ms
[2024-08-28T01:10:10.155+0000][info][gc,phases   ] GC(350)   Merge Heap Roots: 1.2ms
[2024-08-28T01:10:10.155+0000][info][gc,phases   ] GC(350)   Evacuate Collection Set: 24.9ms
[2024-08-28T01:10:10.155+0000][info][gc,phases   ] GC(350)   Post Evacuate Collection Set: 0.5ms
[2024-08-28T01:10:10.155+0000][info][gc,phases   ] GC(350)   Other: 0.2ms
[2024-08-28T01:10:10.155+0000][info][gc,heap     ] GC(350) Eden regions: 125->0(84)
[2024-08-28T01:10:10.155+0000][info][gc,heap     ] GC(350) Survivor regions: 14->18(18)
[2024-08-28T01:10:10.155+0000][info][gc,heap     ] GC(350) Old regions: 1431->1555
[2024-08-28T01:10:10.155+0000][info][gc,heap     ] GC(350) Archive regions: 2->2
[2024-08-28T01:10:10.155+0000][info][gc,heap     ] GC(350) Humongous regions: 5->5
[2024-08-28T01:10:10.155+0000][info][gc,metaspace] GC(350) Metaspace: 100K(320K)->100K(320K) NonClass: 96K(192K)->96K(192K) Class: 4K(128K)->4K(128K)
[2024-08-28T01:10:10.155+0000][info][gc          ] GC(350) Pause Young (Prepare Mixed) (G1 Evacuation Pause) 1575M->1578M(2048M) 27.201ms
[2024-08-28T01:10:10.155+0000][info][gc,cpu      ] GC(350) User=1.27s Sys=0.00s Real=0.03s
[2024-08-28T01:10:10.198+0000][info][gc,start    ] GC(351) Pause Young (Mixed) (G1 Evacuation Pause)
[2024-08-28T01:10:10.198+0000][info][gc,task     ] GC(351) Using 49 workers of 68 for evacuation
[2024-08-28T01:10:10.216+0000][info][gc,phases   ] GC(351)   Pre Evacuate Collection Set: 0.4ms
[2024-08-28T01:10:10.216+0000][info][gc,phases   ] GC(351)   Merge Heap Roots: 0.5ms
[2024-08-28T01:10:10.216+0000][info][gc,phases   ] GC(351)   Evacuate Collection Set: 16.3ms
[2024-08-28T01:10:10.216+0000][info][gc,phases   ] GC(351)   Post Evacuate Collection Set: 0.5ms
[2024-08-28T01:10:10.216+0000][info][gc,phases   ] GC(351)   Other: 0.2ms
[2024-08-28T01:10:10.216+0000][info][gc,heap     ] GC(351) Eden regions: 84->0(89)
[2024-08-28T01:10:10.216+0000][info][gc,heap     ] GC(351) Survivor regions: 18->13(13)
[2024-08-28T01:10:10.216+0000][info][gc,heap     ] GC(351) Old regions: 1555->1528
[2024-08-28T01:10:10.216+0000][info][gc,heap     ] GC(351) Archive regions: 2->2
[2024-08-28T01:10:10.216+0000][info][gc,heap     ] GC(351) Humongous regions: 5->5
[2024-08-28T01:10:10.216+0000][info][gc,metaspace] GC(351) Metaspace: 100K(320K)->100K(320K) NonClass: 96K(192K)->96K(192K) Class: 4K(128K)->4K(128K)
[2024-08-28T01:10:10.216+0000][info][gc          ] GC(351) Pause Young (Mixed) (G1 Evacuation Pause) 1662M->1546M(2048M) 18.066ms
[2024-08-28T01:10:10.216+0000][info][gc,cpu      ] GC(351) User=0.81s Sys=0.00s Real=0.01s
[2024-08-28T01:10:10.262+0000][info][gc,start    ] GC(352) Pause Young (Mixed) (G1 Evacuation Pause)
[2024-08-28T01:10:10.262+0000][info][gc,task     ] GC(352) Using 49 workers of 68 for evacuation
[2024-08-28T01:10:10.280+0000][info][gc,phases   ] GC(352)   Pre Evacuate Collection Set: 0.4ms
[2024-08-28T01:10:10.280+0000][info][gc,phases   ] GC(352)   Merge Heap Roots: 0.9ms
[2024-08-28T01:10:10.280+0000][info][gc,phases   ] GC(352)   Evacuate Collection Set: 15.6ms
[2024-08-28T01:10:10.280+0000][info][gc,phases   ] GC(352)   Post Evacuate Collection Set: 0.6ms
[2024-08-28T01:10:10.280+0000][info][gc,phases   ] GC(352)   Other: 0.2ms
[2024-08-28T01:10:10.280+0000][info][gc,heap     ] GC(352) Eden regions: 89->0(89)
[2024-08-28T01:10:10.280+0000][info][gc,heap     ] GC(352) Survivor regions: 13->13(13)
[2024-08-28T01:10:10.280+0000][info][gc,heap     ] GC(352) Old regions: 1528->1498
[2024-08-28T01:10:10.280+0000][info][gc,heap     ] GC(352) Archive regions: 2->2
[2024-08-28T01:10:10.280+0000][info][gc,heap     ] GC(352) Humongous regions: 5->5
[2024-08-28T01:10:10.280+0000][info][gc,metaspace] GC(352) Metaspace: 100K(320K)->100K(320K) NonClass: 96K(192K)->96K(192K) Class: 4K(128K)->4K(128K)
[2024-08-28T01:10:10.280+0000][info][gc          ] GC(352) Pause Young (Mixed) (G1 Evacuation Pause) 1635M->1516M(2048M) 17.775ms
[2024-08-28T01:10:10.280+0000][info][gc,cpu      ] GC(352) User=0.81s Sys=0.00s Real=0.02s
[2024-08-28T01:10:10.326+0000][info][gc,start    ] GC(353) Pause Young (Mixed) (G1 Evacuation Pause)
[2024-08-28T01:10:10.326+0000][info][gc,task     ] GC(353) Using 49 workers of 68 for evacuation
[2024-08-28T01:10:10.343+0000][info][gc,phases   ] GC(353)   Pre Evacuate Collection Set: 0.3ms
[2024-08-28T01:10:10.343+0000][info][gc,phases   ] GC(353)   Merge Heap Roots: 0.5ms
[2024-08-28T01:10:10.343+0000][info][gc,phases   ] GC(353)   Evacuate Collection Set: 15.6ms
[2024-08-28T01:10:10.343+0000][info][gc,phases   ] GC(353)   Post Evacuate Collection Set: 0.5ms
[2024-08-28T01:10:10.343+0000][info][gc,phases   ] GC(353)   Other: 0.2ms
[2024-08-28T01:10:10.343+0000][info][gc,heap     ] GC(353) Eden regions: 89->0(89)
[2024-08-28T01:10:10.343+0000][info][gc,heap     ] GC(353) Survivor regions: 13->13(13)
[2024-08-28T01:10:10.343+0000][info][gc,heap     ] GC(353) Old regions: 1498->1469
[2024-08-28T01:10:10.343+0000][info][gc,heap     ] GC(353) Archive regions: 2->2
[2024-08-28T01:10:10.343+0000][info][gc,heap     ] GC(353) Humongous regions: 5->5
[2024-08-28T01:10:10.343+0000][info][gc,metaspace] GC(353) Metaspace: 100K(320K)->100K(320K) NonClass: 96K(192K)->96K(192K) Class: 4K(128K)->4K(128K)
[2024-08-28T01:10:10.343+0000][info][gc          ] GC(353) Pause Young (Mixed) (G1 Evacuation Pause) 1605M->1487M(2048M) 17.295ms
[2024-08-28T01:10:10.343+0000][info][gc,cpu      ] GC(353) User=0.78s Sys=0.01s Real=0.02s
[2024-08-28T01:10:10.389+0000][info][gc,start    ] GC(354) Pause Young (Mixed) (G1 Evacuation Pause)
[2024-08-28T01:10:10.389+0000][info][gc,task     ] GC(354) Using 49 workers of 68 for evacuation
[2024-08-28T01:10:10.407+0000][info][gc,phases   ] GC(354)   Pre Evacuate Collection Set: 0.3ms
[2024-08-28T01:10:10.407+0000][info][gc,phases   ] GC(354)   Merge Heap Roots: 0.8ms
[2024-08-28T01:10:10.407+0000][info][gc,phases   ] GC(354)   Evacuate Collection Set: 16.1ms
[2024-08-28T01:10:10.407+0000][info][gc,phases   ] GC(354)   Post Evacuate Collection Set: 0.6ms
[2024-08-28T01:10:10.407+0000][info][gc,phases   ] GC(354)   Other: 0.3ms
[2024-08-28T01:10:10.407+0000][info][gc,heap     ] GC(354) Eden regions: 89->0(89)
[2024-08-28T01:10:10.407+0000][info][gc,heap     ] GC(354) Survivor regions: 13->13(13)
[2024-08-28T01:10:10.407+0000][info][gc,heap     ] GC(354) Old regions: 1469->1440
[2024-08-28T01:10:10.407+0000][info][gc,heap     ] GC(354) Archive regions: 2->2
[2024-08-28T01:10:10.407+0000][info][gc,heap     ] GC(354) Humongous regions: 5->5
[2024-08-28T01:10:10.407+0000][info][gc,metaspace] GC(354) Metaspace: 100K(320K)->100K(320K) NonClass: 96K(192K)->96K(192K) Class: 4K(128K)->4K(128K)
[2024-08-28T01:10:10.407+0000][info][gc          ] GC(354) Pause Young (Mixed) (G1 Evacuation Pause) 1576M->1458M(2048M) 18.270ms
[2024-08-28T01:10:10.407+0000][info][gc,cpu      ] GC(354) User=0.81s Sys=0.00s Real=0.02s
[2024-08-28T01:10:10.452+0000][info][gc,start    ] GC(355) Pause Young (Mixed) (G1 Evacuation Pause)
[2024-08-28T01:10:10.452+0000][info][gc,task     ] GC(355) Using 49 workers of 68 for evacuation
[2024-08-28T01:10:10.470+0000][info][gc,phases   ] GC(355)   Pre Evacuate Collection Set: 0.5ms
[2024-08-28T01:10:10.470+0000][info][gc,phases   ] GC(355)   Merge Heap Roots: 0.5ms
[2024-08-28T01:10:10.470+0000][info][gc,phases   ] GC(355)   Evacuate Collection Set: 15.9ms
[2024-08-28T01:10:10.470+0000][info][gc,phases   ] GC(355)   Post Evacuate Collection Set: 0.6ms
[2024-08-28T01:10:10.470+0000][info][gc,phases   ] GC(355)   Other: 0.2ms
[2024-08-28T01:10:10.470+0000][info][gc,heap     ] GC(355) Eden regions: 89->0(89)
[2024-08-28T01:10:10.470+0000][info][gc,heap     ] GC(355) Survivor regions: 13->13(13)
[2024-08-28T01:10:10.470+0000][info][gc,heap     ] GC(355) Old regions: 1440->1411
[2024-08-28T01:10:10.470+0000][info][gc,heap     ] GC(355) Archive regions: 2->2
[2024-08-28T01:10:10.470+0000][info][gc,heap     ] GC(355) Humongous regions: 5->5
[2024-08-28T01:10:10.470+0000][info][gc,metaspace] GC(355) Metaspace: 100K(320K)->100K(320K) NonClass: 96K(192K)->96K(192K) Class: 4K(128K)->4K(128K)
[2024-08-28T01:10:10.470+0000][info][gc          ] GC(355) Pause Young (Mixed) (G1 Evacuation Pause) 1547M->1429M(2048M) 17.904ms
[2024-08-28T01:10:10.470+0000][info][gc,cpu      ] GC(355) User=0.80s Sys=0.01s Real=0.02s
[2024-08-28T01:10:10.513+0000][info][gc,start    ] GC(356) Pause Young (Mixed) (G1 Evacuation Pause)
[2024-08-28T01:10:10.513+0000][info][gc,task     ] GC(356) Using 49 workers of 68 for evacuation
[2024-08-28T01:10:10.531+0000][info][gc,phases   ] GC(356)   Pre Evacuate Collection Set: 0.4ms
[2024-08-28T01:10:10.531+0000][info][gc,phases   ] GC(356)   Merge Heap Roots: 0.9ms
[2024-08-28T01:10:10.531+0000][info][gc,phases   ] GC(356)   Evacuate Collection Set: 15.5ms
[2024-08-28T01:10:10.531+0000][info][gc,phases   ] GC(356)   Post Evacuate Collection Set: 0.6ms
[2024-08-28T01:10:10.531+0000][info][gc,phases   ] GC(356)   Other: 0.3ms
[2024-08-28T01:10:10.531+0000][info][gc,heap     ] GC(356) Eden regions: 89->0(89)
[2024-08-28T01:10:10.531+0000][info][gc,heap     ] GC(356) Survivor regions: 13->13(13)
[2024-08-28T01:10:10.531+0000][info][gc,heap     ] GC(356) Old regions: 1411->1383
[2024-08-28T01:10:10.531+0000][info][gc,heap     ] GC(356) Archive regions: 2->2
[2024-08-28T01:10:10.531+0000][info][gc,heap     ] GC(356) Humongous regions: 5->5
[2024-08-28T01:10:10.531+0000][info][gc,metaspace] GC(356) Metaspace: 100K(320K)->100K(320K) NonClass: 96K(192K)->96K(192K) Class: 4K(128K)->4K(128K)
[2024-08-28T01:10:10.531+0000][info][gc          ] GC(356) Pause Young (Mixed) (G1 Evacuation Pause) 1518M->1401M(2048M) 17.584ms
[2024-08-28T01:10:10.531+0000][info][gc,cpu      ] GC(356) User=0.78s Sys=0.01s Real=0.02s
[2024-08-28T01:10:10.576+0000][info][gc,start    ] GC(357) Pause Young (Mixed) (G1 Evacuation Pause)
[2024-08-28T01:10:10.576+0000][info][gc,task     ] GC(357) Using 49 workers of 68 for evacuation
[2024-08-28T01:10:10.593+0000][info][gc,phases   ] GC(357)   Pre Evacuate Collection Set: 0.4ms
[2024-08-28T01:10:10.593+0000][info][gc,phases   ] GC(357)   Merge Heap Roots: 0.5ms
[2024-08-28T01:10:10.593+0000][info][gc,phases   ] GC(357)   Evacuate Collection Set: 15.6ms
[2024-08-28T01:10:10.593+0000][info][gc,phases   ] GC(357)   Post Evacuate Collection Set: 0.5ms
[2024-08-28T01:10:10.593+0000][info][gc,phases   ] GC(357)   Other: 0.2ms
[2024-08-28T01:10:10.593+0000][info][gc,heap     ] GC(357) Eden regions: 89->0(130)
[2024-08-28T01:10:10.593+0000][info][gc,heap     ] GC(357) Survivor regions: 13->13(13)
[2024-08-28T01:10:10.593+0000][info][gc,heap     ] GC(357) Old regions: 1383->1415
[2024-08-28T01:10:10.593+0000][info][gc,heap     ] GC(357) Archive regions: 2->2
[2024-08-28T01:10:10.593+0000][info][gc,heap     ] GC(357) Humongous regions: 5->5
[2024-08-28T01:10:10.593+0000][info][gc,metaspace] GC(357) Metaspace: 100K(320K)->100K(320K) NonClass: 96K(192K)->96K(192K) Class: 4K(128K)->4K(128K)
[2024-08-28T01:10:10.593+0000][info][gc          ] GC(357) Pause Young (Mixed) (G1 Evacuation Pause) 1490M->1433M(2048M) 17.228ms
[2024-08-28T01:10:10.593+0000][info][gc,cpu      ] GC(357) User=0.78s Sys=0.00s Real=0.02s
[2024-08-28T01:10:10.659+0000][info][gc,start    ] GC(358) Pause Young (Concurrent Start) (G1 Evacuation Pause)
[2024-08-28T01:10:10.659+0000][info][gc,task     ] GC(358) Using 49 workers of 68 for evacuation
[2024-08-28T01:10:10.682+0000][info][gc,phases   ] GC(358)   Pre Evacuate Collection Set: 0.3ms
[2024-08-28T01:10:10.682+0000][info][gc,phases   ] GC(358)   Merge Heap Roots: 0.6ms
[2024-08-28T01:10:10.682+0000][info][gc,phases   ] GC(358)   Evacuate Collection Set: 21.2ms
[2024-08-28T01:10:10.682+0000][info][gc,phases   ] GC(358)   Post Evacuate Collection Set: 0.6ms
[2024-08-28T01:10:10.682+0000][info][gc,phases   ] GC(358)   Other: 0.6ms
[2024-08-28T01:10:10.682+0000][info][gc,heap     ] GC(358) Eden regions: 130->0(87)
[2024-08-28T01:10:10.682+0000][info][gc,heap     ] GC(358) Survivor regions: 13->18(18)
[2024-08-28T01:10:10.682+0000][info][gc,heap     ] GC(358) Old regions: 1415->1542
[2024-08-28T01:10:10.682+0000][info][gc,heap     ] GC(358) Archive regions: 2->2
[2024-08-28T01:10:10.682+0000][info][gc,heap     ] GC(358) Humongous regions: 5->5
[2024-08-28T01:10:10.682+0000][info][gc,metaspace] GC(358) Metaspace: 100K(320K)->100K(320K) NonClass: 96K(192K)->96K(192K) Class: 4K(128K)->4K(128K)
[2024-08-28T01:10:10.682+0000][info][gc          ] GC(358) Pause Young (Concurrent Start) (G1 Evacuation Pause) 1563M->1565M(2048M) 23.304ms
[2024-08-28T01:10:10.682+0000][info][gc,cpu      ] GC(358) User=1.03s Sys=0.01s Real=0.02s
[2024-08-28T01:10:10.682+0000][info][gc          ] GC(359) Concurrent Mark Cycle
[2024-08-28T01:10:10.682+0000][info][gc,marking  ] GC(359) Concurrent Clear Claimed Marks
[2024-08-28T01:10:10.682+0000][info][gc,marking  ] GC(359) Concurrent Clear Claimed Marks 0.011ms
[2024-08-28T01:10:10.682+0000][info][gc,marking  ] GC(359) Concurrent Scan Root Regions
[2024-08-28T01:10:10.686+0000][info][gc,marking  ] GC(359) Concurrent Scan Root Regions 4.047ms
[2024-08-28T01:10:10.686+0000][info][gc,marking  ] GC(359) Concurrent Mark
[2024-08-28T01:10:10.686+0000][info][gc,marking  ] GC(359) Concurrent Mark From Roots
[2024-08-28T01:10:10.686+0000][info][gc,task     ] GC(359) Using 17 workers of 17 for marking
[2024-08-28T01:10:10.707+0000][info][gc,marking  ] GC(359) Concurrent Mark From Roots 20.690ms
[2024-08-28T01:10:10.707+0000][info][gc,marking  ] GC(359) Concurrent Preclean
[2024-08-28T01:10:10.708+0000][info][gc,marking  ] GC(359) Concurrent Preclean 0.503ms
[2024-08-28T01:10:10.708+0000][info][gc,start    ] GC(359) Pause Remark
[2024-08-28T01:10:10.710+0000][info][gc          ] GC(359) Pause Remark 1600M->1400M(2048M) 1.983ms
[2024-08-28T01:10:10.710+0000][info][gc,cpu      ] GC(359) User=0.02s Sys=0.00s Real=0.01s
[2024-08-28T01:10:10.710+0000][info][gc,marking  ] GC(359) Concurrent Mark 23.615ms
[2024-08-28T01:10:10.710+0000][info][gc,marking  ] GC(359) Concurrent Rebuild Remembered Sets
[2024-08-28T01:10:10.737+0000][info][gc,start    ] GC(360) Pause Young (Normal) (G1 Evacuation Pause)
[2024-08-28T01:10:10.737+0000][info][gc,task     ] GC(360) Using 49 workers of 68 for evacuation
[2024-08-28T01:10:10.755+0000][info][gc,phases   ] GC(360)   Pre Evacuate Collection Set: 0.3ms
[2024-08-28T01:10:10.755+0000][info][gc,phases   ] GC(360)   Merge Heap Roots: 0.9ms
[2024-08-28T01:10:10.755+0000][info][gc,phases   ] GC(360)   Evacuate Collection Set: 15.8ms
[2024-08-28T01:10:10.755+0000][info][gc,phases   ] GC(360)   Post Evacuate Collection Set: 0.8ms
[2024-08-28T01:10:10.755+0000][info][gc,phases   ] GC(360)   Other: 0.2ms
[2024-08-28T01:10:10.755+0000][info][gc,heap     ] GC(360) Eden regions: 87->0(122)
[2024-08-28T01:10:10.755+0000][info][gc,heap     ] GC(360) Survivor regions: 18->14(14)
[2024-08-28T01:10:10.755+0000][info][gc,heap     ] GC(360) Old regions: 1342->1439
[2024-08-28T01:10:10.755+0000][info][gc,heap     ] GC(360) Archive regions: 2->2
[2024-08-28T01:10:10.755+0000][info][gc,heap     ] GC(360) Humongous regions: 5->5
[2024-08-28T01:10:10.755+0000][info][gc,metaspace] GC(360) Metaspace: 100K(320K)->100K(320K) NonClass: 96K(192K)->96K(192K) Class: 4K(128K)->4K(128K)
[2024-08-28T01:10:10.755+0000][info][gc          ] GC(360) Pause Young (Normal) (G1 Evacuation Pause) 1452M->1458M(2048M) 17.929ms
[2024-08-28T01:10:10.755+0000][info][gc,cpu      ] GC(360) User=0.82s Sys=0.00s Real=0.02s
[2024-08-28T01:10:10.775+0000][info][gc,marking  ] GC(359) Concurrent Rebuild Remembered Sets 65.054ms
[2024-08-28T01:10:10.775+0000][info][gc,start    ] GC(359) Pause Cleanup
[2024-08-28T01:10:10.778+0000][info][gc          ] GC(359) Pause Cleanup 1496M->1496M(2048M) 2.469ms
[2024-08-28T01:10:10.778+0000][info][gc,cpu      ] GC(359) User=0.01s Sys=0.00s Real=0.01s
[2024-08-28T01:10:10.778+0000][info][gc,marking  ] GC(359) Concurrent Cleanup for Next Mark
[2024-08-28T01:10:10.779+0000][info][gc,marking  ] GC(359) Concurrent Cleanup for Next Mark 1.500ms
[2024-08-28T01:10:10.780+0000][info][gc          ] GC(359) Concurrent Mark Cycle 97.292ms
[2024-08-28T01:10:10.823+0000][info][gc,start    ] GC(361) Pause Young (Prepare Mixed) (G1 Evacuation Pause)
[2024-08-28T01:10:10.823+0000][info][gc,task     ] GC(361) Using 49 workers of 68 for evacuation
[2024-08-28T01:10:10.848+0000][info][gc,phases   ] GC(361)   Pre Evacuate Collection Set: 0.3ms
[2024-08-28T01:10:10.848+0000][info][gc,phases   ] GC(361)   Merge Heap Roots: 1.2ms
[2024-08-28T01:10:10.848+0000][info][gc,phases   ] GC(361)   Evacuate Collection Set: 23.1ms
[2024-08-28T01:10:10.848+0000][info][gc,phases   ] GC(361)   Post Evacuate Collection Set: 0.5ms
[2024-08-28T01:10:10.848+0000][info][gc,phases   ] GC(361)   Other: 0.2ms
[2024-08-28T01:10:10.848+0000][info][gc,heap     ] GC(361) Eden regions: 122->0(85)
[2024-08-28T01:10:10.848+0000][info][gc,heap     ] GC(361) Survivor regions: 14->17(17)
[2024-08-28T01:10:10.848+0000][info][gc,heap     ] GC(361) Old regions: 1439->1560
[2024-08-28T01:10:10.848+0000][info][gc,heap     ] GC(361) Archive regions: 2->2
[2024-08-28T01:10:10.848+0000][info][gc,heap     ] GC(361) Humongous regions: 5->5
[2024-08-28T01:10:10.848+0000][info][gc,metaspace] GC(361) Metaspace: 100K(320K)->100K(320K) NonClass: 96K(192K)->96K(192K) Class: 4K(128K)->4K(128K)
[2024-08-28T01:10:10.848+0000][info][gc          ] GC(361) Pause Young (Prepare Mixed) (G1 Evacuation Pause) 1580M->1582M(2048M) 25.402ms
[2024-08-28T01:10:10.848+0000][info][gc,cpu      ] GC(361) User=1.18s Sys=0.00s Real=0.02s
[2024-08-28T01:10:10.892+0000][info][gc,start    ] GC(362) Pause Young (Mixed) (G1 Evacuation Pause)
[2024-08-28T01:10:10.892+0000][info][gc,task     ] GC(362) Using 49 workers of 68 for evacuation
[2024-08-28T01:10:10.909+0000][info][gc,phases   ] GC(362)   Pre Evacuate Collection Set: 0.3ms
[2024-08-28T01:10:10.909+0000][info][gc,phases   ] GC(362)   Merge Heap Roots: 0.4ms
[2024-08-28T01:10:10.909+0000][info][gc,phases   ] GC(362)   Evacuate Collection Set: 15.6ms
[2024-08-28T01:10:10.909+0000][info][gc,phases   ] GC(362)   Post Evacuate Collection Set: 0.5ms
[2024-08-28T01:10:10.909+0000][info][gc,phases   ] GC(362)   Other: 0.3ms
[2024-08-28T01:10:10.909+0000][info][gc,heap     ] GC(362) Eden regions: 85->0(89)
[2024-08-28T01:10:10.909+0000][info][gc,heap     ] GC(362) Survivor regions: 17->13(13)
[2024-08-28T01:10:10.909+0000][info][gc,heap     ] GC(362) Old regions: 1560->1533
[2024-08-28T01:10:10.909+0000][info][gc,heap     ] GC(362) Archive regions: 2->2
[2024-08-28T01:10:10.909+0000][info][gc,heap     ] GC(362) Humongous regions: 5->5
[2024-08-28T01:10:10.909+0000][info][gc,metaspace] GC(362) Metaspace: 100K(320K)->100K(320K) NonClass: 96K(192K)->96K(192K) Class: 4K(128K)->4K(128K)
[2024-08-28T01:10:10.909+0000][info][gc          ] GC(362) Pause Young (Mixed) (G1 Evacuation Pause) 1667M->1551M(2048M) 17.189ms
[2024-08-28T01:10:10.909+0000][info][gc,cpu      ] GC(362) User=0.77s Sys=0.00s Real=0.01s
[2024-08-28T01:10:10.965+0000][info][gc,start    ] GC(363) Pause Young (Mixed) (G1 Evacuation Pause)
[2024-08-28T01:10:10.965+0000][info][gc,task     ] GC(363) Using 49 workers of 68 for evacuation
[2024-08-28T01:10:10.983+0000][info][gc,phases   ] GC(363)   Pre Evacuate Collection Set: 0.5ms
[2024-08-28T01:10:10.983+0000][info][gc,phases   ] GC(363)   Merge Heap Roots: 0.8ms
[2024-08-28T01:10:10.983+0000][info][gc,phases   ] GC(363)   Evacuate Collection Set: 15.8ms
[2024-08-28T01:10:10.983+0000][info][gc,phases   ] GC(363)   Post Evacuate Collection Set: 0.5ms
[2024-08-28T01:10:10.983+0000][info][gc,phases   ] GC(363)   Other: 0.3ms
[2024-08-28T01:10:10.983+0000][info][gc,heap     ] GC(363) Eden regions: 89->0(89)
[2024-08-28T01:10:10.983+0000][info][gc,heap     ] GC(363) Survivor regions: 13->13(13)
[2024-08-28T01:10:10.983+0000][info][gc,heap     ] GC(363) Old regions: 1533->1502
[2024-08-28T01:10:10.983+0000][info][gc,heap     ] GC(363) Archive regions: 2->2
[2024-08-28T01:10:10.983+0000][info][gc,heap     ] GC(363) Humongous regions: 5->5
[2024-08-28T01:10:10.983+0000][info][gc,metaspace] GC(363) Metaspace: 100K(320K)->100K(320K) NonClass: 96K(192K)->96K(192K) Class: 4K(128K)->4K(128K)
[2024-08-28T01:10:10.983+0000][info][gc          ] GC(363) Pause Young (Mixed) (G1 Evacuation Pause) 1640M->1520M(2048M) 18.010ms
[2024-08-28T01:10:10.983+0000][info][gc,cpu      ] GC(363) User=0.74s Sys=0.07s Real=0.02s
[2024-08-28T01:10:11.035+0000][info][gc,start    ] GC(364) Pause Young (Mixed) (G1 Evacuation Pause)
[2024-08-28T01:10:11.035+0000][info][gc,task     ] GC(364) Using 49 workers of 68 for evacuation
[2024-08-28T01:10:11.052+0000][info][gc,phases   ] GC(364)   Pre Evacuate Collection Set: 0.5ms
[2024-08-28T01:10:11.052+0000][info][gc,phases   ] GC(364)   Merge Heap Roots: 0.4ms
[2024-08-28T01:10:11.052+0000][info][gc,phases   ] GC(364)   Evacuate Collection Set: 15.1ms
[2024-08-28T01:10:11.052+0000][info][gc,phases   ] GC(364)   Post Evacuate Collection Set: 0.5ms
[2024-08-28T01:10:11.052+0000][info][gc,phases   ] GC(364)   Other: 0.3ms
[2024-08-28T01:10:11.052+0000][info][gc,heap     ] GC(364) Eden regions: 89->0(89)
[2024-08-28T01:10:11.052+0000][info][gc,heap     ] GC(364) Survivor regions: 13->13(13)
[2024-08-28T01:10:11.052+0000][info][gc,heap     ] GC(364) Old regions: 1502->1473
[2024-08-28T01:10:11.052+0000][info][gc,heap     ] GC(364) Archive regions: 2->2
[2024-08-28T01:10:11.052+0000][info][gc,heap     ] GC(364) Humongous regions: 5->5
[2024-08-28T01:10:11.052+0000][info][gc,metaspace] GC(364) Metaspace: 100K(320K)->100K(320K) NonClass: 96K(192K)->96K(192K) Class: 4K(128K)->4K(128K)
[2024-08-28T01:10:11.052+0000][info][gc          ] GC(364) Pause Young (Mixed) (G1 Evacuation Pause) 1609M->1491M(2048M) 16.858ms
[2024-08-28T01:10:11.052+0000][info][gc,cpu      ] GC(364) User=0.74s Sys=0.02s Real=0.02s
[2024-08-28T01:10:11.103+0000][info][gc,start    ] GC(365) Pause Young (Mixed) (G1 Evacuation Pause)
[2024-08-28T01:10:11.104+0000][info][gc,task     ] GC(365) Using 49 workers of 68 for evacuation
[2024-08-28T01:10:11.120+0000][info][gc,phases   ] GC(365)   Pre Evacuate Collection Set: 0.4ms
[2024-08-28T01:10:11.120+0000][info][gc,phases   ] GC(365)   Merge Heap Roots: 0.5ms
[2024-08-28T01:10:11.120+0000][info][gc,phases   ] GC(365)   Evacuate Collection Set: 15.3ms
[2024-08-28T01:10:11.120+0000][info][gc,phases   ] GC(365)   Post Evacuate Collection Set: 0.5ms
[2024-08-28T01:10:11.120+0000][info][gc,phases   ] GC(365)   Other: 0.3ms
[2024-08-28T01:10:11.120+0000][info][gc,heap     ] GC(365) Eden regions: 89->0(89)
[2024-08-28T01:10:11.120+0000][info][gc,heap     ] GC(365) Survivor regions: 13->13(13)
[2024-08-28T01:10:11.120+0000][info][gc,heap     ] GC(365) Old regions: 1473->1445
[2024-08-28T01:10:11.120+0000][info][gc,heap     ] GC(365) Archive regions: 2->2
[2024-08-28T01:10:11.120+0000][info][gc,heap     ] GC(365) Humongous regions: 5->5
[2024-08-28T01:10:11.120+0000][info][gc,metaspace] GC(365) Metaspace: 100K(320K)->100K(320K) NonClass: 96K(192K)->96K(192K) Class: 4K(128K)->4K(128K)
[2024-08-28T01:10:11.121+0000][info][gc          ] GC(365) Pause Young (Mixed) (G1 Evacuation Pause) 1580M->1463M(2048M) 17.084ms
[2024-08-28T01:10:11.121+0000][info][gc,cpu      ] GC(365) User=0.74s Sys=0.03s Real=0.02s
[2024-08-28T01:10:11.165+0000][info][gc,start    ] GC(366) Pause Young (Mixed) (G1 Evacuation Pause)
[2024-08-28T01:10:11.165+0000][info][gc,task     ] GC(366) Using 49 workers of 68 for evacuation
[2024-08-28T01:10:11.183+0000][info][gc,phases   ] GC(366)   Pre Evacuate Collection Set: 0.4ms
[2024-08-28T01:10:11.183+0000][info][gc,phases   ] GC(366)   Merge Heap Roots: 0.5ms
[2024-08-28T01:10:11.183+0000][info][gc,phases   ] GC(366)   Evacuate Collection Set: 15.7ms
[2024-08-28T01:10:11.183+0000][info][gc,phases   ] GC(366)   Post Evacuate Collection Set: 0.5ms
[2024-08-28T01:10:11.183+0000][info][gc,phases   ] GC(366)   Other: 0.2ms
[2024-08-28T01:10:11.183+0000][info][gc,heap     ] GC(366) Eden regions: 89->0(89)
[2024-08-28T01:10:11.183+0000][info][gc,heap     ] GC(366) Survivor regions: 13->13(13)
[2024-08-28T01:10:11.183+0000][info][gc,heap     ] GC(366) Old regions: 1445->1415
[2024-08-28T01:10:11.183+0000][info][gc,heap     ] GC(366) Archive regions: 2->2
[2024-08-28T01:10:11.183+0000][info][gc,heap     ] GC(366) Humongous regions: 5->5
[2024-08-28T01:10:11.183+0000][info][gc,metaspace] GC(366) Metaspace: 100K(320K)->100K(320K) NonClass: 96K(192K)->96K(192K) Class: 4K(128K)->4K(128K)
[2024-08-28T01:10:11.183+0000][info][gc          ] GC(366) Pause Young (Mixed) (G1 Evacuation Pause) 1552M->1433M(2048M) 17.471ms
[2024-08-28T01:10:11.183+0000][info][gc,cpu      ] GC(366) User=0.77s Sys=0.01s Real=0.02s
[2024-08-28T01:10:11.228+0000][info][gc,start    ] GC(367) Pause Young (Mixed) (G1 Evacuation Pause)
[2024-08-28T01:10:11.228+0000][info][gc,task     ] GC(367) Using 49 workers of 68 for evacuation
[2024-08-28T01:10:11.245+0000][info][gc,phases   ] GC(367)   Pre Evacuate Collection Set: 0.3ms
[2024-08-28T01:10:11.245+0000][info][gc,phases   ] GC(367)   Merge Heap Roots: 0.8ms
[2024-08-28T01:10:11.245+0000][info][gc,phases   ] GC(367)   Evacuate Collection Set: 15.4ms
[2024-08-28T01:10:11.245+0000][info][gc,phases   ] GC(367)   Post Evacuate Collection Set: 0.5ms
[2024-08-28T01:10:11.245+0000][info][gc,phases   ] GC(367)   Other: 0.2ms
[2024-08-28T01:10:11.245+0000][info][gc,heap     ] GC(367) Eden regions: 89->0(89)
[2024-08-28T01:10:11.245+0000][info][gc,heap     ] GC(367) Survivor regions: 13->13(13)
[2024-08-28T01:10:11.245+0000][info][gc,heap     ] GC(367) Old regions: 1415->1386
[2024-08-28T01:10:11.245+0000][info][gc,heap     ] GC(367) Archive regions: 2->2
[2024-08-28T01:10:11.245+0000][info][gc,heap     ] GC(367) Humongous regions: 5->5
[2024-08-28T01:10:11.245+0000][info][gc,metaspace] GC(367) Metaspace: 100K(320K)->100K(320K) NonClass: 96K(192K)->96K(192K) Class: 4K(128K)->4K(128K)
[2024-08-28T01:10:11.245+0000][info][gc          ] GC(367) Pause Young (Mixed) (G1 Evacuation Pause) 1522M->1404M(2048M) 17.368ms
[2024-08-28T01:10:11.245+0000][info][gc,cpu      ] GC(367) User=0.77s Sys=0.02s Real=0.02s
[2024-08-28T01:10:11.290+0000][info][gc,start    ] GC(368) Pause Young (Mixed) (G1 Evacuation Pause)
[2024-08-28T01:10:11.290+0000][info][gc,task     ] GC(368) Using 49 workers of 68 for evacuation
[2024-08-28T01:10:11.307+0000][info][gc,phases   ] GC(368)   Pre Evacuate Collection Set: 0.4ms
[2024-08-28T01:10:11.307+0000][info][gc,phases   ] GC(368)   Merge Heap Roots: 0.5ms
[2024-08-28T01:10:11.307+0000][info][gc,phases   ] GC(368)   Evacuate Collection Set: 15.2ms
[2024-08-28T01:10:11.307+0000][info][gc,phases   ] GC(368)   Post Evacuate Collection Set: 0.5ms
[2024-08-28T01:10:11.307+0000][info][gc,phases   ] GC(368)   Other: 0.2ms
[2024-08-28T01:10:11.307+0000][info][gc,heap     ] GC(368) Eden regions: 89->0(132)
[2024-08-28T01:10:11.307+0000][info][gc,heap     ] GC(368) Survivor regions: 13->13(13)
[2024-08-28T01:10:11.307+0000][info][gc,heap     ] GC(368) Old regions: 1386->1408
[2024-08-28T01:10:11.307+0000][info][gc,heap     ] GC(368) Archive regions: 2->2
[2024-08-28T01:10:11.307+0000][info][gc,heap     ] GC(368) Humongous regions: 5->5
[2024-08-28T01:10:11.307+0000][info][gc,metaspace] GC(368) Metaspace: 100K(320K)->100K(320K) NonClass: 96K(192K)->96K(192K) Class: 4K(128K)->4K(128K)
[2024-08-28T01:10:11.307+0000][info][gc          ] GC(368) Pause Young (Mixed) (G1 Evacuation Pause) 1493M->1426M(2048M) 16.848ms
[2024-08-28T01:10:11.307+0000][info][gc,cpu      ] GC(368) User=0.73s Sys=0.02s Real=0.01s
[2024-08-28T01:10:11.373+0000][info][gc,start    ] GC(369) Pause Young (Concurrent Start) (G1 Evacuation Pause)
[2024-08-28T01:10:11.374+0000][info][gc,task     ] GC(369) Using 49 workers of 68 for evacuation
[2024-08-28T01:10:11.400+0000][info][gc,phases   ] GC(369)   Pre Evacuate Collection Set: 0.4ms
[2024-08-28T01:10:11.400+0000][info][gc,phases   ] GC(369)   Merge Heap Roots: 0.4ms
[2024-08-28T01:10:11.400+0000][info][gc,phases   ] GC(369)   Evacuate Collection Set: 24.2ms
[2024-08-28T01:10:11.400+0000][info][gc,phases   ] GC(369)   Post Evacuate Collection Set: 0.5ms
[2024-08-28T01:10:11.400+0000][info][gc,phases   ] GC(369)   Other: 0.7ms
[2024-08-28T01:10:11.400+0000][info][gc,heap     ] GC(369) Eden regions: 132->0(89)
[2024-08-28T01:10:11.400+0000][info][gc,heap     ] GC(369) Survivor regions: 13->19(19)
[2024-08-28T01:10:11.400+0000][info][gc,heap     ] GC(369) Old regions: 1408->1537
[2024-08-28T01:10:11.400+0000][info][gc,heap     ] GC(369) Archive regions: 2->2
[2024-08-28T01:10:11.400+0000][info][gc,heap     ] GC(369) Humongous regions: 5->5
[2024-08-28T01:10:11.400+0000][info][gc,metaspace] GC(369) Metaspace: 100K(320K)->100K(320K) NonClass: 96K(192K)->96K(192K) Class: 4K(128K)->4K(128K)
[2024-08-28T01:10:11.400+0000][info][gc          ] GC(369) Pause Young (Concurrent Start) (G1 Evacuation Pause) 1558M->1561M(2048M) 26.283ms
[2024-08-28T01:10:11.400+0000][info][gc,cpu      ] GC(369) User=0.94s Sys=0.09s Real=0.03s
[2024-08-28T01:10:11.400+0000][info][gc          ] GC(370) Concurrent Mark Cycle
[2024-08-28T01:10:11.400+0000][info][gc,marking  ] GC(370) Concurrent Clear Claimed Marks
[2024-08-28T01:10:11.400+0000][info][gc,marking  ] GC(370) Concurrent Clear Claimed Marks 0.013ms
[2024-08-28T01:10:11.400+0000][info][gc,marking  ] GC(370) Concurrent Scan Root Regions
[2024-08-28T01:10:11.405+0000][info][gc,marking  ] GC(370) Concurrent Scan Root Regions 5.062ms
[2024-08-28T01:10:11.405+0000][info][gc,marking  ] GC(370) Concurrent Mark
[2024-08-28T01:10:11.405+0000][info][gc,marking  ] GC(370) Concurrent Mark From Roots
[2024-08-28T01:10:11.405+0000][info][gc,task     ] GC(370) Using 17 workers of 17 for marking
[2024-08-28T01:10:11.428+0000][info][gc,marking  ] GC(370) Concurrent Mark From Roots 22.760ms
[2024-08-28T01:10:11.428+0000][info][gc,marking  ] GC(370) Concurrent Preclean
[2024-08-28T01:10:11.428+0000][info][gc,marking  ] GC(370) Concurrent Preclean 0.509ms
[2024-08-28T01:10:11.429+0000][info][gc,start    ] GC(370) Pause Remark
[2024-08-28T01:10:11.431+0000][info][gc          ] GC(370) Pause Remark 1595M->1396M(2048M) 2.177ms
[2024-08-28T01:10:11.431+0000][info][gc,cpu      ] GC(370) User=0.02s Sys=0.00s Real=0.01s
[2024-08-28T01:10:11.431+0000][info][gc,marking  ] GC(370) Concurrent Mark 25.948ms
[2024-08-28T01:10:11.431+0000][info][gc,marking  ] GC(370) Concurrent Rebuild Remembered Sets
[2024-08-28T01:10:11.461+0000][info][gc,start    ] GC(371) Pause Young (Normal) (G1 Evacuation Pause)
[2024-08-28T01:10:11.461+0000][info][gc,task     ] GC(371) Using 49 workers of 68 for evacuation
[2024-08-28T01:10:11.479+0000][info][gc,phases   ] GC(371)   Pre Evacuate Collection Set: 0.5ms
[2024-08-28T01:10:11.479+0000][info][gc,phases   ] GC(371)   Merge Heap Roots: 0.5ms
[2024-08-28T01:10:11.479+0000][info][gc,phases   ] GC(371)   Evacuate Collection Set: 16.4ms
[2024-08-28T01:10:11.479+0000][info][gc,phases   ] GC(371)   Post Evacuate Collection Set: 0.7ms
[2024-08-28T01:10:11.479+0000][info][gc,phases   ] GC(371)   Other: 0.3ms
[2024-08-28T01:10:11.479+0000][info][gc,heap     ] GC(371) Eden regions: 89->0(122)
[2024-08-28T01:10:11.479+0000][info][gc,heap     ] GC(371) Survivor regions: 19->14(14)
[2024-08-28T01:10:11.479+0000][info][gc,heap     ] GC(371) Old regions: 1338->1439
[2024-08-28T01:10:11.479+0000][info][gc,heap     ] GC(371) Archive regions: 2->2
[2024-08-28T01:10:11.479+0000][info][gc,heap     ] GC(371) Humongous regions: 5->5
[2024-08-28T01:10:11.479+0000][info][gc,metaspace] GC(371) Metaspace: 100K(320K)->100K(320K) NonClass: 96K(192K)->96K(192K) Class: 4K(128K)->4K(128K)
[2024-08-28T01:10:11.479+0000][info][gc          ] GC(371) Pause Young (Normal) (G1 Evacuation Pause) 1451M->1458M(2048M) 18.518ms
[2024-08-28T01:10:11.479+0000][info][gc,cpu      ] GC(371) User=0.78s Sys=0.05s Real=0.02s
[2024-08-28T01:10:11.499+0000][info][gc,marking  ] GC(370) Concurrent Rebuild Remembered Sets 68.196ms
[2024-08-28T01:10:11.500+0000][info][gc,start    ] GC(370) Pause Cleanup
[2024-08-28T01:10:11.502+0000][info][gc          ] GC(370) Pause Cleanup 1496M->1496M(2048M) 2.899ms
[2024-08-28T01:10:11.502+0000][info][gc,cpu      ] GC(370) User=0.01s Sys=0.00s Real=0.00s
[2024-08-28T01:10:11.503+0000][info][gc,marking  ] GC(370) Concurrent Cleanup for Next Mark
[2024-08-28T01:10:11.504+0000][info][gc,marking  ] GC(370) Concurrent Cleanup for Next Mark 1.514ms
[2024-08-28T01:10:11.504+0000][info][gc          ] GC(370) Concurrent Mark Cycle 104.279ms
[2024-08-28T01:10:11.545+0000][info][gc,start    ] GC(372) Pause Young (Prepare Mixed) (G1 Evacuation Pause)
[2024-08-28T01:10:11.545+0000][info][gc,task     ] GC(372) Using 49 workers of 68 for evacuation
[2024-08-28T01:10:11.570+0000][info][gc,phases   ] GC(372)   Pre Evacuate Collection Set: 0.3ms
[2024-08-28T01:10:11.570+0000][info][gc,phases   ] GC(372)   Merge Heap Roots: 0.8ms
[2024-08-28T01:10:11.570+0000][info][gc,phases   ] GC(372)   Evacuate Collection Set: 22.5ms
[2024-08-28T01:10:11.570+0000][info][gc,phases   ] GC(372)   Post Evacuate Collection Set: 0.5ms
[2024-08-28T01:10:11.570+0000][info][gc,phases   ] GC(372)   Other: 0.2ms
[2024-08-28T01:10:11.570+0000][info][gc,heap     ] GC(372) Eden regions: 122->0(85)
[2024-08-28T01:10:11.570+0000][info][gc,heap     ] GC(372) Survivor regions: 14->17(17)
[2024-08-28T01:10:11.570+0000][info][gc,heap     ] GC(372) Old regions: 1439->1562
[2024-08-28T01:10:11.570+0000][info][gc,heap     ] GC(372) Archive regions: 2->2
[2024-08-28T01:10:11.570+0000][info][gc,heap     ] GC(372) Humongous regions: 5->5
[2024-08-28T01:10:11.570+0000][info][gc,metaspace] GC(372) Metaspace: 100K(320K)->100K(320K) NonClass: 96K(192K)->96K(192K) Class: 4K(128K)->4K(128K)
[2024-08-28T01:10:11.570+0000][info][gc          ] GC(372) Pause Young (Prepare Mixed) (G1 Evacuation Pause) 1580M->1584M(2048M) 24.548ms
[2024-08-28T01:10:11.570+0000][info][gc,cpu      ] GC(372) User=1.11s Sys=0.03s Real=0.03s
[2024-08-28T01:10:11.611+0000][info][gc,start    ] GC(373) Pause Young (Mixed) (G1 Evacuation Pause)
[2024-08-28T01:10:11.611+0000][info][gc,task     ] GC(373) Using 49 workers of 68 for evacuation
[2024-08-28T01:10:11.628+0000][info][gc,phases   ] GC(373)   Pre Evacuate Collection Set: 0.4ms
[2024-08-28T01:10:11.628+0000][info][gc,phases   ] GC(373)   Merge Heap Roots: 0.4ms
[2024-08-28T01:10:11.628+0000][info][gc,phases   ] GC(373)   Evacuate Collection Set: 15.2ms
[2024-08-28T01:10:11.628+0000][info][gc,phases   ] GC(373)   Post Evacuate Collection Set: 0.5ms
[2024-08-28T01:10:11.628+0000][info][gc,phases   ] GC(373)   Other: 0.2ms
[2024-08-28T01:10:11.628+0000][info][gc,heap     ] GC(373) Eden regions: 85->0(89)
[2024-08-28T01:10:11.628+0000][info][gc,heap     ] GC(373) Survivor regions: 17->13(13)
[2024-08-28T01:10:11.628+0000][info][gc,heap     ] GC(373) Old regions: 1562->1533
[2024-08-28T01:10:11.628+0000][info][gc,heap     ] GC(373) Archive regions: 2->2
[2024-08-28T01:10:11.628+0000][info][gc,heap     ] GC(373) Humongous regions: 5->5
[2024-08-28T01:10:11.628+0000][info][gc,metaspace] GC(373) Metaspace: 100K(320K)->100K(320K) NonClass: 96K(192K)->96K(192K) Class: 4K(128K)->4K(128K)
[2024-08-28T01:10:11.628+0000][info][gc          ] GC(373) Pause Young (Mixed) (G1 Evacuation Pause) 1669M->1551M(2048M) 16.853ms
[2024-08-28T01:10:11.628+0000][info][gc,cpu      ] GC(373) User=0.77s Sys=0.00s Real=0.01s
[2024-08-28T01:10:11.671+0000][info][gc,start    ] GC(374) Pause Young (Mixed) (G1 Evacuation Pause)
[2024-08-28T01:10:11.671+0000][info][gc,task     ] GC(374) Using 49 workers of 68 for evacuation
[2024-08-28T01:10:11.688+0000][info][gc,phases   ] GC(374)   Pre Evacuate Collection Set: 0.4ms
[2024-08-28T01:10:11.688+0000][info][gc,phases   ] GC(374)   Merge Heap Roots: 0.5ms
[2024-08-28T01:10:11.688+0000][info][gc,phases   ] GC(374)   Evacuate Collection Set: 15.1ms
[2024-08-28T01:10:11.688+0000][info][gc,phases   ] GC(374)   Post Evacuate Collection Set: 0.5ms
[2024-08-28T01:10:11.688+0000][info][gc,phases   ] GC(374)   Other: 0.2ms
[2024-08-28T01:10:11.688+0000][info][gc,heap     ] GC(374) Eden regions: 89->0(89)
[2024-08-28T01:10:11.688+0000][info][gc,heap     ] GC(374) Survivor regions: 13->13(13)
[2024-08-28T01:10:11.688+0000][info][gc,heap     ] GC(374) Old regions: 1533->1504
[2024-08-28T01:10:11.688+0000][info][gc,heap     ] GC(374) Archive regions: 2->2
[2024-08-28T01:10:11.688+0000][info][gc,heap     ] GC(374) Humongous regions: 5->5
[2024-08-28T01:10:11.688+0000][info][gc,metaspace] GC(374) Metaspace: 100K(320K)->100K(320K) NonClass: 96K(192K)->96K(192K) Class: 4K(128K)->4K(128K)
[2024-08-28T01:10:11.688+0000][info][gc          ] GC(374) Pause Young (Mixed) (G1 Evacuation Pause) 1640M->1522M(2048M) 16.895ms
[2024-08-28T01:10:11.688+0000][info][gc,cpu      ] GC(374) User=0.74s Sys=0.02s Real=0.01s
[2024-08-28T01:10:11.731+0000][info][gc,start    ] GC(375) Pause Young (Mixed) (G1 Evacuation Pause)
[2024-08-28T01:10:11.731+0000][info][gc,task     ] GC(375) Using 49 workers of 68 for evacuation
[2024-08-28T01:10:11.748+0000][info][gc,phases   ] GC(375)   Pre Evacuate Collection Set: 0.4ms
[2024-08-28T01:10:11.748+0000][info][gc,phases   ] GC(375)   Merge Heap Roots: 0.4ms
[2024-08-28T01:10:11.748+0000][info][gc,phases   ] GC(375)   Evacuate Collection Set: 15.0ms
[2024-08-28T01:10:11.748+0000][info][gc,phases   ] GC(375)   Post Evacuate Collection Set: 0.5ms
[2024-08-28T01:10:11.748+0000][info][gc,phases   ] GC(375)   Other: 0.3ms
[2024-08-28T01:10:11.748+0000][info][gc,heap     ] GC(375) Eden regions: 89->0(89)
[2024-08-28T01:10:11.748+0000][info][gc,heap     ] GC(375) Survivor regions: 13->13(13)
[2024-08-28T01:10:11.748+0000][info][gc,heap     ] GC(375) Old regions: 1504->1475
[2024-08-28T01:10:11.748+0000][info][gc,heap     ] GC(375) Archive regions: 2->2
[2024-08-28T01:10:11.748+0000][info][gc,heap     ] GC(375) Humongous regions: 5->5
[2024-08-28T01:10:11.748+0000][info][gc,metaspace] GC(375) Metaspace: 100K(320K)->100K(320K) NonClass: 96K(192K)->96K(192K) Class: 4K(128K)->4K(128K)
[2024-08-28T01:10:11.748+0000][info][gc          ] GC(375) Pause Young (Mixed) (G1 Evacuation Pause) 1611M->1493M(2048M) 16.639ms
[2024-08-28T01:10:11.748+0000][info][gc,cpu      ] GC(375) User=0.70s Sys=0.05s Real=0.01s
[2024-08-28T01:10:11.791+0000][info][gc,start    ] GC(376) Pause Young (Mixed) (G1 Evacuation Pause)
[2024-08-28T01:10:11.791+0000][info][gc,task     ] GC(376) Using 49 workers of 68 for evacuation
[2024-08-28T01:10:11.807+0000][info][gc,phases   ] GC(376)   Pre Evacuate Collection Set: 0.4ms
[2024-08-28T01:10:11.807+0000][info][gc,phases   ] GC(376)   Merge Heap Roots: 0.5ms
[2024-08-28T01:10:11.807+0000][info][gc,phases   ] GC(376)   Evacuate Collection Set: 14.9ms
[2024-08-28T01:10:11.807+0000][info][gc,phases   ] GC(376)   Post Evacuate Collection Set: 0.5ms
[2024-08-28T01:10:11.807+0000][info][gc,phases   ] GC(376)   Other: 0.2ms
[2024-08-28T01:10:11.807+0000][info][gc,heap     ] GC(376) Eden regions: 89->0(89)
[2024-08-28T01:10:11.807+0000][info][gc,heap     ] GC(376) Survivor regions: 13->13(13)
[2024-08-28T01:10:11.807+0000][info][gc,heap     ] GC(376) Old regions: 1475->1446
[2024-08-28T01:10:11.807+0000][info][gc,heap     ] GC(376) Archive regions: 2->2
[2024-08-28T01:10:11.807+0000][info][gc,heap     ] GC(376) Humongous regions: 5->5
[2024-08-28T01:10:11.807+0000][info][gc,metaspace] GC(376) Metaspace: 100K(320K)->100K(320K) NonClass: 96K(192K)->96K(192K) Class: 4K(128K)->4K(128K)
[2024-08-28T01:10:11.807+0000][info][gc          ] GC(376) Pause Young (Mixed) (G1 Evacuation Pause) 1582M->1464M(2048M) 16.699ms
[2024-08-28T01:10:11.807+0000][info][gc,cpu      ] GC(376) User=0.75s Sys=0.01s Real=0.01s
[2024-08-28T01:10:11.850+0000][info][gc,start    ] GC(377) Pause Young (Mixed) (G1 Evacuation Pause)
[2024-08-28T01:10:11.850+0000][info][gc,task     ] GC(377) Using 49 workers of 68 for evacuation
[2024-08-28T01:10:11.866+0000][info][gc,phases   ] GC(377)   Pre Evacuate Collection Set: 0.4ms
[2024-08-28T01:10:11.866+0000][info][gc,phases   ] GC(377)   Merge Heap Roots: 0.5ms
[2024-08-28T01:10:11.866+0000][info][gc,phases   ] GC(377)   Evacuate Collection Set: 15.0ms
[2024-08-28T01:10:11.866+0000][info][gc,phases   ] GC(377)   Post Evacuate Collection Set: 0.5ms
[2024-08-28T01:10:11.866+0000][info][gc,phases   ] GC(377)   Other: 0.2ms
[2024-08-28T01:10:11.866+0000][info][gc,heap     ] GC(377) Eden regions: 89->0(89)
[2024-08-28T01:10:11.866+0000][info][gc,heap     ] GC(377) Survivor regions: 13->13(13)
[2024-08-28T01:10:11.866+0000][info][gc,heap     ] GC(377) Old regions: 1446->1416
[2024-08-28T01:10:11.866+0000][info][gc,heap     ] GC(377) Archive regions: 2->2
[2024-08-28T01:10:11.866+0000][info][gc,heap     ] GC(377) Humongous regions: 5->5
[2024-08-28T01:10:11.866+0000][info][gc,metaspace] GC(377) Metaspace: 100K(320K)->100K(320K) NonClass: 96K(192K)->96K(192K) Class: 4K(128K)->4K(128K)
[2024-08-28T01:10:11.866+0000][info][gc          ] GC(377) Pause Young (Mixed) (G1 Evacuation Pause) 1553M->1434M(2048M) 16.654ms
[2024-08-28T01:10:11.866+0000][info][gc,cpu      ] GC(377) User=0.72s Sys=0.03s Real=0.01s
[2024-08-28T01:10:11.913+0000][info][gc,start    ] GC(378) Pause Young (Mixed) (G1 Evacuation Pause)
[2024-08-28T01:10:11.913+0000][info][gc,task     ] GC(378) Using 49 workers of 68 for evacuation
[2024-08-28T01:10:11.929+0000][info][gc,phases   ] GC(378)   Pre Evacuate Collection Set: 0.3ms
[2024-08-28T01:10:11.929+0000][info][gc,phases   ] GC(378)   Merge Heap Roots: 0.6ms
[2024-08-28T01:10:11.929+0000][info][gc,phases   ] GC(378)   Evacuate Collection Set: 15.1ms
[2024-08-28T01:10:11.929+0000][info][gc,phases   ] GC(378)   Post Evacuate Collection Set: 0.5ms
[2024-08-28T01:10:11.929+0000][info][gc,phases   ] GC(378)   Other: 0.2ms
[2024-08-28T01:10:11.929+0000][info][gc,heap     ] GC(378) Eden regions: 89->0(89)
[2024-08-28T01:10:11.929+0000][info][gc,heap     ] GC(378) Survivor regions: 13->13(13)
[2024-08-28T01:10:11.929+0000][info][gc,heap     ] GC(378) Old regions: 1416->1386
[2024-08-28T01:10:11.929+0000][info][gc,heap     ] GC(378) Archive regions: 2->2
[2024-08-28T01:10:11.929+0000][info][gc,heap     ] GC(378) Humongous regions: 5->5
[2024-08-28T01:10:11.929+0000][info][gc,metaspace] GC(378) Metaspace: 100K(320K)->100K(320K) NonClass: 96K(192K)->96K(192K) Class: 4K(128K)->4K(128K)
[2024-08-28T01:10:11.929+0000][info][gc          ] GC(378) Pause Young (Mixed) (G1 Evacuation Pause) 1523M->1404M(2048M) 16.817ms
[2024-08-28T01:10:11.929+0000][info][gc,cpu      ] GC(378) User=0.76s Sys=0.00s Real=0.02s
[2024-08-28T01:10:11.977+0000][info][gc,start    ] GC(379) Pause Young (Mixed) (G1 Evacuation Pause)
[2024-08-28T01:10:11.978+0000][info][gc,task     ] GC(379) Using 49 workers of 68 for evacuation
[2024-08-28T01:10:11.994+0000][info][gc,phases   ] GC(379)   Pre Evacuate Collection Set: 0.5ms
[2024-08-28T01:10:11.994+0000][info][gc,phases   ] GC(379)   Merge Heap Roots: 0.4ms
[2024-08-28T01:10:11.994+0000][info][gc,phases   ] GC(379)   Evacuate Collection Set: 15.0ms
[2024-08-28T01:10:11.994+0000][info][gc,phases   ] GC(379)   Post Evacuate Collection Set: 0.5ms
[2024-08-28T01:10:11.994+0000][info][gc,phases   ] GC(379)   Other: 0.3ms
[2024-08-28T01:10:11.994+0000][info][gc,heap     ] GC(379) Eden regions: 89->0(131)
[2024-08-28T01:10:11.994+0000][info][gc,heap     ] GC(379) Survivor regions: 13->13(13)
[2024-08-28T01:10:11.994+0000][info][gc,heap     ] GC(379) Old regions: 1386->1412
[2024-08-28T01:10:11.994+0000][info][gc,heap     ] GC(379) Archive regions: 2->2
[2024-08-28T01:10:11.994+0000][info][gc,heap     ] GC(379) Humongous regions: 5->5
[2024-08-28T01:10:11.994+0000][info][gc,metaspace] GC(379) Metaspace: 100K(320K)->100K(320K) NonClass: 96K(192K)->96K(192K) Class: 4K(128K)->4K(128K)
[2024-08-28T01:10:11.994+0000][info][gc          ] GC(379) Pause Young (Mixed) (G1 Evacuation Pause) 1493M->1430M(2048M) 16.724ms
[2024-08-28T01:10:11.994+0000][info][gc,cpu      ] GC(379) User=0.73s Sys=0.02s Real=0.01s
[2024-08-28T01:10:12.064+0000][info][gc,start    ] GC(380) Pause Young (Concurrent Start) (G1 Evacuation Pause)
[2024-08-28T01:10:12.064+0000][info][gc,task     ] GC(380) Using 49 workers of 68 for evacuation
[2024-08-28T01:10:12.086+0000][info][gc,phases   ] GC(380)   Pre Evacuate Collection Set: 0.3ms
[2024-08-28T01:10:12.086+0000][info][gc,phases   ] GC(380)   Merge Heap Roots: 0.5ms
[2024-08-28T01:10:12.086+0000][info][gc,phases   ] GC(380)   Evacuate Collection Set: 20.1ms
[2024-08-28T01:10:12.086+0000][info][gc,phases   ] GC(380)   Post Evacuate Collection Set: 0.5ms
[2024-08-28T01:10:12.086+0000][info][gc,phases   ] GC(380)   Other: 0.7ms
[2024-08-28T01:10:12.086+0000][info][gc,heap     ] GC(380) Eden regions: 131->0(88)
[2024-08-28T01:10:12.086+0000][info][gc,heap     ] GC(380) Survivor regions: 13->18(18)
[2024-08-28T01:10:12.086+0000][info][gc,heap     ] GC(380) Old regions: 1412->1541
[2024-08-28T01:10:12.086+0000][info][gc,heap     ] GC(380) Archive regions: 2->2
[2024-08-28T01:10:12.086+0000][info][gc,heap     ] GC(380) Humongous regions: 5->5
[2024-08-28T01:10:12.086+0000][info][gc,metaspace] GC(380) Metaspace: 100K(320K)->100K(320K) NonClass: 96K(192K)->96K(192K) Class: 4K(128K)->4K(128K)
[2024-08-28T01:10:12.087+0000][info][gc          ] GC(380) Pause Young (Concurrent Start) (G1 Evacuation Pause) 1561M->1564M(2048M) 22.250ms
[2024-08-28T01:10:12.087+0000][info][gc,cpu      ] GC(380) User=1.00s Sys=0.00s Real=0.02s
[2024-08-28T01:10:12.087+0000][info][gc          ] GC(381) Concurrent Mark Cycle
[2024-08-28T01:10:12.087+0000][info][gc,marking  ] GC(381) Concurrent Clear Claimed Marks
[2024-08-28T01:10:12.087+0000][info][gc,marking  ] GC(381) Concurrent Clear Claimed Marks 0.012ms
[2024-08-28T01:10:12.087+0000][info][gc,marking  ] GC(381) Concurrent Scan Root Regions
[2024-08-28T01:10:12.091+0000][info][gc,marking  ] GC(381) Concurrent Scan Root Regions 3.876ms
[2024-08-28T01:10:12.091+0000][info][gc,marking  ] GC(381) Concurrent Mark
[2024-08-28T01:10:12.091+0000][info][gc,marking  ] GC(381) Concurrent Mark From Roots
[2024-08-28T01:10:12.091+0000][info][gc,task     ] GC(381) Using 17 workers of 17 for marking
[2024-08-28T01:10:12.111+0000][info][gc,marking  ] GC(381) Concurrent Mark From Roots 20.480ms
[2024-08-28T01:10:12.111+0000][info][gc,marking  ] GC(381) Concurrent Preclean
[2024-08-28T01:10:12.112+0000][info][gc,marking  ] GC(381) Concurrent Preclean 0.505ms
[2024-08-28T01:10:12.112+0000][info][gc,start    ] GC(381) Pause Remark
[2024-08-28T01:10:12.114+0000][info][gc          ] GC(381) Pause Remark 1596M->1384M(2048M) 2.016ms
[2024-08-28T01:10:12.114+0000][info][gc,cpu      ] GC(381) User=0.01s Sys=0.01s Real=0.00s
[2024-08-28T01:10:12.114+0000][info][gc,marking  ] GC(381) Concurrent Mark 23.452ms
[2024-08-28T01:10:12.114+0000][info][gc,marking  ] GC(381) Concurrent Rebuild Remembered Sets
[2024-08-28T01:10:12.145+0000][info][gc,start    ] GC(382) Pause Young (Normal) (G1 Evacuation Pause)
[2024-08-28T01:10:12.145+0000][info][gc,task     ] GC(382) Using 49 workers of 68 for evacuation
[2024-08-28T01:10:12.163+0000][info][gc,phases   ] GC(382)   Pre Evacuate Collection Set: 0.5ms
[2024-08-28T01:10:12.163+0000][info][gc,phases   ] GC(382)   Merge Heap Roots: 0.5ms
[2024-08-28T01:10:12.163+0000][info][gc,phases   ] GC(382)   Evacuate Collection Set: 15.7ms
[2024-08-28T01:10:12.163+0000][info][gc,phases   ] GC(382)   Post Evacuate Collection Set: 0.7ms
[2024-08-28T01:10:12.163+0000][info][gc,phases   ] GC(382)   Other: 0.3ms
[2024-08-28T01:10:12.163+0000][info][gc,heap     ] GC(382) Eden regions: 88->0(126)
[2024-08-28T01:10:12.163+0000][info][gc,heap     ] GC(382) Survivor regions: 18->14(14)
[2024-08-28T01:10:12.163+0000][info][gc,heap     ] GC(382) Old regions: 1329->1428
[2024-08-28T01:10:12.163+0000][info][gc,heap     ] GC(382) Archive regions: 2->2
[2024-08-28T01:10:12.163+0000][info][gc,heap     ] GC(382) Humongous regions: 5->5
[2024-08-28T01:10:12.163+0000][info][gc,metaspace] GC(382) Metaspace: 100K(320K)->100K(320K) NonClass: 96K(192K)->96K(192K) Class: 4K(128K)->4K(128K)
[2024-08-28T01:10:12.163+0000][info][gc          ] GC(382) Pause Young (Normal) (G1 Evacuation Pause) 1440M->1447M(2048M) 17.790ms
[2024-08-28T01:10:12.163+0000][info][gc,cpu      ] GC(382) User=0.79s Sys=0.01s Real=0.02s
[2024-08-28T01:10:12.180+0000][info][gc,marking  ] GC(381) Concurrent Rebuild Remembered Sets 66.072ms
[2024-08-28T01:10:12.181+0000][info][gc,start    ] GC(381) Pause Cleanup
[2024-08-28T01:10:12.183+0000][info][gc          ] GC(381) Pause Cleanup 1477M->1477M(2048M) 2.860ms
[2024-08-28T01:10:12.183+0000][info][gc,cpu      ] GC(381) User=0.01s Sys=0.00s Real=0.00s
[2024-08-28T01:10:12.183+0000][info][gc,marking  ] GC(381) Concurrent Cleanup for Next Mark
[2024-08-28T01:10:12.185+0000][info][gc,marking  ] GC(381) Concurrent Cleanup for Next Mark 1.539ms
[2024-08-28T01:10:12.185+0000][info][gc          ] GC(381) Concurrent Mark Cycle 98.457ms
[2024-08-28T01:10:12.236+0000][info][gc,start    ] GC(383) Pause Young (Prepare Mixed) (G1 Evacuation Pause)
[2024-08-28T01:10:12.236+0000][info][gc,task     ] GC(383) Using 49 workers of 68 for evacuation
[2024-08-28T01:10:12.261+0000][info][gc,phases   ] GC(383)   Pre Evacuate Collection Set: 0.4ms
[2024-08-28T01:10:12.261+0000][info][gc,phases   ] GC(383)   Merge Heap Roots: 0.9ms
[2024-08-28T01:10:12.261+0000][info][gc,phases   ] GC(383)   Evacuate Collection Set: 22.8ms
[2024-08-28T01:10:12.261+0000][info][gc,phases   ] GC(383)   Post Evacuate Collection Set: 0.5ms
[2024-08-28T01:10:12.261+0000][info][gc,phases   ] GC(383)   Other: 0.2ms
[2024-08-28T01:10:12.261+0000][info][gc,heap     ] GC(383) Eden regions: 126->0(84)
[2024-08-28T01:10:12.261+0000][info][gc,heap     ] GC(383) Survivor regions: 14->18(18)
[2024-08-28T01:10:12.261+0000][info][gc,heap     ] GC(383) Old regions: 1428->1553
[2024-08-28T01:10:12.261+0000][info][gc,heap     ] GC(383) Archive regions: 2->2
[2024-08-28T01:10:12.261+0000][info][gc,heap     ] GC(383) Humongous regions: 5->5
[2024-08-28T01:10:12.261+0000][info][gc,metaspace] GC(383) Metaspace: 100K(320K)->100K(320K) NonClass: 96K(192K)->96K(192K) Class: 4K(128K)->4K(128K)
[2024-08-28T01:10:12.261+0000][info][gc          ] GC(383) Pause Young (Prepare Mixed) (G1 Evacuation Pause) 1573M->1576M(2048M) 24.893ms
[2024-08-28T01:10:12.261+0000][info][gc,cpu      ] GC(383) User=1.13s Sys=0.02s Real=0.03s
[2024-08-28T01:10:12.307+0000][info][gc,start    ] GC(384) Pause Young (Mixed) (G1 Evacuation Pause)
[2024-08-28T01:10:12.307+0000][info][gc,task     ] GC(384) Using 49 workers of 68 for evacuation
[2024-08-28T01:10:12.324+0000][info][gc,phases   ] GC(384)   Pre Evacuate Collection Set: 0.4ms
[2024-08-28T01:10:12.324+0000][info][gc,phases   ] GC(384)   Merge Heap Roots: 0.4ms
[2024-08-28T01:10:12.324+0000][info][gc,phases   ] GC(384)   Evacuate Collection Set: 15.4ms
[2024-08-28T01:10:12.324+0000][info][gc,phases   ] GC(384)   Post Evacuate Collection Set: 0.5ms
[2024-08-28T01:10:12.324+0000][info][gc,phases   ] GC(384)   Other: 0.3ms
[2024-08-28T01:10:12.324+0000][info][gc,heap     ] GC(384) Eden regions: 84->0(89)
[2024-08-28T01:10:12.324+0000][info][gc,heap     ] GC(384) Survivor regions: 18->13(13)
[2024-08-28T01:10:12.324+0000][info][gc,heap     ] GC(384) Old regions: 1553->1527
[2024-08-28T01:10:12.324+0000][info][gc,heap     ] GC(384) Archive regions: 2->2
[2024-08-28T01:10:12.324+0000][info][gc,heap     ] GC(384) Humongous regions: 5->5
[2024-08-28T01:10:12.324+0000][info][gc,metaspace] GC(384) Metaspace: 100K(320K)->100K(320K) NonClass: 96K(192K)->96K(192K) Class: 4K(128K)->4K(128K)
[2024-08-28T01:10:12.324+0000][info][gc          ] GC(384) Pause Young (Mixed) (G1 Evacuation Pause) 1660M->1545M(2048M) 17.111ms
[2024-08-28T01:10:12.324+0000][info][gc,cpu      ] GC(384) User=0.76s Sys=0.00s Real=0.02s
[2024-08-28T01:10:12.372+0000][info][gc,start    ] GC(385) Pause Young (Mixed) (G1 Evacuation Pause)
[2024-08-28T01:10:12.372+0000][info][gc,task     ] GC(385) Using 49 workers of 68 for evacuation
[2024-08-28T01:10:12.389+0000][info][gc,phases   ] GC(385)   Pre Evacuate Collection Set: 0.4ms
[2024-08-28T01:10:12.389+0000][info][gc,phases   ] GC(385)   Merge Heap Roots: 0.5ms
[2024-08-28T01:10:12.389+0000][info][gc,phases   ] GC(385)   Evacuate Collection Set: 15.2ms
[2024-08-28T01:10:12.389+0000][info][gc,phases   ] GC(385)   Post Evacuate Collection Set: 0.5ms
[2024-08-28T01:10:12.389+0000][info][gc,phases   ] GC(385)   Other: 0.2ms
[2024-08-28T01:10:12.389+0000][info][gc,heap     ] GC(385) Eden regions: 89->0(89)
[2024-08-28T01:10:12.389+0000][info][gc,heap     ] GC(385) Survivor regions: 13->13(13)
[2024-08-28T01:10:12.389+0000][info][gc,heap     ] GC(385) Old regions: 1527->1498
[2024-08-28T01:10:12.389+0000][info][gc,heap     ] GC(385) Archive regions: 2->2
[2024-08-28T01:10:12.389+0000][info][gc,heap     ] GC(385) Humongous regions: 5->5
[2024-08-28T01:10:12.389+0000][info][gc,metaspace] GC(385) Metaspace: 100K(320K)->100K(320K) NonClass: 96K(192K)->96K(192K) Class: 4K(128K)->4K(128K)
[2024-08-28T01:10:12.389+0000][info][gc          ] GC(385) Pause Young (Mixed) (G1 Evacuation Pause) 1634M->1516M(2048M) 16.930ms
[2024-08-28T01:10:12.389+0000][info][gc,cpu      ] GC(385) User=0.75s Sys=0.01s Real=0.01s
[2024-08-28T01:10:12.438+0000][info][gc,start    ] GC(386) Pause Young (Mixed) (G1 Evacuation Pause)
[2024-08-28T01:10:12.438+0000][info][gc,task     ] GC(386) Using 49 workers of 68 for evacuation
[2024-08-28T01:10:12.458+0000][info][gc,phases   ] GC(386)   Pre Evacuate Collection Set: 0.4ms
[2024-08-28T01:10:12.458+0000][info][gc,phases   ] GC(386)   Merge Heap Roots: 0.4ms
[2024-08-28T01:10:12.458+0000][info][gc,phases   ] GC(386)   Evacuate Collection Set: 18.6ms
[2024-08-28T01:10:12.458+0000][info][gc,phases   ] GC(386)   Post Evacuate Collection Set: 0.5ms
[2024-08-28T01:10:12.458+0000][info][gc,phases   ] GC(386)   Other: 0.2ms
[2024-08-28T01:10:12.458+0000][info][gc,heap     ] GC(386) Eden regions: 89->0(89)
[2024-08-28T01:10:12.458+0000][info][gc,heap     ] GC(386) Survivor regions: 13->13(13)
[2024-08-28T01:10:12.458+0000][info][gc,heap     ] GC(386) Old regions: 1498->1469
[2024-08-28T01:10:12.458+0000][info][gc,heap     ] GC(386) Archive regions: 2->2
[2024-08-28T01:10:12.458+0000][info][gc,heap     ] GC(386) Humongous regions: 5->5
[2024-08-28T01:10:12.458+0000][info][gc,metaspace] GC(386) Metaspace: 100K(320K)->100K(320K) NonClass: 96K(192K)->96K(192K) Class: 4K(128K)->4K(128K)
[2024-08-28T01:10:12.458+0000][info][gc          ] GC(386) Pause Young (Mixed) (G1 Evacuation Pause) 1605M->1487M(2048M) 20.310ms
[2024-08-28T01:10:12.458+0000][info][gc,cpu      ] GC(386) User=0.72s Sys=0.04s Real=0.02s
[2024-08-28T01:10:12.513+0000][info][gc,start    ] GC(387) Pause Young (Mixed) (G1 Evacuation Pause)
[2024-08-28T01:10:12.513+0000][info][gc,task     ] GC(387) Using 49 workers of 68 for evacuation
[2024-08-28T01:10:12.531+0000][info][gc,phases   ] GC(387)   Pre Evacuate Collection Set: 0.5ms
[2024-08-28T01:10:12.531+0000][info][gc,phases   ] GC(387)   Merge Heap Roots: 0.6ms
[2024-08-28T01:10:12.531+0000][info][gc,phases   ] GC(387)   Evacuate Collection Set: 15.7ms
[2024-08-28T01:10:12.531+0000][info][gc,phases   ] GC(387)   Post Evacuate Collection Set: 0.5ms
[2024-08-28T01:10:12.531+0000][info][gc,phases   ] GC(387)   Other: 0.2ms
[2024-08-28T01:10:12.531+0000][info][gc,heap     ] GC(387) Eden regions: 89->0(89)
[2024-08-28T01:10:12.531+0000][info][gc,heap     ] GC(387) Survivor regions: 13->13(13)
[2024-08-28T01:10:12.531+0000][info][gc,heap     ] GC(387) Old regions: 1469->1441
[2024-08-28T01:10:12.531+0000][info][gc,heap     ] GC(387) Archive regions: 2->2
[2024-08-28T01:10:12.531+0000][info][gc,heap     ] GC(387) Humongous regions: 5->5
[2024-08-28T01:10:12.531+0000][info][gc,metaspace] GC(387) Metaspace: 100K(320K)->100K(320K) NonClass: 96K(192K)->96K(192K) Class: 4K(128K)->4K(128K)
[2024-08-28T01:10:12.531+0000][info][gc          ] GC(387) Pause Young (Mixed) (G1 Evacuation Pause) 1576M->1459M(2048M) 17.596ms
[2024-08-28T01:10:12.531+0000][info][gc,cpu      ] GC(387) User=0.75s Sys=0.05s Real=0.02s
[2024-08-28T01:10:12.578+0000][info][gc,start    ] GC(388) Pause Young (Mixed) (G1 Evacuation Pause)
[2024-08-28T01:10:12.578+0000][info][gc,task     ] GC(388) Using 49 workers of 68 for evacuation
[2024-08-28T01:10:12.595+0000][info][gc,phases   ] GC(388)   Pre Evacuate Collection Set: 0.3ms
[2024-08-28T01:10:12.595+0000][info][gc,phases   ] GC(388)   Merge Heap Roots: 0.4ms
[2024-08-28T01:10:12.595+0000][info][gc,phases   ] GC(388)   Evacuate Collection Set: 15.4ms
[2024-08-28T01:10:12.595+0000][info][gc,phases   ] GC(388)   Post Evacuate Collection Set: 0.5ms
[2024-08-28T01:10:12.595+0000][info][gc,phases   ] GC(388)   Other: 0.2ms
[2024-08-28T01:10:12.595+0000][info][gc,heap     ] GC(388) Eden regions: 89->0(89)
[2024-08-28T01:10:12.595+0000][info][gc,heap     ] GC(388) Survivor regions: 13->13(13)
[2024-08-28T01:10:12.595+0000][info][gc,heap     ] GC(388) Old regions: 1441->1412
[2024-08-28T01:10:12.595+0000][info][gc,heap     ] GC(388) Archive regions: 2->2
[2024-08-28T01:10:12.595+0000][info][gc,heap     ] GC(388) Humongous regions: 5->5
[2024-08-28T01:10:12.595+0000][info][gc,metaspace] GC(388) Metaspace: 100K(320K)->100K(320K) NonClass: 96K(192K)->96K(192K) Class: 4K(128K)->4K(128K)
[2024-08-28T01:10:12.595+0000][info][gc          ] GC(388) Pause Young (Mixed) (G1 Evacuation Pause) 1548M->1430M(2048M) 17.011ms
[2024-08-28T01:10:12.595+0000][info][gc,cpu      ] GC(388) User=0.72s Sys=0.05s Real=0.01s
[2024-08-28T01:10:12.638+0000][info][gc,start    ] GC(389) Pause Young (Mixed) (G1 Evacuation Pause)
[2024-08-28T01:10:12.639+0000][info][gc,task     ] GC(389) Using 49 workers of 68 for evacuation
[2024-08-28T01:10:12.660+0000][info][gc,phases   ] GC(389)   Pre Evacuate Collection Set: 0.4ms
[2024-08-28T01:10:12.660+0000][info][gc,phases   ] GC(389)   Merge Heap Roots: 0.6ms
[2024-08-28T01:10:12.660+0000][info][gc,phases   ] GC(389)   Evacuate Collection Set: 19.7ms
[2024-08-28T01:10:12.660+0000][info][gc,phases   ] GC(389)   Post Evacuate Collection Set: 0.5ms
[2024-08-28T01:10:12.660+0000][info][gc,phases   ] GC(389)   Other: 0.2ms
[2024-08-28T01:10:12.660+0000][info][gc,heap     ] GC(389) Eden regions: 89->0(89)
[2024-08-28T01:10:12.660+0000][info][gc,heap     ] GC(389) Survivor regions: 13->13(13)
[2024-08-28T01:10:12.660+0000][info][gc,heap     ] GC(389) Old regions: 1412->1381
[2024-08-28T01:10:12.660+0000][info][gc,heap     ] GC(389) Archive regions: 2->2
[2024-08-28T01:10:12.660+0000][info][gc,heap     ] GC(389) Humongous regions: 5->5
[2024-08-28T01:10:12.660+0000][info][gc,metaspace] GC(389) Metaspace: 100K(320K)->100K(320K) NonClass: 96K(192K)->96K(192K) Class: 4K(128K)->4K(128K)
[2024-08-28T01:10:12.660+0000][info][gc          ] GC(389) Pause Young (Mixed) (G1 Evacuation Pause) 1519M->1399M(2048M) 21.513ms
[2024-08-28T01:10:12.660+0000][info][gc,cpu      ] GC(389) User=0.75s Sys=0.02s Real=0.02s
[2024-08-28T01:10:12.712+0000][info][gc,start    ] GC(390) Pause Young (Mixed) (G1 Evacuation Pause)
[2024-08-28T01:10:12.712+0000][info][gc,task     ] GC(390) Using 49 workers of 68 for evacuation
[2024-08-28T01:10:12.729+0000][info][gc,phases   ] GC(390)   Pre Evacuate Collection Set: 0.4ms
[2024-08-28T01:10:12.729+0000][info][gc,phases   ] GC(390)   Merge Heap Roots: 0.4ms
[2024-08-28T01:10:12.729+0000][info][gc,phases   ] GC(390)   Evacuate Collection Set: 15.6ms
[2024-08-28T01:10:12.729+0000][info][gc,phases   ] GC(390)   Post Evacuate Collection Set: 0.5ms
[2024-08-28T01:10:12.729+0000][info][gc,phases   ] GC(390)   Other: 0.2ms
[2024-08-28T01:10:12.729+0000][info][gc,heap     ] GC(390) Eden regions: 89->0(129)
[2024-08-28T01:10:12.729+0000][info][gc,heap     ] GC(390) Survivor regions: 13->13(13)
[2024-08-28T01:10:12.729+0000][info][gc,heap     ] GC(390) Old regions: 1381->1417
[2024-08-28T01:10:12.729+0000][info][gc,heap     ] GC(390) Archive regions: 2->2
[2024-08-28T01:10:12.729+0000][info][gc,heap     ] GC(390) Humongous regions: 5->5
[2024-08-28T01:10:12.729+0000][info][gc,metaspace] GC(390) Metaspace: 100K(320K)->100K(320K) NonClass: 96K(192K)->96K(192K) Class: 4K(128K)->4K(128K)
[2024-08-28T01:10:12.729+0000][info][gc          ] GC(390) Pause Young (Mixed) (G1 Evacuation Pause) 1488M->1435M(2048M) 17.172ms
[2024-08-28T01:10:12.729+0000][info][gc,cpu      ] GC(390) User=0.75s Sys=0.04s Real=0.01s
[2024-08-28T01:10:12.795+0000][info][gc,start    ] GC(391) Pause Young (Concurrent Start) (G1 Evacuation Pause)
[2024-08-28T01:10:12.795+0000][info][gc,task     ] GC(391) Using 49 workers of 68 for evacuation
[2024-08-28T01:10:12.823+0000][info][gc,phases   ] GC(391)   Pre Evacuate Collection Set: 0.4ms
[2024-08-28T01:10:12.823+0000][info][gc,phases   ] GC(391)   Merge Heap Roots: 0.5ms
[2024-08-28T01:10:12.823+0000][info][gc,phases   ] GC(391)   Evacuate Collection Set: 25.8ms
[2024-08-28T01:10:12.823+0000][info][gc,phases   ] GC(391)   Post Evacuate Collection Set: 0.5ms
[2024-08-28T01:10:12.823+0000][info][gc,phases   ] GC(391)   Other: 0.7ms
[2024-08-28T01:10:12.823+0000][info][gc,heap     ] GC(391) Eden regions: 129->0(87)
[2024-08-28T01:10:12.823+0000][info][gc,heap     ] GC(391) Survivor regions: 13->18(18)
[2024-08-28T01:10:12.823+0000][info][gc,heap     ] GC(391) Old regions: 1417->1542
[2024-08-28T01:10:12.823+0000][info][gc,heap     ] GC(391) Archive regions: 2->2
[2024-08-28T01:10:12.823+0000][info][gc,heap     ] GC(391) Humongous regions: 5->5
[2024-08-28T01:10:12.823+0000][info][gc,metaspace] GC(391) Metaspace: 100K(320K)->100K(320K) NonClass: 96K(192K)->96K(192K) Class: 4K(128K)->4K(128K)
[2024-08-28T01:10:12.823+0000][info][gc          ] GC(391) Pause Young (Concurrent Start) (G1 Evacuation Pause) 1564M->1565M(2048M) 27.980ms
[2024-08-28T01:10:12.823+0000][info][gc,cpu      ] GC(391) User=0.96s Sys=0.09s Real=0.03s
[2024-08-28T01:10:12.823+0000][info][gc          ] GC(392) Concurrent Mark Cycle
[2024-08-28T01:10:12.823+0000][info][gc,marking  ] GC(392) Concurrent Clear Claimed Marks
[2024-08-28T01:10:12.823+0000][info][gc,marking  ] GC(392) Concurrent Clear Claimed Marks 0.011ms
[2024-08-28T01:10:12.823+0000][info][gc,marking  ] GC(392) Concurrent Scan Root Regions
[2024-08-28T01:10:12.827+0000][info][gc,marking  ] GC(392) Concurrent Scan Root Regions 3.885ms
[2024-08-28T01:10:12.827+0000][info][gc,marking  ] GC(392) Concurrent Mark
[2024-08-28T01:10:12.827+0000][info][gc,marking  ] GC(392) Concurrent Mark From Roots
[2024-08-28T01:10:12.827+0000][info][gc,task     ] GC(392) Using 17 workers of 17 for marking
[2024-08-28T01:10:12.850+0000][info][gc,marking  ] GC(392) Concurrent Mark From Roots 23.115ms
[2024-08-28T01:10:12.850+0000][info][gc,marking  ] GC(392) Concurrent Preclean
[2024-08-28T01:10:12.851+0000][info][gc,marking  ] GC(392) Concurrent Preclean 0.503ms
[2024-08-28T01:10:12.851+0000][info][gc,start    ] GC(392) Pause Remark
[2024-08-28T01:10:12.853+0000][info][gc          ] GC(392) Pause Remark 1603M->1401M(2048M) 2.104ms
[2024-08-28T01:10:12.853+0000][info][gc,cpu      ] GC(392) User=0.01s Sys=0.00s Real=0.00s
[2024-08-28T01:10:12.853+0000][info][gc,marking  ] GC(392) Concurrent Mark 26.165ms
[2024-08-28T01:10:12.853+0000][info][gc,marking  ] GC(392) Concurrent Rebuild Remembered Sets
[2024-08-28T01:10:12.878+0000][info][gc,start    ] GC(393) Pause Young (Normal) (G1 Evacuation Pause)
[2024-08-28T01:10:12.878+0000][info][gc,task     ] GC(393) Using 49 workers of 68 for evacuation
[2024-08-28T01:10:12.897+0000][info][gc,phases   ] GC(393)   Pre Evacuate Collection Set: 0.4ms
[2024-08-28T01:10:12.897+0000][info][gc,phases   ] GC(393)   Merge Heap Roots: 0.8ms
[2024-08-28T01:10:12.897+0000][info][gc,phases   ] GC(393)   Evacuate Collection Set: 16.3ms
[2024-08-28T01:10:12.897+0000][info][gc,phases   ] GC(393)   Post Evacuate Collection Set: 0.8ms
[2024-08-28T01:10:12.897+0000][info][gc,phases   ] GC(393)   Other: 0.3ms
[2024-08-28T01:10:12.897+0000][info][gc,heap     ] GC(393) Eden regions: 87->0(123)
[2024-08-28T01:10:12.897+0000][info][gc,heap     ] GC(393) Survivor regions: 18->14(14)
[2024-08-28T01:10:12.897+0000][info][gc,heap     ] GC(393) Old regions: 1340->1437
[2024-08-28T01:10:12.897+0000][info][gc,heap     ] GC(393) Archive regions: 2->2
[2024-08-28T01:10:12.897+0000][info][gc,heap     ] GC(393) Humongous regions: 5->5
[2024-08-28T01:10:12.897+0000][info][gc,metaspace] GC(393) Metaspace: 100K(320K)->100K(320K) NonClass: 96K(192K)->96K(192K) Class: 4K(128K)->4K(128K)
[2024-08-28T01:10:12.897+0000][info][gc          ] GC(393) Pause Young (Normal) (G1 Evacuation Pause) 1450M->1456M(2048M) 18.580ms
[2024-08-28T01:10:12.897+0000][info][gc,cpu      ] GC(393) User=0.82s Sys=0.01s Real=0.01s
[2024-08-28T01:10:12.919+0000][info][gc,marking  ] GC(392) Concurrent Rebuild Remembered Sets 65.350ms
[2024-08-28T01:10:12.919+0000][info][gc,start    ] GC(392) Pause Cleanup
[2024-08-28T01:10:12.922+0000][info][gc          ] GC(392) Pause Cleanup 1497M->1497M(2048M) 3.078ms
[2024-08-28T01:10:12.922+0000][info][gc,cpu      ] GC(392) User=0.01s Sys=0.00s Real=0.00s
[2024-08-28T01:10:12.922+0000][info][gc,marking  ] GC(392) Concurrent Cleanup for Next Mark
[2024-08-28T01:10:12.924+0000][info][gc,marking  ] GC(392) Concurrent Cleanup for Next Mark 1.407ms
[2024-08-28T01:10:12.924+0000][info][gc          ] GC(392) Concurrent Mark Cycle 100.590ms
[2024-08-28T01:10:12.964+0000][info][gc,start    ] GC(394) Pause Young (Prepare Mixed) (G1 Evacuation Pause)
[2024-08-28T01:10:12.964+0000][info][gc,task     ] GC(394) Using 49 workers of 68 for evacuation
[2024-08-28T01:10:12.990+0000][info][gc,phases   ] GC(394)   Pre Evacuate Collection Set: 0.3ms
[2024-08-28T01:10:12.990+0000][info][gc,phases   ] GC(394)   Merge Heap Roots: 1.2ms
[2024-08-28T01:10:12.990+0000][info][gc,phases   ] GC(394)   Evacuate Collection Set: 24.0ms
[2024-08-28T01:10:12.991+0000][info][gc,phases   ] GC(394)   Post Evacuate Collection Set: 0.5ms
[2024-08-28T01:10:12.991+0000][info][gc,phases   ] GC(394)   Other: 0.2ms
[2024-08-28T01:10:12.991+0000][info][gc,heap     ] GC(394) Eden regions: 123->0(84)
[2024-08-28T01:10:12.991+0000][info][gc,heap     ] GC(394) Survivor regions: 14->18(18)
[2024-08-28T01:10:12.991+0000][info][gc,heap     ] GC(394) Old regions: 1437->1559
[2024-08-28T01:10:12.991+0000][info][gc,heap     ] GC(394) Archive regions: 2->2
[2024-08-28T01:10:12.991+0000][info][gc,heap     ] GC(394) Humongous regions: 5->5
[2024-08-28T01:10:12.991+0000][info][gc,metaspace] GC(394) Metaspace: 100K(320K)->100K(320K) NonClass: 96K(192K)->96K(192K) Class: 4K(128K)->4K(128K)
[2024-08-28T01:10:12.991+0000][info][gc          ] GC(394) Pause Young (Prepare Mixed) (G1 Evacuation Pause) 1579M->1582M(2048M) 26.349ms
[2024-08-28T01:10:12.991+0000][info][gc,cpu      ] GC(394) User=1.15s Sys=0.07s Real=0.03s
[2024-08-28T01:10:13.032+0000][info][gc,start    ] GC(395) Pause Young (Mixed) (G1 Evacuation Pause)
[2024-08-28T01:10:13.032+0000][info][gc,task     ] GC(395) Using 49 workers of 68 for evacuation
[2024-08-28T01:10:13.049+0000][info][gc,phases   ] GC(395)   Pre Evacuate Collection Set: 0.4ms
[2024-08-28T01:10:13.049+0000][info][gc,phases   ] GC(395)   Merge Heap Roots: 0.4ms
[2024-08-28T01:10:13.049+0000][info][gc,phases   ] GC(395)   Evacuate Collection Set: 15.6ms
[2024-08-28T01:10:13.049+0000][info][gc,phases   ] GC(395)   Post Evacuate Collection Set: 0.6ms
[2024-08-28T01:10:13.049+0000][info][gc,phases   ] GC(395)   Other: 0.3ms
[2024-08-28T01:10:13.049+0000][info][gc,heap     ] GC(395) Eden regions: 84->0(89)
[2024-08-28T01:10:13.049+0000][info][gc,heap     ] GC(395) Survivor regions: 18->13(13)
[2024-08-28T01:10:13.049+0000][info][gc,heap     ] GC(395) Old regions: 1559->1532
[2024-08-28T01:10:13.049+0000][info][gc,heap     ] GC(395) Archive regions: 2->2
[2024-08-28T01:10:13.049+0000][info][gc,heap     ] GC(395) Humongous regions: 5->5
[2024-08-28T01:10:13.049+0000][info][gc,metaspace] GC(395) Metaspace: 100K(320K)->100K(320K) NonClass: 96K(192K)->96K(192K) Class: 4K(128K)->4K(128K)
[2024-08-28T01:10:13.049+0000][info][gc          ] GC(395) Pause Young (Mixed) (G1 Evacuation Pause) 1666M->1550M(2048M) 17.386ms
[2024-08-28T01:10:13.049+0000][info][gc,cpu      ] GC(395) User=0.78s Sys=0.00s Real=0.01s
[2024-08-28T01:10:13.093+0000][info][gc,start    ] GC(396) Pause Young (Mixed) (G1 Evacuation Pause)
[2024-08-28T01:10:13.093+0000][info][gc,task     ] GC(396) Using 49 workers of 68 for evacuation
[2024-08-28T01:10:13.115+0000][info][gc,phases   ] GC(396)   Pre Evacuate Collection Set: 0.3ms
[2024-08-28T01:10:13.115+0000][info][gc,phases   ] GC(396)   Merge Heap Roots: 0.8ms
[2024-08-28T01:10:13.115+0000][info][gc,phases   ] GC(396)   Evacuate Collection Set: 19.4ms
[2024-08-28T01:10:13.115+0000][info][gc,phases   ] GC(396)   Post Evacuate Collection Set: 0.5ms
[2024-08-28T01:10:13.115+0000][info][gc,phases   ] GC(396)   Other: 0.2ms
[2024-08-28T01:10:13.115+0000][info][gc,heap     ] GC(396) Eden regions: 89->0(89)
[2024-08-28T01:10:13.115+0000][info][gc,heap     ] GC(396) Survivor regions: 13->13(13)
[2024-08-28T01:10:13.115+0000][info][gc,heap     ] GC(396) Old regions: 1532->1503
[2024-08-28T01:10:13.115+0000][info][gc,heap     ] GC(396) Archive regions: 2->2
[2024-08-28T01:10:13.115+0000][info][gc,heap     ] GC(396) Humongous regions: 5->5
[2024-08-28T01:10:13.115+0000][info][gc,metaspace] GC(396) Metaspace: 100K(320K)->100K(320K) NonClass: 96K(192K)->96K(192K) Class: 4K(128K)->4K(128K)
[2024-08-28T01:10:13.115+0000][info][gc          ] GC(396) Pause Young (Mixed) (G1 Evacuation Pause) 1639M->1521M(2048M) 21.364ms
[2024-08-28T01:10:13.115+0000][info][gc,cpu      ] GC(396) User=0.78s Sys=0.04s Real=0.02s
[2024-08-28T01:10:13.168+0000][info][gc,start    ] GC(397) Pause Young (Mixed) (G1 Evacuation Pause)
[2024-08-28T01:10:13.168+0000][info][gc,task     ] GC(397) Using 49 workers of 68 for evacuation
[2024-08-28T01:10:13.185+0000][info][gc,phases   ] GC(397)   Pre Evacuate Collection Set: 0.4ms
[2024-08-28T01:10:13.185+0000][info][gc,phases   ] GC(397)   Merge Heap Roots: 0.5ms
[2024-08-28T01:10:13.185+0000][info][gc,phases   ] GC(397)   Evacuate Collection Set: 15.4ms
[2024-08-28T01:10:13.185+0000][info][gc,phases   ] GC(397)   Post Evacuate Collection Set: 0.5ms
[2024-08-28T01:10:13.185+0000][info][gc,phases   ] GC(397)   Other: 0.2ms
[2024-08-28T01:10:13.185+0000][info][gc,heap     ] GC(397) Eden regions: 89->0(89)
[2024-08-28T01:10:13.185+0000][info][gc,heap     ] GC(397) Survivor regions: 13->13(13)
[2024-08-28T01:10:13.185+0000][info][gc,heap     ] GC(397) Old regions: 1503->1473
[2024-08-28T01:10:13.185+0000][info][gc,heap     ] GC(397) Archive regions: 2->2
[2024-08-28T01:10:13.185+0000][info][gc,heap     ] GC(397) Humongous regions: 5->5
[2024-08-28T01:10:13.185+0000][info][gc,metaspace] GC(397) Metaspace: 100K(320K)->100K(320K) NonClass: 96K(192K)->96K(192K) Class: 4K(128K)->4K(128K)
[2024-08-28T01:10:13.185+0000][info][gc          ] GC(397) Pause Young (Mixed) (G1 Evacuation Pause) 1610M->1491M(2048M) 17.097ms
[2024-08-28T01:10:13.186+0000][info][gc,cpu      ] GC(397) User=0.72s Sys=0.05s Real=0.02s
[2024-08-28T01:10:13.231+0000][info][gc,start    ] GC(398) Pause Young (Mixed) (G1 Evacuation Pause)
[2024-08-28T01:10:13.231+0000][info][gc,task     ] GC(398) Using 49 workers of 68 for evacuation
[2024-08-28T01:10:13.248+0000][info][gc,phases   ] GC(398)   Pre Evacuate Collection Set: 0.3ms
[2024-08-28T01:10:13.248+0000][info][gc,phases   ] GC(398)   Merge Heap Roots: 0.7ms
[2024-08-28T01:10:13.248+0000][info][gc,phases   ] GC(398)   Evacuate Collection Set: 15.6ms
[2024-08-28T01:10:13.248+0000][info][gc,phases   ] GC(398)   Post Evacuate Collection Set: 0.6ms
[2024-08-28T01:10:13.248+0000][info][gc,phases   ] GC(398)   Other: 0.2ms
[2024-08-28T01:10:13.248+0000][info][gc,heap     ] GC(398) Eden regions: 89->0(89)
[2024-08-28T01:10:13.248+0000][info][gc,heap     ] GC(398) Survivor regions: 13->13(13)
[2024-08-28T01:10:13.248+0000][info][gc,heap     ] GC(398) Old regions: 1473->1445
[2024-08-28T01:10:13.248+0000][info][gc,heap     ] GC(398) Archive regions: 2->2
[2024-08-28T01:10:13.248+0000][info][gc,heap     ] GC(398) Humongous regions: 5->5
[2024-08-28T01:10:13.248+0000][info][gc,metaspace] GC(398) Metaspace: 100K(320K)->100K(320K) NonClass: 96K(192K)->96K(192K) Class: 4K(128K)->4K(128K)
[2024-08-28T01:10:13.248+0000][info][gc          ] GC(398) Pause Young (Mixed) (G1 Evacuation Pause) 1580M->1463M(2048M) 17.537ms
[2024-08-28T01:10:13.248+0000][info][gc,cpu      ] GC(398) User=0.78s Sys=0.02s Real=0.01s
[2024-08-28T01:10:13.294+0000][info][gc,start    ] GC(399) Pause Young (Mixed) (G1 Evacuation Pause)
[2024-08-28T01:10:13.294+0000][info][gc,task     ] GC(399) Using 49 workers of 68 for evacuation
[2024-08-28T01:10:13.312+0000][info][gc,phases   ] GC(399)   Pre Evacuate Collection Set: 0.3ms
[2024-08-28T01:10:13.312+0000][info][gc,phases   ] GC(399)   Merge Heap Roots: 0.5ms
[2024-08-28T01:10:13.312+0000][info][gc,phases   ] GC(399)   Evacuate Collection Set: 16.8ms
[2024-08-28T01:10:13.312+0000][info][gc,phases   ] GC(399)   Post Evacuate Collection Set: 0.6ms
[2024-08-28T01:10:13.312+0000][info][gc,phases   ] GC(399)   Other: 0.2ms
[2024-08-28T01:10:13.312+0000][info][gc,heap     ] GC(399) Eden regions: 89->0(89)
[2024-08-28T01:10:13.312+0000][info][gc,heap     ] GC(399) Survivor regions: 13->13(13)
[2024-08-28T01:10:13.312+0000][info][gc,heap     ] GC(399) Old regions: 1445->1414
[2024-08-28T01:10:13.312+0000][info][gc,heap     ] GC(399) Archive regions: 2->2
[2024-08-28T01:10:13.312+0000][info][gc,heap     ] GC(399) Humongous regions: 5->5
[2024-08-28T01:10:13.312+0000][info][gc,metaspace] GC(399) Metaspace: 100K(320K)->100K(320K) NonClass: 96K(192K)->96K(192K) Class: 4K(128K)->4K(128K)
[2024-08-28T01:10:13.312+0000][info][gc          ] GC(399) Pause Young (Mixed) (G1 Evacuation Pause) 1552M->1432M(2048M) 18.548ms
[2024-08-28T01:10:13.312+0000][info][gc,cpu      ] GC(399) User=0.77s Sys=0.05s Real=0.02s
[2024-08-28T01:10:13.363+0000][info][gc,start    ] GC(400) Pause Young (Mixed) (G1 Evacuation Pause)
[2024-08-28T01:10:13.363+0000][info][gc,task     ] GC(400) Using 49 workers of 68 for evacuation
[2024-08-28T01:10:13.381+0000][info][gc,phases   ] GC(400)   Pre Evacuate Collection Set: 0.4ms
[2024-08-28T01:10:13.381+0000][info][gc,phases   ] GC(400)   Merge Heap Roots: 0.9ms
[2024-08-28T01:10:13.381+0000][info][gc,phases   ] GC(400)   Evacuate Collection Set: 16.1ms
[2024-08-28T01:10:13.381+0000][info][gc,phases   ] GC(400)   Post Evacuate Collection Set: 0.5ms
[2024-08-28T01:10:13.381+0000][info][gc,phases   ] GC(400)   Other: 0.2ms
[2024-08-28T01:10:13.381+0000][info][gc,heap     ] GC(400) Eden regions: 89->0(89)
[2024-08-28T01:10:13.381+0000][info][gc,heap     ] GC(400) Survivor regions: 13->13(13)
[2024-08-28T01:10:13.381+0000][info][gc,heap     ] GC(400) Old regions: 1414->1385
[2024-08-28T01:10:13.381+0000][info][gc,heap     ] GC(400) Archive regions: 2->2
[2024-08-28T01:10:13.381+0000][info][gc,heap     ] GC(400) Humongous regions: 5->5
[2024-08-28T01:10:13.382+0000][info][gc,metaspace] GC(400) Metaspace: 100K(320K)->100K(320K) NonClass: 96K(192K)->96K(192K) Class: 4K(128K)->4K(128K)
[2024-08-28T01:10:13.382+0000][info][gc          ] GC(400) Pause Young (Mixed) (G1 Evacuation Pause) 1521M->1403M(2048M) 18.224ms
[2024-08-28T01:10:13.382+0000][info][gc,cpu      ] GC(400) User=0.80s Sys=0.03s Real=0.02s
[2024-08-28T01:10:13.426+0000][info][gc,start    ] GC(401) Pause Young (Mixed) (G1 Evacuation Pause)
[2024-08-28T01:10:13.426+0000][info][gc,task     ] GC(401) Using 49 workers of 68 for evacuation
[2024-08-28T01:10:13.443+0000][info][gc,phases   ] GC(401)   Pre Evacuate Collection Set: 0.3ms
[2024-08-28T01:10:13.443+0000][info][gc,phases   ] GC(401)   Merge Heap Roots: 0.5ms
[2024-08-28T01:10:13.443+0000][info][gc,phases   ] GC(401)   Evacuate Collection Set: 15.7ms
[2024-08-28T01:10:13.443+0000][info][gc,phases   ] GC(401)   Post Evacuate Collection Set: 0.5ms
[2024-08-28T01:10:13.443+0000][info][gc,phases   ] GC(401)   Other: 0.2ms
[2024-08-28T01:10:13.443+0000][info][gc,heap     ] GC(401) Eden regions: 89->0(133)
[2024-08-28T01:10:13.443+0000][info][gc,heap     ] GC(401) Survivor regions: 13->13(13)
[2024-08-28T01:10:13.443+0000][info][gc,heap     ] GC(401) Old regions: 1385->1407
[2024-08-28T01:10:13.443+0000][info][gc,heap     ] GC(401) Archive regions: 2->2
[2024-08-28T01:10:13.443+0000][info][gc,heap     ] GC(401) Humongous regions: 5->5
[2024-08-28T01:10:13.443+0000][info][gc,metaspace] GC(401) Metaspace: 100K(320K)->100K(320K) NonClass: 96K(192K)->96K(192K) Class: 4K(128K)->4K(128K)
[2024-08-28T01:10:13.443+0000][info][gc          ] GC(401) Pause Young (Mixed) (G1 Evacuation Pause) 1492M->1425M(2048M) 17.259ms
[2024-08-28T01:10:13.443+0000][info][gc,cpu      ] GC(401) User=0.78s Sys=0.01s Real=0.02s
[2024-08-28T01:10:13.507+0000][info][gc,start    ] GC(402) Pause Young (Concurrent Start) (G1 Evacuation Pause)
[2024-08-28T01:10:13.507+0000][info][gc,task     ] GC(402) Using 49 workers of 68 for evacuation
[2024-08-28T01:10:13.531+0000][info][gc,phases   ] GC(402)   Pre Evacuate Collection Set: 0.4ms
[2024-08-28T01:10:13.531+0000][info][gc,phases   ] GC(402)   Merge Heap Roots: 0.5ms
[2024-08-28T01:10:13.531+0000][info][gc,phases   ] GC(402)   Evacuate Collection Set: 21.3ms
[2024-08-28T01:10:13.531+0000][info][gc,phases   ] GC(402)   Post Evacuate Collection Set: 0.5ms
[2024-08-28T01:10:13.531+0000][info][gc,phases   ] GC(402)   Other: 0.9ms
[2024-08-28T01:10:13.531+0000][info][gc,heap     ] GC(402) Eden regions: 133->0(89)
[2024-08-28T01:10:13.531+0000][info][gc,heap     ] GC(402) Survivor regions: 13->19(19)
[2024-08-28T01:10:13.531+0000][info][gc,heap     ] GC(402) Old regions: 1407->1537
[2024-08-28T01:10:13.531+0000][info][gc,heap     ] GC(402) Archive regions: 2->2
[2024-08-28T01:10:13.531+0000][info][gc,heap     ] GC(402) Humongous regions: 5->5
[2024-08-28T01:10:13.531+0000][info][gc,metaspace] GC(402) Metaspace: 100K(320K)->100K(320K) NonClass: 96K(192K)->96K(192K) Class: 4K(128K)->4K(128K)
[2024-08-28T01:10:13.531+0000][info][gc          ] GC(402) Pause Young (Concurrent Start) (G1 Evacuation Pause) 1558M->1561M(2048M) 23.693ms
[2024-08-28T01:10:13.531+0000][info][gc,cpu      ] GC(402) User=1.01s Sys=0.05s Real=0.03s
[2024-08-28T01:10:13.531+0000][info][gc          ] GC(403) Concurrent Mark Cycle
[2024-08-28T01:10:13.531+0000][info][gc,marking  ] GC(403) Concurrent Clear Claimed Marks
[2024-08-28T01:10:13.531+0000][info][gc,marking  ] GC(403) Concurrent Clear Claimed Marks 0.012ms
[2024-08-28T01:10:13.531+0000][info][gc,marking  ] GC(403) Concurrent Scan Root Regions
[2024-08-28T01:10:13.535+0000][info][gc,marking  ] GC(403) Concurrent Scan Root Regions 4.038ms
[2024-08-28T01:10:13.535+0000][info][gc,marking  ] GC(403) Concurrent Mark
[2024-08-28T01:10:13.535+0000][info][gc,marking  ] GC(403) Concurrent Mark From Roots
[2024-08-28T01:10:13.535+0000][info][gc,task     ] GC(403) Using 17 workers of 17 for marking
[2024-08-28T01:10:13.556+0000][info][gc,marking  ] GC(403) Concurrent Mark From Roots 21.157ms
[2024-08-28T01:10:13.556+0000][info][gc,marking  ] GC(403) Concurrent Preclean
[2024-08-28T01:10:13.557+0000][info][gc,marking  ] GC(403) Concurrent Preclean 0.505ms
[2024-08-28T01:10:13.557+0000][info][gc,start    ] GC(403) Pause Remark
[2024-08-28T01:10:13.560+0000][info][gc          ] GC(403) Pause Remark 1597M->1414M(2048M) 2.216ms
[2024-08-28T01:10:13.560+0000][info][gc,cpu      ] GC(403) User=0.00s Sys=0.01s Real=0.01s
[2024-08-28T01:10:13.560+0000][info][gc,marking  ] GC(403) Concurrent Mark 24.382ms
[2024-08-28T01:10:13.560+0000][info][gc,marking  ] GC(403) Concurrent Rebuild Remembered Sets
[2024-08-28T01:10:13.594+0000][info][gc,start    ] GC(404) Pause Young (Normal) (G1 Evacuation Pause)
[2024-08-28T01:10:13.594+0000][info][gc,task     ] GC(404) Using 49 workers of 68 for evacuation
[2024-08-28T01:10:13.614+0000][info][gc,phases   ] GC(404)   Pre Evacuate Collection Set: 0.4ms
[2024-08-28T01:10:13.615+0000][info][gc,phases   ] GC(404)   Merge Heap Roots: 0.9ms
[2024-08-28T01:10:13.615+0000][info][gc,phases   ] GC(404)   Evacuate Collection Set: 18.1ms
[2024-08-28T01:10:13.615+0000][info][gc,phases   ] GC(404)   Post Evacuate Collection Set: 0.8ms
[2024-08-28T01:10:13.615+0000][info][gc,phases   ] GC(404)   Other: 0.3ms
[2024-08-28T01:10:13.615+0000][info][gc,heap     ] GC(404) Eden regions: 89->0(117)
[2024-08-28T01:10:13.615+0000][info][gc,heap     ] GC(404) Survivor regions: 19->14(14)
[2024-08-28T01:10:13.615+0000][info][gc,heap     ] GC(404) Old regions: 1354->1455
[2024-08-28T01:10:13.615+0000][info][gc,heap     ] GC(404) Archive regions: 2->2
[2024-08-28T01:10:13.615+0000][info][gc,heap     ] GC(404) Humongous regions: 5->5
[2024-08-28T01:10:13.615+0000][info][gc,metaspace] GC(404) Metaspace: 100K(320K)->100K(320K) NonClass: 96K(192K)->96K(192K) Class: 4K(128K)->4K(128K)
[2024-08-28T01:10:13.615+0000][info][gc          ] GC(404) Pause Young (Normal) (G1 Evacuation Pause) 1467M->1474M(2048M) 20.665ms
[2024-08-28T01:10:13.615+0000][info][gc,cpu      ] GC(404) User=0.58s Sys=0.36s Real=0.02s
[2024-08-28T01:10:13.627+0000][info][gc,marking  ] GC(403) Concurrent Rebuild Remembered Sets 67.166ms
[2024-08-28T01:10:13.627+0000][info][gc,start    ] GC(403) Pause Cleanup
[2024-08-28T01:10:13.630+0000][info][gc          ] GC(403) Pause Cleanup 1497M->1497M(2048M) 2.943ms
[2024-08-28T01:10:13.630+0000][info][gc,cpu      ] GC(403) User=0.02s Sys=0.00s Real=0.01s
[2024-08-28T01:10:13.630+0000][info][gc,marking  ] GC(403) Concurrent Cleanup for Next Mark
[2024-08-28T01:10:13.632+0000][info][gc,marking  ] GC(403) Concurrent Cleanup for Next Mark 1.434ms
[2024-08-28T01:10:13.632+0000][info][gc          ] GC(403) Concurrent Mark Cycle 100.632ms
[2024-08-28T01:10:13.684+0000][info][gc,start    ] GC(405) Pause Young (Prepare Mixed) (G1 Evacuation Pause)
[2024-08-28T01:10:13.684+0000][info][gc,task     ] GC(405) Using 49 workers of 68 for evacuation
[2024-08-28T01:10:13.711+0000][info][gc,phases   ] GC(405)   Pre Evacuate Collection Set: 0.4ms
[2024-08-28T01:10:13.711+0000][info][gc,phases   ] GC(405)   Merge Heap Roots: 1.2ms
[2024-08-28T01:10:13.711+0000][info][gc,phases   ] GC(405)   Evacuate Collection Set: 24.4ms
[2024-08-28T01:10:13.711+0000][info][gc,phases   ] GC(405)   Post Evacuate Collection Set: 0.5ms
[2024-08-28T01:10:13.711+0000][info][gc,phases   ] GC(405)   Other: 0.2ms
[2024-08-28T01:10:13.711+0000][info][gc,heap     ] GC(405) Eden regions: 117->0(85)
[2024-08-28T01:10:13.711+0000][info][gc,heap     ] GC(405) Survivor regions: 14->17(17)
[2024-08-28T01:10:13.711+0000][info][gc,heap     ] GC(405) Old regions: 1455->1572
[2024-08-28T01:10:13.711+0000][info][gc,heap     ] GC(405) Archive regions: 2->2
[2024-08-28T01:10:13.711+0000][info][gc,heap     ] GC(405) Humongous regions: 5->5
[2024-08-28T01:10:13.711+0000][info][gc,metaspace] GC(405) Metaspace: 100K(320K)->100K(320K) NonClass: 96K(192K)->96K(192K) Class: 4K(128K)->4K(128K)
[2024-08-28T01:10:13.711+0000][info][gc          ] GC(405) Pause Young (Prepare Mixed) (G1 Evacuation Pause) 1591M->1594M(2048M) 26.772ms
[2024-08-28T01:10:13.711+0000][info][gc,cpu      ] GC(405) User=1.23s Sys=0.02s Real=0.03s
[2024-08-28T01:10:13.753+0000][info][gc,start    ] GC(406) Pause Young (Mixed) (G1 Evacuation Pause)
[2024-08-28T01:10:13.754+0000][info][gc,task     ] GC(406) Using 49 workers of 68 for evacuation
[2024-08-28T01:10:13.773+0000][info][gc,phases   ] GC(406)   Pre Evacuate Collection Set: 0.6ms
[2024-08-28T01:10:13.773+0000][info][gc,phases   ] GC(406)   Merge Heap Roots: 0.4ms
[2024-08-28T01:10:13.773+0000][info][gc,phases   ] GC(406)   Evacuate Collection Set: 17.4ms
[2024-08-28T01:10:13.773+0000][info][gc,phases   ] GC(406)   Post Evacuate Collection Set: 0.6ms
[2024-08-28T01:10:13.773+0000][info][gc,phases   ] GC(406)   Other: 0.3ms
[2024-08-28T01:10:13.773+0000][info][gc,heap     ] GC(406) Eden regions: 85->0(89)
[2024-08-28T01:10:13.773+0000][info][gc,heap     ] GC(406) Survivor regions: 17->13(13)
[2024-08-28T01:10:13.773+0000][info][gc,heap     ] GC(406) Old regions: 1572->1545
[2024-08-28T01:10:13.773+0000][info][gc,heap     ] GC(406) Archive regions: 2->2
[2024-08-28T01:10:13.773+0000][info][gc,heap     ] GC(406) Humongous regions: 5->5
[2024-08-28T01:10:13.773+0000][info][gc,metaspace] GC(406) Metaspace: 100K(320K)->100K(320K) NonClass: 96K(192K)->96K(192K) Class: 4K(128K)->4K(128K)
[2024-08-28T01:10:13.773+0000][info][gc          ] GC(406) Pause Young (Mixed) (G1 Evacuation Pause) 1679M->1563M(2048M) 19.352ms
[2024-08-28T01:10:13.773+0000][info][gc,cpu      ] GC(406) User=0.65s Sys=0.04s Real=0.02s
[2024-08-28T01:10:13.819+0000][info][gc,start    ] GC(407) Pause Young (Mixed) (G1 Evacuation Pause)
[2024-08-28T01:10:13.819+0000][info][gc,task     ] GC(407) Using 49 workers of 68 for evacuation
[2024-08-28T01:10:13.836+0000][info][gc,phases   ] GC(407)   Pre Evacuate Collection Set: 0.4ms
[2024-08-28T01:10:13.836+0000][info][gc,phases   ] GC(407)   Merge Heap Roots: 0.6ms
[2024-08-28T01:10:13.836+0000][info][gc,phases   ] GC(407)   Evacuate Collection Set: 15.0ms
[2024-08-28T01:10:13.836+0000][info][gc,phases   ] GC(407)   Post Evacuate Collection Set: 0.5ms
[2024-08-28T01:10:13.836+0000][info][gc,phases   ] GC(407)   Other: 0.2ms
[2024-08-28T01:10:13.836+0000][info][gc,heap     ] GC(407) Eden regions: 89->0(89)
[2024-08-28T01:10:13.836+0000][info][gc,heap     ] GC(407) Survivor regions: 13->13(13)
[2024-08-28T01:10:13.836+0000][info][gc,heap     ] GC(407) Old regions: 1545->1517
[2024-08-28T01:10:13.836+0000][info][gc,heap     ] GC(407) Archive regions: 2->2
[2024-08-28T01:10:13.836+0000][info][gc,heap     ] GC(407) Humongous regions: 5->5
[2024-08-28T01:10:13.836+0000][info][gc,metaspace] GC(407) Metaspace: 100K(320K)->100K(320K) NonClass: 96K(192K)->96K(192K) Class: 4K(128K)->4K(128K)
[2024-08-28T01:10:13.836+0000][info][gc          ] GC(407) Pause Young (Mixed) (G1 Evacuation Pause) 1652M->1535M(2048M) 16.873ms
[2024-08-28T01:10:13.836+0000][info][gc,cpu      ] GC(407) User=0.74s Sys=0.01s Real=0.01s
[2024-08-28T01:10:13.878+0000][info][gc,start    ] GC(408) Pause Young (Mixed) (G1 Evacuation Pause)
[2024-08-28T01:10:13.878+0000][info][gc,task     ] GC(408) Using 49 workers of 68 for evacuation
[2024-08-28T01:10:13.895+0000][info][gc,phases   ] GC(408)   Pre Evacuate Collection Set: 0.4ms
[2024-08-28T01:10:13.895+0000][info][gc,phases   ] GC(408)   Merge Heap Roots: 0.4ms
[2024-08-28T01:10:13.895+0000][info][gc,phases   ] GC(408)   Evacuate Collection Set: 15.1ms
[2024-08-28T01:10:13.895+0000][info][gc,phases   ] GC(408)   Post Evacuate Collection Set: 0.5ms
[2024-08-28T01:10:13.895+0000][info][gc,phases   ] GC(408)   Other: 0.2ms
[2024-08-28T01:10:13.895+0000][info][gc,heap     ] GC(408) Eden regions: 89->0(89)
[2024-08-28T01:10:13.895+0000][info][gc,heap     ] GC(408) Survivor regions: 13->13(13)
[2024-08-28T01:10:13.895+0000][info][gc,heap     ] GC(408) Old regions: 1517->1486
[2024-08-28T01:10:13.895+0000][info][gc,heap     ] GC(408) Archive regions: 2->2
[2024-08-28T01:10:13.895+0000][info][gc,heap     ] GC(408) Humongous regions: 5->5
[2024-08-28T01:10:13.895+0000][info][gc,metaspace] GC(408) Metaspace: 100K(320K)->100K(320K) NonClass: 96K(192K)->96K(192K) Class: 4K(128K)->4K(128K)
[2024-08-28T01:10:13.895+0000][info][gc          ] GC(408) Pause Young (Mixed) (G1 Evacuation Pause) 1624M->1504M(2048M) 16.847ms
[2024-08-28T01:10:13.895+0000][info][gc,cpu      ] GC(408) User=0.72s Sys=0.00s Real=0.01s
[2024-08-28T01:10:13.937+0000][info][gc,start    ] GC(409) Pause Young (Mixed) (G1 Evacuation Pause)
[2024-08-28T01:10:13.937+0000][info][gc,task     ] GC(409) Using 49 workers of 68 for evacuation
[2024-08-28T01:10:13.955+0000][info][gc,phases   ] GC(409)   Pre Evacuate Collection Set: 0.4ms
[2024-08-28T01:10:13.955+0000][info][gc,phases   ] GC(409)   Merge Heap Roots: 0.5ms
[2024-08-28T01:10:13.955+0000][info][gc,phases   ] GC(409)   Evacuate Collection Set: 15.3ms
[2024-08-28T01:10:13.955+0000][info][gc,phases   ] GC(409)   Post Evacuate Collection Set: 0.5ms
[2024-08-28T01:10:13.955+0000][info][gc,phases   ] GC(409)   Other: 1.0ms
[2024-08-28T01:10:13.955+0000][info][gc,heap     ] GC(409) Eden regions: 89->0(89)
[2024-08-28T01:10:13.955+0000][info][gc,heap     ] GC(409) Survivor regions: 13->13(13)
[2024-08-28T01:10:13.955+0000][info][gc,heap     ] GC(409) Old regions: 1486->1457
[2024-08-28T01:10:13.955+0000][info][gc,heap     ] GC(409) Archive regions: 2->2
[2024-08-28T01:10:13.955+0000][info][gc,heap     ] GC(409) Humongous regions: 5->5
[2024-08-28T01:10:13.955+0000][info][gc,metaspace] GC(409) Metaspace: 100K(320K)->100K(320K) NonClass: 96K(192K)->96K(192K) Class: 4K(128K)->4K(128K)
[2024-08-28T01:10:13.955+0000][info][gc          ] GC(409) Pause Young (Mixed) (G1 Evacuation Pause) 1593M->1475M(2048M) 17.897ms
[2024-08-28T01:10:13.955+0000][info][gc,cpu      ] GC(409) User=0.74s Sys=0.00s Real=0.02s
[2024-08-28T01:10:14.003+0000][info][gc,start    ] GC(410) Pause Young (Mixed) (G1 Evacuation Pause)
[2024-08-28T01:10:14.003+0000][info][gc,task     ] GC(410) Using 49 workers of 68 for evacuation
[2024-08-28T01:10:14.020+0000][info][gc,phases   ] GC(410)   Pre Evacuate Collection Set: 0.4ms
[2024-08-28T01:10:14.020+0000][info][gc,phases   ] GC(410)   Merge Heap Roots: 0.4ms
[2024-08-28T01:10:14.020+0000][info][gc,phases   ] GC(410)   Evacuate Collection Set: 15.2ms
[2024-08-28T01:10:14.020+0000][info][gc,phases   ] GC(410)   Post Evacuate Collection Set: 0.5ms
[2024-08-28T01:10:14.020+0000][info][gc,phases   ] GC(410)   Other: 0.2ms
[2024-08-28T01:10:14.020+0000][info][gc,heap     ] GC(410) Eden regions: 89->0(89)
[2024-08-28T01:10:14.020+0000][info][gc,heap     ] GC(410) Survivor regions: 13->13(13)
[2024-08-28T01:10:14.020+0000][info][gc,heap     ] GC(410) Old regions: 1457->1429
[2024-08-28T01:10:14.020+0000][info][gc,heap     ] GC(410) Archive regions: 2->2
[2024-08-28T01:10:14.020+0000][info][gc,heap     ] GC(410) Humongous regions: 5->5
[2024-08-28T01:10:14.020+0000][info][gc,metaspace] GC(410) Metaspace: 100K(320K)->100K(320K) NonClass: 96K(192K)->96K(192K) Class: 4K(128K)->4K(128K)
[2024-08-28T01:10:14.020+0000][info][gc          ] GC(410) Pause Young (Mixed) (G1 Evacuation Pause) 1564M->1447M(2048M) 16.800ms
[2024-08-28T01:10:14.020+0000][info][gc,cpu      ] GC(410) User=0.73s Sys=0.02s Real=0.02s
[2024-08-28T01:10:14.068+0000][info][gc,start    ] GC(411) Pause Young (Mixed) (G1 Evacuation Pause)
[2024-08-28T01:10:14.068+0000][info][gc,task     ] GC(411) Using 49 workers of 68 for evacuation
[2024-08-28T01:10:14.085+0000][info][gc,phases   ] GC(411)   Pre Evacuate Collection Set: 0.4ms
[2024-08-28T01:10:14.085+0000][info][gc,phases   ] GC(411)   Merge Heap Roots: 0.6ms
[2024-08-28T01:10:14.085+0000][info][gc,phases   ] GC(411)   Evacuate Collection Set: 15.2ms
[2024-08-28T01:10:14.085+0000][info][gc,phases   ] GC(411)   Post Evacuate Collection Set: 0.5ms
[2024-08-28T01:10:14.085+0000][info][gc,phases   ] GC(411)   Other: 0.2ms
[2024-08-28T01:10:14.085+0000][info][gc,heap     ] GC(411) Eden regions: 89->0(89)
[2024-08-28T01:10:14.085+0000][info][gc,heap     ] GC(411) Survivor regions: 13->13(13)
[2024-08-28T01:10:14.085+0000][info][gc,heap     ] GC(411) Old regions: 1429->1399
[2024-08-28T01:10:14.085+0000][info][gc,heap     ] GC(411) Archive regions: 2->2
[2024-08-28T01:10:14.085+0000][info][gc,heap     ] GC(411) Humongous regions: 5->5
[2024-08-28T01:10:14.085+0000][info][gc,metaspace] GC(411) Metaspace: 100K(320K)->100K(320K) NonClass: 96K(192K)->96K(192K) Class: 4K(128K)->4K(128K)
[2024-08-28T01:10:14.085+0000][info][gc          ] GC(411) Pause Young (Mixed) (G1 Evacuation Pause) 1536M->1417M(2048M) 16.936ms
[2024-08-28T01:10:14.085+0000][info][gc,cpu      ] GC(411) User=0.73s Sys=0.01s Real=0.02s
[2024-08-28T01:10:14.134+0000][info][gc,start    ] GC(412) Pause Young (Mixed) (G1 Evacuation Pause)
[2024-08-28T01:10:14.134+0000][info][gc,task     ] GC(412) Using 49 workers of 68 for evacuation
[2024-08-28T01:10:14.150+0000][info][gc,phases   ] GC(412)   Pre Evacuate Collection Set: 0.4ms
[2024-08-28T01:10:14.150+0000][info][gc,phases   ] GC(412)   Merge Heap Roots: 0.4ms
[2024-08-28T01:10:14.150+0000][info][gc,phases   ] GC(412)   Evacuate Collection Set: 15.4ms
[2024-08-28T01:10:14.150+0000][info][gc,phases   ] GC(412)   Post Evacuate Collection Set: 0.5ms
[2024-08-28T01:10:14.150+0000][info][gc,phases   ] GC(412)   Other: 0.2ms
[2024-08-28T01:10:14.150+0000][info][gc,heap     ] GC(412) Eden regions: 89->0(132)
[2024-08-28T01:10:14.150+0000][info][gc,heap     ] GC(412) Survivor regions: 13->13(13)
[2024-08-28T01:10:14.150+0000][info][gc,heap     ] GC(412) Old regions: 1399->1410
[2024-08-28T01:10:14.151+0000][info][gc,heap     ] GC(412) Archive regions: 2->2
[2024-08-28T01:10:14.151+0000][info][gc,heap     ] GC(412) Humongous regions: 5->5
[2024-08-28T01:10:14.151+0000][info][gc,metaspace] GC(412) Metaspace: 100K(320K)->100K(320K) NonClass: 96K(192K)->96K(192K) Class: 4K(128K)->4K(128K)
[2024-08-28T01:10:14.151+0000][info][gc          ] GC(412) Pause Young (Mixed) (G1 Evacuation Pause) 1506M->1428M(2048M) 16.977ms
[2024-08-28T01:10:14.151+0000][info][gc,cpu      ] GC(412) User=0.73s Sys=0.01s Real=0.02s
[2024-08-28T01:10:14.222+0000][info][gc,start    ] GC(413) Pause Young (Concurrent Start) (G1 Evacuation Pause)
[2024-08-28T01:10:14.222+0000][info][gc,task     ] GC(413) Using 49 workers of 68 for evacuation
[2024-08-28T01:10:14.245+0000][info][gc,phases   ] GC(413)   Pre Evacuate Collection Set: 0.4ms
[2024-08-28T01:10:14.245+0000][info][gc,phases   ] GC(413)   Merge Heap Roots: 0.5ms
[2024-08-28T01:10:14.245+0000][info][gc,phases   ] GC(413)   Evacuate Collection Set: 20.5ms
[2024-08-28T01:10:14.245+0000][info][gc,phases   ] GC(413)   Post Evacuate Collection Set: 0.5ms
[2024-08-28T01:10:14.245+0000][info][gc,phases   ] GC(413)   Other: 0.7ms
[2024-08-28T01:10:14.245+0000][info][gc,heap     ] GC(413) Eden regions: 132->0(88)
[2024-08-28T01:10:14.245+0000][info][gc,heap     ] GC(413) Survivor regions: 13->19(19)
[2024-08-28T01:10:14.245+0000][info][gc,heap     ] GC(413) Old regions: 1410->1538
[2024-08-28T01:10:14.245+0000][info][gc,heap     ] GC(413) Archive regions: 2->2
[2024-08-28T01:10:14.245+0000][info][gc,heap     ] GC(413) Humongous regions: 5->5
[2024-08-28T01:10:14.245+0000][info][gc,metaspace] GC(413) Metaspace: 100K(320K)->100K(320K) NonClass: 96K(192K)->96K(192K) Class: 4K(128K)->4K(128K)
[2024-08-28T01:10:14.245+0000][info][gc          ] GC(413) Pause Young (Concurrent Start) (G1 Evacuation Pause) 1560M->1562M(2048M) 22.734ms
[2024-08-28T01:10:14.245+0000][info][gc,cpu      ] GC(413) User=0.99s Sys=0.01s Real=0.02s
[2024-08-28T01:10:14.245+0000][info][gc          ] GC(414) Concurrent Mark Cycle
[2024-08-28T01:10:14.245+0000][info][gc,marking  ] GC(414) Concurrent Clear Claimed Marks
[2024-08-28T01:10:14.245+0000][info][gc,marking  ] GC(414) Concurrent Clear Claimed Marks 0.012ms
[2024-08-28T01:10:14.245+0000][info][gc,marking  ] GC(414) Concurrent Scan Root Regions
[2024-08-28T01:10:14.249+0000][info][gc,marking  ] GC(414) Concurrent Scan Root Regions 3.823ms
[2024-08-28T01:10:14.249+0000][info][gc,marking  ] GC(414) Concurrent Mark
[2024-08-28T01:10:14.249+0000][info][gc,marking  ] GC(414) Concurrent Mark From Roots
[2024-08-28T01:10:14.249+0000][info][gc,task     ] GC(414) Using 17 workers of 17 for marking
[2024-08-28T01:10:14.270+0000][info][gc,marking  ] GC(414) Concurrent Mark From Roots 20.823ms
[2024-08-28T01:10:14.270+0000][info][gc,marking  ] GC(414) Concurrent Preclean
[2024-08-28T01:10:14.271+0000][info][gc,marking  ] GC(414) Concurrent Preclean 0.715ms
[2024-08-28T01:10:14.271+0000][info][gc,start    ] GC(414) Pause Remark
[2024-08-28T01:10:14.273+0000][info][gc          ] GC(414) Pause Remark 1595M->1398M(2048M) 1.963ms
[2024-08-28T01:10:14.273+0000][info][gc,cpu      ] GC(414) User=0.02s Sys=0.00s Real=0.00s
[2024-08-28T01:10:14.273+0000][info][gc,marking  ] GC(414) Concurrent Mark 23.965ms
[2024-08-28T01:10:14.273+0000][info][gc,marking  ] GC(414) Concurrent Rebuild Remembered Sets
[2024-08-28T01:10:14.303+0000][info][gc,start    ] GC(415) Pause Young (Normal) (G1 Evacuation Pause)
[2024-08-28T01:10:14.303+0000][info][gc,task     ] GC(415) Using 49 workers of 68 for evacuation
[2024-08-28T01:10:14.322+0000][info][gc,phases   ] GC(415)   Pre Evacuate Collection Set: 0.3ms
[2024-08-28T01:10:14.322+0000][info][gc,phases   ] GC(415)   Merge Heap Roots: 0.6ms
[2024-08-28T01:10:14.322+0000][info][gc,phases   ] GC(415)   Evacuate Collection Set: 16.4ms
[2024-08-28T01:10:14.322+0000][info][gc,phases   ] GC(415)   Post Evacuate Collection Set: 1.1ms
[2024-08-28T01:10:14.322+0000][info][gc,phases   ] GC(415)   Other: 0.2ms
[2024-08-28T01:10:14.322+0000][info][gc,heap     ] GC(415) Eden regions: 88->0(121)
[2024-08-28T01:10:14.322+0000][info][gc,heap     ] GC(415) Survivor regions: 19->14(14)
[2024-08-28T01:10:14.322+0000][info][gc,heap     ] GC(415) Old regions: 1341->1441
[2024-08-28T01:10:14.322+0000][info][gc,heap     ] GC(415) Archive regions: 2->2
[2024-08-28T01:10:14.322+0000][info][gc,heap     ] GC(415) Humongous regions: 5->5
[2024-08-28T01:10:14.322+0000][info][gc,metaspace] GC(415) Metaspace: 100K(320K)->100K(320K) NonClass: 96K(192K)->96K(192K) Class: 4K(128K)->4K(128K)
[2024-08-28T01:10:14.322+0000][info][gc          ] GC(415) Pause Young (Normal) (G1 Evacuation Pause) 1453M->1460M(2048M) 18.751ms
[2024-08-28T01:10:14.322+0000][info][gc,cpu      ] GC(415) User=0.79s Sys=0.01s Real=0.02s
[2024-08-28T01:10:14.337+0000][info][gc,marking  ] GC(414) Concurrent Rebuild Remembered Sets 63.826ms
[2024-08-28T01:10:14.337+0000][info][gc,start    ] GC(414) Pause Cleanup
[2024-08-28T01:10:14.340+0000][info][gc          ] GC(414) Pause Cleanup 1485M->1485M(2048M) 3.123ms
[2024-08-28T01:10:14.340+0000][info][gc,cpu      ] GC(414) User=0.02s Sys=0.00s Real=0.01s
[2024-08-28T01:10:14.340+0000][info][gc,marking  ] GC(414) Concurrent Cleanup for Next Mark
[2024-08-28T01:10:14.343+0000][info][gc,marking  ] GC(414) Concurrent Cleanup for Next Mark 2.450ms
[2024-08-28T01:10:14.343+0000][info][gc          ] GC(414) Concurrent Mark Cycle 97.794ms
[2024-08-28T01:10:14.391+0000][info][gc,start    ] GC(416) Pause Young (Prepare Mixed) (G1 Evacuation Pause)
[2024-08-28T01:10:14.391+0000][info][gc,task     ] GC(416) Using 49 workers of 68 for evacuation
[2024-08-28T01:10:14.416+0000][info][gc,phases   ] GC(416)   Pre Evacuate Collection Set: 0.5ms
[2024-08-28T01:10:14.416+0000][info][gc,phases   ] GC(416)   Merge Heap Roots: 0.8ms
[2024-08-28T01:10:14.416+0000][info][gc,phases   ] GC(416)   Evacuate Collection Set: 23.0ms
[2024-08-28T01:10:14.416+0000][info][gc,phases   ] GC(416)   Post Evacuate Collection Set: 0.5ms
[2024-08-28T01:10:14.416+0000][info][gc,phases   ] GC(416)   Other: 0.3ms
[2024-08-28T01:10:14.416+0000][info][gc,heap     ] GC(416) Eden regions: 121->0(85)
[2024-08-28T01:10:14.416+0000][info][gc,heap     ] GC(416) Survivor regions: 14->17(17)
[2024-08-28T01:10:14.416+0000][info][gc,heap     ] GC(416) Old regions: 1441->1562
[2024-08-28T01:10:14.416+0000][info][gc,heap     ] GC(416) Archive regions: 2->2
[2024-08-28T01:10:14.416+0000][info][gc,heap     ] GC(416) Humongous regions: 5->5
[2024-08-28T01:10:14.416+0000][info][gc,metaspace] GC(416) Metaspace: 100K(320K)->100K(320K) NonClass: 96K(192K)->96K(192K) Class: 4K(128K)->4K(128K)
[2024-08-28T01:10:14.416+0000][info][gc          ] GC(416) Pause Young (Prepare Mixed) (G1 Evacuation Pause) 1581M->1584M(2048M) 25.110ms
[2024-08-28T01:10:14.416+0000][info][gc,cpu      ] GC(416) User=1.12s Sys=0.01s Real=0.02s
[2024-08-28T01:10:14.458+0000][info][gc,start    ] GC(417) Pause Young (Mixed) (G1 Evacuation Pause)
[2024-08-28T01:10:14.458+0000][info][gc,task     ] GC(417) Using 49 workers of 68 for evacuation
[2024-08-28T01:10:14.475+0000][info][gc,phases   ] GC(417)   Pre Evacuate Collection Set: 0.4ms
[2024-08-28T01:10:14.475+0000][info][gc,phases   ] GC(417)   Merge Heap Roots: 0.4ms
[2024-08-28T01:10:14.475+0000][info][gc,phases   ] GC(417)   Evacuate Collection Set: 15.8ms
[2024-08-28T01:10:14.475+0000][info][gc,phases   ] GC(417)   Post Evacuate Collection Set: 0.8ms
[2024-08-28T01:10:14.475+0000][info][gc,phases   ] GC(417)   Other: 0.3ms
[2024-08-28T01:10:14.475+0000][info][gc,heap     ] GC(417) Eden regions: 85->0(89)
[2024-08-28T01:10:14.475+0000][info][gc,heap     ] GC(417) Survivor regions: 17->13(13)
[2024-08-28T01:10:14.475+0000][info][gc,heap     ] GC(417) Old regions: 1562->1534
[2024-08-28T01:10:14.475+0000][info][gc,heap     ] GC(417) Archive regions: 2->2
[2024-08-28T01:10:14.475+0000][info][gc,heap     ] GC(417) Humongous regions: 5->5
[2024-08-28T01:10:14.475+0000][info][gc,metaspace] GC(417) Metaspace: 100K(320K)->100K(320K) NonClass: 96K(192K)->96K(192K) Class: 4K(128K)->4K(128K)
[2024-08-28T01:10:14.475+0000][info][gc          ] GC(417) Pause Young (Mixed) (G1 Evacuation Pause) 1669M->1552M(2048M) 17.782ms
[2024-08-28T01:10:14.475+0000][info][gc,cpu      ] GC(417) User=0.61s Sys=0.16s Real=0.01s
[2024-08-28T01:10:14.518+0000][info][gc,start    ] GC(418) Pause Young (Mixed) (G1 Evacuation Pause)
[2024-08-28T01:10:14.518+0000][info][gc,task     ] GC(418) Using 49 workers of 68 for evacuation
[2024-08-28T01:10:14.535+0000][info][gc,phases   ] GC(418)   Pre Evacuate Collection Set: 0.4ms
[2024-08-28T01:10:14.535+0000][info][gc,phases   ] GC(418)   Merge Heap Roots: 0.6ms
[2024-08-28T01:10:14.535+0000][info][gc,phases   ] GC(418)   Evacuate Collection Set: 15.2ms
[2024-08-28T01:10:14.535+0000][info][gc,phases   ] GC(418)   Post Evacuate Collection Set: 0.5ms
[2024-08-28T01:10:14.535+0000][info][gc,phases   ] GC(418)   Other: 0.2ms
[2024-08-28T01:10:14.535+0000][info][gc,heap     ] GC(418) Eden regions: 89->0(89)
[2024-08-28T01:10:14.535+0000][info][gc,heap     ] GC(418) Survivor regions: 13->13(13)
[2024-08-28T01:10:14.535+0000][info][gc,heap     ] GC(418) Old regions: 1534->1506
[2024-08-28T01:10:14.535+0000][info][gc,heap     ] GC(418) Archive regions: 2->2
[2024-08-28T01:10:14.535+0000][info][gc,heap     ] GC(418) Humongous regions: 5->5
[2024-08-28T01:10:14.535+0000][info][gc,metaspace] GC(418) Metaspace: 100K(320K)->100K(320K) NonClass: 96K(192K)->96K(192K) Class: 4K(128K)->4K(128K)
[2024-08-28T01:10:14.536+0000][info][gc          ] GC(418) Pause Young (Mixed) (G1 Evacuation Pause) 1641M->1524M(2048M) 17.092ms
[2024-08-28T01:10:14.536+0000][info][gc,cpu      ] GC(418) User=0.74s Sys=0.01s Real=0.01s
[2024-08-28T01:10:14.579+0000][info][gc,start    ] GC(419) Pause Young (Mixed) (G1 Evacuation Pause)
[2024-08-28T01:10:14.579+0000][info][gc,task     ] GC(419) Using 49 workers of 68 for evacuation
[2024-08-28T01:10:14.595+0000][info][gc,phases   ] GC(419)   Pre Evacuate Collection Set: 0.4ms
[2024-08-28T01:10:14.595+0000][info][gc,phases   ] GC(419)   Merge Heap Roots: 0.4ms
[2024-08-28T01:10:14.595+0000][info][gc,phases   ] GC(419)   Evacuate Collection Set: 14.9ms
[2024-08-28T01:10:14.595+0000][info][gc,phases   ] GC(419)   Post Evacuate Collection Set: 0.5ms
[2024-08-28T01:10:14.595+0000][info][gc,phases   ] GC(419)   Other: 0.2ms
[2024-08-28T01:10:14.595+0000][info][gc,heap     ] GC(419) Eden regions: 89->0(89)
[2024-08-28T01:10:14.595+0000][info][gc,heap     ] GC(419) Survivor regions: 13->13(13)
[2024-08-28T01:10:14.595+0000][info][gc,heap     ] GC(419) Old regions: 1506->1476
[2024-08-28T01:10:14.595+0000][info][gc,heap     ] GC(419) Archive regions: 2->2
[2024-08-28T01:10:14.595+0000][info][gc,heap     ] GC(419) Humongous regions: 5->5
[2024-08-28T01:10:14.595+0000][info][gc,metaspace] GC(419) Metaspace: 100K(320K)->100K(320K) NonClass: 96K(192K)->96K(192K) Class: 4K(128K)->4K(128K)
[2024-08-28T01:10:14.596+0000][info][gc          ] GC(419) Pause Young (Mixed) (G1 Evacuation Pause) 1613M->1494M(2048M) 16.533ms
[2024-08-28T01:10:14.596+0000][info][gc,cpu      ] GC(419) User=0.73s Sys=0.00s Real=0.01s
[2024-08-28T01:10:14.638+0000][info][gc,start    ] GC(420) Pause Young (Mixed) (G1 Evacuation Pause)
[2024-08-28T01:10:14.638+0000][info][gc,task     ] GC(420) Using 49 workers of 68 for evacuation
[2024-08-28T01:10:14.655+0000][info][gc,phases   ] GC(420)   Pre Evacuate Collection Set: 0.4ms
[2024-08-28T01:10:14.655+0000][info][gc,phases   ] GC(420)   Merge Heap Roots: 0.5ms
[2024-08-28T01:10:14.655+0000][info][gc,phases   ] GC(420)   Evacuate Collection Set: 14.8ms
[2024-08-28T01:10:14.655+0000][info][gc,phases   ] GC(420)   Post Evacuate Collection Set: 0.5ms
[2024-08-28T01:10:14.655+0000][info][gc,phases   ] GC(420)   Other: 0.3ms
[2024-08-28T01:10:14.655+0000][info][gc,heap     ] GC(420) Eden regions: 89->0(89)
[2024-08-28T01:10:14.655+0000][info][gc,heap     ] GC(420) Survivor regions: 13->13(13)
[2024-08-28T01:10:14.655+0000][info][gc,heap     ] GC(420) Old regions: 1476->1446
[2024-08-28T01:10:14.655+0000][info][gc,heap     ] GC(420) Archive regions: 2->2
[2024-08-28T01:10:14.655+0000][info][gc,heap     ] GC(420) Humongous regions: 5->5
[2024-08-28T01:10:14.655+0000][info][gc,metaspace] GC(420) Metaspace: 100K(320K)->100K(320K) NonClass: 96K(192K)->96K(192K) Class: 4K(128K)->4K(128K)
[2024-08-28T01:10:14.655+0000][info][gc          ] GC(420) Pause Young (Mixed) (G1 Evacuation Pause) 1583M->1464M(2048M) 16.634ms
[2024-08-28T01:10:14.655+0000][info][gc,cpu      ] GC(420) User=0.74s Sys=0.00s Real=0.01s
[2024-08-28T01:10:14.696+0000][info][gc,start    ] GC(421) Pause Young (Mixed) (G1 Evacuation Pause)
[2024-08-28T01:10:14.696+0000][info][gc,task     ] GC(421) Using 49 workers of 68 for evacuation
[2024-08-28T01:10:14.713+0000][info][gc,phases   ] GC(421)   Pre Evacuate Collection Set: 0.4ms
[2024-08-28T01:10:14.713+0000][info][gc,phases   ] GC(421)   Merge Heap Roots: 0.4ms
[2024-08-28T01:10:14.713+0000][info][gc,phases   ] GC(421)   Evacuate Collection Set: 15.2ms
[2024-08-28T01:10:14.713+0000][info][gc,phases   ] GC(421)   Post Evacuate Collection Set: 0.5ms
[2024-08-28T01:10:14.713+0000][info][gc,phases   ] GC(421)   Other: 0.2ms
[2024-08-28T01:10:14.713+0000][info][gc,heap     ] GC(421) Eden regions: 89->0(89)
[2024-08-28T01:10:14.713+0000][info][gc,heap     ] GC(421) Survivor regions: 13->13(13)
[2024-08-28T01:10:14.713+0000][info][gc,heap     ] GC(421) Old regions: 1446->1418
[2024-08-28T01:10:14.713+0000][info][gc,heap     ] GC(421) Archive regions: 2->2
[2024-08-28T01:10:14.713+0000][info][gc,heap     ] GC(421) Humongous regions: 5->5
[2024-08-28T01:10:14.713+0000][info][gc,metaspace] GC(421) Metaspace: 100K(320K)->100K(320K) NonClass: 96K(192K)->96K(192K) Class: 4K(128K)->4K(128K)
[2024-08-28T01:10:14.713+0000][info][gc          ] GC(421) Pause Young (Mixed) (G1 Evacuation Pause) 1553M->1436M(2048M) 16.882ms
[2024-08-28T01:10:14.713+0000][info][gc,cpu      ] GC(421) User=0.73s Sys=0.01s Real=0.02s
[2024-08-28T01:10:14.755+0000][info][gc,start    ] GC(422) Pause Young (Mixed) (G1 Evacuation Pause)
[2024-08-28T01:10:14.755+0000][info][gc,task     ] GC(422) Using 49 workers of 68 for evacuation
[2024-08-28T01:10:14.772+0000][info][gc,phases   ] GC(422)   Pre Evacuate Collection Set: 0.4ms
[2024-08-28T01:10:14.772+0000][info][gc,phases   ] GC(422)   Merge Heap Roots: 0.6ms
[2024-08-28T01:10:14.772+0000][info][gc,phases   ] GC(422)   Evacuate Collection Set: 15.0ms
[2024-08-28T01:10:14.772+0000][info][gc,phases   ] GC(422)   Post Evacuate Collection Set: 0.5ms
[2024-08-28T01:10:14.772+0000][info][gc,phases   ] GC(422)   Other: 0.2ms
[2024-08-28T01:10:14.772+0000][info][gc,heap     ] GC(422) Eden regions: 89->0(89)
[2024-08-28T01:10:14.772+0000][info][gc,heap     ] GC(422) Survivor regions: 13->13(13)
[2024-08-28T01:10:14.772+0000][info][gc,heap     ] GC(422) Old regions: 1418->1388
[2024-08-28T01:10:14.772+0000][info][gc,heap     ] GC(422) Archive regions: 2->2
[2024-08-28T01:10:14.772+0000][info][gc,heap     ] GC(422) Humongous regions: 5->5
[2024-08-28T01:10:14.772+0000][info][gc,metaspace] GC(422) Metaspace: 100K(320K)->100K(320K) NonClass: 96K(192K)->96K(192K) Class: 4K(128K)->4K(128K)
[2024-08-28T01:10:14.772+0000][info][gc          ] GC(422) Pause Young (Mixed) (G1 Evacuation Pause) 1525M->1406M(2048M) 16.841ms
[2024-08-28T01:10:14.772+0000][info][gc,cpu      ] GC(422) User=0.73s Sys=0.01s Real=0.02s
[2024-08-28T01:10:14.814+0000][info][gc,start    ] GC(423) Pause Young (Mixed) (G1 Evacuation Pause)
[2024-08-28T01:10:14.814+0000][info][gc,task     ] GC(423) Using 49 workers of 68 for evacuation
[2024-08-28T01:10:14.831+0000][info][gc,phases   ] GC(423)   Pre Evacuate Collection Set: 0.4ms
[2024-08-28T01:10:14.831+0000][info][gc,phases   ] GC(423)   Merge Heap Roots: 0.4ms
[2024-08-28T01:10:14.831+0000][info][gc,phases   ] GC(423)   Evacuate Collection Set: 14.9ms
[2024-08-28T01:10:14.831+0000][info][gc,phases   ] GC(423)   Post Evacuate Collection Set: 0.5ms
[2024-08-28T01:10:14.831+0000][info][gc,phases   ] GC(423)   Other: 0.2ms
[2024-08-28T01:10:14.831+0000][info][gc,heap     ] GC(423) Eden regions: 89->0(132)
[2024-08-28T01:10:14.831+0000][info][gc,heap     ] GC(423) Survivor regions: 13->13(13)
[2024-08-28T01:10:14.831+0000][info][gc,heap     ] GC(423) Old regions: 1388->1408
[2024-08-28T01:10:14.831+0000][info][gc,heap     ] GC(423) Archive regions: 2->2
[2024-08-28T01:10:14.831+0000][info][gc,heap     ] GC(423) Humongous regions: 5->5
[2024-08-28T01:10:14.831+0000][info][gc,metaspace] GC(423) Metaspace: 100K(320K)->100K(320K) NonClass: 96K(192K)->96K(192K) Class: 4K(128K)->4K(128K)
[2024-08-28T01:10:14.831+0000][info][gc          ] GC(423) Pause Young (Mixed) (G1 Evacuation Pause) 1495M->1426M(2048M) 16.373ms
[2024-08-28T01:10:14.831+0000][info][gc,cpu      ] GC(423) User=0.72s Sys=0.00s Real=0.02s
[2024-08-28T01:10:14.893+0000][info][gc,start    ] GC(424) Pause Young (Concurrent Start) (G1 Evacuation Pause)
[2024-08-28T01:10:14.893+0000][info][gc,task     ] GC(424) Using 49 workers of 68 for evacuation
[2024-08-28T01:10:14.916+0000][info][gc,phases   ] GC(424)   Pre Evacuate Collection Set: 0.4ms
[2024-08-28T01:10:14.916+0000][info][gc,phases   ] GC(424)   Merge Heap Roots: 0.5ms
[2024-08-28T01:10:14.916+0000][info][gc,phases   ] GC(424)   Evacuate Collection Set: 20.1ms
[2024-08-28T01:10:14.916+0000][info][gc,phases   ] GC(424)   Post Evacuate Collection Set: 0.5ms
[2024-08-28T01:10:14.916+0000][info][gc,phases   ] GC(424)   Other: 0.8ms
[2024-08-28T01:10:14.916+0000][info][gc,heap     ] GC(424) Eden regions: 132->0(89)
[2024-08-28T01:10:14.916+0000][info][gc,heap     ] GC(424) Survivor regions: 13->19(19)
[2024-08-28T01:10:14.916+0000][info][gc,heap     ] GC(424) Old regions: 1408->1537
[2024-08-28T01:10:14.916+0000][info][gc,heap     ] GC(424) Archive regions: 2->2
[2024-08-28T01:10:14.916+0000][info][gc,heap     ] GC(424) Humongous regions: 5->5
[2024-08-28T01:10:14.916+0000][info][gc,metaspace] GC(424) Metaspace: 100K(320K)->100K(320K) NonClass: 96K(192K)->96K(192K) Class: 4K(128K)->4K(128K)
[2024-08-28T01:10:14.916+0000][info][gc          ] GC(424) Pause Young (Concurrent Start) (G1 Evacuation Pause) 1558M->1561M(2048M) 22.354ms
[2024-08-28T01:10:14.916+0000][info][gc,cpu      ] GC(424) User=0.96s Sys=0.03s Real=0.02s
[2024-08-28T01:10:14.916+0000][info][gc          ] GC(425) Concurrent Mark Cycle
[2024-08-28T01:10:14.916+0000][info][gc,marking  ] GC(425) Concurrent Clear Claimed Marks
[2024-08-28T01:10:14.916+0000][info][gc,marking  ] GC(425) Concurrent Clear Claimed Marks 0.012ms
[2024-08-28T01:10:14.916+0000][info][gc,marking  ] GC(425) Concurrent Scan Root Regions
[2024-08-28T01:10:14.920+0000][info][gc,marking  ] GC(425) Concurrent Scan Root Regions 3.895ms
[2024-08-28T01:10:14.920+0000][info][gc,marking  ] GC(425) Concurrent Mark
[2024-08-28T01:10:14.920+0000][info][gc,marking  ] GC(425) Concurrent Mark From Roots
[2024-08-28T01:10:14.920+0000][info][gc,task     ] GC(425) Using 17 workers of 17 for marking
[2024-08-28T01:10:14.941+0000][info][gc,marking  ] GC(425) Concurrent Mark From Roots 21.180ms
[2024-08-28T01:10:14.941+0000][info][gc,marking  ] GC(425) Concurrent Preclean
[2024-08-28T01:10:14.942+0000][info][gc,marking  ] GC(425) Concurrent Preclean 0.533ms
[2024-08-28T01:10:14.942+0000][info][gc,start    ] GC(425) Pause Remark
[2024-08-28T01:10:14.944+0000][info][gc          ] GC(425) Pause Remark 1597M->1393M(2048M) 2.161ms
[2024-08-28T01:10:14.944+0000][info][gc,cpu      ] GC(425) User=0.03s Sys=0.00s Real=0.00s
[2024-08-28T01:10:14.944+0000][info][gc,marking  ] GC(425) Concurrent Mark 24.308ms
[2024-08-28T01:10:14.944+0000][info][gc,marking  ] GC(425) Concurrent Rebuild Remembered Sets
[2024-08-28T01:10:14.972+0000][info][gc,start    ] GC(426) Pause Young (Normal) (G1 Evacuation Pause)
[2024-08-28T01:10:14.972+0000][info][gc,task     ] GC(426) Using 49 workers of 68 for evacuation
[2024-08-28T01:10:14.989+0000][info][gc,phases   ] GC(426)   Pre Evacuate Collection Set: 0.4ms
[2024-08-28T01:10:14.989+0000][info][gc,phases   ] GC(426)   Merge Heap Roots: 0.5ms
[2024-08-28T01:10:14.989+0000][info][gc,phases   ] GC(426)   Evacuate Collection Set: 15.5ms
[2024-08-28T01:10:14.989+0000][info][gc,phases   ] GC(426)   Post Evacuate Collection Set: 0.7ms
[2024-08-28T01:10:14.989+0000][info][gc,phases   ] GC(426)   Other: 0.2ms
[2024-08-28T01:10:14.989+0000][info][gc,heap     ] GC(426) Eden regions: 89->0(124)
[2024-08-28T01:10:14.989+0000][info][gc,heap     ] GC(426) Survivor regions: 19->14(14)
[2024-08-28T01:10:14.989+0000][info][gc,heap     ] GC(426) Old regions: 1333->1432
[2024-08-28T01:10:14.989+0000][info][gc,heap     ] GC(426) Archive regions: 2->2
[2024-08-28T01:10:14.989+0000][info][gc,heap     ] GC(426) Humongous regions: 5->5
[2024-08-28T01:10:14.989+0000][info][gc,metaspace] GC(426) Metaspace: 100K(320K)->100K(320K) NonClass: 96K(192K)->96K(192K) Class: 4K(128K)->4K(128K)
[2024-08-28T01:10:14.989+0000][info][gc          ] GC(426) Pause Young (Normal) (G1 Evacuation Pause) 1446M->1451M(2048M) 17.556ms
[2024-08-28T01:10:14.989+0000][info][gc,cpu      ] GC(426) User=0.77s Sys=0.01s Real=0.01s
[2024-08-28T01:10:15.007+0000][info][gc,marking  ] GC(425) Concurrent Rebuild Remembered Sets 63.395ms
[2024-08-28T01:10:15.008+0000][info][gc,start    ] GC(425) Pause Cleanup
[2024-08-28T01:10:15.011+0000][info][gc          ] GC(425) Pause Cleanup 1485M->1485M(2048M) 2.836ms
[2024-08-28T01:10:15.011+0000][info][gc,cpu      ] GC(425) User=0.01s Sys=0.00s Real=0.01s
[2024-08-28T01:10:15.011+0000][info][gc,marking  ] GC(425) Concurrent Cleanup for Next Mark
[2024-08-28T01:10:15.013+0000][info][gc,marking  ] GC(425) Concurrent Cleanup for Next Mark 1.929ms
[2024-08-28T01:10:15.013+0000][info][gc          ] GC(425) Concurrent Mark Cycle 96.988ms
[2024-08-28T01:10:15.056+0000][info][gc,start    ] GC(427) Pause Young (Prepare Mixed) (G1 Evacuation Pause)
[2024-08-28T01:10:15.056+0000][info][gc,task     ] GC(427) Using 49 workers of 68 for evacuation
[2024-08-28T01:10:15.081+0000][info][gc,phases   ] GC(427)   Pre Evacuate Collection Set: 0.4ms
[2024-08-28T01:10:15.081+0000][info][gc,phases   ] GC(427)   Merge Heap Roots: 0.8ms
[2024-08-28T01:10:15.081+0000][info][gc,phases   ] GC(427)   Evacuate Collection Set: 23.0ms
[2024-08-28T01:10:15.081+0000][info][gc,phases   ] GC(427)   Post Evacuate Collection Set: 0.5ms
[2024-08-28T01:10:15.081+0000][info][gc,phases   ] GC(427)   Other: 0.2ms
[2024-08-28T01:10:15.081+0000][info][gc,heap     ] GC(427) Eden regions: 124->0(84)
[2024-08-28T01:10:15.081+0000][info][gc,heap     ] GC(427) Survivor regions: 14->18(18)
[2024-08-28T01:10:15.081+0000][info][gc,heap     ] GC(427) Old regions: 1432->1556
[2024-08-28T01:10:15.081+0000][info][gc,heap     ] GC(427) Archive regions: 2->2
[2024-08-28T01:10:15.081+0000][info][gc,heap     ] GC(427) Humongous regions: 5->5
[2024-08-28T01:10:15.081+0000][info][gc,metaspace] GC(427) Metaspace: 100K(320K)->100K(320K) NonClass: 96K(192K)->96K(192K) Class: 4K(128K)->4K(128K)
[2024-08-28T01:10:15.081+0000][info][gc          ] GC(427) Pause Young (Prepare Mixed) (G1 Evacuation Pause) 1575M->1579M(2048M) 25.003ms
[2024-08-28T01:10:15.081+0000][info][gc,cpu      ] GC(427) User=1.12s Sys=0.02s Real=0.03s
[2024-08-28T01:10:15.122+0000][info][gc,start    ] GC(428) Pause Young (Mixed) (G1 Evacuation Pause)
[2024-08-28T01:10:15.122+0000][info][gc,task     ] GC(428) Using 49 workers of 68 for evacuation
[2024-08-28T01:10:15.139+0000][info][gc,phases   ] GC(428)   Pre Evacuate Collection Set: 0.5ms
[2024-08-28T01:10:15.139+0000][info][gc,phases   ] GC(428)   Merge Heap Roots: 0.4ms
[2024-08-28T01:10:15.139+0000][info][gc,phases   ] GC(428)   Evacuate Collection Set: 15.1ms
[2024-08-28T01:10:15.139+0000][info][gc,phases   ] GC(428)   Post Evacuate Collection Set: 0.5ms
[2024-08-28T01:10:15.139+0000][info][gc,phases   ] GC(428)   Other: 0.3ms
[2024-08-28T01:10:15.139+0000][info][gc,heap     ] GC(428) Eden regions: 84->0(89)
[2024-08-28T01:10:15.139+0000][info][gc,heap     ] GC(428) Survivor regions: 18->13(13)
[2024-08-28T01:10:15.139+0000][info][gc,heap     ] GC(428) Old regions: 1556->1529
[2024-08-28T01:10:15.139+0000][info][gc,heap     ] GC(428) Archive regions: 2->2
[2024-08-28T01:10:15.139+0000][info][gc,heap     ] GC(428) Humongous regions: 5->5
[2024-08-28T01:10:15.139+0000][info][gc,metaspace] GC(428) Metaspace: 100K(320K)->100K(320K) NonClass: 96K(192K)->96K(192K) Class: 4K(128K)->4K(128K)
[2024-08-28T01:10:15.139+0000][info][gc          ] GC(428) Pause Young (Mixed) (G1 Evacuation Pause) 1663M->1547M(2048M) 16.767ms
[2024-08-28T01:10:15.139+0000][info][gc,cpu      ] GC(428) User=0.74s Sys=0.01s Real=0.02s
[2024-08-28T01:10:15.188+0000][info][gc,start    ] GC(429) Pause Young (Mixed) (G1 Evacuation Pause)
[2024-08-28T01:10:15.188+0000][info][gc,task     ] GC(429) Using 49 workers of 68 for evacuation
[2024-08-28T01:10:15.204+0000][info][gc,phases   ] GC(429)   Pre Evacuate Collection Set: 0.4ms
[2024-08-28T01:10:15.204+0000][info][gc,phases   ] GC(429)   Merge Heap Roots: 0.5ms
[2024-08-28T01:10:15.204+0000][info][gc,phases   ] GC(429)   Evacuate Collection Set: 15.1ms
[2024-08-28T01:10:15.204+0000][info][gc,phases   ] GC(429)   Post Evacuate Collection Set: 0.5ms
[2024-08-28T01:10:15.204+0000][info][gc,phases   ] GC(429)   Other: 0.2ms
[2024-08-28T01:10:15.204+0000][info][gc,heap     ] GC(429) Eden regions: 89->0(89)
[2024-08-28T01:10:15.204+0000][info][gc,heap     ] GC(429) Survivor regions: 13->13(13)
[2024-08-28T01:10:15.204+0000][info][gc,heap     ] GC(429) Old regions: 1529->1500
[2024-08-28T01:10:15.204+0000][info][gc,heap     ] GC(429) Archive regions: 2->2
[2024-08-28T01:10:15.204+0000][info][gc,heap     ] GC(429) Humongous regions: 5->5
[2024-08-28T01:10:15.204+0000][info][gc,metaspace] GC(429) Metaspace: 100K(320K)->100K(320K) NonClass: 96K(192K)->96K(192K) Class: 4K(128K)->4K(128K)
[2024-08-28T01:10:15.204+0000][info][gc          ] GC(429) Pause Young (Mixed) (G1 Evacuation Pause) 1636M->1518M(2048M) 16.840ms
[2024-08-28T01:10:15.204+0000][info][gc,cpu      ] GC(429) User=0.75s Sys=0.00s Real=0.02s
[2024-08-28T01:10:15.253+0000][info][gc,start    ] GC(430) Pause Young (Mixed) (G1 Evacuation Pause)
[2024-08-28T01:10:15.253+0000][info][gc,task     ] GC(430) Using 49 workers of 68 for evacuation
[2024-08-28T01:10:15.269+0000][info][gc,phases   ] GC(430)   Pre Evacuate Collection Set: 0.4ms
[2024-08-28T01:10:15.270+0000][info][gc,phases   ] GC(430)   Merge Heap Roots: 0.4ms
[2024-08-28T01:10:15.270+0000][info][gc,phases   ] GC(430)   Evacuate Collection Set: 14.8ms
[2024-08-28T01:10:15.270+0000][info][gc,phases   ] GC(430)   Post Evacuate Collection Set: 0.5ms
[2024-08-28T01:10:15.270+0000][info][gc,phases   ] GC(430)   Other: 0.2ms
[2024-08-28T01:10:15.270+0000][info][gc,heap     ] GC(430) Eden regions: 89->0(89)
[2024-08-28T01:10:15.270+0000][info][gc,heap     ] GC(430) Survivor regions: 13->13(13)
[2024-08-28T01:10:15.270+0000][info][gc,heap     ] GC(430) Old regions: 1500->1471
[2024-08-28T01:10:15.270+0000][info][gc,heap     ] GC(430) Archive regions: 2->2
[2024-08-28T01:10:15.270+0000][info][gc,heap     ] GC(430) Humongous regions: 5->5
[2024-08-28T01:10:15.270+0000][info][gc,metaspace] GC(430) Metaspace: 100K(320K)->100K(320K) NonClass: 96K(192K)->96K(192K) Class: 4K(128K)->4K(128K)
[2024-08-28T01:10:15.270+0000][info][gc          ] GC(430) Pause Young (Mixed) (G1 Evacuation Pause) 1607M->1489M(2048M) 16.416ms
[2024-08-28T01:10:15.270+0000][info][gc,cpu      ] GC(430) User=0.72s Sys=0.01s Real=0.02s
[2024-08-28T01:10:15.319+0000][info][gc,start    ] GC(431) Pause Young (Mixed) (G1 Evacuation Pause)
[2024-08-28T01:10:15.319+0000][info][gc,task     ] GC(431) Using 49 workers of 68 for evacuation
[2024-08-28T01:10:15.336+0000][info][gc,phases   ] GC(431)   Pre Evacuate Collection Set: 0.6ms
[2024-08-28T01:10:15.336+0000][info][gc,phases   ] GC(431)   Merge Heap Roots: 0.6ms
[2024-08-28T01:10:15.336+0000][info][gc,phases   ] GC(431)   Evacuate Collection Set: 15.1ms
[2024-08-28T01:10:15.336+0000][info][gc,phases   ] GC(431)   Post Evacuate Collection Set: 0.6ms
[2024-08-28T01:10:15.336+0000][info][gc,phases   ] GC(431)   Other: 0.3ms
[2024-08-28T01:10:15.336+0000][info][gc,heap     ] GC(431) Eden regions: 89->0(89)
[2024-08-28T01:10:15.336+0000][info][gc,heap     ] GC(431) Survivor regions: 13->13(13)
[2024-08-28T01:10:15.336+0000][info][gc,heap     ] GC(431) Old regions: 1471->1443
[2024-08-28T01:10:15.336+0000][info][gc,heap     ] GC(431) Archive regions: 2->2
[2024-08-28T01:10:15.336+0000][info][gc,heap     ] GC(431) Humongous regions: 5->5
[2024-08-28T01:10:15.336+0000][info][gc,metaspace] GC(431) Metaspace: 100K(320K)->100K(320K) NonClass: 96K(192K)->96K(192K) Class: 4K(128K)->4K(128K)
[2024-08-28T01:10:15.336+0000][info][gc          ] GC(431) Pause Young (Mixed) (G1 Evacuation Pause) 1578M->1461M(2048M) 17.134ms
[2024-08-28T01:10:15.336+0000][info][gc,cpu      ] GC(431) User=0.73s Sys=0.00s Real=0.01s
[2024-08-28T01:10:15.383+0000][info][gc,start    ] GC(432) Pause Young (Mixed) (G1 Evacuation Pause)
[2024-08-28T01:10:15.383+0000][info][gc,task     ] GC(432) Using 49 workers of 68 for evacuation
[2024-08-28T01:10:15.400+0000][info][gc,phases   ] GC(432)   Pre Evacuate Collection Set: 0.5ms
[2024-08-28T01:10:15.400+0000][info][gc,phases   ] GC(432)   Merge Heap Roots: 0.4ms
[2024-08-28T01:10:15.400+0000][info][gc,phases   ] GC(432)   Evacuate Collection Set: 15.3ms
[2024-08-28T01:10:15.401+0000][info][gc,phases   ] GC(432)   Post Evacuate Collection Set: 0.6ms
[2024-08-28T01:10:15.401+0000][info][gc,phases   ] GC(432)   Other: 0.3ms
[2024-08-28T01:10:15.401+0000][info][gc,heap     ] GC(432) Eden regions: 89->0(89)
[2024-08-28T01:10:15.401+0000][info][gc,heap     ] GC(432) Survivor regions: 13->13(13)
[2024-08-28T01:10:15.401+0000][info][gc,heap     ] GC(432) Old regions: 1443->1414
[2024-08-28T01:10:15.401+0000][info][gc,heap     ] GC(432) Archive regions: 2->2
[2024-08-28T01:10:15.401+0000][info][gc,heap     ] GC(432) Humongous regions: 5->5
[2024-08-28T01:10:15.401+0000][info][gc,metaspace] GC(432) Metaspace: 100K(320K)->100K(320K) NonClass: 96K(192K)->96K(192K) Class: 4K(128K)->4K(128K)
[2024-08-28T01:10:15.401+0000][info][gc          ] GC(432) Pause Young (Mixed) (G1 Evacuation Pause) 1550M->1432M(2048M) 17.187ms
[2024-08-28T01:10:15.401+0000][info][gc,cpu      ] GC(432) User=0.75s Sys=0.00s Real=0.02s
[2024-08-28T01:10:15.447+0000][info][gc,start    ] GC(433) Pause Young (Mixed) (G1 Evacuation Pause)
[2024-08-28T01:10:15.447+0000][info][gc,task     ] GC(433) Using 49 workers of 68 for evacuation
[2024-08-28T01:10:15.464+0000][info][gc,phases   ] GC(433)   Pre Evacuate Collection Set: 0.4ms
[2024-08-28T01:10:15.464+0000][info][gc,phases   ] GC(433)   Merge Heap Roots: 0.6ms
[2024-08-28T01:10:15.464+0000][info][gc,phases   ] GC(433)   Evacuate Collection Set: 15.1ms
[2024-08-28T01:10:15.464+0000][info][gc,phases   ] GC(433)   Post Evacuate Collection Set: 0.6ms
[2024-08-28T01:10:15.464+0000][info][gc,phases   ] GC(433)   Other: 0.2ms
[2024-08-28T01:10:15.464+0000][info][gc,heap     ] GC(433) Eden regions: 89->0(89)
[2024-08-28T01:10:15.464+0000][info][gc,heap     ] GC(433) Survivor regions: 13->13(13)
[2024-08-28T01:10:15.464+0000][info][gc,heap     ] GC(433) Old regions: 1414->1386
[2024-08-28T01:10:15.464+0000][info][gc,heap     ] GC(433) Archive regions: 2->2
[2024-08-28T01:10:15.464+0000][info][gc,heap     ] GC(433) Humongous regions: 5->5
[2024-08-28T01:10:15.464+0000][info][gc,metaspace] GC(433) Metaspace: 100K(320K)->100K(320K) NonClass: 96K(192K)->96K(192K) Class: 4K(128K)->4K(128K)
[2024-08-28T01:10:15.464+0000][info][gc          ] GC(433) Pause Young (Mixed) (G1 Evacuation Pause) 1521M->1404M(2048M) 17.010ms
[2024-08-28T01:10:15.464+0000][info][gc,cpu      ] GC(433) User=0.74s Sys=0.00s Real=0.02s
[2024-08-28T01:10:15.512+0000][info][gc,start    ] GC(434) Pause Young (Mixed) (G1 Evacuation Pause)
[2024-08-28T01:10:15.512+0000][info][gc,task     ] GC(434) Using 49 workers of 68 for evacuation
[2024-08-28T01:10:15.528+0000][info][gc,phases   ] GC(434)   Pre Evacuate Collection Set: 0.4ms
[2024-08-28T01:10:15.529+0000][info][gc,phases   ] GC(434)   Merge Heap Roots: 0.4ms
[2024-08-28T01:10:15.529+0000][info][gc,phases   ] GC(434)   Evacuate Collection Set: 15.1ms
[2024-08-28T01:10:15.529+0000][info][gc,phases   ] GC(434)   Post Evacuate Collection Set: 0.5ms
[2024-08-28T01:10:15.529+0000][info][gc,phases   ] GC(434)   Other: 0.2ms
[2024-08-28T01:10:15.529+0000][info][gc,heap     ] GC(434) Eden regions: 89->0(129)
[2024-08-28T01:10:15.529+0000][info][gc,heap     ] GC(434) Survivor regions: 13->13(13)
[2024-08-28T01:10:15.529+0000][info][gc,heap     ] GC(434) Old regions: 1386->1417
[2024-08-28T01:10:15.529+0000][info][gc,heap     ] GC(434) Archive regions: 2->2
[2024-08-28T01:10:15.529+0000][info][gc,heap     ] GC(434) Humongous regions: 5->5
[2024-08-28T01:10:15.529+0000][info][gc,metaspace] GC(434) Metaspace: 100K(320K)->100K(320K) NonClass: 96K(192K)->96K(192K) Class: 4K(128K)->4K(128K)
[2024-08-28T01:10:15.529+0000][info][gc          ] GC(434) Pause Young (Mixed) (G1 Evacuation Pause) 1493M->1435M(2048M) 16.722ms
[2024-08-28T01:10:15.529+0000][info][gc,cpu      ] GC(434) User=0.74s Sys=0.00s Real=0.01s
[2024-08-28T01:10:15.596+0000][info][gc,start    ] GC(435) Pause Young (Concurrent Start) (G1 Evacuation Pause)
[2024-08-28T01:10:15.596+0000][info][gc,task     ] GC(435) Using 49 workers of 68 for evacuation
[2024-08-28T01:10:15.618+0000][info][gc,phases   ] GC(435)   Pre Evacuate Collection Set: 0.4ms
[2024-08-28T01:10:15.618+0000][info][gc,phases   ] GC(435)   Merge Heap Roots: 0.5ms
[2024-08-28T01:10:15.618+0000][info][gc,phases   ] GC(435)   Evacuate Collection Set: 19.9ms
[2024-08-28T01:10:15.618+0000][info][gc,phases   ] GC(435)   Post Evacuate Collection Set: 0.5ms
[2024-08-28T01:10:15.618+0000][info][gc,phases   ] GC(435)   Other: 0.6ms
[2024-08-28T01:10:15.618+0000][info][gc,heap     ] GC(435) Eden regions: 129->0(87)
[2024-08-28T01:10:15.618+0000][info][gc,heap     ] GC(435) Survivor regions: 13->18(18)
[2024-08-28T01:10:15.618+0000][info][gc,heap     ] GC(435) Old regions: 1417->1543
[2024-08-28T01:10:15.618+0000][info][gc,heap     ] GC(435) Archive regions: 2->2
[2024-08-28T01:10:15.618+0000][info][gc,heap     ] GC(435) Humongous regions: 5->5
[2024-08-28T01:10:15.618+0000][info][gc,metaspace] GC(435) Metaspace: 100K(320K)->100K(320K) NonClass: 96K(192K)->96K(192K) Class: 4K(128K)->4K(128K)
[2024-08-28T01:10:15.618+0000][info][gc          ] GC(435) Pause Young (Concurrent Start) (G1 Evacuation Pause) 1564M->1566M(2048M) 21.983ms
[2024-08-28T01:10:15.618+0000][info][gc,cpu      ] GC(435) User=0.95s Sys=0.02s Real=0.03s
[2024-08-28T01:10:15.618+0000][info][gc          ] GC(436) Concurrent Mark Cycle
[2024-08-28T01:10:15.618+0000][info][gc,marking  ] GC(436) Concurrent Clear Claimed Marks
[2024-08-28T01:10:15.618+0000][info][gc,marking  ] GC(436) Concurrent Clear Claimed Marks 0.011ms
[2024-08-28T01:10:15.618+0000][info][gc,marking  ] GC(436) Concurrent Scan Root Regions
[2024-08-28T01:10:15.622+0000][info][gc,marking  ] GC(436) Concurrent Scan Root Regions 3.841ms
[2024-08-28T01:10:15.622+0000][info][gc,marking  ] GC(436) Concurrent Mark
[2024-08-28T01:10:15.622+0000][info][gc,marking  ] GC(436) Concurrent Mark From Roots
[2024-08-28T01:10:15.622+0000][info][gc,task     ] GC(436) Using 17 workers of 17 for marking
[2024-08-28T01:10:15.642+0000][info][gc,marking  ] GC(436) Concurrent Mark From Roots 20.729ms
[2024-08-28T01:10:15.643+0000][info][gc,marking  ] GC(436) Concurrent Preclean
[2024-08-28T01:10:15.643+0000][info][gc,marking  ] GC(436) Concurrent Preclean 0.505ms
[2024-08-28T01:10:15.643+0000][info][gc,start    ] GC(436) Pause Remark
[2024-08-28T01:10:15.646+0000][info][gc          ] GC(436) Pause Remark 1602M->1403M(2048M) 2.222ms
[2024-08-28T01:10:15.646+0000][info][gc,cpu      ] GC(436) User=0.02s Sys=0.00s Real=0.00s
[2024-08-28T01:10:15.646+0000][info][gc,marking  ] GC(436) Concurrent Mark 23.976ms
[2024-08-28T01:10:15.646+0000][info][gc,marking  ] GC(436) Concurrent Rebuild Remembered Sets
[2024-08-28T01:10:15.673+0000][info][gc,start    ] GC(437) Pause Young (Normal) (G1 Evacuation Pause)
[2024-08-28T01:10:15.673+0000][info][gc,task     ] GC(437) Using 49 workers of 68 for evacuation
[2024-08-28T01:10:15.690+0000][info][gc,phases   ] GC(437)   Pre Evacuate Collection Set: 0.5ms
[2024-08-28T01:10:15.690+0000][info][gc,phases   ] GC(437)   Merge Heap Roots: 0.5ms
[2024-08-28T01:10:15.690+0000][info][gc,phases   ] GC(437)   Evacuate Collection Set: 15.5ms
[2024-08-28T01:10:15.690+0000][info][gc,phases   ] GC(437)   Post Evacuate Collection Set: 0.7ms
[2024-08-28T01:10:15.690+0000][info][gc,phases   ] GC(437)   Other: 0.3ms
[2024-08-28T01:10:15.690+0000][info][gc,heap     ] GC(437) Eden regions: 87->0(121)
[2024-08-28T01:10:15.690+0000][info][gc,heap     ] GC(437) Survivor regions: 18->14(14)
[2024-08-28T01:10:15.690+0000][info][gc,heap     ] GC(437) Old regions: 1344->1441
[2024-08-28T01:10:15.690+0000][info][gc,heap     ] GC(437) Archive regions: 2->2
[2024-08-28T01:10:15.690+0000][info][gc,heap     ] GC(437) Humongous regions: 5->5
[2024-08-28T01:10:15.690+0000][info][gc,metaspace] GC(437) Metaspace: 100K(320K)->100K(320K) NonClass: 96K(192K)->96K(192K) Class: 4K(128K)->4K(128K)
[2024-08-28T01:10:15.690+0000][info][gc          ] GC(437) Pause Young (Normal) (G1 Evacuation Pause) 1454M->1460M(2048M) 17.540ms
[2024-08-28T01:10:15.691+0000][info][gc,cpu      ] GC(437) User=0.74s Sys=0.03s Real=0.02s
[2024-08-28T01:10:15.709+0000][info][gc,marking  ] GC(436) Concurrent Rebuild Remembered Sets 62.813ms
[2024-08-28T01:10:15.709+0000][info][gc,start    ] GC(436) Pause Cleanup
[2024-08-28T01:10:15.712+0000][info][gc          ] GC(436) Pause Cleanup 1495M->1495M(2048M) 2.891ms
[2024-08-28T01:10:15.712+0000][info][gc,cpu      ] GC(436) User=0.01s Sys=0.00s Real=0.01s
[2024-08-28T01:10:15.712+0000][info][gc,marking  ] GC(436) Concurrent Cleanup for Next Mark
[2024-08-28T01:10:15.713+0000][info][gc,marking  ] GC(436) Concurrent Cleanup for Next Mark 1.478ms
[2024-08-28T01:10:15.713+0000][info][gc          ] GC(436) Concurrent Mark Cycle 95.586ms
[2024-08-28T01:10:15.756+0000][info][gc,start    ] GC(438) Pause Young (Prepare Mixed) (G1 Evacuation Pause)
[2024-08-28T01:10:15.756+0000][info][gc,task     ] GC(438) Using 49 workers of 68 for evacuation
[2024-08-28T01:10:15.780+0000][info][gc,phases   ] GC(438)   Pre Evacuate Collection Set: 0.4ms
[2024-08-28T01:10:15.780+0000][info][gc,phases   ] GC(438)   Merge Heap Roots: 0.8ms
[2024-08-28T01:10:15.780+0000][info][gc,phases   ] GC(438)   Evacuate Collection Set: 22.2ms
[2024-08-28T01:10:15.780+0000][info][gc,phases   ] GC(438)   Post Evacuate Collection Set: 0.5ms
[2024-08-28T01:10:15.780+0000][info][gc,phases   ] GC(438)   Other: 0.2ms
[2024-08-28T01:10:15.780+0000][info][gc,heap     ] GC(438) Eden regions: 121->0(85)
[2024-08-28T01:10:15.780+0000][info][gc,heap     ] GC(438) Survivor regions: 14->17(17)
[2024-08-28T01:10:15.780+0000][info][gc,heap     ] GC(438) Old regions: 1441->1562
[2024-08-28T01:10:15.780+0000][info][gc,heap     ] GC(438) Archive regions: 2->2
[2024-08-28T01:10:15.780+0000][info][gc,heap     ] GC(438) Humongous regions: 5->5
[2024-08-28T01:10:15.780+0000][info][gc,metaspace] GC(438) Metaspace: 100K(320K)->100K(320K) NonClass: 96K(192K)->96K(192K) Class: 4K(128K)->4K(128K)
[2024-08-28T01:10:15.780+0000][info][gc          ] GC(438) Pause Young (Prepare Mixed) (G1 Evacuation Pause) 1581M->1584M(2048M) 24.179ms
[2024-08-28T01:10:15.780+0000][info][gc,cpu      ] GC(438) User=1.09s Sys=0.00s Real=0.03s
[2024-08-28T01:10:15.821+0000][info][gc,start    ] GC(439) Pause Young (Mixed) (G1 Evacuation Pause)
[2024-08-28T01:10:15.821+0000][info][gc,task     ] GC(439) Using 49 workers of 68 for evacuation
[2024-08-28T01:10:15.838+0000][info][gc,phases   ] GC(439)   Pre Evacuate Collection Set: 0.4ms
[2024-08-28T01:10:15.838+0000][info][gc,phases   ] GC(439)   Merge Heap Roots: 0.5ms
[2024-08-28T01:10:15.838+0000][info][gc,phases   ] GC(439)   Evacuate Collection Set: 15.2ms
[2024-08-28T01:10:15.838+0000][info][gc,phases   ] GC(439)   Post Evacuate Collection Set: 0.5ms
[2024-08-28T01:10:15.838+0000][info][gc,phases   ] GC(439)   Other: 0.2ms
[2024-08-28T01:10:15.838+0000][info][gc,heap     ] GC(439) Eden regions: 85->0(89)
[2024-08-28T01:10:15.838+0000][info][gc,heap     ] GC(439) Survivor regions: 17->13(13)
[2024-08-28T01:10:15.838+0000][info][gc,heap     ] GC(439) Old regions: 1562->1536
[2024-08-28T01:10:15.838+0000][info][gc,heap     ] GC(439) Archive regions: 2->2
[2024-08-28T01:10:15.838+0000][info][gc,heap     ] GC(439) Humongous regions: 5->5
[2024-08-28T01:10:15.838+0000][info][gc,metaspace] GC(439) Metaspace: 100K(320K)->100K(320K) NonClass: 96K(192K)->96K(192K) Class: 4K(128K)->4K(128K)
[2024-08-28T01:10:15.838+0000][info][gc          ] GC(439) Pause Young (Mixed) (G1 Evacuation Pause) 1669M->1554M(2048M) 16.793ms
[2024-08-28T01:10:15.838+0000][info][gc,cpu      ] GC(439) User=0.74s Sys=0.00s Real=0.02s
[2024-08-28T01:10:15.886+0000][info][gc,start    ] GC(440) Pause Young (Mixed) (G1 Evacuation Pause)
[2024-08-28T01:10:15.886+0000][info][gc,task     ] GC(440) Using 49 workers of 68 for evacuation
[2024-08-28T01:10:15.903+0000][info][gc,phases   ] GC(440)   Pre Evacuate Collection Set: 0.4ms
[2024-08-28T01:10:15.903+0000][info][gc,phases   ] GC(440)   Merge Heap Roots: 0.5ms
[2024-08-28T01:10:15.903+0000][info][gc,phases   ] GC(440)   Evacuate Collection Set: 15.0ms
[2024-08-28T01:10:15.903+0000][info][gc,phases   ] GC(440)   Post Evacuate Collection Set: 0.5ms
[2024-08-28T01:10:15.903+0000][info][gc,phases   ] GC(440)   Other: 0.2ms
[2024-08-28T01:10:15.903+0000][info][gc,heap     ] GC(440) Eden regions: 89->0(89)
[2024-08-28T01:10:15.903+0000][info][gc,heap     ] GC(440) Survivor regions: 13->13(13)
[2024-08-28T01:10:15.903+0000][info][gc,heap     ] GC(440) Old regions: 1536->1507
[2024-08-28T01:10:15.903+0000][info][gc,heap     ] GC(440) Archive regions: 2->2
[2024-08-28T01:10:15.903+0000][info][gc,heap     ] GC(440) Humongous regions: 5->5
[2024-08-28T01:10:15.903+0000][info][gc,metaspace] GC(440) Metaspace: 100K(320K)->100K(320K) NonClass: 96K(192K)->96K(192K) Class: 4K(128K)->4K(128K)
[2024-08-28T01:10:15.903+0000][info][gc          ] GC(440) Pause Young (Mixed) (G1 Evacuation Pause) 1643M->1525M(2048M) 16.677ms
[2024-08-28T01:10:15.903+0000][info][gc,cpu      ] GC(440) User=0.73s Sys=0.00s Real=0.02s
[2024-08-28T01:10:15.951+0000][info][gc,start    ] GC(441) Pause Young (Mixed) (G1 Evacuation Pause)
[2024-08-28T01:10:15.951+0000][info][gc,task     ] GC(441) Using 49 workers of 68 for evacuation
[2024-08-28T01:10:15.968+0000][info][gc,phases   ] GC(441)   Pre Evacuate Collection Set: 0.4ms
[2024-08-28T01:10:15.968+0000][info][gc,phases   ] GC(441)   Merge Heap Roots: 0.5ms
[2024-08-28T01:10:15.968+0000][info][gc,phases   ] GC(441)   Evacuate Collection Set: 15.2ms
[2024-08-28T01:10:15.968+0000][info][gc,phases   ] GC(441)   Post Evacuate Collection Set: 0.5ms
[2024-08-28T01:10:15.968+0000][info][gc,phases   ] GC(441)   Other: 0.2ms
[2024-08-28T01:10:15.968+0000][info][gc,heap     ] GC(441) Eden regions: 89->0(89)
[2024-08-28T01:10:15.968+0000][info][gc,heap     ] GC(441) Survivor regions: 13->13(13)
[2024-08-28T01:10:15.968+0000][info][gc,heap     ] GC(441) Old regions: 1507->1479
[2024-08-28T01:10:15.968+0000][info][gc,heap     ] GC(441) Archive regions: 2->2
[2024-08-28T01:10:15.968+0000][info][gc,heap     ] GC(441) Humongous regions: 5->5
[2024-08-28T01:10:15.968+0000][info][gc,metaspace] GC(441) Metaspace: 100K(320K)->100K(320K) NonClass: 96K(192K)->96K(192K) Class: 4K(128K)->4K(128K)
[2024-08-28T01:10:15.968+0000][info][gc          ] GC(441) Pause Young (Mixed) (G1 Evacuation Pause) 1614M->1497M(2048M) 16.876ms
[2024-08-28T01:10:15.968+0000][info][gc,cpu      ] GC(441) User=0.72s Sys=0.00s Real=0.01s
[2024-08-28T01:10:16.017+0000][info][gc,start    ] GC(442) Pause Young (Mixed) (G1 Evacuation Pause)
[2024-08-28T01:10:16.017+0000][info][gc,task     ] GC(442) Using 49 workers of 68 for evacuation
[2024-08-28T01:10:16.033+0000][info][gc,phases   ] GC(442)   Pre Evacuate Collection Set: 0.5ms
[2024-08-28T01:10:16.034+0000][info][gc,phases   ] GC(442)   Merge Heap Roots: 0.5ms
[2024-08-28T01:10:16.034+0000][info][gc,phases   ] GC(442)   Evacuate Collection Set: 15.0ms
[2024-08-28T01:10:16.034+0000][info][gc,phases   ] GC(442)   Post Evacuate Collection Set: 0.5ms
[2024-08-28T01:10:16.034+0000][info][gc,phases   ] GC(442)   Other: 0.3ms
[2024-08-28T01:10:16.034+0000][info][gc,heap     ] GC(442) Eden regions: 89->0(89)
[2024-08-28T01:10:16.034+0000][info][gc,heap     ] GC(442) Survivor regions: 13->13(13)
[2024-08-28T01:10:16.034+0000][info][gc,heap     ] GC(442) Old regions: 1479->1449
[2024-08-28T01:10:16.034+0000][info][gc,heap     ] GC(442) Archive regions: 2->2
[2024-08-28T01:10:16.034+0000][info][gc,heap     ] GC(442) Humongous regions: 5->5
[2024-08-28T01:10:16.034+0000][info][gc,metaspace] GC(442) Metaspace: 100K(320K)->100K(320K) NonClass: 96K(192K)->96K(192K) Class: 4K(128K)->4K(128K)
[2024-08-28T01:10:16.034+0000][info][gc          ] GC(442) Pause Young (Mixed) (G1 Evacuation Pause) 1586M->1467M(2048M) 16.908ms
[2024-08-28T01:10:16.034+0000][info][gc,cpu      ] GC(442) User=0.74s Sys=0.00s Real=0.02s
[2024-08-28T01:10:16.081+0000][info][gc,start    ] GC(443) Pause Young (Mixed) (G1 Evacuation Pause)
[2024-08-28T01:10:16.082+0000][info][gc,task     ] GC(443) Using 49 workers of 68 for evacuation
[2024-08-28T01:10:16.098+0000][info][gc,phases   ] GC(443)   Pre Evacuate Collection Set: 0.4ms
[2024-08-28T01:10:16.098+0000][info][gc,phases   ] GC(443)   Merge Heap Roots: 0.5ms
[2024-08-28T01:10:16.098+0000][info][gc,phases   ] GC(443)   Evacuate Collection Set: 15.2ms
[2024-08-28T01:10:16.098+0000][info][gc,phases   ] GC(443)   Post Evacuate Collection Set: 0.6ms
[2024-08-28T01:10:16.098+0000][info][gc,phases   ] GC(443)   Other: 0.2ms
[2024-08-28T01:10:16.098+0000][info][gc,heap     ] GC(443) Eden regions: 89->0(89)
[2024-08-28T01:10:16.098+0000][info][gc,heap     ] GC(443) Survivor regions: 13->13(13)
[2024-08-28T01:10:16.098+0000][info][gc,heap     ] GC(443) Old regions: 1449->1421
[2024-08-28T01:10:16.098+0000][info][gc,heap     ] GC(443) Archive regions: 2->2
[2024-08-28T01:10:16.098+0000][info][gc,heap     ] GC(443) Humongous regions: 5->5
[2024-08-28T01:10:16.098+0000][info][gc,metaspace] GC(443) Metaspace: 100K(320K)->100K(320K) NonClass: 96K(192K)->96K(192K) Class: 4K(128K)->4K(128K)
[2024-08-28T01:10:16.098+0000][info][gc          ] GC(443) Pause Young (Mixed) (G1 Evacuation Pause) 1556M->1439M(2048M) 16.999ms
[2024-08-28T01:10:16.099+0000][info][gc,cpu      ] GC(443) User=0.70s Sys=0.04s Real=0.02s
[2024-08-28T01:10:16.148+0000][info][gc,start    ] GC(444) Pause Young (Mixed) (G1 Evacuation Pause)
[2024-08-28T01:10:16.148+0000][info][gc,task     ] GC(444) Using 49 workers of 68 for evacuation
[2024-08-28T01:10:16.165+0000][info][gc,phases   ] GC(444)   Pre Evacuate Collection Set: 0.4ms
[2024-08-28T01:10:16.165+0000][info][gc,phases   ] GC(444)   Merge Heap Roots: 0.6ms
[2024-08-28T01:10:16.165+0000][info][gc,phases   ] GC(444)   Evacuate Collection Set: 15.2ms
[2024-08-28T01:10:16.165+0000][info][gc,phases   ] GC(444)   Post Evacuate Collection Set: 0.5ms
[2024-08-28T01:10:16.165+0000][info][gc,phases   ] GC(444)   Other: 0.2ms
[2024-08-28T01:10:16.165+0000][info][gc,heap     ] GC(444) Eden regions: 89->0(89)
[2024-08-28T01:10:16.165+0000][info][gc,heap     ] GC(444) Survivor regions: 13->13(13)
[2024-08-28T01:10:16.165+0000][info][gc,heap     ] GC(444) Old regions: 1421->1392
[2024-08-28T01:10:16.165+0000][info][gc,heap     ] GC(444) Archive regions: 2->2
[2024-08-28T01:10:16.165+0000][info][gc,heap     ] GC(444) Humongous regions: 5->5
[2024-08-28T01:10:16.165+0000][info][gc,metaspace] GC(444) Metaspace: 100K(320K)->100K(320K) NonClass: 96K(192K)->96K(192K) Class: 4K(128K)->4K(128K)
[2024-08-28T01:10:16.165+0000][info][gc          ] GC(444) Pause Young (Mixed) (G1 Evacuation Pause) 1528M->1410M(2048M) 17.042ms
[2024-08-28T01:10:16.165+0000][info][gc,cpu      ] GC(444) User=0.75s Sys=0.00s Real=0.02s
[2024-08-28T01:10:16.214+0000][info][gc,start    ] GC(445) Pause Young (Mixed) (G1 Evacuation Pause)
[2024-08-28T01:10:16.214+0000][info][gc,task     ] GC(445) Using 49 workers of 68 for evacuation
[2024-08-28T01:10:16.230+0000][info][gc,phases   ] GC(445)   Pre Evacuate Collection Set: 0.5ms
[2024-08-28T01:10:16.231+0000][info][gc,phases   ] GC(445)   Merge Heap Roots: 0.4ms
[2024-08-28T01:10:16.231+0000][info][gc,phases   ] GC(445)   Evacuate Collection Set: 15.2ms
[2024-08-28T01:10:16.231+0000][info][gc,phases   ] GC(445)   Post Evacuate Collection Set: 0.5ms
[2024-08-28T01:10:16.231+0000][info][gc,phases   ] GC(445)   Other: 0.2ms
[2024-08-28T01:10:16.231+0000][info][gc,heap     ] GC(445) Eden regions: 89->0(131)
[2024-08-28T01:10:16.231+0000][info][gc,heap     ] GC(445) Survivor regions: 13->13(13)
[2024-08-28T01:10:16.231+0000][info][gc,heap     ] GC(445) Old regions: 1392->1412
[2024-08-28T01:10:16.231+0000][info][gc,heap     ] GC(445) Archive regions: 2->2
[2024-08-28T01:10:16.231+0000][info][gc,heap     ] GC(445) Humongous regions: 5->5
[2024-08-28T01:10:16.231+0000][info][gc,metaspace] GC(445) Metaspace: 100K(320K)->100K(320K) NonClass: 96K(192K)->96K(192K) Class: 4K(128K)->4K(128K)
[2024-08-28T01:10:16.231+0000][info][gc          ] GC(445) Pause Young (Mixed) (G1 Evacuation Pause) 1499M->1430M(2048M) 16.956ms
[2024-08-28T01:10:16.231+0000][info][gc,cpu      ] GC(445) User=0.74s Sys=0.00s Real=0.02s
[2024-08-28T01:10:16.301+0000][info][gc,start    ] GC(446) Pause Young (Concurrent Start) (G1 Evacuation Pause)
[2024-08-28T01:10:16.302+0000][info][gc,task     ] GC(446) Using 49 workers of 68 for evacuation
[2024-08-28T01:10:16.323+0000][info][gc,phases   ] GC(446)   Pre Evacuate Collection Set: 0.4ms
[2024-08-28T01:10:16.323+0000][info][gc,phases   ] GC(446)   Merge Heap Roots: 0.5ms
[2024-08-28T01:10:16.323+0000][info][gc,phases   ] GC(446)   Evacuate Collection Set: 20.0ms
[2024-08-28T01:10:16.323+0000][info][gc,phases   ] GC(446)   Post Evacuate Collection Set: 0.5ms
[2024-08-28T01:10:16.323+0000][info][gc,phases   ] GC(446)   Other: 0.7ms
[2024-08-28T01:10:16.323+0000][info][gc,heap     ] GC(446) Eden regions: 131->0(88)
[2024-08-28T01:10:16.323+0000][info][gc,heap     ] GC(446) Survivor regions: 13->18(18)
[2024-08-28T01:10:16.324+0000][info][gc,heap     ] GC(446) Old regions: 1412->1540
[2024-08-28T01:10:16.324+0000][info][gc,heap     ] GC(446) Archive regions: 2->2
[2024-08-28T01:10:16.324+0000][info][gc,heap     ] GC(446) Humongous regions: 5->5
[2024-08-28T01:10:16.324+0000][info][gc,metaspace] GC(446) Metaspace: 100K(320K)->100K(320K) NonClass: 96K(192K)->96K(192K) Class: 4K(128K)->4K(128K)
[2024-08-28T01:10:16.324+0000][info][gc          ] GC(446) Pause Young (Concurrent Start) (G1 Evacuation Pause) 1561M->1563M(2048M) 22.106ms
[2024-08-28T01:10:16.324+0000][info][gc,cpu      ] GC(446) User=0.96s Sys=0.01s Real=0.02s
[2024-08-28T01:10:16.324+0000][info][gc          ] GC(447) Concurrent Mark Cycle
[2024-08-28T01:10:16.324+0000][info][gc,marking  ] GC(447) Concurrent Clear Claimed Marks
[2024-08-28T01:10:16.324+0000][info][gc,marking  ] GC(447) Concurrent Clear Claimed Marks 0.011ms
[2024-08-28T01:10:16.324+0000][info][gc,marking  ] GC(447) Concurrent Scan Root Regions
[2024-08-28T01:10:16.328+0000][info][gc,marking  ] GC(447) Concurrent Scan Root Regions 3.849ms
[2024-08-28T01:10:16.328+0000][info][gc,marking  ] GC(447) Concurrent Mark
[2024-08-28T01:10:16.328+0000][info][gc,marking  ] GC(447) Concurrent Mark From Roots
[2024-08-28T01:10:16.328+0000][info][gc,task     ] GC(447) Using 17 workers of 17 for marking
[2024-08-28T01:10:16.348+0000][info][gc,marking  ] GC(447) Concurrent Mark From Roots 19.926ms
[2024-08-28T01:10:16.348+0000][info][gc,marking  ] GC(447) Concurrent Preclean
[2024-08-28T01:10:16.349+0000][info][gc,marking  ] GC(447) Concurrent Preclean 1.534ms
[2024-08-28T01:10:16.350+0000][info][gc,start    ] GC(447) Pause Remark
[2024-08-28T01:10:16.352+0000][info][gc          ] GC(447) Pause Remark 1587M->1394M(2048M) 2.033ms
[2024-08-28T01:10:16.352+0000][info][gc,cpu      ] GC(447) User=0.01s Sys=0.00s Real=0.00s
[2024-08-28T01:10:16.352+0000][info][gc,marking  ] GC(447) Concurrent Mark 24.076ms
[2024-08-28T01:10:16.352+0000][info][gc,marking  ] GC(447) Concurrent Rebuild Remembered Sets
[2024-08-28T01:10:16.397+0000][info][gc,marking  ] GC(447) Concurrent Rebuild Remembered Sets 45.560ms
[2024-08-28T01:10:16.398+0000][info][gc,start    ] GC(447) Pause Cleanup
[2024-08-28T01:10:16.401+0000][info][gc          ] GC(447) Pause Cleanup 1449M->1449M(2048M) 2.957ms
[2024-08-28T01:10:16.401+0000][info][gc,cpu      ] GC(447) User=0.01s Sys=0.00s Real=0.00s
[2024-08-28T01:10:16.401+0000][info][gc,marking  ] GC(447) Concurrent Cleanup for Next Mark
[2024-08-28T01:10:16.402+0000][info][gc,marking  ] GC(447) Concurrent Cleanup for Next Mark 1.511ms
[2024-08-28T01:10:16.402+0000][info][gc          ] GC(447) Concurrent Mark Cycle 78.610ms
[2024-08-28T01:10:16.408+0000][info][gc,start    ] GC(448) Pause Young (Prepare Mixed) (G1 Evacuation Pause)
[2024-08-28T01:10:16.408+0000][info][gc,task     ] GC(448) Using 49 workers of 68 for evacuation
[2024-08-28T01:10:16.425+0000][info][gc,phases   ] GC(448)   Pre Evacuate Collection Set: 0.4ms
[2024-08-28T01:10:16.425+0000][info][gc,phases   ] GC(448)   Merge Heap Roots: 0.6ms
[2024-08-28T01:10:16.425+0000][info][gc,phases   ] GC(448)   Evacuate Collection Set: 15.4ms
[2024-08-28T01:10:16.425+0000][info][gc,phases   ] GC(448)   Post Evacuate Collection Set: 0.5ms
[2024-08-28T01:10:16.425+0000][info][gc,phases   ] GC(448)   Other: 0.2ms
[2024-08-28T01:10:16.425+0000][info][gc,heap     ] GC(448) Eden regions: 88->0(88)
[2024-08-28T01:10:16.425+0000][info][gc,heap     ] GC(448) Survivor regions: 18->14(14)
[2024-08-28T01:10:16.425+0000][info][gc,heap     ] GC(448) Old regions: 1347->1447
[2024-08-28T01:10:16.425+0000][info][gc,heap     ] GC(448) Archive regions: 2->2
[2024-08-28T01:10:16.425+0000][info][gc,heap     ] GC(448) Humongous regions: 5->5
[2024-08-28T01:10:16.425+0000][info][gc,metaspace] GC(448) Metaspace: 100K(320K)->100K(320K) NonClass: 96K(192K)->96K(192K) Class: 4K(128K)->4K(128K)
[2024-08-28T01:10:16.425+0000][info][gc          ] GC(448) Pause Young (Prepare Mixed) (G1 Evacuation Pause) 1458M->1466M(2048M) 17.223ms
[2024-08-28T01:10:16.425+0000][info][gc,cpu      ] GC(448) User=0.75s Sys=0.00s Real=0.02s
[2024-08-28T01:10:16.472+0000][info][gc,start    ] GC(449) Pause Young (Mixed) (G1 Evacuation Pause)
[2024-08-28T01:10:16.472+0000][info][gc,task     ] GC(449) Using 49 workers of 68 for evacuation
[2024-08-28T01:10:16.489+0000][info][gc,phases   ] GC(449)   Pre Evacuate Collection Set: 0.5ms
[2024-08-28T01:10:16.489+0000][info][gc,phases   ] GC(449)   Merge Heap Roots: 0.5ms
[2024-08-28T01:10:16.489+0000][info][gc,phases   ] GC(449)   Evacuate Collection Set: 15.2ms
[2024-08-28T01:10:16.489+0000][info][gc,phases   ] GC(449)   Post Evacuate Collection Set: 0.5ms
[2024-08-28T01:10:16.489+0000][info][gc,phases   ] GC(449)   Other: 0.2ms
[2024-08-28T01:10:16.489+0000][info][gc,heap     ] GC(449) Eden regions: 88->0(89)
[2024-08-28T01:10:16.489+0000][info][gc,heap     ] GC(449) Survivor regions: 14->13(13)
[2024-08-28T01:10:16.489+0000][info][gc,heap     ] GC(449) Old regions: 1447->1418
[2024-08-28T01:10:16.489+0000][info][gc,heap     ] GC(449) Archive regions: 2->2
[2024-08-28T01:10:16.489+0000][info][gc,heap     ] GC(449) Humongous regions: 5->5
[2024-08-28T01:10:16.489+0000][info][gc,metaspace] GC(449) Metaspace: 100K(320K)->100K(320K) NonClass: 96K(192K)->96K(192K) Class: 4K(128K)->4K(128K)
[2024-08-28T01:10:16.489+0000][info][gc          ] GC(449) Pause Young (Mixed) (G1 Evacuation Pause) 1554M->1436M(2048M) 16.988ms
[2024-08-28T01:10:16.489+0000][info][gc,cpu      ] GC(449) User=0.74s Sys=0.01s Real=0.01s
[2024-08-28T01:10:16.537+0000][info][gc,start    ] GC(450) Pause Young (Mixed) (G1 Evacuation Pause)
[2024-08-28T01:10:16.537+0000][info][gc,task     ] GC(450) Using 49 workers of 68 for evacuation
[2024-08-28T01:10:16.554+0000][info][gc,phases   ] GC(450)   Pre Evacuate Collection Set: 0.4ms
[2024-08-28T01:10:16.554+0000][info][gc,phases   ] GC(450)   Merge Heap Roots: 0.5ms
[2024-08-28T01:10:16.554+0000][info][gc,phases   ] GC(450)   Evacuate Collection Set: 15.2ms
[2024-08-28T01:10:16.554+0000][info][gc,phases   ] GC(450)   Post Evacuate Collection Set: 0.6ms
[2024-08-28T01:10:16.554+0000][info][gc,phases   ] GC(450)   Other: 0.3ms
[2024-08-28T01:10:16.554+0000][info][gc,heap     ] GC(450) Eden regions: 89->0(89)
[2024-08-28T01:10:16.554+0000][info][gc,heap     ] GC(450) Survivor regions: 13->13(13)
[2024-08-28T01:10:16.554+0000][info][gc,heap     ] GC(450) Old regions: 1418->1387
[2024-08-28T01:10:16.554+0000][info][gc,heap     ] GC(450) Archive regions: 2->2
[2024-08-28T01:10:16.554+0000][info][gc,heap     ] GC(450) Humongous regions: 5->5
[2024-08-28T01:10:16.554+0000][info][gc,metaspace] GC(450) Metaspace: 100K(320K)->100K(320K) NonClass: 96K(192K)->96K(192K) Class: 4K(128K)->4K(128K)
[2024-08-28T01:10:16.554+0000][info][gc          ] GC(450) Pause Young (Mixed) (G1 Evacuation Pause) 1525M->1405M(2048M) 16.982ms
[2024-08-28T01:10:16.554+0000][info][gc,cpu      ] GC(450) User=0.72s Sys=0.02s Real=0.02s
[2024-08-28T01:10:16.602+0000][info][gc,start    ] GC(451) Pause Young (Mixed) (G1 Evacuation Pause)
[2024-08-28T01:10:16.602+0000][info][gc,task     ] GC(451) Using 49 workers of 68 for evacuation
[2024-08-28T01:10:16.619+0000][info][gc,phases   ] GC(451)   Pre Evacuate Collection Set: 0.5ms
[2024-08-28T01:10:16.619+0000][info][gc,phases   ] GC(451)   Merge Heap Roots: 0.5ms
[2024-08-28T01:10:16.619+0000][info][gc,phases   ] GC(451)   Evacuate Collection Set: 14.9ms
[2024-08-28T01:10:16.619+0000][info][gc,phases   ] GC(451)   Post Evacuate Collection Set: 0.5ms
[2024-08-28T01:10:16.619+0000][info][gc,phases   ] GC(451)   Other: 0.2ms
[2024-08-28T01:10:16.619+0000][info][gc,heap     ] GC(451) Eden regions: 89->0(89)
[2024-08-28T01:10:16.619+0000][info][gc,heap     ] GC(451) Survivor regions: 13->13(13)
[2024-08-28T01:10:16.619+0000][info][gc,heap     ] GC(451) Old regions: 1387->1358
[2024-08-28T01:10:16.619+0000][info][gc,heap     ] GC(451) Archive regions: 2->2
[2024-08-28T01:10:16.619+0000][info][gc,heap     ] GC(451) Humongous regions: 5->5
[2024-08-28T01:10:16.619+0000][info][gc,metaspace] GC(451) Metaspace: 100K(320K)->100K(320K) NonClass: 96K(192K)->96K(192K) Class: 4K(128K)->4K(128K)
[2024-08-28T01:10:16.619+0000][info][gc          ] GC(451) Pause Young (Mixed) (G1 Evacuation Pause) 1494M->1376M(2048M) 16.691ms
[2024-08-28T01:10:16.619+0000][info][gc,cpu      ] GC(451) User=0.73s Sys=0.01s Real=0.02s
[2024-08-28T01:10:16.668+0000][info][gc,start    ] GC(452) Pause Young (Mixed) (G1 Evacuation Pause)
[2024-08-28T01:10:16.668+0000][info][gc,task     ] GC(452) Using 49 workers of 68 for evacuation
[2024-08-28T01:10:16.685+0000][info][gc,phases   ] GC(452)   Pre Evacuate Collection Set: 0.5ms
[2024-08-28T01:10:16.685+0000][info][gc,phases   ] GC(452)   Merge Heap Roots: 0.5ms
[2024-08-28T01:10:16.685+0000][info][gc,phases   ] GC(452)   Evacuate Collection Set: 15.0ms
[2024-08-28T01:10:16.685+0000][info][gc,phases   ] GC(452)   Post Evacuate Collection Set: 0.5ms
[2024-08-28T01:10:16.685+0000][info][gc,phases   ] GC(452)   Other: 0.2ms
[2024-08-28T01:10:16.685+0000][info][gc,heap     ] GC(452) Eden regions: 89->0(89)
[2024-08-28T01:10:16.685+0000][info][gc,heap     ] GC(452) Survivor regions: 13->13(13)
[2024-08-28T01:10:16.685+0000][info][gc,heap     ] GC(452) Old regions: 1358->1326
[2024-08-28T01:10:16.685+0000][info][gc,heap     ] GC(452) Archive regions: 2->2
[2024-08-28T01:10:16.685+0000][info][gc,heap     ] GC(452) Humongous regions: 5->5
[2024-08-28T01:10:16.685+0000][info][gc,metaspace] GC(452) Metaspace: 100K(320K)->100K(320K) NonClass: 96K(192K)->96K(192K) Class: 4K(128K)->4K(128K)
[2024-08-28T01:10:16.685+0000][info][gc          ] GC(452) Pause Young (Mixed) (G1 Evacuation Pause) 1465M->1344M(2048M) 16.844ms
[2024-08-28T01:10:16.685+0000][info][gc,cpu      ] GC(452) User=0.72s Sys=0.02s Real=0.02s
[2024-08-28T01:10:16.733+0000][info][gc,start    ] GC(453) Pause Young (Mixed) (G1 Evacuation Pause)
[2024-08-28T01:10:16.733+0000][info][gc,task     ] GC(453) Using 49 workers of 68 for evacuation
[2024-08-28T01:10:16.750+0000][info][gc,phases   ] GC(453)   Pre Evacuate Collection Set: 0.5ms
[2024-08-28T01:10:16.750+0000][info][gc,phases   ] GC(453)   Merge Heap Roots: 0.6ms
[2024-08-28T01:10:16.750+0000][info][gc,phases   ] GC(453)   Evacuate Collection Set: 15.3ms
[2024-08-28T01:10:16.750+0000][info][gc,phases   ] GC(453)   Post Evacuate Collection Set: 0.6ms
[2024-08-28T01:10:16.750+0000][info][gc,phases   ] GC(453)   Other: 0.2ms
[2024-08-28T01:10:16.750+0000][info][gc,heap     ] GC(453) Eden regions: 89->0(89)
[2024-08-28T01:10:16.750+0000][info][gc,heap     ] GC(453) Survivor regions: 13->13(13)
[2024-08-28T01:10:16.750+0000][info][gc,heap     ] GC(453) Old regions: 1326->1297
[2024-08-28T01:10:16.750+0000][info][gc,heap     ] GC(453) Archive regions: 2->2
[2024-08-28T01:10:16.750+0000][info][gc,heap     ] GC(453) Humongous regions: 5->5
[2024-08-28T01:10:16.750+0000][info][gc,metaspace] GC(453) Metaspace: 100K(320K)->100K(320K) NonClass: 96K(192K)->96K(192K) Class: 4K(128K)->4K(128K)
[2024-08-28T01:10:16.750+0000][info][gc          ] GC(453) Pause Young (Mixed) (G1 Evacuation Pause) 1433M->1315M(2048M) 17.149ms
[2024-08-28T01:10:16.750+0000][info][gc,cpu      ] GC(453) User=0.71s Sys=0.03s Real=0.02s
[2024-08-28T01:10:16.797+0000][info][gc,start    ] GC(454) Pause Young (Mixed) (G1 Evacuation Pause)
[2024-08-28T01:10:16.797+0000][info][gc,task     ] GC(454) Using 49 workers of 68 for evacuation
[2024-08-28T01:10:16.814+0000][info][gc,phases   ] GC(454)   Pre Evacuate Collection Set: 0.5ms
[2024-08-28T01:10:16.814+0000][info][gc,phases   ] GC(454)   Merge Heap Roots: 0.6ms
[2024-08-28T01:10:16.814+0000][info][gc,phases   ] GC(454)   Evacuate Collection Set: 15.2ms
[2024-08-28T01:10:16.814+0000][info][gc,phases   ] GC(454)   Post Evacuate Collection Set: 0.5ms
[2024-08-28T01:10:16.814+0000][info][gc,phases   ] GC(454)   Other: 0.3ms
[2024-08-28T01:10:16.814+0000][info][gc,heap     ] GC(454) Eden regions: 89->0(89)
[2024-08-28T01:10:16.814+0000][info][gc,heap     ] GC(454) Survivor regions: 13->13(13)
[2024-08-28T01:10:16.814+0000][info][gc,heap     ] GC(454) Old regions: 1297->1269
[2024-08-28T01:10:16.814+0000][info][gc,heap     ] GC(454) Archive regions: 2->2
[2024-08-28T01:10:16.814+0000][info][gc,heap     ] GC(454) Humongous regions: 5->5
[2024-08-28T01:10:16.814+0000][info][gc,metaspace] GC(454) Metaspace: 100K(320K)->100K(320K) NonClass: 96K(192K)->96K(192K) Class: 4K(128K)->4K(128K)
[2024-08-28T01:10:16.814+0000][info][gc          ] GC(454) Pause Young (Mixed) (G1 Evacuation Pause) 1404M->1287M(2048M) 17.158ms
[2024-08-28T01:10:16.814+0000][info][gc,cpu      ] GC(454) User=0.75s Sys=0.01s Real=0.02s
[2024-08-28T01:10:16.862+0000][info][gc,start    ] GC(455) Pause Young (Mixed) (G1 Evacuation Pause)
[2024-08-28T01:10:16.862+0000][info][gc,task     ] GC(455) Using 49 workers of 68 for evacuation
[2024-08-28T01:10:16.878+0000][info][gc,phases   ] GC(455)   Pre Evacuate Collection Set: 0.5ms
[2024-08-28T01:10:16.878+0000][info][gc,phases   ] GC(455)   Merge Heap Roots: 0.5ms
[2024-08-28T01:10:16.878+0000][info][gc,phases   ] GC(455)   Evacuate Collection Set: 14.9ms
[2024-08-28T01:10:16.878+0000][info][gc,phases   ] GC(455)   Post Evacuate Collection Set: 0.5ms
[2024-08-28T01:10:16.878+0000][info][gc,phases   ] GC(455)   Other: 0.2ms
[2024-08-28T01:10:16.878+0000][info][gc,heap     ] GC(455) Eden regions: 89->0(172)
[2024-08-28T01:10:16.878+0000][info][gc,heap     ] GC(455) Survivor regions: 13->13(13)
[2024-08-28T01:10:16.878+0000][info][gc,heap     ] GC(455) Old regions: 1269->1285
[2024-08-28T01:10:16.878+0000][info][gc,heap     ] GC(455) Archive regions: 2->2
[2024-08-28T01:10:16.878+0000][info][gc,heap     ] GC(455) Humongous regions: 5->5
[2024-08-28T01:10:16.878+0000][info][gc,metaspace] GC(455) Metaspace: 100K(320K)->100K(320K) NonClass: 96K(192K)->96K(192K) Class: 4K(128K)->4K(128K)
[2024-08-28T01:10:16.878+0000][info][gc          ] GC(455) Pause Young (Mixed) (G1 Evacuation Pause) 1376M->1303M(2048M) 16.740ms
[2024-08-28T01:10:16.878+0000][info][gc,cpu      ] GC(455) User=0.72s Sys=0.01s Real=0.02s
[2024-08-28T01:10:16.976+0000][info][gc,start    ] GC(456) Pause Young (Normal) (G1 Evacuation Pause)
[2024-08-28T01:10:16.976+0000][info][gc,task     ] GC(456) Using 49 workers of 68 for evacuation
[2024-08-28T01:10:17.003+0000][info][gc,phases   ] GC(456)   Pre Evacuate Collection Set: 0.5ms
[2024-08-28T01:10:17.003+0000][info][gc,phases   ] GC(456)   Merge Heap Roots: 0.7ms
[2024-08-28T01:10:17.003+0000][info][gc,phases   ] GC(456)   Evacuate Collection Set: 25.1ms
[2024-08-28T01:10:17.003+0000][info][gc,phases   ] GC(456)   Post Evacuate Collection Set: 0.5ms
[2024-08-28T01:10:17.003+0000][info][gc,phases   ] GC(456)   Other: 0.3ms
[2024-08-28T01:10:17.003+0000][info][gc,heap     ] GC(456) Eden regions: 172->0(116)
[2024-08-28T01:10:17.003+0000][info][gc,heap     ] GC(456) Survivor regions: 13->24(24)
[2024-08-28T01:10:17.003+0000][info][gc,heap     ] GC(456) Old regions: 1285->1446
[2024-08-28T01:10:17.003+0000][info][gc,heap     ] GC(456) Archive regions: 2->2
[2024-08-28T01:10:17.003+0000][info][gc,heap     ] GC(456) Humongous regions: 5->5
[2024-08-28T01:10:17.003+0000][info][gc,metaspace] GC(456) Metaspace: 100K(320K)->100K(320K) NonClass: 96K(192K)->96K(192K) Class: 4K(128K)->4K(128K)
[2024-08-28T01:10:17.003+0000][info][gc          ] GC(456) Pause Young (Normal) (G1 Evacuation Pause) 1475M->1475M(2048M) 27.151ms
[2024-08-28T01:10:17.003+0000][info][gc,cpu      ] GC(456) User=1.20s Sys=0.03s Real=0.03s
[2024-08-28T01:10:17.066+0000][info][gc,start    ] GC(457) Pause Young (Concurrent Start) (G1 Evacuation Pause)
[2024-08-28T01:10:17.066+0000][info][gc,task     ] GC(457) Using 49 workers of 68 for evacuation
[2024-08-28T01:10:17.088+0000][info][gc,phases   ] GC(457)   Pre Evacuate Collection Set: 0.4ms
[2024-08-28T01:10:17.088+0000][info][gc,phases   ] GC(457)   Merge Heap Roots: 0.4ms
[2024-08-28T01:10:17.088+0000][info][gc,phases   ] GC(457)   Evacuate Collection Set: 20.2ms
[2024-08-28T01:10:17.088+0000][info][gc,phases   ] GC(457)   Post Evacuate Collection Set: 0.5ms
[2024-08-28T01:10:17.088+0000][info][gc,phases   ] GC(457)   Other: 0.7ms
[2024-08-28T01:10:17.088+0000][info][gc,heap     ] GC(457) Eden regions: 116->0(84)
[2024-08-28T01:10:17.088+0000][info][gc,heap     ] GC(457) Survivor regions: 24->18(18)
[2024-08-28T01:10:17.088+0000][info][gc,heap     ] GC(457) Old regions: 1446->1574
[2024-08-28T01:10:17.088+0000][info][gc,heap     ] GC(457) Archive regions: 2->2
[2024-08-28T01:10:17.088+0000][info][gc,heap     ] GC(457) Humongous regions: 5->5
[2024-08-28T01:10:17.088+0000][info][gc,metaspace] GC(457) Metaspace: 100K(320K)->100K(320K) NonClass: 96K(192K)->96K(192K) Class: 4K(128K)->4K(128K)
[2024-08-28T01:10:17.088+0000][info][gc          ] GC(457) Pause Young (Concurrent Start) (G1 Evacuation Pause) 1591M->1597M(2048M) 22.252ms
[2024-08-28T01:10:17.088+0000][info][gc,cpu      ] GC(457) User=0.94s Sys=0.03s Real=0.02s
[2024-08-28T01:10:17.088+0000][info][gc          ] GC(458) Concurrent Mark Cycle
[2024-08-28T01:10:17.088+0000][info][gc,marking  ] GC(458) Concurrent Clear Claimed Marks
[2024-08-28T01:10:17.088+0000][info][gc,marking  ] GC(458) Concurrent Clear Claimed Marks 0.011ms
[2024-08-28T01:10:17.088+0000][info][gc,marking  ] GC(458) Concurrent Scan Root Regions
[2024-08-28T01:10:17.092+0000][info][gc,marking  ] GC(458) Concurrent Scan Root Regions 3.666ms
[2024-08-28T01:10:17.092+0000][info][gc,marking  ] GC(458) Concurrent Mark
[2024-08-28T01:10:17.092+0000][info][gc,marking  ] GC(458) Concurrent Mark From Roots
[2024-08-28T01:10:17.092+0000][info][gc,task     ] GC(458) Using 17 workers of 17 for marking
[2024-08-28T01:10:17.112+0000][info][gc,marking  ] GC(458) Concurrent Mark From Roots 20.597ms
[2024-08-28T01:10:17.112+0000][info][gc,marking  ] GC(458) Concurrent Preclean
[2024-08-28T01:10:17.113+0000][info][gc,marking  ] GC(458) Concurrent Preclean 0.808ms
[2024-08-28T01:10:17.114+0000][info][gc,start    ] GC(458) Pause Remark
[2024-08-28T01:10:17.116+0000][info][gc          ] GC(458) Pause Remark 1632M->1398M(2048M) 1.926ms
[2024-08-28T01:10:17.116+0000][info][gc,cpu      ] GC(458) User=0.02s Sys=0.00s Real=0.00s
[2024-08-28T01:10:17.116+0000][info][gc,marking  ] GC(458) Concurrent Mark 23.838ms
[2024-08-28T01:10:17.116+0000][info][gc,marking  ] GC(458) Concurrent Rebuild Remembered Sets
[2024-08-28T01:10:17.140+0000][info][gc,start    ] GC(459) Pause Young (Normal) (G1 Evacuation Pause)
[2024-08-28T01:10:17.140+0000][info][gc,task     ] GC(459) Using 49 workers of 68 for evacuation
[2024-08-28T01:10:17.158+0000][info][gc,phases   ] GC(459)   Pre Evacuate Collection Set: 0.4ms
[2024-08-28T01:10:17.158+0000][info][gc,phases   ] GC(459)   Merge Heap Roots: 0.5ms
[2024-08-28T01:10:17.158+0000][info][gc,phases   ] GC(459)   Evacuate Collection Set: 15.7ms
[2024-08-28T01:10:17.158+0000][info][gc,phases   ] GC(459)   Post Evacuate Collection Set: 0.7ms
[2024-08-28T01:10:17.158+0000][info][gc,phases   ] GC(459)   Other: 0.2ms
[2024-08-28T01:10:17.158+0000][info][gc,heap     ] GC(459) Eden regions: 84->0(123)
[2024-08-28T01:10:17.158+0000][info][gc,heap     ] GC(459) Survivor regions: 18->13(13)
[2024-08-28T01:10:17.158+0000][info][gc,heap     ] GC(459) Old regions: 1340->1438
[2024-08-28T01:10:17.158+0000][info][gc,heap     ] GC(459) Archive regions: 2->2
[2024-08-28T01:10:17.158+0000][info][gc,heap     ] GC(459) Humongous regions: 5->5
[2024-08-28T01:10:17.158+0000][info][gc,metaspace] GC(459) Metaspace: 100K(320K)->100K(320K) NonClass: 96K(192K)->96K(192K) Class: 4K(128K)->4K(128K)
[2024-08-28T01:10:17.158+0000][info][gc          ] GC(459) Pause Young (Normal) (G1 Evacuation Pause) 1447M->1456M(2048M) 17.557ms
[2024-08-28T01:10:17.158+0000][info][gc,cpu      ] GC(459) User=0.77s Sys=0.02s Real=0.02s
[2024-08-28T01:10:17.179+0000][info][gc,marking  ] GC(458) Concurrent Rebuild Remembered Sets 63.143ms
[2024-08-28T01:10:17.179+0000][info][gc,start    ] GC(458) Pause Cleanup
[2024-08-28T01:10:17.181+0000][info][gc          ] GC(458) Pause Cleanup 1497M->1497M(2048M) 2.097ms
[2024-08-28T01:10:17.181+0000][info][gc,cpu      ] GC(458) User=0.01s Sys=0.00s Real=0.00s
[2024-08-28T01:10:17.181+0000][info][gc,marking  ] GC(458) Concurrent Cleanup for Next Mark
[2024-08-28T01:10:17.183+0000][info][gc,marking  ] GC(458) Concurrent Cleanup for Next Mark 1.501ms
[2024-08-28T01:10:17.183+0000][info][gc          ] GC(458) Concurrent Mark Cycle 94.813ms
[2024-08-28T01:10:17.222+0000][info][gc,start    ] GC(460) Pause Young (Prepare Mixed) (G1 Evacuation Pause)
[2024-08-28T01:10:17.222+0000][info][gc,task     ] GC(460) Using 49 workers of 68 for evacuation
[2024-08-28T01:10:17.247+0000][info][gc,phases   ] GC(460)   Pre Evacuate Collection Set: 0.4ms
[2024-08-28T01:10:17.247+0000][info][gc,phases   ] GC(460)   Merge Heap Roots: 0.8ms
[2024-08-28T01:10:17.247+0000][info][gc,phases   ] GC(460)   Evacuate Collection Set: 22.9ms
[2024-08-28T01:10:17.247+0000][info][gc,phases   ] GC(460)   Post Evacuate Collection Set: 0.5ms
[2024-08-28T01:10:17.247+0000][info][gc,phases   ] GC(460)   Other: 0.2ms
[2024-08-28T01:10:17.247+0000][info][gc,heap     ] GC(460) Eden regions: 123->0(85)
[2024-08-28T01:10:17.247+0000][info][gc,heap     ] GC(460) Survivor regions: 13->17(17)
[2024-08-28T01:10:17.247+0000][info][gc,heap     ] GC(460) Old regions: 1438->1560
[2024-08-28T01:10:17.247+0000][info][gc,heap     ] GC(460) Archive regions: 2->2
[2024-08-28T01:10:17.247+0000][info][gc,heap     ] GC(460) Humongous regions: 5->5
[2024-08-28T01:10:17.247+0000][info][gc,metaspace] GC(460) Metaspace: 100K(320K)->100K(320K) NonClass: 96K(192K)->96K(192K) Class: 4K(128K)->4K(128K)
[2024-08-28T01:10:17.247+0000][info][gc          ] GC(460) Pause Young (Prepare Mixed) (G1 Evacuation Pause) 1579M->1582M(2048M) 24.779ms
[2024-08-28T01:10:17.247+0000][info][gc,cpu      ] GC(460) User=1.12s Sys=0.00s Real=0.02s
[2024-08-28T01:10:17.294+0000][info][gc,start    ] GC(461) Pause Young (Mixed) (G1 Evacuation Pause)
[2024-08-28T01:10:17.294+0000][info][gc,task     ] GC(461) Using 49 workers of 68 for evacuation
[2024-08-28T01:10:17.310+0000][info][gc,phases   ] GC(461)   Pre Evacuate Collection Set: 0.4ms
[2024-08-28T01:10:17.310+0000][info][gc,phases   ] GC(461)   Merge Heap Roots: 0.4ms
[2024-08-28T01:10:17.310+0000][info][gc,phases   ] GC(461)   Evacuate Collection Set: 15.2ms
[2024-08-28T01:10:17.310+0000][info][gc,phases   ] GC(461)   Post Evacuate Collection Set: 0.5ms
[2024-08-28T01:10:17.310+0000][info][gc,phases   ] GC(461)   Other: 0.2ms
[2024-08-28T01:10:17.310+0000][info][gc,heap     ] GC(461) Eden regions: 85->0(89)
[2024-08-28T01:10:17.310+0000][info][gc,heap     ] GC(461) Survivor regions: 17->13(13)
[2024-08-28T01:10:17.310+0000][info][gc,heap     ] GC(461) Old regions: 1560->1533
[2024-08-28T01:10:17.310+0000][info][gc,heap     ] GC(461) Archive regions: 2->2
[2024-08-28T01:10:17.310+0000][info][gc,heap     ] GC(461) Humongous regions: 5->5
[2024-08-28T01:10:17.310+0000][info][gc,metaspace] GC(461) Metaspace: 100K(320K)->100K(320K) NonClass: 96K(192K)->96K(192K) Class: 4K(128K)->4K(128K)
[2024-08-28T01:10:17.310+0000][info][gc          ] GC(461) Pause Young (Mixed) (G1 Evacuation Pause) 1667M->1551M(2048M) 16.839ms
[2024-08-28T01:10:17.310+0000][info][gc,cpu      ] GC(461) User=0.73s Sys=0.01s Real=0.02s
[2024-08-28T01:10:17.358+0000][info][gc,start    ] GC(462) Pause Young (Mixed) (G1 Evacuation Pause)
[2024-08-28T01:10:17.358+0000][info][gc,task     ] GC(462) Using 49 workers of 68 for evacuation
[2024-08-28T01:10:17.375+0000][info][gc,phases   ] GC(462)   Pre Evacuate Collection Set: 0.4ms
[2024-08-28T01:10:17.375+0000][info][gc,phases   ] GC(462)   Merge Heap Roots: 0.5ms
[2024-08-28T01:10:17.375+0000][info][gc,phases   ] GC(462)   Evacuate Collection Set: 15.1ms
[2024-08-28T01:10:17.375+0000][info][gc,phases   ] GC(462)   Post Evacuate Collection Set: 0.5ms
[2024-08-28T01:10:17.375+0000][info][gc,phases   ] GC(462)   Other: 0.2ms
[2024-08-28T01:10:17.375+0000][info][gc,heap     ] GC(462) Eden regions: 89->0(89)
[2024-08-28T01:10:17.375+0000][info][gc,heap     ] GC(462) Survivor regions: 13->13(13)
[2024-08-28T01:10:17.375+0000][info][gc,heap     ] GC(462) Old regions: 1533->1504
[2024-08-28T01:10:17.375+0000][info][gc,heap     ] GC(462) Archive regions: 2->2
[2024-08-28T01:10:17.375+0000][info][gc,heap     ] GC(462) Humongous regions: 5->5
[2024-08-28T01:10:17.375+0000][info][gc,metaspace] GC(462) Metaspace: 100K(320K)->100K(320K) NonClass: 96K(192K)->96K(192K) Class: 4K(128K)->4K(128K)
[2024-08-28T01:10:17.375+0000][info][gc          ] GC(462) Pause Young (Mixed) (G1 Evacuation Pause) 1640M->1522M(2048M) 16.947ms
[2024-08-28T01:10:17.375+0000][info][gc,cpu      ] GC(462) User=0.74s Sys=0.01s Real=0.01s
[2024-08-28T01:10:17.424+0000][info][gc,start    ] GC(463) Pause Young (Mixed) (G1 Evacuation Pause)
[2024-08-28T01:10:17.424+0000][info][gc,task     ] GC(463) Using 49 workers of 68 for evacuation
[2024-08-28T01:10:17.440+0000][info][gc,phases   ] GC(463)   Pre Evacuate Collection Set: 0.4ms
[2024-08-28T01:10:17.440+0000][info][gc,phases   ] GC(463)   Merge Heap Roots: 0.4ms
[2024-08-28T01:10:17.440+0000][info][gc,phases   ] GC(463)   Evacuate Collection Set: 15.0ms
[2024-08-28T01:10:17.440+0000][info][gc,phases   ] GC(463)   Post Evacuate Collection Set: 0.5ms
[2024-08-28T01:10:17.441+0000][info][gc,phases   ] GC(463)   Other: 0.2ms
[2024-08-28T01:10:17.441+0000][info][gc,heap     ] GC(463) Eden regions: 89->0(89)
[2024-08-28T01:10:17.441+0000][info][gc,heap     ] GC(463) Survivor regions: 13->13(13)
[2024-08-28T01:10:17.441+0000][info][gc,heap     ] GC(463) Old regions: 1504->1475
[2024-08-28T01:10:17.441+0000][info][gc,heap     ] GC(463) Archive regions: 2->2
[2024-08-28T01:10:17.441+0000][info][gc,heap     ] GC(463) Humongous regions: 5->5
[2024-08-28T01:10:17.441+0000][info][gc,metaspace] GC(463) Metaspace: 100K(320K)->100K(320K) NonClass: 96K(192K)->96K(192K) Class: 4K(128K)->4K(128K)
[2024-08-28T01:10:17.441+0000][info][gc          ] GC(463) Pause Young (Mixed) (G1 Evacuation Pause) 1611M->1493M(2048M) 16.668ms
[2024-08-28T01:10:17.441+0000][info][gc,cpu      ] GC(463) User=0.73s Sys=0.00s Real=0.02s
[2024-08-28T01:10:17.488+0000][info][gc,start    ] GC(464) Pause Young (Mixed) (G1 Evacuation Pause)
[2024-08-28T01:10:17.488+0000][info][gc,task     ] GC(464) Using 49 workers of 68 for evacuation
[2024-08-28T01:10:17.505+0000][info][gc,phases   ] GC(464)   Pre Evacuate Collection Set: 0.4ms
[2024-08-28T01:10:17.505+0000][info][gc,phases   ] GC(464)   Merge Heap Roots: 0.5ms
[2024-08-28T01:10:17.505+0000][info][gc,phases   ] GC(464)   Evacuate Collection Set: 14.9ms
[2024-08-28T01:10:17.505+0000][info][gc,phases   ] GC(464)   Post Evacuate Collection Set: 0.6ms
[2024-08-28T01:10:17.505+0000][info][gc,phases   ] GC(464)   Other: 0.2ms
[2024-08-28T01:10:17.505+0000][info][gc,heap     ] GC(464) Eden regions: 89->0(89)
[2024-08-28T01:10:17.505+0000][info][gc,heap     ] GC(464) Survivor regions: 13->13(13)
[2024-08-28T01:10:17.505+0000][info][gc,heap     ] GC(464) Old regions: 1475->1445
[2024-08-28T01:10:17.505+0000][info][gc,heap     ] GC(464) Archive regions: 2->2
[2024-08-28T01:10:17.505+0000][info][gc,heap     ] GC(464) Humongous regions: 5->5
[2024-08-28T01:10:17.505+0000][info][gc,metaspace] GC(464) Metaspace: 100K(320K)->100K(320K) NonClass: 96K(192K)->96K(192K) Class: 4K(128K)->4K(128K)
[2024-08-28T01:10:17.505+0000][info][gc          ] GC(464) Pause Young (Mixed) (G1 Evacuation Pause) 1582M->1463M(2048M) 16.700ms
[2024-08-28T01:10:17.505+0000][info][gc,cpu      ] GC(464) User=0.73s Sys=0.00s Real=0.02s
[2024-08-28T01:10:17.552+0000][info][gc,start    ] GC(465) Pause Young (Mixed) (G1 Evacuation Pause)
[2024-08-28T01:10:17.552+0000][info][gc,task     ] GC(465) Using 49 workers of 68 for evacuation
[2024-08-28T01:10:17.568+0000][info][gc,phases   ] GC(465)   Pre Evacuate Collection Set: 0.4ms
[2024-08-28T01:10:17.568+0000][info][gc,phases   ] GC(465)   Merge Heap Roots: 0.5ms
[2024-08-28T01:10:17.568+0000][info][gc,phases   ] GC(465)   Evacuate Collection Set: 15.0ms
[2024-08-28T01:10:17.568+0000][info][gc,phases   ] GC(465)   Post Evacuate Collection Set: 0.5ms
[2024-08-28T01:10:17.568+0000][info][gc,phases   ] GC(465)   Other: 0.2ms
[2024-08-28T01:10:17.568+0000][info][gc,heap     ] GC(465) Eden regions: 89->0(89)
[2024-08-28T01:10:17.568+0000][info][gc,heap     ] GC(465) Survivor regions: 13->13(13)
[2024-08-28T01:10:17.568+0000][info][gc,heap     ] GC(465) Old regions: 1445->1417
[2024-08-28T01:10:17.568+0000][info][gc,heap     ] GC(465) Archive regions: 2->2
[2024-08-28T01:10:17.568+0000][info][gc,heap     ] GC(465) Humongous regions: 5->5
[2024-08-28T01:10:17.568+0000][info][gc,metaspace] GC(465) Metaspace: 100K(320K)->100K(320K) NonClass: 96K(192K)->96K(192K) Class: 4K(128K)->4K(128K)
[2024-08-28T01:10:17.568+0000][info][gc          ] GC(465) Pause Young (Mixed) (G1 Evacuation Pause) 1552M->1435M(2048M) 16.736ms
[2024-08-28T01:10:17.568+0000][info][gc,cpu      ] GC(465) User=0.74s Sys=0.00s Real=0.01s
[2024-08-28T01:10:17.616+0000][info][gc,start    ] GC(466) Pause Young (Mixed) (G1 Evacuation Pause)
[2024-08-28T01:10:17.616+0000][info][gc,task     ] GC(466) Using 49 workers of 68 for evacuation
[2024-08-28T01:10:17.633+0000][info][gc,phases   ] GC(466)   Pre Evacuate Collection Set: 0.5ms
[2024-08-28T01:10:17.633+0000][info][gc,phases   ] GC(466)   Merge Heap Roots: 0.6ms
[2024-08-28T01:10:17.633+0000][info][gc,phases   ] GC(466)   Evacuate Collection Set: 15.2ms
[2024-08-28T01:10:17.633+0000][info][gc,phases   ] GC(466)   Post Evacuate Collection Set: 0.6ms
[2024-08-28T01:10:17.633+0000][info][gc,phases   ] GC(466)   Other: 0.3ms
[2024-08-28T01:10:17.633+0000][info][gc,heap     ] GC(466) Eden regions: 89->0(89)
[2024-08-28T01:10:17.633+0000][info][gc,heap     ] GC(466) Survivor regions: 13->13(13)
[2024-08-28T01:10:17.633+0000][info][gc,heap     ] GC(466) Old regions: 1417->1389
[2024-08-28T01:10:17.633+0000][info][gc,heap     ] GC(466) Archive regions: 2->2
[2024-08-28T01:10:17.633+0000][info][gc,heap     ] GC(466) Humongous regions: 5->5
[2024-08-28T01:10:17.633+0000][info][gc,metaspace] GC(466) Metaspace: 100K(320K)->100K(320K) NonClass: 96K(192K)->96K(192K) Class: 4K(128K)->4K(128K)
[2024-08-28T01:10:17.633+0000][info][gc          ] GC(466) Pause Young (Mixed) (G1 Evacuation Pause) 1524M->1407M(2048M) 17.198ms
[2024-08-28T01:10:17.633+0000][info][gc,cpu      ] GC(466) User=0.74s Sys=0.01s Real=0.02s
[2024-08-28T01:10:17.681+0000][info][gc,start    ] GC(467) Pause Young (Mixed) (G1 Evacuation Pause)
[2024-08-28T01:10:17.681+0000][info][gc,task     ] GC(467) Using 49 workers of 68 for evacuation
[2024-08-28T01:10:17.698+0000][info][gc,phases   ] GC(467)   Pre Evacuate Collection Set: 0.4ms
[2024-08-28T01:10:17.698+0000][info][gc,phases   ] GC(467)   Merge Heap Roots: 0.4ms
[2024-08-28T01:10:17.698+0000][info][gc,phases   ] GC(467)   Evacuate Collection Set: 15.0ms
[2024-08-28T01:10:17.698+0000][info][gc,phases   ] GC(467)   Post Evacuate Collection Set: 0.5ms
[2024-08-28T01:10:17.698+0000][info][gc,phases   ] GC(467)   Other: 0.3ms
[2024-08-28T01:10:17.698+0000][info][gc,heap     ] GC(467) Eden regions: 89->0(130)
[2024-08-28T01:10:17.698+0000][info][gc,heap     ] GC(467) Survivor regions: 13->13(13)
[2024-08-28T01:10:17.698+0000][info][gc,heap     ] GC(467) Old regions: 1389->1414
[2024-08-28T01:10:17.698+0000][info][gc,heap     ] GC(467) Archive regions: 2->2
[2024-08-28T01:10:17.698+0000][info][gc,heap     ] GC(467) Humongous regions: 5->5
[2024-08-28T01:10:17.698+0000][info][gc,metaspace] GC(467) Metaspace: 100K(320K)->100K(320K) NonClass: 96K(192K)->96K(192K) Class: 4K(128K)->4K(128K)
[2024-08-28T01:10:17.698+0000][info][gc          ] GC(467) Pause Young (Mixed) (G1 Evacuation Pause) 1496M->1432M(2048M) 16.598ms
[2024-08-28T01:10:17.698+0000][info][gc,cpu      ] GC(467) User=0.72s Sys=0.00s Real=0.02s
[2024-08-28T01:10:17.767+0000][info][gc,start    ] GC(468) Pause Young (Concurrent Start) (G1 Evacuation Pause)
[2024-08-28T01:10:17.768+0000][info][gc,task     ] GC(468) Using 49 workers of 68 for evacuation
[2024-08-28T01:10:17.789+0000][info][gc,phases   ] GC(468)   Pre Evacuate Collection Set: 0.4ms
[2024-08-28T01:10:17.789+0000][info][gc,phases   ] GC(468)   Merge Heap Roots: 0.5ms
[2024-08-28T01:10:17.789+0000][info][gc,phases   ] GC(468)   Evacuate Collection Set: 19.6ms
[2024-08-28T01:10:17.789+0000][info][gc,phases   ] GC(468)   Post Evacuate Collection Set: 0.5ms
[2024-08-28T01:10:17.789+0000][info][gc,phases   ] GC(468)   Other: 0.7ms
[2024-08-28T01:10:17.789+0000][info][gc,heap     ] GC(468) Eden regions: 130->0(87)
[2024-08-28T01:10:17.789+0000][info][gc,heap     ] GC(468) Survivor regions: 13->18(18)
[2024-08-28T01:10:17.789+0000][info][gc,heap     ] GC(468) Old regions: 1414->1542
[2024-08-28T01:10:17.789+0000][info][gc,heap     ] GC(468) Archive regions: 2->2
[2024-08-28T01:10:17.789+0000][info][gc,heap     ] GC(468) Humongous regions: 5->5
[2024-08-28T01:10:17.789+0000][info][gc,metaspace] GC(468) Metaspace: 100K(320K)->100K(320K) NonClass: 96K(192K)->96K(192K) Class: 4K(128K)->4K(128K)
[2024-08-28T01:10:17.789+0000][info][gc          ] GC(468) Pause Young (Concurrent Start) (G1 Evacuation Pause) 1562M->1565M(2048M) 21.841ms
[2024-08-28T01:10:17.789+0000][info][gc,cpu      ] GC(468) User=0.95s Sys=0.01s Real=0.02s
[2024-08-28T01:10:17.789+0000][info][gc          ] GC(469) Concurrent Mark Cycle
[2024-08-28T01:10:17.789+0000][info][gc,marking  ] GC(469) Concurrent Clear Claimed Marks
[2024-08-28T01:10:17.789+0000][info][gc,marking  ] GC(469) Concurrent Clear Claimed Marks 0.021ms
[2024-08-28T01:10:17.789+0000][info][gc,marking  ] GC(469) Concurrent Scan Root Regions
[2024-08-28T01:10:17.793+0000][info][gc,marking  ] GC(469) Concurrent Scan Root Regions 3.767ms
[2024-08-28T01:10:17.793+0000][info][gc,marking  ] GC(469) Concurrent Mark
[2024-08-28T01:10:17.793+0000][info][gc,marking  ] GC(469) Concurrent Mark From Roots
[2024-08-28T01:10:17.793+0000][info][gc,task     ] GC(469) Using 17 workers of 17 for marking
[2024-08-28T01:10:17.813+0000][info][gc,marking  ] GC(469) Concurrent Mark From Roots 20.010ms
[2024-08-28T01:10:17.813+0000][info][gc,marking  ] GC(469) Concurrent Preclean
[2024-08-28T01:10:17.814+0000][info][gc,marking  ] GC(469) Concurrent Preclean 0.611ms
[2024-08-28T01:10:17.814+0000][info][gc,start    ] GC(469) Pause Remark
[2024-08-28T01:10:17.816+0000][info][gc          ] GC(469) Pause Remark 1588M->1407M(2048M) 2.098ms
[2024-08-28T01:10:17.816+0000][info][gc,cpu      ] GC(469) User=0.01s Sys=0.00s Real=0.00s
[2024-08-28T01:10:17.817+0000][info][gc,marking  ] GC(469) Concurrent Mark 23.221ms
[2024-08-28T01:10:17.817+0000][info][gc,marking  ] GC(469) Concurrent Rebuild Remembered Sets
[2024-08-28T01:10:17.863+0000][info][gc,marking  ] GC(469) Concurrent Rebuild Remembered Sets 46.514ms
[2024-08-28T01:10:17.863+0000][info][gc,start    ] GC(469) Pause Cleanup
[2024-08-28T01:10:17.868+0000][info][gc          ] GC(469) Pause Cleanup 1463M->1463M(2048M) 4.197ms
[2024-08-28T01:10:17.868+0000][info][gc,cpu      ] GC(469) User=0.01s Sys=0.00s Real=0.00s
[2024-08-28T01:10:17.868+0000][info][gc,marking  ] GC(469) Concurrent Cleanup for Next Mark
[2024-08-28T01:10:17.869+0000][info][gc,marking  ] GC(469) Concurrent Cleanup for Next Mark 1.430ms
[2024-08-28T01:10:17.869+0000][info][gc          ] GC(469) Concurrent Mark Cycle 79.936ms
[2024-08-28T01:10:17.874+0000][info][gc,start    ] GC(470) Pause Young (Prepare Mixed) (G1 Evacuation Pause)
[2024-08-28T01:10:17.874+0000][info][gc,task     ] GC(470) Using 49 workers of 68 for evacuation
[2024-08-28T01:10:17.891+0000][info][gc,phases   ] GC(470)   Pre Evacuate Collection Set: 0.5ms
[2024-08-28T01:10:17.891+0000][info][gc,phases   ] GC(470)   Merge Heap Roots: 0.6ms
[2024-08-28T01:10:17.891+0000][info][gc,phases   ] GC(470)   Evacuate Collection Set: 15.4ms
[2024-08-28T01:10:17.891+0000][info][gc,phases   ] GC(470)   Post Evacuate Collection Set: 0.5ms
[2024-08-28T01:10:17.891+0000][info][gc,phases   ] GC(470)   Other: 0.2ms
[2024-08-28T01:10:17.891+0000][info][gc,heap     ] GC(470) Eden regions: 87->0(88)
[2024-08-28T01:10:17.891+0000][info][gc,heap     ] GC(470) Survivor regions: 18->14(14)
[2024-08-28T01:10:17.891+0000][info][gc,heap     ] GC(470) Old regions: 1361->1458
[2024-08-28T01:10:17.891+0000][info][gc,heap     ] GC(470) Archive regions: 2->2
[2024-08-28T01:10:17.891+0000][info][gc,heap     ] GC(470) Humongous regions: 5->5
[2024-08-28T01:10:17.891+0000][info][gc,metaspace] GC(470) Metaspace: 100K(320K)->100K(320K) NonClass: 96K(192K)->96K(192K) Class: 4K(128K)->4K(128K)
[2024-08-28T01:10:17.891+0000][info][gc          ] GC(470) Pause Young (Prepare Mixed) (G1 Evacuation Pause) 1471M->1477M(2048M) 17.185ms
[2024-08-28T01:10:17.891+0000][info][gc,cpu      ] GC(470) User=0.74s Sys=0.02s Real=0.02s
[2024-08-28T01:10:17.938+0000][info][gc,start    ] GC(471) Pause Young (Mixed) (G1 Evacuation Pause)
[2024-08-28T01:10:17.938+0000][info][gc,task     ] GC(471) Using 49 workers of 68 for evacuation
[2024-08-28T01:10:17.954+0000][info][gc,phases   ] GC(471)   Pre Evacuate Collection Set: 0.5ms
[2024-08-28T01:10:17.954+0000][info][gc,phases   ] GC(471)   Merge Heap Roots: 0.5ms
[2024-08-28T01:10:17.954+0000][info][gc,phases   ] GC(471)   Evacuate Collection Set: 15.2ms
[2024-08-28T01:10:17.954+0000][info][gc,phases   ] GC(471)   Post Evacuate Collection Set: 0.5ms
[2024-08-28T01:10:17.954+0000][info][gc,phases   ] GC(471)   Other: 0.2ms
[2024-08-28T01:10:17.954+0000][info][gc,heap     ] GC(471) Eden regions: 88->0(89)
[2024-08-28T01:10:17.954+0000][info][gc,heap     ] GC(471) Survivor regions: 14->13(13)
[2024-08-28T01:10:17.954+0000][info][gc,heap     ] GC(471) Old regions: 1458->1428
[2024-08-28T01:10:17.954+0000][info][gc,heap     ] GC(471) Archive regions: 2->2
[2024-08-28T01:10:17.954+0000][info][gc,heap     ] GC(471) Humongous regions: 5->5
[2024-08-28T01:10:17.954+0000][info][gc,metaspace] GC(471) Metaspace: 100K(320K)->100K(320K) NonClass: 96K(192K)->96K(192K) Class: 4K(128K)->4K(128K)
[2024-08-28T01:10:17.955+0000][info][gc          ] GC(471) Pause Young (Mixed) (G1 Evacuation Pause) 1565M->1446M(2048M) 16.995ms
[2024-08-28T01:10:17.955+0000][info][gc,cpu      ] GC(471) User=0.62s Sys=0.12s Real=0.01s
[2024-08-28T01:10:18.003+0000][info][gc,start    ] GC(472) Pause Young (Mixed) (G1 Evacuation Pause)
[2024-08-28T01:10:18.003+0000][info][gc,task     ] GC(472) Using 49 workers of 68 for evacuation
[2024-08-28T01:10:18.019+0000][info][gc,phases   ] GC(472)   Pre Evacuate Collection Set: 0.4ms
[2024-08-28T01:10:18.020+0000][info][gc,phases   ] GC(472)   Merge Heap Roots: 0.6ms
[2024-08-28T01:10:18.020+0000][info][gc,phases   ] GC(472)   Evacuate Collection Set: 15.2ms
[2024-08-28T01:10:18.020+0000][info][gc,phases   ] GC(472)   Post Evacuate Collection Set: 0.5ms
[2024-08-28T01:10:18.020+0000][info][gc,phases   ] GC(472)   Other: 0.3ms
[2024-08-28T01:10:18.020+0000][info][gc,heap     ] GC(472) Eden regions: 89->0(89)
[2024-08-28T01:10:18.020+0000][info][gc,heap     ] GC(472) Survivor regions: 13->13(13)
[2024-08-28T01:10:18.020+0000][info][gc,heap     ] GC(472) Old regions: 1428->1399
[2024-08-28T01:10:18.020+0000][info][gc,heap     ] GC(472) Archive regions: 2->2
[2024-08-28T01:10:18.020+0000][info][gc,heap     ] GC(472) Humongous regions: 5->5
[2024-08-28T01:10:18.020+0000][info][gc,metaspace] GC(472) Metaspace: 100K(320K)->100K(320K) NonClass: 96K(192K)->96K(192K) Class: 4K(128K)->4K(128K)
[2024-08-28T01:10:18.020+0000][info][gc          ] GC(472) Pause Young (Mixed) (G1 Evacuation Pause) 1535M->1417M(2048M) 16.999ms
[2024-08-28T01:10:18.020+0000][info][gc,cpu      ] GC(472) User=0.73s Sys=0.01s Real=0.02s
[2024-08-28T01:10:18.067+0000][info][gc,start    ] GC(473) Pause Young (Mixed) (G1 Evacuation Pause)
[2024-08-28T01:10:18.067+0000][info][gc,task     ] GC(473) Using 49 workers of 68 for evacuation
[2024-08-28T01:10:18.084+0000][info][gc,phases   ] GC(473)   Pre Evacuate Collection Set: 0.4ms
[2024-08-28T01:10:18.084+0000][info][gc,phases   ] GC(473)   Merge Heap Roots: 0.6ms
[2024-08-28T01:10:18.084+0000][info][gc,phases   ] GC(473)   Evacuate Collection Set: 15.1ms
[2024-08-28T01:10:18.084+0000][info][gc,phases   ] GC(473)   Post Evacuate Collection Set: 0.5ms
[2024-08-28T01:10:18.084+0000][info][gc,phases   ] GC(473)   Other: 0.2ms
[2024-08-28T01:10:18.084+0000][info][gc,heap     ] GC(473) Eden regions: 89->0(89)
[2024-08-28T01:10:18.084+0000][info][gc,heap     ] GC(473) Survivor regions: 13->13(13)
[2024-08-28T01:10:18.084+0000][info][gc,heap     ] GC(473) Old regions: 1399->1369
[2024-08-28T01:10:18.084+0000][info][gc,heap     ] GC(473) Archive regions: 2->2
[2024-08-28T01:10:18.084+0000][info][gc,heap     ] GC(473) Humongous regions: 5->5
[2024-08-28T01:10:18.084+0000][info][gc,metaspace] GC(473) Metaspace: 100K(320K)->100K(320K) NonClass: 96K(192K)->96K(192K) Class: 4K(128K)->4K(128K)
[2024-08-28T01:10:18.084+0000][info][gc          ] GC(473) Pause Young (Mixed) (G1 Evacuation Pause) 1506M->1387M(2048M) 16.913ms
[2024-08-28T01:10:18.084+0000][info][gc,cpu      ] GC(473) User=0.74s Sys=0.00s Real=0.02s
[2024-08-28T01:10:18.132+0000][info][gc,start    ] GC(474) Pause Young (Mixed) (G1 Evacuation Pause)
[2024-08-28T01:10:18.133+0000][info][gc,task     ] GC(474) Using 49 workers of 68 for evacuation
[2024-08-28T01:10:18.149+0000][info][gc,phases   ] GC(474)   Pre Evacuate Collection Set: 0.4ms
[2024-08-28T01:10:18.149+0000][info][gc,phases   ] GC(474)   Merge Heap Roots: 0.6ms
[2024-08-28T01:10:18.149+0000][info][gc,phases   ] GC(474)   Evacuate Collection Set: 15.1ms
[2024-08-28T01:10:18.149+0000][info][gc,phases   ] GC(474)   Post Evacuate Collection Set: 0.5ms
[2024-08-28T01:10:18.149+0000][info][gc,phases   ] GC(474)   Other: 0.2ms
[2024-08-28T01:10:18.149+0000][info][gc,heap     ] GC(474) Eden regions: 89->0(89)
[2024-08-28T01:10:18.149+0000][info][gc,heap     ] GC(474) Survivor regions: 13->13(13)
[2024-08-28T01:10:18.149+0000][info][gc,heap     ] GC(474) Old regions: 1369->1341
[2024-08-28T01:10:18.149+0000][info][gc,heap     ] GC(474) Archive regions: 2->2
[2024-08-28T01:10:18.149+0000][info][gc,heap     ] GC(474) Humongous regions: 5->5
[2024-08-28T01:10:18.149+0000][info][gc,metaspace] GC(474) Metaspace: 100K(320K)->100K(320K) NonClass: 96K(192K)->96K(192K) Class: 4K(128K)->4K(128K)
[2024-08-28T01:10:18.149+0000][info][gc          ] GC(474) Pause Young (Mixed) (G1 Evacuation Pause) 1476M->1359M(2048M) 16.914ms
[2024-08-28T01:10:18.149+0000][info][gc,cpu      ] GC(474) User=0.74s Sys=0.01s Real=0.01s
[2024-08-28T01:10:18.192+0000][info][gc,start    ] GC(475) Pause Young (Mixed) (G1 Evacuation Pause)
[2024-08-28T01:10:18.193+0000][info][gc,task     ] GC(475) Using 49 workers of 68 for evacuation
[2024-08-28T01:10:18.209+0000][info][gc,phases   ] GC(475)   Pre Evacuate Collection Set: 0.4ms
[2024-08-28T01:10:18.209+0000][info][gc,phases   ] GC(475)   Merge Heap Roots: 0.6ms
[2024-08-28T01:10:18.209+0000][info][gc,phases   ] GC(475)   Evacuate Collection Set: 15.0ms
[2024-08-28T01:10:18.209+0000][info][gc,phases   ] GC(475)   Post Evacuate Collection Set: 0.5ms
[2024-08-28T01:10:18.209+0000][info][gc,phases   ] GC(475)   Other: 0.2ms
[2024-08-28T01:10:18.209+0000][info][gc,heap     ] GC(475) Eden regions: 89->0(89)
[2024-08-28T01:10:18.209+0000][info][gc,heap     ] GC(475) Survivor regions: 13->13(13)
[2024-08-28T01:10:18.209+0000][info][gc,heap     ] GC(475) Old regions: 1341->1312
[2024-08-28T01:10:18.209+0000][info][gc,heap     ] GC(475) Archive regions: 2->2
[2024-08-28T01:10:18.209+0000][info][gc,heap     ] GC(475) Humongous regions: 5->5
[2024-08-28T01:10:18.209+0000][info][gc,metaspace] GC(475) Metaspace: 100K(320K)->100K(320K) NonClass: 96K(192K)->96K(192K) Class: 4K(128K)->4K(128K)
[2024-08-28T01:10:18.209+0000][info][gc          ] GC(475) Pause Young (Mixed) (G1 Evacuation Pause) 1448M->1330M(2048M) 16.888ms
[2024-08-28T01:10:18.209+0000][info][gc,cpu      ] GC(475) User=0.75s Sys=0.00s Real=0.01s
[2024-08-28T01:10:18.251+0000][info][gc,start    ] GC(476) Pause Young (Mixed) (G1 Evacuation Pause)
[2024-08-28T01:10:18.251+0000][info][gc,task     ] GC(476) Using 49 workers of 68 for evacuation
[2024-08-28T01:10:18.268+0000][info][gc,phases   ] GC(476)   Pre Evacuate Collection Set: 0.4ms
[2024-08-28T01:10:18.268+0000][info][gc,phases   ] GC(476)   Merge Heap Roots: 0.6ms
[2024-08-28T01:10:18.268+0000][info][gc,phases   ] GC(476)   Evacuate Collection Set: 15.2ms
[2024-08-28T01:10:18.268+0000][info][gc,phases   ] GC(476)   Post Evacuate Collection Set: 0.5ms
[2024-08-28T01:10:18.268+0000][info][gc,phases   ] GC(476)   Other: 0.2ms
[2024-08-28T01:10:18.268+0000][info][gc,heap     ] GC(476) Eden regions: 89->0(89)
[2024-08-28T01:10:18.268+0000][info][gc,heap     ] GC(476) Survivor regions: 13->13(13)
[2024-08-28T01:10:18.268+0000][info][gc,heap     ] GC(476) Old regions: 1312->1282
[2024-08-28T01:10:18.268+0000][info][gc,heap     ] GC(476) Archive regions: 2->2
[2024-08-28T01:10:18.268+0000][info][gc,heap     ] GC(476) Humongous regions: 5->5
[2024-08-28T01:10:18.268+0000][info][gc,metaspace] GC(476) Metaspace: 100K(320K)->100K(320K) NonClass: 96K(192K)->96K(192K) Class: 4K(128K)->4K(128K)
[2024-08-28T01:10:18.268+0000][info][gc          ] GC(476) Pause Young (Mixed) (G1 Evacuation Pause) 1419M->1300M(2048M) 16.963ms
[2024-08-28T01:10:18.268+0000][info][gc,cpu      ] GC(476) User=0.75s Sys=0.00s Real=0.01s
[2024-08-28T01:10:18.316+0000][info][gc,start    ] GC(477) Pause Young (Mixed) (G1 Evacuation Pause)
[2024-08-28T01:10:18.316+0000][info][gc,task     ] GC(477) Using 49 workers of 68 for evacuation
[2024-08-28T01:10:18.333+0000][info][gc,phases   ] GC(477)   Pre Evacuate Collection Set: 0.4ms
[2024-08-28T01:10:18.333+0000][info][gc,phases   ] GC(477)   Merge Heap Roots: 0.6ms
[2024-08-28T01:10:18.333+0000][info][gc,phases   ] GC(477)   Evacuate Collection Set: 15.0ms
[2024-08-28T01:10:18.333+0000][info][gc,phases   ] GC(477)   Post Evacuate Collection Set: 0.5ms
[2024-08-28T01:10:18.333+0000][info][gc,phases   ] GC(477)   Other: 0.2ms
[2024-08-28T01:10:18.333+0000][info][gc,heap     ] GC(477) Eden regions: 89->0(172)
[2024-08-28T01:10:18.333+0000][info][gc,heap     ] GC(477) Survivor regions: 13->13(13)
[2024-08-28T01:10:18.333+0000][info][gc,heap     ] GC(477) Old regions: 1282->1285
[2024-08-28T01:10:18.333+0000][info][gc,heap     ] GC(477) Archive regions: 2->2
[2024-08-28T01:10:18.333+0000][info][gc,heap     ] GC(477) Humongous regions: 5->5
[2024-08-28T01:10:18.333+0000][info][gc,metaspace] GC(477) Metaspace: 100K(320K)->100K(320K) NonClass: 96K(192K)->96K(192K) Class: 4K(128K)->4K(128K)
[2024-08-28T01:10:18.333+0000][info][gc          ] GC(477) Pause Young (Mixed) (G1 Evacuation Pause) 1389M->1303M(2048M) 16.771ms
[2024-08-28T01:10:18.333+0000][info][gc,cpu      ] GC(477) User=0.73s Sys=0.00s Real=0.02s
[2024-08-28T01:10:18.425+0000][info][gc,start    ] GC(478) Pause Young (Normal) (G1 Evacuation Pause)
[2024-08-28T01:10:18.425+0000][info][gc,task     ] GC(478) Using 49 workers of 68 for evacuation
[2024-08-28T01:10:18.452+0000][info][gc,phases   ] GC(478)   Pre Evacuate Collection Set: 0.4ms
[2024-08-28T01:10:18.452+0000][info][gc,phases   ] GC(478)   Merge Heap Roots: 0.6ms
[2024-08-28T01:10:18.452+0000][info][gc,phases   ] GC(478)   Evacuate Collection Set: 24.9ms
[2024-08-28T01:10:18.452+0000][info][gc,phases   ] GC(478)   Post Evacuate Collection Set: 0.5ms
[2024-08-28T01:10:18.452+0000][info][gc,phases   ] GC(478)   Other: 0.2ms
[2024-08-28T01:10:18.452+0000][info][gc,heap     ] GC(478) Eden regions: 172->0(116)
[2024-08-28T01:10:18.452+0000][info][gc,heap     ] GC(478) Survivor regions: 13->24(24)
[2024-08-28T01:10:18.452+0000][info][gc,heap     ] GC(478) Old regions: 1285->1446
[2024-08-28T01:10:18.452+0000][info][gc,heap     ] GC(478) Archive regions: 2->2
[2024-08-28T01:10:18.452+0000][info][gc,heap     ] GC(478) Humongous regions: 5->5
[2024-08-28T01:10:18.452+0000][info][gc,metaspace] GC(478) Metaspace: 100K(320K)->100K(320K) NonClass: 96K(192K)->96K(192K) Class: 4K(128K)->4K(128K)
[2024-08-28T01:10:18.452+0000][info][gc          ] GC(478) Pause Young (Normal) (G1 Evacuation Pause) 1475M->1475M(2048M) 26.654ms
[2024-08-28T01:10:18.452+0000][info][gc,cpu      ] GC(478) User=1.20s Sys=0.01s Real=0.03s
[2024-08-28T01:10:18.514+0000][info][gc,start    ] GC(479) Pause Young (Concurrent Start) (G1 Evacuation Pause)
[2024-08-28T01:10:18.514+0000][info][gc,task     ] GC(479) Using 49 workers of 68 for evacuation
[2024-08-28T01:10:18.536+0000][info][gc,phases   ] GC(479)   Pre Evacuate Collection Set: 0.4ms
[2024-08-28T01:10:18.536+0000][info][gc,phases   ] GC(479)   Merge Heap Roots: 0.5ms
[2024-08-28T01:10:18.536+0000][info][gc,phases   ] GC(479)   Evacuate Collection Set: 20.3ms
[2024-08-28T01:10:18.536+0000][info][gc,phases   ] GC(479)   Post Evacuate Collection Set: 0.5ms
[2024-08-28T01:10:18.536+0000][info][gc,phases   ] GC(479)   Other: 0.6ms
[2024-08-28T01:10:18.536+0000][info][gc,heap     ] GC(479) Eden regions: 116->0(84)
[2024-08-28T01:10:18.536+0000][info][gc,heap     ] GC(479) Survivor regions: 24->18(18)
[2024-08-28T01:10:18.536+0000][info][gc,heap     ] GC(479) Old regions: 1446->1575
[2024-08-28T01:10:18.536+0000][info][gc,heap     ] GC(479) Archive regions: 2->2
[2024-08-28T01:10:18.536+0000][info][gc,heap     ] GC(479) Humongous regions: 5->5
[2024-08-28T01:10:18.537+0000][info][gc,metaspace] GC(479) Metaspace: 100K(320K)->100K(320K) NonClass: 96K(192K)->96K(192K) Class: 4K(128K)->4K(128K)
[2024-08-28T01:10:18.537+0000][info][gc          ] GC(479) Pause Young (Concurrent Start) (G1 Evacuation Pause) 1591M->1598M(2048M) 22.340ms
[2024-08-28T01:10:18.537+0000][info][gc,cpu      ] GC(479) User=0.96s Sys=0.03s Real=0.02s
[2024-08-28T01:10:18.537+0000][info][gc          ] GC(480) Concurrent Mark Cycle
[2024-08-28T01:10:18.537+0000][info][gc,marking  ] GC(480) Concurrent Clear Claimed Marks
[2024-08-28T01:10:18.537+0000][info][gc,marking  ] GC(480) Concurrent Clear Claimed Marks 0.012ms
[2024-08-28T01:10:18.537+0000][info][gc,marking  ] GC(480) Concurrent Scan Root Regions
[2024-08-28T01:10:18.540+0000][info][gc,marking  ] GC(480) Concurrent Scan Root Regions 3.724ms
[2024-08-28T01:10:18.540+0000][info][gc,marking  ] GC(480) Concurrent Mark
[2024-08-28T01:10:18.540+0000][info][gc,marking  ] GC(480) Concurrent Mark From Roots
[2024-08-28T01:10:18.540+0000][info][gc,task     ] GC(480) Using 17 workers of 17 for marking
[2024-08-28T01:10:18.560+0000][info][gc,marking  ] GC(480) Concurrent Mark From Roots 19.395ms
[2024-08-28T01:10:18.560+0000][info][gc,marking  ] GC(480) Concurrent Preclean
[2024-08-28T01:10:18.561+0000][info][gc,marking  ] GC(480) Concurrent Preclean 1.228ms
[2024-08-28T01:10:18.562+0000][info][gc,start    ] GC(480) Pause Remark
[2024-08-28T01:10:18.564+0000][info][gc          ] GC(480) Pause Remark 1622M->1383M(2048M) 2.055ms
[2024-08-28T01:10:18.564+0000][info][gc,cpu      ] GC(480) User=0.02s Sys=0.00s Real=0.00s
[2024-08-28T01:10:18.564+0000][info][gc,marking  ] GC(480) Concurrent Mark 23.241ms
[2024-08-28T01:10:18.564+0000][info][gc,marking  ] GC(480) Concurrent Rebuild Remembered Sets
[2024-08-28T01:10:18.610+0000][info][gc,marking  ] GC(480) Concurrent Rebuild Remembered Sets 46.147ms
[2024-08-28T01:10:18.610+0000][info][gc,start    ] GC(480) Pause Cleanup
[2024-08-28T01:10:18.613+0000][info][gc          ] GC(480) Pause Cleanup 1437M->1437M(2048M) 2.754ms
[2024-08-28T01:10:18.613+0000][info][gc,cpu      ] GC(480) User=0.01s Sys=0.00s Real=0.00s
[2024-08-28T01:10:18.613+0000][info][gc,marking  ] GC(480) Concurrent Cleanup for Next Mark
[2024-08-28T01:10:18.614+0000][info][gc,marking  ] GC(480) Concurrent Cleanup for Next Mark 1.414ms
[2024-08-28T01:10:18.614+0000][info][gc          ] GC(480) Concurrent Mark Cycle 77.880ms
[2024-08-28T01:10:18.618+0000][info][gc,start    ] GC(481) Pause Young (Prepare Mixed) (G1 Evacuation Pause)
[2024-08-28T01:10:18.618+0000][info][gc,task     ] GC(481) Using 49 workers of 68 for evacuation
[2024-08-28T01:10:18.634+0000][info][gc,phases   ] GC(481)   Pre Evacuate Collection Set: 0.4ms
[2024-08-28T01:10:18.634+0000][info][gc,phases   ] GC(481)   Merge Heap Roots: 0.5ms
[2024-08-28T01:10:18.634+0000][info][gc,phases   ] GC(481)   Evacuate Collection Set: 14.5ms
[2024-08-28T01:10:18.634+0000][info][gc,phases   ] GC(481)   Post Evacuate Collection Set: 0.5ms
[2024-08-28T01:10:18.634+0000][info][gc,phases   ] GC(481)   Other: 0.2ms
[2024-08-28T01:10:18.634+0000][info][gc,heap     ] GC(481) Eden regions: 84->0(89)
[2024-08-28T01:10:18.634+0000][info][gc,heap     ] GC(481) Survivor regions: 18->13(13)
[2024-08-28T01:10:18.634+0000][info][gc,heap     ] GC(481) Old regions: 1336->1434
[2024-08-28T01:10:18.634+0000][info][gc,heap     ] GC(481) Archive regions: 2->2
[2024-08-28T01:10:18.634+0000][info][gc,heap     ] GC(481) Humongous regions: 5->5
[2024-08-28T01:10:18.634+0000][info][gc,metaspace] GC(481) Metaspace: 100K(320K)->100K(320K) NonClass: 96K(192K)->96K(192K) Class: 4K(128K)->4K(128K)
[2024-08-28T01:10:18.634+0000][info][gc          ] GC(481) Pause Young (Prepare Mixed) (G1 Evacuation Pause) 1443M->1452M(2048M) 16.164ms
[2024-08-28T01:10:18.635+0000][info][gc,cpu      ] GC(481) User=0.71s Sys=0.01s Real=0.01s
[2024-08-28T01:10:18.681+0000][info][gc,start    ] GC(482) Pause Young (Mixed) (G1 Evacuation Pause)
[2024-08-28T01:10:18.681+0000][info][gc,task     ] GC(482) Using 49 workers of 68 for evacuation
[2024-08-28T01:10:18.697+0000][info][gc,phases   ] GC(482)   Pre Evacuate Collection Set: 0.4ms
[2024-08-28T01:10:18.697+0000][info][gc,phases   ] GC(482)   Merge Heap Roots: 0.5ms
[2024-08-28T01:10:18.697+0000][info][gc,phases   ] GC(482)   Evacuate Collection Set: 15.0ms
[2024-08-28T01:10:18.697+0000][info][gc,phases   ] GC(482)   Post Evacuate Collection Set: 0.5ms
[2024-08-28T01:10:18.697+0000][info][gc,phases   ] GC(482)   Other: 0.2ms
[2024-08-28T01:10:18.697+0000][info][gc,heap     ] GC(482) Eden regions: 89->0(89)
[2024-08-28T01:10:18.697+0000][info][gc,heap     ] GC(482) Survivor regions: 13->13(13)
[2024-08-28T01:10:18.697+0000][info][gc,heap     ] GC(482) Old regions: 1434->1404
[2024-08-28T01:10:18.697+0000][info][gc,heap     ] GC(482) Archive regions: 2->2
[2024-08-28T01:10:18.697+0000][info][gc,heap     ] GC(482) Humongous regions: 5->5
[2024-08-28T01:10:18.697+0000][info][gc,metaspace] GC(482) Metaspace: 100K(320K)->100K(320K) NonClass: 96K(192K)->96K(192K) Class: 4K(128K)->4K(128K)
[2024-08-28T01:10:18.697+0000][info][gc          ] GC(482) Pause Young (Mixed) (G1 Evacuation Pause) 1541M->1422M(2048M) 16.834ms
[2024-08-28T01:10:18.697+0000][info][gc,cpu      ] GC(482) User=0.74s Sys=0.00s Real=0.01s
[2024-08-28T01:10:18.746+0000][info][gc,start    ] GC(483) Pause Young (Mixed) (G1 Evacuation Pause)
[2024-08-28T01:10:18.746+0000][info][gc,task     ] GC(483) Using 49 workers of 68 for evacuation
[2024-08-28T01:10:18.762+0000][info][gc,phases   ] GC(483)   Pre Evacuate Collection Set: 0.4ms
[2024-08-28T01:10:18.763+0000][info][gc,phases   ] GC(483)   Merge Heap Roots: 0.5ms
[2024-08-28T01:10:18.763+0000][info][gc,phases   ] GC(483)   Evacuate Collection Set: 15.2ms
[2024-08-28T01:10:18.763+0000][info][gc,phases   ] GC(483)   Post Evacuate Collection Set: 0.5ms
[2024-08-28T01:10:18.763+0000][info][gc,phases   ] GC(483)   Other: 0.2ms
[2024-08-28T01:10:18.763+0000][info][gc,heap     ] GC(483) Eden regions: 89->0(89)
[2024-08-28T01:10:18.763+0000][info][gc,heap     ] GC(483) Survivor regions: 13->13(13)
[2024-08-28T01:10:18.763+0000][info][gc,heap     ] GC(483) Old regions: 1404->1376
[2024-08-28T01:10:18.763+0000][info][gc,heap     ] GC(483) Archive regions: 2->2
[2024-08-28T01:10:18.763+0000][info][gc,heap     ] GC(483) Humongous regions: 5->5
[2024-08-28T01:10:18.763+0000][info][gc,metaspace] GC(483) Metaspace: 100K(320K)->100K(320K) NonClass: 96K(192K)->96K(192K) Class: 4K(128K)->4K(128K)
[2024-08-28T01:10:18.763+0000][info][gc          ] GC(483) Pause Young (Mixed) (G1 Evacuation Pause) 1511M->1394M(2048M) 16.954ms
[2024-08-28T01:10:18.763+0000][info][gc,cpu      ] GC(483) User=0.74s Sys=0.00s Real=0.02s
[2024-08-28T01:10:18.811+0000][info][gc,start    ] GC(484) Pause Young (Mixed) (G1 Evacuation Pause)
[2024-08-28T01:10:18.811+0000][info][gc,task     ] GC(484) Using 49 workers of 68 for evacuation
[2024-08-28T01:10:18.828+0000][info][gc,phases   ] GC(484)   Pre Evacuate Collection Set: 0.4ms
[2024-08-28T01:10:18.828+0000][info][gc,phases   ] GC(484)   Merge Heap Roots: 0.6ms
[2024-08-28T01:10:18.828+0000][info][gc,phases   ] GC(484)   Evacuate Collection Set: 14.9ms
[2024-08-28T01:10:18.828+0000][info][gc,phases   ] GC(484)   Post Evacuate Collection Set: 0.5ms
[2024-08-28T01:10:18.828+0000][info][gc,phases   ] GC(484)   Other: 0.3ms
[2024-08-28T01:10:18.828+0000][info][gc,heap     ] GC(484) Eden regions: 89->0(89)
[2024-08-28T01:10:18.828+0000][info][gc,heap     ] GC(484) Survivor regions: 13->13(13)
[2024-08-28T01:10:18.828+0000][info][gc,heap     ] GC(484) Old regions: 1376->1346
[2024-08-28T01:10:18.828+0000][info][gc,heap     ] GC(484) Archive regions: 2->2
[2024-08-28T01:10:18.828+0000][info][gc,heap     ] GC(484) Humongous regions: 5->5
[2024-08-28T01:10:18.828+0000][info][gc,metaspace] GC(484) Metaspace: 100K(320K)->100K(320K) NonClass: 96K(192K)->96K(192K) Class: 4K(128K)->4K(128K)
[2024-08-28T01:10:18.828+0000][info][gc          ] GC(484) Pause Young (Mixed) (G1 Evacuation Pause) 1483M->1364M(2048M) 16.721ms
[2024-08-28T01:10:18.828+0000][info][gc,cpu      ] GC(484) User=0.71s Sys=0.02s Real=0.01s
[2024-08-28T01:10:18.876+0000][info][gc,start    ] GC(485) Pause Young (Mixed) (G1 Evacuation Pause)
[2024-08-28T01:10:18.876+0000][info][gc,task     ] GC(485) Using 49 workers of 68 for evacuation
[2024-08-28T01:10:18.892+0000][info][gc,phases   ] GC(485)   Pre Evacuate Collection Set: 0.4ms
[2024-08-28T01:10:18.892+0000][info][gc,phases   ] GC(485)   Merge Heap Roots: 0.5ms
[2024-08-28T01:10:18.892+0000][info][gc,phases   ] GC(485)   Evacuate Collection Set: 14.9ms
[2024-08-28T01:10:18.892+0000][info][gc,phases   ] GC(485)   Post Evacuate Collection Set: 0.5ms
[2024-08-28T01:10:18.892+0000][info][gc,phases   ] GC(485)   Other: 0.2ms
[2024-08-28T01:10:18.892+0000][info][gc,heap     ] GC(485) Eden regions: 89->0(89)
[2024-08-28T01:10:18.892+0000][info][gc,heap     ] GC(485) Survivor regions: 13->13(13)
[2024-08-28T01:10:18.892+0000][info][gc,heap     ] GC(485) Old regions: 1346->1316
[2024-08-28T01:10:18.892+0000][info][gc,heap     ] GC(485) Archive regions: 2->2
[2024-08-28T01:10:18.892+0000][info][gc,heap     ] GC(485) Humongous regions: 5->5
[2024-08-28T01:10:18.892+0000][info][gc,metaspace] GC(485) Metaspace: 100K(320K)->100K(320K) NonClass: 96K(192K)->96K(192K) Class: 4K(128K)->4K(128K)
[2024-08-28T01:10:18.892+0000][info][gc          ] GC(485) Pause Young (Mixed) (G1 Evacuation Pause) 1453M->1334M(2048M) 16.715ms
[2024-08-28T01:10:18.893+0000][info][gc,cpu      ] GC(485) User=0.74s Sys=0.00s Real=0.02s
[2024-08-28T01:10:18.940+0000][info][gc,start    ] GC(486) Pause Young (Mixed) (G1 Evacuation Pause)
[2024-08-28T01:10:18.940+0000][info][gc,task     ] GC(486) Using 49 workers of 68 for evacuation
[2024-08-28T01:10:18.957+0000][info][gc,phases   ] GC(486)   Pre Evacuate Collection Set: 0.4ms
[2024-08-28T01:10:18.957+0000][info][gc,phases   ] GC(486)   Merge Heap Roots: 0.6ms
[2024-08-28T01:10:18.957+0000][info][gc,phases   ] GC(486)   Evacuate Collection Set: 15.3ms
[2024-08-28T01:10:18.957+0000][info][gc,phases   ] GC(486)   Post Evacuate Collection Set: 0.5ms
[2024-08-28T01:10:18.957+0000][info][gc,phases   ] GC(486)   Other: 0.3ms
[2024-08-28T01:10:18.957+0000][info][gc,heap     ] GC(486) Eden regions: 89->0(89)
[2024-08-28T01:10:18.957+0000][info][gc,heap     ] GC(486) Survivor regions: 13->13(13)
[2024-08-28T01:10:18.957+0000][info][gc,heap     ] GC(486) Old regions: 1316->1288
[2024-08-28T01:10:18.957+0000][info][gc,heap     ] GC(486) Archive regions: 2->2
[2024-08-28T01:10:18.957+0000][info][gc,heap     ] GC(486) Humongous regions: 5->5
[2024-08-28T01:10:18.957+0000][info][gc,metaspace] GC(486) Metaspace: 100K(320K)->100K(320K) NonClass: 96K(192K)->96K(192K) Class: 4K(128K)->4K(128K)
[2024-08-28T01:10:18.957+0000][info][gc          ] GC(486) Pause Young (Mixed) (G1 Evacuation Pause) 1423M->1306M(2048M) 17.236ms
[2024-08-28T01:10:18.957+0000][info][gc,cpu      ] GC(486) User=0.76s Sys=0.00s Real=0.01s
[2024-08-28T01:10:19.005+0000][info][gc,start    ] GC(487) Pause Young (Mixed) (G1 Evacuation Pause)
[2024-08-28T01:10:19.005+0000][info][gc,task     ] GC(487) Using 49 workers of 68 for evacuation
[2024-08-28T01:10:19.022+0000][info][gc,phases   ] GC(487)   Pre Evacuate Collection Set: 0.4ms
[2024-08-28T01:10:19.022+0000][info][gc,phases   ] GC(487)   Merge Heap Roots: 0.6ms
[2024-08-28T01:10:19.022+0000][info][gc,phases   ] GC(487)   Evacuate Collection Set: 15.3ms
[2024-08-28T01:10:19.022+0000][info][gc,phases   ] GC(487)   Post Evacuate Collection Set: 0.6ms
[2024-08-28T01:10:19.022+0000][info][gc,phases   ] GC(487)   Other: 0.2ms
[2024-08-28T01:10:19.022+0000][info][gc,heap     ] GC(487) Eden regions: 89->0(89)
[2024-08-28T01:10:19.022+0000][info][gc,heap     ] GC(487) Survivor regions: 13->13(13)
[2024-08-28T01:10:19.022+0000][info][gc,heap     ] GC(487) Old regions: 1288->1259
[2024-08-28T01:10:19.022+0000][info][gc,heap     ] GC(487) Archive regions: 2->2
[2024-08-28T01:10:19.022+0000][info][gc,heap     ] GC(487) Humongous regions: 5->5
[2024-08-28T01:10:19.022+0000][info][gc,metaspace] GC(487) Metaspace: 100K(320K)->100K(320K) NonClass: 96K(192K)->96K(192K) Class: 4K(128K)->4K(128K)
[2024-08-28T01:10:19.022+0000][info][gc          ] GC(487) Pause Young (Mixed) (G1 Evacuation Pause) 1395M->1277M(2048M) 17.265ms
[2024-08-28T01:10:19.022+0000][info][gc,cpu      ] GC(487) User=0.75s Sys=0.00s Real=0.02s
[2024-08-28T01:10:19.069+0000][info][gc,start    ] GC(488) Pause Young (Mixed) (G1 Evacuation Pause)
[2024-08-28T01:10:19.069+0000][info][gc,task     ] GC(488) Using 49 workers of 68 for evacuation
[2024-08-28T01:10:19.086+0000][info][gc,phases   ] GC(488)   Pre Evacuate Collection Set: 0.4ms
[2024-08-28T01:10:19.086+0000][info][gc,phases   ] GC(488)   Merge Heap Roots: 0.6ms
[2024-08-28T01:10:19.086+0000][info][gc,phases   ] GC(488)   Evacuate Collection Set: 14.9ms
[2024-08-28T01:10:19.086+0000][info][gc,phases   ] GC(488)   Post Evacuate Collection Set: 0.6ms
[2024-08-28T01:10:19.086+0000][info][gc,phases   ] GC(488)   Other: 0.2ms
[2024-08-28T01:10:19.086+0000][info][gc,heap     ] GC(488) Eden regions: 89->0(171)
[2024-08-28T01:10:19.086+0000][info][gc,heap     ] GC(488) Survivor regions: 13->13(13)
[2024-08-28T01:10:19.086+0000][info][gc,heap     ] GC(488) Old regions: 1259->1287
[2024-08-28T01:10:19.086+0000][info][gc,heap     ] GC(488) Archive regions: 2->2
[2024-08-28T01:10:19.086+0000][info][gc,heap     ] GC(488) Humongous regions: 5->5
[2024-08-28T01:10:19.086+0000][info][gc,metaspace] GC(488) Metaspace: 100K(320K)->100K(320K) NonClass: 96K(192K)->96K(192K) Class: 4K(128K)->4K(128K)
[2024-08-28T01:10:19.086+0000][info][gc          ] GC(488) Pause Young (Mixed) (G1 Evacuation Pause) 1366M->1305M(2048M) 16.817ms
[2024-08-28T01:10:19.086+0000][info][gc,cpu      ] GC(488) User=0.72s Sys=0.02s Real=0.02s
[2024-08-28T01:10:19.175+0000][info][gc,start    ] GC(489) Pause Young (Normal) (G1 Evacuation Pause)
[2024-08-28T01:10:19.176+0000][info][gc,task     ] GC(489) Using 49 workers of 68 for evacuation
[2024-08-28T01:10:19.202+0000][info][gc,phases   ] GC(489)   Pre Evacuate Collection Set: 0.5ms
[2024-08-28T01:10:19.202+0000][info][gc,phases   ] GC(489)   Merge Heap Roots: 0.7ms
[2024-08-28T01:10:19.202+0000][info][gc,phases   ] GC(489)   Evacuate Collection Set: 24.6ms
[2024-08-28T01:10:19.202+0000][info][gc,phases   ] GC(489)   Post Evacuate Collection Set: 0.6ms
[2024-08-28T01:10:19.202+0000][info][gc,phases   ] GC(489)   Other: 0.3ms
[2024-08-28T01:10:19.202+0000][info][gc,heap     ] GC(489) Eden regions: 171->0(116)
[2024-08-28T01:10:19.202+0000][info][gc,heap     ] GC(489) Survivor regions: 13->23(23)
[2024-08-28T01:10:19.202+0000][info][gc,heap     ] GC(489) Old regions: 1287->1449
[2024-08-28T01:10:19.202+0000][info][gc,heap     ] GC(489) Archive regions: 2->2
[2024-08-28T01:10:19.202+0000][info][gc,heap     ] GC(489) Humongous regions: 5->5
[2024-08-28T01:10:19.202+0000][info][gc,metaspace] GC(489) Metaspace: 100K(320K)->100K(320K) NonClass: 96K(192K)->96K(192K) Class: 4K(128K)->4K(128K)
[2024-08-28T01:10:19.202+0000][info][gc          ] GC(489) Pause Young (Normal) (G1 Evacuation Pause) 1476M->1477M(2048M) 26.690ms
[2024-08-28T01:10:19.202+0000][info][gc,cpu      ] GC(489) User=1.19s Sys=0.02s Real=0.03s
[2024-08-28T01:10:19.265+0000][info][gc,start    ] GC(490) Pause Young (Concurrent Start) (G1 Evacuation Pause)
[2024-08-28T01:10:19.265+0000][info][gc,task     ] GC(490) Using 49 workers of 68 for evacuation
[2024-08-28T01:10:19.287+0000][info][gc,phases   ] GC(490)   Pre Evacuate Collection Set: 0.5ms
[2024-08-28T01:10:19.288+0000][info][gc,phases   ] GC(490)   Merge Heap Roots: 0.5ms
[2024-08-28T01:10:19.288+0000][info][gc,phases   ] GC(490)   Evacuate Collection Set: 20.5ms
[2024-08-28T01:10:19.288+0000][info][gc,phases   ] GC(490)   Post Evacuate Collection Set: 0.5ms
[2024-08-28T01:10:19.288+0000][info][gc,phases   ] GC(490)   Other: 0.7ms
[2024-08-28T01:10:19.288+0000][info][gc,heap     ] GC(490) Eden regions: 116->0(84)
[2024-08-28T01:10:19.288+0000][info][gc,heap     ] GC(490) Survivor regions: 23->18(18)
[2024-08-28T01:10:19.288+0000][info][gc,heap     ] GC(490) Old regions: 1449->1577
[2024-08-28T01:10:19.288+0000][info][gc,heap     ] GC(490) Archive regions: 2->2
[2024-08-28T01:10:19.288+0000][info][gc,heap     ] GC(490) Humongous regions: 5->5
[2024-08-28T01:10:19.288+0000][info][gc,metaspace] GC(490) Metaspace: 100K(320K)->100K(320K) NonClass: 96K(192K)->96K(192K) Class: 4K(128K)->4K(128K)
[2024-08-28T01:10:19.288+0000][info][gc          ] GC(490) Pause Young (Concurrent Start) (G1 Evacuation Pause) 1593M->1600M(2048M) 22.719ms
[2024-08-28T01:10:19.288+0000][info][gc,cpu      ] GC(490) User=0.99s Sys=0.00s Real=0.02s
[2024-08-28T01:10:19.288+0000][info][gc          ] GC(491) Concurrent Mark Cycle
[2024-08-28T01:10:19.288+0000][info][gc,marking  ] GC(491) Concurrent Clear Claimed Marks
[2024-08-28T01:10:19.288+0000][info][gc,marking  ] GC(491) Concurrent Clear Claimed Marks 0.011ms
[2024-08-28T01:10:19.288+0000][info][gc,marking  ] GC(491) Concurrent Scan Root Regions
[2024-08-28T01:10:19.291+0000][info][gc,marking  ] GC(491) Concurrent Scan Root Regions 3.614ms
[2024-08-28T01:10:19.291+0000][info][gc,marking  ] GC(491) Concurrent Mark
[2024-08-28T01:10:19.291+0000][info][gc,marking  ] GC(491) Concurrent Mark From Roots
[2024-08-28T01:10:19.291+0000][info][gc,task     ] GC(491) Using 17 workers of 17 for marking
[2024-08-28T01:10:19.312+0000][info][gc,marking  ] GC(491) Concurrent Mark From Roots 20.233ms
[2024-08-28T01:10:19.312+0000][info][gc,marking  ] GC(491) Concurrent Preclean
[2024-08-28T01:10:19.312+0000][info][gc,marking  ] GC(491) Concurrent Preclean 0.504ms
[2024-08-28T01:10:19.312+0000][info][gc,start    ] GC(491) Pause Remark
[2024-08-28T01:10:19.315+0000][info][gc          ] GC(491) Pause Remark 1631M->1401M(2048M) 2.234ms
[2024-08-28T01:10:19.315+0000][info][gc,cpu      ] GC(491) User=0.02s Sys=0.00s Real=0.00s
[2024-08-28T01:10:19.315+0000][info][gc,marking  ] GC(491) Concurrent Mark 23.394ms
[2024-08-28T01:10:19.315+0000][info][gc,marking  ] GC(491) Concurrent Rebuild Remembered Sets
[2024-08-28T01:10:19.343+0000][info][gc,start    ] GC(492) Pause Young (Normal) (G1 Evacuation Pause)
[2024-08-28T01:10:19.343+0000][info][gc,task     ] GC(492) Using 49 workers of 68 for evacuation
[2024-08-28T01:10:19.361+0000][info][gc,phases   ] GC(492)   Pre Evacuate Collection Set: 0.4ms
[2024-08-28T01:10:19.361+0000][info][gc,phases   ] GC(492)   Merge Heap Roots: 0.5ms
[2024-08-28T01:10:19.361+0000][info][gc,phases   ] GC(492)   Evacuate Collection Set: 15.5ms
[2024-08-28T01:10:19.361+0000][info][gc,phases   ] GC(492)   Post Evacuate Collection Set: 0.7ms
[2024-08-28T01:10:19.361+0000][info][gc,phases   ] GC(492)   Other: 0.2ms
[2024-08-28T01:10:19.361+0000][info][gc,heap     ] GC(492) Eden regions: 84->0(121)
[2024-08-28T01:10:19.361+0000][info][gc,heap     ] GC(492) Survivor regions: 18->13(13)
[2024-08-28T01:10:19.361+0000][info][gc,heap     ] GC(492) Old regions: 1347->1444
[2024-08-28T01:10:19.361+0000][info][gc,heap     ] GC(492) Archive regions: 2->2
[2024-08-28T01:10:19.361+0000][info][gc,heap     ] GC(492) Humongous regions: 5->5
[2024-08-28T01:10:19.361+0000][info][gc,metaspace] GC(492) Metaspace: 100K(320K)->100K(320K) NonClass: 96K(192K)->96K(192K) Class: 4K(128K)->4K(128K)
[2024-08-28T01:10:19.361+0000][info][gc          ] GC(492) Pause Young (Normal) (G1 Evacuation Pause) 1454M->1462M(2048M) 17.454ms
[2024-08-28T01:10:19.361+0000][info][gc,cpu      ] GC(492) User=0.77s Sys=0.00s Real=0.02s
[2024-08-28T01:10:19.380+0000][info][gc,marking  ] GC(491) Concurrent Rebuild Remembered Sets 65.055ms
[2024-08-28T01:10:19.380+0000][info][gc,start    ] GC(491) Pause Cleanup
[2024-08-28T01:10:19.383+0000][info][gc          ] GC(491) Pause Cleanup 1496M->1496M(2048M) 2.794ms
[2024-08-28T01:10:19.383+0000][info][gc,cpu      ] GC(491) User=0.01s Sys=0.00s Real=0.00s
[2024-08-28T01:10:19.383+0000][info][gc,marking  ] GC(491) Concurrent Cleanup for Next Mark
[2024-08-28T01:10:19.384+0000][info][gc,marking  ] GC(491) Concurrent Cleanup for Next Mark 1.351ms
[2024-08-28T01:10:19.384+0000][info][gc          ] GC(491) Concurrent Mark Cycle 96.789ms
[2024-08-28T01:10:19.432+0000][info][gc,start    ] GC(493) Pause Young (Prepare Mixed) (G1 Evacuation Pause)
[2024-08-28T01:10:19.432+0000][info][gc,task     ] GC(493) Using 49 workers of 68 for evacuation
[2024-08-28T01:10:19.456+0000][info][gc,phases   ] GC(493)   Pre Evacuate Collection Set: 0.4ms
[2024-08-28T01:10:19.456+0000][info][gc,phases   ] GC(493)   Merge Heap Roots: 0.9ms
[2024-08-28T01:10:19.456+0000][info][gc,phases   ] GC(493)   Evacuate Collection Set: 22.2ms
[2024-08-28T01:10:19.456+0000][info][gc,phases   ] GC(493)   Post Evacuate Collection Set: 0.5ms
[2024-08-28T01:10:19.456+0000][info][gc,phases   ] GC(493)   Other: 0.2ms
[2024-08-28T01:10:19.456+0000][info][gc,heap     ] GC(493) Eden regions: 121->0(85)
[2024-08-28T01:10:19.456+0000][info][gc,heap     ] GC(493) Survivor regions: 13->17(17)
[2024-08-28T01:10:19.456+0000][info][gc,heap     ] GC(493) Old regions: 1444->1564
[2024-08-28T01:10:19.456+0000][info][gc,heap     ] GC(493) Archive regions: 2->2
[2024-08-28T01:10:19.456+0000][info][gc,heap     ] GC(493) Humongous regions: 5->5
[2024-08-28T01:10:19.456+0000][info][gc,metaspace] GC(493) Metaspace: 100K(320K)->100K(320K) NonClass: 96K(192K)->96K(192K) Class: 4K(128K)->4K(128K)
[2024-08-28T01:10:19.456+0000][info][gc          ] GC(493) Pause Young (Prepare Mixed) (G1 Evacuation Pause) 1583M->1586M(2048M) 24.293ms
[2024-08-28T01:10:19.456+0000][info][gc,cpu      ] GC(493) User=1.08s Sys=0.01s Real=0.02s
[2024-08-28T01:10:19.503+0000][info][gc,start    ] GC(494) Pause Young (Mixed) (G1 Evacuation Pause)
[2024-08-28T01:10:19.503+0000][info][gc,task     ] GC(494) Using 49 workers of 68 for evacuation
[2024-08-28T01:10:19.520+0000][info][gc,phases   ] GC(494)   Pre Evacuate Collection Set: 0.4ms
[2024-08-28T01:10:19.520+0000][info][gc,phases   ] GC(494)   Merge Heap Roots: 0.4ms
[2024-08-28T01:10:19.520+0000][info][gc,phases   ] GC(494)   Evacuate Collection Set: 15.2ms
[2024-08-28T01:10:19.520+0000][info][gc,phases   ] GC(494)   Post Evacuate Collection Set: 0.5ms
[2024-08-28T01:10:19.520+0000][info][gc,phases   ] GC(494)   Other: 0.2ms
[2024-08-28T01:10:19.520+0000][info][gc,heap     ] GC(494) Eden regions: 85->0(89)
[2024-08-28T01:10:19.520+0000][info][gc,heap     ] GC(494) Survivor regions: 17->13(13)
[2024-08-28T01:10:19.520+0000][info][gc,heap     ] GC(494) Old regions: 1564->1537
[2024-08-28T01:10:19.520+0000][info][gc,heap     ] GC(494) Archive regions: 2->2
[2024-08-28T01:10:19.520+0000][info][gc,heap     ] GC(494) Humongous regions: 5->5
[2024-08-28T01:10:19.520+0000][info][gc,metaspace] GC(494) Metaspace: 100K(320K)->100K(320K) NonClass: 96K(192K)->96K(192K) Class: 4K(128K)->4K(128K)
[2024-08-28T01:10:19.520+0000][info][gc          ] GC(494) Pause Young (Mixed) (G1 Evacuation Pause) 1671M->1555M(2048M) 16.863ms
[2024-08-28T01:10:19.520+0000][info][gc,cpu      ] GC(494) User=0.74s Sys=0.00s Real=0.02s
[2024-08-28T01:10:19.569+0000][info][gc,start    ] GC(495) Pause Young (Mixed) (G1 Evacuation Pause)
[2024-08-28T01:10:19.569+0000][info][gc,task     ] GC(495) Using 49 workers of 68 for evacuation
[2024-08-28T01:10:19.585+0000][info][gc,phases   ] GC(495)   Pre Evacuate Collection Set: 0.4ms
[2024-08-28T01:10:19.585+0000][info][gc,phases   ] GC(495)   Merge Heap Roots: 0.6ms
[2024-08-28T01:10:19.585+0000][info][gc,phases   ] GC(495)   Evacuate Collection Set: 15.0ms
[2024-08-28T01:10:19.585+0000][info][gc,phases   ] GC(495)   Post Evacuate Collection Set: 0.6ms
[2024-08-28T01:10:19.585+0000][info][gc,phases   ] GC(495)   Other: 0.2ms
[2024-08-28T01:10:19.585+0000][info][gc,heap     ] GC(495) Eden regions: 89->0(89)
[2024-08-28T01:10:19.585+0000][info][gc,heap     ] GC(495) Survivor regions: 13->13(13)
[2024-08-28T01:10:19.585+0000][info][gc,heap     ] GC(495) Old regions: 1537->1508
[2024-08-28T01:10:19.585+0000][info][gc,heap     ] GC(495) Archive regions: 2->2
[2024-08-28T01:10:19.585+0000][info][gc,heap     ] GC(495) Humongous regions: 5->5
[2024-08-28T01:10:19.585+0000][info][gc,metaspace] GC(495) Metaspace: 100K(320K)->100K(320K) NonClass: 96K(192K)->96K(192K) Class: 4K(128K)->4K(128K)
[2024-08-28T01:10:19.585+0000][info][gc          ] GC(495) Pause Young (Mixed) (G1 Evacuation Pause) 1644M->1526M(2048M) 16.850ms
[2024-08-28T01:10:19.585+0000][info][gc,cpu      ] GC(495) User=0.74s Sys=0.01s Real=0.02s
[2024-08-28T01:10:19.633+0000][info][gc,start    ] GC(496) Pause Young (Mixed) (G1 Evacuation Pause)
[2024-08-28T01:10:19.633+0000][info][gc,task     ] GC(496) Using 49 workers of 68 for evacuation
[2024-08-28T01:10:19.650+0000][info][gc,phases   ] GC(496)   Pre Evacuate Collection Set: 0.4ms
[2024-08-28T01:10:19.650+0000][info][gc,phases   ] GC(496)   Merge Heap Roots: 0.4ms
[2024-08-28T01:10:19.650+0000][info][gc,phases   ] GC(496)   Evacuate Collection Set: 15.0ms
[2024-08-28T01:10:19.650+0000][info][gc,phases   ] GC(496)   Post Evacuate Collection Set: 0.5ms
[2024-08-28T01:10:19.650+0000][info][gc,phases   ] GC(496)   Other: 0.2ms
[2024-08-28T01:10:19.650+0000][info][gc,heap     ] GC(496) Eden regions: 89->0(89)
[2024-08-28T01:10:19.650+0000][info][gc,heap     ] GC(496) Survivor regions: 13->13(13)
[2024-08-28T01:10:19.650+0000][info][gc,heap     ] GC(496) Old regions: 1508->1477
[2024-08-28T01:10:19.650+0000][info][gc,heap     ] GC(496) Archive regions: 2->2
[2024-08-28T01:10:19.650+0000][info][gc,heap     ] GC(496) Humongous regions: 5->5
[2024-08-28T01:10:19.650+0000][info][gc,metaspace] GC(496) Metaspace: 100K(320K)->100K(320K) NonClass: 96K(192K)->96K(192K) Class: 4K(128K)->4K(128K)
[2024-08-28T01:10:19.650+0000][info][gc          ] GC(496) Pause Young (Mixed) (G1 Evacuation Pause) 1615M->1495M(2048M) 16.679ms
[2024-08-28T01:10:19.650+0000][info][gc,cpu      ] GC(496) User=0.71s Sys=0.02s Real=0.02s
[2024-08-28T01:10:19.696+0000][info][gc,start    ] GC(497) Pause Young (Mixed) (G1 Evacuation Pause)
[2024-08-28T01:10:19.696+0000][info][gc,task     ] GC(497) Using 49 workers of 68 for evacuation
[2024-08-28T01:10:19.713+0000][info][gc,phases   ] GC(497)   Pre Evacuate Collection Set: 0.4ms
[2024-08-28T01:10:19.713+0000][info][gc,phases   ] GC(497)   Merge Heap Roots: 0.5ms
[2024-08-28T01:10:19.713+0000][info][gc,phases   ] GC(497)   Evacuate Collection Set: 15.0ms
[2024-08-28T01:10:19.713+0000][info][gc,phases   ] GC(497)   Post Evacuate Collection Set: 0.6ms
[2024-08-28T01:10:19.713+0000][info][gc,phases   ] GC(497)   Other: 0.3ms
[2024-08-28T01:10:19.713+0000][info][gc,heap     ] GC(497) Eden regions: 89->0(89)
[2024-08-28T01:10:19.713+0000][info][gc,heap     ] GC(497) Survivor regions: 13->13(13)
[2024-08-28T01:10:19.713+0000][info][gc,heap     ] GC(497) Old regions: 1477->1448
[2024-08-28T01:10:19.713+0000][info][gc,heap     ] GC(497) Archive regions: 2->2
[2024-08-28T01:10:19.713+0000][info][gc,heap     ] GC(497) Humongous regions: 5->5
[2024-08-28T01:10:19.713+0000][info][gc,metaspace] GC(497) Metaspace: 100K(320K)->100K(320K) NonClass: 96K(192K)->96K(192K) Class: 4K(128K)->4K(128K)
[2024-08-28T01:10:19.713+0000][info][gc          ] GC(497) Pause Young (Mixed) (G1 Evacuation Pause) 1584M->1466M(2048M) 16.805ms
[2024-08-28T01:10:19.713+0000][info][gc,cpu      ] GC(497) User=0.73s Sys=0.00s Real=0.02s
[2024-08-28T01:10:19.754+0000][info][gc,start    ] GC(498) Pause Young (Mixed) (G1 Evacuation Pause)
[2024-08-28T01:10:19.754+0000][info][gc,task     ] GC(498) Using 49 workers of 68 for evacuation
[2024-08-28T01:10:19.771+0000][info][gc,phases   ] GC(498)   Pre Evacuate Collection Set: 0.4ms
[2024-08-28T01:10:19.771+0000][info][gc,phases   ] GC(498)   Merge Heap Roots: 0.4ms
[2024-08-28T01:10:19.771+0000][info][gc,phases   ] GC(498)   Evacuate Collection Set: 14.9ms
[2024-08-28T01:10:19.771+0000][info][gc,phases   ] GC(498)   Post Evacuate Collection Set: 0.5ms
[2024-08-28T01:10:19.771+0000][info][gc,phases   ] GC(498)   Other: 0.2ms
[2024-08-28T01:10:19.771+0000][info][gc,heap     ] GC(498) Eden regions: 89->0(89)
[2024-08-28T01:10:19.771+0000][info][gc,heap     ] GC(498) Survivor regions: 13->13(13)
[2024-08-28T01:10:19.771+0000][info][gc,heap     ] GC(498) Old regions: 1448->1418
[2024-08-28T01:10:19.771+0000][info][gc,heap     ] GC(498) Archive regions: 2->2
[2024-08-28T01:10:19.771+0000][info][gc,heap     ] GC(498) Humongous regions: 5->5
[2024-08-28T01:10:19.771+0000][info][gc,metaspace] GC(498) Metaspace: 100K(320K)->100K(320K) NonClass: 96K(192K)->96K(192K) Class: 4K(128K)->4K(128K)
[2024-08-28T01:10:19.771+0000][info][gc          ] GC(498) Pause Young (Mixed) (G1 Evacuation Pause) 1555M->1436M(2048M) 16.646ms
[2024-08-28T01:10:19.771+0000][info][gc,cpu      ] GC(498) User=0.73s Sys=0.00s Real=0.02s
[2024-08-28T01:10:19.813+0000][info][gc,start    ] GC(499) Pause Young (Mixed) (G1 Evacuation Pause)
[2024-08-28T01:10:19.813+0000][info][gc,task     ] GC(499) Using 49 workers of 68 for evacuation
[2024-08-28T01:10:19.830+0000][info][gc,phases   ] GC(499)   Pre Evacuate Collection Set: 0.4ms
[2024-08-28T01:10:19.830+0000][info][gc,phases   ] GC(499)   Merge Heap Roots: 0.6ms
[2024-08-28T01:10:19.830+0000][info][gc,phases   ] GC(499)   Evacuate Collection Set: 14.9ms
[2024-08-28T01:10:19.830+0000][info][gc,phases   ] GC(499)   Post Evacuate Collection Set: 0.5ms
[2024-08-28T01:10:19.830+0000][info][gc,phases   ] GC(499)   Other: 0.3ms
[2024-08-28T01:10:19.830+0000][info][gc,heap     ] GC(499) Eden regions: 89->0(89)
[2024-08-28T01:10:19.830+0000][info][gc,heap     ] GC(499) Survivor regions: 13->13(13)
[2024-08-28T01:10:19.830+0000][info][gc,heap     ] GC(499) Old regions: 1418->1387
[2024-08-28T01:10:19.830+0000][info][gc,heap     ] GC(499) Archive regions: 2->2
[2024-08-28T01:10:19.830+0000][info][gc,heap     ] GC(499) Humongous regions: 5->5
[2024-08-28T01:10:19.830+0000][info][gc,metaspace] GC(499) Metaspace: 100K(320K)->100K(320K) NonClass: 96K(192K)->96K(192K) Class: 4K(128K)->4K(128K)
[2024-08-28T01:10:19.830+0000][info][gc          ] GC(499) Pause Young (Mixed) (G1 Evacuation Pause) 1525M->1405M(2048M) 16.788ms
[2024-08-28T01:10:19.830+0000][info][gc,cpu      ] GC(499) User=0.72s Sys=0.01s Real=0.02s
[2024-08-28T01:10:19.873+0000][info][gc,start    ] GC(500) Pause Young (Mixed) (G1 Evacuation Pause)
[2024-08-28T01:10:19.873+0000][info][gc,task     ] GC(500) Using 49 workers of 68 for evacuation
[2024-08-28T01:10:19.889+0000][info][gc,phases   ] GC(500)   Pre Evacuate Collection Set: 0.4ms
[2024-08-28T01:10:19.889+0000][info][gc,phases   ] GC(500)   Merge Heap Roots: 0.4ms
[2024-08-28T01:10:19.889+0000][info][gc,phases   ] GC(500)   Evacuate Collection Set: 14.8ms
[2024-08-28T01:10:19.889+0000][info][gc,phases   ] GC(500)   Post Evacuate Collection Set: 0.5ms
[2024-08-28T01:10:19.890+0000][info][gc,phases   ] GC(500)   Other: 0.2ms
[2024-08-28T01:10:19.890+0000][info][gc,heap     ] GC(500) Eden regions: 89->0(133)
[2024-08-28T01:10:19.890+0000][info][gc,heap     ] GC(500) Survivor regions: 13->13(13)
[2024-08-28T01:10:19.890+0000][info][gc,heap     ] GC(500) Old regions: 1387->1405
[2024-08-28T01:10:19.890+0000][info][gc,heap     ] GC(500) Archive regions: 2->2
[2024-08-28T01:10:19.890+0000][info][gc,heap     ] GC(500) Humongous regions: 5->5
[2024-08-28T01:10:19.890+0000][info][gc,metaspace] GC(500) Metaspace: 100K(320K)->100K(320K) NonClass: 96K(192K)->96K(192K) Class: 4K(128K)->4K(128K)
[2024-08-28T01:10:19.890+0000][info][gc          ] GC(500) Pause Young (Mixed) (G1 Evacuation Pause) 1494M->1423M(2048M) 16.476ms
[2024-08-28T01:10:19.890+0000][info][gc,cpu      ] GC(500) User=0.72s Sys=0.02s Real=0.02s
[2024-08-28T01:10:19.962+0000][info][gc,start    ] GC(501) Pause Young (Concurrent Start) (G1 Evacuation Pause)
[2024-08-28T01:10:19.962+0000][info][gc,task     ] GC(501) Using 49 workers of 68 for evacuation
[2024-08-28T01:10:19.985+0000][info][gc,phases   ] GC(501)   Pre Evacuate Collection Set: 0.4ms
[2024-08-28T01:10:19.985+0000][info][gc,phases   ] GC(501)   Merge Heap Roots: 0.6ms
[2024-08-28T01:10:19.985+0000][info][gc,phases   ] GC(501)   Evacuate Collection Set: 20.7ms
[2024-08-28T01:10:19.985+0000][info][gc,phases   ] GC(501)   Post Evacuate Collection Set: 0.5ms
[2024-08-28T01:10:19.985+0000][info][gc,phases   ] GC(501)   Other: 0.7ms
[2024-08-28T01:10:19.985+0000][info][gc,heap     ] GC(501) Eden regions: 133->0(90)
[2024-08-28T01:10:19.985+0000][info][gc,heap     ] GC(501) Survivor regions: 13->19(19)
[2024-08-28T01:10:19.985+0000][info][gc,heap     ] GC(501) Old regions: 1405->1533
[2024-08-28T01:10:19.985+0000][info][gc,heap     ] GC(501) Archive regions: 2->2
[2024-08-28T01:10:19.985+0000][info][gc,heap     ] GC(501) Humongous regions: 5->5
[2024-08-28T01:10:19.985+0000][info][gc,metaspace] GC(501) Metaspace: 100K(320K)->100K(320K) NonClass: 96K(192K)->96K(192K) Class: 4K(128K)->4K(128K)
[2024-08-28T01:10:19.985+0000][info][gc          ] GC(501) Pause Young (Concurrent Start) (G1 Evacuation Pause) 1556M->1557M(2048M) 22.999ms
[2024-08-28T01:10:19.985+0000][info][gc,cpu      ] GC(501) User=1.03s Sys=0.00s Real=0.02s
[2024-08-28T01:10:19.985+0000][info][gc          ] GC(502) Concurrent Mark Cycle
[2024-08-28T01:10:19.985+0000][info][gc,marking  ] GC(502) Concurrent Clear Claimed Marks
[2024-08-28T01:10:19.985+0000][info][gc,marking  ] GC(502) Concurrent Clear Claimed Marks 0.011ms
[2024-08-28T01:10:19.985+0000][info][gc,marking  ] GC(502) Concurrent Scan Root Regions
[2024-08-28T01:10:19.989+0000][info][gc,marking  ] GC(502) Concurrent Scan Root Regions 3.887ms
[2024-08-28T01:10:19.989+0000][info][gc,marking  ] GC(502) Concurrent Mark
[2024-08-28T01:10:19.989+0000][info][gc,marking  ] GC(502) Concurrent Mark From Roots
[2024-08-28T01:10:19.989+0000][info][gc,task     ] GC(502) Using 17 workers of 17 for marking
[2024-08-28T01:10:20.010+0000][info][gc,marking  ] GC(502) Concurrent Mark From Roots 20.605ms
[2024-08-28T01:10:20.010+0000][info][gc,marking  ] GC(502) Concurrent Preclean
[2024-08-28T01:10:20.010+0000][info][gc,marking  ] GC(502) Concurrent Preclean 0.503ms
[2024-08-28T01:10:20.011+0000][info][gc,start    ] GC(502) Pause Remark
[2024-08-28T01:10:20.013+0000][info][gc          ] GC(502) Pause Remark 1581M->1382M(2048M) 2.139ms
[2024-08-28T01:10:20.013+0000][info][gc,cpu      ] GC(502) User=0.01s Sys=0.00s Real=0.00s
[2024-08-28T01:10:20.013+0000][info][gc,marking  ] GC(502) Concurrent Mark 23.715ms
[2024-08-28T01:10:20.013+0000][info][gc,marking  ] GC(502) Concurrent Rebuild Remembered Sets
[2024-08-28T01:10:20.060+0000][info][gc,marking  ] GC(502) Concurrent Rebuild Remembered Sets 46.783ms
[2024-08-28T01:10:20.060+0000][info][gc,start    ] GC(502) Pause Cleanup
[2024-08-28T01:10:20.064+0000][info][gc          ] GC(502) Pause Cleanup 1438M->1438M(2048M) 3.635ms
[2024-08-28T01:10:20.064+0000][info][gc,cpu      ] GC(502) User=0.01s Sys=0.00s Real=0.00s
[2024-08-28T01:10:20.064+0000][info][gc,marking  ] GC(502) Concurrent Cleanup for Next Mark
[2024-08-28T01:10:20.065+0000][info][gc,marking  ] GC(502) Concurrent Cleanup for Next Mark 1.469ms
[2024-08-28T01:10:20.065+0000][info][gc          ] GC(502) Concurrent Mark Cycle 80.171ms
[2024-08-28T01:10:20.071+0000][info][gc,start    ] GC(503) Pause Young (Prepare Mixed) (G1 Evacuation Pause)
[2024-08-28T01:10:20.071+0000][info][gc,task     ] GC(503) Using 49 workers of 68 for evacuation
[2024-08-28T01:10:20.089+0000][info][gc,phases   ] GC(503)   Pre Evacuate Collection Set: 0.4ms
[2024-08-28T01:10:20.089+0000][info][gc,phases   ] GC(503)   Merge Heap Roots: 0.8ms
[2024-08-28T01:10:20.089+0000][info][gc,phases   ] GC(503)   Evacuate Collection Set: 16.3ms
[2024-08-28T01:10:20.089+0000][info][gc,phases   ] GC(503)   Post Evacuate Collection Set: 0.5ms
[2024-08-28T01:10:20.089+0000][info][gc,phases   ] GC(503)   Other: 0.2ms
[2024-08-28T01:10:20.089+0000][info][gc,heap     ] GC(503) Eden regions: 90->0(88)
[2024-08-28T01:10:20.089+0000][info][gc,heap     ] GC(503) Survivor regions: 19->14(14)
[2024-08-28T01:10:20.089+0000][info][gc,heap     ] GC(503) Old regions: 1334->1436
[2024-08-28T01:10:20.089+0000][info][gc,heap     ] GC(503) Archive regions: 2->2
[2024-08-28T01:10:20.089+0000][info][gc,heap     ] GC(503) Humongous regions: 5->5
[2024-08-28T01:10:20.089+0000][info][gc,metaspace] GC(503) Metaspace: 100K(320K)->100K(320K) NonClass: 96K(192K)->96K(192K) Class: 4K(128K)->4K(128K)
[2024-08-28T01:10:20.089+0000][info][gc          ] GC(503) Pause Young (Prepare Mixed) (G1 Evacuation Pause) 1448M->1455M(2048M) 18.318ms
[2024-08-28T01:10:20.089+0000][info][gc,cpu      ] GC(503) User=0.82s Sys=0.01s Real=0.01s
[2024-08-28T01:10:20.136+0000][info][gc,start    ] GC(504) Pause Young (Mixed) (G1 Evacuation Pause)
[2024-08-28T01:10:20.136+0000][info][gc,task     ] GC(504) Using 49 workers of 68 for evacuation
[2024-08-28T01:10:20.153+0000][info][gc,phases   ] GC(504)   Pre Evacuate Collection Set: 0.4ms
[2024-08-28T01:10:20.153+0000][info][gc,phases   ] GC(504)   Merge Heap Roots: 0.8ms
[2024-08-28T01:10:20.153+0000][info][gc,phases   ] GC(504)   Evacuate Collection Set: 15.5ms
[2024-08-28T01:10:20.153+0000][info][gc,phases   ] GC(504)   Post Evacuate Collection Set: 0.5ms
[2024-08-28T01:10:20.153+0000][info][gc,phases   ] GC(504)   Other: 0.2ms
[2024-08-28T01:10:20.153+0000][info][gc,heap     ] GC(504) Eden regions: 88->0(89)
[2024-08-28T01:10:20.153+0000][info][gc,heap     ] GC(504) Survivor regions: 14->13(13)
[2024-08-28T01:10:20.153+0000][info][gc,heap     ] GC(504) Old regions: 1436->1407
[2024-08-28T01:10:20.153+0000][info][gc,heap     ] GC(504) Archive regions: 2->2
[2024-08-28T01:10:20.153+0000][info][gc,heap     ] GC(504) Humongous regions: 5->5
[2024-08-28T01:10:20.153+0000][info][gc,metaspace] GC(504) Metaspace: 100K(320K)->100K(320K) NonClass: 96K(192K)->96K(192K) Class: 4K(128K)->4K(128K)
[2024-08-28T01:10:20.153+0000][info][gc          ] GC(504) Pause Young (Mixed) (G1 Evacuation Pause) 1543M->1425M(2048M) 17.543ms
[2024-08-28T01:10:20.154+0000][info][gc,cpu      ] GC(504) User=0.79s Sys=0.00s Real=0.02s
[2024-08-28T01:10:20.202+0000][info][gc,start    ] GC(505) Pause Young (Mixed) (G1 Evacuation Pause)
[2024-08-28T01:10:20.202+0000][info][gc,task     ] GC(505) Using 49 workers of 68 for evacuation
[2024-08-28T01:10:20.219+0000][info][gc,phases   ] GC(505)   Pre Evacuate Collection Set: 0.4ms
[2024-08-28T01:10:20.219+0000][info][gc,phases   ] GC(505)   Merge Heap Roots: 0.7ms
[2024-08-28T01:10:20.219+0000][info][gc,phases   ] GC(505)   Evacuate Collection Set: 15.5ms
[2024-08-28T01:10:20.219+0000][info][gc,phases   ] GC(505)   Post Evacuate Collection Set: 0.5ms
[2024-08-28T01:10:20.219+0000][info][gc,phases   ] GC(505)   Other: 0.2ms
[2024-08-28T01:10:20.219+0000][info][gc,heap     ] GC(505) Eden regions: 89->0(89)
[2024-08-28T01:10:20.219+0000][info][gc,heap     ] GC(505) Survivor regions: 13->13(13)
[2024-08-28T01:10:20.219+0000][info][gc,heap     ] GC(505) Old regions: 1407->1378
[2024-08-28T01:10:20.219+0000][info][gc,heap     ] GC(505) Archive regions: 2->2
[2024-08-28T01:10:20.219+0000][info][gc,heap     ] GC(505) Humongous regions: 5->5
[2024-08-28T01:10:20.219+0000][info][gc,metaspace] GC(505) Metaspace: 100K(320K)->100K(320K) NonClass: 96K(192K)->96K(192K) Class: 4K(128K)->4K(128K)
[2024-08-28T01:10:20.219+0000][info][gc          ] GC(505) Pause Young (Mixed) (G1 Evacuation Pause) 1514M->1396M(2048M) 17.516ms
[2024-08-28T01:10:20.219+0000][info][gc,cpu      ] GC(505) User=0.78s Sys=0.00s Real=0.02s
[2024-08-28T01:10:20.282+0000][info][gc,start    ] GC(506) Pause Young (Mixed) (G1 Evacuation Pause)
[2024-08-28T01:10:20.282+0000][info][gc,task     ] GC(506) Using 49 workers of 68 for evacuation
[2024-08-28T01:10:20.300+0000][info][gc,phases   ] GC(506)   Pre Evacuate Collection Set: 0.4ms
[2024-08-28T01:10:20.300+0000][info][gc,phases   ] GC(506)   Merge Heap Roots: 0.8ms
[2024-08-28T01:10:20.300+0000][info][gc,phases   ] GC(506)   Evacuate Collection Set: 15.6ms
[2024-08-28T01:10:20.300+0000][info][gc,phases   ] GC(506)   Post Evacuate Collection Set: 0.5ms
[2024-08-28T01:10:20.300+0000][info][gc,phases   ] GC(506)   Other: 0.2ms
[2024-08-28T01:10:20.300+0000][info][gc,heap     ] GC(506) Eden regions: 89->0(89)
[2024-08-28T01:10:20.300+0000][info][gc,heap     ] GC(506) Survivor regions: 13->13(13)
[2024-08-28T01:10:20.300+0000][info][gc,heap     ] GC(506) Old regions: 1378->1349
[2024-08-28T01:10:20.300+0000][info][gc,heap     ] GC(506) Archive regions: 2->2
[2024-08-28T01:10:20.300+0000][info][gc,heap     ] GC(506) Humongous regions: 5->5
[2024-08-28T01:10:20.300+0000][info][gc,metaspace] GC(506) Metaspace: 100K(320K)->100K(320K) NonClass: 96K(192K)->96K(192K) Class: 4K(128K)->4K(128K)
[2024-08-28T01:10:20.300+0000][info][gc          ] GC(506) Pause Young (Mixed) (G1 Evacuation Pause) 1485M->1367M(2048M) 17.577ms
[2024-08-28T01:10:20.300+0000][info][gc,cpu      ] GC(506) User=0.79s Sys=0.00s Real=0.02s
[2024-08-28T01:10:20.370+0000][info][gc,start    ] GC(507) Pause Young (Mixed) (G1 Evacuation Pause)
[2024-08-28T01:10:20.370+0000][info][gc,task     ] GC(507) Using 49 workers of 68 for evacuation
[2024-08-28T01:10:20.388+0000][info][gc,phases   ] GC(507)   Pre Evacuate Collection Set: 0.4ms
[2024-08-28T01:10:20.388+0000][info][gc,phases   ] GC(507)   Merge Heap Roots: 0.8ms
[2024-08-28T01:10:20.388+0000][info][gc,phases   ] GC(507)   Evacuate Collection Set: 15.6ms
[2024-08-28T01:10:20.388+0000][info][gc,phases   ] GC(507)   Post Evacuate Collection Set: 0.5ms
[2024-08-28T01:10:20.388+0000][info][gc,phases   ] GC(507)   Other: 0.3ms
[2024-08-28T01:10:20.388+0000][info][gc,heap     ] GC(507) Eden regions: 89->0(89)
[2024-08-28T01:10:20.388+0000][info][gc,heap     ] GC(507) Survivor regions: 13->13(13)
[2024-08-28T01:10:20.388+0000][info][gc,heap     ] GC(507) Old regions: 1349->1320
[2024-08-28T01:10:20.388+0000][info][gc,heap     ] GC(507) Archive regions: 2->2
[2024-08-28T01:10:20.388+0000][info][gc,heap     ] GC(507) Humongous regions: 5->5
[2024-08-28T01:10:20.388+0000][info][gc,metaspace] GC(507) Metaspace: 100K(320K)->100K(320K) NonClass: 96K(192K)->96K(192K) Class: 4K(128K)->4K(128K)
[2024-08-28T01:10:20.388+0000][info][gc          ] GC(507) Pause Young (Mixed) (G1 Evacuation Pause) 1456M->1338M(2048M) 17.694ms
[2024-08-28T01:10:20.388+0000][info][gc,cpu      ] GC(507) User=0.80s Sys=0.00s Real=0.01s
[2024-08-28T01:10:20.458+0000][info][gc,start    ] GC(508) Pause Young (Mixed) (G1 Evacuation Pause)
[2024-08-28T01:10:20.458+0000][info][gc,task     ] GC(508) Using 49 workers of 68 for evacuation
[2024-08-28T01:10:20.476+0000][info][gc,phases   ] GC(508)   Pre Evacuate Collection Set: 0.4ms
[2024-08-28T01:10:20.476+0000][info][gc,phases   ] GC(508)   Merge Heap Roots: 0.8ms
[2024-08-28T01:10:20.476+0000][info][gc,phases   ] GC(508)   Evacuate Collection Set: 15.9ms
[2024-08-28T01:10:20.476+0000][info][gc,phases   ] GC(508)   Post Evacuate Collection Set: 0.5ms
[2024-08-28T01:10:20.476+0000][info][gc,phases   ] GC(508)   Other: 0.2ms
[2024-08-28T01:10:20.476+0000][info][gc,heap     ] GC(508) Eden regions: 89->0(89)
[2024-08-28T01:10:20.476+0000][info][gc,heap     ] GC(508) Survivor regions: 13->13(13)
[2024-08-28T01:10:20.476+0000][info][gc,heap     ] GC(508) Old regions: 1320->1291
[2024-08-28T01:10:20.476+0000][info][gc,heap     ] GC(508) Archive regions: 2->2
[2024-08-28T01:10:20.476+0000][info][gc,heap     ] GC(508) Humongous regions: 5->5
[2024-08-28T01:10:20.476+0000][info][gc,metaspace] GC(508) Metaspace: 100K(320K)->100K(320K) NonClass: 96K(192K)->96K(192K) Class: 4K(128K)->4K(128K)
[2024-08-28T01:10:20.476+0000][info][gc          ] GC(508) Pause Young (Mixed) (G1 Evacuation Pause) 1427M->1309M(2048M) 17.826ms
[2024-08-28T01:10:20.476+0000][info][gc,cpu      ] GC(508) User=0.81s Sys=0.00s Real=0.01s
[2024-08-28T01:10:20.545+0000][info][gc,start    ] GC(509) Pause Young (Mixed) (G1 Evacuation Pause)
[2024-08-28T01:10:20.545+0000][info][gc,task     ] GC(509) Using 49 workers of 68 for evacuation
[2024-08-28T01:10:20.563+0000][info][gc,phases   ] GC(509)   Pre Evacuate Collection Set: 0.4ms
[2024-08-28T01:10:20.563+0000][info][gc,phases   ] GC(509)   Merge Heap Roots: 0.8ms
[2024-08-28T01:10:20.563+0000][info][gc,phases   ] GC(509)   Evacuate Collection Set: 16.0ms
[2024-08-28T01:10:20.563+0000][info][gc,phases   ] GC(509)   Post Evacuate Collection Set: 0.5ms
[2024-08-28T01:10:20.563+0000][info][gc,phases   ] GC(509)   Other: 0.2ms
[2024-08-28T01:10:20.563+0000][info][gc,heap     ] GC(509) Eden regions: 89->0(89)
[2024-08-28T01:10:20.563+0000][info][gc,heap     ] GC(509) Survivor regions: 13->13(13)
[2024-08-28T01:10:20.563+0000][info][gc,heap     ] GC(509) Old regions: 1291->1262
[2024-08-28T01:10:20.563+0000][info][gc,heap     ] GC(509) Archive regions: 2->2
[2024-08-28T01:10:20.563+0000][info][gc,heap     ] GC(509) Humongous regions: 5->5
[2024-08-28T01:10:20.563+0000][info][gc,metaspace] GC(509) Metaspace: 100K(320K)->100K(320K) NonClass: 96K(192K)->96K(192K) Class: 4K(128K)->4K(128K)
[2024-08-28T01:10:20.563+0000][info][gc          ] GC(509) Pause Young (Mixed) (G1 Evacuation Pause) 1398M->1280M(2048M) 18.025ms
[2024-08-28T01:10:20.563+0000][info][gc,cpu      ] GC(509) User=0.82s Sys=0.01s Real=0.02s
[2024-08-28T01:10:20.619+0000][info][gc,start    ] GC(510) Pause Young (Mixed) (G1 Evacuation Pause)
[2024-08-28T01:10:20.619+0000][info][gc,task     ] GC(510) Using 49 workers of 68 for evacuation
[2024-08-28T01:10:20.637+0000][info][gc,phases   ] GC(510)   Pre Evacuate Collection Set: 0.3ms
[2024-08-28T01:10:20.637+0000][info][gc,phases   ] GC(510)   Merge Heap Roots: 0.8ms
[2024-08-28T01:10:20.637+0000][info][gc,phases   ] GC(510)   Evacuate Collection Set: 15.5ms
[2024-08-28T01:10:20.637+0000][info][gc,phases   ] GC(510)   Post Evacuate Collection Set: 0.5ms
[2024-08-28T01:10:20.637+0000][info][gc,phases   ] GC(510)   Other: 0.2ms
[2024-08-28T01:10:20.637+0000][info][gc,heap     ] GC(510) Eden regions: 89->0(171)
[2024-08-28T01:10:20.637+0000][info][gc,heap     ] GC(510) Survivor regions: 13->13(13)
[2024-08-28T01:10:20.637+0000][info][gc,heap     ] GC(510) Old regions: 1262->1290
[2024-08-28T01:10:20.637+0000][info][gc,heap     ] GC(510) Archive regions: 2->2
[2024-08-28T01:10:20.637+0000][info][gc,heap     ] GC(510) Humongous regions: 5->5
[2024-08-28T01:10:20.637+0000][info][gc,metaspace] GC(510) Metaspace: 100K(320K)->100K(320K) NonClass: 96K(192K)->96K(192K) Class: 4K(128K)->4K(128K)
[2024-08-28T01:10:20.637+0000][info][gc          ] GC(510) Pause Young (Mixed) (G1 Evacuation Pause) 1369M->1308M(2048M) 17.457ms
[2024-08-28T01:10:20.637+0000][info][gc,cpu      ] GC(510) User=0.79s Sys=0.00s Real=0.01s
[2024-08-28T01:10:20.729+0000][info][gc,start    ] GC(511) Pause Young (Normal) (G1 Evacuation Pause)
[2024-08-28T01:10:20.729+0000][info][gc,task     ] GC(511) Using 49 workers of 68 for evacuation
[2024-08-28T01:10:20.756+0000][info][gc,phases   ] GC(511)   Pre Evacuate Collection Set: 0.4ms
[2024-08-28T01:10:20.756+0000][info][gc,phases   ] GC(511)   Merge Heap Roots: 0.9ms
[2024-08-28T01:10:20.756+0000][info][gc,phases   ] GC(511)   Evacuate Collection Set: 25.2ms
[2024-08-28T01:10:20.756+0000][info][gc,phases   ] GC(511)   Post Evacuate Collection Set: 0.5ms
[2024-08-28T01:10:20.756+0000][info][gc,phases   ] GC(511)   Other: 0.2ms
[2024-08-28T01:10:20.756+0000][info][gc,heap     ] GC(511) Eden regions: 171->0(115)
[2024-08-28T01:10:20.756+0000][info][gc,heap     ] GC(511) Survivor regions: 13->23(23)
[2024-08-28T01:10:20.756+0000][info][gc,heap     ] GC(511) Old regions: 1290->1452
[2024-08-28T01:10:20.756+0000][info][gc,heap     ] GC(511) Archive regions: 2->2
[2024-08-28T01:10:20.756+0000][info][gc,heap     ] GC(511) Humongous regions: 5->5
[2024-08-28T01:10:20.756+0000][info][gc,metaspace] GC(511) Metaspace: 100K(320K)->100K(320K) NonClass: 96K(192K)->96K(192K) Class: 4K(128K)->4K(128K)
[2024-08-28T01:10:20.756+0000][info][gc          ] GC(511) Pause Young (Normal) (G1 Evacuation Pause) 1479M->1480M(2048M) 27.338ms
[2024-08-28T01:10:20.756+0000][info][gc,cpu      ] GC(511) User=1.28s Sys=0.00s Real=0.03s
[2024-08-28T01:10:20.818+0000][info][gc,start    ] GC(512) Pause Young (Concurrent Start) (G1 Evacuation Pause)
[2024-08-28T01:10:20.818+0000][info][gc,task     ] GC(512) Using 49 workers of 68 for evacuation
[2024-08-28T01:10:20.841+0000][info][gc,phases   ] GC(512)   Pre Evacuate Collection Set: 0.4ms
[2024-08-28T01:10:20.841+0000][info][gc,phases   ] GC(512)   Merge Heap Roots: 0.5ms
[2024-08-28T01:10:20.841+0000][info][gc,phases   ] GC(512)   Evacuate Collection Set: 20.5ms
[2024-08-28T01:10:20.841+0000][info][gc,phases   ] GC(512)   Post Evacuate Collection Set: 0.5ms
[2024-08-28T01:10:20.841+0000][info][gc,phases   ] GC(512)   Other: 0.8ms
[2024-08-28T01:10:20.841+0000][info][gc,heap     ] GC(512) Eden regions: 115->0(84)
[2024-08-28T01:10:20.841+0000][info][gc,heap     ] GC(512) Survivor regions: 23->18(18)
[2024-08-28T01:10:20.841+0000][info][gc,heap     ] GC(512) Old regions: 1452->1579
[2024-08-28T01:10:20.841+0000][info][gc,heap     ] GC(512) Archive regions: 2->2
[2024-08-28T01:10:20.841+0000][info][gc,heap     ] GC(512) Humongous regions: 5->5
[2024-08-28T01:10:20.841+0000][info][gc,metaspace] GC(512) Metaspace: 100K(320K)->100K(320K) NonClass: 96K(192K)->96K(192K) Class: 4K(128K)->4K(128K)
[2024-08-28T01:10:20.841+0000][info][gc          ] GC(512) Pause Young (Concurrent Start) (G1 Evacuation Pause) 1595M->1602M(2048M) 22.804ms
[2024-08-28T01:10:20.841+0000][info][gc,cpu      ] GC(512) User=1.02s Sys=0.00s Real=0.02s
[2024-08-28T01:10:20.841+0000][info][gc          ] GC(513) Concurrent Mark Cycle
[2024-08-28T01:10:20.841+0000][info][gc,marking  ] GC(513) Concurrent Clear Claimed Marks
[2024-08-28T01:10:20.841+0000][info][gc,marking  ] GC(513) Concurrent Clear Claimed Marks 0.013ms
[2024-08-28T01:10:20.841+0000][info][gc,marking  ] GC(513) Concurrent Scan Root Regions
[2024-08-28T01:10:20.845+0000][info][gc,marking  ] GC(513) Concurrent Scan Root Regions 3.885ms
[2024-08-28T01:10:20.845+0000][info][gc,marking  ] GC(513) Concurrent Mark
[2024-08-28T01:10:20.845+0000][info][gc,marking  ] GC(513) Concurrent Mark From Roots
[2024-08-28T01:10:20.845+0000][info][gc,task     ] GC(513) Using 17 workers of 17 for marking
[2024-08-28T01:10:20.865+0000][info][gc,marking  ] GC(513) Concurrent Mark From Roots 19.843ms
[2024-08-28T01:10:20.865+0000][info][gc,marking  ] GC(513) Concurrent Preclean
[2024-08-28T01:10:20.866+0000][info][gc,marking  ] GC(513) Concurrent Preclean 1.559ms
[2024-08-28T01:10:20.867+0000][info][gc,start    ] GC(513) Pause Remark
[2024-08-28T01:10:20.869+0000][info][gc          ] GC(513) Pause Remark 1626M->1409M(2048M) 2.328ms
[2024-08-28T01:10:20.869+0000][info][gc,cpu      ] GC(513) User=0.02s Sys=0.00s Real=0.00s
[2024-08-28T01:10:20.869+0000][info][gc,marking  ] GC(513) Concurrent Mark 24.316ms
[2024-08-28T01:10:20.869+0000][info][gc,marking  ] GC(513) Concurrent Rebuild Remembered Sets
[2024-08-28T01:10:20.916+0000][info][gc,marking  ] GC(513) Concurrent Rebuild Remembered Sets 47.147ms
[2024-08-28T01:10:20.917+0000][info][gc,start    ] GC(513) Pause Cleanup
[2024-08-28T01:10:20.921+0000][info][gc          ] GC(513) Pause Cleanup 1464M->1464M(2048M) 3.944ms
[2024-08-28T01:10:20.921+0000][info][gc,cpu      ] GC(513) User=0.02s Sys=0.00s Real=0.01s
[2024-08-28T01:10:20.921+0000][info][gc,marking  ] GC(513) Concurrent Cleanup for Next Mark
[2024-08-28T01:10:20.922+0000][info][gc,marking  ] GC(513) Concurrent Cleanup for Next Mark 1.401ms
[2024-08-28T01:10:20.922+0000][info][gc          ] GC(513) Concurrent Mark Cycle 81.400ms
[2024-08-28T01:10:20.925+0000][info][gc,start    ] GC(514) Pause Young (Prepare Mixed) (G1 Evacuation Pause)
[2024-08-28T01:10:20.925+0000][info][gc,task     ] GC(514) Using 49 workers of 68 for evacuation
[2024-08-28T01:10:20.942+0000][info][gc,phases   ] GC(514)   Pre Evacuate Collection Set: 0.4ms
[2024-08-28T01:10:20.943+0000][info][gc,phases   ] GC(514)   Merge Heap Roots: 0.8ms
[2024-08-28T01:10:20.943+0000][info][gc,phases   ] GC(514)   Evacuate Collection Set: 15.3ms
[2024-08-28T01:10:20.943+0000][info][gc,phases   ] GC(514)   Post Evacuate Collection Set: 0.5ms
[2024-08-28T01:10:20.943+0000][info][gc,phases   ] GC(514)   Other: 0.2ms
[2024-08-28T01:10:20.943+0000][info][gc,heap     ] GC(514) Eden regions: 84->0(89)
[2024-08-28T01:10:20.943+0000][info][gc,heap     ] GC(514) Survivor regions: 18->13(13)
[2024-08-28T01:10:20.943+0000][info][gc,heap     ] GC(514) Old regions: 1362->1458
[2024-08-28T01:10:20.943+0000][info][gc,heap     ] GC(514) Archive regions: 2->2
[2024-08-28T01:10:20.943+0000][info][gc,heap     ] GC(514) Humongous regions: 5->5
[2024-08-28T01:10:20.943+0000][info][gc,metaspace] GC(514) Metaspace: 100K(320K)->100K(320K) NonClass: 96K(192K)->96K(192K) Class: 4K(128K)->4K(128K)
[2024-08-28T01:10:20.943+0000][info][gc          ] GC(514) Pause Young (Prepare Mixed) (G1 Evacuation Pause) 1469M->1476M(2048M) 17.201ms
[2024-08-28T01:10:20.943+0000][info][gc,cpu      ] GC(514) User=0.77s Sys=0.00s Real=0.02s
[2024-08-28T01:10:20.990+0000][info][gc,start    ] GC(515) Pause Young (Mixed) (G1 Evacuation Pause)
[2024-08-28T01:10:20.991+0000][info][gc,task     ] GC(515) Using 49 workers of 68 for evacuation
[2024-08-28T01:10:21.008+0000][info][gc,phases   ] GC(515)   Pre Evacuate Collection Set: 0.4ms
[2024-08-28T01:10:21.008+0000][info][gc,phases   ] GC(515)   Merge Heap Roots: 0.8ms
[2024-08-28T01:10:21.008+0000][info][gc,phases   ] GC(515)   Evacuate Collection Set: 15.3ms
[2024-08-28T01:10:21.008+0000][info][gc,phases   ] GC(515)   Post Evacuate Collection Set: 0.5ms
[2024-08-28T01:10:21.008+0000][info][gc,phases   ] GC(515)   Other: 0.2ms
[2024-08-28T01:10:21.008+0000][info][gc,heap     ] GC(515) Eden regions: 89->0(89)
[2024-08-28T01:10:21.008+0000][info][gc,heap     ] GC(515) Survivor regions: 13->13(13)
[2024-08-28T01:10:21.008+0000][info][gc,heap     ] GC(515) Old regions: 1458->1429
[2024-08-28T01:10:21.008+0000][info][gc,heap     ] GC(515) Archive regions: 2->2
[2024-08-28T01:10:21.008+0000][info][gc,heap     ] GC(515) Humongous regions: 5->5
[2024-08-28T01:10:21.008+0000][info][gc,metaspace] GC(515) Metaspace: 100K(320K)->100K(320K) NonClass: 96K(192K)->96K(192K) Class: 4K(128K)->4K(128K)
[2024-08-28T01:10:21.008+0000][info][gc          ] GC(515) Pause Young (Mixed) (G1 Evacuation Pause) 1565M->1447M(2048M) 17.334ms
[2024-08-28T01:10:21.008+0000][info][gc,cpu      ] GC(515) User=0.78s Sys=0.01s Real=0.01s
[2024-08-28T01:10:21.055+0000][info][gc,start    ] GC(516) Pause Young (Mixed) (G1 Evacuation Pause)
[2024-08-28T01:10:21.055+0000][info][gc,task     ] GC(516) Using 49 workers of 68 for evacuation
[2024-08-28T01:10:21.072+0000][info][gc,phases   ] GC(516)   Pre Evacuate Collection Set: 0.4ms
[2024-08-28T01:10:21.072+0000][info][gc,phases   ] GC(516)   Merge Heap Roots: 0.7ms
[2024-08-28T01:10:21.072+0000][info][gc,phases   ] GC(516)   Evacuate Collection Set: 15.5ms
[2024-08-28T01:10:21.072+0000][info][gc,phases   ] GC(516)   Post Evacuate Collection Set: 0.5ms
[2024-08-28T01:10:21.072+0000][info][gc,phases   ] GC(516)   Other: 0.2ms
[2024-08-28T01:10:21.072+0000][info][gc,heap     ] GC(516) Eden regions: 89->0(89)
[2024-08-28T01:10:21.072+0000][info][gc,heap     ] GC(516) Survivor regions: 13->13(13)
[2024-08-28T01:10:21.072+0000][info][gc,heap     ] GC(516) Old regions: 1429->1399
[2024-08-28T01:10:21.072+0000][info][gc,heap     ] GC(516) Archive regions: 2->2
[2024-08-28T01:10:21.072+0000][info][gc,heap     ] GC(516) Humongous regions: 5->5
[2024-08-28T01:10:21.072+0000][info][gc,metaspace] GC(516) Metaspace: 100K(320K)->100K(320K) NonClass: 96K(192K)->96K(192K) Class: 4K(128K)->4K(128K)
[2024-08-28T01:10:21.072+0000][info][gc          ] GC(516) Pause Young (Mixed) (G1 Evacuation Pause) 1536M->1417M(2048M) 17.444ms
[2024-08-28T01:10:21.072+0000][info][gc,cpu      ] GC(516) User=0.78s Sys=0.00s Real=0.02s
[2024-08-28T01:10:21.117+0000][info][gc,start    ] GC(517) Pause Young (Mixed) (G1 Evacuation Pause)
[2024-08-28T01:10:21.117+0000][info][gc,task     ] GC(517) Using 49 workers of 68 for evacuation
[2024-08-28T01:10:21.134+0000][info][gc,phases   ] GC(517)   Pre Evacuate Collection Set: 0.4ms
[2024-08-28T01:10:21.134+0000][info][gc,phases   ] GC(517)   Merge Heap Roots: 0.8ms
[2024-08-28T01:10:21.134+0000][info][gc,phases   ] GC(517)   Evacuate Collection Set: 15.8ms
[2024-08-28T01:10:21.135+0000][info][gc,phases   ] GC(517)   Post Evacuate Collection Set: 0.6ms
[2024-08-28T01:10:21.135+0000][info][gc,phases   ] GC(517)   Other: 0.2ms
[2024-08-28T01:10:21.135+0000][info][gc,heap     ] GC(517) Eden regions: 89->0(89)
[2024-08-28T01:10:21.135+0000][info][gc,heap     ] GC(517) Survivor regions: 13->13(13)
[2024-08-28T01:10:21.135+0000][info][gc,heap     ] GC(517) Old regions: 1399->1369
[2024-08-28T01:10:21.135+0000][info][gc,heap     ] GC(517) Archive regions: 2->2
[2024-08-28T01:10:21.135+0000][info][gc,heap     ] GC(517) Humongous regions: 5->5
[2024-08-28T01:10:21.135+0000][info][gc,metaspace] GC(517) Metaspace: 100K(320K)->100K(320K) NonClass: 96K(192K)->96K(192K) Class: 4K(128K)->4K(128K)
[2024-08-28T01:10:21.135+0000][info][gc          ] GC(517) Pause Young (Mixed) (G1 Evacuation Pause) 1506M->1387M(2048M) 17.810ms
[2024-08-28T01:10:21.135+0000][info][gc,cpu      ] GC(517) User=0.81s Sys=0.00s Real=0.02s
[2024-08-28T01:10:21.180+0000][info][gc,start    ] GC(518) Pause Young (Mixed) (G1 Evacuation Pause)
[2024-08-28T01:10:21.180+0000][info][gc,task     ] GC(518) Using 49 workers of 68 for evacuation
[2024-08-28T01:10:21.197+0000][info][gc,phases   ] GC(518)   Pre Evacuate Collection Set: 0.4ms
[2024-08-28T01:10:21.197+0000][info][gc,phases   ] GC(518)   Merge Heap Roots: 0.7ms
[2024-08-28T01:10:21.197+0000][info][gc,phases   ] GC(518)   Evacuate Collection Set: 15.6ms
[2024-08-28T01:10:21.197+0000][info][gc,phases   ] GC(518)   Post Evacuate Collection Set: 0.6ms
[2024-08-28T01:10:21.197+0000][info][gc,phases   ] GC(518)   Other: 0.2ms
[2024-08-28T01:10:21.197+0000][info][gc,heap     ] GC(518) Eden regions: 89->0(89)
[2024-08-28T01:10:21.197+0000][info][gc,heap     ] GC(518) Survivor regions: 13->13(13)
[2024-08-28T01:10:21.197+0000][info][gc,heap     ] GC(518) Old regions: 1369->1339
[2024-08-28T01:10:21.197+0000][info][gc,heap     ] GC(518) Archive regions: 2->2
[2024-08-28T01:10:21.197+0000][info][gc,heap     ] GC(518) Humongous regions: 5->5
[2024-08-28T01:10:21.197+0000][info][gc,metaspace] GC(518) Metaspace: 100K(320K)->100K(320K) NonClass: 96K(192K)->96K(192K) Class: 4K(128K)->4K(128K)
[2024-08-28T01:10:21.198+0000][info][gc          ] GC(518) Pause Young (Mixed) (G1 Evacuation Pause) 1476M->1357M(2048M) 17.618ms
[2024-08-28T01:10:21.198+0000][info][gc,cpu      ] GC(518) User=0.79s Sys=0.01s Real=0.02s
[2024-08-28T01:10:21.241+0000][info][gc,start    ] GC(519) Pause Young (Mixed) (G1 Evacuation Pause)
[2024-08-28T01:10:21.241+0000][info][gc,task     ] GC(519) Using 49 workers of 68 for evacuation
[2024-08-28T01:10:21.259+0000][info][gc,phases   ] GC(519)   Pre Evacuate Collection Set: 0.4ms
[2024-08-28T01:10:21.259+0000][info][gc,phases   ] GC(519)   Merge Heap Roots: 0.9ms
[2024-08-28T01:10:21.259+0000][info][gc,phases   ] GC(519)   Evacuate Collection Set: 16.0ms
[2024-08-28T01:10:21.259+0000][info][gc,phases   ] GC(519)   Post Evacuate Collection Set: 0.5ms
[2024-08-28T01:10:21.259+0000][info][gc,phases   ] GC(519)   Other: 0.2ms
[2024-08-28T01:10:21.259+0000][info][gc,heap     ] GC(519) Eden regions: 89->0(89)
[2024-08-28T01:10:21.259+0000][info][gc,heap     ] GC(519) Survivor regions: 13->13(13)
[2024-08-28T01:10:21.259+0000][info][gc,heap     ] GC(519) Old regions: 1339->1309
[2024-08-28T01:10:21.259+0000][info][gc,heap     ] GC(519) Archive regions: 2->2
[2024-08-28T01:10:21.259+0000][info][gc,heap     ] GC(519) Humongous regions: 5->5
[2024-08-28T01:10:21.259+0000][info][gc,metaspace] GC(519) Metaspace: 100K(320K)->100K(320K) NonClass: 96K(192K)->96K(192K) Class: 4K(128K)->4K(128K)
[2024-08-28T01:10:21.259+0000][info][gc          ] GC(519) Pause Young (Mixed) (G1 Evacuation Pause) 1446M->1327M(2048M) 18.042ms
[2024-08-28T01:10:21.259+0000][info][gc,cpu      ] GC(519) User=0.82s Sys=0.00s Real=0.02s
[2024-08-28T01:10:21.303+0000][info][gc,start    ] GC(520) Pause Young (Mixed) (G1 Evacuation Pause)
[2024-08-28T01:10:21.303+0000][info][gc,task     ] GC(520) Using 49 workers of 68 for evacuation
[2024-08-28T01:10:21.321+0000][info][gc,phases   ] GC(520)   Pre Evacuate Collection Set: 0.5ms
[2024-08-28T01:10:21.322+0000][info][gc,phases   ] GC(520)   Merge Heap Roots: 0.9ms
[2024-08-28T01:10:21.322+0000][info][gc,phases   ] GC(520)   Evacuate Collection Set: 16.1ms
[2024-08-28T01:10:21.322+0000][info][gc,phases   ] GC(520)   Post Evacuate Collection Set: 0.5ms
[2024-08-28T01:10:21.322+0000][info][gc,phases   ] GC(520)   Other: 0.2ms
[2024-08-28T01:10:21.322+0000][info][gc,heap     ] GC(520) Eden regions: 89->0(89)
[2024-08-28T01:10:21.322+0000][info][gc,heap     ] GC(520) Survivor regions: 13->13(13)
[2024-08-28T01:10:21.322+0000][info][gc,heap     ] GC(520) Old regions: 1309->1279
[2024-08-28T01:10:21.322+0000][info][gc,heap     ] GC(520) Archive regions: 2->2
[2024-08-28T01:10:21.322+0000][info][gc,heap     ] GC(520) Humongous regions: 5->5
[2024-08-28T01:10:21.322+0000][info][gc,metaspace] GC(520) Metaspace: 100K(320K)->100K(320K) NonClass: 96K(192K)->96K(192K) Class: 4K(128K)->4K(128K)
[2024-08-28T01:10:21.322+0000][info][gc          ] GC(520) Pause Young (Mixed) (G1 Evacuation Pause) 1416M->1297M(2048M) 18.308ms
[2024-08-28T01:10:21.322+0000][info][gc,cpu      ] GC(520) User=0.80s Sys=0.01s Real=0.02s
[2024-08-28T01:10:21.367+0000][info][gc,start    ] GC(521) Pause Young (Mixed) (G1 Evacuation Pause)
[2024-08-28T01:10:21.367+0000][info][gc,task     ] GC(521) Using 49 workers of 68 for evacuation
[2024-08-28T01:10:21.385+0000][info][gc,phases   ] GC(521)   Pre Evacuate Collection Set: 0.4ms
[2024-08-28T01:10:21.385+0000][info][gc,phases   ] GC(521)   Merge Heap Roots: 0.9ms
[2024-08-28T01:10:21.385+0000][info][gc,phases   ] GC(521)   Evacuate Collection Set: 16.2ms
[2024-08-28T01:10:21.385+0000][info][gc,phases   ] GC(521)   Post Evacuate Collection Set: 0.6ms
[2024-08-28T01:10:21.385+0000][info][gc,phases   ] GC(521)   Other: 0.2ms
[2024-08-28T01:10:21.385+0000][info][gc,heap     ] GC(521) Eden regions: 89->0(173)
[2024-08-28T01:10:21.385+0000][info][gc,heap     ] GC(521) Survivor regions: 13->13(13)
[2024-08-28T01:10:21.385+0000][info][gc,heap     ] GC(521) Old regions: 1279->1282
[2024-08-28T01:10:21.385+0000][info][gc,heap     ] GC(521) Archive regions: 2->2
[2024-08-28T01:10:21.385+0000][info][gc,heap     ] GC(521) Humongous regions: 5->5
[2024-08-28T01:10:21.385+0000][info][gc,metaspace] GC(521) Metaspace: 100K(320K)->100K(320K) NonClass: 96K(192K)->96K(192K) Class: 4K(128K)->4K(128K)
[2024-08-28T01:10:21.385+0000][info][gc          ] GC(521) Pause Young (Mixed) (G1 Evacuation Pause) 1386M->1300M(2048M) 18.458ms
[2024-08-28T01:10:21.385+0000][info][gc,cpu      ] GC(521) User=0.81s Sys=0.01s Real=0.02s
[2024-08-28T01:10:21.470+0000][info][gc,start    ] GC(522) Pause Young (Normal) (G1 Evacuation Pause)
[2024-08-28T01:10:21.470+0000][info][gc,task     ] GC(522) Using 49 workers of 68 for evacuation
[2024-08-28T01:10:21.499+0000][info][gc,phases   ] GC(522)   Pre Evacuate Collection Set: 0.4ms
[2024-08-28T01:10:21.499+0000][info][gc,phases   ] GC(522)   Merge Heap Roots: 1.0ms
[2024-08-28T01:10:21.499+0000][info][gc,phases   ] GC(522)   Evacuate Collection Set: 26.6ms
[2024-08-28T01:10:21.499+0000][info][gc,phases   ] GC(522)   Post Evacuate Collection Set: 0.6ms
[2024-08-28T01:10:21.499+0000][info][gc,phases   ] GC(522)   Other: 0.2ms
[2024-08-28T01:10:21.499+0000][info][gc,heap     ] GC(522) Eden regions: 173->0(117)
[2024-08-28T01:10:21.499+0000][info][gc,heap     ] GC(522) Survivor regions: 13->24(24)
[2024-08-28T01:10:21.499+0000][info][gc,heap     ] GC(522) Old regions: 1282->1444
[2024-08-28T01:10:21.499+0000][info][gc,heap     ] GC(522) Archive regions: 2->2
[2024-08-28T01:10:21.499+0000][info][gc,heap     ] GC(522) Humongous regions: 5->5
[2024-08-28T01:10:21.499+0000][info][gc,metaspace] GC(522) Metaspace: 100K(320K)->100K(320K) NonClass: 96K(192K)->96K(192K) Class: 4K(128K)->4K(128K)
[2024-08-28T01:10:21.499+0000][info][gc          ] GC(522) Pause Young (Normal) (G1 Evacuation Pause) 1473M->1473M(2048M) 28.933ms
[2024-08-28T01:10:21.499+0000][info][gc,cpu      ] GC(522) User=1.26s Sys=0.08s Real=0.03s
[2024-08-28T01:10:21.555+0000][info][gc,start    ] GC(523) Pause Young (Concurrent Start) (G1 Evacuation Pause)
[2024-08-28T01:10:21.555+0000][info][gc,task     ] GC(523) Using 49 workers of 68 for evacuation
[2024-08-28T01:10:21.579+0000][info][gc,phases   ] GC(523)   Pre Evacuate Collection Set: 0.4ms
[2024-08-28T01:10:21.579+0000][info][gc,phases   ] GC(523)   Merge Heap Roots: 0.5ms
[2024-08-28T01:10:21.579+0000][info][gc,phases   ] GC(523)   Evacuate Collection Set: 21.5ms
[2024-08-28T01:10:21.579+0000][info][gc,phases   ] GC(523)   Post Evacuate Collection Set: 0.5ms
[2024-08-28T01:10:21.579+0000][info][gc,phases   ] GC(523)   Other: 0.8ms
[2024-08-28T01:10:21.579+0000][info][gc,heap     ] GC(523) Eden regions: 117->0(84)
[2024-08-28T01:10:21.579+0000][info][gc,heap     ] GC(523) Survivor regions: 24->18(18)
[2024-08-28T01:10:21.579+0000][info][gc,heap     ] GC(523) Old regions: 1444->1574
[2024-08-28T01:10:21.579+0000][info][gc,heap     ] GC(523) Archive regions: 2->2
[2024-08-28T01:10:21.579+0000][info][gc,heap     ] GC(523) Humongous regions: 5->5
[2024-08-28T01:10:21.579+0000][info][gc,metaspace] GC(523) Metaspace: 100K(320K)->100K(320K) NonClass: 96K(192K)->96K(192K) Class: 4K(128K)->4K(128K)
[2024-08-28T01:10:21.579+0000][info][gc          ] GC(523) Pause Young (Concurrent Start) (G1 Evacuation Pause) 1590M->1597M(2048M) 23.726ms
[2024-08-28T01:10:21.579+0000][info][gc,cpu      ] GC(523) User=1.07s Sys=0.00s Real=0.03s
[2024-08-28T01:10:21.579+0000][info][gc          ] GC(524) Concurrent Mark Cycle
[2024-08-28T01:10:21.579+0000][info][gc,marking  ] GC(524) Concurrent Clear Claimed Marks
[2024-08-28T01:10:21.579+0000][info][gc,marking  ] GC(524) Concurrent Clear Claimed Marks 0.011ms
[2024-08-28T01:10:21.579+0000][info][gc,marking  ] GC(524) Concurrent Scan Root Regions
[2024-08-28T01:10:21.583+0000][info][gc,marking  ] GC(524) Concurrent Scan Root Regions 3.634ms
[2024-08-28T01:10:21.583+0000][info][gc,marking  ] GC(524) Concurrent Mark
[2024-08-28T01:10:21.583+0000][info][gc,marking  ] GC(524) Concurrent Mark From Roots
[2024-08-28T01:10:21.583+0000][info][gc,task     ] GC(524) Using 17 workers of 17 for marking
[2024-08-28T01:10:21.603+0000][info][gc,marking  ] GC(524) Concurrent Mark From Roots 19.983ms
[2024-08-28T01:10:21.603+0000][info][gc,marking  ] GC(524) Concurrent Preclean
[2024-08-28T01:10:21.603+0000][info][gc,marking  ] GC(524) Concurrent Preclean 0.504ms
[2024-08-28T01:10:21.604+0000][info][gc,start    ] GC(524) Pause Remark
[2024-08-28T01:10:21.606+0000][info][gc          ] GC(524) Pause Remark 1622M->1373M(2048M) 2.045ms
[2024-08-28T01:10:21.606+0000][info][gc,cpu      ] GC(524) User=0.02s Sys=0.00s Real=0.00s
[2024-08-28T01:10:21.606+0000][info][gc,marking  ] GC(524) Concurrent Mark 22.928ms
[2024-08-28T01:10:21.606+0000][info][gc,marking  ] GC(524) Concurrent Rebuild Remembered Sets
[2024-08-28T01:10:21.652+0000][info][gc,start    ] GC(525) Pause Young (Normal) (G1 Evacuation Pause)
[2024-08-28T01:10:21.652+0000][info][gc,task     ] GC(525) Using 49 workers of 68 for evacuation
[2024-08-28T01:10:21.669+0000][info][gc,phases   ] GC(525)   Pre Evacuate Collection Set: 0.3ms
[2024-08-28T01:10:21.669+0000][info][gc,phases   ] GC(525)   Merge Heap Roots: 0.9ms
[2024-08-28T01:10:21.669+0000][info][gc,phases   ] GC(525)   Evacuate Collection Set: 15.4ms
[2024-08-28T01:10:21.669+0000][info][gc,phases   ] GC(525)   Post Evacuate Collection Set: 0.8ms
[2024-08-28T01:10:21.669+0000][info][gc,phases   ] GC(525)   Other: 0.2ms
[2024-08-28T01:10:21.669+0000][info][gc,heap     ] GC(525) Eden regions: 84->0(127)
[2024-08-28T01:10:21.669+0000][info][gc,heap     ] GC(525) Survivor regions: 18->13(13)
[2024-08-28T01:10:21.669+0000][info][gc,heap     ] GC(525) Old regions: 1325->1424
[2024-08-28T01:10:21.669+0000][info][gc,heap     ] GC(525) Archive regions: 2->2
[2024-08-28T01:10:21.669+0000][info][gc,heap     ] GC(525) Humongous regions: 5->5
[2024-08-28T01:10:21.669+0000][info][gc,metaspace] GC(525) Metaspace: 100K(320K)->100K(320K) NonClass: 96K(192K)->96K(192K) Class: 4K(128K)->4K(128K)
[2024-08-28T01:10:21.669+0000][info][gc          ] GC(525) Pause Young (Normal) (G1 Evacuation Pause) 1432M->1442M(2048M) 17.750ms
[2024-08-28T01:10:21.669+0000][info][gc,cpu      ] GC(525) User=0.80s Sys=0.01s Real=0.01s
[2024-08-28T01:10:21.671+0000][info][gc,marking  ] GC(524) Concurrent Rebuild Remembered Sets 64.995ms
[2024-08-28T01:10:21.671+0000][info][gc,start    ] GC(524) Pause Cleanup
[2024-08-28T01:10:21.674+0000][info][gc          ] GC(524) Pause Cleanup 1444M->1444M(2048M) 2.798ms
[2024-08-28T01:10:21.674+0000][info][gc,cpu      ] GC(524) User=0.01s Sys=0.00s Real=0.00s
[2024-08-28T01:10:21.674+0000][info][gc,marking  ] GC(524) Concurrent Cleanup for Next Mark
[2024-08-28T01:10:21.675+0000][info][gc,marking  ] GC(524) Concurrent Cleanup for Next Mark 1.321ms
[2024-08-28T01:10:21.675+0000][info][gc          ] GC(524) Concurrent Mark Cycle 96.223ms
[2024-08-28T01:10:21.737+0000][info][gc,start    ] GC(526) Pause Young (Prepare Mixed) (G1 Evacuation Pause)
[2024-08-28T01:10:21.737+0000][info][gc,task     ] GC(526) Using 49 workers of 68 for evacuation
[2024-08-28T01:10:21.767+0000][info][gc,phases   ] GC(526)   Pre Evacuate Collection Set: 0.3ms
[2024-08-28T01:10:21.767+0000][info][gc,phases   ] GC(526)   Merge Heap Roots: 1.4ms
[2024-08-28T01:10:21.767+0000][info][gc,phases   ] GC(526)   Evacuate Collection Set: 27.5ms
[2024-08-28T01:10:21.767+0000][info][gc,phases   ] GC(526)   Post Evacuate Collection Set: 0.5ms
[2024-08-28T01:10:21.767+0000][info][gc,phases   ] GC(526)   Other: 0.2ms
[2024-08-28T01:10:21.767+0000][info][gc,heap     ] GC(526) Eden regions: 127->0(84)
[2024-08-28T01:10:21.767+0000][info][gc,heap     ] GC(526) Survivor regions: 13->18(18)
[2024-08-28T01:10:21.767+0000][info][gc,heap     ] GC(526) Old regions: 1424->1549
[2024-08-28T01:10:21.767+0000][info][gc,heap     ] GC(526) Archive regions: 2->2
[2024-08-28T01:10:21.767+0000][info][gc,heap     ] GC(526) Humongous regions: 5->5
[2024-08-28T01:10:21.767+0000][info][gc,metaspace] GC(526) Metaspace: 100K(320K)->100K(320K) NonClass: 96K(192K)->96K(192K) Class: 4K(128K)->4K(128K)
[2024-08-28T01:10:21.767+0000][info][gc          ] GC(526) Pause Young (Prepare Mixed) (G1 Evacuation Pause) 1569M->1572M(2048M) 30.106ms
[2024-08-28T01:10:21.767+0000][info][gc,cpu      ] GC(526) User=1.11s Sys=0.01s Real=0.03s
[2024-08-28T01:10:21.809+0000][info][gc,start    ] GC(527) Pause Young (Mixed) (G1 Evacuation Pause)
[2024-08-28T01:10:21.809+0000][info][gc,task     ] GC(527) Using 49 workers of 68 for evacuation
[2024-08-28T01:10:21.827+0000][info][gc,phases   ] GC(527)   Pre Evacuate Collection Set: 0.7ms
[2024-08-28T01:10:21.827+0000][info][gc,phases   ] GC(527)   Merge Heap Roots: 0.6ms
[2024-08-28T01:10:21.827+0000][info][gc,phases   ] GC(527)   Evacuate Collection Set: 16.0ms
[2024-08-28T01:10:21.827+0000][info][gc,phases   ] GC(527)   Post Evacuate Collection Set: 0.5ms
[2024-08-28T01:10:21.827+0000][info][gc,phases   ] GC(527)   Other: 0.4ms
[2024-08-28T01:10:21.827+0000][info][gc,heap     ] GC(527) Eden regions: 84->0(89)
[2024-08-28T01:10:21.827+0000][info][gc,heap     ] GC(527) Survivor regions: 18->13(13)
[2024-08-28T01:10:21.827+0000][info][gc,heap     ] GC(527) Old regions: 1549->1522
[2024-08-28T01:10:21.827+0000][info][gc,heap     ] GC(527) Archive regions: 2->2
[2024-08-28T01:10:21.827+0000][info][gc,heap     ] GC(527) Humongous regions: 5->5
[2024-08-28T01:10:21.827+0000][info][gc,metaspace] GC(527) Metaspace: 100K(320K)->100K(320K) NonClass: 96K(192K)->96K(192K) Class: 4K(128K)->4K(128K)
[2024-08-28T01:10:21.827+0000][info][gc          ] GC(527) Pause Young (Mixed) (G1 Evacuation Pause) 1656M->1540M(2048M) 18.197ms
[2024-08-28T01:10:21.827+0000][info][gc,cpu      ] GC(527) User=0.74s Sys=0.00s Real=0.02s
[2024-08-28T01:10:21.871+0000][info][gc,start    ] GC(528) Pause Young (Mixed) (G1 Evacuation Pause)
[2024-08-28T01:10:21.871+0000][info][gc,task     ] GC(528) Using 49 workers of 68 for evacuation
[2024-08-28T01:10:21.888+0000][info][gc,phases   ] GC(528)   Pre Evacuate Collection Set: 0.4ms
[2024-08-28T01:10:21.888+0000][info][gc,phases   ] GC(528)   Merge Heap Roots: 0.9ms
[2024-08-28T01:10:21.888+0000][info][gc,phases   ] GC(528)   Evacuate Collection Set: 15.4ms
[2024-08-28T01:10:21.888+0000][info][gc,phases   ] GC(528)   Post Evacuate Collection Set: 0.5ms
[2024-08-28T01:10:21.888+0000][info][gc,phases   ] GC(528)   Other: 0.2ms
[2024-08-28T01:10:21.888+0000][info][gc,heap     ] GC(528) Eden regions: 89->0(89)
[2024-08-28T01:10:21.888+0000][info][gc,heap     ] GC(528) Survivor regions: 13->13(13)
[2024-08-28T01:10:21.888+0000][info][gc,heap     ] GC(528) Old regions: 1522->1493
[2024-08-28T01:10:21.888+0000][info][gc,heap     ] GC(528) Archive regions: 2->2
[2024-08-28T01:10:21.888+0000][info][gc,heap     ] GC(528) Humongous regions: 5->5
[2024-08-28T01:10:21.888+0000][info][gc,metaspace] GC(528) Metaspace: 100K(320K)->100K(320K) NonClass: 96K(192K)->96K(192K) Class: 4K(128K)->4K(128K)
[2024-08-28T01:10:21.888+0000][info][gc          ] GC(528) Pause Young (Mixed) (G1 Evacuation Pause) 1629M->1511M(2048M) 17.452ms
[2024-08-28T01:10:21.888+0000][info][gc,cpu      ] GC(528) User=0.79s Sys=0.00s Real=0.01s
[2024-08-28T01:10:21.931+0000][info][gc,start    ] GC(529) Pause Young (Mixed) (G1 Evacuation Pause)
[2024-08-28T01:10:21.931+0000][info][gc,task     ] GC(529) Using 49 workers of 68 for evacuation
[2024-08-28T01:10:21.948+0000][info][gc,phases   ] GC(529)   Pre Evacuate Collection Set: 0.4ms
[2024-08-28T01:10:21.948+0000][info][gc,phases   ] GC(529)   Merge Heap Roots: 0.5ms
[2024-08-28T01:10:21.948+0000][info][gc,phases   ] GC(529)   Evacuate Collection Set: 15.3ms
[2024-08-28T01:10:21.948+0000][info][gc,phases   ] GC(529)   Post Evacuate Collection Set: 0.6ms
[2024-08-28T01:10:21.948+0000][info][gc,phases   ] GC(529)   Other: 0.3ms
[2024-08-28T01:10:21.948+0000][info][gc,heap     ] GC(529) Eden regions: 89->0(89)
[2024-08-28T01:10:21.948+0000][info][gc,heap     ] GC(529) Survivor regions: 13->13(13)
[2024-08-28T01:10:21.948+0000][info][gc,heap     ] GC(529) Old regions: 1493->1463
[2024-08-28T01:10:21.948+0000][info][gc,heap     ] GC(529) Archive regions: 2->2
[2024-08-28T01:10:21.948+0000][info][gc,heap     ] GC(529) Humongous regions: 5->5
[2024-08-28T01:10:21.948+0000][info][gc,metaspace] GC(529) Metaspace: 100K(320K)->100K(320K) NonClass: 96K(192K)->96K(192K) Class: 4K(128K)->4K(128K)
[2024-08-28T01:10:21.948+0000][info][gc          ] GC(529) Pause Young (Mixed) (G1 Evacuation Pause) 1600M->1481M(2048M) 17.052ms
[2024-08-28T01:10:21.949+0000][info][gc,cpu      ] GC(529) User=0.77s Sys=0.00s Real=0.01s
[2024-08-28T01:10:21.992+0000][info][gc,start    ] GC(530) Pause Young (Mixed) (G1 Evacuation Pause)
[2024-08-28T01:10:21.992+0000][info][gc,task     ] GC(530) Using 49 workers of 68 for evacuation
[2024-08-28T01:10:22.009+0000][info][gc,phases   ] GC(530)   Pre Evacuate Collection Set: 0.4ms
[2024-08-28T01:10:22.009+0000][info][gc,phases   ] GC(530)   Merge Heap Roots: 0.8ms
[2024-08-28T01:10:22.009+0000][info][gc,phases   ] GC(530)   Evacuate Collection Set: 15.5ms
[2024-08-28T01:10:22.009+0000][info][gc,phases   ] GC(530)   Post Evacuate Collection Set: 0.6ms
[2024-08-28T01:10:22.009+0000][info][gc,phases   ] GC(530)   Other: 0.3ms
[2024-08-28T01:10:22.009+0000][info][gc,heap     ] GC(530) Eden regions: 89->0(89)
[2024-08-28T01:10:22.009+0000][info][gc,heap     ] GC(530) Survivor regions: 13->13(13)
[2024-08-28T01:10:22.009+0000][info][gc,heap     ] GC(530) Old regions: 1463->1436
[2024-08-28T01:10:22.009+0000][info][gc,heap     ] GC(530) Archive regions: 2->2
[2024-08-28T01:10:22.009+0000][info][gc,heap     ] GC(530) Humongous regions: 5->5
[2024-08-28T01:10:22.009+0000][info][gc,metaspace] GC(530) Metaspace: 100K(320K)->100K(320K) NonClass: 96K(192K)->96K(192K) Class: 4K(128K)->4K(128K)
[2024-08-28T01:10:22.009+0000][info][gc          ] GC(530) Pause Young (Mixed) (G1 Evacuation Pause) 1570M->1454M(2048M) 17.576ms
[2024-08-28T01:10:22.009+0000][info][gc,cpu      ] GC(530) User=0.80s Sys=0.00s Real=0.01s
[2024-08-28T01:10:22.052+0000][info][gc,start    ] GC(531) Pause Young (Mixed) (G1 Evacuation Pause)
[2024-08-28T01:10:22.052+0000][info][gc,task     ] GC(531) Using 49 workers of 68 for evacuation
[2024-08-28T01:10:22.069+0000][info][gc,phases   ] GC(531)   Pre Evacuate Collection Set: 0.3ms
[2024-08-28T01:10:22.069+0000][info][gc,phases   ] GC(531)   Merge Heap Roots: 0.5ms
[2024-08-28T01:10:22.069+0000][info][gc,phases   ] GC(531)   Evacuate Collection Set: 15.8ms
[2024-08-28T01:10:22.069+0000][info][gc,phases   ] GC(531)   Post Evacuate Collection Set: 0.5ms
[2024-08-28T01:10:22.069+0000][info][gc,phases   ] GC(531)   Other: 0.2ms
[2024-08-28T01:10:22.069+0000][info][gc,heap     ] GC(531) Eden regions: 89->0(89)
[2024-08-28T01:10:22.069+0000][info][gc,heap     ] GC(531) Survivor regions: 13->13(13)
[2024-08-28T01:10:22.069+0000][info][gc,heap     ] GC(531) Old regions: 1436->1407
[2024-08-28T01:10:22.069+0000][info][gc,heap     ] GC(531) Archive regions: 2->2
[2024-08-28T01:10:22.069+0000][info][gc,heap     ] GC(531) Humongous regions: 5->5
[2024-08-28T01:10:22.069+0000][info][gc,metaspace] GC(531) Metaspace: 100K(320K)->100K(320K) NonClass: 96K(192K)->96K(192K) Class: 4K(128K)->4K(128K)
[2024-08-28T01:10:22.069+0000][info][gc          ] GC(531) Pause Young (Mixed) (G1 Evacuation Pause) 1543M->1425M(2048M) 17.501ms
[2024-08-28T01:10:22.069+0000][info][gc,cpu      ] GC(531) User=0.80s Sys=0.00s Real=0.01s
[2024-08-28T01:10:22.113+0000][info][gc,start    ] GC(532) Pause Young (Mixed) (G1 Evacuation Pause)
[2024-08-28T01:10:22.113+0000][info][gc,task     ] GC(532) Using 49 workers of 68 for evacuation
[2024-08-28T01:10:22.131+0000][info][gc,phases   ] GC(532)   Pre Evacuate Collection Set: 0.3ms
[2024-08-28T01:10:22.131+0000][info][gc,phases   ] GC(532)   Merge Heap Roots: 1.0ms
[2024-08-28T01:10:22.131+0000][info][gc,phases   ] GC(532)   Evacuate Collection Set: 15.7ms
[2024-08-28T01:10:22.131+0000][info][gc,phases   ] GC(532)   Post Evacuate Collection Set: 0.6ms
[2024-08-28T01:10:22.131+0000][info][gc,phases   ] GC(532)   Other: 0.2ms
[2024-08-28T01:10:22.131+0000][info][gc,heap     ] GC(532) Eden regions: 89->0(89)
[2024-08-28T01:10:22.131+0000][info][gc,heap     ] GC(532) Survivor regions: 13->13(13)
[2024-08-28T01:10:22.131+0000][info][gc,heap     ] GC(532) Old regions: 1407->1380
[2024-08-28T01:10:22.131+0000][info][gc,heap     ] GC(532) Archive regions: 2->2
[2024-08-28T01:10:22.131+0000][info][gc,heap     ] GC(532) Humongous regions: 5->5
[2024-08-28T01:10:22.131+0000][info][gc,metaspace] GC(532) Metaspace: 100K(320K)->100K(320K) NonClass: 96K(192K)->96K(192K) Class: 4K(128K)->4K(128K)
[2024-08-28T01:10:22.131+0000][info][gc          ] GC(532) Pause Young (Mixed) (G1 Evacuation Pause) 1514M->1398M(2048M) 17.909ms
[2024-08-28T01:10:22.131+0000][info][gc,cpu      ] GC(532) User=0.81s Sys=0.00s Real=0.02s
[2024-08-28T01:10:22.174+0000][info][gc,start    ] GC(533) Pause Young (Mixed) (G1 Evacuation Pause)
[2024-08-28T01:10:22.174+0000][info][gc,task     ] GC(533) Using 49 workers of 68 for evacuation
[2024-08-28T01:10:22.191+0000][info][gc,phases   ] GC(533)   Pre Evacuate Collection Set: 0.3ms
[2024-08-28T01:10:22.191+0000][info][gc,phases   ] GC(533)   Merge Heap Roots: 0.5ms
[2024-08-28T01:10:22.191+0000][info][gc,phases   ] GC(533)   Evacuate Collection Set: 15.5ms
[2024-08-28T01:10:22.191+0000][info][gc,phases   ] GC(533)   Post Evacuate Collection Set: 0.5ms
[2024-08-28T01:10:22.191+0000][info][gc,phases   ] GC(533)   Other: 0.3ms
[2024-08-28T01:10:22.191+0000][info][gc,heap     ] GC(533) Eden regions: 89->0(128)
[2024-08-28T01:10:22.191+0000][info][gc,heap     ] GC(533) Survivor regions: 13->13(13)
[2024-08-28T01:10:22.191+0000][info][gc,heap     ] GC(533) Old regions: 1380->1421
[2024-08-28T01:10:22.191+0000][info][gc,heap     ] GC(533) Archive regions: 2->2
[2024-08-28T01:10:22.191+0000][info][gc,heap     ] GC(533) Humongous regions: 5->5
[2024-08-28T01:10:22.191+0000][info][gc,metaspace] GC(533) Metaspace: 100K(320K)->100K(320K) NonClass: 96K(192K)->96K(192K) Class: 4K(128K)->4K(128K)
[2024-08-28T01:10:22.191+0000][info][gc          ] GC(533) Pause Young (Mixed) (G1 Evacuation Pause) 1487M->1439M(2048M) 17.139ms
[2024-08-28T01:10:22.191+0000][info][gc,cpu      ] GC(533) User=0.78s Sys=0.00s Real=0.02s
[2024-08-28T01:10:22.252+0000][info][gc,start    ] GC(534) Pause Young (Concurrent Start) (G1 Evacuation Pause)
[2024-08-28T01:10:22.252+0000][info][gc,task     ] GC(534) Using 49 workers of 68 for evacuation
[2024-08-28T01:10:22.274+0000][info][gc,phases   ] GC(534)   Pre Evacuate Collection Set: 0.4ms
[2024-08-28T01:10:22.274+0000][info][gc,phases   ] GC(534)   Merge Heap Roots: 0.6ms
[2024-08-28T01:10:22.274+0000][info][gc,phases   ] GC(534)   Evacuate Collection Set: 20.3ms
[2024-08-28T01:10:22.274+0000][info][gc,phases   ] GC(534)   Post Evacuate Collection Set: 0.5ms
[2024-08-28T01:10:22.274+0000][info][gc,phases   ] GC(534)   Other: 0.8ms
[2024-08-28T01:10:22.274+0000][info][gc,heap     ] GC(534) Eden regions: 128->0(86)
[2024-08-28T01:10:22.274+0000][info][gc,heap     ] GC(534) Survivor regions: 13->18(18)
[2024-08-28T01:10:22.275+0000][info][gc,heap     ] GC(534) Old regions: 1421->1546
[2024-08-28T01:10:22.275+0000][info][gc,heap     ] GC(534) Archive regions: 2->2
[2024-08-28T01:10:22.275+0000][info][gc,heap     ] GC(534) Humongous regions: 5->5
[2024-08-28T01:10:22.275+0000][info][gc,metaspace] GC(534) Metaspace: 100K(320K)->100K(320K) NonClass: 96K(192K)->96K(192K) Class: 4K(128K)->4K(128K)
[2024-08-28T01:10:22.275+0000][info][gc          ] GC(534) Pause Young (Concurrent Start) (G1 Evacuation Pause) 1567M->1569M(2048M) 22.635ms
[2024-08-28T01:10:22.275+0000][info][gc,cpu      ] GC(534) User=1.01s Sys=0.00s Real=0.02s
[2024-08-28T01:10:22.275+0000][info][gc          ] GC(535) Concurrent Mark Cycle
[2024-08-28T01:10:22.275+0000][info][gc,marking  ] GC(535) Concurrent Clear Claimed Marks
[2024-08-28T01:10:22.275+0000][info][gc,marking  ] GC(535) Concurrent Clear Claimed Marks 0.010ms
[2024-08-28T01:10:22.275+0000][info][gc,marking  ] GC(535) Concurrent Scan Root Regions
[2024-08-28T01:10:22.278+0000][info][gc,marking  ] GC(535) Concurrent Scan Root Regions 3.598ms
[2024-08-28T01:10:22.278+0000][info][gc,marking  ] GC(535) Concurrent Mark
[2024-08-28T01:10:22.278+0000][info][gc,marking  ] GC(535) Concurrent Mark From Roots
[2024-08-28T01:10:22.278+0000][info][gc,task     ] GC(535) Using 17 workers of 17 for marking
[2024-08-28T01:10:22.299+0000][info][gc,marking  ] GC(535) Concurrent Mark From Roots 20.193ms
[2024-08-28T01:10:22.299+0000][info][gc,marking  ] GC(535) Concurrent Preclean
[2024-08-28T01:10:22.299+0000][info][gc,marking  ] GC(535) Concurrent Preclean 0.500ms
[2024-08-28T01:10:22.300+0000][info][gc,start    ] GC(535) Pause Remark
[2024-08-28T01:10:22.302+0000][info][gc          ] GC(535) Pause Remark 1594M->1397M(2048M) 1.988ms
[2024-08-28T01:10:22.302+0000][info][gc,cpu      ] GC(535) User=0.01s Sys=0.01s Real=0.00s
[2024-08-28T01:10:22.302+0000][info][gc,marking  ] GC(535) Concurrent Mark 23.232ms
[2024-08-28T01:10:22.302+0000][info][gc,marking  ] GC(535) Concurrent Rebuild Remembered Sets
[2024-08-28T01:10:22.349+0000][info][gc,start    ] GC(536) Pause Young (Normal) (G1 Evacuation Pause)
[2024-08-28T01:10:22.349+0000][info][gc,task     ] GC(536) Using 49 workers of 68 for evacuation
[2024-08-28T01:10:22.367+0000][info][gc,phases   ] GC(536)   Pre Evacuate Collection Set: 0.4ms
[2024-08-28T01:10:22.367+0000][info][gc,phases   ] GC(536)   Merge Heap Roots: 0.9ms
[2024-08-28T01:10:22.367+0000][info][gc,phases   ] GC(536)   Evacuate Collection Set: 15.7ms
[2024-08-28T01:10:22.367+0000][info][gc,phases   ] GC(536)   Post Evacuate Collection Set: 0.8ms
[2024-08-28T01:10:22.367+0000][info][gc,phases   ] GC(536)   Other: 0.3ms
[2024-08-28T01:10:22.367+0000][info][gc,heap     ] GC(536) Eden regions: 86->0(121)
[2024-08-28T01:10:22.367+0000][info][gc,heap     ] GC(536) Survivor regions: 18->13(13)
[2024-08-28T01:10:22.367+0000][info][gc,heap     ] GC(536) Old regions: 1349->1444
[2024-08-28T01:10:22.367+0000][info][gc,heap     ] GC(536) Archive regions: 2->2
[2024-08-28T01:10:22.367+0000][info][gc,heap     ] GC(536) Humongous regions: 5->5
[2024-08-28T01:10:22.367+0000][info][gc,metaspace] GC(536) Metaspace: 100K(320K)->100K(320K) NonClass: 96K(192K)->96K(192K) Class: 4K(128K)->4K(128K)
[2024-08-28T01:10:22.367+0000][info][gc          ] GC(536) Pause Young (Normal) (G1 Evacuation Pause) 1458M->1462M(2048M) 18.128ms
[2024-08-28T01:10:22.367+0000][info][gc,cpu      ] GC(536) User=0.81s Sys=0.01s Real=0.02s
[2024-08-28T01:10:22.368+0000][info][gc,marking  ] GC(535) Concurrent Rebuild Remembered Sets 65.930ms
[2024-08-28T01:10:22.368+0000][info][gc,start    ] GC(535) Pause Cleanup
[2024-08-28T01:10:22.371+0000][info][gc          ] GC(535) Pause Cleanup 1463M->1463M(2048M) 3.003ms
[2024-08-28T01:10:22.371+0000][info][gc,cpu      ] GC(535) User=0.01s Sys=0.00s Real=0.01s
[2024-08-28T01:10:22.371+0000][info][gc,marking  ] GC(535) Concurrent Cleanup for Next Mark
[2024-08-28T01:10:22.372+0000][info][gc,marking  ] GC(535) Concurrent Cleanup for Next Mark 1.393ms
[2024-08-28T01:10:22.372+0000][info][gc          ] GC(535) Concurrent Mark Cycle 97.693ms
[2024-08-28T01:10:22.433+0000][info][gc,start    ] GC(537) Pause Young (Prepare Mixed) (G1 Evacuation Pause)
[2024-08-28T01:10:22.433+0000][info][gc,task     ] GC(537) Using 49 workers of 68 for evacuation
[2024-08-28T01:10:22.459+0000][info][gc,phases   ] GC(537)   Pre Evacuate Collection Set: 0.4ms
[2024-08-28T01:10:22.459+0000][info][gc,phases   ] GC(537)   Merge Heap Roots: 1.4ms
[2024-08-28T01:10:22.459+0000][info][gc,phases   ] GC(537)   Evacuate Collection Set: 23.1ms
[2024-08-28T01:10:22.459+0000][info][gc,phases   ] GC(537)   Post Evacuate Collection Set: 0.5ms
[2024-08-28T01:10:22.459+0000][info][gc,phases   ] GC(537)   Other: 0.3ms
[2024-08-28T01:10:22.459+0000][info][gc,heap     ] GC(537) Eden regions: 121->0(85)
[2024-08-28T01:10:22.459+0000][info][gc,heap     ] GC(537) Survivor regions: 13->17(17)
[2024-08-28T01:10:22.459+0000][info][gc,heap     ] GC(537) Old regions: 1444->1565
[2024-08-28T01:10:22.459+0000][info][gc,heap     ] GC(537) Archive regions: 2->2
[2024-08-28T01:10:22.459+0000][info][gc,heap     ] GC(537) Humongous regions: 5->5
[2024-08-28T01:10:22.459+0000][info][gc,metaspace] GC(537) Metaspace: 100K(320K)->100K(320K) NonClass: 96K(192K)->96K(192K) Class: 4K(128K)->4K(128K)
[2024-08-28T01:10:22.459+0000][info][gc          ] GC(537) Pause Young (Prepare Mixed) (G1 Evacuation Pause) 1583M->1587M(2048M) 25.841ms
[2024-08-28T01:10:22.459+0000][info][gc,cpu      ] GC(537) User=1.19s Sys=0.01s Real=0.03s
[2024-08-28T01:10:22.501+0000][info][gc,start    ] GC(538) Pause Young (Mixed) (G1 Evacuation Pause)
[2024-08-28T01:10:22.501+0000][info][gc,task     ] GC(538) Using 49 workers of 68 for evacuation
[2024-08-28T01:10:22.519+0000][info][gc,phases   ] GC(538)   Pre Evacuate Collection Set: 0.4ms
[2024-08-28T01:10:22.519+0000][info][gc,phases   ] GC(538)   Merge Heap Roots: 0.5ms
[2024-08-28T01:10:22.519+0000][info][gc,phases   ] GC(538)   Evacuate Collection Set: 16.1ms
[2024-08-28T01:10:22.519+0000][info][gc,phases   ] GC(538)   Post Evacuate Collection Set: 0.5ms
[2024-08-28T01:10:22.519+0000][info][gc,phases   ] GC(538)   Other: 0.3ms
[2024-08-28T01:10:22.519+0000][info][gc,heap     ] GC(538) Eden regions: 85->0(89)
[2024-08-28T01:10:22.519+0000][info][gc,heap     ] GC(538) Survivor regions: 17->13(13)
[2024-08-28T01:10:22.519+0000][info][gc,heap     ] GC(538) Old regions: 1565->1538
[2024-08-28T01:10:22.519+0000][info][gc,heap     ] GC(538) Archive regions: 2->2
[2024-08-28T01:10:22.519+0000][info][gc,heap     ] GC(538) Humongous regions: 5->5
[2024-08-28T01:10:22.519+0000][info][gc,metaspace] GC(538) Metaspace: 100K(320K)->100K(320K) NonClass: 96K(192K)->96K(192K) Class: 4K(128K)->4K(128K)
[2024-08-28T01:10:22.519+0000][info][gc          ] GC(538) Pause Young (Mixed) (G1 Evacuation Pause) 1672M->1556M(2048M) 17.859ms
[2024-08-28T01:10:22.519+0000][info][gc,cpu      ] GC(538) User=0.80s Sys=0.01s Real=0.02s
[2024-08-28T01:10:22.563+0000][info][gc,start    ] GC(539) Pause Young (Mixed) (G1 Evacuation Pause)
[2024-08-28T01:10:22.563+0000][info][gc,task     ] GC(539) Using 49 workers of 68 for evacuation
[2024-08-28T01:10:22.580+0000][info][gc,phases   ] GC(539)   Pre Evacuate Collection Set: 0.4ms
[2024-08-28T01:10:22.580+0000][info][gc,phases   ] GC(539)   Merge Heap Roots: 0.8ms
[2024-08-28T01:10:22.580+0000][info][gc,phases   ] GC(539)   Evacuate Collection Set: 15.8ms
[2024-08-28T01:10:22.580+0000][info][gc,phases   ] GC(539)   Post Evacuate Collection Set: 0.5ms
[2024-08-28T01:10:22.580+0000][info][gc,phases   ] GC(539)   Other: 0.3ms
[2024-08-28T01:10:22.580+0000][info][gc,heap     ] GC(539) Eden regions: 89->0(89)
[2024-08-28T01:10:22.580+0000][info][gc,heap     ] GC(539) Survivor regions: 13->13(13)
[2024-08-28T01:10:22.580+0000][info][gc,heap     ] GC(539) Old regions: 1538->1507
[2024-08-28T01:10:22.580+0000][info][gc,heap     ] GC(539) Archive regions: 2->2
[2024-08-28T01:10:22.580+0000][info][gc,heap     ] GC(539) Humongous regions: 5->5
[2024-08-28T01:10:22.580+0000][info][gc,metaspace] GC(539) Metaspace: 100K(320K)->100K(320K) NonClass: 96K(192K)->96K(192K) Class: 4K(128K)->4K(128K)
[2024-08-28T01:10:22.580+0000][info][gc          ] GC(539) Pause Young (Mixed) (G1 Evacuation Pause) 1645M->1525M(2048M) 17.896ms
[2024-08-28T01:10:22.580+0000][info][gc,cpu      ] GC(539) User=0.80s Sys=0.00s Real=0.02s
[2024-08-28T01:10:22.624+0000][info][gc,start    ] GC(540) Pause Young (Mixed) (G1 Evacuation Pause)
[2024-08-28T01:10:22.624+0000][info][gc,task     ] GC(540) Using 49 workers of 68 for evacuation
[2024-08-28T01:10:22.641+0000][info][gc,phases   ] GC(540)   Pre Evacuate Collection Set: 0.4ms
[2024-08-28T01:10:22.641+0000][info][gc,phases   ] GC(540)   Merge Heap Roots: 0.5ms
[2024-08-28T01:10:22.641+0000][info][gc,phases   ] GC(540)   Evacuate Collection Set: 15.5ms
[2024-08-28T01:10:22.641+0000][info][gc,phases   ] GC(540)   Post Evacuate Collection Set: 0.5ms
[2024-08-28T01:10:22.641+0000][info][gc,phases   ] GC(540)   Other: 0.3ms
[2024-08-28T01:10:22.641+0000][info][gc,heap     ] GC(540) Eden regions: 89->0(89)
[2024-08-28T01:10:22.641+0000][info][gc,heap     ] GC(540) Survivor regions: 13->13(13)
[2024-08-28T01:10:22.641+0000][info][gc,heap     ] GC(540) Old regions: 1507->1478
[2024-08-28T01:10:22.641+0000][info][gc,heap     ] GC(540) Archive regions: 2->2
[2024-08-28T01:10:22.641+0000][info][gc,heap     ] GC(540) Humongous regions: 5->5
[2024-08-28T01:10:22.641+0000][info][gc,metaspace] GC(540) Metaspace: 100K(320K)->100K(320K) NonClass: 96K(192K)->96K(192K) Class: 4K(128K)->4K(128K)
[2024-08-28T01:10:22.641+0000][info][gc          ] GC(540) Pause Young (Mixed) (G1 Evacuation Pause) 1614M->1496M(2048M) 17.302ms
[2024-08-28T01:10:22.641+0000][info][gc,cpu      ] GC(540) User=0.78s Sys=0.00s Real=0.02s
[2024-08-28T01:10:22.685+0000][info][gc,start    ] GC(541) Pause Young (Mixed) (G1 Evacuation Pause)
[2024-08-28T01:10:22.685+0000][info][gc,task     ] GC(541) Using 49 workers of 68 for evacuation
[2024-08-28T01:10:22.702+0000][info][gc,phases   ] GC(541)   Pre Evacuate Collection Set: 0.4ms
[2024-08-28T01:10:22.702+0000][info][gc,phases   ] GC(541)   Merge Heap Roots: 0.8ms
[2024-08-28T01:10:22.702+0000][info][gc,phases   ] GC(541)   Evacuate Collection Set: 15.5ms
[2024-08-28T01:10:22.702+0000][info][gc,phases   ] GC(541)   Post Evacuate Collection Set: 0.6ms
[2024-08-28T01:10:22.702+0000][info][gc,phases   ] GC(541)   Other: 0.3ms
[2024-08-28T01:10:22.702+0000][info][gc,heap     ] GC(541) Eden regions: 89->0(89)
[2024-08-28T01:10:22.702+0000][info][gc,heap     ] GC(541) Survivor regions: 13->13(13)
[2024-08-28T01:10:22.702+0000][info][gc,heap     ] GC(541) Old regions: 1478->1449
[2024-08-28T01:10:22.702+0000][info][gc,heap     ] GC(541) Archive regions: 2->2
[2024-08-28T01:10:22.702+0000][info][gc,heap     ] GC(541) Humongous regions: 5->5
[2024-08-28T01:10:22.702+0000][info][gc,metaspace] GC(541) Metaspace: 100K(320K)->100K(320K) NonClass: 96K(192K)->96K(192K) Class: 4K(128K)->4K(128K)
[2024-08-28T01:10:22.702+0000][info][gc          ] GC(541) Pause Young (Mixed) (G1 Evacuation Pause) 1585M->1467M(2048M) 17.691ms
[2024-08-28T01:10:22.702+0000][info][gc,cpu      ] GC(541) User=0.78s Sys=0.02s Real=0.02s
[2024-08-28T01:10:22.744+0000][info][gc,start    ] GC(542) Pause Young (Mixed) (G1 Evacuation Pause)
[2024-08-28T01:10:22.744+0000][info][gc,task     ] GC(542) Using 49 workers of 68 for evacuation
[2024-08-28T01:10:22.761+0000][info][gc,phases   ] GC(542)   Pre Evacuate Collection Set: 0.3ms
[2024-08-28T01:10:22.762+0000][info][gc,phases   ] GC(542)   Merge Heap Roots: 0.5ms
[2024-08-28T01:10:22.762+0000][info][gc,phases   ] GC(542)   Evacuate Collection Set: 15.7ms
[2024-08-28T01:10:22.762+0000][info][gc,phases   ] GC(542)   Post Evacuate Collection Set: 0.5ms
[2024-08-28T01:10:22.762+0000][info][gc,phases   ] GC(542)   Other: 0.3ms
[2024-08-28T01:10:22.762+0000][info][gc,heap     ] GC(542) Eden regions: 89->0(89)
[2024-08-28T01:10:22.762+0000][info][gc,heap     ] GC(542) Survivor regions: 13->13(13)
[2024-08-28T01:10:22.762+0000][info][gc,heap     ] GC(542) Old regions: 1449->1419
[2024-08-28T01:10:22.762+0000][info][gc,heap     ] GC(542) Archive regions: 2->2
[2024-08-28T01:10:22.762+0000][info][gc,heap     ] GC(542) Humongous regions: 5->5
[2024-08-28T01:10:22.762+0000][info][gc,metaspace] GC(542) Metaspace: 100K(320K)->100K(320K) NonClass: 96K(192K)->96K(192K) Class: 4K(128K)->4K(128K)
[2024-08-28T01:10:22.762+0000][info][gc          ] GC(542) Pause Young (Mixed) (G1 Evacuation Pause) 1556M->1437M(2048M) 17.398ms
[2024-08-28T01:10:22.762+0000][info][gc,cpu      ] GC(542) User=0.79s Sys=0.00s Real=0.02s
[2024-08-28T01:10:22.805+0000][info][gc,start    ] GC(543) Pause Young (Mixed) (G1 Evacuation Pause)
[2024-08-28T01:10:22.805+0000][info][gc,task     ] GC(543) Using 49 workers of 68 for evacuation
[2024-08-28T01:10:22.823+0000][info][gc,phases   ] GC(543)   Pre Evacuate Collection Set: 0.5ms
[2024-08-28T01:10:22.823+0000][info][gc,phases   ] GC(543)   Merge Heap Roots: 0.9ms
[2024-08-28T01:10:22.823+0000][info][gc,phases   ] GC(543)   Evacuate Collection Set: 15.9ms
[2024-08-28T01:10:22.823+0000][info][gc,phases   ] GC(543)   Post Evacuate Collection Set: 0.5ms
[2024-08-28T01:10:22.823+0000][info][gc,phases   ] GC(543)   Other: 0.3ms
[2024-08-28T01:10:22.823+0000][info][gc,heap     ] GC(543) Eden regions: 89->0(89)
[2024-08-28T01:10:22.823+0000][info][gc,heap     ] GC(543) Survivor regions: 13->13(13)
[2024-08-28T01:10:22.823+0000][info][gc,heap     ] GC(543) Old regions: 1419->1390
[2024-08-28T01:10:22.823+0000][info][gc,heap     ] GC(543) Archive regions: 2->2
[2024-08-28T01:10:22.823+0000][info][gc,heap     ] GC(543) Humongous regions: 5->5
[2024-08-28T01:10:22.823+0000][info][gc,metaspace] GC(543) Metaspace: 100K(320K)->100K(320K) NonClass: 96K(192K)->96K(192K) Class: 4K(128K)->4K(128K)
[2024-08-28T01:10:22.823+0000][info][gc          ] GC(543) Pause Young (Mixed) (G1 Evacuation Pause) 1526M->1408M(2048M) 18.168ms
[2024-08-28T01:10:22.823+0000][info][gc,cpu      ] GC(543) User=0.81s Sys=0.00s Real=0.02s
[2024-08-28T01:10:22.867+0000][info][gc,start    ] GC(544) Pause Young (Mixed) (G1 Evacuation Pause)
[2024-08-28T01:10:22.867+0000][info][gc,task     ] GC(544) Using 49 workers of 68 for evacuation
[2024-08-28T01:10:22.884+0000][info][gc,phases   ] GC(544)   Pre Evacuate Collection Set: 0.4ms
[2024-08-28T01:10:22.884+0000][info][gc,phases   ] GC(544)   Merge Heap Roots: 0.5ms
[2024-08-28T01:10:22.884+0000][info][gc,phases   ] GC(544)   Evacuate Collection Set: 15.5ms
[2024-08-28T01:10:22.884+0000][info][gc,phases   ] GC(544)   Post Evacuate Collection Set: 0.5ms
[2024-08-28T01:10:22.884+0000][info][gc,phases   ] GC(544)   Other: 0.2ms
[2024-08-28T01:10:22.884+0000][info][gc,heap     ] GC(544) Eden regions: 89->0(134)
[2024-08-28T01:10:22.884+0000][info][gc,heap     ] GC(544) Survivor regions: 13->13(13)
[2024-08-28T01:10:22.884+0000][info][gc,heap     ] GC(544) Old regions: 1390->1402
[2024-08-28T01:10:22.884+0000][info][gc,heap     ] GC(544) Archive regions: 2->2
[2024-08-28T01:10:22.884+0000][info][gc,heap     ] GC(544) Humongous regions: 5->5
[2024-08-28T01:10:22.884+0000][info][gc,metaspace] GC(544) Metaspace: 100K(320K)->100K(320K) NonClass: 96K(192K)->96K(192K) Class: 4K(128K)->4K(128K)
[2024-08-28T01:10:22.884+0000][info][gc          ] GC(544) Pause Young (Mixed) (G1 Evacuation Pause) 1497M->1420M(2048M) 17.197ms
[2024-08-28T01:10:22.884+0000][info][gc,cpu      ] GC(544) User=0.77s Sys=0.01s Real=0.02s
[2024-08-28T01:10:22.948+0000][info][gc,start    ] GC(545) Pause Young (Concurrent Start) (G1 Evacuation Pause)
[2024-08-28T01:10:22.948+0000][info][gc,task     ] GC(545) Using 49 workers of 68 for evacuation
[2024-08-28T01:10:22.971+0000][info][gc,phases   ] GC(545)   Pre Evacuate Collection Set: 0.3ms
[2024-08-28T01:10:22.971+0000][info][gc,phases   ] GC(545)   Merge Heap Roots: 0.6ms
[2024-08-28T01:10:22.971+0000][info][gc,phases   ] GC(545)   Evacuate Collection Set: 21.2ms
[2024-08-28T01:10:22.971+0000][info][gc,phases   ] GC(545)   Post Evacuate Collection Set: 0.6ms
[2024-08-28T01:10:22.972+0000][info][gc,phases   ] GC(545)   Other: 0.8ms
[2024-08-28T01:10:22.972+0000][info][gc,heap     ] GC(545) Eden regions: 134->0(90)
[2024-08-28T01:10:22.972+0000][info][gc,heap     ] GC(545) Survivor regions: 13->19(19)
[2024-08-28T01:10:22.972+0000][info][gc,heap     ] GC(545) Old regions: 1402->1533
[2024-08-28T01:10:22.972+0000][info][gc,heap     ] GC(545) Archive regions: 2->2
[2024-08-28T01:10:22.972+0000][info][gc,heap     ] GC(545) Humongous regions: 5->5
[2024-08-28T01:10:22.972+0000][info][gc,metaspace] GC(545) Metaspace: 100K(320K)->100K(320K) NonClass: 96K(192K)->96K(192K) Class: 4K(128K)->4K(128K)
[2024-08-28T01:10:22.972+0000][info][gc          ] GC(545) Pause Young (Concurrent Start) (G1 Evacuation Pause) 1554M->1557M(2048M) 23.489ms
[2024-08-28T01:10:22.972+0000][info][gc,cpu      ] GC(545) User=1.05s Sys=0.00s Real=0.03s
[2024-08-28T01:10:22.972+0000][info][gc          ] GC(546) Concurrent Mark Cycle
[2024-08-28T01:10:22.972+0000][info][gc,marking  ] GC(546) Concurrent Clear Claimed Marks
[2024-08-28T01:10:22.972+0000][info][gc,marking  ] GC(546) Concurrent Clear Claimed Marks 0.011ms
[2024-08-28T01:10:22.972+0000][info][gc,marking  ] GC(546) Concurrent Scan Root Regions
[2024-08-28T01:10:22.976+0000][info][gc,marking  ] GC(546) Concurrent Scan Root Regions 3.835ms
[2024-08-28T01:10:22.976+0000][info][gc,marking  ] GC(546) Concurrent Mark
[2024-08-28T01:10:22.976+0000][info][gc,marking  ] GC(546) Concurrent Mark From Roots
[2024-08-28T01:10:22.976+0000][info][gc,task     ] GC(546) Using 17 workers of 17 for marking
[2024-08-28T01:10:22.995+0000][info][gc,marking  ] GC(546) Concurrent Mark From Roots 19.699ms
[2024-08-28T01:10:22.995+0000][info][gc,marking  ] GC(546) Concurrent Preclean
[2024-08-28T01:10:22.996+0000][info][gc,marking  ] GC(546) Concurrent Preclean 0.501ms
[2024-08-28T01:10:22.996+0000][info][gc,start    ] GC(546) Pause Remark
[2024-08-28T01:10:22.998+0000][info][gc          ] GC(546) Pause Remark 1583M->1399M(2048M) 2.160ms
[2024-08-28T01:10:22.998+0000][info][gc,cpu      ] GC(546) User=0.02s Sys=0.00s Real=0.01s
[2024-08-28T01:10:22.998+0000][info][gc,marking  ] GC(546) Concurrent Mark 22.807ms
[2024-08-28T01:10:22.998+0000][info][gc,marking  ] GC(546) Concurrent Rebuild Remembered Sets
[2024-08-28T01:10:23.046+0000][info][gc,start    ] GC(547) Pause Young (Normal) (G1 Evacuation Pause)
[2024-08-28T01:10:23.046+0000][info][gc,task     ] GC(547) Using 49 workers of 68 for evacuation
[2024-08-28T01:10:23.064+0000][info][gc,phases   ] GC(547)   Pre Evacuate Collection Set: 0.4ms
[2024-08-28T01:10:23.064+0000][info][gc,phases   ] GC(547)   Merge Heap Roots: 0.9ms
[2024-08-28T01:10:23.064+0000][info][gc,phases   ] GC(547)   Evacuate Collection Set: 16.4ms
[2024-08-28T01:10:23.064+0000][info][gc,phases   ] GC(547)   Post Evacuate Collection Set: 0.9ms
[2024-08-28T01:10:23.064+0000][info][gc,phases   ] GC(547)   Other: 0.3ms
[2024-08-28T01:10:23.064+0000][info][gc,heap     ] GC(547) Eden regions: 90->0(118)
[2024-08-28T01:10:23.064+0000][info][gc,heap     ] GC(547) Survivor regions: 19->14(14)
[2024-08-28T01:10:23.064+0000][info][gc,heap     ] GC(547) Old regions: 1349->1451
[2024-08-28T01:10:23.064+0000][info][gc,heap     ] GC(547) Archive regions: 2->2
[2024-08-28T01:10:23.064+0000][info][gc,heap     ] GC(547) Humongous regions: 5->5
[2024-08-28T01:10:23.064+0000][info][gc,metaspace] GC(547) Metaspace: 100K(320K)->100K(320K) NonClass: 96K(192K)->96K(192K) Class: 4K(128K)->4K(128K)
[2024-08-28T01:10:23.065+0000][info][gc          ] GC(547) Pause Young (Normal) (G1 Evacuation Pause) 1463M->1470M(2048M) 18.906ms
[2024-08-28T01:10:23.065+0000][info][gc,cpu      ] GC(547) User=0.85s Sys=0.00s Real=0.02s
[2024-08-28T01:10:23.066+0000][info][gc,marking  ] GC(546) Concurrent Rebuild Remembered Sets 67.386ms
[2024-08-28T01:10:23.066+0000][info][gc,start    ] GC(546) Pause Cleanup
[2024-08-28T01:10:23.069+0000][info][gc          ] GC(546) Pause Cleanup 1472M->1472M(2048M) 2.947ms
[2024-08-28T01:10:23.069+0000][info][gc,cpu      ] GC(546) User=0.01s Sys=0.00s Real=0.00s
[2024-08-28T01:10:23.069+0000][info][gc,marking  ] GC(546) Concurrent Cleanup for Next Mark
[2024-08-28T01:10:23.070+0000][info][gc,marking  ] GC(546) Concurrent Cleanup for Next Mark 1.255ms
[2024-08-28T01:10:23.070+0000][info][gc          ] GC(546) Concurrent Mark Cycle 98.724ms
[2024-08-28T01:10:23.128+0000][info][gc,start    ] GC(548) Pause Young (Prepare Mixed) (G1 Evacuation Pause)
[2024-08-28T01:10:23.128+0000][info][gc,task     ] GC(548) Using 49 workers of 68 for evacuation
[2024-08-28T01:10:23.154+0000][info][gc,phases   ] GC(548)   Pre Evacuate Collection Set: 0.3ms
[2024-08-28T01:10:23.154+0000][info][gc,phases   ] GC(548)   Merge Heap Roots: 1.4ms
[2024-08-28T01:10:23.154+0000][info][gc,phases   ] GC(548)   Evacuate Collection Set: 23.4ms
[2024-08-28T01:10:23.154+0000][info][gc,phases   ] GC(548)   Post Evacuate Collection Set: 0.5ms
[2024-08-28T01:10:23.154+0000][info][gc,phases   ] GC(548)   Other: 0.2ms
[2024-08-28T01:10:23.154+0000][info][gc,heap     ] GC(548) Eden regions: 118->0(85)
[2024-08-28T01:10:23.154+0000][info][gc,heap     ] GC(548) Survivor regions: 14->17(17)
[2024-08-28T01:10:23.154+0000][info][gc,heap     ] GC(548) Old regions: 1451->1570
[2024-08-28T01:10:23.154+0000][info][gc,heap     ] GC(548) Archive regions: 2->2
[2024-08-28T01:10:23.154+0000][info][gc,heap     ] GC(548) Humongous regions: 5->5
[2024-08-28T01:10:23.154+0000][info][gc,metaspace] GC(548) Metaspace: 100K(320K)->100K(320K) NonClass: 96K(192K)->96K(192K) Class: 4K(128K)->4K(128K)
[2024-08-28T01:10:23.154+0000][info][gc          ] GC(548) Pause Young (Prepare Mixed) (G1 Evacuation Pause) 1588M->1592M(2048M) 25.920ms
[2024-08-28T01:10:23.154+0000][info][gc,cpu      ] GC(548) User=1.20s Sys=0.01s Real=0.03s
[2024-08-28T01:10:23.196+0000][info][gc,start    ] GC(549) Pause Young (Mixed) (G1 Evacuation Pause)
[2024-08-28T01:10:23.196+0000][info][gc,task     ] GC(549) Using 49 workers of 68 for evacuation
[2024-08-28T01:10:23.214+0000][info][gc,phases   ] GC(549)   Pre Evacuate Collection Set: 0.4ms
[2024-08-28T01:10:23.214+0000][info][gc,phases   ] GC(549)   Merge Heap Roots: 0.5ms
[2024-08-28T01:10:23.214+0000][info][gc,phases   ] GC(549)   Evacuate Collection Set: 15.8ms
[2024-08-28T01:10:23.214+0000][info][gc,phases   ] GC(549)   Post Evacuate Collection Set: 0.5ms
[2024-08-28T01:10:23.214+0000][info][gc,phases   ] GC(549)   Other: 0.3ms
[2024-08-28T01:10:23.214+0000][info][gc,heap     ] GC(549) Eden regions: 85->0(89)
[2024-08-28T01:10:23.214+0000][info][gc,heap     ] GC(549) Survivor regions: 17->13(13)
[2024-08-28T01:10:23.214+0000][info][gc,heap     ] GC(549) Old regions: 1570->1542
[2024-08-28T01:10:23.214+0000][info][gc,heap     ] GC(549) Archive regions: 2->2
[2024-08-28T01:10:23.214+0000][info][gc,heap     ] GC(549) Humongous regions: 5->5
[2024-08-28T01:10:23.214+0000][info][gc,metaspace] GC(549) Metaspace: 100K(320K)->100K(320K) NonClass: 96K(192K)->96K(192K) Class: 4K(128K)->4K(128K)
[2024-08-28T01:10:23.214+0000][info][gc          ] GC(549) Pause Young (Mixed) (G1 Evacuation Pause) 1677M->1560M(2048M) 17.611ms
[2024-08-28T01:10:23.214+0000][info][gc,cpu      ] GC(549) User=0.80s Sys=0.00s Real=0.02s
[2024-08-28T01:10:23.257+0000][info][gc,start    ] GC(550) Pause Young (Mixed) (G1 Evacuation Pause)
[2024-08-28T01:10:23.257+0000][info][gc,task     ] GC(550) Using 49 workers of 68 for evacuation
[2024-08-28T01:10:23.275+0000][info][gc,phases   ] GC(550)   Pre Evacuate Collection Set: 0.4ms
[2024-08-28T01:10:23.275+0000][info][gc,phases   ] GC(550)   Merge Heap Roots: 0.8ms
[2024-08-28T01:10:23.275+0000][info][gc,phases   ] GC(550)   Evacuate Collection Set: 15.8ms
[2024-08-28T01:10:23.275+0000][info][gc,phases   ] GC(550)   Post Evacuate Collection Set: 0.5ms
[2024-08-28T01:10:23.275+0000][info][gc,phases   ] GC(550)   Other: 0.3ms
[2024-08-28T01:10:23.275+0000][info][gc,heap     ] GC(550) Eden regions: 89->0(89)
[2024-08-28T01:10:23.275+0000][info][gc,heap     ] GC(550) Survivor regions: 13->13(13)
[2024-08-28T01:10:23.275+0000][info][gc,heap     ] GC(550) Old regions: 1542->1512
[2024-08-28T01:10:23.275+0000][info][gc,heap     ] GC(550) Archive regions: 2->2
[2024-08-28T01:10:23.275+0000][info][gc,heap     ] GC(550) Humongous regions: 5->5
[2024-08-28T01:10:23.275+0000][info][gc,metaspace] GC(550) Metaspace: 100K(320K)->100K(320K) NonClass: 96K(192K)->96K(192K) Class: 4K(128K)->4K(128K)
[2024-08-28T01:10:23.275+0000][info][gc          ] GC(550) Pause Young (Mixed) (G1 Evacuation Pause) 1649M->1530M(2048M) 17.900ms
[2024-08-28T01:10:23.275+0000][info][gc,cpu      ] GC(550) User=0.80s Sys=0.00s Real=0.02s
[2024-08-28T01:10:23.318+0000][info][gc,start    ] GC(551) Pause Young (Mixed) (G1 Evacuation Pause)
[2024-08-28T01:10:23.318+0000][info][gc,task     ] GC(551) Using 49 workers of 68 for evacuation
[2024-08-28T01:10:23.335+0000][info][gc,phases   ] GC(551)   Pre Evacuate Collection Set: 0.3ms
[2024-08-28T01:10:23.335+0000][info][gc,phases   ] GC(551)   Merge Heap Roots: 0.5ms
[2024-08-28T01:10:23.335+0000][info][gc,phases   ] GC(551)   Evacuate Collection Set: 15.4ms
[2024-08-28T01:10:23.335+0000][info][gc,phases   ] GC(551)   Post Evacuate Collection Set: 0.5ms
[2024-08-28T01:10:23.335+0000][info][gc,phases   ] GC(551)   Other: 0.2ms
[2024-08-28T01:10:23.335+0000][info][gc,heap     ] GC(551) Eden regions: 89->0(89)
[2024-08-28T01:10:23.335+0000][info][gc,heap     ] GC(551) Survivor regions: 13->13(13)
[2024-08-28T01:10:23.335+0000][info][gc,heap     ] GC(551) Old regions: 1512->1483
[2024-08-28T01:10:23.335+0000][info][gc,heap     ] GC(551) Archive regions: 2->2
[2024-08-28T01:10:23.335+0000][info][gc,heap     ] GC(551) Humongous regions: 5->5
[2024-08-28T01:10:23.335+0000][info][gc,metaspace] GC(551) Metaspace: 100K(320K)->100K(320K) NonClass: 96K(192K)->96K(192K) Class: 4K(128K)->4K(128K)
[2024-08-28T01:10:23.335+0000][info][gc          ] GC(551) Pause Young (Mixed) (G1 Evacuation Pause) 1619M->1501M(2048M) 17.168ms
[2024-08-28T01:10:23.335+0000][info][gc,cpu      ] GC(551) User=0.77s Sys=0.00s Real=0.01s
[2024-08-28T01:10:23.378+0000][info][gc,start    ] GC(552) Pause Young (Mixed) (G1 Evacuation Pause)
[2024-08-28T01:10:23.378+0000][info][gc,task     ] GC(552) Using 49 workers of 68 for evacuation
[2024-08-28T01:10:23.396+0000][info][gc,phases   ] GC(552)   Pre Evacuate Collection Set: 0.4ms
[2024-08-28T01:10:23.396+0000][info][gc,phases   ] GC(552)   Merge Heap Roots: 0.8ms
[2024-08-28T01:10:23.396+0000][info][gc,phases   ] GC(552)   Evacuate Collection Set: 15.5ms
[2024-08-28T01:10:23.396+0000][info][gc,phases   ] GC(552)   Post Evacuate Collection Set: 0.6ms
[2024-08-28T01:10:23.396+0000][info][gc,phases   ] GC(552)   Other: 0.2ms
[2024-08-28T01:10:23.396+0000][info][gc,heap     ] GC(552) Eden regions: 89->0(89)
[2024-08-28T01:10:23.396+0000][info][gc,heap     ] GC(552) Survivor regions: 13->13(13)
[2024-08-28T01:10:23.396+0000][info][gc,heap     ] GC(552) Old regions: 1483->1455
[2024-08-28T01:10:23.396+0000][info][gc,heap     ] GC(552) Archive regions: 2->2
[2024-08-28T01:10:23.396+0000][info][gc,heap     ] GC(552) Humongous regions: 5->5
[2024-08-28T01:10:23.396+0000][info][gc,metaspace] GC(552) Metaspace: 100K(320K)->100K(320K) NonClass: 96K(192K)->96K(192K) Class: 4K(128K)->4K(128K)
[2024-08-28T01:10:23.396+0000][info][gc          ] GC(552) Pause Young (Mixed) (G1 Evacuation Pause) 1590M->1473M(2048M) 17.584ms
[2024-08-28T01:10:23.396+0000][info][gc,cpu      ] GC(552) User=0.79s Sys=0.01s Real=0.01s
[2024-08-28T01:10:23.438+0000][info][gc,start    ] GC(553) Pause Young (Mixed) (G1 Evacuation Pause)
[2024-08-28T01:10:23.438+0000][info][gc,task     ] GC(553) Using 49 workers of 68 for evacuation
[2024-08-28T01:10:23.455+0000][info][gc,phases   ] GC(553)   Pre Evacuate Collection Set: 0.4ms
[2024-08-28T01:10:23.455+0000][info][gc,phases   ] GC(553)   Merge Heap Roots: 0.5ms
[2024-08-28T01:10:23.455+0000][info][gc,phases   ] GC(553)   Evacuate Collection Set: 15.7ms
[2024-08-28T01:10:23.455+0000][info][gc,phases   ] GC(553)   Post Evacuate Collection Set: 0.5ms
[2024-08-28T01:10:23.456+0000][info][gc,phases   ] GC(553)   Other: 0.3ms
[2024-08-28T01:10:23.456+0000][info][gc,heap     ] GC(553) Eden regions: 89->0(89)
[2024-08-28T01:10:23.456+0000][info][gc,heap     ] GC(553) Survivor regions: 13->13(13)
[2024-08-28T01:10:23.456+0000][info][gc,heap     ] GC(553) Old regions: 1455->1425
[2024-08-28T01:10:23.456+0000][info][gc,heap     ] GC(553) Archive regions: 2->2
[2024-08-28T01:10:23.456+0000][info][gc,heap     ] GC(553) Humongous regions: 5->5
[2024-08-28T01:10:23.456+0000][info][gc,metaspace] GC(553) Metaspace: 100K(320K)->100K(320K) NonClass: 96K(192K)->96K(192K) Class: 4K(128K)->4K(128K)
[2024-08-28T01:10:23.456+0000][info][gc          ] GC(553) Pause Young (Mixed) (G1 Evacuation Pause) 1562M->1443M(2048M) 17.458ms
[2024-08-28T01:10:23.456+0000][info][gc,cpu      ] GC(553) User=0.79s Sys=0.00s Real=0.01s
[2024-08-28T01:10:23.499+0000][info][gc,start    ] GC(554) Pause Young (Mixed) (G1 Evacuation Pause)
[2024-08-28T01:10:23.499+0000][info][gc,task     ] GC(554) Using 49 workers of 68 for evacuation
[2024-08-28T01:10:23.517+0000][info][gc,phases   ] GC(554)   Pre Evacuate Collection Set: 0.4ms
[2024-08-28T01:10:23.517+0000][info][gc,phases   ] GC(554)   Merge Heap Roots: 0.9ms
[2024-08-28T01:10:23.517+0000][info][gc,phases   ] GC(554)   Evacuate Collection Set: 15.9ms
[2024-08-28T01:10:23.517+0000][info][gc,phases   ] GC(554)   Post Evacuate Collection Set: 0.6ms
[2024-08-28T01:10:23.517+0000][info][gc,phases   ] GC(554)   Other: 0.3ms
[2024-08-28T01:10:23.517+0000][info][gc,heap     ] GC(554) Eden regions: 89->0(89)
[2024-08-28T01:10:23.517+0000][info][gc,heap     ] GC(554) Survivor regions: 13->13(13)
[2024-08-28T01:10:23.517+0000][info][gc,heap     ] GC(554) Old regions: 1425->1396
[2024-08-28T01:10:23.517+0000][info][gc,heap     ] GC(554) Archive regions: 2->2
[2024-08-28T01:10:23.517+0000][info][gc,heap     ] GC(554) Humongous regions: 5->5
[2024-08-28T01:10:23.517+0000][info][gc,metaspace] GC(554) Metaspace: 100K(320K)->100K(320K) NonClass: 96K(192K)->96K(192K) Class: 4K(128K)->4K(128K)
[2024-08-28T01:10:23.517+0000][info][gc          ] GC(554) Pause Young (Mixed) (G1 Evacuation Pause) 1532M->1414M(2048M) 18.086ms
[2024-08-28T01:10:23.517+0000][info][gc,cpu      ] GC(554) User=0.81s Sys=0.00s Real=0.01s
[2024-08-28T01:10:23.561+0000][info][gc,start    ] GC(555) Pause Young (Mixed) (G1 Evacuation Pause)
[2024-08-28T01:10:23.561+0000][info][gc,task     ] GC(555) Using 49 workers of 68 for evacuation
[2024-08-28T01:10:23.578+0000][info][gc,phases   ] GC(555)   Pre Evacuate Collection Set: 0.4ms
[2024-08-28T01:10:23.578+0000][info][gc,phases   ] GC(555)   Merge Heap Roots: 0.5ms
[2024-08-28T01:10:23.578+0000][info][gc,phases   ] GC(555)   Evacuate Collection Set: 15.6ms
[2024-08-28T01:10:23.578+0000][info][gc,phases   ] GC(555)   Post Evacuate Collection Set: 0.6ms
[2024-08-28T01:10:23.578+0000][info][gc,phases   ] GC(555)   Other: 0.3ms
[2024-08-28T01:10:23.578+0000][info][gc,heap     ] GC(555) Eden regions: 89->0(132)
[2024-08-28T01:10:23.578+0000][info][gc,heap     ] GC(555) Survivor regions: 13->13(13)
[2024-08-28T01:10:23.578+0000][info][gc,heap     ] GC(555) Old regions: 1396->1409
[2024-08-28T01:10:23.578+0000][info][gc,heap     ] GC(555) Archive regions: 2->2
[2024-08-28T01:10:23.578+0000][info][gc,heap     ] GC(555) Humongous regions: 5->5
[2024-08-28T01:10:23.578+0000][info][gc,metaspace] GC(555) Metaspace: 100K(320K)->100K(320K) NonClass: 96K(192K)->96K(192K) Class: 4K(128K)->4K(128K)
[2024-08-28T01:10:23.578+0000][info][gc          ] GC(555) Pause Young (Mixed) (G1 Evacuation Pause) 1503M->1427M(2048M) 17.456ms
[2024-08-28T01:10:23.578+0000][info][gc,cpu      ] GC(555) User=0.77s Sys=0.01s Real=0.02s
[2024-08-28T01:10:23.642+0000][info][gc,start    ] GC(556) Pause Young (Concurrent Start) (G1 Evacuation Pause)
[2024-08-28T01:10:23.642+0000][info][gc,task     ] GC(556) Using 49 workers of 68 for evacuation
[2024-08-28T01:10:23.664+0000][info][gc,phases   ] GC(556)   Pre Evacuate Collection Set: 0.4ms
[2024-08-28T01:10:23.664+0000][info][gc,phases   ] GC(556)   Merge Heap Roots: 0.5ms
[2024-08-28T01:10:23.665+0000][info][gc,phases   ] GC(556)   Evacuate Collection Set: 20.7ms
[2024-08-28T01:10:23.665+0000][info][gc,phases   ] GC(556)   Post Evacuate Collection Set: 0.5ms
[2024-08-28T01:10:23.665+0000][info][gc,phases   ] GC(556)   Other: 0.8ms
[2024-08-28T01:10:23.665+0000][info][gc,heap     ] GC(556) Eden regions: 132->0(88)
[2024-08-28T01:10:23.665+0000][info][gc,heap     ] GC(556) Survivor regions: 13->19(19)
[2024-08-28T01:10:23.665+0000][info][gc,heap     ] GC(556) Old regions: 1409->1538
[2024-08-28T01:10:23.665+0000][info][gc,heap     ] GC(556) Archive regions: 2->2
[2024-08-28T01:10:23.665+0000][info][gc,heap     ] GC(556) Humongous regions: 5->5
[2024-08-28T01:10:23.665+0000][info][gc,metaspace] GC(556) Metaspace: 100K(320K)->100K(320K) NonClass: 96K(192K)->96K(192K) Class: 4K(128K)->4K(128K)
[2024-08-28T01:10:23.665+0000][info][gc          ] GC(556) Pause Young (Concurrent Start) (G1 Evacuation Pause) 1559M->1562M(2048M) 22.952ms
[2024-08-28T01:10:23.665+0000][info][gc,cpu      ] GC(556) User=1.02s Sys=0.01s Real=0.02s
[2024-08-28T01:10:23.665+0000][info][gc          ] GC(557) Concurrent Mark Cycle
[2024-08-28T01:10:23.665+0000][info][gc,marking  ] GC(557) Concurrent Clear Claimed Marks
[2024-08-28T01:10:23.665+0000][info][gc,marking  ] GC(557) Concurrent Clear Claimed Marks 0.011ms
[2024-08-28T01:10:23.665+0000][info][gc,marking  ] GC(557) Concurrent Scan Root Regions
[2024-08-28T01:10:23.669+0000][info][gc,marking  ] GC(557) Concurrent Scan Root Regions 3.933ms
[2024-08-28T01:10:23.669+0000][info][gc,marking  ] GC(557) Concurrent Mark
[2024-08-28T01:10:23.669+0000][info][gc,marking  ] GC(557) Concurrent Mark From Roots
[2024-08-28T01:10:23.669+0000][info][gc,task     ] GC(557) Using 17 workers of 17 for marking
[2024-08-28T01:10:23.688+0000][info][gc,marking  ] GC(557) Concurrent Mark From Roots 18.797ms
[2024-08-28T01:10:23.688+0000][info][gc,marking  ] GC(557) Concurrent Preclean
[2024-08-28T01:10:23.689+0000][info][gc,marking  ] GC(557) Concurrent Preclean 1.272ms
[2024-08-28T01:10:23.689+0000][info][gc,start    ] GC(557) Pause Remark
[2024-08-28T01:10:23.691+0000][info][gc          ] GC(557) Pause Remark 1588M->1398M(2048M) 1.958ms
[2024-08-28T01:10:23.691+0000][info][gc,cpu      ] GC(557) User=0.00s Sys=0.02s Real=0.01s
[2024-08-28T01:10:23.691+0000][info][gc,marking  ] GC(557) Concurrent Mark 22.599ms
[2024-08-28T01:10:23.691+0000][info][gc,marking  ] GC(557) Concurrent Rebuild Remembered Sets
[2024-08-28T01:10:23.740+0000][info][gc,marking  ] GC(557) Concurrent Rebuild Remembered Sets 48.576ms
[2024-08-28T01:10:23.740+0000][info][gc,start    ] GC(557) Pause Cleanup
[2024-08-28T01:10:23.743+0000][info][gc          ] GC(557) Pause Cleanup 1460M->1460M(2048M) 2.951ms
[2024-08-28T01:10:23.743+0000][info][gc,cpu      ] GC(557) User=0.02s Sys=0.00s Real=0.00s
[2024-08-28T01:10:23.743+0000][info][gc,marking  ] GC(557) Concurrent Cleanup for Next Mark
[2024-08-28T01:10:23.745+0000][info][gc,marking  ] GC(557) Concurrent Cleanup for Next Mark 1.490ms
[2024-08-28T01:10:23.745+0000][info][gc,start    ] GC(558) Pause Young (Prepare Mixed) (G1 Evacuation Pause)
[2024-08-28T01:10:23.745+0000][info][gc,task     ] GC(558) Using 49 workers of 68 for evacuation
[2024-08-28T01:10:23.763+0000][info][gc,phases   ] GC(558)   Pre Evacuate Collection Set: 0.4ms
[2024-08-28T01:10:23.763+0000][info][gc,phases   ] GC(558)   Merge Heap Roots: 1.0ms
[2024-08-28T01:10:23.763+0000][info][gc,phases   ] GC(558)   Evacuate Collection Set: 16.2ms
[2024-08-28T01:10:23.763+0000][info][gc,phases   ] GC(558)   Post Evacuate Collection Set: 0.5ms
[2024-08-28T01:10:23.763+0000][info][gc,phases   ] GC(558)   Other: 0.2ms
[2024-08-28T01:10:23.763+0000][info][gc,heap     ] GC(558) Eden regions: 88->0(88)
[2024-08-28T01:10:23.763+0000][info][gc,heap     ] GC(558) Survivor regions: 19->14(14)
[2024-08-28T01:10:23.763+0000][info][gc,heap     ] GC(558) Old regions: 1348->1449
[2024-08-28T01:10:23.763+0000][info][gc,heap     ] GC(558) Archive regions: 2->2
[2024-08-28T01:10:23.763+0000][info][gc,heap     ] GC(558) Humongous regions: 5->5
[2024-08-28T01:10:23.763+0000][info][gc,metaspace] GC(558) Metaspace: 100K(320K)->100K(320K) NonClass: 96K(192K)->96K(192K) Class: 4K(128K)->4K(128K)
[2024-08-28T01:10:23.763+0000][info][gc          ] GC(558) Pause Young (Prepare Mixed) (G1 Evacuation Pause) 1460M->1468M(2048M) 18.321ms
[2024-08-28T01:10:23.763+0000][info][gc,cpu      ] GC(558) User=0.83s Sys=0.01s Real=0.02s
[2024-08-28T01:10:23.763+0000][info][gc          ] GC(557) Concurrent Mark Cycle 98.769ms
[2024-08-28T01:10:23.806+0000][info][gc,start    ] GC(559) Pause Young (Mixed) (G1 Evacuation Pause)
[2024-08-28T01:10:23.806+0000][info][gc,task     ] GC(559) Using 49 workers of 68 for evacuation
[2024-08-28T01:10:23.823+0000][info][gc,phases   ] GC(559)   Pre Evacuate Collection Set: 0.4ms
[2024-08-28T01:10:23.823+0000][info][gc,phases   ] GC(559)   Merge Heap Roots: 0.9ms
[2024-08-28T01:10:23.823+0000][info][gc,phases   ] GC(559)   Evacuate Collection Set: 15.7ms
[2024-08-28T01:10:23.823+0000][info][gc,phases   ] GC(559)   Post Evacuate Collection Set: 0.5ms
[2024-08-28T01:10:23.823+0000][info][gc,phases   ] GC(559)   Other: 0.3ms
[2024-08-28T01:10:23.823+0000][info][gc,heap     ] GC(559) Eden regions: 88->0(89)
[2024-08-28T01:10:23.823+0000][info][gc,heap     ] GC(559) Survivor regions: 14->13(13)
[2024-08-28T01:10:23.823+0000][info][gc,heap     ] GC(559) Old regions: 1449->1420
[2024-08-28T01:10:23.824+0000][info][gc,heap     ] GC(559) Archive regions: 2->2
[2024-08-28T01:10:23.824+0000][info][gc,heap     ] GC(559) Humongous regions: 5->5
[2024-08-28T01:10:23.824+0000][info][gc,metaspace] GC(559) Metaspace: 100K(320K)->100K(320K) NonClass: 96K(192K)->96K(192K) Class: 4K(128K)->4K(128K)
[2024-08-28T01:10:23.824+0000][info][gc          ] GC(559) Pause Young (Mixed) (G1 Evacuation Pause) 1556M->1438M(2048M) 17.849ms
[2024-08-28T01:10:23.824+0000][info][gc,cpu      ] GC(559) User=0.80s Sys=0.01s Real=0.02s
[2024-08-28T01:10:23.866+0000][info][gc,start    ] GC(560) Pause Young (Mixed) (G1 Evacuation Pause)
[2024-08-28T01:10:23.866+0000][info][gc,task     ] GC(560) Using 49 workers of 68 for evacuation
[2024-08-28T01:10:23.884+0000][info][gc,phases   ] GC(560)   Pre Evacuate Collection Set: 0.4ms
[2024-08-28T01:10:23.884+0000][info][gc,phases   ] GC(560)   Merge Heap Roots: 0.8ms
[2024-08-28T01:10:23.884+0000][info][gc,phases   ] GC(560)   Evacuate Collection Set: 15.7ms
[2024-08-28T01:10:23.884+0000][info][gc,phases   ] GC(560)   Post Evacuate Collection Set: 0.5ms
[2024-08-28T01:10:23.884+0000][info][gc,phases   ] GC(560)   Other: 0.2ms
[2024-08-28T01:10:23.884+0000][info][gc,heap     ] GC(560) Eden regions: 89->0(89)
[2024-08-28T01:10:23.884+0000][info][gc,heap     ] GC(560) Survivor regions: 13->13(13)
[2024-08-28T01:10:23.884+0000][info][gc,heap     ] GC(560) Old regions: 1420->1394
[2024-08-28T01:10:23.884+0000][info][gc,heap     ] GC(560) Archive regions: 2->2
[2024-08-28T01:10:23.884+0000][info][gc,heap     ] GC(560) Humongous regions: 5->5
[2024-08-28T01:10:23.884+0000][info][gc,metaspace] GC(560) Metaspace: 100K(320K)->100K(320K) NonClass: 96K(192K)->96K(192K) Class: 4K(128K)->4K(128K)
[2024-08-28T01:10:23.884+0000][info][gc          ] GC(560) Pause Young (Mixed) (G1 Evacuation Pause) 1527M->1412M(2048M) 17.677ms
[2024-08-28T01:10:23.884+0000][info][gc,cpu      ] GC(560) User=0.79s Sys=0.01s Real=0.02s
[2024-08-28T01:10:23.927+0000][info][gc,start    ] GC(561) Pause Young (Mixed) (G1 Evacuation Pause)
[2024-08-28T01:10:23.927+0000][info][gc,task     ] GC(561) Using 49 workers of 68 for evacuation
[2024-08-28T01:10:23.944+0000][info][gc,phases   ] GC(561)   Pre Evacuate Collection Set: 0.3ms
[2024-08-28T01:10:23.944+0000][info][gc,phases   ] GC(561)   Merge Heap Roots: 0.7ms
[2024-08-28T01:10:23.945+0000][info][gc,phases   ] GC(561)   Evacuate Collection Set: 15.7ms
[2024-08-28T01:10:23.945+0000][info][gc,phases   ] GC(561)   Post Evacuate Collection Set: 0.5ms
[2024-08-28T01:10:23.945+0000][info][gc,phases   ] GC(561)   Other: 0.2ms
[2024-08-28T01:10:23.945+0000][info][gc,heap     ] GC(561) Eden regions: 89->0(89)
[2024-08-28T01:10:23.945+0000][info][gc,heap     ] GC(561) Survivor regions: 13->13(13)
[2024-08-28T01:10:23.945+0000][info][gc,heap     ] GC(561) Old regions: 1394->1365
[2024-08-28T01:10:23.945+0000][info][gc,heap     ] GC(561) Archive regions: 2->2
[2024-08-28T01:10:23.945+0000][info][gc,heap     ] GC(561) Humongous regions: 5->5
[2024-08-28T01:10:23.945+0000][info][gc,metaspace] GC(561) Metaspace: 100K(320K)->100K(320K) NonClass: 96K(192K)->96K(192K) Class: 4K(128K)->4K(128K)
[2024-08-28T01:10:23.945+0000][info][gc          ] GC(561) Pause Young (Mixed) (G1 Evacuation Pause) 1501M->1383M(2048M) 18.460ms
[2024-08-28T01:10:23.945+0000][info][gc,cpu      ] GC(561) User=0.80s Sys=0.00s Real=0.02s
[2024-08-28T01:10:23.989+0000][info][gc,start    ] GC(562) Pause Young (Mixed) (G1 Evacuation Pause)
[2024-08-28T01:10:23.989+0000][info][gc,task     ] GC(562) Using 49 workers of 68 for evacuation
[2024-08-28T01:10:24.007+0000][info][gc,phases   ] GC(562)   Pre Evacuate Collection Set: 0.3ms
[2024-08-28T01:10:24.007+0000][info][gc,phases   ] GC(562)   Merge Heap Roots: 0.8ms
[2024-08-28T01:10:24.007+0000][info][gc,phases   ] GC(562)   Evacuate Collection Set: 15.4ms
[2024-08-28T01:10:24.007+0000][info][gc,phases   ] GC(562)   Post Evacuate Collection Set: 0.5ms
[2024-08-28T01:10:24.007+0000][info][gc,phases   ] GC(562)   Other: 0.3ms
[2024-08-28T01:10:24.007+0000][info][gc,heap     ] GC(562) Eden regions: 89->0(89)
[2024-08-28T01:10:24.007+0000][info][gc,heap     ] GC(562) Survivor regions: 13->13(13)
[2024-08-28T01:10:24.007+0000][info][gc,heap     ] GC(562) Old regions: 1365->1335
[2024-08-28T01:10:24.007+0000][info][gc,heap     ] GC(562) Archive regions: 2->2
[2024-08-28T01:10:24.007+0000][info][gc,heap     ] GC(562) Humongous regions: 5->5
[2024-08-28T01:10:24.007+0000][info][gc,metaspace] GC(562) Metaspace: 100K(320K)->100K(320K) NonClass: 96K(192K)->96K(192K) Class: 4K(128K)->4K(128K)
[2024-08-28T01:10:24.007+0000][info][gc          ] GC(562) Pause Young (Mixed) (G1 Evacuation Pause) 1472M->1353M(2048M) 17.362ms
[2024-08-28T01:10:24.007+0000][info][gc,cpu      ] GC(562) User=0.78s Sys=0.01s Real=0.02s
[2024-08-28T01:10:24.050+0000][info][gc,start    ] GC(563) Pause Young (Mixed) (G1 Evacuation Pause)
[2024-08-28T01:10:24.050+0000][info][gc,task     ] GC(563) Using 49 workers of 68 for evacuation
[2024-08-28T01:10:24.067+0000][info][gc,phases   ] GC(563)   Pre Evacuate Collection Set: 0.4ms
[2024-08-28T01:10:24.067+0000][info][gc,phases   ] GC(563)   Merge Heap Roots: 0.9ms
[2024-08-28T01:10:24.067+0000][info][gc,phases   ] GC(563)   Evacuate Collection Set: 15.6ms
[2024-08-28T01:10:24.067+0000][info][gc,phases   ] GC(563)   Post Evacuate Collection Set: 0.5ms
[2024-08-28T01:10:24.067+0000][info][gc,phases   ] GC(563)   Other: 0.3ms
[2024-08-28T01:10:24.067+0000][info][gc,heap     ] GC(563) Eden regions: 89->0(89)
[2024-08-28T01:10:24.067+0000][info][gc,heap     ] GC(563) Survivor regions: 13->13(13)
[2024-08-28T01:10:24.067+0000][info][gc,heap     ] GC(563) Old regions: 1335->1306
[2024-08-28T01:10:24.067+0000][info][gc,heap     ] GC(563) Archive regions: 2->2
[2024-08-28T01:10:24.067+0000][info][gc,heap     ] GC(563) Humongous regions: 5->5
[2024-08-28T01:10:24.067+0000][info][gc,metaspace] GC(563) Metaspace: 100K(320K)->100K(320K) NonClass: 96K(192K)->96K(192K) Class: 4K(128K)->4K(128K)
[2024-08-28T01:10:24.067+0000][info][gc          ] GC(563) Pause Young (Mixed) (G1 Evacuation Pause) 1442M->1324M(2048M) 17.795ms
[2024-08-28T01:10:24.067+0000][info][gc,cpu      ] GC(563) User=0.80s Sys=0.01s Real=0.01s
[2024-08-28T01:10:24.109+0000][info][gc,start    ] GC(564) Pause Young (Mixed) (G1 Evacuation Pause)
[2024-08-28T01:10:24.109+0000][info][gc,task     ] GC(564) Using 49 workers of 68 for evacuation
[2024-08-28T01:10:24.127+0000][info][gc,phases   ] GC(564)   Pre Evacuate Collection Set: 0.3ms
[2024-08-28T01:10:24.127+0000][info][gc,phases   ] GC(564)   Merge Heap Roots: 0.9ms
[2024-08-28T01:10:24.127+0000][info][gc,phases   ] GC(564)   Evacuate Collection Set: 15.7ms
[2024-08-28T01:10:24.127+0000][info][gc,phases   ] GC(564)   Post Evacuate Collection Set: 0.5ms
[2024-08-28T01:10:24.127+0000][info][gc,phases   ] GC(564)   Other: 0.2ms
[2024-08-28T01:10:24.127+0000][info][gc,heap     ] GC(564) Eden regions: 89->0(89)
[2024-08-28T01:10:24.127+0000][info][gc,heap     ] GC(564) Survivor regions: 13->13(13)
[2024-08-28T01:10:24.127+0000][info][gc,heap     ] GC(564) Old regions: 1306->1278
[2024-08-28T01:10:24.127+0000][info][gc,heap     ] GC(564) Archive regions: 2->2
[2024-08-28T01:10:24.127+0000][info][gc,heap     ] GC(564) Humongous regions: 5->5
[2024-08-28T01:10:24.127+0000][info][gc,metaspace] GC(564) Metaspace: 100K(320K)->100K(320K) NonClass: 96K(192K)->96K(192K) Class: 4K(128K)->4K(128K)
[2024-08-28T01:10:24.127+0000][info][gc          ] GC(564) Pause Young (Mixed) (G1 Evacuation Pause) 1413M->1296M(2048M) 17.768ms
[2024-08-28T01:10:24.127+0000][info][gc,cpu      ] GC(564) User=0.80s Sys=0.00s Real=0.02s
[2024-08-28T01:10:24.170+0000][info][gc,start    ] GC(565) Pause Young (Mixed) (G1 Evacuation Pause)
[2024-08-28T01:10:24.170+0000][info][gc,task     ] GC(565) Using 49 workers of 68 for evacuation
[2024-08-28T01:10:24.188+0000][info][gc,phases   ] GC(565)   Pre Evacuate Collection Set: 0.4ms
[2024-08-28T01:10:24.188+0000][info][gc,phases   ] GC(565)   Merge Heap Roots: 0.8ms
[2024-08-28T01:10:24.188+0000][info][gc,phases   ] GC(565)   Evacuate Collection Set: 15.7ms
[2024-08-28T01:10:24.188+0000][info][gc,phases   ] GC(565)   Post Evacuate Collection Set: 0.5ms
[2024-08-28T01:10:24.188+0000][info][gc,phases   ] GC(565)   Other: 0.3ms
[2024-08-28T01:10:24.188+0000][info][gc,heap     ] GC(565) Eden regions: 89->0(169)
[2024-08-28T01:10:24.188+0000][info][gc,heap     ] GC(565) Survivor regions: 13->13(13)
[2024-08-28T01:10:24.188+0000][info][gc,heap     ] GC(565) Old regions: 1278->1294
[2024-08-28T01:10:24.188+0000][info][gc,heap     ] GC(565) Archive regions: 2->2
[2024-08-28T01:10:24.188+0000][info][gc,heap     ] GC(565) Humongous regions: 5->5
[2024-08-28T01:10:24.188+0000][info][gc,metaspace] GC(565) Metaspace: 100K(320K)->100K(320K) NonClass: 96K(192K)->96K(192K) Class: 4K(128K)->4K(128K)
[2024-08-28T01:10:24.188+0000][info][gc          ] GC(565) Pause Young (Mixed) (G1 Evacuation Pause) 1385M->1312M(2048M) 17.800ms
[2024-08-28T01:10:24.188+0000][info][gc,cpu      ] GC(565) User=0.79s Sys=0.01s Real=0.01s
[2024-08-28T01:10:24.267+0000][info][gc,start    ] GC(566) Pause Young (Normal) (G1 Evacuation Pause)
[2024-08-28T01:10:24.267+0000][info][gc,task     ] GC(566) Using 49 workers of 68 for evacuation
[2024-08-28T01:10:24.295+0000][info][gc,phases   ] GC(566)   Pre Evacuate Collection Set: 0.4ms
[2024-08-28T01:10:24.295+0000][info][gc,phases   ] GC(566)   Merge Heap Roots: 1.0ms
[2024-08-28T01:10:24.295+0000][info][gc,phases   ] GC(566)   Evacuate Collection Set: 25.8ms
[2024-08-28T01:10:24.295+0000][info][gc,phases   ] GC(566)   Post Evacuate Collection Set: 0.5ms
[2024-08-28T01:10:24.295+0000][info][gc,phases   ] GC(566)   Other: 0.2ms
[2024-08-28T01:10:24.295+0000][info][gc,heap     ] GC(566) Eden regions: 169->0(114)
[2024-08-28T01:10:24.295+0000][info][gc,heap     ] GC(566) Survivor regions: 13->23(23)
[2024-08-28T01:10:24.295+0000][info][gc,heap     ] GC(566) Old regions: 1294->1453
[2024-08-28T01:10:24.295+0000][info][gc,heap     ] GC(566) Archive regions: 2->2
[2024-08-28T01:10:24.295+0000][info][gc,heap     ] GC(566) Humongous regions: 5->5
[2024-08-28T01:10:24.295+0000][info][gc,metaspace] GC(566) Metaspace: 100K(320K)->100K(320K) NonClass: 96K(192K)->96K(192K) Class: 4K(128K)->4K(128K)
[2024-08-28T01:10:24.295+0000][info][gc          ] GC(566) Pause Young (Normal) (G1 Evacuation Pause) 1481M->1481M(2048M) 28.047ms
[2024-08-28T01:10:24.295+0000][info][gc,cpu      ] GC(566) User=1.30s Sys=0.00s Real=0.03s
[2024-08-28T01:10:24.350+0000][info][gc,start    ] GC(567) Pause Young (Concurrent Start) (G1 Evacuation Pause)
[2024-08-28T01:10:24.351+0000][info][gc,task     ] GC(567) Using 49 workers of 68 for evacuation
[2024-08-28T01:10:24.373+0000][info][gc,phases   ] GC(567)   Pre Evacuate Collection Set: 0.4ms
[2024-08-28T01:10:24.374+0000][info][gc,phases   ] GC(567)   Merge Heap Roots: 0.5ms
[2024-08-28T01:10:24.374+0000][info][gc,phases   ] GC(567)   Evacuate Collection Set: 21.0ms
[2024-08-28T01:10:24.374+0000][info][gc,phases   ] GC(567)   Post Evacuate Collection Set: 0.5ms
[2024-08-28T01:10:24.374+0000][info][gc,phases   ] GC(567)   Other: 0.7ms
[2024-08-28T01:10:24.374+0000][info][gc,heap     ] GC(567) Eden regions: 114->0(84)
[2024-08-28T01:10:24.374+0000][info][gc,heap     ] GC(567) Survivor regions: 23->18(18)
[2024-08-28T01:10:24.374+0000][info][gc,heap     ] GC(567) Old regions: 1453->1579
[2024-08-28T01:10:24.374+0000][info][gc,heap     ] GC(567) Archive regions: 2->2
[2024-08-28T01:10:24.374+0000][info][gc,heap     ] GC(567) Humongous regions: 5->5
[2024-08-28T01:10:24.374+0000][info][gc,metaspace] GC(567) Metaspace: 100K(320K)->100K(320K) NonClass: 96K(192K)->96K(192K) Class: 4K(128K)->4K(128K)
[2024-08-28T01:10:24.374+0000][info][gc          ] GC(567) Pause Young (Concurrent Start) (G1 Evacuation Pause) 1595M->1602M(2048M) 23.166ms
[2024-08-28T01:10:24.374+0000][info][gc,cpu      ] GC(567) User=1.04s Sys=0.00s Real=0.02s
[2024-08-28T01:10:24.374+0000][info][gc          ] GC(568) Concurrent Mark Cycle
[2024-08-28T01:10:24.374+0000][info][gc,marking  ] GC(568) Concurrent Clear Claimed Marks
[2024-08-28T01:10:24.374+0000][info][gc,marking  ] GC(568) Concurrent Clear Claimed Marks 0.011ms
[2024-08-28T01:10:24.374+0000][info][gc,marking  ] GC(568) Concurrent Scan Root Regions
[2024-08-28T01:10:24.377+0000][info][gc,marking  ] GC(568) Concurrent Scan Root Regions 3.636ms
[2024-08-28T01:10:24.377+0000][info][gc,marking  ] GC(568) Concurrent Mark
[2024-08-28T01:10:24.377+0000][info][gc,marking  ] GC(568) Concurrent Mark From Roots
[2024-08-28T01:10:24.377+0000][info][gc,task     ] GC(568) Using 17 workers of 17 for marking
[2024-08-28T01:10:24.396+0000][info][gc,marking  ] GC(568) Concurrent Mark From Roots 18.978ms
[2024-08-28T01:10:24.396+0000][info][gc,marking  ] GC(568) Concurrent Preclean
[2024-08-28T01:10:24.398+0000][info][gc,marking  ] GC(568) Concurrent Preclean 1.291ms
[2024-08-28T01:10:24.398+0000][info][gc,start    ] GC(568) Pause Remark
[2024-08-28T01:10:24.400+0000][info][gc          ] GC(568) Pause Remark 1627M->1406M(2048M) 2.010ms
[2024-08-28T01:10:24.400+0000][info][gc,cpu      ] GC(568) User=0.01s Sys=0.00s Real=0.00s
[2024-08-28T01:10:24.400+0000][info][gc,marking  ] GC(568) Concurrent Mark 22.717ms
[2024-08-28T01:10:24.400+0000][info][gc,marking  ] GC(568) Concurrent Rebuild Remembered Sets
[2024-08-28T01:10:24.446+0000][info][gc,start    ] GC(569) Pause Young (Normal) (G1 Evacuation Pause)
[2024-08-28T01:10:24.446+0000][info][gc,task     ] GC(569) Using 49 workers of 68 for evacuation
[2024-08-28T01:10:24.464+0000][info][gc,phases   ] GC(569)   Pre Evacuate Collection Set: 0.4ms
[2024-08-28T01:10:24.464+0000][info][gc,phases   ] GC(569)   Merge Heap Roots: 0.9ms
[2024-08-28T01:10:24.464+0000][info][gc,phases   ] GC(569)   Evacuate Collection Set: 15.4ms
[2024-08-28T01:10:24.464+0000][info][gc,phases   ] GC(569)   Post Evacuate Collection Set: 0.8ms
[2024-08-28T01:10:24.464+0000][info][gc,phases   ] GC(569)   Other: 0.3ms
[2024-08-28T01:10:24.464+0000][info][gc,heap     ] GC(569) Eden regions: 84->0(117)
[2024-08-28T01:10:24.464+0000][info][gc,heap     ] GC(569) Survivor regions: 18->13(13)
[2024-08-28T01:10:24.464+0000][info][gc,heap     ] GC(569) Old regions: 1358->1455
[2024-08-28T01:10:24.464+0000][info][gc,heap     ] GC(569) Archive regions: 2->2
[2024-08-28T01:10:24.464+0000][info][gc,heap     ] GC(569) Humongous regions: 5->5
[2024-08-28T01:10:24.464+0000][info][gc,metaspace] GC(569) Metaspace: 100K(320K)->100K(320K) NonClass: 96K(192K)->96K(192K) Class: 4K(128K)->4K(128K)
[2024-08-28T01:10:24.464+0000][info][gc          ] GC(569) Pause Young (Normal) (G1 Evacuation Pause) 1465M->1473M(2048M) 17.825ms
[2024-08-28T01:10:24.464+0000][info][gc,cpu      ] GC(569) User=0.80s Sys=0.01s Real=0.02s
[2024-08-28T01:10:24.466+0000][info][gc,marking  ] GC(568) Concurrent Rebuild Remembered Sets 65.375ms
[2024-08-28T01:10:24.466+0000][info][gc,start    ] GC(568) Pause Cleanup
[2024-08-28T01:10:24.469+0000][info][gc          ] GC(568) Pause Cleanup 1475M->1475M(2048M) 2.742ms
[2024-08-28T01:10:24.469+0000][info][gc,cpu      ] GC(568) User=0.01s Sys=0.00s Real=0.00s
[2024-08-28T01:10:24.469+0000][info][gc,marking  ] GC(568) Concurrent Cleanup for Next Mark
[2024-08-28T01:10:24.470+0000][info][gc,marking  ] GC(568) Concurrent Cleanup for Next Mark 1.209ms
[2024-08-28T01:10:24.470+0000][info][gc          ] GC(568) Concurrent Mark Cycle 96.154ms
[2024-08-28T01:10:24.527+0000][info][gc,start    ] GC(570) Pause Young (Prepare Mixed) (G1 Evacuation Pause)
[2024-08-28T01:10:24.527+0000][info][gc,task     ] GC(570) Using 49 workers of 68 for evacuation
[2024-08-28T01:10:24.553+0000][info][gc,phases   ] GC(570)   Pre Evacuate Collection Set: 0.3ms
[2024-08-28T01:10:24.553+0000][info][gc,phases   ] GC(570)   Merge Heap Roots: 1.3ms
[2024-08-28T01:10:24.553+0000][info][gc,phases   ] GC(570)   Evacuate Collection Set: 24.0ms
[2024-08-28T01:10:24.553+0000][info][gc,phases   ] GC(570)   Post Evacuate Collection Set: 0.5ms
[2024-08-28T01:10:24.553+0000][info][gc,phases   ] GC(570)   Other: 0.2ms
[2024-08-28T01:10:24.554+0000][info][gc,heap     ] GC(570) Eden regions: 117->0(85)
[2024-08-28T01:10:24.554+0000][info][gc,heap     ] GC(570) Survivor regions: 13->17(17)
[2024-08-28T01:10:24.554+0000][info][gc,heap     ] GC(570) Old regions: 1455->1572
[2024-08-28T01:10:24.554+0000][info][gc,heap     ] GC(570) Archive regions: 2->2
[2024-08-28T01:10:24.554+0000][info][gc,heap     ] GC(570) Humongous regions: 5->5
[2024-08-28T01:10:24.554+0000][info][gc,metaspace] GC(570) Metaspace: 100K(320K)->100K(320K) NonClass: 96K(192K)->96K(192K) Class: 4K(128K)->4K(128K)
[2024-08-28T01:10:24.554+0000][info][gc          ] GC(570) Pause Young (Prepare Mixed) (G1 Evacuation Pause) 1590M->1594M(2048M) 26.407ms
[2024-08-28T01:10:24.554+0000][info][gc,cpu      ] GC(570) User=1.23s Sys=0.00s Real=0.03s
[2024-08-28T01:10:24.596+0000][info][gc,start    ] GC(571) Pause Young (Mixed) (G1 Evacuation Pause)
[2024-08-28T01:10:24.596+0000][info][gc,task     ] GC(571) Using 49 workers of 68 for evacuation
[2024-08-28T01:10:24.613+0000][info][gc,phases   ] GC(571)   Pre Evacuate Collection Set: 0.4ms
[2024-08-28T01:10:24.613+0000][info][gc,phases   ] GC(571)   Merge Heap Roots: 0.5ms
[2024-08-28T01:10:24.613+0000][info][gc,phases   ] GC(571)   Evacuate Collection Set: 16.0ms
[2024-08-28T01:10:24.613+0000][info][gc,phases   ] GC(571)   Post Evacuate Collection Set: 0.5ms
[2024-08-28T01:10:24.613+0000][info][gc,phases   ] GC(571)   Other: 0.2ms
[2024-08-28T01:10:24.613+0000][info][gc,heap     ] GC(571) Eden regions: 85->0(89)
[2024-08-28T01:10:24.613+0000][info][gc,heap     ] GC(571) Survivor regions: 17->13(13)
[2024-08-28T01:10:24.613+0000][info][gc,heap     ] GC(571) Old regions: 1572->1543
[2024-08-28T01:10:24.613+0000][info][gc,heap     ] GC(571) Archive regions: 2->2
[2024-08-28T01:10:24.613+0000][info][gc,heap     ] GC(571) Humongous regions: 5->5
[2024-08-28T01:10:24.613+0000][info][gc,metaspace] GC(571) Metaspace: 100K(320K)->100K(320K) NonClass: 96K(192K)->96K(192K) Class: 4K(128K)->4K(128K)
[2024-08-28T01:10:24.613+0000][info][gc          ] GC(571) Pause Young (Mixed) (G1 Evacuation Pause) 1679M->1561M(2048M) 17.714ms
[2024-08-28T01:10:24.613+0000][info][gc,cpu      ] GC(571) User=0.80s Sys=0.00s Real=0.02s
[2024-08-28T01:10:24.658+0000][info][gc,start    ] GC(572) Pause Young (Mixed) (G1 Evacuation Pause)
[2024-08-28T01:10:24.658+0000][info][gc,task     ] GC(572) Using 49 workers of 68 for evacuation
[2024-08-28T01:10:24.676+0000][info][gc,phases   ] GC(572)   Pre Evacuate Collection Set: 0.4ms
[2024-08-28T01:10:24.676+0000][info][gc,phases   ] GC(572)   Merge Heap Roots: 0.8ms
[2024-08-28T01:10:24.676+0000][info][gc,phases   ] GC(572)   Evacuate Collection Set: 15.9ms
[2024-08-28T01:10:24.676+0000][info][gc,phases   ] GC(572)   Post Evacuate Collection Set: 0.6ms
[2024-08-28T01:10:24.676+0000][info][gc,phases   ] GC(572)   Other: 0.2ms
[2024-08-28T01:10:24.676+0000][info][gc,heap     ] GC(572) Eden regions: 89->0(89)
[2024-08-28T01:10:24.676+0000][info][gc,heap     ] GC(572) Survivor regions: 13->13(13)
[2024-08-28T01:10:24.676+0000][info][gc,heap     ] GC(572) Old regions: 1543->1514
[2024-08-28T01:10:24.676+0000][info][gc,heap     ] GC(572) Archive regions: 2->2
[2024-08-28T01:10:24.676+0000][info][gc,heap     ] GC(572) Humongous regions: 5->5
[2024-08-28T01:10:24.676+0000][info][gc,metaspace] GC(572) Metaspace: 100K(320K)->100K(320K) NonClass: 96K(192K)->96K(192K) Class: 4K(128K)->4K(128K)
[2024-08-28T01:10:24.676+0000][info][gc          ] GC(572) Pause Young (Mixed) (G1 Evacuation Pause) 1650M->1532M(2048M) 17.968ms
[2024-08-28T01:10:24.676+0000][info][gc,cpu      ] GC(572) User=0.81s Sys=0.00s Real=0.01s
[2024-08-28T01:10:24.719+0000][info][gc,start    ] GC(573) Pause Young (Mixed) (G1 Evacuation Pause)
[2024-08-28T01:10:24.719+0000][info][gc,task     ] GC(573) Using 49 workers of 68 for evacuation
[2024-08-28T01:10:24.737+0000][info][gc,phases   ] GC(573)   Pre Evacuate Collection Set: 0.4ms
[2024-08-28T01:10:24.737+0000][info][gc,phases   ] GC(573)   Merge Heap Roots: 0.5ms
[2024-08-28T01:10:24.737+0000][info][gc,phases   ] GC(573)   Evacuate Collection Set: 15.6ms
[2024-08-28T01:10:24.737+0000][info][gc,phases   ] GC(573)   Post Evacuate Collection Set: 0.5ms
[2024-08-28T01:10:24.737+0000][info][gc,phases   ] GC(573)   Other: 0.2ms
[2024-08-28T01:10:24.737+0000][info][gc,heap     ] GC(573) Eden regions: 89->0(89)
[2024-08-28T01:10:24.737+0000][info][gc,heap     ] GC(573) Survivor regions: 13->13(13)
[2024-08-28T01:10:24.737+0000][info][gc,heap     ] GC(573) Old regions: 1514->1486
[2024-08-28T01:10:24.737+0000][info][gc,heap     ] GC(573) Archive regions: 2->2
[2024-08-28T01:10:24.737+0000][info][gc,heap     ] GC(573) Humongous regions: 5->5
[2024-08-28T01:10:24.737+0000][info][gc,metaspace] GC(573) Metaspace: 100K(320K)->100K(320K) NonClass: 96K(192K)->96K(192K) Class: 4K(128K)->4K(128K)
[2024-08-28T01:10:24.737+0000][info][gc          ] GC(573) Pause Young (Mixed) (G1 Evacuation Pause) 1621M->1504M(2048M) 17.348ms
[2024-08-28T01:10:24.737+0000][info][gc,cpu      ] GC(573) User=0.78s Sys=0.00s Real=0.01s
[2024-08-28T01:10:24.780+0000][info][gc,start    ] GC(574) Pause Young (Mixed) (G1 Evacuation Pause)
[2024-08-28T01:10:24.780+0000][info][gc,task     ] GC(574) Using 49 workers of 68 for evacuation
[2024-08-28T01:10:24.797+0000][info][gc,phases   ] GC(574)   Pre Evacuate Collection Set: 0.3ms
[2024-08-28T01:10:24.797+0000][info][gc,phases   ] GC(574)   Merge Heap Roots: 0.8ms
[2024-08-28T01:10:24.797+0000][info][gc,phases   ] GC(574)   Evacuate Collection Set: 15.5ms
[2024-08-28T01:10:24.797+0000][info][gc,phases   ] GC(574)   Post Evacuate Collection Set: 0.6ms
[2024-08-28T01:10:24.797+0000][info][gc,phases   ] GC(574)   Other: 0.2ms
[2024-08-28T01:10:24.797+0000][info][gc,heap     ] GC(574) Eden regions: 89->0(89)
[2024-08-28T01:10:24.797+0000][info][gc,heap     ] GC(574) Survivor regions: 13->13(13)
[2024-08-28T01:10:24.797+0000][info][gc,heap     ] GC(574) Old regions: 1486->1457
[2024-08-28T01:10:24.797+0000][info][gc,heap     ] GC(574) Archive regions: 2->2
[2024-08-28T01:10:24.797+0000][info][gc,heap     ] GC(574) Humongous regions: 5->5
[2024-08-28T01:10:24.797+0000][info][gc,metaspace] GC(574) Metaspace: 100K(320K)->100K(320K) NonClass: 96K(192K)->96K(192K) Class: 4K(128K)->4K(128K)
[2024-08-28T01:10:24.797+0000][info][gc          ] GC(574) Pause Young (Mixed) (G1 Evacuation Pause) 1593M->1475M(2048M) 17.523ms
[2024-08-28T01:10:24.797+0000][info][gc,cpu      ] GC(574) User=0.80s Sys=0.00s Real=0.01s
[2024-08-28T01:10:24.839+0000][info][gc,start    ] GC(575) Pause Young (Mixed) (G1 Evacuation Pause)
[2024-08-28T01:10:24.839+0000][info][gc,task     ] GC(575) Using 49 workers of 68 for evacuation
[2024-08-28T01:10:24.856+0000][info][gc,phases   ] GC(575)   Pre Evacuate Collection Set: 0.4ms
[2024-08-28T01:10:24.856+0000][info][gc,phases   ] GC(575)   Merge Heap Roots: 0.5ms
[2024-08-28T01:10:24.856+0000][info][gc,phases   ] GC(575)   Evacuate Collection Set: 15.6ms
[2024-08-28T01:10:24.856+0000][info][gc,phases   ] GC(575)   Post Evacuate Collection Set: 0.6ms
[2024-08-28T01:10:24.856+0000][info][gc,phases   ] GC(575)   Other: 0.2ms
[2024-08-28T01:10:24.856+0000][info][gc,heap     ] GC(575) Eden regions: 89->0(89)
[2024-08-28T01:10:24.856+0000][info][gc,heap     ] GC(575) Survivor regions: 13->13(13)
[2024-08-28T01:10:24.856+0000][info][gc,heap     ] GC(575) Old regions: 1457->1427
[2024-08-28T01:10:24.856+0000][info][gc,heap     ] GC(575) Archive regions: 2->2
[2024-08-28T01:10:24.856+0000][info][gc,heap     ] GC(575) Humongous regions: 5->5
[2024-08-28T01:10:24.856+0000][info][gc,metaspace] GC(575) Metaspace: 100K(320K)->100K(320K) NonClass: 96K(192K)->96K(192K) Class: 4K(128K)->4K(128K)
[2024-08-28T01:10:24.856+0000][info][gc          ] GC(575) Pause Young (Mixed) (G1 Evacuation Pause) 1564M->1445M(2048M) 17.346ms
[2024-08-28T01:10:24.856+0000][info][gc,cpu      ] GC(575) User=0.79s Sys=0.00s Real=0.01s
[2024-08-28T01:10:24.901+0000][info][gc,start    ] GC(576) Pause Young (Mixed) (G1 Evacuation Pause)
[2024-08-28T01:10:24.901+0000][info][gc,task     ] GC(576) Using 49 workers of 68 for evacuation
[2024-08-28T01:10:24.918+0000][info][gc,phases   ] GC(576)   Pre Evacuate Collection Set: 0.4ms
[2024-08-28T01:10:24.918+0000][info][gc,phases   ] GC(576)   Merge Heap Roots: 0.9ms
[2024-08-28T01:10:24.918+0000][info][gc,phases   ] GC(576)   Evacuate Collection Set: 15.7ms
[2024-08-28T01:10:24.918+0000][info][gc,phases   ] GC(576)   Post Evacuate Collection Set: 0.5ms
[2024-08-28T01:10:24.918+0000][info][gc,phases   ] GC(576)   Other: 0.2ms
[2024-08-28T01:10:24.918+0000][info][gc,heap     ] GC(576) Eden regions: 89->0(89)
[2024-08-28T01:10:24.918+0000][info][gc,heap     ] GC(576) Survivor regions: 13->13(13)
[2024-08-28T01:10:24.918+0000][info][gc,heap     ] GC(576) Old regions: 1427->1397
[2024-08-28T01:10:24.919+0000][info][gc,heap     ] GC(576) Archive regions: 2->2
[2024-08-28T01:10:24.919+0000][info][gc,heap     ] GC(576) Humongous regions: 5->5
[2024-08-28T01:10:24.919+0000][info][gc,metaspace] GC(576) Metaspace: 100K(320K)->100K(320K) NonClass: 96K(192K)->96K(192K) Class: 4K(128K)->4K(128K)
[2024-08-28T01:10:24.919+0000][info][gc          ] GC(576) Pause Young (Mixed) (G1 Evacuation Pause) 1534M->1415M(2048M) 17.866ms
[2024-08-28T01:10:24.919+0000][info][gc,cpu      ] GC(576) User=0.81s Sys=0.00s Real=0.02s
[2024-08-28T01:10:24.962+0000][info][gc,start    ] GC(577) Pause Young (Mixed) (G1 Evacuation Pause)
[2024-08-28T01:10:24.962+0000][info][gc,task     ] GC(577) Using 49 workers of 68 for evacuation
[2024-08-28T01:10:24.979+0000][info][gc,phases   ] GC(577)   Pre Evacuate Collection Set: 0.3ms
[2024-08-28T01:10:24.979+0000][info][gc,phases   ] GC(577)   Merge Heap Roots: 0.5ms
[2024-08-28T01:10:24.979+0000][info][gc,phases   ] GC(577)   Evacuate Collection Set: 15.8ms
[2024-08-28T01:10:24.979+0000][info][gc,phases   ] GC(577)   Post Evacuate Collection Set: 0.5ms
[2024-08-28T01:10:24.979+0000][info][gc,phases   ] GC(577)   Other: 0.2ms
[2024-08-28T01:10:24.979+0000][info][gc,heap     ] GC(577) Eden regions: 89->0(133)
[2024-08-28T01:10:24.979+0000][info][gc,heap     ] GC(577) Survivor regions: 13->13(13)
[2024-08-28T01:10:24.979+0000][info][gc,heap     ] GC(577) Old regions: 1397->1406
[2024-08-28T01:10:24.979+0000][info][gc,heap     ] GC(577) Archive regions: 2->2
[2024-08-28T01:10:24.979+0000][info][gc,heap     ] GC(577) Humongous regions: 5->5
[2024-08-28T01:10:24.979+0000][info][gc,metaspace] GC(577) Metaspace: 100K(320K)->100K(320K) NonClass: 96K(192K)->96K(192K) Class: 4K(128K)->4K(128K)
[2024-08-28T01:10:24.979+0000][info][gc          ] GC(577) Pause Young (Mixed) (G1 Evacuation Pause) 1504M->1424M(2048M) 17.392ms
[2024-08-28T01:10:24.979+0000][info][gc,cpu      ] GC(577) User=0.79s Sys=0.00s Real=0.02s
[2024-08-28T01:10:25.043+0000][info][gc,start    ] GC(578) Pause Young (Concurrent Start) (G1 Evacuation Pause)
[2024-08-28T01:10:25.043+0000][info][gc,task     ] GC(578) Using 49 workers of 68 for evacuation
[2024-08-28T01:10:25.066+0000][info][gc,phases   ] GC(578)   Pre Evacuate Collection Set: 0.4ms
[2024-08-28T01:10:25.066+0000][info][gc,phases   ] GC(578)   Merge Heap Roots: 0.6ms
[2024-08-28T01:10:25.066+0000][info][gc,phases   ] GC(578)   Evacuate Collection Set: 21.0ms
[2024-08-28T01:10:25.066+0000][info][gc,phases   ] GC(578)   Post Evacuate Collection Set: 0.5ms
[2024-08-28T01:10:25.066+0000][info][gc,phases   ] GC(578)   Other: 0.7ms
[2024-08-28T01:10:25.066+0000][info][gc,heap     ] GC(578) Eden regions: 133->0(90)
[2024-08-28T01:10:25.066+0000][info][gc,heap     ] GC(578) Survivor regions: 13->19(19)
[2024-08-28T01:10:25.066+0000][info][gc,heap     ] GC(578) Old regions: 1406->1534
[2024-08-28T01:10:25.066+0000][info][gc,heap     ] GC(578) Archive regions: 2->2
[2024-08-28T01:10:25.066+0000][info][gc,heap     ] GC(578) Humongous regions: 5->5
[2024-08-28T01:10:25.066+0000][info][gc,metaspace] GC(578) Metaspace: 100K(320K)->100K(320K) NonClass: 96K(192K)->96K(192K) Class: 4K(128K)->4K(128K)
[2024-08-28T01:10:25.066+0000][info][gc          ] GC(578) Pause Young (Concurrent Start) (G1 Evacuation Pause) 1557M->1558M(2048M) 23.296ms
[2024-08-28T01:10:25.066+0000][info][gc,cpu      ] GC(578) User=1.04s Sys=0.01s Real=0.02s
[2024-08-28T01:10:25.066+0000][info][gc          ] GC(579) Concurrent Mark Cycle
[2024-08-28T01:10:25.066+0000][info][gc,marking  ] GC(579) Concurrent Clear Claimed Marks
[2024-08-28T01:10:25.066+0000][info][gc,marking  ] GC(579) Concurrent Clear Claimed Marks 0.012ms
[2024-08-28T01:10:25.067+0000][info][gc,marking  ] GC(579) Concurrent Scan Root Regions
[2024-08-28T01:10:25.070+0000][info][gc,marking  ] GC(579) Concurrent Scan Root Regions 3.714ms
[2024-08-28T01:10:25.070+0000][info][gc,marking  ] GC(579) Concurrent Mark
[2024-08-28T01:10:25.070+0000][info][gc,marking  ] GC(579) Concurrent Mark From Roots
[2024-08-28T01:10:25.070+0000][info][gc,task     ] GC(579) Using 17 workers of 17 for marking
[2024-08-28T01:10:25.090+0000][info][gc,marking  ] GC(579) Concurrent Mark From Roots 19.390ms
[2024-08-28T01:10:25.090+0000][info][gc,marking  ] GC(579) Concurrent Preclean
[2024-08-28T01:10:25.090+0000][info][gc,marking  ] GC(579) Concurrent Preclean 0.653ms
[2024-08-28T01:10:25.091+0000][info][gc,start    ] GC(579) Pause Remark
[2024-08-28T01:10:25.093+0000][info][gc          ] GC(579) Pause Remark 1583M->1388M(2048M) 2.017ms
[2024-08-28T01:10:25.093+0000][info][gc,cpu      ] GC(579) User=0.02s Sys=0.00s Real=0.00s
[2024-08-28T01:10:25.093+0000][info][gc,marking  ] GC(579) Concurrent Mark 22.490ms
[2024-08-28T01:10:25.093+0000][info][gc,marking  ] GC(579) Concurrent Rebuild Remembered Sets
[2024-08-28T01:10:25.142+0000][info][gc,marking  ] GC(579) Concurrent Rebuild Remembered Sets 49.179ms
[2024-08-28T01:10:25.142+0000][info][gc,start    ] GC(579) Pause Cleanup
[2024-08-28T01:10:25.145+0000][info][gc          ] GC(579) Pause Cleanup 1451M->1451M(2048M) 3.093ms
[2024-08-28T01:10:25.146+0000][info][gc,cpu      ] GC(579) User=0.01s Sys=0.00s Real=0.00s
[2024-08-28T01:10:25.146+0000][info][gc,marking  ] GC(579) Concurrent Cleanup for Next Mark
[2024-08-28T01:10:25.147+0000][info][gc,marking  ] GC(579) Concurrent Cleanup for Next Mark 1.402ms
[2024-08-28T01:10:25.147+0000][info][gc          ] GC(579) Concurrent Mark Cycle 80.764ms
[2024-08-28T01:10:25.149+0000][info][gc,start    ] GC(580) Pause Young (Prepare Mixed) (G1 Evacuation Pause)
[2024-08-28T01:10:25.149+0000][info][gc,task     ] GC(580) Using 49 workers of 68 for evacuation
[2024-08-28T01:10:25.167+0000][info][gc,phases   ] GC(580)   Pre Evacuate Collection Set: 0.4ms
[2024-08-28T01:10:25.167+0000][info][gc,phases   ] GC(580)   Merge Heap Roots: 1.0ms
[2024-08-28T01:10:25.167+0000][info][gc,phases   ] GC(580)   Evacuate Collection Set: 16.5ms
[2024-08-28T01:10:25.167+0000][info][gc,phases   ] GC(580)   Post Evacuate Collection Set: 0.5ms
[2024-08-28T01:10:25.167+0000][info][gc,phases   ] GC(580)   Other: 0.2ms
[2024-08-28T01:10:25.167+0000][info][gc,heap     ] GC(580) Eden regions: 90->0(88)
[2024-08-28T01:10:25.167+0000][info][gc,heap     ] GC(580) Survivor regions: 19->14(14)
[2024-08-28T01:10:25.167+0000][info][gc,heap     ] GC(580) Old regions: 1339->1441
[2024-08-28T01:10:25.167+0000][info][gc,heap     ] GC(580) Archive regions: 2->2
[2024-08-28T01:10:25.167+0000][info][gc,heap     ] GC(580) Humongous regions: 5->5
[2024-08-28T01:10:25.167+0000][info][gc,metaspace] GC(580) Metaspace: 100K(320K)->100K(320K) NonClass: 96K(192K)->96K(192K) Class: 4K(128K)->4K(128K)
[2024-08-28T01:10:25.167+0000][info][gc          ] GC(580) Pause Young (Prepare Mixed) (G1 Evacuation Pause) 1453M->1460M(2048M) 18.689ms
[2024-08-28T01:10:25.167+0000][info][gc,cpu      ] GC(580) User=0.85s Sys=0.00s Real=0.02s
[2024-08-28T01:10:25.210+0000][info][gc,start    ] GC(581) Pause Young (Mixed) (G1 Evacuation Pause)
[2024-08-28T01:10:25.210+0000][info][gc,task     ] GC(581) Using 49 workers of 68 for evacuation
[2024-08-28T01:10:25.227+0000][info][gc,phases   ] GC(581)   Pre Evacuate Collection Set: 0.4ms
[2024-08-28T01:10:25.227+0000][info][gc,phases   ] GC(581)   Merge Heap Roots: 0.8ms
[2024-08-28T01:10:25.227+0000][info][gc,phases   ] GC(581)   Evacuate Collection Set: 15.8ms
[2024-08-28T01:10:25.227+0000][info][gc,phases   ] GC(581)   Post Evacuate Collection Set: 0.6ms
[2024-08-28T01:10:25.227+0000][info][gc,phases   ] GC(581)   Other: 0.3ms
[2024-08-28T01:10:25.227+0000][info][gc,heap     ] GC(581) Eden regions: 88->0(89)
[2024-08-28T01:10:25.227+0000][info][gc,heap     ] GC(581) Survivor regions: 14->13(13)
[2024-08-28T01:10:25.227+0000][info][gc,heap     ] GC(581) Old regions: 1441->1412
[2024-08-28T01:10:25.227+0000][info][gc,heap     ] GC(581) Archive regions: 2->2
[2024-08-28T01:10:25.227+0000][info][gc,heap     ] GC(581) Humongous regions: 5->5
[2024-08-28T01:10:25.227+0000][info][gc,metaspace] GC(581) Metaspace: 100K(320K)->100K(320K) NonClass: 96K(192K)->96K(192K) Class: 4K(128K)->4K(128K)
[2024-08-28T01:10:25.228+0000][info][gc          ] GC(581) Pause Young (Mixed) (G1 Evacuation Pause) 1548M->1430M(2048M) 17.909ms
[2024-08-28T01:10:25.228+0000][info][gc,cpu      ] GC(581) User=0.80s Sys=0.00s Real=0.01s
[2024-08-28T01:10:25.271+0000][info][gc,start    ] GC(582) Pause Young (Mixed) (G1 Evacuation Pause)
[2024-08-28T01:10:25.271+0000][info][gc,task     ] GC(582) Using 49 workers of 68 for evacuation
[2024-08-28T01:10:25.288+0000][info][gc,phases   ] GC(582)   Pre Evacuate Collection Set: 0.4ms
[2024-08-28T01:10:25.288+0000][info][gc,phases   ] GC(582)   Merge Heap Roots: 0.8ms
[2024-08-28T01:10:25.288+0000][info][gc,phases   ] GC(582)   Evacuate Collection Set: 15.5ms
[2024-08-28T01:10:25.288+0000][info][gc,phases   ] GC(582)   Post Evacuate Collection Set: 0.6ms
[2024-08-28T01:10:25.288+0000][info][gc,phases   ] GC(582)   Other: 0.2ms
[2024-08-28T01:10:25.288+0000][info][gc,heap     ] GC(582) Eden regions: 89->0(89)
[2024-08-28T01:10:25.288+0000][info][gc,heap     ] GC(582) Survivor regions: 13->13(13)
[2024-08-28T01:10:25.288+0000][info][gc,heap     ] GC(582) Old regions: 1412->1382
[2024-08-28T01:10:25.288+0000][info][gc,heap     ] GC(582) Archive regions: 2->2
[2024-08-28T01:10:25.288+0000][info][gc,heap     ] GC(582) Humongous regions: 5->5
[2024-08-28T01:10:25.288+0000][info][gc,metaspace] GC(582) Metaspace: 100K(320K)->100K(320K) NonClass: 96K(192K)->96K(192K) Class: 4K(128K)->4K(128K)
[2024-08-28T01:10:25.288+0000][info][gc          ] GC(582) Pause Young (Mixed) (G1 Evacuation Pause) 1519M->1400M(2048M) 17.581ms
[2024-08-28T01:10:25.288+0000][info][gc,cpu      ] GC(582) User=0.79s Sys=0.00s Real=0.01s
[2024-08-28T01:10:25.331+0000][info][gc,start    ] GC(583) Pause Young (Mixed) (G1 Evacuation Pause)
[2024-08-28T01:10:25.331+0000][info][gc,task     ] GC(583) Using 49 workers of 68 for evacuation
[2024-08-28T01:10:25.349+0000][info][gc,phases   ] GC(583)   Pre Evacuate Collection Set: 0.4ms
[2024-08-28T01:10:25.349+0000][info][gc,phases   ] GC(583)   Merge Heap Roots: 0.8ms
[2024-08-28T01:10:25.349+0000][info][gc,phases   ] GC(583)   Evacuate Collection Set: 15.7ms
[2024-08-28T01:10:25.349+0000][info][gc,phases   ] GC(583)   Post Evacuate Collection Set: 0.5ms
[2024-08-28T01:10:25.349+0000][info][gc,phases   ] GC(583)   Other: 0.2ms
[2024-08-28T01:10:25.349+0000][info][gc,heap     ] GC(583) Eden regions: 89->0(89)
[2024-08-28T01:10:25.349+0000][info][gc,heap     ] GC(583) Survivor regions: 13->13(13)
[2024-08-28T01:10:25.349+0000][info][gc,heap     ] GC(583) Old regions: 1382->1353
[2024-08-28T01:10:25.349+0000][info][gc,heap     ] GC(583) Archive regions: 2->2
[2024-08-28T01:10:25.349+0000][info][gc,heap     ] GC(583) Humongous regions: 5->5
[2024-08-28T01:10:25.349+0000][info][gc,metaspace] GC(583) Metaspace: 100K(320K)->100K(320K) NonClass: 96K(192K)->96K(192K) Class: 4K(128K)->4K(128K)
[2024-08-28T01:10:25.349+0000][info][gc          ] GC(583) Pause Young (Mixed) (G1 Evacuation Pause) 1489M->1371M(2048M) 17.674ms
[2024-08-28T01:10:25.349+0000][info][gc,cpu      ] GC(583) User=0.80s Sys=0.00s Real=0.01s
[2024-08-28T01:10:25.392+0000][info][gc,start    ] GC(584) Pause Young (Mixed) (G1 Evacuation Pause)
[2024-08-28T01:10:25.393+0000][info][gc,task     ] GC(584) Using 49 workers of 68 for evacuation
[2024-08-28T01:10:25.410+0000][info][gc,phases   ] GC(584)   Pre Evacuate Collection Set: 0.3ms
[2024-08-28T01:10:25.410+0000][info][gc,phases   ] GC(584)   Merge Heap Roots: 0.8ms
[2024-08-28T01:10:25.410+0000][info][gc,phases   ] GC(584)   Evacuate Collection Set: 15.2ms
[2024-08-28T01:10:25.410+0000][info][gc,phases   ] GC(584)   Post Evacuate Collection Set: 0.6ms
[2024-08-28T01:10:25.410+0000][info][gc,phases   ] GC(584)   Other: 0.3ms
[2024-08-28T01:10:25.410+0000][info][gc,heap     ] GC(584) Eden regions: 89->0(89)
[2024-08-28T01:10:25.410+0000][info][gc,heap     ] GC(584) Survivor regions: 13->13(13)
[2024-08-28T01:10:25.410+0000][info][gc,heap     ] GC(584) Old regions: 1353->1323
[2024-08-28T01:10:25.410+0000][info][gc,heap     ] GC(584) Archive regions: 2->2
[2024-08-28T01:10:25.410+0000][info][gc,heap     ] GC(584) Humongous regions: 5->5
[2024-08-28T01:10:25.410+0000][info][gc,metaspace] GC(584) Metaspace: 100K(320K)->100K(320K) NonClass: 96K(192K)->96K(192K) Class: 4K(128K)->4K(128K)
[2024-08-28T01:10:25.410+0000][info][gc          ] GC(584) Pause Young (Mixed) (G1 Evacuation Pause) 1460M->1341M(2048M) 17.235ms
[2024-08-28T01:10:25.410+0000][info][gc,cpu      ] GC(584) User=0.78s Sys=0.00s Real=0.02s
[2024-08-28T01:10:25.452+0000][info][gc,start    ] GC(585) Pause Young (Mixed) (G1 Evacuation Pause)
[2024-08-28T01:10:25.452+0000][info][gc,task     ] GC(585) Using 49 workers of 68 for evacuation
[2024-08-28T01:10:25.470+0000][info][gc,phases   ] GC(585)   Pre Evacuate Collection Set: 0.4ms
[2024-08-28T01:10:25.470+0000][info][gc,phases   ] GC(585)   Merge Heap Roots: 0.9ms
[2024-08-28T01:10:25.470+0000][info][gc,phases   ] GC(585)   Evacuate Collection Set: 15.7ms
[2024-08-28T01:10:25.470+0000][info][gc,phases   ] GC(585)   Post Evacuate Collection Set: 0.6ms
[2024-08-28T01:10:25.470+0000][info][gc,phases   ] GC(585)   Other: 0.2ms
[2024-08-28T01:10:25.470+0000][info][gc,heap     ] GC(585) Eden regions: 89->0(89)
[2024-08-28T01:10:25.470+0000][info][gc,heap     ] GC(585) Survivor regions: 13->13(13)
[2024-08-28T01:10:25.470+0000][info][gc,heap     ] GC(585) Old regions: 1323->1294
[2024-08-28T01:10:25.470+0000][info][gc,heap     ] GC(585) Archive regions: 2->2
[2024-08-28T01:10:25.470+0000][info][gc,heap     ] GC(585) Humongous regions: 5->5
[2024-08-28T01:10:25.470+0000][info][gc,metaspace] GC(585) Metaspace: 100K(320K)->100K(320K) NonClass: 96K(192K)->96K(192K) Class: 4K(128K)->4K(128K)
[2024-08-28T01:10:25.470+0000][info][gc          ] GC(585) Pause Young (Mixed) (G1 Evacuation Pause) 1430M->1312M(2048M) 17.829ms
[2024-08-28T01:10:25.470+0000][info][gc,cpu      ] GC(585) User=0.80s Sys=0.01s Real=0.02s
[2024-08-28T01:10:25.512+0000][info][gc,start    ] GC(586) Pause Young (Mixed) (G1 Evacuation Pause)
[2024-08-28T01:10:25.512+0000][info][gc,task     ] GC(586) Using 49 workers of 68 for evacuation
[2024-08-28T01:10:25.530+0000][info][gc,phases   ] GC(586)   Pre Evacuate Collection Set: 0.3ms
[2024-08-28T01:10:25.530+0000][info][gc,phases   ] GC(586)   Merge Heap Roots: 0.9ms
[2024-08-28T01:10:25.530+0000][info][gc,phases   ] GC(586)   Evacuate Collection Set: 15.6ms
[2024-08-28T01:10:25.530+0000][info][gc,phases   ] GC(586)   Post Evacuate Collection Set: 0.5ms
[2024-08-28T01:10:25.530+0000][info][gc,phases   ] GC(586)   Other: 0.2ms
[2024-08-28T01:10:25.530+0000][info][gc,heap     ] GC(586) Eden regions: 89->0(89)
[2024-08-28T01:10:25.530+0000][info][gc,heap     ] GC(586) Survivor regions: 13->13(13)
[2024-08-28T01:10:25.530+0000][info][gc,heap     ] GC(586) Old regions: 1294->1264
[2024-08-28T01:10:25.530+0000][info][gc,heap     ] GC(586) Archive regions: 2->2
[2024-08-28T01:10:25.530+0000][info][gc,heap     ] GC(586) Humongous regions: 5->5
[2024-08-28T01:10:25.530+0000][info][gc,metaspace] GC(586) Metaspace: 100K(320K)->100K(320K) NonClass: 96K(192K)->96K(192K) Class: 4K(128K)->4K(128K)
[2024-08-28T01:10:25.530+0000][info][gc          ] GC(586) Pause Young (Mixed) (G1 Evacuation Pause) 1401M->1282M(2048M) 17.701ms
[2024-08-28T01:10:25.530+0000][info][gc,cpu      ] GC(586) User=0.79s Sys=0.00s Real=0.02s
[2024-08-28T01:10:25.572+0000][info][gc,start    ] GC(587) Pause Young (Mixed) (G1 Evacuation Pause)
[2024-08-28T01:10:25.572+0000][info][gc,task     ] GC(587) Using 49 workers of 68 for evacuation
[2024-08-28T01:10:25.590+0000][info][gc,phases   ] GC(587)   Pre Evacuate Collection Set: 0.4ms
[2024-08-28T01:10:25.590+0000][info][gc,phases   ] GC(587)   Merge Heap Roots: 0.8ms
[2024-08-28T01:10:25.590+0000][info][gc,phases   ] GC(587)   Evacuate Collection Set: 15.5ms
[2024-08-28T01:10:25.590+0000][info][gc,phases   ] GC(587)   Post Evacuate Collection Set: 0.5ms
[2024-08-28T01:10:25.590+0000][info][gc,phases   ] GC(587)   Other: 0.2ms
[2024-08-28T01:10:25.590+0000][info][gc,heap     ] GC(587) Eden regions: 89->0(172)
[2024-08-28T01:10:25.590+0000][info][gc,heap     ] GC(587) Survivor regions: 13->13(13)
[2024-08-28T01:10:25.590+0000][info][gc,heap     ] GC(587) Old regions: 1264->1286
[2024-08-28T01:10:25.590+0000][info][gc,heap     ] GC(587) Archive regions: 2->2
[2024-08-28T01:10:25.590+0000][info][gc,heap     ] GC(587) Humongous regions: 5->5
[2024-08-28T01:10:25.590+0000][info][gc,metaspace] GC(587) Metaspace: 100K(320K)->100K(320K) NonClass: 96K(192K)->96K(192K) Class: 4K(128K)->4K(128K)
[2024-08-28T01:10:25.590+0000][info][gc          ] GC(587) Pause Young (Mixed) (G1 Evacuation Pause) 1371M->1304M(2048M) 17.600ms
[2024-08-28T01:10:25.590+0000][info][gc,cpu      ] GC(587) User=0.78s Sys=0.01s Real=0.02s
[2024-08-28T01:10:25.671+0000][info][gc,start    ] GC(588) Pause Young (Normal) (G1 Evacuation Pause)
[2024-08-28T01:10:25.671+0000][info][gc,task     ] GC(588) Using 49 workers of 68 for evacuation
[2024-08-28T01:10:25.699+0000][info][gc,phases   ] GC(588)   Pre Evacuate Collection Set: 0.3ms
[2024-08-28T01:10:25.699+0000][info][gc,phases   ] GC(588)   Merge Heap Roots: 1.0ms
[2024-08-28T01:10:25.699+0000][info][gc,phases   ] GC(588)   Evacuate Collection Set: 26.4ms
[2024-08-28T01:10:25.699+0000][info][gc,phases   ] GC(588)   Post Evacuate Collection Set: 0.6ms
[2024-08-28T01:10:25.699+0000][info][gc,phases   ] GC(588)   Other: 0.3ms
[2024-08-28T01:10:25.699+0000][info][gc,heap     ] GC(588) Eden regions: 172->0(116)
[2024-08-28T01:10:25.699+0000][info][gc,heap     ] GC(588) Survivor regions: 13->24(24)
[2024-08-28T01:10:25.699+0000][info][gc,heap     ] GC(588) Old regions: 1286->1446
[2024-08-28T01:10:25.699+0000][info][gc,heap     ] GC(588) Archive regions: 2->2
[2024-08-28T01:10:25.699+0000][info][gc,heap     ] GC(588) Humongous regions: 5->5
[2024-08-28T01:10:25.699+0000][info][gc,metaspace] GC(588) Metaspace: 100K(320K)->100K(320K) NonClass: 96K(192K)->96K(192K) Class: 4K(128K)->4K(128K)
[2024-08-28T01:10:25.699+0000][info][gc          ] GC(588) Pause Young (Normal) (G1 Evacuation Pause) 1476M->1475M(2048M) 28.556ms
[2024-08-28T01:10:25.699+0000][info][gc,cpu      ] GC(588) User=1.33s Sys=0.00s Real=0.03s
[2024-08-28T01:10:25.755+0000][info][gc,start    ] GC(589) Pause Young (Concurrent Start) (G1 Evacuation Pause)
[2024-08-28T01:10:25.755+0000][info][gc,task     ] GC(589) Using 49 workers of 68 for evacuation
[2024-08-28T01:10:25.779+0000][info][gc,phases   ] GC(589)   Pre Evacuate Collection Set: 0.5ms
[2024-08-28T01:10:25.779+0000][info][gc,phases   ] GC(589)   Merge Heap Roots: 0.5ms
[2024-08-28T01:10:25.779+0000][info][gc,phases   ] GC(589)   Evacuate Collection Set: 21.4ms
[2024-08-28T01:10:25.779+0000][info][gc,phases   ] GC(589)   Post Evacuate Collection Set: 0.5ms
[2024-08-28T01:10:25.779+0000][info][gc,phases   ] GC(589)   Other: 0.9ms
[2024-08-28T01:10:25.779+0000][info][gc,heap     ] GC(589) Eden regions: 116->0(84)
[2024-08-28T01:10:25.779+0000][info][gc,heap     ] GC(589) Survivor regions: 24->18(18)
[2024-08-28T01:10:25.779+0000][info][gc,heap     ] GC(589) Old regions: 1446->1574
[2024-08-28T01:10:25.779+0000][info][gc,heap     ] GC(589) Archive regions: 2->2
[2024-08-28T01:10:25.779+0000][info][gc,heap     ] GC(589) Humongous regions: 5->5
[2024-08-28T01:10:25.779+0000][info][gc,metaspace] GC(589) Metaspace: 100K(320K)->100K(320K) NonClass: 96K(192K)->96K(192K) Class: 4K(128K)->4K(128K)
[2024-08-28T01:10:25.779+0000][info][gc          ] GC(589) Pause Young (Concurrent Start) (G1 Evacuation Pause) 1591M->1597M(2048M) 23.845ms
[2024-08-28T01:10:25.779+0000][info][gc,cpu      ] GC(589) User=1.08s Sys=0.00s Real=0.03s
[2024-08-28T01:10:25.779+0000][info][gc          ] GC(590) Concurrent Mark Cycle
[2024-08-28T01:10:25.779+0000][info][gc,marking  ] GC(590) Concurrent Clear Claimed Marks
[2024-08-28T01:10:25.779+0000][info][gc,marking  ] GC(590) Concurrent Clear Claimed Marks 0.011ms
[2024-08-28T01:10:25.779+0000][info][gc,marking  ] GC(590) Concurrent Scan Root Regions
[2024-08-28T01:10:25.783+0000][info][gc,marking  ] GC(590) Concurrent Scan Root Regions 3.747ms
[2024-08-28T01:10:25.783+0000][info][gc,marking  ] GC(590) Concurrent Mark
[2024-08-28T01:10:25.783+0000][info][gc,marking  ] GC(590) Concurrent Mark From Roots
[2024-08-28T01:10:25.783+0000][info][gc,task     ] GC(590) Using 17 workers of 17 for marking
[2024-08-28T01:10:25.802+0000][info][gc,marking  ] GC(590) Concurrent Mark From Roots 19.138ms
[2024-08-28T01:10:25.802+0000][info][gc,marking  ] GC(590) Concurrent Preclean
[2024-08-28T01:10:25.803+0000][info][gc,marking  ] GC(590) Concurrent Preclean 0.503ms
[2024-08-28T01:10:25.803+0000][info][gc,start    ] GC(590) Pause Remark
[2024-08-28T01:10:25.805+0000][info][gc          ] GC(590) Pause Remark 1622M->1383M(2048M) 2.054ms
[2024-08-28T01:10:25.805+0000][info][gc,cpu      ] GC(590) User=0.02s Sys=0.00s Real=0.00s
[2024-08-28T01:10:25.805+0000][info][gc,marking  ] GC(590) Concurrent Mark 22.116ms
[2024-08-28T01:10:25.805+0000][info][gc,marking  ] GC(590) Concurrent Rebuild Remembered Sets
[2024-08-28T01:10:25.852+0000][info][gc,start    ] GC(591) Pause Young (Normal) (G1 Evacuation Pause)
[2024-08-28T01:10:25.852+0000][info][gc,task     ] GC(591) Using 49 workers of 68 for evacuation
[2024-08-28T01:10:25.870+0000][info][gc,phases   ] GC(591)   Pre Evacuate Collection Set: 0.4ms
[2024-08-28T01:10:25.870+0000][info][gc,phases   ] GC(591)   Merge Heap Roots: 0.9ms
[2024-08-28T01:10:25.870+0000][info][gc,phases   ] GC(591)   Evacuate Collection Set: 15.7ms
[2024-08-28T01:10:25.870+0000][info][gc,phases   ] GC(591)   Post Evacuate Collection Set: 0.8ms
[2024-08-28T01:10:25.870+0000][info][gc,phases   ] GC(591)   Other: 0.3ms
[2024-08-28T01:10:25.870+0000][info][gc,heap     ] GC(591) Eden regions: 84->0(124)
[2024-08-28T01:10:25.870+0000][info][gc,heap     ] GC(591) Survivor regions: 18->13(13)
[2024-08-28T01:10:25.870+0000][info][gc,heap     ] GC(591) Old regions: 1335->1435
[2024-08-28T01:10:25.870+0000][info][gc,heap     ] GC(591) Archive regions: 2->2
[2024-08-28T01:10:25.870+0000][info][gc,heap     ] GC(591) Humongous regions: 5->5
[2024-08-28T01:10:25.870+0000][info][gc,metaspace] GC(591) Metaspace: 100K(320K)->100K(320K) NonClass: 96K(192K)->96K(192K) Class: 4K(128K)->4K(128K)
[2024-08-28T01:10:25.870+0000][info][gc          ] GC(591) Pause Young (Normal) (G1 Evacuation Pause) 1442M->1453M(2048M) 18.083ms
[2024-08-28T01:10:25.870+0000][info][gc,cpu      ] GC(591) User=0.81s Sys=0.01s Real=0.02s
[2024-08-28T01:10:25.873+0000][info][gc,marking  ] GC(590) Concurrent Rebuild Remembered Sets 67.649ms
[2024-08-28T01:10:25.873+0000][info][gc,start    ] GC(590) Pause Cleanup
[2024-08-28T01:10:25.876+0000][info][gc          ] GC(590) Pause Cleanup 1457M->1457M(2048M) 2.797ms
[2024-08-28T01:10:25.876+0000][info][gc,cpu      ] GC(590) User=0.01s Sys=0.00s Real=0.00s
[2024-08-28T01:10:25.876+0000][info][gc,marking  ] GC(590) Concurrent Cleanup for Next Mark
[2024-08-28T01:10:25.877+0000][info][gc,marking  ] GC(590) Concurrent Cleanup for Next Mark 1.361ms
[2024-08-28T01:10:25.878+0000][info][gc          ] GC(590) Concurrent Mark Cycle 98.202ms
[2024-08-28T01:10:25.937+0000][info][gc,start    ] GC(592) Pause Young (Prepare Mixed) (G1 Evacuation Pause)
[2024-08-28T01:10:25.937+0000][info][gc,task     ] GC(592) Using 49 workers of 68 for evacuation
[2024-08-28T01:10:25.964+0000][info][gc,phases   ] GC(592)   Pre Evacuate Collection Set: 0.4ms
[2024-08-28T01:10:25.964+0000][info][gc,phases   ] GC(592)   Merge Heap Roots: 1.3ms
[2024-08-28T01:10:25.964+0000][info][gc,phases   ] GC(592)   Evacuate Collection Set: 24.9ms
[2024-08-28T01:10:25.964+0000][info][gc,phases   ] GC(592)   Post Evacuate Collection Set: 0.5ms
[2024-08-28T01:10:25.964+0000][info][gc,phases   ] GC(592)   Other: 0.3ms
[2024-08-28T01:10:25.964+0000][info][gc,heap     ] GC(592) Eden regions: 124->0(84)
[2024-08-28T01:10:25.964+0000][info][gc,heap     ] GC(592) Survivor regions: 13->18(18)
[2024-08-28T01:10:25.964+0000][info][gc,heap     ] GC(592) Old regions: 1435->1557
[2024-08-28T01:10:25.964+0000][info][gc,heap     ] GC(592) Archive regions: 2->2
[2024-08-28T01:10:25.964+0000][info][gc,heap     ] GC(592) Humongous regions: 5->5
[2024-08-28T01:10:25.964+0000][info][gc,metaspace] GC(592) Metaspace: 100K(320K)->100K(320K) NonClass: 96K(192K)->96K(192K) Class: 4K(128K)->4K(128K)
[2024-08-28T01:10:25.964+0000][info][gc          ] GC(592) Pause Young (Prepare Mixed) (G1 Evacuation Pause) 1577M->1580M(2048M) 27.433ms
[2024-08-28T01:10:25.964+0000][info][gc,cpu      ] GC(592) User=1.26s Sys=0.00s Real=0.03s
[2024-08-28T01:10:26.006+0000][info][gc,start    ] GC(593) Pause Young (Mixed) (G1 Evacuation Pause)
[2024-08-28T01:10:26.006+0000][info][gc,task     ] GC(593) Using 49 workers of 68 for evacuation
[2024-08-28T01:10:26.023+0000][info][gc,phases   ] GC(593)   Pre Evacuate Collection Set: 0.4ms
[2024-08-28T01:10:26.023+0000][info][gc,phases   ] GC(593)   Merge Heap Roots: 0.5ms
[2024-08-28T01:10:26.023+0000][info][gc,phases   ] GC(593)   Evacuate Collection Set: 16.2ms
[2024-08-28T01:10:26.023+0000][info][gc,phases   ] GC(593)   Post Evacuate Collection Set: 0.5ms
[2024-08-28T01:10:26.023+0000][info][gc,phases   ] GC(593)   Other: 0.3ms
[2024-08-28T01:10:26.023+0000][info][gc,heap     ] GC(593) Eden regions: 84->0(89)
[2024-08-28T01:10:26.023+0000][info][gc,heap     ] GC(593) Survivor regions: 18->13(13)
[2024-08-28T01:10:26.023+0000][info][gc,heap     ] GC(593) Old regions: 1557->1529
[2024-08-28T01:10:26.023+0000][info][gc,heap     ] GC(593) Archive regions: 2->2
[2024-08-28T01:10:26.023+0000][info][gc,heap     ] GC(593) Humongous regions: 5->5
[2024-08-28T01:10:26.024+0000][info][gc,metaspace] GC(593) Metaspace: 100K(320K)->100K(320K) NonClass: 96K(192K)->96K(192K) Class: 4K(128K)->4K(128K)
[2024-08-28T01:10:26.024+0000][info][gc          ] GC(593) Pause Young (Mixed) (G1 Evacuation Pause) 1664M->1547M(2048M) 17.901ms
[2024-08-28T01:10:26.024+0000][info][gc,cpu      ] GC(593) User=0.81s Sys=0.01s Real=0.02s
[2024-08-28T01:10:26.067+0000][info][gc,start    ] GC(594) Pause Young (Mixed) (G1 Evacuation Pause)
[2024-08-28T01:10:26.067+0000][info][gc,task     ] GC(594) Using 49 workers of 68 for evacuation
[2024-08-28T01:10:26.085+0000][info][gc,phases   ] GC(594)   Pre Evacuate Collection Set: 0.3ms
[2024-08-28T01:10:26.085+0000][info][gc,phases   ] GC(594)   Merge Heap Roots: 0.8ms
[2024-08-28T01:10:26.085+0000][info][gc,phases   ] GC(594)   Evacuate Collection Set: 15.9ms
[2024-08-28T01:10:26.085+0000][info][gc,phases   ] GC(594)   Post Evacuate Collection Set: 0.5ms
[2024-08-28T01:10:26.085+0000][info][gc,phases   ] GC(594)   Other: 0.3ms
[2024-08-28T01:10:26.085+0000][info][gc,heap     ] GC(594) Eden regions: 89->0(89)
[2024-08-28T01:10:26.085+0000][info][gc,heap     ] GC(594) Survivor regions: 13->13(13)
[2024-08-28T01:10:26.085+0000][info][gc,heap     ] GC(594) Old regions: 1529->1501
[2024-08-28T01:10:26.085+0000][info][gc,heap     ] GC(594) Archive regions: 2->2
[2024-08-28T01:10:26.085+0000][info][gc,heap     ] GC(594) Humongous regions: 5->5
[2024-08-28T01:10:26.085+0000][info][gc,metaspace] GC(594) Metaspace: 100K(320K)->100K(320K) NonClass: 96K(192K)->96K(192K) Class: 4K(128K)->4K(128K)
[2024-08-28T01:10:26.085+0000][info][gc          ] GC(594) Pause Young (Mixed) (G1 Evacuation Pause) 1636M->1519M(2048M) 17.827ms
[2024-08-28T01:10:26.085+0000][info][gc,cpu      ] GC(594) User=0.81s Sys=0.00s Real=0.02s
[2024-08-28T01:10:26.130+0000][info][gc,start    ] GC(595) Pause Young (Mixed) (G1 Evacuation Pause)
[2024-08-28T01:10:26.130+0000][info][gc,task     ] GC(595) Using 49 workers of 68 for evacuation
[2024-08-28T01:10:26.147+0000][info][gc,phases   ] GC(595)   Pre Evacuate Collection Set: 0.4ms
[2024-08-28T01:10:26.147+0000][info][gc,phases   ] GC(595)   Merge Heap Roots: 0.5ms
[2024-08-28T01:10:26.147+0000][info][gc,phases   ] GC(595)   Evacuate Collection Set: 15.4ms
[2024-08-28T01:10:26.147+0000][info][gc,phases   ] GC(595)   Post Evacuate Collection Set: 0.5ms
[2024-08-28T01:10:26.147+0000][info][gc,phases   ] GC(595)   Other: 0.2ms
[2024-08-28T01:10:26.147+0000][info][gc,heap     ] GC(595) Eden regions: 89->0(89)
[2024-08-28T01:10:26.147+0000][info][gc,heap     ] GC(595) Survivor regions: 13->13(13)
[2024-08-28T01:10:26.147+0000][info][gc,heap     ] GC(595) Old regions: 1501->1472
[2024-08-28T01:10:26.147+0000][info][gc,heap     ] GC(595) Archive regions: 2->2
[2024-08-28T01:10:26.147+0000][info][gc,heap     ] GC(595) Humongous regions: 5->5
[2024-08-28T01:10:26.147+0000][info][gc,metaspace] GC(595) Metaspace: 100K(320K)->100K(320K) NonClass: 96K(192K)->96K(192K) Class: 4K(128K)->4K(128K)
[2024-08-28T01:10:26.147+0000][info][gc          ] GC(595) Pause Young (Mixed) (G1 Evacuation Pause) 1608M->1490M(2048M) 17.150ms
[2024-08-28T01:10:26.147+0000][info][gc,cpu      ] GC(595) User=0.77s Sys=0.00s Real=0.01s
[2024-08-28T01:10:26.191+0000][info][gc,start    ] GC(596) Pause Young (Mixed) (G1 Evacuation Pause)
[2024-08-28T01:10:26.191+0000][info][gc,task     ] GC(596) Using 49 workers of 68 for evacuation
[2024-08-28T01:10:26.209+0000][info][gc,phases   ] GC(596)   Pre Evacuate Collection Set: 0.4ms
[2024-08-28T01:10:26.209+0000][info][gc,phases   ] GC(596)   Merge Heap Roots: 0.9ms
[2024-08-28T01:10:26.209+0000][info][gc,phases   ] GC(596)   Evacuate Collection Set: 16.0ms
[2024-08-28T01:10:26.209+0000][info][gc,phases   ] GC(596)   Post Evacuate Collection Set: 0.6ms
[2024-08-28T01:10:26.209+0000][info][gc,phases   ] GC(596)   Other: 0.3ms
[2024-08-28T01:10:26.209+0000][info][gc,heap     ] GC(596) Eden regions: 89->0(89)
[2024-08-28T01:10:26.209+0000][info][gc,heap     ] GC(596) Survivor regions: 13->13(13)
[2024-08-28T01:10:26.209+0000][info][gc,heap     ] GC(596) Old regions: 1472->1444
[2024-08-28T01:10:26.209+0000][info][gc,heap     ] GC(596) Archive regions: 2->2
[2024-08-28T01:10:26.209+0000][info][gc,heap     ] GC(596) Humongous regions: 5->5
[2024-08-28T01:10:26.209+0000][info][gc,metaspace] GC(596) Metaspace: 100K(320K)->100K(320K) NonClass: 96K(192K)->96K(192K) Class: 4K(128K)->4K(128K)
[2024-08-28T01:10:26.209+0000][info][gc          ] GC(596) Pause Young (Mixed) (G1 Evacuation Pause) 1579M->1462M(2048M) 18.112ms
[2024-08-28T01:10:26.209+0000][info][gc,cpu      ] GC(596) User=0.82s Sys=0.00s Real=0.01s
[2024-08-28T01:10:26.253+0000][info][gc,start    ] GC(597) Pause Young (Mixed) (G1 Evacuation Pause)
[2024-08-28T01:10:26.253+0000][info][gc,task     ] GC(597) Using 49 workers of 68 for evacuation
[2024-08-28T01:10:26.271+0000][info][gc,phases   ] GC(597)   Pre Evacuate Collection Set: 0.4ms
[2024-08-28T01:10:26.271+0000][info][gc,phases   ] GC(597)   Merge Heap Roots: 0.5ms
[2024-08-28T01:10:26.271+0000][info][gc,phases   ] GC(597)   Evacuate Collection Set: 16.1ms
[2024-08-28T01:10:26.271+0000][info][gc,phases   ] GC(597)   Post Evacuate Collection Set: 0.6ms
[2024-08-28T01:10:26.271+0000][info][gc,phases   ] GC(597)   Other: 0.3ms
[2024-08-28T01:10:26.271+0000][info][gc,heap     ] GC(597) Eden regions: 89->0(89)
[2024-08-28T01:10:26.271+0000][info][gc,heap     ] GC(597) Survivor regions: 13->13(13)
[2024-08-28T01:10:26.271+0000][info][gc,heap     ] GC(597) Old regions: 1444->1416
[2024-08-28T01:10:26.271+0000][info][gc,heap     ] GC(597) Archive regions: 2->2
[2024-08-28T01:10:26.271+0000][info][gc,heap     ] GC(597) Humongous regions: 5->5
[2024-08-28T01:10:26.271+0000][info][gc,metaspace] GC(597) Metaspace: 100K(320K)->100K(320K) NonClass: 96K(192K)->96K(192K) Class: 4K(128K)->4K(128K)
[2024-08-28T01:10:26.271+0000][info][gc          ] GC(597) Pause Young (Mixed) (G1 Evacuation Pause) 1551M->1434M(2048M) 18.005ms
[2024-08-28T01:10:26.271+0000][info][gc,cpu      ] GC(597) User=0.80s Sys=0.00s Real=0.02s
[2024-08-28T01:10:26.316+0000][info][gc,start    ] GC(598) Pause Young (Mixed) (G1 Evacuation Pause)
[2024-08-28T01:10:26.316+0000][info][gc,task     ] GC(598) Using 49 workers of 68 for evacuation
[2024-08-28T01:10:26.334+0000][info][gc,phases   ] GC(598)   Pre Evacuate Collection Set: 0.5ms
[2024-08-28T01:10:26.334+0000][info][gc,phases   ] GC(598)   Merge Heap Roots: 0.9ms
[2024-08-28T01:10:26.334+0000][info][gc,phases   ] GC(598)   Evacuate Collection Set: 16.4ms
[2024-08-28T01:10:26.334+0000][info][gc,phases   ] GC(598)   Post Evacuate Collection Set: 0.5ms
[2024-08-28T01:10:26.334+0000][info][gc,phases   ] GC(598)   Other: 0.3ms
[2024-08-28T01:10:26.334+0000][info][gc,heap     ] GC(598) Eden regions: 89->0(89)
[2024-08-28T01:10:26.334+0000][info][gc,heap     ] GC(598) Survivor regions: 13->13(13)
[2024-08-28T01:10:26.334+0000][info][gc,heap     ] GC(598) Old regions: 1416->1387
[2024-08-28T01:10:26.334+0000][info][gc,heap     ] GC(598) Archive regions: 2->2
[2024-08-28T01:10:26.334+0000][info][gc,heap     ] GC(598) Humongous regions: 5->5
[2024-08-28T01:10:26.334+0000][info][gc,metaspace] GC(598) Metaspace: 100K(320K)->100K(320K) NonClass: 96K(192K)->96K(192K) Class: 4K(128K)->4K(128K)
[2024-08-28T01:10:26.334+0000][info][gc          ] GC(598) Pause Young (Mixed) (G1 Evacuation Pause) 1523M->1405M(2048M) 18.709ms
[2024-08-28T01:10:26.334+0000][info][gc,cpu      ] GC(598) User=0.82s Sys=0.02s Real=0.02s
[2024-08-28T01:10:26.379+0000][info][gc,start    ] GC(599) Pause Young (Mixed) (G1 Evacuation Pause)
[2024-08-28T01:10:26.379+0000][info][gc,task     ] GC(599) Using 49 workers of 68 for evacuation
[2024-08-28T01:10:26.396+0000][info][gc,phases   ] GC(599)   Pre Evacuate Collection Set: 0.4ms
[2024-08-28T01:10:26.396+0000][info][gc,phases   ] GC(599)   Merge Heap Roots: 0.5ms
[2024-08-28T01:10:26.396+0000][info][gc,phases   ] GC(599)   Evacuate Collection Set: 16.0ms
[2024-08-28T01:10:26.396+0000][info][gc,phases   ] GC(599)   Post Evacuate Collection Set: 0.5ms
[2024-08-28T01:10:26.396+0000][info][gc,phases   ] GC(599)   Other: 0.3ms
[2024-08-28T01:10:26.396+0000][info][gc,heap     ] GC(599) Eden regions: 89->0(130)
[2024-08-28T01:10:26.396+0000][info][gc,heap     ] GC(599) Survivor regions: 13->13(13)
[2024-08-28T01:10:26.396+0000][info][gc,heap     ] GC(599) Old regions: 1387->1415
[2024-08-28T01:10:26.396+0000][info][gc,heap     ] GC(599) Archive regions: 2->2
[2024-08-28T01:10:26.396+0000][info][gc,heap     ] GC(599) Humongous regions: 5->5
[2024-08-28T01:10:26.396+0000][info][gc,metaspace] GC(599) Metaspace: 100K(320K)->100K(320K) NonClass: 96K(192K)->96K(192K) Class: 4K(128K)->4K(128K)
[2024-08-28T01:10:26.396+0000][info][gc          ] GC(599) Pause Young (Mixed) (G1 Evacuation Pause) 1494M->1433M(2048M) 17.678ms
[2024-08-28T01:10:26.396+0000][info][gc,cpu      ] GC(599) User=0.80s Sys=0.00s Real=0.01s
[2024-08-28T01:10:26.460+0000][info][gc,start    ] GC(600) Pause Young (Concurrent Start) (G1 Evacuation Pause)
[2024-08-28T01:10:26.460+0000][info][gc,task     ] GC(600) Using 49 workers of 68 for evacuation
[2024-08-28T01:10:26.483+0000][info][gc,phases   ] GC(600)   Pre Evacuate Collection Set: 0.3ms
[2024-08-28T01:10:26.483+0000][info][gc,phases   ] GC(600)   Merge Heap Roots: 0.6ms
[2024-08-28T01:10:26.483+0000][info][gc,phases   ] GC(600)   Evacuate Collection Set: 20.5ms
[2024-08-28T01:10:26.483+0000][info][gc,phases   ] GC(600)   Post Evacuate Collection Set: 0.6ms
[2024-08-28T01:10:26.483+0000][info][gc,phases   ] GC(600)   Other: 0.7ms
[2024-08-28T01:10:26.483+0000][info][gc,heap     ] GC(600) Eden regions: 130->0(87)
[2024-08-28T01:10:26.483+0000][info][gc,heap     ] GC(600) Survivor regions: 13->18(18)
[2024-08-28T01:10:26.483+0000][info][gc,heap     ] GC(600) Old regions: 1415->1542
[2024-08-28T01:10:26.483+0000][info][gc,heap     ] GC(600) Archive regions: 2->2
[2024-08-28T01:10:26.483+0000][info][gc,heap     ] GC(600) Humongous regions: 5->5
[2024-08-28T01:10:26.483+0000][info][gc,metaspace] GC(600) Metaspace: 100K(320K)->100K(320K) NonClass: 96K(192K)->96K(192K) Class: 4K(128K)->4K(128K)
[2024-08-28T01:10:26.483+0000][info][gc          ] GC(600) Pause Young (Concurrent Start) (G1 Evacuation Pause) 1563M->1565M(2048M) 22.772ms
[2024-08-28T01:10:26.483+0000][info][gc,cpu      ] GC(600) User=1.03s Sys=0.00s Real=0.02s
[2024-08-28T01:10:26.483+0000][info][gc          ] GC(601) Concurrent Mark Cycle
[2024-08-28T01:10:26.483+0000][info][gc,marking  ] GC(601) Concurrent Clear Claimed Marks
[2024-08-28T01:10:26.483+0000][info][gc,marking  ] GC(601) Concurrent Clear Claimed Marks 0.012ms
[2024-08-28T01:10:26.483+0000][info][gc,marking  ] GC(601) Concurrent Scan Root Regions
[2024-08-28T01:10:26.487+0000][info][gc,marking  ] GC(601) Concurrent Scan Root Regions 3.766ms
[2024-08-28T01:10:26.487+0000][info][gc,marking  ] GC(601) Concurrent Mark
[2024-08-28T01:10:26.487+0000][info][gc,marking  ] GC(601) Concurrent Mark From Roots
[2024-08-28T01:10:26.487+0000][info][gc,task     ] GC(601) Using 17 workers of 17 for marking
[2024-08-28T01:10:26.506+0000][info][gc,marking  ] GC(601) Concurrent Mark From Roots 18.918ms
[2024-08-28T01:10:26.506+0000][info][gc,marking  ] GC(601) Concurrent Preclean
[2024-08-28T01:10:26.507+0000][info][gc,marking  ] GC(601) Concurrent Preclean 1.460ms
[2024-08-28T01:10:26.508+0000][info][gc,start    ] GC(601) Pause Remark
[2024-08-28T01:10:26.510+0000][info][gc          ] GC(601) Pause Remark 1591M->1388M(2048M) 2.088ms
[2024-08-28T01:10:26.510+0000][info][gc,cpu      ] GC(601) User=0.00s Sys=0.02s Real=0.01s
[2024-08-28T01:10:26.510+0000][info][gc,marking  ] GC(601) Concurrent Mark 23.014ms
[2024-08-28T01:10:26.510+0000][info][gc,marking  ] GC(601) Concurrent Rebuild Remembered Sets
[2024-08-28T01:10:26.558+0000][info][gc,start    ] GC(602) Pause Young (Normal) (G1 Evacuation Pause)
[2024-08-28T01:10:26.558+0000][info][gc,task     ] GC(602) Using 49 workers of 68 for evacuation
[2024-08-28T01:10:26.576+0000][info][gc,phases   ] GC(602)   Pre Evacuate Collection Set: 0.4ms
[2024-08-28T01:10:26.576+0000][info][gc,phases   ] GC(602)   Merge Heap Roots: 0.9ms
[2024-08-28T01:10:26.576+0000][info][gc,phases   ] GC(602)   Evacuate Collection Set: 16.0ms
[2024-08-28T01:10:26.576+0000][info][gc,phases   ] GC(602)   Post Evacuate Collection Set: 0.9ms
[2024-08-28T01:10:26.576+0000][info][gc,phases   ] GC(602)   Other: 0.3ms
[2024-08-28T01:10:26.576+0000][info][gc,heap     ] GC(602) Eden regions: 87->0(123)
[2024-08-28T01:10:26.576+0000][info][gc,heap     ] GC(602) Survivor regions: 18->14(14)
[2024-08-28T01:10:26.576+0000][info][gc,heap     ] GC(602) Old regions: 1339->1436
[2024-08-28T01:10:26.576+0000][info][gc,heap     ] GC(602) Archive regions: 2->2
[2024-08-28T01:10:26.576+0000][info][gc,heap     ] GC(602) Humongous regions: 5->5
[2024-08-28T01:10:26.576+0000][info][gc,metaspace] GC(602) Metaspace: 100K(320K)->100K(320K) NonClass: 96K(192K)->96K(192K) Class: 4K(128K)->4K(128K)
[2024-08-28T01:10:26.576+0000][info][gc          ] GC(602) Pause Young (Normal) (G1 Evacuation Pause) 1449M->1455M(2048M) 18.518ms
[2024-08-28T01:10:26.576+0000][info][gc,cpu      ] GC(602) User=0.83s Sys=0.00s Real=0.01s
[2024-08-28T01:10:26.579+0000][info][gc,marking  ] GC(601) Concurrent Rebuild Remembered Sets 68.476ms
[2024-08-28T01:10:26.579+0000][info][gc,start    ] GC(601) Pause Cleanup
[2024-08-28T01:10:26.582+0000][info][gc          ] GC(601) Pause Cleanup 1458M->1458M(2048M) 2.890ms
[2024-08-28T01:10:26.582+0000][info][gc,cpu      ] GC(601) User=0.01s Sys=0.00s Real=0.00s
[2024-08-28T01:10:26.582+0000][info][gc,marking  ] GC(601) Concurrent Cleanup for Next Mark
[2024-08-28T01:10:26.583+0000][info][gc,marking  ] GC(601) Concurrent Cleanup for Next Mark 1.312ms
[2024-08-28T01:10:26.583+0000][info][gc          ] GC(601) Concurrent Mark Cycle 99.985ms
[2024-08-28T01:10:26.643+0000][info][gc,start    ] GC(603) Pause Young (Prepare Mixed) (G1 Evacuation Pause)
[2024-08-28T01:10:26.643+0000][info][gc,task     ] GC(603) Using 49 workers of 68 for evacuation
[2024-08-28T01:10:26.668+0000][info][gc,phases   ] GC(603)   Pre Evacuate Collection Set: 0.4ms
[2024-08-28T01:10:26.668+0000][info][gc,phases   ] GC(603)   Merge Heap Roots: 1.3ms
[2024-08-28T01:10:26.668+0000][info][gc,phases   ] GC(603)   Evacuate Collection Set: 23.3ms
[2024-08-28T01:10:26.668+0000][info][gc,phases   ] GC(603)   Post Evacuate Collection Set: 0.5ms
[2024-08-28T01:10:26.668+0000][info][gc,phases   ] GC(603)   Other: 0.2ms
[2024-08-28T01:10:26.668+0000][info][gc,heap     ] GC(603) Eden regions: 123->0(84)
[2024-08-28T01:10:26.668+0000][info][gc,heap     ] GC(603) Survivor regions: 14->18(18)
[2024-08-28T01:10:26.668+0000][info][gc,heap     ] GC(603) Old regions: 1436->1558
[2024-08-28T01:10:26.668+0000][info][gc,heap     ] GC(603) Archive regions: 2->2
[2024-08-28T01:10:26.668+0000][info][gc,heap     ] GC(603) Humongous regions: 5->5
[2024-08-28T01:10:26.668+0000][info][gc,metaspace] GC(603) Metaspace: 100K(320K)->100K(320K) NonClass: 96K(192K)->96K(192K) Class: 4K(128K)->4K(128K)
[2024-08-28T01:10:26.668+0000][info][gc          ] GC(603) Pause Young (Prepare Mixed) (G1 Evacuation Pause) 1578M->1581M(2048M) 25.902ms
[2024-08-28T01:10:26.668+0000][info][gc,cpu      ] GC(603) User=1.21s Sys=0.00s Real=0.02s
[2024-08-28T01:10:26.709+0000][info][gc,start    ] GC(604) Pause Young (Mixed) (G1 Evacuation Pause)
[2024-08-28T01:10:26.710+0000][info][gc,task     ] GC(604) Using 49 workers of 68 for evacuation
[2024-08-28T01:10:26.727+0000][info][gc,phases   ] GC(604)   Pre Evacuate Collection Set: 0.4ms
[2024-08-28T01:10:26.727+0000][info][gc,phases   ] GC(604)   Merge Heap Roots: 0.5ms
[2024-08-28T01:10:26.727+0000][info][gc,phases   ] GC(604)   Evacuate Collection Set: 16.0ms
[2024-08-28T01:10:26.727+0000][info][gc,phases   ] GC(604)   Post Evacuate Collection Set: 0.6ms
[2024-08-28T01:10:26.727+0000][info][gc,phases   ] GC(604)   Other: 0.2ms
[2024-08-28T01:10:26.727+0000][info][gc,heap     ] GC(604) Eden regions: 84->0(89)
[2024-08-28T01:10:26.727+0000][info][gc,heap     ] GC(604) Survivor regions: 18->13(13)
[2024-08-28T01:10:26.727+0000][info][gc,heap     ] GC(604) Old regions: 1558->1530
[2024-08-28T01:10:26.727+0000][info][gc,heap     ] GC(604) Archive regions: 2->2
[2024-08-28T01:10:26.727+0000][info][gc,heap     ] GC(604) Humongous regions: 5->5
[2024-08-28T01:10:26.727+0000][info][gc,metaspace] GC(604) Metaspace: 100K(320K)->100K(320K) NonClass: 96K(192K)->96K(192K) Class: 4K(128K)->4K(128K)
[2024-08-28T01:10:26.727+0000][info][gc          ] GC(604) Pause Young (Mixed) (G1 Evacuation Pause) 1665M->1548M(2048M) 17.655ms
[2024-08-28T01:10:26.727+0000][info][gc,cpu      ] GC(604) User=0.78s Sys=0.02s Real=0.01s
[2024-08-28T01:10:26.771+0000][info][gc,start    ] GC(605) Pause Young (Mixed) (G1 Evacuation Pause)
[2024-08-28T01:10:26.771+0000][info][gc,task     ] GC(605) Using 49 workers of 68 for evacuation
[2024-08-28T01:10:26.789+0000][info][gc,phases   ] GC(605)   Pre Evacuate Collection Set: 0.4ms
[2024-08-28T01:10:26.789+0000][info][gc,phases   ] GC(605)   Merge Heap Roots: 0.9ms
[2024-08-28T01:10:26.789+0000][info][gc,phases   ] GC(605)   Evacuate Collection Set: 15.7ms
[2024-08-28T01:10:26.789+0000][info][gc,phases   ] GC(605)   Post Evacuate Collection Set: 0.6ms
[2024-08-28T01:10:26.789+0000][info][gc,phases   ] GC(605)   Other: 0.3ms
[2024-08-28T01:10:26.789+0000][info][gc,heap     ] GC(605) Eden regions: 89->0(89)
[2024-08-28T01:10:26.789+0000][info][gc,heap     ] GC(605) Survivor regions: 13->13(13)
[2024-08-28T01:10:26.789+0000][info][gc,heap     ] GC(605) Old regions: 1530->1502
[2024-08-28T01:10:26.789+0000][info][gc,heap     ] GC(605) Archive regions: 2->2
[2024-08-28T01:10:26.789+0000][info][gc,heap     ] GC(605) Humongous regions: 5->5
[2024-08-28T01:10:26.789+0000][info][gc,metaspace] GC(605) Metaspace: 100K(320K)->100K(320K) NonClass: 96K(192K)->96K(192K) Class: 4K(128K)->4K(128K)
[2024-08-28T01:10:26.789+0000][info][gc          ] GC(605) Pause Young (Mixed) (G1 Evacuation Pause) 1637M->1520M(2048M) 17.834ms
[2024-08-28T01:10:26.789+0000][info][gc,cpu      ] GC(605) User=0.79s Sys=0.00s Real=0.01s
[2024-08-28T01:10:26.832+0000][info][gc,start    ] GC(606) Pause Young (Mixed) (G1 Evacuation Pause)
[2024-08-28T01:10:26.832+0000][info][gc,task     ] GC(606) Using 49 workers of 68 for evacuation
[2024-08-28T01:10:26.849+0000][info][gc,phases   ] GC(606)   Pre Evacuate Collection Set: 0.4ms
[2024-08-28T01:10:26.849+0000][info][gc,phases   ] GC(606)   Merge Heap Roots: 0.5ms
[2024-08-28T01:10:26.849+0000][info][gc,phases   ] GC(606)   Evacuate Collection Set: 15.4ms
[2024-08-28T01:10:26.849+0000][info][gc,phases   ] GC(606)   Post Evacuate Collection Set: 0.5ms
[2024-08-28T01:10:26.849+0000][info][gc,phases   ] GC(606)   Other: 0.3ms
[2024-08-28T01:10:26.849+0000][info][gc,heap     ] GC(606) Eden regions: 89->0(89)
[2024-08-28T01:10:26.849+0000][info][gc,heap     ] GC(606) Survivor regions: 13->13(13)
[2024-08-28T01:10:26.849+0000][info][gc,heap     ] GC(606) Old regions: 1502->1472
[2024-08-28T01:10:26.849+0000][info][gc,heap     ] GC(606) Archive regions: 2->2
[2024-08-28T01:10:26.849+0000][info][gc,heap     ] GC(606) Humongous regions: 5->5
[2024-08-28T01:10:26.849+0000][info][gc,metaspace] GC(606) Metaspace: 100K(320K)->100K(320K) NonClass: 96K(192K)->96K(192K) Class: 4K(128K)->4K(128K)
[2024-08-28T01:10:26.849+0000][info][gc          ] GC(606) Pause Young (Mixed) (G1 Evacuation Pause) 1609M->1490M(2048M) 17.226ms
[2024-08-28T01:10:26.849+0000][info][gc,cpu      ] GC(606) User=0.76s Sys=0.01s Real=0.01s
[2024-08-28T01:10:26.892+0000][info][gc,start    ] GC(607) Pause Young (Mixed) (G1 Evacuation Pause)
[2024-08-28T01:10:26.892+0000][info][gc,task     ] GC(607) Using 49 workers of 68 for evacuation
[2024-08-28T01:10:26.910+0000][info][gc,phases   ] GC(607)   Pre Evacuate Collection Set: 0.4ms
[2024-08-28T01:10:26.910+0000][info][gc,phases   ] GC(607)   Merge Heap Roots: 0.9ms
[2024-08-28T01:10:26.910+0000][info][gc,phases   ] GC(607)   Evacuate Collection Set: 15.7ms
[2024-08-28T01:10:26.910+0000][info][gc,phases   ] GC(607)   Post Evacuate Collection Set: 0.6ms
[2024-08-28T01:10:26.910+0000][info][gc,phases   ] GC(607)   Other: 0.2ms
[2024-08-28T01:10:26.910+0000][info][gc,heap     ] GC(607) Eden regions: 89->0(89)
[2024-08-28T01:10:26.910+0000][info][gc,heap     ] GC(607) Survivor regions: 13->13(13)
[2024-08-28T01:10:26.910+0000][info][gc,heap     ] GC(607) Old regions: 1472->1443
[2024-08-28T01:10:26.910+0000][info][gc,heap     ] GC(607) Archive regions: 2->2
[2024-08-28T01:10:26.910+0000][info][gc,heap     ] GC(607) Humongous regions: 5->5
[2024-08-28T01:10:26.910+0000][info][gc,metaspace] GC(607) Metaspace: 100K(320K)->100K(320K) NonClass: 96K(192K)->96K(192K) Class: 4K(128K)->4K(128K)
[2024-08-28T01:10:26.910+0000][info][gc          ] GC(607) Pause Young (Mixed) (G1 Evacuation Pause) 1579M->1461M(2048M) 17.787ms
[2024-08-28T01:10:26.910+0000][info][gc,cpu      ] GC(607) User=0.70s Sys=0.11s Real=0.02s
[2024-08-28T01:10:26.953+0000][info][gc,start    ] GC(608) Pause Young (Mixed) (G1 Evacuation Pause)
[2024-08-28T01:10:26.953+0000][info][gc,task     ] GC(608) Using 49 workers of 68 for evacuation
[2024-08-28T01:10:26.970+0000][info][gc,phases   ] GC(608)   Pre Evacuate Collection Set: 0.4ms
[2024-08-28T01:10:26.970+0000][info][gc,phases   ] GC(608)   Merge Heap Roots: 0.5ms
[2024-08-28T01:10:26.970+0000][info][gc,phases   ] GC(608)   Evacuate Collection Set: 15.8ms
[2024-08-28T01:10:26.970+0000][info][gc,phases   ] GC(608)   Post Evacuate Collection Set: 0.6ms
[2024-08-28T01:10:26.970+0000][info][gc,phases   ] GC(608)   Other: 0.2ms
[2024-08-28T01:10:26.970+0000][info][gc,heap     ] GC(608) Eden regions: 89->0(89)
[2024-08-28T01:10:26.970+0000][info][gc,heap     ] GC(608) Survivor regions: 13->13(13)
[2024-08-28T01:10:26.970+0000][info][gc,heap     ] GC(608) Old regions: 1443->1413
[2024-08-28T01:10:26.970+0000][info][gc,heap     ] GC(608) Archive regions: 2->2
[2024-08-28T01:10:26.970+0000][info][gc,heap     ] GC(608) Humongous regions: 5->5
[2024-08-28T01:10:26.970+0000][info][gc,metaspace] GC(608) Metaspace: 100K(320K)->100K(320K) NonClass: 96K(192K)->96K(192K) Class: 4K(128K)->4K(128K)
[2024-08-28T01:10:26.970+0000][info][gc          ] GC(608) Pause Young (Mixed) (G1 Evacuation Pause) 1550M->1431M(2048M) 17.487ms
[2024-08-28T01:10:26.970+0000][info][gc,cpu      ] GC(608) User=0.76s Sys=0.03s Real=0.02s
[2024-08-28T01:10:27.014+0000][info][gc,start    ] GC(609) Pause Young (Mixed) (G1 Evacuation Pause)
[2024-08-28T01:10:27.014+0000][info][gc,task     ] GC(609) Using 49 workers of 68 for evacuation
[2024-08-28T01:10:27.032+0000][info][gc,phases   ] GC(609)   Pre Evacuate Collection Set: 0.5ms
[2024-08-28T01:10:27.032+0000][info][gc,phases   ] GC(609)   Merge Heap Roots: 0.9ms
[2024-08-28T01:10:27.032+0000][info][gc,phases   ] GC(609)   Evacuate Collection Set: 15.9ms
[2024-08-28T01:10:27.032+0000][info][gc,phases   ] GC(609)   Post Evacuate Collection Set: 0.6ms
[2024-08-28T01:10:27.032+0000][info][gc,phases   ] GC(609)   Other: 0.2ms
[2024-08-28T01:10:27.032+0000][info][gc,heap     ] GC(609) Eden regions: 89->0(89)
[2024-08-28T01:10:27.032+0000][info][gc,heap     ] GC(609) Survivor regions: 13->13(13)
[2024-08-28T01:10:27.032+0000][info][gc,heap     ] GC(609) Old regions: 1413->1385
[2024-08-28T01:10:27.032+0000][info][gc,heap     ] GC(609) Archive regions: 2->2
[2024-08-28T01:10:27.032+0000][info][gc,heap     ] GC(609) Humongous regions: 5->5
[2024-08-28T01:10:27.032+0000][info][gc,metaspace] GC(609) Metaspace: 100K(320K)->100K(320K) NonClass: 96K(192K)->96K(192K) Class: 4K(128K)->4K(128K)
[2024-08-28T01:10:27.032+0000][info][gc          ] GC(609) Pause Young (Mixed) (G1 Evacuation Pause) 1520M->1403M(2048M) 18.092ms
[2024-08-28T01:10:27.032+0000][info][gc,cpu      ] GC(609) User=0.82s Sys=0.00s Real=0.02s
[2024-08-28T01:10:27.075+0000][info][gc,start    ] GC(610) Pause Young (Mixed) (G1 Evacuation Pause)
[2024-08-28T01:10:27.075+0000][info][gc,task     ] GC(610) Using 49 workers of 68 for evacuation
[2024-08-28T01:10:27.092+0000][info][gc,phases   ] GC(610)   Pre Evacuate Collection Set: 0.4ms
[2024-08-28T01:10:27.092+0000][info][gc,phases   ] GC(610)   Merge Heap Roots: 0.5ms
[2024-08-28T01:10:27.092+0000][info][gc,phases   ] GC(610)   Evacuate Collection Set: 15.4ms
[2024-08-28T01:10:27.092+0000][info][gc,phases   ] GC(610)   Post Evacuate Collection Set: 0.5ms
[2024-08-28T01:10:27.092+0000][info][gc,phases   ] GC(610)   Other: 0.2ms
[2024-08-28T01:10:27.092+0000][info][gc,heap     ] GC(610) Eden regions: 89->0(132)
[2024-08-28T01:10:27.092+0000][info][gc,heap     ] GC(610) Survivor regions: 13->13(13)
[2024-08-28T01:10:27.092+0000][info][gc,heap     ] GC(610) Old regions: 1385->1410
[2024-08-28T01:10:27.092+0000][info][gc,heap     ] GC(610) Archive regions: 2->2
[2024-08-28T01:10:27.092+0000][info][gc,heap     ] GC(610) Humongous regions: 5->5
[2024-08-28T01:10:27.092+0000][info][gc,metaspace] GC(610) Metaspace: 100K(320K)->100K(320K) NonClass: 96K(192K)->96K(192K) Class: 4K(128K)->4K(128K)
[2024-08-28T01:10:27.092+0000][info][gc          ] GC(610) Pause Young (Mixed) (G1 Evacuation Pause) 1492M->1428M(2048M) 17.098ms
[2024-08-28T01:10:27.092+0000][info][gc,cpu      ] GC(610) User=0.77s Sys=0.00s Real=0.02s
[2024-08-28T01:10:27.154+0000][info][gc,start    ] GC(611) Pause Young (Concurrent Start) (G1 Evacuation Pause)
[2024-08-28T01:10:27.155+0000][info][gc,task     ] GC(611) Using 49 workers of 68 for evacuation
[2024-08-28T01:10:27.178+0000][info][gc,phases   ] GC(611)   Pre Evacuate Collection Set: 0.3ms
[2024-08-28T01:10:27.178+0000][info][gc,phases   ] GC(611)   Merge Heap Roots: 0.5ms
[2024-08-28T01:10:27.178+0000][info][gc,phases   ] GC(611)   Evacuate Collection Set: 21.1ms
[2024-08-28T01:10:27.178+0000][info][gc,phases   ] GC(611)   Post Evacuate Collection Set: 0.6ms
[2024-08-28T01:10:27.178+0000][info][gc,phases   ] GC(611)   Other: 0.7ms
[2024-08-28T01:10:27.178+0000][info][gc,heap     ] GC(611) Eden regions: 132->0(88)
[2024-08-28T01:10:27.178+0000][info][gc,heap     ] GC(611) Survivor regions: 13->19(19)
[2024-08-28T01:10:27.178+0000][info][gc,heap     ] GC(611) Old regions: 1410->1538
[2024-08-28T01:10:27.178+0000][info][gc,heap     ] GC(611) Archive regions: 2->2
[2024-08-28T01:10:27.178+0000][info][gc,heap     ] GC(611) Humongous regions: 5->5
[2024-08-28T01:10:27.178+0000][info][gc,metaspace] GC(611) Metaspace: 100K(320K)->100K(320K) NonClass: 96K(192K)->96K(192K) Class: 4K(128K)->4K(128K)
[2024-08-28T01:10:27.178+0000][info][gc          ] GC(611) Pause Young (Concurrent Start) (G1 Evacuation Pause) 1560M->1562M(2048M) 23.319ms
[2024-08-28T01:10:27.178+0000][info][gc,cpu      ] GC(611) User=1.05s Sys=0.01s Real=0.03s
[2024-08-28T01:10:27.178+0000][info][gc          ] GC(612) Concurrent Mark Cycle
[2024-08-28T01:10:27.178+0000][info][gc,marking  ] GC(612) Concurrent Clear Claimed Marks
[2024-08-28T01:10:27.178+0000][info][gc,marking  ] GC(612) Concurrent Clear Claimed Marks 0.026ms
[2024-08-28T01:10:27.178+0000][info][gc,marking  ] GC(612) Concurrent Scan Root Regions
[2024-08-28T01:10:27.182+0000][info][gc,marking  ] GC(612) Concurrent Scan Root Regions 3.773ms
[2024-08-28T01:10:27.182+0000][info][gc,marking  ] GC(612) Concurrent Mark
[2024-08-28T01:10:27.182+0000][info][gc,marking  ] GC(612) Concurrent Mark From Roots
[2024-08-28T01:10:27.182+0000][info][gc,task     ] GC(612) Using 17 workers of 17 for marking
[2024-08-28T01:10:27.200+0000][info][gc,marking  ] GC(612) Concurrent Mark From Roots 18.554ms
[2024-08-28T01:10:27.200+0000][info][gc,marking  ] GC(612) Concurrent Preclean
[2024-08-28T01:10:27.202+0000][info][gc,marking  ] GC(612) Concurrent Preclean 1.287ms
[2024-08-28T01:10:27.202+0000][info][gc,start    ] GC(612) Pause Remark
[2024-08-28T01:10:27.204+0000][info][gc          ] GC(612) Pause Remark 1586M->1377M(2048M) 1.980ms
[2024-08-28T01:10:27.204+0000][info][gc,cpu      ] GC(612) User=0.02s Sys=0.00s Real=0.00s
[2024-08-28T01:10:27.204+0000][info][gc,marking  ] GC(612) Concurrent Mark 22.289ms
[2024-08-28T01:10:27.204+0000][info][gc,marking  ] GC(612) Concurrent Rebuild Remembered Sets
[2024-08-28T01:10:27.250+0000][info][gc,start    ] GC(613) Pause Young (Normal) (G1 Evacuation Pause)
[2024-08-28T01:10:27.251+0000][info][gc,task     ] GC(613) Using 49 workers of 68 for evacuation
[2024-08-28T01:10:27.269+0000][info][gc,phases   ] GC(613)   Pre Evacuate Collection Set: 0.4ms
[2024-08-28T01:10:27.269+0000][info][gc,phases   ] GC(613)   Merge Heap Roots: 0.9ms
[2024-08-28T01:10:27.269+0000][info][gc,phases   ] GC(613)   Evacuate Collection Set: 15.8ms
[2024-08-28T01:10:27.269+0000][info][gc,phases   ] GC(613)   Post Evacuate Collection Set: 0.9ms
[2024-08-28T01:10:27.269+0000][info][gc,phases   ] GC(613)   Other: 0.3ms
[2024-08-28T01:10:27.269+0000][info][gc,heap     ] GC(613) Eden regions: 88->0(126)
[2024-08-28T01:10:27.269+0000][info][gc,heap     ] GC(613) Survivor regions: 19->14(14)
[2024-08-28T01:10:27.269+0000][info][gc,heap     ] GC(613) Old regions: 1329->1428
[2024-08-28T01:10:27.269+0000][info][gc,heap     ] GC(613) Archive regions: 2->2
[2024-08-28T01:10:27.269+0000][info][gc,heap     ] GC(613) Humongous regions: 5->5
[2024-08-28T01:10:27.269+0000][info][gc,metaspace] GC(613) Metaspace: 100K(320K)->100K(320K) NonClass: 96K(192K)->96K(192K) Class: 4K(128K)->4K(128K)
[2024-08-28T01:10:27.269+0000][info][gc          ] GC(613) Pause Young (Normal) (G1 Evacuation Pause) 1441M->1447M(2048M) 18.214ms
[2024-08-28T01:10:27.269+0000][info][gc,cpu      ] GC(613) User=0.82s Sys=0.00s Real=0.01s
[2024-08-28T01:10:27.272+0000][info][gc,marking  ] GC(612) Concurrent Rebuild Remembered Sets 67.982ms
[2024-08-28T01:10:27.272+0000][info][gc,start    ] GC(612) Pause Cleanup
[2024-08-28T01:10:27.275+0000][info][gc          ] GC(612) Pause Cleanup 1452M->1452M(2048M) 3.090ms
[2024-08-28T01:10:27.276+0000][info][gc,cpu      ] GC(612) User=0.01s Sys=0.00s Real=0.00s
[2024-08-28T01:10:27.276+0000][info][gc,marking  ] GC(612) Concurrent Cleanup for Next Mark
[2024-08-28T01:10:27.277+0000][info][gc,marking  ] GC(612) Concurrent Cleanup for Next Mark 1.175ms
[2024-08-28T01:10:27.277+0000][info][gc          ] GC(612) Concurrent Mark Cycle 98.912ms
[2024-08-28T01:10:27.337+0000][info][gc,start    ] GC(614) Pause Young (Prepare Mixed) (G1 Evacuation Pause)
[2024-08-28T01:10:27.337+0000][info][gc,task     ] GC(614) Using 49 workers of 68 for evacuation
[2024-08-28T01:10:27.363+0000][info][gc,phases   ] GC(614)   Pre Evacuate Collection Set: 0.3ms
[2024-08-28T01:10:27.363+0000][info][gc,phases   ] GC(614)   Merge Heap Roots: 1.4ms
[2024-08-28T01:10:27.363+0000][info][gc,phases   ] GC(614)   Evacuate Collection Set: 24.4ms
[2024-08-28T01:10:27.363+0000][info][gc,phases   ] GC(614)   Post Evacuate Collection Set: 0.5ms
[2024-08-28T01:10:27.363+0000][info][gc,phases   ] GC(614)   Other: 0.2ms
[2024-08-28T01:10:27.363+0000][info][gc,heap     ] GC(614) Eden regions: 126->0(84)
[2024-08-28T01:10:27.363+0000][info][gc,heap     ] GC(614) Survivor regions: 14->18(18)
[2024-08-28T01:10:27.363+0000][info][gc,heap     ] GC(614) Old regions: 1428->1552
[2024-08-28T01:10:27.363+0000][info][gc,heap     ] GC(614) Archive regions: 2->2
[2024-08-28T01:10:27.363+0000][info][gc,heap     ] GC(614) Humongous regions: 5->5
[2024-08-28T01:10:27.363+0000][info][gc,metaspace] GC(614) Metaspace: 100K(320K)->100K(320K) NonClass: 96K(192K)->96K(192K) Class: 4K(128K)->4K(128K)
[2024-08-28T01:10:27.363+0000][info][gc          ] GC(614) Pause Young (Prepare Mixed) (G1 Evacuation Pause) 1573M->1575M(2048M) 26.971ms
[2024-08-28T01:10:27.364+0000][info][gc,cpu      ] GC(614) User=1.25s Sys=0.00s Real=0.03s
[2024-08-28T01:10:27.405+0000][info][gc,start    ] GC(615) Pause Young (Mixed) (G1 Evacuation Pause)
[2024-08-28T01:10:27.405+0000][info][gc,task     ] GC(615) Using 49 workers of 68 for evacuation
[2024-08-28T01:10:27.422+0000][info][gc,phases   ] GC(615)   Pre Evacuate Collection Set: 0.3ms
[2024-08-28T01:10:27.422+0000][info][gc,phases   ] GC(615)   Merge Heap Roots: 0.5ms
[2024-08-28T01:10:27.422+0000][info][gc,phases   ] GC(615)   Evacuate Collection Set: 16.1ms
[2024-08-28T01:10:27.422+0000][info][gc,phases   ] GC(615)   Post Evacuate Collection Set: 0.5ms
[2024-08-28T01:10:27.422+0000][info][gc,phases   ] GC(615)   Other: 0.3ms
[2024-08-28T01:10:27.422+0000][info][gc,heap     ] GC(615) Eden regions: 84->0(89)
[2024-08-28T01:10:27.422+0000][info][gc,heap     ] GC(615) Survivor regions: 18->13(13)
[2024-08-28T01:10:27.422+0000][info][gc,heap     ] GC(615) Old regions: 1552->1524
[2024-08-28T01:10:27.422+0000][info][gc,heap     ] GC(615) Archive regions: 2->2
[2024-08-28T01:10:27.422+0000][info][gc,heap     ] GC(615) Humongous regions: 5->5
[2024-08-28T01:10:27.422+0000][info][gc,metaspace] GC(615) Metaspace: 100K(320K)->100K(320K) NonClass: 96K(192K)->96K(192K) Class: 4K(128K)->4K(128K)
[2024-08-28T01:10:27.422+0000][info][gc          ] GC(615) Pause Young (Mixed) (G1 Evacuation Pause) 1659M->1542M(2048M) 17.708ms
[2024-08-28T01:10:27.423+0000][info][gc,cpu      ] GC(615) User=0.80s Sys=0.00s Real=0.02s
[2024-08-28T01:10:27.466+0000][info][gc,start    ] GC(616) Pause Young (Mixed) (G1 Evacuation Pause)
[2024-08-28T01:10:27.466+0000][info][gc,task     ] GC(616) Using 49 workers of 68 for evacuation
[2024-08-28T01:10:27.484+0000][info][gc,phases   ] GC(616)   Pre Evacuate Collection Set: 0.4ms
[2024-08-28T01:10:27.484+0000][info][gc,phases   ] GC(616)   Merge Heap Roots: 0.8ms
[2024-08-28T01:10:27.484+0000][info][gc,phases   ] GC(616)   Evacuate Collection Set: 15.7ms
[2024-08-28T01:10:27.484+0000][info][gc,phases   ] GC(616)   Post Evacuate Collection Set: 0.5ms
[2024-08-28T01:10:27.484+0000][info][gc,phases   ] GC(616)   Other: 0.2ms
[2024-08-28T01:10:27.484+0000][info][gc,heap     ] GC(616) Eden regions: 89->0(89)
[2024-08-28T01:10:27.484+0000][info][gc,heap     ] GC(616) Survivor regions: 13->13(13)
[2024-08-28T01:10:27.484+0000][info][gc,heap     ] GC(616) Old regions: 1524->1495
[2024-08-28T01:10:27.484+0000][info][gc,heap     ] GC(616) Archive regions: 2->2
[2024-08-28T01:10:27.484+0000][info][gc,heap     ] GC(616) Humongous regions: 5->5
[2024-08-28T01:10:27.484+0000][info][gc,metaspace] GC(616) Metaspace: 100K(320K)->100K(320K) NonClass: 96K(192K)->96K(192K) Class: 4K(128K)->4K(128K)
[2024-08-28T01:10:27.484+0000][info][gc          ] GC(616) Pause Young (Mixed) (G1 Evacuation Pause) 1631M->1513M(2048M) 17.742ms
[2024-08-28T01:10:27.484+0000][info][gc,cpu      ] GC(616) User=0.80s Sys=0.00s Real=0.02s
[2024-08-28T01:10:27.527+0000][info][gc,start    ] GC(617) Pause Young (Mixed) (G1 Evacuation Pause)
[2024-08-28T01:10:27.527+0000][info][gc,task     ] GC(617) Using 49 workers of 68 for evacuation
[2024-08-28T01:10:27.544+0000][info][gc,phases   ] GC(617)   Pre Evacuate Collection Set: 0.4ms
[2024-08-28T01:10:27.544+0000][info][gc,phases   ] GC(617)   Merge Heap Roots: 0.5ms
[2024-08-28T01:10:27.544+0000][info][gc,phases   ] GC(617)   Evacuate Collection Set: 15.4ms
[2024-08-28T01:10:27.544+0000][info][gc,phases   ] GC(617)   Post Evacuate Collection Set: 0.5ms
[2024-08-28T01:10:27.544+0000][info][gc,phases   ] GC(617)   Other: 0.3ms
[2024-08-28T01:10:27.544+0000][info][gc,heap     ] GC(617) Eden regions: 89->0(89)
[2024-08-28T01:10:27.544+0000][info][gc,heap     ] GC(617) Survivor regions: 13->13(13)
[2024-08-28T01:10:27.544+0000][info][gc,heap     ] GC(617) Old regions: 1495->1465
[2024-08-28T01:10:27.544+0000][info][gc,heap     ] GC(617) Archive regions: 2->2
[2024-08-28T01:10:27.544+0000][info][gc,heap     ] GC(617) Humongous regions: 5->5
[2024-08-28T01:10:27.544+0000][info][gc,metaspace] GC(617) Metaspace: 100K(320K)->100K(320K) NonClass: 96K(192K)->96K(192K) Class: 4K(128K)->4K(128K)
[2024-08-28T01:10:27.544+0000][info][gc          ] GC(617) Pause Young (Mixed) (G1 Evacuation Pause) 1602M->1483M(2048M) 17.283ms
[2024-08-28T01:10:27.544+0000][info][gc,cpu      ] GC(617) User=0.78s Sys=0.00s Real=0.02s
[2024-08-28T01:10:27.588+0000][info][gc,start    ] GC(618) Pause Young (Mixed) (G1 Evacuation Pause)
[2024-08-28T01:10:27.588+0000][info][gc,task     ] GC(618) Using 49 workers of 68 for evacuation
[2024-08-28T01:10:27.606+0000][info][gc,phases   ] GC(618)   Pre Evacuate Collection Set: 0.5ms
[2024-08-28T01:10:27.606+0000][info][gc,phases   ] GC(618)   Merge Heap Roots: 0.9ms
[2024-08-28T01:10:27.606+0000][info][gc,phases   ] GC(618)   Evacuate Collection Set: 16.1ms
[2024-08-28T01:10:27.606+0000][info][gc,phases   ] GC(618)   Post Evacuate Collection Set: 0.5ms
[2024-08-28T01:10:27.606+0000][info][gc,phases   ] GC(618)   Other: 0.2ms
[2024-08-28T01:10:27.606+0000][info][gc,heap     ] GC(618) Eden regions: 89->0(89)
[2024-08-28T01:10:27.606+0000][info][gc,heap     ] GC(618) Survivor regions: 13->13(13)
[2024-08-28T01:10:27.606+0000][info][gc,heap     ] GC(618) Old regions: 1465->1437
[2024-08-28T01:10:27.606+0000][info][gc,heap     ] GC(618) Archive regions: 2->2
[2024-08-28T01:10:27.606+0000][info][gc,heap     ] GC(618) Humongous regions: 5->5
[2024-08-28T01:10:27.606+0000][info][gc,metaspace] GC(618) Metaspace: 100K(320K)->100K(320K) NonClass: 96K(192K)->96K(192K) Class: 4K(128K)->4K(128K)
[2024-08-28T01:10:27.606+0000][info][gc          ] GC(618) Pause Young (Mixed) (G1 Evacuation Pause) 1572M->1455M(2048M) 18.267ms
[2024-08-28T01:10:27.606+0000][info][gc,cpu      ] GC(618) User=0.81s Sys=0.01s Real=0.02s
[2024-08-28T01:10:27.653+0000][info][gc,start    ] GC(619) Pause Young (Mixed) (G1 Evacuation Pause)
[2024-08-28T01:10:27.653+0000][info][gc,task     ] GC(619) Using 49 workers of 68 for evacuation
[2024-08-28T01:10:27.671+0000][info][gc,phases   ] GC(619)   Pre Evacuate Collection Set: 0.4ms
[2024-08-28T01:10:27.671+0000][info][gc,phases   ] GC(619)   Merge Heap Roots: 0.5ms
[2024-08-28T01:10:27.671+0000][info][gc,phases   ] GC(619)   Evacuate Collection Set: 16.4ms
[2024-08-28T01:10:27.671+0000][info][gc,phases   ] GC(619)   Post Evacuate Collection Set: 0.6ms
[2024-08-28T01:10:27.671+0000][info][gc,phases   ] GC(619)   Other: 0.2ms
[2024-08-28T01:10:27.671+0000][info][gc,heap     ] GC(619) Eden regions: 89->0(89)
[2024-08-28T01:10:27.671+0000][info][gc,heap     ] GC(619) Survivor regions: 13->13(13)
[2024-08-28T01:10:27.671+0000][info][gc,heap     ] GC(619) Old regions: 1437->1406
[2024-08-28T01:10:27.671+0000][info][gc,heap     ] GC(619) Archive regions: 2->2
[2024-08-28T01:10:27.671+0000][info][gc,heap     ] GC(619) Humongous regions: 5->5
[2024-08-28T01:10:27.671+0000][info][gc,metaspace] GC(619) Metaspace: 100K(320K)->100K(320K) NonClass: 96K(192K)->96K(192K) Class: 4K(128K)->4K(128K)
[2024-08-28T01:10:27.671+0000][info][gc          ] GC(619) Pause Young (Mixed) (G1 Evacuation Pause) 1544M->1424M(2048M) 18.163ms
[2024-08-28T01:10:27.671+0000][info][gc,cpu      ] GC(619) User=0.83s Sys=0.00s Real=0.02s
[2024-08-28T01:10:27.714+0000][info][gc,heap,exit] Heap
[2024-08-28T01:10:27.714+0000][info][gc,heap,exit]  garbage-first heap   total 2097152K, used 1499104K [0x0000000080000000, 0x0000000100000000)
[2024-08-28T01:10:27.714+0000][info][gc,heap,exit]   region size 1024K, 52 young (53248K), 13 survivors (13312K)
[2024-08-28T01:10:27.714+0000][info][gc,heap,exit]  Metaspace       used 207K, committed 384K, reserved 1114112K
[2024-08-28T01:10:27.714+0000][info][gc,heap,exit]   class space    used 7K, committed 128K, reserved 1048576K
