[2024-08-28T13:01:25.076+0000][info][gc] Using G1
[2024-08-28T13:01:25.108+0000][info][gc,init] Version: 17.0.7+7-Ubuntu-0ubuntu118.04 (release)
[2024-08-28T13:01:25.108+0000][info][gc,init] CPUs: 104 total, 104 available
[2024-08-28T13:01:25.108+0000][info][gc,init] Memory: 251G
[2024-08-28T13:01:25.108+0000][info][gc,init] Large Page Support: Disabled
[2024-08-28T13:01:25.108+0000][info][gc,init] NUMA Support: Disabled
[2024-08-28T13:01:25.108+0000][info][gc,init] Compressed Oops: Enabled (32-bit)
[2024-08-28T13:01:25.108+0000][info][gc,init] Heap Region Size: 1M
[2024-08-28T13:01:25.108+0000][info][gc,init] Heap Min Capacity: 8M
[2024-08-28T13:01:25.108+0000][info][gc,init] Heap Initial Capacity: 2G
[2024-08-28T13:01:25.108+0000][info][gc,init] Heap Max Capacity: 2G
[2024-08-28T13:01:25.108+0000][info][gc,init] Pre-touch: Disabled
[2024-08-28T13:01:25.108+0000][info][gc,init] Parallel Workers: 68
[2024-08-28T13:01:25.108+0000][info][gc,init] Concurrent Workers: 17
[2024-08-28T13:01:25.108+0000][info][gc,init] Concurrent Refinement Workers: 68
[2024-08-28T13:01:25.108+0000][info][gc,init] Periodic GC: Disabled
[2024-08-28T13:01:25.108+0000][info][gc,metaspace] CDS archive(s) mapped at: [0x0000000800000000-0x0000000800be2000-0x0000000800be2000), size 12460032, SharedBaseAddress: 0x0000000800000000, ArchiveRelocationMode: 0.
[2024-08-28T13:01:25.108+0000][info][gc,metaspace] Compressed class space mapped at: 0x0000000801000000-0x0000000841000000, reserved size: 1073741824
[2024-08-28T13:01:25.108+0000][info][gc,metaspace] Narrow klass base: 0x0000000800000000, Narrow klass shift: 0, Narrow klass range: 0x100000000
[2024-08-28T13:01:25.243+0000][info][gc,start    ] GC(0) Pause Young (Normal) (G1 Evacuation Pause)
[2024-08-28T13:01:25.252+0000][info][gc,task     ] GC(0) Using 49 workers of 68 for evacuation
[2024-08-28T13:01:25.272+0000][info][gc,phases   ] GC(0)   Pre Evacuate Collection Set: 0.8ms
[2024-08-28T13:01:25.272+0000][info][gc,phases   ] GC(0)   Merge Heap Roots: 0.4ms
[2024-08-28T13:01:25.272+0000][info][gc,phases   ] GC(0)   Evacuate Collection Set: 17.6ms
[2024-08-28T13:01:25.272+0000][info][gc,phases   ] GC(0)   Post Evacuate Collection Set: 0.9ms
[2024-08-28T13:01:25.272+0000][info][gc,phases   ] GC(0)   Other: 9.1ms
[2024-08-28T13:01:25.272+0000][info][gc,heap     ] GC(0) Eden regions: 102->0(89)
[2024-08-28T13:01:25.272+0000][info][gc,heap     ] GC(0) Survivor regions: 0->13(13)
[2024-08-28T13:01:25.272+0000][info][gc,heap     ] GC(0) Old regions: 0->91
[2024-08-28T13:01:25.272+0000][info][gc,heap     ] GC(0) Archive regions: 2->2
[2024-08-28T13:01:25.272+0000][info][gc,heap     ] GC(0) Humongous regions: 1->1
[2024-08-28T13:01:25.272+0000][info][gc,metaspace] GC(0) Metaspace: 97K(320K)->97K(320K) NonClass: 93K(192K)->93K(192K) Class: 4K(128K)->4K(128K)
[2024-08-28T13:01:25.272+0000][info][gc          ] GC(0) Pause Young (Normal) (G1 Evacuation Pause) 103M->105M(2048M) 28.808ms
[2024-08-28T13:01:25.272+0000][info][gc,cpu      ] GC(0) User=0.40s Sys=0.46s Real=0.03s
[2024-08-28T13:01:25.307+0000][info][gc,start    ] GC(1) Pause Young (Normal) (G1 Evacuation Pause)
[2024-08-28T13:01:25.307+0000][info][gc,task     ] GC(1) Using 49 workers of 68 for evacuation
[2024-08-28T13:01:25.323+0000][info][gc,phases   ] GC(1)   Pre Evacuate Collection Set: 0.4ms
[2024-08-28T13:01:25.323+0000][info][gc,phases   ] GC(1)   Merge Heap Roots: 1.2ms
[2024-08-28T13:01:25.323+0000][info][gc,phases   ] GC(1)   Evacuate Collection Set: 13.4ms
[2024-08-28T13:01:25.323+0000][info][gc,phases   ] GC(1)   Post Evacuate Collection Set: 0.4ms
[2024-08-28T13:01:25.323+0000][info][gc,phases   ] GC(1)   Other: 0.2ms
[2024-08-28T13:01:25.323+0000][info][gc,heap     ] GC(1) Eden regions: 89->0(89)
[2024-08-28T13:01:25.323+0000][info][gc,heap     ] GC(1) Survivor regions: 13->13(13)
[2024-08-28T13:01:25.323+0000][info][gc,heap     ] GC(1) Old regions: 91->184
[2024-08-28T13:01:25.323+0000][info][gc,heap     ] GC(1) Archive regions: 2->2
[2024-08-28T13:01:25.323+0000][info][gc,heap     ] GC(1) Humongous regions: 3->3
[2024-08-28T13:01:25.323+0000][info][gc,metaspace] GC(1) Metaspace: 97K(320K)->97K(320K) NonClass: 93K(192K)->93K(192K) Class: 4K(128K)->4K(128K)
[2024-08-28T13:01:25.323+0000][info][gc          ] GC(1) Pause Young (Normal) (G1 Evacuation Pause) 196M->200M(2048M) 15.663ms
[2024-08-28T13:01:25.323+0000][info][gc,cpu      ] GC(1) User=0.37s Sys=0.28s Real=0.02s
[2024-08-28T13:01:25.363+0000][info][gc,start    ] GC(2) Pause Young (Normal) (G1 Evacuation Pause)
[2024-08-28T13:01:25.363+0000][info][gc,task     ] GC(2) Using 49 workers of 68 for evacuation
[2024-08-28T13:01:25.377+0000][info][gc,phases   ] GC(2)   Pre Evacuate Collection Set: 0.3ms
[2024-08-28T13:01:25.377+0000][info][gc,phases   ] GC(2)   Merge Heap Roots: 0.3ms
[2024-08-28T13:01:25.377+0000][info][gc,phases   ] GC(2)   Evacuate Collection Set: 12.7ms
[2024-08-28T13:01:25.377+0000][info][gc,phases   ] GC(2)   Post Evacuate Collection Set: 0.5ms
[2024-08-28T13:01:25.377+0000][info][gc,phases   ] GC(2)   Other: 0.2ms
[2024-08-28T13:01:25.377+0000][info][gc,heap     ] GC(2) Eden regions: 89->0(89)
[2024-08-28T13:01:25.377+0000][info][gc,heap     ] GC(2) Survivor regions: 13->13(13)
[2024-08-28T13:01:25.377+0000][info][gc,heap     ] GC(2) Old regions: 184->278
[2024-08-28T13:01:25.377+0000][info][gc,heap     ] GC(2) Archive regions: 2->2
[2024-08-28T13:01:25.377+0000][info][gc,heap     ] GC(2) Humongous regions: 6->6
[2024-08-28T13:01:25.377+0000][info][gc,metaspace] GC(2) Metaspace: 97K(320K)->97K(320K) NonClass: 93K(192K)->93K(192K) Class: 4K(128K)->4K(128K)
[2024-08-28T13:01:25.377+0000][info][gc          ] GC(2) Pause Young (Normal) (G1 Evacuation Pause) 292M->297M(2048M) 14.111ms
[2024-08-28T13:01:25.377+0000][info][gc,cpu      ] GC(2) User=0.29s Sys=0.34s Real=0.01s
[2024-08-28T13:01:25.409+0000][info][gc,start    ] GC(3) Pause Young (Normal) (G1 Evacuation Pause)
[2024-08-28T13:01:25.409+0000][info][gc,task     ] GC(3) Using 49 workers of 68 for evacuation
[2024-08-28T13:01:25.424+0000][info][gc,phases   ] GC(3)   Pre Evacuate Collection Set: 0.3ms
[2024-08-28T13:01:25.424+0000][info][gc,phases   ] GC(3)   Merge Heap Roots: 0.2ms
[2024-08-28T13:01:25.424+0000][info][gc,phases   ] GC(3)   Evacuate Collection Set: 13.0ms
[2024-08-28T13:01:25.424+0000][info][gc,phases   ] GC(3)   Post Evacuate Collection Set: 0.5ms
[2024-08-28T13:01:25.424+0000][info][gc,phases   ] GC(3)   Other: 0.2ms
[2024-08-28T13:01:25.424+0000][info][gc,heap     ] GC(3) Eden regions: 89->0(89)
[2024-08-28T13:01:25.424+0000][info][gc,heap     ] GC(3) Survivor regions: 13->13(13)
[2024-08-28T13:01:25.424+0000][info][gc,heap     ] GC(3) Old regions: 278->373
[2024-08-28T13:01:25.424+0000][info][gc,heap     ] GC(3) Archive regions: 2->2
[2024-08-28T13:01:25.424+0000][info][gc,heap     ] GC(3) Humongous regions: 6->6
[2024-08-28T13:01:25.424+0000][info][gc,metaspace] GC(3) Metaspace: 97K(320K)->97K(320K) NonClass: 93K(192K)->93K(192K) Class: 4K(128K)->4K(128K)
[2024-08-28T13:01:25.424+0000][info][gc          ] GC(3) Pause Young (Normal) (G1 Evacuation Pause) 386M->392M(2048M) 14.353ms
[2024-08-28T13:01:25.424+0000][info][gc,cpu      ] GC(3) User=0.35s Sys=0.29s Real=0.02s
[2024-08-28T13:01:25.495+0000][info][gc,start    ] GC(4) Pause Young (Normal) (G1 Evacuation Pause)
[2024-08-28T13:01:25.495+0000][info][gc,task     ] GC(4) Using 49 workers of 68 for evacuation
[2024-08-28T13:01:25.510+0000][info][gc,phases   ] GC(4)   Pre Evacuate Collection Set: 0.3ms
[2024-08-28T13:01:25.510+0000][info][gc,phases   ] GC(4)   Merge Heap Roots: 0.4ms
[2024-08-28T13:01:25.510+0000][info][gc,phases   ] GC(4)   Evacuate Collection Set: 13.5ms
[2024-08-28T13:01:25.510+0000][info][gc,phases   ] GC(4)   Post Evacuate Collection Set: 0.6ms
[2024-08-28T13:01:25.510+0000][info][gc,phases   ] GC(4)   Other: 0.2ms
[2024-08-28T13:01:25.510+0000][info][gc,heap     ] GC(4) Eden regions: 89->0(89)
[2024-08-28T13:01:25.510+0000][info][gc,heap     ] GC(4) Survivor regions: 13->13(13)
[2024-08-28T13:01:25.510+0000][info][gc,heap     ] GC(4) Old regions: 373->467
[2024-08-28T13:01:25.510+0000][info][gc,heap     ] GC(4) Archive regions: 2->2
[2024-08-28T13:01:25.510+0000][info][gc,heap     ] GC(4) Humongous regions: 11->11
[2024-08-28T13:01:25.510+0000][info][gc,metaspace] GC(4) Metaspace: 100K(320K)->100K(320K) NonClass: 95K(192K)->95K(192K) Class: 4K(128K)->4K(128K)
[2024-08-28T13:01:25.510+0000][info][gc          ] GC(4) Pause Young (Normal) (G1 Evacuation Pause) 486M->491M(2048M) 15.064ms
[2024-08-28T13:01:25.510+0000][info][gc,cpu      ] GC(4) User=0.32s Sys=0.35s Real=0.02s
[2024-08-28T13:01:25.582+0000][info][gc,start    ] GC(5) Pause Young (Normal) (G1 Evacuation Pause)
[2024-08-28T13:01:25.582+0000][info][gc,task     ] GC(5) Using 49 workers of 68 for evacuation
[2024-08-28T13:01:25.596+0000][info][gc,phases   ] GC(5)   Pre Evacuate Collection Set: 0.4ms
[2024-08-28T13:01:25.596+0000][info][gc,phases   ] GC(5)   Merge Heap Roots: 0.3ms
[2024-08-28T13:01:25.596+0000][info][gc,phases   ] GC(5)   Evacuate Collection Set: 13.3ms
[2024-08-28T13:01:25.596+0000][info][gc,phases   ] GC(5)   Post Evacuate Collection Set: 0.5ms
[2024-08-28T13:01:25.596+0000][info][gc,phases   ] GC(5)   Other: 0.2ms
[2024-08-28T13:01:25.596+0000][info][gc,heap     ] GC(5) Eden regions: 89->0(89)
[2024-08-28T13:01:25.596+0000][info][gc,heap     ] GC(5) Survivor regions: 13->13(13)
[2024-08-28T13:01:25.596+0000][info][gc,heap     ] GC(5) Old regions: 467->561
[2024-08-28T13:01:25.596+0000][info][gc,heap     ] GC(5) Archive regions: 2->2
[2024-08-28T13:01:25.596+0000][info][gc,heap     ] GC(5) Humongous regions: 11->11
[2024-08-28T13:01:25.596+0000][info][gc,metaspace] GC(5) Metaspace: 100K(320K)->100K(320K) NonClass: 96K(192K)->96K(192K) Class: 4K(128K)->4K(128K)
[2024-08-28T13:01:25.597+0000][info][gc          ] GC(5) Pause Young (Normal) (G1 Evacuation Pause) 580M->585M(2048M) 14.711ms
[2024-08-28T13:01:25.597+0000][info][gc,cpu      ] GC(5) User=0.25s Sys=0.41s Real=0.01s
[2024-08-28T13:01:25.661+0000][info][gc,start    ] GC(6) Pause Young (Normal) (G1 Evacuation Pause)
[2024-08-28T13:01:25.661+0000][info][gc,task     ] GC(6) Using 49 workers of 68 for evacuation
[2024-08-28T13:01:25.676+0000][info][gc,phases   ] GC(6)   Pre Evacuate Collection Set: 0.4ms
[2024-08-28T13:01:25.676+0000][info][gc,phases   ] GC(6)   Merge Heap Roots: 0.4ms
[2024-08-28T13:01:25.676+0000][info][gc,phases   ] GC(6)   Evacuate Collection Set: 13.4ms
[2024-08-28T13:01:25.676+0000][info][gc,phases   ] GC(6)   Post Evacuate Collection Set: 0.5ms
[2024-08-28T13:01:25.676+0000][info][gc,phases   ] GC(6)   Other: 0.2ms
[2024-08-28T13:01:25.676+0000][info][gc,heap     ] GC(6) Eden regions: 89->0(89)
[2024-08-28T13:01:25.676+0000][info][gc,heap     ] GC(6) Survivor regions: 13->13(13)
[2024-08-28T13:01:25.676+0000][info][gc,heap     ] GC(6) Old regions: 561->654
[2024-08-28T13:01:25.676+0000][info][gc,heap     ] GC(6) Archive regions: 2->2
[2024-08-28T13:01:25.676+0000][info][gc,heap     ] GC(6) Humongous regions: 11->11
[2024-08-28T13:01:25.676+0000][info][gc,metaspace] GC(6) Metaspace: 100K(320K)->100K(320K) NonClass: 96K(192K)->96K(192K) Class: 4K(128K)->4K(128K)
[2024-08-28T13:01:25.676+0000][info][gc          ] GC(6) Pause Young (Normal) (G1 Evacuation Pause) 674M->678M(2048M) 14.902ms
[2024-08-28T13:01:25.676+0000][info][gc,cpu      ] GC(6) User=0.43s Sys=0.25s Real=0.01s
[2024-08-28T13:01:25.743+0000][info][gc,start    ] GC(7) Pause Young (Normal) (G1 Evacuation Pause)
[2024-08-28T13:01:25.743+0000][info][gc,task     ] GC(7) Using 49 workers of 68 for evacuation
[2024-08-28T13:01:25.758+0000][info][gc,phases   ] GC(7)   Pre Evacuate Collection Set: 0.3ms
[2024-08-28T13:01:25.758+0000][info][gc,phases   ] GC(7)   Merge Heap Roots: 0.3ms
[2024-08-28T13:01:25.758+0000][info][gc,phases   ] GC(7)   Evacuate Collection Set: 13.8ms
[2024-08-28T13:01:25.758+0000][info][gc,phases   ] GC(7)   Post Evacuate Collection Set: 0.5ms
[2024-08-28T13:01:25.758+0000][info][gc,phases   ] GC(7)   Other: 0.2ms
[2024-08-28T13:01:25.758+0000][info][gc,heap     ] GC(7) Eden regions: 89->0(89)
[2024-08-28T13:01:25.758+0000][info][gc,heap     ] GC(7) Survivor regions: 13->13(13)
[2024-08-28T13:01:25.758+0000][info][gc,heap     ] GC(7) Old regions: 654->748
[2024-08-28T13:01:25.758+0000][info][gc,heap     ] GC(7) Archive regions: 2->2
[2024-08-28T13:01:25.758+0000][info][gc,heap     ] GC(7) Humongous regions: 11->11
[2024-08-28T13:01:25.758+0000][info][gc,metaspace] GC(7) Metaspace: 100K(320K)->100K(320K) NonClass: 96K(192K)->96K(192K) Class: 4K(128K)->4K(128K)
[2024-08-28T13:01:25.758+0000][info][gc          ] GC(7) Pause Young (Normal) (G1 Evacuation Pause) 767M->772M(2048M) 15.135ms
[2024-08-28T13:01:25.758+0000][info][gc,cpu      ] GC(7) User=0.37s Sys=0.29s Real=0.02s
[2024-08-28T13:01:25.823+0000][info][gc,start    ] GC(8) Pause Young (Normal) (G1 Evacuation Pause)
[2024-08-28T13:01:25.823+0000][info][gc,task     ] GC(8) Using 49 workers of 68 for evacuation
[2024-08-28T13:01:25.838+0000][info][gc,phases   ] GC(8)   Pre Evacuate Collection Set: 0.3ms
[2024-08-28T13:01:25.838+0000][info][gc,phases   ] GC(8)   Merge Heap Roots: 0.5ms
[2024-08-28T13:01:25.838+0000][info][gc,phases   ] GC(8)   Evacuate Collection Set: 13.3ms
[2024-08-28T13:01:25.838+0000][info][gc,phases   ] GC(8)   Post Evacuate Collection Set: 0.5ms
[2024-08-28T13:01:25.838+0000][info][gc,phases   ] GC(8)   Other: 0.2ms
[2024-08-28T13:01:25.838+0000][info][gc,heap     ] GC(8) Eden regions: 89->0(89)
[2024-08-28T13:01:25.838+0000][info][gc,heap     ] GC(8) Survivor regions: 13->13(13)
[2024-08-28T13:01:25.838+0000][info][gc,heap     ] GC(8) Old regions: 748->842
[2024-08-28T13:01:25.838+0000][info][gc,heap     ] GC(8) Archive regions: 2->2
[2024-08-28T13:01:25.838+0000][info][gc,heap     ] GC(8) Humongous regions: 11->11
[2024-08-28T13:01:25.838+0000][info][gc,metaspace] GC(8) Metaspace: 100K(320K)->100K(320K) NonClass: 96K(192K)->96K(192K) Class: 4K(128K)->4K(128K)
[2024-08-28T13:01:25.838+0000][info][gc          ] GC(8) Pause Young (Normal) (G1 Evacuation Pause) 861M->866M(2048M) 14.882ms
[2024-08-28T13:01:25.838+0000][info][gc,cpu      ] GC(8) User=0.39s Sys=0.28s Real=0.02s
[2024-08-28T13:01:25.899+0000][info][gc,start    ] GC(9) Pause Young (Normal) (G1 Evacuation Pause)
[2024-08-28T13:01:25.899+0000][info][gc,task     ] GC(9) Using 49 workers of 68 for evacuation
[2024-08-28T13:01:25.914+0000][info][gc,phases   ] GC(9)   Pre Evacuate Collection Set: 0.3ms
[2024-08-28T13:01:25.914+0000][info][gc,phases   ] GC(9)   Merge Heap Roots: 0.3ms
[2024-08-28T13:01:25.914+0000][info][gc,phases   ] GC(9)   Evacuate Collection Set: 13.5ms
[2024-08-28T13:01:25.914+0000][info][gc,phases   ] GC(9)   Post Evacuate Collection Set: 0.5ms
[2024-08-28T13:01:25.914+0000][info][gc,phases   ] GC(9)   Other: 0.2ms
[2024-08-28T13:01:25.914+0000][info][gc,heap     ] GC(9) Eden regions: 89->0(89)
[2024-08-28T13:01:25.914+0000][info][gc,heap     ] GC(9) Survivor regions: 13->13(13)
[2024-08-28T13:01:25.914+0000][info][gc,heap     ] GC(9) Old regions: 842->937
[2024-08-28T13:01:25.914+0000][info][gc,heap     ] GC(9) Archive regions: 2->2
[2024-08-28T13:01:25.914+0000][info][gc,heap     ] GC(9) Humongous regions: 11->11
[2024-08-28T13:01:25.914+0000][info][gc,metaspace] GC(9) Metaspace: 100K(320K)->100K(320K) NonClass: 96K(192K)->96K(192K) Class: 4K(128K)->4K(128K)
[2024-08-28T13:01:25.914+0000][info][gc          ] GC(9) Pause Young (Normal) (G1 Evacuation Pause) 955M->961M(2048M) 14.941ms
[2024-08-28T13:01:25.914+0000][info][gc,cpu      ] GC(9) User=0.32s Sys=0.34s Real=0.01s
[2024-08-28T13:01:25.976+0000][info][gc,start    ] GC(10) Pause Young (Concurrent Start) (G1 Evacuation Pause)
[2024-08-28T13:01:25.976+0000][info][gc,task     ] GC(10) Using 49 workers of 68 for evacuation
[2024-08-28T13:01:25.992+0000][info][gc,phases   ] GC(10)   Pre Evacuate Collection Set: 0.3ms
[2024-08-28T13:01:25.992+0000][info][gc,phases   ] GC(10)   Merge Heap Roots: 0.7ms
[2024-08-28T13:01:25.992+0000][info][gc,phases   ] GC(10)   Evacuate Collection Set: 13.3ms
[2024-08-28T13:01:25.992+0000][info][gc,phases   ] GC(10)   Post Evacuate Collection Set: 0.5ms
[2024-08-28T13:01:25.992+0000][info][gc,phases   ] GC(10)   Other: 1.5ms
[2024-08-28T13:01:25.992+0000][info][gc,heap     ] GC(10) Eden regions: 89->0(89)
[2024-08-28T13:01:25.992+0000][info][gc,heap     ] GC(10) Survivor regions: 13->13(13)
[2024-08-28T13:01:25.992+0000][info][gc,heap     ] GC(10) Old regions: 937->1031
[2024-08-28T13:01:25.992+0000][info][gc,heap     ] GC(10) Archive regions: 2->2
[2024-08-28T13:01:25.992+0000][info][gc,heap     ] GC(10) Humongous regions: 11->11
[2024-08-28T13:01:25.992+0000][info][gc,metaspace] GC(10) Metaspace: 100K(320K)->100K(320K) NonClass: 96K(192K)->96K(192K) Class: 4K(128K)->4K(128K)
[2024-08-28T13:01:25.992+0000][info][gc          ] GC(10) Pause Young (Concurrent Start) (G1 Evacuation Pause) 1050M->1055M(2048M) 16.448ms
[2024-08-28T13:01:25.992+0000][info][gc,cpu      ] GC(10) User=0.33s Sys=0.34s Real=0.02s
[2024-08-28T13:01:25.992+0000][info][gc          ] GC(11) Concurrent Mark Cycle
[2024-08-28T13:01:25.992+0000][info][gc,marking  ] GC(11) Concurrent Clear Claimed Marks
[2024-08-28T13:01:25.992+0000][info][gc,marking  ] GC(11) Concurrent Clear Claimed Marks 0.009ms
[2024-08-28T13:01:25.992+0000][info][gc,marking  ] GC(11) Concurrent Scan Root Regions
[2024-08-28T13:01:26.000+0000][info][gc,marking  ] GC(11) Concurrent Scan Root Regions 7.304ms
[2024-08-28T13:01:26.000+0000][info][gc,marking  ] GC(11) Concurrent Mark
[2024-08-28T13:01:26.000+0000][info][gc,marking  ] GC(11) Concurrent Mark From Roots
[2024-08-28T13:01:26.000+0000][info][gc,task     ] GC(11) Using 17 workers of 17 for marking
[2024-08-28T13:01:26.023+0000][info][gc,marking  ] GC(11) Concurrent Mark From Roots 23.290ms
[2024-08-28T13:01:26.023+0000][info][gc,marking  ] GC(11) Concurrent Preclean
[2024-08-28T13:01:26.023+0000][info][gc,marking  ] GC(11) Concurrent Preclean 0.523ms
[2024-08-28T13:01:26.024+0000][info][gc,start    ] GC(11) Pause Remark
[2024-08-28T13:01:26.025+0000][info][gc          ] GC(11) Pause Remark 1079M->1072M(2048M) 1.570ms
[2024-08-28T13:01:26.025+0000][info][gc,cpu      ] GC(11) User=0.01s Sys=0.00s Real=0.00s
[2024-08-28T13:01:26.025+0000][info][gc,marking  ] GC(11) Concurrent Mark 25.889ms
[2024-08-28T13:01:26.026+0000][info][gc,marking  ] GC(11) Concurrent Rebuild Remembered Sets
[2024-08-28T13:01:26.075+0000][info][gc,marking  ] GC(11) Concurrent Rebuild Remembered Sets 49.895ms
[2024-08-28T13:01:26.076+0000][info][gc,start    ] GC(11) Pause Cleanup
[2024-08-28T13:01:26.078+0000][info][gc          ] GC(11) Pause Cleanup 1122M->1122M(2048M) 2.425ms
[2024-08-28T13:01:26.078+0000][info][gc,cpu      ] GC(11) User=0.01s Sys=0.00s Real=0.01s
[2024-08-28T13:01:26.078+0000][info][gc,marking  ] GC(11) Concurrent Cleanup for Next Mark
[2024-08-28T13:01:26.081+0000][info][gc,marking  ] GC(11) Concurrent Cleanup for Next Mark 2.751ms
[2024-08-28T13:01:26.081+0000][info][gc          ] GC(11) Concurrent Mark Cycle 89.011ms
[2024-08-28T13:01:26.093+0000][info][gc,start    ] GC(12) Pause Young (Prepare Mixed) (G1 Evacuation Pause)
[2024-08-28T13:01:26.093+0000][info][gc,task     ] GC(12) Using 49 workers of 68 for evacuation
[2024-08-28T13:01:26.108+0000][info][gc,phases   ] GC(12)   Pre Evacuate Collection Set: 0.4ms
[2024-08-28T13:01:26.108+0000][info][gc,phases   ] GC(12)   Merge Heap Roots: 0.7ms
[2024-08-28T13:01:26.108+0000][info][gc,phases   ] GC(12)   Evacuate Collection Set: 13.7ms
[2024-08-28T13:01:26.108+0000][info][gc,phases   ] GC(12)   Post Evacuate Collection Set: 0.5ms
[2024-08-28T13:01:26.108+0000][info][gc,phases   ] GC(12)   Other: 0.2ms
[2024-08-28T13:01:26.109+0000][info][gc,heap     ] GC(12) Eden regions: 89->0(89)
[2024-08-28T13:01:26.109+0000][info][gc,heap     ] GC(12) Survivor regions: 13->13(13)
[2024-08-28T13:01:26.109+0000][info][gc,heap     ] GC(12) Old regions: 1030->1123
[2024-08-28T13:01:26.109+0000][info][gc,heap     ] GC(12) Archive regions: 2->2
[2024-08-28T13:01:26.109+0000][info][gc,heap     ] GC(12) Humongous regions: 5->5
[2024-08-28T13:01:26.109+0000][info][gc,metaspace] GC(12) Metaspace: 100K(320K)->100K(320K) NonClass: 96K(192K)->96K(192K) Class: 4K(128K)->4K(128K)
[2024-08-28T13:01:26.109+0000][info][gc          ] GC(12) Pause Young (Prepare Mixed) (G1 Evacuation Pause) 1137M->1141M(2048M) 15.536ms
[2024-08-28T13:01:26.109+0000][info][gc,cpu      ] GC(12) User=0.37s Sys=0.33s Real=0.01s
[2024-08-28T13:01:26.167+0000][info][gc,start    ] GC(13) Pause Young (Mixed) (G1 Evacuation Pause)
[2024-08-28T13:01:26.167+0000][info][gc,task     ] GC(13) Using 49 workers of 68 for evacuation
[2024-08-28T13:01:26.182+0000][info][gc,phases   ] GC(13)   Pre Evacuate Collection Set: 0.6ms
[2024-08-28T13:01:26.182+0000][info][gc,phases   ] GC(13)   Merge Heap Roots: 0.3ms
[2024-08-28T13:01:26.182+0000][info][gc,phases   ] GC(13)   Evacuate Collection Set: 13.5ms
[2024-08-28T13:01:26.182+0000][info][gc,phases   ] GC(13)   Post Evacuate Collection Set: 0.6ms
[2024-08-28T13:01:26.182+0000][info][gc,phases   ] GC(13)   Other: 0.3ms
[2024-08-28T13:01:26.182+0000][info][gc,heap     ] GC(13) Eden regions: 89->0(89)
[2024-08-28T13:01:26.182+0000][info][gc,heap     ] GC(13) Survivor regions: 13->13(13)
[2024-08-28T13:01:26.182+0000][info][gc,heap     ] GC(13) Old regions: 1123->1156
[2024-08-28T13:01:26.182+0000][info][gc,heap     ] GC(13) Archive regions: 2->2
[2024-08-28T13:01:26.182+0000][info][gc,heap     ] GC(13) Humongous regions: 5->5
[2024-08-28T13:01:26.182+0000][info][gc,metaspace] GC(13) Metaspace: 100K(320K)->100K(320K) NonClass: 96K(192K)->96K(192K) Class: 4K(128K)->4K(128K)
[2024-08-28T13:01:26.182+0000][info][gc          ] GC(13) Pause Young (Mixed) (G1 Evacuation Pause) 1230M->1174M(2048M) 15.299ms
[2024-08-28T13:01:26.182+0000][info][gc,cpu      ] GC(13) User=0.35s Sys=0.27s Real=0.02s
[2024-08-28T13:01:26.240+0000][info][gc,start    ] GC(14) Pause Young (Mixed) (G1 Evacuation Pause)
[2024-08-28T13:01:26.240+0000][info][gc,task     ] GC(14) Using 49 workers of 68 for evacuation
[2024-08-28T13:01:26.255+0000][info][gc,phases   ] GC(14)   Pre Evacuate Collection Set: 0.4ms
[2024-08-28T13:01:26.255+0000][info][gc,phases   ] GC(14)   Merge Heap Roots: 0.4ms
[2024-08-28T13:01:26.255+0000][info][gc,phases   ] GC(14)   Evacuate Collection Set: 13.3ms
[2024-08-28T13:01:26.255+0000][info][gc,phases   ] GC(14)   Post Evacuate Collection Set: 0.5ms
[2024-08-28T13:01:26.255+0000][info][gc,phases   ] GC(14)   Other: 0.2ms
[2024-08-28T13:01:26.255+0000][info][gc,heap     ] GC(14) Eden regions: 89->0(89)
[2024-08-28T13:01:26.255+0000][info][gc,heap     ] GC(14) Survivor regions: 13->13(13)
[2024-08-28T13:01:26.255+0000][info][gc,heap     ] GC(14) Old regions: 1156->1187
[2024-08-28T13:01:26.255+0000][info][gc,heap     ] GC(14) Archive regions: 2->2
[2024-08-28T13:01:26.255+0000][info][gc,heap     ] GC(14) Humongous regions: 5->5
[2024-08-28T13:01:26.255+0000][info][gc,metaspace] GC(14) Metaspace: 100K(320K)->100K(320K) NonClass: 96K(192K)->96K(192K) Class: 4K(128K)->4K(128K)
[2024-08-28T13:01:26.255+0000][info][gc          ] GC(14) Pause Young (Mixed) (G1 Evacuation Pause) 1263M->1205M(2048M) 14.901ms
[2024-08-28T13:01:26.255+0000][info][gc,cpu      ] GC(14) User=0.62s Sys=0.03s Real=0.01s
[2024-08-28T13:01:26.312+0000][info][gc,start    ] GC(15) Pause Young (Mixed) (G1 Evacuation Pause)
[2024-08-28T13:01:26.312+0000][info][gc,task     ] GC(15) Using 49 workers of 68 for evacuation
[2024-08-28T13:01:26.328+0000][info][gc,phases   ] GC(15)   Pre Evacuate Collection Set: 0.4ms
[2024-08-28T13:01:26.328+0000][info][gc,phases   ] GC(15)   Merge Heap Roots: 0.3ms
[2024-08-28T13:01:26.328+0000][info][gc,phases   ] GC(15)   Evacuate Collection Set: 13.6ms
[2024-08-28T13:01:26.328+0000][info][gc,phases   ] GC(15)   Merge Optional Heap Roots: 0.1ms
[2024-08-28T13:01:26.328+0000][info][gc,phases   ] GC(15)   Evacuate Optional Collection Set: 0.6ms
[2024-08-28T13:01:26.328+0000][info][gc,phases   ] GC(15)   Post Evacuate Collection Set: 0.8ms
[2024-08-28T13:01:26.328+0000][info][gc,phases   ] GC(15)   Other: 0.2ms
[2024-08-28T13:01:26.328+0000][info][gc,heap     ] GC(15) Eden regions: 89->0(89)
[2024-08-28T13:01:26.328+0000][info][gc,heap     ] GC(15) Survivor regions: 13->13(13)
[2024-08-28T13:01:26.328+0000][info][gc,heap     ] GC(15) Old regions: 1187->1182
[2024-08-28T13:01:26.328+0000][info][gc,heap     ] GC(15) Archive regions: 2->2
[2024-08-28T13:01:26.328+0000][info][gc,heap     ] GC(15) Humongous regions: 5->5
[2024-08-28T13:01:26.328+0000][info][gc,metaspace] GC(15) Metaspace: 100K(320K)->100K(320K) NonClass: 96K(192K)->96K(192K) Class: 4K(128K)->4K(128K)
[2024-08-28T13:01:26.328+0000][info][gc          ] GC(15) Pause Young (Mixed) (G1 Evacuation Pause) 1294M->1200M(2048M) 16.105ms
[2024-08-28T13:01:26.328+0000][info][gc,cpu      ] GC(15) User=0.62s Sys=0.06s Real=0.01s
[2024-08-28T13:01:26.396+0000][info][gc,start    ] GC(16) Pause Young (Mixed) (G1 Evacuation Pause)
[2024-08-28T13:01:26.396+0000][info][gc,task     ] GC(16) Using 49 workers of 68 for evacuation
[2024-08-28T13:01:26.414+0000][info][gc,phases   ] GC(16)   Pre Evacuate Collection Set: 0.3ms
[2024-08-28T13:01:26.414+0000][info][gc,phases   ] GC(16)   Merge Heap Roots: 0.7ms
[2024-08-28T13:01:26.414+0000][info][gc,phases   ] GC(16)   Evacuate Collection Set: 16.3ms
[2024-08-28T13:01:26.414+0000][info][gc,phases   ] GC(16)   Post Evacuate Collection Set: 0.6ms
[2024-08-28T13:01:26.414+0000][info][gc,phases   ] GC(16)   Other: 0.2ms
[2024-08-28T13:01:26.414+0000][info][gc,heap     ] GC(16) Eden regions: 89->0(89)
[2024-08-28T13:01:26.414+0000][info][gc,heap     ] GC(16) Survivor regions: 13->13(13)
[2024-08-28T13:01:26.414+0000][info][gc,heap     ] GC(16) Old regions: 1182->1072
[2024-08-28T13:01:26.414+0000][info][gc,heap     ] GC(16) Archive regions: 2->2
[2024-08-28T13:01:26.414+0000][info][gc,heap     ] GC(16) Humongous regions: 5->5
[2024-08-28T13:01:26.414+0000][info][gc,metaspace] GC(16) Metaspace: 100K(320K)->100K(320K) NonClass: 96K(192K)->96K(192K) Class: 4K(128K)->4K(128K)
[2024-08-28T13:01:26.415+0000][info][gc          ] GC(16) Pause Young (Mixed) (G1 Evacuation Pause) 1289M->1090M(2048M) 18.286ms
[2024-08-28T13:01:26.415+0000][info][gc,cpu      ] GC(16) User=0.56s Sys=0.27s Real=0.02s
[2024-08-28T13:01:26.473+0000][info][gc,start    ] GC(17) Pause Young (Mixed) (G1 Evacuation Pause)
[2024-08-28T13:01:26.473+0000][info][gc,task     ] GC(17) Using 49 workers of 68 for evacuation
[2024-08-28T13:01:26.489+0000][info][gc,phases   ] GC(17)   Pre Evacuate Collection Set: 0.4ms
[2024-08-28T13:01:26.489+0000][info][gc,phases   ] GC(17)   Merge Heap Roots: 0.4ms
[2024-08-28T13:01:26.489+0000][info][gc,phases   ] GC(17)   Evacuate Collection Set: 14.7ms
[2024-08-28T13:01:26.489+0000][info][gc,phases   ] GC(17)   Post Evacuate Collection Set: 0.6ms
[2024-08-28T13:01:26.489+0000][info][gc,phases   ] GC(17)   Other: 0.2ms
[2024-08-28T13:01:26.490+0000][info][gc,heap     ] GC(17) Eden regions: 89->0(202)
[2024-08-28T13:01:26.490+0000][info][gc,heap     ] GC(17) Survivor regions: 13->13(13)
[2024-08-28T13:01:26.490+0000][info][gc,heap     ] GC(17) Old regions: 1072->1102
[2024-08-28T13:01:26.490+0000][info][gc,heap     ] GC(17) Archive regions: 2->2
[2024-08-28T13:01:26.490+0000][info][gc,heap     ] GC(17) Humongous regions: 5->5
[2024-08-28T13:01:26.490+0000][info][gc,metaspace] GC(17) Metaspace: 100K(320K)->100K(320K) NonClass: 96K(192K)->96K(192K) Class: 4K(128K)->4K(128K)
[2024-08-28T13:01:26.490+0000][info][gc          ] GC(17) Pause Young (Mixed) (G1 Evacuation Pause) 1179M->1120M(2048M) 16.296ms
[2024-08-28T13:01:26.490+0000][info][gc,cpu      ] GC(17) User=0.64s Sys=0.09s Real=0.02s
[2024-08-28T13:01:26.671+0000][info][gc,start    ] GC(18) Pause Young (Concurrent Start) (G1 Evacuation Pause)
[2024-08-28T13:01:26.672+0000][info][gc,task     ] GC(18) Using 49 workers of 68 for evacuation
[2024-08-28T13:01:26.701+0000][info][gc,phases   ] GC(18)   Pre Evacuate Collection Set: 0.4ms
[2024-08-28T13:01:26.701+0000][info][gc,phases   ] GC(18)   Merge Heap Roots: 0.5ms
[2024-08-28T13:01:26.701+0000][info][gc,phases   ] GC(18)   Evacuate Collection Set: 26.7ms
[2024-08-28T13:01:26.701+0000][info][gc,phases   ] GC(18)   Post Evacuate Collection Set: 0.7ms
[2024-08-28T13:01:26.701+0000][info][gc,phases   ] GC(18)   Other: 0.9ms
[2024-08-28T13:01:26.701+0000][info][gc,heap     ] GC(18) Eden regions: 202->0(164)
[2024-08-28T13:01:26.701+0000][info][gc,heap     ] GC(18) Survivor regions: 13->27(27)
[2024-08-28T13:01:26.701+0000][info][gc,heap     ] GC(18) Old regions: 1102->1288
[2024-08-28T13:01:26.701+0000][info][gc,heap     ] GC(18) Archive regions: 2->2
[2024-08-28T13:01:26.701+0000][info][gc,heap     ] GC(18) Humongous regions: 5->5
[2024-08-28T13:01:26.701+0000][info][gc,metaspace] GC(18) Metaspace: 100K(320K)->100K(320K) NonClass: 96K(192K)->96K(192K) Class: 4K(128K)->4K(128K)
[2024-08-28T13:01:26.701+0000][info][gc          ] GC(18) Pause Young (Concurrent Start) (G1 Evacuation Pause) 1322M->1320M(2048M) 29.231ms
[2024-08-28T13:01:26.701+0000][info][gc,cpu      ] GC(18) User=1.20s Sys=0.12s Real=0.03s
[2024-08-28T13:01:26.701+0000][info][gc          ] GC(19) Concurrent Mark Cycle
[2024-08-28T13:01:26.701+0000][info][gc,marking  ] GC(19) Concurrent Clear Claimed Marks
[2024-08-28T13:01:26.701+0000][info][gc,marking  ] GC(19) Concurrent Clear Claimed Marks 0.009ms
[2024-08-28T13:01:26.701+0000][info][gc,marking  ] GC(19) Concurrent Scan Root Regions
[2024-08-28T13:01:26.707+0000][info][gc,marking  ] GC(19) Concurrent Scan Root Regions 5.711ms
[2024-08-28T13:01:26.707+0000][info][gc,marking  ] GC(19) Concurrent Mark
[2024-08-28T13:01:26.707+0000][info][gc,marking  ] GC(19) Concurrent Mark From Roots
[2024-08-28T13:01:26.707+0000][info][gc,task     ] GC(19) Using 17 workers of 17 for marking
[2024-08-28T13:01:26.724+0000][info][gc,marking  ] GC(19) Concurrent Mark From Roots 17.371ms
[2024-08-28T13:01:26.724+0000][info][gc,marking  ] GC(19) Concurrent Preclean
[2024-08-28T13:01:26.726+0000][info][gc,marking  ] GC(19) Concurrent Preclean 1.664ms
[2024-08-28T13:01:26.726+0000][info][gc,start    ] GC(19) Pause Remark
[2024-08-28T13:01:26.728+0000][info][gc          ] GC(19) Pause Remark 1348M->1300M(2048M) 1.864ms
[2024-08-28T13:01:26.728+0000][info][gc,cpu      ] GC(19) User=0.01s Sys=0.01s Real=0.00s
[2024-08-28T13:01:26.728+0000][info][gc,marking  ] GC(19) Concurrent Mark 21.431ms
[2024-08-28T13:01:26.728+0000][info][gc,marking  ] GC(19) Concurrent Rebuild Remembered Sets
[2024-08-28T13:01:26.775+0000][info][gc,marking  ] GC(19) Concurrent Rebuild Remembered Sets 46.999ms
[2024-08-28T13:01:26.775+0000][info][gc,start    ] GC(19) Pause Cleanup
[2024-08-28T13:01:26.779+0000][info][gc          ] GC(19) Pause Cleanup 1380M->1380M(2048M) 3.236ms
[2024-08-28T13:01:26.779+0000][info][gc,cpu      ] GC(19) User=0.01s Sys=0.00s Real=0.01s
[2024-08-28T13:01:26.779+0000][info][gc,marking  ] GC(19) Concurrent Cleanup for Next Mark
[2024-08-28T13:01:26.781+0000][info][gc,marking  ] GC(19) Concurrent Cleanup for Next Mark 2.527ms
[2024-08-28T13:01:26.781+0000][info][gc          ] GC(19) Concurrent Mark Cycle 80.602ms
[2024-08-28T13:01:26.815+0000][info][gc,start    ] GC(20) Pause Young (Prepare Mixed) (G1 Evacuation Pause)
[2024-08-28T13:01:26.815+0000][info][gc,task     ] GC(20) Using 49 workers of 68 for evacuation
[2024-08-28T13:01:26.840+0000][info][gc,phases   ] GC(20)   Pre Evacuate Collection Set: 0.3ms
[2024-08-28T13:01:26.840+0000][info][gc,phases   ] GC(20)   Merge Heap Roots: 0.5ms
[2024-08-28T13:01:26.840+0000][info][gc,phases   ] GC(20)   Evacuate Collection Set: 23.8ms
[2024-08-28T13:01:26.840+0000][info][gc,phases   ] GC(20)   Post Evacuate Collection Set: 0.7ms
[2024-08-28T13:01:26.840+0000][info][gc,phases   ] GC(20)   Other: 0.2ms
[2024-08-28T13:01:26.840+0000][info][gc,heap     ] GC(20) Eden regions: 164->0(78)
[2024-08-28T13:01:26.840+0000][info][gc,heap     ] GC(20) Survivor regions: 27->24(24)
[2024-08-28T13:01:26.840+0000][info][gc,heap     ] GC(20) Old regions: 1240->1411
[2024-08-28T13:01:26.840+0000][info][gc,heap     ] GC(20) Archive regions: 2->2
[2024-08-28T13:01:26.840+0000][info][gc,heap     ] GC(20) Humongous regions: 5->5
[2024-08-28T13:01:26.840+0000][info][gc,metaspace] GC(20) Metaspace: 100K(320K)->100K(320K) NonClass: 96K(192K)->96K(192K) Class: 4K(128K)->4K(128K)
[2024-08-28T13:01:26.840+0000][info][gc          ] GC(20) Pause Young (Prepare Mixed) (G1 Evacuation Pause) 1436M->1440M(2048M) 25.519ms
[2024-08-28T13:01:26.840+0000][info][gc,cpu      ] GC(20) User=0.77s Sys=0.41s Real=0.03s
[2024-08-28T13:01:26.892+0000][info][gc,start    ] GC(21) Pause Young (Mixed) (G1 Evacuation Pause)
[2024-08-28T13:01:26.892+0000][info][gc,task     ] GC(21) Using 49 workers of 68 for evacuation
[2024-08-28T13:01:26.910+0000][info][gc,phases   ] GC(21)   Pre Evacuate Collection Set: 0.4ms
[2024-08-28T13:01:26.910+0000][info][gc,phases   ] GC(21)   Merge Heap Roots: 0.5ms
[2024-08-28T13:01:26.910+0000][info][gc,phases   ] GC(21)   Evacuate Collection Set: 16.3ms
[2024-08-28T13:01:26.910+0000][info][gc,phases   ] GC(21)   Post Evacuate Collection Set: 0.6ms
[2024-08-28T13:01:26.910+0000][info][gc,phases   ] GC(21)   Other: 0.2ms
[2024-08-28T13:01:26.910+0000][info][gc,heap     ] GC(21) Eden regions: 78->0(89)
[2024-08-28T13:01:26.910+0000][info][gc,heap     ] GC(21) Survivor regions: 24->13(13)
[2024-08-28T13:01:26.910+0000][info][gc,heap     ] GC(21) Old regions: 1411->1303
[2024-08-28T13:01:26.910+0000][info][gc,heap     ] GC(21) Archive regions: 2->2
[2024-08-28T13:01:26.910+0000][info][gc,heap     ] GC(21) Humongous regions: 5->5
[2024-08-28T13:01:26.910+0000][info][gc,metaspace] GC(21) Metaspace: 100K(320K)->100K(320K) NonClass: 96K(192K)->96K(192K) Class: 4K(128K)->4K(128K)
[2024-08-28T13:01:26.910+0000][info][gc          ] GC(21) Pause Young (Mixed) (G1 Evacuation Pause) 1518M->1321M(2048M) 18.086ms
[2024-08-28T13:01:26.910+0000][info][gc,cpu      ] GC(21) User=0.59s Sys=0.24s Real=0.02s
[2024-08-28T13:01:26.984+0000][info][gc,start    ] GC(22) Pause Young (Mixed) (G1 Evacuation Pause)
[2024-08-28T13:01:26.984+0000][info][gc,task     ] GC(22) Using 49 workers of 68 for evacuation
[2024-08-28T13:01:27.001+0000][info][gc,phases   ] GC(22)   Pre Evacuate Collection Set: 0.3ms
[2024-08-28T13:01:27.001+0000][info][gc,phases   ] GC(22)   Merge Heap Roots: 0.5ms
[2024-08-28T13:01:27.001+0000][info][gc,phases   ] GC(22)   Evacuate Collection Set: 15.6ms
[2024-08-28T13:01:27.001+0000][info][gc,phases   ] GC(22)   Post Evacuate Collection Set: 0.6ms
[2024-08-28T13:01:27.001+0000][info][gc,phases   ] GC(22)   Other: 0.2ms
[2024-08-28T13:01:27.001+0000][info][gc,heap     ] GC(22) Eden regions: 89->0(89)
[2024-08-28T13:01:27.001+0000][info][gc,heap     ] GC(22) Survivor regions: 13->13(13)
[2024-08-28T13:01:27.001+0000][info][gc,heap     ] GC(22) Old regions: 1303->1193
[2024-08-28T13:01:27.001+0000][info][gc,heap     ] GC(22) Archive regions: 2->2
[2024-08-28T13:01:27.001+0000][info][gc,heap     ] GC(22) Humongous regions: 5->5
[2024-08-28T13:01:27.001+0000][info][gc,metaspace] GC(22) Metaspace: 100K(320K)->100K(320K) NonClass: 96K(192K)->96K(192K) Class: 4K(128K)->4K(128K)
[2024-08-28T13:01:27.001+0000][info][gc          ] GC(22) Pause Young (Mixed) (G1 Evacuation Pause) 1410M->1211M(2048M) 17.279ms
[2024-08-28T13:01:27.001+0000][info][gc,cpu      ] GC(22) User=0.78s Sys=0.00s Real=0.02s
[2024-08-28T13:01:27.073+0000][info][gc,start    ] GC(23) Pause Young (Mixed) (G1 Evacuation Pause)
[2024-08-28T13:01:27.073+0000][info][gc,task     ] GC(23) Using 49 workers of 68 for evacuation
[2024-08-28T13:01:27.091+0000][info][gc,phases   ] GC(23)   Pre Evacuate Collection Set: 0.3ms
[2024-08-28T13:01:27.091+0000][info][gc,phases   ] GC(23)   Merge Heap Roots: 0.6ms
[2024-08-28T13:01:27.091+0000][info][gc,phases   ] GC(23)   Evacuate Collection Set: 16.5ms
[2024-08-28T13:01:27.091+0000][info][gc,phases   ] GC(23)   Post Evacuate Collection Set: 0.6ms
[2024-08-28T13:01:27.091+0000][info][gc,phases   ] GC(23)   Other: 0.3ms
[2024-08-28T13:01:27.091+0000][info][gc,heap     ] GC(23) Eden regions: 89->0(89)
[2024-08-28T13:01:27.091+0000][info][gc,heap     ] GC(23) Survivor regions: 13->13(13)
[2024-08-28T13:01:27.091+0000][info][gc,heap     ] GC(23) Old regions: 1193->1082
[2024-08-28T13:01:27.091+0000][info][gc,heap     ] GC(23) Archive regions: 2->2
[2024-08-28T13:01:27.091+0000][info][gc,heap     ] GC(23) Humongous regions: 5->5
[2024-08-28T13:01:27.091+0000][info][gc,metaspace] GC(23) Metaspace: 100K(320K)->100K(320K) NonClass: 96K(192K)->96K(192K) Class: 4K(128K)->4K(128K)
[2024-08-28T13:01:27.091+0000][info][gc          ] GC(23) Pause Young (Mixed) (G1 Evacuation Pause) 1300M->1100M(2048M) 18.353ms
[2024-08-28T13:01:27.091+0000][info][gc,cpu      ] GC(23) User=0.84s Sys=0.00s Real=0.02s
[2024-08-28T13:01:27.162+0000][info][gc,start    ] GC(24) Pause Young (Mixed) (G1 Evacuation Pause)
[2024-08-28T13:01:27.162+0000][info][gc,task     ] GC(24) Using 49 workers of 68 for evacuation
[2024-08-28T13:01:27.181+0000][info][gc,phases   ] GC(24)   Pre Evacuate Collection Set: 0.3ms
[2024-08-28T13:01:27.181+0000][info][gc,phases   ] GC(24)   Merge Heap Roots: 0.6ms
[2024-08-28T13:01:27.181+0000][info][gc,phases   ] GC(24)   Evacuate Collection Set: 17.3ms
[2024-08-28T13:01:27.181+0000][info][gc,phases   ] GC(24)   Post Evacuate Collection Set: 0.5ms
[2024-08-28T13:01:27.181+0000][info][gc,phases   ] GC(24)   Other: 0.2ms
[2024-08-28T13:01:27.181+0000][info][gc,heap     ] GC(24) Eden regions: 89->0(236)
[2024-08-28T13:01:27.181+0000][info][gc,heap     ] GC(24) Survivor regions: 13->13(13)
[2024-08-28T13:01:27.181+0000][info][gc,heap     ] GC(24) Old regions: 1082->1071
[2024-08-28T13:01:27.181+0000][info][gc,heap     ] GC(24) Archive regions: 2->2
[2024-08-28T13:01:27.181+0000][info][gc,heap     ] GC(24) Humongous regions: 5->5
[2024-08-28T13:01:27.181+0000][info][gc,metaspace] GC(24) Metaspace: 100K(320K)->100K(320K) NonClass: 96K(192K)->96K(192K) Class: 4K(128K)->4K(128K)
[2024-08-28T13:01:27.181+0000][info][gc          ] GC(24) Pause Young (Mixed) (G1 Evacuation Pause) 1189M->1089M(2048M) 18.929ms
[2024-08-28T13:01:27.181+0000][info][gc,cpu      ] GC(24) User=0.87s Sys=0.00s Real=0.02s
[2024-08-28T13:01:27.390+0000][info][gc,start    ] GC(25) Pause Young (Concurrent Start) (G1 Evacuation Pause)
[2024-08-28T13:01:27.390+0000][info][gc,task     ] GC(25) Using 49 workers of 68 for evacuation
[2024-08-28T13:01:27.426+0000][info][gc,phases   ] GC(25)   Pre Evacuate Collection Set: 0.3ms
[2024-08-28T13:01:27.426+0000][info][gc,phases   ] GC(25)   Merge Heap Roots: 0.6ms
[2024-08-28T13:01:27.426+0000][info][gc,phases   ] GC(25)   Evacuate Collection Set: 33.2ms
[2024-08-28T13:01:27.426+0000][info][gc,phases   ] GC(25)   Post Evacuate Collection Set: 0.8ms
[2024-08-28T13:01:27.426+0000][info][gc,phases   ] GC(25)   Other: 0.6ms
[2024-08-28T13:01:27.426+0000][info][gc,heap     ] GC(25) Eden regions: 236->0(164)
[2024-08-28T13:01:27.426+0000][info][gc,heap     ] GC(25) Survivor regions: 13->32(32)
[2024-08-28T13:01:27.426+0000][info][gc,heap     ] GC(25) Old regions: 1071->1284
[2024-08-28T13:01:27.426+0000][info][gc,heap     ] GC(25) Archive regions: 2->2
[2024-08-28T13:01:27.426+0000][info][gc,heap     ] GC(25) Humongous regions: 5->5
[2024-08-28T13:01:27.426+0000][info][gc,metaspace] GC(25) Metaspace: 100K(320K)->100K(320K) NonClass: 96K(192K)->96K(192K) Class: 4K(128K)->4K(128K)
[2024-08-28T13:01:27.426+0000][info][gc          ] GC(25) Pause Young (Concurrent Start) (G1 Evacuation Pause) 1325M->1321M(2048M) 35.638ms
[2024-08-28T13:01:27.426+0000][info][gc,cpu      ] GC(25) User=1.45s Sys=0.21s Real=0.03s
[2024-08-28T13:01:27.426+0000][info][gc          ] GC(26) Concurrent Mark Cycle
[2024-08-28T13:01:27.426+0000][info][gc,marking  ] GC(26) Concurrent Clear Claimed Marks
[2024-08-28T13:01:27.426+0000][info][gc,marking  ] GC(26) Concurrent Clear Claimed Marks 0.009ms
[2024-08-28T13:01:27.426+0000][info][gc,marking  ] GC(26) Concurrent Scan Root Regions
[2024-08-28T13:01:27.433+0000][info][gc,marking  ] GC(26) Concurrent Scan Root Regions 7.097ms
[2024-08-28T13:01:27.433+0000][info][gc,marking  ] GC(26) Concurrent Mark
[2024-08-28T13:01:27.433+0000][info][gc,marking  ] GC(26) Concurrent Mark From Roots
[2024-08-28T13:01:27.433+0000][info][gc,task     ] GC(26) Using 17 workers of 17 for marking
[2024-08-28T13:01:27.450+0000][info][gc,marking  ] GC(26) Concurrent Mark From Roots 17.064ms
[2024-08-28T13:01:27.450+0000][info][gc,marking  ] GC(26) Concurrent Preclean
[2024-08-28T13:01:27.451+0000][info][gc,marking  ] GC(26) Concurrent Preclean 0.501ms
[2024-08-28T13:01:27.451+0000][info][gc,start    ] GC(26) Pause Remark
[2024-08-28T13:01:27.453+0000][info][gc          ] GC(26) Pause Remark 1340M->1287M(2048M) 1.800ms
[2024-08-28T13:01:27.453+0000][info][gc,cpu      ] GC(26) User=0.01s Sys=0.01s Real=0.00s
[2024-08-28T13:01:27.453+0000][info][gc,marking  ] GC(26) Concurrent Mark 19.844ms
[2024-08-28T13:01:27.453+0000][info][gc,marking  ] GC(26) Concurrent Rebuild Remembered Sets
[2024-08-28T13:01:27.501+0000][info][gc,marking  ] GC(26) Concurrent Rebuild Remembered Sets 48.180ms
[2024-08-28T13:01:27.501+0000][info][gc,start    ] GC(26) Pause Cleanup
[2024-08-28T13:01:27.506+0000][info][gc          ] GC(26) Pause Cleanup 1354M->1354M(2048M) 4.502ms
[2024-08-28T13:01:27.506+0000][info][gc,cpu      ] GC(26) User=0.01s Sys=0.00s Real=0.00s
[2024-08-28T13:01:27.506+0000][info][gc,marking  ] GC(26) Concurrent Cleanup for Next Mark
[2024-08-28T13:01:27.513+0000][info][gc,marking  ] GC(26) Concurrent Cleanup for Next Mark 6.766ms
[2024-08-28T13:01:27.513+0000][info][gc          ] GC(26) Concurrent Mark Cycle 87.283ms
[2024-08-28T13:01:27.562+0000][info][gc,start    ] GC(27) Pause Young (Prepare Mixed) (G1 Evacuation Pause)
[2024-08-28T13:01:27.562+0000][info][gc,task     ] GC(27) Using 49 workers of 68 for evacuation
[2024-08-28T13:01:27.591+0000][info][gc,phases   ] GC(27)   Pre Evacuate Collection Set: 0.4ms
[2024-08-28T13:01:27.591+0000][info][gc,phases   ] GC(27)   Merge Heap Roots: 0.7ms
[2024-08-28T13:01:27.591+0000][info][gc,phases   ] GC(27)   Evacuate Collection Set: 26.6ms
[2024-08-28T13:01:27.591+0000][info][gc,phases   ] GC(27)   Post Evacuate Collection Set: 0.6ms
[2024-08-28T13:01:27.591+0000][info][gc,phases   ] GC(27)   Other: 0.3ms
[2024-08-28T13:01:27.591+0000][info][gc,heap     ] GC(27) Eden regions: 164->0(77)
[2024-08-28T13:01:27.591+0000][info][gc,heap     ] GC(27) Survivor regions: 32->25(25)
[2024-08-28T13:01:27.591+0000][info][gc,heap     ] GC(27) Old regions: 1231->1406
[2024-08-28T13:01:27.591+0000][info][gc,heap     ] GC(27) Archive regions: 2->2
[2024-08-28T13:01:27.591+0000][info][gc,heap     ] GC(27) Humongous regions: 5->5
[2024-08-28T13:01:27.591+0000][info][gc,metaspace] GC(27) Metaspace: 100K(320K)->100K(320K) NonClass: 96K(192K)->96K(192K) Class: 4K(128K)->4K(128K)
[2024-08-28T13:01:27.591+0000][info][gc          ] GC(27) Pause Young (Prepare Mixed) (G1 Evacuation Pause) 1432M->1436M(2048M) 28.653ms
[2024-08-28T13:01:27.591+0000][info][gc,cpu      ] GC(27) User=1.32s Sys=0.01s Real=0.03s
[2024-08-28T13:01:27.644+0000][info][gc,start    ] GC(28) Pause Young (Mixed) (G1 Evacuation Pause)
[2024-08-28T13:01:27.644+0000][info][gc,task     ] GC(28) Using 49 workers of 68 for evacuation
[2024-08-28T13:01:27.672+0000][info][gc,phases   ] GC(28)   Pre Evacuate Collection Set: 0.5ms
[2024-08-28T13:01:27.672+0000][info][gc,phases   ] GC(28)   Merge Heap Roots: 0.9ms
[2024-08-28T13:01:27.672+0000][info][gc,phases   ] GC(28)   Evacuate Collection Set: 25.4ms
[2024-08-28T13:01:27.672+0000][info][gc,phases   ] GC(28)   Post Evacuate Collection Set: 0.6ms
[2024-08-28T13:01:27.672+0000][info][gc,phases   ] GC(28)   Other: 0.3ms
[2024-08-28T13:01:27.672+0000][info][gc,heap     ] GC(28) Eden regions: 77->0(89)
[2024-08-28T13:01:27.672+0000][info][gc,heap     ] GC(28) Survivor regions: 25->13(13)
[2024-08-28T13:01:27.672+0000][info][gc,heap     ] GC(28) Old regions: 1406->1301
[2024-08-28T13:01:27.672+0000][info][gc,heap     ] GC(28) Archive regions: 2->2
[2024-08-28T13:01:27.672+0000][info][gc,heap     ] GC(28) Humongous regions: 5->5
[2024-08-28T13:01:27.672+0000][info][gc,metaspace] GC(28) Metaspace: 100K(320K)->100K(320K) NonClass: 96K(192K)->96K(192K) Class: 4K(128K)->4K(128K)
[2024-08-28T13:01:27.672+0000][info][gc          ] GC(28) Pause Young (Mixed) (G1 Evacuation Pause) 1513M->1319M(2048M) 27.601ms
[2024-08-28T13:01:27.672+0000][info][gc,cpu      ] GC(28) User=0.95s Sys=0.01s Real=0.03s
[2024-08-28T13:01:27.767+0000][info][gc,start    ] GC(29) Pause Young (Mixed) (G1 Evacuation Pause)
[2024-08-28T13:01:27.768+0000][info][gc,task     ] GC(29) Using 49 workers of 68 for evacuation
[2024-08-28T13:01:27.788+0000][info][gc,phases   ] GC(29)   Pre Evacuate Collection Set: 0.6ms
[2024-08-28T13:01:27.788+0000][info][gc,phases   ] GC(29)   Merge Heap Roots: 0.6ms
[2024-08-28T13:01:27.788+0000][info][gc,phases   ] GC(29)   Evacuate Collection Set: 18.6ms
[2024-08-28T13:01:27.788+0000][info][gc,phases   ] GC(29)   Post Evacuate Collection Set: 0.7ms
[2024-08-28T13:01:27.788+0000][info][gc,phases   ] GC(29)   Other: 0.3ms
[2024-08-28T13:01:27.788+0000][info][gc,heap     ] GC(29) Eden regions: 89->0(89)
[2024-08-28T13:01:27.788+0000][info][gc,heap     ] GC(29) Survivor regions: 13->13(13)
[2024-08-28T13:01:27.788+0000][info][gc,heap     ] GC(29) Old regions: 1301->1191
[2024-08-28T13:01:27.788+0000][info][gc,heap     ] GC(29) Archive regions: 2->2
[2024-08-28T13:01:27.788+0000][info][gc,heap     ] GC(29) Humongous regions: 5->5
[2024-08-28T13:01:27.788+0000][info][gc,metaspace] GC(29) Metaspace: 100K(320K)->100K(320K) NonClass: 96K(192K)->96K(192K) Class: 4K(128K)->4K(128K)
[2024-08-28T13:01:27.788+0000][info][gc          ] GC(29) Pause Young (Mixed) (G1 Evacuation Pause) 1408M->1209M(2048M) 20.728ms
[2024-08-28T13:01:27.788+0000][info][gc,cpu      ] GC(29) User=0.87s Sys=0.04s Real=0.02s
[2024-08-28T13:01:27.875+0000][info][gc,start    ] GC(30) Pause Young (Mixed) (G1 Evacuation Pause)
[2024-08-28T13:01:27.875+0000][info][gc,task     ] GC(30) Using 49 workers of 68 for evacuation
[2024-08-28T13:01:27.908+0000][info][gc,phases   ] GC(30)   Pre Evacuate Collection Set: 0.7ms
[2024-08-28T13:01:27.908+0000][info][gc,phases   ] GC(30)   Merge Heap Roots: 1.0ms
[2024-08-28T13:01:27.908+0000][info][gc,phases   ] GC(30)   Evacuate Collection Set: 29.8ms
[2024-08-28T13:01:27.908+0000][info][gc,phases   ] GC(30)   Post Evacuate Collection Set: 0.7ms
[2024-08-28T13:01:27.908+0000][info][gc,phases   ] GC(30)   Other: 0.4ms
[2024-08-28T13:01:27.908+0000][info][gc,heap     ] GC(30) Eden regions: 89->0(89)
[2024-08-28T13:01:27.908+0000][info][gc,heap     ] GC(30) Survivor regions: 13->13(13)
[2024-08-28T13:01:27.908+0000][info][gc,heap     ] GC(30) Old regions: 1191->1078
[2024-08-28T13:01:27.908+0000][info][gc,heap     ] GC(30) Archive regions: 2->2
[2024-08-28T13:01:27.908+0000][info][gc,heap     ] GC(30) Humongous regions: 5->5
[2024-08-28T13:01:27.908+0000][info][gc,metaspace] GC(30) Metaspace: 100K(320K)->100K(320K) NonClass: 96K(192K)->96K(192K) Class: 4K(128K)->4K(128K)
[2024-08-28T13:01:27.908+0000][info][gc          ] GC(30) Pause Young (Mixed) (G1 Evacuation Pause) 1298M->1096M(2048M) 32.552ms
[2024-08-28T13:01:27.908+0000][info][gc,cpu      ] GC(30) User=0.86s Sys=0.17s Real=0.03s
[2024-08-28T13:01:28.028+0000][info][gc,start    ] GC(31) Pause Young (Mixed) (G1 Evacuation Pause)
[2024-08-28T13:01:28.028+0000][info][gc,task     ] GC(31) Using 49 workers of 68 for evacuation
[2024-08-28T13:01:28.056+0000][info][gc,phases   ] GC(31)   Pre Evacuate Collection Set: 0.4ms
[2024-08-28T13:01:28.056+0000][info][gc,phases   ] GC(31)   Merge Heap Roots: 0.6ms
[2024-08-28T13:01:28.056+0000][info][gc,phases   ] GC(31)   Evacuate Collection Set: 26.2ms
[2024-08-28T13:01:28.056+0000][info][gc,phases   ] GC(31)   Post Evacuate Collection Set: 0.9ms
[2024-08-28T13:01:28.056+0000][info][gc,phases   ] GC(31)   Other: 0.3ms
[2024-08-28T13:01:28.056+0000][info][gc,heap     ] GC(31) Eden regions: 89->0(237)
[2024-08-28T13:01:28.057+0000][info][gc,heap     ] GC(31) Survivor regions: 13->13(13)
[2024-08-28T13:01:28.057+0000][info][gc,heap     ] GC(31) Old regions: 1078->1070
[2024-08-28T13:01:28.057+0000][info][gc,heap     ] GC(31) Archive regions: 2->2
[2024-08-28T13:01:28.057+0000][info][gc,heap     ] GC(31) Humongous regions: 5->5
[2024-08-28T13:01:28.057+0000][info][gc,metaspace] GC(31) Metaspace: 100K(320K)->100K(320K) NonClass: 96K(192K)->96K(192K) Class: 4K(128K)->4K(128K)
[2024-08-28T13:01:28.057+0000][info][gc          ] GC(31) Pause Young (Mixed) (G1 Evacuation Pause) 1185M->1088M(2048M) 28.455ms
[2024-08-28T13:01:28.057+0000][info][gc,cpu      ] GC(31) User=0.71s Sys=0.38s Real=0.03s
[2024-08-28T13:01:28.439+0000][info][gc,start    ] GC(32) Pause Young (Normal) (G1 Evacuation Pause)
[2024-08-28T13:01:28.439+0000][info][gc,task     ] GC(32) Using 49 workers of 68 for evacuation
[2024-08-28T13:01:28.515+0000][info][gc,phases   ] GC(32)   Pre Evacuate Collection Set: 0.4ms
[2024-08-28T13:01:28.516+0000][info][gc,phases   ] GC(32)   Merge Heap Roots: 1.1ms
[2024-08-28T13:01:28.516+0000][info][gc,phases   ] GC(32)   Evacuate Collection Set: 73.0ms
[2024-08-28T13:01:28.516+0000][info][gc,phases   ] GC(32)   Post Evacuate Collection Set: 1.3ms
[2024-08-28T13:01:28.516+0000][info][gc,phases   ] GC(32)   Other: 0.4ms
[2024-08-28T13:01:28.516+0000][info][gc,heap     ] GC(32) Eden regions: 237->0(166)
[2024-08-28T13:01:28.516+0000][info][gc,heap     ] GC(32) Survivor regions: 13->32(32)
[2024-08-28T13:01:28.516+0000][info][gc,heap     ] GC(32) Old regions: 1070->1285
[2024-08-28T13:01:28.516+0000][info][gc,heap     ] GC(32) Archive regions: 2->2
[2024-08-28T13:01:28.516+0000][info][gc,heap     ] GC(32) Humongous regions: 5->5
[2024-08-28T13:01:28.516+0000][info][gc,metaspace] GC(32) Metaspace: 100K(320K)->100K(320K) NonClass: 96K(192K)->96K(192K) Class: 4K(128K)->4K(128K)
[2024-08-28T13:01:28.516+0000][info][gc          ] GC(32) Pause Young (Normal) (G1 Evacuation Pause) 1325M->1322M(2048M) 76.387ms
[2024-08-28T13:01:28.516+0000][info][gc,cpu      ] GC(32) User=0.98s Sys=2.65s Real=0.07s
[2024-08-28T13:01:28.756+0000][info][gc,start    ] GC(33) Pause Young (Normal) (G1 Evacuation Pause)
[2024-08-28T13:01:28.756+0000][info][gc,task     ] GC(33) Using 49 workers of 68 for evacuation
[2024-08-28T13:01:28.829+0000][info][gc,phases   ] GC(33)   Pre Evacuate Collection Set: 0.3ms
[2024-08-28T13:01:28.829+0000][info][gc,phases   ] GC(33)   Merge Heap Roots: 1.1ms
[2024-08-28T13:01:28.829+0000][info][gc,phases   ] GC(33)   Evacuate Collection Set: 67.7ms
[2024-08-28T13:01:28.829+0000][info][gc,phases   ] GC(33)   Post Evacuate Collection Set: 3.5ms
[2024-08-28T13:01:28.829+0000][info][gc,phases   ] GC(33)   Other: 0.4ms
[2024-08-28T13:01:28.829+0000][info][gc,heap     ] GC(33) Eden regions: 166->0(111)
[2024-08-28T13:01:28.829+0000][info][gc,heap     ] GC(33) Survivor regions: 32->25(25)
[2024-08-28T13:01:28.829+0000][info][gc,heap     ] GC(33) Old regions: 1285->1461
[2024-08-28T13:01:28.829+0000][info][gc,heap     ] GC(33) Archive regions: 2->2
[2024-08-28T13:01:28.829+0000][info][gc,heap     ] GC(33) Humongous regions: 5->5
[2024-08-28T13:01:28.829+0000][info][gc,metaspace] GC(33) Metaspace: 100K(320K)->100K(320K) NonClass: 96K(192K)->96K(192K) Class: 4K(128K)->4K(128K)
[2024-08-28T13:01:28.829+0000][info][gc          ] GC(33) Pause Young (Normal) (G1 Evacuation Pause) 1488M->1491M(2048M) 73.187ms
[2024-08-28T13:01:28.829+0000][info][gc,cpu      ] GC(33) User=0.95s Sys=2.44s Real=0.07s
[2024-08-28T13:01:28.895+0000][info][gc,start    ] GC(34) Pause Young (Concurrent Start) (G1 Evacuation Pause)
[2024-08-28T13:01:28.895+0000][info][gc,task     ] GC(34) Using 49 workers of 68 for evacuation
[2024-08-28T13:01:28.928+0000][info][gc,phases   ] GC(34)   Pre Evacuate Collection Set: 0.5ms
[2024-08-28T13:01:28.928+0000][info][gc,phases   ] GC(34)   Merge Heap Roots: 0.9ms
[2024-08-28T13:01:28.928+0000][info][gc,phases   ] GC(34)   Evacuate Collection Set: 29.7ms
[2024-08-28T13:01:28.928+0000][info][gc,phases   ] GC(34)   Post Evacuate Collection Set: 0.8ms
[2024-08-28T13:01:28.928+0000][info][gc,phases   ] GC(34)   Other: 1.3ms
[2024-08-28T13:01:28.928+0000][info][gc,heap     ] GC(34) Eden regions: 111->0(85)
[2024-08-28T13:01:28.928+0000][info][gc,heap     ] GC(34) Survivor regions: 25->17(17)
[2024-08-28T13:01:28.928+0000][info][gc,heap     ] GC(34) Old regions: 1461->1588
[2024-08-28T13:01:28.928+0000][info][gc,heap     ] GC(34) Archive regions: 2->2
[2024-08-28T13:01:28.928+0000][info][gc,heap     ] GC(34) Humongous regions: 5->5
[2024-08-28T13:01:28.928+0000][info][gc,metaspace] GC(34) Metaspace: 100K(320K)->100K(320K) NonClass: 96K(192K)->96K(192K) Class: 4K(128K)->4K(128K)
[2024-08-28T13:01:28.928+0000][info][gc          ] GC(34) Pause Young (Concurrent Start) (G1 Evacuation Pause) 1602M->1610M(2048M) 33.314ms
[2024-08-28T13:01:28.928+0000][info][gc,cpu      ] GC(34) User=0.81s Sys=0.68s Real=0.03s
[2024-08-28T13:01:28.928+0000][info][gc          ] GC(35) Concurrent Mark Cycle
[2024-08-28T13:01:28.928+0000][info][gc,marking  ] GC(35) Concurrent Clear Claimed Marks
[2024-08-28T13:01:28.928+0000][info][gc,marking  ] GC(35) Concurrent Clear Claimed Marks 0.009ms
[2024-08-28T13:01:28.928+0000][info][gc,marking  ] GC(35) Concurrent Scan Root Regions
[2024-08-28T13:01:28.932+0000][info][gc,marking  ] GC(35) Concurrent Scan Root Regions 3.747ms
[2024-08-28T13:01:28.932+0000][info][gc,marking  ] GC(35) Concurrent Mark
[2024-08-28T13:01:28.932+0000][info][gc,marking  ] GC(35) Concurrent Mark From Roots
[2024-08-28T13:01:28.932+0000][info][gc,task     ] GC(35) Using 17 workers of 17 for marking
[2024-08-28T13:01:28.953+0000][info][gc,marking  ] GC(35) Concurrent Mark From Roots 21.215ms
[2024-08-28T13:01:28.953+0000][info][gc,marking  ] GC(35) Concurrent Preclean
[2024-08-28T13:01:28.954+0000][info][gc,marking  ] GC(35) Concurrent Preclean 0.584ms
[2024-08-28T13:01:28.954+0000][info][gc,start    ] GC(35) Pause Remark
[2024-08-28T13:01:28.960+0000][info][gc          ] GC(35) Pause Remark 1638M->1370M(2048M) 5.257ms
[2024-08-28T13:01:28.960+0000][info][gc,cpu      ] GC(35) User=0.03s Sys=0.04s Real=0.01s
[2024-08-28T13:01:28.960+0000][info][gc,marking  ] GC(35) Concurrent Mark 27.487ms
[2024-08-28T13:01:28.960+0000][info][gc,marking  ] GC(35) Concurrent Rebuild Remembered Sets
[2024-08-28T13:01:28.999+0000][info][gc,start    ] GC(36) Pause Young (Normal) (G1 Evacuation Pause)
[2024-08-28T13:01:28.999+0000][info][gc,task     ] GC(36) Using 49 workers of 68 for evacuation
[2024-08-28T13:01:29.034+0000][info][gc,phases   ] GC(36)   Pre Evacuate Collection Set: 0.3ms
[2024-08-28T13:01:29.034+0000][info][gc,phases   ] GC(36)   Merge Heap Roots: 0.7ms
[2024-08-28T13:01:29.034+0000][info][gc,phases   ] GC(36)   Evacuate Collection Set: 29.7ms
[2024-08-28T13:01:29.034+0000][info][gc,phases   ] GC(36)   Post Evacuate Collection Set: 4.1ms
[2024-08-28T13:01:29.034+0000][info][gc,phases   ] GC(36)   Other: 0.3ms
[2024-08-28T13:01:29.034+0000][info][gc,heap     ] GC(36) Eden regions: 85->0(129)
[2024-08-28T13:01:29.034+0000][info][gc,heap     ] GC(36) Survivor regions: 17->13(13)
[2024-08-28T13:01:29.034+0000][info][gc,heap     ] GC(36) Old regions: 1320->1418
[2024-08-28T13:01:29.034+0000][info][gc,heap     ] GC(36) Archive regions: 2->2
[2024-08-28T13:01:29.034+0000][info][gc,heap     ] GC(36) Humongous regions: 5->5
[2024-08-28T13:01:29.034+0000][info][gc,metaspace] GC(36) Metaspace: 100K(320K)->100K(320K) NonClass: 96K(192K)->96K(192K) Class: 4K(128K)->4K(128K)
[2024-08-28T13:01:29.034+0000][info][gc          ] GC(36) Pause Young (Normal) (G1 Evacuation Pause) 1427M->1436M(2048M) 35.152ms
[2024-08-28T13:01:29.034+0000][info][gc,cpu      ] GC(36) User=0.73s Sys=0.85s Real=0.03s
[2024-08-28T13:01:29.053+0000][info][gc,marking  ] GC(35) Concurrent Rebuild Remembered Sets 93.725ms
[2024-08-28T13:01:29.054+0000][info][gc,start    ] GC(35) Pause Cleanup
[2024-08-28T13:01:29.058+0000][info][gc          ] GC(35) Pause Cleanup 1465M->1465M(2048M) 4.134ms
[2024-08-28T13:01:29.058+0000][info][gc,cpu      ] GC(35) User=0.03s Sys=0.01s Real=0.01s
[2024-08-28T13:01:29.058+0000][info][gc,marking  ] GC(35) Concurrent Cleanup for Next Mark
[2024-08-28T13:01:29.061+0000][info][gc,marking  ] GC(35) Concurrent Cleanup for Next Mark 3.100ms
[2024-08-28T13:01:29.061+0000][info][gc          ] GC(35) Concurrent Mark Cycle 132.920ms
[2024-08-28T13:01:29.121+0000][info][gc,start    ] GC(37) Pause Young (Prepare Mixed) (G1 Evacuation Pause)
[2024-08-28T13:01:29.121+0000][info][gc,task     ] GC(37) Using 49 workers of 68 for evacuation
[2024-08-28T13:01:29.141+0000][info][gc,phases   ] GC(37)   Pre Evacuate Collection Set: 0.4ms
[2024-08-28T13:01:29.141+0000][info][gc,phases   ] GC(37)   Merge Heap Roots: 1.0ms
[2024-08-28T13:01:29.141+0000][info][gc,phases   ] GC(37)   Evacuate Collection Set: 17.9ms
[2024-08-28T13:01:29.141+0000][info][gc,phases   ] GC(37)   Post Evacuate Collection Set: 0.7ms
[2024-08-28T13:01:29.141+0000][info][gc,phases   ] GC(37)   Other: 0.2ms
[2024-08-28T13:01:29.141+0000][info][gc,heap     ] GC(37) Eden regions: 129->0(84)
[2024-08-28T13:01:29.141+0000][info][gc,heap     ] GC(37) Survivor regions: 13->18(18)
[2024-08-28T13:01:29.141+0000][info][gc,heap     ] GC(37) Old regions: 1418->1546
[2024-08-28T13:01:29.142+0000][info][gc,heap     ] GC(37) Archive regions: 2->2
[2024-08-28T13:01:29.142+0000][info][gc,heap     ] GC(37) Humongous regions: 5->5
[2024-08-28T13:01:29.142+0000][info][gc,metaspace] GC(37) Metaspace: 100K(320K)->100K(320K) NonClass: 96K(192K)->96K(192K) Class: 4K(128K)->4K(128K)
[2024-08-28T13:01:29.142+0000][info][gc          ] GC(37) Pause Young (Prepare Mixed) (G1 Evacuation Pause) 1565M->1569M(2048M) 20.406ms
[2024-08-28T13:01:29.142+0000][info][gc,cpu      ] GC(37) User=0.74s Sys=0.18s Real=0.02s
[2024-08-28T13:01:29.194+0000][info][gc,start    ] GC(38) Pause Young (Mixed) (G1 Evacuation Pause)
[2024-08-28T13:01:29.194+0000][info][gc,task     ] GC(38) Using 49 workers of 68 for evacuation
[2024-08-28T13:01:29.213+0000][info][gc,phases   ] GC(38)   Pre Evacuate Collection Set: 0.4ms
[2024-08-28T13:01:29.213+0000][info][gc,phases   ] GC(38)   Merge Heap Roots: 0.6ms
[2024-08-28T13:01:29.213+0000][info][gc,phases   ] GC(38)   Evacuate Collection Set: 17.0ms
[2024-08-28T13:01:29.213+0000][info][gc,phases   ] GC(38)   Post Evacuate Collection Set: 0.6ms
[2024-08-28T13:01:29.213+0000][info][gc,phases   ] GC(38)   Other: 0.3ms
[2024-08-28T13:01:29.213+0000][info][gc,heap     ] GC(38) Eden regions: 84->0(89)
[2024-08-28T13:01:29.213+0000][info][gc,heap     ] GC(38) Survivor regions: 18->13(13)
[2024-08-28T13:01:29.213+0000][info][gc,heap     ] GC(38) Old regions: 1546->1438
[2024-08-28T13:01:29.213+0000][info][gc,heap     ] GC(38) Archive regions: 2->2
[2024-08-28T13:01:29.213+0000][info][gc,heap     ] GC(38) Humongous regions: 5->5
[2024-08-28T13:01:29.213+0000][info][gc,metaspace] GC(38) Metaspace: 100K(320K)->100K(320K) NonClass: 96K(192K)->96K(192K) Class: 4K(128K)->4K(128K)
[2024-08-28T13:01:29.213+0000][info][gc          ] GC(38) Pause Young (Mixed) (G1 Evacuation Pause) 1653M->1456M(2048M) 18.984ms
[2024-08-28T13:01:29.213+0000][info][gc,cpu      ] GC(38) User=0.55s Sys=0.32s Real=0.02s
[2024-08-28T13:01:29.271+0000][info][gc,start    ] GC(39) Pause Young (Mixed) (G1 Evacuation Pause)
[2024-08-28T13:01:29.271+0000][info][gc,task     ] GC(39) Using 49 workers of 68 for evacuation
[2024-08-28T13:01:29.288+0000][info][gc,phases   ] GC(39)   Pre Evacuate Collection Set: 0.4ms
[2024-08-28T13:01:29.288+0000][info][gc,phases   ] GC(39)   Merge Heap Roots: 0.8ms
[2024-08-28T13:01:29.288+0000][info][gc,phases   ] GC(39)   Evacuate Collection Set: 15.1ms
[2024-08-28T13:01:29.288+0000][info][gc,phases   ] GC(39)   Post Evacuate Collection Set: 0.6ms
[2024-08-28T13:01:29.288+0000][info][gc,phases   ] GC(39)   Other: 0.3ms
[2024-08-28T13:01:29.288+0000][info][gc,heap     ] GC(39) Eden regions: 89->0(89)
[2024-08-28T13:01:29.288+0000][info][gc,heap     ] GC(39) Survivor regions: 13->13(13)
[2024-08-28T13:01:29.288+0000][info][gc,heap     ] GC(39) Old regions: 1438->1326
[2024-08-28T13:01:29.288+0000][info][gc,heap     ] GC(39) Archive regions: 2->2
[2024-08-28T13:01:29.288+0000][info][gc,heap     ] GC(39) Humongous regions: 5->5
[2024-08-28T13:01:29.288+0000][info][gc,metaspace] GC(39) Metaspace: 100K(320K)->100K(320K) NonClass: 96K(192K)->96K(192K) Class: 4K(128K)->4K(128K)
[2024-08-28T13:01:29.288+0000][info][gc          ] GC(39) Pause Young (Mixed) (G1 Evacuation Pause) 1545M->1344M(2048M) 17.225ms
[2024-08-28T13:01:29.288+0000][info][gc,cpu      ] GC(39) User=0.67s Sys=0.10s Real=0.01s
[2024-08-28T13:01:29.344+0000][info][gc,start    ] GC(40) Pause Young (Mixed) (G1 Evacuation Pause)
[2024-08-28T13:01:29.344+0000][info][gc,task     ] GC(40) Using 49 workers of 68 for evacuation
[2024-08-28T13:01:29.360+0000][info][gc,phases   ] GC(40)   Pre Evacuate Collection Set: 0.4ms
[2024-08-28T13:01:29.360+0000][info][gc,phases   ] GC(40)   Merge Heap Roots: 0.6ms
[2024-08-28T13:01:29.360+0000][info][gc,phases   ] GC(40)   Evacuate Collection Set: 14.7ms
[2024-08-28T13:01:29.360+0000][info][gc,phases   ] GC(40)   Post Evacuate Collection Set: 0.7ms
[2024-08-28T13:01:29.360+0000][info][gc,phases   ] GC(40)   Other: 0.3ms
[2024-08-28T13:01:29.360+0000][info][gc,heap     ] GC(40) Eden regions: 89->0(89)
[2024-08-28T13:01:29.360+0000][info][gc,heap     ] GC(40) Survivor regions: 13->13(13)
[2024-08-28T13:01:29.360+0000][info][gc,heap     ] GC(40) Old regions: 1326->1214
[2024-08-28T13:01:29.360+0000][info][gc,heap     ] GC(40) Archive regions: 2->2
[2024-08-28T13:01:29.360+0000][info][gc,heap     ] GC(40) Humongous regions: 5->5
[2024-08-28T13:01:29.360+0000][info][gc,metaspace] GC(40) Metaspace: 100K(320K)->100K(320K) NonClass: 96K(192K)->96K(192K) Class: 4K(128K)->4K(128K)
[2024-08-28T13:01:29.361+0000][info][gc          ] GC(40) Pause Young (Mixed) (G1 Evacuation Pause) 1433M->1232M(2048M) 16.852ms
[2024-08-28T13:01:29.361+0000][info][gc,cpu      ] GC(40) User=0.68s Sys=0.05s Real=0.02s
[2024-08-28T13:01:29.423+0000][info][gc,start    ] GC(41) Pause Young (Mixed) (G1 Evacuation Pause)
[2024-08-28T13:01:29.423+0000][info][gc,task     ] GC(41) Using 49 workers of 68 for evacuation
[2024-08-28T13:01:29.440+0000][info][gc,phases   ] GC(41)   Pre Evacuate Collection Set: 0.5ms
[2024-08-28T13:01:29.440+0000][info][gc,phases   ] GC(41)   Merge Heap Roots: 0.9ms
[2024-08-28T13:01:29.440+0000][info][gc,phases   ] GC(41)   Evacuate Collection Set: 15.1ms
[2024-08-28T13:01:29.440+0000][info][gc,phases   ] GC(41)   Post Evacuate Collection Set: 0.7ms
[2024-08-28T13:01:29.440+0000][info][gc,phases   ] GC(41)   Other: 0.2ms
[2024-08-28T13:01:29.440+0000][info][gc,heap     ] GC(41) Eden regions: 89->0(220)
[2024-08-28T13:01:29.440+0000][info][gc,heap     ] GC(41) Survivor regions: 13->13(13)
[2024-08-28T13:01:29.440+0000][info][gc,heap     ] GC(41) Old regions: 1214->1137
[2024-08-28T13:01:29.440+0000][info][gc,heap     ] GC(41) Archive regions: 2->2
[2024-08-28T13:01:29.440+0000][info][gc,heap     ] GC(41) Humongous regions: 5->5
[2024-08-28T13:01:29.440+0000][info][gc,metaspace] GC(41) Metaspace: 100K(320K)->100K(320K) NonClass: 96K(192K)->96K(192K) Class: 4K(128K)->4K(128K)
[2024-08-28T13:01:29.440+0000][info][gc          ] GC(41) Pause Young (Mixed) (G1 Evacuation Pause) 1321M->1155M(2048M) 17.544ms
[2024-08-28T13:01:29.440+0000][info][gc,cpu      ] GC(41) User=0.78s Sys=0.00s Real=0.02s
[2024-08-28T13:01:29.668+0000][info][gc,start    ] GC(42) Pause Young (Normal) (G1 Evacuation Pause)
[2024-08-28T13:01:29.668+0000][info][gc,task     ] GC(42) Using 49 workers of 68 for evacuation
[2024-08-28T13:01:29.704+0000][info][gc,phases   ] GC(42)   Pre Evacuate Collection Set: 0.3ms
[2024-08-28T13:01:29.704+0000][info][gc,phases   ] GC(42)   Merge Heap Roots: 1.0ms
[2024-08-28T13:01:29.704+0000][info][gc,phases   ] GC(42)   Evacuate Collection Set: 33.7ms
[2024-08-28T13:01:29.704+0000][info][gc,phases   ] GC(42)   Post Evacuate Collection Set: 0.7ms
[2024-08-28T13:01:29.704+0000][info][gc,phases   ] GC(42)   Other: 0.3ms
[2024-08-28T13:01:29.704+0000][info][gc,heap     ] GC(42) Eden regions: 220->0(150)
[2024-08-28T13:01:29.704+0000][info][gc,heap     ] GC(42) Survivor regions: 13->30(30)
[2024-08-28T13:01:29.704+0000][info][gc,heap     ] GC(42) Old regions: 1137->1336
[2024-08-28T13:01:29.704+0000][info][gc,heap     ] GC(42) Archive regions: 2->2
[2024-08-28T13:01:29.704+0000][info][gc,heap     ] GC(42) Humongous regions: 5->5
[2024-08-28T13:01:29.704+0000][info][gc,metaspace] GC(42) Metaspace: 100K(320K)->100K(320K) NonClass: 96K(192K)->96K(192K) Class: 4K(128K)->4K(128K)
[2024-08-28T13:01:29.704+0000][info][gc          ] GC(42) Pause Young (Normal) (G1 Evacuation Pause) 1375M->1371M(2048M) 36.088ms
[2024-08-28T13:01:29.704+0000][info][gc,cpu      ] GC(42) User=1.17s Sys=0.51s Real=0.04s
[2024-08-28T13:01:29.794+0000][info][gc,start    ] GC(43) Pause Young (Normal) (G1 Evacuation Pause)
[2024-08-28T13:01:29.794+0000][info][gc,task     ] GC(43) Using 49 workers of 68 for evacuation
[2024-08-28T13:01:29.820+0000][info][gc,phases   ] GC(43)   Pre Evacuate Collection Set: 0.4ms
[2024-08-28T13:01:29.820+0000][info][gc,phases   ] GC(43)   Merge Heap Roots: 0.6ms
[2024-08-28T13:01:29.820+0000][info][gc,phases   ] GC(43)   Evacuate Collection Set: 24.0ms
[2024-08-28T13:01:29.820+0000][info][gc,phases   ] GC(43)   Post Evacuate Collection Set: 0.6ms
[2024-08-28T13:01:29.820+0000][info][gc,phases   ] GC(43)   Other: 0.3ms
[2024-08-28T13:01:29.820+0000][info][gc,heap     ] GC(43) Eden regions: 150->0(100)
[2024-08-28T13:01:29.820+0000][info][gc,heap     ] GC(43) Survivor regions: 30->23(23)
[2024-08-28T13:01:29.820+0000][info][gc,heap     ] GC(43) Old regions: 1336->1497
[2024-08-28T13:01:29.820+0000][info][gc,heap     ] GC(43) Archive regions: 2->2
[2024-08-28T13:01:29.820+0000][info][gc,heap     ] GC(43) Humongous regions: 5->5
[2024-08-28T13:01:29.820+0000][info][gc,metaspace] GC(43) Metaspace: 100K(320K)->100K(320K) NonClass: 96K(192K)->96K(192K) Class: 4K(128K)->4K(128K)
[2024-08-28T13:01:29.820+0000][info][gc          ] GC(43) Pause Young (Normal) (G1 Evacuation Pause) 1521M->1525M(2048M) 25.845ms
[2024-08-28T13:01:29.820+0000][info][gc,cpu      ] GC(43) User=1.08s Sys=0.12s Real=0.03s
[2024-08-28T13:01:29.884+0000][info][gc,start    ] GC(44) Pause Young (Concurrent Start) (G1 Evacuation Pause)
[2024-08-28T13:01:29.884+0000][info][gc,task     ] GC(44) Using 49 workers of 68 for evacuation
[2024-08-28T13:01:29.905+0000][info][gc,phases   ] GC(44)   Pre Evacuate Collection Set: 0.3ms
[2024-08-28T13:01:29.905+0000][info][gc,phases   ] GC(44)   Merge Heap Roots: 0.9ms
[2024-08-28T13:01:29.905+0000][info][gc,phases   ] GC(44)   Evacuate Collection Set: 18.6ms
[2024-08-28T13:01:29.905+0000][info][gc,phases   ] GC(44)   Post Evacuate Collection Set: 0.6ms
[2024-08-28T13:01:29.905+0000][info][gc,phases   ] GC(44)   Other: 1.1ms
[2024-08-28T13:01:29.905+0000][info][gc,heap     ] GC(44) Eden regions: 100->0(86)
[2024-08-28T13:01:29.905+0000][info][gc,heap     ] GC(44) Survivor regions: 23->16(16)
[2024-08-28T13:01:29.905+0000][info][gc,heap     ] GC(44) Old regions: 1497->1612
[2024-08-28T13:01:29.905+0000][info][gc,heap     ] GC(44) Archive regions: 2->2
[2024-08-28T13:01:29.905+0000][info][gc,heap     ] GC(44) Humongous regions: 5->5
[2024-08-28T13:01:29.905+0000][info][gc,metaspace] GC(44) Metaspace: 100K(320K)->100K(320K) NonClass: 96K(192K)->96K(192K) Class: 4K(128K)->4K(128K)
[2024-08-28T13:01:29.905+0000][info][gc          ] GC(44) Pause Young (Concurrent Start) (G1 Evacuation Pause) 1625M->1633M(2048M) 21.477ms
[2024-08-28T13:01:29.905+0000][info][gc,cpu      ] GC(44) User=0.90s Sys=0.03s Real=0.02s
[2024-08-28T13:01:29.905+0000][info][gc          ] GC(45) Concurrent Mark Cycle
[2024-08-28T13:01:29.905+0000][info][gc,marking  ] GC(45) Concurrent Clear Claimed Marks
[2024-08-28T13:01:29.905+0000][info][gc,marking  ] GC(45) Concurrent Clear Claimed Marks 0.012ms
[2024-08-28T13:01:29.905+0000][info][gc,marking  ] GC(45) Concurrent Scan Root Regions
[2024-08-28T13:01:29.909+0000][info][gc,marking  ] GC(45) Concurrent Scan Root Regions 3.680ms
[2024-08-28T13:01:29.909+0000][info][gc,marking  ] GC(45) Concurrent Mark
[2024-08-28T13:01:29.909+0000][info][gc,marking  ] GC(45) Concurrent Mark From Roots
[2024-08-28T13:01:29.909+0000][info][gc,task     ] GC(45) Using 17 workers of 17 for marking
[2024-08-28T13:01:29.929+0000][info][gc,marking  ] GC(45) Concurrent Mark From Roots 20.608ms
[2024-08-28T13:01:29.930+0000][info][gc,marking  ] GC(45) Concurrent Preclean
[2024-08-28T13:01:29.930+0000][info][gc,marking  ] GC(45) Concurrent Preclean 0.712ms
[2024-08-28T13:01:29.931+0000][info][gc,start    ] GC(45) Pause Remark
[2024-08-28T13:01:29.933+0000][info][gc          ] GC(45) Pause Remark 1658M->1393M(2048M) 2.610ms
[2024-08-28T13:01:29.933+0000][info][gc,cpu      ] GC(45) User=0.03s Sys=0.01s Real=0.00s
[2024-08-28T13:01:29.933+0000][info][gc,marking  ] GC(45) Concurrent Mark 24.363ms
[2024-08-28T13:01:29.933+0000][info][gc,marking  ] GC(45) Concurrent Rebuild Remembered Sets
[2024-08-28T13:01:29.975+0000][info][gc,start    ] GC(46) Pause Young (Normal) (G1 Evacuation Pause)
[2024-08-28T13:01:29.976+0000][info][gc,task     ] GC(46) Using 49 workers of 68 for evacuation
[2024-08-28T13:01:29.991+0000][info][gc,phases   ] GC(46)   Pre Evacuate Collection Set: 0.4ms
[2024-08-28T13:01:29.991+0000][info][gc,phases   ] GC(46)   Merge Heap Roots: 0.9ms
[2024-08-28T13:01:29.991+0000][info][gc,phases   ] GC(46)   Evacuate Collection Set: 13.3ms
[2024-08-28T13:01:29.991+0000][info][gc,phases   ] GC(46)   Post Evacuate Collection Set: 0.8ms
[2024-08-28T13:01:29.991+0000][info][gc,phases   ] GC(46)   Other: 0.3ms
[2024-08-28T13:01:29.991+0000][info][gc,heap     ] GC(46) Eden regions: 86->0(121)
[2024-08-28T13:01:29.991+0000][info][gc,heap     ] GC(46) Survivor regions: 16->13(13)
[2024-08-28T13:01:29.991+0000][info][gc,heap     ] GC(46) Old regions: 1347->1443
[2024-08-28T13:01:29.991+0000][info][gc,heap     ] GC(46) Archive regions: 2->2
[2024-08-28T13:01:29.991+0000][info][gc,heap     ] GC(46) Humongous regions: 5->5
[2024-08-28T13:01:29.991+0000][info][gc,metaspace] GC(46) Metaspace: 100K(320K)->100K(320K) NonClass: 96K(192K)->96K(192K) Class: 4K(128K)->4K(128K)
[2024-08-28T13:01:29.991+0000][info][gc          ] GC(46) Pause Young (Normal) (G1 Evacuation Pause) 1454M->1461M(2048M) 15.721ms
[2024-08-28T13:01:29.991+0000][info][gc,cpu      ] GC(46) User=0.70s Sys=0.00s Real=0.02s
[2024-08-28T13:01:30.000+0000][info][gc,marking  ] GC(45) Concurrent Rebuild Remembered Sets 66.853ms
[2024-08-28T13:01:30.000+0000][info][gc,start    ] GC(45) Pause Cleanup
[2024-08-28T13:01:30.003+0000][info][gc          ] GC(45) Pause Cleanup 1474M->1474M(2048M) 2.910ms
[2024-08-28T13:01:30.003+0000][info][gc,cpu      ] GC(45) User=0.01s Sys=0.00s Real=0.00s
[2024-08-28T13:01:30.003+0000][info][gc,marking  ] GC(45) Concurrent Cleanup for Next Mark
[2024-08-28T13:01:30.006+0000][info][gc,marking  ] GC(45) Concurrent Cleanup for Next Mark 2.302ms
[2024-08-28T13:01:30.006+0000][info][gc          ] GC(45) Concurrent Mark Cycle 100.667ms
[2024-08-28T13:01:30.074+0000][info][gc,start    ] GC(47) Pause Young (Prepare Mixed) (G1 Evacuation Pause)
[2024-08-28T13:01:30.074+0000][info][gc,task     ] GC(47) Using 49 workers of 68 for evacuation
[2024-08-28T13:01:30.092+0000][info][gc,phases   ] GC(47)   Pre Evacuate Collection Set: 0.4ms
[2024-08-28T13:01:30.092+0000][info][gc,phases   ] GC(47)   Merge Heap Roots: 0.6ms
[2024-08-28T13:01:30.092+0000][info][gc,phases   ] GC(47)   Evacuate Collection Set: 16.1ms
[2024-08-28T13:01:30.092+0000][info][gc,phases   ] GC(47)   Post Evacuate Collection Set: 0.6ms
[2024-08-28T13:01:30.092+0000][info][gc,phases   ] GC(47)   Other: 0.3ms
[2024-08-28T13:01:30.092+0000][info][gc,heap     ] GC(47) Eden regions: 121->0(85)
[2024-08-28T13:01:30.092+0000][info][gc,heap     ] GC(47) Survivor regions: 13->17(17)
[2024-08-28T13:01:30.092+0000][info][gc,heap     ] GC(47) Old regions: 1443->1563
[2024-08-28T13:01:30.092+0000][info][gc,heap     ] GC(47) Archive regions: 2->2
[2024-08-28T13:01:30.092+0000][info][gc,heap     ] GC(47) Humongous regions: 5->5
[2024-08-28T13:01:30.092+0000][info][gc,metaspace] GC(47) Metaspace: 100K(320K)->100K(320K) NonClass: 96K(192K)->96K(192K) Class: 4K(128K)->4K(128K)
[2024-08-28T13:01:30.092+0000][info][gc          ] GC(47) Pause Young (Prepare Mixed) (G1 Evacuation Pause) 1582M->1585M(2048M) 18.080ms
[2024-08-28T13:01:30.092+0000][info][gc,cpu      ] GC(47) User=0.75s Sys=0.07s Real=0.02s
[2024-08-28T13:01:30.144+0000][info][gc,start    ] GC(48) Pause Young (Mixed) (G1 Evacuation Pause)
[2024-08-28T13:01:30.144+0000][info][gc,task     ] GC(48) Using 49 workers of 68 for evacuation
[2024-08-28T13:01:30.159+0000][info][gc,phases   ] GC(48)   Pre Evacuate Collection Set: 0.4ms
[2024-08-28T13:01:30.159+0000][info][gc,phases   ] GC(48)   Merge Heap Roots: 0.5ms
[2024-08-28T13:01:30.159+0000][info][gc,phases   ] GC(48)   Evacuate Collection Set: 13.5ms
[2024-08-28T13:01:30.159+0000][info][gc,phases   ] GC(48)   Post Evacuate Collection Set: 0.6ms
[2024-08-28T13:01:30.159+0000][info][gc,phases   ] GC(48)   Other: 0.3ms
[2024-08-28T13:01:30.159+0000][info][gc,heap     ] GC(48) Eden regions: 85->0(89)
[2024-08-28T13:01:30.159+0000][info][gc,heap     ] GC(48) Survivor regions: 17->13(13)
[2024-08-28T13:01:30.159+0000][info][gc,heap     ] GC(48) Old regions: 1563->1453
[2024-08-28T13:01:30.159+0000][info][gc,heap     ] GC(48) Archive regions: 2->2
[2024-08-28T13:01:30.159+0000][info][gc,heap     ] GC(48) Humongous regions: 5->5
[2024-08-28T13:01:30.159+0000][info][gc,metaspace] GC(48) Metaspace: 100K(320K)->100K(320K) NonClass: 96K(192K)->96K(192K) Class: 4K(128K)->4K(128K)
[2024-08-28T13:01:30.159+0000][info][gc          ] GC(48) Pause Young (Mixed) (G1 Evacuation Pause) 1670M->1471M(2048M) 15.324ms
[2024-08-28T13:01:30.159+0000][info][gc,cpu      ] GC(48) User=0.67s Sys=0.00s Real=0.02s
[2024-08-28T13:01:30.214+0000][info][gc,start    ] GC(49) Pause Young (Mixed) (G1 Evacuation Pause)
[2024-08-28T13:01:30.214+0000][info][gc,task     ] GC(49) Using 49 workers of 68 for evacuation
[2024-08-28T13:01:30.229+0000][info][gc,phases   ] GC(49)   Pre Evacuate Collection Set: 0.4ms
[2024-08-28T13:01:30.229+0000][info][gc,phases   ] GC(49)   Merge Heap Roots: 0.5ms
[2024-08-28T13:01:30.229+0000][info][gc,phases   ] GC(49)   Evacuate Collection Set: 12.8ms
[2024-08-28T13:01:30.229+0000][info][gc,phases   ] GC(49)   Post Evacuate Collection Set: 0.6ms
[2024-08-28T13:01:30.229+0000][info][gc,phases   ] GC(49)   Other: 0.3ms
[2024-08-28T13:01:30.229+0000][info][gc,heap     ] GC(49) Eden regions: 89->0(89)
[2024-08-28T13:01:30.229+0000][info][gc,heap     ] GC(49) Survivor regions: 13->13(13)
[2024-08-28T13:01:30.229+0000][info][gc,heap     ] GC(49) Old regions: 1453->1341
[2024-08-28T13:01:30.229+0000][info][gc,heap     ] GC(49) Archive regions: 2->2
[2024-08-28T13:01:30.229+0000][info][gc,heap     ] GC(49) Humongous regions: 5->5
[2024-08-28T13:01:30.229+0000][info][gc,metaspace] GC(49) Metaspace: 100K(320K)->100K(320K) NonClass: 96K(192K)->96K(192K) Class: 4K(128K)->4K(128K)
[2024-08-28T13:01:30.229+0000][info][gc          ] GC(49) Pause Young (Mixed) (G1 Evacuation Pause) 1560M->1359M(2048M) 14.578ms
[2024-08-28T13:01:30.229+0000][info][gc,cpu      ] GC(49) User=0.61s Sys=0.03s Real=0.01s
[2024-08-28T13:01:30.282+0000][info][gc,start    ] GC(50) Pause Young (Mixed) (G1 Evacuation Pause)
[2024-08-28T13:01:30.282+0000][info][gc,task     ] GC(50) Using 49 workers of 68 for evacuation
[2024-08-28T13:01:30.297+0000][info][gc,phases   ] GC(50)   Pre Evacuate Collection Set: 0.4ms
[2024-08-28T13:01:30.297+0000][info][gc,phases   ] GC(50)   Merge Heap Roots: 0.6ms
[2024-08-28T13:01:30.297+0000][info][gc,phases   ] GC(50)   Evacuate Collection Set: 12.9ms
[2024-08-28T13:01:30.297+0000][info][gc,phases   ] GC(50)   Post Evacuate Collection Set: 0.6ms
[2024-08-28T13:01:30.297+0000][info][gc,phases   ] GC(50)   Other: 0.2ms
[2024-08-28T13:01:30.297+0000][info][gc,heap     ] GC(50) Eden regions: 89->0(89)
[2024-08-28T13:01:30.297+0000][info][gc,heap     ] GC(50) Survivor regions: 13->13(13)
[2024-08-28T13:01:30.297+0000][info][gc,heap     ] GC(50) Old regions: 1341->1230
[2024-08-28T13:01:30.297+0000][info][gc,heap     ] GC(50) Archive regions: 2->2
[2024-08-28T13:01:30.297+0000][info][gc,heap     ] GC(50) Humongous regions: 5->5
[2024-08-28T13:01:30.297+0000][info][gc,metaspace] GC(50) Metaspace: 100K(320K)->100K(320K) NonClass: 96K(192K)->96K(192K) Class: 4K(128K)->4K(128K)
[2024-08-28T13:01:30.297+0000][info][gc          ] GC(50) Pause Young (Mixed) (G1 Evacuation Pause) 1448M->1248M(2048M) 14.890ms
[2024-08-28T13:01:30.297+0000][info][gc,cpu      ] GC(50) User=0.63s Sys=0.03s Real=0.01s
[2024-08-28T13:01:30.353+0000][info][gc,start    ] GC(51) Pause Young (Mixed) (G1 Evacuation Pause)
[2024-08-28T13:01:30.353+0000][info][gc,task     ] GC(51) Using 49 workers of 68 for evacuation
[2024-08-28T13:01:30.368+0000][info][gc,phases   ] GC(51)   Pre Evacuate Collection Set: 0.4ms
[2024-08-28T13:01:30.368+0000][info][gc,phases   ] GC(51)   Merge Heap Roots: 0.7ms
[2024-08-28T13:01:30.368+0000][info][gc,phases   ] GC(51)   Evacuate Collection Set: 13.6ms
[2024-08-28T13:01:30.368+0000][info][gc,phases   ] GC(51)   Post Evacuate Collection Set: 0.6ms
[2024-08-28T13:01:30.368+0000][info][gc,phases   ] GC(51)   Other: 0.3ms
[2024-08-28T13:01:30.368+0000][info][gc,heap     ] GC(51) Eden regions: 89->0(221)
[2024-08-28T13:01:30.368+0000][info][gc,heap     ] GC(51) Survivor regions: 13->13(13)
[2024-08-28T13:01:30.368+0000][info][gc,heap     ] GC(51) Old regions: 1230->1134
[2024-08-28T13:01:30.368+0000][info][gc,heap     ] GC(51) Archive regions: 2->2
[2024-08-28T13:01:30.368+0000][info][gc,heap     ] GC(51) Humongous regions: 5->5
[2024-08-28T13:01:30.368+0000][info][gc,metaspace] GC(51) Metaspace: 100K(320K)->100K(320K) NonClass: 96K(192K)->96K(192K) Class: 4K(128K)->4K(128K)
[2024-08-28T13:01:30.368+0000][info][gc          ] GC(51) Pause Young (Mixed) (G1 Evacuation Pause) 1337M->1152M(2048M) 15.552ms
[2024-08-28T13:01:30.368+0000][info][gc,cpu      ] GC(51) User=0.69s Sys=0.00s Real=0.01s
[2024-08-28T13:01:30.503+0000][info][gc,start    ] GC(52) Pause Young (Normal) (G1 Evacuation Pause)
[2024-08-28T13:01:30.503+0000][info][gc,task     ] GC(52) Using 49 workers of 68 for evacuation
[2024-08-28T13:01:30.530+0000][info][gc,phases   ] GC(52)   Pre Evacuate Collection Set: 0.3ms
[2024-08-28T13:01:30.530+0000][info][gc,phases   ] GC(52)   Merge Heap Roots: 0.7ms
[2024-08-28T13:01:30.530+0000][info][gc,phases   ] GC(52)   Evacuate Collection Set: 25.1ms
[2024-08-28T13:01:30.530+0000][info][gc,phases   ] GC(52)   Post Evacuate Collection Set: 0.7ms
[2024-08-28T13:01:30.530+0000][info][gc,phases   ] GC(52)   Other: 0.3ms
[2024-08-28T13:01:30.530+0000][info][gc,heap     ] GC(52) Eden regions: 221->0(151)
[2024-08-28T13:01:30.530+0000][info][gc,heap     ] GC(52) Survivor regions: 13->30(30)
[2024-08-28T13:01:30.530+0000][info][gc,heap     ] GC(52) Old regions: 1134->1333
[2024-08-28T13:01:30.530+0000][info][gc,heap     ] GC(52) Archive regions: 2->2
[2024-08-28T13:01:30.530+0000][info][gc,heap     ] GC(52) Humongous regions: 5->5
[2024-08-28T13:01:30.530+0000][info][gc,metaspace] GC(52) Metaspace: 100K(320K)->100K(320K) NonClass: 96K(192K)->96K(192K) Class: 4K(128K)->4K(128K)
[2024-08-28T13:01:30.530+0000][info][gc          ] GC(52) Pause Young (Normal) (G1 Evacuation Pause) 1373M->1368M(2048M) 27.090ms
[2024-08-28T13:01:30.531+0000][info][gc,cpu      ] GC(52) User=1.20s Sys=0.04s Real=0.03s
[2024-08-28T13:01:30.622+0000][info][gc,start    ] GC(53) Pause Young (Normal) (G1 Evacuation Pause)
[2024-08-28T13:01:30.622+0000][info][gc,task     ] GC(53) Using 49 workers of 68 for evacuation
[2024-08-28T13:01:30.645+0000][info][gc,phases   ] GC(53)   Pre Evacuate Collection Set: 0.3ms
[2024-08-28T13:01:30.645+0000][info][gc,phases   ] GC(53)   Merge Heap Roots: 1.0ms
[2024-08-28T13:01:30.645+0000][info][gc,phases   ] GC(53)   Evacuate Collection Set: 21.5ms
[2024-08-28T13:01:30.645+0000][info][gc,phases   ] GC(53)   Post Evacuate Collection Set: 0.6ms
[2024-08-28T13:01:30.645+0000][info][gc,phases   ] GC(53)   Other: 0.2ms
[2024-08-28T13:01:30.645+0000][info][gc,heap     ] GC(53) Eden regions: 151->0(101)
[2024-08-28T13:01:30.645+0000][info][gc,heap     ] GC(53) Survivor regions: 30->23(23)
[2024-08-28T13:01:30.645+0000][info][gc,heap     ] GC(53) Old regions: 1333->1495
[2024-08-28T13:01:30.645+0000][info][gc,heap     ] GC(53) Archive regions: 2->2
[2024-08-28T13:01:30.645+0000][info][gc,heap     ] GC(53) Humongous regions: 5->5
[2024-08-28T13:01:30.645+0000][info][gc,metaspace] GC(53) Metaspace: 100K(320K)->100K(320K) NonClass: 96K(192K)->96K(192K) Class: 4K(128K)->4K(128K)
[2024-08-28T13:01:30.645+0000][info][gc          ] GC(53) Pause Young (Normal) (G1 Evacuation Pause) 1519M->1523M(2048M) 23.692ms
[2024-08-28T13:01:30.645+0000][info][gc,cpu      ] GC(53) User=1.05s Sys=0.05s Real=0.02s
[2024-08-28T13:01:30.710+0000][info][gc,start    ] GC(54) Pause Young (Concurrent Start) (G1 Evacuation Pause)
[2024-08-28T13:01:30.710+0000][info][gc,task     ] GC(54) Using 49 workers of 68 for evacuation
[2024-08-28T13:01:30.729+0000][info][gc,phases   ] GC(54)   Pre Evacuate Collection Set: 0.3ms
[2024-08-28T13:01:30.729+0000][info][gc,phases   ] GC(54)   Merge Heap Roots: 0.5ms
[2024-08-28T13:01:30.729+0000][info][gc,phases   ] GC(54)   Evacuate Collection Set: 16.8ms
[2024-08-28T13:01:30.729+0000][info][gc,phases   ] GC(54)   Post Evacuate Collection Set: 0.5ms
[2024-08-28T13:01:30.729+0000][info][gc,phases   ] GC(54)   Other: 0.7ms
[2024-08-28T13:01:30.729+0000][info][gc,heap     ] GC(54) Eden regions: 101->0(86)
[2024-08-28T13:01:30.729+0000][info][gc,heap     ] GC(54) Survivor regions: 23->16(16)
[2024-08-28T13:01:30.729+0000][info][gc,heap     ] GC(54) Old regions: 1495->1610
[2024-08-28T13:01:30.729+0000][info][gc,heap     ] GC(54) Archive regions: 2->2
[2024-08-28T13:01:30.729+0000][info][gc,heap     ] GC(54) Humongous regions: 5->5
[2024-08-28T13:01:30.729+0000][info][gc,metaspace] GC(54) Metaspace: 100K(320K)->100K(320K) NonClass: 96K(192K)->96K(192K) Class: 4K(128K)->4K(128K)
[2024-08-28T13:01:30.729+0000][info][gc          ] GC(54) Pause Young (Concurrent Start) (G1 Evacuation Pause) 1624M->1631M(2048M) 18.986ms
[2024-08-28T13:01:30.729+0000][info][gc,cpu      ] GC(54) User=0.82s Sys=0.02s Real=0.01s
[2024-08-28T13:01:30.729+0000][info][gc          ] GC(55) Concurrent Mark Cycle
[2024-08-28T13:01:30.729+0000][info][gc,marking  ] GC(55) Concurrent Clear Claimed Marks
[2024-08-28T13:01:30.729+0000][info][gc,marking  ] GC(55) Concurrent Clear Claimed Marks 0.009ms
[2024-08-28T13:01:30.729+0000][info][gc,marking  ] GC(55) Concurrent Scan Root Regions
[2024-08-28T13:01:30.732+0000][info][gc,marking  ] GC(55) Concurrent Scan Root Regions 3.177ms
[2024-08-28T13:01:30.732+0000][info][gc,marking  ] GC(55) Concurrent Mark
[2024-08-28T13:01:30.732+0000][info][gc,marking  ] GC(55) Concurrent Mark From Roots
[2024-08-28T13:01:30.732+0000][info][gc,task     ] GC(55) Using 17 workers of 17 for marking
[2024-08-28T13:01:30.753+0000][info][gc,marking  ] GC(55) Concurrent Mark From Roots 20.490ms
[2024-08-28T13:01:30.753+0000][info][gc,marking  ] GC(55) Concurrent Preclean
[2024-08-28T13:01:30.753+0000][info][gc,marking  ] GC(55) Concurrent Preclean 0.496ms
[2024-08-28T13:01:30.753+0000][info][gc,start    ] GC(55) Pause Remark
[2024-08-28T13:01:30.756+0000][info][gc          ] GC(55) Pause Remark 1656M->1387M(2048M) 2.283ms
[2024-08-28T13:01:30.756+0000][info][gc,cpu      ] GC(55) User=0.02s Sys=0.00s Real=0.00s
[2024-08-28T13:01:30.756+0000][info][gc,marking  ] GC(55) Concurrent Mark 23.681ms
[2024-08-28T13:01:30.756+0000][info][gc,marking  ] GC(55) Concurrent Rebuild Remembered Sets
[2024-08-28T13:01:30.798+0000][info][gc,start    ] GC(56) Pause Young (Normal) (G1 Evacuation Pause)
[2024-08-28T13:01:30.798+0000][info][gc,task     ] GC(56) Using 49 workers of 68 for evacuation
[2024-08-28T13:01:30.814+0000][info][gc,phases   ] GC(56)   Pre Evacuate Collection Set: 0.3ms
[2024-08-28T13:01:30.814+0000][info][gc,phases   ] GC(56)   Merge Heap Roots: 0.9ms
[2024-08-28T13:01:30.814+0000][info][gc,phases   ] GC(56)   Evacuate Collection Set: 13.7ms
[2024-08-28T13:01:30.814+0000][info][gc,phases   ] GC(56)   Post Evacuate Collection Set: 0.9ms
[2024-08-28T13:01:30.814+0000][info][gc,phases   ] GC(56)   Other: 0.3ms
[2024-08-28T13:01:30.814+0000][info][gc,heap     ] GC(56) Eden regions: 86->0(123)
[2024-08-28T13:01:30.814+0000][info][gc,heap     ] GC(56) Survivor regions: 16->13(13)
[2024-08-28T13:01:30.814+0000][info][gc,heap     ] GC(56) Old regions: 1341->1438
[2024-08-28T13:01:30.814+0000][info][gc,heap     ] GC(56) Archive regions: 2->2
[2024-08-28T13:01:30.814+0000][info][gc,heap     ] GC(56) Humongous regions: 5->5
[2024-08-28T13:01:30.814+0000][info][gc,metaspace] GC(56) Metaspace: 100K(320K)->100K(320K) NonClass: 96K(192K)->96K(192K) Class: 4K(128K)->4K(128K)
[2024-08-28T13:01:30.814+0000][info][gc          ] GC(56) Pause Young (Normal) (G1 Evacuation Pause) 1448M->1456M(2048M) 16.202ms
[2024-08-28T13:01:30.815+0000][info][gc,cpu      ] GC(56) User=0.69s Sys=0.03s Real=0.01s
[2024-08-28T13:01:30.822+0000][info][gc,marking  ] GC(55) Concurrent Rebuild Remembered Sets 66.149ms
[2024-08-28T13:01:30.822+0000][info][gc,start    ] GC(55) Pause Cleanup
[2024-08-28T13:01:30.825+0000][info][gc          ] GC(55) Pause Cleanup 1467M->1467M(2048M) 2.983ms
[2024-08-28T13:01:30.825+0000][info][gc,cpu      ] GC(55) User=0.01s Sys=0.00s Real=0.00s
[2024-08-28T13:01:30.825+0000][info][gc,marking  ] GC(55) Concurrent Cleanup for Next Mark
[2024-08-28T13:01:30.827+0000][info][gc,marking  ] GC(55) Concurrent Cleanup for Next Mark 1.467ms
[2024-08-28T13:01:30.827+0000][info][gc          ] GC(55) Concurrent Mark Cycle 98.163ms
[2024-08-28T13:01:30.900+0000][info][gc,start    ] GC(57) Pause Young (Prepare Mixed) (G1 Evacuation Pause)
[2024-08-28T13:01:30.900+0000][info][gc,task     ] GC(57) Using 49 workers of 68 for evacuation
[2024-08-28T13:01:30.918+0000][info][gc,phases   ] GC(57)   Pre Evacuate Collection Set: 0.3ms
[2024-08-28T13:01:30.918+0000][info][gc,phases   ] GC(57)   Merge Heap Roots: 0.7ms
[2024-08-28T13:01:30.918+0000][info][gc,phases   ] GC(57)   Evacuate Collection Set: 16.8ms
[2024-08-28T13:01:30.918+0000][info][gc,phases   ] GC(57)   Post Evacuate Collection Set: 0.6ms
[2024-08-28T13:01:30.918+0000][info][gc,phases   ] GC(57)   Other: 0.3ms
[2024-08-28T13:01:30.918+0000][info][gc,heap     ] GC(57) Eden regions: 123->0(85)
[2024-08-28T13:01:30.918+0000][info][gc,heap     ] GC(57) Survivor regions: 13->17(17)
[2024-08-28T13:01:30.918+0000][info][gc,heap     ] GC(57) Old regions: 1438->1559
[2024-08-28T13:01:30.918+0000][info][gc,heap     ] GC(57) Archive regions: 2->2
[2024-08-28T13:01:30.918+0000][info][gc,heap     ] GC(57) Humongous regions: 5->5
[2024-08-28T13:01:30.918+0000][info][gc,metaspace] GC(57) Metaspace: 100K(320K)->100K(320K) NonClass: 96K(192K)->96K(192K) Class: 4K(128K)->4K(128K)
[2024-08-28T13:01:30.918+0000][info][gc          ] GC(57) Pause Young (Prepare Mixed) (G1 Evacuation Pause) 1579M->1581M(2048M) 18.678ms
[2024-08-28T13:01:30.918+0000][info][gc,cpu      ] GC(57) User=0.82s Sys=0.03s Real=0.02s
[2024-08-28T13:01:30.975+0000][info][gc,start    ] GC(58) Pause Young (Mixed) (G1 Evacuation Pause)
[2024-08-28T13:01:30.975+0000][info][gc,task     ] GC(58) Using 49 workers of 68 for evacuation
[2024-08-28T13:01:30.991+0000][info][gc,phases   ] GC(58)   Pre Evacuate Collection Set: 0.4ms
[2024-08-28T13:01:30.991+0000][info][gc,phases   ] GC(58)   Merge Heap Roots: 0.5ms
[2024-08-28T13:01:30.991+0000][info][gc,phases   ] GC(58)   Evacuate Collection Set: 14.1ms
[2024-08-28T13:01:30.991+0000][info][gc,phases   ] GC(58)   Post Evacuate Collection Set: 0.6ms
[2024-08-28T13:01:30.991+0000][info][gc,phases   ] GC(58)   Other: 0.2ms
[2024-08-28T13:01:30.991+0000][info][gc,heap     ] GC(58) Eden regions: 85->0(89)
[2024-08-28T13:01:30.991+0000][info][gc,heap     ] GC(58) Survivor regions: 17->13(13)
[2024-08-28T13:01:30.991+0000][info][gc,heap     ] GC(58) Old regions: 1559->1450
[2024-08-28T13:01:30.991+0000][info][gc,heap     ] GC(58) Archive regions: 2->2
[2024-08-28T13:01:30.991+0000][info][gc,heap     ] GC(58) Humongous regions: 5->5
[2024-08-28T13:01:30.991+0000][info][gc,metaspace] GC(58) Metaspace: 100K(320K)->100K(320K) NonClass: 96K(192K)->96K(192K) Class: 4K(128K)->4K(128K)
[2024-08-28T13:01:30.991+0000][info][gc          ] GC(58) Pause Young (Mixed) (G1 Evacuation Pause) 1666M->1468M(2048M) 16.002ms
[2024-08-28T13:01:30.991+0000][info][gc,cpu      ] GC(58) User=0.71s Sys=0.00s Real=0.02s
[2024-08-28T13:01:31.046+0000][info][gc,start    ] GC(59) Pause Young (Mixed) (G1 Evacuation Pause)
[2024-08-28T13:01:31.046+0000][info][gc,task     ] GC(59) Using 49 workers of 68 for evacuation
[2024-08-28T13:01:31.061+0000][info][gc,phases   ] GC(59)   Pre Evacuate Collection Set: 0.4ms
[2024-08-28T13:01:31.061+0000][info][gc,phases   ] GC(59)   Merge Heap Roots: 0.5ms
[2024-08-28T13:01:31.061+0000][info][gc,phases   ] GC(59)   Evacuate Collection Set: 13.9ms
[2024-08-28T13:01:31.061+0000][info][gc,phases   ] GC(59)   Post Evacuate Collection Set: 0.6ms
[2024-08-28T13:01:31.061+0000][info][gc,phases   ] GC(59)   Other: 0.2ms
[2024-08-28T13:01:31.061+0000][info][gc,heap     ] GC(59) Eden regions: 89->0(89)
[2024-08-28T13:01:31.061+0000][info][gc,heap     ] GC(59) Survivor regions: 13->13(13)
[2024-08-28T13:01:31.061+0000][info][gc,heap     ] GC(59) Old regions: 1450->1338
[2024-08-28T13:01:31.061+0000][info][gc,heap     ] GC(59) Archive regions: 2->2
[2024-08-28T13:01:31.061+0000][info][gc,heap     ] GC(59) Humongous regions: 5->5
[2024-08-28T13:01:31.061+0000][info][gc,metaspace] GC(59) Metaspace: 100K(320K)->100K(320K) NonClass: 96K(192K)->96K(192K) Class: 4K(128K)->4K(128K)
[2024-08-28T13:01:31.061+0000][info][gc          ] GC(59) Pause Young (Mixed) (G1 Evacuation Pause) 1557M->1356M(2048M) 15.740ms
[2024-08-28T13:01:31.061+0000][info][gc,cpu      ] GC(59) User=0.69s Sys=0.02s Real=0.02s
[2024-08-28T13:01:31.116+0000][info][gc,start    ] GC(60) Pause Young (Mixed) (G1 Evacuation Pause)
[2024-08-28T13:01:31.116+0000][info][gc,task     ] GC(60) Using 49 workers of 68 for evacuation
[2024-08-28T13:01:31.131+0000][info][gc,phases   ] GC(60)   Pre Evacuate Collection Set: 0.4ms
[2024-08-28T13:01:31.131+0000][info][gc,phases   ] GC(60)   Merge Heap Roots: 0.5ms
[2024-08-28T13:01:31.131+0000][info][gc,phases   ] GC(60)   Evacuate Collection Set: 13.0ms
[2024-08-28T13:01:31.131+0000][info][gc,phases   ] GC(60)   Post Evacuate Collection Set: 0.6ms
[2024-08-28T13:01:31.131+0000][info][gc,phases   ] GC(60)   Other: 0.3ms
[2024-08-28T13:01:31.131+0000][info][gc,heap     ] GC(60) Eden regions: 89->0(89)
[2024-08-28T13:01:31.131+0000][info][gc,heap     ] GC(60) Survivor regions: 13->13(13)
[2024-08-28T13:01:31.131+0000][info][gc,heap     ] GC(60) Old regions: 1338->1227
[2024-08-28T13:01:31.131+0000][info][gc,heap     ] GC(60) Archive regions: 2->2
[2024-08-28T13:01:31.131+0000][info][gc,heap     ] GC(60) Humongous regions: 5->5
[2024-08-28T13:01:31.131+0000][info][gc,metaspace] GC(60) Metaspace: 100K(320K)->100K(320K) NonClass: 96K(192K)->96K(192K) Class: 4K(128K)->4K(128K)
[2024-08-28T13:01:31.131+0000][info][gc          ] GC(60) Pause Young (Mixed) (G1 Evacuation Pause) 1445M->1245M(2048M) 14.888ms
[2024-08-28T13:01:31.131+0000][info][gc,cpu      ] GC(60) User=0.65s Sys=0.00s Real=0.02s
[2024-08-28T13:01:31.199+0000][info][gc,start    ] GC(61) Pause Young (Mixed) (G1 Evacuation Pause)
[2024-08-28T13:01:31.199+0000][info][gc,task     ] GC(61) Using 49 workers of 68 for evacuation
[2024-08-28T13:01:31.216+0000][info][gc,phases   ] GC(61)   Pre Evacuate Collection Set: 0.5ms
[2024-08-28T13:01:31.216+0000][info][gc,phases   ] GC(61)   Merge Heap Roots: 0.7ms
[2024-08-28T13:01:31.216+0000][info][gc,phases   ] GC(61)   Evacuate Collection Set: 14.5ms
[2024-08-28T13:01:31.216+0000][info][gc,phases   ] GC(61)   Post Evacuate Collection Set: 0.6ms
[2024-08-28T13:01:31.216+0000][info][gc,phases   ] GC(61)   Other: 0.3ms
[2024-08-28T13:01:31.216+0000][info][gc,heap     ] GC(61) Eden regions: 89->0(221)
[2024-08-28T13:01:31.216+0000][info][gc,heap     ] GC(61) Survivor regions: 13->13(13)
[2024-08-28T13:01:31.216+0000][info][gc,heap     ] GC(61) Old regions: 1227->1135
[2024-08-28T13:01:31.216+0000][info][gc,heap     ] GC(61) Archive regions: 2->2
[2024-08-28T13:01:31.216+0000][info][gc,heap     ] GC(61) Humongous regions: 5->5
[2024-08-28T13:01:31.216+0000][info][gc,metaspace] GC(61) Metaspace: 100K(320K)->100K(320K) NonClass: 96K(192K)->96K(192K) Class: 4K(128K)->4K(128K)
[2024-08-28T13:01:31.216+0000][info][gc          ] GC(61) Pause Young (Mixed) (G1 Evacuation Pause) 1334M->1153M(2048M) 16.613ms
[2024-08-28T13:01:31.216+0000][info][gc,cpu      ] GC(61) User=0.66s Sys=0.08s Real=0.01s
[2024-08-28T13:01:31.355+0000][info][gc,start    ] GC(62) Pause Young (Normal) (G1 Evacuation Pause)
[2024-08-28T13:01:31.355+0000][info][gc,task     ] GC(62) Using 49 workers of 68 for evacuation
[2024-08-28T13:01:31.385+0000][info][gc,phases   ] GC(62)   Pre Evacuate Collection Set: 0.3ms
[2024-08-28T13:01:31.385+0000][info][gc,phases   ] GC(62)   Merge Heap Roots: 0.7ms
[2024-08-28T13:01:31.385+0000][info][gc,phases   ] GC(62)   Evacuate Collection Set: 28.3ms
[2024-08-28T13:01:31.385+0000][info][gc,phases   ] GC(62)   Post Evacuate Collection Set: 0.7ms
[2024-08-28T13:01:31.385+0000][info][gc,phases   ] GC(62)   Other: 0.3ms
[2024-08-28T13:01:31.385+0000][info][gc,heap     ] GC(62) Eden regions: 221->0(150)
[2024-08-28T13:01:31.385+0000][info][gc,heap     ] GC(62) Survivor regions: 13->30(30)
[2024-08-28T13:01:31.385+0000][info][gc,heap     ] GC(62) Old regions: 1135->1335
[2024-08-28T13:01:31.385+0000][info][gc,heap     ] GC(62) Archive regions: 2->2
[2024-08-28T13:01:31.385+0000][info][gc,heap     ] GC(62) Humongous regions: 5->5
[2024-08-28T13:01:31.385+0000][info][gc,metaspace] GC(62) Metaspace: 100K(320K)->100K(320K) NonClass: 96K(192K)->96K(192K) Class: 4K(128K)->4K(128K)
[2024-08-28T13:01:31.385+0000][info][gc          ] GC(62) Pause Young (Normal) (G1 Evacuation Pause) 1374M->1370M(2048M) 30.339ms
[2024-08-28T13:01:31.385+0000][info][gc,cpu      ] GC(62) User=1.15s Sys=0.09s Real=0.03s
[2024-08-28T13:01:31.504+0000][info][gc,start    ] GC(63) Pause Young (Normal) (G1 Evacuation Pause)
[2024-08-28T13:01:31.504+0000][info][gc,task     ] GC(63) Using 49 workers of 68 for evacuation
[2024-08-28T13:01:31.532+0000][info][gc,phases   ] GC(63)   Pre Evacuate Collection Set: 0.4ms
[2024-08-28T13:01:31.532+0000][info][gc,phases   ] GC(63)   Merge Heap Roots: 1.0ms
[2024-08-28T13:01:31.532+0000][info][gc,phases   ] GC(63)   Evacuate Collection Set: 25.7ms
[2024-08-28T13:01:31.532+0000][info][gc,phases   ] GC(63)   Post Evacuate Collection Set: 0.6ms
[2024-08-28T13:01:31.532+0000][info][gc,phases   ] GC(63)   Other: 0.3ms
[2024-08-28T13:01:31.532+0000][info][gc,heap     ] GC(63) Eden regions: 150->0(100)
[2024-08-28T13:01:31.532+0000][info][gc,heap     ] GC(63) Survivor regions: 30->23(23)
[2024-08-28T13:01:31.532+0000][info][gc,heap     ] GC(63) Old regions: 1335->1497
[2024-08-28T13:01:31.532+0000][info][gc,heap     ] GC(63) Archive regions: 2->2
[2024-08-28T13:01:31.532+0000][info][gc,heap     ] GC(63) Humongous regions: 5->5
[2024-08-28T13:01:31.532+0000][info][gc,metaspace] GC(63) Metaspace: 100K(320K)->100K(320K) NonClass: 96K(192K)->96K(192K) Class: 4K(128K)->4K(128K)
[2024-08-28T13:01:31.532+0000][info][gc          ] GC(63) Pause Young (Normal) (G1 Evacuation Pause) 1520M->1525M(2048M) 28.005ms
[2024-08-28T13:01:31.532+0000][info][gc,cpu      ] GC(63) User=1.30s Sys=0.00s Real=0.03s
[2024-08-28T13:01:31.615+0000][info][gc,start    ] GC(64) Pause Young (Concurrent Start) (G1 Evacuation Pause)
[2024-08-28T13:01:31.615+0000][info][gc,task     ] GC(64) Using 49 workers of 68 for evacuation
[2024-08-28T13:01:31.634+0000][info][gc,phases   ] GC(64)   Pre Evacuate Collection Set: 0.3ms
[2024-08-28T13:01:31.634+0000][info][gc,phases   ] GC(64)   Merge Heap Roots: 0.6ms
[2024-08-28T13:01:31.634+0000][info][gc,phases   ] GC(64)   Evacuate Collection Set: 16.7ms
[2024-08-28T13:01:31.634+0000][info][gc,phases   ] GC(64)   Post Evacuate Collection Set: 0.6ms
[2024-08-28T13:01:31.634+0000][info][gc,phases   ] GC(64)   Other: 0.7ms
[2024-08-28T13:01:31.634+0000][info][gc,heap     ] GC(64) Eden regions: 100->0(86)
[2024-08-28T13:01:31.634+0000][info][gc,heap     ] GC(64) Survivor regions: 23->16(16)
[2024-08-28T13:01:31.634+0000][info][gc,heap     ] GC(64) Old regions: 1497->1611
[2024-08-28T13:01:31.634+0000][info][gc,heap     ] GC(64) Archive regions: 2->2
[2024-08-28T13:01:31.634+0000][info][gc,heap     ] GC(64) Humongous regions: 5->5
[2024-08-28T13:01:31.634+0000][info][gc,metaspace] GC(64) Metaspace: 100K(320K)->100K(320K) NonClass: 96K(192K)->96K(192K) Class: 4K(128K)->4K(128K)
[2024-08-28T13:01:31.634+0000][info][gc          ] GC(64) Pause Young (Concurrent Start) (G1 Evacuation Pause) 1625M->1632M(2048M) 18.884ms
[2024-08-28T13:01:31.634+0000][info][gc,cpu      ] GC(64) User=0.77s Sys=0.06s Real=0.02s
[2024-08-28T13:01:31.634+0000][info][gc          ] GC(65) Concurrent Mark Cycle
[2024-08-28T13:01:31.634+0000][info][gc,marking  ] GC(65) Concurrent Clear Claimed Marks
[2024-08-28T13:01:31.634+0000][info][gc,marking  ] GC(65) Concurrent Clear Claimed Marks 0.009ms
[2024-08-28T13:01:31.634+0000][info][gc,marking  ] GC(65) Concurrent Scan Root Regions
[2024-08-28T13:01:31.637+0000][info][gc,marking  ] GC(65) Concurrent Scan Root Regions 2.946ms
[2024-08-28T13:01:31.637+0000][info][gc,marking  ] GC(65) Concurrent Mark
[2024-08-28T13:01:31.637+0000][info][gc,marking  ] GC(65) Concurrent Mark From Roots
[2024-08-28T13:01:31.637+0000][info][gc,task     ] GC(65) Using 17 workers of 17 for marking
[2024-08-28T13:01:31.659+0000][info][gc,marking  ] GC(65) Concurrent Mark From Roots 21.589ms
[2024-08-28T13:01:31.659+0000][info][gc,marking  ] GC(65) Concurrent Preclean
[2024-08-28T13:01:31.659+0000][info][gc,marking  ] GC(65) Concurrent Preclean 0.497ms
[2024-08-28T13:01:31.660+0000][info][gc,start    ] GC(65) Pause Remark
[2024-08-28T13:01:31.662+0000][info][gc          ] GC(65) Pause Remark 1658M->1390M(2048M) 2.008ms
[2024-08-28T13:01:31.662+0000][info][gc,cpu      ] GC(65) User=0.01s Sys=0.00s Real=0.00s
[2024-08-28T13:01:31.662+0000][info][gc,marking  ] GC(65) Concurrent Mark 24.578ms
[2024-08-28T13:01:31.662+0000][info][gc,marking  ] GC(65) Concurrent Rebuild Remembered Sets
[2024-08-28T13:01:31.703+0000][info][gc,start    ] GC(66) Pause Young (Normal) (G1 Evacuation Pause)
[2024-08-28T13:01:31.703+0000][info][gc,task     ] GC(66) Using 49 workers of 68 for evacuation
[2024-08-28T13:01:31.720+0000][info][gc,phases   ] GC(66)   Pre Evacuate Collection Set: 0.3ms
[2024-08-28T13:01:31.720+0000][info][gc,phases   ] GC(66)   Merge Heap Roots: 0.9ms
[2024-08-28T13:01:31.720+0000][info][gc,phases   ] GC(66)   Evacuate Collection Set: 14.9ms
[2024-08-28T13:01:31.720+0000][info][gc,phases   ] GC(66)   Post Evacuate Collection Set: 0.8ms
[2024-08-28T13:01:31.720+0000][info][gc,phases   ] GC(66)   Other: 0.3ms
[2024-08-28T13:01:31.720+0000][info][gc,heap     ] GC(66) Eden regions: 86->0(122)
[2024-08-28T13:01:31.720+0000][info][gc,heap     ] GC(66) Survivor regions: 16->13(13)
[2024-08-28T13:01:31.720+0000][info][gc,heap     ] GC(66) Old regions: 1343->1440
[2024-08-28T13:01:31.720+0000][info][gc,heap     ] GC(66) Archive regions: 2->2
[2024-08-28T13:01:31.720+0000][info][gc,heap     ] GC(66) Humongous regions: 5->5
[2024-08-28T13:01:31.720+0000][info][gc,metaspace] GC(66) Metaspace: 100K(320K)->100K(320K) NonClass: 96K(192K)->96K(192K) Class: 4K(128K)->4K(128K)
[2024-08-28T13:01:31.720+0000][info][gc          ] GC(66) Pause Young (Normal) (G1 Evacuation Pause) 1450M->1458M(2048M) 17.285ms
[2024-08-28T13:01:31.720+0000][info][gc,cpu      ] GC(66) User=0.68s Sys=0.10s Real=0.02s
[2024-08-28T13:01:31.727+0000][info][gc,marking  ] GC(65) Concurrent Rebuild Remembered Sets 65.255ms
[2024-08-28T13:01:31.727+0000][info][gc,start    ] GC(65) Pause Cleanup
[2024-08-28T13:01:31.730+0000][info][gc          ] GC(65) Pause Cleanup 1469M->1469M(2048M) 2.935ms
[2024-08-28T13:01:31.730+0000][info][gc,cpu      ] GC(65) User=0.02s Sys=0.00s Real=0.01s
[2024-08-28T13:01:31.730+0000][info][gc,marking  ] GC(65) Concurrent Cleanup for Next Mark
[2024-08-28T13:01:31.732+0000][info][gc,marking  ] GC(65) Concurrent Cleanup for Next Mark 1.376ms
[2024-08-28T13:01:31.732+0000][info][gc          ] GC(65) Concurrent Mark Cycle 97.653ms
[2024-08-28T13:01:31.801+0000][info][gc,start    ] GC(67) Pause Young (Prepare Mixed) (G1 Evacuation Pause)
[2024-08-28T13:01:31.801+0000][info][gc,task     ] GC(67) Using 49 workers of 68 for evacuation
[2024-08-28T13:01:31.820+0000][info][gc,phases   ] GC(67)   Pre Evacuate Collection Set: 0.3ms
[2024-08-28T13:01:31.820+0000][info][gc,phases   ] GC(67)   Merge Heap Roots: 0.6ms
[2024-08-28T13:01:31.821+0000][info][gc,phases   ] GC(67)   Evacuate Collection Set: 17.8ms
[2024-08-28T13:01:31.821+0000][info][gc,phases   ] GC(67)   Post Evacuate Collection Set: 0.6ms
[2024-08-28T13:01:31.821+0000][info][gc,phases   ] GC(67)   Other: 0.2ms
[2024-08-28T13:01:31.821+0000][info][gc,heap     ] GC(67) Eden regions: 122->0(85)
[2024-08-28T13:01:31.821+0000][info][gc,heap     ] GC(67) Survivor regions: 13->17(17)
[2024-08-28T13:01:31.821+0000][info][gc,heap     ] GC(67) Old regions: 1440->1561
[2024-08-28T13:01:31.821+0000][info][gc,heap     ] GC(67) Archive regions: 2->2
[2024-08-28T13:01:31.821+0000][info][gc,heap     ] GC(67) Humongous regions: 5->5
[2024-08-28T13:01:31.821+0000][info][gc,metaspace] GC(67) Metaspace: 100K(320K)->100K(320K) NonClass: 96K(192K)->96K(192K) Class: 4K(128K)->4K(128K)
[2024-08-28T13:01:31.821+0000][info][gc          ] GC(67) Pause Young (Prepare Mixed) (G1 Evacuation Pause) 1580M->1583M(2048M) 19.572ms
[2024-08-28T13:01:31.821+0000][info][gc,cpu      ] GC(67) User=0.66s Sys=0.25s Real=0.02s
[2024-08-28T13:01:31.872+0000][info][gc,start    ] GC(68) Pause Young (Mixed) (G1 Evacuation Pause)
[2024-08-28T13:01:31.872+0000][info][gc,task     ] GC(68) Using 49 workers of 68 for evacuation
[2024-08-28T13:01:31.892+0000][info][gc,phases   ] GC(68)   Pre Evacuate Collection Set: 0.4ms
[2024-08-28T13:01:31.892+0000][info][gc,phases   ] GC(68)   Merge Heap Roots: 0.6ms
[2024-08-28T13:01:31.892+0000][info][gc,phases   ] GC(68)   Evacuate Collection Set: 18.8ms
[2024-08-28T13:01:31.892+0000][info][gc,phases   ] GC(68)   Post Evacuate Collection Set: 0.6ms
[2024-08-28T13:01:31.892+0000][info][gc,phases   ] GC(68)   Other: 0.2ms
[2024-08-28T13:01:31.892+0000][info][gc,heap     ] GC(68) Eden regions: 85->0(89)
[2024-08-28T13:01:31.892+0000][info][gc,heap     ] GC(68) Survivor regions: 17->13(13)
[2024-08-28T13:01:31.892+0000][info][gc,heap     ] GC(68) Old regions: 1561->1450
[2024-08-28T13:01:31.892+0000][info][gc,heap     ] GC(68) Archive regions: 2->2
[2024-08-28T13:01:31.892+0000][info][gc,heap     ] GC(68) Humongous regions: 5->5
[2024-08-28T13:01:31.892+0000][info][gc,metaspace] GC(68) Metaspace: 100K(320K)->100K(320K) NonClass: 96K(192K)->96K(192K) Class: 4K(128K)->4K(128K)
[2024-08-28T13:01:31.892+0000][info][gc          ] GC(68) Pause Young (Mixed) (G1 Evacuation Pause) 1668M->1468M(2048M) 20.714ms
[2024-08-28T13:01:31.893+0000][info][gc,cpu      ] GC(68) User=0.70s Sys=0.10s Real=0.02s
[2024-08-28T13:01:31.951+0000][info][gc,start    ] GC(69) Pause Young (Mixed) (G1 Evacuation Pause)
[2024-08-28T13:01:31.951+0000][info][gc,task     ] GC(69) Using 49 workers of 68 for evacuation
[2024-08-28T13:01:31.968+0000][info][gc,phases   ] GC(69)   Pre Evacuate Collection Set: 0.4ms
[2024-08-28T13:01:31.968+0000][info][gc,phases   ] GC(69)   Merge Heap Roots: 0.5ms
[2024-08-28T13:01:31.968+0000][info][gc,phases   ] GC(69)   Evacuate Collection Set: 15.3ms
[2024-08-28T13:01:31.968+0000][info][gc,phases   ] GC(69)   Post Evacuate Collection Set: 0.6ms
[2024-08-28T13:01:31.968+0000][info][gc,phases   ] GC(69)   Other: 0.2ms
[2024-08-28T13:01:31.968+0000][info][gc,heap     ] GC(69) Eden regions: 89->0(89)
[2024-08-28T13:01:31.968+0000][info][gc,heap     ] GC(69) Survivor regions: 13->13(13)
[2024-08-28T13:01:31.968+0000][info][gc,heap     ] GC(69) Old regions: 1450->1339
[2024-08-28T13:01:31.968+0000][info][gc,heap     ] GC(69) Archive regions: 2->2
[2024-08-28T13:01:31.968+0000][info][gc,heap     ] GC(69) Humongous regions: 5->5
[2024-08-28T13:01:31.968+0000][info][gc,metaspace] GC(69) Metaspace: 100K(320K)->100K(320K) NonClass: 96K(192K)->96K(192K) Class: 4K(128K)->4K(128K)
[2024-08-28T13:01:31.968+0000][info][gc          ] GC(69) Pause Young (Mixed) (G1 Evacuation Pause) 1557M->1357M(2048M) 17.080ms
[2024-08-28T13:01:31.968+0000][info][gc,cpu      ] GC(69) User=0.67s Sys=0.11s Real=0.01s
[2024-08-28T13:01:32.027+0000][info][gc,start    ] GC(70) Pause Young (Mixed) (G1 Evacuation Pause)
[2024-08-28T13:01:32.027+0000][info][gc,task     ] GC(70) Using 49 workers of 68 for evacuation
[2024-08-28T13:01:32.047+0000][info][gc,phases   ] GC(70)   Pre Evacuate Collection Set: 0.4ms
[2024-08-28T13:01:32.048+0000][info][gc,phases   ] GC(70)   Merge Heap Roots: 0.6ms
[2024-08-28T13:01:32.048+0000][info][gc,phases   ] GC(70)   Evacuate Collection Set: 18.9ms
[2024-08-28T13:01:32.048+0000][info][gc,phases   ] GC(70)   Post Evacuate Collection Set: 0.6ms
[2024-08-28T13:01:32.048+0000][info][gc,phases   ] GC(70)   Other: 0.3ms
[2024-08-28T13:01:32.048+0000][info][gc,heap     ] GC(70) Eden regions: 89->0(89)
[2024-08-28T13:01:32.048+0000][info][gc,heap     ] GC(70) Survivor regions: 13->13(13)
[2024-08-28T13:01:32.048+0000][info][gc,heap     ] GC(70) Old regions: 1339->1228
[2024-08-28T13:01:32.048+0000][info][gc,heap     ] GC(70) Archive regions: 2->2
[2024-08-28T13:01:32.048+0000][info][gc,heap     ] GC(70) Humongous regions: 5->5
[2024-08-28T13:01:32.048+0000][info][gc,metaspace] GC(70) Metaspace: 100K(320K)->100K(320K) NonClass: 96K(192K)->96K(192K) Class: 4K(128K)->4K(128K)
[2024-08-28T13:01:32.048+0000][info][gc          ] GC(70) Pause Young (Mixed) (G1 Evacuation Pause) 1446M->1246M(2048M) 20.825ms
[2024-08-28T13:01:32.048+0000][info][gc,cpu      ] GC(70) User=0.71s Sys=0.04s Real=0.02s
[2024-08-28T13:01:32.112+0000][info][gc,start    ] GC(71) Pause Young (Mixed) (G1 Evacuation Pause)
[2024-08-28T13:01:32.112+0000][info][gc,task     ] GC(71) Using 49 workers of 68 for evacuation
[2024-08-28T13:01:32.130+0000][info][gc,phases   ] GC(71)   Pre Evacuate Collection Set: 0.4ms
[2024-08-28T13:01:32.130+0000][info][gc,phases   ] GC(71)   Merge Heap Roots: 0.6ms
[2024-08-28T13:01:32.130+0000][info][gc,phases   ] GC(71)   Evacuate Collection Set: 15.6ms
[2024-08-28T13:01:32.130+0000][info][gc,phases   ] GC(71)   Post Evacuate Collection Set: 0.6ms
[2024-08-28T13:01:32.130+0000][info][gc,phases   ] GC(71)   Other: 0.2ms
[2024-08-28T13:01:32.130+0000][info][gc,heap     ] GC(71) Eden regions: 89->0(221)
[2024-08-28T13:01:32.130+0000][info][gc,heap     ] GC(71) Survivor regions: 13->13(13)
[2024-08-28T13:01:32.130+0000][info][gc,heap     ] GC(71) Old regions: 1228->1136
[2024-08-28T13:01:32.130+0000][info][gc,heap     ] GC(71) Archive regions: 2->2
[2024-08-28T13:01:32.130+0000][info][gc,heap     ] GC(71) Humongous regions: 5->5
[2024-08-28T13:01:32.130+0000][info][gc,metaspace] GC(71) Metaspace: 100K(320K)->100K(320K) NonClass: 96K(192K)->96K(192K) Class: 4K(128K)->4K(128K)
[2024-08-28T13:01:32.130+0000][info][gc          ] GC(71) Pause Young (Mixed) (G1 Evacuation Pause) 1335M->1154M(2048M) 17.562ms
[2024-08-28T13:01:32.130+0000][info][gc,cpu      ] GC(71) User=0.60s Sys=0.18s Real=0.02s
[2024-08-28T13:01:32.304+0000][info][gc,start    ] GC(72) Pause Young (Normal) (G1 Evacuation Pause)
[2024-08-28T13:01:32.304+0000][info][gc,task     ] GC(72) Using 49 workers of 68 for evacuation
[2024-08-28T13:01:32.330+0000][info][gc,phases   ] GC(72)   Pre Evacuate Collection Set: 0.3ms
[2024-08-28T13:01:32.330+0000][info][gc,phases   ] GC(72)   Merge Heap Roots: 0.8ms
[2024-08-28T13:01:32.330+0000][info][gc,phases   ] GC(72)   Evacuate Collection Set: 24.8ms
[2024-08-28T13:01:32.330+0000][info][gc,phases   ] GC(72)   Post Evacuate Collection Set: 0.7ms
[2024-08-28T13:01:32.330+0000][info][gc,phases   ] GC(72)   Other: 0.2ms
[2024-08-28T13:01:32.330+0000][info][gc,heap     ] GC(72) Eden regions: 221->0(150)
[2024-08-28T13:01:32.330+0000][info][gc,heap     ] GC(72) Survivor regions: 13->30(30)
[2024-08-28T13:01:32.330+0000][info][gc,heap     ] GC(72) Old regions: 1136->1336
[2024-08-28T13:01:32.330+0000][info][gc,heap     ] GC(72) Archive regions: 2->2
[2024-08-28T13:01:32.330+0000][info][gc,heap     ] GC(72) Humongous regions: 5->5
[2024-08-28T13:01:32.330+0000][info][gc,metaspace] GC(72) Metaspace: 100K(320K)->100K(320K) NonClass: 96K(192K)->96K(192K) Class: 4K(128K)->4K(128K)
[2024-08-28T13:01:32.330+0000][info][gc          ] GC(72) Pause Young (Normal) (G1 Evacuation Pause) 1375M->1371M(2048M) 26.840ms
[2024-08-28T13:01:32.331+0000][info][gc,cpu      ] GC(72) User=1.14s Sys=0.10s Real=0.03s
[2024-08-28T13:01:32.423+0000][info][gc,start    ] GC(73) Pause Young (Normal) (G1 Evacuation Pause)
[2024-08-28T13:01:32.423+0000][info][gc,task     ] GC(73) Using 49 workers of 68 for evacuation
[2024-08-28T13:01:32.451+0000][info][gc,phases   ] GC(73)   Pre Evacuate Collection Set: 0.4ms
[2024-08-28T13:01:32.451+0000][info][gc,phases   ] GC(73)   Merge Heap Roots: 1.0ms
[2024-08-28T13:01:32.451+0000][info][gc,phases   ] GC(73)   Evacuate Collection Set: 25.9ms
[2024-08-28T13:01:32.451+0000][info][gc,phases   ] GC(73)   Post Evacuate Collection Set: 0.6ms
[2024-08-28T13:01:32.451+0000][info][gc,phases   ] GC(73)   Other: 0.3ms
[2024-08-28T13:01:32.451+0000][info][gc,heap     ] GC(73) Eden regions: 150->0(100)
[2024-08-28T13:01:32.451+0000][info][gc,heap     ] GC(73) Survivor regions: 30->23(23)
[2024-08-28T13:01:32.451+0000][info][gc,heap     ] GC(73) Old regions: 1336->1499
[2024-08-28T13:01:32.451+0000][info][gc,heap     ] GC(73) Archive regions: 2->2
[2024-08-28T13:01:32.451+0000][info][gc,heap     ] GC(73) Humongous regions: 5->5
[2024-08-28T13:01:32.451+0000][info][gc,metaspace] GC(73) Metaspace: 100K(320K)->100K(320K) NonClass: 96K(192K)->96K(192K) Class: 4K(128K)->4K(128K)
[2024-08-28T13:01:32.451+0000][info][gc          ] GC(73) Pause Young (Normal) (G1 Evacuation Pause) 1521M->1527M(2048M) 28.146ms
[2024-08-28T13:01:32.451+0000][info][gc,cpu      ] GC(73) User=0.94s Sys=0.35s Real=0.03s
[2024-08-28T13:01:32.517+0000][info][gc,start    ] GC(74) Pause Young (Concurrent Start) (G1 Evacuation Pause)
[2024-08-28T13:01:32.517+0000][info][gc,task     ] GC(74) Using 49 workers of 68 for evacuation
[2024-08-28T13:01:32.549+0000][info][gc,phases   ] GC(74)   Pre Evacuate Collection Set: 0.3ms
[2024-08-28T13:01:32.549+0000][info][gc,phases   ] GC(74)   Merge Heap Roots: 0.5ms
[2024-08-28T13:01:32.549+0000][info][gc,phases   ] GC(74)   Evacuate Collection Set: 29.9ms
[2024-08-28T13:01:32.549+0000][info][gc,phases   ] GC(74)   Post Evacuate Collection Set: 0.6ms
[2024-08-28T13:01:32.549+0000][info][gc,phases   ] GC(74)   Other: 0.9ms
[2024-08-28T13:01:32.549+0000][info][gc,heap     ] GC(74) Eden regions: 100->0(86)
[2024-08-28T13:01:32.549+0000][info][gc,heap     ] GC(74) Survivor regions: 23->16(16)
[2024-08-28T13:01:32.549+0000][info][gc,heap     ] GC(74) Old regions: 1499->1615
[2024-08-28T13:01:32.549+0000][info][gc,heap     ] GC(74) Archive regions: 2->2
[2024-08-28T13:01:32.549+0000][info][gc,heap     ] GC(74) Humongous regions: 5->5
[2024-08-28T13:01:32.549+0000][info][gc,metaspace] GC(74) Metaspace: 100K(320K)->100K(320K) NonClass: 96K(192K)->96K(192K) Class: 4K(128K)->4K(128K)
[2024-08-28T13:01:32.549+0000][info][gc          ] GC(74) Pause Young (Concurrent Start) (G1 Evacuation Pause) 1627M->1636M(2048M) 32.312ms
[2024-08-28T13:01:32.549+0000][info][gc,cpu      ] GC(74) User=0.78s Sys=0.65s Real=0.03s
[2024-08-28T13:01:32.549+0000][info][gc          ] GC(75) Concurrent Mark Cycle
[2024-08-28T13:01:32.549+0000][info][gc,marking  ] GC(75) Concurrent Clear Claimed Marks
[2024-08-28T13:01:32.549+0000][info][gc,marking  ] GC(75) Concurrent Clear Claimed Marks 0.009ms
[2024-08-28T13:01:32.549+0000][info][gc,marking  ] GC(75) Concurrent Scan Root Regions
[2024-08-28T13:01:32.552+0000][info][gc,marking  ] GC(75) Concurrent Scan Root Regions 2.910ms
[2024-08-28T13:01:32.552+0000][info][gc,marking  ] GC(75) Concurrent Mark
[2024-08-28T13:01:32.552+0000][info][gc,marking  ] GC(75) Concurrent Mark From Roots
[2024-08-28T13:01:32.552+0000][info][gc,task     ] GC(75) Using 17 workers of 17 for marking
[2024-08-28T13:01:32.573+0000][info][gc,marking  ] GC(75) Concurrent Mark From Roots 20.417ms
[2024-08-28T13:01:32.573+0000][info][gc,marking  ] GC(75) Concurrent Preclean
[2024-08-28T13:01:32.573+0000][info][gc,marking  ] GC(75) Concurrent Preclean 0.498ms
[2024-08-28T13:01:32.573+0000][info][gc,start    ] GC(75) Pause Remark
[2024-08-28T13:01:32.575+0000][info][gc          ] GC(75) Pause Remark 1656M->1376M(2048M) 2.139ms
[2024-08-28T13:01:32.576+0000][info][gc,cpu      ] GC(75) User=0.00s Sys=0.02s Real=0.00s
[2024-08-28T13:01:32.576+0000][info][gc,marking  ] GC(75) Concurrent Mark 23.465ms
[2024-08-28T13:01:32.576+0000][info][gc,marking  ] GC(75) Concurrent Rebuild Remembered Sets
[2024-08-28T13:01:32.622+0000][info][gc,start    ] GC(76) Pause Young (Normal) (G1 Evacuation Pause)
[2024-08-28T13:01:32.622+0000][info][gc,task     ] GC(76) Using 49 workers of 68 for evacuation
[2024-08-28T13:01:32.645+0000][info][gc,phases   ] GC(76)   Pre Evacuate Collection Set: 0.4ms
[2024-08-28T13:01:32.645+0000][info][gc,phases   ] GC(76)   Merge Heap Roots: 0.9ms
[2024-08-28T13:01:32.645+0000][info][gc,phases   ] GC(76)   Evacuate Collection Set: 13.0ms
[2024-08-28T13:01:32.645+0000][info][gc,phases   ] GC(76)   Post Evacuate Collection Set: 8.1ms
[2024-08-28T13:01:32.645+0000][info][gc,phases   ] GC(76)   Other: 0.2ms
[2024-08-28T13:01:32.645+0000][info][gc,heap     ] GC(76) Eden regions: 86->0(125)
[2024-08-28T13:01:32.645+0000][info][gc,heap     ] GC(76) Survivor regions: 16->13(13)
[2024-08-28T13:01:32.645+0000][info][gc,heap     ] GC(76) Old regions: 1335->1430
[2024-08-28T13:01:32.645+0000][info][gc,heap     ] GC(76) Archive regions: 2->2
[2024-08-28T13:01:32.645+0000][info][gc,heap     ] GC(76) Humongous regions: 5->5
[2024-08-28T13:01:32.645+0000][info][gc,metaspace] GC(76) Metaspace: 100K(320K)->100K(320K) NonClass: 96K(192K)->96K(192K) Class: 4K(128K)->4K(128K)
[2024-08-28T13:01:32.645+0000][info][gc          ] GC(76) Pause Young (Normal) (G1 Evacuation Pause) 1442M->1448M(2048M) 22.668ms
[2024-08-28T13:01:32.645+0000][info][gc,cpu      ] GC(76) User=0.67s Sys=0.04s Real=0.02s
[2024-08-28T13:01:32.649+0000][info][gc,marking  ] GC(75) Concurrent Rebuild Remembered Sets 73.161ms
[2024-08-28T13:01:32.649+0000][info][gc,start    ] GC(75) Pause Cleanup
[2024-08-28T13:01:32.652+0000][info][gc          ] GC(75) Pause Cleanup 1452M->1452M(2048M) 2.930ms
[2024-08-28T13:01:32.652+0000][info][gc,cpu      ] GC(75) User=0.01s Sys=0.00s Real=0.01s
[2024-08-28T13:01:32.652+0000][info][gc,marking  ] GC(75) Concurrent Cleanup for Next Mark
[2024-08-28T13:01:32.653+0000][info][gc,marking  ] GC(75) Concurrent Cleanup for Next Mark 1.283ms
[2024-08-28T13:01:32.653+0000][info][gc          ] GC(75) Concurrent Mark Cycle 104.309ms
[2024-08-28T13:01:32.761+0000][info][gc,start    ] GC(77) Pause Young (Prepare Mixed) (G1 Evacuation Pause)
[2024-08-28T13:01:32.761+0000][info][gc,task     ] GC(77) Using 49 workers of 68 for evacuation
[2024-08-28T13:01:32.781+0000][info][gc,phases   ] GC(77)   Pre Evacuate Collection Set: 0.3ms
[2024-08-28T13:01:32.781+0000][info][gc,phases   ] GC(77)   Merge Heap Roots: 0.7ms
[2024-08-28T13:01:32.781+0000][info][gc,phases   ] GC(77)   Evacuate Collection Set: 17.9ms
[2024-08-28T13:01:32.781+0000][info][gc,phases   ] GC(77)   Post Evacuate Collection Set: 0.6ms
[2024-08-28T13:01:32.781+0000][info][gc,phases   ] GC(77)   Other: 0.3ms
[2024-08-28T13:01:32.781+0000][info][gc,heap     ] GC(77) Eden regions: 125->0(84)
[2024-08-28T13:01:32.781+0000][info][gc,heap     ] GC(77) Survivor regions: 13->18(18)
[2024-08-28T13:01:32.781+0000][info][gc,heap     ] GC(77) Old regions: 1430->1553
[2024-08-28T13:01:32.781+0000][info][gc,heap     ] GC(77) Archive regions: 2->2
[2024-08-28T13:01:32.781+0000][info][gc,heap     ] GC(77) Humongous regions: 5->5
[2024-08-28T13:01:32.781+0000][info][gc,metaspace] GC(77) Metaspace: 100K(320K)->100K(320K) NonClass: 96K(192K)->96K(192K) Class: 4K(128K)->4K(128K)
[2024-08-28T13:01:32.781+0000][info][gc          ] GC(77) Pause Young (Prepare Mixed) (G1 Evacuation Pause) 1573M->1576M(2048M) 19.863ms
[2024-08-28T13:01:32.781+0000][info][gc,cpu      ] GC(77) User=0.78s Sys=0.13s Real=0.02s
[2024-08-28T13:01:32.842+0000][info][gc,start    ] GC(78) Pause Young (Mixed) (G1 Evacuation Pause)
[2024-08-28T13:01:32.842+0000][info][gc,task     ] GC(78) Using 49 workers of 68 for evacuation
[2024-08-28T13:01:32.859+0000][info][gc,phases   ] GC(78)   Pre Evacuate Collection Set: 0.4ms
[2024-08-28T13:01:32.860+0000][info][gc,phases   ] GC(78)   Merge Heap Roots: 0.5ms
[2024-08-28T13:01:32.860+0000][info][gc,phases   ] GC(78)   Evacuate Collection Set: 16.1ms
[2024-08-28T13:01:32.860+0000][info][gc,phases   ] GC(78)   Post Evacuate Collection Set: 0.6ms
[2024-08-28T13:01:32.860+0000][info][gc,phases   ] GC(78)   Other: 0.3ms
[2024-08-28T13:01:32.860+0000][info][gc,heap     ] GC(78) Eden regions: 84->0(89)
[2024-08-28T13:01:32.860+0000][info][gc,heap     ] GC(78) Survivor regions: 18->13(13)
[2024-08-28T13:01:32.860+0000][info][gc,heap     ] GC(78) Old regions: 1553->1444
[2024-08-28T13:01:32.860+0000][info][gc,heap     ] GC(78) Archive regions: 2->2
[2024-08-28T13:01:32.860+0000][info][gc,heap     ] GC(78) Humongous regions: 5->5
[2024-08-28T13:01:32.860+0000][info][gc,metaspace] GC(78) Metaspace: 100K(320K)->100K(320K) NonClass: 96K(192K)->96K(192K) Class: 4K(128K)->4K(128K)
[2024-08-28T13:01:32.860+0000][info][gc          ] GC(78) Pause Young (Mixed) (G1 Evacuation Pause) 1660M->1462M(2048M) 17.964ms
[2024-08-28T13:01:32.860+0000][info][gc,cpu      ] GC(78) User=0.72s Sys=0.09s Real=0.02s
[2024-08-28T13:01:32.915+0000][info][gc,start    ] GC(79) Pause Young (Mixed) (G1 Evacuation Pause)
[2024-08-28T13:01:32.915+0000][info][gc,task     ] GC(79) Using 49 workers of 68 for evacuation
[2024-08-28T13:01:32.929+0000][info][gc,phases   ] GC(79)   Pre Evacuate Collection Set: 0.4ms
[2024-08-28T13:01:32.929+0000][info][gc,phases   ] GC(79)   Merge Heap Roots: 0.5ms
[2024-08-28T13:01:32.929+0000][info][gc,phases   ] GC(79)   Evacuate Collection Set: 12.7ms
[2024-08-28T13:01:32.929+0000][info][gc,phases   ] GC(79)   Post Evacuate Collection Set: 0.6ms
[2024-08-28T13:01:32.929+0000][info][gc,phases   ] GC(79)   Other: 0.2ms
[2024-08-28T13:01:32.929+0000][info][gc,heap     ] GC(79) Eden regions: 89->0(89)
[2024-08-28T13:01:32.929+0000][info][gc,heap     ] GC(79) Survivor regions: 13->13(13)
[2024-08-28T13:01:32.929+0000][info][gc,heap     ] GC(79) Old regions: 1444->1332
[2024-08-28T13:01:32.929+0000][info][gc,heap     ] GC(79) Archive regions: 2->2
[2024-08-28T13:01:32.929+0000][info][gc,heap     ] GC(79) Humongous regions: 5->5
[2024-08-28T13:01:32.929+0000][info][gc,metaspace] GC(79) Metaspace: 100K(320K)->100K(320K) NonClass: 96K(192K)->96K(192K) Class: 4K(128K)->4K(128K)
[2024-08-28T13:01:32.929+0000][info][gc          ] GC(79) Pause Young (Mixed) (G1 Evacuation Pause) 1551M->1350M(2048M) 14.533ms
[2024-08-28T13:01:32.929+0000][info][gc,cpu      ] GC(79) User=0.58s Sys=0.06s Real=0.01s
[2024-08-28T13:01:32.985+0000][info][gc,start    ] GC(80) Pause Young (Mixed) (G1 Evacuation Pause)
[2024-08-28T13:01:32.985+0000][info][gc,task     ] GC(80) Using 49 workers of 68 for evacuation
[2024-08-28T13:01:33.000+0000][info][gc,phases   ] GC(80)   Pre Evacuate Collection Set: 0.4ms
[2024-08-28T13:01:33.000+0000][info][gc,phases   ] GC(80)   Merge Heap Roots: 0.5ms
[2024-08-28T13:01:33.000+0000][info][gc,phases   ] GC(80)   Evacuate Collection Set: 13.8ms
[2024-08-28T13:01:33.000+0000][info][gc,phases   ] GC(80)   Post Evacuate Collection Set: 0.6ms
[2024-08-28T13:01:33.000+0000][info][gc,phases   ] GC(80)   Other: 0.2ms
[2024-08-28T13:01:33.000+0000][info][gc,heap     ] GC(80) Eden regions: 89->0(89)
[2024-08-28T13:01:33.000+0000][info][gc,heap     ] GC(80) Survivor regions: 13->13(13)
[2024-08-28T13:01:33.000+0000][info][gc,heap     ] GC(80) Old regions: 1332->1222
[2024-08-28T13:01:33.000+0000][info][gc,heap     ] GC(80) Archive regions: 2->2
[2024-08-28T13:01:33.000+0000][info][gc,heap     ] GC(80) Humongous regions: 5->5
[2024-08-28T13:01:33.000+0000][info][gc,metaspace] GC(80) Metaspace: 100K(320K)->100K(320K) NonClass: 96K(192K)->96K(192K) Class: 4K(128K)->4K(128K)
[2024-08-28T13:01:33.000+0000][info][gc          ] GC(80) Pause Young (Mixed) (G1 Evacuation Pause) 1439M->1240M(2048M) 15.725ms
[2024-08-28T13:01:33.000+0000][info][gc,cpu      ] GC(80) User=0.70s Sys=0.00s Real=0.02s
[2024-08-28T13:01:33.056+0000][info][gc,start    ] GC(81) Pause Young (Mixed) (G1 Evacuation Pause)
[2024-08-28T13:01:33.056+0000][info][gc,task     ] GC(81) Using 49 workers of 68 for evacuation
[2024-08-28T13:01:33.071+0000][info][gc,phases   ] GC(81)   Pre Evacuate Collection Set: 0.3ms
[2024-08-28T13:01:33.071+0000][info][gc,phases   ] GC(81)   Merge Heap Roots: 0.5ms
[2024-08-28T13:01:33.071+0000][info][gc,phases   ] GC(81)   Evacuate Collection Set: 13.6ms
[2024-08-28T13:01:33.071+0000][info][gc,phases   ] GC(81)   Post Evacuate Collection Set: 0.6ms
[2024-08-28T13:01:33.071+0000][info][gc,phases   ] GC(81)   Other: 0.2ms
[2024-08-28T13:01:33.071+0000][info][gc,heap     ] GC(81) Eden regions: 89->0(220)
[2024-08-28T13:01:33.071+0000][info][gc,heap     ] GC(81) Survivor regions: 13->13(13)
[2024-08-28T13:01:33.071+0000][info][gc,heap     ] GC(81) Old regions: 1222->1140
[2024-08-28T13:01:33.071+0000][info][gc,heap     ] GC(81) Archive regions: 2->2
[2024-08-28T13:01:33.071+0000][info][gc,heap     ] GC(81) Humongous regions: 5->5
[2024-08-28T13:01:33.071+0000][info][gc,metaspace] GC(81) Metaspace: 100K(320K)->100K(320K) NonClass: 96K(192K)->96K(192K) Class: 4K(128K)->4K(128K)
[2024-08-28T13:01:33.071+0000][info][gc          ] GC(81) Pause Young (Mixed) (G1 Evacuation Pause) 1329M->1158M(2048M) 15.391ms
[2024-08-28T13:01:33.071+0000][info][gc,cpu      ] GC(81) User=0.69s Sys=0.00s Real=0.02s
[2024-08-28T13:01:33.220+0000][info][gc,start    ] GC(82) Pause Young (Normal) (G1 Evacuation Pause)
[2024-08-28T13:01:33.220+0000][info][gc,task     ] GC(82) Using 49 workers of 68 for evacuation
[2024-08-28T13:01:33.248+0000][info][gc,phases   ] GC(82)   Pre Evacuate Collection Set: 0.3ms
[2024-08-28T13:01:33.248+0000][info][gc,phases   ] GC(82)   Merge Heap Roots: 0.8ms
[2024-08-28T13:01:33.248+0000][info][gc,phases   ] GC(82)   Evacuate Collection Set: 26.2ms
[2024-08-28T13:01:33.248+0000][info][gc,phases   ] GC(82)   Post Evacuate Collection Set: 0.6ms
[2024-08-28T13:01:33.248+0000][info][gc,phases   ] GC(82)   Other: 0.2ms
[2024-08-28T13:01:33.248+0000][info][gc,heap     ] GC(82) Eden regions: 220->0(149)
[2024-08-28T13:01:33.248+0000][info][gc,heap     ] GC(82) Survivor regions: 13->30(30)
[2024-08-28T13:01:33.248+0000][info][gc,heap     ] GC(82) Old regions: 1140->1340
[2024-08-28T13:01:33.248+0000][info][gc,heap     ] GC(82) Archive regions: 2->2
[2024-08-28T13:01:33.248+0000][info][gc,heap     ] GC(82) Humongous regions: 5->5
[2024-08-28T13:01:33.248+0000][info][gc,metaspace] GC(82) Metaspace: 100K(320K)->100K(320K) NonClass: 96K(192K)->96K(192K) Class: 4K(128K)->4K(128K)
[2024-08-28T13:01:33.248+0000][info][gc          ] GC(82) Pause Young (Normal) (G1 Evacuation Pause) 1378M->1375M(2048M) 28.250ms
[2024-08-28T13:01:33.249+0000][info][gc,cpu      ] GC(82) User=1.24s Sys=0.06s Real=0.02s
[2024-08-28T13:01:33.338+0000][info][gc,start    ] GC(83) Pause Young (Normal) (G1 Evacuation Pause)
[2024-08-28T13:01:33.338+0000][info][gc,task     ] GC(83) Using 49 workers of 68 for evacuation
[2024-08-28T13:01:33.364+0000][info][gc,phases   ] GC(83)   Pre Evacuate Collection Set: 0.3ms
[2024-08-28T13:01:33.364+0000][info][gc,phases   ] GC(83)   Merge Heap Roots: 1.0ms
[2024-08-28T13:01:33.364+0000][info][gc,phases   ] GC(83)   Evacuate Collection Set: 24.2ms
[2024-08-28T13:01:33.364+0000][info][gc,phases   ] GC(83)   Post Evacuate Collection Set: 0.6ms
[2024-08-28T13:01:33.364+0000][info][gc,phases   ] GC(83)   Other: 0.2ms
[2024-08-28T13:01:33.365+0000][info][gc,heap     ] GC(83) Eden regions: 149->0(100)
[2024-08-28T13:01:33.365+0000][info][gc,heap     ] GC(83) Survivor regions: 30->23(23)
[2024-08-28T13:01:33.365+0000][info][gc,heap     ] GC(83) Old regions: 1340->1499
[2024-08-28T13:01:33.365+0000][info][gc,heap     ] GC(83) Archive regions: 2->2
[2024-08-28T13:01:33.365+0000][info][gc,heap     ] GC(83) Humongous regions: 5->5
[2024-08-28T13:01:33.365+0000][info][gc,metaspace] GC(83) Metaspace: 100K(320K)->100K(320K) NonClass: 96K(192K)->96K(192K) Class: 4K(128K)->4K(128K)
[2024-08-28T13:01:33.365+0000][info][gc          ] GC(83) Pause Young (Normal) (G1 Evacuation Pause) 1524M->1527M(2048M) 26.386ms
[2024-08-28T13:01:33.365+0000][info][gc,cpu      ] GC(83) User=1.14s Sys=0.09s Real=0.02s
[2024-08-28T13:01:33.426+0000][info][gc,start    ] GC(84) Pause Young (Concurrent Start) (G1 Evacuation Pause)
[2024-08-28T13:01:33.426+0000][info][gc,task     ] GC(84) Using 49 workers of 68 for evacuation
[2024-08-28T13:01:33.444+0000][info][gc,phases   ] GC(84)   Pre Evacuate Collection Set: 0.3ms
[2024-08-28T13:01:33.444+0000][info][gc,phases   ] GC(84)   Merge Heap Roots: 0.5ms
[2024-08-28T13:01:33.444+0000][info][gc,phases   ] GC(84)   Evacuate Collection Set: 16.5ms
[2024-08-28T13:01:33.444+0000][info][gc,phases   ] GC(84)   Post Evacuate Collection Set: 0.5ms
[2024-08-28T13:01:33.444+0000][info][gc,phases   ] GC(84)   Other: 0.7ms
[2024-08-28T13:01:33.444+0000][info][gc,heap     ] GC(84) Eden regions: 100->0(86)
[2024-08-28T13:01:33.444+0000][info][gc,heap     ] GC(84) Survivor regions: 23->16(16)
[2024-08-28T13:01:33.444+0000][info][gc,heap     ] GC(84) Old regions: 1499->1614
[2024-08-28T13:01:33.444+0000][info][gc,heap     ] GC(84) Archive regions: 2->2
[2024-08-28T13:01:33.444+0000][info][gc,heap     ] GC(84) Humongous regions: 5->5
[2024-08-28T13:01:33.444+0000][info][gc,metaspace] GC(84) Metaspace: 100K(320K)->100K(320K) NonClass: 96K(192K)->96K(192K) Class: 4K(128K)->4K(128K)
[2024-08-28T13:01:33.445+0000][info][gc          ] GC(84) Pause Young (Concurrent Start) (G1 Evacuation Pause) 1627M->1635M(2048M) 18.592ms
[2024-08-28T13:01:33.445+0000][info][gc,cpu      ] GC(84) User=0.75s Sys=0.08s Real=0.02s
[2024-08-28T13:01:33.445+0000][info][gc          ] GC(85) Concurrent Mark Cycle
[2024-08-28T13:01:33.445+0000][info][gc,marking  ] GC(85) Concurrent Clear Claimed Marks
[2024-08-28T13:01:33.445+0000][info][gc,marking  ] GC(85) Concurrent Clear Claimed Marks 0.011ms
[2024-08-28T13:01:33.445+0000][info][gc,marking  ] GC(85) Concurrent Scan Root Regions
[2024-08-28T13:01:33.447+0000][info][gc,marking  ] GC(85) Concurrent Scan Root Regions 2.746ms
[2024-08-28T13:01:33.447+0000][info][gc,marking  ] GC(85) Concurrent Mark
[2024-08-28T13:01:33.447+0000][info][gc,marking  ] GC(85) Concurrent Mark From Roots
[2024-08-28T13:01:33.447+0000][info][gc,task     ] GC(85) Using 17 workers of 17 for marking
[2024-08-28T13:01:33.467+0000][info][gc,marking  ] GC(85) Concurrent Mark From Roots 19.448ms
[2024-08-28T13:01:33.467+0000][info][gc,marking  ] GC(85) Concurrent Preclean
[2024-08-28T13:01:33.469+0000][info][gc,marking  ] GC(85) Concurrent Preclean 2.105ms
[2024-08-28T13:01:33.469+0000][info][gc,start    ] GC(85) Pause Remark
[2024-08-28T13:01:33.472+0000][info][gc          ] GC(85) Pause Remark 1661M->1368M(2048M) 2.282ms
[2024-08-28T13:01:33.472+0000][info][gc,cpu      ] GC(85) User=0.02s Sys=0.00s Real=0.01s
[2024-08-28T13:01:33.472+0000][info][gc,marking  ] GC(85) Concurrent Mark 24.319ms
[2024-08-28T13:01:33.472+0000][info][gc,marking  ] GC(85) Concurrent Rebuild Remembered Sets
[2024-08-28T13:01:33.513+0000][info][gc,start    ] GC(86) Pause Young (Normal) (G1 Evacuation Pause)
[2024-08-28T13:01:33.513+0000][info][gc,task     ] GC(86) Using 49 workers of 68 for evacuation
[2024-08-28T13:01:33.529+0000][info][gc,phases   ] GC(86)   Pre Evacuate Collection Set: 0.4ms
[2024-08-28T13:01:33.529+0000][info][gc,phases   ] GC(86)   Merge Heap Roots: 0.9ms
[2024-08-28T13:01:33.529+0000][info][gc,phases   ] GC(86)   Evacuate Collection Set: 13.8ms
[2024-08-28T13:01:33.529+0000][info][gc,phases   ] GC(86)   Post Evacuate Collection Set: 0.9ms
[2024-08-28T13:01:33.529+0000][info][gc,phases   ] GC(86)   Other: 0.3ms
[2024-08-28T13:01:33.529+0000][info][gc,heap     ] GC(86) Eden regions: 86->0(129)
[2024-08-28T13:01:33.529+0000][info][gc,heap     ] GC(86) Survivor regions: 16->13(13)
[2024-08-28T13:01:33.529+0000][info][gc,heap     ] GC(86) Old regions: 1321->1417
[2024-08-28T13:01:33.529+0000][info][gc,heap     ] GC(86) Archive regions: 2->2
[2024-08-28T13:01:33.529+0000][info][gc,heap     ] GC(86) Humongous regions: 5->5
[2024-08-28T13:01:33.529+0000][info][gc,metaspace] GC(86) Metaspace: 100K(320K)->100K(320K) NonClass: 96K(192K)->96K(192K) Class: 4K(128K)->4K(128K)
[2024-08-28T13:01:33.529+0000][info][gc          ] GC(86) Pause Young (Normal) (G1 Evacuation Pause) 1428M->1435M(2048M) 16.323ms
[2024-08-28T13:01:33.530+0000][info][gc,cpu      ] GC(86) User=0.73s Sys=0.00s Real=0.02s
[2024-08-28T13:01:33.538+0000][info][gc,marking  ] GC(85) Concurrent Rebuild Remembered Sets 66.380ms
[2024-08-28T13:01:33.538+0000][info][gc,start    ] GC(85) Pause Cleanup
[2024-08-28T13:01:33.541+0000][info][gc          ] GC(85) Pause Cleanup 1448M->1448M(2048M) 2.780ms
[2024-08-28T13:01:33.541+0000][info][gc,cpu      ] GC(85) User=0.01s Sys=0.00s Real=0.00s
[2024-08-28T13:01:33.541+0000][info][gc,marking  ] GC(85) Concurrent Cleanup for Next Mark
[2024-08-28T13:01:33.543+0000][info][gc,marking  ] GC(85) Concurrent Cleanup for Next Mark 1.267ms
[2024-08-28T13:01:33.543+0000][info][gc          ] GC(85) Concurrent Mark Cycle 97.989ms
[2024-08-28T13:01:33.615+0000][info][gc,start    ] GC(87) Pause Young (Prepare Mixed) (G1 Evacuation Pause)
[2024-08-28T13:01:33.615+0000][info][gc,task     ] GC(87) Using 49 workers of 68 for evacuation
[2024-08-28T13:01:33.633+0000][info][gc,phases   ] GC(87)   Pre Evacuate Collection Set: 0.3ms
[2024-08-28T13:01:33.633+0000][info][gc,phases   ] GC(87)   Merge Heap Roots: 0.7ms
[2024-08-28T13:01:33.633+0000][info][gc,phases   ] GC(87)   Evacuate Collection Set: 16.8ms
[2024-08-28T13:01:33.633+0000][info][gc,phases   ] GC(87)   Post Evacuate Collection Set: 0.6ms
[2024-08-28T13:01:33.633+0000][info][gc,phases   ] GC(87)   Other: 0.2ms
[2024-08-28T13:01:33.633+0000][info][gc,heap     ] GC(87) Eden regions: 129->0(84)
[2024-08-28T13:01:33.633+0000][info][gc,heap     ] GC(87) Survivor regions: 13->18(18)
[2024-08-28T13:01:33.633+0000][info][gc,heap     ] GC(87) Old regions: 1417->1544
[2024-08-28T13:01:33.633+0000][info][gc,heap     ] GC(87) Archive regions: 2->2
[2024-08-28T13:01:33.633+0000][info][gc,heap     ] GC(87) Humongous regions: 5->5
[2024-08-28T13:01:33.633+0000][info][gc,metaspace] GC(87) Metaspace: 100K(320K)->100K(320K) NonClass: 96K(192K)->96K(192K) Class: 4K(128K)->4K(128K)
[2024-08-28T13:01:33.633+0000][info][gc          ] GC(87) Pause Young (Prepare Mixed) (G1 Evacuation Pause) 1564M->1567M(2048M) 18.591ms
[2024-08-28T13:01:33.633+0000][info][gc,cpu      ] GC(87) User=0.83s Sys=0.02s Real=0.02s
[2024-08-28T13:01:33.686+0000][info][gc,start    ] GC(88) Pause Young (Mixed) (G1 Evacuation Pause)
[2024-08-28T13:01:33.686+0000][info][gc,task     ] GC(88) Using 49 workers of 68 for evacuation
[2024-08-28T13:01:33.701+0000][info][gc,phases   ] GC(88)   Pre Evacuate Collection Set: 0.4ms
[2024-08-28T13:01:33.702+0000][info][gc,phases   ] GC(88)   Merge Heap Roots: 0.6ms
[2024-08-28T13:01:33.702+0000][info][gc,phases   ] GC(88)   Evacuate Collection Set: 13.7ms
[2024-08-28T13:01:33.702+0000][info][gc,phases   ] GC(88)   Post Evacuate Collection Set: 0.6ms
[2024-08-28T13:01:33.702+0000][info][gc,phases   ] GC(88)   Other: 0.2ms
[2024-08-28T13:01:33.702+0000][info][gc,heap     ] GC(88) Eden regions: 84->0(89)
[2024-08-28T13:01:33.702+0000][info][gc,heap     ] GC(88) Survivor regions: 18->13(13)
[2024-08-28T13:01:33.702+0000][info][gc,heap     ] GC(88) Old regions: 1544->1433
[2024-08-28T13:01:33.702+0000][info][gc,heap     ] GC(88) Archive regions: 2->2
[2024-08-28T13:01:33.702+0000][info][gc,heap     ] GC(88) Humongous regions: 5->5
[2024-08-28T13:01:33.702+0000][info][gc,metaspace] GC(88) Metaspace: 100K(320K)->100K(320K) NonClass: 96K(192K)->96K(192K) Class: 4K(128K)->4K(128K)
[2024-08-28T13:01:33.702+0000][info][gc          ] GC(88) Pause Young (Mixed) (G1 Evacuation Pause) 1651M->1451M(2048M) 15.566ms
[2024-08-28T13:01:33.702+0000][info][gc,cpu      ] GC(88) User=0.64s Sys=0.04s Real=0.02s
[2024-08-28T13:01:33.758+0000][info][gc,start    ] GC(89) Pause Young (Mixed) (G1 Evacuation Pause)
[2024-08-28T13:01:33.758+0000][info][gc,task     ] GC(89) Using 49 workers of 68 for evacuation
[2024-08-28T13:01:33.772+0000][info][gc,phases   ] GC(89)   Pre Evacuate Collection Set: 0.4ms
[2024-08-28T13:01:33.772+0000][info][gc,phases   ] GC(89)   Merge Heap Roots: 0.5ms
[2024-08-28T13:01:33.772+0000][info][gc,phases   ] GC(89)   Evacuate Collection Set: 12.9ms
[2024-08-28T13:01:33.772+0000][info][gc,phases   ] GC(89)   Post Evacuate Collection Set: 0.7ms
[2024-08-28T13:01:33.772+0000][info][gc,phases   ] GC(89)   Other: 0.2ms
[2024-08-28T13:01:33.773+0000][info][gc,heap     ] GC(89) Eden regions: 89->0(89)
[2024-08-28T13:01:33.773+0000][info][gc,heap     ] GC(89) Survivor regions: 13->13(13)
[2024-08-28T13:01:33.773+0000][info][gc,heap     ] GC(89) Old regions: 1433->1324
[2024-08-28T13:01:33.773+0000][info][gc,heap     ] GC(89) Archive regions: 2->2
[2024-08-28T13:01:33.773+0000][info][gc,heap     ] GC(89) Humongous regions: 5->5
[2024-08-28T13:01:33.773+0000][info][gc,metaspace] GC(89) Metaspace: 100K(320K)->100K(320K) NonClass: 96K(192K)->96K(192K) Class: 4K(128K)->4K(128K)
[2024-08-28T13:01:33.773+0000][info][gc          ] GC(89) Pause Young (Mixed) (G1 Evacuation Pause) 1540M->1342M(2048M) 14.788ms
[2024-08-28T13:01:33.773+0000][info][gc,cpu      ] GC(89) User=0.63s Sys=0.02s Real=0.01s
[2024-08-28T13:01:33.828+0000][info][gc,start    ] GC(90) Pause Young (Mixed) (G1 Evacuation Pause)
[2024-08-28T13:01:33.828+0000][info][gc,task     ] GC(90) Using 49 workers of 68 for evacuation
[2024-08-28T13:01:33.843+0000][info][gc,phases   ] GC(90)   Pre Evacuate Collection Set: 0.4ms
[2024-08-28T13:01:33.843+0000][info][gc,phases   ] GC(90)   Merge Heap Roots: 0.6ms
[2024-08-28T13:01:33.843+0000][info][gc,phases   ] GC(90)   Evacuate Collection Set: 12.9ms
[2024-08-28T13:01:33.843+0000][info][gc,phases   ] GC(90)   Post Evacuate Collection Set: 0.6ms
[2024-08-28T13:01:33.843+0000][info][gc,phases   ] GC(90)   Other: 0.3ms
[2024-08-28T13:01:33.843+0000][info][gc,heap     ] GC(90) Eden regions: 89->0(89)
[2024-08-28T13:01:33.843+0000][info][gc,heap     ] GC(90) Survivor regions: 13->13(13)
[2024-08-28T13:01:33.843+0000][info][gc,heap     ] GC(90) Old regions: 1324->1214
[2024-08-28T13:01:33.843+0000][info][gc,heap     ] GC(90) Archive regions: 2->2
[2024-08-28T13:01:33.843+0000][info][gc,heap     ] GC(90) Humongous regions: 5->5
[2024-08-28T13:01:33.843+0000][info][gc,metaspace] GC(90) Metaspace: 100K(320K)->100K(320K) NonClass: 96K(192K)->96K(192K) Class: 4K(128K)->4K(128K)
[2024-08-28T13:01:33.843+0000][info][gc          ] GC(90) Pause Young (Mixed) (G1 Evacuation Pause) 1431M->1232M(2048M) 14.823ms
[2024-08-28T13:01:33.843+0000][info][gc,cpu      ] GC(90) User=0.63s Sys=0.01s Real=0.02s
[2024-08-28T13:01:33.899+0000][info][gc,start    ] GC(91) Pause Young (Mixed) (G1 Evacuation Pause)
[2024-08-28T13:01:33.899+0000][info][gc,task     ] GC(91) Using 49 workers of 68 for evacuation
[2024-08-28T13:01:33.914+0000][info][gc,phases   ] GC(91)   Pre Evacuate Collection Set: 0.4ms
[2024-08-28T13:01:33.914+0000][info][gc,phases   ] GC(91)   Merge Heap Roots: 0.5ms
[2024-08-28T13:01:33.914+0000][info][gc,phases   ] GC(91)   Evacuate Collection Set: 13.3ms
[2024-08-28T13:01:33.914+0000][info][gc,phases   ] GC(91)   Post Evacuate Collection Set: 0.6ms
[2024-08-28T13:01:33.914+0000][info][gc,phases   ] GC(91)   Other: 0.2ms
[2024-08-28T13:01:33.914+0000][info][gc,heap     ] GC(91) Eden regions: 89->0(218)
[2024-08-28T13:01:33.914+0000][info][gc,heap     ] GC(91) Survivor regions: 13->13(13)
[2024-08-28T13:01:33.914+0000][info][gc,heap     ] GC(91) Old regions: 1214->1144
[2024-08-28T13:01:33.914+0000][info][gc,heap     ] GC(91) Archive regions: 2->2
[2024-08-28T13:01:33.914+0000][info][gc,heap     ] GC(91) Humongous regions: 5->5
[2024-08-28T13:01:33.914+0000][info][gc,metaspace] GC(91) Metaspace: 100K(320K)->100K(320K) NonClass: 96K(192K)->96K(192K) Class: 4K(128K)->4K(128K)
[2024-08-28T13:01:33.914+0000][info][gc          ] GC(91) Pause Young (Mixed) (G1 Evacuation Pause) 1321M->1162M(2048M) 15.070ms
[2024-08-28T13:01:33.914+0000][info][gc,cpu      ] GC(91) User=0.67s Sys=0.01s Real=0.01s
[2024-08-28T13:01:34.041+0000][info][gc,start    ] GC(92) Pause Young (Normal) (G1 Evacuation Pause)
[2024-08-28T13:01:34.041+0000][info][gc,task     ] GC(92) Using 49 workers of 68 for evacuation
[2024-08-28T13:01:34.067+0000][info][gc,phases   ] GC(92)   Pre Evacuate Collection Set: 0.3ms
[2024-08-28T13:01:34.067+0000][info][gc,phases   ] GC(92)   Merge Heap Roots: 0.8ms
[2024-08-28T13:01:34.067+0000][info][gc,phases   ] GC(92)   Evacuate Collection Set: 24.7ms
[2024-08-28T13:01:34.067+0000][info][gc,phases   ] GC(92)   Post Evacuate Collection Set: 0.6ms
[2024-08-28T13:01:34.067+0000][info][gc,phases   ] GC(92)   Other: 0.2ms
[2024-08-28T13:01:34.067+0000][info][gc,heap     ] GC(92) Eden regions: 218->0(149)
[2024-08-28T13:01:34.067+0000][info][gc,heap     ] GC(92) Survivor regions: 13->29(29)
[2024-08-28T13:01:34.067+0000][info][gc,heap     ] GC(92) Old regions: 1144->1342
[2024-08-28T13:01:34.067+0000][info][gc,heap     ] GC(92) Archive regions: 2->2
[2024-08-28T13:01:34.067+0000][info][gc,heap     ] GC(92) Humongous regions: 5->5
[2024-08-28T13:01:34.067+0000][info][gc,metaspace] GC(92) Metaspace: 100K(320K)->100K(320K) NonClass: 96K(192K)->96K(192K) Class: 4K(128K)->4K(128K)
[2024-08-28T13:01:34.067+0000][info][gc          ] GC(92) Pause Young (Normal) (G1 Evacuation Pause) 1380M->1376M(2048M) 26.622ms
[2024-08-28T13:01:34.067+0000][info][gc,cpu      ] GC(92) User=1.23s Sys=0.00s Real=0.02s
[2024-08-28T13:01:34.156+0000][info][gc,start    ] GC(93) Pause Young (Normal) (G1 Evacuation Pause)
[2024-08-28T13:01:34.156+0000][info][gc,task     ] GC(93) Using 49 workers of 68 for evacuation
[2024-08-28T13:01:34.182+0000][info][gc,phases   ] GC(93)   Pre Evacuate Collection Set: 0.3ms
[2024-08-28T13:01:34.182+0000][info][gc,phases   ] GC(93)   Merge Heap Roots: 1.0ms
[2024-08-28T13:01:34.182+0000][info][gc,phases   ] GC(93)   Evacuate Collection Set: 24.3ms
[2024-08-28T13:01:34.182+0000][info][gc,phases   ] GC(93)   Post Evacuate Collection Set: 0.6ms
[2024-08-28T13:01:34.182+0000][info][gc,phases   ] GC(93)   Other: 0.2ms
[2024-08-28T13:01:34.182+0000][info][gc,heap     ] GC(93) Eden regions: 149->0(98)
[2024-08-28T13:01:34.182+0000][info][gc,heap     ] GC(93) Survivor regions: 29->23(23)
[2024-08-28T13:01:34.182+0000][info][gc,heap     ] GC(93) Old regions: 1342->1503
[2024-08-28T13:01:34.182+0000][info][gc,heap     ] GC(93) Archive regions: 2->2
[2024-08-28T13:01:34.182+0000][info][gc,heap     ] GC(93) Humongous regions: 5->5
[2024-08-28T13:01:34.182+0000][info][gc,metaspace] GC(93) Metaspace: 100K(320K)->100K(320K) NonClass: 96K(192K)->96K(192K) Class: 4K(128K)->4K(128K)
[2024-08-28T13:01:34.182+0000][info][gc          ] GC(93) Pause Young (Normal) (G1 Evacuation Pause) 1525M->1531M(2048M) 26.523ms
[2024-08-28T13:01:34.182+0000][info][gc,cpu      ] GC(93) User=1.19s Sys=0.00s Real=0.03s
[2024-08-28T13:01:34.243+0000][info][gc,start    ] GC(94) Pause Young (Concurrent Start) (G1 Evacuation Pause)
[2024-08-28T13:01:34.243+0000][info][gc,task     ] GC(94) Using 49 workers of 68 for evacuation
[2024-08-28T13:01:34.262+0000][info][gc,phases   ] GC(94)   Pre Evacuate Collection Set: 0.3ms
[2024-08-28T13:01:34.262+0000][info][gc,phases   ] GC(94)   Merge Heap Roots: 0.5ms
[2024-08-28T13:01:34.262+0000][info][gc,phases   ] GC(94)   Evacuate Collection Set: 16.5ms
[2024-08-28T13:01:34.262+0000][info][gc,phases   ] GC(94)   Post Evacuate Collection Set: 0.6ms
[2024-08-28T13:01:34.262+0000][info][gc,phases   ] GC(94)   Other: 0.8ms
[2024-08-28T13:01:34.262+0000][info][gc,heap     ] GC(94) Eden regions: 98->0(86)
[2024-08-28T13:01:34.262+0000][info][gc,heap     ] GC(94) Survivor regions: 23->16(16)
[2024-08-28T13:01:34.262+0000][info][gc,heap     ] GC(94) Old regions: 1503->1615
[2024-08-28T13:01:34.262+0000][info][gc,heap     ] GC(94) Archive regions: 2->2
[2024-08-28T13:01:34.262+0000][info][gc,heap     ] GC(94) Humongous regions: 5->5
[2024-08-28T13:01:34.262+0000][info][gc,metaspace] GC(94) Metaspace: 100K(320K)->100K(320K) NonClass: 96K(192K)->96K(192K) Class: 4K(128K)->4K(128K)
[2024-08-28T13:01:34.262+0000][info][gc          ] GC(94) Pause Young (Concurrent Start) (G1 Evacuation Pause) 1629M->1636M(2048M) 18.794ms
[2024-08-28T13:01:34.262+0000][info][gc,cpu      ] GC(94) User=0.81s Sys=0.02s Real=0.02s
[2024-08-28T13:01:34.262+0000][info][gc          ] GC(95) Concurrent Mark Cycle
[2024-08-28T13:01:34.262+0000][info][gc,marking  ] GC(95) Concurrent Clear Claimed Marks
[2024-08-28T13:01:34.262+0000][info][gc,marking  ] GC(95) Concurrent Clear Claimed Marks 0.010ms
[2024-08-28T13:01:34.262+0000][info][gc,marking  ] GC(95) Concurrent Scan Root Regions
[2024-08-28T13:01:34.265+0000][info][gc,marking  ] GC(95) Concurrent Scan Root Regions 3.098ms
[2024-08-28T13:01:34.265+0000][info][gc,marking  ] GC(95) Concurrent Mark
[2024-08-28T13:01:34.265+0000][info][gc,marking  ] GC(95) Concurrent Mark From Roots
[2024-08-28T13:01:34.266+0000][info][gc,task     ] GC(95) Using 17 workers of 17 for marking
[2024-08-28T13:01:34.286+0000][info][gc,marking  ] GC(95) Concurrent Mark From Roots 20.259ms
[2024-08-28T13:01:34.286+0000][info][gc,marking  ] GC(95) Concurrent Preclean
[2024-08-28T13:01:34.286+0000][info][gc,marking  ] GC(95) Concurrent Preclean 0.504ms
[2024-08-28T13:01:34.287+0000][info][gc,start    ] GC(95) Pause Remark
[2024-08-28T13:01:34.289+0000][info][gc          ] GC(95) Pause Remark 1661M->1396M(2048M) 1.936ms
[2024-08-28T13:01:34.289+0000][info][gc,cpu      ] GC(95) User=0.02s Sys=0.00s Real=0.00s
[2024-08-28T13:01:34.289+0000][info][gc,marking  ] GC(95) Concurrent Mark 23.120ms
[2024-08-28T13:01:34.289+0000][info][gc,marking  ] GC(95) Concurrent Rebuild Remembered Sets
[2024-08-28T13:01:34.330+0000][info][gc,start    ] GC(96) Pause Young (Normal) (G1 Evacuation Pause)
[2024-08-28T13:01:34.330+0000][info][gc,task     ] GC(96) Using 49 workers of 68 for evacuation
[2024-08-28T13:01:34.345+0000][info][gc,phases   ] GC(96)   Pre Evacuate Collection Set: 0.3ms
[2024-08-28T13:01:34.345+0000][info][gc,phases   ] GC(96)   Merge Heap Roots: 0.8ms
[2024-08-28T13:01:34.345+0000][info][gc,phases   ] GC(96)   Evacuate Collection Set: 13.5ms
[2024-08-28T13:01:34.345+0000][info][gc,phases   ] GC(96)   Post Evacuate Collection Set: 0.8ms
[2024-08-28T13:01:34.346+0000][info][gc,phases   ] GC(96)   Other: 0.2ms
[2024-08-28T13:01:34.346+0000][info][gc,heap     ] GC(96) Eden regions: 86->0(120)
[2024-08-28T13:01:34.346+0000][info][gc,heap     ] GC(96) Survivor regions: 16->13(13)
[2024-08-28T13:01:34.346+0000][info][gc,heap     ] GC(96) Old regions: 1350->1447
[2024-08-28T13:01:34.346+0000][info][gc,heap     ] GC(96) Archive regions: 2->2
[2024-08-28T13:01:34.346+0000][info][gc,heap     ] GC(96) Humongous regions: 5->5
[2024-08-28T13:01:34.346+0000][info][gc,metaspace] GC(96) Metaspace: 100K(320K)->100K(320K) NonClass: 96K(192K)->96K(192K) Class: 4K(128K)->4K(128K)
[2024-08-28T13:01:34.346+0000][info][gc          ] GC(96) Pause Young (Normal) (G1 Evacuation Pause) 1457M->1465M(2048M) 15.706ms
[2024-08-28T13:01:34.346+0000][info][gc,cpu      ] GC(96) User=0.68s Sys=0.03s Real=0.01s
[2024-08-28T13:01:34.355+0000][info][gc,marking  ] GC(95) Concurrent Rebuild Remembered Sets 66.671ms
[2024-08-28T13:01:34.356+0000][info][gc,start    ] GC(95) Pause Cleanup
[2024-08-28T13:01:34.358+0000][info][gc          ] GC(95) Pause Cleanup 1480M->1480M(2048M) 2.717ms
[2024-08-28T13:01:34.358+0000][info][gc,cpu      ] GC(95) User=0.01s Sys=0.00s Real=0.01s
[2024-08-28T13:01:34.358+0000][info][gc,marking  ] GC(95) Concurrent Cleanup for Next Mark
[2024-08-28T13:01:34.360+0000][info][gc,marking  ] GC(95) Concurrent Cleanup for Next Mark 1.276ms
[2024-08-28T13:01:34.360+0000][info][gc          ] GC(95) Concurrent Mark Cycle 97.402ms
[2024-08-28T13:01:34.426+0000][info][gc,start    ] GC(97) Pause Young (Prepare Mixed) (G1 Evacuation Pause)
[2024-08-28T13:01:34.426+0000][info][gc,task     ] GC(97) Using 49 workers of 68 for evacuation
[2024-08-28T13:01:34.444+0000][info][gc,phases   ] GC(97)   Pre Evacuate Collection Set: 0.4ms
[2024-08-28T13:01:34.444+0000][info][gc,phases   ] GC(97)   Merge Heap Roots: 0.7ms
[2024-08-28T13:01:34.444+0000][info][gc,phases   ] GC(97)   Evacuate Collection Set: 16.1ms
[2024-08-28T13:01:34.444+0000][info][gc,phases   ] GC(97)   Post Evacuate Collection Set: 0.5ms
[2024-08-28T13:01:34.444+0000][info][gc,phases   ] GC(97)   Other: 0.2ms
[2024-08-28T13:01:34.444+0000][info][gc,heap     ] GC(97) Eden regions: 120->0(85)
[2024-08-28T13:01:34.444+0000][info][gc,heap     ] GC(97) Survivor regions: 13->17(17)
[2024-08-28T13:01:34.444+0000][info][gc,heap     ] GC(97) Old regions: 1447->1566
[2024-08-28T13:01:34.444+0000][info][gc,heap     ] GC(97) Archive regions: 2->2
[2024-08-28T13:01:34.444+0000][info][gc,heap     ] GC(97) Humongous regions: 5->5
[2024-08-28T13:01:34.444+0000][info][gc,metaspace] GC(97) Metaspace: 100K(320K)->100K(320K) NonClass: 96K(192K)->96K(192K) Class: 4K(128K)->4K(128K)
[2024-08-28T13:01:34.444+0000][info][gc          ] GC(97) Pause Young (Prepare Mixed) (G1 Evacuation Pause) 1585M->1588M(2048M) 18.012ms
[2024-08-28T13:01:34.444+0000][info][gc,cpu      ] GC(97) User=0.81s Sys=0.01s Real=0.02s
[2024-08-28T13:01:34.496+0000][info][gc,start    ] GC(98) Pause Young (Mixed) (G1 Evacuation Pause)
[2024-08-28T13:01:34.496+0000][info][gc,task     ] GC(98) Using 49 workers of 68 for evacuation
[2024-08-28T13:01:34.513+0000][info][gc,phases   ] GC(98)   Pre Evacuate Collection Set: 0.4ms
[2024-08-28T13:01:34.513+0000][info][gc,phases   ] GC(98)   Merge Heap Roots: 0.5ms
[2024-08-28T13:01:34.513+0000][info][gc,phases   ] GC(98)   Evacuate Collection Set: 15.2ms
[2024-08-28T13:01:34.513+0000][info][gc,phases   ] GC(98)   Post Evacuate Collection Set: 0.6ms
[2024-08-28T13:01:34.513+0000][info][gc,phases   ] GC(98)   Other: 0.2ms
[2024-08-28T13:01:34.513+0000][info][gc,heap     ] GC(98) Eden regions: 85->0(89)
[2024-08-28T13:01:34.513+0000][info][gc,heap     ] GC(98) Survivor regions: 17->13(13)
[2024-08-28T13:01:34.513+0000][info][gc,heap     ] GC(98) Old regions: 1566->1456
[2024-08-28T13:01:34.513+0000][info][gc,heap     ] GC(98) Archive regions: 2->2
[2024-08-28T13:01:34.513+0000][info][gc,heap     ] GC(98) Humongous regions: 5->5
[2024-08-28T13:01:34.513+0000][info][gc,metaspace] GC(98) Metaspace: 100K(320K)->100K(320K) NonClass: 96K(192K)->96K(192K) Class: 4K(128K)->4K(128K)
[2024-08-28T13:01:34.513+0000][info][gc          ] GC(98) Pause Young (Mixed) (G1 Evacuation Pause) 1673M->1474M(2048M) 16.943ms
[2024-08-28T13:01:34.513+0000][info][gc,cpu      ] GC(98) User=0.67s Sys=0.09s Real=0.02s
[2024-08-28T13:01:34.569+0000][info][gc,start    ] GC(99) Pause Young (Mixed) (G1 Evacuation Pause)
[2024-08-28T13:01:34.569+0000][info][gc,task     ] GC(99) Using 49 workers of 68 for evacuation
[2024-08-28T13:01:34.584+0000][info][gc,phases   ] GC(99)   Pre Evacuate Collection Set: 0.4ms
[2024-08-28T13:01:34.584+0000][info][gc,phases   ] GC(99)   Merge Heap Roots: 0.6ms
[2024-08-28T13:01:34.584+0000][info][gc,phases   ] GC(99)   Evacuate Collection Set: 13.2ms
[2024-08-28T13:01:34.584+0000][info][gc,phases   ] GC(99)   Post Evacuate Collection Set: 0.6ms
[2024-08-28T13:01:34.584+0000][info][gc,phases   ] GC(99)   Other: 0.2ms
[2024-08-28T13:01:34.584+0000][info][gc,heap     ] GC(99) Eden regions: 89->0(89)
[2024-08-28T13:01:34.584+0000][info][gc,heap     ] GC(99) Survivor regions: 13->13(13)
[2024-08-28T13:01:34.584+0000][info][gc,heap     ] GC(99) Old regions: 1456->1345
[2024-08-28T13:01:34.584+0000][info][gc,heap     ] GC(99) Archive regions: 2->2
[2024-08-28T13:01:34.584+0000][info][gc,heap     ] GC(99) Humongous regions: 5->5
[2024-08-28T13:01:34.584+0000][info][gc,metaspace] GC(99) Metaspace: 100K(320K)->100K(320K) NonClass: 96K(192K)->96K(192K) Class: 4K(128K)->4K(128K)
[2024-08-28T13:01:34.584+0000][info][gc          ] GC(99) Pause Young (Mixed) (G1 Evacuation Pause) 1563M->1363M(2048M) 15.066ms
[2024-08-28T13:01:34.584+0000][info][gc,cpu      ] GC(99) User=0.67s Sys=0.00s Real=0.02s
[2024-08-28T13:01:34.640+0000][info][gc,start    ] GC(100) Pause Young (Mixed) (G1 Evacuation Pause)
[2024-08-28T13:01:34.641+0000][info][gc,task     ] GC(100) Using 49 workers of 68 for evacuation
[2024-08-28T13:01:34.656+0000][info][gc,phases   ] GC(100)   Pre Evacuate Collection Set: 0.5ms
[2024-08-28T13:01:34.656+0000][info][gc,phases   ] GC(100)   Merge Heap Roots: 0.6ms
[2024-08-28T13:01:34.656+0000][info][gc,phases   ] GC(100)   Evacuate Collection Set: 13.5ms
[2024-08-28T13:01:34.656+0000][info][gc,phases   ] GC(100)   Post Evacuate Collection Set: 0.7ms
[2024-08-28T13:01:34.656+0000][info][gc,phases   ] GC(100)   Other: 0.3ms
[2024-08-28T13:01:34.656+0000][info][gc,heap     ] GC(100) Eden regions: 89->0(89)
[2024-08-28T13:01:34.656+0000][info][gc,heap     ] GC(100) Survivor regions: 13->13(13)
[2024-08-28T13:01:34.656+0000][info][gc,heap     ] GC(100) Old regions: 1345->1234
[2024-08-28T13:01:34.656+0000][info][gc,heap     ] GC(100) Archive regions: 2->2
[2024-08-28T13:01:34.656+0000][info][gc,heap     ] GC(100) Humongous regions: 5->5
[2024-08-28T13:01:34.656+0000][info][gc,metaspace] GC(100) Metaspace: 100K(320K)->100K(320K) NonClass: 96K(192K)->96K(192K) Class: 4K(128K)->4K(128K)
[2024-08-28T13:01:34.656+0000][info][gc          ] GC(100) Pause Young (Mixed) (G1 Evacuation Pause) 1452M->1252M(2048M) 15.546ms
[2024-08-28T13:01:34.656+0000][info][gc,cpu      ] GC(100) User=0.68s Sys=0.00s Real=0.01s
[2024-08-28T13:01:34.712+0000][info][gc,start    ] GC(101) Pause Young (Mixed) (G1 Evacuation Pause)
[2024-08-28T13:01:34.712+0000][info][gc,task     ] GC(101) Using 49 workers of 68 for evacuation
[2024-08-28T13:01:34.727+0000][info][gc,phases   ] GC(101)   Pre Evacuate Collection Set: 0.4ms
[2024-08-28T13:01:34.727+0000][info][gc,phases   ] GC(101)   Merge Heap Roots: 0.5ms
[2024-08-28T13:01:34.727+0000][info][gc,phases   ] GC(101)   Evacuate Collection Set: 12.6ms
[2024-08-28T13:01:34.727+0000][info][gc,phases   ] GC(101)   Post Evacuate Collection Set: 0.6ms
[2024-08-28T13:01:34.727+0000][info][gc,phases   ] GC(101)   Other: 0.3ms
[2024-08-28T13:01:34.727+0000][info][gc,heap     ] GC(101) Eden regions: 89->0(221)
[2024-08-28T13:01:34.727+0000][info][gc,heap     ] GC(101) Survivor regions: 13->13(13)
[2024-08-28T13:01:34.727+0000][info][gc,heap     ] GC(101) Old regions: 1234->1134
[2024-08-28T13:01:34.727+0000][info][gc,heap     ] GC(101) Archive regions: 2->2
[2024-08-28T13:01:34.727+0000][info][gc,heap     ] GC(101) Humongous regions: 5->5
[2024-08-28T13:01:34.727+0000][info][gc,metaspace] GC(101) Metaspace: 100K(320K)->100K(320K) NonClass: 96K(192K)->96K(192K) Class: 4K(128K)->4K(128K)
[2024-08-28T13:01:34.727+0000][info][gc          ] GC(101) Pause Young (Mixed) (G1 Evacuation Pause) 1341M->1152M(2048M) 14.544ms
[2024-08-28T13:01:34.727+0000][info][gc,cpu      ] GC(101) User=0.63s Sys=0.00s Real=0.01s
[2024-08-28T13:01:34.858+0000][info][gc,start    ] GC(102) Pause Young (Normal) (G1 Evacuation Pause)
[2024-08-28T13:01:34.858+0000][info][gc,task     ] GC(102) Using 49 workers of 68 for evacuation
[2024-08-28T13:01:34.886+0000][info][gc,phases   ] GC(102)   Pre Evacuate Collection Set: 0.3ms
[2024-08-28T13:01:34.886+0000][info][gc,phases   ] GC(102)   Merge Heap Roots: 0.7ms
[2024-08-28T13:01:34.886+0000][info][gc,phases   ] GC(102)   Evacuate Collection Set: 26.1ms
[2024-08-28T13:01:34.886+0000][info][gc,phases   ] GC(102)   Post Evacuate Collection Set: 0.8ms
[2024-08-28T13:01:34.886+0000][info][gc,phases   ] GC(102)   Other: 0.2ms
[2024-08-28T13:01:34.886+0000][info][gc,heap     ] GC(102) Eden regions: 221->0(150)
[2024-08-28T13:01:34.886+0000][info][gc,heap     ] GC(102) Survivor regions: 13->30(30)
[2024-08-28T13:01:34.886+0000][info][gc,heap     ] GC(102) Old regions: 1134->1335
[2024-08-28T13:01:34.886+0000][info][gc,heap     ] GC(102) Archive regions: 2->2
[2024-08-28T13:01:34.886+0000][info][gc,heap     ] GC(102) Humongous regions: 5->5
[2024-08-28T13:01:34.886+0000][info][gc,metaspace] GC(102) Metaspace: 100K(320K)->100K(320K) NonClass: 96K(192K)->96K(192K) Class: 4K(128K)->4K(128K)
[2024-08-28T13:01:34.886+0000][info][gc          ] GC(102) Pause Young (Normal) (G1 Evacuation Pause) 1373M->1370M(2048M) 28.228ms
[2024-08-28T13:01:34.886+0000][info][gc,cpu      ] GC(102) User=1.29s Sys=0.00s Real=0.02s
[2024-08-28T13:01:34.976+0000][info][gc,start    ] GC(103) Pause Young (Normal) (G1 Evacuation Pause)
[2024-08-28T13:01:34.976+0000][info][gc,task     ] GC(103) Using 49 workers of 68 for evacuation
[2024-08-28T13:01:35.002+0000][info][gc,phases   ] GC(103)   Pre Evacuate Collection Set: 0.4ms
[2024-08-28T13:01:35.002+0000][info][gc,phases   ] GC(103)   Merge Heap Roots: 1.0ms
[2024-08-28T13:01:35.002+0000][info][gc,phases   ] GC(103)   Evacuate Collection Set: 23.3ms
[2024-08-28T13:01:35.002+0000][info][gc,phases   ] GC(103)   Post Evacuate Collection Set: 0.6ms
[2024-08-28T13:01:35.002+0000][info][gc,phases   ] GC(103)   Other: 0.3ms
[2024-08-28T13:01:35.002+0000][info][gc,heap     ] GC(103) Eden regions: 150->0(101)
[2024-08-28T13:01:35.002+0000][info][gc,heap     ] GC(103) Survivor regions: 30->23(23)
[2024-08-28T13:01:35.002+0000][info][gc,heap     ] GC(103) Old regions: 1335->1495
[2024-08-28T13:01:35.002+0000][info][gc,heap     ] GC(103) Archive regions: 2->2
[2024-08-28T13:01:35.002+0000][info][gc,heap     ] GC(103) Humongous regions: 5->5
[2024-08-28T13:01:35.002+0000][info][gc,metaspace] GC(103) Metaspace: 100K(320K)->100K(320K) NonClass: 96K(192K)->96K(192K) Class: 4K(128K)->4K(128K)
[2024-08-28T13:01:35.002+0000][info][gc          ] GC(103) Pause Young (Normal) (G1 Evacuation Pause) 1520M->1523M(2048M) 25.670ms
[2024-08-28T13:01:35.002+0000][info][gc,cpu      ] GC(103) User=1.18s Sys=0.01s Real=0.03s
[2024-08-28T13:01:35.063+0000][info][gc,start    ] GC(104) Pause Young (Concurrent Start) (G1 Evacuation Pause)
[2024-08-28T13:01:35.063+0000][info][gc,task     ] GC(104) Using 49 workers of 68 for evacuation
[2024-08-28T13:01:35.082+0000][info][gc,phases   ] GC(104)   Pre Evacuate Collection Set: 0.5ms
[2024-08-28T13:01:35.082+0000][info][gc,phases   ] GC(104)   Merge Heap Roots: 0.5ms
[2024-08-28T13:01:35.082+0000][info][gc,phases   ] GC(104)   Evacuate Collection Set: 15.8ms
[2024-08-28T13:01:35.082+0000][info][gc,phases   ] GC(104)   Post Evacuate Collection Set: 0.8ms
[2024-08-28T13:01:35.082+0000][info][gc,phases   ] GC(104)   Other: 1.1ms
[2024-08-28T13:01:35.082+0000][info][gc,heap     ] GC(104) Eden regions: 101->0(86)
[2024-08-28T13:01:35.082+0000][info][gc,heap     ] GC(104) Survivor regions: 23->16(16)
[2024-08-28T13:01:35.082+0000][info][gc,heap     ] GC(104) Old regions: 1495->1611
[2024-08-28T13:01:35.082+0000][info][gc,heap     ] GC(104) Archive regions: 2->2
[2024-08-28T13:01:35.082+0000][info][gc,heap     ] GC(104) Humongous regions: 5->5
[2024-08-28T13:01:35.082+0000][info][gc,metaspace] GC(104) Metaspace: 100K(320K)->100K(320K) NonClass: 96K(192K)->96K(192K) Class: 4K(128K)->4K(128K)
[2024-08-28T13:01:35.082+0000][info][gc          ] GC(104) Pause Young (Concurrent Start) (G1 Evacuation Pause) 1624M->1632M(2048M) 18.741ms
[2024-08-28T13:01:35.082+0000][info][gc,cpu      ] GC(104) User=0.75s Sys=0.04s Real=0.02s
[2024-08-28T13:01:35.082+0000][info][gc          ] GC(105) Concurrent Mark Cycle
[2024-08-28T13:01:35.082+0000][info][gc,marking  ] GC(105) Concurrent Clear Claimed Marks
[2024-08-28T13:01:35.082+0000][info][gc,marking  ] GC(105) Concurrent Clear Claimed Marks 0.015ms
[2024-08-28T13:01:35.082+0000][info][gc,marking  ] GC(105) Concurrent Scan Root Regions
[2024-08-28T13:01:35.085+0000][info][gc,marking  ] GC(105) Concurrent Scan Root Regions 2.970ms
[2024-08-28T13:01:35.085+0000][info][gc,marking  ] GC(105) Concurrent Mark
[2024-08-28T13:01:35.085+0000][info][gc,marking  ] GC(105) Concurrent Mark From Roots
[2024-08-28T13:01:35.085+0000][info][gc,task     ] GC(105) Using 17 workers of 17 for marking
[2024-08-28T13:01:35.105+0000][info][gc,marking  ] GC(105) Concurrent Mark From Roots 20.457ms
[2024-08-28T13:01:35.106+0000][info][gc,marking  ] GC(105) Concurrent Preclean
[2024-08-28T13:01:35.106+0000][info][gc,marking  ] GC(105) Concurrent Preclean 0.504ms
[2024-08-28T13:01:35.106+0000][info][gc,start    ] GC(105) Pause Remark
[2024-08-28T13:01:35.109+0000][info][gc          ] GC(105) Pause Remark 1657M->1380M(2048M) 2.764ms
[2024-08-28T13:01:35.109+0000][info][gc,cpu      ] GC(105) User=0.03s Sys=0.01s Real=0.00s
[2024-08-28T13:01:35.109+0000][info][gc,marking  ] GC(105) Concurrent Mark 24.140ms
[2024-08-28T13:01:35.109+0000][info][gc,marking  ] GC(105) Concurrent Rebuild Remembered Sets
[2024-08-28T13:01:35.150+0000][info][gc,start    ] GC(106) Pause Young (Normal) (G1 Evacuation Pause)
[2024-08-28T13:01:35.150+0000][info][gc,task     ] GC(106) Using 49 workers of 68 for evacuation
[2024-08-28T13:01:35.166+0000][info][gc,phases   ] GC(106)   Pre Evacuate Collection Set: 0.5ms
[2024-08-28T13:01:35.166+0000][info][gc,phases   ] GC(106)   Merge Heap Roots: 0.8ms
[2024-08-28T13:01:35.166+0000][info][gc,phases   ] GC(106)   Evacuate Collection Set: 13.8ms
[2024-08-28T13:01:35.166+0000][info][gc,phases   ] GC(106)   Post Evacuate Collection Set: 0.8ms
[2024-08-28T13:01:35.166+0000][info][gc,phases   ] GC(106)   Other: 0.3ms
[2024-08-28T13:01:35.166+0000][info][gc,heap     ] GC(106) Eden regions: 86->0(125)
[2024-08-28T13:01:35.166+0000][info][gc,heap     ] GC(106) Survivor regions: 16->13(13)
[2024-08-28T13:01:35.166+0000][info][gc,heap     ] GC(106) Old regions: 1334->1430
[2024-08-28T13:01:35.166+0000][info][gc,heap     ] GC(106) Archive regions: 2->2
[2024-08-28T13:01:35.166+0000][info][gc,heap     ] GC(106) Humongous regions: 5->5
[2024-08-28T13:01:35.166+0000][info][gc,metaspace] GC(106) Metaspace: 100K(320K)->100K(320K) NonClass: 96K(192K)->96K(192K) Class: 4K(128K)->4K(128K)
[2024-08-28T13:01:35.167+0000][info][gc          ] GC(106) Pause Young (Normal) (G1 Evacuation Pause) 1441M->1448M(2048M) 16.174ms
[2024-08-28T13:01:35.167+0000][info][gc,cpu      ] GC(106) User=0.68s Sys=0.03s Real=0.01s
[2024-08-28T13:01:35.177+0000][info][gc,marking  ] GC(105) Concurrent Rebuild Remembered Sets 67.722ms
[2024-08-28T13:01:35.177+0000][info][gc,start    ] GC(105) Pause Cleanup
[2024-08-28T13:01:35.180+0000][info][gc          ] GC(105) Pause Cleanup 1464M->1464M(2048M) 2.879ms
[2024-08-28T13:01:35.180+0000][info][gc,cpu      ] GC(105) User=0.01s Sys=0.00s Real=0.01s
[2024-08-28T13:01:35.180+0000][info][gc,marking  ] GC(105) Concurrent Cleanup for Next Mark
[2024-08-28T13:01:35.183+0000][info][gc,marking  ] GC(105) Concurrent Cleanup for Next Mark 2.390ms
[2024-08-28T13:01:35.183+0000][info][gc          ] GC(105) Concurrent Mark Cycle 100.680ms
[2024-08-28T13:01:35.250+0000][info][gc,start    ] GC(107) Pause Young (Prepare Mixed) (G1 Evacuation Pause)
[2024-08-28T13:01:35.250+0000][info][gc,task     ] GC(107) Using 49 workers of 68 for evacuation
[2024-08-28T13:01:35.268+0000][info][gc,phases   ] GC(107)   Pre Evacuate Collection Set: 0.3ms
[2024-08-28T13:01:35.268+0000][info][gc,phases   ] GC(107)   Merge Heap Roots: 0.7ms
[2024-08-28T13:01:35.268+0000][info][gc,phases   ] GC(107)   Evacuate Collection Set: 16.2ms
[2024-08-28T13:01:35.268+0000][info][gc,phases   ] GC(107)   Post Evacuate Collection Set: 0.5ms
[2024-08-28T13:01:35.268+0000][info][gc,phases   ] GC(107)   Other: 0.2ms
[2024-08-28T13:01:35.268+0000][info][gc,heap     ] GC(107) Eden regions: 125->0(84)
[2024-08-28T13:01:35.268+0000][info][gc,heap     ] GC(107) Survivor regions: 13->18(18)
[2024-08-28T13:01:35.268+0000][info][gc,heap     ] GC(107) Old regions: 1430->1553
[2024-08-28T13:01:35.268+0000][info][gc,heap     ] GC(107) Archive regions: 2->2
[2024-08-28T13:01:35.268+0000][info][gc,heap     ] GC(107) Humongous regions: 5->5
[2024-08-28T13:01:35.268+0000][info][gc,metaspace] GC(107) Metaspace: 100K(320K)->100K(320K) NonClass: 96K(192K)->96K(192K) Class: 4K(128K)->4K(128K)
[2024-08-28T13:01:35.268+0000][info][gc          ] GC(107) Pause Young (Prepare Mixed) (G1 Evacuation Pause) 1573M->1576M(2048M) 17.972ms
[2024-08-28T13:01:35.268+0000][info][gc,cpu      ] GC(107) User=0.80s Sys=0.01s Real=0.01s
[2024-08-28T13:01:35.320+0000][info][gc,start    ] GC(108) Pause Young (Mixed) (G1 Evacuation Pause)
[2024-08-28T13:01:35.320+0000][info][gc,task     ] GC(108) Using 49 workers of 68 for evacuation
[2024-08-28T13:01:35.336+0000][info][gc,phases   ] GC(108)   Pre Evacuate Collection Set: 0.4ms
[2024-08-28T13:01:35.336+0000][info][gc,phases   ] GC(108)   Merge Heap Roots: 0.6ms
[2024-08-28T13:01:35.336+0000][info][gc,phases   ] GC(108)   Evacuate Collection Set: 13.8ms
[2024-08-28T13:01:35.336+0000][info][gc,phases   ] GC(108)   Post Evacuate Collection Set: 0.6ms
[2024-08-28T13:01:35.336+0000][info][gc,phases   ] GC(108)   Other: 0.2ms
[2024-08-28T13:01:35.336+0000][info][gc,heap     ] GC(108) Eden regions: 84->0(89)
[2024-08-28T13:01:35.336+0000][info][gc,heap     ] GC(108) Survivor regions: 18->13(13)
[2024-08-28T13:01:35.336+0000][info][gc,heap     ] GC(108) Old regions: 1553->1444
[2024-08-28T13:01:35.336+0000][info][gc,heap     ] GC(108) Archive regions: 2->2
[2024-08-28T13:01:35.336+0000][info][gc,heap     ] GC(108) Humongous regions: 5->5
[2024-08-28T13:01:35.336+0000][info][gc,metaspace] GC(108) Metaspace: 100K(320K)->100K(320K) NonClass: 96K(192K)->96K(192K) Class: 4K(128K)->4K(128K)
[2024-08-28T13:01:35.336+0000][info][gc          ] GC(108) Pause Young (Mixed) (G1 Evacuation Pause) 1660M->1462M(2048M) 15.705ms
[2024-08-28T13:01:35.336+0000][info][gc,cpu      ] GC(108) User=0.68s Sys=0.01s Real=0.01s
[2024-08-28T13:01:35.392+0000][info][gc,start    ] GC(109) Pause Young (Mixed) (G1 Evacuation Pause)
[2024-08-28T13:01:35.392+0000][info][gc,task     ] GC(109) Using 49 workers of 68 for evacuation
[2024-08-28T13:01:35.407+0000][info][gc,phases   ] GC(109)   Pre Evacuate Collection Set: 0.4ms
[2024-08-28T13:01:35.407+0000][info][gc,phases   ] GC(109)   Merge Heap Roots: 0.5ms
[2024-08-28T13:01:35.407+0000][info][gc,phases   ] GC(109)   Evacuate Collection Set: 12.9ms
[2024-08-28T13:01:35.407+0000][info][gc,phases   ] GC(109)   Post Evacuate Collection Set: 0.6ms
[2024-08-28T13:01:35.407+0000][info][gc,phases   ] GC(109)   Other: 0.2ms
[2024-08-28T13:01:35.407+0000][info][gc,heap     ] GC(109) Eden regions: 89->0(89)
[2024-08-28T13:01:35.407+0000][info][gc,heap     ] GC(109) Survivor regions: 13->13(13)
[2024-08-28T13:01:35.407+0000][info][gc,heap     ] GC(109) Old regions: 1444->1334
[2024-08-28T13:01:35.407+0000][info][gc,heap     ] GC(109) Archive regions: 2->2
[2024-08-28T13:01:35.407+0000][info][gc,heap     ] GC(109) Humongous regions: 5->5
[2024-08-28T13:01:35.407+0000][info][gc,metaspace] GC(109) Metaspace: 100K(320K)->100K(320K) NonClass: 96K(192K)->96K(192K) Class: 4K(128K)->4K(128K)
[2024-08-28T13:01:35.407+0000][info][gc          ] GC(109) Pause Young (Mixed) (G1 Evacuation Pause) 1551M->1352M(2048M) 14.722ms
[2024-08-28T13:01:35.407+0000][info][gc,cpu      ] GC(109) User=0.65s Sys=0.00s Real=0.01s
[2024-08-28T13:01:35.478+0000][info][gc,start    ] GC(110) Pause Young (Mixed) (G1 Evacuation Pause)
[2024-08-28T13:01:35.478+0000][info][gc,task     ] GC(110) Using 49 workers of 68 for evacuation
[2024-08-28T13:01:35.496+0000][info][gc,phases   ] GC(110)   Pre Evacuate Collection Set: 0.5ms
[2024-08-28T13:01:35.496+0000][info][gc,phases   ] GC(110)   Merge Heap Roots: 0.5ms
[2024-08-28T13:01:35.496+0000][info][gc,phases   ] GC(110)   Evacuate Collection Set: 16.5ms
[2024-08-28T13:01:35.496+0000][info][gc,phases   ] GC(110)   Post Evacuate Collection Set: 0.6ms
[2024-08-28T13:01:35.496+0000][info][gc,phases   ] GC(110)   Other: 0.3ms
[2024-08-28T13:01:35.496+0000][info][gc,heap     ] GC(110) Eden regions: 89->0(89)
[2024-08-28T13:01:35.496+0000][info][gc,heap     ] GC(110) Survivor regions: 13->13(13)
[2024-08-28T13:01:35.496+0000][info][gc,heap     ] GC(110) Old regions: 1334->1223
[2024-08-28T13:01:35.496+0000][info][gc,heap     ] GC(110) Archive regions: 2->2
[2024-08-28T13:01:35.496+0000][info][gc,heap     ] GC(110) Humongous regions: 5->5
[2024-08-28T13:01:35.496+0000][info][gc,metaspace] GC(110) Metaspace: 100K(320K)->100K(320K) NonClass: 96K(192K)->96K(192K) Class: 4K(128K)->4K(128K)
[2024-08-28T13:01:35.496+0000][info][gc          ] GC(110) Pause Young (Mixed) (G1 Evacuation Pause) 1441M->1241M(2048M) 18.459ms
[2024-08-28T13:01:35.496+0000][info][gc,cpu      ] GC(110) User=0.57s Sys=0.26s Real=0.01s
[2024-08-28T13:01:35.564+0000][info][gc,start    ] GC(111) Pause Young (Mixed) (G1 Evacuation Pause)
[2024-08-28T13:01:35.564+0000][info][gc,task     ] GC(111) Using 49 workers of 68 for evacuation
[2024-08-28T13:01:35.579+0000][info][gc,phases   ] GC(111)   Pre Evacuate Collection Set: 0.5ms
[2024-08-28T13:01:35.579+0000][info][gc,phases   ] GC(111)   Merge Heap Roots: 0.6ms
[2024-08-28T13:01:35.579+0000][info][gc,phases   ] GC(111)   Evacuate Collection Set: 13.5ms
[2024-08-28T13:01:35.580+0000][info][gc,phases   ] GC(111)   Post Evacuate Collection Set: 0.6ms
[2024-08-28T13:01:35.580+0000][info][gc,phases   ] GC(111)   Other: 0.3ms
[2024-08-28T13:01:35.580+0000][info][gc,heap     ] GC(111) Eden regions: 89->0(219)
[2024-08-28T13:01:35.580+0000][info][gc,heap     ] GC(111) Survivor regions: 13->13(13)
[2024-08-28T13:01:35.580+0000][info][gc,heap     ] GC(111) Old regions: 1223->1141
[2024-08-28T13:01:35.580+0000][info][gc,heap     ] GC(111) Archive regions: 2->2
[2024-08-28T13:01:35.580+0000][info][gc,heap     ] GC(111) Humongous regions: 5->5
[2024-08-28T13:01:35.580+0000][info][gc,metaspace] GC(111) Metaspace: 100K(320K)->100K(320K) NonClass: 96K(192K)->96K(192K) Class: 4K(128K)->4K(128K)
[2024-08-28T13:01:35.580+0000][info][gc          ] GC(111) Pause Young (Mixed) (G1 Evacuation Pause) 1330M->1159M(2048M) 15.501ms
[2024-08-28T13:01:35.580+0000][info][gc,cpu      ] GC(111) User=0.67s Sys=0.02s Real=0.02s
[2024-08-28T13:01:35.710+0000][info][gc,start    ] GC(112) Pause Young (Normal) (G1 Evacuation Pause)
[2024-08-28T13:01:35.710+0000][info][gc,task     ] GC(112) Using 49 workers of 68 for evacuation
[2024-08-28T13:01:35.738+0000][info][gc,phases   ] GC(112)   Pre Evacuate Collection Set: 0.3ms
[2024-08-28T13:01:35.738+0000][info][gc,phases   ] GC(112)   Merge Heap Roots: 0.7ms
[2024-08-28T13:01:35.738+0000][info][gc,phases   ] GC(112)   Evacuate Collection Set: 26.0ms
[2024-08-28T13:01:35.738+0000][info][gc,phases   ] GC(112)   Post Evacuate Collection Set: 0.6ms
[2024-08-28T13:01:35.738+0000][info][gc,phases   ] GC(112)   Other: 0.2ms
[2024-08-28T13:01:35.738+0000][info][gc,heap     ] GC(112) Eden regions: 219->0(149)
[2024-08-28T13:01:35.738+0000][info][gc,heap     ] GC(112) Survivor regions: 13->29(29)
[2024-08-28T13:01:35.738+0000][info][gc,heap     ] GC(112) Old regions: 1141->1340
[2024-08-28T13:01:35.738+0000][info][gc,heap     ] GC(112) Archive regions: 2->2
[2024-08-28T13:01:35.738+0000][info][gc,heap     ] GC(112) Humongous regions: 5->5
[2024-08-28T13:01:35.738+0000][info][gc,metaspace] GC(112) Metaspace: 100K(320K)->100K(320K) NonClass: 96K(192K)->96K(192K) Class: 4K(128K)->4K(128K)
[2024-08-28T13:01:35.738+0000][info][gc          ] GC(112) Pause Young (Normal) (G1 Evacuation Pause) 1378M->1374M(2048M) 27.940ms
[2024-08-28T13:01:35.738+0000][info][gc,cpu      ] GC(112) User=1.14s Sys=0.09s Real=0.03s
[2024-08-28T13:01:35.826+0000][info][gc,start    ] GC(113) Pause Young (Normal) (G1 Evacuation Pause)
[2024-08-28T13:01:35.826+0000][info][gc,task     ] GC(113) Using 49 workers of 68 for evacuation
[2024-08-28T13:01:35.856+0000][info][gc,phases   ] GC(113)   Pre Evacuate Collection Set: 0.4ms
[2024-08-28T13:01:35.856+0000][info][gc,phases   ] GC(113)   Merge Heap Roots: 1.0ms
[2024-08-28T13:01:35.856+0000][info][gc,phases   ] GC(113)   Evacuate Collection Set: 28.1ms
[2024-08-28T13:01:35.856+0000][info][gc,phases   ] GC(113)   Post Evacuate Collection Set: 0.6ms
[2024-08-28T13:01:35.856+0000][info][gc,phases   ] GC(113)   Other: 0.3ms
[2024-08-28T13:01:35.856+0000][info][gc,heap     ] GC(113) Eden regions: 149->0(100)
[2024-08-28T13:01:35.856+0000][info][gc,heap     ] GC(113) Survivor regions: 29->23(23)
[2024-08-28T13:01:35.856+0000][info][gc,heap     ] GC(113) Old regions: 1340->1499
[2024-08-28T13:01:35.856+0000][info][gc,heap     ] GC(113) Archive regions: 2->2
[2024-08-28T13:01:35.856+0000][info][gc,heap     ] GC(113) Humongous regions: 5->5
[2024-08-28T13:01:35.856+0000][info][gc,metaspace] GC(113) Metaspace: 100K(320K)->100K(320K) NonClass: 96K(192K)->96K(192K) Class: 4K(128K)->4K(128K)
[2024-08-28T13:01:35.856+0000][info][gc          ] GC(113) Pause Young (Normal) (G1 Evacuation Pause) 1523M->1527M(2048M) 30.432ms
[2024-08-28T13:01:35.856+0000][info][gc,cpu      ] GC(113) User=1.07s Sys=0.34s Real=0.03s
[2024-08-28T13:01:35.933+0000][info][gc,start    ] GC(114) Pause Young (Concurrent Start) (G1 Evacuation Pause)
[2024-08-28T13:01:35.933+0000][info][gc,task     ] GC(114) Using 49 workers of 68 for evacuation
[2024-08-28T13:01:35.958+0000][info][gc,phases   ] GC(114)   Pre Evacuate Collection Set: 0.4ms
[2024-08-28T13:01:35.958+0000][info][gc,phases   ] GC(114)   Merge Heap Roots: 0.5ms
[2024-08-28T13:01:35.958+0000][info][gc,phases   ] GC(114)   Evacuate Collection Set: 22.9ms
[2024-08-28T13:01:35.958+0000][info][gc,phases   ] GC(114)   Post Evacuate Collection Set: 0.5ms
[2024-08-28T13:01:35.958+0000][info][gc,phases   ] GC(114)   Other: 1.1ms
[2024-08-28T13:01:35.958+0000][info][gc,heap     ] GC(114) Eden regions: 100->0(86)
[2024-08-28T13:01:35.958+0000][info][gc,heap     ] GC(114) Survivor regions: 23->16(16)
[2024-08-28T13:01:35.958+0000][info][gc,heap     ] GC(114) Old regions: 1499->1613
[2024-08-28T13:01:35.958+0000][info][gc,heap     ] GC(114) Archive regions: 2->2
[2024-08-28T13:01:35.958+0000][info][gc,heap     ] GC(114) Humongous regions: 5->5
[2024-08-28T13:01:35.958+0000][info][gc,metaspace] GC(114) Metaspace: 100K(320K)->100K(320K) NonClass: 96K(192K)->96K(192K) Class: 4K(128K)->4K(128K)
[2024-08-28T13:01:35.958+0000][info][gc          ] GC(114) Pause Young (Concurrent Start) (G1 Evacuation Pause) 1627M->1634M(2048M) 25.372ms
[2024-08-28T13:01:35.958+0000][info][gc,cpu      ] GC(114) User=0.80s Sys=0.06s Real=0.03s
[2024-08-28T13:01:35.958+0000][info][gc          ] GC(115) Concurrent Mark Cycle
[2024-08-28T13:01:35.958+0000][info][gc,marking  ] GC(115) Concurrent Clear Claimed Marks
[2024-08-28T13:01:35.958+0000][info][gc,marking  ] GC(115) Concurrent Clear Claimed Marks 0.012ms
[2024-08-28T13:01:35.958+0000][info][gc,marking  ] GC(115) Concurrent Scan Root Regions
[2024-08-28T13:01:35.962+0000][info][gc,marking  ] GC(115) Concurrent Scan Root Regions 3.604ms
[2024-08-28T13:01:35.962+0000][info][gc,marking  ] GC(115) Concurrent Mark
[2024-08-28T13:01:35.962+0000][info][gc,marking  ] GC(115) Concurrent Mark From Roots
[2024-08-28T13:01:35.962+0000][info][gc,task     ] GC(115) Using 17 workers of 17 for marking
[2024-08-28T13:01:35.986+0000][info][gc,marking  ] GC(115) Concurrent Mark From Roots 23.755ms
[2024-08-28T13:01:35.986+0000][info][gc,marking  ] GC(115) Concurrent Preclean
[2024-08-28T13:01:35.986+0000][info][gc,marking  ] GC(115) Concurrent Preclean 0.595ms
[2024-08-28T13:01:35.987+0000][info][gc,start    ] GC(115) Pause Remark
[2024-08-28T13:01:35.989+0000][info][gc          ] GC(115) Pause Remark 1657M->1370M(2048M) 2.126ms
[2024-08-28T13:01:35.989+0000][info][gc,cpu      ] GC(115) User=0.01s Sys=0.00s Real=0.00s
[2024-08-28T13:01:35.989+0000][info][gc,marking  ] GC(115) Concurrent Mark 26.886ms
[2024-08-28T13:01:35.989+0000][info][gc,marking  ] GC(115) Concurrent Rebuild Remembered Sets
[2024-08-28T13:01:36.032+0000][info][gc,start    ] GC(116) Pause Young (Normal) (G1 Evacuation Pause)
[2024-08-28T13:01:36.032+0000][info][gc,task     ] GC(116) Using 49 workers of 68 for evacuation
[2024-08-28T13:01:36.049+0000][info][gc,phases   ] GC(116)   Pre Evacuate Collection Set: 0.3ms
[2024-08-28T13:01:36.049+0000][info][gc,phases   ] GC(116)   Merge Heap Roots: 0.8ms
[2024-08-28T13:01:36.049+0000][info][gc,phases   ] GC(116)   Evacuate Collection Set: 14.4ms
[2024-08-28T13:01:36.049+0000][info][gc,phases   ] GC(116)   Post Evacuate Collection Set: 0.8ms
[2024-08-28T13:01:36.049+0000][info][gc,phases   ] GC(116)   Other: 0.2ms
[2024-08-28T13:01:36.049+0000][info][gc,heap     ] GC(116) Eden regions: 86->0(128)
[2024-08-28T13:01:36.049+0000][info][gc,heap     ] GC(116) Survivor regions: 16->13(13)
[2024-08-28T13:01:36.049+0000][info][gc,heap     ] GC(116) Old regions: 1326->1421
[2024-08-28T13:01:36.049+0000][info][gc,heap     ] GC(116) Archive regions: 2->2
[2024-08-28T13:01:36.049+0000][info][gc,heap     ] GC(116) Humongous regions: 5->5
[2024-08-28T13:01:36.049+0000][info][gc,metaspace] GC(116) Metaspace: 100K(320K)->100K(320K) NonClass: 96K(192K)->96K(192K) Class: 4K(128K)->4K(128K)
[2024-08-28T13:01:36.049+0000][info][gc          ] GC(116) Pause Young (Normal) (G1 Evacuation Pause) 1433M->1439M(2048M) 16.667ms
[2024-08-28T13:01:36.049+0000][info][gc,cpu      ] GC(116) User=0.58s Sys=0.17s Real=0.01s
[2024-08-28T13:01:36.057+0000][info][gc,marking  ] GC(115) Concurrent Rebuild Remembered Sets 68.015ms
[2024-08-28T13:01:36.057+0000][info][gc,start    ] GC(115) Pause Cleanup
[2024-08-28T13:01:36.060+0000][info][gc          ] GC(115) Pause Cleanup 1451M->1451M(2048M) 2.782ms
[2024-08-28T13:01:36.060+0000][info][gc,cpu      ] GC(115) User=0.01s Sys=0.00s Real=0.01s
[2024-08-28T13:01:36.060+0000][info][gc,marking  ] GC(115) Concurrent Cleanup for Next Mark
[2024-08-28T13:01:36.062+0000][info][gc,marking  ] GC(115) Concurrent Cleanup for Next Mark 1.757ms
[2024-08-28T13:01:36.062+0000][info][gc          ] GC(115) Concurrent Mark Cycle 103.567ms
[2024-08-28T13:01:36.135+0000][info][gc,start    ] GC(117) Pause Young (Prepare Mixed) (G1 Evacuation Pause)
[2024-08-28T13:01:36.135+0000][info][gc,task     ] GC(117) Using 49 workers of 68 for evacuation
[2024-08-28T13:01:36.164+0000][info][gc,phases   ] GC(117)   Pre Evacuate Collection Set: 0.4ms
[2024-08-28T13:01:36.164+0000][info][gc,phases   ] GC(117)   Merge Heap Roots: 0.7ms
[2024-08-28T13:01:36.164+0000][info][gc,phases   ] GC(117)   Evacuate Collection Set: 27.7ms
[2024-08-28T13:01:36.164+0000][info][gc,phases   ] GC(117)   Post Evacuate Collection Set: 0.6ms
[2024-08-28T13:01:36.164+0000][info][gc,phases   ] GC(117)   Other: 0.3ms
[2024-08-28T13:01:36.164+0000][info][gc,heap     ] GC(117) Eden regions: 128->0(84)
[2024-08-28T13:01:36.164+0000][info][gc,heap     ] GC(117) Survivor regions: 13->18(18)
[2024-08-28T13:01:36.164+0000][info][gc,heap     ] GC(117) Old regions: 1421->1547
[2024-08-28T13:01:36.164+0000][info][gc,heap     ] GC(117) Archive regions: 2->2
[2024-08-28T13:01:36.164+0000][info][gc,heap     ] GC(117) Humongous regions: 5->5
[2024-08-28T13:01:36.164+0000][info][gc,metaspace] GC(117) Metaspace: 100K(320K)->100K(320K) NonClass: 96K(192K)->96K(192K) Class: 4K(128K)->4K(128K)
[2024-08-28T13:01:36.164+0000][info][gc          ] GC(117) Pause Young (Prepare Mixed) (G1 Evacuation Pause) 1567M->1570M(2048M) 29.717ms
[2024-08-28T13:01:36.164+0000][info][gc,cpu      ] GC(117) User=0.79s Sys=0.55s Real=0.03s
[2024-08-28T13:01:36.225+0000][info][gc,start    ] GC(118) Pause Young (Mixed) (G1 Evacuation Pause)
[2024-08-28T13:01:36.225+0000][info][gc,task     ] GC(118) Using 49 workers of 68 for evacuation
[2024-08-28T13:01:36.244+0000][info][gc,phases   ] GC(118)   Pre Evacuate Collection Set: 0.5ms
[2024-08-28T13:01:36.244+0000][info][gc,phases   ] GC(118)   Merge Heap Roots: 0.5ms
[2024-08-28T13:01:36.244+0000][info][gc,phases   ] GC(118)   Evacuate Collection Set: 17.1ms
[2024-08-28T13:01:36.244+0000][info][gc,phases   ] GC(118)   Post Evacuate Collection Set: 0.6ms
[2024-08-28T13:01:36.244+0000][info][gc,phases   ] GC(118)   Other: 0.3ms
[2024-08-28T13:01:36.244+0000][info][gc,heap     ] GC(118) Eden regions: 84->0(89)
[2024-08-28T13:01:36.244+0000][info][gc,heap     ] GC(118) Survivor regions: 18->13(13)
[2024-08-28T13:01:36.244+0000][info][gc,heap     ] GC(118) Old regions: 1547->1438
[2024-08-28T13:01:36.244+0000][info][gc,heap     ] GC(118) Archive regions: 2->2
[2024-08-28T13:01:36.244+0000][info][gc,heap     ] GC(118) Humongous regions: 5->5
[2024-08-28T13:01:36.244+0000][info][gc,metaspace] GC(118) Metaspace: 100K(320K)->100K(320K) NonClass: 96K(192K)->96K(192K) Class: 4K(128K)->4K(128K)
[2024-08-28T13:01:36.244+0000][info][gc          ] GC(118) Pause Young (Mixed) (G1 Evacuation Pause) 1654M->1456M(2048M) 18.927ms
[2024-08-28T13:01:36.244+0000][info][gc,cpu      ] GC(118) User=0.57s Sys=0.29s Real=0.02s
[2024-08-28T13:01:36.303+0000][info][gc,start    ] GC(119) Pause Young (Mixed) (G1 Evacuation Pause)
[2024-08-28T13:01:36.303+0000][info][gc,task     ] GC(119) Using 49 workers of 68 for evacuation
[2024-08-28T13:01:36.327+0000][info][gc,phases   ] GC(119)   Pre Evacuate Collection Set: 0.4ms
[2024-08-28T13:01:36.327+0000][info][gc,phases   ] GC(119)   Merge Heap Roots: 0.5ms
[2024-08-28T13:01:36.327+0000][info][gc,phases   ] GC(119)   Evacuate Collection Set: 21.9ms
[2024-08-28T13:01:36.327+0000][info][gc,phases   ] GC(119)   Post Evacuate Collection Set: 0.6ms
[2024-08-28T13:01:36.327+0000][info][gc,phases   ] GC(119)   Other: 0.3ms
[2024-08-28T13:01:36.327+0000][info][gc,heap     ] GC(119) Eden regions: 89->0(89)
[2024-08-28T13:01:36.327+0000][info][gc,heap     ] GC(119) Survivor regions: 13->13(13)
[2024-08-28T13:01:36.327+0000][info][gc,heap     ] GC(119) Old regions: 1438->1327
[2024-08-28T13:01:36.327+0000][info][gc,heap     ] GC(119) Archive regions: 2->2
[2024-08-28T13:01:36.327+0000][info][gc,heap     ] GC(119) Humongous regions: 5->5
[2024-08-28T13:01:36.327+0000][info][gc,metaspace] GC(119) Metaspace: 100K(320K)->100K(320K) NonClass: 96K(192K)->96K(192K) Class: 4K(128K)->4K(128K)
[2024-08-28T13:01:36.327+0000][info][gc          ] GC(119) Pause Young (Mixed) (G1 Evacuation Pause) 1545M->1345M(2048M) 23.850ms
[2024-08-28T13:01:36.327+0000][info][gc,cpu      ] GC(119) User=0.63s Sys=0.37s Real=0.02s
[2024-08-28T13:01:36.388+0000][info][gc,start    ] GC(120) Pause Young (Mixed) (G1 Evacuation Pause)
[2024-08-28T13:01:36.388+0000][info][gc,task     ] GC(120) Using 49 workers of 68 for evacuation
[2024-08-28T13:01:36.407+0000][info][gc,phases   ] GC(120)   Pre Evacuate Collection Set: 0.4ms
[2024-08-28T13:01:36.407+0000][info][gc,phases   ] GC(120)   Merge Heap Roots: 0.5ms
[2024-08-28T13:01:36.407+0000][info][gc,phases   ] GC(120)   Evacuate Collection Set: 17.3ms
[2024-08-28T13:01:36.407+0000][info][gc,phases   ] GC(120)   Post Evacuate Collection Set: 0.6ms
[2024-08-28T13:01:36.407+0000][info][gc,phases   ] GC(120)   Other: 0.3ms
[2024-08-28T13:01:36.407+0000][info][gc,heap     ] GC(120) Eden regions: 89->0(89)
[2024-08-28T13:01:36.407+0000][info][gc,heap     ] GC(120) Survivor regions: 13->13(13)
[2024-08-28T13:01:36.407+0000][info][gc,heap     ] GC(120) Old regions: 1327->1216
[2024-08-28T13:01:36.407+0000][info][gc,heap     ] GC(120) Archive regions: 2->2
[2024-08-28T13:01:36.407+0000][info][gc,heap     ] GC(120) Humongous regions: 5->5
[2024-08-28T13:01:36.407+0000][info][gc,metaspace] GC(120) Metaspace: 100K(320K)->100K(320K) NonClass: 96K(192K)->96K(192K) Class: 4K(128K)->4K(128K)
[2024-08-28T13:01:36.407+0000][info][gc          ] GC(120) Pause Young (Mixed) (G1 Evacuation Pause) 1434M->1234M(2048M) 19.253ms
[2024-08-28T13:01:36.407+0000][info][gc,cpu      ] GC(120) User=0.67s Sys=0.20s Real=0.02s
[2024-08-28T13:01:36.468+0000][info][gc,start    ] GC(121) Pause Young (Mixed) (G1 Evacuation Pause)
[2024-08-28T13:01:36.468+0000][info][gc,task     ] GC(121) Using 49 workers of 68 for evacuation
[2024-08-28T13:01:36.490+0000][info][gc,phases   ] GC(121)   Pre Evacuate Collection Set: 0.4ms
[2024-08-28T13:01:36.490+0000][info][gc,phases   ] GC(121)   Merge Heap Roots: 0.5ms
[2024-08-28T13:01:36.490+0000][info][gc,phases   ] GC(121)   Evacuate Collection Set: 20.8ms
[2024-08-28T13:01:36.490+0000][info][gc,phases   ] GC(121)   Post Evacuate Collection Set: 0.6ms
[2024-08-28T13:01:36.490+0000][info][gc,phases   ] GC(121)   Other: 0.3ms
[2024-08-28T13:01:36.490+0000][info][gc,heap     ] GC(121) Eden regions: 89->0(219)
[2024-08-28T13:01:36.490+0000][info][gc,heap     ] GC(121) Survivor regions: 13->13(13)
[2024-08-28T13:01:36.490+0000][info][gc,heap     ] GC(121) Old regions: 1216->1140
[2024-08-28T13:01:36.490+0000][info][gc,heap     ] GC(121) Archive regions: 2->2
[2024-08-28T13:01:36.490+0000][info][gc,heap     ] GC(121) Humongous regions: 5->5
[2024-08-28T13:01:36.490+0000][info][gc,metaspace] GC(121) Metaspace: 100K(320K)->100K(320K) NonClass: 96K(192K)->96K(192K) Class: 4K(128K)->4K(128K)
[2024-08-28T13:01:36.490+0000][info][gc          ] GC(121) Pause Young (Mixed) (G1 Evacuation Pause) 1323M->1158M(2048M) 22.612ms
[2024-08-28T13:01:36.490+0000][info][gc,cpu      ] GC(121) User=0.59s Sys=0.34s Real=0.03s
[2024-08-28T13:01:36.644+0000][info][gc,start    ] GC(122) Pause Young (Normal) (G1 Evacuation Pause)
[2024-08-28T13:01:36.644+0000][info][gc,task     ] GC(122) Using 49 workers of 68 for evacuation
[2024-08-28T13:01:36.674+0000][info][gc,phases   ] GC(122)   Pre Evacuate Collection Set: 0.3ms
[2024-08-28T13:01:36.674+0000][info][gc,phases   ] GC(122)   Merge Heap Roots: 0.8ms
[2024-08-28T13:01:36.674+0000][info][gc,phases   ] GC(122)   Evacuate Collection Set: 27.4ms
[2024-08-28T13:01:36.674+0000][info][gc,phases   ] GC(122)   Post Evacuate Collection Set: 0.6ms
[2024-08-28T13:01:36.674+0000][info][gc,phases   ] GC(122)   Other: 0.3ms
[2024-08-28T13:01:36.674+0000][info][gc,heap     ] GC(122) Eden regions: 219->0(149)
[2024-08-28T13:01:36.674+0000][info][gc,heap     ] GC(122) Survivor regions: 13->29(29)
[2024-08-28T13:01:36.674+0000][info][gc,heap     ] GC(122) Old regions: 1140->1340
[2024-08-28T13:01:36.674+0000][info][gc,heap     ] GC(122) Archive regions: 2->2
[2024-08-28T13:01:36.674+0000][info][gc,heap     ] GC(122) Humongous regions: 5->5
[2024-08-28T13:01:36.674+0000][info][gc,metaspace] GC(122) Metaspace: 100K(320K)->100K(320K) NonClass: 96K(192K)->96K(192K) Class: 4K(128K)->4K(128K)
[2024-08-28T13:01:36.674+0000][info][gc          ] GC(122) Pause Young (Normal) (G1 Evacuation Pause) 1377M->1374M(2048M) 29.536ms
[2024-08-28T13:01:36.674+0000][info][gc,cpu      ] GC(122) User=1.06s Sys=0.30s Real=0.03s
[2024-08-28T13:01:36.768+0000][info][gc,start    ] GC(123) Pause Young (Normal) (G1 Evacuation Pause)
[2024-08-28T13:01:36.768+0000][info][gc,task     ] GC(123) Using 49 workers of 68 for evacuation
[2024-08-28T13:01:36.813+0000][info][gc,phases   ] GC(123)   Pre Evacuate Collection Set: 0.3ms
[2024-08-28T13:01:36.813+0000][info][gc,phases   ] GC(123)   Merge Heap Roots: 1.1ms
[2024-08-28T13:01:36.813+0000][info][gc,phases   ] GC(123)   Evacuate Collection Set: 42.5ms
[2024-08-28T13:01:36.813+0000][info][gc,phases   ] GC(123)   Post Evacuate Collection Set: 0.6ms
[2024-08-28T13:01:36.813+0000][info][gc,phases   ] GC(123)   Other: 0.2ms
[2024-08-28T13:01:36.813+0000][info][gc,heap     ] GC(123) Eden regions: 149->0(99)
[2024-08-28T13:01:36.813+0000][info][gc,heap     ] GC(123) Survivor regions: 29->23(23)
[2024-08-28T13:01:36.813+0000][info][gc,heap     ] GC(123) Old regions: 1340->1500
[2024-08-28T13:01:36.813+0000][info][gc,heap     ] GC(123) Archive regions: 2->2
[2024-08-28T13:01:36.813+0000][info][gc,heap     ] GC(123) Humongous regions: 5->5
[2024-08-28T13:01:36.813+0000][info][gc,metaspace] GC(123) Metaspace: 100K(320K)->100K(320K) NonClass: 96K(192K)->96K(192K) Class: 4K(128K)->4K(128K)
[2024-08-28T13:01:36.813+0000][info][gc          ] GC(123) Pause Young (Normal) (G1 Evacuation Pause) 1523M->1528M(2048M) 44.781ms
[2024-08-28T13:01:36.813+0000][info][gc,cpu      ] GC(123) User=0.89s Sys=1.24s Real=0.05s
[2024-08-28T13:01:36.879+0000][info][gc,start    ] GC(124) Pause Young (Concurrent Start) (G1 Evacuation Pause)
[2024-08-28T13:01:36.879+0000][info][gc,task     ] GC(124) Using 49 workers of 68 for evacuation
[2024-08-28T13:01:36.903+0000][info][gc,phases   ] GC(124)   Pre Evacuate Collection Set: 0.4ms
[2024-08-28T13:01:36.903+0000][info][gc,phases   ] GC(124)   Merge Heap Roots: 0.5ms
[2024-08-28T13:01:36.903+0000][info][gc,phases   ] GC(124)   Evacuate Collection Set: 22.3ms
[2024-08-28T13:01:36.903+0000][info][gc,phases   ] GC(124)   Post Evacuate Collection Set: 0.6ms
[2024-08-28T13:01:36.903+0000][info][gc,phases   ] GC(124)   Other: 1.1ms
[2024-08-28T13:01:36.903+0000][info][gc,heap     ] GC(124) Eden regions: 99->0(86)
[2024-08-28T13:01:36.903+0000][info][gc,heap     ] GC(124) Survivor regions: 23->16(16)
[2024-08-28T13:01:36.903+0000][info][gc,heap     ] GC(124) Old regions: 1500->1614
[2024-08-28T13:01:36.903+0000][info][gc,heap     ] GC(124) Archive regions: 2->2
[2024-08-28T13:01:36.903+0000][info][gc,heap     ] GC(124) Humongous regions: 5->5
[2024-08-28T13:01:36.903+0000][info][gc,metaspace] GC(124) Metaspace: 100K(320K)->100K(320K) NonClass: 96K(192K)->96K(192K) Class: 4K(128K)->4K(128K)
[2024-08-28T13:01:36.903+0000][info][gc          ] GC(124) Pause Young (Concurrent Start) (G1 Evacuation Pause) 1627M->1635M(2048M) 24.861ms
[2024-08-28T13:01:36.903+0000][info][gc,cpu      ] GC(124) User=0.67s Sys=0.43s Real=0.02s
[2024-08-28T13:01:36.904+0000][info][gc          ] GC(125) Concurrent Mark Cycle
[2024-08-28T13:01:36.904+0000][info][gc,marking  ] GC(125) Concurrent Clear Claimed Marks
[2024-08-28T13:01:36.904+0000][info][gc,marking  ] GC(125) Concurrent Clear Claimed Marks 0.010ms
[2024-08-28T13:01:36.904+0000][info][gc,marking  ] GC(125) Concurrent Scan Root Regions
[2024-08-28T13:01:36.907+0000][info][gc,marking  ] GC(125) Concurrent Scan Root Regions 3.011ms
[2024-08-28T13:01:36.907+0000][info][gc,marking  ] GC(125) Concurrent Mark
[2024-08-28T13:01:36.907+0000][info][gc,marking  ] GC(125) Concurrent Mark From Roots
[2024-08-28T13:01:36.907+0000][info][gc,task     ] GC(125) Using 17 workers of 17 for marking
[2024-08-28T13:01:36.928+0000][info][gc,marking  ] GC(125) Concurrent Mark From Roots 21.161ms
[2024-08-28T13:01:36.928+0000][info][gc,marking  ] GC(125) Concurrent Preclean
[2024-08-28T13:01:36.929+0000][info][gc,marking  ] GC(125) Concurrent Preclean 0.701ms
[2024-08-28T13:01:36.929+0000][info][gc,start    ] GC(125) Pause Remark
[2024-08-28T13:01:36.931+0000][info][gc          ] GC(125) Pause Remark 1661M->1392M(2048M) 2.230ms
[2024-08-28T13:01:36.931+0000][info][gc,cpu      ] GC(125) User=0.01s Sys=0.01s Real=0.01s
[2024-08-28T13:01:36.931+0000][info][gc,marking  ] GC(125) Concurrent Mark 24.644ms
[2024-08-28T13:01:36.931+0000][info][gc,marking  ] GC(125) Concurrent Rebuild Remembered Sets
[2024-08-28T13:01:36.974+0000][info][gc,start    ] GC(126) Pause Young (Normal) (G1 Evacuation Pause)
[2024-08-28T13:01:36.974+0000][info][gc,task     ] GC(126) Using 49 workers of 68 for evacuation
[2024-08-28T13:01:36.990+0000][info][gc,phases   ] GC(126)   Pre Evacuate Collection Set: 0.3ms
[2024-08-28T13:01:36.990+0000][info][gc,phases   ] GC(126)   Merge Heap Roots: 0.9ms
[2024-08-28T13:01:36.990+0000][info][gc,phases   ] GC(126)   Evacuate Collection Set: 14.2ms
[2024-08-28T13:01:36.990+0000][info][gc,phases   ] GC(126)   Post Evacuate Collection Set: 0.8ms
[2024-08-28T13:01:36.990+0000][info][gc,phases   ] GC(126)   Other: 0.3ms
[2024-08-28T13:01:36.990+0000][info][gc,heap     ] GC(126) Eden regions: 86->0(121)
[2024-08-28T13:01:36.990+0000][info][gc,heap     ] GC(126) Survivor regions: 16->13(13)
[2024-08-28T13:01:36.990+0000][info][gc,heap     ] GC(126) Old regions: 1345->1442
[2024-08-28T13:01:36.990+0000][info][gc,heap     ] GC(126) Archive regions: 2->2
[2024-08-28T13:01:36.990+0000][info][gc,heap     ] GC(126) Humongous regions: 5->5
[2024-08-28T13:01:36.990+0000][info][gc,metaspace] GC(126) Metaspace: 100K(320K)->100K(320K) NonClass: 96K(192K)->96K(192K) Class: 4K(128K)->4K(128K)
[2024-08-28T13:01:36.990+0000][info][gc          ] GC(126) Pause Young (Normal) (G1 Evacuation Pause) 1452M->1460M(2048M) 16.578ms
[2024-08-28T13:01:36.990+0000][info][gc,cpu      ] GC(126) User=0.71s Sys=0.04s Real=0.02s
[2024-08-28T13:01:36.997+0000][info][gc,marking  ] GC(125) Concurrent Rebuild Remembered Sets 65.685ms
[2024-08-28T13:01:36.997+0000][info][gc,start    ] GC(125) Pause Cleanup
[2024-08-28T13:01:37.000+0000][info][gc          ] GC(125) Pause Cleanup 1470M->1470M(2048M) 2.846ms
[2024-08-28T13:01:37.000+0000][info][gc,cpu      ] GC(125) User=0.01s Sys=0.00s Real=0.01s
[2024-08-28T13:01:37.000+0000][info][gc,marking  ] GC(125) Concurrent Cleanup for Next Mark
[2024-08-28T13:01:37.002+0000][info][gc,marking  ] GC(125) Concurrent Cleanup for Next Mark 1.303ms
[2024-08-28T13:01:37.002+0000][info][gc          ] GC(125) Concurrent Mark Cycle 98.031ms
[2024-08-28T13:01:37.074+0000][info][gc,start    ] GC(127) Pause Young (Prepare Mixed) (G1 Evacuation Pause)
[2024-08-28T13:01:37.074+0000][info][gc,task     ] GC(127) Using 49 workers of 68 for evacuation
[2024-08-28T13:01:37.096+0000][info][gc,phases   ] GC(127)   Pre Evacuate Collection Set: 0.4ms
[2024-08-28T13:01:37.096+0000][info][gc,phases   ] GC(127)   Merge Heap Roots: 0.7ms
[2024-08-28T13:01:37.096+0000][info][gc,phases   ] GC(127)   Evacuate Collection Set: 18.3ms
[2024-08-28T13:01:37.096+0000][info][gc,phases   ] GC(127)   Post Evacuate Collection Set: 2.0ms
[2024-08-28T13:01:37.096+0000][info][gc,phases   ] GC(127)   Other: 0.3ms
[2024-08-28T13:01:37.096+0000][info][gc,heap     ] GC(127) Eden regions: 121->0(85)
[2024-08-28T13:01:37.096+0000][info][gc,heap     ] GC(127) Survivor regions: 13->17(17)
[2024-08-28T13:01:37.096+0000][info][gc,heap     ] GC(127) Old regions: 1442->1563
[2024-08-28T13:01:37.096+0000][info][gc,heap     ] GC(127) Archive regions: 2->2
[2024-08-28T13:01:37.096+0000][info][gc,heap     ] GC(127) Humongous regions: 5->5
[2024-08-28T13:01:37.096+0000][info][gc,metaspace] GC(127) Metaspace: 100K(320K)->100K(320K) NonClass: 96K(192K)->96K(192K) Class: 4K(128K)->4K(128K)
[2024-08-28T13:01:37.096+0000][info][gc          ] GC(127) Pause Young (Prepare Mixed) (G1 Evacuation Pause) 1581M->1585M(2048M) 21.805ms
[2024-08-28T13:01:37.096+0000][info][gc,cpu      ] GC(127) User=0.81s Sys=0.13s Real=0.02s
[2024-08-28T13:01:37.151+0000][info][gc,start    ] GC(128) Pause Young (Mixed) (G1 Evacuation Pause)
[2024-08-28T13:01:37.151+0000][info][gc,task     ] GC(128) Using 49 workers of 68 for evacuation
[2024-08-28T13:01:37.170+0000][info][gc,phases   ] GC(128)   Pre Evacuate Collection Set: 0.5ms
[2024-08-28T13:01:37.170+0000][info][gc,phases   ] GC(128)   Merge Heap Roots: 0.5ms
[2024-08-28T13:01:37.170+0000][info][gc,phases   ] GC(128)   Evacuate Collection Set: 15.8ms
[2024-08-28T13:01:37.170+0000][info][gc,phases   ] GC(128)   Post Evacuate Collection Set: 1.4ms
[2024-08-28T13:01:37.170+0000][info][gc,phases   ] GC(128)   Other: 0.3ms
[2024-08-28T13:01:37.170+0000][info][gc,heap     ] GC(128) Eden regions: 85->0(89)
[2024-08-28T13:01:37.170+0000][info][gc,heap     ] GC(128) Survivor regions: 17->13(13)
[2024-08-28T13:01:37.170+0000][info][gc,heap     ] GC(128) Old regions: 1563->1453
[2024-08-28T13:01:37.170+0000][info][gc,heap     ] GC(128) Archive regions: 2->2
[2024-08-28T13:01:37.170+0000][info][gc,heap     ] GC(128) Humongous regions: 5->5
[2024-08-28T13:01:37.170+0000][info][gc,metaspace] GC(128) Metaspace: 100K(320K)->100K(320K) NonClass: 96K(192K)->96K(192K) Class: 4K(128K)->4K(128K)
[2024-08-28T13:01:37.170+0000][info][gc          ] GC(128) Pause Young (Mixed) (G1 Evacuation Pause) 1670M->1471M(2048M) 18.711ms
[2024-08-28T13:01:37.170+0000][info][gc,cpu      ] GC(128) User=0.54s Sys=0.29s Real=0.02s
[2024-08-28T13:01:37.227+0000][info][gc,start    ] GC(129) Pause Young (Mixed) (G1 Evacuation Pause)
[2024-08-28T13:01:37.227+0000][info][gc,task     ] GC(129) Using 49 workers of 68 for evacuation
[2024-08-28T13:01:37.244+0000][info][gc,phases   ] GC(129)   Pre Evacuate Collection Set: 0.4ms
[2024-08-28T13:01:37.244+0000][info][gc,phases   ] GC(129)   Merge Heap Roots: 0.5ms
[2024-08-28T13:01:37.244+0000][info][gc,phases   ] GC(129)   Evacuate Collection Set: 14.1ms
[2024-08-28T13:01:37.244+0000][info][gc,phases   ] GC(129)   Post Evacuate Collection Set: 1.4ms
[2024-08-28T13:01:37.244+0000][info][gc,phases   ] GC(129)   Other: 0.2ms
[2024-08-28T13:01:37.244+0000][info][gc,heap     ] GC(129) Eden regions: 89->0(89)
[2024-08-28T13:01:37.244+0000][info][gc,heap     ] GC(129) Survivor regions: 13->13(13)
[2024-08-28T13:01:37.244+0000][info][gc,heap     ] GC(129) Old regions: 1453->1341
[2024-08-28T13:01:37.244+0000][info][gc,heap     ] GC(129) Archive regions: 2->2
[2024-08-28T13:01:37.244+0000][info][gc,heap     ] GC(129) Humongous regions: 5->5
[2024-08-28T13:01:37.244+0000][info][gc,metaspace] GC(129) Metaspace: 100K(320K)->100K(320K) NonClass: 96K(192K)->96K(192K) Class: 4K(128K)->4K(128K)
[2024-08-28T13:01:37.244+0000][info][gc          ] GC(129) Pause Young (Mixed) (G1 Evacuation Pause) 1560M->1359M(2048M) 16.764ms
[2024-08-28T13:01:37.244+0000][info][gc,cpu      ] GC(129) User=0.73s Sys=0.02s Real=0.02s
[2024-08-28T13:01:37.300+0000][info][gc,start    ] GC(130) Pause Young (Mixed) (G1 Evacuation Pause)
[2024-08-28T13:01:37.300+0000][info][gc,task     ] GC(130) Using 49 workers of 68 for evacuation
[2024-08-28T13:01:37.324+0000][info][gc,phases   ] GC(130)   Pre Evacuate Collection Set: 0.4ms
[2024-08-28T13:01:37.325+0000][info][gc,phases   ] GC(130)   Merge Heap Roots: 0.5ms
[2024-08-28T13:01:37.325+0000][info][gc,phases   ] GC(130)   Evacuate Collection Set: 19.8ms
[2024-08-28T13:01:37.325+0000][info][gc,phases   ] GC(130)   Post Evacuate Collection Set: 3.7ms
[2024-08-28T13:01:37.325+0000][info][gc,phases   ] GC(130)   Other: 0.3ms
[2024-08-28T13:01:37.325+0000][info][gc,heap     ] GC(130) Eden regions: 89->0(89)
[2024-08-28T13:01:37.325+0000][info][gc,heap     ] GC(130) Survivor regions: 13->13(13)
[2024-08-28T13:01:37.325+0000][info][gc,heap     ] GC(130) Old regions: 1341->1229
[2024-08-28T13:01:37.325+0000][info][gc,heap     ] GC(130) Archive regions: 2->2
[2024-08-28T13:01:37.325+0000][info][gc,heap     ] GC(130) Humongous regions: 5->5
[2024-08-28T13:01:37.325+0000][info][gc,metaspace] GC(130) Metaspace: 100K(320K)->100K(320K) NonClass: 96K(192K)->96K(192K) Class: 4K(128K)->4K(128K)
[2024-08-28T13:01:37.325+0000][info][gc          ] GC(130) Pause Young (Mixed) (G1 Evacuation Pause) 1448M->1247M(2048M) 24.793ms
[2024-08-28T13:01:37.325+0000][info][gc,cpu      ] GC(130) User=0.79s Sys=0.01s Real=0.02s
[2024-08-28T13:01:37.386+0000][info][gc,start    ] GC(131) Pause Young (Mixed) (G1 Evacuation Pause)
[2024-08-28T13:01:37.386+0000][info][gc,task     ] GC(131) Using 49 workers of 68 for evacuation
[2024-08-28T13:01:37.403+0000][info][gc,phases   ] GC(131)   Pre Evacuate Collection Set: 0.5ms
[2024-08-28T13:01:37.403+0000][info][gc,phases   ] GC(131)   Merge Heap Roots: 0.8ms
[2024-08-28T13:01:37.403+0000][info][gc,phases   ] GC(131)   Evacuate Collection Set: 14.4ms
[2024-08-28T13:01:37.403+0000][info][gc,phases   ] GC(131)   Post Evacuate Collection Set: 1.3ms
[2024-08-28T13:01:37.403+0000][info][gc,phases   ] GC(131)   Other: 0.3ms
[2024-08-28T13:01:37.403+0000][info][gc,heap     ] GC(131) Eden regions: 89->0(220)
[2024-08-28T13:01:37.403+0000][info][gc,heap     ] GC(131) Survivor regions: 13->13(13)
[2024-08-28T13:01:37.403+0000][info][gc,heap     ] GC(131) Old regions: 1229->1137
[2024-08-28T13:01:37.403+0000][info][gc,heap     ] GC(131) Archive regions: 2->2
[2024-08-28T13:01:37.403+0000][info][gc,heap     ] GC(131) Humongous regions: 5->5
[2024-08-28T13:01:37.403+0000][info][gc,metaspace] GC(131) Metaspace: 100K(320K)->100K(320K) NonClass: 96K(192K)->96K(192K) Class: 4K(128K)->4K(128K)
[2024-08-28T13:01:37.403+0000][info][gc          ] GC(131) Pause Young (Mixed) (G1 Evacuation Pause) 1336M->1155M(2048M) 17.310ms
[2024-08-28T13:01:37.403+0000][info][gc,cpu      ] GC(131) User=0.72s Sys=0.03s Real=0.02s
[2024-08-28T13:01:37.562+0000][info][gc,start    ] GC(132) Pause Young (Normal) (G1 Evacuation Pause)
[2024-08-28T13:01:37.562+0000][info][gc,task     ] GC(132) Using 49 workers of 68 for evacuation
[2024-08-28T13:01:37.588+0000][info][gc,phases   ] GC(132)   Pre Evacuate Collection Set: 0.4ms
[2024-08-28T13:01:37.588+0000][info][gc,phases   ] GC(132)   Merge Heap Roots: 0.7ms
[2024-08-28T13:01:37.588+0000][info][gc,phases   ] GC(132)   Evacuate Collection Set: 24.4ms
[2024-08-28T13:01:37.588+0000][info][gc,phases   ] GC(132)   Post Evacuate Collection Set: 0.7ms
[2024-08-28T13:01:37.588+0000][info][gc,phases   ] GC(132)   Other: 0.3ms
[2024-08-28T13:01:37.588+0000][info][gc,heap     ] GC(132) Eden regions: 220->0(150)
[2024-08-28T13:01:37.588+0000][info][gc,heap     ] GC(132) Survivor regions: 13->30(30)
[2024-08-28T13:01:37.588+0000][info][gc,heap     ] GC(132) Old regions: 1137->1336
[2024-08-28T13:01:37.588+0000][info][gc,heap     ] GC(132) Archive regions: 2->2
[2024-08-28T13:01:37.588+0000][info][gc,heap     ] GC(132) Humongous regions: 5->5
[2024-08-28T13:01:37.588+0000][info][gc,metaspace] GC(132) Metaspace: 100K(320K)->100K(320K) NonClass: 96K(192K)->96K(192K) Class: 4K(128K)->4K(128K)
[2024-08-28T13:01:37.588+0000][info][gc          ] GC(132) Pause Young (Normal) (G1 Evacuation Pause) 1375M->1371M(2048M) 26.542ms
[2024-08-28T13:01:37.588+0000][info][gc,cpu      ] GC(132) User=1.10s Sys=0.10s Real=0.02s
[2024-08-28T13:01:37.680+0000][info][gc,start    ] GC(133) Pause Young (Normal) (G1 Evacuation Pause)
[2024-08-28T13:01:37.680+0000][info][gc,task     ] GC(133) Using 49 workers of 68 for evacuation
[2024-08-28T13:01:37.706+0000][info][gc,phases   ] GC(133)   Pre Evacuate Collection Set: 0.4ms
[2024-08-28T13:01:37.706+0000][info][gc,phases   ] GC(133)   Merge Heap Roots: 0.9ms
[2024-08-28T13:01:37.706+0000][info][gc,phases   ] GC(133)   Evacuate Collection Set: 24.5ms
[2024-08-28T13:01:37.706+0000][info][gc,phases   ] GC(133)   Post Evacuate Collection Set: 0.6ms
[2024-08-28T13:01:37.706+0000][info][gc,phases   ] GC(133)   Other: 0.3ms
[2024-08-28T13:01:37.706+0000][info][gc,heap     ] GC(133) Eden regions: 150->0(100)
[2024-08-28T13:01:37.706+0000][info][gc,heap     ] GC(133) Survivor regions: 30->23(23)
[2024-08-28T13:01:37.706+0000][info][gc,heap     ] GC(133) Old regions: 1336->1499
[2024-08-28T13:01:37.706+0000][info][gc,heap     ] GC(133) Archive regions: 2->2
[2024-08-28T13:01:37.706+0000][info][gc,heap     ] GC(133) Humongous regions: 5->5
[2024-08-28T13:01:37.706+0000][info][gc,metaspace] GC(133) Metaspace: 100K(320K)->100K(320K) NonClass: 96K(192K)->96K(192K) Class: 4K(128K)->4K(128K)
[2024-08-28T13:01:37.706+0000][info][gc          ] GC(133) Pause Young (Normal) (G1 Evacuation Pause) 1521M->1527M(2048M) 26.665ms
[2024-08-28T13:01:37.706+0000][info][gc,cpu      ] GC(133) User=0.93s Sys=0.31s Real=0.02s
[2024-08-28T13:01:37.770+0000][info][gc,start    ] GC(134) Pause Young (Concurrent Start) (G1 Evacuation Pause)
[2024-08-28T13:01:37.770+0000][info][gc,task     ] GC(134) Using 49 workers of 68 for evacuation
[2024-08-28T13:01:37.791+0000][info][gc,phases   ] GC(134)   Pre Evacuate Collection Set: 0.4ms
[2024-08-28T13:01:37.791+0000][info][gc,phases   ] GC(134)   Merge Heap Roots: 0.6ms
[2024-08-28T13:01:37.791+0000][info][gc,phases   ] GC(134)   Evacuate Collection Set: 18.1ms
[2024-08-28T13:01:37.791+0000][info][gc,phases   ] GC(134)   Post Evacuate Collection Set: 0.5ms
[2024-08-28T13:01:37.791+0000][info][gc,phases   ] GC(134)   Other: 1.3ms
[2024-08-28T13:01:37.791+0000][info][gc,heap     ] GC(134) Eden regions: 100->0(86)
[2024-08-28T13:01:37.791+0000][info][gc,heap     ] GC(134) Survivor regions: 23->16(16)
[2024-08-28T13:01:37.791+0000][info][gc,heap     ] GC(134) Old regions: 1499->1612
[2024-08-28T13:01:37.791+0000][info][gc,heap     ] GC(134) Archive regions: 2->2
[2024-08-28T13:01:37.791+0000][info][gc,heap     ] GC(134) Humongous regions: 5->5
[2024-08-28T13:01:37.791+0000][info][gc,metaspace] GC(134) Metaspace: 100K(320K)->100K(320K) NonClass: 96K(192K)->96K(192K) Class: 4K(128K)->4K(128K)
[2024-08-28T13:01:37.791+0000][info][gc          ] GC(134) Pause Young (Concurrent Start) (G1 Evacuation Pause) 1627M->1633M(2048M) 20.941ms
[2024-08-28T13:01:37.791+0000][info][gc,cpu      ] GC(134) User=0.74s Sys=0.17s Real=0.02s
[2024-08-28T13:01:37.791+0000][info][gc          ] GC(135) Concurrent Mark Cycle
[2024-08-28T13:01:37.791+0000][info][gc,marking  ] GC(135) Concurrent Clear Claimed Marks
[2024-08-28T13:01:37.791+0000][info][gc,marking  ] GC(135) Concurrent Clear Claimed Marks 0.010ms
[2024-08-28T13:01:37.791+0000][info][gc,marking  ] GC(135) Concurrent Scan Root Regions
[2024-08-28T13:01:37.795+0000][info][gc,marking  ] GC(135) Concurrent Scan Root Regions 3.554ms
[2024-08-28T13:01:37.795+0000][info][gc,marking  ] GC(135) Concurrent Mark
[2024-08-28T13:01:37.795+0000][info][gc,marking  ] GC(135) Concurrent Mark From Roots
[2024-08-28T13:01:37.795+0000][info][gc,task     ] GC(135) Using 17 workers of 17 for marking
[2024-08-28T13:01:37.818+0000][info][gc,marking  ] GC(135) Concurrent Mark From Roots 22.832ms
[2024-08-28T13:01:37.818+0000][info][gc,marking  ] GC(135) Concurrent Preclean
[2024-08-28T13:01:37.818+0000][info][gc,marking  ] GC(135) Concurrent Preclean 0.502ms
[2024-08-28T13:01:37.819+0000][info][gc,start    ] GC(135) Pause Remark
[2024-08-28T13:01:37.821+0000][info][gc          ] GC(135) Pause Remark 1660M->1397M(2048M) 2.794ms
[2024-08-28T13:01:37.821+0000][info][gc,cpu      ] GC(135) User=0.03s Sys=0.01s Real=0.00s
[2024-08-28T13:01:37.821+0000][info][gc,marking  ] GC(135) Concurrent Mark 26.555ms
[2024-08-28T13:01:37.822+0000][info][gc,marking  ] GC(135) Concurrent Rebuild Remembered Sets
[2024-08-28T13:01:37.863+0000][info][gc,start    ] GC(136) Pause Young (Normal) (G1 Evacuation Pause)
[2024-08-28T13:01:37.863+0000][info][gc,task     ] GC(136) Using 49 workers of 68 for evacuation
[2024-08-28T13:01:37.879+0000][info][gc,phases   ] GC(136)   Pre Evacuate Collection Set: 0.3ms
[2024-08-28T13:01:37.879+0000][info][gc,phases   ] GC(136)   Merge Heap Roots: 0.9ms
[2024-08-28T13:01:37.879+0000][info][gc,phases   ] GC(136)   Evacuate Collection Set: 13.4ms
[2024-08-28T13:01:37.879+0000][info][gc,phases   ] GC(136)   Post Evacuate Collection Set: 0.8ms
[2024-08-28T13:01:37.879+0000][info][gc,phases   ] GC(136)   Other: 0.3ms
[2024-08-28T13:01:37.879+0000][info][gc,heap     ] GC(136) Eden regions: 86->0(120)
[2024-08-28T13:01:37.879+0000][info][gc,heap     ] GC(136) Survivor regions: 16->13(13)
[2024-08-28T13:01:37.879+0000][info][gc,heap     ] GC(136) Old regions: 1349->1445
[2024-08-28T13:01:37.879+0000][info][gc,heap     ] GC(136) Archive regions: 2->2
[2024-08-28T13:01:37.879+0000][info][gc,heap     ] GC(136) Humongous regions: 5->5
[2024-08-28T13:01:37.879+0000][info][gc,metaspace] GC(136) Metaspace: 100K(320K)->100K(320K) NonClass: 96K(192K)->96K(192K) Class: 4K(128K)->4K(128K)
[2024-08-28T13:01:37.879+0000][info][gc          ] GC(136) Pause Young (Normal) (G1 Evacuation Pause) 1456M->1463M(2048M) 15.756ms
[2024-08-28T13:01:37.879+0000][info][gc,cpu      ] GC(136) User=0.70s Sys=0.00s Real=0.02s
[2024-08-28T13:01:37.885+0000][info][gc,marking  ] GC(135) Concurrent Rebuild Remembered Sets 63.366ms
[2024-08-28T13:01:37.885+0000][info][gc,start    ] GC(135) Pause Cleanup
[2024-08-28T13:01:37.888+0000][info][gc          ] GC(135) Pause Cleanup 1472M->1472M(2048M) 2.797ms
[2024-08-28T13:01:37.888+0000][info][gc,cpu      ] GC(135) User=0.01s Sys=0.01s Real=0.00s
[2024-08-28T13:01:37.888+0000][info][gc,marking  ] GC(135) Concurrent Cleanup for Next Mark
[2024-08-28T13:01:37.890+0000][info][gc,marking  ] GC(135) Concurrent Cleanup for Next Mark 2.193ms
[2024-08-28T13:01:37.890+0000][info][gc          ] GC(135) Concurrent Mark Cycle 98.998ms
[2024-08-28T13:01:37.962+0000][info][gc,start    ] GC(137) Pause Young (Prepare Mixed) (G1 Evacuation Pause)
[2024-08-28T13:01:37.962+0000][info][gc,task     ] GC(137) Using 49 workers of 68 for evacuation
[2024-08-28T13:01:37.980+0000][info][gc,phases   ] GC(137)   Pre Evacuate Collection Set: 0.4ms
[2024-08-28T13:01:37.980+0000][info][gc,phases   ] GC(137)   Merge Heap Roots: 0.6ms
[2024-08-28T13:01:37.980+0000][info][gc,phases   ] GC(137)   Evacuate Collection Set: 16.8ms
[2024-08-28T13:01:37.980+0000][info][gc,phases   ] GC(137)   Post Evacuate Collection Set: 0.5ms
[2024-08-28T13:01:37.980+0000][info][gc,phases   ] GC(137)   Other: 0.3ms
[2024-08-28T13:01:37.980+0000][info][gc,heap     ] GC(137) Eden regions: 120->0(85)
[2024-08-28T13:01:37.980+0000][info][gc,heap     ] GC(137) Survivor regions: 13->17(17)
[2024-08-28T13:01:37.980+0000][info][gc,heap     ] GC(137) Old regions: 1445->1565
[2024-08-28T13:01:37.980+0000][info][gc,heap     ] GC(137) Archive regions: 2->2
[2024-08-28T13:01:37.980+0000][info][gc,heap     ] GC(137) Humongous regions: 5->5
[2024-08-28T13:01:37.980+0000][info][gc,metaspace] GC(137) Metaspace: 100K(320K)->100K(320K) NonClass: 96K(192K)->96K(192K) Class: 4K(128K)->4K(128K)
[2024-08-28T13:01:37.980+0000][info][gc          ] GC(137) Pause Young (Prepare Mixed) (G1 Evacuation Pause) 1583M->1587M(2048M) 18.547ms
[2024-08-28T13:01:37.980+0000][info][gc,cpu      ] GC(137) User=0.79s Sys=0.05s Real=0.02s
[2024-08-28T13:01:38.034+0000][info][gc,start    ] GC(138) Pause Young (Mixed) (G1 Evacuation Pause)
[2024-08-28T13:01:38.034+0000][info][gc,task     ] GC(138) Using 49 workers of 68 for evacuation
[2024-08-28T13:01:38.049+0000][info][gc,phases   ] GC(138)   Pre Evacuate Collection Set: 0.4ms
[2024-08-28T13:01:38.049+0000][info][gc,phases   ] GC(138)   Merge Heap Roots: 0.5ms
[2024-08-28T13:01:38.049+0000][info][gc,phases   ] GC(138)   Evacuate Collection Set: 13.5ms
[2024-08-28T13:01:38.049+0000][info][gc,phases   ] GC(138)   Post Evacuate Collection Set: 0.6ms
[2024-08-28T13:01:38.049+0000][info][gc,phases   ] GC(138)   Other: 0.2ms
[2024-08-28T13:01:38.049+0000][info][gc,heap     ] GC(138) Eden regions: 85->0(89)
[2024-08-28T13:01:38.049+0000][info][gc,heap     ] GC(138) Survivor regions: 17->13(13)
[2024-08-28T13:01:38.049+0000][info][gc,heap     ] GC(138) Old regions: 1565->1454
[2024-08-28T13:01:38.049+0000][info][gc,heap     ] GC(138) Archive regions: 2->2
[2024-08-28T13:01:38.049+0000][info][gc,heap     ] GC(138) Humongous regions: 5->5
[2024-08-28T13:01:38.049+0000][info][gc,metaspace] GC(138) Metaspace: 100K(320K)->100K(320K) NonClass: 96K(192K)->96K(192K) Class: 4K(128K)->4K(128K)
[2024-08-28T13:01:38.049+0000][info][gc          ] GC(138) Pause Young (Mixed) (G1 Evacuation Pause) 1672M->1472M(2048M) 15.375ms
[2024-08-28T13:01:38.049+0000][info][gc,cpu      ] GC(138) User=0.63s Sys=0.05s Real=0.01s
[2024-08-28T13:01:38.106+0000][info][gc,start    ] GC(139) Pause Young (Mixed) (G1 Evacuation Pause)
[2024-08-28T13:01:38.106+0000][info][gc,task     ] GC(139) Using 49 workers of 68 for evacuation
[2024-08-28T13:01:38.122+0000][info][gc,phases   ] GC(139)   Pre Evacuate Collection Set: 0.4ms
[2024-08-28T13:01:38.122+0000][info][gc,phases   ] GC(139)   Merge Heap Roots: 0.5ms
[2024-08-28T13:01:38.122+0000][info][gc,phases   ] GC(139)   Evacuate Collection Set: 13.6ms
[2024-08-28T13:01:38.122+0000][info][gc,phases   ] GC(139)   Post Evacuate Collection Set: 0.6ms
[2024-08-28T13:01:38.122+0000][info][gc,phases   ] GC(139)   Other: 0.3ms
[2024-08-28T13:01:38.122+0000][info][gc,heap     ] GC(139) Eden regions: 89->0(89)
[2024-08-28T13:01:38.122+0000][info][gc,heap     ] GC(139) Survivor regions: 13->13(13)
[2024-08-28T13:01:38.122+0000][info][gc,heap     ] GC(139) Old regions: 1454->1344
[2024-08-28T13:01:38.122+0000][info][gc,heap     ] GC(139) Archive regions: 2->2
[2024-08-28T13:01:38.122+0000][info][gc,heap     ] GC(139) Humongous regions: 5->5
[2024-08-28T13:01:38.122+0000][info][gc,metaspace] GC(139) Metaspace: 100K(320K)->100K(320K) NonClass: 96K(192K)->96K(192K) Class: 4K(128K)->4K(128K)
[2024-08-28T13:01:38.122+0000][info][gc          ] GC(139) Pause Young (Mixed) (G1 Evacuation Pause) 1561M->1362M(2048M) 15.501ms
[2024-08-28T13:01:38.122+0000][info][gc,cpu      ] GC(139) User=0.66s Sys=0.02s Real=0.02s
[2024-08-28T13:01:38.182+0000][info][gc,start    ] GC(140) Pause Young (Mixed) (G1 Evacuation Pause)
[2024-08-28T13:01:38.182+0000][info][gc,task     ] GC(140) Using 49 workers of 68 for evacuation
[2024-08-28T13:01:38.198+0000][info][gc,phases   ] GC(140)   Pre Evacuate Collection Set: 0.4ms
[2024-08-28T13:01:38.198+0000][info][gc,phases   ] GC(140)   Merge Heap Roots: 0.6ms
[2024-08-28T13:01:38.198+0000][info][gc,phases   ] GC(140)   Evacuate Collection Set: 13.7ms
[2024-08-28T13:01:38.198+0000][info][gc,phases   ] GC(140)   Post Evacuate Collection Set: 0.7ms
[2024-08-28T13:01:38.198+0000][info][gc,phases   ] GC(140)   Other: 0.3ms
[2024-08-28T13:01:38.198+0000][info][gc,heap     ] GC(140) Eden regions: 89->0(89)
[2024-08-28T13:01:38.198+0000][info][gc,heap     ] GC(140) Survivor regions: 13->13(13)
[2024-08-28T13:01:38.198+0000][info][gc,heap     ] GC(140) Old regions: 1344->1233
[2024-08-28T13:01:38.198+0000][info][gc,heap     ] GC(140) Archive regions: 2->2
[2024-08-28T13:01:38.198+0000][info][gc,heap     ] GC(140) Humongous regions: 5->5
[2024-08-28T13:01:38.198+0000][info][gc,metaspace] GC(140) Metaspace: 100K(320K)->100K(320K) NonClass: 96K(192K)->96K(192K) Class: 4K(128K)->4K(128K)
[2024-08-28T13:01:38.198+0000][info][gc          ] GC(140) Pause Young (Mixed) (G1 Evacuation Pause) 1451M->1251M(2048M) 15.654ms
[2024-08-28T13:01:38.198+0000][info][gc,cpu      ] GC(140) User=0.65s Sys=0.05s Real=0.02s
[2024-08-28T13:01:38.256+0000][info][gc,start    ] GC(141) Pause Young (Mixed) (G1 Evacuation Pause)
[2024-08-28T13:01:38.256+0000][info][gc,task     ] GC(141) Using 49 workers of 68 for evacuation
[2024-08-28T13:01:38.271+0000][info][gc,phases   ] GC(141)   Pre Evacuate Collection Set: 0.4ms
[2024-08-28T13:01:38.271+0000][info][gc,phases   ] GC(141)   Merge Heap Roots: 0.6ms
[2024-08-28T13:01:38.271+0000][info][gc,phases   ] GC(141)   Evacuate Collection Set: 13.5ms
[2024-08-28T13:01:38.271+0000][info][gc,phases   ] GC(141)   Post Evacuate Collection Set: 0.6ms
[2024-08-28T13:01:38.271+0000][info][gc,phases   ] GC(141)   Other: 0.2ms
[2024-08-28T13:01:38.271+0000][info][gc,heap     ] GC(141) Eden regions: 89->0(221)
[2024-08-28T13:01:38.271+0000][info][gc,heap     ] GC(141) Survivor regions: 13->13(13)
[2024-08-28T13:01:38.271+0000][info][gc,heap     ] GC(141) Old regions: 1233->1135
[2024-08-28T13:01:38.271+0000][info][gc,heap     ] GC(141) Archive regions: 2->2
[2024-08-28T13:01:38.271+0000][info][gc,heap     ] GC(141) Humongous regions: 5->5
[2024-08-28T13:01:38.271+0000][info][gc,metaspace] GC(141) Metaspace: 100K(320K)->100K(320K) NonClass: 96K(192K)->96K(192K) Class: 4K(128K)->4K(128K)
[2024-08-28T13:01:38.271+0000][info][gc          ] GC(141) Pause Young (Mixed) (G1 Evacuation Pause) 1340M->1153M(2048M) 15.418ms
[2024-08-28T13:01:38.271+0000][info][gc,cpu      ] GC(141) User=0.68s Sys=0.00s Real=0.02s
[2024-08-28T13:01:38.404+0000][info][gc,start    ] GC(142) Pause Young (Normal) (G1 Evacuation Pause)
[2024-08-28T13:01:38.404+0000][info][gc,task     ] GC(142) Using 49 workers of 68 for evacuation
[2024-08-28T13:01:38.431+0000][info][gc,phases   ] GC(142)   Pre Evacuate Collection Set: 0.3ms
[2024-08-28T13:01:38.431+0000][info][gc,phases   ] GC(142)   Merge Heap Roots: 0.8ms
[2024-08-28T13:01:38.431+0000][info][gc,phases   ] GC(142)   Evacuate Collection Set: 24.8ms
[2024-08-28T13:01:38.431+0000][info][gc,phases   ] GC(142)   Post Evacuate Collection Set: 0.6ms
[2024-08-28T13:01:38.431+0000][info][gc,phases   ] GC(142)   Other: 0.2ms
[2024-08-28T13:01:38.431+0000][info][gc,heap     ] GC(142) Eden regions: 221->0(150)
[2024-08-28T13:01:38.431+0000][info][gc,heap     ] GC(142) Survivor regions: 13->30(30)
[2024-08-28T13:01:38.431+0000][info][gc,heap     ] GC(142) Old regions: 1135->1337
[2024-08-28T13:01:38.431+0000][info][gc,heap     ] GC(142) Archive regions: 2->2
[2024-08-28T13:01:38.431+0000][info][gc,heap     ] GC(142) Humongous regions: 5->5
[2024-08-28T13:01:38.431+0000][info][gc,metaspace] GC(142) Metaspace: 100K(320K)->100K(320K) NonClass: 96K(192K)->96K(192K) Class: 4K(128K)->4K(128K)
[2024-08-28T13:01:38.431+0000][info][gc          ] GC(142) Pause Young (Normal) (G1 Evacuation Pause) 1374M->1372M(2048M) 26.872ms
[2024-08-28T13:01:38.431+0000][info][gc,cpu      ] GC(142) User=1.19s Sys=0.05s Real=0.03s
[2024-08-28T13:01:38.521+0000][info][gc,start    ] GC(143) Pause Young (Normal) (G1 Evacuation Pause)
[2024-08-28T13:01:38.521+0000][info][gc,task     ] GC(143) Using 49 workers of 68 for evacuation
[2024-08-28T13:01:38.544+0000][info][gc,phases   ] GC(143)   Pre Evacuate Collection Set: 0.4ms
[2024-08-28T13:01:38.544+0000][info][gc,phases   ] GC(143)   Merge Heap Roots: 1.0ms
[2024-08-28T13:01:38.544+0000][info][gc,phases   ] GC(143)   Evacuate Collection Set: 21.2ms
[2024-08-28T13:01:38.544+0000][info][gc,phases   ] GC(143)   Post Evacuate Collection Set: 0.6ms
[2024-08-28T13:01:38.544+0000][info][gc,phases   ] GC(143)   Other: 0.2ms
[2024-08-28T13:01:38.544+0000][info][gc,heap     ] GC(143) Eden regions: 150->0(99)
[2024-08-28T13:01:38.544+0000][info][gc,heap     ] GC(143) Survivor regions: 30->23(23)
[2024-08-28T13:01:38.544+0000][info][gc,heap     ] GC(143) Old regions: 1337->1500
[2024-08-28T13:01:38.544+0000][info][gc,heap     ] GC(143) Archive regions: 2->2
[2024-08-28T13:01:38.544+0000][info][gc,heap     ] GC(143) Humongous regions: 5->5
[2024-08-28T13:01:38.544+0000][info][gc,metaspace] GC(143) Metaspace: 100K(320K)->100K(320K) NonClass: 96K(192K)->96K(192K) Class: 4K(128K)->4K(128K)
[2024-08-28T13:01:38.544+0000][info][gc          ] GC(143) Pause Young (Normal) (G1 Evacuation Pause) 1522M->1528M(2048M) 23.436ms
[2024-08-28T13:01:38.545+0000][info][gc,cpu      ] GC(143) User=1.05s Sys=0.03s Real=0.02s
[2024-08-28T13:01:38.606+0000][info][gc,start    ] GC(144) Pause Young (Concurrent Start) (G1 Evacuation Pause)
[2024-08-28T13:01:38.607+0000][info][gc,task     ] GC(144) Using 49 workers of 68 for evacuation
[2024-08-28T13:01:38.625+0000][info][gc,phases   ] GC(144)   Pre Evacuate Collection Set: 0.3ms
[2024-08-28T13:01:38.625+0000][info][gc,phases   ] GC(144)   Merge Heap Roots: 0.5ms
[2024-08-28T13:01:38.625+0000][info][gc,phases   ] GC(144)   Evacuate Collection Set: 16.4ms
[2024-08-28T13:01:38.625+0000][info][gc,phases   ] GC(144)   Post Evacuate Collection Set: 0.5ms
[2024-08-28T13:01:38.625+0000][info][gc,phases   ] GC(144)   Other: 0.7ms
[2024-08-28T13:01:38.625+0000][info][gc,heap     ] GC(144) Eden regions: 99->0(86)
[2024-08-28T13:01:38.625+0000][info][gc,heap     ] GC(144) Survivor regions: 23->16(16)
[2024-08-28T13:01:38.625+0000][info][gc,heap     ] GC(144) Old regions: 1500->1613
[2024-08-28T13:01:38.625+0000][info][gc,heap     ] GC(144) Archive regions: 2->2
[2024-08-28T13:01:38.625+0000][info][gc,heap     ] GC(144) Humongous regions: 5->5
[2024-08-28T13:01:38.625+0000][info][gc,metaspace] GC(144) Metaspace: 100K(320K)->100K(320K) NonClass: 96K(192K)->96K(192K) Class: 4K(128K)->4K(128K)
[2024-08-28T13:01:38.625+0000][info][gc          ] GC(144) Pause Young (Concurrent Start) (G1 Evacuation Pause) 1627M->1634M(2048M) 18.548ms
[2024-08-28T13:01:38.625+0000][info][gc,cpu      ] GC(144) User=0.80s Sys=0.01s Real=0.02s
[2024-08-28T13:01:38.625+0000][info][gc          ] GC(145) Concurrent Mark Cycle
[2024-08-28T13:01:38.625+0000][info][gc,marking  ] GC(145) Concurrent Clear Claimed Marks
[2024-08-28T13:01:38.625+0000][info][gc,marking  ] GC(145) Concurrent Clear Claimed Marks 0.009ms
[2024-08-28T13:01:38.625+0000][info][gc,marking  ] GC(145) Concurrent Scan Root Regions
[2024-08-28T13:01:38.628+0000][info][gc,marking  ] GC(145) Concurrent Scan Root Regions 2.974ms
[2024-08-28T13:01:38.628+0000][info][gc,marking  ] GC(145) Concurrent Mark
[2024-08-28T13:01:38.628+0000][info][gc,marking  ] GC(145) Concurrent Mark From Roots
[2024-08-28T13:01:38.628+0000][info][gc,task     ] GC(145) Using 17 workers of 17 for marking
[2024-08-28T13:01:38.649+0000][info][gc,marking  ] GC(145) Concurrent Mark From Roots 21.141ms
[2024-08-28T13:01:38.649+0000][info][gc,marking  ] GC(145) Concurrent Preclean
[2024-08-28T13:01:38.650+0000][info][gc,marking  ] GC(145) Concurrent Preclean 0.514ms
[2024-08-28T13:01:38.650+0000][info][gc,start    ] GC(145) Pause Remark
[2024-08-28T13:01:38.652+0000][info][gc          ] GC(145) Pause Remark 1660M->1384M(2048M) 2.142ms
[2024-08-28T13:01:38.652+0000][info][gc,cpu      ] GC(145) User=0.01s Sys=0.00s Real=0.00s
[2024-08-28T13:01:38.652+0000][info][gc,marking  ] GC(145) Concurrent Mark 24.225ms
[2024-08-28T13:01:38.652+0000][info][gc,marking  ] GC(145) Concurrent Rebuild Remembered Sets
[2024-08-28T13:01:38.696+0000][info][gc,start    ] GC(146) Pause Young (Normal) (G1 Evacuation Pause)
[2024-08-28T13:01:38.696+0000][info][gc,task     ] GC(146) Using 49 workers of 68 for evacuation
[2024-08-28T13:01:38.712+0000][info][gc,phases   ] GC(146)   Pre Evacuate Collection Set: 0.3ms
[2024-08-28T13:01:38.712+0000][info][gc,phases   ] GC(146)   Merge Heap Roots: 0.8ms
[2024-08-28T13:01:38.712+0000][info][gc,phases   ] GC(146)   Evacuate Collection Set: 13.6ms
[2024-08-28T13:01:38.712+0000][info][gc,phases   ] GC(146)   Post Evacuate Collection Set: 0.8ms
[2024-08-28T13:01:38.712+0000][info][gc,phases   ] GC(146)   Other: 0.2ms
[2024-08-28T13:01:38.712+0000][info][gc,heap     ] GC(146) Eden regions: 86->0(125)
[2024-08-28T13:01:38.712+0000][info][gc,heap     ] GC(146) Survivor regions: 16->13(13)
[2024-08-28T13:01:38.712+0000][info][gc,heap     ] GC(146) Old regions: 1337->1432
[2024-08-28T13:01:38.712+0000][info][gc,heap     ] GC(146) Archive regions: 2->2
[2024-08-28T13:01:38.712+0000][info][gc,heap     ] GC(146) Humongous regions: 5->5
[2024-08-28T13:01:38.712+0000][info][gc,metaspace] GC(146) Metaspace: 100K(320K)->100K(320K) NonClass: 96K(192K)->96K(192K) Class: 4K(128K)->4K(128K)
[2024-08-28T13:01:38.712+0000][info][gc          ] GC(146) Pause Young (Normal) (G1 Evacuation Pause) 1444M->1450M(2048M) 15.864ms
[2024-08-28T13:01:38.712+0000][info][gc,cpu      ] GC(146) User=0.72s Sys=0.00s Real=0.02s
[2024-08-28T13:01:38.718+0000][info][gc,marking  ] GC(145) Concurrent Rebuild Remembered Sets 65.407ms
[2024-08-28T13:01:38.718+0000][info][gc,start    ] GC(145) Pause Cleanup
[2024-08-28T13:01:38.721+0000][info][gc          ] GC(145) Pause Cleanup 1459M->1459M(2048M) 2.759ms
[2024-08-28T13:01:38.721+0000][info][gc,cpu      ] GC(145) User=0.02s Sys=0.00s Real=0.00s
[2024-08-28T13:01:38.721+0000][info][gc,marking  ] GC(145) Concurrent Cleanup for Next Mark
[2024-08-28T13:01:38.723+0000][info][gc,marking  ] GC(145) Concurrent Cleanup for Next Mark 1.807ms
[2024-08-28T13:01:38.723+0000][info][gc          ] GC(145) Concurrent Mark Cycle 97.710ms
[2024-08-28T13:01:38.798+0000][info][gc,start    ] GC(147) Pause Young (Prepare Mixed) (G1 Evacuation Pause)
[2024-08-28T13:01:38.798+0000][info][gc,task     ] GC(147) Using 49 workers of 68 for evacuation
[2024-08-28T13:01:38.816+0000][info][gc,phases   ] GC(147)   Pre Evacuate Collection Set: 0.3ms
[2024-08-28T13:01:38.816+0000][info][gc,phases   ] GC(147)   Merge Heap Roots: 0.6ms
[2024-08-28T13:01:38.816+0000][info][gc,phases   ] GC(147)   Evacuate Collection Set: 16.3ms
[2024-08-28T13:01:38.816+0000][info][gc,phases   ] GC(147)   Post Evacuate Collection Set: 0.6ms
[2024-08-28T13:01:38.816+0000][info][gc,phases   ] GC(147)   Other: 0.2ms
[2024-08-28T13:01:38.816+0000][info][gc,heap     ] GC(147) Eden regions: 125->0(84)
[2024-08-28T13:01:38.816+0000][info][gc,heap     ] GC(147) Survivor regions: 13->18(18)
[2024-08-28T13:01:38.816+0000][info][gc,heap     ] GC(147) Old regions: 1432->1556
[2024-08-28T13:01:38.816+0000][info][gc,heap     ] GC(147) Archive regions: 2->2
[2024-08-28T13:01:38.816+0000][info][gc,heap     ] GC(147) Humongous regions: 5->5
[2024-08-28T13:01:38.816+0000][info][gc,metaspace] GC(147) Metaspace: 100K(320K)->100K(320K) NonClass: 96K(192K)->96K(192K) Class: 4K(128K)->4K(128K)
[2024-08-28T13:01:38.816+0000][info][gc          ] GC(147) Pause Young (Prepare Mixed) (G1 Evacuation Pause) 1575M->1579M(2048M) 18.053ms
[2024-08-28T13:01:38.816+0000][info][gc,cpu      ] GC(147) User=0.81s Sys=0.00s Real=0.01s
[2024-08-28T13:01:38.870+0000][info][gc,start    ] GC(148) Pause Young (Mixed) (G1 Evacuation Pause)
[2024-08-28T13:01:38.870+0000][info][gc,task     ] GC(148) Using 49 workers of 68 for evacuation
[2024-08-28T13:01:38.885+0000][info][gc,phases   ] GC(148)   Pre Evacuate Collection Set: 0.4ms
[2024-08-28T13:01:38.885+0000][info][gc,phases   ] GC(148)   Merge Heap Roots: 0.5ms
[2024-08-28T13:01:38.885+0000][info][gc,phases   ] GC(148)   Evacuate Collection Set: 13.6ms
[2024-08-28T13:01:38.885+0000][info][gc,phases   ] GC(148)   Post Evacuate Collection Set: 0.6ms
[2024-08-28T13:01:38.885+0000][info][gc,phases   ] GC(148)   Other: 0.2ms
[2024-08-28T13:01:38.885+0000][info][gc,heap     ] GC(148) Eden regions: 84->0(89)
[2024-08-28T13:01:38.885+0000][info][gc,heap     ] GC(148) Survivor regions: 18->13(13)
[2024-08-28T13:01:38.885+0000][info][gc,heap     ] GC(148) Old regions: 1556->1446
[2024-08-28T13:01:38.885+0000][info][gc,heap     ] GC(148) Archive regions: 2->2
[2024-08-28T13:01:38.885+0000][info][gc,heap     ] GC(148) Humongous regions: 5->5
[2024-08-28T13:01:38.885+0000][info][gc,metaspace] GC(148) Metaspace: 100K(320K)->100K(320K) NonClass: 96K(192K)->96K(192K) Class: 4K(128K)->4K(128K)
[2024-08-28T13:01:38.885+0000][info][gc          ] GC(148) Pause Young (Mixed) (G1 Evacuation Pause) 1663M->1464M(2048M) 15.288ms
[2024-08-28T13:01:38.885+0000][info][gc,cpu      ] GC(148) User=0.66s Sys=0.03s Real=0.01s
[2024-08-28T13:01:38.944+0000][info][gc,start    ] GC(149) Pause Young (Mixed) (G1 Evacuation Pause)
[2024-08-28T13:01:38.944+0000][info][gc,task     ] GC(149) Using 49 workers of 68 for evacuation
[2024-08-28T13:01:38.959+0000][info][gc,phases   ] GC(149)   Pre Evacuate Collection Set: 0.4ms
[2024-08-28T13:01:38.959+0000][info][gc,phases   ] GC(149)   Merge Heap Roots: 0.5ms
[2024-08-28T13:01:38.959+0000][info][gc,phases   ] GC(149)   Evacuate Collection Set: 13.9ms
[2024-08-28T13:01:38.959+0000][info][gc,phases   ] GC(149)   Post Evacuate Collection Set: 0.6ms
[2024-08-28T13:01:38.960+0000][info][gc,phases   ] GC(149)   Other: 0.2ms
[2024-08-28T13:01:38.960+0000][info][gc,heap     ] GC(149) Eden regions: 89->0(89)
[2024-08-28T13:01:38.960+0000][info][gc,heap     ] GC(149) Survivor regions: 13->13(13)
[2024-08-28T13:01:38.960+0000][info][gc,heap     ] GC(149) Old regions: 1446->1335
[2024-08-28T13:01:38.960+0000][info][gc,heap     ] GC(149) Archive regions: 2->2
[2024-08-28T13:01:38.960+0000][info][gc,heap     ] GC(149) Humongous regions: 5->5
[2024-08-28T13:01:38.960+0000][info][gc,metaspace] GC(149) Metaspace: 100K(320K)->100K(320K) NonClass: 96K(192K)->96K(192K) Class: 4K(128K)->4K(128K)
[2024-08-28T13:01:38.960+0000][info][gc          ] GC(149) Pause Young (Mixed) (G1 Evacuation Pause) 1553M->1353M(2048M) 15.691ms
[2024-08-28T13:01:38.960+0000][info][gc,cpu      ] GC(149) User=0.70s Sys=0.00s Real=0.02s
[2024-08-28T13:01:39.015+0000][info][gc,start    ] GC(150) Pause Young (Mixed) (G1 Evacuation Pause)
[2024-08-28T13:01:39.015+0000][info][gc,task     ] GC(150) Using 49 workers of 68 for evacuation
[2024-08-28T13:01:39.031+0000][info][gc,phases   ] GC(150)   Pre Evacuate Collection Set: 0.4ms
[2024-08-28T13:01:39.031+0000][info][gc,phases   ] GC(150)   Merge Heap Roots: 0.5ms
[2024-08-28T13:01:39.031+0000][info][gc,phases   ] GC(150)   Evacuate Collection Set: 14.0ms
[2024-08-28T13:01:39.031+0000][info][gc,phases   ] GC(150)   Post Evacuate Collection Set: 0.7ms
[2024-08-28T13:01:39.031+0000][info][gc,phases   ] GC(150)   Other: 0.2ms
[2024-08-28T13:01:39.031+0000][info][gc,heap     ] GC(150) Eden regions: 89->0(89)
[2024-08-28T13:01:39.031+0000][info][gc,heap     ] GC(150) Survivor regions: 13->13(13)
[2024-08-28T13:01:39.031+0000][info][gc,heap     ] GC(150) Old regions: 1335->1225
[2024-08-28T13:01:39.031+0000][info][gc,heap     ] GC(150) Archive regions: 2->2
[2024-08-28T13:01:39.031+0000][info][gc,heap     ] GC(150) Humongous regions: 5->5
[2024-08-28T13:01:39.031+0000][info][gc,metaspace] GC(150) Metaspace: 100K(320K)->100K(320K) NonClass: 96K(192K)->96K(192K) Class: 4K(128K)->4K(128K)
[2024-08-28T13:01:39.031+0000][info][gc          ] GC(150) Pause Young (Mixed) (G1 Evacuation Pause) 1442M->1243M(2048M) 15.989ms
[2024-08-28T13:01:39.031+0000][info][gc,cpu      ] GC(150) User=0.70s Sys=0.00s Real=0.02s
[2024-08-28T13:01:39.089+0000][info][gc,start    ] GC(151) Pause Young (Mixed) (G1 Evacuation Pause)
[2024-08-28T13:01:39.089+0000][info][gc,task     ] GC(151) Using 49 workers of 68 for evacuation
[2024-08-28T13:01:39.104+0000][info][gc,phases   ] GC(151)   Pre Evacuate Collection Set: 0.4ms
[2024-08-28T13:01:39.104+0000][info][gc,phases   ] GC(151)   Merge Heap Roots: 0.6ms
[2024-08-28T13:01:39.104+0000][info][gc,phases   ] GC(151)   Evacuate Collection Set: 13.8ms
[2024-08-28T13:01:39.104+0000][info][gc,phases   ] GC(151)   Post Evacuate Collection Set: 0.6ms
[2024-08-28T13:01:39.104+0000][info][gc,phases   ] GC(151)   Other: 0.2ms
[2024-08-28T13:01:39.104+0000][info][gc,heap     ] GC(151) Eden regions: 89->0(219)
[2024-08-28T13:01:39.104+0000][info][gc,heap     ] GC(151) Survivor regions: 13->13(13)
[2024-08-28T13:01:39.104+0000][info][gc,heap     ] GC(151) Old regions: 1225->1142
[2024-08-28T13:01:39.104+0000][info][gc,heap     ] GC(151) Archive regions: 2->2
[2024-08-28T13:01:39.104+0000][info][gc,heap     ] GC(151) Humongous regions: 5->5
[2024-08-28T13:01:39.104+0000][info][gc,metaspace] GC(151) Metaspace: 100K(320K)->100K(320K) NonClass: 96K(192K)->96K(192K) Class: 4K(128K)->4K(128K)
[2024-08-28T13:01:39.105+0000][info][gc          ] GC(151) Pause Young (Mixed) (G1 Evacuation Pause) 1332M->1160M(2048M) 15.742ms
[2024-08-28T13:01:39.105+0000][info][gc,cpu      ] GC(151) User=0.70s Sys=0.00s Real=0.02s
[2024-08-28T13:01:39.238+0000][info][gc,start    ] GC(152) Pause Young (Normal) (G1 Evacuation Pause)
[2024-08-28T13:01:39.238+0000][info][gc,task     ] GC(152) Using 49 workers of 68 for evacuation
[2024-08-28T13:01:39.264+0000][info][gc,phases   ] GC(152)   Pre Evacuate Collection Set: 0.4ms
[2024-08-28T13:01:39.264+0000][info][gc,phases   ] GC(152)   Merge Heap Roots: 0.8ms
[2024-08-28T13:01:39.264+0000][info][gc,phases   ] GC(152)   Evacuate Collection Set: 24.2ms
[2024-08-28T13:01:39.264+0000][info][gc,phases   ] GC(152)   Post Evacuate Collection Set: 0.7ms
[2024-08-28T13:01:39.264+0000][info][gc,phases   ] GC(152)   Other: 0.3ms
[2024-08-28T13:01:39.264+0000][info][gc,heap     ] GC(152) Eden regions: 219->0(149)
[2024-08-28T13:01:39.264+0000][info][gc,heap     ] GC(152) Survivor regions: 13->29(29)
[2024-08-28T13:01:39.264+0000][info][gc,heap     ] GC(152) Old regions: 1142->1342
[2024-08-28T13:01:39.264+0000][info][gc,heap     ] GC(152) Archive regions: 2->2
[2024-08-28T13:01:39.264+0000][info][gc,heap     ] GC(152) Humongous regions: 5->5
[2024-08-28T13:01:39.264+0000][info][gc,metaspace] GC(152) Metaspace: 100K(320K)->100K(320K) NonClass: 96K(192K)->96K(192K) Class: 4K(128K)->4K(128K)
[2024-08-28T13:01:39.264+0000][info][gc          ] GC(152) Pause Young (Normal) (G1 Evacuation Pause) 1379M->1376M(2048M) 26.342ms
[2024-08-28T13:01:39.264+0000][info][gc,cpu      ] GC(152) User=1.21s Sys=0.00s Real=0.02s
[2024-08-28T13:01:39.356+0000][info][gc,start    ] GC(153) Pause Young (Normal) (G1 Evacuation Pause)
[2024-08-28T13:01:39.356+0000][info][gc,task     ] GC(153) Using 49 workers of 68 for evacuation
[2024-08-28T13:01:39.379+0000][info][gc,phases   ] GC(153)   Pre Evacuate Collection Set: 0.3ms
[2024-08-28T13:01:39.379+0000][info][gc,phases   ] GC(153)   Merge Heap Roots: 1.0ms
[2024-08-28T13:01:39.379+0000][info][gc,phases   ] GC(153)   Evacuate Collection Set: 21.1ms
[2024-08-28T13:01:39.379+0000][info][gc,phases   ] GC(153)   Post Evacuate Collection Set: 0.6ms
[2024-08-28T13:01:39.379+0000][info][gc,phases   ] GC(153)   Other: 0.2ms
[2024-08-28T13:01:39.379+0000][info][gc,heap     ] GC(153) Eden regions: 149->0(99)
[2024-08-28T13:01:39.379+0000][info][gc,heap     ] GC(153) Survivor regions: 29->23(23)
[2024-08-28T13:01:39.379+0000][info][gc,heap     ] GC(153) Old regions: 1342->1502
[2024-08-28T13:01:39.379+0000][info][gc,heap     ] GC(153) Archive regions: 2->2
[2024-08-28T13:01:39.379+0000][info][gc,heap     ] GC(153) Humongous regions: 5->5
[2024-08-28T13:01:39.379+0000][info][gc,metaspace] GC(153) Metaspace: 100K(320K)->100K(320K) NonClass: 96K(192K)->96K(192K) Class: 4K(128K)->4K(128K)
[2024-08-28T13:01:39.379+0000][info][gc          ] GC(153) Pause Young (Normal) (G1 Evacuation Pause) 1525M->1530M(2048M) 23.300ms
[2024-08-28T13:01:39.379+0000][info][gc,cpu      ] GC(153) User=1.08s Sys=0.00s Real=0.03s
[2024-08-28T13:01:39.442+0000][info][gc,start    ] GC(154) Pause Young (Concurrent Start) (G1 Evacuation Pause)
[2024-08-28T13:01:39.442+0000][info][gc,task     ] GC(154) Using 49 workers of 68 for evacuation
[2024-08-28T13:01:39.461+0000][info][gc,phases   ] GC(154)   Pre Evacuate Collection Set: 0.3ms
[2024-08-28T13:01:39.461+0000][info][gc,phases   ] GC(154)   Merge Heap Roots: 0.4ms
[2024-08-28T13:01:39.461+0000][info][gc,phases   ] GC(154)   Evacuate Collection Set: 16.9ms
[2024-08-28T13:01:39.461+0000][info][gc,phases   ] GC(154)   Post Evacuate Collection Set: 0.5ms
[2024-08-28T13:01:39.461+0000][info][gc,phases   ] GC(154)   Other: 0.7ms
[2024-08-28T13:01:39.461+0000][info][gc,heap     ] GC(154) Eden regions: 99->0(86)
[2024-08-28T13:01:39.461+0000][info][gc,heap     ] GC(154) Survivor regions: 23->16(16)
[2024-08-28T13:01:39.461+0000][info][gc,heap     ] GC(154) Old regions: 1502->1615
[2024-08-28T13:01:39.461+0000][info][gc,heap     ] GC(154) Archive regions: 2->2
[2024-08-28T13:01:39.461+0000][info][gc,heap     ] GC(154) Humongous regions: 5->5
[2024-08-28T13:01:39.461+0000][info][gc,metaspace] GC(154) Metaspace: 100K(320K)->100K(320K) NonClass: 96K(192K)->96K(192K) Class: 4K(128K)->4K(128K)
[2024-08-28T13:01:39.461+0000][info][gc          ] GC(154) Pause Young (Concurrent Start) (G1 Evacuation Pause) 1629M->1636M(2048M) 18.857ms
[2024-08-28T13:01:39.461+0000][info][gc,cpu      ] GC(154) User=0.83s Sys=0.00s Real=0.02s
[2024-08-28T13:01:39.461+0000][info][gc          ] GC(155) Concurrent Mark Cycle
[2024-08-28T13:01:39.461+0000][info][gc,marking  ] GC(155) Concurrent Clear Claimed Marks
[2024-08-28T13:01:39.461+0000][info][gc,marking  ] GC(155) Concurrent Clear Claimed Marks 0.009ms
[2024-08-28T13:01:39.461+0000][info][gc,marking  ] GC(155) Concurrent Scan Root Regions
[2024-08-28T13:01:39.465+0000][info][gc,marking  ] GC(155) Concurrent Scan Root Regions 3.242ms
[2024-08-28T13:01:39.465+0000][info][gc,marking  ] GC(155) Concurrent Mark
[2024-08-28T13:01:39.465+0000][info][gc,marking  ] GC(155) Concurrent Mark From Roots
[2024-08-28T13:01:39.465+0000][info][gc,task     ] GC(155) Using 17 workers of 17 for marking
[2024-08-28T13:01:39.487+0000][info][gc,marking  ] GC(155) Concurrent Mark From Roots 22.365ms
[2024-08-28T13:01:39.487+0000][info][gc,marking  ] GC(155) Concurrent Preclean
[2024-08-28T13:01:39.487+0000][info][gc,marking  ] GC(155) Concurrent Preclean 0.502ms
[2024-08-28T13:01:39.488+0000][info][gc,start    ] GC(155) Pause Remark
[2024-08-28T13:01:39.490+0000][info][gc          ] GC(155) Pause Remark 1663M->1398M(2048M) 2.100ms
[2024-08-28T13:01:39.490+0000][info][gc,cpu      ] GC(155) User=0.02s Sys=0.00s Real=0.01s
[2024-08-28T13:01:39.490+0000][info][gc,marking  ] GC(155) Concurrent Mark 25.427ms
[2024-08-28T13:01:39.490+0000][info][gc,marking  ] GC(155) Concurrent Rebuild Remembered Sets
[2024-08-28T13:01:39.531+0000][info][gc,start    ] GC(156) Pause Young (Normal) (G1 Evacuation Pause)
[2024-08-28T13:01:39.531+0000][info][gc,task     ] GC(156) Using 49 workers of 68 for evacuation
[2024-08-28T13:01:39.547+0000][info][gc,phases   ] GC(156)   Pre Evacuate Collection Set: 0.4ms
[2024-08-28T13:01:39.547+0000][info][gc,phases   ] GC(156)   Merge Heap Roots: 0.9ms
[2024-08-28T13:01:39.547+0000][info][gc,phases   ] GC(156)   Evacuate Collection Set: 13.1ms
[2024-08-28T13:01:39.547+0000][info][gc,phases   ] GC(156)   Post Evacuate Collection Set: 0.8ms
[2024-08-28T13:01:39.547+0000][info][gc,phases   ] GC(156)   Other: 0.2ms
[2024-08-28T13:01:39.547+0000][info][gc,heap     ] GC(156) Eden regions: 86->0(120)
[2024-08-28T13:01:39.547+0000][info][gc,heap     ] GC(156) Survivor regions: 16->13(13)
[2024-08-28T13:01:39.547+0000][info][gc,heap     ] GC(156) Old regions: 1350->1446
[2024-08-28T13:01:39.547+0000][info][gc,heap     ] GC(156) Archive regions: 2->2
[2024-08-28T13:01:39.547+0000][info][gc,heap     ] GC(156) Humongous regions: 5->5
[2024-08-28T13:01:39.547+0000][info][gc,metaspace] GC(156) Metaspace: 100K(320K)->100K(320K) NonClass: 96K(192K)->96K(192K) Class: 4K(128K)->4K(128K)
[2024-08-28T13:01:39.547+0000][info][gc          ] GC(156) Pause Young (Normal) (G1 Evacuation Pause) 1457M->1464M(2048M) 15.506ms
[2024-08-28T13:01:39.547+0000][info][gc,cpu      ] GC(156) User=0.69s Sys=0.00s Real=0.01s
[2024-08-28T13:01:39.552+0000][info][gc,marking  ] GC(155) Concurrent Rebuild Remembered Sets 62.163ms
[2024-08-28T13:01:39.553+0000][info][gc,start    ] GC(155) Pause Cleanup
[2024-08-28T13:01:39.555+0000][info][gc          ] GC(155) Pause Cleanup 1472M->1472M(2048M) 2.778ms
[2024-08-28T13:01:39.555+0000][info][gc,cpu      ] GC(155) User=0.01s Sys=0.00s Real=0.00s
[2024-08-28T13:01:39.555+0000][info][gc,marking  ] GC(155) Concurrent Cleanup for Next Mark
[2024-08-28T13:01:39.557+0000][info][gc,marking  ] GC(155) Concurrent Cleanup for Next Mark 1.478ms
[2024-08-28T13:01:39.557+0000][info][gc          ] GC(155) Concurrent Mark Cycle 95.726ms
[2024-08-28T13:01:39.629+0000][info][gc,start    ] GC(157) Pause Young (Prepare Mixed) (G1 Evacuation Pause)
[2024-08-28T13:01:39.629+0000][info][gc,task     ] GC(157) Using 49 workers of 68 for evacuation
[2024-08-28T13:01:39.647+0000][info][gc,phases   ] GC(157)   Pre Evacuate Collection Set: 0.3ms
[2024-08-28T13:01:39.647+0000][info][gc,phases   ] GC(157)   Merge Heap Roots: 0.6ms
[2024-08-28T13:01:39.647+0000][info][gc,phases   ] GC(157)   Evacuate Collection Set: 15.9ms
[2024-08-28T13:01:39.647+0000][info][gc,phases   ] GC(157)   Post Evacuate Collection Set: 0.5ms
[2024-08-28T13:01:39.647+0000][info][gc,phases   ] GC(157)   Other: 0.2ms
[2024-08-28T13:01:39.647+0000][info][gc,heap     ] GC(157) Eden regions: 120->0(85)
[2024-08-28T13:01:39.647+0000][info][gc,heap     ] GC(157) Survivor regions: 13->17(17)
[2024-08-28T13:01:39.647+0000][info][gc,heap     ] GC(157) Old regions: 1446->1566
[2024-08-28T13:01:39.647+0000][info][gc,heap     ] GC(157) Archive regions: 2->2
[2024-08-28T13:01:39.647+0000][info][gc,heap     ] GC(157) Humongous regions: 5->5
[2024-08-28T13:01:39.647+0000][info][gc,metaspace] GC(157) Metaspace: 100K(320K)->100K(320K) NonClass: 96K(192K)->96K(192K) Class: 4K(128K)->4K(128K)
[2024-08-28T13:01:39.647+0000][info][gc          ] GC(157) Pause Young (Prepare Mixed) (G1 Evacuation Pause) 1584M->1588M(2048M) 17.634ms
[2024-08-28T13:01:39.647+0000][info][gc,cpu      ] GC(157) User=0.80s Sys=0.00s Real=0.02s
[2024-08-28T13:01:39.700+0000][info][gc,start    ] GC(158) Pause Young (Mixed) (G1 Evacuation Pause)
[2024-08-28T13:01:39.700+0000][info][gc,task     ] GC(158) Using 49 workers of 68 for evacuation
[2024-08-28T13:01:39.716+0000][info][gc,phases   ] GC(158)   Pre Evacuate Collection Set: 0.5ms
[2024-08-28T13:01:39.716+0000][info][gc,phases   ] GC(158)   Merge Heap Roots: 0.5ms
[2024-08-28T13:01:39.716+0000][info][gc,phases   ] GC(158)   Evacuate Collection Set: 13.9ms
[2024-08-28T13:01:39.716+0000][info][gc,phases   ] GC(158)   Post Evacuate Collection Set: 0.6ms
[2024-08-28T13:01:39.716+0000][info][gc,phases   ] GC(158)   Other: 0.3ms
[2024-08-28T13:01:39.716+0000][info][gc,heap     ] GC(158) Eden regions: 85->0(89)
[2024-08-28T13:01:39.716+0000][info][gc,heap     ] GC(158) Survivor regions: 17->13(13)
[2024-08-28T13:01:39.716+0000][info][gc,heap     ] GC(158) Old regions: 1566->1455
[2024-08-28T13:01:39.716+0000][info][gc,heap     ] GC(158) Archive regions: 2->2
[2024-08-28T13:01:39.716+0000][info][gc,heap     ] GC(158) Humongous regions: 5->5
[2024-08-28T13:01:39.716+0000][info][gc,metaspace] GC(158) Metaspace: 100K(320K)->100K(320K) NonClass: 96K(192K)->96K(192K) Class: 4K(128K)->4K(128K)
[2024-08-28T13:01:39.716+0000][info][gc          ] GC(158) Pause Young (Mixed) (G1 Evacuation Pause) 1673M->1473M(2048M) 15.838ms
[2024-08-28T13:01:39.716+0000][info][gc,cpu      ] GC(158) User=0.70s Sys=0.00s Real=0.01s
[2024-08-28T13:01:39.772+0000][info][gc,start    ] GC(159) Pause Young (Mixed) (G1 Evacuation Pause)
[2024-08-28T13:01:39.772+0000][info][gc,task     ] GC(159) Using 49 workers of 68 for evacuation
[2024-08-28T13:01:39.787+0000][info][gc,phases   ] GC(159)   Pre Evacuate Collection Set: 0.4ms
[2024-08-28T13:01:39.788+0000][info][gc,phases   ] GC(159)   Merge Heap Roots: 0.6ms
[2024-08-28T13:01:39.788+0000][info][gc,phases   ] GC(159)   Evacuate Collection Set: 13.4ms
[2024-08-28T13:01:39.788+0000][info][gc,phases   ] GC(159)   Post Evacuate Collection Set: 0.6ms
[2024-08-28T13:01:39.788+0000][info][gc,phases   ] GC(159)   Other: 0.2ms
[2024-08-28T13:01:39.788+0000][info][gc,heap     ] GC(159) Eden regions: 89->0(89)
[2024-08-28T13:01:39.788+0000][info][gc,heap     ] GC(159) Survivor regions: 13->13(13)
[2024-08-28T13:01:39.788+0000][info][gc,heap     ] GC(159) Old regions: 1455->1343
[2024-08-28T13:01:39.788+0000][info][gc,heap     ] GC(159) Archive regions: 2->2
[2024-08-28T13:01:39.788+0000][info][gc,heap     ] GC(159) Humongous regions: 5->5
[2024-08-28T13:01:39.788+0000][info][gc,metaspace] GC(159) Metaspace: 100K(320K)->100K(320K) NonClass: 96K(192K)->96K(192K) Class: 4K(128K)->4K(128K)
[2024-08-28T13:01:39.788+0000][info][gc          ] GC(159) Pause Young (Mixed) (G1 Evacuation Pause) 1562M->1361M(2048M) 15.338ms
[2024-08-28T13:01:39.788+0000][info][gc,cpu      ] GC(159) User=0.68s Sys=0.00s Real=0.01s
[2024-08-28T13:01:39.845+0000][info][gc,start    ] GC(160) Pause Young (Mixed) (G1 Evacuation Pause)
[2024-08-28T13:01:39.845+0000][info][gc,task     ] GC(160) Using 49 workers of 68 for evacuation
[2024-08-28T13:01:39.861+0000][info][gc,phases   ] GC(160)   Pre Evacuate Collection Set: 0.4ms
[2024-08-28T13:01:39.861+0000][info][gc,phases   ] GC(160)   Merge Heap Roots: 0.5ms
[2024-08-28T13:01:39.861+0000][info][gc,phases   ] GC(160)   Evacuate Collection Set: 13.8ms
[2024-08-28T13:01:39.861+0000][info][gc,phases   ] GC(160)   Post Evacuate Collection Set: 0.6ms
[2024-08-28T13:01:39.861+0000][info][gc,phases   ] GC(160)   Other: 0.3ms
[2024-08-28T13:01:39.861+0000][info][gc,heap     ] GC(160) Eden regions: 89->0(89)
[2024-08-28T13:01:39.861+0000][info][gc,heap     ] GC(160) Survivor regions: 13->13(13)
[2024-08-28T13:01:39.861+0000][info][gc,heap     ] GC(160) Old regions: 1343->1232
[2024-08-28T13:01:39.861+0000][info][gc,heap     ] GC(160) Archive regions: 2->2
[2024-08-28T13:01:39.861+0000][info][gc,heap     ] GC(160) Humongous regions: 5->5
[2024-08-28T13:01:39.861+0000][info][gc,metaspace] GC(160) Metaspace: 100K(320K)->100K(320K) NonClass: 96K(192K)->96K(192K) Class: 4K(128K)->4K(128K)
[2024-08-28T13:01:39.861+0000][info][gc          ] GC(160) Pause Young (Mixed) (G1 Evacuation Pause) 1450M->1250M(2048M) 15.747ms
[2024-08-28T13:01:39.861+0000][info][gc,cpu      ] GC(160) User=0.67s Sys=0.03s Real=0.02s
[2024-08-28T13:01:39.918+0000][info][gc,start    ] GC(161) Pause Young (Mixed) (G1 Evacuation Pause)
[2024-08-28T13:01:39.918+0000][info][gc,task     ] GC(161) Using 49 workers of 68 for evacuation
[2024-08-28T13:01:39.933+0000][info][gc,phases   ] GC(161)   Pre Evacuate Collection Set: 0.4ms
[2024-08-28T13:01:39.933+0000][info][gc,phases   ] GC(161)   Merge Heap Roots: 0.6ms
[2024-08-28T13:01:39.933+0000][info][gc,phases   ] GC(161)   Evacuate Collection Set: 13.6ms
[2024-08-28T13:01:39.933+0000][info][gc,phases   ] GC(161)   Post Evacuate Collection Set: 0.6ms
[2024-08-28T13:01:39.933+0000][info][gc,phases   ] GC(161)   Other: 0.3ms
[2024-08-28T13:01:39.933+0000][info][gc,heap     ] GC(161) Eden regions: 89->0(222)
[2024-08-28T13:01:39.933+0000][info][gc,heap     ] GC(161) Survivor regions: 13->13(13)
[2024-08-28T13:01:39.933+0000][info][gc,heap     ] GC(161) Old regions: 1232->1132
[2024-08-28T13:01:39.933+0000][info][gc,heap     ] GC(161) Archive regions: 2->2
[2024-08-28T13:01:39.933+0000][info][gc,heap     ] GC(161) Humongous regions: 5->5
[2024-08-28T13:01:39.933+0000][info][gc,metaspace] GC(161) Metaspace: 100K(320K)->100K(320K) NonClass: 96K(192K)->96K(192K) Class: 4K(128K)->4K(128K)
[2024-08-28T13:01:39.933+0000][info][gc          ] GC(161) Pause Young (Mixed) (G1 Evacuation Pause) 1339M->1150M(2048M) 15.506ms
[2024-08-28T13:01:39.933+0000][info][gc,cpu      ] GC(161) User=0.68s Sys=0.01s Real=0.01s
[2024-08-28T13:01:40.066+0000][info][gc,start    ] GC(162) Pause Young (Normal) (G1 Evacuation Pause)
[2024-08-28T13:01:40.066+0000][info][gc,task     ] GC(162) Using 49 workers of 68 for evacuation
[2024-08-28T13:01:40.092+0000][info][gc,phases   ] GC(162)   Pre Evacuate Collection Set: 0.3ms
[2024-08-28T13:01:40.092+0000][info][gc,phases   ] GC(162)   Merge Heap Roots: 0.7ms
[2024-08-28T13:01:40.092+0000][info][gc,phases   ] GC(162)   Evacuate Collection Set: 24.5ms
[2024-08-28T13:01:40.092+0000][info][gc,phases   ] GC(162)   Post Evacuate Collection Set: 0.6ms
[2024-08-28T13:01:40.092+0000][info][gc,phases   ] GC(162)   Other: 0.2ms
[2024-08-28T13:01:40.092+0000][info][gc,heap     ] GC(162) Eden regions: 222->0(151)
[2024-08-28T13:01:40.092+0000][info][gc,heap     ] GC(162) Survivor regions: 13->30(30)
[2024-08-28T13:01:40.092+0000][info][gc,heap     ] GC(162) Old regions: 1132->1333
[2024-08-28T13:01:40.092+0000][info][gc,heap     ] GC(162) Archive regions: 2->2
[2024-08-28T13:01:40.092+0000][info][gc,heap     ] GC(162) Humongous regions: 5->5
[2024-08-28T13:01:40.092+0000][info][gc,metaspace] GC(162) Metaspace: 100K(320K)->100K(320K) NonClass: 96K(192K)->96K(192K) Class: 4K(128K)->4K(128K)
[2024-08-28T13:01:40.093+0000][info][gc          ] GC(162) Pause Young (Normal) (G1 Evacuation Pause) 1372M->1368M(2048M) 26.428ms
[2024-08-28T13:01:40.093+0000][info][gc,cpu      ] GC(162) User=1.19s Sys=0.04s Real=0.03s
[2024-08-28T13:01:40.186+0000][info][gc,start    ] GC(163) Pause Young (Normal) (G1 Evacuation Pause)
[2024-08-28T13:01:40.186+0000][info][gc,task     ] GC(163) Using 49 workers of 68 for evacuation
[2024-08-28T13:01:40.209+0000][info][gc,phases   ] GC(163)   Pre Evacuate Collection Set: 0.3ms
[2024-08-28T13:01:40.209+0000][info][gc,phases   ] GC(163)   Merge Heap Roots: 1.0ms
[2024-08-28T13:01:40.209+0000][info][gc,phases   ] GC(163)   Evacuate Collection Set: 21.2ms
[2024-08-28T13:01:40.209+0000][info][gc,phases   ] GC(163)   Post Evacuate Collection Set: 0.6ms
[2024-08-28T13:01:40.209+0000][info][gc,phases   ] GC(163)   Other: 0.3ms
[2024-08-28T13:01:40.209+0000][info][gc,heap     ] GC(163) Eden regions: 151->0(101)
[2024-08-28T13:01:40.209+0000][info][gc,heap     ] GC(163) Survivor regions: 30->23(23)
[2024-08-28T13:01:40.209+0000][info][gc,heap     ] GC(163) Old regions: 1333->1495
[2024-08-28T13:01:40.209+0000][info][gc,heap     ] GC(163) Archive regions: 2->2
[2024-08-28T13:01:40.209+0000][info][gc,heap     ] GC(163) Humongous regions: 5->5
[2024-08-28T13:01:40.209+0000][info][gc,metaspace] GC(163) Metaspace: 100K(320K)->100K(320K) NonClass: 96K(192K)->96K(192K) Class: 4K(128K)->4K(128K)
[2024-08-28T13:01:40.209+0000][info][gc          ] GC(163) Pause Young (Normal) (G1 Evacuation Pause) 1519M->1523M(2048M) 23.491ms
[2024-08-28T13:01:40.209+0000][info][gc,cpu      ] GC(163) User=1.07s Sys=0.02s Real=0.02s
[2024-08-28T13:01:40.272+0000][info][gc,start    ] GC(164) Pause Young (Concurrent Start) (G1 Evacuation Pause)
[2024-08-28T13:01:40.273+0000][info][gc,task     ] GC(164) Using 49 workers of 68 for evacuation
[2024-08-28T13:01:40.291+0000][info][gc,phases   ] GC(164)   Pre Evacuate Collection Set: 0.3ms
[2024-08-28T13:01:40.291+0000][info][gc,phases   ] GC(164)   Merge Heap Roots: 0.5ms
[2024-08-28T13:01:40.291+0000][info][gc,phases   ] GC(164)   Evacuate Collection Set: 16.7ms
[2024-08-28T13:01:40.291+0000][info][gc,phases   ] GC(164)   Post Evacuate Collection Set: 0.5ms
[2024-08-28T13:01:40.291+0000][info][gc,phases   ] GC(164)   Other: 0.7ms
[2024-08-28T13:01:40.291+0000][info][gc,heap     ] GC(164) Eden regions: 101->0(86)
[2024-08-28T13:01:40.291+0000][info][gc,heap     ] GC(164) Survivor regions: 23->16(16)
[2024-08-28T13:01:40.291+0000][info][gc,heap     ] GC(164) Old regions: 1495->1612
[2024-08-28T13:01:40.291+0000][info][gc,heap     ] GC(164) Archive regions: 2->2
[2024-08-28T13:01:40.291+0000][info][gc,heap     ] GC(164) Humongous regions: 5->5
[2024-08-28T13:01:40.291+0000][info][gc,metaspace] GC(164) Metaspace: 100K(320K)->100K(320K) NonClass: 96K(192K)->96K(192K) Class: 4K(128K)->4K(128K)
[2024-08-28T13:01:40.291+0000][info][gc          ] GC(164) Pause Young (Concurrent Start) (G1 Evacuation Pause) 1624M->1633M(2048M) 18.906ms
[2024-08-28T13:01:40.291+0000][info][gc,cpu      ] GC(164) User=0.82s Sys=0.02s Real=0.02s
[2024-08-28T13:01:40.291+0000][info][gc          ] GC(165) Concurrent Mark Cycle
[2024-08-28T13:01:40.291+0000][info][gc,marking  ] GC(165) Concurrent Clear Claimed Marks
[2024-08-28T13:01:40.291+0000][info][gc,marking  ] GC(165) Concurrent Clear Claimed Marks 0.009ms
[2024-08-28T13:01:40.291+0000][info][gc,marking  ] GC(165) Concurrent Scan Root Regions
[2024-08-28T13:01:40.295+0000][info][gc,marking  ] GC(165) Concurrent Scan Root Regions 3.107ms
[2024-08-28T13:01:40.295+0000][info][gc,marking  ] GC(165) Concurrent Mark
[2024-08-28T13:01:40.295+0000][info][gc,marking  ] GC(165) Concurrent Mark From Roots
[2024-08-28T13:01:40.295+0000][info][gc,task     ] GC(165) Using 17 workers of 17 for marking
[2024-08-28T13:01:40.317+0000][info][gc,marking  ] GC(165) Concurrent Mark From Roots 22.111ms
[2024-08-28T13:01:40.317+0000][info][gc,marking  ] GC(165) Concurrent Preclean
[2024-08-28T13:01:40.317+0000][info][gc,marking  ] GC(165) Concurrent Preclean 0.531ms
[2024-08-28T13:01:40.318+0000][info][gc,start    ] GC(165) Pause Remark
[2024-08-28T13:01:40.320+0000][info][gc          ] GC(165) Pause Remark 1660M->1378M(2048M) 2.302ms
[2024-08-28T13:01:40.320+0000][info][gc,cpu      ] GC(165) User=0.02s Sys=0.00s Real=0.00s
[2024-08-28T13:01:40.320+0000][info][gc,marking  ] GC(165) Concurrent Mark 25.413ms
[2024-08-28T13:01:40.320+0000][info][gc,marking  ] GC(165) Concurrent Rebuild Remembered Sets
[2024-08-28T13:01:40.362+0000][info][gc,start    ] GC(166) Pause Young (Normal) (G1 Evacuation Pause)
[2024-08-28T13:01:40.363+0000][info][gc,task     ] GC(166) Using 49 workers of 68 for evacuation
[2024-08-28T13:01:40.378+0000][info][gc,phases   ] GC(166)   Pre Evacuate Collection Set: 0.4ms
[2024-08-28T13:01:40.378+0000][info][gc,phases   ] GC(166)   Merge Heap Roots: 0.8ms
[2024-08-28T13:01:40.378+0000][info][gc,phases   ] GC(166)   Evacuate Collection Set: 13.6ms
[2024-08-28T13:01:40.378+0000][info][gc,phases   ] GC(166)   Post Evacuate Collection Set: 0.8ms
[2024-08-28T13:01:40.378+0000][info][gc,phases   ] GC(166)   Other: 0.3ms
[2024-08-28T13:01:40.378+0000][info][gc,heap     ] GC(166) Eden regions: 86->0(126)
[2024-08-28T13:01:40.378+0000][info][gc,heap     ] GC(166) Survivor regions: 16->13(13)
[2024-08-28T13:01:40.378+0000][info][gc,heap     ] GC(166) Old regions: 1330->1426
[2024-08-28T13:01:40.378+0000][info][gc,heap     ] GC(166) Archive regions: 2->2
[2024-08-28T13:01:40.378+0000][info][gc,heap     ] GC(166) Humongous regions: 5->5
[2024-08-28T13:01:40.378+0000][info][gc,metaspace] GC(166) Metaspace: 100K(320K)->100K(320K) NonClass: 96K(192K)->96K(192K) Class: 4K(128K)->4K(128K)
[2024-08-28T13:01:40.378+0000][info][gc          ] GC(166) Pause Young (Normal) (G1 Evacuation Pause) 1437M->1444M(2048M) 16.007ms
[2024-08-28T13:01:40.379+0000][info][gc,cpu      ] GC(166) User=0.70s Sys=0.02s Real=0.02s
[2024-08-28T13:01:40.384+0000][info][gc,marking  ] GC(165) Concurrent Rebuild Remembered Sets 64.153ms
[2024-08-28T13:01:40.385+0000][info][gc,start    ] GC(165) Pause Cleanup
[2024-08-28T13:01:40.387+0000][info][gc          ] GC(165) Pause Cleanup 1452M->1452M(2048M) 2.907ms
[2024-08-28T13:01:40.387+0000][info][gc,cpu      ] GC(165) User=0.01s Sys=0.00s Real=0.00s
[2024-08-28T13:01:40.388+0000][info][gc,marking  ] GC(165) Concurrent Cleanup for Next Mark
[2024-08-28T13:01:40.389+0000][info][gc,marking  ] GC(165) Concurrent Cleanup for Next Mark 1.561ms
[2024-08-28T13:01:40.389+0000][info][gc          ] GC(165) Concurrent Mark Cycle 97.680ms
[2024-08-28T13:01:40.467+0000][info][gc,start    ] GC(167) Pause Young (Prepare Mixed) (G1 Evacuation Pause)
[2024-08-28T13:01:40.468+0000][info][gc,task     ] GC(167) Using 49 workers of 68 for evacuation
[2024-08-28T13:01:40.486+0000][info][gc,phases   ] GC(167)   Pre Evacuate Collection Set: 0.3ms
[2024-08-28T13:01:40.486+0000][info][gc,phases   ] GC(167)   Merge Heap Roots: 0.6ms
[2024-08-28T13:01:40.486+0000][info][gc,phases   ] GC(167)   Evacuate Collection Set: 17.1ms
[2024-08-28T13:01:40.486+0000][info][gc,phases   ] GC(167)   Post Evacuate Collection Set: 0.5ms
[2024-08-28T13:01:40.486+0000][info][gc,phases   ] GC(167)   Other: 0.2ms
[2024-08-28T13:01:40.486+0000][info][gc,heap     ] GC(167) Eden regions: 126->0(84)
[2024-08-28T13:01:40.486+0000][info][gc,heap     ] GC(167) Survivor regions: 13->18(18)
[2024-08-28T13:01:40.486+0000][info][gc,heap     ] GC(167) Old regions: 1426->1550
[2024-08-28T13:01:40.486+0000][info][gc,heap     ] GC(167) Archive regions: 2->2
[2024-08-28T13:01:40.486+0000][info][gc,heap     ] GC(167) Humongous regions: 5->5
[2024-08-28T13:01:40.486+0000][info][gc,metaspace] GC(167) Metaspace: 100K(320K)->100K(320K) NonClass: 96K(192K)->96K(192K) Class: 4K(128K)->4K(128K)
[2024-08-28T13:01:40.486+0000][info][gc          ] GC(167) Pause Young (Prepare Mixed) (G1 Evacuation Pause) 1570M->1573M(2048M) 18.907ms
[2024-08-28T13:01:40.486+0000][info][gc,cpu      ] GC(167) User=0.84s Sys=0.02s Real=0.02s
[2024-08-28T13:01:40.540+0000][info][gc,start    ] GC(168) Pause Young (Mixed) (G1 Evacuation Pause)
[2024-08-28T13:01:40.540+0000][info][gc,task     ] GC(168) Using 49 workers of 68 for evacuation
[2024-08-28T13:01:40.555+0000][info][gc,phases   ] GC(168)   Pre Evacuate Collection Set: 0.5ms
[2024-08-28T13:01:40.555+0000][info][gc,phases   ] GC(168)   Merge Heap Roots: 0.5ms
[2024-08-28T13:01:40.555+0000][info][gc,phases   ] GC(168)   Evacuate Collection Set: 13.1ms
[2024-08-28T13:01:40.555+0000][info][gc,phases   ] GC(168)   Post Evacuate Collection Set: 0.6ms
[2024-08-28T13:01:40.555+0000][info][gc,phases   ] GC(168)   Other: 0.3ms
[2024-08-28T13:01:40.555+0000][info][gc,heap     ] GC(168) Eden regions: 84->0(89)
[2024-08-28T13:01:40.555+0000][info][gc,heap     ] GC(168) Survivor regions: 18->13(13)
[2024-08-28T13:01:40.555+0000][info][gc,heap     ] GC(168) Old regions: 1550->1439
[2024-08-28T13:01:40.555+0000][info][gc,heap     ] GC(168) Archive regions: 2->2
[2024-08-28T13:01:40.555+0000][info][gc,heap     ] GC(168) Humongous regions: 5->5
[2024-08-28T13:01:40.555+0000][info][gc,metaspace] GC(168) Metaspace: 100K(320K)->100K(320K) NonClass: 96K(192K)->96K(192K) Class: 4K(128K)->4K(128K)
[2024-08-28T13:01:40.555+0000][info][gc          ] GC(168) Pause Young (Mixed) (G1 Evacuation Pause) 1657M->1457M(2048M) 14.956ms
[2024-08-28T13:01:40.555+0000][info][gc,cpu      ] GC(168) User=0.66s Sys=0.01s Real=0.01s
[2024-08-28T13:01:40.612+0000][info][gc,start    ] GC(169) Pause Young (Mixed) (G1 Evacuation Pause)
[2024-08-28T13:01:40.612+0000][info][gc,task     ] GC(169) Using 49 workers of 68 for evacuation
[2024-08-28T13:01:40.628+0000][info][gc,phases   ] GC(169)   Pre Evacuate Collection Set: 0.5ms
[2024-08-28T13:01:40.628+0000][info][gc,phases   ] GC(169)   Merge Heap Roots: 0.5ms
[2024-08-28T13:01:40.628+0000][info][gc,phases   ] GC(169)   Evacuate Collection Set: 13.6ms
[2024-08-28T13:01:40.628+0000][info][gc,phases   ] GC(169)   Post Evacuate Collection Set: 0.6ms
[2024-08-28T13:01:40.628+0000][info][gc,phases   ] GC(169)   Other: 0.3ms
[2024-08-28T13:01:40.628+0000][info][gc,heap     ] GC(169) Eden regions: 89->0(89)
[2024-08-28T13:01:40.628+0000][info][gc,heap     ] GC(169) Survivor regions: 13->13(13)
[2024-08-28T13:01:40.628+0000][info][gc,heap     ] GC(169) Old regions: 1439->1327
[2024-08-28T13:01:40.628+0000][info][gc,heap     ] GC(169) Archive regions: 2->2
[2024-08-28T13:01:40.628+0000][info][gc,heap     ] GC(169) Humongous regions: 5->5
[2024-08-28T13:01:40.628+0000][info][gc,metaspace] GC(169) Metaspace: 100K(320K)->100K(320K) NonClass: 96K(192K)->96K(192K) Class: 4K(128K)->4K(128K)
[2024-08-28T13:01:40.628+0000][info][gc          ] GC(169) Pause Young (Mixed) (G1 Evacuation Pause) 1546M->1345M(2048M) 15.592ms
[2024-08-28T13:01:40.628+0000][info][gc,cpu      ] GC(169) User=0.68s Sys=0.00s Real=0.01s
[2024-08-28T13:01:40.685+0000][info][gc,start    ] GC(170) Pause Young (Mixed) (G1 Evacuation Pause)
[2024-08-28T13:01:40.685+0000][info][gc,task     ] GC(170) Using 49 workers of 68 for evacuation
[2024-08-28T13:01:40.699+0000][info][gc,phases   ] GC(170)   Pre Evacuate Collection Set: 0.4ms
[2024-08-28T13:01:40.700+0000][info][gc,phases   ] GC(170)   Merge Heap Roots: 0.6ms
[2024-08-28T13:01:40.700+0000][info][gc,phases   ] GC(170)   Evacuate Collection Set: 13.1ms
[2024-08-28T13:01:40.700+0000][info][gc,phases   ] GC(170)   Post Evacuate Collection Set: 0.6ms
[2024-08-28T13:01:40.700+0000][info][gc,phases   ] GC(170)   Other: 0.3ms
[2024-08-28T13:01:40.700+0000][info][gc,heap     ] GC(170) Eden regions: 89->0(89)
[2024-08-28T13:01:40.700+0000][info][gc,heap     ] GC(170) Survivor regions: 13->13(13)
[2024-08-28T13:01:40.700+0000][info][gc,heap     ] GC(170) Old regions: 1327->1216
[2024-08-28T13:01:40.700+0000][info][gc,heap     ] GC(170) Archive regions: 2->2
[2024-08-28T13:01:40.700+0000][info][gc,heap     ] GC(170) Humongous regions: 5->5
[2024-08-28T13:01:40.700+0000][info][gc,metaspace] GC(170) Metaspace: 100K(320K)->100K(320K) NonClass: 96K(192K)->96K(192K) Class: 4K(128K)->4K(128K)
[2024-08-28T13:01:40.700+0000][info][gc          ] GC(170) Pause Young (Mixed) (G1 Evacuation Pause) 1434M->1234M(2048M) 15.032ms
[2024-08-28T13:01:40.700+0000][info][gc,cpu      ] GC(170) User=0.67s Sys=0.00s Real=0.02s
[2024-08-28T13:01:40.757+0000][info][gc,start    ] GC(171) Pause Young (Mixed) (G1 Evacuation Pause)
[2024-08-28T13:01:40.758+0000][info][gc,task     ] GC(171) Using 49 workers of 68 for evacuation
[2024-08-28T13:01:40.773+0000][info][gc,phases   ] GC(171)   Pre Evacuate Collection Set: 0.4ms
[2024-08-28T13:01:40.773+0000][info][gc,phases   ] GC(171)   Merge Heap Roots: 0.5ms
[2024-08-28T13:01:40.773+0000][info][gc,phases   ] GC(171)   Evacuate Collection Set: 13.4ms
[2024-08-28T13:01:40.773+0000][info][gc,phases   ] GC(171)   Post Evacuate Collection Set: 0.6ms
[2024-08-28T13:01:40.773+0000][info][gc,phases   ] GC(171)   Other: 0.3ms
[2024-08-28T13:01:40.773+0000][info][gc,heap     ] GC(171) Eden regions: 89->0(219)
[2024-08-28T13:01:40.773+0000][info][gc,heap     ] GC(171) Survivor regions: 13->13(13)
[2024-08-28T13:01:40.773+0000][info][gc,heap     ] GC(171) Old regions: 1216->1139
[2024-08-28T13:01:40.773+0000][info][gc,heap     ] GC(171) Archive regions: 2->2
[2024-08-28T13:01:40.773+0000][info][gc,heap     ] GC(171) Humongous regions: 5->5
[2024-08-28T13:01:40.773+0000][info][gc,metaspace] GC(171) Metaspace: 100K(320K)->100K(320K) NonClass: 96K(192K)->96K(192K) Class: 4K(128K)->4K(128K)
[2024-08-28T13:01:40.773+0000][info][gc          ] GC(171) Pause Young (Mixed) (G1 Evacuation Pause) 1323M->1157M(2048M) 15.236ms
[2024-08-28T13:01:40.773+0000][info][gc,cpu      ] GC(171) User=0.68s Sys=0.00s Real=0.02s
[2024-08-28T13:01:40.903+0000][info][gc,start    ] GC(172) Pause Young (Normal) (G1 Evacuation Pause)
[2024-08-28T13:01:40.903+0000][info][gc,task     ] GC(172) Using 49 workers of 68 for evacuation
[2024-08-28T13:01:40.930+0000][info][gc,phases   ] GC(172)   Pre Evacuate Collection Set: 0.3ms
[2024-08-28T13:01:40.930+0000][info][gc,phases   ] GC(172)   Merge Heap Roots: 0.8ms
[2024-08-28T13:01:40.930+0000][info][gc,phases   ] GC(172)   Evacuate Collection Set: 25.0ms
[2024-08-28T13:01:40.930+0000][info][gc,phases   ] GC(172)   Post Evacuate Collection Set: 0.6ms
[2024-08-28T13:01:40.930+0000][info][gc,phases   ] GC(172)   Other: 0.3ms
[2024-08-28T13:01:40.930+0000][info][gc,heap     ] GC(172) Eden regions: 219->0(149)
[2024-08-28T13:01:40.930+0000][info][gc,heap     ] GC(172) Survivor regions: 13->29(29)
[2024-08-28T13:01:40.930+0000][info][gc,heap     ] GC(172) Old regions: 1139->1339
[2024-08-28T13:01:40.930+0000][info][gc,heap     ] GC(172) Archive regions: 2->2
[2024-08-28T13:01:40.930+0000][info][gc,heap     ] GC(172) Humongous regions: 5->5
[2024-08-28T13:01:40.930+0000][info][gc,metaspace] GC(172) Metaspace: 100K(320K)->100K(320K) NonClass: 96K(192K)->96K(192K) Class: 4K(128K)->4K(128K)
[2024-08-28T13:01:40.930+0000][info][gc          ] GC(172) Pause Young (Normal) (G1 Evacuation Pause) 1376M->1373M(2048M) 26.960ms
[2024-08-28T13:01:40.930+0000][info][gc,cpu      ] GC(172) User=1.25s Sys=0.00s Real=0.03s
[2024-08-28T13:01:41.021+0000][info][gc,start    ] GC(173) Pause Young (Normal) (G1 Evacuation Pause)
[2024-08-28T13:01:41.021+0000][info][gc,task     ] GC(173) Using 49 workers of 68 for evacuation
[2024-08-28T13:01:41.044+0000][info][gc,phases   ] GC(173)   Pre Evacuate Collection Set: 0.3ms
[2024-08-28T13:01:41.044+0000][info][gc,phases   ] GC(173)   Merge Heap Roots: 1.1ms
[2024-08-28T13:01:41.044+0000][info][gc,phases   ] GC(173)   Evacuate Collection Set: 21.3ms
[2024-08-28T13:01:41.044+0000][info][gc,phases   ] GC(173)   Post Evacuate Collection Set: 0.6ms
[2024-08-28T13:01:41.044+0000][info][gc,phases   ] GC(173)   Other: 0.2ms
[2024-08-28T13:01:41.044+0000][info][gc,heap     ] GC(173) Eden regions: 149->0(100)
[2024-08-28T13:01:41.044+0000][info][gc,heap     ] GC(173) Survivor regions: 29->23(23)
[2024-08-28T13:01:41.044+0000][info][gc,heap     ] GC(173) Old regions: 1339->1498
[2024-08-28T13:01:41.044+0000][info][gc,heap     ] GC(173) Archive regions: 2->2
[2024-08-28T13:01:41.044+0000][info][gc,heap     ] GC(173) Humongous regions: 5->5
[2024-08-28T13:01:41.044+0000][info][gc,metaspace] GC(173) Metaspace: 100K(320K)->100K(320K) NonClass: 96K(192K)->96K(192K) Class: 4K(128K)->4K(128K)
[2024-08-28T13:01:41.044+0000][info][gc          ] GC(173) Pause Young (Normal) (G1 Evacuation Pause) 1522M->1526M(2048M) 23.553ms
[2024-08-28T13:01:41.044+0000][info][gc,cpu      ] GC(173) User=1.08s Sys=0.00s Real=0.02s
[2024-08-28T13:01:41.109+0000][info][gc,start    ] GC(174) Pause Young (Concurrent Start) (G1 Evacuation Pause)
[2024-08-28T13:01:41.109+0000][info][gc,task     ] GC(174) Using 49 workers of 68 for evacuation
[2024-08-28T13:01:41.128+0000][info][gc,phases   ] GC(174)   Pre Evacuate Collection Set: 0.3ms
[2024-08-28T13:01:41.128+0000][info][gc,phases   ] GC(174)   Merge Heap Roots: 0.5ms
[2024-08-28T13:01:41.128+0000][info][gc,phases   ] GC(174)   Evacuate Collection Set: 17.0ms
[2024-08-28T13:01:41.128+0000][info][gc,phases   ] GC(174)   Post Evacuate Collection Set: 0.5ms
[2024-08-28T13:01:41.128+0000][info][gc,phases   ] GC(174)   Other: 0.8ms
[2024-08-28T13:01:41.128+0000][info][gc,heap     ] GC(174) Eden regions: 100->0(86)
[2024-08-28T13:01:41.128+0000][info][gc,heap     ] GC(174) Survivor regions: 23->16(16)
[2024-08-28T13:01:41.128+0000][info][gc,heap     ] GC(174) Old regions: 1498->1614
[2024-08-28T13:01:41.128+0000][info][gc,heap     ] GC(174) Archive regions: 2->2
[2024-08-28T13:01:41.128+0000][info][gc,heap     ] GC(174) Humongous regions: 5->5
[2024-08-28T13:01:41.128+0000][info][gc,metaspace] GC(174) Metaspace: 100K(320K)->100K(320K) NonClass: 96K(192K)->96K(192K) Class: 4K(128K)->4K(128K)
[2024-08-28T13:01:41.128+0000][info][gc          ] GC(174) Pause Young (Concurrent Start) (G1 Evacuation Pause) 1626M->1635M(2048M) 19.139ms
[2024-08-28T13:01:41.128+0000][info][gc,cpu      ] GC(174) User=0.82s Sys=0.00s Real=0.02s
[2024-08-28T13:01:41.128+0000][info][gc          ] GC(175) Concurrent Mark Cycle
[2024-08-28T13:01:41.128+0000][info][gc,marking  ] GC(175) Concurrent Clear Claimed Marks
[2024-08-28T13:01:41.128+0000][info][gc,marking  ] GC(175) Concurrent Clear Claimed Marks 0.010ms
[2024-08-28T13:01:41.128+0000][info][gc,marking  ] GC(175) Concurrent Scan Root Regions
[2024-08-28T13:01:41.132+0000][info][gc,marking  ] GC(175) Concurrent Scan Root Regions 3.326ms
[2024-08-28T13:01:41.132+0000][info][gc,marking  ] GC(175) Concurrent Mark
[2024-08-28T13:01:41.132+0000][info][gc,marking  ] GC(175) Concurrent Mark From Roots
[2024-08-28T13:01:41.132+0000][info][gc,task     ] GC(175) Using 17 workers of 17 for marking
[2024-08-28T13:01:41.154+0000][info][gc,marking  ] GC(175) Concurrent Mark From Roots 22.299ms
[2024-08-28T13:01:41.154+0000][info][gc,marking  ] GC(175) Concurrent Preclean
[2024-08-28T13:01:41.155+0000][info][gc,marking  ] GC(175) Concurrent Preclean 0.503ms
[2024-08-28T13:01:41.155+0000][info][gc,start    ] GC(175) Pause Remark
[2024-08-28T13:01:41.157+0000][info][gc          ] GC(175) Pause Remark 1662M->1394M(2048M) 1.952ms
[2024-08-28T13:01:41.157+0000][info][gc,cpu      ] GC(175) User=0.02s Sys=0.01s Real=0.00s
[2024-08-28T13:01:41.157+0000][info][gc,marking  ] GC(175) Concurrent Mark 25.180ms
[2024-08-28T13:01:41.157+0000][info][gc,marking  ] GC(175) Concurrent Rebuild Remembered Sets
[2024-08-28T13:01:41.199+0000][info][gc,start    ] GC(176) Pause Young (Normal) (G1 Evacuation Pause)
[2024-08-28T13:01:41.200+0000][info][gc,task     ] GC(176) Using 49 workers of 68 for evacuation
[2024-08-28T13:01:41.215+0000][info][gc,phases   ] GC(176)   Pre Evacuate Collection Set: 0.3ms
[2024-08-28T13:01:41.215+0000][info][gc,phases   ] GC(176)   Merge Heap Roots: 0.8ms
[2024-08-28T13:01:41.215+0000][info][gc,phases   ] GC(176)   Evacuate Collection Set: 13.6ms
[2024-08-28T13:01:41.215+0000][info][gc,phases   ] GC(176)   Post Evacuate Collection Set: 0.8ms
[2024-08-28T13:01:41.215+0000][info][gc,phases   ] GC(176)   Other: 0.2ms
[2024-08-28T13:01:41.215+0000][info][gc,heap     ] GC(176) Eden regions: 86->0(121)
[2024-08-28T13:01:41.215+0000][info][gc,heap     ] GC(176) Survivor regions: 16->13(13)
[2024-08-28T13:01:41.215+0000][info][gc,heap     ] GC(176) Old regions: 1346->1443
[2024-08-28T13:01:41.215+0000][info][gc,heap     ] GC(176) Archive regions: 2->2
[2024-08-28T13:01:41.215+0000][info][gc,heap     ] GC(176) Humongous regions: 5->5
[2024-08-28T13:01:41.215+0000][info][gc,metaspace] GC(176) Metaspace: 100K(320K)->100K(320K) NonClass: 96K(192K)->96K(192K) Class: 4K(128K)->4K(128K)
[2024-08-28T13:01:41.215+0000][info][gc          ] GC(176) Pause Young (Normal) (G1 Evacuation Pause) 1453M->1461M(2048M) 15.853ms
[2024-08-28T13:01:41.215+0000][info][gc,cpu      ] GC(176) User=0.71s Sys=0.00s Real=0.01s
[2024-08-28T13:01:41.221+0000][info][gc,marking  ] GC(175) Concurrent Rebuild Remembered Sets 63.967ms
[2024-08-28T13:01:41.221+0000][info][gc,start    ] GC(175) Pause Cleanup
[2024-08-28T13:01:41.224+0000][info][gc          ] GC(175) Pause Cleanup 1469M->1469M(2048M) 2.750ms
[2024-08-28T13:01:41.224+0000][info][gc,cpu      ] GC(175) User=0.01s Sys=0.00s Real=0.00s
[2024-08-28T13:01:41.224+0000][info][gc,marking  ] GC(175) Concurrent Cleanup for Next Mark
[2024-08-28T13:01:41.226+0000][info][gc,marking  ] GC(175) Concurrent Cleanup for Next Mark 1.523ms
[2024-08-28T13:01:41.226+0000][info][gc          ] GC(175) Concurrent Mark Cycle 97.249ms
[2024-08-28T13:01:41.299+0000][info][gc,start    ] GC(177) Pause Young (Prepare Mixed) (G1 Evacuation Pause)
[2024-08-28T13:01:41.299+0000][info][gc,task     ] GC(177) Using 49 workers of 68 for evacuation
[2024-08-28T13:01:41.318+0000][info][gc,phases   ] GC(177)   Pre Evacuate Collection Set: 0.3ms
[2024-08-28T13:01:41.318+0000][info][gc,phases   ] GC(177)   Merge Heap Roots: 0.6ms
[2024-08-28T13:01:41.318+0000][info][gc,phases   ] GC(177)   Evacuate Collection Set: 16.7ms
[2024-08-28T13:01:41.318+0000][info][gc,phases   ] GC(177)   Post Evacuate Collection Set: 0.5ms
[2024-08-28T13:01:41.318+0000][info][gc,phases   ] GC(177)   Other: 0.2ms
[2024-08-28T13:01:41.318+0000][info][gc,heap     ] GC(177) Eden regions: 121->0(85)
[2024-08-28T13:01:41.318+0000][info][gc,heap     ] GC(177) Survivor regions: 13->17(17)
[2024-08-28T13:01:41.318+0000][info][gc,heap     ] GC(177) Old regions: 1443->1563
[2024-08-28T13:01:41.318+0000][info][gc,heap     ] GC(177) Archive regions: 2->2
[2024-08-28T13:01:41.318+0000][info][gc,heap     ] GC(177) Humongous regions: 5->5
[2024-08-28T13:01:41.318+0000][info][gc,metaspace] GC(177) Metaspace: 100K(320K)->100K(320K) NonClass: 96K(192K)->96K(192K) Class: 4K(128K)->4K(128K)
[2024-08-28T13:01:41.318+0000][info][gc          ] GC(177) Pause Young (Prepare Mixed) (G1 Evacuation Pause) 1582M->1585M(2048M) 18.521ms
[2024-08-28T13:01:41.318+0000][info][gc,cpu      ] GC(177) User=0.83s Sys=0.01s Real=0.02s
[2024-08-28T13:01:41.372+0000][info][gc,start    ] GC(178) Pause Young (Mixed) (G1 Evacuation Pause)
[2024-08-28T13:01:41.372+0000][info][gc,task     ] GC(178) Using 49 workers of 68 for evacuation
[2024-08-28T13:01:41.388+0000][info][gc,phases   ] GC(178)   Pre Evacuate Collection Set: 0.5ms
[2024-08-28T13:01:41.388+0000][info][gc,phases   ] GC(178)   Merge Heap Roots: 0.5ms
[2024-08-28T13:01:41.388+0000][info][gc,phases   ] GC(178)   Evacuate Collection Set: 14.0ms
[2024-08-28T13:01:41.388+0000][info][gc,phases   ] GC(178)   Post Evacuate Collection Set: 0.6ms
[2024-08-28T13:01:41.388+0000][info][gc,phases   ] GC(178)   Other: 0.2ms
[2024-08-28T13:01:41.388+0000][info][gc,heap     ] GC(178) Eden regions: 85->0(89)
[2024-08-28T13:01:41.388+0000][info][gc,heap     ] GC(178) Survivor regions: 17->13(13)
[2024-08-28T13:01:41.388+0000][info][gc,heap     ] GC(178) Old regions: 1563->1453
[2024-08-28T13:01:41.388+0000][info][gc,heap     ] GC(178) Archive regions: 2->2
[2024-08-28T13:01:41.388+0000][info][gc,heap     ] GC(178) Humongous regions: 5->5
[2024-08-28T13:01:41.388+0000][info][gc,metaspace] GC(178) Metaspace: 100K(320K)->100K(320K) NonClass: 96K(192K)->96K(192K) Class: 4K(128K)->4K(128K)
[2024-08-28T13:01:41.388+0000][info][gc          ] GC(178) Pause Young (Mixed) (G1 Evacuation Pause) 1670M->1471M(2048M) 15.872ms
[2024-08-28T13:01:41.388+0000][info][gc,cpu      ] GC(178) User=0.70s Sys=0.00s Real=0.01s
[2024-08-28T13:01:41.445+0000][info][gc,start    ] GC(179) Pause Young (Mixed) (G1 Evacuation Pause)
[2024-08-28T13:01:41.445+0000][info][gc,task     ] GC(179) Using 49 workers of 68 for evacuation
[2024-08-28T13:01:41.461+0000][info][gc,phases   ] GC(179)   Pre Evacuate Collection Set: 0.5ms
[2024-08-28T13:01:41.461+0000][info][gc,phases   ] GC(179)   Merge Heap Roots: 0.5ms
[2024-08-28T13:01:41.461+0000][info][gc,phases   ] GC(179)   Evacuate Collection Set: 13.9ms
[2024-08-28T13:01:41.461+0000][info][gc,phases   ] GC(179)   Post Evacuate Collection Set: 0.6ms
[2024-08-28T13:01:41.461+0000][info][gc,phases   ] GC(179)   Other: 0.3ms
[2024-08-28T13:01:41.461+0000][info][gc,heap     ] GC(179) Eden regions: 89->0(89)
[2024-08-28T13:01:41.461+0000][info][gc,heap     ] GC(179) Survivor regions: 13->13(13)
[2024-08-28T13:01:41.461+0000][info][gc,heap     ] GC(179) Old regions: 1453->1342
[2024-08-28T13:01:41.461+0000][info][gc,heap     ] GC(179) Archive regions: 2->2
[2024-08-28T13:01:41.461+0000][info][gc,heap     ] GC(179) Humongous regions: 5->5
[2024-08-28T13:01:41.461+0000][info][gc,metaspace] GC(179) Metaspace: 100K(320K)->100K(320K) NonClass: 96K(192K)->96K(192K) Class: 4K(128K)->4K(128K)
[2024-08-28T13:01:41.461+0000][info][gc          ] GC(179) Pause Young (Mixed) (G1 Evacuation Pause) 1560M->1360M(2048M) 15.929ms
[2024-08-28T13:01:41.461+0000][info][gc,cpu      ] GC(179) User=0.69s Sys=0.01s Real=0.02s
[2024-08-28T13:01:41.518+0000][info][gc,start    ] GC(180) Pause Young (Mixed) (G1 Evacuation Pause)
[2024-08-28T13:01:41.518+0000][info][gc,task     ] GC(180) Using 49 workers of 68 for evacuation
[2024-08-28T13:01:41.533+0000][info][gc,phases   ] GC(180)   Pre Evacuate Collection Set: 0.4ms
[2024-08-28T13:01:41.533+0000][info][gc,phases   ] GC(180)   Merge Heap Roots: 0.5ms
[2024-08-28T13:01:41.533+0000][info][gc,phases   ] GC(180)   Evacuate Collection Set: 13.5ms
[2024-08-28T13:01:41.533+0000][info][gc,phases   ] GC(180)   Post Evacuate Collection Set: 0.6ms
[2024-08-28T13:01:41.533+0000][info][gc,phases   ] GC(180)   Other: 0.2ms
[2024-08-28T13:01:41.533+0000][info][gc,heap     ] GC(180) Eden regions: 89->0(89)
[2024-08-28T13:01:41.533+0000][info][gc,heap     ] GC(180) Survivor regions: 13->13(13)
[2024-08-28T13:01:41.533+0000][info][gc,heap     ] GC(180) Old regions: 1342->1230
[2024-08-28T13:01:41.533+0000][info][gc,heap     ] GC(180) Archive regions: 2->2
[2024-08-28T13:01:41.533+0000][info][gc,heap     ] GC(180) Humongous regions: 5->5
[2024-08-28T13:01:41.533+0000][info][gc,metaspace] GC(180) Metaspace: 100K(320K)->100K(320K) NonClass: 96K(192K)->96K(192K) Class: 4K(128K)->4K(128K)
[2024-08-28T13:01:41.533+0000][info][gc          ] GC(180) Pause Young (Mixed) (G1 Evacuation Pause) 1449M->1248M(2048M) 15.389ms
[2024-08-28T13:01:41.533+0000][info][gc,cpu      ] GC(180) User=0.66s Sys=0.02s Real=0.01s
[2024-08-28T13:01:41.591+0000][info][gc,start    ] GC(181) Pause Young (Mixed) (G1 Evacuation Pause)
[2024-08-28T13:01:41.591+0000][info][gc,task     ] GC(181) Using 49 workers of 68 for evacuation
[2024-08-28T13:01:41.607+0000][info][gc,phases   ] GC(181)   Pre Evacuate Collection Set: 0.5ms
[2024-08-28T13:01:41.607+0000][info][gc,phases   ] GC(181)   Merge Heap Roots: 0.6ms
[2024-08-28T13:01:41.607+0000][info][gc,phases   ] GC(181)   Evacuate Collection Set: 13.8ms
[2024-08-28T13:01:41.607+0000][info][gc,phases   ] GC(181)   Post Evacuate Collection Set: 0.6ms
[2024-08-28T13:01:41.607+0000][info][gc,phases   ] GC(181)   Other: 0.2ms
[2024-08-28T13:01:41.607+0000][info][gc,heap     ] GC(181) Eden regions: 89->0(220)
[2024-08-28T13:01:41.607+0000][info][gc,heap     ] GC(181) Survivor regions: 13->13(13)
[2024-08-28T13:01:41.607+0000][info][gc,heap     ] GC(181) Old regions: 1230->1138
[2024-08-28T13:01:41.607+0000][info][gc,heap     ] GC(181) Archive regions: 2->2
[2024-08-28T13:01:41.607+0000][info][gc,heap     ] GC(181) Humongous regions: 5->5
[2024-08-28T13:01:41.607+0000][info][gc,metaspace] GC(181) Metaspace: 100K(320K)->100K(320K) NonClass: 96K(192K)->96K(192K) Class: 4K(128K)->4K(128K)
[2024-08-28T13:01:41.607+0000][info][gc          ] GC(181) Pause Young (Mixed) (G1 Evacuation Pause) 1337M->1156M(2048M) 15.840ms
[2024-08-28T13:01:41.607+0000][info][gc,cpu      ] GC(181) User=0.70s Sys=0.00s Real=0.01s
[2024-08-28T13:01:41.740+0000][info][gc,start    ] GC(182) Pause Young (Normal) (G1 Evacuation Pause)
[2024-08-28T13:01:41.740+0000][info][gc,task     ] GC(182) Using 49 workers of 68 for evacuation
[2024-08-28T13:01:41.766+0000][info][gc,phases   ] GC(182)   Pre Evacuate Collection Set: 0.4ms
[2024-08-28T13:01:41.766+0000][info][gc,phases   ] GC(182)   Merge Heap Roots: 0.8ms
[2024-08-28T13:01:41.766+0000][info][gc,phases   ] GC(182)   Evacuate Collection Set: 23.6ms
[2024-08-28T13:01:41.766+0000][info][gc,phases   ] GC(182)   Post Evacuate Collection Set: 0.7ms
[2024-08-28T13:01:41.766+0000][info][gc,phases   ] GC(182)   Other: 0.2ms
[2024-08-28T13:01:41.766+0000][info][gc,heap     ] GC(182) Eden regions: 220->0(149)
[2024-08-28T13:01:41.766+0000][info][gc,heap     ] GC(182) Survivor regions: 13->30(30)
[2024-08-28T13:01:41.766+0000][info][gc,heap     ] GC(182) Old regions: 1138->1338
[2024-08-28T13:01:41.766+0000][info][gc,heap     ] GC(182) Archive regions: 2->2
[2024-08-28T13:01:41.766+0000][info][gc,heap     ] GC(182) Humongous regions: 5->5
[2024-08-28T13:01:41.766+0000][info][gc,metaspace] GC(182) Metaspace: 100K(320K)->100K(320K) NonClass: 96K(192K)->96K(192K) Class: 4K(128K)->4K(128K)
[2024-08-28T13:01:41.766+0000][info][gc          ] GC(182) Pause Young (Normal) (G1 Evacuation Pause) 1376M->1373M(2048M) 25.708ms
[2024-08-28T13:01:41.766+0000][info][gc,cpu      ] GC(182) User=1.16s Sys=0.01s Real=0.02s
[2024-08-28T13:01:41.856+0000][info][gc,start    ] GC(183) Pause Young (Normal) (G1 Evacuation Pause)
[2024-08-28T13:01:41.856+0000][info][gc,task     ] GC(183) Using 49 workers of 68 for evacuation
[2024-08-28T13:01:41.880+0000][info][gc,phases   ] GC(183)   Pre Evacuate Collection Set: 0.4ms
[2024-08-28T13:01:41.880+0000][info][gc,phases   ] GC(183)   Merge Heap Roots: 1.0ms
[2024-08-28T13:01:41.880+0000][info][gc,phases   ] GC(183)   Evacuate Collection Set: 21.2ms
[2024-08-28T13:01:41.880+0000][info][gc,phases   ] GC(183)   Post Evacuate Collection Set: 0.6ms
[2024-08-28T13:01:41.880+0000][info][gc,phases   ] GC(183)   Other: 0.3ms
[2024-08-28T13:01:41.880+0000][info][gc,heap     ] GC(183) Eden regions: 149->0(100)
[2024-08-28T13:01:41.880+0000][info][gc,heap     ] GC(183) Survivor regions: 30->23(23)
[2024-08-28T13:01:41.880+0000][info][gc,heap     ] GC(183) Old regions: 1338->1497
[2024-08-28T13:01:41.880+0000][info][gc,heap     ] GC(183) Archive regions: 2->2
[2024-08-28T13:01:41.880+0000][info][gc,heap     ] GC(183) Humongous regions: 5->5
[2024-08-28T13:01:41.880+0000][info][gc,metaspace] GC(183) Metaspace: 100K(320K)->100K(320K) NonClass: 96K(192K)->96K(192K) Class: 4K(128K)->4K(128K)
[2024-08-28T13:01:41.880+0000][info][gc          ] GC(183) Pause Young (Normal) (G1 Evacuation Pause) 1522M->1525M(2048M) 23.508ms
[2024-08-28T13:01:41.880+0000][info][gc,cpu      ] GC(183) User=1.08s Sys=0.00s Real=0.03s
[2024-08-28T13:01:41.942+0000][info][gc,start    ] GC(184) Pause Young (Concurrent Start) (G1 Evacuation Pause)
[2024-08-28T13:01:41.942+0000][info][gc,task     ] GC(184) Using 49 workers of 68 for evacuation
[2024-08-28T13:01:41.960+0000][info][gc,phases   ] GC(184)   Pre Evacuate Collection Set: 0.3ms
[2024-08-28T13:01:41.960+0000][info][gc,phases   ] GC(184)   Merge Heap Roots: 0.5ms
[2024-08-28T13:01:41.960+0000][info][gc,phases   ] GC(184)   Evacuate Collection Set: 15.7ms
[2024-08-28T13:01:41.960+0000][info][gc,phases   ] GC(184)   Post Evacuate Collection Set: 0.5ms
[2024-08-28T13:01:41.960+0000][info][gc,phases   ] GC(184)   Other: 0.6ms
[2024-08-28T13:01:41.960+0000][info][gc,heap     ] GC(184) Eden regions: 100->0(86)
[2024-08-28T13:01:41.960+0000][info][gc,heap     ] GC(184) Survivor regions: 23->16(16)
[2024-08-28T13:01:41.960+0000][info][gc,heap     ] GC(184) Old regions: 1497->1613
[2024-08-28T13:01:41.960+0000][info][gc,heap     ] GC(184) Archive regions: 2->2
[2024-08-28T13:01:41.960+0000][info][gc,heap     ] GC(184) Humongous regions: 5->5
[2024-08-28T13:01:41.960+0000][info][gc,metaspace] GC(184) Metaspace: 100K(320K)->100K(320K) NonClass: 96K(192K)->96K(192K) Class: 4K(128K)->4K(128K)
[2024-08-28T13:01:41.960+0000][info][gc          ] GC(184) Pause Young (Concurrent Start) (G1 Evacuation Pause) 1625M->1634M(2048M) 17.744ms
[2024-08-28T13:01:41.960+0000][info][gc,cpu      ] GC(184) User=0.78s Sys=0.00s Real=0.02s
[2024-08-28T13:01:41.960+0000][info][gc          ] GC(185) Concurrent Mark Cycle
[2024-08-28T13:01:41.960+0000][info][gc,marking  ] GC(185) Concurrent Clear Claimed Marks
[2024-08-28T13:01:41.960+0000][info][gc,marking  ] GC(185) Concurrent Clear Claimed Marks 0.010ms
[2024-08-28T13:01:41.960+0000][info][gc,marking  ] GC(185) Concurrent Scan Root Regions
[2024-08-28T13:01:41.963+0000][info][gc,marking  ] GC(185) Concurrent Scan Root Regions 3.093ms
[2024-08-28T13:01:41.963+0000][info][gc,marking  ] GC(185) Concurrent Mark
[2024-08-28T13:01:41.963+0000][info][gc,marking  ] GC(185) Concurrent Mark From Roots
[2024-08-28T13:01:41.963+0000][info][gc,task     ] GC(185) Using 17 workers of 17 for marking
[2024-08-28T13:01:41.986+0000][info][gc,marking  ] GC(185) Concurrent Mark From Roots 22.268ms
[2024-08-28T13:01:41.986+0000][info][gc,marking  ] GC(185) Concurrent Preclean
[2024-08-28T13:01:41.986+0000][info][gc,marking  ] GC(185) Concurrent Preclean 0.502ms
[2024-08-28T13:01:41.986+0000][info][gc,start    ] GC(185) Pause Remark
[2024-08-28T13:01:41.989+0000][info][gc          ] GC(185) Pause Remark 1661M->1402M(2048M) 2.036ms
[2024-08-28T13:01:41.989+0000][info][gc,cpu      ] GC(185) User=0.02s Sys=0.00s Real=0.00s
[2024-08-28T13:01:41.989+0000][info][gc,marking  ] GC(185) Concurrent Mark 25.240ms
[2024-08-28T13:01:41.989+0000][info][gc,marking  ] GC(185) Concurrent Rebuild Remembered Sets
[2024-08-28T13:01:42.036+0000][info][gc,start    ] GC(186) Pause Young (Normal) (G1 Evacuation Pause)
[2024-08-28T13:01:42.037+0000][info][gc,task     ] GC(186) Using 49 workers of 68 for evacuation
[2024-08-28T13:01:42.052+0000][info][gc,phases   ] GC(186)   Pre Evacuate Collection Set: 0.2ms
[2024-08-28T13:01:42.052+0000][info][gc,phases   ] GC(186)   Merge Heap Roots: 0.8ms
[2024-08-28T13:01:42.052+0000][info][gc,phases   ] GC(186)   Evacuate Collection Set: 13.1ms
[2024-08-28T13:01:42.052+0000][info][gc,phases   ] GC(186)   Post Evacuate Collection Set: 0.9ms
[2024-08-28T13:01:42.052+0000][info][gc,phases   ] GC(186)   Other: 0.2ms
[2024-08-28T13:01:42.052+0000][info][gc,heap     ] GC(186) Eden regions: 86->0(119)
[2024-08-28T13:01:42.052+0000][info][gc,heap     ] GC(186) Survivor regions: 16->13(13)
[2024-08-28T13:01:42.052+0000][info][gc,heap     ] GC(186) Old regions: 1354->1450
[2024-08-28T13:01:42.052+0000][info][gc,heap     ] GC(186) Archive regions: 2->2
[2024-08-28T13:01:42.052+0000][info][gc,heap     ] GC(186) Humongous regions: 5->5
[2024-08-28T13:01:42.052+0000][info][gc,metaspace] GC(186) Metaspace: 100K(320K)->100K(320K) NonClass: 96K(192K)->96K(192K) Class: 4K(128K)->4K(128K)
[2024-08-28T13:01:42.052+0000][info][gc          ] GC(186) Pause Young (Normal) (G1 Evacuation Pause) 1461M->1468M(2048M) 15.384ms
[2024-08-28T13:01:42.052+0000][info][gc,cpu      ] GC(186) User=0.69s Sys=0.00s Real=0.02s
[2024-08-28T13:01:42.053+0000][info][gc,marking  ] GC(185) Concurrent Rebuild Remembered Sets 63.997ms
[2024-08-28T13:01:42.053+0000][info][gc,start    ] GC(185) Pause Cleanup
[2024-08-28T13:01:42.056+0000][info][gc          ] GC(185) Pause Cleanup 1470M->1470M(2048M) 3.018ms
[2024-08-28T13:01:42.056+0000][info][gc,cpu      ] GC(185) User=0.01s Sys=0.00s Real=0.00s
[2024-08-28T13:01:42.056+0000][info][gc,marking  ] GC(185) Concurrent Cleanup for Next Mark
[2024-08-28T13:01:42.058+0000][info][gc,marking  ] GC(185) Concurrent Cleanup for Next Mark 1.470ms
[2024-08-28T13:01:42.058+0000][info][gc          ] GC(185) Concurrent Mark Cycle 97.506ms
[2024-08-28T13:01:42.135+0000][info][gc,start    ] GC(187) Pause Young (Prepare Mixed) (G1 Evacuation Pause)
[2024-08-28T13:01:42.135+0000][info][gc,task     ] GC(187) Using 49 workers of 68 for evacuation
[2024-08-28T13:01:42.156+0000][info][gc,phases   ] GC(187)   Pre Evacuate Collection Set: 0.3ms
[2024-08-28T13:01:42.156+0000][info][gc,phases   ] GC(187)   Merge Heap Roots: 1.5ms
[2024-08-28T13:01:42.156+0000][info][gc,phases   ] GC(187)   Evacuate Collection Set: 17.7ms
[2024-08-28T13:01:42.156+0000][info][gc,phases   ] GC(187)   Post Evacuate Collection Set: 0.7ms
[2024-08-28T13:01:42.156+0000][info][gc,phases   ] GC(187)   Other: 0.3ms
[2024-08-28T13:01:42.156+0000][info][gc,heap     ] GC(187) Eden regions: 119->0(85)
[2024-08-28T13:01:42.156+0000][info][gc,heap     ] GC(187) Survivor regions: 13->17(17)
[2024-08-28T13:01:42.156+0000][info][gc,heap     ] GC(187) Old regions: 1450->1569
[2024-08-28T13:01:42.156+0000][info][gc,heap     ] GC(187) Archive regions: 2->2
[2024-08-28T13:01:42.156+0000][info][gc,heap     ] GC(187) Humongous regions: 5->5
[2024-08-28T13:01:42.156+0000][info][gc,metaspace] GC(187) Metaspace: 100K(320K)->100K(320K) NonClass: 96K(192K)->96K(192K) Class: 4K(128K)->4K(128K)
[2024-08-28T13:01:42.156+0000][info][gc          ] GC(187) Pause Young (Prepare Mixed) (G1 Evacuation Pause) 1587M->1591M(2048M) 20.549ms
[2024-08-28T13:01:42.156+0000][info][gc,cpu      ] GC(187) User=0.89s Sys=0.00s Real=0.02s
[2024-08-28T13:01:42.209+0000][info][gc,start    ] GC(188) Pause Young (Mixed) (G1 Evacuation Pause)
[2024-08-28T13:01:42.209+0000][info][gc,task     ] GC(188) Using 49 workers of 68 for evacuation
[2024-08-28T13:01:42.225+0000][info][gc,phases   ] GC(188)   Pre Evacuate Collection Set: 0.4ms
[2024-08-28T13:01:42.225+0000][info][gc,phases   ] GC(188)   Merge Heap Roots: 0.6ms
[2024-08-28T13:01:42.225+0000][info][gc,phases   ] GC(188)   Evacuate Collection Set: 13.8ms
[2024-08-28T13:01:42.225+0000][info][gc,phases   ] GC(188)   Post Evacuate Collection Set: 0.7ms
[2024-08-28T13:01:42.225+0000][info][gc,phases   ] GC(188)   Other: 0.3ms
[2024-08-28T13:01:42.225+0000][info][gc,heap     ] GC(188) Eden regions: 85->0(89)
[2024-08-28T13:01:42.225+0000][info][gc,heap     ] GC(188) Survivor regions: 17->13(13)
[2024-08-28T13:01:42.225+0000][info][gc,heap     ] GC(188) Old regions: 1569->1459
[2024-08-28T13:01:42.225+0000][info][gc,heap     ] GC(188) Archive regions: 2->2
[2024-08-28T13:01:42.225+0000][info][gc,heap     ] GC(188) Humongous regions: 5->5
[2024-08-28T13:01:42.225+0000][info][gc,metaspace] GC(188) Metaspace: 100K(320K)->100K(320K) NonClass: 96K(192K)->96K(192K) Class: 4K(128K)->4K(128K)
[2024-08-28T13:01:42.225+0000][info][gc          ] GC(188) Pause Young (Mixed) (G1 Evacuation Pause) 1676M->1477M(2048M) 16.030ms
[2024-08-28T13:01:42.225+0000][info][gc,cpu      ] GC(188) User=0.70s Sys=0.00s Real=0.02s
[2024-08-28T13:01:42.282+0000][info][gc,start    ] GC(189) Pause Young (Mixed) (G1 Evacuation Pause)
[2024-08-28T13:01:42.282+0000][info][gc,task     ] GC(189) Using 49 workers of 68 for evacuation
[2024-08-28T13:01:42.298+0000][info][gc,phases   ] GC(189)   Pre Evacuate Collection Set: 0.4ms
[2024-08-28T13:01:42.298+0000][info][gc,phases   ] GC(189)   Merge Heap Roots: 0.6ms
[2024-08-28T13:01:42.298+0000][info][gc,phases   ] GC(189)   Evacuate Collection Set: 14.0ms
[2024-08-28T13:01:42.298+0000][info][gc,phases   ] GC(189)   Post Evacuate Collection Set: 0.6ms
[2024-08-28T13:01:42.298+0000][info][gc,phases   ] GC(189)   Other: 0.3ms
[2024-08-28T13:01:42.298+0000][info][gc,heap     ] GC(189) Eden regions: 89->0(89)
[2024-08-28T13:01:42.298+0000][info][gc,heap     ] GC(189) Survivor regions: 13->13(13)
[2024-08-28T13:01:42.298+0000][info][gc,heap     ] GC(189) Old regions: 1459->1348
[2024-08-28T13:01:42.298+0000][info][gc,heap     ] GC(189) Archive regions: 2->2
[2024-08-28T13:01:42.298+0000][info][gc,heap     ] GC(189) Humongous regions: 5->5
[2024-08-28T13:01:42.298+0000][info][gc,metaspace] GC(189) Metaspace: 100K(320K)->100K(320K) NonClass: 96K(192K)->96K(192K) Class: 4K(128K)->4K(128K)
[2024-08-28T13:01:42.298+0000][info][gc          ] GC(189) Pause Young (Mixed) (G1 Evacuation Pause) 1566M->1366M(2048M) 15.941ms
[2024-08-28T13:01:42.298+0000][info][gc,cpu      ] GC(189) User=0.69s Sys=0.02s Real=0.02s
[2024-08-28T13:01:42.354+0000][info][gc,start    ] GC(190) Pause Young (Mixed) (G1 Evacuation Pause)
[2024-08-28T13:01:42.354+0000][info][gc,task     ] GC(190) Using 49 workers of 68 for evacuation
[2024-08-28T13:01:42.370+0000][info][gc,phases   ] GC(190)   Pre Evacuate Collection Set: 0.4ms
[2024-08-28T13:01:42.370+0000][info][gc,phases   ] GC(190)   Merge Heap Roots: 0.6ms
[2024-08-28T13:01:42.370+0000][info][gc,phases   ] GC(190)   Evacuate Collection Set: 14.2ms
[2024-08-28T13:01:42.370+0000][info][gc,phases   ] GC(190)   Post Evacuate Collection Set: 0.7ms
[2024-08-28T13:01:42.370+0000][info][gc,phases   ] GC(190)   Other: 0.2ms
[2024-08-28T13:01:42.370+0000][info][gc,heap     ] GC(190) Eden regions: 89->0(89)
[2024-08-28T13:01:42.370+0000][info][gc,heap     ] GC(190) Survivor regions: 13->13(13)
[2024-08-28T13:01:42.370+0000][info][gc,heap     ] GC(190) Old regions: 1348->1236
[2024-08-28T13:01:42.370+0000][info][gc,heap     ] GC(190) Archive regions: 2->2
[2024-08-28T13:01:42.370+0000][info][gc,heap     ] GC(190) Humongous regions: 5->5
[2024-08-28T13:01:42.370+0000][info][gc,metaspace] GC(190) Metaspace: 100K(320K)->100K(320K) NonClass: 96K(192K)->96K(192K) Class: 4K(128K)->4K(128K)
[2024-08-28T13:01:42.370+0000][info][gc          ] GC(190) Pause Young (Mixed) (G1 Evacuation Pause) 1455M->1254M(2048M) 16.120ms
[2024-08-28T13:01:42.370+0000][info][gc,cpu      ] GC(190) User=0.71s Sys=0.01s Real=0.02s
[2024-08-28T13:01:42.426+0000][info][gc,start    ] GC(191) Pause Young (Mixed) (G1 Evacuation Pause)
[2024-08-28T13:01:42.426+0000][info][gc,task     ] GC(191) Using 49 workers of 68 for evacuation
[2024-08-28T13:01:42.442+0000][info][gc,phases   ] GC(191)   Pre Evacuate Collection Set: 0.3ms
[2024-08-28T13:01:42.442+0000][info][gc,phases   ] GC(191)   Merge Heap Roots: 0.7ms
[2024-08-28T13:01:42.442+0000][info][gc,phases   ] GC(191)   Evacuate Collection Set: 14.2ms
[2024-08-28T13:01:42.442+0000][info][gc,phases   ] GC(191)   Post Evacuate Collection Set: 0.7ms
[2024-08-28T13:01:42.442+0000][info][gc,phases   ] GC(191)   Other: 0.2ms
[2024-08-28T13:01:42.442+0000][info][gc,heap     ] GC(191) Eden regions: 89->0(221)
[2024-08-28T13:01:42.442+0000][info][gc,heap     ] GC(191) Survivor regions: 13->13(13)
[2024-08-28T13:01:42.442+0000][info][gc,heap     ] GC(191) Old regions: 1236->1134
[2024-08-28T13:01:42.442+0000][info][gc,heap     ] GC(191) Archive regions: 2->2
[2024-08-28T13:01:42.442+0000][info][gc,heap     ] GC(191) Humongous regions: 5->5
[2024-08-28T13:01:42.442+0000][info][gc,metaspace] GC(191) Metaspace: 100K(320K)->100K(320K) NonClass: 96K(192K)->96K(192K) Class: 4K(128K)->4K(128K)
[2024-08-28T13:01:42.442+0000][info][gc          ] GC(191) Pause Young (Mixed) (G1 Evacuation Pause) 1343M->1152M(2048M) 16.232ms
[2024-08-28T13:01:42.442+0000][info][gc,cpu      ] GC(191) User=0.71s Sys=0.01s Real=0.02s
[2024-08-28T13:01:42.573+0000][info][gc,start    ] GC(192) Pause Young (Normal) (G1 Evacuation Pause)
[2024-08-28T13:01:42.573+0000][info][gc,task     ] GC(192) Using 49 workers of 68 for evacuation
[2024-08-28T13:01:42.601+0000][info][gc,phases   ] GC(192)   Pre Evacuate Collection Set: 0.2ms
[2024-08-28T13:01:42.601+0000][info][gc,phases   ] GC(192)   Merge Heap Roots: 0.9ms
[2024-08-28T13:01:42.601+0000][info][gc,phases   ] GC(192)   Evacuate Collection Set: 26.1ms
[2024-08-28T13:01:42.601+0000][info][gc,phases   ] GC(192)   Post Evacuate Collection Set: 0.7ms
[2024-08-28T13:01:42.601+0000][info][gc,phases   ] GC(192)   Other: 0.3ms
[2024-08-28T13:01:42.601+0000][info][gc,heap     ] GC(192) Eden regions: 221->0(151)
[2024-08-28T13:01:42.601+0000][info][gc,heap     ] GC(192) Survivor regions: 13->30(30)
[2024-08-28T13:01:42.601+0000][info][gc,heap     ] GC(192) Old regions: 1134->1333
[2024-08-28T13:01:42.601+0000][info][gc,heap     ] GC(192) Archive regions: 2->2
[2024-08-28T13:01:42.601+0000][info][gc,heap     ] GC(192) Humongous regions: 5->5
[2024-08-28T13:01:42.601+0000][info][gc,metaspace] GC(192) Metaspace: 100K(320K)->100K(320K) NonClass: 96K(192K)->96K(192K) Class: 4K(128K)->4K(128K)
[2024-08-28T13:01:42.601+0000][info][gc          ] GC(192) Pause Young (Normal) (G1 Evacuation Pause) 1373M->1368M(2048M) 28.313ms
[2024-08-28T13:01:42.601+0000][info][gc,cpu      ] GC(192) User=1.26s Sys=0.01s Real=0.03s
[2024-08-28T13:01:42.695+0000][info][gc,start    ] GC(193) Pause Young (Normal) (G1 Evacuation Pause)
[2024-08-28T13:01:42.695+0000][info][gc,task     ] GC(193) Using 49 workers of 68 for evacuation
[2024-08-28T13:01:42.719+0000][info][gc,phases   ] GC(193)   Pre Evacuate Collection Set: 0.3ms
[2024-08-28T13:01:42.719+0000][info][gc,phases   ] GC(193)   Merge Heap Roots: 1.0ms
[2024-08-28T13:01:42.719+0000][info][gc,phases   ] GC(193)   Evacuate Collection Set: 22.1ms
[2024-08-28T13:01:42.719+0000][info][gc,phases   ] GC(193)   Post Evacuate Collection Set: 0.7ms
[2024-08-28T13:01:42.719+0000][info][gc,phases   ] GC(193)   Other: 0.4ms
[2024-08-28T13:01:42.719+0000][info][gc,heap     ] GC(193) Eden regions: 151->0(101)
[2024-08-28T13:01:42.719+0000][info][gc,heap     ] GC(193) Survivor regions: 30->23(23)
[2024-08-28T13:01:42.719+0000][info][gc,heap     ] GC(193) Old regions: 1333->1496
[2024-08-28T13:01:42.719+0000][info][gc,heap     ] GC(193) Archive regions: 2->2
[2024-08-28T13:01:42.719+0000][info][gc,heap     ] GC(193) Humongous regions: 5->5
[2024-08-28T13:01:42.719+0000][info][gc,metaspace] GC(193) Metaspace: 100K(320K)->100K(320K) NonClass: 96K(192K)->96K(192K) Class: 4K(128K)->4K(128K)
[2024-08-28T13:01:42.720+0000][info][gc          ] GC(193) Pause Young (Normal) (G1 Evacuation Pause) 1519M->1524M(2048M) 24.664ms
[2024-08-28T13:01:42.720+0000][info][gc,cpu      ] GC(193) User=1.12s Sys=0.00s Real=0.03s
[2024-08-28T13:01:42.782+0000][info][gc,start    ] GC(194) Pause Young (Concurrent Start) (G1 Evacuation Pause)
[2024-08-28T13:01:42.783+0000][info][gc,task     ] GC(194) Using 49 workers of 68 for evacuation
[2024-08-28T13:01:42.802+0000][info][gc,phases   ] GC(194)   Pre Evacuate Collection Set: 0.3ms
[2024-08-28T13:01:42.802+0000][info][gc,phases   ] GC(194)   Merge Heap Roots: 0.5ms
[2024-08-28T13:01:42.802+0000][info][gc,phases   ] GC(194)   Evacuate Collection Set: 17.0ms
[2024-08-28T13:01:42.802+0000][info][gc,phases   ] GC(194)   Post Evacuate Collection Set: 0.7ms
[2024-08-28T13:01:42.802+0000][info][gc,phases   ] GC(194)   Other: 1.2ms
[2024-08-28T13:01:42.802+0000][info][gc,heap     ] GC(194) Eden regions: 101->0(86)
[2024-08-28T13:01:42.802+0000][info][gc,heap     ] GC(194) Survivor regions: 23->16(16)
[2024-08-28T13:01:42.802+0000][info][gc,heap     ] GC(194) Old regions: 1496->1612
[2024-08-28T13:01:42.802+0000][info][gc,heap     ] GC(194) Archive regions: 2->2
[2024-08-28T13:01:42.802+0000][info][gc,heap     ] GC(194) Humongous regions: 5->5
[2024-08-28T13:01:42.802+0000][info][gc,metaspace] GC(194) Metaspace: 100K(320K)->100K(320K) NonClass: 96K(192K)->96K(192K) Class: 4K(128K)->4K(128K)
[2024-08-28T13:01:42.802+0000][info][gc          ] GC(194) Pause Young (Concurrent Start) (G1 Evacuation Pause) 1625M->1633M(2048M) 19.863ms
[2024-08-28T13:01:42.802+0000][info][gc,cpu      ] GC(194) User=0.82s Sys=0.03s Real=0.02s
[2024-08-28T13:01:42.802+0000][info][gc          ] GC(195) Concurrent Mark Cycle
[2024-08-28T13:01:42.803+0000][info][gc,marking  ] GC(195) Concurrent Clear Claimed Marks
[2024-08-28T13:01:42.803+0000][info][gc,marking  ] GC(195) Concurrent Clear Claimed Marks 0.010ms
[2024-08-28T13:01:42.803+0000][info][gc,marking  ] GC(195) Concurrent Scan Root Regions
[2024-08-28T13:01:42.806+0000][info][gc,marking  ] GC(195) Concurrent Scan Root Regions 3.380ms
[2024-08-28T13:01:42.806+0000][info][gc,marking  ] GC(195) Concurrent Mark
[2024-08-28T13:01:42.806+0000][info][gc,marking  ] GC(195) Concurrent Mark From Roots
[2024-08-28T13:01:42.806+0000][info][gc,task     ] GC(195) Using 17 workers of 17 for marking
[2024-08-28T13:01:42.828+0000][info][gc,marking  ] GC(195) Concurrent Mark From Roots 22.136ms
[2024-08-28T13:01:42.828+0000][info][gc,marking  ] GC(195) Concurrent Preclean
[2024-08-28T13:01:42.829+0000][info][gc,marking  ] GC(195) Concurrent Preclean 0.505ms
[2024-08-28T13:01:42.829+0000][info][gc,start    ] GC(195) Pause Remark
[2024-08-28T13:01:42.832+0000][info][gc          ] GC(195) Pause Remark 1661M->1389M(2048M) 3.036ms
[2024-08-28T13:01:42.832+0000][info][gc,cpu      ] GC(195) User=0.00s Sys=0.03s Real=0.01s
[2024-08-28T13:01:42.832+0000][info][gc,marking  ] GC(195) Concurrent Mark 26.264ms
[2024-08-28T13:01:42.832+0000][info][gc,marking  ] GC(195) Concurrent Rebuild Remembered Sets
[2024-08-28T13:01:42.873+0000][info][gc,start    ] GC(196) Pause Young (Normal) (G1 Evacuation Pause)
[2024-08-28T13:01:42.873+0000][info][gc,task     ] GC(196) Using 49 workers of 68 for evacuation
[2024-08-28T13:01:42.888+0000][info][gc,phases   ] GC(196)   Pre Evacuate Collection Set: 0.2ms
[2024-08-28T13:01:42.888+0000][info][gc,phases   ] GC(196)   Merge Heap Roots: 0.9ms
[2024-08-28T13:01:42.888+0000][info][gc,phases   ] GC(196)   Evacuate Collection Set: 13.3ms
[2024-08-28T13:01:42.888+0000][info][gc,phases   ] GC(196)   Post Evacuate Collection Set: 0.9ms
[2024-08-28T13:01:42.888+0000][info][gc,phases   ] GC(196)   Other: 0.2ms
[2024-08-28T13:01:42.888+0000][info][gc,heap     ] GC(196) Eden regions: 86->0(123)
[2024-08-28T13:01:42.888+0000][info][gc,heap     ] GC(196) Survivor regions: 16->13(13)
[2024-08-28T13:01:42.888+0000][info][gc,heap     ] GC(196) Old regions: 1340->1437
[2024-08-28T13:01:42.888+0000][info][gc,heap     ] GC(196) Archive regions: 2->2
[2024-08-28T13:01:42.888+0000][info][gc,heap     ] GC(196) Humongous regions: 5->5
[2024-08-28T13:01:42.888+0000][info][gc,metaspace] GC(196) Metaspace: 100K(320K)->100K(320K) NonClass: 96K(192K)->96K(192K) Class: 4K(128K)->4K(128K)
[2024-08-28T13:01:42.888+0000][info][gc          ] GC(196) Pause Young (Normal) (G1 Evacuation Pause) 1447M->1455M(2048M) 15.706ms
[2024-08-28T13:01:42.889+0000][info][gc,cpu      ] GC(196) User=0.71s Sys=0.00s Real=0.01s
[2024-08-28T13:01:42.896+0000][info][gc,marking  ] GC(195) Concurrent Rebuild Remembered Sets 63.264ms
[2024-08-28T13:01:42.896+0000][info][gc,start    ] GC(195) Pause Cleanup
[2024-08-28T13:01:42.898+0000][info][gc          ] GC(195) Pause Cleanup 1465M->1465M(2048M) 2.533ms
[2024-08-28T13:01:42.898+0000][info][gc,cpu      ] GC(195) User=0.01s Sys=0.00s Real=0.01s
[2024-08-28T13:01:42.898+0000][info][gc,marking  ] GC(195) Concurrent Cleanup for Next Mark
[2024-08-28T13:01:42.900+0000][info][gc,marking  ] GC(195) Concurrent Cleanup for Next Mark 1.500ms
[2024-08-28T13:01:42.900+0000][info][gc          ] GC(195) Concurrent Mark Cycle 97.494ms
[2024-08-28T13:01:42.971+0000][info][gc,start    ] GC(197) Pause Young (Prepare Mixed) (G1 Evacuation Pause)
[2024-08-28T13:01:42.971+0000][info][gc,task     ] GC(197) Using 49 workers of 68 for evacuation
[2024-08-28T13:01:42.989+0000][info][gc,phases   ] GC(197)   Pre Evacuate Collection Set: 0.2ms
[2024-08-28T13:01:42.989+0000][info][gc,phases   ] GC(197)   Merge Heap Roots: 0.7ms
[2024-08-28T13:01:42.989+0000][info][gc,phases   ] GC(197)   Evacuate Collection Set: 16.3ms
[2024-08-28T13:01:42.989+0000][info][gc,phases   ] GC(197)   Post Evacuate Collection Set: 0.6ms
[2024-08-28T13:01:42.989+0000][info][gc,phases   ] GC(197)   Other: 0.2ms
[2024-08-28T13:01:42.990+0000][info][gc,heap     ] GC(197) Eden regions: 123->0(85)
[2024-08-28T13:01:42.990+0000][info][gc,heap     ] GC(197) Survivor regions: 13->17(17)
[2024-08-28T13:01:42.990+0000][info][gc,heap     ] GC(197) Old regions: 1437->1559
[2024-08-28T13:01:42.990+0000][info][gc,heap     ] GC(197) Archive regions: 2->2
[2024-08-28T13:01:42.990+0000][info][gc,heap     ] GC(197) Humongous regions: 5->5
[2024-08-28T13:01:42.990+0000][info][gc,metaspace] GC(197) Metaspace: 100K(320K)->100K(320K) NonClass: 96K(192K)->96K(192K) Class: 4K(128K)->4K(128K)
[2024-08-28T13:01:42.990+0000][info][gc          ] GC(197) Pause Young (Prepare Mixed) (G1 Evacuation Pause) 1578M->1581M(2048M) 18.125ms
[2024-08-28T13:01:42.990+0000][info][gc,cpu      ] GC(197) User=0.82s Sys=0.00s Real=0.02s
[2024-08-28T13:01:43.043+0000][info][gc,start    ] GC(198) Pause Young (Mixed) (G1 Evacuation Pause)
[2024-08-28T13:01:43.043+0000][info][gc,task     ] GC(198) Using 49 workers of 68 for evacuation
[2024-08-28T13:01:43.059+0000][info][gc,phases   ] GC(198)   Pre Evacuate Collection Set: 0.4ms
[2024-08-28T13:01:43.059+0000][info][gc,phases   ] GC(198)   Merge Heap Roots: 0.6ms
[2024-08-28T13:01:43.059+0000][info][gc,phases   ] GC(198)   Evacuate Collection Set: 13.9ms
[2024-08-28T13:01:43.059+0000][info][gc,phases   ] GC(198)   Post Evacuate Collection Set: 0.7ms
[2024-08-28T13:01:43.059+0000][info][gc,phases   ] GC(198)   Other: 0.3ms
[2024-08-28T13:01:43.059+0000][info][gc,heap     ] GC(198) Eden regions: 85->0(89)
[2024-08-28T13:01:43.059+0000][info][gc,heap     ] GC(198) Survivor regions: 17->13(13)
[2024-08-28T13:01:43.059+0000][info][gc,heap     ] GC(198) Old regions: 1559->1449
[2024-08-28T13:01:43.059+0000][info][gc,heap     ] GC(198) Archive regions: 2->2
[2024-08-28T13:01:43.059+0000][info][gc,heap     ] GC(198) Humongous regions: 5->5
[2024-08-28T13:01:43.059+0000][info][gc,metaspace] GC(198) Metaspace: 100K(320K)->100K(320K) NonClass: 96K(192K)->96K(192K) Class: 4K(128K)->4K(128K)
[2024-08-28T13:01:43.059+0000][info][gc          ] GC(198) Pause Young (Mixed) (G1 Evacuation Pause) 1666M->1467M(2048M) 15.970ms
[2024-08-28T13:01:43.059+0000][info][gc,cpu      ] GC(198) User=0.70s Sys=0.00s Real=0.02s
[2024-08-28T13:01:43.115+0000][info][gc,start    ] GC(199) Pause Young (Mixed) (G1 Evacuation Pause)
[2024-08-28T13:01:43.115+0000][info][gc,task     ] GC(199) Using 49 workers of 68 for evacuation
[2024-08-28T13:01:43.131+0000][info][gc,phases   ] GC(199)   Pre Evacuate Collection Set: 0.4ms
[2024-08-28T13:01:43.131+0000][info][gc,phases   ] GC(199)   Merge Heap Roots: 0.6ms
[2024-08-28T13:01:43.131+0000][info][gc,phases   ] GC(199)   Evacuate Collection Set: 13.9ms
[2024-08-28T13:01:43.131+0000][info][gc,phases   ] GC(199)   Post Evacuate Collection Set: 0.7ms
[2024-08-28T13:01:43.131+0000][info][gc,phases   ] GC(199)   Other: 0.4ms
[2024-08-28T13:01:43.131+0000][info][gc,heap     ] GC(199) Eden regions: 89->0(89)
[2024-08-28T13:01:43.131+0000][info][gc,heap     ] GC(199) Survivor regions: 13->13(13)
[2024-08-28T13:01:43.131+0000][info][gc,heap     ] GC(199) Old regions: 1449->1338
[2024-08-28T13:01:43.131+0000][info][gc,heap     ] GC(199) Archive regions: 2->2
[2024-08-28T13:01:43.131+0000][info][gc,heap     ] GC(199) Humongous regions: 5->5
[2024-08-28T13:01:43.131+0000][info][gc,metaspace] GC(199) Metaspace: 100K(320K)->100K(320K) NonClass: 96K(192K)->96K(192K) Class: 4K(128K)->4K(128K)
[2024-08-28T13:01:43.131+0000][info][gc          ] GC(199) Pause Young (Mixed) (G1 Evacuation Pause) 1556M->1356M(2048M) 16.129ms
[2024-08-28T13:01:43.132+0000][info][gc,cpu      ] GC(199) User=0.70s Sys=0.00s Real=0.02s
[2024-08-28T13:01:43.188+0000][info][gc,start    ] GC(200) Pause Young (Mixed) (G1 Evacuation Pause)
[2024-08-28T13:01:43.188+0000][info][gc,task     ] GC(200) Using 49 workers of 68 for evacuation
[2024-08-28T13:01:43.204+0000][info][gc,phases   ] GC(200)   Pre Evacuate Collection Set: 0.4ms
[2024-08-28T13:01:43.204+0000][info][gc,phases   ] GC(200)   Merge Heap Roots: 0.6ms
[2024-08-28T13:01:43.204+0000][info][gc,phases   ] GC(200)   Evacuate Collection Set: 14.0ms
[2024-08-28T13:01:43.204+0000][info][gc,phases   ] GC(200)   Post Evacuate Collection Set: 0.7ms
[2024-08-28T13:01:43.204+0000][info][gc,phases   ] GC(200)   Other: 0.3ms
[2024-08-28T13:01:43.204+0000][info][gc,heap     ] GC(200) Eden regions: 89->0(89)
[2024-08-28T13:01:43.204+0000][info][gc,heap     ] GC(200) Survivor regions: 13->13(13)
[2024-08-28T13:01:43.204+0000][info][gc,heap     ] GC(200) Old regions: 1338->1228
[2024-08-28T13:01:43.204+0000][info][gc,heap     ] GC(200) Archive regions: 2->2
[2024-08-28T13:01:43.204+0000][info][gc,heap     ] GC(200) Humongous regions: 5->5
[2024-08-28T13:01:43.204+0000][info][gc,metaspace] GC(200) Metaspace: 100K(320K)->100K(320K) NonClass: 96K(192K)->96K(192K) Class: 4K(128K)->4K(128K)
[2024-08-28T13:01:43.204+0000][info][gc          ] GC(200) Pause Young (Mixed) (G1 Evacuation Pause) 1445M->1246M(2048M) 16.195ms
[2024-08-28T13:01:43.204+0000][info][gc,cpu      ] GC(200) User=0.71s Sys=0.00s Real=0.02s
[2024-08-28T13:01:43.261+0000][info][gc,start    ] GC(201) Pause Young (Mixed) (G1 Evacuation Pause)
[2024-08-28T13:01:43.261+0000][info][gc,task     ] GC(201) Using 49 workers of 68 for evacuation
[2024-08-28T13:01:43.277+0000][info][gc,phases   ] GC(201)   Pre Evacuate Collection Set: 0.4ms
[2024-08-28T13:01:43.277+0000][info][gc,phases   ] GC(201)   Merge Heap Roots: 0.7ms
[2024-08-28T13:01:43.277+0000][info][gc,phases   ] GC(201)   Evacuate Collection Set: 14.2ms
[2024-08-28T13:01:43.277+0000][info][gc,phases   ] GC(201)   Post Evacuate Collection Set: 0.7ms
[2024-08-28T13:01:43.277+0000][info][gc,phases   ] GC(201)   Other: 0.3ms
[2024-08-28T13:01:43.277+0000][info][gc,heap     ] GC(201) Eden regions: 89->0(219)
[2024-08-28T13:01:43.277+0000][info][gc,heap     ] GC(201) Survivor regions: 13->13(13)
[2024-08-28T13:01:43.277+0000][info][gc,heap     ] GC(201) Old regions: 1228->1140
[2024-08-28T13:01:43.277+0000][info][gc,heap     ] GC(201) Archive regions: 2->2
[2024-08-28T13:01:43.277+0000][info][gc,heap     ] GC(201) Humongous regions: 5->5
[2024-08-28T13:01:43.278+0000][info][gc,metaspace] GC(201) Metaspace: 100K(320K)->100K(320K) NonClass: 96K(192K)->96K(192K) Class: 4K(128K)->4K(128K)
[2024-08-28T13:01:43.278+0000][info][gc          ] GC(201) Pause Young (Mixed) (G1 Evacuation Pause) 1335M->1158M(2048M) 16.394ms
[2024-08-28T13:01:43.278+0000][info][gc,cpu      ] GC(201) User=0.72s Sys=0.00s Real=0.02s
[2024-08-28T13:01:43.410+0000][info][gc,start    ] GC(202) Pause Young (Normal) (G1 Evacuation Pause)
[2024-08-28T13:01:43.410+0000][info][gc,task     ] GC(202) Using 49 workers of 68 for evacuation
[2024-08-28T13:01:43.441+0000][info][gc,phases   ] GC(202)   Pre Evacuate Collection Set: 0.2ms
[2024-08-28T13:01:43.441+0000][info][gc,phases   ] GC(202)   Merge Heap Roots: 0.8ms
[2024-08-28T13:01:43.441+0000][info][gc,phases   ] GC(202)   Evacuate Collection Set: 29.1ms
[2024-08-28T13:01:43.441+0000][info][gc,phases   ] GC(202)   Post Evacuate Collection Set: 0.7ms
[2024-08-28T13:01:43.441+0000][info][gc,phases   ] GC(202)   Other: 0.2ms
[2024-08-28T13:01:43.441+0000][info][gc,heap     ] GC(202) Eden regions: 219->0(149)
[2024-08-28T13:01:43.441+0000][info][gc,heap     ] GC(202) Survivor regions: 13->29(29)
[2024-08-28T13:01:43.441+0000][info][gc,heap     ] GC(202) Old regions: 1140->1340
[2024-08-28T13:01:43.441+0000][info][gc,heap     ] GC(202) Archive regions: 2->2
[2024-08-28T13:01:43.441+0000][info][gc,heap     ] GC(202) Humongous regions: 5->5
[2024-08-28T13:01:43.441+0000][info][gc,metaspace] GC(202) Metaspace: 100K(320K)->100K(320K) NonClass: 96K(192K)->96K(192K) Class: 4K(128K)->4K(128K)
[2024-08-28T13:01:43.441+0000][info][gc          ] GC(202) Pause Young (Normal) (G1 Evacuation Pause) 1377M->1374M(2048M) 31.169ms
[2024-08-28T13:01:43.441+0000][info][gc,cpu      ] GC(202) User=1.23s Sys=0.05s Real=0.03s
[2024-08-28T13:01:43.581+0000][info][gc,start    ] GC(203) Pause Young (Normal) (G1 Evacuation Pause)
[2024-08-28T13:01:43.581+0000][info][gc,task     ] GC(203) Using 49 workers of 68 for evacuation
[2024-08-28T13:01:43.607+0000][info][gc,phases   ] GC(203)   Pre Evacuate Collection Set: 0.2ms
[2024-08-28T13:01:43.607+0000][info][gc,phases   ] GC(203)   Merge Heap Roots: 1.0ms
[2024-08-28T13:01:43.607+0000][info][gc,phases   ] GC(203)   Evacuate Collection Set: 23.9ms
[2024-08-28T13:01:43.607+0000][info][gc,phases   ] GC(203)   Post Evacuate Collection Set: 0.6ms
[2024-08-28T13:01:43.607+0000][info][gc,phases   ] GC(203)   Other: 0.3ms
[2024-08-28T13:01:43.607+0000][info][gc,heap     ] GC(203) Eden regions: 149->0(99)
[2024-08-28T13:01:43.607+0000][info][gc,heap     ] GC(203) Survivor regions: 29->23(23)
[2024-08-28T13:01:43.607+0000][info][gc,heap     ] GC(203) Old regions: 1340->1500
[2024-08-28T13:01:43.607+0000][info][gc,heap     ] GC(203) Archive regions: 2->2
[2024-08-28T13:01:43.607+0000][info][gc,heap     ] GC(203) Humongous regions: 5->5
[2024-08-28T13:01:43.607+0000][info][gc,metaspace] GC(203) Metaspace: 100K(320K)->100K(320K) NonClass: 96K(192K)->96K(192K) Class: 4K(128K)->4K(128K)
[2024-08-28T13:01:43.607+0000][info][gc          ] GC(203) Pause Young (Normal) (G1 Evacuation Pause) 1523M->1528M(2048M) 26.150ms
[2024-08-28T13:01:43.607+0000][info][gc,cpu      ] GC(203) User=1.09s Sys=0.12s Real=0.02s
[2024-08-28T13:01:43.674+0000][info][gc,start    ] GC(204) Pause Young (Concurrent Start) (G1 Evacuation Pause)
[2024-08-28T13:01:43.674+0000][info][gc,task     ] GC(204) Using 49 workers of 68 for evacuation
[2024-08-28T13:01:43.696+0000][info][gc,phases   ] GC(204)   Pre Evacuate Collection Set: 0.3ms
[2024-08-28T13:01:43.696+0000][info][gc,phases   ] GC(204)   Merge Heap Roots: 0.6ms
[2024-08-28T13:01:43.696+0000][info][gc,phases   ] GC(204)   Evacuate Collection Set: 20.0ms
[2024-08-28T13:01:43.696+0000][info][gc,phases   ] GC(204)   Post Evacuate Collection Set: 0.6ms
[2024-08-28T13:01:43.696+0000][info][gc,phases   ] GC(204)   Other: 1.1ms
[2024-08-28T13:01:43.696+0000][info][gc,heap     ] GC(204) Eden regions: 99->0(86)
[2024-08-28T13:01:43.696+0000][info][gc,heap     ] GC(204) Survivor regions: 23->16(16)
[2024-08-28T13:01:43.696+0000][info][gc,heap     ] GC(204) Old regions: 1500->1614
[2024-08-28T13:01:43.696+0000][info][gc,heap     ] GC(204) Archive regions: 2->2
[2024-08-28T13:01:43.696+0000][info][gc,heap     ] GC(204) Humongous regions: 5->5
[2024-08-28T13:01:43.696+0000][info][gc,metaspace] GC(204) Metaspace: 100K(320K)->100K(320K) NonClass: 96K(192K)->96K(192K) Class: 4K(128K)->4K(128K)
[2024-08-28T13:01:43.696+0000][info][gc          ] GC(204) Pause Young (Concurrent Start) (G1 Evacuation Pause) 1627M->1635M(2048M) 22.648ms
[2024-08-28T13:01:43.696+0000][info][gc,cpu      ] GC(204) User=0.79s Sys=0.03s Real=0.02s
[2024-08-28T13:01:43.696+0000][info][gc          ] GC(205) Concurrent Mark Cycle
[2024-08-28T13:01:43.696+0000][info][gc,marking  ] GC(205) Concurrent Clear Claimed Marks
[2024-08-28T13:01:43.696+0000][info][gc,marking  ] GC(205) Concurrent Clear Claimed Marks 0.009ms
[2024-08-28T13:01:43.696+0000][info][gc,marking  ] GC(205) Concurrent Scan Root Regions
[2024-08-28T13:01:43.700+0000][info][gc,marking  ] GC(205) Concurrent Scan Root Regions 3.261ms
[2024-08-28T13:01:43.700+0000][info][gc,marking  ] GC(205) Concurrent Mark
[2024-08-28T13:01:43.700+0000][info][gc,marking  ] GC(205) Concurrent Mark From Roots
[2024-08-28T13:01:43.700+0000][info][gc,task     ] GC(205) Using 17 workers of 17 for marking
[2024-08-28T13:01:43.725+0000][info][gc,marking  ] GC(205) Concurrent Mark From Roots 25.141ms
[2024-08-28T13:01:43.725+0000][info][gc,marking  ] GC(205) Concurrent Preclean
[2024-08-28T13:01:43.725+0000][info][gc,marking  ] GC(205) Concurrent Preclean 0.504ms
[2024-08-28T13:01:43.726+0000][info][gc,start    ] GC(205) Pause Remark
[2024-08-28T13:01:43.729+0000][info][gc          ] GC(205) Pause Remark 1662M->1398M(2048M) 3.179ms
[2024-08-28T13:01:43.729+0000][info][gc,cpu      ] GC(205) User=0.02s Sys=0.01s Real=0.00s
[2024-08-28T13:01:43.729+0000][info][gc,marking  ] GC(205) Concurrent Mark 29.377ms
[2024-08-28T13:01:43.729+0000][info][gc,marking  ] GC(205) Concurrent Rebuild Remembered Sets
[2024-08-28T13:01:43.771+0000][info][gc,start    ] GC(206) Pause Young (Normal) (G1 Evacuation Pause)
[2024-08-28T13:01:43.771+0000][info][gc,task     ] GC(206) Using 49 workers of 68 for evacuation
[2024-08-28T13:01:43.789+0000][info][gc,phases   ] GC(206)   Pre Evacuate Collection Set: 0.3ms
[2024-08-28T13:01:43.789+0000][info][gc,phases   ] GC(206)   Merge Heap Roots: 1.0ms
[2024-08-28T13:01:43.789+0000][info][gc,phases   ] GC(206)   Evacuate Collection Set: 15.7ms
[2024-08-28T13:01:43.789+0000][info][gc,phases   ] GC(206)   Post Evacuate Collection Set: 0.8ms
[2024-08-28T13:01:43.789+0000][info][gc,phases   ] GC(206)   Other: 0.4ms
[2024-08-28T13:01:43.789+0000][info][gc,heap     ] GC(206) Eden regions: 86->0(120)
[2024-08-28T13:01:43.789+0000][info][gc,heap     ] GC(206) Survivor regions: 16->13(13)
[2024-08-28T13:01:43.789+0000][info][gc,heap     ] GC(206) Old regions: 1350->1446
[2024-08-28T13:01:43.789+0000][info][gc,heap     ] GC(206) Archive regions: 2->2
[2024-08-28T13:01:43.789+0000][info][gc,heap     ] GC(206) Humongous regions: 5->5
[2024-08-28T13:01:43.789+0000][info][gc,metaspace] GC(206) Metaspace: 100K(320K)->100K(320K) NonClass: 96K(192K)->96K(192K) Class: 4K(128K)->4K(128K)
[2024-08-28T13:01:43.789+0000][info][gc          ] GC(206) Pause Young (Normal) (G1 Evacuation Pause) 1457M->1464M(2048M) 18.176ms
[2024-08-28T13:01:43.789+0000][info][gc,cpu      ] GC(206) User=0.68s Sys=0.13s Real=0.01s
[2024-08-28T13:01:43.795+0000][info][gc,marking  ] GC(205) Concurrent Rebuild Remembered Sets 65.683ms
[2024-08-28T13:01:43.795+0000][info][gc,start    ] GC(205) Pause Cleanup
[2024-08-28T13:01:43.798+0000][info][gc          ] GC(205) Pause Cleanup 1472M->1472M(2048M) 2.890ms
[2024-08-28T13:01:43.798+0000][info][gc,cpu      ] GC(205) User=0.02s Sys=0.00s Real=0.01s
[2024-08-28T13:01:43.798+0000][info][gc,marking  ] GC(205) Concurrent Cleanup for Next Mark
[2024-08-28T13:01:43.800+0000][info][gc,marking  ] GC(205) Concurrent Cleanup for Next Mark 1.466ms
[2024-08-28T13:01:43.800+0000][info][gc          ] GC(205) Concurrent Mark Cycle 103.298ms
[2024-08-28T13:01:43.872+0000][info][gc,start    ] GC(207) Pause Young (Prepare Mixed) (G1 Evacuation Pause)
[2024-08-28T13:01:43.872+0000][info][gc,task     ] GC(207) Using 49 workers of 68 for evacuation
[2024-08-28T13:01:43.898+0000][info][gc,phases   ] GC(207)   Pre Evacuate Collection Set: 0.3ms
[2024-08-28T13:01:43.898+0000][info][gc,phases   ] GC(207)   Merge Heap Roots: 0.7ms
[2024-08-28T13:01:43.898+0000][info][gc,phases   ] GC(207)   Evacuate Collection Set: 23.4ms
[2024-08-28T13:01:43.898+0000][info][gc,phases   ] GC(207)   Post Evacuate Collection Set: 0.6ms
[2024-08-28T13:01:43.898+0000][info][gc,phases   ] GC(207)   Other: 0.2ms
[2024-08-28T13:01:43.898+0000][info][gc,heap     ] GC(207) Eden regions: 120->0(85)
[2024-08-28T13:01:43.898+0000][info][gc,heap     ] GC(207) Survivor regions: 13->17(17)
[2024-08-28T13:01:43.898+0000][info][gc,heap     ] GC(207) Old regions: 1446->1566
[2024-08-28T13:01:43.898+0000][info][gc,heap     ] GC(207) Archive regions: 2->2
[2024-08-28T13:01:43.898+0000][info][gc,heap     ] GC(207) Humongous regions: 5->5
[2024-08-28T13:01:43.898+0000][info][gc,metaspace] GC(207) Metaspace: 100K(320K)->100K(320K) NonClass: 96K(192K)->96K(192K) Class: 4K(128K)->4K(128K)
[2024-08-28T13:01:43.898+0000][info][gc          ] GC(207) Pause Young (Prepare Mixed) (G1 Evacuation Pause) 1584M->1588M(2048M) 25.288ms
[2024-08-28T13:01:43.898+0000][info][gc,cpu      ] GC(207) User=0.63s Sys=0.36s Real=0.03s
[2024-08-28T13:01:43.958+0000][info][gc,start    ] GC(208) Pause Young (Mixed) (G1 Evacuation Pause)
[2024-08-28T13:01:43.958+0000][info][gc,task     ] GC(208) Using 49 workers of 68 for evacuation
[2024-08-28T13:01:43.978+0000][info][gc,phases   ] GC(208)   Pre Evacuate Collection Set: 0.4ms
[2024-08-28T13:01:43.978+0000][info][gc,phases   ] GC(208)   Merge Heap Roots: 0.6ms
[2024-08-28T13:01:43.978+0000][info][gc,phases   ] GC(208)   Evacuate Collection Set: 18.9ms
[2024-08-28T13:01:43.978+0000][info][gc,phases   ] GC(208)   Post Evacuate Collection Set: 0.6ms
[2024-08-28T13:01:43.978+0000][info][gc,phases   ] GC(208)   Other: 0.2ms
[2024-08-28T13:01:43.978+0000][info][gc,heap     ] GC(208) Eden regions: 85->0(89)
[2024-08-28T13:01:43.978+0000][info][gc,heap     ] GC(208) Survivor regions: 17->13(13)
[2024-08-28T13:01:43.978+0000][info][gc,heap     ] GC(208) Old regions: 1566->1455
[2024-08-28T13:01:43.978+0000][info][gc,heap     ] GC(208) Archive regions: 2->2
[2024-08-28T13:01:43.978+0000][info][gc,heap     ] GC(208) Humongous regions: 5->5
[2024-08-28T13:01:43.978+0000][info][gc,metaspace] GC(208) Metaspace: 100K(320K)->100K(320K) NonClass: 96K(192K)->96K(192K) Class: 4K(128K)->4K(128K)
[2024-08-28T13:01:43.978+0000][info][gc          ] GC(208) Pause Young (Mixed) (G1 Evacuation Pause) 1673M->1473M(2048M) 20.785ms
[2024-08-28T13:01:43.979+0000][info][gc,cpu      ] GC(208) User=0.73s Sys=0.21s Real=0.02s
[2024-08-28T13:01:44.037+0000][info][gc,start    ] GC(209) Pause Young (Mixed) (G1 Evacuation Pause)
[2024-08-28T13:01:44.037+0000][info][gc,task     ] GC(209) Using 49 workers of 68 for evacuation
[2024-08-28T13:01:44.055+0000][info][gc,phases   ] GC(209)   Pre Evacuate Collection Set: 0.4ms
[2024-08-28T13:01:44.055+0000][info][gc,phases   ] GC(209)   Merge Heap Roots: 0.5ms
[2024-08-28T13:01:44.055+0000][info][gc,phases   ] GC(209)   Evacuate Collection Set: 16.0ms
[2024-08-28T13:01:44.055+0000][info][gc,phases   ] GC(209)   Post Evacuate Collection Set: 0.6ms
[2024-08-28T13:01:44.055+0000][info][gc,phases   ] GC(209)   Other: 0.2ms
[2024-08-28T13:01:44.055+0000][info][gc,heap     ] GC(209) Eden regions: 89->0(89)
[2024-08-28T13:01:44.055+0000][info][gc,heap     ] GC(209) Survivor regions: 13->13(13)
[2024-08-28T13:01:44.055+0000][info][gc,heap     ] GC(209) Old regions: 1455->1345
[2024-08-28T13:01:44.055+0000][info][gc,heap     ] GC(209) Archive regions: 2->2
[2024-08-28T13:01:44.055+0000][info][gc,heap     ] GC(209) Humongous regions: 5->5
[2024-08-28T13:01:44.055+0000][info][gc,metaspace] GC(209) Metaspace: 100K(320K)->100K(320K) NonClass: 96K(192K)->96K(192K) Class: 4K(128K)->4K(128K)
[2024-08-28T13:01:44.055+0000][info][gc          ] GC(209) Pause Young (Mixed) (G1 Evacuation Pause) 1562M->1363M(2048M) 17.836ms
[2024-08-28T13:01:44.055+0000][info][gc,cpu      ] GC(209) User=0.59s Sys=0.21s Real=0.02s
[2024-08-28T13:01:44.113+0000][info][gc,start    ] GC(210) Pause Young (Mixed) (G1 Evacuation Pause)
[2024-08-28T13:01:44.113+0000][info][gc,task     ] GC(210) Using 49 workers of 68 for evacuation
[2024-08-28T13:01:44.141+0000][info][gc,phases   ] GC(210)   Pre Evacuate Collection Set: 0.4ms
[2024-08-28T13:01:44.141+0000][info][gc,phases   ] GC(210)   Merge Heap Roots: 0.6ms
[2024-08-28T13:01:44.141+0000][info][gc,phases   ] GC(210)   Evacuate Collection Set: 26.3ms
[2024-08-28T13:01:44.141+0000][info][gc,phases   ] GC(210)   Post Evacuate Collection Set: 0.7ms
[2024-08-28T13:01:44.141+0000][info][gc,phases   ] GC(210)   Other: 0.2ms
[2024-08-28T13:01:44.141+0000][info][gc,heap     ] GC(210) Eden regions: 89->0(89)
[2024-08-28T13:01:44.141+0000][info][gc,heap     ] GC(210) Survivor regions: 13->13(13)
[2024-08-28T13:01:44.141+0000][info][gc,heap     ] GC(210) Old regions: 1345->1234
[2024-08-28T13:01:44.141+0000][info][gc,heap     ] GC(210) Archive regions: 2->2
[2024-08-28T13:01:44.141+0000][info][gc,heap     ] GC(210) Humongous regions: 5->5
[2024-08-28T13:01:44.141+0000][info][gc,metaspace] GC(210) Metaspace: 100K(320K)->100K(320K) NonClass: 96K(192K)->96K(192K) Class: 4K(128K)->4K(128K)
[2024-08-28T13:01:44.141+0000][info][gc          ] GC(210) Pause Young (Mixed) (G1 Evacuation Pause) 1452M->1252M(2048M) 28.281ms
[2024-08-28T13:01:44.141+0000][info][gc,cpu      ] GC(210) User=0.62s Sys=0.29s Real=0.03s
[2024-08-28T13:01:44.211+0000][info][gc,start    ] GC(211) Pause Young (Mixed) (G1 Evacuation Pause)
[2024-08-28T13:01:44.211+0000][info][gc,task     ] GC(211) Using 49 workers of 68 for evacuation
[2024-08-28T13:01:44.231+0000][info][gc,phases   ] GC(211)   Pre Evacuate Collection Set: 0.4ms
[2024-08-28T13:01:44.231+0000][info][gc,phases   ] GC(211)   Merge Heap Roots: 0.6ms
[2024-08-28T13:01:44.231+0000][info][gc,phases   ] GC(211)   Evacuate Collection Set: 18.3ms
[2024-08-28T13:01:44.231+0000][info][gc,phases   ] GC(211)   Post Evacuate Collection Set: 0.7ms
[2024-08-28T13:01:44.231+0000][info][gc,phases   ] GC(211)   Other: 0.2ms
[2024-08-28T13:01:44.231+0000][info][gc,heap     ] GC(211) Eden regions: 89->0(220)
[2024-08-28T13:01:44.231+0000][info][gc,heap     ] GC(211) Survivor regions: 13->13(13)
[2024-08-28T13:01:44.231+0000][info][gc,heap     ] GC(211) Old regions: 1234->1136
[2024-08-28T13:01:44.231+0000][info][gc,heap     ] GC(211) Archive regions: 2->2
[2024-08-28T13:01:44.231+0000][info][gc,heap     ] GC(211) Humongous regions: 5->5
[2024-08-28T13:01:44.231+0000][info][gc,metaspace] GC(211) Metaspace: 100K(320K)->100K(320K) NonClass: 96K(192K)->96K(192K) Class: 4K(128K)->4K(128K)
[2024-08-28T13:01:44.231+0000][info][gc          ] GC(211) Pause Young (Mixed) (G1 Evacuation Pause) 1341M->1154M(2048M) 20.325ms
[2024-08-28T13:01:44.231+0000][info][gc,cpu      ] GC(211) User=0.67s Sys=0.25s Real=0.02s
[2024-08-28T13:01:44.375+0000][info][gc,start    ] GC(212) Pause Young (Normal) (G1 Evacuation Pause)
[2024-08-28T13:01:44.375+0000][info][gc,task     ] GC(212) Using 49 workers of 68 for evacuation
[2024-08-28T13:01:44.409+0000][info][gc,phases   ] GC(212)   Pre Evacuate Collection Set: 0.3ms
[2024-08-28T13:01:44.409+0000][info][gc,phases   ] GC(212)   Merge Heap Roots: 0.7ms
[2024-08-28T13:01:44.409+0000][info][gc,phases   ] GC(212)   Evacuate Collection Set: 32.1ms
[2024-08-28T13:01:44.409+0000][info][gc,phases   ] GC(212)   Post Evacuate Collection Set: 0.7ms
[2024-08-28T13:01:44.409+0000][info][gc,phases   ] GC(212)   Other: 0.2ms
[2024-08-28T13:01:44.409+0000][info][gc,heap     ] GC(212) Eden regions: 220->0(150)
[2024-08-28T13:01:44.409+0000][info][gc,heap     ] GC(212) Survivor regions: 13->30(30)
[2024-08-28T13:01:44.409+0000][info][gc,heap     ] GC(212) Old regions: 1136->1336
[2024-08-28T13:01:44.409+0000][info][gc,heap     ] GC(212) Archive regions: 2->2
[2024-08-28T13:01:44.409+0000][info][gc,heap     ] GC(212) Humongous regions: 5->5
[2024-08-28T13:01:44.409+0000][info][gc,metaspace] GC(212) Metaspace: 100K(320K)->100K(320K) NonClass: 96K(192K)->96K(192K) Class: 4K(128K)->4K(128K)
[2024-08-28T13:01:44.409+0000][info][gc          ] GC(212) Pause Young (Normal) (G1 Evacuation Pause) 1374M->1371M(2048M) 34.128ms
[2024-08-28T13:01:44.409+0000][info][gc,cpu      ] GC(212) User=1.00s Sys=0.54s Real=0.03s
[2024-08-28T13:01:44.506+0000][info][gc,start    ] GC(213) Pause Young (Normal) (G1 Evacuation Pause)
[2024-08-28T13:01:44.506+0000][info][gc,task     ] GC(213) Using 49 workers of 68 for evacuation
[2024-08-28T13:01:44.535+0000][info][gc,phases   ] GC(213)   Pre Evacuate Collection Set: 0.3ms
[2024-08-28T13:01:44.535+0000][info][gc,phases   ] GC(213)   Merge Heap Roots: 0.9ms
[2024-08-28T13:01:44.535+0000][info][gc,phases   ] GC(213)   Evacuate Collection Set: 27.6ms
[2024-08-28T13:01:44.535+0000][info][gc,phases   ] GC(213)   Post Evacuate Collection Set: 0.6ms
[2024-08-28T13:01:44.535+0000][info][gc,phases   ] GC(213)   Other: 0.3ms
[2024-08-28T13:01:44.535+0000][info][gc,heap     ] GC(213) Eden regions: 150->0(100)
[2024-08-28T13:01:44.535+0000][info][gc,heap     ] GC(213) Survivor regions: 30->23(23)
[2024-08-28T13:01:44.535+0000][info][gc,heap     ] GC(213) Old regions: 1336->1497
[2024-08-28T13:01:44.535+0000][info][gc,heap     ] GC(213) Archive regions: 2->2
[2024-08-28T13:01:44.535+0000][info][gc,heap     ] GC(213) Humongous regions: 5->5
[2024-08-28T13:01:44.535+0000][info][gc,metaspace] GC(213) Metaspace: 100K(320K)->100K(320K) NonClass: 96K(192K)->96K(192K) Class: 4K(128K)->4K(128K)
[2024-08-28T13:01:44.536+0000][info][gc          ] GC(213) Pause Young (Normal) (G1 Evacuation Pause) 1521M->1525M(2048M) 29.675ms
[2024-08-28T13:01:44.536+0000][info][gc,cpu      ] GC(213) User=0.93s Sys=0.46s Real=0.03s
[2024-08-28T13:01:44.600+0000][info][gc,start    ] GC(214) Pause Young (Concurrent Start) (G1 Evacuation Pause)
[2024-08-28T13:01:44.600+0000][info][gc,task     ] GC(214) Using 49 workers of 68 for evacuation
[2024-08-28T13:01:44.619+0000][info][gc,phases   ] GC(214)   Pre Evacuate Collection Set: 0.3ms
[2024-08-28T13:01:44.619+0000][info][gc,phases   ] GC(214)   Merge Heap Roots: 0.5ms
[2024-08-28T13:01:44.619+0000][info][gc,phases   ] GC(214)   Evacuate Collection Set: 17.2ms
[2024-08-28T13:01:44.619+0000][info][gc,phases   ] GC(214)   Post Evacuate Collection Set: 0.6ms
[2024-08-28T13:01:44.619+0000][info][gc,phases   ] GC(214)   Other: 0.7ms
[2024-08-28T13:01:44.619+0000][info][gc,heap     ] GC(214) Eden regions: 100->0(86)
[2024-08-28T13:01:44.619+0000][info][gc,heap     ] GC(214) Survivor regions: 23->16(16)
[2024-08-28T13:01:44.619+0000][info][gc,heap     ] GC(214) Old regions: 1497->1611
[2024-08-28T13:01:44.619+0000][info][gc,heap     ] GC(214) Archive regions: 2->2
[2024-08-28T13:01:44.619+0000][info][gc,heap     ] GC(214) Humongous regions: 5->5
[2024-08-28T13:01:44.619+0000][info][gc,metaspace] GC(214) Metaspace: 100K(320K)->100K(320K) NonClass: 96K(192K)->96K(192K) Class: 4K(128K)->4K(128K)
[2024-08-28T13:01:44.619+0000][info][gc          ] GC(214) Pause Young (Concurrent Start) (G1 Evacuation Pause) 1625M->1632M(2048M) 19.361ms
[2024-08-28T13:01:44.619+0000][info][gc,cpu      ] GC(214) User=0.86s Sys=0.00s Real=0.02s
[2024-08-28T13:01:44.619+0000][info][gc          ] GC(215) Concurrent Mark Cycle
[2024-08-28T13:01:44.619+0000][info][gc,marking  ] GC(215) Concurrent Clear Claimed Marks
[2024-08-28T13:01:44.619+0000][info][gc,marking  ] GC(215) Concurrent Clear Claimed Marks 0.011ms
[2024-08-28T13:01:44.619+0000][info][gc,marking  ] GC(215) Concurrent Scan Root Regions
[2024-08-28T13:01:44.623+0000][info][gc,marking  ] GC(215) Concurrent Scan Root Regions 3.226ms
[2024-08-28T13:01:44.623+0000][info][gc,marking  ] GC(215) Concurrent Mark
[2024-08-28T13:01:44.623+0000][info][gc,marking  ] GC(215) Concurrent Mark From Roots
[2024-08-28T13:01:44.623+0000][info][gc,task     ] GC(215) Using 17 workers of 17 for marking
[2024-08-28T13:01:44.646+0000][info][gc,marking  ] GC(215) Concurrent Mark From Roots 22.990ms
[2024-08-28T13:01:44.646+0000][info][gc,marking  ] GC(215) Concurrent Preclean
[2024-08-28T13:01:44.646+0000][info][gc,marking  ] GC(215) Concurrent Preclean 0.500ms
[2024-08-28T13:01:44.647+0000][info][gc,start    ] GC(215) Pause Remark
[2024-08-28T13:01:44.649+0000][info][gc          ] GC(215) Pause Remark 1660M->1396M(2048M) 2.367ms
[2024-08-28T13:01:44.649+0000][info][gc,cpu      ] GC(215) User=0.02s Sys=0.00s Real=0.00s
[2024-08-28T13:01:44.649+0000][info][gc,marking  ] GC(215) Concurrent Mark 26.388ms
[2024-08-28T13:01:44.649+0000][info][gc,marking  ] GC(215) Concurrent Rebuild Remembered Sets
[2024-08-28T13:01:44.701+0000][info][gc,marking  ] GC(215) Concurrent Rebuild Remembered Sets 52.132ms
[2024-08-28T13:01:44.702+0000][info][gc,start    ] GC(215) Pause Cleanup
[2024-08-28T13:01:44.706+0000][info][gc          ] GC(215) Pause Cleanup 1452M->1452M(2048M) 4.000ms
[2024-08-28T13:01:44.706+0000][info][gc,cpu      ] GC(215) User=0.02s Sys=0.00s Real=0.00s
[2024-08-28T13:01:44.706+0000][info][gc,marking  ] GC(215) Concurrent Cleanup for Next Mark
[2024-08-28T13:01:44.707+0000][info][gc,marking  ] GC(215) Concurrent Cleanup for Next Mark 1.625ms
[2024-08-28T13:01:44.707+0000][info][gc          ] GC(215) Concurrent Mark Cycle 88.163ms
[2024-08-28T13:01:44.708+0000][info][gc,start    ] GC(216) Pause Young (Prepare Mixed) (G1 Evacuation Pause)
[2024-08-28T13:01:44.708+0000][info][gc,task     ] GC(216) Using 49 workers of 68 for evacuation
[2024-08-28T13:01:44.725+0000][info][gc,phases   ] GC(216)   Pre Evacuate Collection Set: 0.4ms
[2024-08-28T13:01:44.725+0000][info][gc,phases   ] GC(216)   Merge Heap Roots: 0.5ms
[2024-08-28T13:01:44.725+0000][info][gc,phases   ] GC(216)   Evacuate Collection Set: 14.7ms
[2024-08-28T13:01:44.725+0000][info][gc,phases   ] GC(216)   Post Evacuate Collection Set: 0.5ms
[2024-08-28T13:01:44.725+0000][info][gc,phases   ] GC(216)   Other: 0.2ms
[2024-08-28T13:01:44.725+0000][info][gc,heap     ] GC(216) Eden regions: 86->0(89)
[2024-08-28T13:01:44.725+0000][info][gc,heap     ] GC(216) Survivor regions: 16->13(13)
[2024-08-28T13:01:44.725+0000][info][gc,heap     ] GC(216) Old regions: 1347->1443
[2024-08-28T13:01:44.725+0000][info][gc,heap     ] GC(216) Archive regions: 2->2
[2024-08-28T13:01:44.725+0000][info][gc,heap     ] GC(216) Humongous regions: 5->5
[2024-08-28T13:01:44.725+0000][info][gc,metaspace] GC(216) Metaspace: 100K(320K)->100K(320K) NonClass: 96K(192K)->96K(192K) Class: 4K(128K)->4K(128K)
[2024-08-28T13:01:44.725+0000][info][gc          ] GC(216) Pause Young (Prepare Mixed) (G1 Evacuation Pause) 1454M->1461M(2048M) 16.363ms
[2024-08-28T13:01:44.725+0000][info][gc,cpu      ] GC(216) User=0.68s Sys=0.06s Real=0.02s
[2024-08-28T13:01:44.783+0000][info][gc,start    ] GC(217) Pause Young (Mixed) (G1 Evacuation Pause)
[2024-08-28T13:01:44.783+0000][info][gc,task     ] GC(217) Using 49 workers of 68 for evacuation
[2024-08-28T13:01:44.800+0000][info][gc,phases   ] GC(217)   Pre Evacuate Collection Set: 0.4ms
[2024-08-28T13:01:44.801+0000][info][gc,phases   ] GC(217)   Merge Heap Roots: 0.8ms
[2024-08-28T13:01:44.801+0000][info][gc,phases   ] GC(217)   Evacuate Collection Set: 15.4ms
[2024-08-28T13:01:44.801+0000][info][gc,phases   ] GC(217)   Post Evacuate Collection Set: 0.6ms
[2024-08-28T13:01:44.801+0000][info][gc,phases   ] GC(217)   Other: 0.3ms
[2024-08-28T13:01:44.801+0000][info][gc,heap     ] GC(217) Eden regions: 89->0(89)
[2024-08-28T13:01:44.801+0000][info][gc,heap     ] GC(217) Survivor regions: 13->13(13)
[2024-08-28T13:01:44.801+0000][info][gc,heap     ] GC(217) Old regions: 1443->1331
[2024-08-28T13:01:44.801+0000][info][gc,heap     ] GC(217) Archive regions: 2->2
[2024-08-28T13:01:44.801+0000][info][gc,heap     ] GC(217) Humongous regions: 5->5
[2024-08-28T13:01:44.801+0000][info][gc,metaspace] GC(217) Metaspace: 100K(320K)->100K(320K) NonClass: 96K(192K)->96K(192K) Class: 4K(128K)->4K(128K)
[2024-08-28T13:01:44.801+0000][info][gc          ] GC(217) Pause Young (Mixed) (G1 Evacuation Pause) 1550M->1349M(2048M) 17.580ms
[2024-08-28T13:01:44.801+0000][info][gc,cpu      ] GC(217) User=0.70s Sys=0.10s Real=0.02s
[2024-08-28T13:01:44.858+0000][info][gc,start    ] GC(218) Pause Young (Mixed) (G1 Evacuation Pause)
[2024-08-28T13:01:44.858+0000][info][gc,task     ] GC(218) Using 49 workers of 68 for evacuation
[2024-08-28T13:01:44.875+0000][info][gc,phases   ] GC(218)   Pre Evacuate Collection Set: 0.4ms
[2024-08-28T13:01:44.875+0000][info][gc,phases   ] GC(218)   Merge Heap Roots: 0.6ms
[2024-08-28T13:01:44.875+0000][info][gc,phases   ] GC(218)   Evacuate Collection Set: 15.1ms
[2024-08-28T13:01:44.875+0000][info][gc,phases   ] GC(218)   Post Evacuate Collection Set: 0.6ms
[2024-08-28T13:01:44.875+0000][info][gc,phases   ] GC(218)   Other: 0.2ms
[2024-08-28T13:01:44.875+0000][info][gc,heap     ] GC(218) Eden regions: 89->0(89)
[2024-08-28T13:01:44.875+0000][info][gc,heap     ] GC(218) Survivor regions: 13->13(13)
[2024-08-28T13:01:44.875+0000][info][gc,heap     ] GC(218) Old regions: 1331->1220
[2024-08-28T13:01:44.875+0000][info][gc,heap     ] GC(218) Archive regions: 2->2
[2024-08-28T13:01:44.875+0000][info][gc,heap     ] GC(218) Humongous regions: 5->5
[2024-08-28T13:01:44.875+0000][info][gc,metaspace] GC(218) Metaspace: 100K(320K)->100K(320K) NonClass: 96K(192K)->96K(192K) Class: 4K(128K)->4K(128K)
[2024-08-28T13:01:44.875+0000][info][gc          ] GC(218) Pause Young (Mixed) (G1 Evacuation Pause) 1438M->1238M(2048M) 17.010ms
[2024-08-28T13:01:44.875+0000][info][gc,cpu      ] GC(218) User=0.72s Sys=0.04s Real=0.01s
[2024-08-28T13:01:44.934+0000][info][gc,start    ] GC(219) Pause Young (Mixed) (G1 Evacuation Pause)
[2024-08-28T13:01:44.934+0000][info][gc,task     ] GC(219) Using 49 workers of 68 for evacuation
[2024-08-28T13:01:44.951+0000][info][gc,phases   ] GC(219)   Pre Evacuate Collection Set: 0.4ms
[2024-08-28T13:01:44.951+0000][info][gc,phases   ] GC(219)   Merge Heap Roots: 0.8ms
[2024-08-28T13:01:44.951+0000][info][gc,phases   ] GC(219)   Evacuate Collection Set: 14.8ms
[2024-08-28T13:01:44.951+0000][info][gc,phases   ] GC(219)   Post Evacuate Collection Set: 0.7ms
[2024-08-28T13:01:44.951+0000][info][gc,phases   ] GC(219)   Other: 0.2ms
[2024-08-28T13:01:44.951+0000][info][gc,heap     ] GC(219) Eden regions: 89->0(89)
[2024-08-28T13:01:44.951+0000][info][gc,heap     ] GC(219) Survivor regions: 13->13(13)
[2024-08-28T13:01:44.951+0000][info][gc,heap     ] GC(219) Old regions: 1220->1110
[2024-08-28T13:01:44.951+0000][info][gc,heap     ] GC(219) Archive regions: 2->2
[2024-08-28T13:01:44.951+0000][info][gc,heap     ] GC(219) Humongous regions: 5->5
[2024-08-28T13:01:44.951+0000][info][gc,metaspace] GC(219) Metaspace: 100K(320K)->100K(320K) NonClass: 96K(192K)->96K(192K) Class: 4K(128K)->4K(128K)
[2024-08-28T13:01:44.951+0000][info][gc          ] GC(219) Pause Young (Mixed) (G1 Evacuation Pause) 1327M->1128M(2048M) 16.949ms
[2024-08-28T13:01:44.951+0000][info][gc,cpu      ] GC(219) User=0.76s Sys=0.00s Real=0.02s
[2024-08-28T13:01:45.009+0000][info][gc,start    ] GC(220) Pause Young (Mixed) (G1 Evacuation Pause)
[2024-08-28T13:01:45.009+0000][info][gc,task     ] GC(220) Using 49 workers of 68 for evacuation
[2024-08-28T13:01:45.025+0000][info][gc,phases   ] GC(220)   Pre Evacuate Collection Set: 0.4ms
[2024-08-28T13:01:45.025+0000][info][gc,phases   ] GC(220)   Merge Heap Roots: 0.6ms
[2024-08-28T13:01:45.025+0000][info][gc,phases   ] GC(220)   Evacuate Collection Set: 14.5ms
[2024-08-28T13:01:45.025+0000][info][gc,phases   ] GC(220)   Post Evacuate Collection Set: 0.7ms
[2024-08-28T13:01:45.025+0000][info][gc,phases   ] GC(220)   Other: 0.3ms
[2024-08-28T13:01:45.025+0000][info][gc,heap     ] GC(220) Eden regions: 89->0(260)
[2024-08-28T13:01:45.025+0000][info][gc,heap     ] GC(220) Survivor regions: 13->13(13)
[2024-08-28T13:01:45.025+0000][info][gc,heap     ] GC(220) Old regions: 1110->1014
[2024-08-28T13:01:45.025+0000][info][gc,heap     ] GC(220) Archive regions: 2->2
[2024-08-28T13:01:45.025+0000][info][gc,heap     ] GC(220) Humongous regions: 5->5
[2024-08-28T13:01:45.025+0000][info][gc,metaspace] GC(220) Metaspace: 100K(320K)->100K(320K) NonClass: 96K(192K)->96K(192K) Class: 4K(128K)->4K(128K)
[2024-08-28T13:01:45.025+0000][info][gc          ] GC(220) Pause Young (Mixed) (G1 Evacuation Pause) 1217M->1032M(2048M) 16.445ms
[2024-08-28T13:01:45.025+0000][info][gc,cpu      ] GC(220) User=0.73s Sys=0.01s Real=0.02s
[2024-08-28T13:01:45.192+0000][info][gc,start    ] GC(221) Pause Young (Normal) (G1 Evacuation Pause)
[2024-08-28T13:01:45.192+0000][info][gc,task     ] GC(221) Using 49 workers of 68 for evacuation
[2024-08-28T13:01:45.224+0000][info][gc,phases   ] GC(221)   Pre Evacuate Collection Set: 0.3ms
[2024-08-28T13:01:45.224+0000][info][gc,phases   ] GC(221)   Merge Heap Roots: 0.7ms
[2024-08-28T13:01:45.224+0000][info][gc,phases   ] GC(221)   Evacuate Collection Set: 29.9ms
[2024-08-28T13:01:45.224+0000][info][gc,phases   ] GC(221)   Post Evacuate Collection Set: 0.7ms
[2024-08-28T13:01:45.224+0000][info][gc,phases   ] GC(221)   Other: 0.2ms
[2024-08-28T13:01:45.224+0000][info][gc,heap     ] GC(221) Eden regions: 260->0(178)
[2024-08-28T13:01:45.224+0000][info][gc,heap     ] GC(221) Survivor regions: 13->35(35)
[2024-08-28T13:01:45.224+0000][info][gc,heap     ] GC(221) Old regions: 1014->1245
[2024-08-28T13:01:45.224+0000][info][gc,heap     ] GC(221) Archive regions: 2->2
[2024-08-28T13:01:45.224+0000][info][gc,heap     ] GC(221) Humongous regions: 5->5
[2024-08-28T13:01:45.224+0000][info][gc,metaspace] GC(221) Metaspace: 100K(320K)->100K(320K) NonClass: 96K(192K)->96K(192K) Class: 4K(128K)->4K(128K)
[2024-08-28T13:01:45.224+0000][info][gc          ] GC(221) Pause Young (Normal) (G1 Evacuation Pause) 1292M->1285M(2048M) 31.976ms
[2024-08-28T13:01:45.224+0000][info][gc,cpu      ] GC(221) User=1.25s Sys=0.23s Real=0.03s
[2024-08-28T13:01:45.331+0000][info][gc,start    ] GC(222) Pause Young (Normal) (G1 Evacuation Pause)
[2024-08-28T13:01:45.331+0000][info][gc,task     ] GC(222) Using 49 workers of 68 for evacuation
[2024-08-28T13:01:45.365+0000][info][gc,phases   ] GC(222)   Pre Evacuate Collection Set: 0.3ms
[2024-08-28T13:01:45.365+0000][info][gc,phases   ] GC(222)   Merge Heap Roots: 0.7ms
[2024-08-28T13:01:45.365+0000][info][gc,phases   ] GC(222)   Evacuate Collection Set: 32.6ms
[2024-08-28T13:01:45.365+0000][info][gc,phases   ] GC(222)   Post Evacuate Collection Set: 0.6ms
[2024-08-28T13:01:45.365+0000][info][gc,phases   ] GC(222)   Other: 0.2ms
[2024-08-28T13:01:45.365+0000][info][gc,heap     ] GC(222) Eden regions: 178->0(120)
[2024-08-28T13:01:45.365+0000][info][gc,heap     ] GC(222) Survivor regions: 35->27(27)
[2024-08-28T13:01:45.365+0000][info][gc,heap     ] GC(222) Old regions: 1245->1432
[2024-08-28T13:01:45.365+0000][info][gc,heap     ] GC(222) Archive regions: 2->2
[2024-08-28T13:01:45.365+0000][info][gc,heap     ] GC(222) Humongous regions: 5->5
[2024-08-28T13:01:45.365+0000][info][gc,metaspace] GC(222) Metaspace: 100K(320K)->100K(320K) NonClass: 96K(192K)->96K(192K) Class: 4K(128K)->4K(128K)
[2024-08-28T13:01:45.365+0000][info][gc          ] GC(222) Pause Young (Normal) (G1 Evacuation Pause) 1463M->1464M(2048M) 34.457ms
[2024-08-28T13:01:45.365+0000][info][gc,cpu      ] GC(222) User=1.16s Sys=0.47s Real=0.03s
[2024-08-28T13:01:45.440+0000][info][gc,start    ] GC(223) Pause Young (Concurrent Start) (G1 Evacuation Pause)
[2024-08-28T13:01:45.440+0000][info][gc,task     ] GC(223) Using 49 workers of 68 for evacuation
[2024-08-28T13:01:45.468+0000][info][gc,phases   ] GC(223)   Pre Evacuate Collection Set: 0.3ms
[2024-08-28T13:01:45.468+0000][info][gc,phases   ] GC(223)   Merge Heap Roots: 0.7ms
[2024-08-28T13:01:45.468+0000][info][gc,phases   ] GC(223)   Evacuate Collection Set: 25.9ms
[2024-08-28T13:01:45.468+0000][info][gc,phases   ] GC(223)   Post Evacuate Collection Set: 0.6ms
[2024-08-28T13:01:45.468+0000][info][gc,phases   ] GC(223)   Other: 0.7ms
[2024-08-28T13:01:45.468+0000][info][gc,heap     ] GC(223) Eden regions: 120->0(83)
[2024-08-28T13:01:45.468+0000][info][gc,heap     ] GC(223) Survivor regions: 27->19(19)
[2024-08-28T13:01:45.468+0000][info][gc,heap     ] GC(223) Old regions: 1432->1568
[2024-08-28T13:01:45.468+0000][info][gc,heap     ] GC(223) Archive regions: 2->2
[2024-08-28T13:01:45.468+0000][info][gc,heap     ] GC(223) Humongous regions: 5->5
[2024-08-28T13:01:45.468+0000][info][gc,metaspace] GC(223) Metaspace: 100K(320K)->100K(320K) NonClass: 96K(192K)->96K(192K) Class: 4K(128K)->4K(128K)
[2024-08-28T13:01:45.468+0000][info][gc          ] GC(223) Pause Young (Concurrent Start) (G1 Evacuation Pause) 1584M->1592M(2048M) 28.286ms
[2024-08-28T13:01:45.468+0000][info][gc,cpu      ] GC(223) User=0.96s Sys=0.33s Real=0.02s
[2024-08-28T13:01:45.468+0000][info][gc          ] GC(224) Concurrent Mark Cycle
[2024-08-28T13:01:45.468+0000][info][gc,marking  ] GC(224) Concurrent Clear Claimed Marks
[2024-08-28T13:01:45.468+0000][info][gc,marking  ] GC(224) Concurrent Clear Claimed Marks 0.010ms
[2024-08-28T13:01:45.468+0000][info][gc,marking  ] GC(224) Concurrent Scan Root Regions
[2024-08-28T13:01:45.472+0000][info][gc,marking  ] GC(224) Concurrent Scan Root Regions 3.800ms
[2024-08-28T13:01:45.472+0000][info][gc,marking  ] GC(224) Concurrent Mark
[2024-08-28T13:01:45.472+0000][info][gc,marking  ] GC(224) Concurrent Mark From Roots
[2024-08-28T13:01:45.472+0000][info][gc,task     ] GC(224) Using 17 workers of 17 for marking
[2024-08-28T13:01:45.493+0000][info][gc,marking  ] GC(224) Concurrent Mark From Roots 21.637ms
[2024-08-28T13:01:45.493+0000][info][gc,marking  ] GC(224) Concurrent Preclean
[2024-08-28T13:01:45.494+0000][info][gc,marking  ] GC(224) Concurrent Preclean 0.591ms
[2024-08-28T13:01:45.494+0000][info][gc,start    ] GC(224) Pause Remark
[2024-08-28T13:01:45.497+0000][info][gc          ] GC(224) Pause Remark 1618M->1346M(2048M) 2.134ms
[2024-08-28T13:01:45.497+0000][info][gc,cpu      ] GC(224) User=0.01s Sys=0.01s Real=0.00s
[2024-08-28T13:01:45.497+0000][info][gc,marking  ] GC(224) Concurrent Mark 24.864ms
[2024-08-28T13:01:45.497+0000][info][gc,marking  ] GC(224) Concurrent Rebuild Remembered Sets
[2024-08-28T13:01:45.538+0000][info][gc,start    ] GC(225) Pause Young (Normal) (G1 Evacuation Pause)
[2024-08-28T13:01:45.538+0000][info][gc,task     ] GC(225) Using 49 workers of 68 for evacuation
[2024-08-28T13:01:45.553+0000][info][gc,phases   ] GC(225)   Pre Evacuate Collection Set: 0.3ms
[2024-08-28T13:01:45.553+0000][info][gc,phases   ] GC(225)   Merge Heap Roots: 0.4ms
[2024-08-28T13:01:45.553+0000][info][gc,phases   ] GC(225)   Evacuate Collection Set: 13.6ms
[2024-08-28T13:01:45.553+0000][info][gc,phases   ] GC(225)   Post Evacuate Collection Set: 0.9ms
[2024-08-28T13:01:45.553+0000][info][gc,phases   ] GC(225)   Other: 0.3ms
[2024-08-28T13:01:45.553+0000][info][gc,heap     ] GC(225) Eden regions: 83->0(137)
[2024-08-28T13:01:45.553+0000][info][gc,heap     ] GC(225) Survivor regions: 19->13(13)
[2024-08-28T13:01:45.553+0000][info][gc,heap     ] GC(225) Old regions: 1296->1394
[2024-08-28T13:01:45.553+0000][info][gc,heap     ] GC(225) Archive regions: 2->2
[2024-08-28T13:01:45.553+0000][info][gc,heap     ] GC(225) Humongous regions: 5->5
[2024-08-28T13:01:45.553+0000][info][gc,metaspace] GC(225) Metaspace: 100K(320K)->100K(320K) NonClass: 96K(192K)->96K(192K) Class: 4K(128K)->4K(128K)
[2024-08-28T13:01:45.553+0000][info][gc          ] GC(225) Pause Young (Normal) (G1 Evacuation Pause) 1403M->1412M(2048M) 15.584ms
[2024-08-28T13:01:45.553+0000][info][gc,cpu      ] GC(225) User=0.69s Sys=0.01s Real=0.01s
[2024-08-28T13:01:45.564+0000][info][gc,marking  ] GC(224) Concurrent Rebuild Remembered Sets 66.917ms
[2024-08-28T13:01:45.564+0000][info][gc,start    ] GC(224) Pause Cleanup
[2024-08-28T13:01:45.567+0000][info][gc          ] GC(224) Pause Cleanup 1427M->1427M(2048M) 3.474ms
[2024-08-28T13:01:45.568+0000][info][gc,cpu      ] GC(224) User=0.01s Sys=0.00s Real=0.00s
[2024-08-28T13:01:45.568+0000][info][gc,marking  ] GC(224) Concurrent Cleanup for Next Mark
[2024-08-28T13:01:45.569+0000][info][gc,marking  ] GC(224) Concurrent Cleanup for Next Mark 1.447ms
[2024-08-28T13:01:45.569+0000][info][gc          ] GC(224) Concurrent Mark Cycle 101.212ms
[2024-08-28T13:01:45.649+0000][info][gc,start    ] GC(226) Pause Young (Prepare Mixed) (G1 Evacuation Pause)
[2024-08-28T13:01:45.649+0000][info][gc,task     ] GC(226) Using 49 workers of 68 for evacuation
[2024-08-28T13:01:45.670+0000][info][gc,phases   ] GC(226)   Pre Evacuate Collection Set: 0.3ms
[2024-08-28T13:01:45.670+0000][info][gc,phases   ] GC(226)   Merge Heap Roots: 1.0ms
[2024-08-28T13:01:45.670+0000][info][gc,phases   ] GC(226)   Evacuate Collection Set: 18.3ms
[2024-08-28T13:01:45.670+0000][info][gc,phases   ] GC(226)   Post Evacuate Collection Set: 0.6ms
[2024-08-28T13:01:45.670+0000][info][gc,phases   ] GC(226)   Other: 0.2ms
[2024-08-28T13:01:45.670+0000][info][gc,heap     ] GC(226) Eden regions: 137->0(83)
[2024-08-28T13:01:45.670+0000][info][gc,heap     ] GC(226) Survivor regions: 13->19(19)
[2024-08-28T13:01:45.670+0000][info][gc,heap     ] GC(226) Old regions: 1394->1527
[2024-08-28T13:01:45.670+0000][info][gc,heap     ] GC(226) Archive regions: 2->2
[2024-08-28T13:01:45.670+0000][info][gc,heap     ] GC(226) Humongous regions: 5->5
[2024-08-28T13:01:45.670+0000][info][gc,metaspace] GC(226) Metaspace: 100K(320K)->100K(320K) NonClass: 96K(192K)->96K(192K) Class: 4K(128K)->4K(128K)
[2024-08-28T13:01:45.670+0000][info][gc          ] GC(226) Pause Young (Prepare Mixed) (G1 Evacuation Pause) 1549M->1551M(2048M) 20.486ms
[2024-08-28T13:01:45.670+0000][info][gc,cpu      ] GC(226) User=0.88s Sys=0.06s Real=0.03s
[2024-08-28T13:01:45.724+0000][info][gc,start    ] GC(227) Pause Young (Mixed) (G1 Evacuation Pause)
[2024-08-28T13:01:45.724+0000][info][gc,task     ] GC(227) Using 49 workers of 68 for evacuation
[2024-08-28T13:01:45.742+0000][info][gc,phases   ] GC(227)   Pre Evacuate Collection Set: 0.4ms
[2024-08-28T13:01:45.742+0000][info][gc,phases   ] GC(227)   Merge Heap Roots: 0.5ms
[2024-08-28T13:01:45.742+0000][info][gc,phases   ] GC(227)   Evacuate Collection Set: 16.2ms
[2024-08-28T13:01:45.742+0000][info][gc,phases   ] GC(227)   Post Evacuate Collection Set: 0.6ms
[2024-08-28T13:01:45.742+0000][info][gc,phases   ] GC(227)   Other: 0.2ms
[2024-08-28T13:01:45.742+0000][info][gc,heap     ] GC(227) Eden regions: 83->0(89)
[2024-08-28T13:01:45.742+0000][info][gc,heap     ] GC(227) Survivor regions: 19->13(13)
[2024-08-28T13:01:45.742+0000][info][gc,heap     ] GC(227) Old regions: 1527->1419
[2024-08-28T13:01:45.742+0000][info][gc,heap     ] GC(227) Archive regions: 2->2
[2024-08-28T13:01:45.742+0000][info][gc,heap     ] GC(227) Humongous regions: 5->5
[2024-08-28T13:01:45.742+0000][info][gc,metaspace] GC(227) Metaspace: 100K(320K)->100K(320K) NonClass: 96K(192K)->96K(192K) Class: 4K(128K)->4K(128K)
[2024-08-28T13:01:45.742+0000][info][gc          ] GC(227) Pause Young (Mixed) (G1 Evacuation Pause) 1634M->1437M(2048M) 18.152ms
[2024-08-28T13:01:45.742+0000][info][gc,cpu      ] GC(227) User=0.73s Sys=0.08s Real=0.02s
[2024-08-28T13:01:45.799+0000][info][gc,start    ] GC(228) Pause Young (Mixed) (G1 Evacuation Pause)
[2024-08-28T13:01:45.799+0000][info][gc,task     ] GC(228) Using 49 workers of 68 for evacuation
[2024-08-28T13:01:45.816+0000][info][gc,phases   ] GC(228)   Pre Evacuate Collection Set: 0.4ms
[2024-08-28T13:01:45.816+0000][info][gc,phases   ] GC(228)   Merge Heap Roots: 0.7ms
[2024-08-28T13:01:45.816+0000][info][gc,phases   ] GC(228)   Evacuate Collection Set: 14.4ms
[2024-08-28T13:01:45.816+0000][info][gc,phases   ] GC(228)   Post Evacuate Collection Set: 0.7ms
[2024-08-28T13:01:45.816+0000][info][gc,phases   ] GC(228)   Other: 0.3ms
[2024-08-28T13:01:45.816+0000][info][gc,heap     ] GC(228) Eden regions: 89->0(89)
[2024-08-28T13:01:45.816+0000][info][gc,heap     ] GC(228) Survivor regions: 13->13(13)
[2024-08-28T13:01:45.816+0000][info][gc,heap     ] GC(228) Old regions: 1419->1308
[2024-08-28T13:01:45.816+0000][info][gc,heap     ] GC(228) Archive regions: 2->2
[2024-08-28T13:01:45.816+0000][info][gc,heap     ] GC(228) Humongous regions: 5->5
[2024-08-28T13:01:45.816+0000][info][gc,metaspace] GC(228) Metaspace: 100K(320K)->100K(320K) NonClass: 96K(192K)->96K(192K) Class: 4K(128K)->4K(128K)
[2024-08-28T13:01:45.816+0000][info][gc          ] GC(228) Pause Young (Mixed) (G1 Evacuation Pause) 1526M->1326M(2048M) 16.486ms
[2024-08-28T13:01:45.816+0000][info][gc,cpu      ] GC(228) User=0.74s Sys=0.00s Real=0.01s
[2024-08-28T13:01:45.873+0000][info][gc,start    ] GC(229) Pause Young (Mixed) (G1 Evacuation Pause)
[2024-08-28T13:01:45.873+0000][info][gc,task     ] GC(229) Using 49 workers of 68 for evacuation
[2024-08-28T13:01:45.890+0000][info][gc,phases   ] GC(229)   Pre Evacuate Collection Set: 0.4ms
[2024-08-28T13:01:45.890+0000][info][gc,phases   ] GC(229)   Merge Heap Roots: 0.6ms
[2024-08-28T13:01:45.890+0000][info][gc,phases   ] GC(229)   Evacuate Collection Set: 14.6ms
[2024-08-28T13:01:45.890+0000][info][gc,phases   ] GC(229)   Post Evacuate Collection Set: 0.7ms
[2024-08-28T13:01:45.890+0000][info][gc,phases   ] GC(229)   Other: 0.2ms
[2024-08-28T13:01:45.890+0000][info][gc,heap     ] GC(229) Eden regions: 89->0(89)
[2024-08-28T13:01:45.890+0000][info][gc,heap     ] GC(229) Survivor regions: 13->13(13)
[2024-08-28T13:01:45.890+0000][info][gc,heap     ] GC(229) Old regions: 1308->1197
[2024-08-28T13:01:45.890+0000][info][gc,heap     ] GC(229) Archive regions: 2->2
[2024-08-28T13:01:45.890+0000][info][gc,heap     ] GC(229) Humongous regions: 5->5
[2024-08-28T13:01:45.890+0000][info][gc,metaspace] GC(229) Metaspace: 100K(320K)->100K(320K) NonClass: 96K(192K)->96K(192K) Class: 4K(128K)->4K(128K)
[2024-08-28T13:01:45.890+0000][info][gc          ] GC(229) Pause Young (Mixed) (G1 Evacuation Pause) 1415M->1215M(2048M) 16.522ms
[2024-08-28T13:01:45.890+0000][info][gc,cpu      ] GC(229) User=0.72s Sys=0.03s Real=0.02s
[2024-08-28T13:01:45.946+0000][info][gc,start    ] GC(230) Pause Young (Mixed) (G1 Evacuation Pause)
[2024-08-28T13:01:45.946+0000][info][gc,task     ] GC(230) Using 49 workers of 68 for evacuation
[2024-08-28T13:01:45.964+0000][info][gc,phases   ] GC(230)   Pre Evacuate Collection Set: 0.4ms
[2024-08-28T13:01:45.964+0000][info][gc,phases   ] GC(230)   Merge Heap Roots: 0.8ms
[2024-08-28T13:01:45.964+0000][info][gc,phases   ] GC(230)   Evacuate Collection Set: 15.5ms
[2024-08-28T13:01:45.964+0000][info][gc,phases   ] GC(230)   Post Evacuate Collection Set: 0.6ms
[2024-08-28T13:01:45.964+0000][info][gc,phases   ] GC(230)   Other: 0.3ms
[2024-08-28T13:01:45.964+0000][info][gc,heap     ] GC(230) Eden regions: 89->0(219)
[2024-08-28T13:01:45.964+0000][info][gc,heap     ] GC(230) Survivor regions: 13->13(13)
[2024-08-28T13:01:45.964+0000][info][gc,heap     ] GC(230) Old regions: 1197->1142
[2024-08-28T13:01:45.964+0000][info][gc,heap     ] GC(230) Archive regions: 2->2
[2024-08-28T13:01:45.964+0000][info][gc,heap     ] GC(230) Humongous regions: 5->5
[2024-08-28T13:01:45.964+0000][info][gc,metaspace] GC(230) Metaspace: 100K(320K)->100K(320K) NonClass: 96K(192K)->96K(192K) Class: 4K(128K)->4K(128K)
[2024-08-28T13:01:45.964+0000][info][gc          ] GC(230) Pause Young (Mixed) (G1 Evacuation Pause) 1304M->1160M(2048M) 17.599ms
[2024-08-28T13:01:45.964+0000][info][gc,cpu      ] GC(230) User=0.78s Sys=0.00s Real=0.02s
[2024-08-28T13:01:46.101+0000][info][gc,start    ] GC(231) Pause Young (Normal) (G1 Evacuation Pause)
[2024-08-28T13:01:46.101+0000][info][gc,task     ] GC(231) Using 49 workers of 68 for evacuation
[2024-08-28T13:01:46.128+0000][info][gc,phases   ] GC(231)   Pre Evacuate Collection Set: 0.4ms
[2024-08-28T13:01:46.128+0000][info][gc,phases   ] GC(231)   Merge Heap Roots: 1.1ms
[2024-08-28T13:01:46.128+0000][info][gc,phases   ] GC(231)   Evacuate Collection Set: 24.4ms
[2024-08-28T13:01:46.128+0000][info][gc,phases   ] GC(231)   Post Evacuate Collection Set: 0.7ms
[2024-08-28T13:01:46.128+0000][info][gc,phases   ] GC(231)   Other: 0.3ms
[2024-08-28T13:01:46.128+0000][info][gc,heap     ] GC(231) Eden regions: 219->0(148)
[2024-08-28T13:01:46.128+0000][info][gc,heap     ] GC(231) Survivor regions: 13->29(29)
[2024-08-28T13:01:46.128+0000][info][gc,heap     ] GC(231) Old regions: 1142->1343
[2024-08-28T13:01:46.128+0000][info][gc,heap     ] GC(231) Archive regions: 2->2
[2024-08-28T13:01:46.128+0000][info][gc,heap     ] GC(231) Humongous regions: 5->5
[2024-08-28T13:01:46.128+0000][info][gc,metaspace] GC(231) Metaspace: 100K(320K)->100K(320K) NonClass: 96K(192K)->96K(192K) Class: 4K(128K)->4K(128K)
[2024-08-28T13:01:46.128+0000][info][gc          ] GC(231) Pause Young (Normal) (G1 Evacuation Pause) 1379M->1377M(2048M) 26.875ms
[2024-08-28T13:01:46.128+0000][info][gc,cpu      ] GC(231) User=1.17s Sys=0.06s Real=0.02s
[2024-08-28T13:01:46.219+0000][info][gc,start    ] GC(232) Pause Young (Normal) (G1 Evacuation Pause)
[2024-08-28T13:01:46.219+0000][info][gc,task     ] GC(232) Using 49 workers of 68 for evacuation
[2024-08-28T13:01:46.246+0000][info][gc,phases   ] GC(232)   Pre Evacuate Collection Set: 0.3ms
[2024-08-28T13:01:46.246+0000][info][gc,phases   ] GC(232)   Merge Heap Roots: 0.6ms
[2024-08-28T13:01:46.246+0000][info][gc,phases   ] GC(232)   Evacuate Collection Set: 25.6ms
[2024-08-28T13:01:46.246+0000][info][gc,phases   ] GC(232)   Post Evacuate Collection Set: 0.5ms
[2024-08-28T13:01:46.246+0000][info][gc,phases   ] GC(232)   Other: 0.3ms
[2024-08-28T13:01:46.246+0000][info][gc,heap     ] GC(232) Eden regions: 148->0(99)
[2024-08-28T13:01:46.246+0000][info][gc,heap     ] GC(232) Survivor regions: 29->23(23)
[2024-08-28T13:01:46.246+0000][info][gc,heap     ] GC(232) Old regions: 1343->1502
[2024-08-28T13:01:46.246+0000][info][gc,heap     ] GC(232) Archive regions: 2->2
[2024-08-28T13:01:46.246+0000][info][gc,heap     ] GC(232) Humongous regions: 5->5
[2024-08-28T13:01:46.246+0000][info][gc,metaspace] GC(232) Metaspace: 100K(320K)->100K(320K) NonClass: 96K(192K)->96K(192K) Class: 4K(128K)->4K(128K)
[2024-08-28T13:01:46.247+0000][info][gc          ] GC(232) Pause Young (Normal) (G1 Evacuation Pause) 1525M->1530M(2048M) 27.345ms
[2024-08-28T13:01:46.247+0000][info][gc,cpu      ] GC(232) User=0.99s Sys=0.22s Real=0.02s
[2024-08-28T13:01:46.320+0000][info][gc,start    ] GC(233) Pause Young (Concurrent Start) (G1 Evacuation Pause)
[2024-08-28T13:01:46.320+0000][info][gc,task     ] GC(233) Using 49 workers of 68 for evacuation
[2024-08-28T13:01:46.341+0000][info][gc,phases   ] GC(233)   Pre Evacuate Collection Set: 0.4ms
[2024-08-28T13:01:46.341+0000][info][gc,phases   ] GC(233)   Merge Heap Roots: 1.0ms
[2024-08-28T13:01:46.341+0000][info][gc,phases   ] GC(233)   Evacuate Collection Set: 18.2ms
[2024-08-28T13:01:46.341+0000][info][gc,phases   ] GC(233)   Post Evacuate Collection Set: 0.6ms
[2024-08-28T13:01:46.341+0000][info][gc,phases   ] GC(233)   Other: 0.7ms
[2024-08-28T13:01:46.341+0000][info][gc,heap     ] GC(233) Eden regions: 99->0(86)
[2024-08-28T13:01:46.341+0000][info][gc,heap     ] GC(233) Survivor regions: 23->16(16)
[2024-08-28T13:01:46.341+0000][info][gc,heap     ] GC(233) Old regions: 1502->1614
[2024-08-28T13:01:46.341+0000][info][gc,heap     ] GC(233) Archive regions: 2->2
[2024-08-28T13:01:46.341+0000][info][gc,heap     ] GC(233) Humongous regions: 5->5
[2024-08-28T13:01:46.341+0000][info][gc,metaspace] GC(233) Metaspace: 100K(320K)->100K(320K) NonClass: 96K(192K)->96K(192K) Class: 4K(128K)->4K(128K)
[2024-08-28T13:01:46.341+0000][info][gc          ] GC(233) Pause Young (Concurrent Start) (G1 Evacuation Pause) 1629M->1635M(2048M) 20.906ms
[2024-08-28T13:01:46.341+0000][info][gc,cpu      ] GC(233) User=0.82s Sys=0.09s Real=0.02s
[2024-08-28T13:01:46.341+0000][info][gc          ] GC(234) Concurrent Mark Cycle
[2024-08-28T13:01:46.341+0000][info][gc,marking  ] GC(234) Concurrent Clear Claimed Marks
[2024-08-28T13:01:46.341+0000][info][gc,marking  ] GC(234) Concurrent Clear Claimed Marks 0.010ms
[2024-08-28T13:01:46.341+0000][info][gc,marking  ] GC(234) Concurrent Scan Root Regions
[2024-08-28T13:01:46.344+0000][info][gc,marking  ] GC(234) Concurrent Scan Root Regions 3.213ms
[2024-08-28T13:01:46.344+0000][info][gc,marking  ] GC(234) Concurrent Mark
[2024-08-28T13:01:46.344+0000][info][gc,marking  ] GC(234) Concurrent Mark From Roots
[2024-08-28T13:01:46.344+0000][info][gc,task     ] GC(234) Using 17 workers of 17 for marking
[2024-08-28T13:01:46.367+0000][info][gc,marking  ] GC(234) Concurrent Mark From Roots 22.445ms
[2024-08-28T13:01:46.367+0000][info][gc,marking  ] GC(234) Concurrent Preclean
[2024-08-28T13:01:46.367+0000][info][gc,marking  ] GC(234) Concurrent Preclean 0.502ms
[2024-08-28T13:01:46.368+0000][info][gc,start    ] GC(234) Pause Remark
[2024-08-28T13:01:46.370+0000][info][gc          ] GC(234) Pause Remark 1660M->1380M(2048M) 2.343ms
[2024-08-28T13:01:46.370+0000][info][gc,cpu      ] GC(234) User=0.01s Sys=0.00s Real=0.01s
[2024-08-28T13:01:46.370+0000][info][gc,marking  ] GC(234) Concurrent Mark 25.707ms
[2024-08-28T13:01:46.370+0000][info][gc,marking  ] GC(234) Concurrent Rebuild Remembered Sets
[2024-08-28T13:01:46.413+0000][info][gc,start    ] GC(235) Pause Young (Normal) (G1 Evacuation Pause)
[2024-08-28T13:01:46.413+0000][info][gc,task     ] GC(235) Using 49 workers of 68 for evacuation
[2024-08-28T13:01:46.433+0000][info][gc,phases   ] GC(235)   Pre Evacuate Collection Set: 0.4ms
[2024-08-28T13:01:46.433+0000][info][gc,phases   ] GC(235)   Merge Heap Roots: 0.5ms
[2024-08-28T13:01:46.433+0000][info][gc,phases   ] GC(235)   Evacuate Collection Set: 17.9ms
[2024-08-28T13:01:46.433+0000][info][gc,phases   ] GC(235)   Post Evacuate Collection Set: 0.9ms
[2024-08-28T13:01:46.433+0000][info][gc,phases   ] GC(235)   Other: 0.3ms
[2024-08-28T13:01:46.433+0000][info][gc,heap     ] GC(235) Eden regions: 86->0(125)
[2024-08-28T13:01:46.433+0000][info][gc,heap     ] GC(235) Survivor regions: 16->13(13)
[2024-08-28T13:01:46.433+0000][info][gc,heap     ] GC(235) Old regions: 1334->1430
[2024-08-28T13:01:46.433+0000][info][gc,heap     ] GC(235) Archive regions: 2->2
[2024-08-28T13:01:46.433+0000][info][gc,heap     ] GC(235) Humongous regions: 5->5
[2024-08-28T13:01:46.433+0000][info][gc,metaspace] GC(235) Metaspace: 100K(320K)->100K(320K) NonClass: 96K(192K)->96K(192K) Class: 4K(128K)->4K(128K)
[2024-08-28T13:01:46.433+0000][info][gc          ] GC(235) Pause Young (Normal) (G1 Evacuation Pause) 1441M->1448M(2048M) 20.073ms
[2024-08-28T13:01:46.433+0000][info][gc,cpu      ] GC(235) User=0.70s Sys=0.04s Real=0.02s
[2024-08-28T13:01:46.437+0000][info][gc,marking  ] GC(234) Concurrent Rebuild Remembered Sets 66.702ms
[2024-08-28T13:01:46.437+0000][info][gc,start    ] GC(234) Pause Cleanup
[2024-08-28T13:01:46.440+0000][info][gc          ] GC(234) Pause Cleanup 1451M->1451M(2048M) 2.755ms
[2024-08-28T13:01:46.440+0000][info][gc,cpu      ] GC(234) User=0.01s Sys=0.00s Real=0.01s
[2024-08-28T13:01:46.440+0000][info][gc,marking  ] GC(234) Concurrent Cleanup for Next Mark
[2024-08-28T13:01:46.441+0000][info][gc,marking  ] GC(234) Concurrent Cleanup for Next Mark 1.548ms
[2024-08-28T13:01:46.441+0000][info][gc          ] GC(234) Concurrent Mark Cycle 100.499ms
[2024-08-28T13:01:46.552+0000][info][gc,start    ] GC(236) Pause Young (Prepare Mixed) (G1 Evacuation Pause)
[2024-08-28T13:01:46.552+0000][info][gc,task     ] GC(236) Using 49 workers of 68 for evacuation
[2024-08-28T13:01:46.572+0000][info][gc,phases   ] GC(236)   Pre Evacuate Collection Set: 0.3ms
[2024-08-28T13:01:46.572+0000][info][gc,phases   ] GC(236)   Merge Heap Roots: 0.5ms
[2024-08-28T13:01:46.572+0000][info][gc,phases   ] GC(236)   Evacuate Collection Set: 19.1ms
[2024-08-28T13:01:46.572+0000][info][gc,phases   ] GC(236)   Post Evacuate Collection Set: 0.6ms
[2024-08-28T13:01:46.572+0000][info][gc,phases   ] GC(236)   Other: 0.2ms
[2024-08-28T13:01:46.572+0000][info][gc,heap     ] GC(236) Eden regions: 125->0(84)
[2024-08-28T13:01:46.572+0000][info][gc,heap     ] GC(236) Survivor regions: 13->18(18)
[2024-08-28T13:01:46.572+0000][info][gc,heap     ] GC(236) Old regions: 1430->1553
[2024-08-28T13:01:46.572+0000][info][gc,heap     ] GC(236) Archive regions: 2->2
[2024-08-28T13:01:46.572+0000][info][gc,heap     ] GC(236) Humongous regions: 5->5
[2024-08-28T13:01:46.572+0000][info][gc,metaspace] GC(236) Metaspace: 100K(320K)->100K(320K) NonClass: 96K(192K)->96K(192K) Class: 4K(128K)->4K(128K)
[2024-08-28T13:01:46.572+0000][info][gc          ] GC(236) Pause Young (Prepare Mixed) (G1 Evacuation Pause) 1573M->1576M(2048M) 20.807ms
[2024-08-28T13:01:46.572+0000][info][gc,cpu      ] GC(236) User=0.75s Sys=0.20s Real=0.02s
[2024-08-28T13:01:46.627+0000][info][gc,start    ] GC(237) Pause Young (Mixed) (G1 Evacuation Pause)
[2024-08-28T13:01:46.627+0000][info][gc,task     ] GC(237) Using 49 workers of 68 for evacuation
[2024-08-28T13:01:46.644+0000][info][gc,phases   ] GC(237)   Pre Evacuate Collection Set: 0.4ms
[2024-08-28T13:01:46.644+0000][info][gc,phases   ] GC(237)   Merge Heap Roots: 0.8ms
[2024-08-28T13:01:46.644+0000][info][gc,phases   ] GC(237)   Evacuate Collection Set: 15.6ms
[2024-08-28T13:01:46.644+0000][info][gc,phases   ] GC(237)   Post Evacuate Collection Set: 0.6ms
[2024-08-28T13:01:46.644+0000][info][gc,phases   ] GC(237)   Other: 0.2ms
[2024-08-28T13:01:46.644+0000][info][gc,heap     ] GC(237) Eden regions: 84->0(89)
[2024-08-28T13:01:46.644+0000][info][gc,heap     ] GC(237) Survivor regions: 18->13(13)
[2024-08-28T13:01:46.644+0000][info][gc,heap     ] GC(237) Old regions: 1553->1444
[2024-08-28T13:01:46.644+0000][info][gc,heap     ] GC(237) Archive regions: 2->2
[2024-08-28T13:01:46.644+0000][info][gc,heap     ] GC(237) Humongous regions: 5->5
[2024-08-28T13:01:46.644+0000][info][gc,metaspace] GC(237) Metaspace: 100K(320K)->100K(320K) NonClass: 96K(192K)->96K(192K) Class: 4K(128K)->4K(128K)
[2024-08-28T13:01:46.644+0000][info][gc          ] GC(237) Pause Young (Mixed) (G1 Evacuation Pause) 1660M->1462M(2048M) 17.788ms
[2024-08-28T13:01:46.644+0000][info][gc,cpu      ] GC(237) User=0.75s Sys=0.05s Real=0.02s
[2024-08-28T13:01:46.703+0000][info][gc,start    ] GC(238) Pause Young (Mixed) (G1 Evacuation Pause)
[2024-08-28T13:01:46.703+0000][info][gc,task     ] GC(238) Using 49 workers of 68 for evacuation
[2024-08-28T13:01:46.719+0000][info][gc,phases   ] GC(238)   Pre Evacuate Collection Set: 0.4ms
[2024-08-28T13:01:46.719+0000][info][gc,phases   ] GC(238)   Merge Heap Roots: 0.6ms
[2024-08-28T13:01:46.719+0000][info][gc,phases   ] GC(238)   Evacuate Collection Set: 14.0ms
[2024-08-28T13:01:46.719+0000][info][gc,phases   ] GC(238)   Post Evacuate Collection Set: 0.6ms
[2024-08-28T13:01:46.719+0000][info][gc,phases   ] GC(238)   Other: 0.2ms
[2024-08-28T13:01:46.719+0000][info][gc,heap     ] GC(238) Eden regions: 89->0(89)
[2024-08-28T13:01:46.719+0000][info][gc,heap     ] GC(238) Survivor regions: 13->13(13)
[2024-08-28T13:01:46.719+0000][info][gc,heap     ] GC(238) Old regions: 1444->1332
[2024-08-28T13:01:46.719+0000][info][gc,heap     ] GC(238) Archive regions: 2->2
[2024-08-28T13:01:46.719+0000][info][gc,heap     ] GC(238) Humongous regions: 5->5
[2024-08-28T13:01:46.719+0000][info][gc,metaspace] GC(238) Metaspace: 100K(320K)->100K(320K) NonClass: 96K(192K)->96K(192K) Class: 4K(128K)->4K(128K)
[2024-08-28T13:01:46.719+0000][info][gc          ] GC(238) Pause Young (Mixed) (G1 Evacuation Pause) 1551M->1350M(2048M) 15.967ms
[2024-08-28T13:01:46.719+0000][info][gc,cpu      ] GC(238) User=0.71s Sys=0.00s Real=0.02s
[2024-08-28T13:01:46.777+0000][info][gc,start    ] GC(239) Pause Young (Mixed) (G1 Evacuation Pause)
[2024-08-28T13:01:46.777+0000][info][gc,task     ] GC(239) Using 49 workers of 68 for evacuation
[2024-08-28T13:01:46.794+0000][info][gc,phases   ] GC(239)   Pre Evacuate Collection Set: 0.4ms
[2024-08-28T13:01:46.794+0000][info][gc,phases   ] GC(239)   Merge Heap Roots: 0.9ms
[2024-08-28T13:01:46.794+0000][info][gc,phases   ] GC(239)   Evacuate Collection Set: 14.9ms
[2024-08-28T13:01:46.794+0000][info][gc,phases   ] GC(239)   Post Evacuate Collection Set: 1.5ms
[2024-08-28T13:01:46.794+0000][info][gc,phases   ] GC(239)   Other: 0.2ms
[2024-08-28T13:01:46.794+0000][info][gc,heap     ] GC(239) Eden regions: 89->0(89)
[2024-08-28T13:01:46.794+0000][info][gc,heap     ] GC(239) Survivor regions: 13->13(13)
[2024-08-28T13:01:46.794+0000][info][gc,heap     ] GC(239) Old regions: 1332->1221
[2024-08-28T13:01:46.794+0000][info][gc,heap     ] GC(239) Archive regions: 2->2
[2024-08-28T13:01:46.794+0000][info][gc,heap     ] GC(239) Humongous regions: 5->5
[2024-08-28T13:01:46.794+0000][info][gc,metaspace] GC(239) Metaspace: 100K(320K)->100K(320K) NonClass: 96K(192K)->96K(192K) Class: 4K(128K)->4K(128K)
[2024-08-28T13:01:46.794+0000][info][gc          ] GC(239) Pause Young (Mixed) (G1 Evacuation Pause) 1439M->1239M(2048M) 17.978ms
[2024-08-28T13:01:46.795+0000][info][gc,cpu      ] GC(239) User=0.61s Sys=0.14s Real=0.02s
[2024-08-28T13:01:46.851+0000][info][gc,start    ] GC(240) Pause Young (Mixed) (G1 Evacuation Pause)
[2024-08-28T13:01:46.851+0000][info][gc,task     ] GC(240) Using 49 workers of 68 for evacuation
[2024-08-28T13:01:46.867+0000][info][gc,phases   ] GC(240)   Pre Evacuate Collection Set: 0.5ms
[2024-08-28T13:01:46.867+0000][info][gc,phases   ] GC(240)   Merge Heap Roots: 0.7ms
[2024-08-28T13:01:46.867+0000][info][gc,phases   ] GC(240)   Evacuate Collection Set: 14.3ms
[2024-08-28T13:01:46.867+0000][info][gc,phases   ] GC(240)   Post Evacuate Collection Set: 0.7ms
[2024-08-28T13:01:46.867+0000][info][gc,phases   ] GC(240)   Other: 0.3ms
[2024-08-28T13:01:46.867+0000][info][gc,heap     ] GC(240) Eden regions: 89->0(220)
[2024-08-28T13:01:46.867+0000][info][gc,heap     ] GC(240) Survivor regions: 13->13(13)
[2024-08-28T13:01:46.867+0000][info][gc,heap     ] GC(240) Old regions: 1221->1137
[2024-08-28T13:01:46.867+0000][info][gc,heap     ] GC(240) Archive regions: 2->2
[2024-08-28T13:01:46.867+0000][info][gc,heap     ] GC(240) Humongous regions: 5->5
[2024-08-28T13:01:46.867+0000][info][gc,metaspace] GC(240) Metaspace: 100K(320K)->100K(320K) NonClass: 96K(192K)->96K(192K) Class: 4K(128K)->4K(128K)
[2024-08-28T13:01:46.867+0000][info][gc          ] GC(240) Pause Young (Mixed) (G1 Evacuation Pause) 1328M->1155M(2048M) 16.499ms
[2024-08-28T13:01:46.867+0000][info][gc,cpu      ] GC(240) User=0.73s Sys=0.00s Real=0.01s
[2024-08-28T13:01:47.019+0000][info][gc,start    ] GC(241) Pause Young (Normal) (G1 Evacuation Pause)
[2024-08-28T13:01:47.019+0000][info][gc,task     ] GC(241) Using 49 workers of 68 for evacuation
[2024-08-28T13:01:47.048+0000][info][gc,phases   ] GC(241)   Pre Evacuate Collection Set: 0.3ms
[2024-08-28T13:01:47.048+0000][info][gc,phases   ] GC(241)   Merge Heap Roots: 0.6ms
[2024-08-28T13:01:47.048+0000][info][gc,phases   ] GC(241)   Evacuate Collection Set: 26.6ms
[2024-08-28T13:01:47.048+0000][info][gc,phases   ] GC(241)   Post Evacuate Collection Set: 1.1ms
[2024-08-28T13:01:47.048+0000][info][gc,phases   ] GC(241)   Other: 0.3ms
[2024-08-28T13:01:47.048+0000][info][gc,heap     ] GC(241) Eden regions: 220->0(150)
[2024-08-28T13:01:47.048+0000][info][gc,heap     ] GC(241) Survivor regions: 13->30(30)
[2024-08-28T13:01:47.048+0000][info][gc,heap     ] GC(241) Old regions: 1137->1337
[2024-08-28T13:01:47.048+0000][info][gc,heap     ] GC(241) Archive regions: 2->2
[2024-08-28T13:01:47.048+0000][info][gc,heap     ] GC(241) Humongous regions: 5->5
[2024-08-28T13:01:47.048+0000][info][gc,metaspace] GC(241) Metaspace: 100K(320K)->100K(320K) NonClass: 96K(192K)->96K(192K) Class: 4K(128K)->4K(128K)
[2024-08-28T13:01:47.048+0000][info][gc          ] GC(241) Pause Young (Normal) (G1 Evacuation Pause) 1375M->1372M(2048M) 28.982ms
[2024-08-28T13:01:47.048+0000][info][gc,cpu      ] GC(241) User=1.08s Sys=0.20s Real=0.02s
[2024-08-28T13:01:47.143+0000][info][gc,start    ] GC(242) Pause Young (Normal) (G1 Evacuation Pause)
[2024-08-28T13:01:47.143+0000][info][gc,task     ] GC(242) Using 49 workers of 68 for evacuation
[2024-08-28T13:01:47.168+0000][info][gc,phases   ] GC(242)   Pre Evacuate Collection Set: 0.5ms
[2024-08-28T13:01:47.168+0000][info][gc,phases   ] GC(242)   Merge Heap Roots: 0.6ms
[2024-08-28T13:01:47.168+0000][info][gc,phases   ] GC(242)   Evacuate Collection Set: 23.6ms
[2024-08-28T13:01:47.168+0000][info][gc,phases   ] GC(242)   Post Evacuate Collection Set: 0.6ms
[2024-08-28T13:01:47.168+0000][info][gc,phases   ] GC(242)   Other: 0.3ms
[2024-08-28T13:01:47.168+0000][info][gc,heap     ] GC(242) Eden regions: 150->0(100)
[2024-08-28T13:01:47.168+0000][info][gc,heap     ] GC(242) Survivor regions: 30->23(23)
[2024-08-28T13:01:47.168+0000][info][gc,heap     ] GC(242) Old regions: 1337->1499
[2024-08-28T13:01:47.168+0000][info][gc,heap     ] GC(242) Archive regions: 2->2
[2024-08-28T13:01:47.168+0000][info][gc,heap     ] GC(242) Humongous regions: 5->5
[2024-08-28T13:01:47.168+0000][info][gc,metaspace] GC(242) Metaspace: 100K(320K)->100K(320K) NonClass: 96K(192K)->96K(192K) Class: 4K(128K)->4K(128K)
[2024-08-28T13:01:47.168+0000][info][gc          ] GC(242) Pause Young (Normal) (G1 Evacuation Pause) 1522M->1527M(2048M) 25.616ms
[2024-08-28T13:01:47.168+0000][info][gc,cpu      ] GC(242) User=1.15s Sys=0.03s Real=0.02s
[2024-08-28T13:01:47.232+0000][info][gc,start    ] GC(243) Pause Young (Concurrent Start) (G1 Evacuation Pause)
[2024-08-28T13:01:47.232+0000][info][gc,task     ] GC(243) Using 49 workers of 68 for evacuation
[2024-08-28T13:01:47.253+0000][info][gc,phases   ] GC(243)   Pre Evacuate Collection Set: 0.3ms
[2024-08-28T13:01:47.253+0000][info][gc,phases   ] GC(243)   Merge Heap Roots: 0.5ms
[2024-08-28T13:01:47.253+0000][info][gc,phases   ] GC(243)   Evacuate Collection Set: 18.2ms
[2024-08-28T13:01:47.253+0000][info][gc,phases   ] GC(243)   Post Evacuate Collection Set: 0.5ms
[2024-08-28T13:01:47.253+0000][info][gc,phases   ] GC(243)   Other: 1.1ms
[2024-08-28T13:01:47.253+0000][info][gc,heap     ] GC(243) Eden regions: 100->0(86)
[2024-08-28T13:01:47.253+0000][info][gc,heap     ] GC(243) Survivor regions: 23->16(16)
[2024-08-28T13:01:47.253+0000][info][gc,heap     ] GC(243) Old regions: 1499->1613
[2024-08-28T13:01:47.253+0000][info][gc,heap     ] GC(243) Archive regions: 2->2
[2024-08-28T13:01:47.253+0000][info][gc,heap     ] GC(243) Humongous regions: 5->5
[2024-08-28T13:01:47.253+0000][info][gc,metaspace] GC(243) Metaspace: 100K(320K)->100K(320K) NonClass: 96K(192K)->96K(192K) Class: 4K(128K)->4K(128K)
[2024-08-28T13:01:47.253+0000][info][gc          ] GC(243) Pause Young (Concurrent Start) (G1 Evacuation Pause) 1627M->1634M(2048M) 20.758ms
[2024-08-28T13:01:47.253+0000][info][gc,cpu      ] GC(243) User=0.88s Sys=0.03s Real=0.02s
[2024-08-28T13:01:47.253+0000][info][gc          ] GC(244) Concurrent Mark Cycle
[2024-08-28T13:01:47.253+0000][info][gc,marking  ] GC(244) Concurrent Clear Claimed Marks
[2024-08-28T13:01:47.253+0000][info][gc,marking  ] GC(244) Concurrent Clear Claimed Marks 0.009ms
[2024-08-28T13:01:47.253+0000][info][gc,marking  ] GC(244) Concurrent Scan Root Regions
[2024-08-28T13:01:47.257+0000][info][gc,marking  ] GC(244) Concurrent Scan Root Regions 3.516ms
[2024-08-28T13:01:47.257+0000][info][gc,marking  ] GC(244) Concurrent Mark
[2024-08-28T13:01:47.257+0000][info][gc,marking  ] GC(244) Concurrent Mark From Roots
[2024-08-28T13:01:47.257+0000][info][gc,task     ] GC(244) Using 17 workers of 17 for marking
[2024-08-28T13:01:47.280+0000][info][gc,marking  ] GC(244) Concurrent Mark From Roots 23.334ms
[2024-08-28T13:01:47.280+0000][info][gc,marking  ] GC(244) Concurrent Preclean
[2024-08-28T13:01:47.281+0000][info][gc,marking  ] GC(244) Concurrent Preclean 0.600ms
[2024-08-28T13:01:47.281+0000][info][gc,start    ] GC(244) Pause Remark
[2024-08-28T13:01:47.284+0000][info][gc          ] GC(244) Pause Remark 1661M->1390M(2048M) 2.678ms
[2024-08-28T13:01:47.284+0000][info][gc,cpu      ] GC(244) User=0.03s Sys=0.01s Real=0.00s
[2024-08-28T13:01:47.284+0000][info][gc,marking  ] GC(244) Concurrent Mark 27.062ms
[2024-08-28T13:01:47.284+0000][info][gc,marking  ] GC(244) Concurrent Rebuild Remembered Sets
[2024-08-28T13:01:47.325+0000][info][gc,start    ] GC(245) Pause Young (Normal) (G1 Evacuation Pause)
[2024-08-28T13:01:47.325+0000][info][gc,task     ] GC(245) Using 49 workers of 68 for evacuation
[2024-08-28T13:01:47.342+0000][info][gc,phases   ] GC(245)   Pre Evacuate Collection Set: 0.3ms
[2024-08-28T13:01:47.342+0000][info][gc,phases   ] GC(245)   Merge Heap Roots: 0.5ms
[2024-08-28T13:01:47.342+0000][info][gc,phases   ] GC(245)   Evacuate Collection Set: 14.8ms
[2024-08-28T13:01:47.342+0000][info][gc,phases   ] GC(245)   Post Evacuate Collection Set: 0.9ms
[2024-08-28T13:01:47.342+0000][info][gc,phases   ] GC(245)   Other: 0.2ms
[2024-08-28T13:01:47.342+0000][info][gc,heap     ] GC(245) Eden regions: 86->0(123)
[2024-08-28T13:01:47.342+0000][info][gc,heap     ] GC(245) Survivor regions: 16->13(13)
[2024-08-28T13:01:47.342+0000][info][gc,heap     ] GC(245) Old regions: 1342->1438
[2024-08-28T13:01:47.342+0000][info][gc,heap     ] GC(245) Archive regions: 2->2
[2024-08-28T13:01:47.342+0000][info][gc,heap     ] GC(245) Humongous regions: 5->5
[2024-08-28T13:01:47.342+0000][info][gc,metaspace] GC(245) Metaspace: 100K(320K)->100K(320K) NonClass: 96K(192K)->96K(192K) Class: 4K(128K)->4K(128K)
[2024-08-28T13:01:47.342+0000][info][gc          ] GC(245) Pause Young (Normal) (G1 Evacuation Pause) 1449M->1456M(2048M) 16.767ms
[2024-08-28T13:01:47.342+0000][info][gc,cpu      ] GC(245) User=0.75s Sys=0.00s Real=0.02s
[2024-08-28T13:01:47.348+0000][info][gc,marking  ] GC(244) Concurrent Rebuild Remembered Sets 64.315ms
[2024-08-28T13:01:47.348+0000][info][gc,start    ] GC(244) Pause Cleanup
[2024-08-28T13:01:47.351+0000][info][gc          ] GC(244) Pause Cleanup 1465M->1465M(2048M) 2.788ms
[2024-08-28T13:01:47.351+0000][info][gc,cpu      ] GC(244) User=0.01s Sys=0.00s Real=0.01s
[2024-08-28T13:01:47.351+0000][info][gc,marking  ] GC(244) Concurrent Cleanup for Next Mark
[2024-08-28T13:01:47.354+0000][info][gc,marking  ] GC(244) Concurrent Cleanup for Next Mark 2.488ms
[2024-08-28T13:01:47.354+0000][info][gc          ] GC(244) Concurrent Mark Cycle 100.708ms
[2024-08-28T13:01:47.427+0000][info][gc,start    ] GC(246) Pause Young (Prepare Mixed) (G1 Evacuation Pause)
[2024-08-28T13:01:47.427+0000][info][gc,task     ] GC(246) Using 49 workers of 68 for evacuation
[2024-08-28T13:01:47.446+0000][info][gc,phases   ] GC(246)   Pre Evacuate Collection Set: 0.3ms
[2024-08-28T13:01:47.446+0000][info][gc,phases   ] GC(246)   Merge Heap Roots: 0.9ms
[2024-08-28T13:01:47.446+0000][info][gc,phases   ] GC(246)   Evacuate Collection Set: 16.6ms
[2024-08-28T13:01:47.446+0000][info][gc,phases   ] GC(246)   Post Evacuate Collection Set: 0.6ms
[2024-08-28T13:01:47.446+0000][info][gc,phases   ] GC(246)   Other: 0.2ms
[2024-08-28T13:01:47.446+0000][info][gc,heap     ] GC(246) Eden regions: 123->0(85)
[2024-08-28T13:01:47.446+0000][info][gc,heap     ] GC(246) Survivor regions: 13->17(17)
[2024-08-28T13:01:47.446+0000][info][gc,heap     ] GC(246) Old regions: 1438->1560
[2024-08-28T13:01:47.446+0000][info][gc,heap     ] GC(246) Archive regions: 2->2
[2024-08-28T13:01:47.446+0000][info][gc,heap     ] GC(246) Humongous regions: 5->5
[2024-08-28T13:01:47.446+0000][info][gc,metaspace] GC(246) Metaspace: 100K(320K)->100K(320K) NonClass: 96K(192K)->96K(192K) Class: 4K(128K)->4K(128K)
[2024-08-28T13:01:47.446+0000][info][gc          ] GC(246) Pause Young (Prepare Mixed) (G1 Evacuation Pause) 1579M->1582M(2048M) 18.675ms
[2024-08-28T13:01:47.446+0000][info][gc,cpu      ] GC(246) User=0.81s Sys=0.03s Real=0.02s
[2024-08-28T13:01:47.500+0000][info][gc,start    ] GC(247) Pause Young (Mixed) (G1 Evacuation Pause)
[2024-08-28T13:01:47.500+0000][info][gc,task     ] GC(247) Using 49 workers of 68 for evacuation
[2024-08-28T13:01:47.518+0000][info][gc,phases   ] GC(247)   Pre Evacuate Collection Set: 0.4ms
[2024-08-28T13:01:47.518+0000][info][gc,phases   ] GC(247)   Merge Heap Roots: 0.6ms
[2024-08-28T13:01:47.518+0000][info][gc,phases   ] GC(247)   Evacuate Collection Set: 16.0ms
[2024-08-28T13:01:47.518+0000][info][gc,phases   ] GC(247)   Post Evacuate Collection Set: 0.6ms
[2024-08-28T13:01:47.518+0000][info][gc,phases   ] GC(247)   Other: 0.3ms
[2024-08-28T13:01:47.518+0000][info][gc,heap     ] GC(247) Eden regions: 85->0(89)
[2024-08-28T13:01:47.518+0000][info][gc,heap     ] GC(247) Survivor regions: 17->13(13)
[2024-08-28T13:01:47.518+0000][info][gc,heap     ] GC(247) Old regions: 1560->1449
[2024-08-28T13:01:47.518+0000][info][gc,heap     ] GC(247) Archive regions: 2->2
[2024-08-28T13:01:47.518+0000][info][gc,heap     ] GC(247) Humongous regions: 5->5
[2024-08-28T13:01:47.518+0000][info][gc,metaspace] GC(247) Metaspace: 100K(320K)->100K(320K) NonClass: 96K(192K)->96K(192K) Class: 4K(128K)->4K(128K)
[2024-08-28T13:01:47.518+0000][info][gc          ] GC(247) Pause Young (Mixed) (G1 Evacuation Pause) 1667M->1467M(2048M) 17.987ms
[2024-08-28T13:01:47.518+0000][info][gc,cpu      ] GC(247) User=0.76s Sys=0.04s Real=0.02s
[2024-08-28T13:01:47.575+0000][info][gc,start    ] GC(248) Pause Young (Mixed) (G1 Evacuation Pause)
[2024-08-28T13:01:47.575+0000][info][gc,task     ] GC(248) Using 49 workers of 68 for evacuation
[2024-08-28T13:01:47.591+0000][info][gc,phases   ] GC(248)   Pre Evacuate Collection Set: 0.4ms
[2024-08-28T13:01:47.591+0000][info][gc,phases   ] GC(248)   Merge Heap Roots: 0.7ms
[2024-08-28T13:01:47.591+0000][info][gc,phases   ] GC(248)   Evacuate Collection Set: 14.4ms
[2024-08-28T13:01:47.591+0000][info][gc,phases   ] GC(248)   Post Evacuate Collection Set: 0.6ms
[2024-08-28T13:01:47.591+0000][info][gc,phases   ] GC(248)   Other: 0.3ms
[2024-08-28T13:01:47.591+0000][info][gc,heap     ] GC(248) Eden regions: 89->0(89)
[2024-08-28T13:01:47.591+0000][info][gc,heap     ] GC(248) Survivor regions: 13->13(13)
[2024-08-28T13:01:47.591+0000][info][gc,heap     ] GC(248) Old regions: 1449->1337
[2024-08-28T13:01:47.591+0000][info][gc,heap     ] GC(248) Archive regions: 2->2
[2024-08-28T13:01:47.591+0000][info][gc,heap     ] GC(248) Humongous regions: 5->5
[2024-08-28T13:01:47.591+0000][info][gc,metaspace] GC(248) Metaspace: 100K(320K)->100K(320K) NonClass: 96K(192K)->96K(192K) Class: 4K(128K)->4K(128K)
[2024-08-28T13:01:47.591+0000][info][gc          ] GC(248) Pause Young (Mixed) (G1 Evacuation Pause) 1556M->1355M(2048M) 16.461ms
[2024-08-28T13:01:47.591+0000][info][gc,cpu      ] GC(248) User=0.74s Sys=0.00s Real=0.02s
[2024-08-28T13:01:47.647+0000][info][gc,start    ] GC(249) Pause Young (Mixed) (G1 Evacuation Pause)
[2024-08-28T13:01:47.647+0000][info][gc,task     ] GC(249) Using 49 workers of 68 for evacuation
[2024-08-28T13:01:47.663+0000][info][gc,phases   ] GC(249)   Pre Evacuate Collection Set: 0.4ms
[2024-08-28T13:01:47.664+0000][info][gc,phases   ] GC(249)   Merge Heap Roots: 0.5ms
[2024-08-28T13:01:47.664+0000][info][gc,phases   ] GC(249)   Evacuate Collection Set: 14.4ms
[2024-08-28T13:01:47.664+0000][info][gc,phases   ] GC(249)   Post Evacuate Collection Set: 0.7ms
[2024-08-28T13:01:47.664+0000][info][gc,phases   ] GC(249)   Other: 0.2ms
[2024-08-28T13:01:47.664+0000][info][gc,heap     ] GC(249) Eden regions: 89->0(89)
[2024-08-28T13:01:47.664+0000][info][gc,heap     ] GC(249) Survivor regions: 13->13(13)
[2024-08-28T13:01:47.664+0000][info][gc,heap     ] GC(249) Old regions: 1337->1225
[2024-08-28T13:01:47.664+0000][info][gc,heap     ] GC(249) Archive regions: 2->2
[2024-08-28T13:01:47.664+0000][info][gc,heap     ] GC(249) Humongous regions: 5->5
[2024-08-28T13:01:47.664+0000][info][gc,metaspace] GC(249) Metaspace: 100K(320K)->100K(320K) NonClass: 96K(192K)->96K(192K) Class: 4K(128K)->4K(128K)
[2024-08-28T13:01:47.664+0000][info][gc          ] GC(249) Pause Young (Mixed) (G1 Evacuation Pause) 1444M->1243M(2048M) 16.215ms
[2024-08-28T13:01:47.664+0000][info][gc,cpu      ] GC(249) User=0.72s Sys=0.00s Real=0.02s
[2024-08-28T13:01:47.721+0000][info][gc,start    ] GC(250) Pause Young (Mixed) (G1 Evacuation Pause)
[2024-08-28T13:01:47.721+0000][info][gc,task     ] GC(250) Using 49 workers of 68 for evacuation
[2024-08-28T13:01:47.737+0000][info][gc,phases   ] GC(250)   Pre Evacuate Collection Set: 0.4ms
[2024-08-28T13:01:47.737+0000][info][gc,phases   ] GC(250)   Merge Heap Roots: 0.9ms
[2024-08-28T13:01:47.737+0000][info][gc,phases   ] GC(250)   Evacuate Collection Set: 14.3ms
[2024-08-28T13:01:47.737+0000][info][gc,phases   ] GC(250)   Post Evacuate Collection Set: 0.6ms
[2024-08-28T13:01:47.737+0000][info][gc,phases   ] GC(250)   Other: 0.2ms
[2024-08-28T13:01:47.737+0000][info][gc,heap     ] GC(250) Eden regions: 89->0(221)
[2024-08-28T13:01:47.737+0000][info][gc,heap     ] GC(250) Survivor regions: 13->13(13)
[2024-08-28T13:01:47.737+0000][info][gc,heap     ] GC(250) Old regions: 1225->1134
[2024-08-28T13:01:47.737+0000][info][gc,heap     ] GC(250) Archive regions: 2->2
[2024-08-28T13:01:47.737+0000][info][gc,heap     ] GC(250) Humongous regions: 5->5
[2024-08-28T13:01:47.737+0000][info][gc,metaspace] GC(250) Metaspace: 100K(320K)->100K(320K) NonClass: 96K(192K)->96K(192K) Class: 4K(128K)->4K(128K)
[2024-08-28T13:01:47.737+0000][info][gc          ] GC(250) Pause Young (Mixed) (G1 Evacuation Pause) 1332M->1152M(2048M) 16.583ms
[2024-08-28T13:01:47.738+0000][info][gc,cpu      ] GC(250) User=0.74s Sys=0.00s Real=0.02s
[2024-08-28T13:01:47.876+0000][info][gc,start    ] GC(251) Pause Young (Normal) (G1 Evacuation Pause)
[2024-08-28T13:01:47.876+0000][info][gc,task     ] GC(251) Using 49 workers of 68 for evacuation
[2024-08-28T13:01:47.901+0000][info][gc,phases   ] GC(251)   Pre Evacuate Collection Set: 0.3ms
[2024-08-28T13:01:47.901+0000][info][gc,phases   ] GC(251)   Merge Heap Roots: 1.0ms
[2024-08-28T13:01:47.901+0000][info][gc,phases   ] GC(251)   Evacuate Collection Set: 23.3ms
[2024-08-28T13:01:47.901+0000][info][gc,phases   ] GC(251)   Post Evacuate Collection Set: 0.6ms
[2024-08-28T13:01:47.901+0000][info][gc,phases   ] GC(251)   Other: 0.3ms
[2024-08-28T13:01:47.901+0000][info][gc,heap     ] GC(251) Eden regions: 221->0(150)
[2024-08-28T13:01:47.901+0000][info][gc,heap     ] GC(251) Survivor regions: 13->30(30)
[2024-08-28T13:01:47.901+0000][info][gc,heap     ] GC(251) Old regions: 1134->1335
[2024-08-28T13:01:47.901+0000][info][gc,heap     ] GC(251) Archive regions: 2->2
[2024-08-28T13:01:47.901+0000][info][gc,heap     ] GC(251) Humongous regions: 5->5
[2024-08-28T13:01:47.901+0000][info][gc,metaspace] GC(251) Metaspace: 100K(320K)->100K(320K) NonClass: 96K(192K)->96K(192K) Class: 4K(128K)->4K(128K)
[2024-08-28T13:01:47.901+0000][info][gc          ] GC(251) Pause Young (Normal) (G1 Evacuation Pause) 1373M->1370M(2048M) 25.613ms
[2024-08-28T13:01:47.901+0000][info][gc,cpu      ] GC(251) User=1.18s Sys=0.00s Real=0.03s
[2024-08-28T13:01:47.993+0000][info][gc,start    ] GC(252) Pause Young (Normal) (G1 Evacuation Pause)
[2024-08-28T13:01:47.993+0000][info][gc,task     ] GC(252) Using 49 workers of 68 for evacuation
[2024-08-28T13:01:48.017+0000][info][gc,phases   ] GC(252)   Pre Evacuate Collection Set: 0.3ms
[2024-08-28T13:01:48.018+0000][info][gc,phases   ] GC(252)   Merge Heap Roots: 0.6ms
[2024-08-28T13:01:48.018+0000][info][gc,phases   ] GC(252)   Evacuate Collection Set: 23.1ms
[2024-08-28T13:01:48.018+0000][info][gc,phases   ] GC(252)   Post Evacuate Collection Set: 0.6ms
[2024-08-28T13:01:48.018+0000][info][gc,phases   ] GC(252)   Other: 0.2ms
[2024-08-28T13:01:48.018+0000][info][gc,heap     ] GC(252) Eden regions: 150->0(100)
[2024-08-28T13:01:48.018+0000][info][gc,heap     ] GC(252) Survivor regions: 30->23(23)
[2024-08-28T13:01:48.018+0000][info][gc,heap     ] GC(252) Old regions: 1335->1497
[2024-08-28T13:01:48.018+0000][info][gc,heap     ] GC(252) Archive regions: 2->2
[2024-08-28T13:01:48.018+0000][info][gc,heap     ] GC(252) Humongous regions: 5->5
[2024-08-28T13:01:48.018+0000][info][gc,metaspace] GC(252) Metaspace: 100K(320K)->100K(320K) NonClass: 96K(192K)->96K(192K) Class: 4K(128K)->4K(128K)
[2024-08-28T13:01:48.018+0000][info][gc          ] GC(252) Pause Young (Normal) (G1 Evacuation Pause) 1520M->1525M(2048M) 24.908ms
[2024-08-28T13:01:48.018+0000][info][gc,cpu      ] GC(252) User=1.15s Sys=0.00s Real=0.03s
[2024-08-28T13:01:48.081+0000][info][gc,start    ] GC(253) Pause Young (Concurrent Start) (G1 Evacuation Pause)
[2024-08-28T13:01:48.081+0000][info][gc,task     ] GC(253) Using 49 workers of 68 for evacuation
[2024-08-28T13:01:48.100+0000][info][gc,phases   ] GC(253)   Pre Evacuate Collection Set: 0.3ms
[2024-08-28T13:01:48.100+0000][info][gc,phases   ] GC(253)   Merge Heap Roots: 0.9ms
[2024-08-28T13:01:48.100+0000][info][gc,phases   ] GC(253)   Evacuate Collection Set: 16.9ms
[2024-08-28T13:01:48.100+0000][info][gc,phases   ] GC(253)   Post Evacuate Collection Set: 0.5ms
[2024-08-28T13:01:48.100+0000][info][gc,phases   ] GC(253)   Other: 0.7ms
[2024-08-28T13:01:48.100+0000][info][gc,heap     ] GC(253) Eden regions: 100->0(86)
[2024-08-28T13:01:48.100+0000][info][gc,heap     ] GC(253) Survivor regions: 23->16(16)
[2024-08-28T13:01:48.100+0000][info][gc,heap     ] GC(253) Old regions: 1497->1613
[2024-08-28T13:01:48.100+0000][info][gc,heap     ] GC(253) Archive regions: 2->2
[2024-08-28T13:01:48.100+0000][info][gc,heap     ] GC(253) Humongous regions: 5->5
[2024-08-28T13:01:48.100+0000][info][gc,metaspace] GC(253) Metaspace: 100K(320K)->100K(320K) NonClass: 96K(192K)->96K(192K) Class: 4K(128K)->4K(128K)
[2024-08-28T13:01:48.100+0000][info][gc          ] GC(253) Pause Young (Concurrent Start) (G1 Evacuation Pause) 1625M->1634M(2048M) 19.366ms
[2024-08-28T13:01:48.100+0000][info][gc,cpu      ] GC(253) User=0.86s Sys=0.01s Real=0.02s
[2024-08-28T13:01:48.100+0000][info][gc          ] GC(254) Concurrent Mark Cycle
[2024-08-28T13:01:48.100+0000][info][gc,marking  ] GC(254) Concurrent Clear Claimed Marks
[2024-08-28T13:01:48.100+0000][info][gc,marking  ] GC(254) Concurrent Clear Claimed Marks 0.025ms
[2024-08-28T13:01:48.100+0000][info][gc,marking  ] GC(254) Concurrent Scan Root Regions
[2024-08-28T13:01:48.103+0000][info][gc,marking  ] GC(254) Concurrent Scan Root Regions 3.188ms
[2024-08-28T13:01:48.103+0000][info][gc,marking  ] GC(254) Concurrent Mark
[2024-08-28T13:01:48.103+0000][info][gc,marking  ] GC(254) Concurrent Mark From Roots
[2024-08-28T13:01:48.103+0000][info][gc,task     ] GC(254) Using 17 workers of 17 for marking
[2024-08-28T13:01:48.125+0000][info][gc,marking  ] GC(254) Concurrent Mark From Roots 21.719ms
[2024-08-28T13:01:48.125+0000][info][gc,marking  ] GC(254) Concurrent Preclean
[2024-08-28T13:01:48.126+0000][info][gc,marking  ] GC(254) Concurrent Preclean 0.644ms
[2024-08-28T13:01:48.126+0000][info][gc,start    ] GC(254) Pause Remark
[2024-08-28T13:01:48.128+0000][info][gc          ] GC(254) Pause Remark 1661M->1388M(2048M) 2.239ms
[2024-08-28T13:01:48.128+0000][info][gc,cpu      ] GC(254) User=0.02s Sys=0.00s Real=0.00s
[2024-08-28T13:01:48.128+0000][info][gc,marking  ] GC(254) Concurrent Mark 25.016ms
[2024-08-28T13:01:48.128+0000][info][gc,marking  ] GC(254) Concurrent Rebuild Remembered Sets
[2024-08-28T13:01:48.170+0000][info][gc,start    ] GC(255) Pause Young (Normal) (G1 Evacuation Pause)
[2024-08-28T13:01:48.170+0000][info][gc,task     ] GC(255) Using 49 workers of 68 for evacuation
[2024-08-28T13:01:48.186+0000][info][gc,phases   ] GC(255)   Pre Evacuate Collection Set: 0.3ms
[2024-08-28T13:01:48.186+0000][info][gc,phases   ] GC(255)   Merge Heap Roots: 0.4ms
[2024-08-28T13:01:48.186+0000][info][gc,phases   ] GC(255)   Evacuate Collection Set: 14.2ms
[2024-08-28T13:01:48.186+0000][info][gc,phases   ] GC(255)   Post Evacuate Collection Set: 0.9ms
[2024-08-28T13:01:48.186+0000][info][gc,phases   ] GC(255)   Other: 0.2ms
[2024-08-28T13:01:48.186+0000][info][gc,heap     ] GC(255) Eden regions: 86->0(123)
[2024-08-28T13:01:48.186+0000][info][gc,heap     ] GC(255) Survivor regions: 16->13(13)
[2024-08-28T13:01:48.186+0000][info][gc,heap     ] GC(255) Old regions: 1340->1437
[2024-08-28T13:01:48.186+0000][info][gc,heap     ] GC(255) Archive regions: 2->2
[2024-08-28T13:01:48.186+0000][info][gc,heap     ] GC(255) Humongous regions: 5->5
[2024-08-28T13:01:48.186+0000][info][gc,metaspace] GC(255) Metaspace: 100K(320K)->100K(320K) NonClass: 96K(192K)->96K(192K) Class: 4K(128K)->4K(128K)
[2024-08-28T13:01:48.186+0000][info][gc          ] GC(255) Pause Young (Normal) (G1 Evacuation Pause) 1447M->1455M(2048M) 16.147ms
[2024-08-28T13:01:48.186+0000][info][gc,cpu      ] GC(255) User=0.70s Sys=0.02s Real=0.01s
[2024-08-28T13:01:48.194+0000][info][gc,marking  ] GC(254) Concurrent Rebuild Remembered Sets 65.581ms
[2024-08-28T13:01:48.194+0000][info][gc,start    ] GC(254) Pause Cleanup
[2024-08-28T13:01:48.197+0000][info][gc          ] GC(254) Pause Cleanup 1467M->1467M(2048M) 2.825ms
[2024-08-28T13:01:48.197+0000][info][gc,cpu      ] GC(254) User=0.01s Sys=0.00s Real=0.00s
[2024-08-28T13:01:48.197+0000][info][gc,marking  ] GC(254) Concurrent Cleanup for Next Mark
[2024-08-28T13:01:48.199+0000][info][gc,marking  ] GC(254) Concurrent Cleanup for Next Mark 1.852ms
[2024-08-28T13:01:48.199+0000][info][gc          ] GC(254) Concurrent Mark Cycle 98.978ms
[2024-08-28T13:01:48.273+0000][info][gc,start    ] GC(256) Pause Young (Prepare Mixed) (G1 Evacuation Pause)
[2024-08-28T13:01:48.273+0000][info][gc,task     ] GC(256) Using 49 workers of 68 for evacuation
[2024-08-28T13:01:48.292+0000][info][gc,phases   ] GC(256)   Pre Evacuate Collection Set: 0.3ms
[2024-08-28T13:01:48.292+0000][info][gc,phases   ] GC(256)   Merge Heap Roots: 0.6ms
[2024-08-28T13:01:48.292+0000][info][gc,phases   ] GC(256)   Evacuate Collection Set: 16.8ms
[2024-08-28T13:01:48.292+0000][info][gc,phases   ] GC(256)   Post Evacuate Collection Set: 0.6ms
[2024-08-28T13:01:48.292+0000][info][gc,phases   ] GC(256)   Other: 0.2ms
[2024-08-28T13:01:48.292+0000][info][gc,heap     ] GC(256) Eden regions: 123->0(85)
[2024-08-28T13:01:48.292+0000][info][gc,heap     ] GC(256) Survivor regions: 13->17(17)
[2024-08-28T13:01:48.292+0000][info][gc,heap     ] GC(256) Old regions: 1437->1560
[2024-08-28T13:01:48.292+0000][info][gc,heap     ] GC(256) Archive regions: 2->2
[2024-08-28T13:01:48.292+0000][info][gc,heap     ] GC(256) Humongous regions: 5->5
[2024-08-28T13:01:48.292+0000][info][gc,metaspace] GC(256) Metaspace: 100K(320K)->100K(320K) NonClass: 96K(192K)->96K(192K) Class: 4K(128K)->4K(128K)
[2024-08-28T13:01:48.292+0000][info][gc          ] GC(256) Pause Young (Prepare Mixed) (G1 Evacuation Pause) 1578M->1582M(2048M) 18.506ms
[2024-08-28T13:01:48.292+0000][info][gc,cpu      ] GC(256) User=0.82s Sys=0.02s Real=0.02s
[2024-08-28T13:01:48.346+0000][info][gc,start    ] GC(257) Pause Young (Mixed) (G1 Evacuation Pause)
[2024-08-28T13:01:48.346+0000][info][gc,task     ] GC(257) Using 49 workers of 68 for evacuation
[2024-08-28T13:01:48.362+0000][info][gc,phases   ] GC(257)   Pre Evacuate Collection Set: 0.4ms
[2024-08-28T13:01:48.362+0000][info][gc,phases   ] GC(257)   Merge Heap Roots: 0.8ms
[2024-08-28T13:01:48.362+0000][info][gc,phases   ] GC(257)   Evacuate Collection Set: 14.5ms
[2024-08-28T13:01:48.362+0000][info][gc,phases   ] GC(257)   Post Evacuate Collection Set: 0.6ms
[2024-08-28T13:01:48.362+0000][info][gc,phases   ] GC(257)   Other: 0.3ms
[2024-08-28T13:01:48.362+0000][info][gc,heap     ] GC(257) Eden regions: 85->0(89)
[2024-08-28T13:01:48.362+0000][info][gc,heap     ] GC(257) Survivor regions: 17->13(13)
[2024-08-28T13:01:48.362+0000][info][gc,heap     ] GC(257) Old regions: 1560->1449
[2024-08-28T13:01:48.362+0000][info][gc,heap     ] GC(257) Archive regions: 2->2
[2024-08-28T13:01:48.362+0000][info][gc,heap     ] GC(257) Humongous regions: 5->5
[2024-08-28T13:01:48.362+0000][info][gc,metaspace] GC(257) Metaspace: 100K(320K)->100K(320K) NonClass: 96K(192K)->96K(192K) Class: 4K(128K)->4K(128K)
[2024-08-28T13:01:48.362+0000][info][gc          ] GC(257) Pause Young (Mixed) (G1 Evacuation Pause) 1667M->1467M(2048M) 16.750ms
[2024-08-28T13:01:48.362+0000][info][gc,cpu      ] GC(257) User=0.70s Sys=0.04s Real=0.02s
[2024-08-28T13:01:48.420+0000][info][gc,start    ] GC(258) Pause Young (Mixed) (G1 Evacuation Pause)
[2024-08-28T13:01:48.420+0000][info][gc,task     ] GC(258) Using 49 workers of 68 for evacuation
[2024-08-28T13:01:48.435+0000][info][gc,phases   ] GC(258)   Pre Evacuate Collection Set: 0.4ms
[2024-08-28T13:01:48.435+0000][info][gc,phases   ] GC(258)   Merge Heap Roots: 0.5ms
[2024-08-28T13:01:48.435+0000][info][gc,phases   ] GC(258)   Evacuate Collection Set: 14.1ms
[2024-08-28T13:01:48.435+0000][info][gc,phases   ] GC(258)   Post Evacuate Collection Set: 0.6ms
[2024-08-28T13:01:48.435+0000][info][gc,phases   ] GC(258)   Other: 0.2ms
[2024-08-28T13:01:48.435+0000][info][gc,heap     ] GC(258) Eden regions: 89->0(89)
[2024-08-28T13:01:48.435+0000][info][gc,heap     ] GC(258) Survivor regions: 13->13(13)
[2024-08-28T13:01:48.435+0000][info][gc,heap     ] GC(258) Old regions: 1449->1338
[2024-08-28T13:01:48.435+0000][info][gc,heap     ] GC(258) Archive regions: 2->2
[2024-08-28T13:01:48.435+0000][info][gc,heap     ] GC(258) Humongous regions: 5->5
[2024-08-28T13:01:48.436+0000][info][gc,metaspace] GC(258) Metaspace: 100K(320K)->100K(320K) NonClass: 96K(192K)->96K(192K) Class: 4K(128K)->4K(128K)
[2024-08-28T13:01:48.436+0000][info][gc          ] GC(258) Pause Young (Mixed) (G1 Evacuation Pause) 1556M->1356M(2048M) 15.970ms
[2024-08-28T13:01:48.436+0000][info][gc,cpu      ] GC(258) User=0.72s Sys=0.00s Real=0.01s
[2024-08-28T13:01:48.492+0000][info][gc,start    ] GC(259) Pause Young (Mixed) (G1 Evacuation Pause)
[2024-08-28T13:01:48.492+0000][info][gc,task     ] GC(259) Using 49 workers of 68 for evacuation
[2024-08-28T13:01:48.508+0000][info][gc,phases   ] GC(259)   Pre Evacuate Collection Set: 0.4ms
[2024-08-28T13:01:48.508+0000][info][gc,phases   ] GC(259)   Merge Heap Roots: 0.8ms
[2024-08-28T13:01:48.508+0000][info][gc,phases   ] GC(259)   Evacuate Collection Set: 14.1ms
[2024-08-28T13:01:48.508+0000][info][gc,phases   ] GC(259)   Post Evacuate Collection Set: 0.6ms
[2024-08-28T13:01:48.508+0000][info][gc,phases   ] GC(259)   Other: 0.2ms
[2024-08-28T13:01:48.508+0000][info][gc,heap     ] GC(259) Eden regions: 89->0(89)
[2024-08-28T13:01:48.508+0000][info][gc,heap     ] GC(259) Survivor regions: 13->13(13)
[2024-08-28T13:01:48.508+0000][info][gc,heap     ] GC(259) Old regions: 1338->1225
[2024-08-28T13:01:48.508+0000][info][gc,heap     ] GC(259) Archive regions: 2->2
[2024-08-28T13:01:48.508+0000][info][gc,heap     ] GC(259) Humongous regions: 5->5
[2024-08-28T13:01:48.508+0000][info][gc,metaspace] GC(259) Metaspace: 100K(320K)->100K(320K) NonClass: 96K(192K)->96K(192K) Class: 4K(128K)->4K(128K)
[2024-08-28T13:01:48.508+0000][info][gc          ] GC(259) Pause Young (Mixed) (G1 Evacuation Pause) 1445M->1243M(2048M) 16.258ms
[2024-08-28T13:01:48.508+0000][info][gc,cpu      ] GC(259) User=0.73s Sys=0.00s Real=0.01s
[2024-08-28T13:01:48.564+0000][info][gc,start    ] GC(260) Pause Young (Mixed) (G1 Evacuation Pause)
[2024-08-28T13:01:48.564+0000][info][gc,task     ] GC(260) Using 49 workers of 68 for evacuation
[2024-08-28T13:01:48.580+0000][info][gc,phases   ] GC(260)   Pre Evacuate Collection Set: 0.3ms
[2024-08-28T13:01:48.580+0000][info][gc,phases   ] GC(260)   Merge Heap Roots: 0.6ms
[2024-08-28T13:01:48.580+0000][info][gc,phases   ] GC(260)   Evacuate Collection Set: 14.6ms
[2024-08-28T13:01:48.580+0000][info][gc,phases   ] GC(260)   Post Evacuate Collection Set: 0.6ms
[2024-08-28T13:01:48.580+0000][info][gc,phases   ] GC(260)   Other: 0.2ms
[2024-08-28T13:01:48.580+0000][info][gc,heap     ] GC(260) Eden regions: 89->0(220)
[2024-08-28T13:01:48.580+0000][info][gc,heap     ] GC(260) Survivor regions: 13->13(13)
[2024-08-28T13:01:48.580+0000][info][gc,heap     ] GC(260) Old regions: 1225->1137
[2024-08-28T13:01:48.580+0000][info][gc,heap     ] GC(260) Archive regions: 2->2
[2024-08-28T13:01:48.580+0000][info][gc,heap     ] GC(260) Humongous regions: 5->5
[2024-08-28T13:01:48.580+0000][info][gc,metaspace] GC(260) Metaspace: 100K(320K)->100K(320K) NonClass: 96K(192K)->96K(192K) Class: 4K(128K)->4K(128K)
[2024-08-28T13:01:48.580+0000][info][gc          ] GC(260) Pause Young (Mixed) (G1 Evacuation Pause) 1332M->1155M(2048M) 16.388ms
[2024-08-28T13:01:48.580+0000][info][gc,cpu      ] GC(260) User=0.73s Sys=0.00s Real=0.02s
[2024-08-28T13:01:48.716+0000][info][gc,start    ] GC(261) Pause Young (Normal) (G1 Evacuation Pause)
[2024-08-28T13:01:48.716+0000][info][gc,task     ] GC(261) Using 49 workers of 68 for evacuation
[2024-08-28T13:01:48.741+0000][info][gc,phases   ] GC(261)   Pre Evacuate Collection Set: 0.3ms
[2024-08-28T13:01:48.741+0000][info][gc,phases   ] GC(261)   Merge Heap Roots: 0.6ms
[2024-08-28T13:01:48.741+0000][info][gc,phases   ] GC(261)   Evacuate Collection Set: 23.7ms
[2024-08-28T13:01:48.741+0000][info][gc,phases   ] GC(261)   Post Evacuate Collection Set: 0.6ms
[2024-08-28T13:01:48.741+0000][info][gc,phases   ] GC(261)   Other: 0.2ms
[2024-08-28T13:01:48.741+0000][info][gc,heap     ] GC(261) Eden regions: 220->0(150)
[2024-08-28T13:01:48.741+0000][info][gc,heap     ] GC(261) Survivor regions: 13->30(30)
[2024-08-28T13:01:48.741+0000][info][gc,heap     ] GC(261) Old regions: 1137->1336
[2024-08-28T13:01:48.741+0000][info][gc,heap     ] GC(261) Archive regions: 2->2
[2024-08-28T13:01:48.741+0000][info][gc,heap     ] GC(261) Humongous regions: 5->5
[2024-08-28T13:01:48.741+0000][info][gc,metaspace] GC(261) Metaspace: 100K(320K)->100K(320K) NonClass: 96K(192K)->96K(192K) Class: 4K(128K)->4K(128K)
[2024-08-28T13:01:48.741+0000][info][gc          ] GC(261) Pause Young (Normal) (G1 Evacuation Pause) 1375M->1371M(2048M) 25.626ms
[2024-08-28T13:01:48.741+0000][info][gc,cpu      ] GC(261) User=1.17s Sys=0.00s Real=0.03s
[2024-08-28T13:01:48.834+0000][info][gc,start    ] GC(262) Pause Young (Normal) (G1 Evacuation Pause)
[2024-08-28T13:01:48.834+0000][info][gc,task     ] GC(262) Using 49 workers of 68 for evacuation
[2024-08-28T13:01:48.859+0000][info][gc,phases   ] GC(262)   Pre Evacuate Collection Set: 0.3ms
[2024-08-28T13:01:48.859+0000][info][gc,phases   ] GC(262)   Merge Heap Roots: 0.6ms
[2024-08-28T13:01:48.859+0000][info][gc,phases   ] GC(262)   Evacuate Collection Set: 23.1ms
[2024-08-28T13:01:48.859+0000][info][gc,phases   ] GC(262)   Post Evacuate Collection Set: 0.6ms
[2024-08-28T13:01:48.859+0000][info][gc,phases   ] GC(262)   Other: 0.2ms
[2024-08-28T13:01:48.859+0000][info][gc,heap     ] GC(262) Eden regions: 150->0(100)
[2024-08-28T13:01:48.859+0000][info][gc,heap     ] GC(262) Survivor regions: 30->23(23)
[2024-08-28T13:01:48.859+0000][info][gc,heap     ] GC(262) Old regions: 1336->1499
[2024-08-28T13:01:48.859+0000][info][gc,heap     ] GC(262) Archive regions: 2->2
[2024-08-28T13:01:48.859+0000][info][gc,heap     ] GC(262) Humongous regions: 5->5
[2024-08-28T13:01:48.859+0000][info][gc,metaspace] GC(262) Metaspace: 100K(320K)->100K(320K) NonClass: 96K(192K)->96K(192K) Class: 4K(128K)->4K(128K)
[2024-08-28T13:01:48.859+0000][info][gc          ] GC(262) Pause Young (Normal) (G1 Evacuation Pause) 1521M->1527M(2048M) 24.836ms
[2024-08-28T13:01:48.859+0000][info][gc,cpu      ] GC(262) User=1.15s Sys=0.00s Real=0.03s
[2024-08-28T13:01:48.923+0000][info][gc,start    ] GC(263) Pause Young (Concurrent Start) (G1 Evacuation Pause)
[2024-08-28T13:01:48.923+0000][info][gc,task     ] GC(263) Using 49 workers of 68 for evacuation
[2024-08-28T13:01:48.942+0000][info][gc,phases   ] GC(263)   Pre Evacuate Collection Set: 0.3ms
[2024-08-28T13:01:48.943+0000][info][gc,phases   ] GC(263)   Merge Heap Roots: 0.5ms
[2024-08-28T13:01:48.943+0000][info][gc,phases   ] GC(263)   Evacuate Collection Set: 18.0ms
[2024-08-28T13:01:48.943+0000][info][gc,phases   ] GC(263)   Post Evacuate Collection Set: 0.6ms
[2024-08-28T13:01:48.943+0000][info][gc,phases   ] GC(263)   Other: 0.7ms
[2024-08-28T13:01:48.943+0000][info][gc,heap     ] GC(263) Eden regions: 100->0(86)
[2024-08-28T13:01:48.943+0000][info][gc,heap     ] GC(263) Survivor regions: 23->16(16)
[2024-08-28T13:01:48.943+0000][info][gc,heap     ] GC(263) Old regions: 1499->1615
[2024-08-28T13:01:48.943+0000][info][gc,heap     ] GC(263) Archive regions: 2->2
[2024-08-28T13:01:48.943+0000][info][gc,heap     ] GC(263) Humongous regions: 5->5
[2024-08-28T13:01:48.943+0000][info][gc,metaspace] GC(263) Metaspace: 100K(320K)->100K(320K) NonClass: 96K(192K)->96K(192K) Class: 4K(128K)->4K(128K)
[2024-08-28T13:01:48.943+0000][info][gc          ] GC(263) Pause Young (Concurrent Start) (G1 Evacuation Pause) 1627M->1636M(2048M) 20.137ms
[2024-08-28T13:01:48.943+0000][info][gc,cpu      ] GC(263) User=0.90s Sys=0.00s Real=0.02s
[2024-08-28T13:01:48.943+0000][info][gc          ] GC(264) Concurrent Mark Cycle
[2024-08-28T13:01:48.943+0000][info][gc,marking  ] GC(264) Concurrent Clear Claimed Marks
[2024-08-28T13:01:48.943+0000][info][gc,marking  ] GC(264) Concurrent Clear Claimed Marks 0.010ms
[2024-08-28T13:01:48.943+0000][info][gc,marking  ] GC(264) Concurrent Scan Root Regions
[2024-08-28T13:01:48.946+0000][info][gc,marking  ] GC(264) Concurrent Scan Root Regions 3.275ms
[2024-08-28T13:01:48.946+0000][info][gc,marking  ] GC(264) Concurrent Mark
[2024-08-28T13:01:48.946+0000][info][gc,marking  ] GC(264) Concurrent Mark From Roots
[2024-08-28T13:01:48.946+0000][info][gc,task     ] GC(264) Using 17 workers of 17 for marking
[2024-08-28T13:01:48.968+0000][info][gc,marking  ] GC(264) Concurrent Mark From Roots 22.038ms
[2024-08-28T13:01:48.968+0000][info][gc,marking  ] GC(264) Concurrent Preclean
[2024-08-28T13:01:48.969+0000][info][gc,marking  ] GC(264) Concurrent Preclean 0.694ms
[2024-08-28T13:01:48.969+0000][info][gc,start    ] GC(264) Pause Remark
[2024-08-28T13:01:48.971+0000][info][gc          ] GC(264) Pause Remark 1663M->1378M(2048M) 2.151ms
[2024-08-28T13:01:48.971+0000][info][gc,cpu      ] GC(264) User=0.00s Sys=0.00s Real=0.01s
[2024-08-28T13:01:48.971+0000][info][gc,marking  ] GC(264) Concurrent Mark 25.339ms
[2024-08-28T13:01:48.971+0000][info][gc,marking  ] GC(264) Concurrent Rebuild Remembered Sets
[2024-08-28T13:01:49.013+0000][info][gc,start    ] GC(265) Pause Young (Normal) (G1 Evacuation Pause)
[2024-08-28T13:01:49.013+0000][info][gc,task     ] GC(265) Using 49 workers of 68 for evacuation
[2024-08-28T13:01:49.029+0000][info][gc,phases   ] GC(265)   Pre Evacuate Collection Set: 0.4ms
[2024-08-28T13:01:49.029+0000][info][gc,phases   ] GC(265)   Merge Heap Roots: 0.5ms
[2024-08-28T13:01:49.029+0000][info][gc,phases   ] GC(265)   Evacuate Collection Set: 14.1ms
[2024-08-28T13:01:49.029+0000][info][gc,phases   ] GC(265)   Post Evacuate Collection Set: 0.9ms
[2024-08-28T13:01:49.029+0000][info][gc,phases   ] GC(265)   Other: 0.3ms
[2024-08-28T13:01:49.029+0000][info][gc,heap     ] GC(265) Eden regions: 86->0(126)
[2024-08-28T13:01:49.029+0000][info][gc,heap     ] GC(265) Survivor regions: 16->13(13)
[2024-08-28T13:01:49.029+0000][info][gc,heap     ] GC(265) Old regions: 1330->1426
[2024-08-28T13:01:49.029+0000][info][gc,heap     ] GC(265) Archive regions: 2->2
[2024-08-28T13:01:49.029+0000][info][gc,heap     ] GC(265) Humongous regions: 5->5
[2024-08-28T13:01:49.029+0000][info][gc,metaspace] GC(265) Metaspace: 100K(320K)->100K(320K) NonClass: 96K(192K)->96K(192K) Class: 4K(128K)->4K(128K)
[2024-08-28T13:01:49.029+0000][info][gc          ] GC(265) Pause Young (Normal) (G1 Evacuation Pause) 1437M->1444M(2048M) 16.201ms
[2024-08-28T13:01:49.030+0000][info][gc,cpu      ] GC(265) User=0.70s Sys=0.01s Real=0.02s
[2024-08-28T13:01:49.036+0000][info][gc,marking  ] GC(264) Concurrent Rebuild Remembered Sets 64.920ms
[2024-08-28T13:01:49.037+0000][info][gc,start    ] GC(264) Pause Cleanup
[2024-08-28T13:01:49.040+0000][info][gc          ] GC(264) Pause Cleanup 1454M->1454M(2048M) 2.828ms
[2024-08-28T13:01:49.040+0000][info][gc,cpu      ] GC(264) User=0.01s Sys=0.00s Real=0.01s
[2024-08-28T13:01:49.040+0000][info][gc,marking  ] GC(264) Concurrent Cleanup for Next Mark
[2024-08-28T13:01:49.041+0000][info][gc,marking  ] GC(264) Concurrent Cleanup for Next Mark 1.578ms
[2024-08-28T13:01:49.041+0000][info][gc          ] GC(264) Concurrent Mark Cycle 98.502ms
[2024-08-28T13:01:49.116+0000][info][gc,start    ] GC(266) Pause Young (Prepare Mixed) (G1 Evacuation Pause)
[2024-08-28T13:01:49.116+0000][info][gc,task     ] GC(266) Using 49 workers of 68 for evacuation
[2024-08-28T13:01:49.134+0000][info][gc,phases   ] GC(266)   Pre Evacuate Collection Set: 0.4ms
[2024-08-28T13:01:49.134+0000][info][gc,phases   ] GC(266)   Merge Heap Roots: 1.0ms
[2024-08-28T13:01:49.135+0000][info][gc,phases   ] GC(266)   Evacuate Collection Set: 16.8ms
[2024-08-28T13:01:49.135+0000][info][gc,phases   ] GC(266)   Post Evacuate Collection Set: 0.6ms
[2024-08-28T13:01:49.135+0000][info][gc,phases   ] GC(266)   Other: 0.2ms
[2024-08-28T13:01:49.135+0000][info][gc,heap     ] GC(266) Eden regions: 126->0(84)
[2024-08-28T13:01:49.135+0000][info][gc,heap     ] GC(266) Survivor regions: 13->18(18)
[2024-08-28T13:01:49.135+0000][info][gc,heap     ] GC(266) Old regions: 1426->1550
[2024-08-28T13:01:49.135+0000][info][gc,heap     ] GC(266) Archive regions: 2->2
[2024-08-28T13:01:49.135+0000][info][gc,heap     ] GC(266) Humongous regions: 5->5
[2024-08-28T13:01:49.135+0000][info][gc,metaspace] GC(266) Metaspace: 100K(320K)->100K(320K) NonClass: 96K(192K)->96K(192K) Class: 4K(128K)->4K(128K)
[2024-08-28T13:01:49.135+0000][info][gc          ] GC(266) Pause Young (Prepare Mixed) (G1 Evacuation Pause) 1570M->1573M(2048M) 19.043ms
[2024-08-28T13:01:49.135+0000][info][gc,cpu      ] GC(266) User=0.86s Sys=0.00s Real=0.02s
[2024-08-28T13:01:49.189+0000][info][gc,start    ] GC(267) Pause Young (Mixed) (G1 Evacuation Pause)
[2024-08-28T13:01:49.189+0000][info][gc,task     ] GC(267) Using 49 workers of 68 for evacuation
[2024-08-28T13:01:49.206+0000][info][gc,phases   ] GC(267)   Pre Evacuate Collection Set: 0.5ms
[2024-08-28T13:01:49.206+0000][info][gc,phases   ] GC(267)   Merge Heap Roots: 0.6ms
[2024-08-28T13:01:49.206+0000][info][gc,phases   ] GC(267)   Evacuate Collection Set: 15.6ms
[2024-08-28T13:01:49.206+0000][info][gc,phases   ] GC(267)   Post Evacuate Collection Set: 0.6ms
[2024-08-28T13:01:49.206+0000][info][gc,phases   ] GC(267)   Other: 0.3ms
[2024-08-28T13:01:49.206+0000][info][gc,heap     ] GC(267) Eden regions: 84->0(89)
[2024-08-28T13:01:49.206+0000][info][gc,heap     ] GC(267) Survivor regions: 18->13(13)
[2024-08-28T13:01:49.206+0000][info][gc,heap     ] GC(267) Old regions: 1550->1441
[2024-08-28T13:01:49.206+0000][info][gc,heap     ] GC(267) Archive regions: 2->2
[2024-08-28T13:01:49.206+0000][info][gc,heap     ] GC(267) Humongous regions: 5->5
[2024-08-28T13:01:49.206+0000][info][gc,metaspace] GC(267) Metaspace: 100K(320K)->100K(320K) NonClass: 96K(192K)->96K(192K) Class: 4K(128K)->4K(128K)
[2024-08-28T13:01:49.206+0000][info][gc          ] GC(267) Pause Young (Mixed) (G1 Evacuation Pause) 1657M->1459M(2048M) 17.523ms
[2024-08-28T13:01:49.206+0000][info][gc,cpu      ] GC(267) User=0.75s Sys=0.01s Real=0.02s
[2024-08-28T13:01:49.263+0000][info][gc,start    ] GC(268) Pause Young (Mixed) (G1 Evacuation Pause)
[2024-08-28T13:01:49.263+0000][info][gc,task     ] GC(268) Using 49 workers of 68 for evacuation
[2024-08-28T13:01:49.279+0000][info][gc,phases   ] GC(268)   Pre Evacuate Collection Set: 0.5ms
[2024-08-28T13:01:49.279+0000][info][gc,phases   ] GC(268)   Merge Heap Roots: 0.8ms
[2024-08-28T13:01:49.279+0000][info][gc,phases   ] GC(268)   Evacuate Collection Set: 13.9ms
[2024-08-28T13:01:49.279+0000][info][gc,phases   ] GC(268)   Post Evacuate Collection Set: 0.6ms
[2024-08-28T13:01:49.279+0000][info][gc,phases   ] GC(268)   Other: 0.3ms
[2024-08-28T13:01:49.279+0000][info][gc,heap     ] GC(268) Eden regions: 89->0(89)
[2024-08-28T13:01:49.279+0000][info][gc,heap     ] GC(268) Survivor regions: 13->13(13)
[2024-08-28T13:01:49.279+0000][info][gc,heap     ] GC(268) Old regions: 1441->1329
[2024-08-28T13:01:49.279+0000][info][gc,heap     ] GC(268) Archive regions: 2->2
[2024-08-28T13:01:49.279+0000][info][gc,heap     ] GC(268) Humongous regions: 5->5
[2024-08-28T13:01:49.279+0000][info][gc,metaspace] GC(268) Metaspace: 100K(320K)->100K(320K) NonClass: 96K(192K)->96K(192K) Class: 4K(128K)->4K(128K)
[2024-08-28T13:01:49.279+0000][info][gc          ] GC(268) Pause Young (Mixed) (G1 Evacuation Pause) 1548M->1347M(2048M) 16.162ms
[2024-08-28T13:01:49.279+0000][info][gc,cpu      ] GC(268) User=0.71s Sys=0.00s Real=0.02s
[2024-08-28T13:01:49.337+0000][info][gc,start    ] GC(269) Pause Young (Mixed) (G1 Evacuation Pause)
[2024-08-28T13:01:49.337+0000][info][gc,task     ] GC(269) Using 49 workers of 68 for evacuation
[2024-08-28T13:01:49.353+0000][info][gc,phases   ] GC(269)   Pre Evacuate Collection Set: 0.5ms
[2024-08-28T13:01:49.353+0000][info][gc,phases   ] GC(269)   Merge Heap Roots: 0.6ms
[2024-08-28T13:01:49.353+0000][info][gc,phases   ] GC(269)   Evacuate Collection Set: 14.7ms
[2024-08-28T13:01:49.353+0000][info][gc,phases   ] GC(269)   Post Evacuate Collection Set: 0.6ms
[2024-08-28T13:01:49.353+0000][info][gc,phases   ] GC(269)   Other: 0.3ms
[2024-08-28T13:01:49.353+0000][info][gc,heap     ] GC(269) Eden regions: 89->0(89)
[2024-08-28T13:01:49.353+0000][info][gc,heap     ] GC(269) Survivor regions: 13->13(13)
[2024-08-28T13:01:49.353+0000][info][gc,heap     ] GC(269) Old regions: 1329->1217
[2024-08-28T13:01:49.353+0000][info][gc,heap     ] GC(269) Archive regions: 2->2
[2024-08-28T13:01:49.353+0000][info][gc,heap     ] GC(269) Humongous regions: 5->5
[2024-08-28T13:01:49.353+0000][info][gc,metaspace] GC(269) Metaspace: 100K(320K)->100K(320K) NonClass: 96K(192K)->96K(192K) Class: 4K(128K)->4K(128K)
[2024-08-28T13:01:49.353+0000][info][gc          ] GC(269) Pause Young (Mixed) (G1 Evacuation Pause) 1436M->1235M(2048M) 16.795ms
[2024-08-28T13:01:49.354+0000][info][gc,cpu      ] GC(269) User=0.72s Sys=0.01s Real=0.02s
[2024-08-28T13:01:49.409+0000][info][gc,start    ] GC(270) Pause Young (Mixed) (G1 Evacuation Pause)
[2024-08-28T13:01:49.409+0000][info][gc,task     ] GC(270) Using 49 workers of 68 for evacuation
[2024-08-28T13:01:49.426+0000][info][gc,phases   ] GC(270)   Pre Evacuate Collection Set: 0.5ms
[2024-08-28T13:01:49.426+0000][info][gc,phases   ] GC(270)   Merge Heap Roots: 0.9ms
[2024-08-28T13:01:49.426+0000][info][gc,phases   ] GC(270)   Evacuate Collection Set: 14.3ms
[2024-08-28T13:01:49.426+0000][info][gc,phases   ] GC(270)   Post Evacuate Collection Set: 0.6ms
[2024-08-28T13:01:49.426+0000][info][gc,phases   ] GC(270)   Other: 0.3ms
[2024-08-28T13:01:49.426+0000][info][gc,heap     ] GC(270) Eden regions: 89->0(219)
[2024-08-28T13:01:49.426+0000][info][gc,heap     ] GC(270) Survivor regions: 13->13(13)
[2024-08-28T13:01:49.426+0000][info][gc,heap     ] GC(270) Old regions: 1217->1140
[2024-08-28T13:01:49.426+0000][info][gc,heap     ] GC(270) Archive regions: 2->2
[2024-08-28T13:01:49.426+0000][info][gc,heap     ] GC(270) Humongous regions: 5->5
[2024-08-28T13:01:49.426+0000][info][gc,metaspace] GC(270) Metaspace: 100K(320K)->100K(320K) NonClass: 96K(192K)->96K(192K) Class: 4K(128K)->4K(128K)
[2024-08-28T13:01:49.426+0000][info][gc          ] GC(270) Pause Young (Mixed) (G1 Evacuation Pause) 1324M->1158M(2048M) 16.681ms
[2024-08-28T13:01:49.426+0000][info][gc,cpu      ] GC(270) User=0.74s Sys=0.00s Real=0.02s
[2024-08-28T13:01:49.562+0000][info][gc,start    ] GC(271) Pause Young (Normal) (G1 Evacuation Pause)
[2024-08-28T13:01:49.562+0000][info][gc,task     ] GC(271) Using 49 workers of 68 for evacuation
[2024-08-28T13:01:49.587+0000][info][gc,phases   ] GC(271)   Pre Evacuate Collection Set: 0.3ms
[2024-08-28T13:01:49.587+0000][info][gc,phases   ] GC(271)   Merge Heap Roots: 1.0ms
[2024-08-28T13:01:49.587+0000][info][gc,phases   ] GC(271)   Evacuate Collection Set: 23.4ms
[2024-08-28T13:01:49.587+0000][info][gc,phases   ] GC(271)   Post Evacuate Collection Set: 0.6ms
[2024-08-28T13:01:49.587+0000][info][gc,phases   ] GC(271)   Other: 0.3ms
[2024-08-28T13:01:49.587+0000][info][gc,heap     ] GC(271) Eden regions: 219->0(149)
[2024-08-28T13:01:49.587+0000][info][gc,heap     ] GC(271) Survivor regions: 13->29(29)
[2024-08-28T13:01:49.587+0000][info][gc,heap     ] GC(271) Old regions: 1140->1340
[2024-08-28T13:01:49.587+0000][info][gc,heap     ] GC(271) Archive regions: 2->2
[2024-08-28T13:01:49.587+0000][info][gc,heap     ] GC(271) Humongous regions: 5->5
[2024-08-28T13:01:49.587+0000][info][gc,metaspace] GC(271) Metaspace: 100K(320K)->100K(320K) NonClass: 96K(192K)->96K(192K) Class: 4K(128K)->4K(128K)
[2024-08-28T13:01:49.587+0000][info][gc          ] GC(271) Pause Young (Normal) (G1 Evacuation Pause) 1377M->1374M(2048M) 25.705ms
[2024-08-28T13:01:49.587+0000][info][gc,cpu      ] GC(271) User=1.17s Sys=0.01s Real=0.02s
[2024-08-28T13:01:49.678+0000][info][gc,start    ] GC(272) Pause Young (Normal) (G1 Evacuation Pause)
[2024-08-28T13:01:49.678+0000][info][gc,task     ] GC(272) Using 49 workers of 68 for evacuation
[2024-08-28T13:01:49.703+0000][info][gc,phases   ] GC(272)   Pre Evacuate Collection Set: 0.4ms
[2024-08-28T13:01:49.703+0000][info][gc,phases   ] GC(272)   Merge Heap Roots: 0.6ms
[2024-08-28T13:01:49.703+0000][info][gc,phases   ] GC(272)   Evacuate Collection Set: 23.0ms
[2024-08-28T13:01:49.703+0000][info][gc,phases   ] GC(272)   Post Evacuate Collection Set: 0.6ms
[2024-08-28T13:01:49.703+0000][info][gc,phases   ] GC(272)   Other: 0.3ms
[2024-08-28T13:01:49.703+0000][info][gc,heap     ] GC(272) Eden regions: 149->0(99)
[2024-08-28T13:01:49.703+0000][info][gc,heap     ] GC(272) Survivor regions: 29->23(23)
[2024-08-28T13:01:49.703+0000][info][gc,heap     ] GC(272) Old regions: 1340->1501
[2024-08-28T13:01:49.703+0000][info][gc,heap     ] GC(272) Archive regions: 2->2
[2024-08-28T13:01:49.703+0000][info][gc,heap     ] GC(272) Humongous regions: 5->5
[2024-08-28T13:01:49.703+0000][info][gc,metaspace] GC(272) Metaspace: 100K(320K)->100K(320K) NonClass: 96K(192K)->96K(192K) Class: 4K(128K)->4K(128K)
[2024-08-28T13:01:49.703+0000][info][gc          ] GC(272) Pause Young (Normal) (G1 Evacuation Pause) 1523M->1529M(2048M) 24.840ms
[2024-08-28T13:01:49.703+0000][info][gc,cpu      ] GC(272) User=1.13s Sys=0.02s Real=0.02s
[2024-08-28T13:01:49.768+0000][info][gc,start    ] GC(273) Pause Young (Concurrent Start) (G1 Evacuation Pause)
[2024-08-28T13:01:49.768+0000][info][gc,task     ] GC(273) Using 49 workers of 68 for evacuation
[2024-08-28T13:01:49.788+0000][info][gc,phases   ] GC(273)   Pre Evacuate Collection Set: 0.4ms
[2024-08-28T13:01:49.788+0000][info][gc,phases   ] GC(273)   Merge Heap Roots: 1.0ms
[2024-08-28T13:01:49.788+0000][info][gc,phases   ] GC(273)   Evacuate Collection Set: 17.2ms
[2024-08-28T13:01:49.788+0000][info][gc,phases   ] GC(273)   Post Evacuate Collection Set: 0.6ms
[2024-08-28T13:01:49.788+0000][info][gc,phases   ] GC(273)   Other: 1.1ms
[2024-08-28T13:01:49.788+0000][info][gc,heap     ] GC(273) Eden regions: 99->0(86)
[2024-08-28T13:01:49.788+0000][info][gc,heap     ] GC(273) Survivor regions: 23->16(16)
[2024-08-28T13:01:49.788+0000][info][gc,heap     ] GC(273) Old regions: 1501->1614
[2024-08-28T13:01:49.788+0000][info][gc,heap     ] GC(273) Archive regions: 2->2
[2024-08-28T13:01:49.788+0000][info][gc,heap     ] GC(273) Humongous regions: 5->5
[2024-08-28T13:01:49.788+0000][info][gc,metaspace] GC(273) Metaspace: 100K(320K)->100K(320K) NonClass: 96K(192K)->96K(192K) Class: 4K(128K)->4K(128K)
[2024-08-28T13:01:49.788+0000][info][gc          ] GC(273) Pause Young (Concurrent Start) (G1 Evacuation Pause) 1628M->1635M(2048M) 20.210ms
[2024-08-28T13:01:49.788+0000][info][gc,cpu      ] GC(273) User=0.87s Sys=0.00s Real=0.02s
[2024-08-28T13:01:49.788+0000][info][gc          ] GC(274) Concurrent Mark Cycle
[2024-08-28T13:01:49.788+0000][info][gc,marking  ] GC(274) Concurrent Clear Claimed Marks
[2024-08-28T13:01:49.788+0000][info][gc,marking  ] GC(274) Concurrent Clear Claimed Marks 0.009ms
[2024-08-28T13:01:49.788+0000][info][gc,marking  ] GC(274) Concurrent Scan Root Regions
[2024-08-28T13:01:49.792+0000][info][gc,marking  ] GC(274) Concurrent Scan Root Regions 3.444ms
[2024-08-28T13:01:49.792+0000][info][gc,marking  ] GC(274) Concurrent Mark
[2024-08-28T13:01:49.792+0000][info][gc,marking  ] GC(274) Concurrent Mark From Roots
[2024-08-28T13:01:49.792+0000][info][gc,task     ] GC(274) Using 17 workers of 17 for marking
[2024-08-28T13:01:49.814+0000][info][gc,marking  ] GC(274) Concurrent Mark From Roots 22.125ms
[2024-08-28T13:01:49.814+0000][info][gc,marking  ] GC(274) Concurrent Preclean
[2024-08-28T13:01:49.814+0000][info][gc,marking  ] GC(274) Concurrent Preclean 0.499ms
[2024-08-28T13:01:49.815+0000][info][gc,start    ] GC(274) Pause Remark
[2024-08-28T13:01:49.817+0000][info][gc          ] GC(274) Pause Remark 1662M->1406M(2048M) 2.079ms
[2024-08-28T13:01:49.817+0000][info][gc,cpu      ] GC(274) User=0.01s Sys=0.00s Real=0.00s
[2024-08-28T13:01:49.817+0000][info][gc,marking  ] GC(274) Concurrent Mark 25.141ms
[2024-08-28T13:01:49.817+0000][info][gc,marking  ] GC(274) Concurrent Rebuild Remembered Sets
[2024-08-28T13:01:49.858+0000][info][gc,start    ] GC(275) Pause Young (Normal) (G1 Evacuation Pause)
[2024-08-28T13:01:49.858+0000][info][gc,task     ] GC(275) Using 49 workers of 68 for evacuation
[2024-08-28T13:01:49.874+0000][info][gc,phases   ] GC(275)   Pre Evacuate Collection Set: 0.4ms
[2024-08-28T13:01:49.874+0000][info][gc,phases   ] GC(275)   Merge Heap Roots: 0.5ms
[2024-08-28T13:01:49.874+0000][info][gc,phases   ] GC(275)   Evacuate Collection Set: 14.0ms
[2024-08-28T13:01:49.874+0000][info][gc,phases   ] GC(275)   Post Evacuate Collection Set: 0.9ms
[2024-08-28T13:01:49.874+0000][info][gc,phases   ] GC(275)   Other: 0.2ms
[2024-08-28T13:01:49.874+0000][info][gc,heap     ] GC(275) Eden regions: 86->0(117)
[2024-08-28T13:01:49.874+0000][info][gc,heap     ] GC(275) Survivor regions: 16->13(13)
[2024-08-28T13:01:49.874+0000][info][gc,heap     ] GC(275) Old regions: 1358->1454
[2024-08-28T13:01:49.874+0000][info][gc,heap     ] GC(275) Archive regions: 2->2
[2024-08-28T13:01:49.874+0000][info][gc,heap     ] GC(275) Humongous regions: 5->5
[2024-08-28T13:01:49.874+0000][info][gc,metaspace] GC(275) Metaspace: 100K(320K)->100K(320K) NonClass: 96K(192K)->96K(192K) Class: 4K(128K)->4K(128K)
[2024-08-28T13:01:49.874+0000][info][gc          ] GC(275) Pause Young (Normal) (G1 Evacuation Pause) 1465M->1472M(2048M) 16.094ms
[2024-08-28T13:01:49.874+0000][info][gc,cpu      ] GC(275) User=0.69s Sys=0.02s Real=0.01s
[2024-08-28T13:01:49.879+0000][info][gc,marking  ] GC(274) Concurrent Rebuild Remembered Sets 62.304ms
[2024-08-28T13:01:49.880+0000][info][gc,start    ] GC(274) Pause Cleanup
[2024-08-28T13:01:49.882+0000][info][gc          ] GC(274) Pause Cleanup 1478M->1478M(2048M) 2.727ms
[2024-08-28T13:01:49.882+0000][info][gc,cpu      ] GC(274) User=0.01s Sys=0.00s Real=0.00s
[2024-08-28T13:01:49.882+0000][info][gc,marking  ] GC(274) Concurrent Cleanup for Next Mark
[2024-08-28T13:01:49.884+0000][info][gc,marking  ] GC(274) Concurrent Cleanup for Next Mark 1.506ms
[2024-08-28T13:01:49.884+0000][info][gc          ] GC(274) Concurrent Mark Cycle 95.674ms
[2024-08-28T13:01:49.955+0000][info][gc,start    ] GC(276) Pause Young (Prepare Mixed) (G1 Evacuation Pause)
[2024-08-28T13:01:49.955+0000][info][gc,task     ] GC(276) Using 49 workers of 68 for evacuation
[2024-08-28T13:01:49.973+0000][info][gc,phases   ] GC(276)   Pre Evacuate Collection Set: 0.3ms
[2024-08-28T13:01:49.973+0000][info][gc,phases   ] GC(276)   Merge Heap Roots: 0.5ms
[2024-08-28T13:01:49.973+0000][info][gc,phases   ] GC(276)   Evacuate Collection Set: 16.1ms
[2024-08-28T13:01:49.973+0000][info][gc,phases   ] GC(276)   Post Evacuate Collection Set: 0.6ms
[2024-08-28T13:01:49.973+0000][info][gc,phases   ] GC(276)   Other: 0.2ms
[2024-08-28T13:01:49.973+0000][info][gc,heap     ] GC(276) Eden regions: 117->0(85)
[2024-08-28T13:01:49.973+0000][info][gc,heap     ] GC(276) Survivor regions: 13->17(17)
[2024-08-28T13:01:49.973+0000][info][gc,heap     ] GC(276) Old regions: 1454->1571
[2024-08-28T13:01:49.973+0000][info][gc,heap     ] GC(276) Archive regions: 2->2
[2024-08-28T13:01:49.973+0000][info][gc,heap     ] GC(276) Humongous regions: 5->5
[2024-08-28T13:01:49.973+0000][info][gc,metaspace] GC(276) Metaspace: 100K(320K)->100K(320K) NonClass: 96K(192K)->96K(192K) Class: 4K(128K)->4K(128K)
[2024-08-28T13:01:49.973+0000][info][gc          ] GC(276) Pause Young (Prepare Mixed) (G1 Evacuation Pause) 1589M->1593M(2048M) 17.767ms
[2024-08-28T13:01:49.973+0000][info][gc,cpu      ] GC(276) User=0.80s Sys=0.00s Real=0.02s
[2024-08-28T13:01:50.027+0000][info][gc,start    ] GC(277) Pause Young (Mixed) (G1 Evacuation Pause)
[2024-08-28T13:01:50.027+0000][info][gc,task     ] GC(277) Using 49 workers of 68 for evacuation
[2024-08-28T13:01:50.045+0000][info][gc,phases   ] GC(277)   Pre Evacuate Collection Set: 0.4ms
[2024-08-28T13:01:50.045+0000][info][gc,phases   ] GC(277)   Merge Heap Roots: 0.8ms
[2024-08-28T13:01:50.045+0000][info][gc,phases   ] GC(277)   Evacuate Collection Set: 15.4ms
[2024-08-28T13:01:50.045+0000][info][gc,phases   ] GC(277)   Post Evacuate Collection Set: 0.6ms
[2024-08-28T13:01:50.045+0000][info][gc,phases   ] GC(277)   Other: 0.3ms
[2024-08-28T13:01:50.045+0000][info][gc,heap     ] GC(277) Eden regions: 85->0(89)
[2024-08-28T13:01:50.045+0000][info][gc,heap     ] GC(277) Survivor regions: 17->13(13)
[2024-08-28T13:01:50.045+0000][info][gc,heap     ] GC(277) Old regions: 1571->1461
[2024-08-28T13:01:50.045+0000][info][gc,heap     ] GC(277) Archive regions: 2->2
[2024-08-28T13:01:50.045+0000][info][gc,heap     ] GC(277) Humongous regions: 5->5
[2024-08-28T13:01:50.045+0000][info][gc,metaspace] GC(277) Metaspace: 100K(320K)->100K(320K) NonClass: 96K(192K)->96K(192K) Class: 4K(128K)->4K(128K)
[2024-08-28T13:01:50.045+0000][info][gc          ] GC(277) Pause Young (Mixed) (G1 Evacuation Pause) 1678M->1479M(2048M) 17.582ms
[2024-08-28T13:01:50.045+0000][info][gc,cpu      ] GC(277) User=0.75s Sys=0.04s Real=0.02s
[2024-08-28T13:01:50.102+0000][info][gc,start    ] GC(278) Pause Young (Mixed) (G1 Evacuation Pause)
[2024-08-28T13:01:50.102+0000][info][gc,task     ] GC(278) Using 49 workers of 68 for evacuation
[2024-08-28T13:01:50.117+0000][info][gc,phases   ] GC(278)   Pre Evacuate Collection Set: 0.4ms
[2024-08-28T13:01:50.117+0000][info][gc,phases   ] GC(278)   Merge Heap Roots: 0.5ms
[2024-08-28T13:01:50.117+0000][info][gc,phases   ] GC(278)   Evacuate Collection Set: 13.8ms
[2024-08-28T13:01:50.117+0000][info][gc,phases   ] GC(278)   Post Evacuate Collection Set: 0.7ms
[2024-08-28T13:01:50.117+0000][info][gc,phases   ] GC(278)   Other: 0.2ms
[2024-08-28T13:01:50.117+0000][info][gc,heap     ] GC(278) Eden regions: 89->0(89)
[2024-08-28T13:01:50.117+0000][info][gc,heap     ] GC(278) Survivor regions: 13->13(13)
[2024-08-28T13:01:50.117+0000][info][gc,heap     ] GC(278) Old regions: 1461->1350
[2024-08-28T13:01:50.117+0000][info][gc,heap     ] GC(278) Archive regions: 2->2
[2024-08-28T13:01:50.117+0000][info][gc,heap     ] GC(278) Humongous regions: 5->5
[2024-08-28T13:01:50.117+0000][info][gc,metaspace] GC(278) Metaspace: 100K(320K)->100K(320K) NonClass: 96K(192K)->96K(192K) Class: 4K(128K)->4K(128K)
[2024-08-28T13:01:50.117+0000][info][gc          ] GC(278) Pause Young (Mixed) (G1 Evacuation Pause) 1568M->1368M(2048M) 15.708ms
[2024-08-28T13:01:50.117+0000][info][gc,cpu      ] GC(278) User=0.68s Sys=0.01s Real=0.01s
[2024-08-28T13:01:50.174+0000][info][gc,start    ] GC(279) Pause Young (Mixed) (G1 Evacuation Pause)
[2024-08-28T13:01:50.174+0000][info][gc,task     ] GC(279) Using 49 workers of 68 for evacuation
[2024-08-28T13:01:50.190+0000][info][gc,phases   ] GC(279)   Pre Evacuate Collection Set: 0.4ms
[2024-08-28T13:01:50.190+0000][info][gc,phases   ] GC(279)   Merge Heap Roots: 0.8ms
[2024-08-28T13:01:50.190+0000][info][gc,phases   ] GC(279)   Evacuate Collection Set: 13.4ms
[2024-08-28T13:01:50.190+0000][info][gc,phases   ] GC(279)   Post Evacuate Collection Set: 0.7ms
[2024-08-28T13:01:50.190+0000][info][gc,phases   ] GC(279)   Other: 0.2ms
[2024-08-28T13:01:50.190+0000][info][gc,heap     ] GC(279) Eden regions: 89->0(89)
[2024-08-28T13:01:50.190+0000][info][gc,heap     ] GC(279) Survivor regions: 13->13(13)
[2024-08-28T13:01:50.190+0000][info][gc,heap     ] GC(279) Old regions: 1350->1237
[2024-08-28T13:01:50.190+0000][info][gc,heap     ] GC(279) Archive regions: 2->2
[2024-08-28T13:01:50.190+0000][info][gc,heap     ] GC(279) Humongous regions: 5->5
[2024-08-28T13:01:50.190+0000][info][gc,metaspace] GC(279) Metaspace: 100K(320K)->100K(320K) NonClass: 96K(192K)->96K(192K) Class: 4K(128K)->4K(128K)
[2024-08-28T13:01:50.190+0000][info][gc          ] GC(279) Pause Young (Mixed) (G1 Evacuation Pause) 1457M->1255M(2048M) 15.615ms
[2024-08-28T13:01:50.190+0000][info][gc,cpu      ] GC(279) User=0.68s Sys=0.02s Real=0.02s
[2024-08-28T13:01:50.246+0000][info][gc,start    ] GC(280) Pause Young (Mixed) (G1 Evacuation Pause)
[2024-08-28T13:01:50.246+0000][info][gc,task     ] GC(280) Using 49 workers of 68 for evacuation
[2024-08-28T13:01:50.262+0000][info][gc,phases   ] GC(280)   Pre Evacuate Collection Set: 0.4ms
[2024-08-28T13:01:50.262+0000][info][gc,phases   ] GC(280)   Merge Heap Roots: 0.6ms
[2024-08-28T13:01:50.262+0000][info][gc,phases   ] GC(280)   Evacuate Collection Set: 14.3ms
[2024-08-28T13:01:50.262+0000][info][gc,phases   ] GC(280)   Post Evacuate Collection Set: 0.6ms
[2024-08-28T13:01:50.262+0000][info][gc,phases   ] GC(280)   Other: 0.3ms
[2024-08-28T13:01:50.262+0000][info][gc,heap     ] GC(280) Eden regions: 89->0(222)
[2024-08-28T13:01:50.262+0000][info][gc,heap     ] GC(280) Survivor regions: 13->13(13)
[2024-08-28T13:01:50.262+0000][info][gc,heap     ] GC(280) Old regions: 1237->1131
[2024-08-28T13:01:50.262+0000][info][gc,heap     ] GC(280) Archive regions: 2->2
[2024-08-28T13:01:50.262+0000][info][gc,heap     ] GC(280) Humongous regions: 5->5
[2024-08-28T13:01:50.262+0000][info][gc,metaspace] GC(280) Metaspace: 100K(320K)->100K(320K) NonClass: 96K(192K)->96K(192K) Class: 4K(128K)->4K(128K)
[2024-08-28T13:01:50.262+0000][info][gc          ] GC(280) Pause Young (Mixed) (G1 Evacuation Pause) 1344M->1149M(2048M) 16.214ms
[2024-08-28T13:01:50.262+0000][info][gc,cpu      ] GC(280) User=0.69s Sys=0.02s Real=0.02s
[2024-08-28T13:01:50.398+0000][info][gc,start    ] GC(281) Pause Young (Normal) (G1 Evacuation Pause)
[2024-08-28T13:01:50.398+0000][info][gc,task     ] GC(281) Using 49 workers of 68 for evacuation
[2024-08-28T13:01:50.424+0000][info][gc,phases   ] GC(281)   Pre Evacuate Collection Set: 0.3ms
[2024-08-28T13:01:50.424+0000][info][gc,phases   ] GC(281)   Merge Heap Roots: 0.6ms
[2024-08-28T13:01:50.424+0000][info][gc,phases   ] GC(281)   Evacuate Collection Set: 24.3ms
[2024-08-28T13:01:50.424+0000][info][gc,phases   ] GC(281)   Post Evacuate Collection Set: 0.7ms
[2024-08-28T13:01:50.424+0000][info][gc,phases   ] GC(281)   Other: 0.3ms
[2024-08-28T13:01:50.424+0000][info][gc,heap     ] GC(281) Eden regions: 222->0(151)
[2024-08-28T13:01:50.424+0000][info][gc,heap     ] GC(281) Survivor regions: 13->30(30)
[2024-08-28T13:01:50.424+0000][info][gc,heap     ] GC(281) Old regions: 1131->1333
[2024-08-28T13:01:50.424+0000][info][gc,heap     ] GC(281) Archive regions: 2->2
[2024-08-28T13:01:50.424+0000][info][gc,heap     ] GC(281) Humongous regions: 5->5
[2024-08-28T13:01:50.424+0000][info][gc,metaspace] GC(281) Metaspace: 100K(320K)->100K(320K) NonClass: 96K(192K)->96K(192K) Class: 4K(128K)->4K(128K)
[2024-08-28T13:01:50.424+0000][info][gc          ] GC(281) Pause Young (Normal) (G1 Evacuation Pause) 1371M->1368M(2048M) 26.205ms
[2024-08-28T13:01:50.424+0000][info][gc,cpu      ] GC(281) User=1.15s Sys=0.04s Real=0.02s
[2024-08-28T13:01:50.517+0000][info][gc,start    ] GC(282) Pause Young (Normal) (G1 Evacuation Pause)
[2024-08-28T13:01:50.517+0000][info][gc,task     ] GC(282) Using 49 workers of 68 for evacuation
[2024-08-28T13:01:50.542+0000][info][gc,phases   ] GC(282)   Pre Evacuate Collection Set: 0.4ms
[2024-08-28T13:01:50.542+0000][info][gc,phases   ] GC(282)   Merge Heap Roots: 0.6ms
[2024-08-28T13:01:50.542+0000][info][gc,phases   ] GC(282)   Evacuate Collection Set: 23.6ms
[2024-08-28T13:01:50.542+0000][info][gc,phases   ] GC(282)   Post Evacuate Collection Set: 0.6ms
[2024-08-28T13:01:50.542+0000][info][gc,phases   ] GC(282)   Other: 0.2ms
[2024-08-28T13:01:50.542+0000][info][gc,heap     ] GC(282) Eden regions: 151->0(101)
[2024-08-28T13:01:50.542+0000][info][gc,heap     ] GC(282) Survivor regions: 30->23(23)
[2024-08-28T13:01:50.542+0000][info][gc,heap     ] GC(282) Old regions: 1333->1496
[2024-08-28T13:01:50.542+0000][info][gc,heap     ] GC(282) Archive regions: 2->2
[2024-08-28T13:01:50.542+0000][info][gc,heap     ] GC(282) Humongous regions: 5->5
[2024-08-28T13:01:50.542+0000][info][gc,metaspace] GC(282) Metaspace: 100K(320K)->100K(320K) NonClass: 96K(192K)->96K(192K) Class: 4K(128K)->4K(128K)
[2024-08-28T13:01:50.542+0000][info][gc          ] GC(282) Pause Young (Normal) (G1 Evacuation Pause) 1519M->1524M(2048M) 25.411ms
[2024-08-28T13:01:50.542+0000][info][gc,cpu      ] GC(282) User=1.17s Sys=0.00s Real=0.03s
[2024-08-28T13:01:50.607+0000][info][gc,start    ] GC(283) Pause Young (Concurrent Start) (G1 Evacuation Pause)
[2024-08-28T13:01:50.607+0000][info][gc,task     ] GC(283) Using 49 workers of 68 for evacuation
[2024-08-28T13:01:50.627+0000][info][gc,phases   ] GC(283)   Pre Evacuate Collection Set: 0.3ms
[2024-08-28T13:01:50.627+0000][info][gc,phases   ] GC(283)   Merge Heap Roots: 0.5ms
[2024-08-28T13:01:50.627+0000][info][gc,phases   ] GC(283)   Evacuate Collection Set: 18.1ms
[2024-08-28T13:01:50.627+0000][info][gc,phases   ] GC(283)   Post Evacuate Collection Set: 0.5ms
[2024-08-28T13:01:50.627+0000][info][gc,phases   ] GC(283)   Other: 0.7ms
[2024-08-28T13:01:50.627+0000][info][gc,heap     ] GC(283) Eden regions: 101->0(86)
[2024-08-28T13:01:50.627+0000][info][gc,heap     ] GC(283) Survivor regions: 23->16(16)
[2024-08-28T13:01:50.627+0000][info][gc,heap     ] GC(283) Old regions: 1496->1612
[2024-08-28T13:01:50.627+0000][info][gc,heap     ] GC(283) Archive regions: 2->2
[2024-08-28T13:01:50.627+0000][info][gc,heap     ] GC(283) Humongous regions: 5->5
[2024-08-28T13:01:50.627+0000][info][gc,metaspace] GC(283) Metaspace: 100K(320K)->100K(320K) NonClass: 96K(192K)->96K(192K) Class: 4K(128K)->4K(128K)
[2024-08-28T13:01:50.627+0000][info][gc          ] GC(283) Pause Young (Concurrent Start) (G1 Evacuation Pause) 1625M->1633M(2048M) 20.229ms
[2024-08-28T13:01:50.627+0000][info][gc,cpu      ] GC(283) User=0.90s Sys=0.00s Real=0.02s
[2024-08-28T13:01:50.627+0000][info][gc          ] GC(284) Concurrent Mark Cycle
[2024-08-28T13:01:50.627+0000][info][gc,marking  ] GC(284) Concurrent Clear Claimed Marks
[2024-08-28T13:01:50.627+0000][info][gc,marking  ] GC(284) Concurrent Clear Claimed Marks 0.010ms
[2024-08-28T13:01:50.627+0000][info][gc,marking  ] GC(284) Concurrent Scan Root Regions
[2024-08-28T13:01:50.630+0000][info][gc,marking  ] GC(284) Concurrent Scan Root Regions 3.369ms
[2024-08-28T13:01:50.630+0000][info][gc,marking  ] GC(284) Concurrent Mark
[2024-08-28T13:01:50.630+0000][info][gc,marking  ] GC(284) Concurrent Mark From Roots
[2024-08-28T13:01:50.630+0000][info][gc,task     ] GC(284) Using 17 workers of 17 for marking
[2024-08-28T13:01:50.652+0000][info][gc,marking  ] GC(284) Concurrent Mark From Roots 22.068ms
[2024-08-28T13:01:50.653+0000][info][gc,marking  ] GC(284) Concurrent Preclean
[2024-08-28T13:01:50.653+0000][info][gc,marking  ] GC(284) Concurrent Preclean 0.503ms
[2024-08-28T13:01:50.653+0000][info][gc,start    ] GC(284) Pause Remark
[2024-08-28T13:01:50.656+0000][info][gc          ] GC(284) Pause Remark 1660M->1397M(2048M) 2.197ms
[2024-08-28T13:01:50.656+0000][info][gc,cpu      ] GC(284) User=0.00s Sys=0.02s Real=0.00s
[2024-08-28T13:01:50.656+0000][info][gc,marking  ] GC(284) Concurrent Mark 25.183ms
[2024-08-28T13:01:50.656+0000][info][gc,marking  ] GC(284) Concurrent Rebuild Remembered Sets
[2024-08-28T13:01:50.697+0000][info][gc,start    ] GC(285) Pause Young (Normal) (G1 Evacuation Pause)
[2024-08-28T13:01:50.697+0000][info][gc,task     ] GC(285) Using 49 workers of 68 for evacuation
[2024-08-28T13:01:50.714+0000][info][gc,phases   ] GC(285)   Pre Evacuate Collection Set: 0.4ms
[2024-08-28T13:01:50.714+0000][info][gc,phases   ] GC(285)   Merge Heap Roots: 0.5ms
[2024-08-28T13:01:50.714+0000][info][gc,phases   ] GC(285)   Evacuate Collection Set: 14.6ms
[2024-08-28T13:01:50.714+0000][info][gc,phases   ] GC(285)   Post Evacuate Collection Set: 0.9ms
[2024-08-28T13:01:50.714+0000][info][gc,phases   ] GC(285)   Other: 0.2ms
[2024-08-28T13:01:50.714+0000][info][gc,heap     ] GC(285) Eden regions: 86->0(120)
[2024-08-28T13:01:50.714+0000][info][gc,heap     ] GC(285) Survivor regions: 16->13(13)
[2024-08-28T13:01:50.714+0000][info][gc,heap     ] GC(285) Old regions: 1349->1446
[2024-08-28T13:01:50.714+0000][info][gc,heap     ] GC(285) Archive regions: 2->2
[2024-08-28T13:01:50.714+0000][info][gc,heap     ] GC(285) Humongous regions: 5->5
[2024-08-28T13:01:50.714+0000][info][gc,metaspace] GC(285) Metaspace: 100K(320K)->100K(320K) NonClass: 96K(192K)->96K(192K) Class: 4K(128K)->4K(128K)
[2024-08-28T13:01:50.714+0000][info][gc          ] GC(285) Pause Young (Normal) (G1 Evacuation Pause) 1456M->1464M(2048M) 16.727ms
[2024-08-28T13:01:50.714+0000][info][gc,cpu      ] GC(285) User=0.75s Sys=0.00s Real=0.02s
[2024-08-28T13:01:50.721+0000][info][gc,marking  ] GC(284) Concurrent Rebuild Remembered Sets 65.607ms
[2024-08-28T13:01:50.722+0000][info][gc,start    ] GC(284) Pause Cleanup
[2024-08-28T13:01:50.724+0000][info][gc          ] GC(284) Pause Cleanup 1474M->1474M(2048M) 2.921ms
[2024-08-28T13:01:50.725+0000][info][gc,cpu      ] GC(284) User=0.01s Sys=0.00s Real=0.00s
[2024-08-28T13:01:50.725+0000][info][gc,marking  ] GC(284) Concurrent Cleanup for Next Mark
[2024-08-28T13:01:50.726+0000][info][gc,marking  ] GC(284) Concurrent Cleanup for Next Mark 1.584ms
[2024-08-28T13:01:50.726+0000][info][gc          ] GC(284) Concurrent Mark Cycle 99.266ms
[2024-08-28T13:01:50.796+0000][info][gc,start    ] GC(286) Pause Young (Prepare Mixed) (G1 Evacuation Pause)
[2024-08-28T13:01:50.796+0000][info][gc,task     ] GC(286) Using 49 workers of 68 for evacuation
[2024-08-28T13:01:50.815+0000][info][gc,phases   ] GC(286)   Pre Evacuate Collection Set: 0.4ms
[2024-08-28T13:01:50.815+0000][info][gc,phases   ] GC(286)   Merge Heap Roots: 1.1ms
[2024-08-28T13:01:50.815+0000][info][gc,phases   ] GC(286)   Evacuate Collection Set: 16.8ms
[2024-08-28T13:01:50.815+0000][info][gc,phases   ] GC(286)   Post Evacuate Collection Set: 0.6ms
[2024-08-28T13:01:50.815+0000][info][gc,phases   ] GC(286)   Other: 0.2ms
[2024-08-28T13:01:50.815+0000][info][gc,heap     ] GC(286) Eden regions: 120->0(85)
[2024-08-28T13:01:50.815+0000][info][gc,heap     ] GC(286) Survivor regions: 13->17(17)
[2024-08-28T13:01:50.815+0000][info][gc,heap     ] GC(286) Old regions: 1446->1564
[2024-08-28T13:01:50.815+0000][info][gc,heap     ] GC(286) Archive regions: 2->2
[2024-08-28T13:01:50.815+0000][info][gc,heap     ] GC(286) Humongous regions: 5->5
[2024-08-28T13:01:50.815+0000][info][gc,metaspace] GC(286) Metaspace: 100K(320K)->100K(320K) NonClass: 96K(192K)->96K(192K) Class: 4K(128K)->4K(128K)
[2024-08-28T13:01:50.815+0000][info][gc          ] GC(286) Pause Young (Prepare Mixed) (G1 Evacuation Pause) 1584M->1586M(2048M) 19.086ms
[2024-08-28T13:01:50.815+0000][info][gc,cpu      ] GC(286) User=0.86s Sys=0.00s Real=0.02s
[2024-08-28T13:01:50.869+0000][info][gc,start    ] GC(287) Pause Young (Mixed) (G1 Evacuation Pause)
[2024-08-28T13:01:50.869+0000][info][gc,task     ] GC(287) Using 49 workers of 68 for evacuation
[2024-08-28T13:01:50.886+0000][info][gc,phases   ] GC(287)   Pre Evacuate Collection Set: 0.4ms
[2024-08-28T13:01:50.886+0000][info][gc,phases   ] GC(287)   Merge Heap Roots: 0.6ms
[2024-08-28T13:01:50.886+0000][info][gc,phases   ] GC(287)   Evacuate Collection Set: 15.3ms
[2024-08-28T13:01:50.886+0000][info][gc,phases   ] GC(287)   Post Evacuate Collection Set: 0.6ms
[2024-08-28T13:01:50.886+0000][info][gc,phases   ] GC(287)   Other: 0.2ms
[2024-08-28T13:01:50.886+0000][info][gc,heap     ] GC(287) Eden regions: 85->0(89)
[2024-08-28T13:01:50.886+0000][info][gc,heap     ] GC(287) Survivor regions: 17->13(13)
[2024-08-28T13:01:50.886+0000][info][gc,heap     ] GC(287) Old regions: 1564->1453
[2024-08-28T13:01:50.886+0000][info][gc,heap     ] GC(287) Archive regions: 2->2
[2024-08-28T13:01:50.886+0000][info][gc,heap     ] GC(287) Humongous regions: 5->5
[2024-08-28T13:01:50.886+0000][info][gc,metaspace] GC(287) Metaspace: 100K(320K)->100K(320K) NonClass: 96K(192K)->96K(192K) Class: 4K(128K)->4K(128K)
[2024-08-28T13:01:50.886+0000][info][gc          ] GC(287) Pause Young (Mixed) (G1 Evacuation Pause) 1671M->1471M(2048M) 17.187ms
[2024-08-28T13:01:50.887+0000][info][gc,cpu      ] GC(287) User=0.73s Sys=0.03s Real=0.02s
[2024-08-28T13:01:50.943+0000][info][gc,start    ] GC(288) Pause Young (Mixed) (G1 Evacuation Pause)
[2024-08-28T13:01:50.943+0000][info][gc,task     ] GC(288) Using 49 workers of 68 for evacuation
[2024-08-28T13:01:50.959+0000][info][gc,phases   ] GC(288)   Pre Evacuate Collection Set: 0.4ms
[2024-08-28T13:01:50.959+0000][info][gc,phases   ] GC(288)   Merge Heap Roots: 0.8ms
[2024-08-28T13:01:50.959+0000][info][gc,phases   ] GC(288)   Evacuate Collection Set: 14.1ms
[2024-08-28T13:01:50.959+0000][info][gc,phases   ] GC(288)   Post Evacuate Collection Set: 0.7ms
[2024-08-28T13:01:50.959+0000][info][gc,phases   ] GC(288)   Other: 0.2ms
[2024-08-28T13:01:50.959+0000][info][gc,heap     ] GC(288) Eden regions: 89->0(89)
[2024-08-28T13:01:50.959+0000][info][gc,heap     ] GC(288) Survivor regions: 13->13(13)
[2024-08-28T13:01:50.959+0000][info][gc,heap     ] GC(288) Old regions: 1453->1342
[2024-08-28T13:01:50.959+0000][info][gc,heap     ] GC(288) Archive regions: 2->2
[2024-08-28T13:01:50.959+0000][info][gc,heap     ] GC(288) Humongous regions: 5->5
[2024-08-28T13:01:50.959+0000][info][gc,metaspace] GC(288) Metaspace: 100K(320K)->100K(320K) NonClass: 96K(192K)->96K(192K) Class: 4K(128K)->4K(128K)
[2024-08-28T13:01:50.959+0000][info][gc          ] GC(288) Pause Young (Mixed) (G1 Evacuation Pause) 1560M->1360M(2048M) 16.266ms
[2024-08-28T13:01:50.959+0000][info][gc,cpu      ] GC(288) User=0.72s Sys=0.00s Real=0.02s
[2024-08-28T13:01:51.016+0000][info][gc,start    ] GC(289) Pause Young (Mixed) (G1 Evacuation Pause)
[2024-08-28T13:01:51.016+0000][info][gc,task     ] GC(289) Using 49 workers of 68 for evacuation
[2024-08-28T13:01:51.032+0000][info][gc,phases   ] GC(289)   Pre Evacuate Collection Set: 0.4ms
[2024-08-28T13:01:51.032+0000][info][gc,phases   ] GC(289)   Merge Heap Roots: 0.5ms
[2024-08-28T13:01:51.032+0000][info][gc,phases   ] GC(289)   Evacuate Collection Set: 14.0ms
[2024-08-28T13:01:51.032+0000][info][gc,phases   ] GC(289)   Post Evacuate Collection Set: 0.7ms
[2024-08-28T13:01:51.032+0000][info][gc,phases   ] GC(289)   Other: 0.3ms
[2024-08-28T13:01:51.032+0000][info][gc,heap     ] GC(289) Eden regions: 89->0(89)
[2024-08-28T13:01:51.032+0000][info][gc,heap     ] GC(289) Survivor regions: 13->13(13)
[2024-08-28T13:01:51.032+0000][info][gc,heap     ] GC(289) Old regions: 1342->1231
[2024-08-28T13:01:51.032+0000][info][gc,heap     ] GC(289) Archive regions: 2->2
[2024-08-28T13:01:51.032+0000][info][gc,heap     ] GC(289) Humongous regions: 5->5
[2024-08-28T13:01:51.032+0000][info][gc,metaspace] GC(289) Metaspace: 100K(320K)->100K(320K) NonClass: 96K(192K)->96K(192K) Class: 4K(128K)->4K(128K)
[2024-08-28T13:01:51.032+0000][info][gc          ] GC(289) Pause Young (Mixed) (G1 Evacuation Pause) 1449M->1249M(2048M) 15.934ms
[2024-08-28T13:01:51.032+0000][info][gc,cpu      ] GC(289) User=0.69s Sys=0.02s Real=0.02s
[2024-08-28T13:01:51.089+0000][info][gc,start    ] GC(290) Pause Young (Mixed) (G1 Evacuation Pause)
[2024-08-28T13:01:51.089+0000][info][gc,task     ] GC(290) Using 49 workers of 68 for evacuation
[2024-08-28T13:01:51.105+0000][info][gc,phases   ] GC(290)   Pre Evacuate Collection Set: 0.3ms
[2024-08-28T13:01:51.105+0000][info][gc,phases   ] GC(290)   Merge Heap Roots: 1.0ms
[2024-08-28T13:01:51.105+0000][info][gc,phases   ] GC(290)   Evacuate Collection Set: 14.1ms
[2024-08-28T13:01:51.105+0000][info][gc,phases   ] GC(290)   Post Evacuate Collection Set: 0.6ms
[2024-08-28T13:01:51.105+0000][info][gc,phases   ] GC(290)   Other: 0.2ms
[2024-08-28T13:01:51.105+0000][info][gc,heap     ] GC(290) Eden regions: 89->0(221)
[2024-08-28T13:01:51.105+0000][info][gc,heap     ] GC(290) Survivor regions: 13->13(13)
[2024-08-28T13:01:51.105+0000][info][gc,heap     ] GC(290) Old regions: 1231->1134
[2024-08-28T13:01:51.105+0000][info][gc,heap     ] GC(290) Archive regions: 2->2
[2024-08-28T13:01:51.105+0000][info][gc,heap     ] GC(290) Humongous regions: 5->5
[2024-08-28T13:01:51.105+0000][info][gc,metaspace] GC(290) Metaspace: 100K(320K)->100K(320K) NonClass: 96K(192K)->96K(192K) Class: 4K(128K)->4K(128K)
[2024-08-28T13:01:51.105+0000][info][gc          ] GC(290) Pause Young (Mixed) (G1 Evacuation Pause) 1338M->1152M(2048M) 16.327ms
[2024-08-28T13:01:51.105+0000][info][gc,cpu      ] GC(290) User=0.73s Sys=0.00s Real=0.02s
[2024-08-28T13:01:51.243+0000][info][gc,start    ] GC(291) Pause Young (Normal) (G1 Evacuation Pause)
[2024-08-28T13:01:51.243+0000][info][gc,task     ] GC(291) Using 49 workers of 68 for evacuation
[2024-08-28T13:01:51.269+0000][info][gc,phases   ] GC(291)   Pre Evacuate Collection Set: 0.2ms
[2024-08-28T13:01:51.269+0000][info][gc,phases   ] GC(291)   Merge Heap Roots: 1.0ms
[2024-08-28T13:01:51.269+0000][info][gc,phases   ] GC(291)   Evacuate Collection Set: 23.7ms
[2024-08-28T13:01:51.269+0000][info][gc,phases   ] GC(291)   Post Evacuate Collection Set: 0.7ms
[2024-08-28T13:01:51.269+0000][info][gc,phases   ] GC(291)   Other: 0.2ms
[2024-08-28T13:01:51.269+0000][info][gc,heap     ] GC(291) Eden regions: 221->0(151)
[2024-08-28T13:01:51.269+0000][info][gc,heap     ] GC(291) Survivor regions: 13->30(30)
[2024-08-28T13:01:51.269+0000][info][gc,heap     ] GC(291) Old regions: 1134->1334
[2024-08-28T13:01:51.269+0000][info][gc,heap     ] GC(291) Archive regions: 2->2
[2024-08-28T13:01:51.269+0000][info][gc,heap     ] GC(291) Humongous regions: 5->5
[2024-08-28T13:01:51.269+0000][info][gc,metaspace] GC(291) Metaspace: 100K(320K)->100K(320K) NonClass: 96K(192K)->96K(192K) Class: 4K(128K)->4K(128K)
[2024-08-28T13:01:51.269+0000][info][gc          ] GC(291) Pause Young (Normal) (G1 Evacuation Pause) 1373M->1369M(2048M) 25.966ms
[2024-08-28T13:01:51.269+0000][info][gc,cpu      ] GC(291) User=1.19s Sys=0.00s Real=0.02s
[2024-08-28T13:01:51.362+0000][info][gc,start    ] GC(292) Pause Young (Normal) (G1 Evacuation Pause)
[2024-08-28T13:01:51.362+0000][info][gc,task     ] GC(292) Using 49 workers of 68 for evacuation
[2024-08-28T13:01:51.386+0000][info][gc,phases   ] GC(292)   Pre Evacuate Collection Set: 0.3ms
[2024-08-28T13:01:51.386+0000][info][gc,phases   ] GC(292)   Merge Heap Roots: 0.6ms
[2024-08-28T13:01:51.386+0000][info][gc,phases   ] GC(292)   Evacuate Collection Set: 22.8ms
[2024-08-28T13:01:51.386+0000][info][gc,phases   ] GC(292)   Post Evacuate Collection Set: 0.5ms
[2024-08-28T13:01:51.386+0000][info][gc,phases   ] GC(292)   Other: 0.2ms
[2024-08-28T13:01:51.386+0000][info][gc,heap     ] GC(292) Eden regions: 151->0(100)
[2024-08-28T13:01:51.386+0000][info][gc,heap     ] GC(292) Survivor regions: 30->23(23)
[2024-08-28T13:01:51.386+0000][info][gc,heap     ] GC(292) Old regions: 1334->1498
[2024-08-28T13:01:51.386+0000][info][gc,heap     ] GC(292) Archive regions: 2->2
[2024-08-28T13:01:51.386+0000][info][gc,heap     ] GC(292) Humongous regions: 5->5
[2024-08-28T13:01:51.386+0000][info][gc,metaspace] GC(292) Metaspace: 100K(320K)->100K(320K) NonClass: 96K(192K)->96K(192K) Class: 4K(128K)->4K(128K)
[2024-08-28T13:01:51.386+0000][info][gc          ] GC(292) Pause Young (Normal) (G1 Evacuation Pause) 1520M->1526M(2048M) 24.515ms
[2024-08-28T13:01:51.386+0000][info][gc,cpu      ] GC(292) User=1.10s Sys=0.02s Real=0.02s
[2024-08-28T13:01:51.448+0000][info][gc,start    ] GC(293) Pause Young (Concurrent Start) (G1 Evacuation Pause)
[2024-08-28T13:01:51.448+0000][info][gc,task     ] GC(293) Using 49 workers of 68 for evacuation
[2024-08-28T13:01:51.468+0000][info][gc,phases   ] GC(293)   Pre Evacuate Collection Set: 0.3ms
[2024-08-28T13:01:51.468+0000][info][gc,phases   ] GC(293)   Merge Heap Roots: 0.9ms
[2024-08-28T13:01:51.468+0000][info][gc,phases   ] GC(293)   Evacuate Collection Set: 17.2ms
[2024-08-28T13:01:51.468+0000][info][gc,phases   ] GC(293)   Post Evacuate Collection Set: 0.5ms
[2024-08-28T13:01:51.468+0000][info][gc,phases   ] GC(293)   Other: 0.7ms
[2024-08-28T13:01:51.468+0000][info][gc,heap     ] GC(293) Eden regions: 100->0(86)
[2024-08-28T13:01:51.468+0000][info][gc,heap     ] GC(293) Survivor regions: 23->16(16)
[2024-08-28T13:01:51.468+0000][info][gc,heap     ] GC(293) Old regions: 1498->1613
[2024-08-28T13:01:51.468+0000][info][gc,heap     ] GC(293) Archive regions: 2->2
[2024-08-28T13:01:51.468+0000][info][gc,heap     ] GC(293) Humongous regions: 5->5
[2024-08-28T13:01:51.468+0000][info][gc,metaspace] GC(293) Metaspace: 100K(320K)->100K(320K) NonClass: 96K(192K)->96K(192K) Class: 4K(128K)->4K(128K)
[2024-08-28T13:01:51.468+0000][info][gc          ] GC(293) Pause Young (Concurrent Start) (G1 Evacuation Pause) 1626M->1634M(2048M) 19.701ms
[2024-08-28T13:01:51.468+0000][info][gc,cpu      ] GC(293) User=0.87s Sys=0.00s Real=0.02s
[2024-08-28T13:01:51.468+0000][info][gc          ] GC(294) Concurrent Mark Cycle
[2024-08-28T13:01:51.468+0000][info][gc,marking  ] GC(294) Concurrent Clear Claimed Marks
[2024-08-28T13:01:51.468+0000][info][gc,marking  ] GC(294) Concurrent Clear Claimed Marks 0.010ms
[2024-08-28T13:01:51.468+0000][info][gc,marking  ] GC(294) Concurrent Scan Root Regions
[2024-08-28T13:01:51.472+0000][info][gc,marking  ] GC(294) Concurrent Scan Root Regions 3.416ms
[2024-08-28T13:01:51.472+0000][info][gc,marking  ] GC(294) Concurrent Mark
[2024-08-28T13:01:51.472+0000][info][gc,marking  ] GC(294) Concurrent Mark From Roots
[2024-08-28T13:01:51.472+0000][info][gc,task     ] GC(294) Using 17 workers of 17 for marking
[2024-08-28T13:01:51.494+0000][info][gc,marking  ] GC(294) Concurrent Mark From Roots 22.569ms
[2024-08-28T13:01:51.494+0000][info][gc,marking  ] GC(294) Concurrent Preclean
[2024-08-28T13:01:51.495+0000][info][gc,marking  ] GC(294) Concurrent Preclean 0.500ms
[2024-08-28T13:01:51.495+0000][info][gc,start    ] GC(294) Pause Remark
[2024-08-28T13:01:51.497+0000][info][gc          ] GC(294) Pause Remark 1662M->1387M(2048M) 2.179ms
[2024-08-28T13:01:51.497+0000][info][gc,cpu      ] GC(294) User=0.01s Sys=0.01s Real=0.00s
[2024-08-28T13:01:51.497+0000][info][gc,marking  ] GC(294) Concurrent Mark 25.652ms
[2024-08-28T13:01:51.497+0000][info][gc,marking  ] GC(294) Concurrent Rebuild Remembered Sets
[2024-08-28T13:01:51.538+0000][info][gc,start    ] GC(295) Pause Young (Normal) (G1 Evacuation Pause)
[2024-08-28T13:01:51.538+0000][info][gc,task     ] GC(295) Using 49 workers of 68 for evacuation
[2024-08-28T13:01:51.554+0000][info][gc,phases   ] GC(295)   Pre Evacuate Collection Set: 0.4ms
[2024-08-28T13:01:51.555+0000][info][gc,phases   ] GC(295)   Merge Heap Roots: 0.5ms
[2024-08-28T13:01:51.555+0000][info][gc,phases   ] GC(295)   Evacuate Collection Set: 14.2ms
[2024-08-28T13:01:51.555+0000][info][gc,phases   ] GC(295)   Post Evacuate Collection Set: 0.9ms
[2024-08-28T13:01:51.555+0000][info][gc,phases   ] GC(295)   Other: 0.3ms
[2024-08-28T13:01:51.555+0000][info][gc,heap     ] GC(295) Eden regions: 86->0(124)
[2024-08-28T13:01:51.555+0000][info][gc,heap     ] GC(295) Survivor regions: 16->13(13)
[2024-08-28T13:01:51.555+0000][info][gc,heap     ] GC(295) Old regions: 1338->1434
[2024-08-28T13:01:51.555+0000][info][gc,heap     ] GC(295) Archive regions: 2->2
[2024-08-28T13:01:51.555+0000][info][gc,heap     ] GC(295) Humongous regions: 5->5
[2024-08-28T13:01:51.555+0000][info][gc,metaspace] GC(295) Metaspace: 100K(320K)->100K(320K) NonClass: 96K(192K)->96K(192K) Class: 4K(128K)->4K(128K)
[2024-08-28T13:01:51.555+0000][info][gc          ] GC(295) Pause Young (Normal) (G1 Evacuation Pause) 1445M->1452M(2048M) 16.253ms
[2024-08-28T13:01:51.555+0000][info][gc,cpu      ] GC(295) User=0.70s Sys=0.03s Real=0.01s
[2024-08-28T13:01:51.564+0000][info][gc,marking  ] GC(294) Concurrent Rebuild Remembered Sets 66.607ms
[2024-08-28T13:01:51.564+0000][info][gc,start    ] GC(294) Pause Cleanup
[2024-08-28T13:01:51.567+0000][info][gc          ] GC(294) Pause Cleanup 1466M->1466M(2048M) 2.824ms
[2024-08-28T13:01:51.567+0000][info][gc,cpu      ] GC(294) User=0.01s Sys=0.00s Real=0.00s
[2024-08-28T13:01:51.567+0000][info][gc,marking  ] GC(294) Concurrent Cleanup for Next Mark
[2024-08-28T13:01:51.569+0000][info][gc,marking  ] GC(294) Concurrent Cleanup for Next Mark 1.589ms
[2024-08-28T13:01:51.569+0000][info][gc          ] GC(294) Concurrent Mark Cycle 100.626ms
[2024-08-28T13:01:51.640+0000][info][gc,start    ] GC(296) Pause Young (Prepare Mixed) (G1 Evacuation Pause)
[2024-08-28T13:01:51.640+0000][info][gc,task     ] GC(296) Using 49 workers of 68 for evacuation
[2024-08-28T13:01:51.658+0000][info][gc,phases   ] GC(296)   Pre Evacuate Collection Set: 0.3ms
[2024-08-28T13:01:51.658+0000][info][gc,phases   ] GC(296)   Merge Heap Roots: 0.6ms
[2024-08-28T13:01:51.658+0000][info][gc,phases   ] GC(296)   Evacuate Collection Set: 16.3ms
[2024-08-28T13:01:51.658+0000][info][gc,phases   ] GC(296)   Post Evacuate Collection Set: 0.6ms
[2024-08-28T13:01:51.658+0000][info][gc,phases   ] GC(296)   Other: 0.2ms
[2024-08-28T13:01:51.658+0000][info][gc,heap     ] GC(296) Eden regions: 124->0(84)
[2024-08-28T13:01:51.658+0000][info][gc,heap     ] GC(296) Survivor regions: 13->18(18)
[2024-08-28T13:01:51.658+0000][info][gc,heap     ] GC(296) Old regions: 1434->1557
[2024-08-28T13:01:51.658+0000][info][gc,heap     ] GC(296) Archive regions: 2->2
[2024-08-28T13:01:51.658+0000][info][gc,heap     ] GC(296) Humongous regions: 5->5
[2024-08-28T13:01:51.658+0000][info][gc,metaspace] GC(296) Metaspace: 100K(320K)->100K(320K) NonClass: 96K(192K)->96K(192K) Class: 4K(128K)->4K(128K)
[2024-08-28T13:01:51.658+0000][info][gc          ] GC(296) Pause Young (Prepare Mixed) (G1 Evacuation Pause) 1576M->1580M(2048M) 18.036ms
[2024-08-28T13:01:51.658+0000][info][gc,cpu      ] GC(296) User=0.81s Sys=0.00s Real=0.02s
[2024-08-28T13:01:51.712+0000][info][gc,start    ] GC(297) Pause Young (Mixed) (G1 Evacuation Pause)
[2024-08-28T13:01:51.712+0000][info][gc,task     ] GC(297) Using 49 workers of 68 for evacuation
[2024-08-28T13:01:51.729+0000][info][gc,phases   ] GC(297)   Pre Evacuate Collection Set: 0.4ms
[2024-08-28T13:01:51.729+0000][info][gc,phases   ] GC(297)   Merge Heap Roots: 0.8ms
[2024-08-28T13:01:51.729+0000][info][gc,phases   ] GC(297)   Evacuate Collection Set: 14.9ms
[2024-08-28T13:01:51.729+0000][info][gc,phases   ] GC(297)   Post Evacuate Collection Set: 0.6ms
[2024-08-28T13:01:51.729+0000][info][gc,phases   ] GC(297)   Other: 0.3ms
[2024-08-28T13:01:51.729+0000][info][gc,heap     ] GC(297) Eden regions: 84->0(89)
[2024-08-28T13:01:51.729+0000][info][gc,heap     ] GC(297) Survivor regions: 18->13(13)
[2024-08-28T13:01:51.729+0000][info][gc,heap     ] GC(297) Old regions: 1557->1448
[2024-08-28T13:01:51.729+0000][info][gc,heap     ] GC(297) Archive regions: 2->2
[2024-08-28T13:01:51.729+0000][info][gc,heap     ] GC(297) Humongous regions: 5->5
[2024-08-28T13:01:51.729+0000][info][gc,metaspace] GC(297) Metaspace: 100K(320K)->100K(320K) NonClass: 96K(192K)->96K(192K) Class: 4K(128K)->4K(128K)
[2024-08-28T13:01:51.729+0000][info][gc          ] GC(297) Pause Young (Mixed) (G1 Evacuation Pause) 1664M->1466M(2048M) 17.063ms
[2024-08-28T13:01:51.729+0000][info][gc,cpu      ] GC(297) User=0.77s Sys=0.00s Real=0.01s
[2024-08-28T13:01:51.786+0000][info][gc,start    ] GC(298) Pause Young (Mixed) (G1 Evacuation Pause)
[2024-08-28T13:01:51.786+0000][info][gc,task     ] GC(298) Using 49 workers of 68 for evacuation
[2024-08-28T13:01:51.802+0000][info][gc,phases   ] GC(298)   Pre Evacuate Collection Set: 0.4ms
[2024-08-28T13:01:51.802+0000][info][gc,phases   ] GC(298)   Merge Heap Roots: 0.5ms
[2024-08-28T13:01:51.802+0000][info][gc,phases   ] GC(298)   Evacuate Collection Set: 14.2ms
[2024-08-28T13:01:51.802+0000][info][gc,phases   ] GC(298)   Post Evacuate Collection Set: 0.6ms
[2024-08-28T13:01:51.802+0000][info][gc,phases   ] GC(298)   Other: 0.2ms
[2024-08-28T13:01:51.802+0000][info][gc,heap     ] GC(298) Eden regions: 89->0(89)
[2024-08-28T13:01:51.802+0000][info][gc,heap     ] GC(298) Survivor regions: 13->13(13)
[2024-08-28T13:01:51.802+0000][info][gc,heap     ] GC(298) Old regions: 1448->1337
[2024-08-28T13:01:51.802+0000][info][gc,heap     ] GC(298) Archive regions: 2->2
[2024-08-28T13:01:51.802+0000][info][gc,heap     ] GC(298) Humongous regions: 5->5
[2024-08-28T13:01:51.802+0000][info][gc,metaspace] GC(298) Metaspace: 100K(320K)->100K(320K) NonClass: 96K(192K)->96K(192K) Class: 4K(128K)->4K(128K)
[2024-08-28T13:01:51.802+0000][info][gc          ] GC(298) Pause Young (Mixed) (G1 Evacuation Pause) 1555M->1355M(2048M) 15.976ms
[2024-08-28T13:01:51.802+0000][info][gc,cpu      ] GC(298) User=0.69s Sys=0.01s Real=0.02s
[2024-08-28T13:01:51.859+0000][info][gc,start    ] GC(299) Pause Young (Mixed) (G1 Evacuation Pause)
[2024-08-28T13:01:51.859+0000][info][gc,task     ] GC(299) Using 49 workers of 68 for evacuation
[2024-08-28T13:01:51.876+0000][info][gc,phases   ] GC(299)   Pre Evacuate Collection Set: 0.4ms
[2024-08-28T13:01:51.876+0000][info][gc,phases   ] GC(299)   Merge Heap Roots: 0.8ms
[2024-08-28T13:01:51.876+0000][info][gc,phases   ] GC(299)   Evacuate Collection Set: 14.5ms
[2024-08-28T13:01:51.876+0000][info][gc,phases   ] GC(299)   Post Evacuate Collection Set: 0.7ms
[2024-08-28T13:01:51.876+0000][info][gc,phases   ] GC(299)   Other: 0.2ms
[2024-08-28T13:01:51.876+0000][info][gc,heap     ] GC(299) Eden regions: 89->0(89)
[2024-08-28T13:01:51.876+0000][info][gc,heap     ] GC(299) Survivor regions: 13->13(13)
[2024-08-28T13:01:51.876+0000][info][gc,heap     ] GC(299) Old regions: 1337->1226
[2024-08-28T13:01:51.876+0000][info][gc,heap     ] GC(299) Archive regions: 2->2
[2024-08-28T13:01:51.876+0000][info][gc,heap     ] GC(299) Humongous regions: 5->5
[2024-08-28T13:01:51.876+0000][info][gc,metaspace] GC(299) Metaspace: 100K(320K)->100K(320K) NonClass: 96K(192K)->96K(192K) Class: 4K(128K)->4K(128K)
[2024-08-28T13:01:51.876+0000][info][gc          ] GC(299) Pause Young (Mixed) (G1 Evacuation Pause) 1444M->1244M(2048M) 16.597ms
[2024-08-28T13:01:51.876+0000][info][gc,cpu      ] GC(299) User=0.74s Sys=0.00s Real=0.01s
[2024-08-28T13:01:51.934+0000][info][gc,start    ] GC(300) Pause Young (Mixed) (G1 Evacuation Pause)
[2024-08-28T13:01:51.934+0000][info][gc,task     ] GC(300) Using 49 workers of 68 for evacuation
[2024-08-28T13:01:51.950+0000][info][gc,phases   ] GC(300)   Pre Evacuate Collection Set: 0.4ms
[2024-08-28T13:01:51.950+0000][info][gc,phases   ] GC(300)   Merge Heap Roots: 0.6ms
[2024-08-28T13:01:51.950+0000][info][gc,phases   ] GC(300)   Evacuate Collection Set: 14.6ms
[2024-08-28T13:01:51.950+0000][info][gc,phases   ] GC(300)   Post Evacuate Collection Set: 0.6ms
[2024-08-28T13:01:51.950+0000][info][gc,phases   ] GC(300)   Other: 0.3ms
[2024-08-28T13:01:51.950+0000][info][gc,heap     ] GC(300) Eden regions: 89->0(219)
[2024-08-28T13:01:51.950+0000][info][gc,heap     ] GC(300) Survivor regions: 13->13(13)
[2024-08-28T13:01:51.950+0000][info][gc,heap     ] GC(300) Old regions: 1226->1139
[2024-08-28T13:01:51.950+0000][info][gc,heap     ] GC(300) Archive regions: 2->2
[2024-08-28T13:01:51.950+0000][info][gc,heap     ] GC(300) Humongous regions: 5->5
[2024-08-28T13:01:51.950+0000][info][gc,metaspace] GC(300) Metaspace: 100K(320K)->100K(320K) NonClass: 96K(192K)->96K(192K) Class: 4K(128K)->4K(128K)
[2024-08-28T13:01:51.950+0000][info][gc          ] GC(300) Pause Young (Mixed) (G1 Evacuation Pause) 1333M->1157M(2048M) 16.543ms
[2024-08-28T13:01:51.951+0000][info][gc,cpu      ] GC(300) User=0.71s Sys=0.02s Real=0.02s
[2024-08-28T13:01:52.087+0000][info][gc,start    ] GC(301) Pause Young (Normal) (G1 Evacuation Pause)
[2024-08-28T13:01:52.087+0000][info][gc,task     ] GC(301) Using 49 workers of 68 for evacuation
[2024-08-28T13:01:52.112+0000][info][gc,phases   ] GC(301)   Pre Evacuate Collection Set: 0.3ms
[2024-08-28T13:01:52.112+0000][info][gc,phases   ] GC(301)   Merge Heap Roots: 0.6ms
[2024-08-28T13:01:52.112+0000][info][gc,phases   ] GC(301)   Evacuate Collection Set: 23.3ms
[2024-08-28T13:01:52.112+0000][info][gc,phases   ] GC(301)   Post Evacuate Collection Set: 0.7ms
[2024-08-28T13:01:52.112+0000][info][gc,phases   ] GC(301)   Other: 0.3ms
[2024-08-28T13:01:52.112+0000][info][gc,heap     ] GC(301) Eden regions: 219->0(150)
[2024-08-28T13:01:52.112+0000][info][gc,heap     ] GC(301) Survivor regions: 13->29(29)
[2024-08-28T13:01:52.112+0000][info][gc,heap     ] GC(301) Old regions: 1139->1338
[2024-08-28T13:01:52.112+0000][info][gc,heap     ] GC(301) Archive regions: 2->2
[2024-08-28T13:01:52.112+0000][info][gc,heap     ] GC(301) Humongous regions: 5->5
[2024-08-28T13:01:52.112+0000][info][gc,metaspace] GC(301) Metaspace: 100K(320K)->100K(320K) NonClass: 96K(192K)->96K(192K) Class: 4K(128K)->4K(128K)
[2024-08-28T13:01:52.112+0000][info][gc          ] GC(301) Pause Young (Normal) (G1 Evacuation Pause) 1376M->1372M(2048M) 25.234ms
[2024-08-28T13:01:52.112+0000][info][gc,cpu      ] GC(301) User=1.15s Sys=0.01s Real=0.03s
[2024-08-28T13:01:52.204+0000][info][gc,start    ] GC(302) Pause Young (Normal) (G1 Evacuation Pause)
[2024-08-28T13:01:52.204+0000][info][gc,task     ] GC(302) Using 49 workers of 68 for evacuation
[2024-08-28T13:01:52.229+0000][info][gc,phases   ] GC(302)   Pre Evacuate Collection Set: 0.3ms
[2024-08-28T13:01:52.229+0000][info][gc,phases   ] GC(302)   Merge Heap Roots: 0.6ms
[2024-08-28T13:01:52.229+0000][info][gc,phases   ] GC(302)   Evacuate Collection Set: 23.4ms
[2024-08-28T13:01:52.229+0000][info][gc,phases   ] GC(302)   Post Evacuate Collection Set: 0.6ms
[2024-08-28T13:01:52.229+0000][info][gc,phases   ] GC(302)   Other: 0.2ms
[2024-08-28T13:01:52.229+0000][info][gc,heap     ] GC(302) Eden regions: 150->0(100)
[2024-08-28T13:01:52.229+0000][info][gc,heap     ] GC(302) Survivor regions: 29->23(23)
[2024-08-28T13:01:52.229+0000][info][gc,heap     ] GC(302) Old regions: 1338->1499
[2024-08-28T13:01:52.229+0000][info][gc,heap     ] GC(302) Archive regions: 2->2
[2024-08-28T13:01:52.229+0000][info][gc,heap     ] GC(302) Humongous regions: 5->5
[2024-08-28T13:01:52.229+0000][info][gc,metaspace] GC(302) Metaspace: 100K(320K)->100K(320K) NonClass: 96K(192K)->96K(192K) Class: 4K(128K)->4K(128K)
[2024-08-28T13:01:52.229+0000][info][gc          ] GC(302) Pause Young (Normal) (G1 Evacuation Pause) 1522M->1527M(2048M) 25.166ms
[2024-08-28T13:01:52.229+0000][info][gc,cpu      ] GC(302) User=1.17s Sys=0.00s Real=0.02s
[2024-08-28T13:01:52.293+0000][info][gc,start    ] GC(303) Pause Young (Concurrent Start) (G1 Evacuation Pause)
[2024-08-28T13:01:52.293+0000][info][gc,task     ] GC(303) Using 49 workers of 68 for evacuation
[2024-08-28T13:01:52.312+0000][info][gc,phases   ] GC(303)   Pre Evacuate Collection Set: 0.4ms
[2024-08-28T13:01:52.312+0000][info][gc,phases   ] GC(303)   Merge Heap Roots: 0.5ms
[2024-08-28T13:01:52.312+0000][info][gc,phases   ] GC(303)   Evacuate Collection Set: 16.6ms
[2024-08-28T13:01:52.312+0000][info][gc,phases   ] GC(303)   Post Evacuate Collection Set: 0.5ms
[2024-08-28T13:01:52.312+0000][info][gc,phases   ] GC(303)   Other: 0.7ms
[2024-08-28T13:01:52.312+0000][info][gc,heap     ] GC(303) Eden regions: 100->0(86)
[2024-08-28T13:01:52.312+0000][info][gc,heap     ] GC(303) Survivor regions: 23->16(16)
[2024-08-28T13:01:52.312+0000][info][gc,heap     ] GC(303) Old regions: 1499->1615
[2024-08-28T13:01:52.312+0000][info][gc,heap     ] GC(303) Archive regions: 2->2
[2024-08-28T13:01:52.312+0000][info][gc,heap     ] GC(303) Humongous regions: 5->5
[2024-08-28T13:01:52.312+0000][info][gc,metaspace] GC(303) Metaspace: 100K(320K)->100K(320K) NonClass: 96K(192K)->96K(192K) Class: 4K(128K)->4K(128K)
[2024-08-28T13:01:52.312+0000][info][gc          ] GC(303) Pause Young (Concurrent Start) (G1 Evacuation Pause) 1627M->1636M(2048M) 18.876ms
[2024-08-28T13:01:52.312+0000][info][gc,cpu      ] GC(303) User=0.83s Sys=0.01s Real=0.02s
[2024-08-28T13:01:52.312+0000][info][gc          ] GC(304) Concurrent Mark Cycle
[2024-08-28T13:01:52.312+0000][info][gc,marking  ] GC(304) Concurrent Clear Claimed Marks
[2024-08-28T13:01:52.312+0000][info][gc,marking  ] GC(304) Concurrent Clear Claimed Marks 0.009ms
[2024-08-28T13:01:52.312+0000][info][gc,marking  ] GC(304) Concurrent Scan Root Regions
[2024-08-28T13:01:52.316+0000][info][gc,marking  ] GC(304) Concurrent Scan Root Regions 3.443ms
[2024-08-28T13:01:52.316+0000][info][gc,marking  ] GC(304) Concurrent Mark
[2024-08-28T13:01:52.316+0000][info][gc,marking  ] GC(304) Concurrent Mark From Roots
[2024-08-28T13:01:52.316+0000][info][gc,task     ] GC(304) Using 17 workers of 17 for marking
[2024-08-28T13:01:52.338+0000][info][gc,marking  ] GC(304) Concurrent Mark From Roots 22.287ms
[2024-08-28T13:01:52.338+0000][info][gc,marking  ] GC(304) Concurrent Preclean
[2024-08-28T13:01:52.339+0000][info][gc,marking  ] GC(304) Concurrent Preclean 0.498ms
[2024-08-28T13:01:52.339+0000][info][gc,start    ] GC(304) Pause Remark
[2024-08-28T13:01:52.341+0000][info][gc          ] GC(304) Pause Remark 1663M->1373M(2048M) 2.300ms
[2024-08-28T13:01:52.341+0000][info][gc,cpu      ] GC(304) User=0.02s Sys=0.01s Real=0.00s
[2024-08-28T13:01:52.341+0000][info][gc,marking  ] GC(304) Concurrent Mark 25.502ms
[2024-08-28T13:01:52.341+0000][info][gc,marking  ] GC(304) Concurrent Rebuild Remembered Sets
[2024-08-28T13:01:52.383+0000][info][gc,start    ] GC(305) Pause Young (Normal) (G1 Evacuation Pause)
[2024-08-28T13:01:52.383+0000][info][gc,task     ] GC(305) Using 49 workers of 68 for evacuation
[2024-08-28T13:01:52.399+0000][info][gc,phases   ] GC(305)   Pre Evacuate Collection Set: 0.4ms
[2024-08-28T13:01:52.399+0000][info][gc,phases   ] GC(305)   Merge Heap Roots: 0.4ms
[2024-08-28T13:01:52.399+0000][info][gc,phases   ] GC(305)   Evacuate Collection Set: 13.8ms
[2024-08-28T13:01:52.399+0000][info][gc,phases   ] GC(305)   Post Evacuate Collection Set: 0.8ms
[2024-08-28T13:01:52.399+0000][info][gc,phases   ] GC(305)   Other: 0.3ms
[2024-08-28T13:01:52.399+0000][info][gc,heap     ] GC(305) Eden regions: 86->0(128)
[2024-08-28T13:01:52.399+0000][info][gc,heap     ] GC(305) Survivor regions: 16->13(13)
[2024-08-28T13:01:52.399+0000][info][gc,heap     ] GC(305) Old regions: 1325->1420
[2024-08-28T13:01:52.399+0000][info][gc,heap     ] GC(305) Archive regions: 2->2
[2024-08-28T13:01:52.399+0000][info][gc,heap     ] GC(305) Humongous regions: 5->5
[2024-08-28T13:01:52.399+0000][info][gc,metaspace] GC(305) Metaspace: 100K(320K)->100K(320K) NonClass: 96K(192K)->96K(192K) Class: 4K(128K)->4K(128K)
[2024-08-28T13:01:52.399+0000][info][gc          ] GC(305) Pause Young (Normal) (G1 Evacuation Pause) 1432M->1438M(2048M) 15.693ms
[2024-08-28T13:01:52.399+0000][info][gc,cpu      ] GC(305) User=0.55s Sys=0.14s Real=0.02s
[2024-08-28T13:01:52.404+0000][info][gc,marking  ] GC(304) Concurrent Rebuild Remembered Sets 63.172ms
[2024-08-28T13:01:52.405+0000][info][gc,start    ] GC(304) Pause Cleanup
[2024-08-28T13:01:52.408+0000][info][gc          ] GC(304) Pause Cleanup 1446M->1446M(2048M) 2.824ms
[2024-08-28T13:01:52.408+0000][info][gc,cpu      ] GC(304) User=0.02s Sys=0.00s Real=0.00s
[2024-08-28T13:01:52.408+0000][info][gc,marking  ] GC(304) Concurrent Cleanup for Next Mark
[2024-08-28T13:01:52.409+0000][info][gc,marking  ] GC(304) Concurrent Cleanup for Next Mark 1.553ms
[2024-08-28T13:01:52.409+0000][info][gc          ] GC(304) Concurrent Mark Cycle 97.073ms
[2024-08-28T13:01:52.484+0000][info][gc,start    ] GC(306) Pause Young (Prepare Mixed) (G1 Evacuation Pause)
[2024-08-28T13:01:52.484+0000][info][gc,task     ] GC(306) Using 49 workers of 68 for evacuation
[2024-08-28T13:01:52.502+0000][info][gc,phases   ] GC(306)   Pre Evacuate Collection Set: 0.3ms
[2024-08-28T13:01:52.502+0000][info][gc,phases   ] GC(306)   Merge Heap Roots: 0.9ms
[2024-08-28T13:01:52.503+0000][info][gc,phases   ] GC(306)   Evacuate Collection Set: 16.9ms
[2024-08-28T13:01:52.503+0000][info][gc,phases   ] GC(306)   Post Evacuate Collection Set: 0.6ms
[2024-08-28T13:01:52.503+0000][info][gc,phases   ] GC(306)   Other: 0.2ms
[2024-08-28T13:01:52.503+0000][info][gc,heap     ] GC(306) Eden regions: 128->0(84)
[2024-08-28T13:01:52.503+0000][info][gc,heap     ] GC(306) Survivor regions: 13->18(18)
[2024-08-28T13:01:52.503+0000][info][gc,heap     ] GC(306) Old regions: 1420->1546
[2024-08-28T13:01:52.503+0000][info][gc,heap     ] GC(306) Archive regions: 2->2
[2024-08-28T13:01:52.503+0000][info][gc,heap     ] GC(306) Humongous regions: 5->5
[2024-08-28T13:01:52.503+0000][info][gc,metaspace] GC(306) Metaspace: 100K(320K)->100K(320K) NonClass: 96K(192K)->96K(192K) Class: 4K(128K)->4K(128K)
[2024-08-28T13:01:52.503+0000][info][gc          ] GC(306) Pause Young (Prepare Mixed) (G1 Evacuation Pause) 1566M->1569M(2048M) 18.978ms
[2024-08-28T13:01:52.503+0000][info][gc,cpu      ] GC(306) User=0.87s Sys=0.00s Real=0.02s
[2024-08-28T13:01:52.553+0000][info][gc,start    ] GC(307) Pause Young (Mixed) (G1 Evacuation Pause)
[2024-08-28T13:01:52.554+0000][info][gc,task     ] GC(307) Using 49 workers of 68 for evacuation
[2024-08-28T13:01:52.570+0000][info][gc,phases   ] GC(307)   Pre Evacuate Collection Set: 0.4ms
[2024-08-28T13:01:52.570+0000][info][gc,phases   ] GC(307)   Merge Heap Roots: 0.5ms
[2024-08-28T13:01:52.570+0000][info][gc,phases   ] GC(307)   Evacuate Collection Set: 14.7ms
[2024-08-28T13:01:52.570+0000][info][gc,phases   ] GC(307)   Post Evacuate Collection Set: 0.6ms
[2024-08-28T13:01:52.570+0000][info][gc,phases   ] GC(307)   Other: 0.2ms
[2024-08-28T13:01:52.570+0000][info][gc,heap     ] GC(307) Eden regions: 84->0(89)
[2024-08-28T13:01:52.570+0000][info][gc,heap     ] GC(307) Survivor regions: 18->13(13)
[2024-08-28T13:01:52.570+0000][info][gc,heap     ] GC(307) Old regions: 1546->1437
[2024-08-28T13:01:52.570+0000][info][gc,heap     ] GC(307) Archive regions: 2->2
[2024-08-28T13:01:52.570+0000][info][gc,heap     ] GC(307) Humongous regions: 5->5
[2024-08-28T13:01:52.570+0000][info][gc,metaspace] GC(307) Metaspace: 100K(320K)->100K(320K) NonClass: 96K(192K)->96K(192K) Class: 4K(128K)->4K(128K)
[2024-08-28T13:01:52.570+0000][info][gc          ] GC(307) Pause Young (Mixed) (G1 Evacuation Pause) 1653M->1455M(2048M) 16.520ms
[2024-08-28T13:01:52.570+0000][info][gc,cpu      ] GC(307) User=0.73s Sys=0.01s Real=0.02s
[2024-08-28T13:01:52.626+0000][info][gc,start    ] GC(308) Pause Young (Mixed) (G1 Evacuation Pause)
[2024-08-28T13:01:52.626+0000][info][gc,task     ] GC(308) Using 49 workers of 68 for evacuation
[2024-08-28T13:01:52.642+0000][info][gc,phases   ] GC(308)   Pre Evacuate Collection Set: 0.5ms
[2024-08-28T13:01:52.642+0000][info][gc,phases   ] GC(308)   Merge Heap Roots: 0.8ms
[2024-08-28T13:01:52.642+0000][info][gc,phases   ] GC(308)   Evacuate Collection Set: 13.8ms
[2024-08-28T13:01:52.642+0000][info][gc,phases   ] GC(308)   Post Evacuate Collection Set: 0.6ms
[2024-08-28T13:01:52.642+0000][info][gc,phases   ] GC(308)   Other: 0.3ms
[2024-08-28T13:01:52.642+0000][info][gc,heap     ] GC(308) Eden regions: 89->0(89)
[2024-08-28T13:01:52.642+0000][info][gc,heap     ] GC(308) Survivor regions: 13->13(13)
[2024-08-28T13:01:52.642+0000][info][gc,heap     ] GC(308) Old regions: 1437->1326
[2024-08-28T13:01:52.642+0000][info][gc,heap     ] GC(308) Archive regions: 2->2
[2024-08-28T13:01:52.642+0000][info][gc,heap     ] GC(308) Humongous regions: 5->5
[2024-08-28T13:01:52.642+0000][info][gc,metaspace] GC(308) Metaspace: 100K(320K)->100K(320K) NonClass: 96K(192K)->96K(192K) Class: 4K(128K)->4K(128K)
[2024-08-28T13:01:52.642+0000][info][gc          ] GC(308) Pause Young (Mixed) (G1 Evacuation Pause) 1544M->1344M(2048M) 16.035ms
[2024-08-28T13:01:52.642+0000][info][gc,cpu      ] GC(308) User=0.69s Sys=0.01s Real=0.02s
[2024-08-28T13:01:52.699+0000][info][gc,start    ] GC(309) Pause Young (Mixed) (G1 Evacuation Pause)
[2024-08-28T13:01:52.699+0000][info][gc,task     ] GC(309) Using 49 workers of 68 for evacuation
[2024-08-28T13:01:52.715+0000][info][gc,phases   ] GC(309)   Pre Evacuate Collection Set: 0.4ms
[2024-08-28T13:01:52.715+0000][info][gc,phases   ] GC(309)   Merge Heap Roots: 0.5ms
[2024-08-28T13:01:52.715+0000][info][gc,phases   ] GC(309)   Evacuate Collection Set: 14.1ms
[2024-08-28T13:01:52.715+0000][info][gc,phases   ] GC(309)   Post Evacuate Collection Set: 0.7ms
[2024-08-28T13:01:52.715+0000][info][gc,phases   ] GC(309)   Other: 0.2ms
[2024-08-28T13:01:52.715+0000][info][gc,heap     ] GC(309) Eden regions: 89->0(89)
[2024-08-28T13:01:52.715+0000][info][gc,heap     ] GC(309) Survivor regions: 13->13(13)
[2024-08-28T13:01:52.715+0000][info][gc,heap     ] GC(309) Old regions: 1326->1215
[2024-08-28T13:01:52.715+0000][info][gc,heap     ] GC(309) Archive regions: 2->2
[2024-08-28T13:01:52.715+0000][info][gc,heap     ] GC(309) Humongous regions: 5->5
[2024-08-28T13:01:52.715+0000][info][gc,metaspace] GC(309) Metaspace: 100K(320K)->100K(320K) NonClass: 96K(192K)->96K(192K) Class: 4K(128K)->4K(128K)
[2024-08-28T13:01:52.715+0000][info][gc          ] GC(309) Pause Young (Mixed) (G1 Evacuation Pause) 1433M->1233M(2048M) 16.046ms
[2024-08-28T13:01:52.715+0000][info][gc,cpu      ] GC(309) User=0.68s Sys=0.00s Real=0.01s
[2024-08-28T13:01:52.778+0000][info][gc,start    ] GC(310) Pause Young (Mixed) (G1 Evacuation Pause)
[2024-08-28T13:01:52.778+0000][info][gc,task     ] GC(310) Using 49 workers of 68 for evacuation
[2024-08-28T13:01:52.794+0000][info][gc,phases   ] GC(310)   Pre Evacuate Collection Set: 0.5ms
[2024-08-28T13:01:52.794+0000][info][gc,phases   ] GC(310)   Merge Heap Roots: 1.0ms
[2024-08-28T13:01:52.794+0000][info][gc,phases   ] GC(310)   Evacuate Collection Set: 13.6ms
[2024-08-28T13:01:52.794+0000][info][gc,phases   ] GC(310)   Post Evacuate Collection Set: 0.6ms
[2024-08-28T13:01:52.794+0000][info][gc,phases   ] GC(310)   Other: 0.2ms
[2024-08-28T13:01:52.794+0000][info][gc,heap     ] GC(310) Eden regions: 89->0(219)
[2024-08-28T13:01:52.794+0000][info][gc,heap     ] GC(310) Survivor regions: 13->13(13)
[2024-08-28T13:01:52.794+0000][info][gc,heap     ] GC(310) Old regions: 1215->1141
[2024-08-28T13:01:52.794+0000][info][gc,heap     ] GC(310) Archive regions: 2->2
[2024-08-28T13:01:52.794+0000][info][gc,heap     ] GC(310) Humongous regions: 5->5
[2024-08-28T13:01:52.794+0000][info][gc,metaspace] GC(310) Metaspace: 100K(320K)->100K(320K) NonClass: 96K(192K)->96K(192K) Class: 4K(128K)->4K(128K)
[2024-08-28T13:01:52.794+0000][info][gc          ] GC(310) Pause Young (Mixed) (G1 Evacuation Pause) 1322M->1159M(2048M) 15.993ms
[2024-08-28T13:01:52.794+0000][info][gc,cpu      ] GC(310) User=0.70s Sys=0.01s Real=0.01s
[2024-08-28T13:01:52.943+0000][info][gc,start    ] GC(311) Pause Young (Normal) (G1 Evacuation Pause)
[2024-08-28T13:01:52.943+0000][info][gc,task     ] GC(311) Using 49 workers of 68 for evacuation
[2024-08-28T13:01:52.968+0000][info][gc,phases   ] GC(311)   Pre Evacuate Collection Set: 0.3ms
[2024-08-28T13:01:52.968+0000][info][gc,phases   ] GC(311)   Merge Heap Roots: 1.0ms
[2024-08-28T13:01:52.968+0000][info][gc,phases   ] GC(311)   Evacuate Collection Set: 22.8ms
[2024-08-28T13:01:52.968+0000][info][gc,phases   ] GC(311)   Post Evacuate Collection Set: 0.7ms
[2024-08-28T13:01:52.968+0000][info][gc,phases   ] GC(311)   Other: 0.3ms
[2024-08-28T13:01:52.968+0000][info][gc,heap     ] GC(311) Eden regions: 219->0(149)
[2024-08-28T13:01:52.968+0000][info][gc,heap     ] GC(311) Survivor regions: 13->29(29)
[2024-08-28T13:01:52.968+0000][info][gc,heap     ] GC(311) Old regions: 1141->1341
[2024-08-28T13:01:52.968+0000][info][gc,heap     ] GC(311) Archive regions: 2->2
[2024-08-28T13:01:52.968+0000][info][gc,heap     ] GC(311) Humongous regions: 5->5
[2024-08-28T13:01:52.968+0000][info][gc,metaspace] GC(311) Metaspace: 100K(320K)->100K(320K) NonClass: 96K(192K)->96K(192K) Class: 4K(128K)->4K(128K)
[2024-08-28T13:01:52.968+0000][info][gc          ] GC(311) Pause Young (Normal) (G1 Evacuation Pause) 1378M->1375M(2048M) 25.103ms
[2024-08-28T13:01:52.968+0000][info][gc,cpu      ] GC(311) User=1.15s Sys=0.01s Real=0.02s
[2024-08-28T13:01:53.060+0000][info][gc,start    ] GC(312) Pause Young (Normal) (G1 Evacuation Pause)
[2024-08-28T13:01:53.060+0000][info][gc,task     ] GC(312) Using 49 workers of 68 for evacuation
[2024-08-28T13:01:53.084+0000][info][gc,phases   ] GC(312)   Pre Evacuate Collection Set: 0.3ms
[2024-08-28T13:01:53.084+0000][info][gc,phases   ] GC(312)   Merge Heap Roots: 0.5ms
[2024-08-28T13:01:53.084+0000][info][gc,phases   ] GC(312)   Evacuate Collection Set: 22.4ms
[2024-08-28T13:01:53.084+0000][info][gc,phases   ] GC(312)   Post Evacuate Collection Set: 0.6ms
[2024-08-28T13:01:53.084+0000][info][gc,phases   ] GC(312)   Other: 0.3ms
[2024-08-28T13:01:53.084+0000][info][gc,heap     ] GC(312) Eden regions: 149->0(99)
[2024-08-28T13:01:53.084+0000][info][gc,heap     ] GC(312) Survivor regions: 29->23(23)
[2024-08-28T13:01:53.084+0000][info][gc,heap     ] GC(312) Old regions: 1341->1501
[2024-08-28T13:01:53.084+0000][info][gc,heap     ] GC(312) Archive regions: 2->2
[2024-08-28T13:01:53.084+0000][info][gc,heap     ] GC(312) Humongous regions: 5->5
[2024-08-28T13:01:53.084+0000][info][gc,metaspace] GC(312) Metaspace: 100K(320K)->100K(320K) NonClass: 96K(192K)->96K(192K) Class: 4K(128K)->4K(128K)
[2024-08-28T13:01:53.084+0000][info][gc          ] GC(312) Pause Young (Normal) (G1 Evacuation Pause) 1524M->1529M(2048M) 24.128ms
[2024-08-28T13:01:53.084+0000][info][gc,cpu      ] GC(312) User=1.12s Sys=0.00s Real=0.02s
[2024-08-28T13:01:53.143+0000][info][gc,start    ] GC(313) Pause Young (Concurrent Start) (G1 Evacuation Pause)
[2024-08-28T13:01:53.143+0000][info][gc,task     ] GC(313) Using 49 workers of 68 for evacuation
[2024-08-28T13:01:53.162+0000][info][gc,phases   ] GC(313)   Pre Evacuate Collection Set: 0.5ms
[2024-08-28T13:01:53.162+0000][info][gc,phases   ] GC(313)   Merge Heap Roots: 1.0ms
[2024-08-28T13:01:53.162+0000][info][gc,phases   ] GC(313)   Evacuate Collection Set: 16.6ms
[2024-08-28T13:01:53.162+0000][info][gc,phases   ] GC(313)   Post Evacuate Collection Set: 0.5ms
[2024-08-28T13:01:53.162+0000][info][gc,phases   ] GC(313)   Other: 0.8ms
[2024-08-28T13:01:53.162+0000][info][gc,heap     ] GC(313) Eden regions: 99->0(86)
[2024-08-28T13:01:53.162+0000][info][gc,heap     ] GC(313) Survivor regions: 23->16(16)
[2024-08-28T13:01:53.162+0000][info][gc,heap     ] GC(313) Old regions: 1501->1616
[2024-08-28T13:01:53.162+0000][info][gc,heap     ] GC(313) Archive regions: 2->2
[2024-08-28T13:01:53.162+0000][info][gc,heap     ] GC(313) Humongous regions: 5->5
[2024-08-28T13:01:53.163+0000][info][gc,metaspace] GC(313) Metaspace: 100K(320K)->100K(320K) NonClass: 96K(192K)->96K(192K) Class: 4K(128K)->4K(128K)
[2024-08-28T13:01:53.163+0000][info][gc          ] GC(313) Pause Young (Concurrent Start) (G1 Evacuation Pause) 1628M->1637M(2048M) 19.441ms
[2024-08-28T13:01:53.163+0000][info][gc,cpu      ] GC(313) User=0.74s Sys=0.11s Real=0.02s
[2024-08-28T13:01:53.163+0000][info][gc          ] GC(314) Concurrent Mark Cycle
[2024-08-28T13:01:53.163+0000][info][gc,marking  ] GC(314) Concurrent Clear Claimed Marks
[2024-08-28T13:01:53.163+0000][info][gc,marking  ] GC(314) Concurrent Clear Claimed Marks 0.012ms
[2024-08-28T13:01:53.163+0000][info][gc,marking  ] GC(314) Concurrent Scan Root Regions
[2024-08-28T13:01:53.166+0000][info][gc,marking  ] GC(314) Concurrent Scan Root Regions 3.266ms
[2024-08-28T13:01:53.166+0000][info][gc,marking  ] GC(314) Concurrent Mark
[2024-08-28T13:01:53.166+0000][info][gc,marking  ] GC(314) Concurrent Mark From Roots
[2024-08-28T13:01:53.166+0000][info][gc,task     ] GC(314) Using 17 workers of 17 for marking
[2024-08-28T13:01:53.187+0000][info][gc,marking  ] GC(314) Concurrent Mark From Roots 20.684ms
[2024-08-28T13:01:53.187+0000][info][gc,marking  ] GC(314) Concurrent Preclean
[2024-08-28T13:01:53.187+0000][info][gc,marking  ] GC(314) Concurrent Preclean 0.510ms
[2024-08-28T13:01:53.188+0000][info][gc,start    ] GC(314) Pause Remark
[2024-08-28T13:01:53.190+0000][info][gc          ] GC(314) Pause Remark 1668M->1375M(2048M) 2.086ms
[2024-08-28T13:01:53.190+0000][info][gc,cpu      ] GC(314) User=0.01s Sys=0.00s Real=0.01s
[2024-08-28T13:01:53.190+0000][info][gc,marking  ] GC(314) Concurrent Mark 23.708ms
[2024-08-28T13:01:53.190+0000][info][gc,marking  ] GC(314) Concurrent Rebuild Remembered Sets
[2024-08-28T13:01:53.222+0000][info][gc,start    ] GC(315) Pause Young (Normal) (G1 Evacuation Pause)
[2024-08-28T13:01:53.222+0000][info][gc,task     ] GC(315) Using 49 workers of 68 for evacuation
[2024-08-28T13:01:53.237+0000][info][gc,phases   ] GC(315)   Pre Evacuate Collection Set: 0.3ms
[2024-08-28T13:01:53.238+0000][info][gc,phases   ] GC(315)   Merge Heap Roots: 0.4ms
[2024-08-28T13:01:53.238+0000][info][gc,phases   ] GC(315)   Evacuate Collection Set: 13.5ms
[2024-08-28T13:01:53.238+0000][info][gc,phases   ] GC(315)   Post Evacuate Collection Set: 0.8ms
[2024-08-28T13:01:53.238+0000][info][gc,phases   ] GC(315)   Other: 0.2ms
[2024-08-28T13:01:53.238+0000][info][gc,heap     ] GC(315) Eden regions: 86->0(128)
[2024-08-28T13:01:53.238+0000][info][gc,heap     ] GC(315) Survivor regions: 16->13(13)
[2024-08-28T13:01:53.238+0000][info][gc,heap     ] GC(315) Old regions: 1323->1420
[2024-08-28T13:01:53.238+0000][info][gc,heap     ] GC(315) Archive regions: 2->2
[2024-08-28T13:01:53.238+0000][info][gc,heap     ] GC(315) Humongous regions: 5->5
[2024-08-28T13:01:53.238+0000][info][gc,metaspace] GC(315) Metaspace: 100K(320K)->100K(320K) NonClass: 96K(192K)->96K(192K) Class: 4K(128K)->4K(128K)
[2024-08-28T13:01:53.238+0000][info][gc          ] GC(315) Pause Young (Normal) (G1 Evacuation Pause) 1430M->1438M(2048M) 15.304ms
[2024-08-28T13:01:53.238+0000][info][gc,cpu      ] GC(315) User=0.67s Sys=0.00s Real=0.02s
[2024-08-28T13:01:53.253+0000][info][gc,marking  ] GC(314) Concurrent Rebuild Remembered Sets 63.162ms
[2024-08-28T13:01:53.253+0000][info][gc,start    ] GC(314) Pause Cleanup
[2024-08-28T13:01:53.256+0000][info][gc          ] GC(314) Pause Cleanup 1456M->1456M(2048M) 2.731ms
[2024-08-28T13:01:53.256+0000][info][gc,cpu      ] GC(314) User=0.01s Sys=0.01s Real=0.00s
[2024-08-28T13:01:53.256+0000][info][gc,marking  ] GC(314) Concurrent Cleanup for Next Mark
[2024-08-28T13:01:53.257+0000][info][gc,marking  ] GC(314) Concurrent Cleanup for Next Mark 1.381ms
[2024-08-28T13:01:53.257+0000][info][gc          ] GC(314) Concurrent Mark Cycle 94.839ms
[2024-08-28T13:01:53.334+0000][info][gc,start    ] GC(316) Pause Young (Prepare Mixed) (G1 Evacuation Pause)
[2024-08-28T13:01:53.335+0000][info][gc,task     ] GC(316) Using 49 workers of 68 for evacuation
[2024-08-28T13:01:53.353+0000][info][gc,phases   ] GC(316)   Pre Evacuate Collection Set: 0.3ms
[2024-08-28T13:01:53.353+0000][info][gc,phases   ] GC(316)   Merge Heap Roots: 0.5ms
[2024-08-28T13:01:53.353+0000][info][gc,phases   ] GC(316)   Evacuate Collection Set: 17.1ms
[2024-08-28T13:01:53.353+0000][info][gc,phases   ] GC(316)   Post Evacuate Collection Set: 0.5ms
[2024-08-28T13:01:53.353+0000][info][gc,phases   ] GC(316)   Other: 0.3ms
[2024-08-28T13:01:53.353+0000][info][gc,heap     ] GC(316) Eden regions: 128->0(84)
[2024-08-28T13:01:53.353+0000][info][gc,heap     ] GC(316) Survivor regions: 13->18(18)
[2024-08-28T13:01:53.353+0000][info][gc,heap     ] GC(316) Old regions: 1420->1545
[2024-08-28T13:01:53.353+0000][info][gc,heap     ] GC(316) Archive regions: 2->2
[2024-08-28T13:01:53.353+0000][info][gc,heap     ] GC(316) Humongous regions: 5->5
[2024-08-28T13:01:53.353+0000][info][gc,metaspace] GC(316) Metaspace: 100K(320K)->100K(320K) NonClass: 96K(192K)->96K(192K) Class: 4K(128K)->4K(128K)
[2024-08-28T13:01:53.353+0000][info][gc          ] GC(316) Pause Young (Prepare Mixed) (G1 Evacuation Pause) 1566M->1568M(2048M) 18.781ms
[2024-08-28T13:01:53.353+0000][info][gc,cpu      ] GC(316) User=0.84s Sys=0.01s Real=0.02s
[2024-08-28T13:01:53.403+0000][info][gc,start    ] GC(317) Pause Young (Mixed) (G1 Evacuation Pause)
[2024-08-28T13:01:53.403+0000][info][gc,task     ] GC(317) Using 49 workers of 68 for evacuation
[2024-08-28T13:01:53.419+0000][info][gc,phases   ] GC(317)   Pre Evacuate Collection Set: 0.4ms
[2024-08-28T13:01:53.419+0000][info][gc,phases   ] GC(317)   Merge Heap Roots: 0.7ms
[2024-08-28T13:01:53.419+0000][info][gc,phases   ] GC(317)   Evacuate Collection Set: 14.1ms
[2024-08-28T13:01:53.419+0000][info][gc,phases   ] GC(317)   Post Evacuate Collection Set: 0.6ms
[2024-08-28T13:01:53.419+0000][info][gc,phases   ] GC(317)   Other: 0.3ms
[2024-08-28T13:01:53.419+0000][info][gc,heap     ] GC(317) Eden regions: 84->0(89)
[2024-08-28T13:01:53.419+0000][info][gc,heap     ] GC(317) Survivor regions: 18->13(13)
[2024-08-28T13:01:53.419+0000][info][gc,heap     ] GC(317) Old regions: 1545->1437
[2024-08-28T13:01:53.419+0000][info][gc,heap     ] GC(317) Archive regions: 2->2
[2024-08-28T13:01:53.419+0000][info][gc,heap     ] GC(317) Humongous regions: 5->5
[2024-08-28T13:01:53.419+0000][info][gc,metaspace] GC(317) Metaspace: 100K(320K)->100K(320K) NonClass: 96K(192K)->96K(192K) Class: 4K(128K)->4K(128K)
[2024-08-28T13:01:53.419+0000][info][gc          ] GC(317) Pause Young (Mixed) (G1 Evacuation Pause) 1652M->1455M(2048M) 16.071ms
[2024-08-28T13:01:53.419+0000][info][gc,cpu      ] GC(317) User=0.72s Sys=0.00s Real=0.02s
[2024-08-28T13:01:53.472+0000][info][gc,start    ] GC(318) Pause Young (Mixed) (G1 Evacuation Pause)
[2024-08-28T13:01:53.472+0000][info][gc,task     ] GC(318) Using 49 workers of 68 for evacuation
[2024-08-28T13:01:53.487+0000][info][gc,phases   ] GC(318)   Pre Evacuate Collection Set: 0.4ms
[2024-08-28T13:01:53.487+0000][info][gc,phases   ] GC(318)   Merge Heap Roots: 0.5ms
[2024-08-28T13:01:53.487+0000][info][gc,phases   ] GC(318)   Evacuate Collection Set: 13.9ms
[2024-08-28T13:01:53.487+0000][info][gc,phases   ] GC(318)   Post Evacuate Collection Set: 0.6ms
[2024-08-28T13:01:53.487+0000][info][gc,phases   ] GC(318)   Other: 0.2ms
[2024-08-28T13:01:53.487+0000][info][gc,heap     ] GC(318) Eden regions: 89->0(89)
[2024-08-28T13:01:53.487+0000][info][gc,heap     ] GC(318) Survivor regions: 13->13(13)
[2024-08-28T13:01:53.487+0000][info][gc,heap     ] GC(318) Old regions: 1437->1326
[2024-08-28T13:01:53.487+0000][info][gc,heap     ] GC(318) Archive regions: 2->2
[2024-08-28T13:01:53.487+0000][info][gc,heap     ] GC(318) Humongous regions: 5->5
[2024-08-28T13:01:53.487+0000][info][gc,metaspace] GC(318) Metaspace: 100K(320K)->100K(320K) NonClass: 96K(192K)->96K(192K) Class: 4K(128K)->4K(128K)
[2024-08-28T13:01:53.487+0000][info][gc          ] GC(318) Pause Young (Mixed) (G1 Evacuation Pause) 1544M->1344M(2048M) 15.649ms
[2024-08-28T13:01:53.487+0000][info][gc,cpu      ] GC(318) User=0.69s Sys=0.00s Real=0.01s
[2024-08-28T13:01:53.539+0000][info][gc,start    ] GC(319) Pause Young (Mixed) (G1 Evacuation Pause)
[2024-08-28T13:01:53.539+0000][info][gc,task     ] GC(319) Using 49 workers of 68 for evacuation
[2024-08-28T13:01:53.554+0000][info][gc,phases   ] GC(319)   Pre Evacuate Collection Set: 0.4ms
[2024-08-28T13:01:53.554+0000][info][gc,phases   ] GC(319)   Merge Heap Roots: 0.8ms
[2024-08-28T13:01:53.554+0000][info][gc,phases   ] GC(319)   Evacuate Collection Set: 13.1ms
[2024-08-28T13:01:53.554+0000][info][gc,phases   ] GC(319)   Post Evacuate Collection Set: 0.6ms
[2024-08-28T13:01:53.554+0000][info][gc,phases   ] GC(319)   Other: 0.2ms
[2024-08-28T13:01:53.554+0000][info][gc,heap     ] GC(319) Eden regions: 89->0(89)
[2024-08-28T13:01:53.554+0000][info][gc,heap     ] GC(319) Survivor regions: 13->13(13)
[2024-08-28T13:01:53.554+0000][info][gc,heap     ] GC(319) Old regions: 1326->1216
[2024-08-28T13:01:53.554+0000][info][gc,heap     ] GC(319) Archive regions: 2->2
[2024-08-28T13:01:53.554+0000][info][gc,heap     ] GC(319) Humongous regions: 5->5
[2024-08-28T13:01:53.554+0000][info][gc,metaspace] GC(319) Metaspace: 100K(320K)->100K(320K) NonClass: 96K(192K)->96K(192K) Class: 4K(128K)->4K(128K)
[2024-08-28T13:01:53.554+0000][info][gc          ] GC(319) Pause Young (Mixed) (G1 Evacuation Pause) 1433M->1234M(2048M) 15.184ms
[2024-08-28T13:01:53.554+0000][info][gc,cpu      ] GC(319) User=0.67s Sys=0.00s Real=0.01s
[2024-08-28T13:01:53.606+0000][info][gc,start    ] GC(320) Pause Young (Mixed) (G1 Evacuation Pause)
[2024-08-28T13:01:53.606+0000][info][gc,task     ] GC(320) Using 49 workers of 68 for evacuation
[2024-08-28T13:01:53.622+0000][info][gc,phases   ] GC(320)   Pre Evacuate Collection Set: 0.4ms
[2024-08-28T13:01:53.622+0000][info][gc,phases   ] GC(320)   Merge Heap Roots: 0.6ms
[2024-08-28T13:01:53.622+0000][info][gc,phases   ] GC(320)   Evacuate Collection Set: 13.6ms
[2024-08-28T13:01:53.622+0000][info][gc,phases   ] GC(320)   Post Evacuate Collection Set: 0.6ms
[2024-08-28T13:01:53.622+0000][info][gc,phases   ] GC(320)   Other: 0.3ms
[2024-08-28T13:01:53.622+0000][info][gc,heap     ] GC(320) Eden regions: 89->0(217)
[2024-08-28T13:01:53.622+0000][info][gc,heap     ] GC(320) Survivor regions: 13->13(13)
[2024-08-28T13:01:53.622+0000][info][gc,heap     ] GC(320) Old regions: 1216->1146
[2024-08-28T13:01:53.622+0000][info][gc,heap     ] GC(320) Archive regions: 2->2
[2024-08-28T13:01:53.622+0000][info][gc,heap     ] GC(320) Humongous regions: 5->5
[2024-08-28T13:01:53.622+0000][info][gc,metaspace] GC(320) Metaspace: 100K(320K)->100K(320K) NonClass: 96K(192K)->96K(192K) Class: 4K(128K)->4K(128K)
[2024-08-28T13:01:53.622+0000][info][gc          ] GC(320) Pause Young (Mixed) (G1 Evacuation Pause) 1323M->1164M(2048M) 15.530ms
[2024-08-28T13:01:53.622+0000][info][gc,cpu      ] GC(320) User=0.67s Sys=0.02s Real=0.02s
[2024-08-28T13:01:53.749+0000][info][gc,start    ] GC(321) Pause Young (Normal) (G1 Evacuation Pause)
[2024-08-28T13:01:53.749+0000][info][gc,task     ] GC(321) Using 49 workers of 68 for evacuation
[2024-08-28T13:01:53.775+0000][info][gc,phases   ] GC(321)   Pre Evacuate Collection Set: 0.3ms
[2024-08-28T13:01:53.775+0000][info][gc,phases   ] GC(321)   Merge Heap Roots: 0.8ms
[2024-08-28T13:01:53.775+0000][info][gc,phases   ] GC(321)   Evacuate Collection Set: 23.9ms
[2024-08-28T13:01:53.775+0000][info][gc,phases   ] GC(321)   Post Evacuate Collection Set: 0.6ms
[2024-08-28T13:01:53.775+0000][info][gc,phases   ] GC(321)   Other: 0.3ms
[2024-08-28T13:01:53.775+0000][info][gc,heap     ] GC(321) Eden regions: 217->0(148)
[2024-08-28T13:01:53.775+0000][info][gc,heap     ] GC(321) Survivor regions: 13->29(29)
[2024-08-28T13:01:53.775+0000][info][gc,heap     ] GC(321) Old regions: 1146->1344
[2024-08-28T13:01:53.775+0000][info][gc,heap     ] GC(321) Archive regions: 2->2
[2024-08-28T13:01:53.775+0000][info][gc,heap     ] GC(321) Humongous regions: 5->5
[2024-08-28T13:01:53.775+0000][info][gc,metaspace] GC(321) Metaspace: 100K(320K)->100K(320K) NonClass: 96K(192K)->96K(192K) Class: 4K(128K)->4K(128K)
[2024-08-28T13:01:53.775+0000][info][gc          ] GC(321) Pause Young (Normal) (G1 Evacuation Pause) 1381M->1378M(2048M) 25.986ms
[2024-08-28T13:01:53.775+0000][info][gc,cpu      ] GC(321) User=1.18s Sys=0.01s Real=0.03s
[2024-08-28T13:01:53.862+0000][info][gc,start    ] GC(322) Pause Young (Normal) (G1 Evacuation Pause)
[2024-08-28T13:01:53.862+0000][info][gc,task     ] GC(322) Using 49 workers of 68 for evacuation
[2024-08-28T13:01:53.886+0000][info][gc,phases   ] GC(322)   Pre Evacuate Collection Set: 0.3ms
[2024-08-28T13:01:53.886+0000][info][gc,phases   ] GC(322)   Merge Heap Roots: 0.6ms
[2024-08-28T13:01:53.886+0000][info][gc,phases   ] GC(322)   Evacuate Collection Set: 22.5ms
[2024-08-28T13:01:53.886+0000][info][gc,phases   ] GC(322)   Post Evacuate Collection Set: 0.6ms
[2024-08-28T13:01:53.886+0000][info][gc,phases   ] GC(322)   Other: 0.2ms
[2024-08-28T13:01:53.886+0000][info][gc,heap     ] GC(322) Eden regions: 148->0(99)
[2024-08-28T13:01:53.886+0000][info][gc,heap     ] GC(322) Survivor regions: 29->23(23)
[2024-08-28T13:01:53.886+0000][info][gc,heap     ] GC(322) Old regions: 1344->1502
[2024-08-28T13:01:53.886+0000][info][gc,heap     ] GC(322) Archive regions: 2->2
[2024-08-28T13:01:53.886+0000][info][gc,heap     ] GC(322) Humongous regions: 5->5
[2024-08-28T13:01:53.886+0000][info][gc,metaspace] GC(322) Metaspace: 100K(320K)->100K(320K) NonClass: 96K(192K)->96K(192K) Class: 4K(128K)->4K(128K)
[2024-08-28T13:01:53.886+0000][info][gc          ] GC(322) Pause Young (Normal) (G1 Evacuation Pause) 1526M->1530M(2048M) 24.262ms
[2024-08-28T13:01:53.887+0000][info][gc,cpu      ] GC(322) User=1.01s Sys=0.11s Real=0.02s
[2024-08-28T13:01:53.945+0000][info][gc,start    ] GC(323) Pause Young (Concurrent Start) (G1 Evacuation Pause)
[2024-08-28T13:01:53.945+0000][info][gc,task     ] GC(323) Using 49 workers of 68 for evacuation
[2024-08-28T13:01:53.963+0000][info][gc,phases   ] GC(323)   Pre Evacuate Collection Set: 0.3ms
[2024-08-28T13:01:53.963+0000][info][gc,phases   ] GC(323)   Merge Heap Roots: 0.5ms
[2024-08-28T13:01:53.963+0000][info][gc,phases   ] GC(323)   Evacuate Collection Set: 16.9ms
[2024-08-28T13:01:53.963+0000][info][gc,phases   ] GC(323)   Post Evacuate Collection Set: 0.5ms
[2024-08-28T13:01:53.963+0000][info][gc,phases   ] GC(323)   Other: 0.7ms
[2024-08-28T13:01:53.963+0000][info][gc,heap     ] GC(323) Eden regions: 99->0(86)
[2024-08-28T13:01:53.963+0000][info][gc,heap     ] GC(323) Survivor regions: 23->16(16)
[2024-08-28T13:01:53.963+0000][info][gc,heap     ] GC(323) Old regions: 1502->1616
[2024-08-28T13:01:53.963+0000][info][gc,heap     ] GC(323) Archive regions: 2->2
[2024-08-28T13:01:53.963+0000][info][gc,heap     ] GC(323) Humongous regions: 5->5
[2024-08-28T13:01:53.964+0000][info][gc,metaspace] GC(323) Metaspace: 100K(320K)->100K(320K) NonClass: 96K(192K)->96K(192K) Class: 4K(128K)->4K(128K)
[2024-08-28T13:01:53.964+0000][info][gc          ] GC(323) Pause Young (Concurrent Start) (G1 Evacuation Pause) 1629M->1637M(2048M) 18.946ms
[2024-08-28T13:01:53.964+0000][info][gc,cpu      ] GC(323) User=0.83s Sys=0.00s Real=0.02s
[2024-08-28T13:01:53.964+0000][info][gc          ] GC(324) Concurrent Mark Cycle
[2024-08-28T13:01:53.964+0000][info][gc,marking  ] GC(324) Concurrent Clear Claimed Marks
[2024-08-28T13:01:53.964+0000][info][gc,marking  ] GC(324) Concurrent Clear Claimed Marks 0.010ms
[2024-08-28T13:01:53.964+0000][info][gc,marking  ] GC(324) Concurrent Scan Root Regions
[2024-08-28T13:01:53.967+0000][info][gc,marking  ] GC(324) Concurrent Scan Root Regions 3.266ms
[2024-08-28T13:01:53.967+0000][info][gc,marking  ] GC(324) Concurrent Mark
[2024-08-28T13:01:53.967+0000][info][gc,marking  ] GC(324) Concurrent Mark From Roots
[2024-08-28T13:01:53.967+0000][info][gc,task     ] GC(324) Using 17 workers of 17 for marking
[2024-08-28T13:01:53.988+0000][info][gc,marking  ] GC(324) Concurrent Mark From Roots 21.117ms
[2024-08-28T13:01:53.988+0000][info][gc,marking  ] GC(324) Concurrent Preclean
[2024-08-28T13:01:53.989+0000][info][gc,marking  ] GC(324) Concurrent Preclean 0.507ms
[2024-08-28T13:01:53.989+0000][info][gc,start    ] GC(324) Pause Remark
[2024-08-28T13:01:53.991+0000][info][gc          ] GC(324) Pause Remark 1669M->1398M(2048M) 1.997ms
[2024-08-28T13:01:53.991+0000][info][gc,cpu      ] GC(324) User=0.01s Sys=0.01s Real=0.01s
[2024-08-28T13:01:53.991+0000][info][gc,marking  ] GC(324) Concurrent Mark 24.038ms
[2024-08-28T13:01:53.991+0000][info][gc,marking  ] GC(324) Concurrent Rebuild Remembered Sets
[2024-08-28T13:01:54.021+0000][info][gc,start    ] GC(325) Pause Young (Normal) (G1 Evacuation Pause)
[2024-08-28T13:01:54.021+0000][info][gc,task     ] GC(325) Using 49 workers of 68 for evacuation
[2024-08-28T13:01:54.037+0000][info][gc,phases   ] GC(325)   Pre Evacuate Collection Set: 0.2ms
[2024-08-28T13:01:54.038+0000][info][gc,phases   ] GC(325)   Merge Heap Roots: 0.4ms
[2024-08-28T13:01:54.038+0000][info][gc,phases   ] GC(325)   Evacuate Collection Set: 14.9ms
[2024-08-28T13:01:54.038+0000][info][gc,phases   ] GC(325)   Post Evacuate Collection Set: 0.8ms
[2024-08-28T13:01:54.038+0000][info][gc,phases   ] GC(325)   Other: 0.2ms
[2024-08-28T13:01:54.038+0000][info][gc,heap     ] GC(325) Eden regions: 86->0(121)
[2024-08-28T13:01:54.038+0000][info][gc,heap     ] GC(325) Survivor regions: 16->13(13)
[2024-08-28T13:01:54.038+0000][info][gc,heap     ] GC(325) Old regions: 1345->1442
[2024-08-28T13:01:54.038+0000][info][gc,heap     ] GC(325) Archive regions: 2->2
[2024-08-28T13:01:54.038+0000][info][gc,heap     ] GC(325) Humongous regions: 5->5
[2024-08-28T13:01:54.038+0000][info][gc,metaspace] GC(325) Metaspace: 100K(320K)->100K(320K) NonClass: 96K(192K)->96K(192K) Class: 4K(128K)->4K(128K)
[2024-08-28T13:01:54.038+0000][info][gc          ] GC(325) Pause Young (Normal) (G1 Evacuation Pause) 1452M->1460M(2048M) 16.744ms
[2024-08-28T13:01:54.038+0000][info][gc,cpu      ] GC(325) User=0.76s Sys=0.00s Real=0.02s
[2024-08-28T13:01:54.056+0000][info][gc,marking  ] GC(324) Concurrent Rebuild Remembered Sets 65.225ms
[2024-08-28T13:01:54.057+0000][info][gc,start    ] GC(324) Pause Cleanup
[2024-08-28T13:01:54.059+0000][info][gc          ] GC(324) Pause Cleanup 1492M->1492M(2048M) 2.793ms
[2024-08-28T13:01:54.059+0000][info][gc,cpu      ] GC(324) User=0.02s Sys=0.00s Real=0.01s
[2024-08-28T13:01:54.059+0000][info][gc,marking  ] GC(324) Concurrent Cleanup for Next Mark
[2024-08-28T13:01:54.061+0000][info][gc,marking  ] GC(324) Concurrent Cleanup for Next Mark 1.410ms
[2024-08-28T13:01:54.061+0000][info][gc          ] GC(324) Concurrent Mark Cycle 97.272ms
[2024-08-28T13:01:54.113+0000][info][gc,start    ] GC(326) Pause Young (Prepare Mixed) (G1 Evacuation Pause)
[2024-08-28T13:01:54.113+0000][info][gc,task     ] GC(326) Using 49 workers of 68 for evacuation
[2024-08-28T13:01:54.131+0000][info][gc,phases   ] GC(326)   Pre Evacuate Collection Set: 0.3ms
[2024-08-28T13:01:54.131+0000][info][gc,phases   ] GC(326)   Merge Heap Roots: 1.0ms
[2024-08-28T13:01:54.131+0000][info][gc,phases   ] GC(326)   Evacuate Collection Set: 16.4ms
[2024-08-28T13:01:54.131+0000][info][gc,phases   ] GC(326)   Post Evacuate Collection Set: 0.5ms
[2024-08-28T13:01:54.131+0000][info][gc,phases   ] GC(326)   Other: 0.3ms
[2024-08-28T13:01:54.131+0000][info][gc,heap     ] GC(326) Eden regions: 121->0(85)
[2024-08-28T13:01:54.131+0000][info][gc,heap     ] GC(326) Survivor regions: 13->17(17)
[2024-08-28T13:01:54.131+0000][info][gc,heap     ] GC(326) Old regions: 1442->1563
[2024-08-28T13:01:54.131+0000][info][gc,heap     ] GC(326) Archive regions: 2->2
[2024-08-28T13:01:54.131+0000][info][gc,heap     ] GC(326) Humongous regions: 5->5
[2024-08-28T13:01:54.131+0000][info][gc,metaspace] GC(326) Metaspace: 100K(320K)->100K(320K) NonClass: 96K(192K)->96K(192K) Class: 4K(128K)->4K(128K)
[2024-08-28T13:01:54.132+0000][info][gc          ] GC(326) Pause Young (Prepare Mixed) (G1 Evacuation Pause) 1581M->1585M(2048M) 18.621ms
[2024-08-28T13:01:54.132+0000][info][gc,cpu      ] GC(326) User=0.83s Sys=0.01s Real=0.02s
[2024-08-28T13:01:54.181+0000][info][gc,start    ] GC(327) Pause Young (Mixed) (G1 Evacuation Pause)
[2024-08-28T13:01:54.181+0000][info][gc,task     ] GC(327) Using 49 workers of 68 for evacuation
[2024-08-28T13:01:54.197+0000][info][gc,phases   ] GC(327)   Pre Evacuate Collection Set: 0.4ms
[2024-08-28T13:01:54.197+0000][info][gc,phases   ] GC(327)   Merge Heap Roots: 0.6ms
[2024-08-28T13:01:54.197+0000][info][gc,phases   ] GC(327)   Evacuate Collection Set: 14.0ms
[2024-08-28T13:01:54.197+0000][info][gc,phases   ] GC(327)   Post Evacuate Collection Set: 0.6ms
[2024-08-28T13:01:54.197+0000][info][gc,phases   ] GC(327)   Other: 0.2ms
[2024-08-28T13:01:54.197+0000][info][gc,heap     ] GC(327) Eden regions: 85->0(89)
[2024-08-28T13:01:54.197+0000][info][gc,heap     ] GC(327) Survivor regions: 17->13(13)
[2024-08-28T13:01:54.197+0000][info][gc,heap     ] GC(327) Old regions: 1563->1453
[2024-08-28T13:01:54.197+0000][info][gc,heap     ] GC(327) Archive regions: 2->2
[2024-08-28T13:01:54.197+0000][info][gc,heap     ] GC(327) Humongous regions: 5->5
[2024-08-28T13:01:54.197+0000][info][gc,metaspace] GC(327) Metaspace: 100K(320K)->100K(320K) NonClass: 96K(192K)->96K(192K) Class: 4K(128K)->4K(128K)
[2024-08-28T13:01:54.197+0000][info][gc          ] GC(327) Pause Young (Mixed) (G1 Evacuation Pause) 1670M->1471M(2048M) 15.875ms
[2024-08-28T13:01:54.197+0000][info][gc,cpu      ] GC(327) User=0.70s Sys=0.00s Real=0.01s
[2024-08-28T13:01:54.249+0000][info][gc,start    ] GC(328) Pause Young (Mixed) (G1 Evacuation Pause)
[2024-08-28T13:01:54.250+0000][info][gc,task     ] GC(328) Using 49 workers of 68 for evacuation
[2024-08-28T13:01:54.265+0000][info][gc,phases   ] GC(328)   Pre Evacuate Collection Set: 0.4ms
[2024-08-28T13:01:54.265+0000][info][gc,phases   ] GC(328)   Merge Heap Roots: 0.7ms
[2024-08-28T13:01:54.265+0000][info][gc,phases   ] GC(328)   Evacuate Collection Set: 13.7ms
[2024-08-28T13:01:54.265+0000][info][gc,phases   ] GC(328)   Post Evacuate Collection Set: 0.6ms
[2024-08-28T13:01:54.265+0000][info][gc,phases   ] GC(328)   Other: 0.2ms
[2024-08-28T13:01:54.265+0000][info][gc,heap     ] GC(328) Eden regions: 89->0(89)
[2024-08-28T13:01:54.265+0000][info][gc,heap     ] GC(328) Survivor regions: 13->13(13)
[2024-08-28T13:01:54.265+0000][info][gc,heap     ] GC(328) Old regions: 1453->1343
[2024-08-28T13:01:54.265+0000][info][gc,heap     ] GC(328) Archive regions: 2->2
[2024-08-28T13:01:54.265+0000][info][gc,heap     ] GC(328) Humongous regions: 5->5
[2024-08-28T13:01:54.265+0000][info][gc,metaspace] GC(328) Metaspace: 100K(320K)->100K(320K) NonClass: 96K(192K)->96K(192K) Class: 4K(128K)->4K(128K)
[2024-08-28T13:01:54.265+0000][info][gc          ] GC(328) Pause Young (Mixed) (G1 Evacuation Pause) 1560M->1361M(2048M) 15.712ms
[2024-08-28T13:01:54.265+0000][info][gc,cpu      ] GC(328) User=0.69s Sys=0.01s Real=0.02s
[2024-08-28T13:01:54.319+0000][info][gc,start    ] GC(329) Pause Young (Mixed) (G1 Evacuation Pause)
[2024-08-28T13:01:54.319+0000][info][gc,task     ] GC(329) Using 49 workers of 68 for evacuation
[2024-08-28T13:01:54.335+0000][info][gc,phases   ] GC(329)   Pre Evacuate Collection Set: 0.4ms
[2024-08-28T13:01:54.335+0000][info][gc,phases   ] GC(329)   Merge Heap Roots: 0.5ms
[2024-08-28T13:01:54.335+0000][info][gc,phases   ] GC(329)   Evacuate Collection Set: 13.9ms
[2024-08-28T13:01:54.335+0000][info][gc,phases   ] GC(329)   Post Evacuate Collection Set: 0.6ms
[2024-08-28T13:01:54.335+0000][info][gc,phases   ] GC(329)   Other: 0.2ms
[2024-08-28T13:01:54.335+0000][info][gc,heap     ] GC(329) Eden regions: 89->0(89)
[2024-08-28T13:01:54.335+0000][info][gc,heap     ] GC(329) Survivor regions: 13->13(13)
[2024-08-28T13:01:54.335+0000][info][gc,heap     ] GC(329) Old regions: 1343->1231
[2024-08-28T13:01:54.335+0000][info][gc,heap     ] GC(329) Archive regions: 2->2
[2024-08-28T13:01:54.335+0000][info][gc,heap     ] GC(329) Humongous regions: 5->5
[2024-08-28T13:01:54.335+0000][info][gc,metaspace] GC(329) Metaspace: 100K(320K)->100K(320K) NonClass: 96K(192K)->96K(192K) Class: 4K(128K)->4K(128K)
[2024-08-28T13:01:54.335+0000][info][gc          ] GC(329) Pause Young (Mixed) (G1 Evacuation Pause) 1450M->1249M(2048M) 15.697ms
[2024-08-28T13:01:54.335+0000][info][gc,cpu      ] GC(329) User=0.69s Sys=0.01s Real=0.01s
[2024-08-28T13:01:54.385+0000][info][gc,start    ] GC(330) Pause Young (Mixed) (G1 Evacuation Pause)
[2024-08-28T13:01:54.386+0000][info][gc,task     ] GC(330) Using 49 workers of 68 for evacuation
[2024-08-28T13:01:54.401+0000][info][gc,phases   ] GC(330)   Pre Evacuate Collection Set: 0.4ms
[2024-08-28T13:01:54.401+0000][info][gc,phases   ] GC(330)   Merge Heap Roots: 0.9ms
[2024-08-28T13:01:54.401+0000][info][gc,phases   ] GC(330)   Evacuate Collection Set: 13.8ms
[2024-08-28T13:01:54.402+0000][info][gc,phases   ] GC(330)   Post Evacuate Collection Set: 0.6ms
[2024-08-28T13:01:54.402+0000][info][gc,phases   ] GC(330)   Other: 0.3ms
[2024-08-28T13:01:54.402+0000][info][gc,heap     ] GC(330) Eden regions: 89->0(219)
[2024-08-28T13:01:54.402+0000][info][gc,heap     ] GC(330) Survivor regions: 13->13(13)
[2024-08-28T13:01:54.402+0000][info][gc,heap     ] GC(330) Old regions: 1231->1138
[2024-08-28T13:01:54.402+0000][info][gc,heap     ] GC(330) Archive regions: 2->2
[2024-08-28T13:01:54.402+0000][info][gc,heap     ] GC(330) Humongous regions: 5->5
[2024-08-28T13:01:54.402+0000][info][gc,metaspace] GC(330) Metaspace: 100K(320K)->100K(320K) NonClass: 96K(192K)->96K(192K) Class: 4K(128K)->4K(128K)
[2024-08-28T13:01:54.402+0000][info][gc          ] GC(330) Pause Young (Mixed) (G1 Evacuation Pause) 1338M->1156M(2048M) 16.110ms
[2024-08-28T13:01:54.402+0000][info][gc,cpu      ] GC(330) User=0.69s Sys=0.02s Real=0.02s
[2024-08-28T13:01:54.529+0000][info][gc,start    ] GC(331) Pause Young (Normal) (G1 Evacuation Pause)
[2024-08-28T13:01:54.529+0000][info][gc,task     ] GC(331) Using 49 workers of 68 for evacuation
[2024-08-28T13:01:54.555+0000][info][gc,phases   ] GC(331)   Pre Evacuate Collection Set: 0.3ms
[2024-08-28T13:01:54.555+0000][info][gc,phases   ] GC(331)   Merge Heap Roots: 1.0ms
[2024-08-28T13:01:54.555+0000][info][gc,phases   ] GC(331)   Evacuate Collection Set: 23.9ms
[2024-08-28T13:01:54.555+0000][info][gc,phases   ] GC(331)   Post Evacuate Collection Set: 0.6ms
[2024-08-28T13:01:54.555+0000][info][gc,phases   ] GC(331)   Other: 0.2ms
[2024-08-28T13:01:54.555+0000][info][gc,heap     ] GC(331) Eden regions: 219->0(150)
[2024-08-28T13:01:54.555+0000][info][gc,heap     ] GC(331) Survivor regions: 13->29(29)
[2024-08-28T13:01:54.555+0000][info][gc,heap     ] GC(331) Old regions: 1138->1338
[2024-08-28T13:01:54.555+0000][info][gc,heap     ] GC(331) Archive regions: 2->2
[2024-08-28T13:01:54.555+0000][info][gc,heap     ] GC(331) Humongous regions: 5->5
[2024-08-28T13:01:54.555+0000][info][gc,metaspace] GC(331) Metaspace: 100K(320K)->100K(320K) NonClass: 96K(192K)->96K(192K) Class: 4K(128K)->4K(128K)
[2024-08-28T13:01:54.555+0000][info][gc          ] GC(331) Pause Young (Normal) (G1 Evacuation Pause) 1375M->1372M(2048M) 26.118ms
[2024-08-28T13:01:54.555+0000][info][gc,cpu      ] GC(331) User=1.19s Sys=0.00s Real=0.03s
[2024-08-28T13:01:54.641+0000][info][gc,start    ] GC(332) Pause Young (Normal) (G1 Evacuation Pause)
[2024-08-28T13:01:54.641+0000][info][gc,task     ] GC(332) Using 49 workers of 68 for evacuation
[2024-08-28T13:01:54.664+0000][info][gc,phases   ] GC(332)   Pre Evacuate Collection Set: 0.3ms
[2024-08-28T13:01:54.664+0000][info][gc,phases   ] GC(332)   Merge Heap Roots: 0.6ms
[2024-08-28T13:01:54.664+0000][info][gc,phases   ] GC(332)   Evacuate Collection Set: 21.4ms
[2024-08-28T13:01:54.664+0000][info][gc,phases   ] GC(332)   Post Evacuate Collection Set: 0.6ms
[2024-08-28T13:01:54.664+0000][info][gc,phases   ] GC(332)   Other: 0.2ms
[2024-08-28T13:01:54.664+0000][info][gc,heap     ] GC(332) Eden regions: 150->0(100)
[2024-08-28T13:01:54.664+0000][info][gc,heap     ] GC(332) Survivor regions: 29->23(23)
[2024-08-28T13:01:54.664+0000][info][gc,heap     ] GC(332) Old regions: 1338->1499
[2024-08-28T13:01:54.664+0000][info][gc,heap     ] GC(332) Archive regions: 2->2
[2024-08-28T13:01:54.664+0000][info][gc,heap     ] GC(332) Humongous regions: 5->5
[2024-08-28T13:01:54.664+0000][info][gc,metaspace] GC(332) Metaspace: 100K(320K)->100K(320K) NonClass: 96K(192K)->96K(192K) Class: 4K(128K)->4K(128K)
[2024-08-28T13:01:54.664+0000][info][gc          ] GC(332) Pause Young (Normal) (G1 Evacuation Pause) 1522M->1527M(2048M) 23.128ms
[2024-08-28T13:01:54.665+0000][info][gc,cpu      ] GC(332) User=1.07s Sys=0.00s Real=0.02s
[2024-08-28T13:01:54.722+0000][info][gc,start    ] GC(333) Pause Young (Concurrent Start) (G1 Evacuation Pause)
[2024-08-28T13:01:54.722+0000][info][gc,task     ] GC(333) Using 49 workers of 68 for evacuation
[2024-08-28T13:01:54.741+0000][info][gc,phases   ] GC(333)   Pre Evacuate Collection Set: 0.4ms
[2024-08-28T13:01:54.741+0000][info][gc,phases   ] GC(333)   Merge Heap Roots: 0.9ms
[2024-08-28T13:01:54.741+0000][info][gc,phases   ] GC(333)   Evacuate Collection Set: 16.1ms
[2024-08-28T13:01:54.741+0000][info][gc,phases   ] GC(333)   Post Evacuate Collection Set: 0.5ms
[2024-08-28T13:01:54.741+0000][info][gc,phases   ] GC(333)   Other: 0.7ms
[2024-08-28T13:01:54.741+0000][info][gc,heap     ] GC(333) Eden regions: 100->0(86)
[2024-08-28T13:01:54.741+0000][info][gc,heap     ] GC(333) Survivor regions: 23->16(16)
[2024-08-28T13:01:54.741+0000][info][gc,heap     ] GC(333) Old regions: 1499->1613
[2024-08-28T13:01:54.741+0000][info][gc,heap     ] GC(333) Archive regions: 2->2
[2024-08-28T13:01:54.741+0000][info][gc,heap     ] GC(333) Humongous regions: 5->5
[2024-08-28T13:01:54.741+0000][info][gc,metaspace] GC(333) Metaspace: 100K(320K)->100K(320K) NonClass: 96K(192K)->96K(192K) Class: 4K(128K)->4K(128K)
[2024-08-28T13:01:54.741+0000][info][gc          ] GC(333) Pause Young (Concurrent Start) (G1 Evacuation Pause) 1627M->1634M(2048M) 18.697ms
[2024-08-28T13:01:54.741+0000][info][gc,cpu      ] GC(333) User=0.82s Sys=0.00s Real=0.02s
[2024-08-28T13:01:54.741+0000][info][gc          ] GC(334) Concurrent Mark Cycle
[2024-08-28T13:01:54.741+0000][info][gc,marking  ] GC(334) Concurrent Clear Claimed Marks
[2024-08-28T13:01:54.741+0000][info][gc,marking  ] GC(334) Concurrent Clear Claimed Marks 0.011ms
[2024-08-28T13:01:54.741+0000][info][gc,marking  ] GC(334) Concurrent Scan Root Regions
[2024-08-28T13:01:54.744+0000][info][gc,marking  ] GC(334) Concurrent Scan Root Regions 3.120ms
[2024-08-28T13:01:54.744+0000][info][gc,marking  ] GC(334) Concurrent Mark
[2024-08-28T13:01:54.744+0000][info][gc,marking  ] GC(334) Concurrent Mark From Roots
[2024-08-28T13:01:54.744+0000][info][gc,task     ] GC(334) Using 17 workers of 17 for marking
[2024-08-28T13:01:54.765+0000][info][gc,marking  ] GC(334) Concurrent Mark From Roots 20.793ms
[2024-08-28T13:01:54.765+0000][info][gc,marking  ] GC(334) Concurrent Preclean
[2024-08-28T13:01:54.766+0000][info][gc,marking  ] GC(334) Concurrent Preclean 0.521ms
[2024-08-28T13:01:54.766+0000][info][gc,start    ] GC(334) Pause Remark
[2024-08-28T13:01:54.768+0000][info][gc          ] GC(334) Pause Remark 1666M->1390M(2048M) 2.137ms
[2024-08-28T13:01:54.768+0000][info][gc,cpu      ] GC(334) User=0.02s Sys=0.00s Real=0.00s
[2024-08-28T13:01:54.768+0000][info][gc,marking  ] GC(334) Concurrent Mark 23.963ms
[2024-08-28T13:01:54.768+0000][info][gc,marking  ] GC(334) Concurrent Rebuild Remembered Sets
[2024-08-28T13:01:54.798+0000][info][gc,start    ] GC(335) Pause Young (Normal) (G1 Evacuation Pause)
[2024-08-28T13:01:54.798+0000][info][gc,task     ] GC(335) Using 49 workers of 68 for evacuation
[2024-08-28T13:01:54.814+0000][info][gc,phases   ] GC(335)   Pre Evacuate Collection Set: 0.4ms
[2024-08-28T13:01:54.814+0000][info][gc,phases   ] GC(335)   Merge Heap Roots: 0.4ms
[2024-08-28T13:01:54.814+0000][info][gc,phases   ] GC(335)   Evacuate Collection Set: 14.2ms
[2024-08-28T13:01:54.814+0000][info][gc,phases   ] GC(335)   Post Evacuate Collection Set: 0.9ms
[2024-08-28T13:01:54.814+0000][info][gc,phases   ] GC(335)   Other: 0.2ms
[2024-08-28T13:01:54.814+0000][info][gc,heap     ] GC(335) Eden regions: 86->0(124)
[2024-08-28T13:01:54.814+0000][info][gc,heap     ] GC(335) Survivor regions: 16->13(13)
[2024-08-28T13:01:54.814+0000][info][gc,heap     ] GC(335) Old regions: 1337->1435
[2024-08-28T13:01:54.814+0000][info][gc,heap     ] GC(335) Archive regions: 2->2
[2024-08-28T13:01:54.814+0000][info][gc,heap     ] GC(335) Humongous regions: 5->5
[2024-08-28T13:01:54.814+0000][info][gc,metaspace] GC(335) Metaspace: 100K(320K)->100K(320K) NonClass: 96K(192K)->96K(192K) Class: 4K(128K)->4K(128K)
[2024-08-28T13:01:54.814+0000][info][gc          ] GC(335) Pause Young (Normal) (G1 Evacuation Pause) 1444M->1453M(2048M) 16.128ms
[2024-08-28T13:01:54.814+0000][info][gc,cpu      ] GC(335) User=0.71s Sys=0.02s Real=0.01s
[2024-08-28T13:01:54.833+0000][info][gc,marking  ] GC(334) Concurrent Rebuild Remembered Sets 64.727ms
[2024-08-28T13:01:54.833+0000][info][gc,start    ] GC(334) Pause Cleanup
[2024-08-28T13:01:54.836+0000][info][gc          ] GC(334) Pause Cleanup 1484M->1484M(2048M) 2.903ms
[2024-08-28T13:01:54.836+0000][info][gc,cpu      ] GC(334) User=0.02s Sys=0.00s Real=0.00s
[2024-08-28T13:01:54.836+0000][info][gc,marking  ] GC(334) Concurrent Cleanup for Next Mark
[2024-08-28T13:01:54.838+0000][info][gc,marking  ] GC(334) Concurrent Cleanup for Next Mark 1.392ms
[2024-08-28T13:01:54.838+0000][info][gc          ] GC(334) Concurrent Mark Cycle 96.737ms
[2024-08-28T13:01:54.893+0000][info][gc,start    ] GC(336) Pause Young (Prepare Mixed) (G1 Evacuation Pause)
[2024-08-28T13:01:54.893+0000][info][gc,task     ] GC(336) Using 49 workers of 68 for evacuation
[2024-08-28T13:01:54.913+0000][info][gc,phases   ] GC(336)   Pre Evacuate Collection Set: 0.3ms
[2024-08-28T13:01:54.913+0000][info][gc,phases   ] GC(336)   Merge Heap Roots: 0.7ms
[2024-08-28T13:01:54.913+0000][info][gc,phases   ] GC(336)   Evacuate Collection Set: 17.6ms
[2024-08-28T13:01:54.913+0000][info][gc,phases   ] GC(336)   Post Evacuate Collection Set: 0.6ms
[2024-08-28T13:01:54.913+0000][info][gc,phases   ] GC(336)   Other: 0.2ms
[2024-08-28T13:01:54.913+0000][info][gc,heap     ] GC(336) Eden regions: 124->0(84)
[2024-08-28T13:01:54.913+0000][info][gc,heap     ] GC(336) Survivor regions: 13->18(18)
[2024-08-28T13:01:54.913+0000][info][gc,heap     ] GC(336) Old regions: 1435->1557
[2024-08-28T13:01:54.913+0000][info][gc,heap     ] GC(336) Archive regions: 2->2
[2024-08-28T13:01:54.913+0000][info][gc,heap     ] GC(336) Humongous regions: 5->5
[2024-08-28T13:01:54.913+0000][info][gc,metaspace] GC(336) Metaspace: 100K(320K)->100K(320K) NonClass: 96K(192K)->96K(192K) Class: 4K(128K)->4K(128K)
[2024-08-28T13:01:54.913+0000][info][gc          ] GC(336) Pause Young (Prepare Mixed) (G1 Evacuation Pause) 1577M->1580M(2048M) 19.535ms
[2024-08-28T13:01:54.913+0000][info][gc,cpu      ] GC(336) User=0.89s Sys=0.01s Real=0.02s
[2024-08-28T13:01:54.962+0000][info][gc,start    ] GC(337) Pause Young (Mixed) (G1 Evacuation Pause)
[2024-08-28T13:01:54.962+0000][info][gc,task     ] GC(337) Using 49 workers of 68 for evacuation
[2024-08-28T13:01:54.978+0000][info][gc,phases   ] GC(337)   Pre Evacuate Collection Set: 0.4ms
[2024-08-28T13:01:54.978+0000][info][gc,phases   ] GC(337)   Merge Heap Roots: 0.9ms
[2024-08-28T13:01:54.978+0000][info][gc,phases   ] GC(337)   Evacuate Collection Set: 14.0ms
[2024-08-28T13:01:54.978+0000][info][gc,phases   ] GC(337)   Post Evacuate Collection Set: 0.6ms
[2024-08-28T13:01:54.978+0000][info][gc,phases   ] GC(337)   Other: 0.3ms
[2024-08-28T13:01:54.978+0000][info][gc,heap     ] GC(337) Eden regions: 84->0(89)
[2024-08-28T13:01:54.978+0000][info][gc,heap     ] GC(337) Survivor regions: 18->13(13)
[2024-08-28T13:01:54.978+0000][info][gc,heap     ] GC(337) Old regions: 1557->1446
[2024-08-28T13:01:54.978+0000][info][gc,heap     ] GC(337) Archive regions: 2->2
[2024-08-28T13:01:54.978+0000][info][gc,heap     ] GC(337) Humongous regions: 5->5
[2024-08-28T13:01:54.978+0000][info][gc,metaspace] GC(337) Metaspace: 100K(320K)->100K(320K) NonClass: 96K(192K)->96K(192K) Class: 4K(128K)->4K(128K)
[2024-08-28T13:01:54.979+0000][info][gc          ] GC(337) Pause Young (Mixed) (G1 Evacuation Pause) 1664M->1464M(2048M) 16.161ms
[2024-08-28T13:01:54.979+0000][info][gc,cpu      ] GC(337) User=0.73s Sys=0.00s Real=0.02s
[2024-08-28T13:01:55.031+0000][info][gc,start    ] GC(338) Pause Young (Mixed) (G1 Evacuation Pause)
[2024-08-28T13:01:55.031+0000][info][gc,task     ] GC(338) Using 49 workers of 68 for evacuation
[2024-08-28T13:01:55.047+0000][info][gc,phases   ] GC(338)   Pre Evacuate Collection Set: 0.4ms
[2024-08-28T13:01:55.047+0000][info][gc,phases   ] GC(338)   Merge Heap Roots: 0.5ms
[2024-08-28T13:01:55.047+0000][info][gc,phases   ] GC(338)   Evacuate Collection Set: 13.7ms
[2024-08-28T13:01:55.047+0000][info][gc,phases   ] GC(338)   Post Evacuate Collection Set: 0.6ms
[2024-08-28T13:01:55.047+0000][info][gc,phases   ] GC(338)   Other: 0.2ms
[2024-08-28T13:01:55.047+0000][info][gc,heap     ] GC(338) Eden regions: 89->0(89)
[2024-08-28T13:01:55.047+0000][info][gc,heap     ] GC(338) Survivor regions: 13->13(13)
[2024-08-28T13:01:55.047+0000][info][gc,heap     ] GC(338) Old regions: 1446->1336
[2024-08-28T13:01:55.047+0000][info][gc,heap     ] GC(338) Archive regions: 2->2
[2024-08-28T13:01:55.047+0000][info][gc,heap     ] GC(338) Humongous regions: 5->5
[2024-08-28T13:01:55.047+0000][info][gc,metaspace] GC(338) Metaspace: 100K(320K)->100K(320K) NonClass: 96K(192K)->96K(192K) Class: 4K(128K)->4K(128K)
[2024-08-28T13:01:55.047+0000][info][gc          ] GC(338) Pause Young (Mixed) (G1 Evacuation Pause) 1553M->1354M(2048M) 15.472ms
[2024-08-28T13:01:55.047+0000][info][gc,cpu      ] GC(338) User=0.70s Sys=0.00s Real=0.01s
[2024-08-28T13:01:55.099+0000][info][gc,start    ] GC(339) Pause Young (Mixed) (G1 Evacuation Pause)
[2024-08-28T13:01:55.099+0000][info][gc,task     ] GC(339) Using 49 workers of 68 for evacuation
[2024-08-28T13:01:55.115+0000][info][gc,phases   ] GC(339)   Pre Evacuate Collection Set: 0.5ms
[2024-08-28T13:01:55.115+0000][info][gc,phases   ] GC(339)   Merge Heap Roots: 0.8ms
[2024-08-28T13:01:55.115+0000][info][gc,phases   ] GC(339)   Evacuate Collection Set: 13.9ms
[2024-08-28T13:01:55.115+0000][info][gc,phases   ] GC(339)   Post Evacuate Collection Set: 0.6ms
[2024-08-28T13:01:55.115+0000][info][gc,phases   ] GC(339)   Other: 0.3ms
[2024-08-28T13:01:55.115+0000][info][gc,heap     ] GC(339) Eden regions: 89->0(89)
[2024-08-28T13:01:55.115+0000][info][gc,heap     ] GC(339) Survivor regions: 13->13(13)
[2024-08-28T13:01:55.115+0000][info][gc,heap     ] GC(339) Old regions: 1336->1224
[2024-08-28T13:01:55.115+0000][info][gc,heap     ] GC(339) Archive regions: 2->2
[2024-08-28T13:01:55.115+0000][info][gc,heap     ] GC(339) Humongous regions: 5->5
[2024-08-28T13:01:55.115+0000][info][gc,metaspace] GC(339) Metaspace: 100K(320K)->100K(320K) NonClass: 96K(192K)->96K(192K) Class: 4K(128K)->4K(128K)
[2024-08-28T13:01:55.115+0000][info][gc          ] GC(339) Pause Young (Mixed) (G1 Evacuation Pause) 1443M->1242M(2048M) 16.102ms
[2024-08-28T13:01:55.115+0000][info][gc,cpu      ] GC(339) User=0.72s Sys=0.00s Real=0.01s
[2024-08-28T13:01:55.167+0000][info][gc,start    ] GC(340) Pause Young (Mixed) (G1 Evacuation Pause)
[2024-08-28T13:01:55.167+0000][info][gc,task     ] GC(340) Using 49 workers of 68 for evacuation
[2024-08-28T13:01:55.182+0000][info][gc,phases   ] GC(340)   Pre Evacuate Collection Set: 0.4ms
[2024-08-28T13:01:55.182+0000][info][gc,phases   ] GC(340)   Merge Heap Roots: 0.6ms
[2024-08-28T13:01:55.182+0000][info][gc,phases   ] GC(340)   Evacuate Collection Set: 13.9ms
[2024-08-28T13:01:55.182+0000][info][gc,phases   ] GC(340)   Post Evacuate Collection Set: 0.6ms
[2024-08-28T13:01:55.182+0000][info][gc,phases   ] GC(340)   Other: 0.2ms
[2024-08-28T13:01:55.182+0000][info][gc,heap     ] GC(340) Eden regions: 89->0(220)
[2024-08-28T13:01:55.182+0000][info][gc,heap     ] GC(340) Survivor regions: 13->13(13)
[2024-08-28T13:01:55.182+0000][info][gc,heap     ] GC(340) Old regions: 1224->1138
[2024-08-28T13:01:55.182+0000][info][gc,heap     ] GC(340) Archive regions: 2->2
[2024-08-28T13:01:55.182+0000][info][gc,heap     ] GC(340) Humongous regions: 5->5
[2024-08-28T13:01:55.182+0000][info][gc,metaspace] GC(340) Metaspace: 100K(320K)->100K(320K) NonClass: 96K(192K)->96K(192K) Class: 4K(128K)->4K(128K)
[2024-08-28T13:01:55.182+0000][info][gc          ] GC(340) Pause Young (Mixed) (G1 Evacuation Pause) 1331M->1156M(2048M) 15.770ms
[2024-08-28T13:01:55.182+0000][info][gc,cpu      ] GC(340) User=0.69s Sys=0.01s Real=0.02s
[2024-08-28T13:01:55.309+0000][info][gc,start    ] GC(341) Pause Young (Normal) (G1 Evacuation Pause)
[2024-08-28T13:01:55.309+0000][info][gc,task     ] GC(341) Using 49 workers of 68 for evacuation
[2024-08-28T13:01:55.336+0000][info][gc,phases   ] GC(341)   Pre Evacuate Collection Set: 0.3ms
[2024-08-28T13:01:55.336+0000][info][gc,phases   ] GC(341)   Merge Heap Roots: 0.7ms
[2024-08-28T13:01:55.336+0000][info][gc,phases   ] GC(341)   Evacuate Collection Set: 25.0ms
[2024-08-28T13:01:55.336+0000][info][gc,phases   ] GC(341)   Post Evacuate Collection Set: 0.6ms
[2024-08-28T13:01:55.336+0000][info][gc,phases   ] GC(341)   Other: 0.2ms
[2024-08-28T13:01:55.336+0000][info][gc,heap     ] GC(341) Eden regions: 220->0(149)
[2024-08-28T13:01:55.336+0000][info][gc,heap     ] GC(341) Survivor regions: 13->30(30)
[2024-08-28T13:01:55.336+0000][info][gc,heap     ] GC(341) Old regions: 1138->1338
[2024-08-28T13:01:55.336+0000][info][gc,heap     ] GC(341) Archive regions: 2->2
[2024-08-28T13:01:55.336+0000][info][gc,heap     ] GC(341) Humongous regions: 5->5
[2024-08-28T13:01:55.336+0000][info][gc,metaspace] GC(341) Metaspace: 100K(320K)->100K(320K) NonClass: 96K(192K)->96K(192K) Class: 4K(128K)->4K(128K)
[2024-08-28T13:01:55.336+0000][info][gc          ] GC(341) Pause Young (Normal) (G1 Evacuation Pause) 1376M->1373M(2048M) 26.920ms
[2024-08-28T13:01:55.336+0000][info][gc,cpu      ] GC(341) User=1.20s Sys=0.04s Real=0.03s
[2024-08-28T13:01:55.424+0000][info][gc,start    ] GC(342) Pause Young (Normal) (G1 Evacuation Pause)
[2024-08-28T13:01:55.424+0000][info][gc,task     ] GC(342) Using 49 workers of 68 for evacuation
[2024-08-28T13:01:55.448+0000][info][gc,phases   ] GC(342)   Pre Evacuate Collection Set: 0.3ms
[2024-08-28T13:01:55.448+0000][info][gc,phases   ] GC(342)   Merge Heap Roots: 0.6ms
[2024-08-28T13:01:55.448+0000][info][gc,phases   ] GC(342)   Evacuate Collection Set: 22.4ms
[2024-08-28T13:01:55.448+0000][info][gc,phases   ] GC(342)   Post Evacuate Collection Set: 0.6ms
[2024-08-28T13:01:55.448+0000][info][gc,phases   ] GC(342)   Other: 0.2ms
[2024-08-28T13:01:55.448+0000][info][gc,heap     ] GC(342) Eden regions: 149->0(100)
[2024-08-28T13:01:55.448+0000][info][gc,heap     ] GC(342) Survivor regions: 30->23(23)
[2024-08-28T13:01:55.448+0000][info][gc,heap     ] GC(342) Old regions: 1338->1498
[2024-08-28T13:01:55.448+0000][info][gc,heap     ] GC(342) Archive regions: 2->2
[2024-08-28T13:01:55.448+0000][info][gc,heap     ] GC(342) Humongous regions: 5->5
[2024-08-28T13:01:55.448+0000][info][gc,metaspace] GC(342) Metaspace: 100K(320K)->100K(320K) NonClass: 96K(192K)->96K(192K) Class: 4K(128K)->4K(128K)
[2024-08-28T13:01:55.448+0000][info][gc          ] GC(342) Pause Young (Normal) (G1 Evacuation Pause) 1522M->1526M(2048M) 24.065ms
[2024-08-28T13:01:55.448+0000][info][gc,cpu      ] GC(342) User=1.12s Sys=0.00s Real=0.02s
[2024-08-28T13:01:55.507+0000][info][gc,start    ] GC(343) Pause Young (Concurrent Start) (G1 Evacuation Pause)
[2024-08-28T13:01:55.507+0000][info][gc,task     ] GC(343) Using 49 workers of 68 for evacuation
[2024-08-28T13:01:55.526+0000][info][gc,phases   ] GC(343)   Pre Evacuate Collection Set: 0.3ms
[2024-08-28T13:01:55.526+0000][info][gc,phases   ] GC(343)   Merge Heap Roots: 0.5ms
[2024-08-28T13:01:55.526+0000][info][gc,phases   ] GC(343)   Evacuate Collection Set: 17.2ms
[2024-08-28T13:01:55.526+0000][info][gc,phases   ] GC(343)   Post Evacuate Collection Set: 0.5ms
[2024-08-28T13:01:55.526+0000][info][gc,phases   ] GC(343)   Other: 0.7ms
[2024-08-28T13:01:55.526+0000][info][gc,heap     ] GC(343) Eden regions: 100->0(86)
[2024-08-28T13:01:55.526+0000][info][gc,heap     ] GC(343) Survivor regions: 23->16(16)
[2024-08-28T13:01:55.526+0000][info][gc,heap     ] GC(343) Old regions: 1498->1612
[2024-08-28T13:01:55.526+0000][info][gc,heap     ] GC(343) Archive regions: 2->2
[2024-08-28T13:01:55.526+0000][info][gc,heap     ] GC(343) Humongous regions: 5->5
[2024-08-28T13:01:55.526+0000][info][gc,metaspace] GC(343) Metaspace: 100K(320K)->100K(320K) NonClass: 96K(192K)->96K(192K) Class: 4K(128K)->4K(128K)
[2024-08-28T13:01:55.526+0000][info][gc          ] GC(343) Pause Young (Concurrent Start) (G1 Evacuation Pause) 1626M->1633M(2048M) 19.293ms
[2024-08-28T13:01:55.526+0000][info][gc,cpu      ] GC(343) User=0.85s Sys=0.01s Real=0.02s
[2024-08-28T13:01:55.526+0000][info][gc          ] GC(344) Concurrent Mark Cycle
[2024-08-28T13:01:55.527+0000][info][gc,marking  ] GC(344) Concurrent Clear Claimed Marks
[2024-08-28T13:01:55.527+0000][info][gc,marking  ] GC(344) Concurrent Clear Claimed Marks 0.009ms
[2024-08-28T13:01:55.527+0000][info][gc,marking  ] GC(344) Concurrent Scan Root Regions
[2024-08-28T13:01:55.530+0000][info][gc,marking  ] GC(344) Concurrent Scan Root Regions 3.429ms
[2024-08-28T13:01:55.530+0000][info][gc,marking  ] GC(344) Concurrent Mark
[2024-08-28T13:01:55.530+0000][info][gc,marking  ] GC(344) Concurrent Mark From Roots
[2024-08-28T13:01:55.530+0000][info][gc,task     ] GC(344) Using 17 workers of 17 for marking
[2024-08-28T13:01:55.551+0000][info][gc,marking  ] GC(344) Concurrent Mark From Roots 20.647ms
[2024-08-28T13:01:55.551+0000][info][gc,marking  ] GC(344) Concurrent Preclean
[2024-08-28T13:01:55.551+0000][info][gc,marking  ] GC(344) Concurrent Preclean 0.496ms
[2024-08-28T13:01:55.552+0000][info][gc,start    ] GC(344) Pause Remark
[2024-08-28T13:01:55.554+0000][info][gc          ] GC(344) Pause Remark 1664M->1364M(2048M) 2.100ms
[2024-08-28T13:01:55.554+0000][info][gc,cpu      ] GC(344) User=0.01s Sys=0.01s Real=0.00s
[2024-08-28T13:01:55.554+0000][info][gc,marking  ] GC(344) Concurrent Mark 23.709ms
[2024-08-28T13:01:55.554+0000][info][gc,marking  ] GC(344) Concurrent Rebuild Remembered Sets
[2024-08-28T13:01:55.585+0000][info][gc,start    ] GC(345) Pause Young (Normal) (G1 Evacuation Pause)
[2024-08-28T13:01:55.585+0000][info][gc,task     ] GC(345) Using 49 workers of 68 for evacuation
[2024-08-28T13:01:55.600+0000][info][gc,phases   ] GC(345)   Pre Evacuate Collection Set: 0.3ms
[2024-08-28T13:01:55.600+0000][info][gc,phases   ] GC(345)   Merge Heap Roots: 0.4ms
[2024-08-28T13:01:55.600+0000][info][gc,phases   ] GC(345)   Evacuate Collection Set: 13.8ms
[2024-08-28T13:01:55.600+0000][info][gc,phases   ] GC(345)   Post Evacuate Collection Set: 0.8ms
[2024-08-28T13:01:55.601+0000][info][gc,phases   ] GC(345)   Other: 0.2ms
[2024-08-28T13:01:55.601+0000][info][gc,heap     ] GC(345) Eden regions: 86->0(132)
[2024-08-28T13:01:55.601+0000][info][gc,heap     ] GC(345) Survivor regions: 16->13(13)
[2024-08-28T13:01:55.601+0000][info][gc,heap     ] GC(345) Old regions: 1312->1409
[2024-08-28T13:01:55.601+0000][info][gc,heap     ] GC(345) Archive regions: 2->2
[2024-08-28T13:01:55.601+0000][info][gc,heap     ] GC(345) Humongous regions: 5->5
[2024-08-28T13:01:55.601+0000][info][gc,metaspace] GC(345) Metaspace: 100K(320K)->100K(320K) NonClass: 96K(192K)->96K(192K) Class: 4K(128K)->4K(128K)
[2024-08-28T13:01:55.601+0000][info][gc          ] GC(345) Pause Young (Normal) (G1 Evacuation Pause) 1419M->1427M(2048M) 15.632ms
[2024-08-28T13:01:55.601+0000][info][gc,cpu      ] GC(345) User=0.70s Sys=0.01s Real=0.02s
[2024-08-28T13:01:55.618+0000][info][gc,marking  ] GC(344) Concurrent Rebuild Remembered Sets 64.523ms
[2024-08-28T13:01:55.619+0000][info][gc,start    ] GC(344) Pause Cleanup
[2024-08-28T13:01:55.622+0000][info][gc          ] GC(344) Pause Cleanup 1457M->1457M(2048M) 3.006ms
[2024-08-28T13:01:55.622+0000][info][gc,cpu      ] GC(344) User=0.01s Sys=0.00s Real=0.00s
[2024-08-28T13:01:55.622+0000][info][gc,marking  ] GC(344) Concurrent Cleanup for Next Mark
[2024-08-28T13:01:55.623+0000][info][gc,marking  ] GC(344) Concurrent Cleanup for Next Mark 1.359ms
[2024-08-28T13:01:55.623+0000][info][gc          ] GC(344) Concurrent Mark Cycle 96.602ms
[2024-08-28T13:01:55.683+0000][info][gc,start    ] GC(346) Pause Young (Prepare Mixed) (G1 Evacuation Pause)
[2024-08-28T13:01:55.683+0000][info][gc,task     ] GC(346) Using 49 workers of 68 for evacuation
[2024-08-28T13:01:55.702+0000][info][gc,phases   ] GC(346)   Pre Evacuate Collection Set: 0.3ms
[2024-08-28T13:01:55.702+0000][info][gc,phases   ] GC(346)   Merge Heap Roots: 1.0ms
[2024-08-28T13:01:55.702+0000][info][gc,phases   ] GC(346)   Evacuate Collection Set: 17.5ms
[2024-08-28T13:01:55.702+0000][info][gc,phases   ] GC(346)   Post Evacuate Collection Set: 0.5ms
[2024-08-28T13:01:55.702+0000][info][gc,phases   ] GC(346)   Other: 0.3ms
[2024-08-28T13:01:55.702+0000][info][gc,heap     ] GC(346) Eden regions: 132->0(83)
[2024-08-28T13:01:55.702+0000][info][gc,heap     ] GC(346) Survivor regions: 13->19(19)
[2024-08-28T13:01:55.702+0000][info][gc,heap     ] GC(346) Old regions: 1409->1537
[2024-08-28T13:01:55.702+0000][info][gc,heap     ] GC(346) Archive regions: 2->2
[2024-08-28T13:01:55.702+0000][info][gc,heap     ] GC(346) Humongous regions: 5->5
[2024-08-28T13:01:55.702+0000][info][gc,metaspace] GC(346) Metaspace: 100K(320K)->100K(320K) NonClass: 96K(192K)->96K(192K) Class: 4K(128K)->4K(128K)
[2024-08-28T13:01:55.702+0000][info][gc          ] GC(346) Pause Young (Prepare Mixed) (G1 Evacuation Pause) 1559M->1561M(2048M) 19.693ms
[2024-08-28T13:01:55.702+0000][info][gc,cpu      ] GC(346) User=0.88s Sys=0.02s Real=0.02s
[2024-08-28T13:01:55.751+0000][info][gc,start    ] GC(347) Pause Young (Mixed) (G1 Evacuation Pause)
[2024-08-28T13:01:55.751+0000][info][gc,task     ] GC(347) Using 49 workers of 68 for evacuation
[2024-08-28T13:01:55.767+0000][info][gc,phases   ] GC(347)   Pre Evacuate Collection Set: 0.4ms
[2024-08-28T13:01:55.767+0000][info][gc,phases   ] GC(347)   Merge Heap Roots: 0.5ms
[2024-08-28T13:01:55.767+0000][info][gc,phases   ] GC(347)   Evacuate Collection Set: 14.1ms
[2024-08-28T13:01:55.767+0000][info][gc,phases   ] GC(347)   Post Evacuate Collection Set: 0.6ms
[2024-08-28T13:01:55.767+0000][info][gc,phases   ] GC(347)   Other: 0.2ms
[2024-08-28T13:01:55.767+0000][info][gc,heap     ] GC(347) Eden regions: 83->0(89)
[2024-08-28T13:01:55.767+0000][info][gc,heap     ] GC(347) Survivor regions: 19->13(13)
[2024-08-28T13:01:55.767+0000][info][gc,heap     ] GC(347) Old regions: 1537->1428
[2024-08-28T13:01:55.767+0000][info][gc,heap     ] GC(347) Archive regions: 2->2
[2024-08-28T13:01:55.767+0000][info][gc,heap     ] GC(347) Humongous regions: 5->5
[2024-08-28T13:01:55.767+0000][info][gc,metaspace] GC(347) Metaspace: 100K(320K)->100K(320K) NonClass: 96K(192K)->96K(192K) Class: 4K(128K)->4K(128K)
[2024-08-28T13:01:55.767+0000][info][gc          ] GC(347) Pause Young (Mixed) (G1 Evacuation Pause) 1644M->1446M(2048M) 15.929ms
[2024-08-28T13:01:55.767+0000][info][gc,cpu      ] GC(347) User=0.71s Sys=0.00s Real=0.01s
[2024-08-28T13:01:55.820+0000][info][gc,start    ] GC(348) Pause Young (Mixed) (G1 Evacuation Pause)
[2024-08-28T13:01:55.820+0000][info][gc,task     ] GC(348) Using 49 workers of 68 for evacuation
[2024-08-28T13:01:55.835+0000][info][gc,phases   ] GC(348)   Pre Evacuate Collection Set: 0.4ms
[2024-08-28T13:01:55.835+0000][info][gc,phases   ] GC(348)   Merge Heap Roots: 0.7ms
[2024-08-28T13:01:55.835+0000][info][gc,phases   ] GC(348)   Evacuate Collection Set: 13.7ms
[2024-08-28T13:01:55.835+0000][info][gc,phases   ] GC(348)   Post Evacuate Collection Set: 0.6ms
[2024-08-28T13:01:55.835+0000][info][gc,phases   ] GC(348)   Other: 0.3ms
[2024-08-28T13:01:55.835+0000][info][gc,heap     ] GC(348) Eden regions: 89->0(89)
[2024-08-28T13:01:55.835+0000][info][gc,heap     ] GC(348) Survivor regions: 13->13(13)
[2024-08-28T13:01:55.835+0000][info][gc,heap     ] GC(348) Old regions: 1428->1318
[2024-08-28T13:01:55.835+0000][info][gc,heap     ] GC(348) Archive regions: 2->2
[2024-08-28T13:01:55.835+0000][info][gc,heap     ] GC(348) Humongous regions: 5->5
[2024-08-28T13:01:55.835+0000][info][gc,metaspace] GC(348) Metaspace: 100K(320K)->100K(320K) NonClass: 96K(192K)->96K(192K) Class: 4K(128K)->4K(128K)
[2024-08-28T13:01:55.835+0000][info][gc          ] GC(348) Pause Young (Mixed) (G1 Evacuation Pause) 1535M->1336M(2048M) 15.796ms
[2024-08-28T13:01:55.835+0000][info][gc,cpu      ] GC(348) User=0.71s Sys=0.00s Real=0.01s
[2024-08-28T13:01:55.887+0000][info][gc,start    ] GC(349) Pause Young (Mixed) (G1 Evacuation Pause)
[2024-08-28T13:01:55.888+0000][info][gc,task     ] GC(349) Using 49 workers of 68 for evacuation
[2024-08-28T13:01:55.903+0000][info][gc,phases   ] GC(349)   Pre Evacuate Collection Set: 0.4ms
[2024-08-28T13:01:55.903+0000][info][gc,phases   ] GC(349)   Merge Heap Roots: 0.5ms
[2024-08-28T13:01:55.903+0000][info][gc,phases   ] GC(349)   Evacuate Collection Set: 14.0ms
[2024-08-28T13:01:55.903+0000][info][gc,phases   ] GC(349)   Post Evacuate Collection Set: 0.6ms
[2024-08-28T13:01:55.903+0000][info][gc,phases   ] GC(349)   Other: 0.2ms
[2024-08-28T13:01:55.903+0000][info][gc,heap     ] GC(349) Eden regions: 89->0(89)
[2024-08-28T13:01:55.903+0000][info][gc,heap     ] GC(349) Survivor regions: 13->13(13)
[2024-08-28T13:01:55.903+0000][info][gc,heap     ] GC(349) Old regions: 1318->1207
[2024-08-28T13:01:55.903+0000][info][gc,heap     ] GC(349) Archive regions: 2->2
[2024-08-28T13:01:55.903+0000][info][gc,heap     ] GC(349) Humongous regions: 5->5
[2024-08-28T13:01:55.903+0000][info][gc,metaspace] GC(349) Metaspace: 100K(320K)->100K(320K) NonClass: 96K(192K)->96K(192K) Class: 4K(128K)->4K(128K)
[2024-08-28T13:01:55.903+0000][info][gc          ] GC(349) Pause Young (Mixed) (G1 Evacuation Pause) 1425M->1225M(2048M) 15.762ms
[2024-08-28T13:01:55.903+0000][info][gc,cpu      ] GC(349) User=0.71s Sys=0.00s Real=0.02s
[2024-08-28T13:01:55.955+0000][info][gc,start    ] GC(350) Pause Young (Mixed) (G1 Evacuation Pause)
[2024-08-28T13:01:55.955+0000][info][gc,task     ] GC(350) Using 49 workers of 68 for evacuation
[2024-08-28T13:01:55.972+0000][info][gc,phases   ] GC(350)   Pre Evacuate Collection Set: 0.4ms
[2024-08-28T13:01:55.972+0000][info][gc,phases   ] GC(350)   Merge Heap Roots: 0.9ms
[2024-08-28T13:01:55.972+0000][info][gc,phases   ] GC(350)   Evacuate Collection Set: 14.3ms
[2024-08-28T13:01:55.972+0000][info][gc,phases   ] GC(350)   Post Evacuate Collection Set: 0.6ms
[2024-08-28T13:01:55.972+0000][info][gc,phases   ] GC(350)   Other: 0.2ms
[2024-08-28T13:01:55.972+0000][info][gc,heap     ] GC(350) Eden regions: 89->0(217)
[2024-08-28T13:01:55.972+0000][info][gc,heap     ] GC(350) Survivor regions: 13->13(13)
[2024-08-28T13:01:55.972+0000][info][gc,heap     ] GC(350) Old regions: 1207->1147
[2024-08-28T13:01:55.972+0000][info][gc,heap     ] GC(350) Archive regions: 2->2
[2024-08-28T13:01:55.972+0000][info][gc,heap     ] GC(350) Humongous regions: 5->5
[2024-08-28T13:01:55.972+0000][info][gc,metaspace] GC(350) Metaspace: 100K(320K)->100K(320K) NonClass: 96K(192K)->96K(192K) Class: 4K(128K)->4K(128K)
[2024-08-28T13:01:55.972+0000][info][gc          ] GC(350) Pause Young (Mixed) (G1 Evacuation Pause) 1314M->1165M(2048M) 16.431ms
[2024-08-28T13:01:55.972+0000][info][gc,cpu      ] GC(350) User=0.74s Sys=0.00s Real=0.02s
[2024-08-28T13:01:56.100+0000][info][gc,start    ] GC(351) Pause Young (Normal) (G1 Evacuation Pause)
[2024-08-28T13:01:56.100+0000][info][gc,task     ] GC(351) Using 49 workers of 68 for evacuation
[2024-08-28T13:01:56.125+0000][info][gc,phases   ] GC(351)   Pre Evacuate Collection Set: 0.3ms
[2024-08-28T13:01:56.125+0000][info][gc,phases   ] GC(351)   Merge Heap Roots: 1.0ms
[2024-08-28T13:01:56.125+0000][info][gc,phases   ] GC(351)   Evacuate Collection Set: 23.6ms
[2024-08-28T13:01:56.125+0000][info][gc,phases   ] GC(351)   Post Evacuate Collection Set: 0.7ms
[2024-08-28T13:01:56.125+0000][info][gc,phases   ] GC(351)   Other: 0.2ms
[2024-08-28T13:01:56.125+0000][info][gc,heap     ] GC(351) Eden regions: 217->0(147)
[2024-08-28T13:01:56.125+0000][info][gc,heap     ] GC(351) Survivor regions: 13->29(29)
[2024-08-28T13:01:56.125+0000][info][gc,heap     ] GC(351) Old regions: 1147->1346
[2024-08-28T13:01:56.126+0000][info][gc,heap     ] GC(351) Archive regions: 2->2
[2024-08-28T13:01:56.126+0000][info][gc,heap     ] GC(351) Humongous regions: 5->5
[2024-08-28T13:01:56.126+0000][info][gc,metaspace] GC(351) Metaspace: 100K(320K)->100K(320K) NonClass: 96K(192K)->96K(192K) Class: 4K(128K)->4K(128K)
[2024-08-28T13:01:56.126+0000][info][gc          ] GC(351) Pause Young (Normal) (G1 Evacuation Pause) 1382M->1380M(2048M) 25.919ms
[2024-08-28T13:01:56.126+0000][info][gc,cpu      ] GC(351) User=1.19s Sys=0.00s Real=0.02s
[2024-08-28T13:01:56.212+0000][info][gc,start    ] GC(352) Pause Young (Normal) (G1 Evacuation Pause)
[2024-08-28T13:01:56.212+0000][info][gc,task     ] GC(352) Using 49 workers of 68 for evacuation
[2024-08-28T13:01:56.236+0000][info][gc,phases   ] GC(352)   Pre Evacuate Collection Set: 0.3ms
[2024-08-28T13:01:56.236+0000][info][gc,phases   ] GC(352)   Merge Heap Roots: 0.6ms
[2024-08-28T13:01:56.236+0000][info][gc,phases   ] GC(352)   Evacuate Collection Set: 22.3ms
[2024-08-28T13:01:56.236+0000][info][gc,phases   ] GC(352)   Post Evacuate Collection Set: 0.6ms
[2024-08-28T13:01:56.236+0000][info][gc,phases   ] GC(352)   Other: 0.2ms
[2024-08-28T13:01:56.236+0000][info][gc,heap     ] GC(352) Eden regions: 147->0(98)
[2024-08-28T13:01:56.236+0000][info][gc,heap     ] GC(352) Survivor regions: 29->22(22)
[2024-08-28T13:01:56.236+0000][info][gc,heap     ] GC(352) Old regions: 1346->1506
[2024-08-28T13:01:56.236+0000][info][gc,heap     ] GC(352) Archive regions: 2->2
[2024-08-28T13:01:56.236+0000][info][gc,heap     ] GC(352) Humongous regions: 5->5
[2024-08-28T13:01:56.236+0000][info][gc,metaspace] GC(352) Metaspace: 100K(320K)->100K(320K) NonClass: 96K(192K)->96K(192K) Class: 4K(128K)->4K(128K)
[2024-08-28T13:01:56.236+0000][info][gc          ] GC(352) Pause Young (Normal) (G1 Evacuation Pause) 1527M->1533M(2048M) 23.980ms
[2024-08-28T13:01:56.236+0000][info][gc,cpu      ] GC(352) User=1.11s Sys=0.00s Real=0.02s
[2024-08-28T13:01:56.294+0000][info][gc,start    ] GC(353) Pause Young (Concurrent Start) (G1 Evacuation Pause)
[2024-08-28T13:01:56.294+0000][info][gc,task     ] GC(353) Using 49 workers of 68 for evacuation
[2024-08-28T13:01:56.312+0000][info][gc,phases   ] GC(353)   Pre Evacuate Collection Set: 0.3ms
[2024-08-28T13:01:56.312+0000][info][gc,phases   ] GC(353)   Merge Heap Roots: 0.9ms
[2024-08-28T13:01:56.312+0000][info][gc,phases   ] GC(353)   Evacuate Collection Set: 16.3ms
[2024-08-28T13:01:56.312+0000][info][gc,phases   ] GC(353)   Post Evacuate Collection Set: 0.5ms
[2024-08-28T13:01:56.312+0000][info][gc,phases   ] GC(353)   Other: 0.7ms
[2024-08-28T13:01:56.312+0000][info][gc,heap     ] GC(353) Eden regions: 98->0(87)
[2024-08-28T13:01:56.312+0000][info][gc,heap     ] GC(353) Survivor regions: 22->15(15)
[2024-08-28T13:01:56.312+0000][info][gc,heap     ] GC(353) Old regions: 1506->1619
[2024-08-28T13:01:56.313+0000][info][gc,heap     ] GC(353) Archive regions: 2->2
[2024-08-28T13:01:56.313+0000][info][gc,heap     ] GC(353) Humongous regions: 5->5
[2024-08-28T13:01:56.313+0000][info][gc,metaspace] GC(353) Metaspace: 100K(320K)->100K(320K) NonClass: 96K(192K)->96K(192K) Class: 4K(128K)->4K(128K)
[2024-08-28T13:01:56.313+0000][info][gc          ] GC(353) Pause Young (Concurrent Start) (G1 Evacuation Pause) 1631M->1639M(2048M) 18.737ms
[2024-08-28T13:01:56.313+0000][info][gc,cpu      ] GC(353) User=0.82s Sys=0.00s Real=0.02s
[2024-08-28T13:01:56.313+0000][info][gc          ] GC(354) Concurrent Mark Cycle
[2024-08-28T13:01:56.313+0000][info][gc,marking  ] GC(354) Concurrent Clear Claimed Marks
[2024-08-28T13:01:56.313+0000][info][gc,marking  ] GC(354) Concurrent Clear Claimed Marks 0.011ms
[2024-08-28T13:01:56.313+0000][info][gc,marking  ] GC(354) Concurrent Scan Root Regions
[2024-08-28T13:01:56.316+0000][info][gc,marking  ] GC(354) Concurrent Scan Root Regions 3.271ms
[2024-08-28T13:01:56.316+0000][info][gc,marking  ] GC(354) Concurrent Mark
[2024-08-28T13:01:56.316+0000][info][gc,marking  ] GC(354) Concurrent Mark From Roots
[2024-08-28T13:01:56.316+0000][info][gc,task     ] GC(354) Using 17 workers of 17 for marking
[2024-08-28T13:01:56.337+0000][info][gc,marking  ] GC(354) Concurrent Mark From Roots 21.431ms
[2024-08-28T13:01:56.337+0000][info][gc,marking  ] GC(354) Concurrent Preclean
[2024-08-28T13:01:56.338+0000][info][gc,marking  ] GC(354) Concurrent Preclean 0.496ms
[2024-08-28T13:01:56.338+0000][info][gc,start    ] GC(354) Pause Remark
[2024-08-28T13:01:56.340+0000][info][gc          ] GC(354) Pause Remark 1672M->1396M(2048M) 2.065ms
[2024-08-28T13:01:56.340+0000][info][gc,cpu      ] GC(354) User=0.02s Sys=0.00s Real=0.00s
[2024-08-28T13:01:56.340+0000][info][gc,marking  ] GC(354) Concurrent Mark 24.460ms
[2024-08-28T13:01:56.340+0000][info][gc,marking  ] GC(354) Concurrent Rebuild Remembered Sets
[2024-08-28T13:01:56.372+0000][info][gc,start    ] GC(355) Pause Young (Normal) (G1 Evacuation Pause)
[2024-08-28T13:01:56.372+0000][info][gc,task     ] GC(355) Using 49 workers of 68 for evacuation
[2024-08-28T13:01:56.388+0000][info][gc,phases   ] GC(355)   Pre Evacuate Collection Set: 0.4ms
[2024-08-28T13:01:56.388+0000][info][gc,phases   ] GC(355)   Merge Heap Roots: 0.9ms
[2024-08-28T13:01:56.388+0000][info][gc,phases   ] GC(355)   Evacuate Collection Set: 13.6ms
[2024-08-28T13:01:56.388+0000][info][gc,phases   ] GC(355)   Post Evacuate Collection Set: 0.8ms
[2024-08-28T13:01:56.388+0000][info][gc,phases   ] GC(355)   Other: 0.3ms
[2024-08-28T13:01:56.388+0000][info][gc,heap     ] GC(355) Eden regions: 87->0(122)
[2024-08-28T13:01:56.388+0000][info][gc,heap     ] GC(355) Survivor regions: 15->13(13)
[2024-08-28T13:01:56.388+0000][info][gc,heap     ] GC(355) Old regions: 1343->1440
[2024-08-28T13:01:56.388+0000][info][gc,heap     ] GC(355) Archive regions: 2->2
[2024-08-28T13:01:56.388+0000][info][gc,heap     ] GC(355) Humongous regions: 5->5
[2024-08-28T13:01:56.388+0000][info][gc,metaspace] GC(355) Metaspace: 100K(320K)->100K(320K) NonClass: 96K(192K)->96K(192K) Class: 4K(128K)->4K(128K)
[2024-08-28T13:01:56.388+0000][info][gc          ] GC(355) Pause Young (Normal) (G1 Evacuation Pause) 1450M->1458M(2048M) 16.071ms
[2024-08-28T13:01:56.388+0000][info][gc,cpu      ] GC(355) User=0.72s Sys=0.00s Real=0.01s
[2024-08-28T13:01:56.404+0000][info][gc,marking  ] GC(354) Concurrent Rebuild Remembered Sets 63.875ms
[2024-08-28T13:01:56.405+0000][info][gc,start    ] GC(354) Pause Cleanup
[2024-08-28T13:01:56.408+0000][info][gc          ] GC(354) Pause Cleanup 1487M->1487M(2048M) 2.944ms
[2024-08-28T13:01:56.408+0000][info][gc,cpu      ] GC(354) User=0.01s Sys=0.00s Real=0.00s
[2024-08-28T13:01:56.408+0000][info][gc,marking  ] GC(354) Concurrent Cleanup for Next Mark
[2024-08-28T13:01:56.409+0000][info][gc,marking  ] GC(354) Concurrent Cleanup for Next Mark 1.309ms
[2024-08-28T13:01:56.409+0000][info][gc          ] GC(354) Concurrent Mark Cycle 96.830ms
[2024-08-28T13:01:56.464+0000][info][gc,start    ] GC(356) Pause Young (Prepare Mixed) (G1 Evacuation Pause)
[2024-08-28T13:01:56.464+0000][info][gc,task     ] GC(356) Using 49 workers of 68 for evacuation
[2024-08-28T13:01:56.483+0000][info][gc,phases   ] GC(356)   Pre Evacuate Collection Set: 0.4ms
[2024-08-28T13:01:56.483+0000][info][gc,phases   ] GC(356)   Merge Heap Roots: 0.8ms
[2024-08-28T13:01:56.483+0000][info][gc,phases   ] GC(356)   Evacuate Collection Set: 16.9ms
[2024-08-28T13:01:56.483+0000][info][gc,phases   ] GC(356)   Post Evacuate Collection Set: 0.5ms
[2024-08-28T13:01:56.483+0000][info][gc,phases   ] GC(356)   Other: 0.3ms
[2024-08-28T13:01:56.483+0000][info][gc,heap     ] GC(356) Eden regions: 122->0(85)
[2024-08-28T13:01:56.483+0000][info][gc,heap     ] GC(356) Survivor regions: 13->17(17)
[2024-08-28T13:01:56.483+0000][info][gc,heap     ] GC(356) Old regions: 1440->1561
[2024-08-28T13:01:56.483+0000][info][gc,heap     ] GC(356) Archive regions: 2->2
[2024-08-28T13:01:56.483+0000][info][gc,heap     ] GC(356) Humongous regions: 5->5
[2024-08-28T13:01:56.483+0000][info][gc,metaspace] GC(356) Metaspace: 100K(320K)->100K(320K) NonClass: 96K(192K)->96K(192K) Class: 4K(128K)->4K(128K)
[2024-08-28T13:01:56.483+0000][info][gc          ] GC(356) Pause Young (Prepare Mixed) (G1 Evacuation Pause) 1580M->1583M(2048M) 18.950ms
[2024-08-28T13:01:56.483+0000][info][gc,cpu      ] GC(356) User=0.86s Sys=0.00s Real=0.02s
[2024-08-28T13:01:56.532+0000][info][gc,start    ] GC(357) Pause Young (Mixed) (G1 Evacuation Pause)
[2024-08-28T13:01:56.532+0000][info][gc,task     ] GC(357) Using 49 workers of 68 for evacuation
[2024-08-28T13:01:56.548+0000][info][gc,phases   ] GC(357)   Pre Evacuate Collection Set: 0.4ms
[2024-08-28T13:01:56.548+0000][info][gc,phases   ] GC(357)   Merge Heap Roots: 0.8ms
[2024-08-28T13:01:56.548+0000][info][gc,phases   ] GC(357)   Evacuate Collection Set: 14.0ms
[2024-08-28T13:01:56.548+0000][info][gc,phases   ] GC(357)   Post Evacuate Collection Set: 0.6ms
[2024-08-28T13:01:56.548+0000][info][gc,phases   ] GC(357)   Other: 0.2ms
[2024-08-28T13:01:56.548+0000][info][gc,heap     ] GC(357) Eden regions: 85->0(89)
[2024-08-28T13:01:56.548+0000][info][gc,heap     ] GC(357) Survivor regions: 17->13(13)
[2024-08-28T13:01:56.549+0000][info][gc,heap     ] GC(357) Old regions: 1561->1451
[2024-08-28T13:01:56.549+0000][info][gc,heap     ] GC(357) Archive regions: 2->2
[2024-08-28T13:01:56.549+0000][info][gc,heap     ] GC(357) Humongous regions: 5->5
[2024-08-28T13:01:56.549+0000][info][gc,metaspace] GC(357) Metaspace: 100K(320K)->100K(320K) NonClass: 96K(192K)->96K(192K) Class: 4K(128K)->4K(128K)
[2024-08-28T13:01:56.549+0000][info][gc          ] GC(357) Pause Young (Mixed) (G1 Evacuation Pause) 1668M->1469M(2048M) 16.182ms
[2024-08-28T13:01:56.549+0000][info][gc,cpu      ] GC(357) User=0.73s Sys=0.00s Real=0.01s
[2024-08-28T13:01:56.601+0000][info][gc,start    ] GC(358) Pause Young (Mixed) (G1 Evacuation Pause)
[2024-08-28T13:01:56.601+0000][info][gc,task     ] GC(358) Using 49 workers of 68 for evacuation
[2024-08-28T13:01:56.616+0000][info][gc,phases   ] GC(358)   Pre Evacuate Collection Set: 0.4ms
[2024-08-28T13:01:56.616+0000][info][gc,phases   ] GC(358)   Merge Heap Roots: 0.5ms
[2024-08-28T13:01:56.616+0000][info][gc,phases   ] GC(358)   Evacuate Collection Set: 13.7ms
[2024-08-28T13:01:56.616+0000][info][gc,phases   ] GC(358)   Post Evacuate Collection Set: 0.6ms
[2024-08-28T13:01:56.616+0000][info][gc,phases   ] GC(358)   Other: 0.2ms
[2024-08-28T13:01:56.616+0000][info][gc,heap     ] GC(358) Eden regions: 89->0(89)
[2024-08-28T13:01:56.616+0000][info][gc,heap     ] GC(358) Survivor regions: 13->13(13)
[2024-08-28T13:01:56.616+0000][info][gc,heap     ] GC(358) Old regions: 1451->1340
[2024-08-28T13:01:56.616+0000][info][gc,heap     ] GC(358) Archive regions: 2->2
[2024-08-28T13:01:56.616+0000][info][gc,heap     ] GC(358) Humongous regions: 5->5
[2024-08-28T13:01:56.616+0000][info][gc,metaspace] GC(358) Metaspace: 100K(320K)->100K(320K) NonClass: 96K(192K)->96K(192K) Class: 4K(128K)->4K(128K)
[2024-08-28T13:01:56.616+0000][info][gc          ] GC(358) Pause Young (Mixed) (G1 Evacuation Pause) 1558M->1358M(2048M) 15.495ms
[2024-08-28T13:01:56.616+0000][info][gc,cpu      ] GC(358) User=0.69s Sys=0.00s Real=0.01s
[2024-08-28T13:01:56.668+0000][info][gc,start    ] GC(359) Pause Young (Mixed) (G1 Evacuation Pause)
[2024-08-28T13:01:56.669+0000][info][gc,task     ] GC(359) Using 49 workers of 68 for evacuation
[2024-08-28T13:01:56.684+0000][info][gc,phases   ] GC(359)   Pre Evacuate Collection Set: 0.4ms
[2024-08-28T13:01:56.684+0000][info][gc,phases   ] GC(359)   Merge Heap Roots: 0.8ms
[2024-08-28T13:01:56.684+0000][info][gc,phases   ] GC(359)   Evacuate Collection Set: 13.0ms
[2024-08-28T13:01:56.684+0000][info][gc,phases   ] GC(359)   Post Evacuate Collection Set: 0.7ms
[2024-08-28T13:01:56.684+0000][info][gc,phases   ] GC(359)   Other: 0.3ms
[2024-08-28T13:01:56.684+0000][info][gc,heap     ] GC(359) Eden regions: 89->0(89)
[2024-08-28T13:01:56.684+0000][info][gc,heap     ] GC(359) Survivor regions: 13->13(13)
[2024-08-28T13:01:56.684+0000][info][gc,heap     ] GC(359) Old regions: 1340->1228
[2024-08-28T13:01:56.684+0000][info][gc,heap     ] GC(359) Archive regions: 2->2
[2024-08-28T13:01:56.684+0000][info][gc,heap     ] GC(359) Humongous regions: 5->5
[2024-08-28T13:01:56.684+0000][info][gc,metaspace] GC(359) Metaspace: 100K(320K)->100K(320K) NonClass: 96K(192K)->96K(192K) Class: 4K(128K)->4K(128K)
[2024-08-28T13:01:56.684+0000][info][gc          ] GC(359) Pause Young (Mixed) (G1 Evacuation Pause) 1447M->1246M(2048M) 15.271ms
[2024-08-28T13:01:56.684+0000][info][gc,cpu      ] GC(359) User=0.67s Sys=0.00s Real=0.02s
[2024-08-28T13:01:56.736+0000][info][gc,start    ] GC(360) Pause Young (Mixed) (G1 Evacuation Pause)
[2024-08-28T13:01:56.736+0000][info][gc,task     ] GC(360) Using 49 workers of 68 for evacuation
[2024-08-28T13:01:56.752+0000][info][gc,phases   ] GC(360)   Pre Evacuate Collection Set: 0.4ms
[2024-08-28T13:01:56.752+0000][info][gc,phases   ] GC(360)   Merge Heap Roots: 0.6ms
[2024-08-28T13:01:56.752+0000][info][gc,phases   ] GC(360)   Evacuate Collection Set: 13.6ms
[2024-08-28T13:01:56.752+0000][info][gc,phases   ] GC(360)   Post Evacuate Collection Set: 0.6ms
[2024-08-28T13:01:56.752+0000][info][gc,phases   ] GC(360)   Other: 0.3ms
[2024-08-28T13:01:56.752+0000][info][gc,heap     ] GC(360) Eden regions: 89->0(220)
[2024-08-28T13:01:56.752+0000][info][gc,heap     ] GC(360) Survivor regions: 13->13(13)
[2024-08-28T13:01:56.752+0000][info][gc,heap     ] GC(360) Old regions: 1228->1138
[2024-08-28T13:01:56.752+0000][info][gc,heap     ] GC(360) Archive regions: 2->2
[2024-08-28T13:01:56.752+0000][info][gc,heap     ] GC(360) Humongous regions: 5->5
[2024-08-28T13:01:56.752+0000][info][gc,metaspace] GC(360) Metaspace: 100K(320K)->100K(320K) NonClass: 96K(192K)->96K(192K) Class: 4K(128K)->4K(128K)
[2024-08-28T13:01:56.752+0000][info][gc          ] GC(360) Pause Young (Mixed) (G1 Evacuation Pause) 1335M->1156M(2048M) 15.471ms
[2024-08-28T13:01:56.752+0000][info][gc,cpu      ] GC(360) User=0.68s Sys=0.00s Real=0.02s
[2024-08-28T13:01:56.880+0000][info][gc,start    ] GC(361) Pause Young (Normal) (G1 Evacuation Pause)
[2024-08-28T13:01:56.880+0000][info][gc,task     ] GC(361) Using 49 workers of 68 for evacuation
[2024-08-28T13:01:56.908+0000][info][gc,phases   ] GC(361)   Pre Evacuate Collection Set: 0.3ms
[2024-08-28T13:01:56.908+0000][info][gc,phases   ] GC(361)   Merge Heap Roots: 0.7ms
[2024-08-28T13:01:56.908+0000][info][gc,phases   ] GC(361)   Evacuate Collection Set: 25.6ms
[2024-08-28T13:01:56.908+0000][info][gc,phases   ] GC(361)   Post Evacuate Collection Set: 0.6ms
[2024-08-28T13:01:56.908+0000][info][gc,phases   ] GC(361)   Other: 0.2ms
[2024-08-28T13:01:56.908+0000][info][gc,heap     ] GC(361) Eden regions: 220->0(150)
[2024-08-28T13:01:56.908+0000][info][gc,heap     ] GC(361) Survivor regions: 13->30(30)
[2024-08-28T13:01:56.908+0000][info][gc,heap     ] GC(361) Old regions: 1138->1337
[2024-08-28T13:01:56.908+0000][info][gc,heap     ] GC(361) Archive regions: 2->2
[2024-08-28T13:01:56.908+0000][info][gc,heap     ] GC(361) Humongous regions: 5->5
[2024-08-28T13:01:56.908+0000][info][gc,metaspace] GC(361) Metaspace: 100K(320K)->100K(320K) NonClass: 96K(192K)->96K(192K) Class: 4K(128K)->4K(128K)
[2024-08-28T13:01:56.908+0000][info][gc          ] GC(361) Pause Young (Normal) (G1 Evacuation Pause) 1376M->1372M(2048M) 27.516ms
[2024-08-28T13:01:56.908+0000][info][gc,cpu      ] GC(361) User=1.27s Sys=0.00s Real=0.02s
[2024-08-28T13:01:56.993+0000][info][gc,start    ] GC(362) Pause Young (Normal) (G1 Evacuation Pause)
[2024-08-28T13:01:56.993+0000][info][gc,task     ] GC(362) Using 49 workers of 68 for evacuation
[2024-08-28T13:01:57.017+0000][info][gc,phases   ] GC(362)   Pre Evacuate Collection Set: 0.3ms
[2024-08-28T13:01:57.017+0000][info][gc,phases   ] GC(362)   Merge Heap Roots: 1.1ms
[2024-08-28T13:01:57.017+0000][info][gc,phases   ] GC(362)   Evacuate Collection Set: 21.7ms
[2024-08-28T13:01:57.017+0000][info][gc,phases   ] GC(362)   Post Evacuate Collection Set: 0.6ms
[2024-08-28T13:01:57.017+0000][info][gc,phases   ] GC(362)   Other: 0.3ms
[2024-08-28T13:01:57.017+0000][info][gc,heap     ] GC(362) Eden regions: 150->0(100)
[2024-08-28T13:01:57.017+0000][info][gc,heap     ] GC(362) Survivor regions: 30->23(23)
[2024-08-28T13:01:57.017+0000][info][gc,heap     ] GC(362) Old regions: 1337->1498
[2024-08-28T13:01:57.017+0000][info][gc,heap     ] GC(362) Archive regions: 2->2
[2024-08-28T13:01:57.017+0000][info][gc,heap     ] GC(362) Humongous regions: 5->5
[2024-08-28T13:01:57.017+0000][info][gc,metaspace] GC(362) Metaspace: 100K(320K)->100K(320K) NonClass: 96K(192K)->96K(192K) Class: 4K(128K)->4K(128K)
[2024-08-28T13:01:57.017+0000][info][gc          ] GC(362) Pause Young (Normal) (G1 Evacuation Pause) 1522M->1526M(2048M) 23.944ms
[2024-08-28T13:01:57.017+0000][info][gc,cpu      ] GC(362) User=1.10s Sys=0.00s Real=0.02s
[2024-08-28T13:01:57.075+0000][info][gc,start    ] GC(363) Pause Young (Concurrent Start) (G1 Evacuation Pause)
[2024-08-28T13:01:57.075+0000][info][gc,task     ] GC(363) Using 49 workers of 68 for evacuation
[2024-08-28T13:01:57.094+0000][info][gc,phases   ] GC(363)   Pre Evacuate Collection Set: 0.3ms
[2024-08-28T13:01:57.094+0000][info][gc,phases   ] GC(363)   Merge Heap Roots: 0.5ms
[2024-08-28T13:01:57.094+0000][info][gc,phases   ] GC(363)   Evacuate Collection Set: 16.9ms
[2024-08-28T13:01:57.094+0000][info][gc,phases   ] GC(363)   Post Evacuate Collection Set: 0.5ms
[2024-08-28T13:01:57.094+0000][info][gc,phases   ] GC(363)   Other: 0.7ms
[2024-08-28T13:01:57.094+0000][info][gc,heap     ] GC(363) Eden regions: 100->0(86)
[2024-08-28T13:01:57.094+0000][info][gc,heap     ] GC(363) Survivor regions: 23->16(16)
[2024-08-28T13:01:57.094+0000][info][gc,heap     ] GC(363) Old regions: 1498->1613
[2024-08-28T13:01:57.094+0000][info][gc,heap     ] GC(363) Archive regions: 2->2
[2024-08-28T13:01:57.094+0000][info][gc,heap     ] GC(363) Humongous regions: 5->5
[2024-08-28T13:01:57.094+0000][info][gc,metaspace] GC(363) Metaspace: 100K(320K)->100K(320K) NonClass: 96K(192K)->96K(192K) Class: 4K(128K)->4K(128K)
[2024-08-28T13:01:57.094+0000][info][gc          ] GC(363) Pause Young (Concurrent Start) (G1 Evacuation Pause) 1626M->1634M(2048M) 19.017ms
[2024-08-28T13:01:57.094+0000][info][gc,cpu      ] GC(363) User=0.84s Sys=0.00s Real=0.02s
[2024-08-28T13:01:57.094+0000][info][gc          ] GC(364) Concurrent Mark Cycle
[2024-08-28T13:01:57.094+0000][info][gc,marking  ] GC(364) Concurrent Clear Claimed Marks
[2024-08-28T13:01:57.094+0000][info][gc,marking  ] GC(364) Concurrent Clear Claimed Marks 0.009ms
[2024-08-28T13:01:57.094+0000][info][gc,marking  ] GC(364) Concurrent Scan Root Regions
[2024-08-28T13:01:57.098+0000][info][gc,marking  ] GC(364) Concurrent Scan Root Regions 3.097ms
[2024-08-28T13:01:57.098+0000][info][gc,marking  ] GC(364) Concurrent Mark
[2024-08-28T13:01:57.098+0000][info][gc,marking  ] GC(364) Concurrent Mark From Roots
[2024-08-28T13:01:57.098+0000][info][gc,task     ] GC(364) Using 17 workers of 17 for marking
[2024-08-28T13:01:57.118+0000][info][gc,marking  ] GC(364) Concurrent Mark From Roots 20.838ms
[2024-08-28T13:01:57.118+0000][info][gc,marking  ] GC(364) Concurrent Preclean
[2024-08-28T13:01:57.119+0000][info][gc,marking  ] GC(364) Concurrent Preclean 0.495ms
[2024-08-28T13:01:57.119+0000][info][gc,start    ] GC(364) Pause Remark
[2024-08-28T13:01:57.121+0000][info][gc          ] GC(364) Pause Remark 1665M->1386M(2048M) 2.111ms
[2024-08-28T13:01:57.121+0000][info][gc,cpu      ] GC(364) User=0.02s Sys=0.00s Real=0.00s
[2024-08-28T13:01:57.121+0000][info][gc,marking  ] GC(364) Concurrent Mark 23.901ms
[2024-08-28T13:01:57.121+0000][info][gc,marking  ] GC(364) Concurrent Rebuild Remembered Sets
[2024-08-28T13:01:57.152+0000][info][gc,start    ] GC(365) Pause Young (Normal) (G1 Evacuation Pause)
[2024-08-28T13:01:57.152+0000][info][gc,task     ] GC(365) Using 49 workers of 68 for evacuation
[2024-08-28T13:01:57.169+0000][info][gc,phases   ] GC(365)   Pre Evacuate Collection Set: 0.3ms
[2024-08-28T13:01:57.169+0000][info][gc,phases   ] GC(365)   Merge Heap Roots: 0.9ms
[2024-08-28T13:01:57.169+0000][info][gc,phases   ] GC(365)   Evacuate Collection Set: 14.2ms
[2024-08-28T13:01:57.169+0000][info][gc,phases   ] GC(365)   Post Evacuate Collection Set: 0.8ms
[2024-08-28T13:01:57.169+0000][info][gc,phases   ] GC(365)   Other: 0.2ms
[2024-08-28T13:01:57.169+0000][info][gc,heap     ] GC(365) Eden regions: 86->0(125)
[2024-08-28T13:01:57.169+0000][info][gc,heap     ] GC(365) Survivor regions: 16->13(13)
[2024-08-28T13:01:57.169+0000][info][gc,heap     ] GC(365) Old regions: 1334->1430
[2024-08-28T13:01:57.169+0000][info][gc,heap     ] GC(365) Archive regions: 2->2
[2024-08-28T13:01:57.169+0000][info][gc,heap     ] GC(365) Humongous regions: 5->5
[2024-08-28T13:01:57.169+0000][info][gc,metaspace] GC(365) Metaspace: 100K(320K)->100K(320K) NonClass: 96K(192K)->96K(192K) Class: 4K(128K)->4K(128K)
[2024-08-28T13:01:57.169+0000][info][gc          ] GC(365) Pause Young (Normal) (G1 Evacuation Pause) 1441M->1448M(2048M) 16.471ms
[2024-08-28T13:01:57.169+0000][info][gc,cpu      ] GC(365) User=0.74s Sys=0.00s Real=0.01s
[2024-08-28T13:01:57.186+0000][info][gc,marking  ] GC(364) Concurrent Rebuild Remembered Sets 65.031ms
[2024-08-28T13:01:57.187+0000][info][gc,start    ] GC(364) Pause Cleanup
[2024-08-28T13:01:57.190+0000][info][gc          ] GC(364) Pause Cleanup 1478M->1478M(2048M) 2.783ms
[2024-08-28T13:01:57.190+0000][info][gc,cpu      ] GC(364) User=0.01s Sys=0.00s Real=0.01s
[2024-08-28T13:01:57.190+0000][info][gc,marking  ] GC(364) Concurrent Cleanup for Next Mark
[2024-08-28T13:01:57.191+0000][info][gc,marking  ] GC(364) Concurrent Cleanup for Next Mark 1.354ms
[2024-08-28T13:01:57.191+0000][info][gc          ] GC(364) Concurrent Mark Cycle 96.696ms
[2024-08-28T13:01:57.246+0000][info][gc,start    ] GC(366) Pause Young (Prepare Mixed) (G1 Evacuation Pause)
[2024-08-28T13:01:57.246+0000][info][gc,task     ] GC(366) Using 49 workers of 68 for evacuation
[2024-08-28T13:01:57.265+0000][info][gc,phases   ] GC(366)   Pre Evacuate Collection Set: 0.3ms
[2024-08-28T13:01:57.265+0000][info][gc,phases   ] GC(366)   Merge Heap Roots: 1.0ms
[2024-08-28T13:01:57.265+0000][info][gc,phases   ] GC(366)   Evacuate Collection Set: 17.0ms
[2024-08-28T13:01:57.265+0000][info][gc,phases   ] GC(366)   Post Evacuate Collection Set: 0.5ms
[2024-08-28T13:01:57.265+0000][info][gc,phases   ] GC(366)   Other: 0.3ms
[2024-08-28T13:01:57.265+0000][info][gc,heap     ] GC(366) Eden regions: 125->0(84)
[2024-08-28T13:01:57.265+0000][info][gc,heap     ] GC(366) Survivor regions: 13->18(18)
[2024-08-28T13:01:57.265+0000][info][gc,heap     ] GC(366) Old regions: 1430->1553
[2024-08-28T13:01:57.265+0000][info][gc,heap     ] GC(366) Archive regions: 2->2
[2024-08-28T13:01:57.265+0000][info][gc,heap     ] GC(366) Humongous regions: 5->5
[2024-08-28T13:01:57.265+0000][info][gc,metaspace] GC(366) Metaspace: 100K(320K)->100K(320K) NonClass: 96K(192K)->96K(192K) Class: 4K(128K)->4K(128K)
[2024-08-28T13:01:57.265+0000][info][gc          ] GC(366) Pause Young (Prepare Mixed) (G1 Evacuation Pause) 1573M->1576M(2048M) 19.068ms
[2024-08-28T13:01:57.265+0000][info][gc,cpu      ] GC(366) User=0.86s Sys=0.01s Real=0.02s
[2024-08-28T13:01:57.315+0000][info][gc,start    ] GC(367) Pause Young (Mixed) (G1 Evacuation Pause)
[2024-08-28T13:01:57.315+0000][info][gc,task     ] GC(367) Using 49 workers of 68 for evacuation
[2024-08-28T13:01:57.331+0000][info][gc,phases   ] GC(367)   Pre Evacuate Collection Set: 0.4ms
[2024-08-28T13:01:57.331+0000][info][gc,phases   ] GC(367)   Merge Heap Roots: 0.5ms
[2024-08-28T13:01:57.331+0000][info][gc,phases   ] GC(367)   Evacuate Collection Set: 14.5ms
[2024-08-28T13:01:57.331+0000][info][gc,phases   ] GC(367)   Post Evacuate Collection Set: 0.6ms
[2024-08-28T13:01:57.331+0000][info][gc,phases   ] GC(367)   Other: 0.3ms
[2024-08-28T13:01:57.331+0000][info][gc,heap     ] GC(367) Eden regions: 84->0(89)
[2024-08-28T13:01:57.331+0000][info][gc,heap     ] GC(367) Survivor regions: 18->13(13)
[2024-08-28T13:01:57.331+0000][info][gc,heap     ] GC(367) Old regions: 1553->1444
[2024-08-28T13:01:57.331+0000][info][gc,heap     ] GC(367) Archive regions: 2->2
[2024-08-28T13:01:57.331+0000][info][gc,heap     ] GC(367) Humongous regions: 5->5
[2024-08-28T13:01:57.331+0000][info][gc,metaspace] GC(367) Metaspace: 100K(320K)->100K(320K) NonClass: 96K(192K)->96K(192K) Class: 4K(128K)->4K(128K)
[2024-08-28T13:01:57.331+0000][info][gc          ] GC(367) Pause Young (Mixed) (G1 Evacuation Pause) 1660M->1462M(2048M) 16.287ms
[2024-08-28T13:01:57.331+0000][info][gc,cpu      ] GC(367) User=0.70s Sys=0.01s Real=0.02s
[2024-08-28T13:01:57.384+0000][info][gc,start    ] GC(368) Pause Young (Mixed) (G1 Evacuation Pause)
[2024-08-28T13:01:57.384+0000][info][gc,task     ] GC(368) Using 49 workers of 68 for evacuation
[2024-08-28T13:01:57.400+0000][info][gc,phases   ] GC(368)   Pre Evacuate Collection Set: 0.4ms
[2024-08-28T13:01:57.400+0000][info][gc,phases   ] GC(368)   Merge Heap Roots: 0.8ms
[2024-08-28T13:01:57.400+0000][info][gc,phases   ] GC(368)   Evacuate Collection Set: 13.7ms
[2024-08-28T13:01:57.400+0000][info][gc,phases   ] GC(368)   Post Evacuate Collection Set: 0.6ms
[2024-08-28T13:01:57.400+0000][info][gc,phases   ] GC(368)   Other: 0.2ms
[2024-08-28T13:01:57.400+0000][info][gc,heap     ] GC(368) Eden regions: 89->0(89)
[2024-08-28T13:01:57.400+0000][info][gc,heap     ] GC(368) Survivor regions: 13->13(13)
[2024-08-28T13:01:57.400+0000][info][gc,heap     ] GC(368) Old regions: 1444->1332
[2024-08-28T13:01:57.400+0000][info][gc,heap     ] GC(368) Archive regions: 2->2
[2024-08-28T13:01:57.400+0000][info][gc,heap     ] GC(368) Humongous regions: 5->5
[2024-08-28T13:01:57.400+0000][info][gc,metaspace] GC(368) Metaspace: 100K(320K)->100K(320K) NonClass: 96K(192K)->96K(192K) Class: 4K(128K)->4K(128K)
[2024-08-28T13:01:57.400+0000][info][gc          ] GC(368) Pause Young (Mixed) (G1 Evacuation Pause) 1551M->1350M(2048M) 15.833ms
[2024-08-28T13:01:57.400+0000][info][gc,cpu      ] GC(368) User=0.71s Sys=0.00s Real=0.02s
[2024-08-28T13:01:57.458+0000][info][gc,start    ] GC(369) Pause Young (Mixed) (G1 Evacuation Pause)
[2024-08-28T13:01:57.458+0000][info][gc,task     ] GC(369) Using 49 workers of 68 for evacuation
[2024-08-28T13:01:57.474+0000][info][gc,phases   ] GC(369)   Pre Evacuate Collection Set: 0.3ms
[2024-08-28T13:01:57.474+0000][info][gc,phases   ] GC(369)   Merge Heap Roots: 0.6ms
[2024-08-28T13:01:57.474+0000][info][gc,phases   ] GC(369)   Evacuate Collection Set: 13.9ms
[2024-08-28T13:01:57.474+0000][info][gc,phases   ] GC(369)   Post Evacuate Collection Set: 0.7ms
[2024-08-28T13:01:57.474+0000][info][gc,phases   ] GC(369)   Other: 0.2ms
[2024-08-28T13:01:57.474+0000][info][gc,heap     ] GC(369) Eden regions: 89->0(89)
[2024-08-28T13:01:57.474+0000][info][gc,heap     ] GC(369) Survivor regions: 13->13(13)
[2024-08-28T13:01:57.474+0000][info][gc,heap     ] GC(369) Old regions: 1332->1221
[2024-08-28T13:01:57.474+0000][info][gc,heap     ] GC(369) Archive regions: 2->2
[2024-08-28T13:01:57.474+0000][info][gc,heap     ] GC(369) Humongous regions: 5->5
[2024-08-28T13:01:57.474+0000][info][gc,metaspace] GC(369) Metaspace: 100K(320K)->100K(320K) NonClass: 96K(192K)->96K(192K) Class: 4K(128K)->4K(128K)
[2024-08-28T13:01:57.474+0000][info][gc          ] GC(369) Pause Young (Mixed) (G1 Evacuation Pause) 1439M->1239M(2048M) 15.779ms
[2024-08-28T13:01:57.474+0000][info][gc,cpu      ] GC(369) User=0.66s Sys=0.00s Real=0.01s
[2024-08-28T13:01:57.531+0000][info][gc,start    ] GC(370) Pause Young (Mixed) (G1 Evacuation Pause)
[2024-08-28T13:01:57.531+0000][info][gc,task     ] GC(370) Using 49 workers of 68 for evacuation
[2024-08-28T13:01:57.547+0000][info][gc,phases   ] GC(370)   Pre Evacuate Collection Set: 0.5ms
[2024-08-28T13:01:57.547+0000][info][gc,phases   ] GC(370)   Merge Heap Roots: 0.9ms
[2024-08-28T13:01:57.547+0000][info][gc,phases   ] GC(370)   Evacuate Collection Set: 13.8ms
[2024-08-28T13:01:57.547+0000][info][gc,phases   ] GC(370)   Post Evacuate Collection Set: 0.6ms
[2024-08-28T13:01:57.547+0000][info][gc,phases   ] GC(370)   Other: 0.2ms
[2024-08-28T13:01:57.547+0000][info][gc,heap     ] GC(370) Eden regions: 89->0(219)
[2024-08-28T13:01:57.547+0000][info][gc,heap     ] GC(370) Survivor regions: 13->13(13)
[2024-08-28T13:01:57.547+0000][info][gc,heap     ] GC(370) Old regions: 1221->1140
[2024-08-28T13:01:57.547+0000][info][gc,heap     ] GC(370) Archive regions: 2->2
[2024-08-28T13:01:57.547+0000][info][gc,heap     ] GC(370) Humongous regions: 5->5
[2024-08-28T13:01:57.547+0000][info][gc,metaspace] GC(370) Metaspace: 100K(320K)->100K(320K) NonClass: 96K(192K)->96K(192K) Class: 4K(128K)->4K(128K)
[2024-08-28T13:01:57.547+0000][info][gc          ] GC(370) Pause Young (Mixed) (G1 Evacuation Pause) 1328M->1158M(2048M) 16.046ms
[2024-08-28T13:01:57.547+0000][info][gc,cpu      ] GC(370) User=0.71s Sys=0.00s Real=0.01s
[2024-08-28T13:01:57.687+0000][info][gc,start    ] GC(371) Pause Young (Normal) (G1 Evacuation Pause)
[2024-08-28T13:01:57.687+0000][info][gc,task     ] GC(371) Using 49 workers of 68 for evacuation
[2024-08-28T13:01:57.713+0000][info][gc,phases   ] GC(371)   Pre Evacuate Collection Set: 0.3ms
[2024-08-28T13:01:57.713+0000][info][gc,phases   ] GC(371)   Merge Heap Roots: 1.1ms
[2024-08-28T13:01:57.713+0000][info][gc,phases   ] GC(371)   Evacuate Collection Set: 23.2ms
[2024-08-28T13:01:57.713+0000][info][gc,phases   ] GC(371)   Post Evacuate Collection Set: 0.6ms
[2024-08-28T13:01:57.713+0000][info][gc,phases   ] GC(371)   Other: 0.3ms
[2024-08-28T13:01:57.713+0000][info][gc,heap     ] GC(371) Eden regions: 219->0(149)
[2024-08-28T13:01:57.713+0000][info][gc,heap     ] GC(371) Survivor regions: 13->29(29)
[2024-08-28T13:01:57.713+0000][info][gc,heap     ] GC(371) Old regions: 1140->1340
[2024-08-28T13:01:57.713+0000][info][gc,heap     ] GC(371) Archive regions: 2->2
[2024-08-28T13:01:57.713+0000][info][gc,heap     ] GC(371) Humongous regions: 5->5
[2024-08-28T13:01:57.713+0000][info][gc,metaspace] GC(371) Metaspace: 100K(320K)->100K(320K) NonClass: 96K(192K)->96K(192K) Class: 4K(128K)->4K(128K)
[2024-08-28T13:01:57.713+0000][info][gc          ] GC(371) Pause Young (Normal) (G1 Evacuation Pause) 1377M->1374M(2048M) 25.627ms
[2024-08-28T13:01:57.713+0000][info][gc,cpu      ] GC(371) User=1.18s Sys=0.00s Real=0.03s
[2024-08-28T13:01:57.808+0000][info][gc,start    ] GC(372) Pause Young (Normal) (G1 Evacuation Pause)
[2024-08-28T13:01:57.808+0000][info][gc,task     ] GC(372) Using 49 workers of 68 for evacuation
[2024-08-28T13:01:57.832+0000][info][gc,phases   ] GC(372)   Pre Evacuate Collection Set: 0.3ms
[2024-08-28T13:01:57.833+0000][info][gc,phases   ] GC(372)   Merge Heap Roots: 1.0ms
[2024-08-28T13:01:57.833+0000][info][gc,phases   ] GC(372)   Evacuate Collection Set: 22.2ms
[2024-08-28T13:01:57.833+0000][info][gc,phases   ] GC(372)   Post Evacuate Collection Set: 0.6ms
[2024-08-28T13:01:57.833+0000][info][gc,phases   ] GC(372)   Other: 0.3ms
[2024-08-28T13:01:57.833+0000][info][gc,heap     ] GC(372) Eden regions: 149->0(100)
[2024-08-28T13:01:57.833+0000][info][gc,heap     ] GC(372) Survivor regions: 29->23(23)
[2024-08-28T13:01:57.833+0000][info][gc,heap     ] GC(372) Old regions: 1340->1498
[2024-08-28T13:01:57.833+0000][info][gc,heap     ] GC(372) Archive regions: 2->2
[2024-08-28T13:01:57.833+0000][info][gc,heap     ] GC(372) Humongous regions: 5->5
[2024-08-28T13:01:57.833+0000][info][gc,metaspace] GC(372) Metaspace: 100K(320K)->100K(320K) NonClass: 96K(192K)->96K(192K) Class: 4K(128K)->4K(128K)
[2024-08-28T13:01:57.833+0000][info][gc          ] GC(372) Pause Young (Normal) (G1 Evacuation Pause) 1523M->1526M(2048M) 24.414ms
[2024-08-28T13:01:57.833+0000][info][gc,cpu      ] GC(372) User=1.13s Sys=0.00s Real=0.03s
[2024-08-28T13:01:57.898+0000][info][gc,start    ] GC(373) Pause Young (Concurrent Start) (G1 Evacuation Pause)
[2024-08-28T13:01:57.898+0000][info][gc,task     ] GC(373) Using 49 workers of 68 for evacuation
[2024-08-28T13:01:57.918+0000][info][gc,phases   ] GC(373)   Pre Evacuate Collection Set: 0.4ms
[2024-08-28T13:01:57.918+0000][info][gc,phases   ] GC(373)   Merge Heap Roots: 1.0ms
[2024-08-28T13:01:57.918+0000][info][gc,phases   ] GC(373)   Evacuate Collection Set: 16.6ms
[2024-08-28T13:01:57.918+0000][info][gc,phases   ] GC(373)   Post Evacuate Collection Set: 0.6ms
[2024-08-28T13:01:57.918+0000][info][gc,phases   ] GC(373)   Other: 0.8ms
[2024-08-28T13:01:57.918+0000][info][gc,heap     ] GC(373) Eden regions: 100->0(86)
[2024-08-28T13:01:57.918+0000][info][gc,heap     ] GC(373) Survivor regions: 23->16(16)
[2024-08-28T13:01:57.918+0000][info][gc,heap     ] GC(373) Old regions: 1498->1613
[2024-08-28T13:01:57.918+0000][info][gc,heap     ] GC(373) Archive regions: 2->2
[2024-08-28T13:01:57.918+0000][info][gc,heap     ] GC(373) Humongous regions: 5->5
[2024-08-28T13:01:57.918+0000][info][gc,metaspace] GC(373) Metaspace: 100K(320K)->100K(320K) NonClass: 96K(192K)->96K(192K) Class: 4K(128K)->4K(128K)
[2024-08-28T13:01:57.918+0000][info][gc          ] GC(373) Pause Young (Concurrent Start) (G1 Evacuation Pause) 1626M->1634M(2048M) 19.398ms
[2024-08-28T13:01:57.918+0000][info][gc,cpu      ] GC(373) User=0.85s Sys=0.01s Real=0.02s
[2024-08-28T13:01:57.918+0000][info][gc          ] GC(374) Concurrent Mark Cycle
[2024-08-28T13:01:57.918+0000][info][gc,marking  ] GC(374) Concurrent Clear Claimed Marks
[2024-08-28T13:01:57.918+0000][info][gc,marking  ] GC(374) Concurrent Clear Claimed Marks 0.010ms
[2024-08-28T13:01:57.918+0000][info][gc,marking  ] GC(374) Concurrent Scan Root Regions
[2024-08-28T13:01:57.921+0000][info][gc,marking  ] GC(374) Concurrent Scan Root Regions 3.274ms
[2024-08-28T13:01:57.921+0000][info][gc,marking  ] GC(374) Concurrent Mark
[2024-08-28T13:01:57.921+0000][info][gc,marking  ] GC(374) Concurrent Mark From Roots
[2024-08-28T13:01:57.921+0000][info][gc,task     ] GC(374) Using 17 workers of 17 for marking
[2024-08-28T13:01:57.942+0000][info][gc,marking  ] GC(374) Concurrent Mark From Roots 20.960ms
[2024-08-28T13:01:57.942+0000][info][gc,marking  ] GC(374) Concurrent Preclean
[2024-08-28T13:01:57.943+0000][info][gc,marking  ] GC(374) Concurrent Preclean 0.494ms
[2024-08-28T13:01:57.943+0000][info][gc,start    ] GC(374) Pause Remark
[2024-08-28T13:01:57.945+0000][info][gc          ] GC(374) Pause Remark 1666M->1396M(2048M) 2.002ms
[2024-08-28T13:01:57.945+0000][info][gc,cpu      ] GC(374) User=0.01s Sys=0.00s Real=0.00s
[2024-08-28T13:01:57.945+0000][info][gc,marking  ] GC(374) Concurrent Mark 23.938ms
[2024-08-28T13:01:57.945+0000][info][gc,marking  ] GC(374) Concurrent Rebuild Remembered Sets
[2024-08-28T13:01:57.976+0000][info][gc,start    ] GC(375) Pause Young (Normal) (G1 Evacuation Pause)
[2024-08-28T13:01:57.976+0000][info][gc,task     ] GC(375) Using 49 workers of 68 for evacuation
[2024-08-28T13:01:57.992+0000][info][gc,phases   ] GC(375)   Pre Evacuate Collection Set: 0.3ms
[2024-08-28T13:01:57.992+0000][info][gc,phases   ] GC(375)   Merge Heap Roots: 0.9ms
[2024-08-28T13:01:57.992+0000][info][gc,phases   ] GC(375)   Evacuate Collection Set: 13.4ms
[2024-08-28T13:01:57.992+0000][info][gc,phases   ] GC(375)   Post Evacuate Collection Set: 0.8ms
[2024-08-28T13:01:57.992+0000][info][gc,phases   ] GC(375)   Other: 0.3ms
[2024-08-28T13:01:57.992+0000][info][gc,heap     ] GC(375) Eden regions: 86->0(122)
[2024-08-28T13:01:57.992+0000][info][gc,heap     ] GC(375) Survivor regions: 16->13(13)
[2024-08-28T13:01:57.992+0000][info][gc,heap     ] GC(375) Old regions: 1343->1439
[2024-08-28T13:01:57.992+0000][info][gc,heap     ] GC(375) Archive regions: 2->2
[2024-08-28T13:01:57.992+0000][info][gc,heap     ] GC(375) Humongous regions: 5->5
[2024-08-28T13:01:57.992+0000][info][gc,metaspace] GC(375) Metaspace: 100K(320K)->100K(320K) NonClass: 96K(192K)->96K(192K) Class: 4K(128K)->4K(128K)
[2024-08-28T13:01:57.992+0000][info][gc          ] GC(375) Pause Young (Normal) (G1 Evacuation Pause) 1450M->1457M(2048M) 15.726ms
[2024-08-28T13:01:57.992+0000][info][gc,cpu      ] GC(375) User=0.71s Sys=0.00s Real=0.02s
[2024-08-28T13:01:58.009+0000][info][gc,marking  ] GC(374) Concurrent Rebuild Remembered Sets 63.858ms
[2024-08-28T13:01:58.009+0000][info][gc,start    ] GC(374) Pause Cleanup
[2024-08-28T13:01:58.013+0000][info][gc          ] GC(374) Pause Cleanup 1486M->1486M(2048M) 3.515ms
[2024-08-28T13:01:58.013+0000][info][gc,cpu      ] GC(374) User=0.02s Sys=0.01s Real=0.01s
[2024-08-28T13:01:58.013+0000][info][gc,marking  ] GC(374) Concurrent Cleanup for Next Mark
[2024-08-28T13:01:58.015+0000][info][gc,marking  ] GC(374) Concurrent Cleanup for Next Mark 1.342ms
[2024-08-28T13:01:58.015+0000][info][gc          ] GC(374) Concurrent Mark Cycle 96.665ms
[2024-08-28T13:01:58.068+0000][info][gc,start    ] GC(376) Pause Young (Prepare Mixed) (G1 Evacuation Pause)
[2024-08-28T13:01:58.068+0000][info][gc,task     ] GC(376) Using 49 workers of 68 for evacuation
[2024-08-28T13:01:58.087+0000][info][gc,phases   ] GC(376)   Pre Evacuate Collection Set: 0.3ms
[2024-08-28T13:01:58.087+0000][info][gc,phases   ] GC(376)   Merge Heap Roots: 0.9ms
[2024-08-28T13:01:58.087+0000][info][gc,phases   ] GC(376)   Evacuate Collection Set: 17.0ms
[2024-08-28T13:01:58.087+0000][info][gc,phases   ] GC(376)   Post Evacuate Collection Set: 0.5ms
[2024-08-28T13:01:58.087+0000][info][gc,phases   ] GC(376)   Other: 0.2ms
[2024-08-28T13:01:58.087+0000][info][gc,heap     ] GC(376) Eden regions: 122->0(85)
[2024-08-28T13:01:58.087+0000][info][gc,heap     ] GC(376) Survivor regions: 13->17(17)
[2024-08-28T13:01:58.087+0000][info][gc,heap     ] GC(376) Old regions: 1439->1560
[2024-08-28T13:01:58.087+0000][info][gc,heap     ] GC(376) Archive regions: 2->2
[2024-08-28T13:01:58.087+0000][info][gc,heap     ] GC(376) Humongous regions: 5->5
[2024-08-28T13:01:58.087+0000][info][gc,metaspace] GC(376) Metaspace: 100K(320K)->100K(320K) NonClass: 96K(192K)->96K(192K) Class: 4K(128K)->4K(128K)
[2024-08-28T13:01:58.087+0000][info][gc          ] GC(376) Pause Young (Prepare Mixed) (G1 Evacuation Pause) 1579M->1582M(2048M) 19.069ms
[2024-08-28T13:01:58.087+0000][info][gc,cpu      ] GC(376) User=0.85s Sys=0.00s Real=0.02s
[2024-08-28T13:01:58.137+0000][info][gc,start    ] GC(377) Pause Young (Mixed) (G1 Evacuation Pause)
[2024-08-28T13:01:58.137+0000][info][gc,task     ] GC(377) Using 49 workers of 68 for evacuation
[2024-08-28T13:01:58.154+0000][info][gc,phases   ] GC(377)   Pre Evacuate Collection Set: 0.5ms
[2024-08-28T13:01:58.154+0000][info][gc,phases   ] GC(377)   Merge Heap Roots: 0.8ms
[2024-08-28T13:01:58.154+0000][info][gc,phases   ] GC(377)   Evacuate Collection Set: 14.2ms
[2024-08-28T13:01:58.154+0000][info][gc,phases   ] GC(377)   Post Evacuate Collection Set: 0.6ms
[2024-08-28T13:01:58.154+0000][info][gc,phases   ] GC(377)   Other: 0.2ms
[2024-08-28T13:01:58.154+0000][info][gc,heap     ] GC(377) Eden regions: 85->0(89)
[2024-08-28T13:01:58.154+0000][info][gc,heap     ] GC(377) Survivor regions: 17->13(13)
[2024-08-28T13:01:58.154+0000][info][gc,heap     ] GC(377) Old regions: 1560->1450
[2024-08-28T13:01:58.154+0000][info][gc,heap     ] GC(377) Archive regions: 2->2
[2024-08-28T13:01:58.154+0000][info][gc,heap     ] GC(377) Humongous regions: 5->5
[2024-08-28T13:01:58.154+0000][info][gc,metaspace] GC(377) Metaspace: 100K(320K)->100K(320K) NonClass: 96K(192K)->96K(192K) Class: 4K(128K)->4K(128K)
[2024-08-28T13:01:58.154+0000][info][gc          ] GC(377) Pause Young (Mixed) (G1 Evacuation Pause) 1667M->1468M(2048M) 16.363ms
[2024-08-28T13:01:58.154+0000][info][gc,cpu      ] GC(377) User=0.71s Sys=0.01s Real=0.02s
[2024-08-28T13:01:58.206+0000][info][gc,start    ] GC(378) Pause Young (Mixed) (G1 Evacuation Pause)
[2024-08-28T13:01:58.206+0000][info][gc,task     ] GC(378) Using 49 workers of 68 for evacuation
[2024-08-28T13:01:58.221+0000][info][gc,phases   ] GC(378)   Pre Evacuate Collection Set: 0.4ms
[2024-08-28T13:01:58.221+0000][info][gc,phases   ] GC(378)   Merge Heap Roots: 0.5ms
[2024-08-28T13:01:58.221+0000][info][gc,phases   ] GC(378)   Evacuate Collection Set: 13.8ms
[2024-08-28T13:01:58.221+0000][info][gc,phases   ] GC(378)   Post Evacuate Collection Set: 0.6ms
[2024-08-28T13:01:58.221+0000][info][gc,phases   ] GC(378)   Other: 0.2ms
[2024-08-28T13:01:58.221+0000][info][gc,heap     ] GC(378) Eden regions: 89->0(89)
[2024-08-28T13:01:58.221+0000][info][gc,heap     ] GC(378) Survivor regions: 13->13(13)
[2024-08-28T13:01:58.221+0000][info][gc,heap     ] GC(378) Old regions: 1450->1339
[2024-08-28T13:01:58.221+0000][info][gc,heap     ] GC(378) Archive regions: 2->2
[2024-08-28T13:01:58.221+0000][info][gc,heap     ] GC(378) Humongous regions: 5->5
[2024-08-28T13:01:58.221+0000][info][gc,metaspace] GC(378) Metaspace: 100K(320K)->100K(320K) NonClass: 96K(192K)->96K(192K) Class: 4K(128K)->4K(128K)
[2024-08-28T13:01:58.221+0000][info][gc          ] GC(378) Pause Young (Mixed) (G1 Evacuation Pause) 1557M->1357M(2048M) 15.619ms
[2024-08-28T13:01:58.221+0000][info][gc,cpu      ] GC(378) User=0.67s Sys=0.01s Real=0.02s
[2024-08-28T13:01:58.274+0000][info][gc,start    ] GC(379) Pause Young (Mixed) (G1 Evacuation Pause)
[2024-08-28T13:01:58.274+0000][info][gc,task     ] GC(379) Using 49 workers of 68 for evacuation
[2024-08-28T13:01:58.289+0000][info][gc,phases   ] GC(379)   Pre Evacuate Collection Set: 0.5ms
[2024-08-28T13:01:58.289+0000][info][gc,phases   ] GC(379)   Merge Heap Roots: 0.8ms
[2024-08-28T13:01:58.289+0000][info][gc,phases   ] GC(379)   Evacuate Collection Set: 13.6ms
[2024-08-28T13:01:58.289+0000][info][gc,phases   ] GC(379)   Post Evacuate Collection Set: 0.6ms
[2024-08-28T13:01:58.290+0000][info][gc,phases   ] GC(379)   Other: 0.3ms
[2024-08-28T13:01:58.290+0000][info][gc,heap     ] GC(379) Eden regions: 89->0(89)
[2024-08-28T13:01:58.290+0000][info][gc,heap     ] GC(379) Survivor regions: 13->13(13)
[2024-08-28T13:01:58.290+0000][info][gc,heap     ] GC(379) Old regions: 1339->1226
[2024-08-28T13:01:58.290+0000][info][gc,heap     ] GC(379) Archive regions: 2->2
[2024-08-28T13:01:58.290+0000][info][gc,heap     ] GC(379) Humongous regions: 5->5
[2024-08-28T13:01:58.290+0000][info][gc,metaspace] GC(379) Metaspace: 100K(320K)->100K(320K) NonClass: 96K(192K)->96K(192K) Class: 4K(128K)->4K(128K)
[2024-08-28T13:01:58.290+0000][info][gc          ] GC(379) Pause Young (Mixed) (G1 Evacuation Pause) 1446M->1244M(2048M) 15.908ms
[2024-08-28T13:01:58.290+0000][info][gc,cpu      ] GC(379) User=0.69s Sys=0.02s Real=0.02s
[2024-08-28T13:01:58.341+0000][info][gc,start    ] GC(380) Pause Young (Mixed) (G1 Evacuation Pause)
[2024-08-28T13:01:58.341+0000][info][gc,task     ] GC(380) Using 49 workers of 68 for evacuation
[2024-08-28T13:01:58.357+0000][info][gc,phases   ] GC(380)   Pre Evacuate Collection Set: 0.4ms
[2024-08-28T13:01:58.357+0000][info][gc,phases   ] GC(380)   Merge Heap Roots: 0.6ms
[2024-08-28T13:01:58.357+0000][info][gc,phases   ] GC(380)   Evacuate Collection Set: 14.2ms
[2024-08-28T13:01:58.357+0000][info][gc,phases   ] GC(380)   Post Evacuate Collection Set: 0.6ms
[2024-08-28T13:01:58.357+0000][info][gc,phases   ] GC(380)   Other: 0.2ms
[2024-08-28T13:01:58.357+0000][info][gc,heap     ] GC(380) Eden regions: 89->0(221)
[2024-08-28T13:01:58.357+0000][info][gc,heap     ] GC(380) Survivor regions: 13->13(13)
[2024-08-28T13:01:58.357+0000][info][gc,heap     ] GC(380) Old regions: 1226->1135
[2024-08-28T13:01:58.357+0000][info][gc,heap     ] GC(380) Archive regions: 2->2
[2024-08-28T13:01:58.357+0000][info][gc,heap     ] GC(380) Humongous regions: 5->5
[2024-08-28T13:01:58.357+0000][info][gc,metaspace] GC(380) Metaspace: 100K(320K)->100K(320K) NonClass: 96K(192K)->96K(192K) Class: 4K(128K)->4K(128K)
[2024-08-28T13:01:58.357+0000][info][gc          ] GC(380) Pause Young (Mixed) (G1 Evacuation Pause) 1333M->1153M(2048M) 16.047ms
[2024-08-28T13:01:58.357+0000][info][gc,cpu      ] GC(380) User=0.70s Sys=0.01s Real=0.01s
[2024-08-28T13:01:58.487+0000][info][gc,start    ] GC(381) Pause Young (Normal) (G1 Evacuation Pause)
[2024-08-28T13:01:58.488+0000][info][gc,task     ] GC(381) Using 49 workers of 68 for evacuation
[2024-08-28T13:01:58.514+0000][info][gc,phases   ] GC(381)   Pre Evacuate Collection Set: 0.3ms
[2024-08-28T13:01:58.515+0000][info][gc,phases   ] GC(381)   Merge Heap Roots: 0.7ms
[2024-08-28T13:01:58.515+0000][info][gc,phases   ] GC(381)   Evacuate Collection Set: 25.3ms
[2024-08-28T13:01:58.515+0000][info][gc,phases   ] GC(381)   Post Evacuate Collection Set: 0.6ms
[2024-08-28T13:01:58.515+0000][info][gc,phases   ] GC(381)   Other: 0.2ms
[2024-08-28T13:01:58.515+0000][info][gc,heap     ] GC(381) Eden regions: 221->0(150)
[2024-08-28T13:01:58.515+0000][info][gc,heap     ] GC(381) Survivor regions: 13->30(30)
[2024-08-28T13:01:58.515+0000][info][gc,heap     ] GC(381) Old regions: 1135->1335
[2024-08-28T13:01:58.515+0000][info][gc,heap     ] GC(381) Archive regions: 2->2
[2024-08-28T13:01:58.515+0000][info][gc,heap     ] GC(381) Humongous regions: 5->5
[2024-08-28T13:01:58.515+0000][info][gc,metaspace] GC(381) Metaspace: 100K(320K)->100K(320K) NonClass: 96K(192K)->96K(192K) Class: 4K(128K)->4K(128K)
[2024-08-28T13:01:58.515+0000][info][gc          ] GC(381) Pause Young (Normal) (G1 Evacuation Pause) 1374M->1370M(2048M) 27.140ms
[2024-08-28T13:01:58.515+0000][info][gc,cpu      ] GC(381) User=1.26s Sys=0.00s Real=0.03s
[2024-08-28T13:01:58.600+0000][info][gc,start    ] GC(382) Pause Young (Normal) (G1 Evacuation Pause)
[2024-08-28T13:01:58.600+0000][info][gc,task     ] GC(382) Using 49 workers of 68 for evacuation
[2024-08-28T13:01:58.623+0000][info][gc,phases   ] GC(382)   Pre Evacuate Collection Set: 0.3ms
[2024-08-28T13:01:58.623+0000][info][gc,phases   ] GC(382)   Merge Heap Roots: 1.0ms
[2024-08-28T13:01:58.623+0000][info][gc,phases   ] GC(382)   Evacuate Collection Set: 21.4ms
[2024-08-28T13:01:58.623+0000][info][gc,phases   ] GC(382)   Post Evacuate Collection Set: 0.5ms
[2024-08-28T13:01:58.623+0000][info][gc,phases   ] GC(382)   Other: 0.2ms
[2024-08-28T13:01:58.623+0000][info][gc,heap     ] GC(382) Eden regions: 150->0(101)
[2024-08-28T13:01:58.623+0000][info][gc,heap     ] GC(382) Survivor regions: 30->23(23)
[2024-08-28T13:01:58.623+0000][info][gc,heap     ] GC(382) Old regions: 1335->1495
[2024-08-28T13:01:58.623+0000][info][gc,heap     ] GC(382) Archive regions: 2->2
[2024-08-28T13:01:58.623+0000][info][gc,heap     ] GC(382) Humongous regions: 5->5
[2024-08-28T13:01:58.623+0000][info][gc,metaspace] GC(382) Metaspace: 100K(320K)->100K(320K) NonClass: 96K(192K)->96K(192K) Class: 4K(128K)->4K(128K)
[2024-08-28T13:01:58.623+0000][info][gc          ] GC(382) Pause Young (Normal) (G1 Evacuation Pause) 1520M->1523M(2048M) 23.532ms
[2024-08-28T13:01:58.623+0000][info][gc,cpu      ] GC(382) User=1.08s Sys=0.00s Real=0.02s
[2024-08-28T13:01:58.682+0000][info][gc,start    ] GC(383) Pause Young (Concurrent Start) (G1 Evacuation Pause)
[2024-08-28T13:01:58.682+0000][info][gc,task     ] GC(383) Using 49 workers of 68 for evacuation
[2024-08-28T13:01:58.701+0000][info][gc,phases   ] GC(383)   Pre Evacuate Collection Set: 0.3ms
[2024-08-28T13:01:58.701+0000][info][gc,phases   ] GC(383)   Merge Heap Roots: 0.4ms
[2024-08-28T13:01:58.701+0000][info][gc,phases   ] GC(383)   Evacuate Collection Set: 16.7ms
[2024-08-28T13:01:58.701+0000][info][gc,phases   ] GC(383)   Post Evacuate Collection Set: 0.5ms
[2024-08-28T13:01:58.701+0000][info][gc,phases   ] GC(383)   Other: 0.7ms
[2024-08-28T13:01:58.701+0000][info][gc,heap     ] GC(383) Eden regions: 101->0(86)
[2024-08-28T13:01:58.701+0000][info][gc,heap     ] GC(383) Survivor regions: 23->16(16)
[2024-08-28T13:01:58.701+0000][info][gc,heap     ] GC(383) Old regions: 1495->1610
[2024-08-28T13:01:58.701+0000][info][gc,heap     ] GC(383) Archive regions: 2->2
[2024-08-28T13:01:58.701+0000][info][gc,heap     ] GC(383) Humongous regions: 5->5
[2024-08-28T13:01:58.701+0000][info][gc,metaspace] GC(383) Metaspace: 100K(320K)->100K(320K) NonClass: 96K(192K)->96K(192K) Class: 4K(128K)->4K(128K)
[2024-08-28T13:01:58.701+0000][info][gc          ] GC(383) Pause Young (Concurrent Start) (G1 Evacuation Pause) 1624M->1631M(2048M) 18.746ms
[2024-08-28T13:01:58.701+0000][info][gc,cpu      ] GC(383) User=0.83s Sys=0.00s Real=0.02s
[2024-08-28T13:01:58.701+0000][info][gc          ] GC(384) Concurrent Mark Cycle
[2024-08-28T13:01:58.701+0000][info][gc,marking  ] GC(384) Concurrent Clear Claimed Marks
[2024-08-28T13:01:58.701+0000][info][gc,marking  ] GC(384) Concurrent Clear Claimed Marks 0.010ms
[2024-08-28T13:01:58.701+0000][info][gc,marking  ] GC(384) Concurrent Scan Root Regions
[2024-08-28T13:01:58.704+0000][info][gc,marking  ] GC(384) Concurrent Scan Root Regions 3.266ms
[2024-08-28T13:01:58.704+0000][info][gc,marking  ] GC(384) Concurrent Mark
[2024-08-28T13:01:58.704+0000][info][gc,marking  ] GC(384) Concurrent Mark From Roots
[2024-08-28T13:01:58.704+0000][info][gc,task     ] GC(384) Using 17 workers of 17 for marking
[2024-08-28T13:01:58.725+0000][info][gc,marking  ] GC(384) Concurrent Mark From Roots 20.697ms
[2024-08-28T13:01:58.725+0000][info][gc,marking  ] GC(384) Concurrent Preclean
[2024-08-28T13:01:58.725+0000][info][gc,marking  ] GC(384) Concurrent Preclean 0.495ms
[2024-08-28T13:01:58.726+0000][info][gc,start    ] GC(384) Pause Remark
[2024-08-28T13:01:58.728+0000][info][gc          ] GC(384) Pause Remark 1663M->1375M(2048M) 2.303ms
[2024-08-28T13:01:58.728+0000][info][gc,cpu      ] GC(384) User=0.02s Sys=0.00s Real=0.00s
[2024-08-28T13:01:58.728+0000][info][gc,marking  ] GC(384) Concurrent Mark 24.003ms
[2024-08-28T13:01:58.728+0000][info][gc,marking  ] GC(384) Concurrent Rebuild Remembered Sets
[2024-08-28T13:01:58.759+0000][info][gc,start    ] GC(385) Pause Young (Normal) (G1 Evacuation Pause)
[2024-08-28T13:01:58.759+0000][info][gc,task     ] GC(385) Using 49 workers of 68 for evacuation
[2024-08-28T13:01:58.775+0000][info][gc,phases   ] GC(385)   Pre Evacuate Collection Set: 0.3ms
[2024-08-28T13:01:58.775+0000][info][gc,phases   ] GC(385)   Merge Heap Roots: 0.9ms
[2024-08-28T13:01:58.775+0000][info][gc,phases   ] GC(385)   Evacuate Collection Set: 13.3ms
[2024-08-28T13:01:58.775+0000][info][gc,phases   ] GC(385)   Post Evacuate Collection Set: 0.8ms
[2024-08-28T13:01:58.775+0000][info][gc,phases   ] GC(385)   Other: 0.3ms
[2024-08-28T13:01:58.775+0000][info][gc,heap     ] GC(385) Eden regions: 86->0(129)
[2024-08-28T13:01:58.775+0000][info][gc,heap     ] GC(385) Survivor regions: 16->13(13)
[2024-08-28T13:01:58.775+0000][info][gc,heap     ] GC(385) Old regions: 1322->1419
[2024-08-28T13:01:58.775+0000][info][gc,heap     ] GC(385) Archive regions: 2->2
[2024-08-28T13:01:58.775+0000][info][gc,heap     ] GC(385) Humongous regions: 5->5
[2024-08-28T13:01:58.775+0000][info][gc,metaspace] GC(385) Metaspace: 100K(320K)->100K(320K) NonClass: 96K(192K)->96K(192K) Class: 4K(128K)->4K(128K)
[2024-08-28T13:01:58.775+0000][info][gc          ] GC(385) Pause Young (Normal) (G1 Evacuation Pause) 1429M->1437M(2048M) 15.678ms
[2024-08-28T13:01:58.775+0000][info][gc,cpu      ] GC(385) User=0.70s Sys=0.00s Real=0.01s
[2024-08-28T13:01:58.792+0000][info][gc,marking  ] GC(384) Concurrent Rebuild Remembered Sets 63.595ms
[2024-08-28T13:01:58.792+0000][info][gc,start    ] GC(384) Pause Cleanup
[2024-08-28T13:01:58.795+0000][info][gc          ] GC(384) Pause Cleanup 1466M->1466M(2048M) 2.793ms
[2024-08-28T13:01:58.795+0000][info][gc,cpu      ] GC(384) User=0.01s Sys=0.00s Real=0.00s
[2024-08-28T13:01:58.795+0000][info][gc,marking  ] GC(384) Concurrent Cleanup for Next Mark
[2024-08-28T13:01:58.796+0000][info][gc,marking  ] GC(384) Concurrent Cleanup for Next Mark 1.405ms
[2024-08-28T13:01:58.796+0000][info][gc          ] GC(384) Concurrent Mark Cycle 95.654ms
[2024-08-28T13:01:58.854+0000][info][gc,start    ] GC(386) Pause Young (Prepare Mixed) (G1 Evacuation Pause)
[2024-08-28T13:01:58.854+0000][info][gc,task     ] GC(386) Using 49 workers of 68 for evacuation
[2024-08-28T13:01:58.873+0000][info][gc,phases   ] GC(386)   Pre Evacuate Collection Set: 0.3ms
[2024-08-28T13:01:58.873+0000][info][gc,phases   ] GC(386)   Merge Heap Roots: 0.9ms
[2024-08-28T13:01:58.873+0000][info][gc,phases   ] GC(386)   Evacuate Collection Set: 17.0ms
[2024-08-28T13:01:58.873+0000][info][gc,phases   ] GC(386)   Post Evacuate Collection Set: 0.6ms
[2024-08-28T13:01:58.873+0000][info][gc,phases   ] GC(386)   Other: 0.2ms
[2024-08-28T13:01:58.873+0000][info][gc,heap     ] GC(386) Eden regions: 129->0(84)
[2024-08-28T13:01:58.873+0000][info][gc,heap     ] GC(386) Survivor regions: 13->18(18)
[2024-08-28T13:01:58.873+0000][info][gc,heap     ] GC(386) Old regions: 1419->1546
[2024-08-28T13:01:58.873+0000][info][gc,heap     ] GC(386) Archive regions: 2->2
[2024-08-28T13:01:58.873+0000][info][gc,heap     ] GC(386) Humongous regions: 5->5
[2024-08-28T13:01:58.873+0000][info][gc,metaspace] GC(386) Metaspace: 100K(320K)->100K(320K) NonClass: 96K(192K)->96K(192K) Class: 4K(128K)->4K(128K)
[2024-08-28T13:01:58.873+0000][info][gc          ] GC(386) Pause Young (Prepare Mixed) (G1 Evacuation Pause) 1566M->1569M(2048M) 19.204ms
[2024-08-28T13:01:58.873+0000][info][gc,cpu      ] GC(386) User=0.87s Sys=0.01s Real=0.02s
[2024-08-28T13:01:58.921+0000][info][gc,start    ] GC(387) Pause Young (Mixed) (G1 Evacuation Pause)
[2024-08-28T13:01:58.921+0000][info][gc,task     ] GC(387) Using 49 workers of 68 for evacuation
[2024-08-28T13:01:58.937+0000][info][gc,phases   ] GC(387)   Pre Evacuate Collection Set: 0.4ms
[2024-08-28T13:01:58.937+0000][info][gc,phases   ] GC(387)   Merge Heap Roots: 0.5ms
[2024-08-28T13:01:58.937+0000][info][gc,phases   ] GC(387)   Evacuate Collection Set: 14.2ms
[2024-08-28T13:01:58.937+0000][info][gc,phases   ] GC(387)   Post Evacuate Collection Set: 0.6ms
[2024-08-28T13:01:58.937+0000][info][gc,phases   ] GC(387)   Other: 0.3ms
[2024-08-28T13:01:58.937+0000][info][gc,heap     ] GC(387) Eden regions: 84->0(89)
[2024-08-28T13:01:58.937+0000][info][gc,heap     ] GC(387) Survivor regions: 18->13(13)
[2024-08-28T13:01:58.937+0000][info][gc,heap     ] GC(387) Old regions: 1546->1437
[2024-08-28T13:01:58.937+0000][info][gc,heap     ] GC(387) Archive regions: 2->2
[2024-08-28T13:01:58.937+0000][info][gc,heap     ] GC(387) Humongous regions: 5->5
[2024-08-28T13:01:58.937+0000][info][gc,metaspace] GC(387) Metaspace: 100K(320K)->100K(320K) NonClass: 96K(192K)->96K(192K) Class: 4K(128K)->4K(128K)
[2024-08-28T13:01:58.937+0000][info][gc          ] GC(387) Pause Young (Mixed) (G1 Evacuation Pause) 1653M->1455M(2048M) 15.936ms
[2024-08-28T13:01:58.937+0000][info][gc,cpu      ] GC(387) User=0.70s Sys=0.01s Real=0.01s
[2024-08-28T13:01:58.991+0000][info][gc,start    ] GC(388) Pause Young (Mixed) (G1 Evacuation Pause)
[2024-08-28T13:01:58.991+0000][info][gc,task     ] GC(388) Using 49 workers of 68 for evacuation
[2024-08-28T13:01:59.008+0000][info][gc,phases   ] GC(388)   Pre Evacuate Collection Set: 0.4ms
[2024-08-28T13:01:59.008+0000][info][gc,phases   ] GC(388)   Merge Heap Roots: 0.7ms
[2024-08-28T13:01:59.008+0000][info][gc,phases   ] GC(388)   Evacuate Collection Set: 14.7ms
[2024-08-28T13:01:59.008+0000][info][gc,phases   ] GC(388)   Post Evacuate Collection Set: 0.6ms
[2024-08-28T13:01:59.008+0000][info][gc,phases   ] GC(388)   Other: 0.3ms
[2024-08-28T13:01:59.008+0000][info][gc,heap     ] GC(388) Eden regions: 89->0(89)
[2024-08-28T13:01:59.008+0000][info][gc,heap     ] GC(388) Survivor regions: 13->13(13)
[2024-08-28T13:01:59.008+0000][info][gc,heap     ] GC(388) Old regions: 1437->1326
[2024-08-28T13:01:59.008+0000][info][gc,heap     ] GC(388) Archive regions: 2->2
[2024-08-28T13:01:59.008+0000][info][gc,heap     ] GC(388) Humongous regions: 5->5
[2024-08-28T13:01:59.008+0000][info][gc,metaspace] GC(388) Metaspace: 100K(320K)->100K(320K) NonClass: 96K(192K)->96K(192K) Class: 4K(128K)->4K(128K)
[2024-08-28T13:01:59.008+0000][info][gc          ] GC(388) Pause Young (Mixed) (G1 Evacuation Pause) 1544M->1344M(2048M) 16.816ms
[2024-08-28T13:01:59.008+0000][info][gc,cpu      ] GC(388) User=0.68s Sys=0.00s Real=0.01s
[2024-08-28T13:01:59.060+0000][info][gc,start    ] GC(389) Pause Young (Mixed) (G1 Evacuation Pause)
[2024-08-28T13:01:59.060+0000][info][gc,task     ] GC(389) Using 49 workers of 68 for evacuation
[2024-08-28T13:01:59.080+0000][info][gc,phases   ] GC(389)   Pre Evacuate Collection Set: 0.5ms
[2024-08-28T13:01:59.080+0000][info][gc,phases   ] GC(389)   Merge Heap Roots: 0.6ms
[2024-08-28T13:01:59.080+0000][info][gc,phases   ] GC(389)   Evacuate Collection Set: 18.6ms
[2024-08-28T13:01:59.080+0000][info][gc,phases   ] GC(389)   Post Evacuate Collection Set: 0.6ms
[2024-08-28T13:01:59.080+0000][info][gc,phases   ] GC(389)   Other: 0.2ms
[2024-08-28T13:01:59.080+0000][info][gc,heap     ] GC(389) Eden regions: 89->0(89)
[2024-08-28T13:01:59.080+0000][info][gc,heap     ] GC(389) Survivor regions: 13->13(13)
[2024-08-28T13:01:59.080+0000][info][gc,heap     ] GC(389) Old regions: 1326->1214
[2024-08-28T13:01:59.080+0000][info][gc,heap     ] GC(389) Archive regions: 2->2
[2024-08-28T13:01:59.080+0000][info][gc,heap     ] GC(389) Humongous regions: 5->5
[2024-08-28T13:01:59.080+0000][info][gc,metaspace] GC(389) Metaspace: 100K(320K)->100K(320K) NonClass: 96K(192K)->96K(192K) Class: 4K(128K)->4K(128K)
[2024-08-28T13:01:59.080+0000][info][gc          ] GC(389) Pause Young (Mixed) (G1 Evacuation Pause) 1433M->1232M(2048M) 20.641ms
[2024-08-28T13:01:59.080+0000][info][gc,cpu      ] GC(389) User=0.66s Sys=0.07s Real=0.02s
[2024-08-28T13:01:59.152+0000][info][gc,start    ] GC(390) Pause Young (Mixed) (G1 Evacuation Pause)
[2024-08-28T13:01:59.152+0000][info][gc,task     ] GC(390) Using 49 workers of 68 for evacuation
[2024-08-28T13:01:59.171+0000][info][gc,phases   ] GC(390)   Pre Evacuate Collection Set: 0.4ms
[2024-08-28T13:01:59.171+0000][info][gc,phases   ] GC(390)   Merge Heap Roots: 1.0ms
[2024-08-28T13:01:59.171+0000][info][gc,phases   ] GC(390)   Evacuate Collection Set: 16.3ms
[2024-08-28T13:01:59.171+0000][info][gc,phases   ] GC(390)   Post Evacuate Collection Set: 0.6ms
[2024-08-28T13:01:59.171+0000][info][gc,phases   ] GC(390)   Other: 0.2ms
[2024-08-28T13:01:59.171+0000][info][gc,heap     ] GC(390) Eden regions: 89->0(218)
[2024-08-28T13:01:59.171+0000][info][gc,heap     ] GC(390) Survivor regions: 13->13(13)
[2024-08-28T13:01:59.171+0000][info][gc,heap     ] GC(390) Old regions: 1214->1144
[2024-08-28T13:01:59.171+0000][info][gc,heap     ] GC(390) Archive regions: 2->2
[2024-08-28T13:01:59.171+0000][info][gc,heap     ] GC(390) Humongous regions: 5->5
[2024-08-28T13:01:59.171+0000][info][gc,metaspace] GC(390) Metaspace: 100K(320K)->100K(320K) NonClass: 96K(192K)->96K(192K) Class: 4K(128K)->4K(128K)
[2024-08-28T13:01:59.171+0000][info][gc          ] GC(390) Pause Young (Mixed) (G1 Evacuation Pause) 1321M->1162M(2048M) 18.559ms
[2024-08-28T13:01:59.171+0000][info][gc,cpu      ] GC(390) User=0.74s Sys=0.10s Real=0.02s
[2024-08-28T13:01:59.318+0000][info][gc,start    ] GC(391) Pause Young (Normal) (G1 Evacuation Pause)
[2024-08-28T13:01:59.318+0000][info][gc,task     ] GC(391) Using 49 workers of 68 for evacuation
[2024-08-28T13:01:59.347+0000][info][gc,phases   ] GC(391)   Pre Evacuate Collection Set: 0.3ms
[2024-08-28T13:01:59.347+0000][info][gc,phases   ] GC(391)   Merge Heap Roots: 1.0ms
[2024-08-28T13:01:59.347+0000][info][gc,phases   ] GC(391)   Evacuate Collection Set: 27.1ms
[2024-08-28T13:01:59.347+0000][info][gc,phases   ] GC(391)   Post Evacuate Collection Set: 0.6ms
[2024-08-28T13:01:59.347+0000][info][gc,phases   ] GC(391)   Other: 0.3ms
[2024-08-28T13:01:59.347+0000][info][gc,heap     ] GC(391) Eden regions: 218->0(148)
[2024-08-28T13:01:59.347+0000][info][gc,heap     ] GC(391) Survivor regions: 13->29(29)
[2024-08-28T13:01:59.347+0000][info][gc,heap     ] GC(391) Old regions: 1144->1344
[2024-08-28T13:01:59.347+0000][info][gc,heap     ] GC(391) Archive regions: 2->2
[2024-08-28T13:01:59.347+0000][info][gc,heap     ] GC(391) Humongous regions: 5->5
[2024-08-28T13:01:59.347+0000][info][gc,metaspace] GC(391) Metaspace: 100K(320K)->100K(320K) NonClass: 96K(192K)->96K(192K) Class: 4K(128K)->4K(128K)
[2024-08-28T13:01:59.347+0000][info][gc          ] GC(391) Pause Young (Normal) (G1 Evacuation Pause) 1380M->1378M(2048M) 29.459ms
[2024-08-28T13:01:59.347+0000][info][gc,cpu      ] GC(391) User=1.06s Sys=0.31s Real=0.02s
[2024-08-28T13:01:59.438+0000][info][gc,start    ] GC(392) Pause Young (Normal) (G1 Evacuation Pause)
[2024-08-28T13:01:59.438+0000][info][gc,task     ] GC(392) Using 49 workers of 68 for evacuation
[2024-08-28T13:01:59.463+0000][info][gc,phases   ] GC(392)   Pre Evacuate Collection Set: 0.4ms
[2024-08-28T13:01:59.463+0000][info][gc,phases   ] GC(392)   Merge Heap Roots: 1.1ms
[2024-08-28T13:01:59.463+0000][info][gc,phases   ] GC(392)   Evacuate Collection Set: 22.9ms
[2024-08-28T13:01:59.463+0000][info][gc,phases   ] GC(392)   Post Evacuate Collection Set: 0.6ms
[2024-08-28T13:01:59.463+0000][info][gc,phases   ] GC(392)   Other: 0.2ms
[2024-08-28T13:01:59.463+0000][info][gc,heap     ] GC(392) Eden regions: 148->0(98)
[2024-08-28T13:01:59.463+0000][info][gc,heap     ] GC(392) Survivor regions: 29->23(23)
[2024-08-28T13:01:59.463+0000][info][gc,heap     ] GC(392) Old regions: 1344->1504
[2024-08-28T13:01:59.463+0000][info][gc,heap     ] GC(392) Archive regions: 2->2
[2024-08-28T13:01:59.463+0000][info][gc,heap     ] GC(392) Humongous regions: 5->5
[2024-08-28T13:01:59.463+0000][info][gc,metaspace] GC(392) Metaspace: 100K(320K)->100K(320K) NonClass: 96K(192K)->96K(192K) Class: 4K(128K)->4K(128K)
[2024-08-28T13:01:59.463+0000][info][gc          ] GC(392) Pause Young (Normal) (G1 Evacuation Pause) 1526M->1532M(2048M) 25.171ms
[2024-08-28T13:01:59.463+0000][info][gc,cpu      ] GC(392) User=1.16s Sys=0.00s Real=0.02s
[2024-08-28T13:01:59.520+0000][info][gc,start    ] GC(393) Pause Young (Concurrent Start) (G1 Evacuation Pause)
[2024-08-28T13:01:59.520+0000][info][gc,task     ] GC(393) Using 49 workers of 68 for evacuation
[2024-08-28T13:01:59.539+0000][info][gc,phases   ] GC(393)   Pre Evacuate Collection Set: 0.3ms
[2024-08-28T13:01:59.539+0000][info][gc,phases   ] GC(393)   Merge Heap Roots: 1.0ms
[2024-08-28T13:01:59.539+0000][info][gc,phases   ] GC(393)   Evacuate Collection Set: 16.8ms
[2024-08-28T13:01:59.539+0000][info][gc,phases   ] GC(393)   Post Evacuate Collection Set: 0.5ms
[2024-08-28T13:01:59.539+0000][info][gc,phases   ] GC(393)   Other: 0.7ms
[2024-08-28T13:01:59.539+0000][info][gc,heap     ] GC(393) Eden regions: 98->0(86)
[2024-08-28T13:01:59.539+0000][info][gc,heap     ] GC(393) Survivor regions: 23->16(16)
[2024-08-28T13:01:59.539+0000][info][gc,heap     ] GC(393) Old regions: 1504->1615
[2024-08-28T13:01:59.539+0000][info][gc,heap     ] GC(393) Archive regions: 2->2
[2024-08-28T13:01:59.539+0000][info][gc,heap     ] GC(393) Humongous regions: 5->5
[2024-08-28T13:01:59.539+0000][info][gc,metaspace] GC(393) Metaspace: 100K(320K)->100K(320K) NonClass: 96K(192K)->96K(192K) Class: 4K(128K)->4K(128K)
[2024-08-28T13:01:59.539+0000][info][gc          ] GC(393) Pause Young (Concurrent Start) (G1 Evacuation Pause) 1630M->1636M(2048M) 19.418ms
[2024-08-28T13:01:59.539+0000][info][gc,cpu      ] GC(393) User=0.86s Sys=0.00s Real=0.02s
[2024-08-28T13:01:59.539+0000][info][gc          ] GC(394) Concurrent Mark Cycle
[2024-08-28T13:01:59.539+0000][info][gc,marking  ] GC(394) Concurrent Clear Claimed Marks
[2024-08-28T13:01:59.539+0000][info][gc,marking  ] GC(394) Concurrent Clear Claimed Marks 0.010ms
[2024-08-28T13:01:59.539+0000][info][gc,marking  ] GC(394) Concurrent Scan Root Regions
[2024-08-28T13:01:59.543+0000][info][gc,marking  ] GC(394) Concurrent Scan Root Regions 3.254ms
[2024-08-28T13:01:59.543+0000][info][gc,marking  ] GC(394) Concurrent Mark
[2024-08-28T13:01:59.543+0000][info][gc,marking  ] GC(394) Concurrent Mark From Roots
[2024-08-28T13:01:59.543+0000][info][gc,task     ] GC(394) Using 17 workers of 17 for marking
[2024-08-28T13:01:59.564+0000][info][gc,marking  ] GC(394) Concurrent Mark From Roots 21.083ms
[2024-08-28T13:01:59.564+0000][info][gc,marking  ] GC(394) Concurrent Preclean
[2024-08-28T13:01:59.564+0000][info][gc,marking  ] GC(394) Concurrent Preclean 0.496ms
[2024-08-28T13:01:59.565+0000][info][gc,start    ] GC(394) Pause Remark
[2024-08-28T13:01:59.566+0000][info][gc          ] GC(394) Pause Remark 1667M->1387M(2048M) 1.969ms
[2024-08-28T13:01:59.567+0000][info][gc,cpu      ] GC(394) User=0.01s Sys=0.00s Real=0.00s
[2024-08-28T13:01:59.567+0000][info][gc,marking  ] GC(394) Concurrent Mark 23.950ms
[2024-08-28T13:01:59.567+0000][info][gc,marking  ] GC(394) Concurrent Rebuild Remembered Sets
[2024-08-28T13:01:59.597+0000][info][gc,start    ] GC(395) Pause Young (Normal) (G1 Evacuation Pause)
[2024-08-28T13:01:59.597+0000][info][gc,task     ] GC(395) Using 49 workers of 68 for evacuation
[2024-08-28T13:01:59.614+0000][info][gc,phases   ] GC(395)   Pre Evacuate Collection Set: 0.4ms
[2024-08-28T13:01:59.614+0000][info][gc,phases   ] GC(395)   Merge Heap Roots: 0.8ms
[2024-08-28T13:01:59.614+0000][info][gc,phases   ] GC(395)   Evacuate Collection Set: 14.9ms
[2024-08-28T13:01:59.614+0000][info][gc,phases   ] GC(395)   Post Evacuate Collection Set: 0.8ms
[2024-08-28T13:01:59.614+0000][info][gc,phases   ] GC(395)   Other: 0.2ms
[2024-08-28T13:01:59.614+0000][info][gc,heap     ] GC(395) Eden regions: 86->0(125)
[2024-08-28T13:01:59.614+0000][info][gc,heap     ] GC(395) Survivor regions: 16->13(13)
[2024-08-28T13:01:59.614+0000][info][gc,heap     ] GC(395) Old regions: 1335->1431
[2024-08-28T13:01:59.614+0000][info][gc,heap     ] GC(395) Archive regions: 2->2
[2024-08-28T13:01:59.614+0000][info][gc,heap     ] GC(395) Humongous regions: 5->5
[2024-08-28T13:01:59.614+0000][info][gc,metaspace] GC(395) Metaspace: 100K(320K)->100K(320K) NonClass: 96K(192K)->96K(192K) Class: 4K(128K)->4K(128K)
[2024-08-28T13:01:59.614+0000][info][gc          ] GC(395) Pause Young (Normal) (G1 Evacuation Pause) 1442M->1449M(2048M) 17.250ms
[2024-08-28T13:01:59.614+0000][info][gc,cpu      ] GC(395) User=0.63s Sys=0.15s Real=0.02s
[2024-08-28T13:01:59.632+0000][info][gc,marking  ] GC(394) Concurrent Rebuild Remembered Sets 65.426ms
[2024-08-28T13:01:59.632+0000][info][gc,start    ] GC(394) Pause Cleanup
[2024-08-28T13:01:59.636+0000][info][gc          ] GC(394) Pause Cleanup 1480M->1480M(2048M) 3.263ms
[2024-08-28T13:01:59.636+0000][info][gc,cpu      ] GC(394) User=0.02s Sys=0.00s Real=0.00s
[2024-08-28T13:01:59.636+0000][info][gc,marking  ] GC(394) Concurrent Cleanup for Next Mark
[2024-08-28T13:01:59.637+0000][info][gc,marking  ] GC(394) Concurrent Cleanup for Next Mark 1.368ms
[2024-08-28T13:01:59.637+0000][info][gc          ] GC(394) Concurrent Mark Cycle 97.941ms
[2024-08-28T13:01:59.691+0000][info][gc,start    ] GC(396) Pause Young (Prepare Mixed) (G1 Evacuation Pause)
[2024-08-28T13:01:59.691+0000][info][gc,task     ] GC(396) Using 49 workers of 68 for evacuation
[2024-08-28T13:01:59.710+0000][info][gc,phases   ] GC(396)   Pre Evacuate Collection Set: 0.4ms
[2024-08-28T13:01:59.710+0000][info][gc,phases   ] GC(396)   Merge Heap Roots: 0.5ms
[2024-08-28T13:01:59.711+0000][info][gc,phases   ] GC(396)   Evacuate Collection Set: 17.7ms
[2024-08-28T13:01:59.711+0000][info][gc,phases   ] GC(396)   Post Evacuate Collection Set: 0.6ms
[2024-08-28T13:01:59.711+0000][info][gc,phases   ] GC(396)   Other: 0.3ms
[2024-08-28T13:01:59.711+0000][info][gc,heap     ] GC(396) Eden regions: 125->0(84)
[2024-08-28T13:01:59.711+0000][info][gc,heap     ] GC(396) Survivor regions: 13->18(18)
[2024-08-28T13:01:59.711+0000][info][gc,heap     ] GC(396) Old regions: 1431->1554
[2024-08-28T13:01:59.711+0000][info][gc,heap     ] GC(396) Archive regions: 2->2
[2024-08-28T13:01:59.711+0000][info][gc,heap     ] GC(396) Humongous regions: 5->5
[2024-08-28T13:01:59.711+0000][info][gc,metaspace] GC(396) Metaspace: 100K(320K)->100K(320K) NonClass: 96K(192K)->96K(192K) Class: 4K(128K)->4K(128K)
[2024-08-28T13:01:59.711+0000][info][gc          ] GC(396) Pause Young (Prepare Mixed) (G1 Evacuation Pause) 1574M->1577M(2048M) 19.486ms
[2024-08-28T13:01:59.711+0000][info][gc,cpu      ] GC(396) User=0.67s Sys=0.22s Real=0.02s
[2024-08-28T13:01:59.757+0000][info][gc,start    ] GC(397) Pause Young (Mixed) (G1 Evacuation Pause)
[2024-08-28T13:01:59.757+0000][info][gc,task     ] GC(397) Using 49 workers of 68 for evacuation
[2024-08-28T13:01:59.773+0000][info][gc,phases   ] GC(397)   Pre Evacuate Collection Set: 0.5ms
[2024-08-28T13:01:59.773+0000][info][gc,phases   ] GC(397)   Merge Heap Roots: 0.9ms
[2024-08-28T13:01:59.773+0000][info][gc,phases   ] GC(397)   Evacuate Collection Set: 14.1ms
[2024-08-28T13:01:59.773+0000][info][gc,phases   ] GC(397)   Post Evacuate Collection Set: 0.6ms
[2024-08-28T13:01:59.773+0000][info][gc,phases   ] GC(397)   Other: 0.3ms
[2024-08-28T13:01:59.773+0000][info][gc,heap     ] GC(397) Eden regions: 84->0(89)
[2024-08-28T13:01:59.773+0000][info][gc,heap     ] GC(397) Survivor regions: 18->13(13)
[2024-08-28T13:01:59.773+0000][info][gc,heap     ] GC(397) Old regions: 1554->1446
[2024-08-28T13:01:59.773+0000][info][gc,heap     ] GC(397) Archive regions: 2->2
[2024-08-28T13:01:59.773+0000][info][gc,heap     ] GC(397) Humongous regions: 5->5
[2024-08-28T13:01:59.773+0000][info][gc,metaspace] GC(397) Metaspace: 100K(320K)->100K(320K) NonClass: 96K(192K)->96K(192K) Class: 4K(128K)->4K(128K)
[2024-08-28T13:01:59.773+0000][info][gc          ] GC(397) Pause Young (Mixed) (G1 Evacuation Pause) 1661M->1464M(2048M) 16.407ms
[2024-08-28T13:01:59.774+0000][info][gc,cpu      ] GC(397) User=0.71s Sys=0.01s Real=0.02s
[2024-08-28T13:01:59.823+0000][info][gc,start    ] GC(398) Pause Young (Mixed) (G1 Evacuation Pause)
[2024-08-28T13:01:59.823+0000][info][gc,task     ] GC(398) Using 49 workers of 68 for evacuation
[2024-08-28T13:01:59.839+0000][info][gc,phases   ] GC(398)   Pre Evacuate Collection Set: 0.4ms
[2024-08-28T13:01:59.839+0000][info][gc,phases   ] GC(398)   Merge Heap Roots: 0.5ms
[2024-08-28T13:01:59.839+0000][info][gc,phases   ] GC(398)   Evacuate Collection Set: 14.6ms
[2024-08-28T13:01:59.839+0000][info][gc,phases   ] GC(398)   Post Evacuate Collection Set: 0.6ms
[2024-08-28T13:01:59.839+0000][info][gc,phases   ] GC(398)   Other: 0.2ms
[2024-08-28T13:01:59.839+0000][info][gc,heap     ] GC(398) Eden regions: 89->0(89)
[2024-08-28T13:01:59.839+0000][info][gc,heap     ] GC(398) Survivor regions: 13->13(13)
[2024-08-28T13:01:59.839+0000][info][gc,heap     ] GC(398) Old regions: 1446->1335
[2024-08-28T13:01:59.839+0000][info][gc,heap     ] GC(398) Archive regions: 2->2
[2024-08-28T13:01:59.839+0000][info][gc,heap     ] GC(398) Humongous regions: 5->5
[2024-08-28T13:01:59.839+0000][info][gc,metaspace] GC(398) Metaspace: 100K(320K)->100K(320K) NonClass: 96K(192K)->96K(192K) Class: 4K(128K)->4K(128K)
[2024-08-28T13:01:59.840+0000][info][gc          ] GC(398) Pause Young (Mixed) (G1 Evacuation Pause) 1553M->1353M(2048M) 16.440ms
[2024-08-28T13:01:59.840+0000][info][gc,cpu      ] GC(398) User=0.70s Sys=0.04s Real=0.02s
[2024-08-28T13:01:59.889+0000][info][gc,start    ] GC(399) Pause Young (Mixed) (G1 Evacuation Pause)
[2024-08-28T13:01:59.889+0000][info][gc,task     ] GC(399) Using 49 workers of 68 for evacuation
[2024-08-28T13:01:59.906+0000][info][gc,phases   ] GC(399)   Pre Evacuate Collection Set: 0.4ms
[2024-08-28T13:01:59.906+0000][info][gc,phases   ] GC(399)   Merge Heap Roots: 0.8ms
[2024-08-28T13:01:59.906+0000][info][gc,phases   ] GC(399)   Evacuate Collection Set: 14.9ms
[2024-08-28T13:01:59.906+0000][info][gc,phases   ] GC(399)   Post Evacuate Collection Set: 0.7ms
[2024-08-28T13:01:59.906+0000][info][gc,phases   ] GC(399)   Other: 0.3ms
[2024-08-28T13:01:59.906+0000][info][gc,heap     ] GC(399) Eden regions: 89->0(89)
[2024-08-28T13:01:59.906+0000][info][gc,heap     ] GC(399) Survivor regions: 13->13(13)
[2024-08-28T13:01:59.906+0000][info][gc,heap     ] GC(399) Old regions: 1335->1224
[2024-08-28T13:01:59.906+0000][info][gc,heap     ] GC(399) Archive regions: 2->2
[2024-08-28T13:01:59.906+0000][info][gc,heap     ] GC(399) Humongous regions: 5->5
[2024-08-28T13:01:59.906+0000][info][gc,metaspace] GC(399) Metaspace: 100K(320K)->100K(320K) NonClass: 96K(192K)->96K(192K) Class: 4K(128K)->4K(128K)
[2024-08-28T13:01:59.906+0000][info][gc          ] GC(399) Pause Young (Mixed) (G1 Evacuation Pause) 1442M->1242M(2048M) 17.143ms
[2024-08-28T13:01:59.907+0000][info][gc,cpu      ] GC(399) User=0.68s Sys=0.07s Real=0.02s
[2024-08-28T13:01:59.955+0000][info][gc,start    ] GC(400) Pause Young (Mixed) (G1 Evacuation Pause)
[2024-08-28T13:01:59.956+0000][info][gc,task     ] GC(400) Using 49 workers of 68 for evacuation
[2024-08-28T13:01:59.972+0000][info][gc,phases   ] GC(400)   Pre Evacuate Collection Set: 0.4ms
[2024-08-28T13:01:59.972+0000][info][gc,phases   ] GC(400)   Merge Heap Roots: 0.5ms
[2024-08-28T13:01:59.972+0000][info][gc,phases   ] GC(400)   Evacuate Collection Set: 14.4ms
[2024-08-28T13:01:59.972+0000][info][gc,phases   ] GC(400)   Post Evacuate Collection Set: 0.6ms
[2024-08-28T13:01:59.972+0000][info][gc,phases   ] GC(400)   Other: 0.3ms
[2024-08-28T13:01:59.972+0000][info][gc,heap     ] GC(400) Eden regions: 89->0(219)
[2024-08-28T13:01:59.972+0000][info][gc,heap     ] GC(400) Survivor regions: 13->13(13)
[2024-08-28T13:01:59.972+0000][info][gc,heap     ] GC(400) Old regions: 1224->1140
[2024-08-28T13:01:59.972+0000][info][gc,heap     ] GC(400) Archive regions: 2->2
[2024-08-28T13:01:59.972+0000][info][gc,heap     ] GC(400) Humongous regions: 5->5
[2024-08-28T13:01:59.972+0000][info][gc,metaspace] GC(400) Metaspace: 100K(320K)->100K(320K) NonClass: 96K(192K)->96K(192K) Class: 4K(128K)->4K(128K)
[2024-08-28T13:01:59.972+0000][info][gc          ] GC(400) Pause Young (Mixed) (G1 Evacuation Pause) 1331M->1158M(2048M) 16.253ms
[2024-08-28T13:01:59.972+0000][info][gc,cpu      ] GC(400) User=0.73s Sys=0.00s Real=0.02s
[2024-08-28T13:02:00.092+0000][info][gc,start    ] GC(401) Pause Young (Normal) (G1 Evacuation Pause)
[2024-08-28T13:02:00.092+0000][info][gc,task     ] GC(401) Using 49 workers of 68 for evacuation
[2024-08-28T13:02:00.118+0000][info][gc,phases   ] GC(401)   Pre Evacuate Collection Set: 0.3ms
[2024-08-28T13:02:00.118+0000][info][gc,phases   ] GC(401)   Merge Heap Roots: 0.7ms
[2024-08-28T13:02:00.118+0000][info][gc,phases   ] GC(401)   Evacuate Collection Set: 24.0ms
[2024-08-28T13:02:00.118+0000][info][gc,phases   ] GC(401)   Post Evacuate Collection Set: 0.7ms
[2024-08-28T13:02:00.118+0000][info][gc,phases   ] GC(401)   Other: 0.3ms
[2024-08-28T13:02:00.118+0000][info][gc,heap     ] GC(401) Eden regions: 219->0(149)
[2024-08-28T13:02:00.118+0000][info][gc,heap     ] GC(401) Survivor regions: 13->29(29)
[2024-08-28T13:02:00.118+0000][info][gc,heap     ] GC(401) Old regions: 1140->1340
[2024-08-28T13:02:00.118+0000][info][gc,heap     ] GC(401) Archive regions: 2->2
[2024-08-28T13:02:00.118+0000][info][gc,heap     ] GC(401) Humongous regions: 5->5
[2024-08-28T13:02:00.118+0000][info][gc,metaspace] GC(401) Metaspace: 100K(320K)->100K(320K) NonClass: 96K(192K)->96K(192K) Class: 4K(128K)->4K(128K)
[2024-08-28T13:02:00.118+0000][info][gc          ] GC(401) Pause Young (Normal) (G1 Evacuation Pause) 1377M->1374M(2048M) 26.088ms
[2024-08-28T13:02:00.118+0000][info][gc,cpu      ] GC(401) User=1.17s Sys=0.02s Real=0.03s
[2024-08-28T13:02:00.201+0000][info][gc,start    ] GC(402) Pause Young (Normal) (G1 Evacuation Pause)
[2024-08-28T13:02:00.201+0000][info][gc,task     ] GC(402) Using 49 workers of 68 for evacuation
[2024-08-28T13:02:00.225+0000][info][gc,phases   ] GC(402)   Pre Evacuate Collection Set: 0.3ms
[2024-08-28T13:02:00.226+0000][info][gc,phases   ] GC(402)   Merge Heap Roots: 1.1ms
[2024-08-28T13:02:00.226+0000][info][gc,phases   ] GC(402)   Evacuate Collection Set: 22.5ms
[2024-08-28T13:02:00.226+0000][info][gc,phases   ] GC(402)   Post Evacuate Collection Set: 0.5ms
[2024-08-28T13:02:00.226+0000][info][gc,phases   ] GC(402)   Other: 0.3ms
[2024-08-28T13:02:00.226+0000][info][gc,heap     ] GC(402) Eden regions: 149->0(99)
[2024-08-28T13:02:00.226+0000][info][gc,heap     ] GC(402) Survivor regions: 29->23(23)
[2024-08-28T13:02:00.226+0000][info][gc,heap     ] GC(402) Old regions: 1340->1500
[2024-08-28T13:02:00.226+0000][info][gc,heap     ] GC(402) Archive regions: 2->2
[2024-08-28T13:02:00.226+0000][info][gc,heap     ] GC(402) Humongous regions: 5->5
[2024-08-28T13:02:00.226+0000][info][gc,metaspace] GC(402) Metaspace: 100K(320K)->100K(320K) NonClass: 96K(192K)->96K(192K) Class: 4K(128K)->4K(128K)
[2024-08-28T13:02:00.226+0000][info][gc          ] GC(402) Pause Young (Normal) (G1 Evacuation Pause) 1523M->1528M(2048M) 24.794ms
[2024-08-28T13:02:00.226+0000][info][gc,cpu      ] GC(402) User=1.13s Sys=0.01s Real=0.02s
[2024-08-28T13:02:00.282+0000][info][gc,start    ] GC(403) Pause Young (Concurrent Start) (G1 Evacuation Pause)
[2024-08-28T13:02:00.282+0000][info][gc,task     ] GC(403) Using 49 workers of 68 for evacuation
[2024-08-28T13:02:00.300+0000][info][gc,phases   ] GC(403)   Pre Evacuate Collection Set: 0.3ms
[2024-08-28T13:02:00.300+0000][info][gc,phases   ] GC(403)   Merge Heap Roots: 0.4ms
[2024-08-28T13:02:00.300+0000][info][gc,phases   ] GC(403)   Evacuate Collection Set: 16.5ms
[2024-08-28T13:02:00.300+0000][info][gc,phases   ] GC(403)   Post Evacuate Collection Set: 0.6ms
[2024-08-28T13:02:00.300+0000][info][gc,phases   ] GC(403)   Other: 0.8ms
[2024-08-28T13:02:00.300+0000][info][gc,heap     ] GC(403) Eden regions: 99->0(86)
[2024-08-28T13:02:00.300+0000][info][gc,heap     ] GC(403) Survivor regions: 23->16(16)
[2024-08-28T13:02:00.300+0000][info][gc,heap     ] GC(403) Old regions: 1500->1613
[2024-08-28T13:02:00.300+0000][info][gc,heap     ] GC(403) Archive regions: 2->2
[2024-08-28T13:02:00.300+0000][info][gc,heap     ] GC(403) Humongous regions: 5->5
[2024-08-28T13:02:00.300+0000][info][gc,metaspace] GC(403) Metaspace: 100K(320K)->100K(320K) NonClass: 96K(192K)->96K(192K) Class: 4K(128K)->4K(128K)
[2024-08-28T13:02:00.300+0000][info][gc          ] GC(403) Pause Young (Concurrent Start) (G1 Evacuation Pause) 1627M->1634M(2048M) 18.572ms
[2024-08-28T13:02:00.300+0000][info][gc,cpu      ] GC(403) User=0.82s Sys=0.00s Real=0.02s
[2024-08-28T13:02:00.300+0000][info][gc          ] GC(404) Concurrent Mark Cycle
[2024-08-28T13:02:00.300+0000][info][gc,marking  ] GC(404) Concurrent Clear Claimed Marks
[2024-08-28T13:02:00.300+0000][info][gc,marking  ] GC(404) Concurrent Clear Claimed Marks 0.010ms
[2024-08-28T13:02:00.300+0000][info][gc,marking  ] GC(404) Concurrent Scan Root Regions
[2024-08-28T13:02:00.303+0000][info][gc,marking  ] GC(404) Concurrent Scan Root Regions 3.046ms
[2024-08-28T13:02:00.304+0000][info][gc,marking  ] GC(404) Concurrent Mark
[2024-08-28T13:02:00.304+0000][info][gc,marking  ] GC(404) Concurrent Mark From Roots
[2024-08-28T13:02:00.304+0000][info][gc,task     ] GC(404) Using 17 workers of 17 for marking
[2024-08-28T13:02:00.324+0000][info][gc,marking  ] GC(404) Concurrent Mark From Roots 20.939ms
[2024-08-28T13:02:00.324+0000][info][gc,marking  ] GC(404) Concurrent Preclean
[2024-08-28T13:02:00.325+0000][info][gc,marking  ] GC(404) Concurrent Preclean 0.495ms
[2024-08-28T13:02:00.325+0000][info][gc,start    ] GC(404) Pause Remark
[2024-08-28T13:02:00.328+0000][info][gc          ] GC(404) Pause Remark 1665M->1392M(2048M) 2.292ms
[2024-08-28T13:02:00.328+0000][info][gc,cpu      ] GC(404) User=0.02s Sys=0.00s Real=0.00s
[2024-08-28T13:02:00.328+0000][info][gc,marking  ] GC(404) Concurrent Mark 24.229ms
[2024-08-28T13:02:00.328+0000][info][gc,marking  ] GC(404) Concurrent Rebuild Remembered Sets
[2024-08-28T13:02:00.359+0000][info][gc,start    ] GC(405) Pause Young (Normal) (G1 Evacuation Pause)
[2024-08-28T13:02:00.359+0000][info][gc,task     ] GC(405) Using 49 workers of 68 for evacuation
[2024-08-28T13:02:00.375+0000][info][gc,phases   ] GC(405)   Pre Evacuate Collection Set: 0.4ms
[2024-08-28T13:02:00.375+0000][info][gc,phases   ] GC(405)   Merge Heap Roots: 0.9ms
[2024-08-28T13:02:00.375+0000][info][gc,phases   ] GC(405)   Evacuate Collection Set: 13.8ms
[2024-08-28T13:02:00.375+0000][info][gc,phases   ] GC(405)   Post Evacuate Collection Set: 0.8ms
[2024-08-28T13:02:00.375+0000][info][gc,phases   ] GC(405)   Other: 0.2ms
[2024-08-28T13:02:00.375+0000][info][gc,heap     ] GC(405) Eden regions: 86->0(123)
[2024-08-28T13:02:00.375+0000][info][gc,heap     ] GC(405) Survivor regions: 16->13(13)
[2024-08-28T13:02:00.375+0000][info][gc,heap     ] GC(405) Old regions: 1340->1436
[2024-08-28T13:02:00.375+0000][info][gc,heap     ] GC(405) Archive regions: 2->2
[2024-08-28T13:02:00.375+0000][info][gc,heap     ] GC(405) Humongous regions: 5->5
[2024-08-28T13:02:00.375+0000][info][gc,metaspace] GC(405) Metaspace: 100K(320K)->100K(320K) NonClass: 96K(192K)->96K(192K) Class: 4K(128K)->4K(128K)
[2024-08-28T13:02:00.375+0000][info][gc          ] GC(405) Pause Young (Normal) (G1 Evacuation Pause) 1447M->1454M(2048M) 16.138ms
[2024-08-28T13:02:00.375+0000][info][gc,cpu      ] GC(405) User=0.72s Sys=0.00s Real=0.01s
[2024-08-28T13:02:00.391+0000][info][gc,marking  ] GC(404) Concurrent Rebuild Remembered Sets 63.113ms
[2024-08-28T13:02:00.391+0000][info][gc,start    ] GC(404) Pause Cleanup
[2024-08-28T13:02:00.394+0000][info][gc          ] GC(404) Pause Cleanup 1482M->1482M(2048M) 2.963ms
[2024-08-28T13:02:00.394+0000][info][gc,cpu      ] GC(404) User=0.01s Sys=0.00s Real=0.00s
[2024-08-28T13:02:00.394+0000][info][gc,marking  ] GC(404) Concurrent Cleanup for Next Mark
[2024-08-28T13:02:00.396+0000][info][gc,marking  ] GC(404) Concurrent Cleanup for Next Mark 1.376ms
[2024-08-28T13:02:00.396+0000][info][gc          ] GC(404) Concurrent Mark Cycle 95.465ms
[2024-08-28T13:02:00.450+0000][info][gc,start    ] GC(406) Pause Young (Prepare Mixed) (G1 Evacuation Pause)
[2024-08-28T13:02:00.450+0000][info][gc,task     ] GC(406) Using 49 workers of 68 for evacuation
[2024-08-28T13:02:00.469+0000][info][gc,phases   ] GC(406)   Pre Evacuate Collection Set: 0.3ms
[2024-08-28T13:02:00.469+0000][info][gc,phases   ] GC(406)   Merge Heap Roots: 1.0ms
[2024-08-28T13:02:00.469+0000][info][gc,phases   ] GC(406)   Evacuate Collection Set: 17.1ms
[2024-08-28T13:02:00.469+0000][info][gc,phases   ] GC(406)   Post Evacuate Collection Set: 0.5ms
[2024-08-28T13:02:00.469+0000][info][gc,phases   ] GC(406)   Other: 0.2ms
[2024-08-28T13:02:00.469+0000][info][gc,heap     ] GC(406) Eden regions: 123->0(85)
[2024-08-28T13:02:00.469+0000][info][gc,heap     ] GC(406) Survivor regions: 13->17(17)
[2024-08-28T13:02:00.469+0000][info][gc,heap     ] GC(406) Old regions: 1436->1558
[2024-08-28T13:02:00.469+0000][info][gc,heap     ] GC(406) Archive regions: 2->2
[2024-08-28T13:02:00.469+0000][info][gc,heap     ] GC(406) Humongous regions: 5->5
[2024-08-28T13:02:00.470+0000][info][gc,metaspace] GC(406) Metaspace: 100K(320K)->100K(320K) NonClass: 96K(192K)->96K(192K) Class: 4K(128K)->4K(128K)
[2024-08-28T13:02:00.470+0000][info][gc          ] GC(406) Pause Young (Prepare Mixed) (G1 Evacuation Pause) 1577M->1580M(2048M) 19.355ms
[2024-08-28T13:02:00.470+0000][info][gc,cpu      ] GC(406) User=0.87s Sys=0.00s Real=0.02s
[2024-08-28T13:02:00.517+0000][info][gc,start    ] GC(407) Pause Young (Mixed) (G1 Evacuation Pause)
[2024-08-28T13:02:00.517+0000][info][gc,task     ] GC(407) Using 49 workers of 68 for evacuation
[2024-08-28T13:02:00.534+0000][info][gc,phases   ] GC(407)   Pre Evacuate Collection Set: 0.5ms
[2024-08-28T13:02:00.534+0000][info][gc,phases   ] GC(407)   Merge Heap Roots: 0.5ms
[2024-08-28T13:02:00.534+0000][info][gc,phases   ] GC(407)   Evacuate Collection Set: 14.7ms
[2024-08-28T13:02:00.534+0000][info][gc,phases   ] GC(407)   Post Evacuate Collection Set: 0.7ms
[2024-08-28T13:02:00.534+0000][info][gc,phases   ] GC(407)   Other: 0.2ms
[2024-08-28T13:02:00.534+0000][info][gc,heap     ] GC(407) Eden regions: 85->0(89)
[2024-08-28T13:02:00.534+0000][info][gc,heap     ] GC(407) Survivor regions: 17->13(13)
[2024-08-28T13:02:00.534+0000][info][gc,heap     ] GC(407) Old regions: 1558->1448
[2024-08-28T13:02:00.534+0000][info][gc,heap     ] GC(407) Archive regions: 2->2
[2024-08-28T13:02:00.534+0000][info][gc,heap     ] GC(407) Humongous regions: 5->5
[2024-08-28T13:02:00.534+0000][info][gc,metaspace] GC(407) Metaspace: 100K(320K)->100K(320K) NonClass: 96K(192K)->96K(192K) Class: 4K(128K)->4K(128K)
[2024-08-28T13:02:00.534+0000][info][gc          ] GC(407) Pause Young (Mixed) (G1 Evacuation Pause) 1665M->1466M(2048M) 16.681ms
[2024-08-28T13:02:00.534+0000][info][gc,cpu      ] GC(407) User=0.73s Sys=0.01s Real=0.02s
[2024-08-28T13:02:00.585+0000][info][gc,start    ] GC(408) Pause Young (Mixed) (G1 Evacuation Pause)
[2024-08-28T13:02:00.585+0000][info][gc,task     ] GC(408) Using 49 workers of 68 for evacuation
[2024-08-28T13:02:00.601+0000][info][gc,phases   ] GC(408)   Pre Evacuate Collection Set: 0.5ms
[2024-08-28T13:02:00.601+0000][info][gc,phases   ] GC(408)   Merge Heap Roots: 0.8ms
[2024-08-28T13:02:00.601+0000][info][gc,phases   ] GC(408)   Evacuate Collection Set: 14.4ms
[2024-08-28T13:02:00.601+0000][info][gc,phases   ] GC(408)   Post Evacuate Collection Set: 0.6ms
[2024-08-28T13:02:00.601+0000][info][gc,phases   ] GC(408)   Other: 0.3ms
[2024-08-28T13:02:00.601+0000][info][gc,heap     ] GC(408) Eden regions: 89->0(89)
[2024-08-28T13:02:00.601+0000][info][gc,heap     ] GC(408) Survivor regions: 13->13(13)
[2024-08-28T13:02:00.601+0000][info][gc,heap     ] GC(408) Old regions: 1448->1338
[2024-08-28T13:02:00.601+0000][info][gc,heap     ] GC(408) Archive regions: 2->2
[2024-08-28T13:02:00.601+0000][info][gc,heap     ] GC(408) Humongous regions: 5->5
[2024-08-28T13:02:00.601+0000][info][gc,metaspace] GC(408) Metaspace: 100K(320K)->100K(320K) NonClass: 96K(192K)->96K(192K) Class: 4K(128K)->4K(128K)
[2024-08-28T13:02:00.601+0000][info][gc          ] GC(408) Pause Young (Mixed) (G1 Evacuation Pause) 1555M->1356M(2048M) 16.565ms
[2024-08-28T13:02:00.601+0000][info][gc,cpu      ] GC(408) User=0.71s Sys=0.02s Real=0.02s
[2024-08-28T13:02:00.654+0000][info][gc,start    ] GC(409) Pause Young (Mixed) (G1 Evacuation Pause)
[2024-08-28T13:02:00.654+0000][info][gc,task     ] GC(409) Using 49 workers of 68 for evacuation
[2024-08-28T13:02:00.669+0000][info][gc,phases   ] GC(409)   Pre Evacuate Collection Set: 0.5ms
[2024-08-28T13:02:00.669+0000][info][gc,phases   ] GC(409)   Merge Heap Roots: 0.5ms
[2024-08-28T13:02:00.669+0000][info][gc,phases   ] GC(409)   Evacuate Collection Set: 13.9ms
[2024-08-28T13:02:00.669+0000][info][gc,phases   ] GC(409)   Post Evacuate Collection Set: 0.6ms
[2024-08-28T13:02:00.669+0000][info][gc,phases   ] GC(409)   Other: 0.2ms
[2024-08-28T13:02:00.669+0000][info][gc,heap     ] GC(409) Eden regions: 89->0(89)
[2024-08-28T13:02:00.669+0000][info][gc,heap     ] GC(409) Survivor regions: 13->13(13)
[2024-08-28T13:02:00.669+0000][info][gc,heap     ] GC(409) Old regions: 1338->1228
[2024-08-28T13:02:00.669+0000][info][gc,heap     ] GC(409) Archive regions: 2->2
[2024-08-28T13:02:00.669+0000][info][gc,heap     ] GC(409) Humongous regions: 5->5
[2024-08-28T13:02:00.669+0000][info][gc,metaspace] GC(409) Metaspace: 100K(320K)->100K(320K) NonClass: 96K(192K)->96K(192K) Class: 4K(128K)->4K(128K)
[2024-08-28T13:02:00.669+0000][info][gc          ] GC(409) Pause Young (Mixed) (G1 Evacuation Pause) 1445M->1246M(2048M) 15.710ms
[2024-08-28T13:02:00.669+0000][info][gc,cpu      ] GC(409) User=0.66s Sys=0.01s Real=0.02s
[2024-08-28T13:02:00.726+0000][info][gc,start    ] GC(410) Pause Young (Mixed) (G1 Evacuation Pause)
[2024-08-28T13:02:00.726+0000][info][gc,task     ] GC(410) Using 49 workers of 68 for evacuation
[2024-08-28T13:02:00.742+0000][info][gc,phases   ] GC(410)   Pre Evacuate Collection Set: 0.4ms
[2024-08-28T13:02:00.742+0000][info][gc,phases   ] GC(410)   Merge Heap Roots: 0.9ms
[2024-08-28T13:02:00.742+0000][info][gc,phases   ] GC(410)   Evacuate Collection Set: 14.0ms
[2024-08-28T13:02:00.742+0000][info][gc,phases   ] GC(410)   Post Evacuate Collection Set: 0.6ms
[2024-08-28T13:02:00.742+0000][info][gc,phases   ] GC(410)   Other: 0.2ms
[2024-08-28T13:02:00.742+0000][info][gc,heap     ] GC(410) Eden regions: 89->0(219)
[2024-08-28T13:02:00.742+0000][info][gc,heap     ] GC(410) Survivor regions: 13->13(13)
[2024-08-28T13:02:00.742+0000][info][gc,heap     ] GC(410) Old regions: 1228->1139
[2024-08-28T13:02:00.742+0000][info][gc,heap     ] GC(410) Archive regions: 2->2
[2024-08-28T13:02:00.742+0000][info][gc,heap     ] GC(410) Humongous regions: 5->5
[2024-08-28T13:02:00.742+0000][info][gc,metaspace] GC(410) Metaspace: 100K(320K)->100K(320K) NonClass: 96K(192K)->96K(192K) Class: 4K(128K)->4K(128K)
[2024-08-28T13:02:00.742+0000][info][gc          ] GC(410) Pause Young (Mixed) (G1 Evacuation Pause) 1335M->1157M(2048M) 16.251ms
[2024-08-28T13:02:00.743+0000][info][gc,cpu      ] GC(410) User=0.67s Sys=0.02s Real=0.02s
[2024-08-28T13:02:00.877+0000][info][gc,start    ] GC(411) Pause Young (Normal) (G1 Evacuation Pause)
[2024-08-28T13:02:00.877+0000][info][gc,task     ] GC(411) Using 49 workers of 68 for evacuation
[2024-08-28T13:02:00.903+0000][info][gc,phases   ] GC(411)   Pre Evacuate Collection Set: 0.3ms
[2024-08-28T13:02:00.903+0000][info][gc,phases   ] GC(411)   Merge Heap Roots: 1.1ms
[2024-08-28T13:02:00.903+0000][info][gc,phases   ] GC(411)   Evacuate Collection Set: 23.9ms
[2024-08-28T13:02:00.903+0000][info][gc,phases   ] GC(411)   Post Evacuate Collection Set: 0.6ms
[2024-08-28T13:02:00.903+0000][info][gc,phases   ] GC(411)   Other: 0.2ms
[2024-08-28T13:02:00.903+0000][info][gc,heap     ] GC(411) Eden regions: 219->0(150)
[2024-08-28T13:02:00.903+0000][info][gc,heap     ] GC(411) Survivor regions: 13->29(29)
[2024-08-28T13:02:00.903+0000][info][gc,heap     ] GC(411) Old regions: 1139->1338
[2024-08-28T13:02:00.903+0000][info][gc,heap     ] GC(411) Archive regions: 2->2
[2024-08-28T13:02:00.903+0000][info][gc,heap     ] GC(411) Humongous regions: 5->5
[2024-08-28T13:02:00.903+0000][info][gc,metaspace] GC(411) Metaspace: 100K(320K)->100K(320K) NonClass: 96K(192K)->96K(192K) Class: 4K(128K)->4K(128K)
[2024-08-28T13:02:00.903+0000][info][gc          ] GC(411) Pause Young (Normal) (G1 Evacuation Pause) 1376M->1372M(2048M) 26.156ms
[2024-08-28T13:02:00.903+0000][info][gc,cpu      ] GC(411) User=1.20s Sys=0.00s Real=0.03s
[2024-08-28T13:02:00.993+0000][info][gc,start    ] GC(412) Pause Young (Normal) (G1 Evacuation Pause)
[2024-08-28T13:02:00.993+0000][info][gc,task     ] GC(412) Using 49 workers of 68 for evacuation
[2024-08-28T13:02:01.017+0000][info][gc,phases   ] GC(412)   Pre Evacuate Collection Set: 0.3ms
[2024-08-28T13:02:01.017+0000][info][gc,phases   ] GC(412)   Merge Heap Roots: 1.0ms
[2024-08-28T13:02:01.017+0000][info][gc,phases   ] GC(412)   Evacuate Collection Set: 21.9ms
[2024-08-28T13:02:01.017+0000][info][gc,phases   ] GC(412)   Post Evacuate Collection Set: 0.6ms
[2024-08-28T13:02:01.017+0000][info][gc,phases   ] GC(412)   Other: 0.2ms
[2024-08-28T13:02:01.017+0000][info][gc,heap     ] GC(412) Eden regions: 150->0(100)
[2024-08-28T13:02:01.017+0000][info][gc,heap     ] GC(412) Survivor regions: 29->23(23)
[2024-08-28T13:02:01.017+0000][info][gc,heap     ] GC(412) Old regions: 1338->1498
[2024-08-28T13:02:01.017+0000][info][gc,heap     ] GC(412) Archive regions: 2->2
[2024-08-28T13:02:01.017+0000][info][gc,heap     ] GC(412) Humongous regions: 5->5
[2024-08-28T13:02:01.017+0000][info][gc,metaspace] GC(412) Metaspace: 100K(320K)->100K(320K) NonClass: 96K(192K)->96K(192K) Class: 4K(128K)->4K(128K)
[2024-08-28T13:02:01.017+0000][info][gc          ] GC(412) Pause Young (Normal) (G1 Evacuation Pause) 1522M->1526M(2048M) 24.161ms
[2024-08-28T13:02:01.017+0000][info][gc,cpu      ] GC(412) User=1.12s Sys=0.00s Real=0.02s
[2024-08-28T13:02:01.078+0000][info][gc,start    ] GC(413) Pause Young (Concurrent Start) (G1 Evacuation Pause)
[2024-08-28T13:02:01.078+0000][info][gc,task     ] GC(413) Using 49 workers of 68 for evacuation
[2024-08-28T13:02:01.098+0000][info][gc,phases   ] GC(413)   Pre Evacuate Collection Set: 0.3ms
[2024-08-28T13:02:01.098+0000][info][gc,phases   ] GC(413)   Merge Heap Roots: 0.9ms
[2024-08-28T13:02:01.098+0000][info][gc,phases   ] GC(413)   Evacuate Collection Set: 16.9ms
[2024-08-28T13:02:01.098+0000][info][gc,phases   ] GC(413)   Post Evacuate Collection Set: 0.5ms
[2024-08-28T13:02:01.098+0000][info][gc,phases   ] GC(413)   Other: 0.7ms
[2024-08-28T13:02:01.098+0000][info][gc,heap     ] GC(413) Eden regions: 100->0(86)
[2024-08-28T13:02:01.098+0000][info][gc,heap     ] GC(413) Survivor regions: 23->16(16)
[2024-08-28T13:02:01.098+0000][info][gc,heap     ] GC(413) Old regions: 1498->1612
[2024-08-28T13:02:01.098+0000][info][gc,heap     ] GC(413) Archive regions: 2->2
[2024-08-28T13:02:01.098+0000][info][gc,heap     ] GC(413) Humongous regions: 5->5
[2024-08-28T13:02:01.098+0000][info][gc,metaspace] GC(413) Metaspace: 100K(320K)->100K(320K) NonClass: 96K(192K)->96K(192K) Class: 4K(128K)->4K(128K)
[2024-08-28T13:02:01.098+0000][info][gc          ] GC(413) Pause Young (Concurrent Start) (G1 Evacuation Pause) 1626M->1633M(2048M) 19.480ms
[2024-08-28T13:02:01.098+0000][info][gc,cpu      ] GC(413) User=0.85s Sys=0.00s Real=0.02s
[2024-08-28T13:02:01.098+0000][info][gc          ] GC(414) Concurrent Mark Cycle
[2024-08-28T13:02:01.098+0000][info][gc,marking  ] GC(414) Concurrent Clear Claimed Marks
[2024-08-28T13:02:01.098+0000][info][gc,marking  ] GC(414) Concurrent Clear Claimed Marks 0.010ms
[2024-08-28T13:02:01.098+0000][info][gc,marking  ] GC(414) Concurrent Scan Root Regions
[2024-08-28T13:02:01.101+0000][info][gc,marking  ] GC(414) Concurrent Scan Root Regions 3.288ms
[2024-08-28T13:02:01.101+0000][info][gc,marking  ] GC(414) Concurrent Mark
[2024-08-28T13:02:01.101+0000][info][gc,marking  ] GC(414) Concurrent Mark From Roots
[2024-08-28T13:02:01.101+0000][info][gc,task     ] GC(414) Using 17 workers of 17 for marking
[2024-08-28T13:02:01.123+0000][info][gc,marking  ] GC(414) Concurrent Mark From Roots 21.400ms
[2024-08-28T13:02:01.123+0000][info][gc,marking  ] GC(414) Concurrent Preclean
[2024-08-28T13:02:01.123+0000][info][gc,marking  ] GC(414) Concurrent Preclean 0.496ms
[2024-08-28T13:02:01.124+0000][info][gc,start    ] GC(414) Pause Remark
[2024-08-28T13:02:01.126+0000][info][gc          ] GC(414) Pause Remark 1664M->1387M(2048M) 2.165ms
[2024-08-28T13:02:01.126+0000][info][gc,cpu      ] GC(414) User=0.01s Sys=0.00s Real=0.00s
[2024-08-28T13:02:01.126+0000][info][gc,marking  ] GC(414) Concurrent Mark 24.589ms
[2024-08-28T13:02:01.126+0000][info][gc,marking  ] GC(414) Concurrent Rebuild Remembered Sets
[2024-08-28T13:02:01.157+0000][info][gc,start    ] GC(415) Pause Young (Normal) (G1 Evacuation Pause)
[2024-08-28T13:02:01.157+0000][info][gc,task     ] GC(415) Using 49 workers of 68 for evacuation
[2024-08-28T13:02:01.173+0000][info][gc,phases   ] GC(415)   Pre Evacuate Collection Set: 0.4ms
[2024-08-28T13:02:01.173+0000][info][gc,phases   ] GC(415)   Merge Heap Roots: 0.8ms
[2024-08-28T13:02:01.173+0000][info][gc,phases   ] GC(415)   Evacuate Collection Set: 14.0ms
[2024-08-28T13:02:01.173+0000][info][gc,phases   ] GC(415)   Post Evacuate Collection Set: 0.8ms
[2024-08-28T13:02:01.173+0000][info][gc,phases   ] GC(415)   Other: 0.3ms
[2024-08-28T13:02:01.173+0000][info][gc,heap     ] GC(415) Eden regions: 86->0(125)
[2024-08-28T13:02:01.173+0000][info][gc,heap     ] GC(415) Survivor regions: 16->13(13)
[2024-08-28T13:02:01.173+0000][info][gc,heap     ] GC(415) Old regions: 1335->1432
[2024-08-28T13:02:01.173+0000][info][gc,heap     ] GC(415) Archive regions: 2->2
[2024-08-28T13:02:01.173+0000][info][gc,heap     ] GC(415) Humongous regions: 5->5
[2024-08-28T13:02:01.173+0000][info][gc,metaspace] GC(415) Metaspace: 100K(320K)->100K(320K) NonClass: 96K(192K)->96K(192K) Class: 4K(128K)->4K(128K)
[2024-08-28T13:02:01.173+0000][info][gc          ] GC(415) Pause Young (Normal) (G1 Evacuation Pause) 1442M->1450M(2048M) 16.372ms
[2024-08-28T13:02:01.173+0000][info][gc,cpu      ] GC(415) User=0.73s Sys=0.00s Real=0.02s
[2024-08-28T13:02:01.194+0000][info][gc,marking  ] GC(414) Concurrent Rebuild Remembered Sets 67.873ms
[2024-08-28T13:02:01.194+0000][info][gc,start    ] GC(414) Pause Cleanup
[2024-08-28T13:02:01.197+0000][info][gc          ] GC(414) Pause Cleanup 1483M->1483M(2048M) 2.802ms
[2024-08-28T13:02:01.197+0000][info][gc,cpu      ] GC(414) User=0.01s Sys=0.00s Real=0.00s
[2024-08-28T13:02:01.197+0000][info][gc,marking  ] GC(414) Concurrent Cleanup for Next Mark
[2024-08-28T13:02:01.198+0000][info][gc,marking  ] GC(414) Concurrent Cleanup for Next Mark 1.340ms
[2024-08-28T13:02:01.198+0000][info][gc          ] GC(414) Concurrent Mark Cycle 100.498ms
[2024-08-28T13:02:01.257+0000][info][gc,start    ] GC(416) Pause Young (Prepare Mixed) (G1 Evacuation Pause)
[2024-08-28T13:02:01.258+0000][info][gc,task     ] GC(416) Using 49 workers of 68 for evacuation
[2024-08-28T13:02:01.278+0000][info][gc,phases   ] GC(416)   Pre Evacuate Collection Set: 0.4ms
[2024-08-28T13:02:01.278+0000][info][gc,phases   ] GC(416)   Merge Heap Roots: 0.6ms
[2024-08-28T13:02:01.278+0000][info][gc,phases   ] GC(416)   Evacuate Collection Set: 19.0ms
[2024-08-28T13:02:01.278+0000][info][gc,phases   ] GC(416)   Post Evacuate Collection Set: 0.5ms
[2024-08-28T13:02:01.278+0000][info][gc,phases   ] GC(416)   Other: 0.3ms
[2024-08-28T13:02:01.278+0000][info][gc,heap     ] GC(416) Eden regions: 125->0(84)
[2024-08-28T13:02:01.278+0000][info][gc,heap     ] GC(416) Survivor regions: 13->18(18)
[2024-08-28T13:02:01.278+0000][info][gc,heap     ] GC(416) Old regions: 1432->1554
[2024-08-28T13:02:01.278+0000][info][gc,heap     ] GC(416) Archive regions: 2->2
[2024-08-28T13:02:01.278+0000][info][gc,heap     ] GC(416) Humongous regions: 5->5
[2024-08-28T13:02:01.278+0000][info][gc,metaspace] GC(416) Metaspace: 100K(320K)->100K(320K) NonClass: 96K(192K)->96K(192K) Class: 4K(128K)->4K(128K)
[2024-08-28T13:02:01.278+0000][info][gc          ] GC(416) Pause Young (Prepare Mixed) (G1 Evacuation Pause) 1575M->1577M(2048M) 20.921ms
[2024-08-28T13:02:01.278+0000][info][gc,cpu      ] GC(416) User=0.82s Sys=0.14s Real=0.03s
[2024-08-28T13:02:01.332+0000][info][gc,start    ] GC(417) Pause Young (Mixed) (G1 Evacuation Pause)
[2024-08-28T13:02:01.332+0000][info][gc,task     ] GC(417) Using 49 workers of 68 for evacuation
[2024-08-28T13:02:01.348+0000][info][gc,phases   ] GC(417)   Pre Evacuate Collection Set: 0.4ms
[2024-08-28T13:02:01.348+0000][info][gc,phases   ] GC(417)   Merge Heap Roots: 0.8ms
[2024-08-28T13:02:01.348+0000][info][gc,phases   ] GC(417)   Evacuate Collection Set: 14.1ms
[2024-08-28T13:02:01.348+0000][info][gc,phases   ] GC(417)   Post Evacuate Collection Set: 0.5ms
[2024-08-28T13:02:01.348+0000][info][gc,phases   ] GC(417)   Other: 0.2ms
[2024-08-28T13:02:01.348+0000][info][gc,heap     ] GC(417) Eden regions: 84->0(89)
[2024-08-28T13:02:01.348+0000][info][gc,heap     ] GC(417) Survivor regions: 18->13(13)
[2024-08-28T13:02:01.348+0000][info][gc,heap     ] GC(417) Old regions: 1554->1445
[2024-08-28T13:02:01.348+0000][info][gc,heap     ] GC(417) Archive regions: 2->2
[2024-08-28T13:02:01.348+0000][info][gc,heap     ] GC(417) Humongous regions: 5->5
[2024-08-28T13:02:01.348+0000][info][gc,metaspace] GC(417) Metaspace: 100K(320K)->100K(320K) NonClass: 96K(192K)->96K(192K) Class: 4K(128K)->4K(128K)
[2024-08-28T13:02:01.348+0000][info][gc          ] GC(417) Pause Young (Mixed) (G1 Evacuation Pause) 1661M->1463M(2048M) 15.990ms
[2024-08-28T13:02:01.348+0000][info][gc,cpu      ] GC(417) User=0.72s Sys=0.00s Real=0.01s
[2024-08-28T13:02:01.405+0000][info][gc,start    ] GC(418) Pause Young (Mixed) (G1 Evacuation Pause)
[2024-08-28T13:02:01.405+0000][info][gc,task     ] GC(418) Using 49 workers of 68 for evacuation
[2024-08-28T13:02:01.420+0000][info][gc,phases   ] GC(418)   Pre Evacuate Collection Set: 0.4ms
[2024-08-28T13:02:01.420+0000][info][gc,phases   ] GC(418)   Merge Heap Roots: 0.5ms
[2024-08-28T13:02:01.420+0000][info][gc,phases   ] GC(418)   Evacuate Collection Set: 14.0ms
[2024-08-28T13:02:01.420+0000][info][gc,phases   ] GC(418)   Post Evacuate Collection Set: 0.6ms
[2024-08-28T13:02:01.420+0000][info][gc,phases   ] GC(418)   Other: 0.2ms
[2024-08-28T13:02:01.420+0000][info][gc,heap     ] GC(418) Eden regions: 89->0(89)
[2024-08-28T13:02:01.420+0000][info][gc,heap     ] GC(418) Survivor regions: 13->13(13)
[2024-08-28T13:02:01.420+0000][info][gc,heap     ] GC(418) Old regions: 1445->1333
[2024-08-28T13:02:01.420+0000][info][gc,heap     ] GC(418) Archive regions: 2->2
[2024-08-28T13:02:01.420+0000][info][gc,heap     ] GC(418) Humongous regions: 5->5
[2024-08-28T13:02:01.420+0000][info][gc,metaspace] GC(418) Metaspace: 100K(320K)->100K(320K) NonClass: 96K(192K)->96K(192K) Class: 4K(128K)->4K(128K)
[2024-08-28T13:02:01.420+0000][info][gc          ] GC(418) Pause Young (Mixed) (G1 Evacuation Pause) 1552M->1351M(2048M) 15.756ms
[2024-08-28T13:02:01.420+0000][info][gc,cpu      ] GC(418) User=0.70s Sys=0.00s Real=0.02s
[2024-08-28T13:02:01.476+0000][info][gc,start    ] GC(419) Pause Young (Mixed) (G1 Evacuation Pause)
[2024-08-28T13:02:01.476+0000][info][gc,task     ] GC(419) Using 49 workers of 68 for evacuation
[2024-08-28T13:02:01.493+0000][info][gc,phases   ] GC(419)   Pre Evacuate Collection Set: 0.5ms
[2024-08-28T13:02:01.493+0000][info][gc,phases   ] GC(419)   Merge Heap Roots: 0.8ms
[2024-08-28T13:02:01.493+0000][info][gc,phases   ] GC(419)   Evacuate Collection Set: 14.2ms
[2024-08-28T13:02:01.493+0000][info][gc,phases   ] GC(419)   Post Evacuate Collection Set: 0.6ms
[2024-08-28T13:02:01.493+0000][info][gc,phases   ] GC(419)   Other: 0.2ms
[2024-08-28T13:02:01.493+0000][info][gc,heap     ] GC(419) Eden regions: 89->0(89)
[2024-08-28T13:02:01.493+0000][info][gc,heap     ] GC(419) Survivor regions: 13->13(13)
[2024-08-28T13:02:01.493+0000][info][gc,heap     ] GC(419) Old regions: 1333->1222
[2024-08-28T13:02:01.493+0000][info][gc,heap     ] GC(419) Archive regions: 2->2
[2024-08-28T13:02:01.493+0000][info][gc,heap     ] GC(419) Humongous regions: 5->5
[2024-08-28T13:02:01.493+0000][info][gc,metaspace] GC(419) Metaspace: 100K(320K)->100K(320K) NonClass: 96K(192K)->96K(192K) Class: 4K(128K)->4K(128K)
[2024-08-28T13:02:01.493+0000][info][gc          ] GC(419) Pause Young (Mixed) (G1 Evacuation Pause) 1440M->1240M(2048M) 16.497ms
[2024-08-28T13:02:01.493+0000][info][gc,cpu      ] GC(419) User=0.72s Sys=0.02s Real=0.02s
[2024-08-28T13:02:01.547+0000][info][gc,start    ] GC(420) Pause Young (Mixed) (G1 Evacuation Pause)
[2024-08-28T13:02:01.547+0000][info][gc,task     ] GC(420) Using 49 workers of 68 for evacuation
[2024-08-28T13:02:01.564+0000][info][gc,phases   ] GC(420)   Pre Evacuate Collection Set: 0.4ms
[2024-08-28T13:02:01.564+0000][info][gc,phases   ] GC(420)   Merge Heap Roots: 0.5ms
[2024-08-28T13:02:01.564+0000][info][gc,phases   ] GC(420)   Evacuate Collection Set: 15.1ms
[2024-08-28T13:02:01.564+0000][info][gc,phases   ] GC(420)   Post Evacuate Collection Set: 0.6ms
[2024-08-28T13:02:01.564+0000][info][gc,phases   ] GC(420)   Other: 0.2ms
[2024-08-28T13:02:01.564+0000][info][gc,heap     ] GC(420) Eden regions: 89->0(219)
[2024-08-28T13:02:01.564+0000][info][gc,heap     ] GC(420) Survivor regions: 13->13(13)
[2024-08-28T13:02:01.564+0000][info][gc,heap     ] GC(420) Old regions: 1222->1141
[2024-08-28T13:02:01.564+0000][info][gc,heap     ] GC(420) Archive regions: 2->2
[2024-08-28T13:02:01.564+0000][info][gc,heap     ] GC(420) Humongous regions: 5->5
[2024-08-28T13:02:01.564+0000][info][gc,metaspace] GC(420) Metaspace: 100K(320K)->100K(320K) NonClass: 96K(192K)->96K(192K) Class: 4K(128K)->4K(128K)
[2024-08-28T13:02:01.564+0000][info][gc          ] GC(420) Pause Young (Mixed) (G1 Evacuation Pause) 1329M->1159M(2048M) 16.921ms
[2024-08-28T13:02:01.564+0000][info][gc,cpu      ] GC(420) User=0.71s Sys=0.05s Real=0.02s
[2024-08-28T13:02:01.697+0000][info][gc,start    ] GC(421) Pause Young (Normal) (G1 Evacuation Pause)
[2024-08-28T13:02:01.697+0000][info][gc,task     ] GC(421) Using 49 workers of 68 for evacuation
[2024-08-28T13:02:01.725+0000][info][gc,phases   ] GC(421)   Pre Evacuate Collection Set: 0.3ms
[2024-08-28T13:02:01.725+0000][info][gc,phases   ] GC(421)   Merge Heap Roots: 0.7ms
[2024-08-28T13:02:01.725+0000][info][gc,phases   ] GC(421)   Evacuate Collection Set: 26.5ms
[2024-08-28T13:02:01.725+0000][info][gc,phases   ] GC(421)   Post Evacuate Collection Set: 0.7ms
[2024-08-28T13:02:01.725+0000][info][gc,phases   ] GC(421)   Other: 0.2ms
[2024-08-28T13:02:01.725+0000][info][gc,heap     ] GC(421) Eden regions: 219->0(149)
[2024-08-28T13:02:01.725+0000][info][gc,heap     ] GC(421) Survivor regions: 13->29(29)
[2024-08-28T13:02:01.725+0000][info][gc,heap     ] GC(421) Old regions: 1141->1341
[2024-08-28T13:02:01.725+0000][info][gc,heap     ] GC(421) Archive regions: 2->2
[2024-08-28T13:02:01.725+0000][info][gc,heap     ] GC(421) Humongous regions: 5->5
[2024-08-28T13:02:01.725+0000][info][gc,metaspace] GC(421) Metaspace: 100K(320K)->100K(320K) NonClass: 96K(192K)->96K(192K) Class: 4K(128K)->4K(128K)
[2024-08-28T13:02:01.725+0000][info][gc          ] GC(421) Pause Young (Normal) (G1 Evacuation Pause) 1378M->1375M(2048M) 28.492ms
[2024-08-28T13:02:01.725+0000][info][gc,cpu      ] GC(421) User=1.27s Sys=0.03s Real=0.03s
[2024-08-28T13:02:01.816+0000][info][gc,start    ] GC(422) Pause Young (Normal) (G1 Evacuation Pause)
[2024-08-28T13:02:01.816+0000][info][gc,task     ] GC(422) Using 49 workers of 68 for evacuation
[2024-08-28T13:02:01.840+0000][info][gc,phases   ] GC(422)   Pre Evacuate Collection Set: 0.3ms
[2024-08-28T13:02:01.841+0000][info][gc,phases   ] GC(422)   Merge Heap Roots: 1.1ms
[2024-08-28T13:02:01.841+0000][info][gc,phases   ] GC(422)   Evacuate Collection Set: 21.9ms
[2024-08-28T13:02:01.841+0000][info][gc,phases   ] GC(422)   Post Evacuate Collection Set: 0.6ms
[2024-08-28T13:02:01.841+0000][info][gc,phases   ] GC(422)   Other: 0.3ms
[2024-08-28T13:02:01.841+0000][info][gc,heap     ] GC(422) Eden regions: 149->0(100)
[2024-08-28T13:02:01.841+0000][info][gc,heap     ] GC(422) Survivor regions: 29->23(23)
[2024-08-28T13:02:01.841+0000][info][gc,heap     ] GC(422) Old regions: 1341->1499
[2024-08-28T13:02:01.841+0000][info][gc,heap     ] GC(422) Archive regions: 2->2
[2024-08-28T13:02:01.841+0000][info][gc,heap     ] GC(422) Humongous regions: 5->5
[2024-08-28T13:02:01.841+0000][info][gc,metaspace] GC(422) Metaspace: 100K(320K)->100K(320K) NonClass: 96K(192K)->96K(192K) Class: 4K(128K)->4K(128K)
[2024-08-28T13:02:01.841+0000][info][gc          ] GC(422) Pause Young (Normal) (G1 Evacuation Pause) 1524M->1527M(2048M) 24.164ms
[2024-08-28T13:02:01.841+0000][info][gc,cpu      ] GC(422) User=1.11s Sys=0.00s Real=0.03s
[2024-08-28T13:02:01.900+0000][info][gc,start    ] GC(423) Pause Young (Concurrent Start) (G1 Evacuation Pause)
[2024-08-28T13:02:01.900+0000][info][gc,task     ] GC(423) Using 49 workers of 68 for evacuation
[2024-08-28T13:02:01.919+0000][info][gc,phases   ] GC(423)   Pre Evacuate Collection Set: 0.3ms
[2024-08-28T13:02:01.919+0000][info][gc,phases   ] GC(423)   Merge Heap Roots: 0.5ms
[2024-08-28T13:02:01.919+0000][info][gc,phases   ] GC(423)   Evacuate Collection Set: 17.1ms
[2024-08-28T13:02:01.919+0000][info][gc,phases   ] GC(423)   Post Evacuate Collection Set: 0.5ms
[2024-08-28T13:02:01.919+0000][info][gc,phases   ] GC(423)   Other: 0.7ms
[2024-08-28T13:02:01.919+0000][info][gc,heap     ] GC(423) Eden regions: 100->0(86)
[2024-08-28T13:02:01.919+0000][info][gc,heap     ] GC(423) Survivor regions: 23->16(16)
[2024-08-28T13:02:01.919+0000][info][gc,heap     ] GC(423) Old regions: 1499->1616
[2024-08-28T13:02:01.919+0000][info][gc,heap     ] GC(423) Archive regions: 2->2
[2024-08-28T13:02:01.919+0000][info][gc,heap     ] GC(423) Humongous regions: 5->5
[2024-08-28T13:02:01.919+0000][info][gc,metaspace] GC(423) Metaspace: 100K(320K)->100K(320K) NonClass: 96K(192K)->96K(192K) Class: 4K(128K)->4K(128K)
[2024-08-28T13:02:01.919+0000][info][gc          ] GC(423) Pause Young (Concurrent Start) (G1 Evacuation Pause) 1627M->1637M(2048M) 19.151ms
[2024-08-28T13:02:01.919+0000][info][gc,cpu      ] GC(423) User=0.86s Sys=0.00s Real=0.02s
[2024-08-28T13:02:01.919+0000][info][gc          ] GC(424) Concurrent Mark Cycle
[2024-08-28T13:02:01.919+0000][info][gc,marking  ] GC(424) Concurrent Clear Claimed Marks
[2024-08-28T13:02:01.919+0000][info][gc,marking  ] GC(424) Concurrent Clear Claimed Marks 0.011ms
[2024-08-28T13:02:01.919+0000][info][gc,marking  ] GC(424) Concurrent Scan Root Regions
[2024-08-28T13:02:01.922+0000][info][gc,marking  ] GC(424) Concurrent Scan Root Regions 3.209ms
[2024-08-28T13:02:01.922+0000][info][gc,marking  ] GC(424) Concurrent Mark
[2024-08-28T13:02:01.922+0000][info][gc,marking  ] GC(424) Concurrent Mark From Roots
[2024-08-28T13:02:01.922+0000][info][gc,task     ] GC(424) Using 17 workers of 17 for marking
[2024-08-28T13:02:01.943+0000][info][gc,marking  ] GC(424) Concurrent Mark From Roots 21.053ms
[2024-08-28T13:02:01.943+0000][info][gc,marking  ] GC(424) Concurrent Preclean
[2024-08-28T13:02:01.944+0000][info][gc,marking  ] GC(424) Concurrent Preclean 0.495ms
[2024-08-28T13:02:01.944+0000][info][gc,start    ] GC(424) Pause Remark
[2024-08-28T13:02:01.946+0000][info][gc          ] GC(424) Pause Remark 1668M->1400M(2048M) 2.083ms
[2024-08-28T13:02:01.946+0000][info][gc,cpu      ] GC(424) User=0.02s Sys=0.00s Real=0.00s
[2024-08-28T13:02:01.946+0000][info][gc,marking  ] GC(424) Concurrent Mark 24.042ms
[2024-08-28T13:02:01.946+0000][info][gc,marking  ] GC(424) Concurrent Rebuild Remembered Sets
[2024-08-28T13:02:01.977+0000][info][gc,start    ] GC(425) Pause Young (Normal) (G1 Evacuation Pause)
[2024-08-28T13:02:01.977+0000][info][gc,task     ] GC(425) Using 49 workers of 68 for evacuation
[2024-08-28T13:02:01.993+0000][info][gc,phases   ] GC(425)   Pre Evacuate Collection Set: 0.3ms
[2024-08-28T13:02:01.993+0000][info][gc,phases   ] GC(425)   Merge Heap Roots: 0.9ms
[2024-08-28T13:02:01.993+0000][info][gc,phases   ] GC(425)   Evacuate Collection Set: 14.2ms
[2024-08-28T13:02:01.993+0000][info][gc,phases   ] GC(425)   Post Evacuate Collection Set: 0.9ms
[2024-08-28T13:02:01.994+0000][info][gc,phases   ] GC(425)   Other: 0.2ms
[2024-08-28T13:02:01.994+0000][info][gc,heap     ] GC(425) Eden regions: 86->0(121)
[2024-08-28T13:02:01.994+0000][info][gc,heap     ] GC(425) Survivor regions: 16->13(13)
[2024-08-28T13:02:01.994+0000][info][gc,heap     ] GC(425) Old regions: 1348->1444
[2024-08-28T13:02:01.994+0000][info][gc,heap     ] GC(425) Archive regions: 2->2
[2024-08-28T13:02:01.994+0000][info][gc,heap     ] GC(425) Humongous regions: 5->5
[2024-08-28T13:02:01.994+0000][info][gc,metaspace] GC(425) Metaspace: 100K(320K)->100K(320K) NonClass: 96K(192K)->96K(192K) Class: 4K(128K)->4K(128K)
[2024-08-28T13:02:01.994+0000][info][gc          ] GC(425) Pause Young (Normal) (G1 Evacuation Pause) 1455M->1462M(2048M) 16.657ms
[2024-08-28T13:02:01.994+0000][info][gc,cpu      ] GC(425) User=0.74s Sys=0.01s Real=0.02s
[2024-08-28T13:02:02.011+0000][info][gc,marking  ] GC(424) Concurrent Rebuild Remembered Sets 64.969ms
[2024-08-28T13:02:02.012+0000][info][gc,start    ] GC(424) Pause Cleanup
[2024-08-28T13:02:02.015+0000][info][gc          ] GC(424) Pause Cleanup 1493M->1493M(2048M) 3.734ms
[2024-08-28T13:02:02.015+0000][info][gc,cpu      ] GC(424) User=0.02s Sys=0.01s Real=0.00s
[2024-08-28T13:02:02.016+0000][info][gc,marking  ] GC(424) Concurrent Cleanup for Next Mark
[2024-08-28T13:02:02.017+0000][info][gc,marking  ] GC(424) Concurrent Cleanup for Next Mark 1.412ms
[2024-08-28T13:02:02.017+0000][info][gc          ] GC(424) Concurrent Mark Cycle 98.058ms
[2024-08-28T13:02:02.069+0000][info][gc,start    ] GC(426) Pause Young (Prepare Mixed) (G1 Evacuation Pause)
[2024-08-28T13:02:02.069+0000][info][gc,task     ] GC(426) Using 49 workers of 68 for evacuation
[2024-08-28T13:02:02.088+0000][info][gc,phases   ] GC(426)   Pre Evacuate Collection Set: 0.3ms
[2024-08-28T13:02:02.088+0000][info][gc,phases   ] GC(426)   Merge Heap Roots: 1.0ms
[2024-08-28T13:02:02.088+0000][info][gc,phases   ] GC(426)   Evacuate Collection Set: 17.0ms
[2024-08-28T13:02:02.088+0000][info][gc,phases   ] GC(426)   Post Evacuate Collection Set: 0.5ms
[2024-08-28T13:02:02.088+0000][info][gc,phases   ] GC(426)   Other: 0.2ms
[2024-08-28T13:02:02.088+0000][info][gc,heap     ] GC(426) Eden regions: 121->0(85)
[2024-08-28T13:02:02.088+0000][info][gc,heap     ] GC(426) Survivor regions: 13->17(17)
[2024-08-28T13:02:02.088+0000][info][gc,heap     ] GC(426) Old regions: 1444->1565
[2024-08-28T13:02:02.088+0000][info][gc,heap     ] GC(426) Archive regions: 2->2
[2024-08-28T13:02:02.088+0000][info][gc,heap     ] GC(426) Humongous regions: 5->5
[2024-08-28T13:02:02.088+0000][info][gc,metaspace] GC(426) Metaspace: 100K(320K)->100K(320K) NonClass: 96K(192K)->96K(192K) Class: 4K(128K)->4K(128K)
[2024-08-28T13:02:02.088+0000][info][gc          ] GC(426) Pause Young (Prepare Mixed) (G1 Evacuation Pause) 1583M->1587M(2048M) 19.129ms
[2024-08-28T13:02:02.088+0000][info][gc,cpu      ] GC(426) User=0.82s Sys=0.04s Real=0.02s
[2024-08-28T13:02:02.135+0000][info][gc,start    ] GC(427) Pause Young (Mixed) (G1 Evacuation Pause)
[2024-08-28T13:02:02.135+0000][info][gc,task     ] GC(427) Using 49 workers of 68 for evacuation
[2024-08-28T13:02:02.152+0000][info][gc,phases   ] GC(427)   Pre Evacuate Collection Set: 0.5ms
[2024-08-28T13:02:02.152+0000][info][gc,phases   ] GC(427)   Merge Heap Roots: 0.5ms
[2024-08-28T13:02:02.152+0000][info][gc,phases   ] GC(427)   Evacuate Collection Set: 14.8ms
[2024-08-28T13:02:02.152+0000][info][gc,phases   ] GC(427)   Post Evacuate Collection Set: 0.7ms
[2024-08-28T13:02:02.152+0000][info][gc,phases   ] GC(427)   Other: 0.3ms
[2024-08-28T13:02:02.152+0000][info][gc,heap     ] GC(427) Eden regions: 85->0(89)
[2024-08-28T13:02:02.152+0000][info][gc,heap     ] GC(427) Survivor regions: 17->13(13)
[2024-08-28T13:02:02.152+0000][info][gc,heap     ] GC(427) Old regions: 1565->1456
[2024-08-28T13:02:02.152+0000][info][gc,heap     ] GC(427) Archive regions: 2->2
[2024-08-28T13:02:02.152+0000][info][gc,heap     ] GC(427) Humongous regions: 5->5
[2024-08-28T13:02:02.152+0000][info][gc,metaspace] GC(427) Metaspace: 100K(320K)->100K(320K) NonClass: 96K(192K)->96K(192K) Class: 4K(128K)->4K(128K)
[2024-08-28T13:02:02.152+0000][info][gc          ] GC(427) Pause Young (Mixed) (G1 Evacuation Pause) 1672M->1474M(2048M) 16.859ms
[2024-08-28T13:02:02.152+0000][info][gc,cpu      ] GC(427) User=0.75s Sys=0.00s Real=0.02s
[2024-08-28T13:02:02.202+0000][info][gc,start    ] GC(428) Pause Young (Mixed) (G1 Evacuation Pause)
[2024-08-28T13:02:02.202+0000][info][gc,task     ] GC(428) Using 49 workers of 68 for evacuation
[2024-08-28T13:02:02.219+0000][info][gc,phases   ] GC(428)   Pre Evacuate Collection Set: 0.4ms
[2024-08-28T13:02:02.219+0000][info][gc,phases   ] GC(428)   Merge Heap Roots: 0.7ms
[2024-08-28T13:02:02.219+0000][info][gc,phases   ] GC(428)   Evacuate Collection Set: 14.3ms
[2024-08-28T13:02:02.219+0000][info][gc,phases   ] GC(428)   Post Evacuate Collection Set: 0.7ms
[2024-08-28T13:02:02.219+0000][info][gc,phases   ] GC(428)   Other: 0.2ms
[2024-08-28T13:02:02.219+0000][info][gc,heap     ] GC(428) Eden regions: 89->0(89)
[2024-08-28T13:02:02.219+0000][info][gc,heap     ] GC(428) Survivor regions: 13->13(13)
[2024-08-28T13:02:02.219+0000][info][gc,heap     ] GC(428) Old regions: 1456->1344
[2024-08-28T13:02:02.219+0000][info][gc,heap     ] GC(428) Archive regions: 2->2
[2024-08-28T13:02:02.219+0000][info][gc,heap     ] GC(428) Humongous regions: 5->5
[2024-08-28T13:02:02.219+0000][info][gc,metaspace] GC(428) Metaspace: 100K(320K)->100K(320K) NonClass: 96K(192K)->96K(192K) Class: 4K(128K)->4K(128K)
[2024-08-28T13:02:02.219+0000][info][gc          ] GC(428) Pause Young (Mixed) (G1 Evacuation Pause) 1563M->1362M(2048M) 16.354ms
[2024-08-28T13:02:02.219+0000][info][gc,cpu      ] GC(428) User=0.62s Sys=0.10s Real=0.02s
[2024-08-28T13:02:02.269+0000][info][gc,start    ] GC(429) Pause Young (Mixed) (G1 Evacuation Pause)
[2024-08-28T13:02:02.269+0000][info][gc,task     ] GC(429) Using 49 workers of 68 for evacuation
[2024-08-28T13:02:02.285+0000][info][gc,phases   ] GC(429)   Pre Evacuate Collection Set: 0.5ms
[2024-08-28T13:02:02.285+0000][info][gc,phases   ] GC(429)   Merge Heap Roots: 0.6ms
[2024-08-28T13:02:02.285+0000][info][gc,phases   ] GC(429)   Evacuate Collection Set: 14.1ms
[2024-08-28T13:02:02.285+0000][info][gc,phases   ] GC(429)   Post Evacuate Collection Set: 0.6ms
[2024-08-28T13:02:02.285+0000][info][gc,phases   ] GC(429)   Other: 0.2ms
[2024-08-28T13:02:02.285+0000][info][gc,heap     ] GC(429) Eden regions: 89->0(89)
[2024-08-28T13:02:02.285+0000][info][gc,heap     ] GC(429) Survivor regions: 13->13(13)
[2024-08-28T13:02:02.285+0000][info][gc,heap     ] GC(429) Old regions: 1344->1233
[2024-08-28T13:02:02.285+0000][info][gc,heap     ] GC(429) Archive regions: 2->2
[2024-08-28T13:02:02.285+0000][info][gc,heap     ] GC(429) Humongous regions: 5->5
[2024-08-28T13:02:02.285+0000][info][gc,metaspace] GC(429) Metaspace: 100K(320K)->100K(320K) NonClass: 96K(192K)->96K(192K) Class: 4K(128K)->4K(128K)
[2024-08-28T13:02:02.285+0000][info][gc          ] GC(429) Pause Young (Mixed) (G1 Evacuation Pause) 1451M->1251M(2048M) 15.983ms
[2024-08-28T13:02:02.285+0000][info][gc,cpu      ] GC(429) User=0.71s Sys=0.00s Real=0.02s
[2024-08-28T13:02:02.340+0000][info][gc,start    ] GC(430) Pause Young (Mixed) (G1 Evacuation Pause)
[2024-08-28T13:02:02.340+0000][info][gc,task     ] GC(430) Using 49 workers of 68 for evacuation
[2024-08-28T13:02:02.357+0000][info][gc,phases   ] GC(430)   Pre Evacuate Collection Set: 0.4ms
[2024-08-28T13:02:02.357+0000][info][gc,phases   ] GC(430)   Merge Heap Roots: 0.9ms
[2024-08-28T13:02:02.357+0000][info][gc,phases   ] GC(430)   Evacuate Collection Set: 14.5ms
[2024-08-28T13:02:02.357+0000][info][gc,phases   ] GC(430)   Post Evacuate Collection Set: 0.6ms
[2024-08-28T13:02:02.357+0000][info][gc,phases   ] GC(430)   Other: 0.2ms
[2024-08-28T13:02:02.357+0000][info][gc,heap     ] GC(430) Eden regions: 89->0(219)
[2024-08-28T13:02:02.357+0000][info][gc,heap     ] GC(430) Survivor regions: 13->13(13)
[2024-08-28T13:02:02.357+0000][info][gc,heap     ] GC(430) Old regions: 1233->1141
[2024-08-28T13:02:02.357+0000][info][gc,heap     ] GC(430) Archive regions: 2->2
[2024-08-28T13:02:02.357+0000][info][gc,heap     ] GC(430) Humongous regions: 5->5
[2024-08-28T13:02:02.357+0000][info][gc,metaspace] GC(430) Metaspace: 100K(320K)->100K(320K) NonClass: 96K(192K)->96K(192K) Class: 4K(128K)->4K(128K)
[2024-08-28T13:02:02.357+0000][info][gc          ] GC(430) Pause Young (Mixed) (G1 Evacuation Pause) 1340M->1159M(2048M) 16.646ms
[2024-08-28T13:02:02.357+0000][info][gc,cpu      ] GC(430) User=0.75s Sys=0.00s Real=0.01s
[2024-08-28T13:02:02.490+0000][info][gc,start    ] GC(431) Pause Young (Normal) (G1 Evacuation Pause)
[2024-08-28T13:02:02.490+0000][info][gc,task     ] GC(431) Using 49 workers of 68 for evacuation
[2024-08-28T13:02:02.517+0000][info][gc,phases   ] GC(431)   Pre Evacuate Collection Set: 0.3ms
[2024-08-28T13:02:02.517+0000][info][gc,phases   ] GC(431)   Merge Heap Roots: 1.0ms
[2024-08-28T13:02:02.517+0000][info][gc,phases   ] GC(431)   Evacuate Collection Set: 24.2ms
[2024-08-28T13:02:02.517+0000][info][gc,phases   ] GC(431)   Post Evacuate Collection Set: 0.6ms
[2024-08-28T13:02:02.517+0000][info][gc,phases   ] GC(431)   Other: 0.2ms
[2024-08-28T13:02:02.517+0000][info][gc,heap     ] GC(431) Eden regions: 219->0(149)
[2024-08-28T13:02:02.517+0000][info][gc,heap     ] GC(431) Survivor regions: 13->29(29)
[2024-08-28T13:02:02.517+0000][info][gc,heap     ] GC(431) Old regions: 1141->1340
[2024-08-28T13:02:02.517+0000][info][gc,heap     ] GC(431) Archive regions: 2->2
[2024-08-28T13:02:02.517+0000][info][gc,heap     ] GC(431) Humongous regions: 5->5
[2024-08-28T13:02:02.517+0000][info][gc,metaspace] GC(431) Metaspace: 100K(320K)->100K(320K) NonClass: 96K(192K)->96K(192K) Class: 4K(128K)->4K(128K)
[2024-08-28T13:02:02.517+0000][info][gc          ] GC(431) Pause Young (Normal) (G1 Evacuation Pause) 1378M->1374M(2048M) 26.442ms
[2024-08-28T13:02:02.517+0000][info][gc,cpu      ] GC(431) User=1.21s Sys=0.02s Real=0.02s
[2024-08-28T13:02:02.608+0000][info][gc,start    ] GC(432) Pause Young (Normal) (G1 Evacuation Pause)
[2024-08-28T13:02:02.608+0000][info][gc,task     ] GC(432) Using 49 workers of 68 for evacuation
[2024-08-28T13:02:02.633+0000][info][gc,phases   ] GC(432)   Pre Evacuate Collection Set: 0.3ms
[2024-08-28T13:02:02.633+0000][info][gc,phases   ] GC(432)   Merge Heap Roots: 1.0ms
[2024-08-28T13:02:02.633+0000][info][gc,phases   ] GC(432)   Evacuate Collection Set: 22.3ms
[2024-08-28T13:02:02.633+0000][info][gc,phases   ] GC(432)   Post Evacuate Collection Set: 0.5ms
[2024-08-28T13:02:02.633+0000][info][gc,phases   ] GC(432)   Other: 0.2ms
[2024-08-28T13:02:02.633+0000][info][gc,heap     ] GC(432) Eden regions: 149->0(99)
[2024-08-28T13:02:02.633+0000][info][gc,heap     ] GC(432) Survivor regions: 29->23(23)
[2024-08-28T13:02:02.633+0000][info][gc,heap     ] GC(432) Old regions: 1340->1500
[2024-08-28T13:02:02.633+0000][info][gc,heap     ] GC(432) Archive regions: 2->2
[2024-08-28T13:02:02.633+0000][info][gc,heap     ] GC(432) Humongous regions: 5->5
[2024-08-28T13:02:02.633+0000][info][gc,metaspace] GC(432) Metaspace: 100K(320K)->100K(320K) NonClass: 96K(192K)->96K(192K) Class: 4K(128K)->4K(128K)
[2024-08-28T13:02:02.633+0000][info][gc          ] GC(432) Pause Young (Normal) (G1 Evacuation Pause) 1523M->1528M(2048M) 24.380ms
[2024-08-28T13:02:02.633+0000][info][gc,cpu      ] GC(432) User=1.13s Sys=0.00s Real=0.03s
[2024-08-28T13:02:02.692+0000][info][gc,start    ] GC(433) Pause Young (Concurrent Start) (G1 Evacuation Pause)
[2024-08-28T13:02:02.692+0000][info][gc,task     ] GC(433) Using 49 workers of 68 for evacuation
[2024-08-28T13:02:02.710+0000][info][gc,phases   ] GC(433)   Pre Evacuate Collection Set: 0.3ms
[2024-08-28T13:02:02.710+0000][info][gc,phases   ] GC(433)   Merge Heap Roots: 0.9ms
[2024-08-28T13:02:02.710+0000][info][gc,phases   ] GC(433)   Evacuate Collection Set: 16.4ms
[2024-08-28T13:02:02.710+0000][info][gc,phases   ] GC(433)   Post Evacuate Collection Set: 0.5ms
[2024-08-28T13:02:02.710+0000][info][gc,phases   ] GC(433)   Other: 0.7ms
[2024-08-28T13:02:02.710+0000][info][gc,heap     ] GC(433) Eden regions: 99->0(86)
[2024-08-28T13:02:02.710+0000][info][gc,heap     ] GC(433) Survivor regions: 23->16(16)
[2024-08-28T13:02:02.710+0000][info][gc,heap     ] GC(433) Old regions: 1500->1614
[2024-08-28T13:02:02.710+0000][info][gc,heap     ] GC(433) Archive regions: 2->2
[2024-08-28T13:02:02.710+0000][info][gc,heap     ] GC(433) Humongous regions: 5->5
[2024-08-28T13:02:02.710+0000][info][gc,metaspace] GC(433) Metaspace: 100K(320K)->100K(320K) NonClass: 96K(192K)->96K(192K) Class: 4K(128K)->4K(128K)
[2024-08-28T13:02:02.711+0000][info][gc          ] GC(433) Pause Young (Concurrent Start) (G1 Evacuation Pause) 1627M->1635M(2048M) 18.840ms
[2024-08-28T13:02:02.711+0000][info][gc,cpu      ] GC(433) User=0.82s Sys=0.02s Real=0.02s
[2024-08-28T13:02:02.711+0000][info][gc          ] GC(434) Concurrent Mark Cycle
[2024-08-28T13:02:02.711+0000][info][gc,marking  ] GC(434) Concurrent Clear Claimed Marks
[2024-08-28T13:02:02.711+0000][info][gc,marking  ] GC(434) Concurrent Clear Claimed Marks 0.011ms
[2024-08-28T13:02:02.711+0000][info][gc,marking  ] GC(434) Concurrent Scan Root Regions
[2024-08-28T13:02:02.714+0000][info][gc,marking  ] GC(434) Concurrent Scan Root Regions 3.259ms
[2024-08-28T13:02:02.714+0000][info][gc,marking  ] GC(434) Concurrent Mark
[2024-08-28T13:02:02.714+0000][info][gc,marking  ] GC(434) Concurrent Mark From Roots
[2024-08-28T13:02:02.714+0000][info][gc,task     ] GC(434) Using 17 workers of 17 for marking
[2024-08-28T13:02:02.735+0000][info][gc,marking  ] GC(434) Concurrent Mark From Roots 20.658ms
[2024-08-28T13:02:02.735+0000][info][gc,marking  ] GC(434) Concurrent Preclean
[2024-08-28T13:02:02.735+0000][info][gc,marking  ] GC(434) Concurrent Preclean 0.496ms
[2024-08-28T13:02:02.735+0000][info][gc,start    ] GC(434) Pause Remark
[2024-08-28T13:02:02.737+0000][info][gc          ] GC(434) Pause Remark 1666M->1389M(2048M) 2.026ms
[2024-08-28T13:02:02.737+0000][info][gc,cpu      ] GC(434) User=0.01s Sys=0.01s Real=0.01s
[2024-08-28T13:02:02.738+0000][info][gc,marking  ] GC(434) Concurrent Mark 23.596ms
[2024-08-28T13:02:02.738+0000][info][gc,marking  ] GC(434) Concurrent Rebuild Remembered Sets
[2024-08-28T13:02:02.768+0000][info][gc,start    ] GC(435) Pause Young (Normal) (G1 Evacuation Pause)
[2024-08-28T13:02:02.768+0000][info][gc,task     ] GC(435) Using 49 workers of 68 for evacuation
[2024-08-28T13:02:02.790+0000][info][gc,phases   ] GC(435)   Pre Evacuate Collection Set: 0.3ms
[2024-08-28T13:02:02.790+0000][info][gc,phases   ] GC(435)   Merge Heap Roots: 0.9ms
[2024-08-28T13:02:02.790+0000][info][gc,phases   ] GC(435)   Evacuate Collection Set: 20.0ms
[2024-08-28T13:02:02.790+0000][info][gc,phases   ] GC(435)   Post Evacuate Collection Set: 0.8ms
[2024-08-28T13:02:02.790+0000][info][gc,phases   ] GC(435)   Other: 0.2ms
[2024-08-28T13:02:02.790+0000][info][gc,heap     ] GC(435) Eden regions: 86->0(124)
[2024-08-28T13:02:02.790+0000][info][gc,heap     ] GC(435) Survivor regions: 16->13(13)
[2024-08-28T13:02:02.790+0000][info][gc,heap     ] GC(435) Old regions: 1337->1433
[2024-08-28T13:02:02.790+0000][info][gc,heap     ] GC(435) Archive regions: 2->2
[2024-08-28T13:02:02.790+0000][info][gc,heap     ] GC(435) Humongous regions: 5->5
[2024-08-28T13:02:02.790+0000][info][gc,metaspace] GC(435) Metaspace: 100K(320K)->100K(320K) NonClass: 96K(192K)->96K(192K) Class: 4K(128K)->4K(128K)
[2024-08-28T13:02:02.790+0000][info][gc          ] GC(435) Pause Young (Normal) (G1 Evacuation Pause) 1444M->1451M(2048M) 22.200ms
[2024-08-28T13:02:02.790+0000][info][gc,cpu      ] GC(435) User=0.74s Sys=0.00s Real=0.03s
[2024-08-28T13:02:02.807+0000][info][gc,marking  ] GC(434) Concurrent Rebuild Remembered Sets 69.581ms
[2024-08-28T13:02:02.807+0000][info][gc,start    ] GC(434) Pause Cleanup
[2024-08-28T13:02:02.810+0000][info][gc          ] GC(434) Pause Cleanup 1467M->1467M(2048M) 2.234ms
[2024-08-28T13:02:02.810+0000][info][gc,cpu      ] GC(434) User=0.02s Sys=0.00s Real=0.01s
[2024-08-28T13:02:02.810+0000][info][gc,marking  ] GC(434) Concurrent Cleanup for Next Mark
[2024-08-28T13:02:02.811+0000][info][gc,marking  ] GC(434) Concurrent Cleanup for Next Mark 1.345ms
[2024-08-28T13:02:02.811+0000][info][gc          ] GC(434) Concurrent Mark Cycle 100.498ms
[2024-08-28T13:02:02.880+0000][info][gc,start    ] GC(436) Pause Young (Prepare Mixed) (G1 Evacuation Pause)
[2024-08-28T13:02:02.881+0000][info][gc,task     ] GC(436) Using 49 workers of 68 for evacuation
[2024-08-28T13:02:02.901+0000][info][gc,phases   ] GC(436)   Pre Evacuate Collection Set: 0.3ms
[2024-08-28T13:02:02.901+0000][info][gc,phases   ] GC(436)   Merge Heap Roots: 0.6ms
[2024-08-28T13:02:02.901+0000][info][gc,phases   ] GC(436)   Evacuate Collection Set: 18.5ms
[2024-08-28T13:02:02.901+0000][info][gc,phases   ] GC(436)   Post Evacuate Collection Set: 0.6ms
[2024-08-28T13:02:02.901+0000][info][gc,phases   ] GC(436)   Other: 0.2ms
[2024-08-28T13:02:02.901+0000][info][gc,heap     ] GC(436) Eden regions: 124->0(84)
[2024-08-28T13:02:02.901+0000][info][gc,heap     ] GC(436) Survivor regions: 13->18(18)
[2024-08-28T13:02:02.901+0000][info][gc,heap     ] GC(436) Old regions: 1433->1555
[2024-08-28T13:02:02.901+0000][info][gc,heap     ] GC(436) Archive regions: 2->2
[2024-08-28T13:02:02.901+0000][info][gc,heap     ] GC(436) Humongous regions: 5->5
[2024-08-28T13:02:02.901+0000][info][gc,metaspace] GC(436) Metaspace: 100K(320K)->100K(320K) NonClass: 96K(192K)->96K(192K) Class: 4K(128K)->4K(128K)
[2024-08-28T13:02:02.901+0000][info][gc          ] GC(436) Pause Young (Prepare Mixed) (G1 Evacuation Pause) 1575M->1578M(2048M) 20.282ms
[2024-08-28T13:02:02.901+0000][info][gc,cpu      ] GC(436) User=0.75s Sys=0.19s Real=0.02s
[2024-08-28T13:02:02.950+0000][info][gc,start    ] GC(437) Pause Young (Mixed) (G1 Evacuation Pause)
[2024-08-28T13:02:02.950+0000][info][gc,task     ] GC(437) Using 49 workers of 68 for evacuation
[2024-08-28T13:02:02.972+0000][info][gc,phases   ] GC(437)   Pre Evacuate Collection Set: 0.5ms
[2024-08-28T13:02:02.972+0000][info][gc,phases   ] GC(437)   Merge Heap Roots: 0.8ms
[2024-08-28T13:02:02.972+0000][info][gc,phases   ] GC(437)   Evacuate Collection Set: 19.8ms
[2024-08-28T13:02:02.972+0000][info][gc,phases   ] GC(437)   Post Evacuate Collection Set: 0.6ms
[2024-08-28T13:02:02.972+0000][info][gc,phases   ] GC(437)   Other: 0.2ms
[2024-08-28T13:02:02.972+0000][info][gc,heap     ] GC(437) Eden regions: 84->0(89)
[2024-08-28T13:02:02.972+0000][info][gc,heap     ] GC(437) Survivor regions: 18->13(13)
[2024-08-28T13:02:02.972+0000][info][gc,heap     ] GC(437) Old regions: 1555->1447
[2024-08-28T13:02:02.972+0000][info][gc,heap     ] GC(437) Archive regions: 2->2
[2024-08-28T13:02:02.972+0000][info][gc,heap     ] GC(437) Humongous regions: 5->5
[2024-08-28T13:02:02.972+0000][info][gc,metaspace] GC(437) Metaspace: 100K(320K)->100K(320K) NonClass: 96K(192K)->96K(192K) Class: 4K(128K)->4K(128K)
[2024-08-28T13:02:02.972+0000][info][gc          ] GC(437) Pause Young (Mixed) (G1 Evacuation Pause) 1662M->1465M(2048M) 22.006ms
[2024-08-28T13:02:02.972+0000][info][gc,cpu      ] GC(437) User=0.72s Sys=0.01s Real=0.02s
[2024-08-28T13:02:03.053+0000][info][gc,start    ] GC(438) Pause Young (Mixed) (G1 Evacuation Pause)
[2024-08-28T13:02:03.054+0000][info][gc,task     ] GC(438) Using 49 workers of 68 for evacuation
[2024-08-28T13:02:03.072+0000][info][gc,phases   ] GC(438)   Pre Evacuate Collection Set: 0.4ms
[2024-08-28T13:02:03.072+0000][info][gc,phases   ] GC(438)   Merge Heap Roots: 0.5ms
[2024-08-28T13:02:03.072+0000][info][gc,phases   ] GC(438)   Evacuate Collection Set: 17.1ms
[2024-08-28T13:02:03.072+0000][info][gc,phases   ] GC(438)   Post Evacuate Collection Set: 0.6ms
[2024-08-28T13:02:03.072+0000][info][gc,phases   ] GC(438)   Other: 0.2ms
[2024-08-28T13:02:03.072+0000][info][gc,heap     ] GC(438) Eden regions: 89->0(89)
[2024-08-28T13:02:03.072+0000][info][gc,heap     ] GC(438) Survivor regions: 13->13(13)
[2024-08-28T13:02:03.072+0000][info][gc,heap     ] GC(438) Old regions: 1447->1337
[2024-08-28T13:02:03.072+0000][info][gc,heap     ] GC(438) Archive regions: 2->2
[2024-08-28T13:02:03.072+0000][info][gc,heap     ] GC(438) Humongous regions: 5->5
[2024-08-28T13:02:03.072+0000][info][gc,metaspace] GC(438) Metaspace: 100K(320K)->100K(320K) NonClass: 96K(192K)->96K(192K) Class: 4K(128K)->4K(128K)
[2024-08-28T13:02:03.072+0000][info][gc          ] GC(438) Pause Young (Mixed) (G1 Evacuation Pause) 1554M->1355M(2048M) 18.942ms
[2024-08-28T13:02:03.072+0000][info][gc,cpu      ] GC(438) User=0.58s Sys=0.27s Real=0.02s
[2024-08-28T13:02:03.130+0000][info][gc,start    ] GC(439) Pause Young (Mixed) (G1 Evacuation Pause)
[2024-08-28T13:02:03.130+0000][info][gc,task     ] GC(439) Using 49 workers of 68 for evacuation
[2024-08-28T13:02:03.147+0000][info][gc,phases   ] GC(439)   Pre Evacuate Collection Set: 0.3ms
[2024-08-28T13:02:03.147+0000][info][gc,phases   ] GC(439)   Merge Heap Roots: 0.8ms
[2024-08-28T13:02:03.147+0000][info][gc,phases   ] GC(439)   Evacuate Collection Set: 14.9ms
[2024-08-28T13:02:03.147+0000][info][gc,phases   ] GC(439)   Post Evacuate Collection Set: 0.6ms
[2024-08-28T13:02:03.147+0000][info][gc,phases   ] GC(439)   Other: 0.2ms
[2024-08-28T13:02:03.147+0000][info][gc,heap     ] GC(439) Eden regions: 89->0(89)
[2024-08-28T13:02:03.147+0000][info][gc,heap     ] GC(439) Survivor regions: 13->13(13)
[2024-08-28T13:02:03.147+0000][info][gc,heap     ] GC(439) Old regions: 1337->1225
[2024-08-28T13:02:03.147+0000][info][gc,heap     ] GC(439) Archive regions: 2->2
[2024-08-28T13:02:03.147+0000][info][gc,heap     ] GC(439) Humongous regions: 5->5
[2024-08-28T13:02:03.147+0000][info][gc,metaspace] GC(439) Metaspace: 100K(320K)->100K(320K) NonClass: 96K(192K)->96K(192K) Class: 4K(128K)->4K(128K)
[2024-08-28T13:02:03.147+0000][info][gc          ] GC(439) Pause Young (Mixed) (G1 Evacuation Pause) 1444M->1243M(2048M) 16.886ms
[2024-08-28T13:02:03.147+0000][info][gc,cpu      ] GC(439) User=0.75s Sys=0.01s Real=0.01s
[2024-08-28T13:02:03.204+0000][info][gc,start    ] GC(440) Pause Young (Mixed) (G1 Evacuation Pause)
[2024-08-28T13:02:03.204+0000][info][gc,task     ] GC(440) Using 49 workers of 68 for evacuation
[2024-08-28T13:02:03.220+0000][info][gc,phases   ] GC(440)   Pre Evacuate Collection Set: 0.3ms
[2024-08-28T13:02:03.220+0000][info][gc,phases   ] GC(440)   Merge Heap Roots: 0.6ms
[2024-08-28T13:02:03.220+0000][info][gc,phases   ] GC(440)   Evacuate Collection Set: 14.7ms
[2024-08-28T13:02:03.220+0000][info][gc,phases   ] GC(440)   Post Evacuate Collection Set: 0.6ms
[2024-08-28T13:02:03.220+0000][info][gc,phases   ] GC(440)   Other: 0.2ms
[2024-08-28T13:02:03.220+0000][info][gc,heap     ] GC(440) Eden regions: 89->0(219)
[2024-08-28T13:02:03.220+0000][info][gc,heap     ] GC(440) Survivor regions: 13->13(13)
[2024-08-28T13:02:03.220+0000][info][gc,heap     ] GC(440) Old regions: 1225->1141
[2024-08-28T13:02:03.220+0000][info][gc,heap     ] GC(440) Archive regions: 2->2
[2024-08-28T13:02:03.220+0000][info][gc,heap     ] GC(440) Humongous regions: 5->5
[2024-08-28T13:02:03.220+0000][info][gc,metaspace] GC(440) Metaspace: 100K(320K)->100K(320K) NonClass: 96K(192K)->96K(192K) Class: 4K(128K)->4K(128K)
[2024-08-28T13:02:03.220+0000][info][gc          ] GC(440) Pause Young (Mixed) (G1 Evacuation Pause) 1332M->1159M(2048M) 16.427ms
[2024-08-28T13:02:03.220+0000][info][gc,cpu      ] GC(440) User=0.73s Sys=0.02s Real=0.02s
[2024-08-28T13:02:03.348+0000][info][gc,start    ] GC(441) Pause Young (Normal) (G1 Evacuation Pause)
[2024-08-28T13:02:03.348+0000][info][gc,task     ] GC(441) Using 49 workers of 68 for evacuation
[2024-08-28T13:02:03.380+0000][info][gc,phases   ] GC(441)   Pre Evacuate Collection Set: 0.3ms
[2024-08-28T13:02:03.380+0000][info][gc,phases   ] GC(441)   Merge Heap Roots: 0.7ms
[2024-08-28T13:02:03.380+0000][info][gc,phases   ] GC(441)   Evacuate Collection Set: 30.6ms
[2024-08-28T13:02:03.380+0000][info][gc,phases   ] GC(441)   Post Evacuate Collection Set: 0.6ms
[2024-08-28T13:02:03.380+0000][info][gc,phases   ] GC(441)   Other: 0.2ms
[2024-08-28T13:02:03.380+0000][info][gc,heap     ] GC(441) Eden regions: 219->0(149)
[2024-08-28T13:02:03.380+0000][info][gc,heap     ] GC(441) Survivor regions: 13->29(29)
[2024-08-28T13:02:03.380+0000][info][gc,heap     ] GC(441) Old regions: 1141->1339
[2024-08-28T13:02:03.380+0000][info][gc,heap     ] GC(441) Archive regions: 2->2
[2024-08-28T13:02:03.380+0000][info][gc,heap     ] GC(441) Humongous regions: 5->5
[2024-08-28T13:02:03.380+0000][info][gc,metaspace] GC(441) Metaspace: 100K(320K)->100K(320K) NonClass: 96K(192K)->96K(192K) Class: 4K(128K)->4K(128K)
[2024-08-28T13:02:03.380+0000][info][gc          ] GC(441) Pause Young (Normal) (G1 Evacuation Pause) 1378M->1373M(2048M) 32.355ms
[2024-08-28T13:02:03.380+0000][info][gc,cpu      ] GC(441) User=1.30s Sys=0.05s Real=0.04s
[2024-08-28T13:02:03.464+0000][info][gc,start    ] GC(442) Pause Young (Normal) (G1 Evacuation Pause)
[2024-08-28T13:02:03.464+0000][info][gc,task     ] GC(442) Using 49 workers of 68 for evacuation
[2024-08-28T13:02:03.493+0000][info][gc,phases   ] GC(442)   Pre Evacuate Collection Set: 0.3ms
[2024-08-28T13:02:03.493+0000][info][gc,phases   ] GC(442)   Merge Heap Roots: 1.0ms
[2024-08-28T13:02:03.493+0000][info][gc,phases   ] GC(442)   Evacuate Collection Set: 26.9ms
[2024-08-28T13:02:03.493+0000][info][gc,phases   ] GC(442)   Post Evacuate Collection Set: 0.6ms
[2024-08-28T13:02:03.493+0000][info][gc,phases   ] GC(442)   Other: 0.2ms
[2024-08-28T13:02:03.493+0000][info][gc,heap     ] GC(442) Eden regions: 149->0(100)
[2024-08-28T13:02:03.493+0000][info][gc,heap     ] GC(442) Survivor regions: 29->23(23)
[2024-08-28T13:02:03.493+0000][info][gc,heap     ] GC(442) Old regions: 1339->1498
[2024-08-28T13:02:03.493+0000][info][gc,heap     ] GC(442) Archive regions: 2->2
[2024-08-28T13:02:03.493+0000][info][gc,heap     ] GC(442) Humongous regions: 5->5
[2024-08-28T13:02:03.493+0000][info][gc,metaspace] GC(442) Metaspace: 100K(320K)->100K(320K) NonClass: 96K(192K)->96K(192K) Class: 4K(128K)->4K(128K)
[2024-08-28T13:02:03.493+0000][info][gc          ] GC(442) Pause Young (Normal) (G1 Evacuation Pause) 1522M->1526M(2048M) 28.984ms
[2024-08-28T13:02:03.493+0000][info][gc,cpu      ] GC(442) User=0.97s Sys=0.38s Real=0.03s
[2024-08-28T13:02:03.551+0000][info][gc,start    ] GC(443) Pause Young (Concurrent Start) (G1 Evacuation Pause)
[2024-08-28T13:02:03.552+0000][info][gc,task     ] GC(443) Using 49 workers of 68 for evacuation
[2024-08-28T13:02:03.574+0000][info][gc,phases   ] GC(443)   Pre Evacuate Collection Set: 0.3ms
[2024-08-28T13:02:03.574+0000][info][gc,phases   ] GC(443)   Merge Heap Roots: 0.4ms
[2024-08-28T13:02:03.574+0000][info][gc,phases   ] GC(443)   Evacuate Collection Set: 20.4ms
[2024-08-28T13:02:03.574+0000][info][gc,phases   ] GC(443)   Post Evacuate Collection Set: 0.5ms
[2024-08-28T13:02:03.574+0000][info][gc,phases   ] GC(443)   Other: 0.6ms
[2024-08-28T13:02:03.574+0000][info][gc,heap     ] GC(443) Eden regions: 100->0(86)
[2024-08-28T13:02:03.574+0000][info][gc,heap     ] GC(443) Survivor regions: 23->16(16)
[2024-08-28T13:02:03.574+0000][info][gc,heap     ] GC(443) Old regions: 1498->1612
[2024-08-28T13:02:03.574+0000][info][gc,heap     ] GC(443) Archive regions: 2->2
[2024-08-28T13:02:03.574+0000][info][gc,heap     ] GC(443) Humongous regions: 5->5
[2024-08-28T13:02:03.574+0000][info][gc,metaspace] GC(443) Metaspace: 100K(320K)->100K(320K) NonClass: 96K(192K)->96K(192K) Class: 4K(128K)->4K(128K)
[2024-08-28T13:02:03.574+0000][info][gc          ] GC(443) Pause Young (Concurrent Start) (G1 Evacuation Pause) 1626M->1633M(2048M) 22.215ms
[2024-08-28T13:02:03.574+0000][info][gc,cpu      ] GC(443) User=0.80s Sys=0.21s Real=0.02s
[2024-08-28T13:02:03.574+0000][info][gc          ] GC(444) Concurrent Mark Cycle
[2024-08-28T13:02:03.574+0000][info][gc,marking  ] GC(444) Concurrent Clear Claimed Marks
[2024-08-28T13:02:03.574+0000][info][gc,marking  ] GC(444) Concurrent Clear Claimed Marks 0.009ms
[2024-08-28T13:02:03.574+0000][info][gc,marking  ] GC(444) Concurrent Scan Root Regions
[2024-08-28T13:02:03.577+0000][info][gc,marking  ] GC(444) Concurrent Scan Root Regions 3.302ms
[2024-08-28T13:02:03.577+0000][info][gc,marking  ] GC(444) Concurrent Mark
[2024-08-28T13:02:03.577+0000][info][gc,marking  ] GC(444) Concurrent Mark From Roots
[2024-08-28T13:02:03.577+0000][info][gc,task     ] GC(444) Using 17 workers of 17 for marking
[2024-08-28T13:02:03.599+0000][info][gc,marking  ] GC(444) Concurrent Mark From Roots 21.522ms
[2024-08-28T13:02:03.599+0000][info][gc,marking  ] GC(444) Concurrent Preclean
[2024-08-28T13:02:03.599+0000][info][gc,marking  ] GC(444) Concurrent Preclean 0.495ms
[2024-08-28T13:02:03.600+0000][info][gc,start    ] GC(444) Pause Remark
[2024-08-28T13:02:03.602+0000][info][gc          ] GC(444) Pause Remark 1664M->1393M(2048M) 2.084ms
[2024-08-28T13:02:03.602+0000][info][gc,cpu      ] GC(444) User=0.02s Sys=0.00s Real=0.00s
[2024-08-28T13:02:03.602+0000][info][gc,marking  ] GC(444) Concurrent Mark 24.572ms
[2024-08-28T13:02:03.602+0000][info][gc,marking  ] GC(444) Concurrent Rebuild Remembered Sets
[2024-08-28T13:02:03.632+0000][info][gc,start    ] GC(445) Pause Young (Normal) (G1 Evacuation Pause)
[2024-08-28T13:02:03.632+0000][info][gc,task     ] GC(445) Using 49 workers of 68 for evacuation
[2024-08-28T13:02:03.652+0000][info][gc,phases   ] GC(445)   Pre Evacuate Collection Set: 0.3ms
[2024-08-28T13:02:03.652+0000][info][gc,phases   ] GC(445)   Merge Heap Roots: 0.9ms
[2024-08-28T13:02:03.652+0000][info][gc,phases   ] GC(445)   Evacuate Collection Set: 17.1ms
[2024-08-28T13:02:03.652+0000][info][gc,phases   ] GC(445)   Post Evacuate Collection Set: 0.8ms
[2024-08-28T13:02:03.652+0000][info][gc,phases   ] GC(445)   Other: 0.2ms
[2024-08-28T13:02:03.652+0000][info][gc,heap     ] GC(445) Eden regions: 86->0(122)
[2024-08-28T13:02:03.652+0000][info][gc,heap     ] GC(445) Survivor regions: 16->13(13)
[2024-08-28T13:02:03.652+0000][info][gc,heap     ] GC(445) Old regions: 1341->1439
[2024-08-28T13:02:03.652+0000][info][gc,heap     ] GC(445) Archive regions: 2->2
[2024-08-28T13:02:03.652+0000][info][gc,heap     ] GC(445) Humongous regions: 5->5
[2024-08-28T13:02:03.652+0000][info][gc,metaspace] GC(445) Metaspace: 100K(320K)->100K(320K) NonClass: 96K(192K)->96K(192K) Class: 4K(128K)->4K(128K)
[2024-08-28T13:02:03.652+0000][info][gc          ] GC(445) Pause Young (Normal) (G1 Evacuation Pause) 1448M->1457M(2048M) 19.332ms
[2024-08-28T13:02:03.652+0000][info][gc,cpu      ] GC(445) User=0.76s Sys=0.02s Real=0.02s
[2024-08-28T13:02:03.668+0000][info][gc,marking  ] GC(444) Concurrent Rebuild Remembered Sets 66.158ms
[2024-08-28T13:02:03.668+0000][info][gc,start    ] GC(444) Pause Cleanup
[2024-08-28T13:02:03.671+0000][info][gc          ] GC(444) Pause Cleanup 1477M->1477M(2048M) 2.274ms
[2024-08-28T13:02:03.671+0000][info][gc,cpu      ] GC(444) User=0.01s Sys=0.00s Real=0.01s
[2024-08-28T13:02:03.671+0000][info][gc,marking  ] GC(444) Concurrent Cleanup for Next Mark
[2024-08-28T13:02:03.672+0000][info][gc,marking  ] GC(444) Concurrent Cleanup for Next Mark 1.405ms
[2024-08-28T13:02:03.672+0000][info][gc          ] GC(444) Concurrent Mark Cycle 98.226ms
[2024-08-28T13:02:03.737+0000][info][gc,start    ] GC(446) Pause Young (Prepare Mixed) (G1 Evacuation Pause)
[2024-08-28T13:02:03.737+0000][info][gc,task     ] GC(446) Using 49 workers of 68 for evacuation
[2024-08-28T13:02:03.756+0000][info][gc,phases   ] GC(446)   Pre Evacuate Collection Set: 0.3ms
[2024-08-28T13:02:03.756+0000][info][gc,phases   ] GC(446)   Merge Heap Roots: 1.0ms
[2024-08-28T13:02:03.756+0000][info][gc,phases   ] GC(446)   Evacuate Collection Set: 16.9ms
[2024-08-28T13:02:03.756+0000][info][gc,phases   ] GC(446)   Post Evacuate Collection Set: 0.5ms
[2024-08-28T13:02:03.756+0000][info][gc,phases   ] GC(446)   Other: 0.2ms
[2024-08-28T13:02:03.756+0000][info][gc,heap     ] GC(446) Eden regions: 122->0(85)
[2024-08-28T13:02:03.756+0000][info][gc,heap     ] GC(446) Survivor regions: 13->17(17)
[2024-08-28T13:02:03.756+0000][info][gc,heap     ] GC(446) Old regions: 1439->1559
[2024-08-28T13:02:03.756+0000][info][gc,heap     ] GC(446) Archive regions: 2->2
[2024-08-28T13:02:03.756+0000][info][gc,heap     ] GC(446) Humongous regions: 5->5
[2024-08-28T13:02:03.756+0000][info][gc,metaspace] GC(446) Metaspace: 100K(320K)->100K(320K) NonClass: 96K(192K)->96K(192K) Class: 4K(128K)->4K(128K)
[2024-08-28T13:02:03.756+0000][info][gc          ] GC(446) Pause Young (Prepare Mixed) (G1 Evacuation Pause) 1579M->1581M(2048M) 19.043ms
[2024-08-28T13:02:03.756+0000][info][gc,cpu      ] GC(446) User=0.87s Sys=0.01s Real=0.02s
[2024-08-28T13:02:03.809+0000][info][gc,start    ] GC(447) Pause Young (Mixed) (G1 Evacuation Pause)
[2024-08-28T13:02:03.809+0000][info][gc,task     ] GC(447) Using 49 workers of 68 for evacuation
[2024-08-28T13:02:03.826+0000][info][gc,phases   ] GC(447)   Pre Evacuate Collection Set: 0.4ms
[2024-08-28T13:02:03.826+0000][info][gc,phases   ] GC(447)   Merge Heap Roots: 0.5ms
[2024-08-28T13:02:03.826+0000][info][gc,phases   ] GC(447)   Evacuate Collection Set: 15.5ms
[2024-08-28T13:02:03.826+0000][info][gc,phases   ] GC(447)   Post Evacuate Collection Set: 0.6ms
[2024-08-28T13:02:03.826+0000][info][gc,phases   ] GC(447)   Other: 0.2ms
[2024-08-28T13:02:03.826+0000][info][gc,heap     ] GC(447) Eden regions: 85->0(89)
[2024-08-28T13:02:03.826+0000][info][gc,heap     ] GC(447) Survivor regions: 17->13(13)
[2024-08-28T13:02:03.826+0000][info][gc,heap     ] GC(447) Old regions: 1559->1449
[2024-08-28T13:02:03.826+0000][info][gc,heap     ] GC(447) Archive regions: 2->2
[2024-08-28T13:02:03.826+0000][info][gc,heap     ] GC(447) Humongous regions: 5->5
[2024-08-28T13:02:03.826+0000][info][gc,metaspace] GC(447) Metaspace: 100K(320K)->100K(320K) NonClass: 96K(192K)->96K(192K) Class: 4K(128K)->4K(128K)
[2024-08-28T13:02:03.826+0000][info][gc          ] GC(447) Pause Young (Mixed) (G1 Evacuation Pause) 1666M->1467M(2048M) 17.203ms
[2024-08-28T13:02:03.826+0000][info][gc,cpu      ] GC(447) User=0.70s Sys=0.08s Real=0.02s
[2024-08-28T13:02:03.882+0000][info][gc,start    ] GC(448) Pause Young (Mixed) (G1 Evacuation Pause)
[2024-08-28T13:02:03.882+0000][info][gc,task     ] GC(448) Using 49 workers of 68 for evacuation
[2024-08-28T13:02:03.902+0000][info][gc,phases   ] GC(448)   Pre Evacuate Collection Set: 0.3ms
[2024-08-28T13:02:03.902+0000][info][gc,phases   ] GC(448)   Merge Heap Roots: 0.7ms
[2024-08-28T13:02:03.902+0000][info][gc,phases   ] GC(448)   Evacuate Collection Set: 18.8ms
[2024-08-28T13:02:03.902+0000][info][gc,phases   ] GC(448)   Post Evacuate Collection Set: 0.6ms
[2024-08-28T13:02:03.902+0000][info][gc,phases   ] GC(448)   Other: 0.2ms
[2024-08-28T13:02:03.902+0000][info][gc,heap     ] GC(448) Eden regions: 89->0(89)
[2024-08-28T13:02:03.902+0000][info][gc,heap     ] GC(448) Survivor regions: 13->13(13)
[2024-08-28T13:02:03.902+0000][info][gc,heap     ] GC(448) Old regions: 1449->1337
[2024-08-28T13:02:03.902+0000][info][gc,heap     ] GC(448) Archive regions: 2->2
[2024-08-28T13:02:03.902+0000][info][gc,heap     ] GC(448) Humongous regions: 5->5
[2024-08-28T13:02:03.902+0000][info][gc,metaspace] GC(448) Metaspace: 100K(320K)->100K(320K) NonClass: 96K(192K)->96K(192K) Class: 4K(128K)->4K(128K)
[2024-08-28T13:02:03.902+0000][info][gc          ] GC(448) Pause Young (Mixed) (G1 Evacuation Pause) 1556M->1355M(2048M) 20.724ms
[2024-08-28T13:02:03.902+0000][info][gc,cpu      ] GC(448) User=0.70s Sys=0.04s Real=0.02s
[2024-08-28T13:02:04.018+0000][info][gc,start    ] GC(449) Pause Young (Mixed) (G1 Evacuation Pause)
[2024-08-28T13:02:04.018+0000][info][gc,task     ] GC(449) Using 49 workers of 68 for evacuation
[2024-08-28T13:02:04.035+0000][info][gc,phases   ] GC(449)   Pre Evacuate Collection Set: 0.4ms
[2024-08-28T13:02:04.036+0000][info][gc,phases   ] GC(449)   Merge Heap Roots: 0.5ms
[2024-08-28T13:02:04.036+0000][info][gc,phases   ] GC(449)   Evacuate Collection Set: 16.4ms
[2024-08-28T13:02:04.036+0000][info][gc,phases   ] GC(449)   Post Evacuate Collection Set: 0.6ms
[2024-08-28T13:02:04.036+0000][info][gc,phases   ] GC(449)   Other: 0.2ms
[2024-08-28T13:02:04.036+0000][info][gc,heap     ] GC(449) Eden regions: 89->0(89)
[2024-08-28T13:02:04.036+0000][info][gc,heap     ] GC(449) Survivor regions: 13->13(13)
[2024-08-28T13:02:04.036+0000][info][gc,heap     ] GC(449) Old regions: 1337->1226
[2024-08-28T13:02:04.036+0000][info][gc,heap     ] GC(449) Archive regions: 2->2
[2024-08-28T13:02:04.036+0000][info][gc,heap     ] GC(449) Humongous regions: 5->5
[2024-08-28T13:02:04.036+0000][info][gc,metaspace] GC(449) Metaspace: 100K(320K)->100K(320K) NonClass: 96K(192K)->96K(192K) Class: 4K(128K)->4K(128K)
[2024-08-28T13:02:04.036+0000][info][gc          ] GC(449) Pause Young (Mixed) (G1 Evacuation Pause) 1444M->1244M(2048M) 18.056ms
[2024-08-28T13:02:04.036+0000][info][gc,cpu      ] GC(449) User=0.82s Sys=0.00s Real=0.01s
[2024-08-28T13:02:04.088+0000][info][gc,start    ] GC(450) Pause Young (Mixed) (G1 Evacuation Pause)
[2024-08-28T13:02:04.088+0000][info][gc,task     ] GC(450) Using 49 workers of 68 for evacuation
[2024-08-28T13:02:04.107+0000][info][gc,phases   ] GC(450)   Pre Evacuate Collection Set: 0.4ms
[2024-08-28T13:02:04.107+0000][info][gc,phases   ] GC(450)   Merge Heap Roots: 0.9ms
[2024-08-28T13:02:04.107+0000][info][gc,phases   ] GC(450)   Evacuate Collection Set: 17.3ms
[2024-08-28T13:02:04.107+0000][info][gc,phases   ] GC(450)   Post Evacuate Collection Set: 1.1ms
[2024-08-28T13:02:04.107+0000][info][gc,phases   ] GC(450)   Other: 0.2ms
[2024-08-28T13:02:04.107+0000][info][gc,heap     ] GC(450) Eden regions: 89->0(220)
[2024-08-28T13:02:04.107+0000][info][gc,heap     ] GC(450) Survivor regions: 13->13(13)
[2024-08-28T13:02:04.108+0000][info][gc,heap     ] GC(450) Old regions: 1226->1137
[2024-08-28T13:02:04.108+0000][info][gc,heap     ] GC(450) Archive regions: 2->2
[2024-08-28T13:02:04.108+0000][info][gc,heap     ] GC(450) Humongous regions: 5->5
[2024-08-28T13:02:04.108+0000][info][gc,metaspace] GC(450) Metaspace: 100K(320K)->100K(320K) NonClass: 96K(192K)->96K(192K) Class: 4K(128K)->4K(128K)
[2024-08-28T13:02:04.108+0000][info][gc          ] GC(450) Pause Young (Mixed) (G1 Evacuation Pause) 1333M->1155M(2048M) 19.963ms
[2024-08-28T13:02:04.108+0000][info][gc,cpu      ] GC(450) User=0.88s Sys=0.01s Real=0.02s
[2024-08-28T13:02:04.354+0000][info][gc,start    ] GC(451) Pause Young (Normal) (G1 Evacuation Pause)
[2024-08-28T13:02:04.354+0000][info][gc,task     ] GC(451) Using 49 workers of 68 for evacuation
[2024-08-28T13:02:04.389+0000][info][gc,phases   ] GC(451)   Pre Evacuate Collection Set: 0.3ms
[2024-08-28T13:02:04.389+0000][info][gc,phases   ] GC(451)   Merge Heap Roots: 1.1ms
[2024-08-28T13:02:04.389+0000][info][gc,phases   ] GC(451)   Evacuate Collection Set: 32.8ms
[2024-08-28T13:02:04.389+0000][info][gc,phases   ] GC(451)   Post Evacuate Collection Set: 0.8ms
[2024-08-28T13:02:04.389+0000][info][gc,phases   ] GC(451)   Other: 0.2ms
[2024-08-28T13:02:04.389+0000][info][gc,heap     ] GC(451) Eden regions: 220->0(150)
[2024-08-28T13:02:04.389+0000][info][gc,heap     ] GC(451) Survivor regions: 13->30(30)
[2024-08-28T13:02:04.389+0000][info][gc,heap     ] GC(451) Old regions: 1137->1337
[2024-08-28T13:02:04.389+0000][info][gc,heap     ] GC(451) Archive regions: 2->2
[2024-08-28T13:02:04.389+0000][info][gc,heap     ] GC(451) Humongous regions: 5->5
[2024-08-28T13:02:04.389+0000][info][gc,metaspace] GC(451) Metaspace: 100K(320K)->100K(320K) NonClass: 96K(192K)->96K(192K) Class: 4K(128K)->4K(128K)
[2024-08-28T13:02:04.389+0000][info][gc          ] GC(451) Pause Young (Normal) (G1 Evacuation Pause) 1375M->1372M(2048M) 35.196ms
[2024-08-28T13:02:04.389+0000][info][gc,cpu      ] GC(451) User=1.41s Sys=0.24s Real=0.03s
[2024-08-28T13:02:04.480+0000][info][gc,start    ] GC(452) Pause Young (Normal) (G1 Evacuation Pause)
[2024-08-28T13:02:04.480+0000][info][gc,task     ] GC(452) Using 49 workers of 68 for evacuation
[2024-08-28T13:02:04.511+0000][info][gc,phases   ] GC(452)   Pre Evacuate Collection Set: 0.7ms
[2024-08-28T13:02:04.511+0000][info][gc,phases   ] GC(452)   Merge Heap Roots: 1.2ms
[2024-08-28T13:02:04.511+0000][info][gc,phases   ] GC(452)   Evacuate Collection Set: 28.3ms
[2024-08-28T13:02:04.511+0000][info][gc,phases   ] GC(452)   Post Evacuate Collection Set: 0.6ms
[2024-08-28T13:02:04.511+0000][info][gc,phases   ] GC(452)   Other: 0.3ms
[2024-08-28T13:02:04.511+0000][info][gc,heap     ] GC(452) Eden regions: 150->0(100)
[2024-08-28T13:02:04.511+0000][info][gc,heap     ] GC(452) Survivor regions: 30->23(23)
[2024-08-28T13:02:04.511+0000][info][gc,heap     ] GC(452) Old regions: 1337->1498
[2024-08-28T13:02:04.511+0000][info][gc,heap     ] GC(452) Archive regions: 2->2
[2024-08-28T13:02:04.511+0000][info][gc,heap     ] GC(452) Humongous regions: 5->5
[2024-08-28T13:02:04.511+0000][info][gc,metaspace] GC(452) Metaspace: 100K(320K)->100K(320K) NonClass: 96K(192K)->96K(192K) Class: 4K(128K)->4K(128K)
[2024-08-28T13:02:04.511+0000][info][gc          ] GC(452) Pause Young (Normal) (G1 Evacuation Pause) 1522M->1526M(2048M) 30.997ms
[2024-08-28T13:02:04.511+0000][info][gc,cpu      ] GC(452) User=1.35s Sys=0.10s Real=0.03s
[2024-08-28T13:02:04.570+0000][info][gc,start    ] GC(453) Pause Young (Concurrent Start) (G1 Evacuation Pause)
[2024-08-28T13:02:04.570+0000][info][gc,task     ] GC(453) Using 49 workers of 68 for evacuation
[2024-08-28T13:02:04.593+0000][info][gc,phases   ] GC(453)   Pre Evacuate Collection Set: 0.3ms
[2024-08-28T13:02:04.593+0000][info][gc,phases   ] GC(453)   Merge Heap Roots: 0.9ms
[2024-08-28T13:02:04.593+0000][info][gc,phases   ] GC(453)   Evacuate Collection Set: 20.9ms
[2024-08-28T13:02:04.593+0000][info][gc,phases   ] GC(453)   Post Evacuate Collection Set: 0.5ms
[2024-08-28T13:02:04.593+0000][info][gc,phases   ] GC(453)   Other: 0.8ms
[2024-08-28T13:02:04.593+0000][info][gc,heap     ] GC(453) Eden regions: 100->0(86)
[2024-08-28T13:02:04.593+0000][info][gc,heap     ] GC(453) Survivor regions: 23->16(16)
[2024-08-28T13:02:04.593+0000][info][gc,heap     ] GC(453) Old regions: 1498->1615
[2024-08-28T13:02:04.593+0000][info][gc,heap     ] GC(453) Archive regions: 2->2
[2024-08-28T13:02:04.593+0000][info][gc,heap     ] GC(453) Humongous regions: 5->5
[2024-08-28T13:02:04.593+0000][info][gc,metaspace] GC(453) Metaspace: 100K(320K)->100K(320K) NonClass: 96K(192K)->96K(192K) Class: 4K(128K)->4K(128K)
[2024-08-28T13:02:04.593+0000][info][gc          ] GC(453) Pause Young (Concurrent Start) (G1 Evacuation Pause) 1626M->1636M(2048M) 23.519ms
[2024-08-28T13:02:04.593+0000][info][gc,cpu      ] GC(453) User=0.88s Sys=0.18s Real=0.02s
[2024-08-28T13:02:04.593+0000][info][gc          ] GC(454) Concurrent Mark Cycle
[2024-08-28T13:02:04.593+0000][info][gc,marking  ] GC(454) Concurrent Clear Claimed Marks
[2024-08-28T13:02:04.593+0000][info][gc,marking  ] GC(454) Concurrent Clear Claimed Marks 0.011ms
[2024-08-28T13:02:04.593+0000][info][gc,marking  ] GC(454) Concurrent Scan Root Regions
[2024-08-28T13:02:04.597+0000][info][gc,marking  ] GC(454) Concurrent Scan Root Regions 3.501ms
[2024-08-28T13:02:04.597+0000][info][gc,marking  ] GC(454) Concurrent Mark
[2024-08-28T13:02:04.597+0000][info][gc,marking  ] GC(454) Concurrent Mark From Roots
[2024-08-28T13:02:04.597+0000][info][gc,task     ] GC(454) Using 17 workers of 17 for marking
[2024-08-28T13:02:04.620+0000][info][gc,marking  ] GC(454) Concurrent Mark From Roots 22.845ms
[2024-08-28T13:02:04.620+0000][info][gc,marking  ] GC(454) Concurrent Preclean
[2024-08-28T13:02:04.620+0000][info][gc,marking  ] GC(454) Concurrent Preclean 0.498ms
[2024-08-28T13:02:04.621+0000][info][gc,start    ] GC(454) Pause Remark
[2024-08-28T13:02:04.623+0000][info][gc          ] GC(454) Pause Remark 1660M->1373M(2048M) 2.285ms
[2024-08-28T13:02:04.623+0000][info][gc,cpu      ] GC(454) User=0.03s Sys=0.00s Real=0.00s
[2024-08-28T13:02:04.623+0000][info][gc,marking  ] GC(454) Concurrent Mark 26.019ms
[2024-08-28T13:02:04.623+0000][info][gc,marking  ] GC(454) Concurrent Rebuild Remembered Sets
[2024-08-28T13:02:04.670+0000][info][gc,marking  ] GC(454) Concurrent Rebuild Remembered Sets 47.305ms
[2024-08-28T13:02:04.671+0000][info][gc,start    ] GC(454) Pause Cleanup
[2024-08-28T13:02:04.673+0000][info][gc          ] GC(454) Pause Cleanup 1429M->1429M(2048M) 2.420ms
[2024-08-28T13:02:04.673+0000][info][gc,cpu      ] GC(454) User=0.02s Sys=0.00s Real=0.00s
[2024-08-28T13:02:04.673+0000][info][gc,marking  ] GC(454) Concurrent Cleanup for Next Mark
[2024-08-28T13:02:04.675+0000][info][gc,marking  ] GC(454) Concurrent Cleanup for Next Mark 2.265ms
[2024-08-28T13:02:04.676+0000][info][gc          ] GC(454) Concurrent Mark Cycle 82.099ms
[2024-08-28T13:02:04.679+0000][info][gc,start    ] GC(455) Pause Young (Prepare Mixed) (G1 Evacuation Pause)
[2024-08-28T13:02:04.679+0000][info][gc,task     ] GC(455) Using 49 workers of 68 for evacuation
[2024-08-28T13:02:04.695+0000][info][gc,phases   ] GC(455)   Pre Evacuate Collection Set: 0.4ms
[2024-08-28T13:02:04.696+0000][info][gc,phases   ] GC(455)   Merge Heap Roots: 0.4ms
[2024-08-28T13:02:04.696+0000][info][gc,phases   ] GC(455)   Evacuate Collection Set: 15.0ms
[2024-08-28T13:02:04.696+0000][info][gc,phases   ] GC(455)   Post Evacuate Collection Set: 0.5ms
[2024-08-28T13:02:04.696+0000][info][gc,phases   ] GC(455)   Other: 0.2ms
[2024-08-28T13:02:04.696+0000][info][gc,heap     ] GC(455) Eden regions: 86->0(89)
[2024-08-28T13:02:04.696+0000][info][gc,heap     ] GC(455) Survivor regions: 16->13(13)
[2024-08-28T13:02:04.696+0000][info][gc,heap     ] GC(455) Old regions: 1328->1424
[2024-08-28T13:02:04.696+0000][info][gc,heap     ] GC(455) Archive regions: 2->2
[2024-08-28T13:02:04.696+0000][info][gc,heap     ] GC(455) Humongous regions: 5->5
[2024-08-28T13:02:04.696+0000][info][gc,metaspace] GC(455) Metaspace: 100K(320K)->100K(320K) NonClass: 96K(192K)->96K(192K) Class: 4K(128K)->4K(128K)
[2024-08-28T13:02:04.696+0000][info][gc          ] GC(455) Pause Young (Prepare Mixed) (G1 Evacuation Pause) 1435M->1442M(2048M) 16.441ms
[2024-08-28T13:02:04.696+0000][info][gc,cpu      ] GC(455) User=0.73s Sys=0.00s Real=0.01s
[2024-08-28T13:02:04.745+0000][info][gc,start    ] GC(456) Pause Young (Mixed) (G1 Evacuation Pause)
[2024-08-28T13:02:04.745+0000][info][gc,task     ] GC(456) Using 49 workers of 68 for evacuation
[2024-08-28T13:02:04.762+0000][info][gc,phases   ] GC(456)   Pre Evacuate Collection Set: 0.4ms
[2024-08-28T13:02:04.763+0000][info][gc,phases   ] GC(456)   Merge Heap Roots: 0.5ms
[2024-08-28T13:02:04.763+0000][info][gc,phases   ] GC(456)   Evacuate Collection Set: 15.5ms
[2024-08-28T13:02:04.763+0000][info][gc,phases   ] GC(456)   Post Evacuate Collection Set: 0.6ms
[2024-08-28T13:02:04.763+0000][info][gc,phases   ] GC(456)   Other: 0.2ms
[2024-08-28T13:02:04.763+0000][info][gc,heap     ] GC(456) Eden regions: 89->0(89)
[2024-08-28T13:02:04.763+0000][info][gc,heap     ] GC(456) Survivor regions: 13->13(13)
[2024-08-28T13:02:04.763+0000][info][gc,heap     ] GC(456) Old regions: 1424->1314
[2024-08-28T13:02:04.763+0000][info][gc,heap     ] GC(456) Archive regions: 2->2
[2024-08-28T13:02:04.763+0000][info][gc,heap     ] GC(456) Humongous regions: 5->5
[2024-08-28T13:02:04.763+0000][info][gc,metaspace] GC(456) Metaspace: 100K(320K)->100K(320K) NonClass: 96K(192K)->96K(192K) Class: 4K(128K)->4K(128K)
[2024-08-28T13:02:04.763+0000][info][gc          ] GC(456) Pause Young (Mixed) (G1 Evacuation Pause) 1531M->1332M(2048M) 17.206ms
[2024-08-28T13:02:04.763+0000][info][gc,cpu      ] GC(456) User=0.76s Sys=0.00s Real=0.02s
[2024-08-28T13:02:04.819+0000][info][gc,start    ] GC(457) Pause Young (Mixed) (G1 Evacuation Pause)
[2024-08-28T13:02:04.819+0000][info][gc,task     ] GC(457) Using 49 workers of 68 for evacuation
[2024-08-28T13:02:04.836+0000][info][gc,phases   ] GC(457)   Pre Evacuate Collection Set: 0.4ms
[2024-08-28T13:02:04.836+0000][info][gc,phases   ] GC(457)   Merge Heap Roots: 0.5ms
[2024-08-28T13:02:04.836+0000][info][gc,phases   ] GC(457)   Evacuate Collection Set: 15.0ms
[2024-08-28T13:02:04.836+0000][info][gc,phases   ] GC(457)   Post Evacuate Collection Set: 0.6ms
[2024-08-28T13:02:04.836+0000][info][gc,phases   ] GC(457)   Other: 0.2ms
[2024-08-28T13:02:04.836+0000][info][gc,heap     ] GC(457) Eden regions: 89->0(89)
[2024-08-28T13:02:04.836+0000][info][gc,heap     ] GC(457) Survivor regions: 13->13(13)
[2024-08-28T13:02:04.836+0000][info][gc,heap     ] GC(457) Old regions: 1314->1203
[2024-08-28T13:02:04.836+0000][info][gc,heap     ] GC(457) Archive regions: 2->2
[2024-08-28T13:02:04.836+0000][info][gc,heap     ] GC(457) Humongous regions: 5->5
[2024-08-28T13:02:04.836+0000][info][gc,metaspace] GC(457) Metaspace: 100K(320K)->100K(320K) NonClass: 96K(192K)->96K(192K) Class: 4K(128K)->4K(128K)
[2024-08-28T13:02:04.836+0000][info][gc          ] GC(457) Pause Young (Mixed) (G1 Evacuation Pause) 1421M->1221M(2048M) 16.772ms
[2024-08-28T13:02:04.836+0000][info][gc,cpu      ] GC(457) User=0.73s Sys=0.01s Real=0.01s
[2024-08-28T13:02:04.893+0000][info][gc,start    ] GC(458) Pause Young (Mixed) (G1 Evacuation Pause)
[2024-08-28T13:02:04.893+0000][info][gc,task     ] GC(458) Using 49 workers of 68 for evacuation
[2024-08-28T13:02:04.910+0000][info][gc,phases   ] GC(458)   Pre Evacuate Collection Set: 0.4ms
[2024-08-28T13:02:04.910+0000][info][gc,phases   ] GC(458)   Merge Heap Roots: 0.6ms
[2024-08-28T13:02:04.910+0000][info][gc,phases   ] GC(458)   Evacuate Collection Set: 15.2ms
[2024-08-28T13:02:04.910+0000][info][gc,phases   ] GC(458)   Post Evacuate Collection Set: 0.6ms
[2024-08-28T13:02:04.910+0000][info][gc,phases   ] GC(458)   Other: 0.2ms
[2024-08-28T13:02:04.910+0000][info][gc,heap     ] GC(458) Eden regions: 89->0(89)
[2024-08-28T13:02:04.910+0000][info][gc,heap     ] GC(458) Survivor regions: 13->13(13)
[2024-08-28T13:02:04.910+0000][info][gc,heap     ] GC(458) Old regions: 1203->1092
[2024-08-28T13:02:04.910+0000][info][gc,heap     ] GC(458) Archive regions: 2->2
[2024-08-28T13:02:04.910+0000][info][gc,heap     ] GC(458) Humongous regions: 5->5
[2024-08-28T13:02:04.910+0000][info][gc,metaspace] GC(458) Metaspace: 100K(320K)->100K(320K) NonClass: 96K(192K)->96K(192K) Class: 4K(128K)->4K(128K)
[2024-08-28T13:02:04.910+0000][info][gc          ] GC(458) Pause Young (Mixed) (G1 Evacuation Pause) 1310M->1110M(2048M) 17.121ms
[2024-08-28T13:02:04.910+0000][info][gc,cpu      ] GC(458) User=0.71s Sys=0.04s Real=0.02s
[2024-08-28T13:02:04.966+0000][info][gc,start    ] GC(459) Pause Young (Mixed) (G1 Evacuation Pause)
[2024-08-28T13:02:04.966+0000][info][gc,task     ] GC(459) Using 49 workers of 68 for evacuation
[2024-08-28T13:02:04.983+0000][info][gc,phases   ] GC(459)   Pre Evacuate Collection Set: 0.4ms
[2024-08-28T13:02:04.983+0000][info][gc,phases   ] GC(459)   Merge Heap Roots: 0.5ms
[2024-08-28T13:02:04.983+0000][info][gc,phases   ] GC(459)   Evacuate Collection Set: 15.3ms
[2024-08-28T13:02:04.983+0000][info][gc,phases   ] GC(459)   Post Evacuate Collection Set: 0.6ms
[2024-08-28T13:02:04.983+0000][info][gc,phases   ] GC(459)   Other: 0.2ms
[2024-08-28T13:02:04.983+0000][info][gc,heap     ] GC(459) Eden regions: 89->0(258)
[2024-08-28T13:02:04.983+0000][info][gc,heap     ] GC(459) Survivor regions: 13->13(13)
[2024-08-28T13:02:04.983+0000][info][gc,heap     ] GC(459) Old regions: 1092->1019
[2024-08-28T13:02:04.983+0000][info][gc,heap     ] GC(459) Archive regions: 2->2
[2024-08-28T13:02:04.983+0000][info][gc,heap     ] GC(459) Humongous regions: 5->5
[2024-08-28T13:02:04.983+0000][info][gc,metaspace] GC(459) Metaspace: 100K(320K)->100K(320K) NonClass: 96K(192K)->96K(192K) Class: 4K(128K)->4K(128K)
[2024-08-28T13:02:04.983+0000][info][gc          ] GC(459) Pause Young (Mixed) (G1 Evacuation Pause) 1199M->1037M(2048M) 17.184ms
[2024-08-28T13:02:04.983+0000][info][gc,cpu      ] GC(459) User=0.76s Sys=0.00s Real=0.02s
[2024-08-28T13:02:05.150+0000][info][gc,start    ] GC(460) Pause Young (Normal) (G1 Evacuation Pause)
[2024-08-28T13:02:05.151+0000][info][gc,task     ] GC(460) Using 49 workers of 68 for evacuation
[2024-08-28T13:02:05.190+0000][info][gc,phases   ] GC(460)   Pre Evacuate Collection Set: 0.4ms
[2024-08-28T13:02:05.190+0000][info][gc,phases   ] GC(460)   Merge Heap Roots: 0.7ms
[2024-08-28T13:02:05.190+0000][info][gc,phases   ] GC(460)   Evacuate Collection Set: 38.0ms
[2024-08-28T13:02:05.190+0000][info][gc,phases   ] GC(460)   Post Evacuate Collection Set: 0.7ms
[2024-08-28T13:02:05.191+0000][info][gc,phases   ] GC(460)   Other: 0.3ms
[2024-08-28T13:02:05.191+0000][info][gc,heap     ] GC(460) Eden regions: 258->0(177)
[2024-08-28T13:02:05.191+0000][info][gc,heap     ] GC(460) Survivor regions: 13->34(34)
[2024-08-28T13:02:05.191+0000][info][gc,heap     ] GC(460) Old regions: 1019->1249
[2024-08-28T13:02:05.191+0000][info][gc,heap     ] GC(460) Archive regions: 2->2
[2024-08-28T13:02:05.191+0000][info][gc,heap     ] GC(460) Humongous regions: 5->5
[2024-08-28T13:02:05.191+0000][info][gc,metaspace] GC(460) Metaspace: 100K(320K)->100K(320K) NonClass: 96K(192K)->96K(192K) Class: 4K(128K)->4K(128K)
[2024-08-28T13:02:05.191+0000][info][gc          ] GC(460) Pause Young (Normal) (G1 Evacuation Pause) 1295M->1288M(2048M) 40.139ms
[2024-08-28T13:02:05.191+0000][info][gc,cpu      ] GC(460) User=1.57s Sys=0.24s Real=0.04s
[2024-08-28T13:02:05.299+0000][info][gc,start    ] GC(461) Pause Young (Normal) (G1 Evacuation Pause)
[2024-08-28T13:02:05.299+0000][info][gc,task     ] GC(461) Using 49 workers of 68 for evacuation
[2024-08-28T13:02:05.331+0000][info][gc,phases   ] GC(461)   Pre Evacuate Collection Set: 0.3ms
[2024-08-28T13:02:05.331+0000][info][gc,phases   ] GC(461)   Merge Heap Roots: 1.0ms
[2024-08-28T13:02:05.331+0000][info][gc,phases   ] GC(461)   Evacuate Collection Set: 30.3ms
[2024-08-28T13:02:05.331+0000][info][gc,phases   ] GC(461)   Post Evacuate Collection Set: 0.5ms
[2024-08-28T13:02:05.331+0000][info][gc,phases   ] GC(461)   Other: 0.2ms
[2024-08-28T13:02:05.331+0000][info][gc,heap     ] GC(461) Eden regions: 177->0(119)
[2024-08-28T13:02:05.331+0000][info][gc,heap     ] GC(461) Survivor regions: 34->27(27)
[2024-08-28T13:02:05.331+0000][info][gc,heap     ] GC(461) Old regions: 1249->1435
[2024-08-28T13:02:05.331+0000][info][gc,heap     ] GC(461) Archive regions: 2->2
[2024-08-28T13:02:05.331+0000][info][gc,heap     ] GC(461) Humongous regions: 5->5
[2024-08-28T13:02:05.331+0000][info][gc,metaspace] GC(461) Metaspace: 100K(320K)->100K(320K) NonClass: 96K(192K)->96K(192K) Class: 4K(128K)->4K(128K)
[2024-08-28T13:02:05.331+0000][info][gc          ] GC(461) Pause Young (Normal) (G1 Evacuation Pause) 1465M->1467M(2048M) 32.454ms
[2024-08-28T13:02:05.331+0000][info][gc,cpu      ] GC(461) User=1.50s Sys=0.02s Real=0.03s
[2024-08-28T13:02:05.400+0000][info][gc,start    ] GC(462) Pause Young (Concurrent Start) (G1 Evacuation Pause)
[2024-08-28T13:02:05.400+0000][info][gc,task     ] GC(462) Using 49 workers of 68 for evacuation
[2024-08-28T13:02:05.425+0000][info][gc,phases   ] GC(462)   Pre Evacuate Collection Set: 0.3ms
[2024-08-28T13:02:05.425+0000][info][gc,phases   ] GC(462)   Merge Heap Roots: 0.5ms
[2024-08-28T13:02:05.425+0000][info][gc,phases   ] GC(462)   Evacuate Collection Set: 22.9ms
[2024-08-28T13:02:05.425+0000][info][gc,phases   ] GC(462)   Post Evacuate Collection Set: 0.5ms
[2024-08-28T13:02:05.425+0000][info][gc,phases   ] GC(462)   Other: 0.8ms
[2024-08-28T13:02:05.425+0000][info][gc,heap     ] GC(462) Eden regions: 119->0(83)
[2024-08-28T13:02:05.425+0000][info][gc,heap     ] GC(462) Survivor regions: 27->19(19)
[2024-08-28T13:02:05.425+0000][info][gc,heap     ] GC(462) Old regions: 1435->1568
[2024-08-28T13:02:05.425+0000][info][gc,heap     ] GC(462) Archive regions: 2->2
[2024-08-28T13:02:05.425+0000][info][gc,heap     ] GC(462) Humongous regions: 5->5
[2024-08-28T13:02:05.425+0000][info][gc,metaspace] GC(462) Metaspace: 100K(320K)->100K(320K) NonClass: 96K(192K)->96K(192K) Class: 4K(128K)->4K(128K)
[2024-08-28T13:02:05.425+0000][info][gc          ] GC(462) Pause Young (Concurrent Start) (G1 Evacuation Pause) 1586M->1592M(2048M) 25.045ms
[2024-08-28T13:02:05.425+0000][info][gc,cpu      ] GC(462) User=1.09s Sys=0.04s Real=0.02s
[2024-08-28T13:02:05.425+0000][info][gc          ] GC(463) Concurrent Mark Cycle
[2024-08-28T13:02:05.425+0000][info][gc,marking  ] GC(463) Concurrent Clear Claimed Marks
[2024-08-28T13:02:05.425+0000][info][gc,marking  ] GC(463) Concurrent Clear Claimed Marks 0.009ms
[2024-08-28T13:02:05.425+0000][info][gc,marking  ] GC(463) Concurrent Scan Root Regions
[2024-08-28T13:02:05.429+0000][info][gc,marking  ] GC(463) Concurrent Scan Root Regions 4.151ms
[2024-08-28T13:02:05.429+0000][info][gc,marking  ] GC(463) Concurrent Mark
[2024-08-28T13:02:05.429+0000][info][gc,marking  ] GC(463) Concurrent Mark From Roots
[2024-08-28T13:02:05.429+0000][info][gc,task     ] GC(463) Using 17 workers of 17 for marking
[2024-08-28T13:02:05.450+0000][info][gc,marking  ] GC(463) Concurrent Mark From Roots 20.483ms
[2024-08-28T13:02:05.450+0000][info][gc,marking  ] GC(463) Concurrent Preclean
[2024-08-28T13:02:05.450+0000][info][gc,marking  ] GC(463) Concurrent Preclean 0.495ms
[2024-08-28T13:02:05.451+0000][info][gc,start    ] GC(463) Pause Remark
[2024-08-28T13:02:05.453+0000][info][gc          ] GC(463) Pause Remark 1614M->1350M(2048M) 2.020ms
[2024-08-28T13:02:05.453+0000][info][gc,cpu      ] GC(463) User=0.02s Sys=0.00s Real=0.00s
[2024-08-28T13:02:05.453+0000][info][gc,marking  ] GC(463) Concurrent Mark 23.397ms
[2024-08-28T13:02:05.453+0000][info][gc,marking  ] GC(463) Concurrent Rebuild Remembered Sets
[2024-08-28T13:02:05.501+0000][info][gc,marking  ] GC(463) Concurrent Rebuild Remembered Sets 48.396ms
[2024-08-28T13:02:05.501+0000][info][gc,start    ] GC(463) Pause Cleanup
[2024-08-28T13:02:05.505+0000][info][gc          ] GC(463) Pause Cleanup 1408M->1408M(2048M) 3.369ms
[2024-08-28T13:02:05.505+0000][info][gc,cpu      ] GC(463) User=0.01s Sys=0.00s Real=0.00s
[2024-08-28T13:02:05.505+0000][info][gc,marking  ] GC(463) Concurrent Cleanup for Next Mark
[2024-08-28T13:02:05.507+0000][info][gc,marking  ] GC(463) Concurrent Cleanup for Next Mark 1.839ms
[2024-08-28T13:02:05.507+0000][info][gc          ] GC(463) Concurrent Mark Cycle 81.852ms
[2024-08-28T13:02:05.508+0000][info][gc,start    ] GC(464) Pause Young (Prepare Mixed) (G1 Evacuation Pause)
[2024-08-28T13:02:05.508+0000][info][gc,task     ] GC(464) Using 49 workers of 68 for evacuation
[2024-08-28T13:02:05.526+0000][info][gc,phases   ] GC(464)   Pre Evacuate Collection Set: 0.3ms
[2024-08-28T13:02:05.526+0000][info][gc,phases   ] GC(464)   Merge Heap Roots: 0.9ms
[2024-08-28T13:02:05.526+0000][info][gc,phases   ] GC(464)   Evacuate Collection Set: 15.5ms
[2024-08-28T13:02:05.526+0000][info][gc,phases   ] GC(464)   Post Evacuate Collection Set: 0.5ms
[2024-08-28T13:02:05.526+0000][info][gc,phases   ] GC(464)   Other: 0.2ms
[2024-08-28T13:02:05.526+0000][info][gc,heap     ] GC(464) Eden regions: 83->0(89)
[2024-08-28T13:02:05.526+0000][info][gc,heap     ] GC(464) Survivor regions: 19->13(13)
[2024-08-28T13:02:05.526+0000][info][gc,heap     ] GC(464) Old regions: 1304->1399
[2024-08-28T13:02:05.526+0000][info][gc,heap     ] GC(464) Archive regions: 2->2
[2024-08-28T13:02:05.526+0000][info][gc,heap     ] GC(464) Humongous regions: 5->5
[2024-08-28T13:02:05.526+0000][info][gc,metaspace] GC(464) Metaspace: 100K(320K)->100K(320K) NonClass: 96K(192K)->96K(192K) Class: 4K(128K)->4K(128K)
[2024-08-28T13:02:05.526+0000][info][gc          ] GC(464) Pause Young (Prepare Mixed) (G1 Evacuation Pause) 1411M->1417M(2048M) 17.463ms
[2024-08-28T13:02:05.526+0000][info][gc,cpu      ] GC(464) User=0.76s Sys=0.04s Real=0.02s
[2024-08-28T13:02:05.578+0000][info][gc,start    ] GC(465) Pause Young (Mixed) (G1 Evacuation Pause)
[2024-08-28T13:02:05.578+0000][info][gc,task     ] GC(465) Using 49 workers of 68 for evacuation
[2024-08-28T13:02:05.595+0000][info][gc,phases   ] GC(465)   Pre Evacuate Collection Set: 0.5ms
[2024-08-28T13:02:05.595+0000][info][gc,phases   ] GC(465)   Merge Heap Roots: 0.7ms
[2024-08-28T13:02:05.595+0000][info][gc,phases   ] GC(465)   Evacuate Collection Set: 15.5ms
[2024-08-28T13:02:05.595+0000][info][gc,phases   ] GC(465)   Post Evacuate Collection Set: 0.6ms
[2024-08-28T13:02:05.595+0000][info][gc,phases   ] GC(465)   Other: 0.3ms
[2024-08-28T13:02:05.595+0000][info][gc,heap     ] GC(465) Eden regions: 89->0(89)
[2024-08-28T13:02:05.595+0000][info][gc,heap     ] GC(465) Survivor regions: 13->13(13)
[2024-08-28T13:02:05.595+0000][info][gc,heap     ] GC(465) Old regions: 1399->1289
[2024-08-28T13:02:05.595+0000][info][gc,heap     ] GC(465) Archive regions: 2->2
[2024-08-28T13:02:05.595+0000][info][gc,heap     ] GC(465) Humongous regions: 5->5
[2024-08-28T13:02:05.595+0000][info][gc,metaspace] GC(465) Metaspace: 100K(320K)->100K(320K) NonClass: 96K(192K)->96K(192K) Class: 4K(128K)->4K(128K)
[2024-08-28T13:02:05.595+0000][info][gc          ] GC(465) Pause Young (Mixed) (G1 Evacuation Pause) 1506M->1307M(2048M) 17.754ms
[2024-08-28T13:02:05.595+0000][info][gc,cpu      ] GC(465) User=0.79s Sys=0.00s Real=0.01s
[2024-08-28T13:02:05.647+0000][info][gc,start    ] GC(466) Pause Young (Mixed) (G1 Evacuation Pause)
[2024-08-28T13:02:05.647+0000][info][gc,task     ] GC(466) Using 49 workers of 68 for evacuation
[2024-08-28T13:02:05.665+0000][info][gc,phases   ] GC(466)   Pre Evacuate Collection Set: 0.4ms
[2024-08-28T13:02:05.665+0000][info][gc,phases   ] GC(466)   Merge Heap Roots: 0.7ms
[2024-08-28T13:02:05.665+0000][info][gc,phases   ] GC(466)   Evacuate Collection Set: 15.6ms
[2024-08-28T13:02:05.665+0000][info][gc,phases   ] GC(466)   Post Evacuate Collection Set: 0.6ms
[2024-08-28T13:02:05.665+0000][info][gc,phases   ] GC(466)   Other: 0.2ms
[2024-08-28T13:02:05.665+0000][info][gc,heap     ] GC(466) Eden regions: 89->0(89)
[2024-08-28T13:02:05.665+0000][info][gc,heap     ] GC(466) Survivor regions: 13->13(13)
[2024-08-28T13:02:05.665+0000][info][gc,heap     ] GC(466) Old regions: 1289->1178
[2024-08-28T13:02:05.665+0000][info][gc,heap     ] GC(466) Archive regions: 2->2
[2024-08-28T13:02:05.665+0000][info][gc,heap     ] GC(466) Humongous regions: 5->5
[2024-08-28T13:02:05.665+0000][info][gc,metaspace] GC(466) Metaspace: 100K(320K)->100K(320K) NonClass: 96K(192K)->96K(192K) Class: 4K(128K)->4K(128K)
[2024-08-28T13:02:05.665+0000][info][gc          ] GC(466) Pause Young (Mixed) (G1 Evacuation Pause) 1396M->1196M(2048M) 17.636ms
[2024-08-28T13:02:05.665+0000][info][gc,cpu      ] GC(466) User=0.79s Sys=0.00s Real=0.02s
[2024-08-28T13:02:05.722+0000][info][gc,start    ] GC(467) Pause Young (Mixed) (G1 Evacuation Pause)
[2024-08-28T13:02:05.722+0000][info][gc,task     ] GC(467) Using 49 workers of 68 for evacuation
[2024-08-28T13:02:05.740+0000][info][gc,phases   ] GC(467)   Pre Evacuate Collection Set: 0.4ms
[2024-08-28T13:02:05.740+0000][info][gc,phases   ] GC(467)   Merge Heap Roots: 0.7ms
[2024-08-28T13:02:05.740+0000][info][gc,phases   ] GC(467)   Evacuate Collection Set: 15.5ms
[2024-08-28T13:02:05.740+0000][info][gc,phases   ] GC(467)   Post Evacuate Collection Set: 0.6ms
[2024-08-28T13:02:05.740+0000][info][gc,phases   ] GC(467)   Other: 0.2ms
[2024-08-28T13:02:05.740+0000][info][gc,heap     ] GC(467) Eden regions: 89->0(89)
[2024-08-28T13:02:05.740+0000][info][gc,heap     ] GC(467) Survivor regions: 13->13(13)
[2024-08-28T13:02:05.740+0000][info][gc,heap     ] GC(467) Old regions: 1178->1067
[2024-08-28T13:02:05.740+0000][info][gc,heap     ] GC(467) Archive regions: 2->2
[2024-08-28T13:02:05.740+0000][info][gc,heap     ] GC(467) Humongous regions: 5->5
[2024-08-28T13:02:05.740+0000][info][gc,metaspace] GC(467) Metaspace: 100K(320K)->100K(320K) NonClass: 96K(192K)->96K(192K) Class: 4K(128K)->4K(128K)
[2024-08-28T13:02:05.740+0000][info][gc          ] GC(467) Pause Young (Mixed) (G1 Evacuation Pause) 1285M->1085M(2048M) 17.438ms
[2024-08-28T13:02:05.740+0000][info][gc,cpu      ] GC(467) User=0.79s Sys=0.00s Real=0.02s
[2024-08-28T13:02:05.797+0000][info][gc,start    ] GC(468) Pause Young (Mixed) (G1 Evacuation Pause)
[2024-08-28T13:02:05.797+0000][info][gc,task     ] GC(468) Using 49 workers of 68 for evacuation
[2024-08-28T13:02:05.815+0000][info][gc,phases   ] GC(468)   Pre Evacuate Collection Set: 0.3ms
[2024-08-28T13:02:05.815+0000][info][gc,phases   ] GC(468)   Merge Heap Roots: 0.8ms
[2024-08-28T13:02:05.815+0000][info][gc,phases   ] GC(468)   Evacuate Collection Set: 16.0ms
[2024-08-28T13:02:05.815+0000][info][gc,phases   ] GC(468)   Post Evacuate Collection Set: 0.6ms
[2024-08-28T13:02:05.815+0000][info][gc,phases   ] GC(468)   Other: 0.2ms
[2024-08-28T13:02:05.815+0000][info][gc,heap     ] GC(468) Eden regions: 89->0(264)
[2024-08-28T13:02:05.815+0000][info][gc,heap     ] GC(468) Survivor regions: 13->13(13)
[2024-08-28T13:02:05.815+0000][info][gc,heap     ] GC(468) Old regions: 1067->1001
[2024-08-28T13:02:05.815+0000][info][gc,heap     ] GC(468) Archive regions: 2->2
[2024-08-28T13:02:05.815+0000][info][gc,heap     ] GC(468) Humongous regions: 5->5
[2024-08-28T13:02:05.815+0000][info][gc,metaspace] GC(468) Metaspace: 100K(320K)->100K(320K) NonClass: 96K(192K)->96K(192K) Class: 4K(128K)->4K(128K)
[2024-08-28T13:02:05.815+0000][info][gc          ] GC(468) Pause Young (Mixed) (G1 Evacuation Pause) 1174M->1019M(2048M) 17.957ms
[2024-08-28T13:02:05.815+0000][info][gc,cpu      ] GC(468) User=0.80s Sys=0.01s Real=0.02s
[2024-08-28T13:02:05.979+0000][info][gc,start    ] GC(469) Pause Young (Normal) (G1 Evacuation Pause)
[2024-08-28T13:02:05.979+0000][info][gc,task     ] GC(469) Using 49 workers of 68 for evacuation
[2024-08-28T13:02:06.016+0000][info][gc,phases   ] GC(469)   Pre Evacuate Collection Set: 0.3ms
[2024-08-28T13:02:06.016+0000][info][gc,phases   ] GC(469)   Merge Heap Roots: 1.0ms
[2024-08-28T13:02:06.016+0000][info][gc,phases   ] GC(469)   Evacuate Collection Set: 34.5ms
[2024-08-28T13:02:06.016+0000][info][gc,phases   ] GC(469)   Post Evacuate Collection Set: 0.8ms
[2024-08-28T13:02:06.016+0000][info][gc,phases   ] GC(469)   Other: 0.2ms
[2024-08-28T13:02:06.016+0000][info][gc,heap     ] GC(469) Eden regions: 264->0(181)
[2024-08-28T13:02:06.016+0000][info][gc,heap     ] GC(469) Survivor regions: 13->35(35)
[2024-08-28T13:02:06.016+0000][info][gc,heap     ] GC(469) Old regions: 1001->1237
[2024-08-28T13:02:06.016+0000][info][gc,heap     ] GC(469) Archive regions: 2->2
[2024-08-28T13:02:06.016+0000][info][gc,heap     ] GC(469) Humongous regions: 5->5
[2024-08-28T13:02:06.016+0000][info][gc,metaspace] GC(469) Metaspace: 100K(320K)->100K(320K) NonClass: 96K(192K)->96K(192K) Class: 4K(128K)->4K(128K)
[2024-08-28T13:02:06.016+0000][info][gc          ] GC(469) Pause Young (Normal) (G1 Evacuation Pause) 1283M->1277M(2048M) 36.814ms
[2024-08-28T13:02:06.016+0000][info][gc,cpu      ] GC(469) User=1.72s Sys=0.00s Real=0.03s
[2024-08-28T13:02:06.122+0000][info][gc,start    ] GC(470) Pause Young (Normal) (G1 Evacuation Pause)
[2024-08-28T13:02:06.122+0000][info][gc,task     ] GC(470) Using 49 workers of 68 for evacuation
[2024-08-28T13:02:06.153+0000][info][gc,phases   ] GC(470)   Pre Evacuate Collection Set: 0.3ms
[2024-08-28T13:02:06.153+0000][info][gc,phases   ] GC(470)   Merge Heap Roots: 0.6ms
[2024-08-28T13:02:06.153+0000][info][gc,phases   ] GC(470)   Evacuate Collection Set: 29.8ms
[2024-08-28T13:02:06.153+0000][info][gc,phases   ] GC(470)   Post Evacuate Collection Set: 0.6ms
[2024-08-28T13:02:06.153+0000][info][gc,phases   ] GC(470)   Other: 0.2ms
[2024-08-28T13:02:06.153+0000][info][gc,heap     ] GC(470) Eden regions: 181->0(122)
[2024-08-28T13:02:06.153+0000][info][gc,heap     ] GC(470) Survivor regions: 35->27(27)
[2024-08-28T13:02:06.153+0000][info][gc,heap     ] GC(470) Old regions: 1237->1427
[2024-08-28T13:02:06.153+0000][info][gc,heap     ] GC(470) Archive regions: 2->2
[2024-08-28T13:02:06.153+0000][info][gc,heap     ] GC(470) Humongous regions: 5->5
[2024-08-28T13:02:06.153+0000][info][gc,metaspace] GC(470) Metaspace: 100K(320K)->100K(320K) NonClass: 96K(192K)->96K(192K) Class: 4K(128K)->4K(128K)
[2024-08-28T13:02:06.153+0000][info][gc          ] GC(470) Pause Young (Normal) (G1 Evacuation Pause) 1458M->1459M(2048M) 31.517ms
[2024-08-28T13:02:06.153+0000][info][gc,cpu      ] GC(470) User=1.46s Sys=0.02s Real=0.03s
[2024-08-28T13:02:06.224+0000][info][gc,start    ] GC(471) Pause Young (Concurrent Start) (G1 Evacuation Pause)
[2024-08-28T13:02:06.224+0000][info][gc,task     ] GC(471) Using 49 workers of 68 for evacuation
[2024-08-28T13:02:06.250+0000][info][gc,phases   ] GC(471)   Pre Evacuate Collection Set: 0.4ms
[2024-08-28T13:02:06.250+0000][info][gc,phases   ] GC(471)   Merge Heap Roots: 1.0ms
[2024-08-28T13:02:06.250+0000][info][gc,phases   ] GC(471)   Evacuate Collection Set: 23.5ms
[2024-08-28T13:02:06.250+0000][info][gc,phases   ] GC(471)   Post Evacuate Collection Set: 0.5ms
[2024-08-28T13:02:06.250+0000][info][gc,phases   ] GC(471)   Other: 0.6ms
[2024-08-28T13:02:06.250+0000][info][gc,heap     ] GC(471) Eden regions: 122->0(83)
[2024-08-28T13:02:06.250+0000][info][gc,heap     ] GC(471) Survivor regions: 27->19(19)
[2024-08-28T13:02:06.250+0000][info][gc,heap     ] GC(471) Old regions: 1427->1563
[2024-08-28T13:02:06.250+0000][info][gc,heap     ] GC(471) Archive regions: 2->2
[2024-08-28T13:02:06.250+0000][info][gc,heap     ] GC(471) Humongous regions: 5->5
[2024-08-28T13:02:06.250+0000][info][gc,metaspace] GC(471) Metaspace: 100K(320K)->100K(320K) NonClass: 96K(192K)->96K(192K) Class: 4K(128K)->4K(128K)
[2024-08-28T13:02:06.250+0000][info][gc          ] GC(471) Pause Young (Concurrent Start) (G1 Evacuation Pause) 1581M->1587M(2048M) 26.020ms
[2024-08-28T13:02:06.250+0000][info][gc,cpu      ] GC(471) User=1.17s Sys=0.02s Real=0.03s
[2024-08-28T13:02:06.250+0000][info][gc          ] GC(472) Concurrent Mark Cycle
[2024-08-28T13:02:06.250+0000][info][gc,marking  ] GC(472) Concurrent Clear Claimed Marks
[2024-08-28T13:02:06.250+0000][info][gc,marking  ] GC(472) Concurrent Clear Claimed Marks 0.009ms
[2024-08-28T13:02:06.250+0000][info][gc,marking  ] GC(472) Concurrent Scan Root Regions
[2024-08-28T13:02:06.254+0000][info][gc,marking  ] GC(472) Concurrent Scan Root Regions 4.311ms
[2024-08-28T13:02:06.254+0000][info][gc,marking  ] GC(472) Concurrent Mark
[2024-08-28T13:02:06.254+0000][info][gc,marking  ] GC(472) Concurrent Mark From Roots
[2024-08-28T13:02:06.254+0000][info][gc,task     ] GC(472) Using 17 workers of 17 for marking
[2024-08-28T13:02:06.275+0000][info][gc,marking  ] GC(472) Concurrent Mark From Roots 20.487ms
[2024-08-28T13:02:06.275+0000][info][gc,marking  ] GC(472) Concurrent Preclean
[2024-08-28T13:02:06.275+0000][info][gc,marking  ] GC(472) Concurrent Preclean 0.496ms
[2024-08-28T13:02:06.276+0000][info][gc,start    ] GC(472) Pause Remark
[2024-08-28T13:02:06.277+0000][info][gc          ] GC(472) Pause Remark 1610M->1360M(2048M) 1.847ms
[2024-08-28T13:02:06.277+0000][info][gc,cpu      ] GC(472) User=0.01s Sys=0.00s Real=0.01s
[2024-08-28T13:02:06.278+0000][info][gc,marking  ] GC(472) Concurrent Mark 23.228ms
[2024-08-28T13:02:06.278+0000][info][gc,marking  ] GC(472) Concurrent Rebuild Remembered Sets
[2024-08-28T13:02:06.326+0000][info][gc,marking  ] GC(472) Concurrent Rebuild Remembered Sets 48.476ms
[2024-08-28T13:02:06.326+0000][info][gc,start    ] GC(472) Pause Cleanup
[2024-08-28T13:02:06.329+0000][info][gc          ] GC(472) Pause Cleanup 1418M->1418M(2048M) 2.524ms
[2024-08-28T13:02:06.329+0000][info][gc,cpu      ] GC(472) User=0.01s Sys=0.00s Real=0.00s
[2024-08-28T13:02:06.329+0000][info][gc,marking  ] GC(472) Concurrent Cleanup for Next Mark
[2024-08-28T13:02:06.330+0000][info][gc,marking  ] GC(472) Concurrent Cleanup for Next Mark 1.423ms
[2024-08-28T13:02:06.330+0000][info][gc          ] GC(472) Concurrent Mark Cycle 80.520ms
[2024-08-28T13:02:06.331+0000][info][gc,start    ] GC(473) Pause Young (Prepare Mixed) (G1 Evacuation Pause)
[2024-08-28T13:02:06.331+0000][info][gc,task     ] GC(473) Using 49 workers of 68 for evacuation
[2024-08-28T13:02:06.349+0000][info][gc,phases   ] GC(473)   Pre Evacuate Collection Set: 0.3ms
[2024-08-28T13:02:06.349+0000][info][gc,phases   ] GC(473)   Merge Heap Roots: 0.8ms
[2024-08-28T13:02:06.349+0000][info][gc,phases   ] GC(473)   Evacuate Collection Set: 15.6ms
[2024-08-28T13:02:06.349+0000][info][gc,phases   ] GC(473)   Post Evacuate Collection Set: 0.5ms
[2024-08-28T13:02:06.349+0000][info][gc,phases   ] GC(473)   Other: 0.1ms
[2024-08-28T13:02:06.349+0000][info][gc,heap     ] GC(473) Eden regions: 83->0(89)
[2024-08-28T13:02:06.349+0000][info][gc,heap     ] GC(473) Survivor regions: 19->13(13)
[2024-08-28T13:02:06.349+0000][info][gc,heap     ] GC(473) Old regions: 1313->1411
[2024-08-28T13:02:06.349+0000][info][gc,heap     ] GC(473) Archive regions: 2->2
[2024-08-28T13:02:06.349+0000][info][gc,heap     ] GC(473) Humongous regions: 5->5
[2024-08-28T13:02:06.349+0000][info][gc,metaspace] GC(473) Metaspace: 100K(320K)->100K(320K) NonClass: 96K(192K)->96K(192K) Class: 4K(128K)->4K(128K)
[2024-08-28T13:02:06.349+0000][info][gc          ] GC(473) Pause Young (Prepare Mixed) (G1 Evacuation Pause) 1420M->1429M(2048M) 17.384ms
[2024-08-28T13:02:06.349+0000][info][gc,cpu      ] GC(473) User=0.79s Sys=0.00s Real=0.01s
[2024-08-28T13:02:06.400+0000][info][gc,start    ] GC(474) Pause Young (Mixed) (G1 Evacuation Pause)
[2024-08-28T13:02:06.400+0000][info][gc,task     ] GC(474) Using 49 workers of 68 for evacuation
[2024-08-28T13:02:06.417+0000][info][gc,phases   ] GC(474)   Pre Evacuate Collection Set: 0.4ms
[2024-08-28T13:02:06.417+0000][info][gc,phases   ] GC(474)   Merge Heap Roots: 0.4ms
[2024-08-28T13:02:06.417+0000][info][gc,phases   ] GC(474)   Evacuate Collection Set: 15.5ms
[2024-08-28T13:02:06.417+0000][info][gc,phases   ] GC(474)   Post Evacuate Collection Set: 0.6ms
[2024-08-28T13:02:06.417+0000][info][gc,phases   ] GC(474)   Other: 0.2ms
[2024-08-28T13:02:06.417+0000][info][gc,heap     ] GC(474) Eden regions: 89->0(89)
[2024-08-28T13:02:06.417+0000][info][gc,heap     ] GC(474) Survivor regions: 13->13(13)
[2024-08-28T13:02:06.417+0000][info][gc,heap     ] GC(474) Old regions: 1411->1300
[2024-08-28T13:02:06.417+0000][info][gc,heap     ] GC(474) Archive regions: 2->2
[2024-08-28T13:02:06.417+0000][info][gc,heap     ] GC(474) Humongous regions: 5->5
[2024-08-28T13:02:06.417+0000][info][gc,metaspace] GC(474) Metaspace: 100K(320K)->100K(320K) NonClass: 96K(192K)->96K(192K) Class: 4K(128K)->4K(128K)
[2024-08-28T13:02:06.417+0000][info][gc          ] GC(474) Pause Young (Mixed) (G1 Evacuation Pause) 1518M->1318M(2048M) 17.095ms
[2024-08-28T13:02:06.417+0000][info][gc,cpu      ] GC(474) User=0.77s Sys=0.00s Real=0.01s
[2024-08-28T13:02:06.470+0000][info][gc,start    ] GC(475) Pause Young (Mixed) (G1 Evacuation Pause)
[2024-08-28T13:02:06.470+0000][info][gc,task     ] GC(475) Using 49 workers of 68 for evacuation
[2024-08-28T13:02:06.487+0000][info][gc,phases   ] GC(475)   Pre Evacuate Collection Set: 0.4ms
[2024-08-28T13:02:06.487+0000][info][gc,phases   ] GC(475)   Merge Heap Roots: 0.7ms
[2024-08-28T13:02:06.487+0000][info][gc,phases   ] GC(475)   Evacuate Collection Set: 15.2ms
[2024-08-28T13:02:06.487+0000][info][gc,phases   ] GC(475)   Post Evacuate Collection Set: 0.6ms
[2024-08-28T13:02:06.487+0000][info][gc,phases   ] GC(475)   Other: 0.2ms
[2024-08-28T13:02:06.487+0000][info][gc,heap     ] GC(475) Eden regions: 89->0(89)
[2024-08-28T13:02:06.487+0000][info][gc,heap     ] GC(475) Survivor regions: 13->13(13)
[2024-08-28T13:02:06.487+0000][info][gc,heap     ] GC(475) Old regions: 1300->1188
[2024-08-28T13:02:06.487+0000][info][gc,heap     ] GC(475) Archive regions: 2->2
[2024-08-28T13:02:06.487+0000][info][gc,heap     ] GC(475) Humongous regions: 5->5
[2024-08-28T13:02:06.487+0000][info][gc,metaspace] GC(475) Metaspace: 100K(320K)->100K(320K) NonClass: 96K(192K)->96K(192K) Class: 4K(128K)->4K(128K)
[2024-08-28T13:02:06.487+0000][info][gc          ] GC(475) Pause Young (Mixed) (G1 Evacuation Pause) 1407M->1206M(2048M) 17.136ms
[2024-08-28T13:02:06.487+0000][info][gc,cpu      ] GC(475) User=0.78s Sys=0.00s Real=0.01s
[2024-08-28T13:02:06.538+0000][info][gc,start    ] GC(476) Pause Young (Mixed) (G1 Evacuation Pause)
[2024-08-28T13:02:06.538+0000][info][gc,task     ] GC(476) Using 49 workers of 68 for evacuation
[2024-08-28T13:02:06.555+0000][info][gc,phases   ] GC(476)   Pre Evacuate Collection Set: 0.4ms
[2024-08-28T13:02:06.555+0000][info][gc,phases   ] GC(476)   Merge Heap Roots: 0.5ms
[2024-08-28T13:02:06.555+0000][info][gc,phases   ] GC(476)   Evacuate Collection Set: 15.6ms
[2024-08-28T13:02:06.555+0000][info][gc,phases   ] GC(476)   Post Evacuate Collection Set: 0.6ms
[2024-08-28T13:02:06.555+0000][info][gc,phases   ] GC(476)   Other: 0.2ms
[2024-08-28T13:02:06.555+0000][info][gc,heap     ] GC(476) Eden regions: 89->0(89)
[2024-08-28T13:02:06.555+0000][info][gc,heap     ] GC(476) Survivor regions: 13->13(13)
[2024-08-28T13:02:06.556+0000][info][gc,heap     ] GC(476) Old regions: 1188->1078
[2024-08-28T13:02:06.556+0000][info][gc,heap     ] GC(476) Archive regions: 2->2
[2024-08-28T13:02:06.556+0000][info][gc,heap     ] GC(476) Humongous regions: 5->5
[2024-08-28T13:02:06.556+0000][info][gc,metaspace] GC(476) Metaspace: 100K(320K)->100K(320K) NonClass: 96K(192K)->96K(192K) Class: 4K(128K)->4K(128K)
[2024-08-28T13:02:06.556+0000][info][gc          ] GC(476) Pause Young (Mixed) (G1 Evacuation Pause) 1295M->1096M(2048M) 17.320ms
[2024-08-28T13:02:06.556+0000][info][gc,cpu      ] GC(476) User=0.78s Sys=0.00s Real=0.01s
[2024-08-28T13:02:06.608+0000][info][gc,start    ] GC(477) Pause Young (Mixed) (G1 Evacuation Pause)
[2024-08-28T13:02:06.608+0000][info][gc,task     ] GC(477) Using 49 workers of 68 for evacuation
[2024-08-28T13:02:06.626+0000][info][gc,phases   ] GC(477)   Pre Evacuate Collection Set: 0.4ms
[2024-08-28T13:02:06.626+0000][info][gc,phases   ] GC(477)   Merge Heap Roots: 0.7ms
[2024-08-28T13:02:06.626+0000][info][gc,phases   ] GC(477)   Evacuate Collection Set: 16.8ms
[2024-08-28T13:02:06.626+0000][info][gc,phases   ] GC(477)   Post Evacuate Collection Set: 0.6ms
[2024-08-28T13:02:06.626+0000][info][gc,phases   ] GC(477)   Other: 0.2ms
[2024-08-28T13:02:06.626+0000][info][gc,heap     ] GC(477) Eden regions: 89->0(263)
[2024-08-28T13:02:06.626+0000][info][gc,heap     ] GC(477) Survivor regions: 13->13(13)
[2024-08-28T13:02:06.626+0000][info][gc,heap     ] GC(477) Old regions: 1078->1002
[2024-08-28T13:02:06.626+0000][info][gc,heap     ] GC(477) Archive regions: 2->2
[2024-08-28T13:02:06.626+0000][info][gc,heap     ] GC(477) Humongous regions: 5->5
[2024-08-28T13:02:06.626+0000][info][gc,metaspace] GC(477) Metaspace: 100K(320K)->100K(320K) NonClass: 96K(192K)->96K(192K) Class: 4K(128K)->4K(128K)
[2024-08-28T13:02:06.627+0000][info][gc          ] GC(477) Pause Young (Mixed) (G1 Evacuation Pause) 1185M->1020M(2048M) 18.697ms
[2024-08-28T13:02:06.627+0000][info][gc,cpu      ] GC(477) User=0.78s Sys=0.07s Real=0.02s
[2024-08-28T13:02:06.796+0000][info][gc,start    ] GC(478) Pause Young (Normal) (G1 Evacuation Pause)
[2024-08-28T13:02:06.796+0000][info][gc,task     ] GC(478) Using 49 workers of 68 for evacuation
[2024-08-28T13:02:06.831+0000][info][gc,phases   ] GC(478)   Pre Evacuate Collection Set: 0.3ms
[2024-08-28T13:02:06.831+0000][info][gc,phases   ] GC(478)   Merge Heap Roots: 0.9ms
[2024-08-28T13:02:06.831+0000][info][gc,phases   ] GC(478)   Evacuate Collection Set: 33.5ms
[2024-08-28T13:02:06.831+0000][info][gc,phases   ] GC(478)   Post Evacuate Collection Set: 0.7ms
[2024-08-28T13:02:06.831+0000][info][gc,phases   ] GC(478)   Other: 0.2ms
[2024-08-28T13:02:06.831+0000][info][gc,heap     ] GC(478) Eden regions: 263->0(181)
[2024-08-28T13:02:06.831+0000][info][gc,heap     ] GC(478) Survivor regions: 13->35(35)
[2024-08-28T13:02:06.831+0000][info][gc,heap     ] GC(478) Old regions: 1002->1236
[2024-08-28T13:02:06.831+0000][info][gc,heap     ] GC(478) Archive regions: 2->2
[2024-08-28T13:02:06.831+0000][info][gc,heap     ] GC(478) Humongous regions: 5->5
[2024-08-28T13:02:06.831+0000][info][gc,metaspace] GC(478) Metaspace: 100K(320K)->100K(320K) NonClass: 96K(192K)->96K(192K) Class: 4K(128K)->4K(128K)
[2024-08-28T13:02:06.831+0000][info][gc          ] GC(478) Pause Young (Normal) (G1 Evacuation Pause) 1283M->1276M(2048M) 35.726ms
[2024-08-28T13:02:06.832+0000][info][gc,cpu      ] GC(478) User=1.67s Sys=0.00s Real=0.04s
[2024-08-28T13:02:06.948+0000][info][gc,start    ] GC(479) Pause Young (Normal) (G1 Evacuation Pause)
[2024-08-28T13:02:06.948+0000][info][gc,task     ] GC(479) Using 49 workers of 68 for evacuation
[2024-08-28T13:02:06.978+0000][info][gc,phases   ] GC(479)   Pre Evacuate Collection Set: 0.2ms
[2024-08-28T13:02:06.978+0000][info][gc,phases   ] GC(479)   Merge Heap Roots: 1.0ms
[2024-08-28T13:02:06.978+0000][info][gc,phases   ] GC(479)   Evacuate Collection Set: 28.1ms
[2024-08-28T13:02:06.978+0000][info][gc,phases   ] GC(479)   Post Evacuate Collection Set: 0.7ms
[2024-08-28T13:02:06.978+0000][info][gc,phases   ] GC(479)   Other: 0.2ms
[2024-08-28T13:02:06.978+0000][info][gc,heap     ] GC(479) Eden regions: 181->0(121)
[2024-08-28T13:02:06.978+0000][info][gc,heap     ] GC(479) Survivor regions: 35->27(27)
[2024-08-28T13:02:06.978+0000][info][gc,heap     ] GC(479) Old regions: 1236->1430
[2024-08-28T13:02:06.978+0000][info][gc,heap     ] GC(479) Archive regions: 2->2
[2024-08-28T13:02:06.978+0000][info][gc,heap     ] GC(479) Humongous regions: 5->5
[2024-08-28T13:02:06.978+0000][info][gc,metaspace] GC(479) Metaspace: 100K(320K)->100K(320K) NonClass: 96K(192K)->96K(192K) Class: 4K(128K)->4K(128K)
[2024-08-28T13:02:06.978+0000][info][gc          ] GC(479) Pause Young (Normal) (G1 Evacuation Pause) 1457M->1462M(2048M) 30.267ms
[2024-08-28T13:02:06.978+0000][info][gc,cpu      ] GC(479) User=1.42s Sys=0.00s Real=0.04s
[2024-08-28T13:02:07.051+0000][info][gc,start    ] GC(480) Pause Young (Concurrent Start) (G1 Evacuation Pause)
[2024-08-28T13:02:07.051+0000][info][gc,task     ] GC(480) Using 49 workers of 68 for evacuation
[2024-08-28T13:02:07.077+0000][info][gc,phases   ] GC(480)   Pre Evacuate Collection Set: 0.3ms
[2024-08-28T13:02:07.077+0000][info][gc,phases   ] GC(480)   Merge Heap Roots: 1.0ms
[2024-08-28T13:02:07.077+0000][info][gc,phases   ] GC(480)   Evacuate Collection Set: 23.3ms
[2024-08-28T13:02:07.077+0000][info][gc,phases   ] GC(480)   Post Evacuate Collection Set: 0.5ms
[2024-08-28T13:02:07.077+0000][info][gc,phases   ] GC(480)   Other: 0.7ms
[2024-08-28T13:02:07.077+0000][info][gc,heap     ] GC(480) Eden regions: 121->0(83)
[2024-08-28T13:02:07.077+0000][info][gc,heap     ] GC(480) Survivor regions: 27->19(19)
[2024-08-28T13:02:07.077+0000][info][gc,heap     ] GC(480) Old regions: 1430->1566
[2024-08-28T13:02:07.077+0000][info][gc,heap     ] GC(480) Archive regions: 2->2
[2024-08-28T13:02:07.077+0000][info][gc,heap     ] GC(480) Humongous regions: 5->5
[2024-08-28T13:02:07.077+0000][info][gc,metaspace] GC(480) Metaspace: 100K(320K)->100K(320K) NonClass: 96K(192K)->96K(192K) Class: 4K(128K)->4K(128K)
[2024-08-28T13:02:07.077+0000][info][gc          ] GC(480) Pause Young (Concurrent Start) (G1 Evacuation Pause) 1583M->1590M(2048M) 25.748ms
[2024-08-28T13:02:07.077+0000][info][gc,cpu      ] GC(480) User=1.17s Sys=0.00s Real=0.02s
[2024-08-28T13:02:07.077+0000][info][gc          ] GC(481) Concurrent Mark Cycle
[2024-08-28T13:02:07.077+0000][info][gc,marking  ] GC(481) Concurrent Clear Claimed Marks
[2024-08-28T13:02:07.077+0000][info][gc,marking  ] GC(481) Concurrent Clear Claimed Marks 0.010ms
[2024-08-28T13:02:07.077+0000][info][gc,marking  ] GC(481) Concurrent Scan Root Regions
[2024-08-28T13:02:07.081+0000][info][gc,marking  ] GC(481) Concurrent Scan Root Regions 4.300ms
[2024-08-28T13:02:07.081+0000][info][gc,marking  ] GC(481) Concurrent Mark
[2024-08-28T13:02:07.081+0000][info][gc,marking  ] GC(481) Concurrent Mark From Roots
[2024-08-28T13:02:07.081+0000][info][gc,task     ] GC(481) Using 17 workers of 17 for marking
[2024-08-28T13:02:07.102+0000][info][gc,marking  ] GC(481) Concurrent Mark From Roots 20.989ms
[2024-08-28T13:02:07.102+0000][info][gc,marking  ] GC(481) Concurrent Preclean
[2024-08-28T13:02:07.103+0000][info][gc,marking  ] GC(481) Concurrent Preclean 0.493ms
[2024-08-28T13:02:07.103+0000][info][gc,start    ] GC(481) Pause Remark
[2024-08-28T13:02:07.105+0000][info][gc          ] GC(481) Pause Remark 1612M->1368M(2048M) 1.848ms
[2024-08-28T13:02:07.105+0000][info][gc,cpu      ] GC(481) User=0.02s Sys=0.00s Real=0.00s
[2024-08-28T13:02:07.105+0000][info][gc,marking  ] GC(481) Concurrent Mark 23.710ms
[2024-08-28T13:02:07.105+0000][info][gc,marking  ] GC(481) Concurrent Rebuild Remembered Sets
[2024-08-28T13:02:07.153+0000][info][gc,marking  ] GC(481) Concurrent Rebuild Remembered Sets 47.655ms
[2024-08-28T13:02:07.153+0000][info][gc,start    ] GC(481) Pause Cleanup
[2024-08-28T13:02:07.155+0000][info][gc          ] GC(481) Pause Cleanup 1424M->1424M(2048M) 2.432ms
[2024-08-28T13:02:07.155+0000][info][gc,cpu      ] GC(481) User=0.01s Sys=0.00s Real=0.00s
[2024-08-28T13:02:07.155+0000][info][gc,marking  ] GC(481) Concurrent Cleanup for Next Mark
[2024-08-28T13:02:07.157+0000][info][gc,marking  ] GC(481) Concurrent Cleanup for Next Mark 1.483ms
[2024-08-28T13:02:07.157+0000][info][gc          ] GC(481) Concurrent Mark Cycle 80.148ms
[2024-08-28T13:02:07.160+0000][info][gc,start    ] GC(482) Pause Young (Prepare Mixed) (G1 Evacuation Pause)
[2024-08-28T13:02:07.160+0000][info][gc,task     ] GC(482) Using 49 workers of 68 for evacuation
[2024-08-28T13:02:07.177+0000][info][gc,phases   ] GC(482)   Pre Evacuate Collection Set: 0.3ms
[2024-08-28T13:02:07.177+0000][info][gc,phases   ] GC(482)   Merge Heap Roots: 0.5ms
[2024-08-28T13:02:07.177+0000][info][gc,phases   ] GC(482)   Evacuate Collection Set: 15.6ms
[2024-08-28T13:02:07.177+0000][info][gc,phases   ] GC(482)   Post Evacuate Collection Set: 0.5ms
[2024-08-28T13:02:07.177+0000][info][gc,phases   ] GC(482)   Other: 0.2ms
[2024-08-28T13:02:07.177+0000][info][gc,heap     ] GC(482) Eden regions: 83->0(89)
[2024-08-28T13:02:07.177+0000][info][gc,heap     ] GC(482) Survivor regions: 19->13(13)
[2024-08-28T13:02:07.177+0000][info][gc,heap     ] GC(482) Old regions: 1322->1419
[2024-08-28T13:02:07.177+0000][info][gc,heap     ] GC(482) Archive regions: 2->2
[2024-08-28T13:02:07.177+0000][info][gc,heap     ] GC(482) Humongous regions: 5->5
[2024-08-28T13:02:07.177+0000][info][gc,metaspace] GC(482) Metaspace: 100K(320K)->100K(320K) NonClass: 96K(192K)->96K(192K) Class: 4K(128K)->4K(128K)
[2024-08-28T13:02:07.177+0000][info][gc          ] GC(482) Pause Young (Prepare Mixed) (G1 Evacuation Pause) 1429M->1437M(2048M) 17.075ms
[2024-08-28T13:02:07.177+0000][info][gc,cpu      ] GC(482) User=0.78s Sys=0.00s Real=0.01s
[2024-08-28T13:02:07.228+0000][info][gc,start    ] GC(483) Pause Young (Mixed) (G1 Evacuation Pause)
[2024-08-28T13:02:07.228+0000][info][gc,task     ] GC(483) Using 49 workers of 68 for evacuation
[2024-08-28T13:02:07.246+0000][info][gc,phases   ] GC(483)   Pre Evacuate Collection Set: 0.4ms
[2024-08-28T13:02:07.246+0000][info][gc,phases   ] GC(483)   Merge Heap Roots: 0.8ms
[2024-08-28T13:02:07.246+0000][info][gc,phases   ] GC(483)   Evacuate Collection Set: 15.8ms
[2024-08-28T13:02:07.246+0000][info][gc,phases   ] GC(483)   Post Evacuate Collection Set: 0.6ms
[2024-08-28T13:02:07.246+0000][info][gc,phases   ] GC(483)   Other: 0.2ms
[2024-08-28T13:02:07.246+0000][info][gc,heap     ] GC(483) Eden regions: 89->0(89)
[2024-08-28T13:02:07.246+0000][info][gc,heap     ] GC(483) Survivor regions: 13->13(13)
[2024-08-28T13:02:07.246+0000][info][gc,heap     ] GC(483) Old regions: 1419->1310
[2024-08-28T13:02:07.246+0000][info][gc,heap     ] GC(483) Archive regions: 2->2
[2024-08-28T13:02:07.246+0000][info][gc,heap     ] GC(483) Humongous regions: 5->5
[2024-08-28T13:02:07.246+0000][info][gc,metaspace] GC(483) Metaspace: 100K(320K)->100K(320K) NonClass: 96K(192K)->96K(192K) Class: 4K(128K)->4K(128K)
[2024-08-28T13:02:07.246+0000][info][gc          ] GC(483) Pause Young (Mixed) (G1 Evacuation Pause) 1526M->1328M(2048M) 17.792ms
[2024-08-28T13:02:07.246+0000][info][gc,cpu      ] GC(483) User=0.81s Sys=0.00s Real=0.02s
[2024-08-28T13:02:07.298+0000][info][gc,start    ] GC(484) Pause Young (Mixed) (G1 Evacuation Pause)
[2024-08-28T13:02:07.298+0000][info][gc,task     ] GC(484) Using 49 workers of 68 for evacuation
[2024-08-28T13:02:07.316+0000][info][gc,phases   ] GC(484)   Pre Evacuate Collection Set: 0.4ms
[2024-08-28T13:02:07.316+0000][info][gc,phases   ] GC(484)   Merge Heap Roots: 0.5ms
[2024-08-28T13:02:07.316+0000][info][gc,phases   ] GC(484)   Evacuate Collection Set: 15.9ms
[2024-08-28T13:02:07.316+0000][info][gc,phases   ] GC(484)   Post Evacuate Collection Set: 0.6ms
[2024-08-28T13:02:07.316+0000][info][gc,phases   ] GC(484)   Other: 0.2ms
[2024-08-28T13:02:07.316+0000][info][gc,heap     ] GC(484) Eden regions: 89->0(89)
[2024-08-28T13:02:07.316+0000][info][gc,heap     ] GC(484) Survivor regions: 13->13(13)
[2024-08-28T13:02:07.316+0000][info][gc,heap     ] GC(484) Old regions: 1310->1199
[2024-08-28T13:02:07.316+0000][info][gc,heap     ] GC(484) Archive regions: 2->2
[2024-08-28T13:02:07.316+0000][info][gc,heap     ] GC(484) Humongous regions: 5->5
[2024-08-28T13:02:07.316+0000][info][gc,metaspace] GC(484) Metaspace: 100K(320K)->100K(320K) NonClass: 96K(192K)->96K(192K) Class: 4K(128K)->4K(128K)
[2024-08-28T13:02:07.316+0000][info][gc          ] GC(484) Pause Young (Mixed) (G1 Evacuation Pause) 1417M->1217M(2048M) 17.608ms
[2024-08-28T13:02:07.316+0000][info][gc,cpu      ] GC(484) User=0.80s Sys=0.00s Real=0.01s
[2024-08-28T13:02:07.368+0000][info][gc,start    ] GC(485) Pause Young (Mixed) (G1 Evacuation Pause)
[2024-08-28T13:02:07.368+0000][info][gc,task     ] GC(485) Using 49 workers of 68 for evacuation
[2024-08-28T13:02:07.386+0000][info][gc,phases   ] GC(485)   Pre Evacuate Collection Set: 0.4ms
[2024-08-28T13:02:07.386+0000][info][gc,phases   ] GC(485)   Merge Heap Roots: 0.8ms
[2024-08-28T13:02:07.386+0000][info][gc,phases   ] GC(485)   Evacuate Collection Set: 15.9ms
[2024-08-28T13:02:07.386+0000][info][gc,phases   ] GC(485)   Post Evacuate Collection Set: 0.6ms
[2024-08-28T13:02:07.386+0000][info][gc,phases   ] GC(485)   Other: 0.2ms
[2024-08-28T13:02:07.386+0000][info][gc,heap     ] GC(485) Eden regions: 89->0(89)
[2024-08-28T13:02:07.386+0000][info][gc,heap     ] GC(485) Survivor regions: 13->13(13)
[2024-08-28T13:02:07.386+0000][info][gc,heap     ] GC(485) Old regions: 1199->1089
[2024-08-28T13:02:07.386+0000][info][gc,heap     ] GC(485) Archive regions: 2->2
[2024-08-28T13:02:07.386+0000][info][gc,heap     ] GC(485) Humongous regions: 5->5
[2024-08-28T13:02:07.386+0000][info][gc,metaspace] GC(485) Metaspace: 100K(320K)->100K(320K) NonClass: 96K(192K)->96K(192K) Class: 4K(128K)->4K(128K)
[2024-08-28T13:02:07.386+0000][info][gc          ] GC(485) Pause Young (Mixed) (G1 Evacuation Pause) 1306M->1107M(2048M) 18.021ms
[2024-08-28T13:02:07.386+0000][info][gc,cpu      ] GC(485) User=0.79s Sys=0.03s Real=0.02s
[2024-08-28T13:02:07.439+0000][info][gc,start    ] GC(486) Pause Young (Mixed) (G1 Evacuation Pause)
[2024-08-28T13:02:07.439+0000][info][gc,task     ] GC(486) Using 49 workers of 68 for evacuation
[2024-08-28T13:02:07.458+0000][info][gc,phases   ] GC(486)   Pre Evacuate Collection Set: 0.3ms
[2024-08-28T13:02:07.458+0000][info][gc,phases   ] GC(486)   Merge Heap Roots: 0.5ms
[2024-08-28T13:02:07.458+0000][info][gc,phases   ] GC(486)   Evacuate Collection Set: 17.2ms
[2024-08-28T13:02:07.458+0000][info][gc,phases   ] GC(486)   Post Evacuate Collection Set: 0.7ms
[2024-08-28T13:02:07.458+0000][info][gc,phases   ] GC(486)   Other: 0.2ms
[2024-08-28T13:02:07.458+0000][info][gc,heap     ] GC(486) Eden regions: 89->0(262)
[2024-08-28T13:02:07.458+0000][info][gc,heap     ] GC(486) Survivor regions: 13->13(13)
[2024-08-28T13:02:07.458+0000][info][gc,heap     ] GC(486) Old regions: 1089->1006
[2024-08-28T13:02:07.458+0000][info][gc,heap     ] GC(486) Archive regions: 2->2
[2024-08-28T13:02:07.458+0000][info][gc,heap     ] GC(486) Humongous regions: 5->5
[2024-08-28T13:02:07.458+0000][info][gc,metaspace] GC(486) Metaspace: 100K(320K)->100K(320K) NonClass: 96K(192K)->96K(192K) Class: 4K(128K)->4K(128K)
[2024-08-28T13:02:07.458+0000][info][gc          ] GC(486) Pause Young (Mixed) (G1 Evacuation Pause) 1196M->1024M(2048M) 19.024ms
[2024-08-28T13:02:07.458+0000][info][gc,cpu      ] GC(486) User=0.85s Sys=0.01s Real=0.02s
[2024-08-28T13:02:07.612+0000][info][gc,start    ] GC(487) Pause Young (Normal) (G1 Evacuation Pause)
[2024-08-28T13:02:07.612+0000][info][gc,task     ] GC(487) Using 49 workers of 68 for evacuation
[2024-08-28T13:02:07.647+0000][info][gc,phases   ] GC(487)   Pre Evacuate Collection Set: 0.3ms
[2024-08-28T13:02:07.647+0000][info][gc,phases   ] GC(487)   Merge Heap Roots: 0.6ms
[2024-08-28T13:02:07.647+0000][info][gc,phases   ] GC(487)   Evacuate Collection Set: 33.7ms
[2024-08-28T13:02:07.647+0000][info][gc,phases   ] GC(487)   Post Evacuate Collection Set: 0.7ms
[2024-08-28T13:02:07.647+0000][info][gc,phases   ] GC(487)   Other: 0.2ms
[2024-08-28T13:02:07.647+0000][info][gc,heap     ] GC(487) Eden regions: 262->0(180)
[2024-08-28T13:02:07.647+0000][info][gc,heap     ] GC(487) Survivor regions: 13->35(35)
[2024-08-28T13:02:07.647+0000][info][gc,heap     ] GC(487) Old regions: 1006->1240
[2024-08-28T13:02:07.647+0000][info][gc,heap     ] GC(487) Archive regions: 2->2
[2024-08-28T13:02:07.647+0000][info][gc,heap     ] GC(487) Humongous regions: 5->5
[2024-08-28T13:02:07.647+0000][info][gc,metaspace] GC(487) Metaspace: 100K(320K)->100K(320K) NonClass: 96K(192K)->96K(192K) Class: 4K(128K)->4K(128K)
[2024-08-28T13:02:07.647+0000][info][gc          ] GC(487) Pause Young (Normal) (G1 Evacuation Pause) 1286M->1280M(2048M) 35.589ms
[2024-08-28T13:02:07.647+0000][info][gc,cpu      ] GC(487) User=1.66s Sys=0.00s Real=0.03s
[2024-08-28T13:02:07.753+0000][info][gc,start    ] GC(488) Pause Young (Normal) (G1 Evacuation Pause)
[2024-08-28T13:02:07.753+0000][info][gc,task     ] GC(488) Using 49 workers of 68 for evacuation
[2024-08-28T13:02:07.784+0000][info][gc,phases   ] GC(488)   Pre Evacuate Collection Set: 0.2ms
[2024-08-28T13:02:07.784+0000][info][gc,phases   ] GC(488)   Merge Heap Roots: 1.1ms
[2024-08-28T13:02:07.784+0000][info][gc,phases   ] GC(488)   Evacuate Collection Set: 28.9ms
[2024-08-28T13:02:07.784+0000][info][gc,phases   ] GC(488)   Post Evacuate Collection Set: 0.6ms
[2024-08-28T13:02:07.784+0000][info][gc,phases   ] GC(488)   Other: 0.2ms
[2024-08-28T13:02:07.784+0000][info][gc,heap     ] GC(488) Eden regions: 180->0(120)
[2024-08-28T13:02:07.784+0000][info][gc,heap     ] GC(488) Survivor regions: 35->27(27)
[2024-08-28T13:02:07.784+0000][info][gc,heap     ] GC(488) Old regions: 1240->1431
[2024-08-28T13:02:07.784+0000][info][gc,heap     ] GC(488) Archive regions: 2->2
[2024-08-28T13:02:07.784+0000][info][gc,heap     ] GC(488) Humongous regions: 5->5
[2024-08-28T13:02:07.784+0000][info][gc,metaspace] GC(488) Metaspace: 100K(320K)->100K(320K) NonClass: 96K(192K)->96K(192K) Class: 4K(128K)->4K(128K)
[2024-08-28T13:02:07.784+0000][info][gc          ] GC(488) Pause Young (Normal) (G1 Evacuation Pause) 1460M->1463M(2048M) 31.153ms
[2024-08-28T13:02:07.784+0000][info][gc,cpu      ] GC(488) User=1.46s Sys=0.00s Real=0.03s
[2024-08-28T13:02:07.853+0000][info][gc,start    ] GC(489) Pause Young (Concurrent Start) (G1 Evacuation Pause)
[2024-08-28T13:02:07.853+0000][info][gc,task     ] GC(489) Using 49 workers of 68 for evacuation
[2024-08-28T13:02:07.879+0000][info][gc,phases   ] GC(489)   Pre Evacuate Collection Set: 0.3ms
[2024-08-28T13:02:07.879+0000][info][gc,phases   ] GC(489)   Merge Heap Roots: 0.5ms
[2024-08-28T13:02:07.879+0000][info][gc,phases   ] GC(489)   Evacuate Collection Set: 24.1ms
[2024-08-28T13:02:07.879+0000][info][gc,phases   ] GC(489)   Post Evacuate Collection Set: 0.5ms
[2024-08-28T13:02:07.879+0000][info][gc,phases   ] GC(489)   Other: 0.6ms
[2024-08-28T13:02:07.879+0000][info][gc,heap     ] GC(489) Eden regions: 120->0(83)
[2024-08-28T13:02:07.879+0000][info][gc,heap     ] GC(489) Survivor regions: 27->19(19)
[2024-08-28T13:02:07.879+0000][info][gc,heap     ] GC(489) Old regions: 1431->1567
[2024-08-28T13:02:07.879+0000][info][gc,heap     ] GC(489) Archive regions: 2->2
[2024-08-28T13:02:07.879+0000][info][gc,heap     ] GC(489) Humongous regions: 5->5
[2024-08-28T13:02:07.879+0000][info][gc,metaspace] GC(489) Metaspace: 100K(320K)->100K(320K) NonClass: 96K(192K)->96K(192K) Class: 4K(128K)->4K(128K)
[2024-08-28T13:02:07.879+0000][info][gc          ] GC(489) Pause Young (Concurrent Start) (G1 Evacuation Pause) 1583M->1591M(2048M) 26.017ms
[2024-08-28T13:02:07.879+0000][info][gc,cpu      ] GC(489) User=1.19s Sys=0.00s Real=0.03s
[2024-08-28T13:02:07.879+0000][info][gc          ] GC(490) Concurrent Mark Cycle
[2024-08-28T13:02:07.879+0000][info][gc,marking  ] GC(490) Concurrent Clear Claimed Marks
[2024-08-28T13:02:07.879+0000][info][gc,marking  ] GC(490) Concurrent Clear Claimed Marks 0.009ms
[2024-08-28T13:02:07.879+0000][info][gc,marking  ] GC(490) Concurrent Scan Root Regions
[2024-08-28T13:02:07.883+0000][info][gc,marking  ] GC(490) Concurrent Scan Root Regions 4.061ms
[2024-08-28T13:02:07.883+0000][info][gc,marking  ] GC(490) Concurrent Mark
[2024-08-28T13:02:07.883+0000][info][gc,marking  ] GC(490) Concurrent Mark From Roots
[2024-08-28T13:02:07.883+0000][info][gc,task     ] GC(490) Using 17 workers of 17 for marking
[2024-08-28T13:02:07.904+0000][info][gc,marking  ] GC(490) Concurrent Mark From Roots 20.946ms
[2024-08-28T13:02:07.904+0000][info][gc,marking  ] GC(490) Concurrent Preclean
[2024-08-28T13:02:07.905+0000][info][gc,marking  ] GC(490) Concurrent Preclean 0.494ms
[2024-08-28T13:02:07.905+0000][info][gc,start    ] GC(490) Pause Remark
[2024-08-28T13:02:07.907+0000][info][gc          ] GC(490) Pause Remark 1613M->1360M(2048M) 1.955ms
[2024-08-28T13:02:07.907+0000][info][gc,cpu      ] GC(490) User=0.01s Sys=0.01s Real=0.00s
[2024-08-28T13:02:07.907+0000][info][gc,marking  ] GC(490) Concurrent Mark 23.695ms
[2024-08-28T13:02:07.907+0000][info][gc,marking  ] GC(490) Concurrent Rebuild Remembered Sets
[2024-08-28T13:02:07.956+0000][info][gc,marking  ] GC(490) Concurrent Rebuild Remembered Sets 49.522ms
[2024-08-28T13:02:07.957+0000][info][gc,start    ] GC(490) Pause Cleanup
[2024-08-28T13:02:07.959+0000][info][gc          ] GC(490) Pause Cleanup 1417M->1417M(2048M) 2.514ms
[2024-08-28T13:02:07.959+0000][info][gc,cpu      ] GC(490) User=0.01s Sys=0.00s Real=0.01s
[2024-08-28T13:02:07.959+0000][info][gc,marking  ] GC(490) Concurrent Cleanup for Next Mark
[2024-08-28T13:02:07.961+0000][info][gc,marking  ] GC(490) Concurrent Cleanup for Next Mark 1.482ms
[2024-08-28T13:02:07.961+0000][info][gc          ] GC(490) Concurrent Mark Cycle 81.847ms
[2024-08-28T13:02:07.964+0000][info][gc,start    ] GC(491) Pause Young (Prepare Mixed) (G1 Evacuation Pause)
[2024-08-28T13:02:07.964+0000][info][gc,task     ] GC(491) Using 49 workers of 68 for evacuation
[2024-08-28T13:02:07.981+0000][info][gc,phases   ] GC(491)   Pre Evacuate Collection Set: 0.3ms
[2024-08-28T13:02:07.981+0000][info][gc,phases   ] GC(491)   Merge Heap Roots: 0.9ms
[2024-08-28T13:02:07.981+0000][info][gc,phases   ] GC(491)   Evacuate Collection Set: 15.7ms
[2024-08-28T13:02:07.981+0000][info][gc,phases   ] GC(491)   Post Evacuate Collection Set: 0.5ms
[2024-08-28T13:02:07.981+0000][info][gc,phases   ] GC(491)   Other: 0.2ms
[2024-08-28T13:02:07.981+0000][info][gc,heap     ] GC(491) Eden regions: 83->0(89)
[2024-08-28T13:02:07.982+0000][info][gc,heap     ] GC(491) Survivor regions: 19->13(13)
[2024-08-28T13:02:07.982+0000][info][gc,heap     ] GC(491) Old regions: 1314->1411
[2024-08-28T13:02:07.982+0000][info][gc,heap     ] GC(491) Archive regions: 2->2
[2024-08-28T13:02:07.982+0000][info][gc,heap     ] GC(491) Humongous regions: 5->5
[2024-08-28T13:02:07.982+0000][info][gc,metaspace] GC(491) Metaspace: 100K(320K)->100K(320K) NonClass: 96K(192K)->96K(192K) Class: 4K(128K)->4K(128K)
[2024-08-28T13:02:07.982+0000][info][gc          ] GC(491) Pause Young (Prepare Mixed) (G1 Evacuation Pause) 1421M->1429M(2048M) 17.591ms
[2024-08-28T13:02:07.982+0000][info][gc,cpu      ] GC(491) User=0.80s Sys=0.01s Real=0.02s
[2024-08-28T13:02:08.034+0000][info][gc,start    ] GC(492) Pause Young (Mixed) (G1 Evacuation Pause)
[2024-08-28T13:02:08.034+0000][info][gc,task     ] GC(492) Using 49 workers of 68 for evacuation
[2024-08-28T13:02:08.052+0000][info][gc,phases   ] GC(492)   Pre Evacuate Collection Set: 0.4ms
[2024-08-28T13:02:08.052+0000][info][gc,phases   ] GC(492)   Merge Heap Roots: 0.7ms
[2024-08-28T13:02:08.052+0000][info][gc,phases   ] GC(492)   Evacuate Collection Set: 16.2ms
[2024-08-28T13:02:08.052+0000][info][gc,phases   ] GC(492)   Post Evacuate Collection Set: 0.6ms
[2024-08-28T13:02:08.052+0000][info][gc,phases   ] GC(492)   Other: 0.2ms
[2024-08-28T13:02:08.052+0000][info][gc,heap     ] GC(492) Eden regions: 89->0(89)
[2024-08-28T13:02:08.052+0000][info][gc,heap     ] GC(492) Survivor regions: 13->13(13)
[2024-08-28T13:02:08.052+0000][info][gc,heap     ] GC(492) Old regions: 1411->1300
[2024-08-28T13:02:08.052+0000][info][gc,heap     ] GC(492) Archive regions: 2->2
[2024-08-28T13:02:08.052+0000][info][gc,heap     ] GC(492) Humongous regions: 5->5
[2024-08-28T13:02:08.052+0000][info][gc,metaspace] GC(492) Metaspace: 100K(320K)->100K(320K) NonClass: 96K(192K)->96K(192K) Class: 4K(128K)->4K(128K)
[2024-08-28T13:02:08.052+0000][info][gc          ] GC(492) Pause Young (Mixed) (G1 Evacuation Pause) 1518M->1318M(2048M) 18.124ms
[2024-08-28T13:02:08.052+0000][info][gc,cpu      ] GC(492) User=0.82s Sys=0.00s Real=0.02s
[2024-08-28T13:02:08.105+0000][info][gc,start    ] GC(493) Pause Young (Mixed) (G1 Evacuation Pause)
[2024-08-28T13:02:08.105+0000][info][gc,task     ] GC(493) Using 49 workers of 68 for evacuation
[2024-08-28T13:02:08.122+0000][info][gc,phases   ] GC(493)   Pre Evacuate Collection Set: 0.4ms
[2024-08-28T13:02:08.122+0000][info][gc,phases   ] GC(493)   Merge Heap Roots: 0.7ms
[2024-08-28T13:02:08.122+0000][info][gc,phases   ] GC(493)   Evacuate Collection Set: 15.8ms
[2024-08-28T13:02:08.122+0000][info][gc,phases   ] GC(493)   Post Evacuate Collection Set: 0.6ms
[2024-08-28T13:02:08.122+0000][info][gc,phases   ] GC(493)   Other: 0.2ms
[2024-08-28T13:02:08.122+0000][info][gc,heap     ] GC(493) Eden regions: 89->0(89)
[2024-08-28T13:02:08.122+0000][info][gc,heap     ] GC(493) Survivor regions: 13->13(13)
[2024-08-28T13:02:08.122+0000][info][gc,heap     ] GC(493) Old regions: 1300->1188
[2024-08-28T13:02:08.122+0000][info][gc,heap     ] GC(493) Archive regions: 2->2
[2024-08-28T13:02:08.122+0000][info][gc,heap     ] GC(493) Humongous regions: 5->5
[2024-08-28T13:02:08.122+0000][info][gc,metaspace] GC(493) Metaspace: 100K(320K)->100K(320K) NonClass: 96K(192K)->96K(192K) Class: 4K(128K)->4K(128K)
[2024-08-28T13:02:08.122+0000][info][gc          ] GC(493) Pause Young (Mixed) (G1 Evacuation Pause) 1407M->1206M(2048M) 17.792ms
[2024-08-28T13:02:08.123+0000][info][gc,cpu      ] GC(493) User=0.70s Sys=0.11s Real=0.02s
[2024-08-28T13:02:08.175+0000][info][gc,start    ] GC(494) Pause Young (Mixed) (G1 Evacuation Pause)
[2024-08-28T13:02:08.175+0000][info][gc,task     ] GC(494) Using 49 workers of 68 for evacuation
[2024-08-28T13:02:08.193+0000][info][gc,phases   ] GC(494)   Pre Evacuate Collection Set: 0.4ms
[2024-08-28T13:02:08.193+0000][info][gc,phases   ] GC(494)   Merge Heap Roots: 0.8ms
[2024-08-28T13:02:08.193+0000][info][gc,phases   ] GC(494)   Evacuate Collection Set: 15.8ms
[2024-08-28T13:02:08.193+0000][info][gc,phases   ] GC(494)   Post Evacuate Collection Set: 0.6ms
[2024-08-28T13:02:08.193+0000][info][gc,phases   ] GC(494)   Other: 0.2ms
[2024-08-28T13:02:08.193+0000][info][gc,heap     ] GC(494) Eden regions: 89->0(89)
[2024-08-28T13:02:08.193+0000][info][gc,heap     ] GC(494) Survivor regions: 13->13(13)
[2024-08-28T13:02:08.193+0000][info][gc,heap     ] GC(494) Old regions: 1188->1077
[2024-08-28T13:02:08.193+0000][info][gc,heap     ] GC(494) Archive regions: 2->2
[2024-08-28T13:02:08.193+0000][info][gc,heap     ] GC(494) Humongous regions: 5->5
[2024-08-28T13:02:08.193+0000][info][gc,metaspace] GC(494) Metaspace: 100K(320K)->100K(320K) NonClass: 96K(192K)->96K(192K) Class: 4K(128K)->4K(128K)
[2024-08-28T13:02:08.193+0000][info][gc          ] GC(494) Pause Young (Mixed) (G1 Evacuation Pause) 1295M->1095M(2048M) 17.963ms
[2024-08-28T13:02:08.193+0000][info][gc,cpu      ] GC(494) User=0.81s Sys=0.01s Real=0.02s
[2024-08-28T13:02:08.246+0000][info][gc,start    ] GC(495) Pause Young (Mixed) (G1 Evacuation Pause)
[2024-08-28T13:02:08.246+0000][info][gc,task     ] GC(495) Using 49 workers of 68 for evacuation
[2024-08-28T13:02:08.265+0000][info][gc,phases   ] GC(495)   Pre Evacuate Collection Set: 0.4ms
[2024-08-28T13:02:08.265+0000][info][gc,phases   ] GC(495)   Merge Heap Roots: 0.8ms
[2024-08-28T13:02:08.265+0000][info][gc,phases   ] GC(495)   Evacuate Collection Set: 16.8ms
[2024-08-28T13:02:08.265+0000][info][gc,phases   ] GC(495)   Post Evacuate Collection Set: 0.7ms
[2024-08-28T13:02:08.265+0000][info][gc,phases   ] GC(495)   Other: 0.2ms
[2024-08-28T13:02:08.265+0000][info][gc,heap     ] GC(495) Eden regions: 89->0(264)
[2024-08-28T13:02:08.265+0000][info][gc,heap     ] GC(495) Survivor regions: 13->13(13)
[2024-08-28T13:02:08.265+0000][info][gc,heap     ] GC(495) Old regions: 1077->1002
[2024-08-28T13:02:08.265+0000][info][gc,heap     ] GC(495) Archive regions: 2->2
[2024-08-28T13:02:08.265+0000][info][gc,heap     ] GC(495) Humongous regions: 5->5
[2024-08-28T13:02:08.265+0000][info][gc,metaspace] GC(495) Metaspace: 100K(320K)->100K(320K) NonClass: 96K(192K)->96K(192K) Class: 4K(128K)->4K(128K)
[2024-08-28T13:02:08.265+0000][info][gc          ] GC(495) Pause Young (Mixed) (G1 Evacuation Pause) 1184M->1020M(2048M) 19.014ms
[2024-08-28T13:02:08.265+0000][info][gc,cpu      ] GC(495) User=0.85s Sys=0.01s Real=0.02s
[2024-08-28T13:02:08.421+0000][info][gc,start    ] GC(496) Pause Young (Normal) (G1 Evacuation Pause)
[2024-08-28T13:02:08.422+0000][info][gc,task     ] GC(496) Using 49 workers of 68 for evacuation
[2024-08-28T13:02:08.458+0000][info][gc,phases   ] GC(496)   Pre Evacuate Collection Set: 0.3ms
[2024-08-28T13:02:08.458+0000][info][gc,phases   ] GC(496)   Merge Heap Roots: 0.9ms
[2024-08-28T13:02:08.458+0000][info][gc,phases   ] GC(496)   Evacuate Collection Set: 34.3ms
[2024-08-28T13:02:08.458+0000][info][gc,phases   ] GC(496)   Post Evacuate Collection Set: 0.8ms
[2024-08-28T13:02:08.458+0000][info][gc,phases   ] GC(496)   Other: 0.3ms
[2024-08-28T13:02:08.458+0000][info][gc,heap     ] GC(496) Eden regions: 264->0(180)
[2024-08-28T13:02:08.458+0000][info][gc,heap     ] GC(496) Survivor regions: 13->35(35)
[2024-08-28T13:02:08.458+0000][info][gc,heap     ] GC(496) Old regions: 1002->1238
[2024-08-28T13:02:08.458+0000][info][gc,heap     ] GC(496) Archive regions: 2->2
[2024-08-28T13:02:08.458+0000][info][gc,heap     ] GC(496) Humongous regions: 5->5
[2024-08-28T13:02:08.458+0000][info][gc,metaspace] GC(496) Metaspace: 100K(320K)->100K(320K) NonClass: 96K(192K)->96K(192K) Class: 4K(128K)->4K(128K)
[2024-08-28T13:02:08.458+0000][info][gc          ] GC(496) Pause Young (Normal) (G1 Evacuation Pause) 1284M->1278M(2048M) 36.659ms
[2024-08-28T13:02:08.458+0000][info][gc,cpu      ] GC(496) User=1.63s Sys=0.09s Real=0.04s
[2024-08-28T13:02:08.564+0000][info][gc,start    ] GC(497) Pause Young (Normal) (G1 Evacuation Pause)
[2024-08-28T13:02:08.565+0000][info][gc,task     ] GC(497) Using 49 workers of 68 for evacuation
[2024-08-28T13:02:08.594+0000][info][gc,phases   ] GC(497)   Pre Evacuate Collection Set: 0.3ms
[2024-08-28T13:02:08.594+0000][info][gc,phases   ] GC(497)   Merge Heap Roots: 0.6ms
[2024-08-28T13:02:08.594+0000][info][gc,phases   ] GC(497)   Evacuate Collection Set: 28.1ms
[2024-08-28T13:02:08.594+0000][info][gc,phases   ] GC(497)   Post Evacuate Collection Set: 0.6ms
[2024-08-28T13:02:08.594+0000][info][gc,phases   ] GC(497)   Other: 0.2ms
[2024-08-28T13:02:08.594+0000][info][gc,heap     ] GC(497) Eden regions: 180->0(121)
[2024-08-28T13:02:08.594+0000][info][gc,heap     ] GC(497) Survivor regions: 35->27(27)
[2024-08-28T13:02:08.594+0000][info][gc,heap     ] GC(497) Old regions: 1238->1430
[2024-08-28T13:02:08.594+0000][info][gc,heap     ] GC(497) Archive regions: 2->2
[2024-08-28T13:02:08.594+0000][info][gc,heap     ] GC(497) Humongous regions: 5->5
[2024-08-28T13:02:08.594+0000][info][gc,metaspace] GC(497) Metaspace: 100K(320K)->100K(320K) NonClass: 96K(192K)->96K(192K) Class: 4K(128K)->4K(128K)
[2024-08-28T13:02:08.594+0000][info][gc          ] GC(497) Pause Young (Normal) (G1 Evacuation Pause) 1458M->1462M(2048M) 29.967ms
[2024-08-28T13:02:08.594+0000][info][gc,cpu      ] GC(497) User=1.39s Sys=0.01s Real=0.03s
[2024-08-28T13:02:08.665+0000][info][gc,start    ] GC(498) Pause Young (Concurrent Start) (G1 Evacuation Pause)
[2024-08-28T13:02:08.665+0000][info][gc,task     ] GC(498) Using 49 workers of 68 for evacuation
[2024-08-28T13:02:08.691+0000][info][gc,phases   ] GC(498)   Pre Evacuate Collection Set: 0.3ms
[2024-08-28T13:02:08.691+0000][info][gc,phases   ] GC(498)   Merge Heap Roots: 1.0ms
[2024-08-28T13:02:08.691+0000][info][gc,phases   ] GC(498)   Evacuate Collection Set: 23.5ms
[2024-08-28T13:02:08.691+0000][info][gc,phases   ] GC(498)   Post Evacuate Collection Set: 0.6ms
[2024-08-28T13:02:08.691+0000][info][gc,phases   ] GC(498)   Other: 0.7ms
[2024-08-28T13:02:08.691+0000][info][gc,heap     ] GC(498) Eden regions: 121->0(83)
[2024-08-28T13:02:08.691+0000][info][gc,heap     ] GC(498) Survivor regions: 27->19(19)
[2024-08-28T13:02:08.691+0000][info][gc,heap     ] GC(498) Old regions: 1430->1565
[2024-08-28T13:02:08.691+0000][info][gc,heap     ] GC(498) Archive regions: 2->2
[2024-08-28T13:02:08.691+0000][info][gc,heap     ] GC(498) Humongous regions: 5->5
[2024-08-28T13:02:08.691+0000][info][gc,metaspace] GC(498) Metaspace: 100K(320K)->100K(320K) NonClass: 96K(192K)->96K(192K) Class: 4K(128K)->4K(128K)
[2024-08-28T13:02:08.691+0000][info][gc          ] GC(498) Pause Young (Concurrent Start) (G1 Evacuation Pause) 1583M->1589M(2048M) 26.136ms
[2024-08-28T13:02:08.691+0000][info][gc,cpu      ] GC(498) User=1.17s Sys=0.00s Real=0.03s
[2024-08-28T13:02:08.691+0000][info][gc          ] GC(499) Concurrent Mark Cycle
[2024-08-28T13:02:08.691+0000][info][gc,marking  ] GC(499) Concurrent Clear Claimed Marks
[2024-08-28T13:02:08.691+0000][info][gc,marking  ] GC(499) Concurrent Clear Claimed Marks 0.010ms
[2024-08-28T13:02:08.691+0000][info][gc,marking  ] GC(499) Concurrent Scan Root Regions
[2024-08-28T13:02:08.695+0000][info][gc,marking  ] GC(499) Concurrent Scan Root Regions 4.126ms
[2024-08-28T13:02:08.695+0000][info][gc,marking  ] GC(499) Concurrent Mark
[2024-08-28T13:02:08.695+0000][info][gc,marking  ] GC(499) Concurrent Mark From Roots
[2024-08-28T13:02:08.695+0000][info][gc,task     ] GC(499) Using 17 workers of 17 for marking
[2024-08-28T13:02:08.717+0000][info][gc,marking  ] GC(499) Concurrent Mark From Roots 21.389ms
[2024-08-28T13:02:08.717+0000][info][gc,marking  ] GC(499) Concurrent Preclean
[2024-08-28T13:02:08.717+0000][info][gc,marking  ] GC(499) Concurrent Preclean 0.496ms
[2024-08-28T13:02:08.718+0000][info][gc,start    ] GC(499) Pause Remark
[2024-08-28T13:02:08.720+0000][info][gc          ] GC(499) Pause Remark 1612M->1361M(2048M) 2.029ms
[2024-08-28T13:02:08.720+0000][info][gc,cpu      ] GC(499) User=0.02s Sys=0.00s Real=0.00s
[2024-08-28T13:02:08.720+0000][info][gc,marking  ] GC(499) Concurrent Mark 24.296ms
[2024-08-28T13:02:08.720+0000][info][gc,marking  ] GC(499) Concurrent Rebuild Remembered Sets
[2024-08-28T13:02:08.770+0000][info][gc,marking  ] GC(499) Concurrent Rebuild Remembered Sets 50.586ms
[2024-08-28T13:02:08.771+0000][info][gc,start    ] GC(499) Pause Cleanup
[2024-08-28T13:02:08.774+0000][info][gc          ] GC(499) Pause Cleanup 1419M->1419M(2048M) 3.269ms
[2024-08-28T13:02:08.774+0000][info][gc,cpu      ] GC(499) User=0.01s Sys=0.00s Real=0.00s
[2024-08-28T13:02:08.774+0000][info][gc,marking  ] GC(499) Concurrent Cleanup for Next Mark
[2024-08-28T13:02:08.776+0000][info][gc,marking  ] GC(499) Concurrent Cleanup for Next Mark 1.484ms
[2024-08-28T13:02:08.776+0000][info][gc          ] GC(499) Concurrent Mark Cycle 84.431ms
[2024-08-28T13:02:08.777+0000][info][gc,start    ] GC(500) Pause Young (Prepare Mixed) (G1 Evacuation Pause)
[2024-08-28T13:02:08.777+0000][info][gc,task     ] GC(500) Using 49 workers of 68 for evacuation
[2024-08-28T13:02:08.794+0000][info][gc,phases   ] GC(500)   Pre Evacuate Collection Set: 0.3ms
[2024-08-28T13:02:08.794+0000][info][gc,phases   ] GC(500)   Merge Heap Roots: 0.9ms
[2024-08-28T13:02:08.794+0000][info][gc,phases   ] GC(500)   Evacuate Collection Set: 15.7ms
[2024-08-28T13:02:08.794+0000][info][gc,phases   ] GC(500)   Post Evacuate Collection Set: 0.5ms
[2024-08-28T13:02:08.794+0000][info][gc,phases   ] GC(500)   Other: 0.2ms
[2024-08-28T13:02:08.794+0000][info][gc,heap     ] GC(500) Eden regions: 83->0(89)
[2024-08-28T13:02:08.794+0000][info][gc,heap     ] GC(500) Survivor regions: 19->13(13)
[2024-08-28T13:02:08.794+0000][info][gc,heap     ] GC(500) Old regions: 1314->1411
[2024-08-28T13:02:08.794+0000][info][gc,heap     ] GC(500) Archive regions: 2->2
[2024-08-28T13:02:08.794+0000][info][gc,heap     ] GC(500) Humongous regions: 5->5
[2024-08-28T13:02:08.794+0000][info][gc,metaspace] GC(500) Metaspace: 100K(320K)->100K(320K) NonClass: 96K(192K)->96K(192K) Class: 4K(128K)->4K(128K)
[2024-08-28T13:02:08.794+0000][info][gc          ] GC(500) Pause Young (Prepare Mixed) (G1 Evacuation Pause) 1421M->1429M(2048M) 17.628ms
[2024-08-28T13:02:08.794+0000][info][gc,cpu      ] GC(500) User=0.79s Sys=0.01s Real=0.02s
[2024-08-28T13:02:08.846+0000][info][gc,start    ] GC(501) Pause Young (Mixed) (G1 Evacuation Pause)
[2024-08-28T13:02:08.847+0000][info][gc,task     ] GC(501) Using 49 workers of 68 for evacuation
[2024-08-28T13:02:08.864+0000][info][gc,phases   ] GC(501)   Pre Evacuate Collection Set: 0.4ms
[2024-08-28T13:02:08.864+0000][info][gc,phases   ] GC(501)   Merge Heap Roots: 0.5ms
[2024-08-28T13:02:08.864+0000][info][gc,phases   ] GC(501)   Evacuate Collection Set: 15.7ms
[2024-08-28T13:02:08.864+0000][info][gc,phases   ] GC(501)   Post Evacuate Collection Set: 0.6ms
[2024-08-28T13:02:08.864+0000][info][gc,phases   ] GC(501)   Other: 0.2ms
[2024-08-28T13:02:08.864+0000][info][gc,heap     ] GC(501) Eden regions: 89->0(89)
[2024-08-28T13:02:08.864+0000][info][gc,heap     ] GC(501) Survivor regions: 13->13(13)
[2024-08-28T13:02:08.864+0000][info][gc,heap     ] GC(501) Old regions: 1411->1300
[2024-08-28T13:02:08.864+0000][info][gc,heap     ] GC(501) Archive regions: 2->2
[2024-08-28T13:02:08.864+0000][info][gc,heap     ] GC(501) Humongous regions: 5->5
[2024-08-28T13:02:08.864+0000][info][gc,metaspace] GC(501) Metaspace: 100K(320K)->100K(320K) NonClass: 96K(192K)->96K(192K) Class: 4K(128K)->4K(128K)
[2024-08-28T13:02:08.864+0000][info][gc          ] GC(501) Pause Young (Mixed) (G1 Evacuation Pause) 1518M->1318M(2048M) 17.499ms
[2024-08-28T13:02:08.864+0000][info][gc,cpu      ] GC(501) User=0.79s Sys=0.00s Real=0.02s
[2024-08-28T13:02:08.916+0000][info][gc,start    ] GC(502) Pause Young (Mixed) (G1 Evacuation Pause)
[2024-08-28T13:02:08.916+0000][info][gc,task     ] GC(502) Using 49 workers of 68 for evacuation
[2024-08-28T13:02:08.934+0000][info][gc,phases   ] GC(502)   Pre Evacuate Collection Set: 0.4ms
[2024-08-28T13:02:08.934+0000][info][gc,phases   ] GC(502)   Merge Heap Roots: 0.7ms
[2024-08-28T13:02:08.934+0000][info][gc,phases   ] GC(502)   Evacuate Collection Set: 16.1ms
[2024-08-28T13:02:08.934+0000][info][gc,phases   ] GC(502)   Post Evacuate Collection Set: 0.6ms
[2024-08-28T13:02:08.934+0000][info][gc,phases   ] GC(502)   Other: 0.3ms
[2024-08-28T13:02:08.934+0000][info][gc,heap     ] GC(502) Eden regions: 89->0(89)
[2024-08-28T13:02:08.934+0000][info][gc,heap     ] GC(502) Survivor regions: 13->13(13)
[2024-08-28T13:02:08.934+0000][info][gc,heap     ] GC(502) Old regions: 1300->1188
[2024-08-28T13:02:08.934+0000][info][gc,heap     ] GC(502) Archive regions: 2->2
[2024-08-28T13:02:08.934+0000][info][gc,heap     ] GC(502) Humongous regions: 5->5
[2024-08-28T13:02:08.934+0000][info][gc,metaspace] GC(502) Metaspace: 100K(320K)->100K(320K) NonClass: 96K(192K)->96K(192K) Class: 4K(128K)->4K(128K)
[2024-08-28T13:02:08.934+0000][info][gc          ] GC(502) Pause Young (Mixed) (G1 Evacuation Pause) 1407M->1206M(2048M) 18.154ms
[2024-08-28T13:02:08.934+0000][info][gc,cpu      ] GC(502) User=0.81s Sys=0.00s Real=0.02s
[2024-08-28T13:02:08.985+0000][info][gc,start    ] GC(503) Pause Young (Mixed) (G1 Evacuation Pause)
[2024-08-28T13:02:08.985+0000][info][gc,task     ] GC(503) Using 49 workers of 68 for evacuation
[2024-08-28T13:02:09.004+0000][info][gc,phases   ] GC(503)   Pre Evacuate Collection Set: 0.4ms
[2024-08-28T13:02:09.004+0000][info][gc,phases   ] GC(503)   Merge Heap Roots: 0.5ms
[2024-08-28T13:02:09.004+0000][info][gc,phases   ] GC(503)   Evacuate Collection Set: 16.4ms
[2024-08-28T13:02:09.004+0000][info][gc,phases   ] GC(503)   Post Evacuate Collection Set: 0.6ms
[2024-08-28T13:02:09.004+0000][info][gc,phases   ] GC(503)   Other: 0.3ms
[2024-08-28T13:02:09.004+0000][info][gc,heap     ] GC(503) Eden regions: 89->0(89)
[2024-08-28T13:02:09.004+0000][info][gc,heap     ] GC(503) Survivor regions: 13->13(13)
[2024-08-28T13:02:09.004+0000][info][gc,heap     ] GC(503) Old regions: 1188->1077
[2024-08-28T13:02:09.004+0000][info][gc,heap     ] GC(503) Archive regions: 2->2
[2024-08-28T13:02:09.004+0000][info][gc,heap     ] GC(503) Humongous regions: 5->5
[2024-08-28T13:02:09.004+0000][info][gc,metaspace] GC(503) Metaspace: 100K(320K)->100K(320K) NonClass: 96K(192K)->96K(192K) Class: 4K(128K)->4K(128K)
[2024-08-28T13:02:09.004+0000][info][gc          ] GC(503) Pause Young (Mixed) (G1 Evacuation Pause) 1295M->1095M(2048M) 18.246ms
[2024-08-28T13:02:09.004+0000][info][gc,cpu      ] GC(503) User=0.81s Sys=0.01s Real=0.02s
[2024-08-28T13:02:09.060+0000][info][gc,start    ] GC(504) Pause Young (Mixed) (G1 Evacuation Pause)
[2024-08-28T13:02:09.060+0000][info][gc,task     ] GC(504) Using 49 workers of 68 for evacuation
[2024-08-28T13:02:09.080+0000][info][gc,phases   ] GC(504)   Pre Evacuate Collection Set: 0.4ms
[2024-08-28T13:02:09.080+0000][info][gc,phases   ] GC(504)   Merge Heap Roots: 0.8ms
[2024-08-28T13:02:09.080+0000][info][gc,phases   ] GC(504)   Evacuate Collection Set: 17.7ms
[2024-08-28T13:02:09.080+0000][info][gc,phases   ] GC(504)   Post Evacuate Collection Set: 0.6ms
[2024-08-28T13:02:09.080+0000][info][gc,phases   ] GC(504)   Other: 0.3ms
[2024-08-28T13:02:09.080+0000][info][gc,heap     ] GC(504) Eden regions: 89->0(264)
[2024-08-28T13:02:09.080+0000][info][gc,heap     ] GC(504) Survivor regions: 13->13(13)
[2024-08-28T13:02:09.080+0000][info][gc,heap     ] GC(504) Old regions: 1077->1000
[2024-08-28T13:02:09.080+0000][info][gc,heap     ] GC(504) Archive regions: 2->2
[2024-08-28T13:02:09.080+0000][info][gc,heap     ] GC(504) Humongous regions: 5->5
[2024-08-28T13:02:09.080+0000][info][gc,metaspace] GC(504) Metaspace: 100K(320K)->100K(320K) NonClass: 96K(192K)->96K(192K) Class: 4K(128K)->4K(128K)
[2024-08-28T13:02:09.080+0000][info][gc          ] GC(504) Pause Young (Mixed) (G1 Evacuation Pause) 1184M->1018M(2048M) 19.928ms
[2024-08-28T13:02:09.080+0000][info][gc,cpu      ] GC(504) User=0.91s Sys=0.00s Real=0.02s
[2024-08-28T13:02:09.241+0000][info][gc,start    ] GC(505) Pause Young (Normal) (G1 Evacuation Pause)
[2024-08-28T13:02:09.241+0000][info][gc,task     ] GC(505) Using 49 workers of 68 for evacuation
[2024-08-28T13:02:09.279+0000][info][gc,phases   ] GC(505)   Pre Evacuate Collection Set: 0.3ms
[2024-08-28T13:02:09.279+0000][info][gc,phases   ] GC(505)   Merge Heap Roots: 1.0ms
[2024-08-28T13:02:09.279+0000][info][gc,phases   ] GC(505)   Evacuate Collection Set: 35.3ms
[2024-08-28T13:02:09.279+0000][info][gc,phases   ] GC(505)   Post Evacuate Collection Set: 0.8ms
[2024-08-28T13:02:09.279+0000][info][gc,phases   ] GC(505)   Other: 0.2ms
[2024-08-28T13:02:09.279+0000][info][gc,heap     ] GC(505) Eden regions: 264->0(182)
[2024-08-28T13:02:09.279+0000][info][gc,heap     ] GC(505) Survivor regions: 13->35(35)
[2024-08-28T13:02:09.279+0000][info][gc,heap     ] GC(505) Old regions: 1000->1234
[2024-08-28T13:02:09.279+0000][info][gc,heap     ] GC(505) Archive regions: 2->2
[2024-08-28T13:02:09.279+0000][info][gc,heap     ] GC(505) Humongous regions: 5->5
[2024-08-28T13:02:09.279+0000][info][gc,metaspace] GC(505) Metaspace: 100K(320K)->100K(320K) NonClass: 96K(192K)->96K(192K) Class: 4K(128K)->4K(128K)
[2024-08-28T13:02:09.279+0000][info][gc          ] GC(505) Pause Young (Normal) (G1 Evacuation Pause) 1282M->1274M(2048M) 37.828ms
[2024-08-28T13:02:09.279+0000][info][gc,cpu      ] GC(505) User=1.72s Sys=0.03s Real=0.04s
[2024-08-28T13:02:09.391+0000][info][gc,start    ] GC(506) Pause Young (Normal) (G1 Evacuation Pause)
[2024-08-28T13:02:09.391+0000][info][gc,task     ] GC(506) Using 49 workers of 68 for evacuation
[2024-08-28T13:02:09.423+0000][info][gc,phases   ] GC(506)   Pre Evacuate Collection Set: 0.3ms
[2024-08-28T13:02:09.423+0000][info][gc,phases   ] GC(506)   Merge Heap Roots: 1.1ms
[2024-08-28T13:02:09.423+0000][info][gc,phases   ] GC(506)   Evacuate Collection Set: 30.1ms
[2024-08-28T13:02:09.423+0000][info][gc,phases   ] GC(506)   Post Evacuate Collection Set: 0.7ms
[2024-08-28T13:02:09.423+0000][info][gc,phases   ] GC(506)   Other: 0.2ms
[2024-08-28T13:02:09.423+0000][info][gc,heap     ] GC(506) Eden regions: 182->0(122)
[2024-08-28T13:02:09.423+0000][info][gc,heap     ] GC(506) Survivor regions: 35->28(28)
[2024-08-28T13:02:09.423+0000][info][gc,heap     ] GC(506) Old regions: 1234->1425
[2024-08-28T13:02:09.423+0000][info][gc,heap     ] GC(506) Archive regions: 2->2
[2024-08-28T13:02:09.423+0000][info][gc,heap     ] GC(506) Humongous regions: 5->5
[2024-08-28T13:02:09.423+0000][info][gc,metaspace] GC(506) Metaspace: 100K(320K)->100K(320K) NonClass: 96K(192K)->96K(192K) Class: 4K(128K)->4K(128K)
[2024-08-28T13:02:09.423+0000][info][gc          ] GC(506) Pause Young (Normal) (G1 Evacuation Pause) 1456M->1458M(2048M) 32.393ms
[2024-08-28T13:02:09.423+0000][info][gc,cpu      ] GC(506) User=1.52s Sys=0.00s Real=0.03s
[2024-08-28T13:02:09.499+0000][info][gc,start    ] GC(507) Pause Young (Concurrent Start) (G1 Evacuation Pause)
[2024-08-28T13:02:09.499+0000][info][gc,task     ] GC(507) Using 49 workers of 68 for evacuation
[2024-08-28T13:02:09.526+0000][info][gc,phases   ] GC(507)   Pre Evacuate Collection Set: 0.3ms
[2024-08-28T13:02:09.526+0000][info][gc,phases   ] GC(507)   Merge Heap Roots: 1.0ms
[2024-08-28T13:02:09.526+0000][info][gc,phases   ] GC(507)   Evacuate Collection Set: 24.8ms
[2024-08-28T13:02:09.526+0000][info][gc,phases   ] GC(507)   Post Evacuate Collection Set: 0.6ms
[2024-08-28T13:02:09.526+0000][info][gc,phases   ] GC(507)   Other: 0.7ms
[2024-08-28T13:02:09.526+0000][info][gc,heap     ] GC(507) Eden regions: 122->0(83)
[2024-08-28T13:02:09.526+0000][info][gc,heap     ] GC(507) Survivor regions: 28->19(19)
[2024-08-28T13:02:09.526+0000][info][gc,heap     ] GC(507) Old regions: 1425->1564
[2024-08-28T13:02:09.526+0000][info][gc,heap     ] GC(507) Archive regions: 2->2
[2024-08-28T13:02:09.526+0000][info][gc,heap     ] GC(507) Humongous regions: 5->5
[2024-08-28T13:02:09.526+0000][info][gc,metaspace] GC(507) Metaspace: 100K(320K)->100K(320K) NonClass: 96K(192K)->96K(192K) Class: 4K(128K)->4K(128K)
[2024-08-28T13:02:09.526+0000][info][gc          ] GC(507) Pause Young (Concurrent Start) (G1 Evacuation Pause) 1580M->1588M(2048M) 27.485ms
[2024-08-28T13:02:09.526+0000][info][gc,cpu      ] GC(507) User=1.24s Sys=0.01s Real=0.02s
[2024-08-28T13:02:09.526+0000][info][gc          ] GC(508) Concurrent Mark Cycle
[2024-08-28T13:02:09.526+0000][info][gc,marking  ] GC(508) Concurrent Clear Claimed Marks
[2024-08-28T13:02:09.526+0000][info][gc,marking  ] GC(508) Concurrent Clear Claimed Marks 0.010ms
[2024-08-28T13:02:09.526+0000][info][gc,marking  ] GC(508) Concurrent Scan Root Regions
[2024-08-28T13:02:09.531+0000][info][gc,marking  ] GC(508) Concurrent Scan Root Regions 4.419ms
[2024-08-28T13:02:09.531+0000][info][gc,marking  ] GC(508) Concurrent Mark
[2024-08-28T13:02:09.531+0000][info][gc,marking  ] GC(508) Concurrent Mark From Roots
[2024-08-28T13:02:09.531+0000][info][gc,task     ] GC(508) Using 17 workers of 17 for marking
[2024-08-28T13:02:09.553+0000][info][gc,marking  ] GC(508) Concurrent Mark From Roots 21.842ms
[2024-08-28T13:02:09.553+0000][info][gc,marking  ] GC(508) Concurrent Preclean
[2024-08-28T13:02:09.553+0000][info][gc,marking  ] GC(508) Concurrent Preclean 0.494ms
[2024-08-28T13:02:09.554+0000][info][gc,start    ] GC(508) Pause Remark
[2024-08-28T13:02:09.556+0000][info][gc          ] GC(508) Pause Remark 1610M->1359M(2048M) 1.938ms
[2024-08-28T13:02:09.556+0000][info][gc,cpu      ] GC(508) User=0.02s Sys=0.00s Real=0.00s
[2024-08-28T13:02:09.556+0000][info][gc,marking  ] GC(508) Concurrent Mark 24.740ms
[2024-08-28T13:02:09.556+0000][info][gc,marking  ] GC(508) Concurrent Rebuild Remembered Sets
[2024-08-28T13:02:09.605+0000][info][gc,marking  ] GC(508) Concurrent Rebuild Remembered Sets 48.830ms
[2024-08-28T13:02:09.605+0000][info][gc,start    ] GC(508) Pause Cleanup
[2024-08-28T13:02:09.608+0000][info][gc          ] GC(508) Pause Cleanup 1411M->1411M(2048M) 3.352ms
[2024-08-28T13:02:09.608+0000][info][gc,cpu      ] GC(508) User=0.01s Sys=0.00s Real=0.00s
[2024-08-28T13:02:09.608+0000][info][gc,marking  ] GC(508) Concurrent Cleanup for Next Mark
[2024-08-28T13:02:09.610+0000][info][gc,marking  ] GC(508) Concurrent Cleanup for Next Mark 1.668ms
[2024-08-28T13:02:09.610+0000][info][gc          ] GC(508) Concurrent Mark Cycle 83.685ms
[2024-08-28T13:02:09.617+0000][info][gc,start    ] GC(509) Pause Young (Prepare Mixed) (G1 Evacuation Pause)
[2024-08-28T13:02:09.617+0000][info][gc,task     ] GC(509) Using 49 workers of 68 for evacuation
[2024-08-28T13:02:09.635+0000][info][gc,phases   ] GC(509)   Pre Evacuate Collection Set: 0.3ms
[2024-08-28T13:02:09.635+0000][info][gc,phases   ] GC(509)   Merge Heap Roots: 0.5ms
[2024-08-28T13:02:09.635+0000][info][gc,phases   ] GC(509)   Evacuate Collection Set: 16.5ms
[2024-08-28T13:02:09.635+0000][info][gc,phases   ] GC(509)   Post Evacuate Collection Set: 0.5ms
[2024-08-28T13:02:09.635+0000][info][gc,phases   ] GC(509)   Other: 0.2ms
[2024-08-28T13:02:09.635+0000][info][gc,heap     ] GC(509) Eden regions: 83->0(89)
[2024-08-28T13:02:09.635+0000][info][gc,heap     ] GC(509) Survivor regions: 19->13(13)
[2024-08-28T13:02:09.635+0000][info][gc,heap     ] GC(509) Old regions: 1313->1411
[2024-08-28T13:02:09.635+0000][info][gc,heap     ] GC(509) Archive regions: 2->2
[2024-08-28T13:02:09.635+0000][info][gc,heap     ] GC(509) Humongous regions: 5->5
[2024-08-28T13:02:09.635+0000][info][gc,metaspace] GC(509) Metaspace: 100K(320K)->100K(320K) NonClass: 96K(192K)->96K(192K) Class: 4K(128K)->4K(128K)
[2024-08-28T13:02:09.635+0000][info][gc          ] GC(509) Pause Young (Prepare Mixed) (G1 Evacuation Pause) 1420M->1429M(2048M) 18.101ms
[2024-08-28T13:02:09.635+0000][info][gc,cpu      ] GC(509) User=0.82s Sys=0.02s Real=0.02s
[2024-08-28T13:02:09.690+0000][info][gc,start    ] GC(510) Pause Young (Mixed) (G1 Evacuation Pause)
[2024-08-28T13:02:09.690+0000][info][gc,task     ] GC(510) Using 49 workers of 68 for evacuation
[2024-08-28T13:02:09.711+0000][info][gc,phases   ] GC(510)   Pre Evacuate Collection Set: 0.6ms
[2024-08-28T13:02:09.711+0000][info][gc,phases   ] GC(510)   Merge Heap Roots: 0.6ms
[2024-08-28T13:02:09.711+0000][info][gc,phases   ] GC(510)   Evacuate Collection Set: 18.7ms
[2024-08-28T13:02:09.711+0000][info][gc,phases   ] GC(510)   Post Evacuate Collection Set: 0.8ms
[2024-08-28T13:02:09.711+0000][info][gc,phases   ] GC(510)   Other: 0.3ms
[2024-08-28T13:02:09.711+0000][info][gc,heap     ] GC(510) Eden regions: 89->0(89)
[2024-08-28T13:02:09.711+0000][info][gc,heap     ] GC(510) Survivor regions: 13->13(13)
[2024-08-28T13:02:09.711+0000][info][gc,heap     ] GC(510) Old regions: 1411->1301
[2024-08-28T13:02:09.711+0000][info][gc,heap     ] GC(510) Archive regions: 2->2
[2024-08-28T13:02:09.711+0000][info][gc,heap     ] GC(510) Humongous regions: 5->5
[2024-08-28T13:02:09.711+0000][info][gc,metaspace] GC(510) Metaspace: 100K(320K)->100K(320K) NonClass: 96K(192K)->96K(192K) Class: 4K(128K)->4K(128K)
[2024-08-28T13:02:09.711+0000][info][gc          ] GC(510) Pause Young (Mixed) (G1 Evacuation Pause) 1518M->1319M(2048M) 21.125ms
[2024-08-28T13:02:09.711+0000][info][gc,cpu      ] GC(510) User=0.79s Sys=0.00s Real=0.02s
[2024-08-28T13:02:09.768+0000][info][gc,start    ] GC(511) Pause Young (Mixed) (G1 Evacuation Pause)
[2024-08-28T13:02:09.768+0000][info][gc,task     ] GC(511) Using 49 workers of 68 for evacuation
[2024-08-28T13:02:09.786+0000][info][gc,phases   ] GC(511)   Pre Evacuate Collection Set: 0.5ms
[2024-08-28T13:02:09.786+0000][info][gc,phases   ] GC(511)   Merge Heap Roots: 0.5ms
[2024-08-28T13:02:09.786+0000][info][gc,phases   ] GC(511)   Evacuate Collection Set: 15.6ms
[2024-08-28T13:02:09.786+0000][info][gc,phases   ] GC(511)   Post Evacuate Collection Set: 0.8ms
[2024-08-28T13:02:09.786+0000][info][gc,phases   ] GC(511)   Other: 0.2ms
[2024-08-28T13:02:09.786+0000][info][gc,heap     ] GC(511) Eden regions: 89->0(89)
[2024-08-28T13:02:09.786+0000][info][gc,heap     ] GC(511) Survivor regions: 13->13(13)
[2024-08-28T13:02:09.786+0000][info][gc,heap     ] GC(511) Old regions: 1301->1190
[2024-08-28T13:02:09.786+0000][info][gc,heap     ] GC(511) Archive regions: 2->2
[2024-08-28T13:02:09.786+0000][info][gc,heap     ] GC(511) Humongous regions: 5->5
[2024-08-28T13:02:09.786+0000][info][gc,metaspace] GC(511) Metaspace: 100K(320K)->100K(320K) NonClass: 96K(192K)->96K(192K) Class: 4K(128K)->4K(128K)
[2024-08-28T13:02:09.786+0000][info][gc          ] GC(511) Pause Young (Mixed) (G1 Evacuation Pause) 1408M->1208M(2048M) 17.677ms
[2024-08-28T13:02:09.786+0000][info][gc,cpu      ] GC(511) User=0.78s Sys=0.01s Real=0.02s
[2024-08-28T13:02:09.840+0000][info][gc,start    ] GC(512) Pause Young (Mixed) (G1 Evacuation Pause)
[2024-08-28T13:02:09.840+0000][info][gc,task     ] GC(512) Using 49 workers of 68 for evacuation
[2024-08-28T13:02:09.858+0000][info][gc,phases   ] GC(512)   Pre Evacuate Collection Set: 0.4ms
[2024-08-28T13:02:09.858+0000][info][gc,phases   ] GC(512)   Merge Heap Roots: 0.5ms
[2024-08-28T13:02:09.858+0000][info][gc,phases   ] GC(512)   Evacuate Collection Set: 15.9ms
[2024-08-28T13:02:09.858+0000][info][gc,phases   ] GC(512)   Post Evacuate Collection Set: 0.7ms
[2024-08-28T13:02:09.858+0000][info][gc,phases   ] GC(512)   Other: 0.2ms
[2024-08-28T13:02:09.858+0000][info][gc,heap     ] GC(512) Eden regions: 89->0(89)
[2024-08-28T13:02:09.858+0000][info][gc,heap     ] GC(512) Survivor regions: 13->13(13)
[2024-08-28T13:02:09.858+0000][info][gc,heap     ] GC(512) Old regions: 1190->1078
[2024-08-28T13:02:09.858+0000][info][gc,heap     ] GC(512) Archive regions: 2->2
[2024-08-28T13:02:09.858+0000][info][gc,heap     ] GC(512) Humongous regions: 5->5
[2024-08-28T13:02:09.858+0000][info][gc,metaspace] GC(512) Metaspace: 100K(320K)->100K(320K) NonClass: 96K(192K)->96K(192K) Class: 4K(128K)->4K(128K)
[2024-08-28T13:02:09.858+0000][info][gc          ] GC(512) Pause Young (Mixed) (G1 Evacuation Pause) 1297M->1096M(2048M) 17.854ms
[2024-08-28T13:02:09.858+0000][info][gc,cpu      ] GC(512) User=0.81s Sys=0.00s Real=0.02s
[2024-08-28T13:02:09.912+0000][info][gc,start    ] GC(513) Pause Young (Mixed) (G1 Evacuation Pause)
[2024-08-28T13:02:09.912+0000][info][gc,task     ] GC(513) Using 49 workers of 68 for evacuation
[2024-08-28T13:02:09.931+0000][info][gc,phases   ] GC(513)   Pre Evacuate Collection Set: 0.3ms
[2024-08-28T13:02:09.931+0000][info][gc,phases   ] GC(513)   Merge Heap Roots: 0.5ms
[2024-08-28T13:02:09.931+0000][info][gc,phases   ] GC(513)   Evacuate Collection Set: 16.9ms
[2024-08-28T13:02:09.931+0000][info][gc,phases   ] GC(513)   Post Evacuate Collection Set: 0.6ms
[2024-08-28T13:02:09.931+0000][info][gc,phases   ] GC(513)   Other: 0.2ms
[2024-08-28T13:02:09.931+0000][info][gc,heap     ] GC(513) Eden regions: 89->0(262)
[2024-08-28T13:02:09.931+0000][info][gc,heap     ] GC(513) Survivor regions: 13->13(13)
[2024-08-28T13:02:09.931+0000][info][gc,heap     ] GC(513) Old regions: 1078->1006
[2024-08-28T13:02:09.931+0000][info][gc,heap     ] GC(513) Archive regions: 2->2
[2024-08-28T13:02:09.931+0000][info][gc,heap     ] GC(513) Humongous regions: 5->5
[2024-08-28T13:02:09.931+0000][info][gc,metaspace] GC(513) Metaspace: 100K(320K)->100K(320K) NonClass: 96K(192K)->96K(192K) Class: 4K(128K)->4K(128K)
[2024-08-28T13:02:09.931+0000][info][gc          ] GC(513) Pause Young (Mixed) (G1 Evacuation Pause) 1185M->1024M(2048M) 18.610ms
[2024-08-28T13:02:09.931+0000][info][gc,cpu      ] GC(513) User=0.85s Sys=0.00s Real=0.02s
[2024-08-28T13:02:10.086+0000][info][gc,start    ] GC(514) Pause Young (Normal) (G1 Evacuation Pause)
[2024-08-28T13:02:10.086+0000][info][gc,task     ] GC(514) Using 49 workers of 68 for evacuation
[2024-08-28T13:02:10.121+0000][info][gc,phases   ] GC(514)   Pre Evacuate Collection Set: 0.3ms
[2024-08-28T13:02:10.121+0000][info][gc,phases   ] GC(514)   Merge Heap Roots: 0.6ms
[2024-08-28T13:02:10.121+0000][info][gc,phases   ] GC(514)   Evacuate Collection Set: 33.6ms
[2024-08-28T13:02:10.121+0000][info][gc,phases   ] GC(514)   Post Evacuate Collection Set: 0.7ms
[2024-08-28T13:02:10.121+0000][info][gc,phases   ] GC(514)   Other: 0.2ms
[2024-08-28T13:02:10.121+0000][info][gc,heap     ] GC(514) Eden regions: 262->0(180)
[2024-08-28T13:02:10.121+0000][info][gc,heap     ] GC(514) Survivor regions: 13->35(35)
[2024-08-28T13:02:10.121+0000][info][gc,heap     ] GC(514) Old regions: 1006->1239
[2024-08-28T13:02:10.121+0000][info][gc,heap     ] GC(514) Archive regions: 2->2
[2024-08-28T13:02:10.121+0000][info][gc,heap     ] GC(514) Humongous regions: 5->5
[2024-08-28T13:02:10.121+0000][info][gc,metaspace] GC(514) Metaspace: 100K(320K)->100K(320K) NonClass: 96K(192K)->96K(192K) Class: 4K(128K)->4K(128K)
[2024-08-28T13:02:10.121+0000][info][gc          ] GC(514) Pause Young (Normal) (G1 Evacuation Pause) 1286M->1279M(2048M) 35.435ms
[2024-08-28T13:02:10.121+0000][info][gc,cpu      ] GC(514) User=1.64s Sys=0.02s Real=0.04s
[2024-08-28T13:02:10.232+0000][info][gc,start    ] GC(515) Pause Young (Normal) (G1 Evacuation Pause)
[2024-08-28T13:02:10.232+0000][info][gc,task     ] GC(515) Using 49 workers of 68 for evacuation
[2024-08-28T13:02:10.263+0000][info][gc,phases   ] GC(515)   Pre Evacuate Collection Set: 0.3ms
[2024-08-28T13:02:10.263+0000][info][gc,phases   ] GC(515)   Merge Heap Roots: 0.7ms
[2024-08-28T13:02:10.263+0000][info][gc,phases   ] GC(515)   Evacuate Collection Set: 29.6ms
[2024-08-28T13:02:10.263+0000][info][gc,phases   ] GC(515)   Post Evacuate Collection Set: 0.6ms
[2024-08-28T13:02:10.263+0000][info][gc,phases   ] GC(515)   Other: 0.2ms
[2024-08-28T13:02:10.263+0000][info][gc,heap     ] GC(515) Eden regions: 180->0(121)
[2024-08-28T13:02:10.263+0000][info][gc,heap     ] GC(515) Survivor regions: 35->27(27)
[2024-08-28T13:02:10.263+0000][info][gc,heap     ] GC(515) Old regions: 1239->1429
[2024-08-28T13:02:10.263+0000][info][gc,heap     ] GC(515) Archive regions: 2->2
[2024-08-28T13:02:10.263+0000][info][gc,heap     ] GC(515) Humongous regions: 5->5
[2024-08-28T13:02:10.263+0000][info][gc,metaspace] GC(515) Metaspace: 100K(320K)->100K(320K) NonClass: 96K(192K)->96K(192K) Class: 4K(128K)->4K(128K)
[2024-08-28T13:02:10.263+0000][info][gc          ] GC(515) Pause Young (Normal) (G1 Evacuation Pause) 1459M->1461M(2048M) 31.446ms
[2024-08-28T13:02:10.263+0000][info][gc,cpu      ] GC(515) User=1.47s Sys=0.00s Real=0.03s
[2024-08-28T13:02:10.335+0000][info][gc,start    ] GC(516) Pause Young (Concurrent Start) (G1 Evacuation Pause)
[2024-08-28T13:02:10.335+0000][info][gc,task     ] GC(516) Using 49 workers of 68 for evacuation
[2024-08-28T13:02:10.361+0000][info][gc,phases   ] GC(516)   Pre Evacuate Collection Set: 0.3ms
[2024-08-28T13:02:10.361+0000][info][gc,phases   ] GC(516)   Merge Heap Roots: 0.5ms
[2024-08-28T13:02:10.361+0000][info][gc,phases   ] GC(516)   Evacuate Collection Set: 23.5ms
[2024-08-28T13:02:10.361+0000][info][gc,phases   ] GC(516)   Post Evacuate Collection Set: 0.5ms
[2024-08-28T13:02:10.361+0000][info][gc,phases   ] GC(516)   Other: 0.7ms
[2024-08-28T13:02:10.361+0000][info][gc,heap     ] GC(516) Eden regions: 121->0(83)
[2024-08-28T13:02:10.361+0000][info][gc,heap     ] GC(516) Survivor regions: 27->19(19)
[2024-08-28T13:02:10.361+0000][info][gc,heap     ] GC(516) Old regions: 1429->1565
[2024-08-28T13:02:10.361+0000][info][gc,heap     ] GC(516) Archive regions: 2->2
[2024-08-28T13:02:10.361+0000][info][gc,heap     ] GC(516) Humongous regions: 5->5
[2024-08-28T13:02:10.361+0000][info][gc,metaspace] GC(516) Metaspace: 100K(320K)->100K(320K) NonClass: 96K(192K)->96K(192K) Class: 4K(128K)->4K(128K)
[2024-08-28T13:02:10.361+0000][info][gc          ] GC(516) Pause Young (Concurrent Start) (G1 Evacuation Pause) 1582M->1589M(2048M) 25.611ms
[2024-08-28T13:02:10.361+0000][info][gc,cpu      ] GC(516) User=1.16s Sys=0.00s Real=0.03s
[2024-08-28T13:02:10.361+0000][info][gc          ] GC(517) Concurrent Mark Cycle
[2024-08-28T13:02:10.361+0000][info][gc,marking  ] GC(517) Concurrent Clear Claimed Marks
[2024-08-28T13:02:10.361+0000][info][gc,marking  ] GC(517) Concurrent Clear Claimed Marks 0.011ms
[2024-08-28T13:02:10.361+0000][info][gc,marking  ] GC(517) Concurrent Scan Root Regions
[2024-08-28T13:02:10.365+0000][info][gc,marking  ] GC(517) Concurrent Scan Root Regions 4.327ms
[2024-08-28T13:02:10.365+0000][info][gc,marking  ] GC(517) Concurrent Mark
[2024-08-28T13:02:10.365+0000][info][gc,marking  ] GC(517) Concurrent Mark From Roots
[2024-08-28T13:02:10.365+0000][info][gc,task     ] GC(517) Using 17 workers of 17 for marking
[2024-08-28T13:02:10.386+0000][info][gc,marking  ] GC(517) Concurrent Mark From Roots 20.946ms
[2024-08-28T13:02:10.386+0000][info][gc,marking  ] GC(517) Concurrent Preclean
[2024-08-28T13:02:10.387+0000][info][gc,marking  ] GC(517) Concurrent Preclean 0.495ms
[2024-08-28T13:02:10.387+0000][info][gc,start    ] GC(517) Pause Remark
[2024-08-28T13:02:10.389+0000][info][gc          ] GC(517) Pause Remark 1610M->1358M(2048M) 2.137ms
[2024-08-28T13:02:10.389+0000][info][gc,cpu      ] GC(517) User=0.02s Sys=0.01s Real=0.00s
[2024-08-28T13:02:10.389+0000][info][gc,marking  ] GC(517) Concurrent Mark 23.944ms
[2024-08-28T13:02:10.389+0000][info][gc,marking  ] GC(517) Concurrent Rebuild Remembered Sets
[2024-08-28T13:02:10.439+0000][info][gc,marking  ] GC(517) Concurrent Rebuild Remembered Sets 49.459ms
[2024-08-28T13:02:10.439+0000][info][gc,start    ] GC(517) Pause Cleanup
[2024-08-28T13:02:10.443+0000][info][gc          ] GC(517) Pause Cleanup 1412M->1412M(2048M) 3.385ms
[2024-08-28T13:02:10.443+0000][info][gc,cpu      ] GC(517) User=0.01s Sys=0.00s Real=0.00s
[2024-08-28T13:02:10.443+0000][info][gc,marking  ] GC(517) Concurrent Cleanup for Next Mark
[2024-08-28T13:02:10.444+0000][info][gc,marking  ] GC(517) Concurrent Cleanup for Next Mark 1.609ms
[2024-08-28T13:02:10.444+0000][info][gc          ] GC(517) Concurrent Mark Cycle 83.436ms
[2024-08-28T13:02:10.450+0000][info][gc,start    ] GC(518) Pause Young (Prepare Mixed) (G1 Evacuation Pause)
[2024-08-28T13:02:10.450+0000][info][gc,task     ] GC(518) Using 49 workers of 68 for evacuation
[2024-08-28T13:02:10.468+0000][info][gc,phases   ] GC(518)   Pre Evacuate Collection Set: 0.3ms
[2024-08-28T13:02:10.468+0000][info][gc,phases   ] GC(518)   Merge Heap Roots: 0.6ms
[2024-08-28T13:02:10.468+0000][info][gc,phases   ] GC(518)   Evacuate Collection Set: 15.9ms
[2024-08-28T13:02:10.468+0000][info][gc,phases   ] GC(518)   Post Evacuate Collection Set: 0.6ms
[2024-08-28T13:02:10.468+0000][info][gc,phases   ] GC(518)   Other: 0.2ms
[2024-08-28T13:02:10.468+0000][info][gc,heap     ] GC(518) Eden regions: 83->0(89)
[2024-08-28T13:02:10.468+0000][info][gc,heap     ] GC(518) Survivor regions: 19->13(13)
[2024-08-28T13:02:10.468+0000][info][gc,heap     ] GC(518) Old regions: 1313->1411
[2024-08-28T13:02:10.468+0000][info][gc,heap     ] GC(518) Archive regions: 2->2
[2024-08-28T13:02:10.468+0000][info][gc,heap     ] GC(518) Humongous regions: 5->5
[2024-08-28T13:02:10.468+0000][info][gc,metaspace] GC(518) Metaspace: 100K(320K)->100K(320K) NonClass: 96K(192K)->96K(192K) Class: 4K(128K)->4K(128K)
[2024-08-28T13:02:10.468+0000][info][gc          ] GC(518) Pause Young (Prepare Mixed) (G1 Evacuation Pause) 1420M->1429M(2048M) 17.669ms
[2024-08-28T13:02:10.468+0000][info][gc,cpu      ] GC(518) User=0.80s Sys=0.00s Real=0.01s
[2024-08-28T13:02:10.521+0000][info][gc,start    ] GC(519) Pause Young (Mixed) (G1 Evacuation Pause)
[2024-08-28T13:02:10.521+0000][info][gc,task     ] GC(519) Using 49 workers of 68 for evacuation
[2024-08-28T13:02:10.539+0000][info][gc,phases   ] GC(519)   Pre Evacuate Collection Set: 0.4ms
[2024-08-28T13:02:10.539+0000][info][gc,phases   ] GC(519)   Merge Heap Roots: 0.8ms
[2024-08-28T13:02:10.539+0000][info][gc,phases   ] GC(519)   Evacuate Collection Set: 16.2ms
[2024-08-28T13:02:10.539+0000][info][gc,phases   ] GC(519)   Post Evacuate Collection Set: 0.6ms
[2024-08-28T13:02:10.539+0000][info][gc,phases   ] GC(519)   Other: 0.2ms
[2024-08-28T13:02:10.539+0000][info][gc,heap     ] GC(519) Eden regions: 89->0(89)
[2024-08-28T13:02:10.539+0000][info][gc,heap     ] GC(519) Survivor regions: 13->13(13)
[2024-08-28T13:02:10.539+0000][info][gc,heap     ] GC(519) Old regions: 1411->1300
[2024-08-28T13:02:10.539+0000][info][gc,heap     ] GC(519) Archive regions: 2->2
[2024-08-28T13:02:10.539+0000][info][gc,heap     ] GC(519) Humongous regions: 5->5
[2024-08-28T13:02:10.539+0000][info][gc,metaspace] GC(519) Metaspace: 100K(320K)->100K(320K) NonClass: 96K(192K)->96K(192K) Class: 4K(128K)->4K(128K)
[2024-08-28T13:02:10.539+0000][info][gc          ] GC(519) Pause Young (Mixed) (G1 Evacuation Pause) 1518M->1318M(2048M) 18.327ms
[2024-08-28T13:02:10.539+0000][info][gc,cpu      ] GC(519) User=0.83s Sys=0.00s Real=0.02s
[2024-08-28T13:02:10.595+0000][info][gc,start    ] GC(520) Pause Young (Mixed) (G1 Evacuation Pause)
[2024-08-28T13:02:10.595+0000][info][gc,task     ] GC(520) Using 49 workers of 68 for evacuation
[2024-08-28T13:02:10.613+0000][info][gc,phases   ] GC(520)   Pre Evacuate Collection Set: 0.4ms
[2024-08-28T13:02:10.613+0000][info][gc,phases   ] GC(520)   Merge Heap Roots: 0.7ms
[2024-08-28T13:02:10.613+0000][info][gc,phases   ] GC(520)   Evacuate Collection Set: 16.1ms
[2024-08-28T13:02:10.613+0000][info][gc,phases   ] GC(520)   Post Evacuate Collection Set: 0.7ms
[2024-08-28T13:02:10.613+0000][info][gc,phases   ] GC(520)   Other: 0.2ms
[2024-08-28T13:02:10.613+0000][info][gc,heap     ] GC(520) Eden regions: 89->0(89)
[2024-08-28T13:02:10.613+0000][info][gc,heap     ] GC(520) Survivor regions: 13->13(13)
[2024-08-28T13:02:10.613+0000][info][gc,heap     ] GC(520) Old regions: 1300->1189
[2024-08-28T13:02:10.613+0000][info][gc,heap     ] GC(520) Archive regions: 2->2
[2024-08-28T13:02:10.613+0000][info][gc,heap     ] GC(520) Humongous regions: 5->5
[2024-08-28T13:02:10.613+0000][info][gc,metaspace] GC(520) Metaspace: 100K(320K)->100K(320K) NonClass: 96K(192K)->96K(192K) Class: 4K(128K)->4K(128K)
[2024-08-28T13:02:10.613+0000][info][gc          ] GC(520) Pause Young (Mixed) (G1 Evacuation Pause) 1407M->1207M(2048M) 18.145ms
[2024-08-28T13:02:10.613+0000][info][gc,cpu      ] GC(520) User=0.81s Sys=0.00s Real=0.02s
[2024-08-28T13:02:10.668+0000][info][gc,start    ] GC(521) Pause Young (Mixed) (G1 Evacuation Pause)
[2024-08-28T13:02:10.668+0000][info][gc,task     ] GC(521) Using 49 workers of 68 for evacuation
[2024-08-28T13:02:10.686+0000][info][gc,phases   ] GC(521)   Pre Evacuate Collection Set: 0.4ms
[2024-08-28T13:02:10.686+0000][info][gc,phases   ] GC(521)   Merge Heap Roots: 0.7ms
[2024-08-28T13:02:10.686+0000][info][gc,phases   ] GC(521)   Evacuate Collection Set: 16.1ms
[2024-08-28T13:02:10.686+0000][info][gc,phases   ] GC(521)   Post Evacuate Collection Set: 0.7ms
[2024-08-28T13:02:10.686+0000][info][gc,phases   ] GC(521)   Other: 0.2ms
[2024-08-28T13:02:10.686+0000][info][gc,heap     ] GC(521) Eden regions: 89->0(89)
[2024-08-28T13:02:10.686+0000][info][gc,heap     ] GC(521) Survivor regions: 13->13(13)
[2024-08-28T13:02:10.686+0000][info][gc,heap     ] GC(521) Old regions: 1189->1076
[2024-08-28T13:02:10.686+0000][info][gc,heap     ] GC(521) Archive regions: 2->2
[2024-08-28T13:02:10.686+0000][info][gc,heap     ] GC(521) Humongous regions: 5->5
[2024-08-28T13:02:10.686+0000][info][gc,metaspace] GC(521) Metaspace: 100K(320K)->100K(320K) NonClass: 96K(192K)->96K(192K) Class: 4K(128K)->4K(128K)
[2024-08-28T13:02:10.686+0000][info][gc          ] GC(521) Pause Young (Mixed) (G1 Evacuation Pause) 1296M->1094M(2048M) 18.185ms
[2024-08-28T13:02:10.686+0000][info][gc,cpu      ] GC(521) User=0.82s Sys=0.00s Real=0.02s
[2024-08-28T13:02:10.743+0000][info][gc,start    ] GC(522) Pause Young (Mixed) (G1 Evacuation Pause)
[2024-08-28T13:02:10.743+0000][info][gc,task     ] GC(522) Using 49 workers of 68 for evacuation
[2024-08-28T13:02:10.762+0000][info][gc,phases   ] GC(522)   Pre Evacuate Collection Set: 0.4ms
[2024-08-28T13:02:10.762+0000][info][gc,phases   ] GC(522)   Merge Heap Roots: 0.7ms
[2024-08-28T13:02:10.762+0000][info][gc,phases   ] GC(522)   Evacuate Collection Set: 17.4ms
[2024-08-28T13:02:10.762+0000][info][gc,phases   ] GC(522)   Post Evacuate Collection Set: 0.7ms
[2024-08-28T13:02:10.762+0000][info][gc,phases   ] GC(522)   Other: 0.2ms
[2024-08-28T13:02:10.762+0000][info][gc,heap     ] GC(522) Eden regions: 89->0(264)
[2024-08-28T13:02:10.762+0000][info][gc,heap     ] GC(522) Survivor regions: 13->13(13)
[2024-08-28T13:02:10.762+0000][info][gc,heap     ] GC(522) Old regions: 1076->1001
[2024-08-28T13:02:10.762+0000][info][gc,heap     ] GC(522) Archive regions: 2->2
[2024-08-28T13:02:10.762+0000][info][gc,heap     ] GC(522) Humongous regions: 5->5
[2024-08-28T13:02:10.762+0000][info][gc,metaspace] GC(522) Metaspace: 100K(320K)->100K(320K) NonClass: 96K(192K)->96K(192K) Class: 4K(128K)->4K(128K)
[2024-08-28T13:02:10.762+0000][info][gc          ] GC(522) Pause Young (Mixed) (G1 Evacuation Pause) 1183M->1019M(2048M) 19.474ms
[2024-08-28T13:02:10.762+0000][info][gc,cpu      ] GC(522) User=0.87s Sys=0.02s Real=0.02s
[2024-08-28T13:02:10.922+0000][info][gc,start    ] GC(523) Pause Young (Normal) (G1 Evacuation Pause)
[2024-08-28T13:02:10.922+0000][info][gc,task     ] GC(523) Using 49 workers of 68 for evacuation
[2024-08-28T13:02:10.959+0000][info][gc,phases   ] GC(523)   Pre Evacuate Collection Set: 0.3ms
[2024-08-28T13:02:10.959+0000][info][gc,phases   ] GC(523)   Merge Heap Roots: 0.9ms
[2024-08-28T13:02:10.959+0000][info][gc,phases   ] GC(523)   Evacuate Collection Set: 34.2ms
[2024-08-28T13:02:10.959+0000][info][gc,phases   ] GC(523)   Post Evacuate Collection Set: 0.7ms
[2024-08-28T13:02:10.959+0000][info][gc,phases   ] GC(523)   Other: 0.2ms
[2024-08-28T13:02:10.959+0000][info][gc,heap     ] GC(523) Eden regions: 264->0(181)
[2024-08-28T13:02:10.959+0000][info][gc,heap     ] GC(523) Survivor regions: 13->35(35)
[2024-08-28T13:02:10.959+0000][info][gc,heap     ] GC(523) Old regions: 1001->1237
[2024-08-28T13:02:10.959+0000][info][gc,heap     ] GC(523) Archive regions: 2->2
[2024-08-28T13:02:10.959+0000][info][gc,heap     ] GC(523) Humongous regions: 5->5
[2024-08-28T13:02:10.959+0000][info][gc,metaspace] GC(523) Metaspace: 100K(320K)->100K(320K) NonClass: 96K(192K)->96K(192K) Class: 4K(128K)->4K(128K)
[2024-08-28T13:02:10.959+0000][info][gc          ] GC(523) Pause Young (Normal) (G1 Evacuation Pause) 1283M->1277M(2048M) 36.363ms
[2024-08-28T13:02:10.959+0000][info][gc,cpu      ] GC(523) User=1.58s Sys=0.11s Real=0.04s
[2024-08-28T13:02:11.072+0000][info][gc,heap,exit] Heap
[2024-08-28T13:02:11.072+0000][info][gc,heap,exit]  garbage-first heap   total 2097152K, used 1477602K [0x0000000080000000, 0x0000000100000000)
[2024-08-28T13:02:11.072+0000][info][gc,heap,exit]   region size 1024K, 201 young (205824K), 35 survivors (35840K)
[2024-08-28T13:02:11.072+0000][info][gc,heap,exit]  Metaspace       used 202K, committed 384K, reserved 1114112K
[2024-08-28T13:02:11.072+0000][info][gc,heap,exit]   class space    used 7K, committed 128K, reserved 1048576K
