[2024-08-27T14:57:12.624+0000][info][gc] Using G1
[2024-08-27T14:57:12.641+0000][info][gc,init] Version: 17.0.7+7-Ubuntu-0ubuntu118.04 (release)
[2024-08-27T14:57:12.641+0000][info][gc,init] CPUs: 104 total, 104 available
[2024-08-27T14:57:12.641+0000][info][gc,init] Memory: 251G
[2024-08-27T14:57:12.641+0000][info][gc,init] Large Page Support: Disabled
[2024-08-27T14:57:12.641+0000][info][gc,init] NUMA Support: Disabled
[2024-08-27T14:57:12.641+0000][info][gc,init] Compressed Oops: Enabled (32-bit)
[2024-08-27T14:57:12.641+0000][info][gc,init] Heap Region Size: 1M
[2024-08-27T14:57:12.641+0000][info][gc,init] Heap Min Capacity: 8M
[2024-08-27T14:57:12.641+0000][info][gc,init] Heap Initial Capacity: 1G
[2024-08-27T14:57:12.641+0000][info][gc,init] Heap Max Capacity: 1G
[2024-08-27T14:57:12.641+0000][info][gc,init] Pre-touch: Disabled
[2024-08-27T14:57:12.641+0000][info][gc,init] Parallel Workers: 68
[2024-08-27T14:57:12.641+0000][info][gc,init] Concurrent Workers: 17
[2024-08-27T14:57:12.641+0000][info][gc,init] Concurrent Refinement Workers: 68
[2024-08-27T14:57:12.641+0000][info][gc,init] Periodic GC: Disabled
[2024-08-27T14:57:12.641+0000][info][gc,metaspace] CDS archive(s) mapped at: [0x0000000800000000-0x0000000800be2000-0x0000000800be2000), size 12460032, SharedBaseAddress: 0x0000000800000000, ArchiveRelocationMode: 0.
[2024-08-27T14:57:12.641+0000][info][gc,metaspace] Compressed class space mapped at: 0x0000000801000000-0x0000000841000000, reserved size: 1073741824
[2024-08-27T14:57:12.641+0000][info][gc,metaspace] Narrow klass base: 0x0000000800000000, Narrow klass shift: 0, Narrow klass range: 0x100000000
[2024-08-27T14:57:12.728+0000][info][gc,start    ] GC(0) Pause Young (Normal) (G1 Evacuation Pause)
[2024-08-27T14:57:12.732+0000][info][gc,task     ] GC(0) Using 24 workers of 68 for evacuation
[2024-08-27T14:57:12.743+0000][info][gc,phases   ] GC(0)   Pre Evacuate Collection Set: 0.3ms
[2024-08-27T14:57:12.743+0000][info][gc,phases   ] GC(0)   Merge Heap Roots: 0.1ms
[2024-08-27T14:57:12.743+0000][info][gc,phases   ] GC(0)   Evacuate Collection Set: 9.8ms
[2024-08-27T14:57:12.743+0000][info][gc,phases   ] GC(0)   Post Evacuate Collection Set: 0.8ms
[2024-08-27T14:57:12.743+0000][info][gc,phases   ] GC(0)   Other: 4.3ms
[2024-08-27T14:57:12.743+0000][info][gc,heap     ] GC(0) Eden regions: 51->0(44)
[2024-08-27T14:57:12.744+0000][info][gc,heap     ] GC(0) Survivor regions: 0->7(7)
[2024-08-27T14:57:12.744+0000][info][gc,heap     ] GC(0) Old regions: 0->44
[2024-08-27T14:57:12.744+0000][info][gc,heap     ] GC(0) Archive regions: 2->2
[2024-08-27T14:57:12.744+0000][info][gc,heap     ] GC(0) Humongous regions: 0->0
[2024-08-27T14:57:12.744+0000][info][gc,metaspace] GC(0) Metaspace: 96K(320K)->96K(320K) NonClass: 91K(192K)->91K(192K) Class: 4K(128K)->4K(128K)
[2024-08-27T14:57:12.744+0000][info][gc          ] GC(0) Pause Young (Normal) (G1 Evacuation Pause) 51M->51M(1024M) 15.408ms
[2024-08-27T14:57:12.744+0000][info][gc,cpu      ] GC(0) User=0.09s Sys=0.15s Real=0.02s
[2024-08-27T14:57:12.763+0000][info][gc,start    ] GC(1) Pause Young (Normal) (G1 Evacuation Pause)
[2024-08-27T14:57:12.763+0000][info][gc,task     ] GC(1) Using 24 workers of 68 for evacuation
[2024-08-27T14:57:12.771+0000][info][gc,phases   ] GC(1)   Pre Evacuate Collection Set: 0.1ms
[2024-08-27T14:57:12.771+0000][info][gc,phases   ] GC(1)   Merge Heap Roots: 0.3ms
[2024-08-27T14:57:12.771+0000][info][gc,phases   ] GC(1)   Evacuate Collection Set: 7.0ms
[2024-08-27T14:57:12.771+0000][info][gc,phases   ] GC(1)   Post Evacuate Collection Set: 0.3ms
[2024-08-27T14:57:12.771+0000][info][gc,phases   ] GC(1)   Other: 0.3ms
[2024-08-27T14:57:12.771+0000][info][gc,heap     ] GC(1) Eden regions: 44->0(44)
[2024-08-27T14:57:12.771+0000][info][gc,heap     ] GC(1) Survivor regions: 7->7(7)
[2024-08-27T14:57:12.771+0000][info][gc,heap     ] GC(1) Old regions: 44->91
[2024-08-27T14:57:12.771+0000][info][gc,heap     ] GC(1) Archive regions: 2->2
[2024-08-27T14:57:12.771+0000][info][gc,heap     ] GC(1) Humongous regions: 1->1
[2024-08-27T14:57:12.771+0000][info][gc,metaspace] GC(1) Metaspace: 97K(320K)->97K(320K) NonClass: 93K(192K)->93K(192K) Class: 4K(128K)->4K(128K)
[2024-08-27T14:57:12.771+0000][info][gc          ] GC(1) Pause Young (Normal) (G1 Evacuation Pause) 96M->99M(1024M) 8.213ms
[2024-08-27T14:57:12.771+0000][info][gc,cpu      ] GC(1) User=0.12s Sys=0.05s Real=0.01s
[2024-08-27T14:57:12.790+0000][info][gc,start    ] GC(2) Pause Young (Normal) (G1 Evacuation Pause)
[2024-08-27T14:57:12.790+0000][info][gc,task     ] GC(2) Using 24 workers of 68 for evacuation
[2024-08-27T14:57:12.798+0000][info][gc,phases   ] GC(2)   Pre Evacuate Collection Set: 0.2ms
[2024-08-27T14:57:12.798+0000][info][gc,phases   ] GC(2)   Merge Heap Roots: 0.1ms
[2024-08-27T14:57:12.798+0000][info][gc,phases   ] GC(2)   Evacuate Collection Set: 7.0ms
[2024-08-27T14:57:12.798+0000][info][gc,phases   ] GC(2)   Post Evacuate Collection Set: 0.3ms
[2024-08-27T14:57:12.798+0000][info][gc,phases   ] GC(2)   Other: 0.2ms
[2024-08-27T14:57:12.798+0000][info][gc,heap     ] GC(2) Eden regions: 44->0(44)
[2024-08-27T14:57:12.798+0000][info][gc,heap     ] GC(2) Survivor regions: 7->7(7)
[2024-08-27T14:57:12.798+0000][info][gc,heap     ] GC(2) Old regions: 91->138
[2024-08-27T14:57:12.798+0000][info][gc,heap     ] GC(2) Archive regions: 2->2
[2024-08-27T14:57:12.798+0000][info][gc,heap     ] GC(2) Humongous regions: 3->3
[2024-08-27T14:57:12.798+0000][info][gc,metaspace] GC(2) Metaspace: 97K(320K)->97K(320K) NonClass: 93K(192K)->93K(192K) Class: 4K(128K)->4K(128K)
[2024-08-27T14:57:12.798+0000][info][gc          ] GC(2) Pause Young (Normal) (G1 Evacuation Pause) 145M->148M(1024M) 8.058ms
[2024-08-27T14:57:12.798+0000][info][gc,cpu      ] GC(2) User=0.12s Sys=0.06s Real=0.01s
[2024-08-27T14:57:12.810+0000][info][gc,start    ] GC(3) Pause Young (Normal) (G1 Evacuation Pause)
[2024-08-27T14:57:12.810+0000][info][gc,task     ] GC(3) Using 24 workers of 68 for evacuation
[2024-08-27T14:57:12.817+0000][info][gc,phases   ] GC(3)   Pre Evacuate Collection Set: 0.1ms
[2024-08-27T14:57:12.817+0000][info][gc,phases   ] GC(3)   Merge Heap Roots: 0.1ms
[2024-08-27T14:57:12.817+0000][info][gc,phases   ] GC(3)   Evacuate Collection Set: 6.7ms
[2024-08-27T14:57:12.817+0000][info][gc,phases   ] GC(3)   Post Evacuate Collection Set: 0.3ms
[2024-08-27T14:57:12.817+0000][info][gc,phases   ] GC(3)   Other: 0.2ms
[2024-08-27T14:57:12.817+0000][info][gc,heap     ] GC(3) Eden regions: 44->0(44)
[2024-08-27T14:57:12.817+0000][info][gc,heap     ] GC(3) Survivor regions: 7->7(7)
[2024-08-27T14:57:12.817+0000][info][gc,heap     ] GC(3) Old regions: 138->186
[2024-08-27T14:57:12.817+0000][info][gc,heap     ] GC(3) Archive regions: 2->2
[2024-08-27T14:57:12.817+0000][info][gc,heap     ] GC(3) Humongous regions: 3->3
[2024-08-27T14:57:12.817+0000][info][gc,metaspace] GC(3) Metaspace: 97K(320K)->97K(320K) NonClass: 93K(192K)->93K(192K) Class: 4K(128K)->4K(128K)
[2024-08-27T14:57:12.817+0000][info][gc          ] GC(3) Pause Young (Normal) (G1 Evacuation Pause) 192M->196M(1024M) 7.565ms
[2024-08-27T14:57:12.817+0000][info][gc,cpu      ] GC(3) User=0.07s Sys=0.09s Real=0.00s
[2024-08-27T14:57:12.843+0000][info][gc,start    ] GC(4) Pause Young (Normal) (G1 Evacuation Pause)
[2024-08-27T14:57:12.843+0000][info][gc,task     ] GC(4) Using 24 workers of 68 for evacuation
[2024-08-27T14:57:12.851+0000][info][gc,phases   ] GC(4)   Pre Evacuate Collection Set: 0.2ms
[2024-08-27T14:57:12.851+0000][info][gc,phases   ] GC(4)   Merge Heap Roots: 0.2ms
[2024-08-27T14:57:12.851+0000][info][gc,phases   ] GC(4)   Evacuate Collection Set: 7.4ms
[2024-08-27T14:57:12.851+0000][info][gc,phases   ] GC(4)   Post Evacuate Collection Set: 0.4ms
[2024-08-27T14:57:12.851+0000][info][gc,phases   ] GC(4)   Other: 0.3ms
[2024-08-27T14:57:12.851+0000][info][gc,heap     ] GC(4) Eden regions: 44->0(44)
[2024-08-27T14:57:12.851+0000][info][gc,heap     ] GC(4) Survivor regions: 7->7(7)
[2024-08-27T14:57:12.851+0000][info][gc,heap     ] GC(4) Old regions: 186->233
[2024-08-27T14:57:12.851+0000][info][gc,heap     ] GC(4) Archive regions: 2->2
[2024-08-27T14:57:12.851+0000][info][gc,heap     ] GC(4) Humongous regions: 6->6
[2024-08-27T14:57:12.851+0000][info][gc,metaspace] GC(4) Metaspace: 97K(320K)->97K(320K) NonClass: 93K(192K)->93K(192K) Class: 4K(128K)->4K(128K)
[2024-08-27T14:57:12.851+0000][info][gc          ] GC(4) Pause Young (Normal) (G1 Evacuation Pause) 243M->246M(1024M) 8.524ms
[2024-08-27T14:57:12.851+0000][info][gc,cpu      ] GC(4) User=0.12s Sys=0.05s Real=0.01s
[2024-08-27T14:57:12.862+0000][info][gc,start    ] GC(5) Pause Young (Normal) (G1 Evacuation Pause)
[2024-08-27T14:57:12.863+0000][info][gc,task     ] GC(5) Using 24 workers of 68 for evacuation
[2024-08-27T14:57:12.870+0000][info][gc,phases   ] GC(5)   Pre Evacuate Collection Set: 0.2ms
[2024-08-27T14:57:12.870+0000][info][gc,phases   ] GC(5)   Merge Heap Roots: 0.2ms
[2024-08-27T14:57:12.871+0000][info][gc,phases   ] GC(5)   Evacuate Collection Set: 7.2ms
[2024-08-27T14:57:12.871+0000][info][gc,phases   ] GC(5)   Post Evacuate Collection Set: 0.3ms
[2024-08-27T14:57:12.871+0000][info][gc,phases   ] GC(5)   Other: 0.3ms
[2024-08-27T14:57:12.871+0000][info][gc,heap     ] GC(5) Eden regions: 44->0(62)
[2024-08-27T14:57:12.871+0000][info][gc,heap     ] GC(5) Survivor regions: 7->7(7)
[2024-08-27T14:57:12.871+0000][info][gc,heap     ] GC(5) Old regions: 233->279
[2024-08-27T14:57:12.871+0000][info][gc,heap     ] GC(5) Archive regions: 2->2
[2024-08-27T14:57:12.871+0000][info][gc,heap     ] GC(5) Humongous regions: 6->6
[2024-08-27T14:57:12.871+0000][info][gc,metaspace] GC(5) Metaspace: 97K(320K)->97K(320K) NonClass: 93K(192K)->93K(192K) Class: 4K(128K)->4K(128K)
[2024-08-27T14:57:12.871+0000][info][gc          ] GC(5) Pause Young (Normal) (G1 Evacuation Pause) 290M->292M(1024M) 8.147ms
[2024-08-27T14:57:12.871+0000][info][gc,cpu      ] GC(5) User=0.12s Sys=0.05s Real=0.01s
[2024-08-27T14:57:12.891+0000][info][gc,start    ] GC(6) Pause Young (Normal) (G1 Evacuation Pause)
[2024-08-27T14:57:12.891+0000][info][gc,task     ] GC(6) Using 24 workers of 68 for evacuation
[2024-08-27T14:57:12.902+0000][info][gc,phases   ] GC(6)   Pre Evacuate Collection Set: 0.2ms
[2024-08-27T14:57:12.902+0000][info][gc,phases   ] GC(6)   Merge Heap Roots: 0.2ms
[2024-08-27T14:57:12.902+0000][info][gc,phases   ] GC(6)   Evacuate Collection Set: 10.3ms
[2024-08-27T14:57:12.902+0000][info][gc,phases   ] GC(6)   Post Evacuate Collection Set: 0.4ms
[2024-08-27T14:57:12.902+0000][info][gc,phases   ] GC(6)   Other: 0.3ms
[2024-08-27T14:57:12.902+0000][info][gc,heap     ] GC(6) Eden regions: 62->0(81)
[2024-08-27T14:57:12.902+0000][info][gc,heap     ] GC(6) Survivor regions: 7->9(9)
[2024-08-27T14:57:12.902+0000][info][gc,heap     ] GC(6) Old regions: 279->341
[2024-08-27T14:57:12.902+0000][info][gc,heap     ] GC(6) Archive regions: 2->2
[2024-08-27T14:57:12.902+0000][info][gc,heap     ] GC(6) Humongous regions: 6->6
[2024-08-27T14:57:12.902+0000][info][gc,metaspace] GC(6) Metaspace: 97K(320K)->97K(320K) NonClass: 93K(192K)->93K(192K) Class: 4K(128K)->4K(128K)
[2024-08-27T14:57:12.902+0000][info][gc          ] GC(6) Pause Young (Normal) (G1 Evacuation Pause) 354M->356M(1024M) 11.365ms
[2024-08-27T14:57:12.902+0000][info][gc,cpu      ] GC(6) User=0.15s Sys=0.10s Real=0.01s
[2024-08-27T14:57:12.930+0000][info][gc,start    ] GC(7) Pause Young (Normal) (G1 Evacuation Pause)
[2024-08-27T14:57:12.930+0000][info][gc,task     ] GC(7) Using 24 workers of 68 for evacuation
[2024-08-27T14:57:12.944+0000][info][gc,phases   ] GC(7)   Pre Evacuate Collection Set: 0.1ms
[2024-08-27T14:57:12.944+0000][info][gc,phases   ] GC(7)   Merge Heap Roots: 0.2ms
[2024-08-27T14:57:12.944+0000][info][gc,phases   ] GC(7)   Evacuate Collection Set: 12.9ms
[2024-08-27T14:57:12.944+0000][info][gc,phases   ] GC(7)   Post Evacuate Collection Set: 0.3ms
[2024-08-27T14:57:12.944+0000][info][gc,phases   ] GC(7)   Other: 0.3ms
[2024-08-27T14:57:12.944+0000][info][gc,heap     ] GC(7) Eden regions: 81->0(99)
[2024-08-27T14:57:12.944+0000][info][gc,heap     ] GC(7) Survivor regions: 9->12(12)
[2024-08-27T14:57:12.944+0000][info][gc,heap     ] GC(7) Old regions: 341->422
[2024-08-27T14:57:12.944+0000][info][gc,heap     ] GC(7) Archive regions: 2->2
[2024-08-27T14:57:12.944+0000][info][gc,heap     ] GC(7) Humongous regions: 6->6
[2024-08-27T14:57:12.944+0000][info][gc,metaspace] GC(7) Metaspace: 97K(320K)->97K(320K) NonClass: 93K(192K)->93K(192K) Class: 4K(128K)->4K(128K)
[2024-08-27T14:57:12.944+0000][info][gc          ] GC(7) Pause Young (Normal) (G1 Evacuation Pause) 437M->440M(1024M) 13.881ms
[2024-08-27T14:57:12.944+0000][info][gc,cpu      ] GC(7) User=0.19s Sys=0.12s Real=0.01s
[2024-08-27T14:57:13.030+0000][info][gc,start    ] GC(8) Pause Young (Normal) (G1 Evacuation Pause)
[2024-08-27T14:57:13.030+0000][info][gc,task     ] GC(8) Using 24 workers of 68 for evacuation
[2024-08-27T14:57:13.047+0000][info][gc,phases   ] GC(8)   Pre Evacuate Collection Set: 0.1ms
[2024-08-27T14:57:13.047+0000][info][gc,phases   ] GC(8)   Merge Heap Roots: 0.3ms
[2024-08-27T14:57:13.047+0000][info][gc,phases   ] GC(8)   Evacuate Collection Set: 15.6ms
[2024-08-27T14:57:13.047+0000][info][gc,phases   ] GC(8)   Post Evacuate Collection Set: 0.3ms
[2024-08-27T14:57:13.047+0000][info][gc,phases   ] GC(8)   Other: 0.2ms
[2024-08-27T14:57:13.047+0000][info][gc,heap     ] GC(8) Eden regions: 99->0(103)
[2024-08-27T14:57:13.047+0000][info][gc,heap     ] GC(8) Survivor regions: 12->14(14)
[2024-08-27T14:57:13.047+0000][info][gc,heap     ] GC(8) Old regions: 422->522
[2024-08-27T14:57:13.047+0000][info][gc,heap     ] GC(8) Archive regions: 2->2
[2024-08-27T14:57:13.047+0000][info][gc,heap     ] GC(8) Humongous regions: 11->11
[2024-08-27T14:57:13.047+0000][info][gc,metaspace] GC(8) Metaspace: 100K(320K)->100K(320K) NonClass: 96K(192K)->96K(192K) Class: 4K(128K)->4K(128K)
[2024-08-27T14:57:13.047+0000][info][gc          ] GC(8) Pause Young (Normal) (G1 Evacuation Pause) 544M->547M(1024M) 16.677ms
[2024-08-27T14:57:13.047+0000][info][gc,cpu      ] GC(8) User=0.27s Sys=0.13s Real=0.01s
[2024-08-27T14:57:13.098+0000][info][gc,start    ] GC(9) Pause Young (Concurrent Start) (G1 Evacuation Pause)
[2024-08-27T14:57:13.098+0000][info][gc,task     ] GC(9) Using 24 workers of 68 for evacuation
[2024-08-27T14:57:13.116+0000][info][gc,phases   ] GC(9)   Pre Evacuate Collection Set: 0.1ms
[2024-08-27T14:57:13.116+0000][info][gc,phases   ] GC(9)   Merge Heap Roots: 0.3ms
[2024-08-27T14:57:13.116+0000][info][gc,phases   ] GC(9)   Evacuate Collection Set: 15.5ms
[2024-08-27T14:57:13.116+0000][info][gc,phases   ] GC(9)   Post Evacuate Collection Set: 0.3ms
[2024-08-27T14:57:13.116+0000][info][gc,phases   ] GC(9)   Other: 1.0ms
[2024-08-27T14:57:13.116+0000][info][gc,heap     ] GC(9) Eden regions: 103->0(83)
[2024-08-27T14:57:13.116+0000][info][gc,heap     ] GC(9) Survivor regions: 14->15(15)
[2024-08-27T14:57:13.116+0000][info][gc,heap     ] GC(9) Old regions: 522->627
[2024-08-27T14:57:13.116+0000][info][gc,heap     ] GC(9) Archive regions: 2->2
[2024-08-27T14:57:13.116+0000][info][gc,heap     ] GC(9) Humongous regions: 11->11
[2024-08-27T14:57:13.116+0000][info][gc,metaspace] GC(9) Metaspace: 100K(320K)->100K(320K) NonClass: 96K(192K)->96K(192K) Class: 4K(128K)->4K(128K)
[2024-08-27T14:57:13.116+0000][info][gc          ] GC(9) Pause Young (Concurrent Start) (G1 Evacuation Pause) 650M->653M(1024M) 17.377ms
[2024-08-27T14:57:13.116+0000][info][gc,cpu      ] GC(9) User=0.21s Sys=0.17s Real=0.01s
[2024-08-27T14:57:13.116+0000][info][gc          ] GC(10) Concurrent Mark Cycle
[2024-08-27T14:57:13.116+0000][info][gc,marking  ] GC(10) Concurrent Clear Claimed Marks
[2024-08-27T14:57:13.116+0000][info][gc,marking  ] GC(10) Concurrent Clear Claimed Marks 0.021ms
[2024-08-27T14:57:13.116+0000][info][gc,marking  ] GC(10) Concurrent Scan Root Regions
[2024-08-27T14:57:13.124+0000][info][gc,marking  ] GC(10) Concurrent Scan Root Regions 8.486ms
[2024-08-27T14:57:13.124+0000][info][gc,marking  ] GC(10) Concurrent Mark
[2024-08-27T14:57:13.125+0000][info][gc,marking  ] GC(10) Concurrent Mark From Roots
[2024-08-27T14:57:13.125+0000][info][gc,task     ] GC(10) Using 17 workers of 17 for marking
[2024-08-27T14:57:13.146+0000][info][gc,marking  ] GC(10) Concurrent Mark From Roots 21.565ms
[2024-08-27T14:57:13.146+0000][info][gc,marking  ] GC(10) Concurrent Preclean
[2024-08-27T14:57:13.147+0000][info][gc,marking  ] GC(10) Concurrent Preclean 0.498ms
[2024-08-27T14:57:13.147+0000][info][gc,start    ] GC(10) Pause Remark
[2024-08-27T14:57:13.148+0000][info][gc          ] GC(10) Pause Remark 697M->691M(1024M) 1.030ms
[2024-08-27T14:57:13.148+0000][info][gc,cpu      ] GC(10) User=0.00s Sys=0.01s Real=0.00s
[2024-08-27T14:57:13.148+0000][info][gc,marking  ] GC(10) Concurrent Mark 23.569ms
[2024-08-27T14:57:13.148+0000][info][gc,marking  ] GC(10) Concurrent Rebuild Remembered Sets
[2024-08-27T14:57:13.166+0000][info][gc,start    ] GC(11) Pause Young (Normal) (G1 Evacuation Pause)
[2024-08-27T14:57:13.166+0000][info][gc,task     ] GC(11) Using 24 workers of 68 for evacuation
[2024-08-27T14:57:13.180+0000][info][gc,phases   ] GC(11)   Pre Evacuate Collection Set: 0.1ms
[2024-08-27T14:57:13.180+0000][info][gc,phases   ] GC(11)   Merge Heap Roots: 0.3ms
[2024-08-27T14:57:13.180+0000][info][gc,phases   ] GC(11)   Evacuate Collection Set: 12.8ms
[2024-08-27T14:57:13.180+0000][info][gc,phases   ] GC(11)   Post Evacuate Collection Set: 0.5ms
[2024-08-27T14:57:13.180+0000][info][gc,phases   ] GC(11)   Other: 0.2ms
[2024-08-27T14:57:13.180+0000][info][gc,heap     ] GC(11) Eden regions: 83->0(59)
[2024-08-27T14:57:13.180+0000][info][gc,heap     ] GC(11) Survivor regions: 15->13(13)
[2024-08-27T14:57:13.180+0000][info][gc,heap     ] GC(11) Old regions: 627->713
[2024-08-27T14:57:13.180+0000][info][gc,heap     ] GC(11) Archive regions: 2->2
[2024-08-27T14:57:13.180+0000][info][gc,heap     ] GC(11) Humongous regions: 5->5
[2024-08-27T14:57:13.180+0000][info][gc,metaspace] GC(11) Metaspace: 100K(320K)->100K(320K) NonClass: 96K(192K)->96K(192K) Class: 4K(128K)->4K(128K)
[2024-08-27T14:57:13.180+0000][info][gc          ] GC(11) Pause Young (Normal) (G1 Evacuation Pause) 730M->731M(1024M) 13.920ms
[2024-08-27T14:57:13.180+0000][info][gc,cpu      ] GC(11) User=0.19s Sys=0.12s Real=0.02s
[2024-08-27T14:57:13.215+0000][info][gc,start    ] GC(12) Pause Young (Normal) (G1 Evacuation Pause)
[2024-08-27T14:57:13.215+0000][info][gc,task     ] GC(12) Using 24 workers of 68 for evacuation
[2024-08-27T14:57:13.226+0000][info][gc,phases   ] GC(12)   Pre Evacuate Collection Set: 0.1ms
[2024-08-27T14:57:13.226+0000][info][gc,phases   ] GC(12)   Merge Heap Roots: 0.3ms
[2024-08-27T14:57:13.226+0000][info][gc,phases   ] GC(12)   Evacuate Collection Set: 9.7ms
[2024-08-27T14:57:13.226+0000][info][gc,phases   ] GC(12)   Post Evacuate Collection Set: 0.4ms
[2024-08-27T14:57:13.226+0000][info][gc,phases   ] GC(12)   Other: 0.2ms
[2024-08-27T14:57:13.226+0000][info][gc,heap     ] GC(12) Eden regions: 59->0(42)
[2024-08-27T14:57:13.226+0000][info][gc,heap     ] GC(12) Survivor regions: 13->9(9)
[2024-08-27T14:57:13.226+0000][info][gc,heap     ] GC(12) Old regions: 713->781
[2024-08-27T14:57:13.226+0000][info][gc,heap     ] GC(12) Archive regions: 2->2
[2024-08-27T14:57:13.226+0000][info][gc,heap     ] GC(12) Humongous regions: 5->5
[2024-08-27T14:57:13.226+0000][info][gc,metaspace] GC(12) Metaspace: 100K(320K)->100K(320K) NonClass: 96K(192K)->96K(192K) Class: 4K(128K)->4K(128K)
[2024-08-27T14:57:13.226+0000][info][gc          ] GC(12) Pause Young (Normal) (G1 Evacuation Pause) 790M->795M(1024M) 10.833ms
[2024-08-27T14:57:13.226+0000][info][gc,cpu      ] GC(12) User=0.14s Sys=0.11s Real=0.01s
[2024-08-27T14:57:13.230+0000][info][gc,marking  ] GC(10) Concurrent Rebuild Remembered Sets 81.561ms
[2024-08-27T14:57:13.230+0000][info][gc,start    ] GC(10) Pause Cleanup
[2024-08-27T14:57:13.231+0000][info][gc          ] GC(10) Pause Cleanup 798M->798M(1024M) 0.913ms
[2024-08-27T14:57:13.231+0000][info][gc,cpu      ] GC(10) User=0.00s Sys=0.00s Real=0.00s
[2024-08-27T14:57:13.231+0000][info][gc,marking  ] GC(10) Concurrent Cleanup for Next Mark
[2024-08-27T14:57:13.232+0000][info][gc,marking  ] GC(10) Concurrent Cleanup for Next Mark 1.434ms
[2024-08-27T14:57:13.232+0000][info][gc          ] GC(10) Concurrent Mark Cycle 116.613ms
[2024-08-27T14:57:13.251+0000][info][gc,start    ] GC(13) Pause Young (Prepare Mixed) (G1 Evacuation Pause)
[2024-08-27T14:57:13.251+0000][info][gc,task     ] GC(13) Using 24 workers of 68 for evacuation
[2024-08-27T14:57:13.259+0000][info][gc,phases   ] GC(13)   Pre Evacuate Collection Set: 0.1ms
[2024-08-27T14:57:13.259+0000][info][gc,phases   ] GC(13)   Merge Heap Roots: 0.2ms
[2024-08-27T14:57:13.259+0000][info][gc,phases   ] GC(13)   Evacuate Collection Set: 7.6ms
[2024-08-27T14:57:13.259+0000][info][gc,phases   ] GC(13)   Post Evacuate Collection Set: 0.3ms
[2024-08-27T14:57:13.259+0000][info][gc,phases   ] GC(13)   Other: 0.2ms
[2024-08-27T14:57:13.259+0000][info][gc,heap     ] GC(13) Eden regions: 42->0(44)
[2024-08-27T14:57:13.259+0000][info][gc,heap     ] GC(13) Survivor regions: 9->7(7)
[2024-08-27T14:57:13.259+0000][info][gc,heap     ] GC(13) Old regions: 781->829
[2024-08-27T14:57:13.259+0000][info][gc,heap     ] GC(13) Archive regions: 2->2
[2024-08-27T14:57:13.260+0000][info][gc,heap     ] GC(13) Humongous regions: 5->5
[2024-08-27T14:57:13.260+0000][info][gc,metaspace] GC(13) Metaspace: 100K(320K)->100K(320K) NonClass: 96K(192K)->96K(192K) Class: 4K(128K)->4K(128K)
[2024-08-27T14:57:13.260+0000][info][gc          ] GC(13) Pause Young (Prepare Mixed) (G1 Evacuation Pause) 837M->841M(1024M) 8.612ms
[2024-08-27T14:57:13.260+0000][info][gc,cpu      ] GC(13) User=0.12s Sys=0.07s Real=0.01s
[2024-08-27T14:57:13.280+0000][info][gc,start    ] GC(14) Pause Young (Mixed) (G1 Evacuation Pause)
[2024-08-27T14:57:13.280+0000][info][gc,task     ] GC(14) Using 24 workers of 68 for evacuation
[2024-08-27T14:57:13.290+0000][info][gc,phases   ] GC(14)   Pre Evacuate Collection Set: 0.2ms
[2024-08-27T14:57:13.290+0000][info][gc,phases   ] GC(14)   Merge Heap Roots: 0.3ms
[2024-08-27T14:57:13.290+0000][info][gc,phases   ] GC(14)   Evacuate Collection Set: 8.7ms
[2024-08-27T14:57:13.290+0000][info][gc,phases   ] GC(14)   Post Evacuate Collection Set: 0.4ms
[2024-08-27T14:57:13.290+0000][info][gc,phases   ] GC(14)   Other: 0.3ms
[2024-08-27T14:57:13.290+0000][info][gc,heap     ] GC(14) Eden regions: 44->0(44)
[2024-08-27T14:57:13.290+0000][info][gc,heap     ] GC(14) Survivor regions: 7->7(7)
[2024-08-27T14:57:13.290+0000][info][gc,heap     ] GC(14) Old regions: 829->774
[2024-08-27T14:57:13.290+0000][info][gc,heap     ] GC(14) Archive regions: 2->2
[2024-08-27T14:57:13.290+0000][info][gc,heap     ] GC(14) Humongous regions: 5->5
[2024-08-27T14:57:13.290+0000][info][gc,metaspace] GC(14) Metaspace: 100K(320K)->100K(320K) NonClass: 96K(192K)->96K(192K) Class: 4K(128K)->4K(128K)
[2024-08-27T14:57:13.290+0000][info][gc          ] GC(14) Pause Young (Mixed) (G1 Evacuation Pause) 885M->786M(1024M) 9.928ms
[2024-08-27T14:57:13.290+0000][info][gc,cpu      ] GC(14) User=0.15s Sys=0.07s Real=0.01s
[2024-08-27T14:57:13.310+0000][info][gc,start    ] GC(15) Pause Young (Mixed) (G1 Evacuation Pause)
[2024-08-27T14:57:13.310+0000][info][gc,task     ] GC(15) Using 24 workers of 68 for evacuation
[2024-08-27T14:57:13.319+0000][info][gc,phases   ] GC(15)   Pre Evacuate Collection Set: 0.2ms
[2024-08-27T14:57:13.319+0000][info][gc,phases   ] GC(15)   Merge Heap Roots: 0.3ms
[2024-08-27T14:57:13.319+0000][info][gc,phases   ] GC(15)   Evacuate Collection Set: 8.2ms
[2024-08-27T14:57:13.319+0000][info][gc,phases   ] GC(15)   Post Evacuate Collection Set: 0.3ms
[2024-08-27T14:57:13.319+0000][info][gc,phases   ] GC(15)   Other: 0.2ms
[2024-08-27T14:57:13.319+0000][info][gc,heap     ] GC(15) Eden regions: 44->0(44)
[2024-08-27T14:57:13.319+0000][info][gc,heap     ] GC(15) Survivor regions: 7->7(7)
[2024-08-27T14:57:13.319+0000][info][gc,heap     ] GC(15) Old regions: 774->786
[2024-08-27T14:57:13.319+0000][info][gc,heap     ] GC(15) Archive regions: 2->2
[2024-08-27T14:57:13.319+0000][info][gc,heap     ] GC(15) Humongous regions: 5->5
[2024-08-27T14:57:13.319+0000][info][gc,metaspace] GC(15) Metaspace: 100K(320K)->100K(320K) NonClass: 96K(192K)->96K(192K) Class: 4K(128K)->4K(128K)
[2024-08-27T14:57:13.319+0000][info][gc          ] GC(15) Pause Young (Mixed) (G1 Evacuation Pause) 830M->798M(1024M) 9.253ms
[2024-08-27T14:57:13.319+0000][info][gc,cpu      ] GC(15) User=0.20s Sys=0.00s Real=0.01s
[2024-08-27T14:57:13.338+0000][info][gc,start    ] GC(16) Pause Young (Concurrent Start) (G1 Evacuation Pause)
[2024-08-27T14:57:13.338+0000][info][gc,task     ] GC(16) Using 24 workers of 68 for evacuation
[2024-08-27T14:57:13.348+0000][info][gc,phases   ] GC(16)   Pre Evacuate Collection Set: 0.1ms
[2024-08-27T14:57:13.348+0000][info][gc,phases   ] GC(16)   Merge Heap Roots: 0.3ms
[2024-08-27T14:57:13.348+0000][info][gc,phases   ] GC(16)   Evacuate Collection Set: 8.4ms
[2024-08-27T14:57:13.348+0000][info][gc,phases   ] GC(16)   Post Evacuate Collection Set: 0.3ms
[2024-08-27T14:57:13.348+0000][info][gc,phases   ] GC(16)   Other: 0.6ms
[2024-08-27T14:57:13.348+0000][info][gc,heap     ] GC(16) Eden regions: 44->0(44)
[2024-08-27T14:57:13.348+0000][info][gc,heap     ] GC(16) Survivor regions: 7->7(7)
[2024-08-27T14:57:13.348+0000][info][gc,heap     ] GC(16) Old regions: 786->833
[2024-08-27T14:57:13.348+0000][info][gc,heap     ] GC(16) Archive regions: 2->2
[2024-08-27T14:57:13.348+0000][info][gc,heap     ] GC(16) Humongous regions: 5->5
[2024-08-27T14:57:13.348+0000][info][gc,metaspace] GC(16) Metaspace: 100K(320K)->100K(320K) NonClass: 96K(192K)->96K(192K) Class: 4K(128K)->4K(128K)
[2024-08-27T14:57:13.348+0000][info][gc          ] GC(16) Pause Young (Concurrent Start) (G1 Evacuation Pause) 842M->845M(1024M) 9.878ms
[2024-08-27T14:57:13.348+0000][info][gc,cpu      ] GC(16) User=0.21s Sys=0.00s Real=0.00s
[2024-08-27T14:57:13.348+0000][info][gc          ] GC(17) Concurrent Mark Cycle
[2024-08-27T14:57:13.348+0000][info][gc,marking  ] GC(17) Concurrent Clear Claimed Marks
[2024-08-27T14:57:13.348+0000][info][gc,marking  ] GC(17) Concurrent Clear Claimed Marks 0.015ms
[2024-08-27T14:57:13.348+0000][info][gc,marking  ] GC(17) Concurrent Scan Root Regions
[2024-08-27T14:57:13.350+0000][info][gc,marking  ] GC(17) Concurrent Scan Root Regions 1.804ms
[2024-08-27T14:57:13.350+0000][info][gc,marking  ] GC(17) Concurrent Mark
[2024-08-27T14:57:13.350+0000][info][gc,marking  ] GC(17) Concurrent Mark From Roots
[2024-08-27T14:57:13.350+0000][info][gc,task     ] GC(17) Using 17 workers of 17 for marking
[2024-08-27T14:57:13.372+0000][info][gc,marking  ] GC(17) Concurrent Mark From Roots 22.082ms
[2024-08-27T14:57:13.372+0000][info][gc,marking  ] GC(17) Concurrent Preclean
[2024-08-27T14:57:13.373+0000][info][gc,marking  ] GC(17) Concurrent Preclean 0.499ms
[2024-08-27T14:57:13.373+0000][info][gc,start    ] GC(17) Pause Remark
[2024-08-27T14:57:13.374+0000][info][gc          ] GC(17) Pause Remark 884M->884M(1024M) 1.294ms
[2024-08-27T14:57:13.374+0000][info][gc,cpu      ] GC(17) User=0.00s Sys=0.00s Real=0.00s
[2024-08-27T14:57:13.374+0000][info][gc,marking  ] GC(17) Concurrent Mark 24.165ms
[2024-08-27T14:57:13.374+0000][info][gc,marking  ] GC(17) Concurrent Rebuild Remembered Sets
[2024-08-27T14:57:13.377+0000][info][gc,start    ] GC(18) Pause Young (Normal) (G1 Evacuation Pause)
[2024-08-27T14:57:13.377+0000][info][gc,task     ] GC(18) Using 24 workers of 68 for evacuation
[2024-08-27T14:57:13.387+0000][info][gc,phases   ] GC(18)   Pre Evacuate Collection Set: 0.2ms
[2024-08-27T14:57:13.387+0000][info][gc,phases   ] GC(18)   Merge Heap Roots: 0.3ms
[2024-08-27T14:57:13.387+0000][info][gc,phases   ] GC(18)   Evacuate Collection Set: 8.7ms
[2024-08-27T14:57:13.387+0000][info][gc,phases   ] GC(18)   Post Evacuate Collection Set: 0.4ms
[2024-08-27T14:57:13.387+0000][info][gc,phases   ] GC(18)   Other: 0.2ms
[2024-08-27T14:57:13.387+0000][info][gc,heap     ] GC(18) Eden regions: 44->0(44)
[2024-08-27T14:57:13.387+0000][info][gc,heap     ] GC(18) Survivor regions: 7->7(7)
[2024-08-27T14:57:13.387+0000][info][gc,heap     ] GC(18) Old regions: 833->880
[2024-08-27T14:57:13.387+0000][info][gc,heap     ] GC(18) Archive regions: 2->2
[2024-08-27T14:57:13.387+0000][info][gc,heap     ] GC(18) Humongous regions: 5->5
[2024-08-27T14:57:13.387+0000][info][gc,metaspace] GC(18) Metaspace: 100K(320K)->100K(320K) NonClass: 96K(192K)->96K(192K) Class: 4K(128K)->4K(128K)
[2024-08-27T14:57:13.387+0000][info][gc          ] GC(18) Pause Young (Normal) (G1 Evacuation Pause) 889M->892M(1024M) 9.827ms
[2024-08-27T14:57:13.387+0000][info][gc,cpu      ] GC(18) User=0.20s Sys=0.01s Real=0.01s
[2024-08-27T14:57:13.407+0000][info][gc,start    ] GC(19) Pause Young (Normal) (G1 Evacuation Pause)
[2024-08-27T14:57:13.407+0000][info][gc,task     ] GC(19) Using 24 workers of 68 for evacuation
[2024-08-27T14:57:13.417+0000][info][gc,phases   ] GC(19)   Pre Evacuate Collection Set: 0.1ms
[2024-08-27T14:57:13.417+0000][info][gc,phases   ] GC(19)   Merge Heap Roots: 0.4ms
[2024-08-27T14:57:13.417+0000][info][gc,phases   ] GC(19)   Evacuate Collection Set: 8.6ms
[2024-08-27T14:57:13.417+0000][info][gc,phases   ] GC(19)   Post Evacuate Collection Set: 0.4ms
[2024-08-27T14:57:13.417+0000][info][gc,phases   ] GC(19)   Other: 0.2ms
[2024-08-27T14:57:13.417+0000][info][gc,heap     ] GC(19) Eden regions: 44->0(44)
[2024-08-27T14:57:13.417+0000][info][gc,heap     ] GC(19) Survivor regions: 7->7(7)
[2024-08-27T14:57:13.417+0000][info][gc,heap     ] GC(19) Old regions: 880->927
[2024-08-27T14:57:13.417+0000][info][gc,heap     ] GC(19) Archive regions: 2->2
[2024-08-27T14:57:13.417+0000][info][gc,heap     ] GC(19) Humongous regions: 5->5
[2024-08-27T14:57:13.417+0000][info][gc,metaspace] GC(19) Metaspace: 100K(320K)->100K(320K) NonClass: 96K(192K)->96K(192K) Class: 4K(128K)->4K(128K)
[2024-08-27T14:57:13.417+0000][info][gc          ] GC(19) Pause Young (Normal) (G1 Evacuation Pause) 936M->939M(1024M) 9.726ms
[2024-08-27T14:57:13.417+0000][info][gc,cpu      ] GC(19) User=0.18s Sys=0.03s Real=0.01s
[2024-08-27T14:57:13.434+0000][info][gc,start    ] GC(20) Pause Young (Normal) (G1 Preventive Collection)
[2024-08-27T14:57:13.434+0000][info][gc,task     ] GC(20) Using 24 workers of 68 for evacuation
[2024-08-27T14:57:13.443+0000][info][gc,phases   ] GC(20)   Pre Evacuate Collection Set: 0.1ms
[2024-08-27T14:57:13.443+0000][info][gc,phases   ] GC(20)   Merge Heap Roots: 0.3ms
[2024-08-27T14:57:13.443+0000][info][gc,phases   ] GC(20)   Evacuate Collection Set: 7.8ms
[2024-08-27T14:57:13.443+0000][info][gc,phases   ] GC(20)   Post Evacuate Collection Set: 0.4ms
[2024-08-27T14:57:13.443+0000][info][gc,phases   ] GC(20)   Other: 0.2ms
[2024-08-27T14:57:13.443+0000][info][gc,heap     ] GC(20) Eden regions: 36->0(44)
[2024-08-27T14:57:13.443+0000][info][gc,heap     ] GC(20) Survivor regions: 7->7(7)
[2024-08-27T14:57:13.443+0000][info][gc,heap     ] GC(20) Old regions: 927->965
[2024-08-27T14:57:13.443+0000][info][gc,heap     ] GC(20) Archive regions: 2->2
[2024-08-27T14:57:13.443+0000][info][gc,heap     ] GC(20) Humongous regions: 5->5
[2024-08-27T14:57:13.443+0000][info][gc,metaspace] GC(20) Metaspace: 100K(320K)->100K(320K) NonClass: 96K(192K)->96K(192K) Class: 4K(128K)->4K(128K)
[2024-08-27T14:57:13.443+0000][info][gc          ] GC(20) Pause Young (Normal) (G1 Preventive Collection) 975M->977M(1024M) 8.904ms
[2024-08-27T14:57:13.443+0000][info][gc,cpu      ] GC(20) User=0.20s Sys=0.00s Real=0.01s
[2024-08-27T14:57:13.453+0000][info][gc,start    ] GC(21) Pause Young (Normal) (G1 Preventive Collection)
[2024-08-27T14:57:13.453+0000][info][gc,task     ] GC(21) Using 24 workers of 68 for evacuation
[2024-08-27T14:57:13.459+0000][info][gc,phases   ] GC(21)   Pre Evacuate Collection Set: 0.1ms
[2024-08-27T14:57:13.460+0000][info][gc,phases   ] GC(21)   Merge Heap Roots: 0.4ms
[2024-08-27T14:57:13.460+0000][info][gc,phases   ] GC(21)   Evacuate Collection Set: 6.0ms
[2024-08-27T14:57:13.460+0000][info][gc,phases   ] GC(21)   Post Evacuate Collection Set: 0.3ms
[2024-08-27T14:57:13.460+0000][info][gc,phases   ] GC(21)   Other: 0.2ms
[2024-08-27T14:57:13.460+0000][info][gc,heap     ] GC(21) Eden regions: 18->0(44)
[2024-08-27T14:57:13.460+0000][info][gc,heap     ] GC(21) Survivor regions: 7->7(7)
[2024-08-27T14:57:13.460+0000][info][gc,heap     ] GC(21) Old regions: 965->985
[2024-08-27T14:57:13.460+0000][info][gc,heap     ] GC(21) Archive regions: 2->2
[2024-08-27T14:57:13.460+0000][info][gc,heap     ] GC(21) Humongous regions: 5->5
[2024-08-27T14:57:13.460+0000][info][gc,metaspace] GC(21) Metaspace: 100K(320K)->100K(320K) NonClass: 96K(192K)->96K(192K) Class: 4K(128K)->4K(128K)
[2024-08-27T14:57:13.460+0000][info][gc          ] GC(21) Pause Young (Normal) (G1 Preventive Collection) 995M->997M(1024M) 7.138ms
[2024-08-27T14:57:13.460+0000][info][gc,cpu      ] GC(21) User=0.16s Sys=0.00s Real=0.01s
[2024-08-27T14:57:13.464+0000][info][gc,start    ] GC(22) Pause Young (Normal) (G1 Preventive Collection)
[2024-08-27T14:57:13.464+0000][info][gc,task     ] GC(22) Using 24 workers of 68 for evacuation
[2024-08-27T14:57:13.469+0000][info][gc          ] GC(22) To-space exhausted
[2024-08-27T14:57:13.469+0000][info][gc,phases   ] GC(22)   Pre Evacuate Collection Set: 0.1ms
[2024-08-27T14:57:13.469+0000][info][gc,phases   ] GC(22)   Merge Heap Roots: 0.3ms
[2024-08-27T14:57:13.469+0000][info][gc,phases   ] GC(22)   Evacuate Collection Set: 4.4ms
[2024-08-27T14:57:13.469+0000][info][gc,phases   ] GC(22)   Post Evacuate Collection Set: 0.6ms
[2024-08-27T14:57:13.469+0000][info][gc,phases   ] GC(22)   Other: 0.2ms
[2024-08-27T14:57:13.469+0000][info][gc,heap     ] GC(22) Eden regions: 8->0(44)
[2024-08-27T14:57:13.469+0000][info][gc,heap     ] GC(22) Survivor regions: 7->7(7)
[2024-08-27T14:57:13.469+0000][info][gc,heap     ] GC(22) Old regions: 985->1006
[2024-08-27T14:57:13.469+0000][info][gc,heap     ] GC(22) Archive regions: 2->2
[2024-08-27T14:57:13.469+0000][info][gc,heap     ] GC(22) Humongous regions: 5->5
[2024-08-27T14:57:13.469+0000][info][gc,metaspace] GC(22) Metaspace: 100K(320K)->100K(320K) NonClass: 96K(192K)->96K(192K) Class: 4K(128K)->4K(128K)
[2024-08-27T14:57:13.469+0000][info][gc          ] GC(22) Pause Young (Normal) (G1 Preventive Collection) 1005M->1018M(1024M) 5.558ms
[2024-08-27T14:57:13.469+0000][info][gc,cpu      ] GC(22) User=0.11s Sys=0.00s Real=0.00s
[2024-08-27T14:57:13.470+0000][info][gc,start    ] GC(23) Pause Young (Normal) (G1 Preventive Collection)
[2024-08-27T14:57:13.470+0000][info][gc,task     ] GC(23) Using 24 workers of 68 for evacuation
[2024-08-27T14:57:13.475+0000][info][gc          ] GC(23) To-space exhausted
[2024-08-27T14:57:13.475+0000][info][gc,phases   ] GC(23)   Pre Evacuate Collection Set: 0.1ms
[2024-08-27T14:57:13.475+0000][info][gc,phases   ] GC(23)   Merge Heap Roots: 0.3ms
[2024-08-27T14:57:13.475+0000][info][gc,phases   ] GC(23)   Evacuate Collection Set: 3.3ms
[2024-08-27T14:57:13.475+0000][info][gc,phases   ] GC(23)   Post Evacuate Collection Set: 0.6ms
[2024-08-27T14:57:13.475+0000][info][gc,phases   ] GC(23)   Other: 0.1ms
[2024-08-27T14:57:13.475+0000][info][gc,heap     ] GC(23) Eden regions: 1->0(51)
[2024-08-27T14:57:13.475+0000][info][gc,heap     ] GC(23) Survivor regions: 7->0(3)
[2024-08-27T14:57:13.475+0000][info][gc,heap     ] GC(23) Old regions: 1006->1017
[2024-08-27T14:57:13.475+0000][info][gc,heap     ] GC(23) Archive regions: 2->2
[2024-08-27T14:57:13.475+0000][info][gc,heap     ] GC(23) Humongous regions: 5->5
[2024-08-27T14:57:13.475+0000][info][gc,metaspace] GC(23) Metaspace: 100K(320K)->100K(320K) NonClass: 96K(192K)->96K(192K) Class: 4K(128K)->4K(128K)
[2024-08-27T14:57:13.475+0000][info][gc          ] GC(23) Pause Young (Normal) (G1 Preventive Collection) 1019M->1022M(1024M) 4.535ms
[2024-08-27T14:57:13.475+0000][info][gc,cpu      ] GC(23) User=0.09s Sys=0.00s Real=0.00s
[2024-08-27T14:57:13.475+0000][info][gc,ergo     ] Attempting full compaction
[2024-08-27T14:57:13.475+0000][info][gc,task     ] GC(24) Using 24 workers of 68 for full compaction
[2024-08-27T14:57:13.475+0000][info][gc,start    ] GC(24) Pause Full (G1 Compaction Pause)
[2024-08-27T14:57:13.476+0000][info][gc,phases,start] GC(24) Phase 1: Mark live objects
[2024-08-27T14:57:13.489+0000][info][gc,phases      ] GC(24) Phase 1: Mark live objects 12.270ms
[2024-08-27T14:57:13.489+0000][info][gc,phases,start] GC(24) Phase 2: Prepare for compaction
[2024-08-27T14:57:13.496+0000][info][gc,phases      ] GC(24) Phase 2: Prepare for compaction 6.983ms
[2024-08-27T14:57:13.496+0000][info][gc,phases,start] GC(24) Phase 3: Adjust pointers
[2024-08-27T14:57:13.509+0000][info][gc,phases      ] GC(24) Phase 3: Adjust pointers 12.972ms
[2024-08-27T14:57:13.509+0000][info][gc,phases,start] GC(24) Phase 4: Compact heap
[2024-08-27T14:57:13.533+0000][info][gc,phases      ] GC(24) Phase 4: Compact heap 24.298ms
[2024-08-27T14:57:13.534+0000][info][gc,heap        ] GC(24) Eden regions: 0->0(148)
[2024-08-27T14:57:13.534+0000][info][gc,heap        ] GC(24) Survivor regions: 0->0(3)
[2024-08-27T14:57:13.534+0000][info][gc,heap        ] GC(24) Old regions: 1017->444
[2024-08-27T14:57:13.534+0000][info][gc,heap        ] GC(24) Archive regions: 2->2
[2024-08-27T14:57:13.534+0000][info][gc,heap        ] GC(24) Humongous regions: 5->5
[2024-08-27T14:57:13.534+0000][info][gc,metaspace   ] GC(24) Metaspace: 100K(320K)->100K(320K) NonClass: 96K(192K)->96K(192K) Class: 4K(128K)->4K(128K)
[2024-08-27T14:57:13.534+0000][info][gc             ] GC(24) Pause Full (G1 Compaction Pause) 1022M->438M(1024M) 58.944ms
[2024-08-27T14:57:13.535+0000][info][gc,cpu         ] GC(24) User=1.29s Sys=0.00s Real=0.06s
[2024-08-27T14:57:13.535+0000][info][gc,marking     ] GC(17) Concurrent Rebuild Remembered Sets 160.877ms
[2024-08-27T14:57:13.535+0000][info][gc,marking     ] GC(17) Concurrent Mark Abort
[2024-08-27T14:57:13.535+0000][info][gc             ] GC(17) Concurrent Mark Cycle 187.040ms
[2024-08-27T14:57:13.615+0000][info][gc,start       ] GC(25) Pause Young (Normal) (G1 Evacuation Pause)
[2024-08-27T14:57:13.615+0000][info][gc,task        ] GC(25) Using 24 workers of 68 for evacuation
[2024-08-27T14:57:13.636+0000][info][gc,phases      ] GC(25)   Pre Evacuate Collection Set: 0.2ms
[2024-08-27T14:57:13.636+0000][info][gc,phases      ] GC(25)   Merge Heap Roots: 0.3ms
[2024-08-27T14:57:13.636+0000][info][gc,phases      ] GC(25)   Evacuate Collection Set: 19.9ms
[2024-08-27T14:57:13.636+0000][info][gc,phases      ] GC(25)   Post Evacuate Collection Set: 0.4ms
[2024-08-27T14:57:13.636+0000][info][gc,phases      ] GC(25)   Other: 0.3ms
[2024-08-27T14:57:13.636+0000][info][gc,heap        ] GC(25) Eden regions: 148->0(103)
[2024-08-27T14:57:13.636+0000][info][gc,heap        ] GC(25) Survivor regions: 0->19(19)
[2024-08-27T14:57:13.636+0000][info][gc,heap        ] GC(25) Old regions: 444->569
[2024-08-27T14:57:13.636+0000][info][gc,heap        ] GC(25) Archive regions: 2->2
[2024-08-27T14:57:13.636+0000][info][gc,heap        ] GC(25) Humongous regions: 5->5
[2024-08-27T14:57:13.636+0000][info][gc,metaspace   ] GC(25) Metaspace: 100K(320K)->100K(320K) NonClass: 96K(192K)->96K(192K) Class: 4K(128K)->4K(128K)
[2024-08-27T14:57:13.636+0000][info][gc             ] GC(25) Pause Young (Normal) (G1 Evacuation Pause) 586M->581M(1024M) 21.051ms
[2024-08-27T14:57:13.636+0000][info][gc,cpu         ] GC(25) User=0.47s Sys=0.01s Real=0.02s
[2024-08-27T14:57:13.684+0000][info][gc,start       ] GC(26) Pause Young (Concurrent Start) (G1 Evacuation Pause)
[2024-08-27T14:57:13.684+0000][info][gc,task        ] GC(26) Using 24 workers of 68 for evacuation
[2024-08-27T14:57:13.702+0000][info][gc,phases      ] GC(26)   Pre Evacuate Collection Set: 0.2ms
[2024-08-27T14:57:13.702+0000][info][gc,phases      ] GC(26)   Merge Heap Roots: 0.4ms
[2024-08-27T14:57:13.702+0000][info][gc,phases      ] GC(26)   Evacuate Collection Set: 17.3ms
[2024-08-27T14:57:13.702+0000][info][gc,phases      ] GC(26)   Post Evacuate Collection Set: 0.3ms
[2024-08-27T14:57:13.702+0000][info][gc,phases      ] GC(26)   Other: 0.6ms
[2024-08-27T14:57:13.702+0000][info][gc,heap        ] GC(26) Eden regions: 103->0(70)
[2024-08-27T14:57:13.702+0000][info][gc,heap        ] GC(26) Survivor regions: 19->16(16)
[2024-08-27T14:57:13.702+0000][info][gc,heap        ] GC(26) Old regions: 569->676
[2024-08-27T14:57:13.702+0000][info][gc,heap        ] GC(26) Archive regions: 2->2
[2024-08-27T14:57:13.702+0000][info][gc,heap        ] GC(26) Humongous regions: 5->5
[2024-08-27T14:57:13.702+0000][info][gc,metaspace   ] GC(26) Metaspace: 100K(320K)->100K(320K) NonClass: 96K(192K)->96K(192K) Class: 4K(128K)->4K(128K)
[2024-08-27T14:57:13.702+0000][info][gc             ] GC(26) Pause Young (Concurrent Start) (G1 Evacuation Pause) 684M->685M(1024M) 18.823ms
[2024-08-27T14:57:13.702+0000][info][gc,cpu         ] GC(26) User=0.42s Sys=0.00s Real=0.02s
[2024-08-27T14:57:13.702+0000][info][gc             ] GC(27) Concurrent Mark Cycle
[2024-08-27T14:57:13.702+0000][info][gc,marking     ] GC(27) Concurrent Clear Claimed Marks
[2024-08-27T14:57:13.702+0000][info][gc,marking     ] GC(27) Concurrent Clear Claimed Marks 0.010ms
[2024-08-27T14:57:13.702+0000][info][gc,marking     ] GC(27) Concurrent Scan Root Regions
[2024-08-27T14:57:13.706+0000][info][gc,marking     ] GC(27) Concurrent Scan Root Regions 3.339ms
[2024-08-27T14:57:13.706+0000][info][gc,marking     ] GC(27) Concurrent Mark
[2024-08-27T14:57:13.706+0000][info][gc,marking     ] GC(27) Concurrent Mark From Roots
[2024-08-27T14:57:13.706+0000][info][gc,task        ] GC(27) Using 17 workers of 17 for marking
[2024-08-27T14:57:13.726+0000][info][gc,marking     ] GC(27) Concurrent Mark From Roots 20.174ms
[2024-08-27T14:57:13.726+0000][info][gc,marking     ] GC(27) Concurrent Preclean
[2024-08-27T14:57:13.727+0000][info][gc,marking     ] GC(27) Concurrent Preclean 0.548ms
[2024-08-27T14:57:13.727+0000][info][gc,start       ] GC(27) Pause Remark
[2024-08-27T14:57:13.728+0000][info][gc             ] GC(27) Pause Remark 724M->724M(1024M) 1.086ms
[2024-08-27T14:57:13.728+0000][info][gc,cpu         ] GC(27) User=0.00s Sys=0.00s Real=0.00s
[2024-08-27T14:57:13.728+0000][info][gc,marking     ] GC(27) Concurrent Mark 22.167ms
[2024-08-27T14:57:13.728+0000][info][gc,marking     ] GC(27) Concurrent Rebuild Remembered Sets
[2024-08-27T14:57:13.742+0000][info][gc,start       ] GC(28) Pause Young (Normal) (G1 Evacuation Pause)
[2024-08-27T14:57:13.742+0000][info][gc,task        ] GC(28) Using 24 workers of 68 for evacuation
[2024-08-27T14:57:13.758+0000][info][gc,phases      ] GC(28)   Pre Evacuate Collection Set: 0.1ms
[2024-08-27T14:57:13.758+0000][info][gc,phases      ] GC(28)   Merge Heap Roots: 0.3ms
[2024-08-27T14:57:13.758+0000][info][gc,phases      ] GC(28)   Evacuate Collection Set: 14.8ms
[2024-08-27T14:57:13.758+0000][info][gc,phases      ] GC(28)   Post Evacuate Collection Set: 0.5ms
[2024-08-27T14:57:13.758+0000][info][gc,phases      ] GC(28)   Other: 0.2ms
[2024-08-27T14:57:13.758+0000][info][gc,heap        ] GC(28) Eden regions: 70->0(46)
[2024-08-27T14:57:13.758+0000][info][gc,heap        ] GC(28) Survivor regions: 16->11(11)
[2024-08-27T14:57:13.758+0000][info][gc,heap        ] GC(28) Old regions: 676->755
[2024-08-27T14:57:13.758+0000][info][gc,heap        ] GC(28) Archive regions: 2->2
[2024-08-27T14:57:13.758+0000][info][gc,heap        ] GC(28) Humongous regions: 5->5
[2024-08-27T14:57:13.758+0000][info][gc,metaspace   ] GC(28) Metaspace: 100K(320K)->100K(320K) NonClass: 96K(192K)->96K(192K) Class: 4K(128K)->4K(128K)
[2024-08-27T14:57:13.758+0000][info][gc             ] GC(28) Pause Young (Normal) (G1 Evacuation Pause) 755M->759M(1024M) 16.021ms
[2024-08-27T14:57:13.758+0000][info][gc,cpu         ] GC(28) User=0.34s Sys=0.02s Real=0.02s
[2024-08-27T14:57:13.780+0000][info][gc,start       ] GC(29) Pause Young (Normal) (G1 Evacuation Pause)
[2024-08-27T14:57:13.780+0000][info][gc,task        ] GC(29) Using 24 workers of 68 for evacuation
[2024-08-27T14:57:13.794+0000][info][gc,phases      ] GC(29)   Pre Evacuate Collection Set: 0.1ms
[2024-08-27T14:57:13.794+0000][info][gc,phases      ] GC(29)   Merge Heap Roots: 0.4ms
[2024-08-27T14:57:13.794+0000][info][gc,phases      ] GC(29)   Evacuate Collection Set: 12.7ms
[2024-08-27T14:57:13.794+0000][info][gc,phases      ] GC(29)   Post Evacuate Collection Set: 0.5ms
[2024-08-27T14:57:13.794+0000][info][gc,phases      ] GC(29)   Other: 0.2ms
[2024-08-27T14:57:13.794+0000][info][gc,heap        ] GC(29) Eden regions: 46->0(43)
[2024-08-27T14:57:13.794+0000][info][gc,heap        ] GC(29) Survivor regions: 11->8(8)
[2024-08-27T14:57:13.794+0000][info][gc,heap        ] GC(29) Old regions: 755->808
[2024-08-27T14:57:13.794+0000][info][gc,heap        ] GC(29) Archive regions: 2->2
[2024-08-27T14:57:13.794+0000][info][gc,heap        ] GC(29) Humongous regions: 5->5
[2024-08-27T14:57:13.794+0000][info][gc,metaspace   ] GC(29) Metaspace: 100K(320K)->100K(320K) NonClass: 96K(192K)->96K(192K) Class: 4K(128K)->4K(128K)
[2024-08-27T14:57:13.794+0000][info][gc             ] GC(29) Pause Young (Normal) (G1 Evacuation Pause) 805M->810M(1024M) 14.113ms
[2024-08-27T14:57:13.794+0000][info][gc,cpu         ] GC(29) User=0.32s Sys=0.00s Real=0.01s
[2024-08-27T14:57:13.814+0000][info][gc,marking     ] GC(27) Concurrent Rebuild Remembered Sets 86.001ms
[2024-08-27T14:57:13.814+0000][info][gc,start       ] GC(27) Pause Cleanup
[2024-08-27T14:57:13.815+0000][info][gc             ] GC(27) Pause Cleanup 853M->853M(1024M) 0.992ms
[2024-08-27T14:57:13.815+0000][info][gc,cpu         ] GC(27) User=0.01s Sys=0.00s Real=0.00s
[2024-08-27T14:57:13.815+0000][info][gc,marking     ] GC(27) Concurrent Cleanup for Next Mark
[2024-08-27T14:57:13.816+0000][info][gc,start       ] GC(30) Pause Young (Prepare Mixed) (G1 Evacuation Pause)
[2024-08-27T14:57:13.816+0000][info][gc,task        ] GC(30) Using 24 workers of 68 for evacuation
[2024-08-27T14:57:13.828+0000][info][gc,phases      ] GC(30)   Pre Evacuate Collection Set: 0.1ms
[2024-08-27T14:57:13.828+0000][info][gc,phases      ] GC(30)   Merge Heap Roots: 0.5ms
[2024-08-27T14:57:13.828+0000][info][gc,phases      ] GC(30)   Evacuate Collection Set: 11.2ms
[2024-08-27T14:57:13.828+0000][info][gc,phases      ] GC(30)   Post Evacuate Collection Set: 0.3ms
[2024-08-27T14:57:13.828+0000][info][gc,phases      ] GC(30)   Other: 0.1ms
[2024-08-27T14:57:13.828+0000][info][gc,heap        ] GC(30) Eden regions: 43->0(44)
[2024-08-27T14:57:13.828+0000][info][gc,heap        ] GC(30) Survivor regions: 8->7(7)
[2024-08-27T14:57:13.828+0000][info][gc,heap        ] GC(30) Old regions: 808->856
[2024-08-27T14:57:13.828+0000][info][gc,heap        ] GC(30) Archive regions: 2->2
[2024-08-27T14:57:13.828+0000][info][gc,heap        ] GC(30) Humongous regions: 5->5
[2024-08-27T14:57:13.828+0000][info][gc,metaspace   ] GC(30) Metaspace: 100K(320K)->100K(320K) NonClass: 96K(192K)->96K(192K) Class: 4K(128K)->4K(128K)
[2024-08-27T14:57:13.828+0000][info][gc             ] GC(30) Pause Young (Prepare Mixed) (G1 Evacuation Pause) 853M->856M(1024M) 12.246ms
[2024-08-27T14:57:13.828+0000][info][gc,cpu         ] GC(30) User=0.27s Sys=0.01s Real=0.01s
[2024-08-27T14:57:13.828+0000][info][gc,marking     ] GC(27) Concurrent Cleanup for Next Mark 13.060ms
[2024-08-27T14:57:13.828+0000][info][gc             ] GC(27) Concurrent Mark Cycle 126.052ms
[2024-08-27T14:57:13.849+0000][info][gc,start       ] GC(31) Pause Young (Mixed) (G1 Evacuation Pause)
[2024-08-27T14:57:13.849+0000][info][gc,task        ] GC(31) Using 24 workers of 68 for evacuation
[2024-08-27T14:57:13.860+0000][info][gc,phases      ] GC(31)   Pre Evacuate Collection Set: 0.2ms
[2024-08-27T14:57:13.860+0000][info][gc,phases      ] GC(31)   Merge Heap Roots: 0.3ms
[2024-08-27T14:57:13.860+0000][info][gc,phases      ] GC(31)   Evacuate Collection Set: 10.0ms
[2024-08-27T14:57:13.860+0000][info][gc,phases      ] GC(31)   Post Evacuate Collection Set: 0.4ms
[2024-08-27T14:57:13.860+0000][info][gc,phases      ] GC(31)   Other: 0.2ms
[2024-08-27T14:57:13.860+0000][info][gc,heap        ] GC(31) Eden regions: 44->0(44)
[2024-08-27T14:57:13.860+0000][info][gc,heap        ] GC(31) Survivor regions: 7->7(7)
[2024-08-27T14:57:13.860+0000][info][gc,heap        ] GC(31) Old regions: 856->800
[2024-08-27T14:57:13.860+0000][info][gc,heap        ] GC(31) Archive regions: 2->2
[2024-08-27T14:57:13.860+0000][info][gc,heap        ] GC(31) Humongous regions: 5->5
[2024-08-27T14:57:13.860+0000][info][gc,metaspace   ] GC(31) Metaspace: 100K(320K)->100K(320K) NonClass: 96K(192K)->96K(192K) Class: 4K(128K)->4K(128K)
[2024-08-27T14:57:13.860+0000][info][gc             ] GC(31) Pause Young (Mixed) (G1 Evacuation Pause) 900M->800M(1024M) 11.197ms
[2024-08-27T14:57:13.860+0000][info][gc,cpu         ] GC(31) User=0.24s Sys=0.01s Real=0.02s
[2024-08-27T14:57:13.880+0000][info][gc,start       ] GC(32) Pause Young (Mixed) (G1 Evacuation Pause)
[2024-08-27T14:57:13.880+0000][info][gc,task        ] GC(32) Using 24 workers of 68 for evacuation
[2024-08-27T14:57:13.892+0000][info][gc,phases      ] GC(32)   Pre Evacuate Collection Set: 0.2ms
[2024-08-27T14:57:13.892+0000][info][gc,phases      ] GC(32)   Merge Heap Roots: 0.4ms
[2024-08-27T14:57:13.892+0000][info][gc,phases      ] GC(32)   Evacuate Collection Set: 10.5ms
[2024-08-27T14:57:13.892+0000][info][gc,phases      ] GC(32)   Post Evacuate Collection Set: 0.3ms
[2024-08-27T14:57:13.892+0000][info][gc,phases      ] GC(32)   Other: 0.2ms
[2024-08-27T14:57:13.892+0000][info][gc,heap        ] GC(32) Eden regions: 44->0(46)
[2024-08-27T14:57:13.892+0000][info][gc,heap        ] GC(32) Survivor regions: 7->7(7)
[2024-08-27T14:57:13.892+0000][info][gc,heap        ] GC(32) Old regions: 800->760
[2024-08-27T14:57:13.892+0000][info][gc,heap        ] GC(32) Archive regions: 2->2
[2024-08-27T14:57:13.892+0000][info][gc,heap        ] GC(32) Humongous regions: 5->5
[2024-08-27T14:57:13.892+0000][info][gc,metaspace   ] GC(32) Metaspace: 100K(320K)->100K(320K) NonClass: 96K(192K)->96K(192K) Class: 4K(128K)->4K(128K)
[2024-08-27T14:57:13.892+0000][info][gc             ] GC(32) Pause Young (Mixed) (G1 Evacuation Pause) 844M->765M(1024M) 11.828ms
[2024-08-27T14:57:13.892+0000][info][gc,cpu         ] GC(32) User=0.26s Sys=0.00s Real=0.01s
[2024-08-27T14:57:13.913+0000][info][gc,start       ] GC(33) Pause Young (Concurrent Start) (G1 Evacuation Pause)
[2024-08-27T14:57:13.913+0000][info][gc,task        ] GC(33) Using 24 workers of 68 for evacuation
[2024-08-27T14:57:13.923+0000][info][gc,phases      ] GC(33)   Pre Evacuate Collection Set: 0.1ms
[2024-08-27T14:57:13.923+0000][info][gc,phases      ] GC(33)   Merge Heap Roots: 0.3ms
[2024-08-27T14:57:13.923+0000][info][gc,phases      ] GC(33)   Evacuate Collection Set: 9.3ms
[2024-08-27T14:57:13.923+0000][info][gc,phases      ] GC(33)   Post Evacuate Collection Set: 0.3ms
[2024-08-27T14:57:13.923+0000][info][gc,phases      ] GC(33)   Other: 0.6ms
[2024-08-27T14:57:13.923+0000][info][gc,heap        ] GC(33) Eden regions: 46->0(44)
[2024-08-27T14:57:13.923+0000][info][gc,heap        ] GC(33) Survivor regions: 7->7(7)
[2024-08-27T14:57:13.923+0000][info][gc,heap        ] GC(33) Old regions: 760->809
[2024-08-27T14:57:13.923+0000][info][gc,heap        ] GC(33) Archive regions: 2->2
[2024-08-27T14:57:13.923+0000][info][gc,heap        ] GC(33) Humongous regions: 5->5
[2024-08-27T14:57:13.923+0000][info][gc,metaspace   ] GC(33) Metaspace: 100K(320K)->100K(320K) NonClass: 96K(192K)->96K(192K) Class: 4K(128K)->4K(128K)
[2024-08-27T14:57:13.923+0000][info][gc             ] GC(33) Pause Young (Concurrent Start) (G1 Evacuation Pause) 811M->814M(1024M) 10.757ms
[2024-08-27T14:57:13.923+0000][info][gc,cpu         ] GC(33) User=0.23s Sys=0.00s Real=0.01s
[2024-08-27T14:57:13.923+0000][info][gc             ] GC(34) Concurrent Mark Cycle
[2024-08-27T14:57:13.923+0000][info][gc,marking     ] GC(34) Concurrent Clear Claimed Marks
[2024-08-27T14:57:13.923+0000][info][gc,marking     ] GC(34) Concurrent Clear Claimed Marks 0.014ms
[2024-08-27T14:57:13.923+0000][info][gc,marking     ] GC(34) Concurrent Scan Root Regions
[2024-08-27T14:57:13.925+0000][info][gc,marking     ] GC(34) Concurrent Scan Root Regions 1.852ms
[2024-08-27T14:57:13.925+0000][info][gc,marking     ] GC(34) Concurrent Mark
[2024-08-27T14:57:13.925+0000][info][gc,marking     ] GC(34) Concurrent Mark From Roots
[2024-08-27T14:57:13.925+0000][info][gc,task        ] GC(34) Using 17 workers of 17 for marking
[2024-08-27T14:57:13.947+0000][info][gc,marking     ] GC(34) Concurrent Mark From Roots 21.970ms
[2024-08-27T14:57:13.947+0000][info][gc,marking     ] GC(34) Concurrent Preclean
[2024-08-27T14:57:13.948+0000][info][gc,marking     ] GC(34) Concurrent Preclean 0.692ms
[2024-08-27T14:57:13.948+0000][info][gc,start       ] GC(34) Pause Remark
[2024-08-27T14:57:13.949+0000][info][gc             ] GC(34) Pause Remark 854M->854M(1024M) 1.150ms
[2024-08-27T14:57:13.950+0000][info][gc,cpu         ] GC(34) User=0.00s Sys=0.00s Real=0.01s
[2024-08-27T14:57:13.950+0000][info][gc,marking     ] GC(34) Concurrent Mark 24.222ms
[2024-08-27T14:57:13.950+0000][info][gc,marking     ] GC(34) Concurrent Rebuild Remembered Sets
[2024-08-27T14:57:13.952+0000][info][gc,start       ] GC(35) Pause Young (Normal) (G1 Evacuation Pause)
[2024-08-27T14:57:13.952+0000][info][gc,task        ] GC(35) Using 24 workers of 68 for evacuation
[2024-08-27T14:57:13.962+0000][info][gc,phases      ] GC(35)   Pre Evacuate Collection Set: 0.1ms
[2024-08-27T14:57:13.962+0000][info][gc,phases      ] GC(35)   Merge Heap Roots: 0.4ms
[2024-08-27T14:57:13.962+0000][info][gc,phases      ] GC(35)   Evacuate Collection Set: 9.0ms
[2024-08-27T14:57:13.962+0000][info][gc,phases      ] GC(35)   Post Evacuate Collection Set: 0.4ms
[2024-08-27T14:57:13.962+0000][info][gc,phases      ] GC(35)   Other: 0.2ms
[2024-08-27T14:57:13.962+0000][info][gc,heap        ] GC(35) Eden regions: 44->0(44)
[2024-08-27T14:57:13.962+0000][info][gc,heap        ] GC(35) Survivor regions: 7->7(7)
[2024-08-27T14:57:13.962+0000][info][gc,heap        ] GC(35) Old regions: 809->856
[2024-08-27T14:57:13.962+0000][info][gc,heap        ] GC(35) Archive regions: 2->2
[2024-08-27T14:57:13.962+0000][info][gc,heap        ] GC(35) Humongous regions: 5->5
[2024-08-27T14:57:13.962+0000][info][gc,metaspace   ] GC(35) Metaspace: 100K(320K)->100K(320K) NonClass: 96K(192K)->96K(192K) Class: 4K(128K)->4K(128K)
[2024-08-27T14:57:13.962+0000][info][gc             ] GC(35) Pause Young (Normal) (G1 Evacuation Pause) 858M->861M(1024M) 10.169ms
[2024-08-27T14:57:13.962+0000][info][gc,cpu         ] GC(35) User=0.18s Sys=0.04s Real=0.01s
[2024-08-27T14:57:13.982+0000][info][gc,start       ] GC(36) Pause Young (Normal) (G1 Evacuation Pause)
[2024-08-27T14:57:13.982+0000][info][gc,task        ] GC(36) Using 24 workers of 68 for evacuation
[2024-08-27T14:57:13.995+0000][info][gc,phases      ] GC(36)   Pre Evacuate Collection Set: 0.2ms
[2024-08-27T14:57:13.995+0000][info][gc,phases      ] GC(36)   Merge Heap Roots: 0.4ms
[2024-08-27T14:57:13.995+0000][info][gc,phases      ] GC(36)   Evacuate Collection Set: 12.1ms
[2024-08-27T14:57:13.995+0000][info][gc,phases      ] GC(36)   Post Evacuate Collection Set: 0.5ms
[2024-08-27T14:57:13.996+0000][info][gc,phases      ] GC(36)   Other: 0.2ms
[2024-08-27T14:57:13.996+0000][info][gc,heap        ] GC(36) Eden regions: 44->0(44)
[2024-08-27T14:57:13.996+0000][info][gc,heap        ] GC(36) Survivor regions: 7->7(7)
[2024-08-27T14:57:13.996+0000][info][gc,heap        ] GC(36) Old regions: 856->903
[2024-08-27T14:57:13.996+0000][info][gc,heap        ] GC(36) Archive regions: 2->2
[2024-08-27T14:57:13.996+0000][info][gc,heap        ] GC(36) Humongous regions: 5->5
[2024-08-27T14:57:13.996+0000][info][gc,metaspace   ] GC(36) Metaspace: 100K(320K)->100K(320K) NonClass: 96K(192K)->96K(192K) Class: 4K(128K)->4K(128K)
[2024-08-27T14:57:13.996+0000][info][gc             ] GC(36) Pause Young (Normal) (G1 Evacuation Pause) 905M->908M(1024M) 13.533ms
[2024-08-27T14:57:13.996+0000][info][gc,cpu         ] GC(36) User=0.30s Sys=0.00s Real=0.01s
[2024-08-27T14:57:14.016+0000][info][gc,start       ] GC(37) Pause Young (Normal) (G1 Evacuation Pause)
[2024-08-27T14:57:14.016+0000][info][gc,task        ] GC(37) Using 24 workers of 68 for evacuation
[2024-08-27T14:57:14.029+0000][info][gc,phases      ] GC(37)   Pre Evacuate Collection Set: 0.1ms
[2024-08-27T14:57:14.029+0000][info][gc,phases      ] GC(37)   Merge Heap Roots: 0.5ms
[2024-08-27T14:57:14.029+0000][info][gc,phases      ] GC(37)   Evacuate Collection Set: 11.7ms
[2024-08-27T14:57:14.029+0000][info][gc,phases      ] GC(37)   Post Evacuate Collection Set: 0.6ms
[2024-08-27T14:57:14.029+0000][info][gc,phases      ] GC(37)   Other: 0.2ms
[2024-08-27T14:57:14.029+0000][info][gc,heap        ] GC(37) Eden regions: 44->0(44)
[2024-08-27T14:57:14.029+0000][info][gc,heap        ] GC(37) Survivor regions: 7->7(7)
[2024-08-27T14:57:14.029+0000][info][gc,heap        ] GC(37) Old regions: 903->949
[2024-08-27T14:57:14.029+0000][info][gc,heap        ] GC(37) Archive regions: 2->2
[2024-08-27T14:57:14.029+0000][info][gc,heap        ] GC(37) Humongous regions: 5->5
[2024-08-27T14:57:14.029+0000][info][gc,metaspace   ] GC(37) Metaspace: 100K(320K)->100K(320K) NonClass: 96K(192K)->96K(192K) Class: 4K(128K)->4K(128K)
[2024-08-27T14:57:14.029+0000][info][gc             ] GC(37) Pause Young (Normal) (G1 Evacuation Pause) 952M->955M(1024M) 13.173ms
[2024-08-27T14:57:14.029+0000][info][gc,cpu         ] GC(37) User=0.30s Sys=0.00s Real=0.01s
[2024-08-27T14:57:14.042+0000][info][gc,start       ] GC(38) Pause Young (Normal) (G1 Preventive Collection)
[2024-08-27T14:57:14.042+0000][info][gc,task        ] GC(38) Using 24 workers of 68 for evacuation
[2024-08-27T14:57:14.053+0000][info][gc,phases      ] GC(38)   Pre Evacuate Collection Set: 0.1ms
[2024-08-27T14:57:14.053+0000][info][gc,phases      ] GC(38)   Merge Heap Roots: 0.5ms
[2024-08-27T14:57:14.053+0000][info][gc,phases      ] GC(38)   Evacuate Collection Set: 10.0ms
[2024-08-27T14:57:14.053+0000][info][gc,phases      ] GC(38)   Post Evacuate Collection Set: 0.5ms
[2024-08-27T14:57:14.053+0000][info][gc,phases      ] GC(38)   Other: 0.2ms
[2024-08-27T14:57:14.053+0000][info][gc,heap        ] GC(38) Eden regions: 25->0(44)
[2024-08-27T14:57:14.053+0000][info][gc,heap        ] GC(38) Survivor regions: 7->7(7)
[2024-08-27T14:57:14.053+0000][info][gc,heap        ] GC(38) Old regions: 949->978
[2024-08-27T14:57:14.053+0000][info][gc,heap        ] GC(38) Archive regions: 2->2
[2024-08-27T14:57:14.053+0000][info][gc,heap        ] GC(38) Humongous regions: 5->5
[2024-08-27T14:57:14.053+0000][info][gc,metaspace   ] GC(38) Metaspace: 100K(320K)->100K(320K) NonClass: 96K(192K)->96K(192K) Class: 4K(128K)->4K(128K)
[2024-08-27T14:57:14.053+0000][info][gc             ] GC(38) Pause Young (Normal) (G1 Preventive Collection) 980M->983M(1024M) 11.472ms
[2024-08-27T14:57:14.053+0000][info][gc,cpu         ] GC(38) User=0.25s Sys=0.00s Real=0.01s
[2024-08-27T14:57:14.054+0000][info][gc,marking     ] GC(34) Concurrent Rebuild Remembered Sets 103.935ms
[2024-08-27T14:57:14.054+0000][info][gc,start       ] GC(34) Pause Cleanup
[2024-08-27T14:57:14.055+0000][info][gc             ] GC(34) Pause Cleanup 984M->984M(1024M) 1.309ms
[2024-08-27T14:57:14.055+0000][info][gc,cpu         ] GC(34) User=0.00s Sys=0.00s Real=0.00s
[2024-08-27T14:57:14.055+0000][info][gc,marking     ] GC(34) Concurrent Cleanup for Next Mark
[2024-08-27T14:57:14.056+0000][info][gc,marking     ] GC(34) Concurrent Cleanup for Next Mark 0.605ms
[2024-08-27T14:57:14.056+0000][info][gc             ] GC(34) Concurrent Mark Cycle 132.389ms
[2024-08-27T14:57:14.061+0000][info][gc,start       ] GC(39) Pause Young (Prepare Mixed) (G1 Preventive Collection)
[2024-08-27T14:57:14.061+0000][info][gc,task        ] GC(39) Using 24 workers of 68 for evacuation
[2024-08-27T14:57:14.070+0000][info][gc,phases      ] GC(39)   Pre Evacuate Collection Set: 0.1ms
[2024-08-27T14:57:14.070+0000][info][gc,phases      ] GC(39)   Merge Heap Roots: 0.4ms
[2024-08-27T14:57:14.070+0000][info][gc,phases      ] GC(39)   Evacuate Collection Set: 7.7ms
[2024-08-27T14:57:14.070+0000][info][gc,phases      ] GC(39)   Post Evacuate Collection Set: 0.2ms
[2024-08-27T14:57:14.070+0000][info][gc,phases      ] GC(39)   Other: 0.2ms
[2024-08-27T14:57:14.070+0000][info][gc,heap        ] GC(39) Eden regions: 11->0(44)
[2024-08-27T14:57:14.070+0000][info][gc,heap        ] GC(39) Survivor regions: 7->7(7)
[2024-08-27T14:57:14.070+0000][info][gc,heap        ] GC(39) Old regions: 978->992
[2024-08-27T14:57:14.070+0000][info][gc,heap        ] GC(39) Archive regions: 2->2
[2024-08-27T14:57:14.070+0000][info][gc,heap        ] GC(39) Humongous regions: 5->5
[2024-08-27T14:57:14.070+0000][info][gc,metaspace   ] GC(39) Metaspace: 100K(320K)->100K(320K) NonClass: 96K(192K)->96K(192K) Class: 4K(128K)->4K(128K)
[2024-08-27T14:57:14.070+0000][info][gc             ] GC(39) Pause Young (Prepare Mixed) (G1 Preventive Collection) 994M->997M(1024M) 8.775ms
[2024-08-27T14:57:14.070+0000][info][gc,cpu         ] GC(39) User=0.18s Sys=0.02s Real=0.01s
[2024-08-27T14:57:14.072+0000][info][gc,start       ] GC(40) Pause Young (Mixed) (G1 Preventive Collection)
[2024-08-27T14:57:14.072+0000][info][gc,task        ] GC(40) Using 24 workers of 68 for evacuation
[2024-08-27T14:57:14.076+0000][info][gc,phases      ] GC(40)   Pre Evacuate Collection Set: 0.2ms
[2024-08-27T14:57:14.076+0000][info][gc,phases      ] GC(40)   Merge Heap Roots: 0.5ms
[2024-08-27T14:57:14.076+0000][info][gc,phases      ] GC(40)   Evacuate Collection Set: 3.0ms
[2024-08-27T14:57:14.076+0000][info][gc,phases      ] GC(40)   Post Evacuate Collection Set: 0.3ms
[2024-08-27T14:57:14.076+0000][info][gc,phases      ] GC(40)   Other: 0.1ms
[2024-08-27T14:57:14.076+0000][info][gc,heap        ] GC(40) Eden regions: 4->0(46)
[2024-08-27T14:57:14.076+0000][info][gc,heap        ] GC(40) Survivor regions: 7->5(7)
[2024-08-27T14:57:14.076+0000][info][gc,heap        ] GC(40) Old regions: 992->898
[2024-08-27T14:57:14.076+0000][info][gc,heap        ] GC(40) Archive regions: 2->2
[2024-08-27T14:57:14.076+0000][info][gc,heap        ] GC(40) Humongous regions: 5->5
[2024-08-27T14:57:14.076+0000][info][gc,metaspace   ] GC(40) Metaspace: 100K(320K)->100K(320K) NonClass: 96K(192K)->96K(192K) Class: 4K(128K)->4K(128K)
[2024-08-27T14:57:14.076+0000][info][gc             ] GC(40) Pause Young (Mixed) (G1 Preventive Collection) 1001M->904M(1024M) 4.165ms
[2024-08-27T14:57:14.076+0000][info][gc,cpu         ] GC(40) User=0.08s Sys=0.00s Real=0.00s
[2024-08-27T14:57:14.099+0000][info][gc,start       ] GC(41) Pause Young (Mixed) (G1 Evacuation Pause)
[2024-08-27T14:57:14.099+0000][info][gc,task        ] GC(41) Using 24 workers of 68 for evacuation
[2024-08-27T14:57:14.109+0000][info][gc,phases      ] GC(41)   Pre Evacuate Collection Set: 0.2ms
[2024-08-27T14:57:14.109+0000][info][gc,phases      ] GC(41)   Merge Heap Roots: 0.4ms
[2024-08-27T14:57:14.109+0000][info][gc,phases      ] GC(41)   Evacuate Collection Set: 8.9ms
[2024-08-27T14:57:14.109+0000][info][gc,phases      ] GC(41)   Post Evacuate Collection Set: 0.4ms
[2024-08-27T14:57:14.109+0000][info][gc,phases      ] GC(41)   Other: 0.2ms
[2024-08-27T14:57:14.109+0000][info][gc,heap        ] GC(41) Eden regions: 46->0(44)
[2024-08-27T14:57:14.109+0000][info][gc,heap        ] GC(41) Survivor regions: 5->7(7)
[2024-08-27T14:57:14.109+0000][info][gc,heap        ] GC(41) Old regions: 898->837
[2024-08-27T14:57:14.109+0000][info][gc,heap        ] GC(41) Archive regions: 2->2
[2024-08-27T14:57:14.109+0000][info][gc,heap        ] GC(41) Humongous regions: 5->5
[2024-08-27T14:57:14.109+0000][info][gc,metaspace   ] GC(41) Metaspace: 100K(320K)->100K(320K) NonClass: 96K(192K)->96K(192K) Class: 4K(128K)->4K(128K)
[2024-08-27T14:57:14.109+0000][info][gc             ] GC(41) Pause Young (Mixed) (G1 Evacuation Pause) 950M->848M(1024M) 10.097ms
[2024-08-27T14:57:14.109+0000][info][gc,cpu         ] GC(41) User=0.22s Sys=0.00s Real=0.00s
[2024-08-27T14:57:14.134+0000][info][gc,start       ] GC(42) Pause Young (Mixed) (G1 Evacuation Pause)
[2024-08-27T14:57:14.134+0000][info][gc,task        ] GC(42) Using 24 workers of 68 for evacuation
[2024-08-27T14:57:14.150+0000][info][gc,phases      ] GC(42)   Pre Evacuate Collection Set: 0.2ms
[2024-08-27T14:57:14.150+0000][info][gc,phases      ] GC(42)   Merge Heap Roots: 0.6ms
[2024-08-27T14:57:14.150+0000][info][gc,phases      ] GC(42)   Evacuate Collection Set: 14.6ms
[2024-08-27T14:57:14.150+0000][info][gc,phases      ] GC(42)   Post Evacuate Collection Set: 0.4ms
[2024-08-27T14:57:14.150+0000][info][gc,phases      ] GC(42)   Other: 0.2ms
[2024-08-27T14:57:14.150+0000][info][gc,heap        ] GC(42) Eden regions: 44->0(44)
[2024-08-27T14:57:14.150+0000][info][gc,heap        ] GC(42) Survivor regions: 7->7(7)
[2024-08-27T14:57:14.150+0000][info][gc,heap        ] GC(42) Old regions: 837->796
[2024-08-27T14:57:14.150+0000][info][gc,heap        ] GC(42) Archive regions: 2->2
[2024-08-27T14:57:14.150+0000][info][gc,heap        ] GC(42) Humongous regions: 5->5
[2024-08-27T14:57:14.150+0000][info][gc,metaspace   ] GC(42) Metaspace: 100K(320K)->100K(320K) NonClass: 96K(192K)->96K(192K) Class: 4K(128K)->4K(128K)
[2024-08-27T14:57:14.150+0000][info][gc             ] GC(42) Pause Young (Mixed) (G1 Evacuation Pause) 892M->808M(1024M) 16.086ms
[2024-08-27T14:57:14.150+0000][info][gc,cpu         ] GC(42) User=0.23s Sys=0.12s Real=0.02s
[2024-08-27T14:57:14.174+0000][info][gc,start       ] GC(43) Pause Young (Mixed) (G1 Evacuation Pause)
[2024-08-27T14:57:14.174+0000][info][gc,task        ] GC(43) Using 24 workers of 68 for evacuation
[2024-08-27T14:57:14.187+0000][info][gc,phases      ] GC(43)   Pre Evacuate Collection Set: 0.2ms
[2024-08-27T14:57:14.187+0000][info][gc,phases      ] GC(43)   Merge Heap Roots: 0.4ms
[2024-08-27T14:57:14.187+0000][info][gc,phases      ] GC(43)   Evacuate Collection Set: 11.4ms
[2024-08-27T14:57:14.187+0000][info][gc,phases      ] GC(43)   Post Evacuate Collection Set: 0.4ms
[2024-08-27T14:57:14.187+0000][info][gc,phases      ] GC(43)   Other: 0.3ms
[2024-08-27T14:57:14.187+0000][info][gc,heap        ] GC(43) Eden regions: 44->0(44)
[2024-08-27T14:57:14.187+0000][info][gc,heap        ] GC(43) Survivor regions: 7->7(7)
[2024-08-27T14:57:14.187+0000][info][gc,heap        ] GC(43) Old regions: 796->827
[2024-08-27T14:57:14.187+0000][info][gc,heap        ] GC(43) Archive regions: 2->2
[2024-08-27T14:57:14.187+0000][info][gc,heap        ] GC(43) Humongous regions: 5->5
[2024-08-27T14:57:14.187+0000][info][gc,metaspace   ] GC(43) Metaspace: 100K(320K)->100K(320K) NonClass: 96K(192K)->96K(192K) Class: 4K(128K)->4K(128K)
[2024-08-27T14:57:14.187+0000][info][gc             ] GC(43) Pause Young (Mixed) (G1 Evacuation Pause) 852M->839M(1024M) 12.755ms
[2024-08-27T14:57:14.187+0000][info][gc,cpu         ] GC(43) User=0.27s Sys=0.01s Real=0.01s
[2024-08-27T14:57:14.209+0000][info][gc,start       ] GC(44) Pause Young (Concurrent Start) (G1 Evacuation Pause)
[2024-08-27T14:57:14.210+0000][info][gc,task        ] GC(44) Using 24 workers of 68 for evacuation
[2024-08-27T14:57:14.221+0000][info][gc,phases      ] GC(44)   Pre Evacuate Collection Set: 0.2ms
[2024-08-27T14:57:14.221+0000][info][gc,phases      ] GC(44)   Merge Heap Roots: 0.4ms
[2024-08-27T14:57:14.221+0000][info][gc,phases      ] GC(44)   Evacuate Collection Set: 9.8ms
[2024-08-27T14:57:14.221+0000][info][gc,phases      ] GC(44)   Post Evacuate Collection Set: 0.3ms
[2024-08-27T14:57:14.221+0000][info][gc,phases      ] GC(44)   Other: 0.8ms
[2024-08-27T14:57:14.221+0000][info][gc,heap        ] GC(44) Eden regions: 44->0(44)
[2024-08-27T14:57:14.221+0000][info][gc,heap        ] GC(44) Survivor regions: 7->7(7)
[2024-08-27T14:57:14.221+0000][info][gc,heap        ] GC(44) Old regions: 827->875
[2024-08-27T14:57:14.221+0000][info][gc,heap        ] GC(44) Archive regions: 2->2
[2024-08-27T14:57:14.221+0000][info][gc,heap        ] GC(44) Humongous regions: 5->5
[2024-08-27T14:57:14.221+0000][info][gc,metaspace   ] GC(44) Metaspace: 100K(320K)->100K(320K) NonClass: 96K(192K)->96K(192K) Class: 4K(128K)->4K(128K)
[2024-08-27T14:57:14.221+0000][info][gc             ] GC(44) Pause Young (Concurrent Start) (G1 Evacuation Pause) 883M->887M(1024M) 11.536ms
[2024-08-27T14:57:14.221+0000][info][gc,cpu         ] GC(44) User=0.24s Sys=0.01s Real=0.01s
[2024-08-27T14:57:14.221+0000][info][gc             ] GC(45) Concurrent Mark Cycle
[2024-08-27T14:57:14.221+0000][info][gc,marking     ] GC(45) Concurrent Clear Claimed Marks
[2024-08-27T14:57:14.221+0000][info][gc,marking     ] GC(45) Concurrent Clear Claimed Marks 0.011ms
[2024-08-27T14:57:14.221+0000][info][gc,marking     ] GC(45) Concurrent Scan Root Regions
[2024-08-27T14:57:14.223+0000][info][gc,marking     ] GC(45) Concurrent Scan Root Regions 1.400ms
[2024-08-27T14:57:14.223+0000][info][gc,marking     ] GC(45) Concurrent Mark
[2024-08-27T14:57:14.223+0000][info][gc,marking     ] GC(45) Concurrent Mark From Roots
[2024-08-27T14:57:14.223+0000][info][gc,task        ] GC(45) Using 17 workers of 17 for marking
[2024-08-27T14:57:14.247+0000][info][gc,marking     ] GC(45) Concurrent Mark From Roots 24.246ms
[2024-08-27T14:57:14.247+0000][info][gc,marking     ] GC(45) Concurrent Preclean
[2024-08-27T14:57:14.248+0000][info][gc,marking     ] GC(45) Concurrent Preclean 0.822ms
[2024-08-27T14:57:14.248+0000][info][gc,start       ] GC(45) Pause Remark
[2024-08-27T14:57:14.249+0000][info][gc             ] GC(45) Pause Remark 929M->929M(1024M) 1.253ms
[2024-08-27T14:57:14.249+0000][info][gc,cpu         ] GC(45) User=0.01s Sys=0.00s Real=0.00s
[2024-08-27T14:57:14.249+0000][info][gc,marking     ] GC(45) Concurrent Mark 26.766ms
[2024-08-27T14:57:14.249+0000][info][gc,marking     ] GC(45) Concurrent Rebuild Remembered Sets
[2024-08-27T14:57:14.251+0000][info][gc,start       ] GC(46) Pause Young (Normal) (G1 Evacuation Pause)
[2024-08-27T14:57:14.251+0000][info][gc,task        ] GC(46) Using 24 workers of 68 for evacuation
[2024-08-27T14:57:14.261+0000][info][gc,phases      ] GC(46)   Pre Evacuate Collection Set: 0.1ms
[2024-08-27T14:57:14.261+0000][info][gc,phases      ] GC(46)   Merge Heap Roots: 0.4ms
[2024-08-27T14:57:14.261+0000][info][gc,phases      ] GC(46)   Evacuate Collection Set: 9.0ms
[2024-08-27T14:57:14.261+0000][info][gc,phases      ] GC(46)   Post Evacuate Collection Set: 0.5ms
[2024-08-27T14:57:14.261+0000][info][gc,phases      ] GC(46)   Other: 0.1ms
[2024-08-27T14:57:14.261+0000][info][gc,heap        ] GC(46) Eden regions: 44->0(44)
[2024-08-27T14:57:14.261+0000][info][gc,heap        ] GC(46) Survivor regions: 7->7(7)
[2024-08-27T14:57:14.261+0000][info][gc,heap        ] GC(46) Old regions: 875->922
[2024-08-27T14:57:14.261+0000][info][gc,heap        ] GC(46) Archive regions: 2->2
[2024-08-27T14:57:14.261+0000][info][gc,heap        ] GC(46) Humongous regions: 5->5
[2024-08-27T14:57:14.261+0000][info][gc,metaspace   ] GC(46) Metaspace: 100K(320K)->100K(320K) NonClass: 96K(192K)->96K(192K) Class: 4K(128K)->4K(128K)
[2024-08-27T14:57:14.261+0000][info][gc             ] GC(46) Pause Young (Normal) (G1 Evacuation Pause) 931M->934M(1024M) 10.231ms
[2024-08-27T14:57:14.261+0000][info][gc,cpu         ] GC(46) User=0.23s Sys=0.00s Real=0.01s
[2024-08-27T14:57:14.280+0000][info][gc,start       ] GC(47) Pause Young (Normal) (G1 Preventive Collection)
[2024-08-27T14:57:14.280+0000][info][gc,task        ] GC(47) Using 24 workers of 68 for evacuation
[2024-08-27T14:57:14.292+0000][info][gc,phases      ] GC(47)   Pre Evacuate Collection Set: 0.1ms
[2024-08-27T14:57:14.292+0000][info][gc,phases      ] GC(47)   Merge Heap Roots: 0.3ms
[2024-08-27T14:57:14.292+0000][info][gc,phases      ] GC(47)   Evacuate Collection Set: 11.5ms
[2024-08-27T14:57:14.292+0000][info][gc,phases      ] GC(47)   Post Evacuate Collection Set: 0.5ms
[2024-08-27T14:57:14.292+0000][info][gc,phases      ] GC(47)   Other: 0.2ms
[2024-08-27T14:57:14.292+0000][info][gc,heap        ] GC(47) Eden regions: 38->0(44)
[2024-08-27T14:57:14.292+0000][info][gc,heap        ] GC(47) Survivor regions: 7->7(7)
[2024-08-27T14:57:14.292+0000][info][gc,heap        ] GC(47) Old regions: 922->963
[2024-08-27T14:57:14.292+0000][info][gc,heap        ] GC(47) Archive regions: 2->2
[2024-08-27T14:57:14.292+0000][info][gc,heap        ] GC(47) Humongous regions: 5->5
[2024-08-27T14:57:14.292+0000][info][gc,metaspace   ] GC(47) Metaspace: 100K(320K)->100K(320K) NonClass: 96K(192K)->96K(192K) Class: 4K(128K)->4K(128K)
[2024-08-27T14:57:14.292+0000][info][gc             ] GC(47) Pause Young (Normal) (G1 Preventive Collection) 972M->975M(1024M) 12.768ms
[2024-08-27T14:57:14.292+0000][info][gc,cpu         ] GC(47) User=0.28s Sys=0.00s Real=0.01s
[2024-08-27T14:57:14.301+0000][info][gc,start       ] GC(48) Pause Young (Normal) (G1 Preventive Collection)
[2024-08-27T14:57:14.301+0000][info][gc,task        ] GC(48) Using 24 workers of 68 for evacuation
[2024-08-27T14:57:14.313+0000][info][gc             ] GC(48) To-space exhausted
[2024-08-27T14:57:14.313+0000][info][gc,phases      ] GC(48)   Pre Evacuate Collection Set: 0.1ms
[2024-08-27T14:57:14.313+0000][info][gc,phases      ] GC(48)   Merge Heap Roots: 0.5ms
[2024-08-27T14:57:14.313+0000][info][gc,phases      ] GC(48)   Evacuate Collection Set: 10.4ms
[2024-08-27T14:57:14.313+0000][info][gc,phases      ] GC(48)   Post Evacuate Collection Set: 0.8ms
[2024-08-27T14:57:14.313+0000][info][gc,phases      ] GC(48)   Other: 0.2ms
[2024-08-27T14:57:14.313+0000][info][gc,heap        ] GC(48) Eden regions: 19->0(44)
[2024-08-27T14:57:14.313+0000][info][gc,heap        ] GC(48) Survivor regions: 7->7(7)
[2024-08-27T14:57:14.313+0000][info][gc,heap        ] GC(48) Old regions: 963->1005
[2024-08-27T14:57:14.313+0000][info][gc,heap        ] GC(48) Archive regions: 2->2
[2024-08-27T14:57:14.313+0000][info][gc,heap        ] GC(48) Humongous regions: 5->5
[2024-08-27T14:57:14.313+0000][info][gc,metaspace   ] GC(48) Metaspace: 100K(320K)->100K(320K) NonClass: 96K(192K)->96K(192K) Class: 4K(128K)->4K(128K)
[2024-08-27T14:57:14.313+0000][info][gc             ] GC(48) Pause Young (Normal) (G1 Preventive Collection) 994M->1017M(1024M) 12.173ms
[2024-08-27T14:57:14.314+0000][info][gc,cpu         ] GC(48) User=0.27s Sys=0.00s Real=0.01s
[2024-08-27T14:57:14.314+0000][info][gc,start       ] GC(49) Pause Young (Normal) (G1 Preventive Collection)
[2024-08-27T14:57:14.314+0000][info][gc,task        ] GC(49) Using 24 workers of 68 for evacuation
[2024-08-27T14:57:14.322+0000][info][gc             ] GC(49) To-space exhausted
[2024-08-27T14:57:14.322+0000][info][gc,phases      ] GC(49)   Pre Evacuate Collection Set: 0.1ms
[2024-08-27T14:57:14.322+0000][info][gc,phases      ] GC(49)   Merge Heap Roots: 0.5ms
[2024-08-27T14:57:14.322+0000][info][gc,phases      ] GC(49)   Evacuate Collection Set: 6.0ms
[2024-08-27T14:57:14.322+0000][info][gc,phases      ] GC(49)   Post Evacuate Collection Set: 0.9ms
[2024-08-27T14:57:14.322+0000][info][gc,phases      ] GC(49)   Other: 0.1ms
[2024-08-27T14:57:14.322+0000][info][gc,heap        ] GC(49) Eden regions: 1->0(51)
[2024-08-27T14:57:14.322+0000][info][gc,heap        ] GC(49) Survivor regions: 7->0(4)
[2024-08-27T14:57:14.322+0000][info][gc,heap        ] GC(49) Old regions: 1005->1017
[2024-08-27T14:57:14.322+0000][info][gc,heap        ] GC(49) Archive regions: 2->2
[2024-08-27T14:57:14.322+0000][info][gc,heap        ] GC(49) Humongous regions: 5->5
[2024-08-27T14:57:14.322+0000][info][gc,metaspace   ] GC(49) Metaspace: 100K(320K)->100K(320K) NonClass: 96K(192K)->96K(192K) Class: 4K(128K)->4K(128K)
[2024-08-27T14:57:14.322+0000][info][gc             ] GC(49) Pause Young (Normal) (G1 Preventive Collection) 1018M->1022M(1024M) 7.795ms
[2024-08-27T14:57:14.322+0000][info][gc,cpu         ] GC(49) User=0.16s Sys=0.01s Real=0.01s
[2024-08-27T14:57:14.322+0000][info][gc,ergo        ] Attempting full compaction
[2024-08-27T14:57:14.322+0000][info][gc,task        ] GC(50) Using 24 workers of 68 for full compaction
[2024-08-27T14:57:14.323+0000][info][gc,start       ] GC(50) Pause Full (G1 Compaction Pause)
[2024-08-27T14:57:14.323+0000][info][gc,phases,start] GC(50) Phase 1: Mark live objects
[2024-08-27T14:57:14.336+0000][info][gc,phases      ] GC(50) Phase 1: Mark live objects 12.948ms
[2024-08-27T14:57:14.336+0000][info][gc,phases,start] GC(50) Phase 2: Prepare for compaction
[2024-08-27T14:57:14.345+0000][info][gc,phases      ] GC(50) Phase 2: Prepare for compaction 8.990ms
[2024-08-27T14:57:14.345+0000][info][gc,phases,start] GC(50) Phase 3: Adjust pointers
[2024-08-27T14:57:14.362+0000][info][gc,phases      ] GC(50) Phase 3: Adjust pointers 16.291ms
[2024-08-27T14:57:14.362+0000][info][gc,phases,start] GC(50) Phase 4: Compact heap
[2024-08-27T14:57:14.391+0000][info][gc,phases      ] GC(50) Phase 4: Compact heap 29.484ms
[2024-08-27T14:57:14.393+0000][info][gc,heap        ] GC(50) Eden regions: 0->0(150)
[2024-08-27T14:57:14.393+0000][info][gc,heap        ] GC(50) Survivor regions: 0->0(4)
[2024-08-27T14:57:14.393+0000][info][gc,heap        ] GC(50) Old regions: 1017->441
[2024-08-27T14:57:14.393+0000][info][gc,heap        ] GC(50) Archive regions: 2->2
[2024-08-27T14:57:14.393+0000][info][gc,heap        ] GC(50) Humongous regions: 5->5
[2024-08-27T14:57:14.393+0000][info][gc,metaspace   ] GC(50) Metaspace: 100K(320K)->100K(320K) NonClass: 96K(192K)->96K(192K) Class: 4K(128K)->4K(128K)
[2024-08-27T14:57:14.393+0000][info][gc             ] GC(50) Pause Full (G1 Compaction Pause) 1022M->435M(1024M) 70.243ms
[2024-08-27T14:57:14.393+0000][info][gc,cpu         ] GC(50) User=1.45s Sys=0.01s Real=0.07s
[2024-08-27T14:57:14.393+0000][info][gc,marking     ] GC(45) Concurrent Rebuild Remembered Sets 144.032ms
[2024-08-27T14:57:14.393+0000][info][gc,marking     ] GC(45) Concurrent Mark Abort
[2024-08-27T14:57:14.393+0000][info][gc             ] GC(45) Concurrent Mark Cycle 172.369ms
[2024-08-27T14:57:14.469+0000][info][gc,start       ] GC(51) Pause Young (Normal) (G1 Evacuation Pause)
[2024-08-27T14:57:14.469+0000][info][gc,task        ] GC(51) Using 24 workers of 68 for evacuation
[2024-08-27T14:57:14.490+0000][info][gc,phases      ] GC(51)   Pre Evacuate Collection Set: 0.1ms
[2024-08-27T14:57:14.490+0000][info][gc,phases      ] GC(51)   Merge Heap Roots: 0.4ms
[2024-08-27T14:57:14.490+0000][info][gc,phases      ] GC(51)   Evacuate Collection Set: 20.8ms
[2024-08-27T14:57:14.490+0000][info][gc,phases      ] GC(51)   Post Evacuate Collection Set: 0.4ms
[2024-08-27T14:57:14.490+0000][info][gc,phases      ] GC(51)   Other: 0.2ms
[2024-08-27T14:57:14.490+0000][info][gc,heap        ] GC(51) Eden regions: 150->0(104)
[2024-08-27T14:57:14.490+0000][info][gc,heap        ] GC(51) Survivor regions: 0->19(19)
[2024-08-27T14:57:14.490+0000][info][gc,heap        ] GC(51) Old regions: 441->567
[2024-08-27T14:57:14.491+0000][info][gc,heap        ] GC(51) Archive regions: 2->2
[2024-08-27T14:57:14.491+0000][info][gc,heap        ] GC(51) Humongous regions: 5->5
[2024-08-27T14:57:14.491+0000][info][gc,metaspace   ] GC(51) Metaspace: 100K(320K)->100K(320K) NonClass: 96K(192K)->96K(192K) Class: 4K(128K)->4K(128K)
[2024-08-27T14:57:14.491+0000][info][gc             ] GC(51) Pause Young (Normal) (G1 Evacuation Pause) 585M->580M(1024M) 22.002ms
[2024-08-27T14:57:14.491+0000][info][gc,cpu         ] GC(51) User=0.51s Sys=0.00s Real=0.03s
[2024-08-27T14:57:14.542+0000][info][gc,start       ] GC(52) Pause Young (Concurrent Start) (G1 Evacuation Pause)
[2024-08-27T14:57:14.542+0000][info][gc,task        ] GC(52) Using 24 workers of 68 for evacuation
[2024-08-27T14:57:14.561+0000][info][gc,phases      ] GC(52)   Pre Evacuate Collection Set: 0.1ms
[2024-08-27T14:57:14.561+0000][info][gc,phases      ] GC(52)   Merge Heap Roots: 0.3ms
[2024-08-27T14:57:14.561+0000][info][gc,phases      ] GC(52)   Evacuate Collection Set: 17.9ms
[2024-08-27T14:57:14.561+0000][info][gc,phases      ] GC(52)   Post Evacuate Collection Set: 0.4ms
[2024-08-27T14:57:14.561+0000][info][gc,phases      ] GC(52)   Other: 0.7ms
[2024-08-27T14:57:14.561+0000][info][gc,heap        ] GC(52) Eden regions: 104->0(70)
[2024-08-27T14:57:14.561+0000][info][gc,heap        ] GC(52) Survivor regions: 19->16(16)
[2024-08-27T14:57:14.561+0000][info][gc,heap        ] GC(52) Old regions: 567->675
[2024-08-27T14:57:14.561+0000][info][gc,heap        ] GC(52) Archive regions: 2->2
[2024-08-27T14:57:14.561+0000][info][gc,heap        ] GC(52) Humongous regions: 5->5
[2024-08-27T14:57:14.561+0000][info][gc,metaspace   ] GC(52) Metaspace: 100K(320K)->100K(320K) NonClass: 96K(192K)->96K(192K) Class: 4K(128K)->4K(128K)
[2024-08-27T14:57:14.561+0000][info][gc             ] GC(52) Pause Young (Concurrent Start) (G1 Evacuation Pause) 684M->685M(1024M) 19.589ms
[2024-08-27T14:57:14.561+0000][info][gc,cpu         ] GC(52) User=0.44s Sys=0.01s Real=0.02s
[2024-08-27T14:57:14.561+0000][info][gc             ] GC(53) Concurrent Mark Cycle
[2024-08-27T14:57:14.561+0000][info][gc,marking     ] GC(53) Concurrent Clear Claimed Marks
[2024-08-27T14:57:14.561+0000][info][gc,marking     ] GC(53) Concurrent Clear Claimed Marks 0.010ms
[2024-08-27T14:57:14.561+0000][info][gc,marking     ] GC(53) Concurrent Scan Root Regions
[2024-08-27T14:57:14.565+0000][info][gc,marking     ] GC(53) Concurrent Scan Root Regions 3.292ms
[2024-08-27T14:57:14.565+0000][info][gc,marking     ] GC(53) Concurrent Mark
[2024-08-27T14:57:14.565+0000][info][gc,marking     ] GC(53) Concurrent Mark From Roots
[2024-08-27T14:57:14.565+0000][info][gc,task        ] GC(53) Using 17 workers of 17 for marking
[2024-08-27T14:57:14.584+0000][info][gc,marking     ] GC(53) Concurrent Mark From Roots 19.371ms
[2024-08-27T14:57:14.584+0000][info][gc,marking     ] GC(53) Concurrent Preclean
[2024-08-27T14:57:14.585+0000][info][gc,marking     ] GC(53) Concurrent Preclean 0.556ms
[2024-08-27T14:57:14.585+0000][info][gc,start       ] GC(53) Pause Remark
[2024-08-27T14:57:14.586+0000][info][gc             ] GC(53) Pause Remark 721M->721M(1024M) 1.419ms
[2024-08-27T14:57:14.586+0000][info][gc,cpu         ] GC(53) User=0.00s Sys=0.00s Real=0.00s
[2024-08-27T14:57:14.586+0000][info][gc,marking     ] GC(53) Concurrent Mark 21.831ms
[2024-08-27T14:57:14.586+0000][info][gc,marking     ] GC(53) Concurrent Rebuild Remembered Sets
[2024-08-27T14:57:14.602+0000][info][gc,start       ] GC(54) Pause Young (Normal) (G1 Evacuation Pause)
[2024-08-27T14:57:14.603+0000][info][gc,task        ] GC(54) Using 24 workers of 68 for evacuation
[2024-08-27T14:57:14.618+0000][info][gc,phases      ] GC(54)   Pre Evacuate Collection Set: 0.2ms
[2024-08-27T14:57:14.618+0000][info][gc,phases      ] GC(54)   Merge Heap Roots: 0.3ms
[2024-08-27T14:57:14.618+0000][info][gc,phases      ] GC(54)   Evacuate Collection Set: 14.6ms
[2024-08-27T14:57:14.618+0000][info][gc,phases      ] GC(54)   Post Evacuate Collection Set: 0.5ms
[2024-08-27T14:57:14.618+0000][info][gc,phases      ] GC(54)   Other: 0.3ms
[2024-08-27T14:57:14.618+0000][info][gc,heap        ] GC(54) Eden regions: 70->0(46)
[2024-08-27T14:57:14.618+0000][info][gc,heap        ] GC(54) Survivor regions: 16->11(11)
[2024-08-27T14:57:14.618+0000][info][gc,heap        ] GC(54) Old regions: 675->754
[2024-08-27T14:57:14.618+0000][info][gc,heap        ] GC(54) Archive regions: 2->2
[2024-08-27T14:57:14.618+0000][info][gc,heap        ] GC(54) Humongous regions: 5->5
[2024-08-27T14:57:14.618+0000][info][gc,metaspace   ] GC(54) Metaspace: 100K(320K)->100K(320K) NonClass: 96K(192K)->96K(192K) Class: 4K(128K)->4K(128K)
[2024-08-27T14:57:14.619+0000][info][gc             ] GC(54) Pause Young (Normal) (G1 Evacuation Pause) 755M->759M(1024M) 16.058ms
[2024-08-27T14:57:14.619+0000][info][gc,cpu         ] GC(54) User=0.36s Sys=0.00s Real=0.02s
[2024-08-27T14:57:14.641+0000][info][gc,start       ] GC(55) Pause Young (Normal) (G1 Evacuation Pause)
[2024-08-27T14:57:14.641+0000][info][gc,task        ] GC(55) Using 24 workers of 68 for evacuation
[2024-08-27T14:57:14.660+0000][info][gc,phases      ] GC(55)   Pre Evacuate Collection Set: 0.2ms
[2024-08-27T14:57:14.660+0000][info][gc,phases      ] GC(55)   Merge Heap Roots: 0.3ms
[2024-08-27T14:57:14.660+0000][info][gc,phases      ] GC(55)   Evacuate Collection Set: 18.1ms
[2024-08-27T14:57:14.660+0000][info][gc,phases      ] GC(55)   Post Evacuate Collection Set: 0.6ms
[2024-08-27T14:57:14.660+0000][info][gc,phases      ] GC(55)   Other: 0.3ms
[2024-08-27T14:57:14.660+0000][info][gc,heap        ] GC(55) Eden regions: 46->0(43)
[2024-08-27T14:57:14.660+0000][info][gc,heap        ] GC(55) Survivor regions: 11->8(8)
[2024-08-27T14:57:14.660+0000][info][gc,heap        ] GC(55) Old regions: 754->809
[2024-08-27T14:57:14.660+0000][info][gc,heap        ] GC(55) Archive regions: 2->2
[2024-08-27T14:57:14.660+0000][info][gc,heap        ] GC(55) Humongous regions: 5->5
[2024-08-27T14:57:14.660+0000][info][gc,metaspace   ] GC(55) Metaspace: 100K(320K)->100K(320K) NonClass: 96K(192K)->96K(192K) Class: 4K(128K)->4K(128K)
[2024-08-27T14:57:14.661+0000][info][gc             ] GC(55) Pause Young (Normal) (G1 Evacuation Pause) 805M->811M(1024M) 19.737ms
[2024-08-27T14:57:14.661+0000][info][gc,cpu         ] GC(55) User=0.44s Sys=0.02s Real=0.02s
[2024-08-27T14:57:14.675+0000][info][gc,marking     ] GC(53) Concurrent Rebuild Remembered Sets 88.643ms
[2024-08-27T14:57:14.675+0000][info][gc,start       ] GC(53) Pause Cleanup
[2024-08-27T14:57:14.676+0000][info][gc             ] GC(53) Pause Cleanup 841M->841M(1024M) 1.034ms
[2024-08-27T14:57:14.676+0000][info][gc,cpu         ] GC(53) User=0.00s Sys=0.00s Real=0.00s
[2024-08-27T14:57:14.676+0000][info][gc,marking     ] GC(53) Concurrent Cleanup for Next Mark
[2024-08-27T14:57:14.677+0000][info][gc,marking     ] GC(53) Concurrent Cleanup for Next Mark 0.615ms
[2024-08-27T14:57:14.677+0000][info][gc             ] GC(53) Concurrent Mark Cycle 115.937ms
[2024-08-27T14:57:14.684+0000][info][gc,start       ] GC(56) Pause Young (Prepare Mixed) (G1 Evacuation Pause)
[2024-08-27T14:57:14.684+0000][info][gc,task        ] GC(56) Using 24 workers of 68 for evacuation
[2024-08-27T14:57:14.699+0000][info][gc,phases      ] GC(56)   Pre Evacuate Collection Set: 0.1ms
[2024-08-27T14:57:14.699+0000][info][gc,phases      ] GC(56)   Merge Heap Roots: 0.5ms
[2024-08-27T14:57:14.699+0000][info][gc,phases      ] GC(56)   Evacuate Collection Set: 14.1ms
[2024-08-27T14:57:14.699+0000][info][gc,phases      ] GC(56)   Post Evacuate Collection Set: 0.3ms
[2024-08-27T14:57:14.699+0000][info][gc,phases      ] GC(56)   Other: 0.2ms
[2024-08-27T14:57:14.699+0000][info][gc,heap        ] GC(56) Eden regions: 43->0(44)
[2024-08-27T14:57:14.699+0000][info][gc,heap        ] GC(56) Survivor regions: 8->7(7)
[2024-08-27T14:57:14.699+0000][info][gc,heap        ] GC(56) Old regions: 809->857
[2024-08-27T14:57:14.699+0000][info][gc,heap        ] GC(56) Archive regions: 2->2
[2024-08-27T14:57:14.699+0000][info][gc,heap        ] GC(56) Humongous regions: 5->5
[2024-08-27T14:57:14.699+0000][info][gc,metaspace   ] GC(56) Metaspace: 100K(320K)->100K(320K) NonClass: 96K(192K)->96K(192K) Class: 4K(128K)->4K(128K)
[2024-08-27T14:57:14.699+0000][info][gc             ] GC(56) Pause Young (Prepare Mixed) (G1 Evacuation Pause) 854M->858M(1024M) 15.326ms
[2024-08-27T14:57:14.699+0000][info][gc,cpu         ] GC(56) User=0.35s Sys=0.00s Real=0.02s
[2024-08-27T14:57:14.720+0000][info][gc,start       ] GC(57) Pause Young (Mixed) (G1 Evacuation Pause)
[2024-08-27T14:57:14.720+0000][info][gc,task        ] GC(57) Using 24 workers of 68 for evacuation
[2024-08-27T14:57:14.732+0000][info][gc,phases      ] GC(57)   Pre Evacuate Collection Set: 0.2ms
[2024-08-27T14:57:14.732+0000][info][gc,phases      ] GC(57)   Merge Heap Roots: 0.3ms
[2024-08-27T14:57:14.732+0000][info][gc,phases      ] GC(57)   Evacuate Collection Set: 10.7ms
[2024-08-27T14:57:14.732+0000][info][gc,phases      ] GC(57)   Post Evacuate Collection Set: 0.4ms
[2024-08-27T14:57:14.732+0000][info][gc,phases      ] GC(57)   Other: 0.3ms
[2024-08-27T14:57:14.732+0000][info][gc,heap        ] GC(57) Eden regions: 44->0(44)
[2024-08-27T14:57:14.732+0000][info][gc,heap        ] GC(57) Survivor regions: 7->7(7)
[2024-08-27T14:57:14.732+0000][info][gc,heap        ] GC(57) Old regions: 857->801
[2024-08-27T14:57:14.732+0000][info][gc,heap        ] GC(57) Archive regions: 2->2
[2024-08-27T14:57:14.732+0000][info][gc,heap        ] GC(57) Humongous regions: 5->5
[2024-08-27T14:57:14.732+0000][info][gc,metaspace   ] GC(57) Metaspace: 100K(320K)->100K(320K) NonClass: 96K(192K)->96K(192K) Class: 4K(128K)->4K(128K)
[2024-08-27T14:57:14.732+0000][info][gc             ] GC(57) Pause Young (Mixed) (G1 Evacuation Pause) 902M->810M(1024M) 12.053ms
[2024-08-27T14:57:14.732+0000][info][gc,cpu         ] GC(57) User=0.27s Sys=0.00s Real=0.01s
[2024-08-27T14:57:14.752+0000][info][gc,start       ] GC(58) Pause Young (Mixed) (G1 Evacuation Pause)
[2024-08-27T14:57:14.753+0000][info][gc,task        ] GC(58) Using 24 workers of 68 for evacuation
[2024-08-27T14:57:14.765+0000][info][gc,phases      ] GC(58)   Pre Evacuate Collection Set: 0.2ms
[2024-08-27T14:57:14.765+0000][info][gc,phases      ] GC(58)   Merge Heap Roots: 0.5ms
[2024-08-27T14:57:14.765+0000][info][gc,phases      ] GC(58)   Evacuate Collection Set: 10.8ms
[2024-08-27T14:57:14.765+0000][info][gc,phases      ] GC(58)   Post Evacuate Collection Set: 0.4ms
[2024-08-27T14:57:14.765+0000][info][gc,phases      ] GC(58)   Other: 0.3ms
[2024-08-27T14:57:14.765+0000][info][gc,heap        ] GC(58) Eden regions: 44->0(46)
[2024-08-27T14:57:14.765+0000][info][gc,heap        ] GC(58) Survivor regions: 7->7(7)
[2024-08-27T14:57:14.765+0000][info][gc,heap        ] GC(58) Old regions: 801->759
[2024-08-27T14:57:14.765+0000][info][gc,heap        ] GC(58) Archive regions: 2->2
[2024-08-27T14:57:14.765+0000][info][gc,heap        ] GC(58) Humongous regions: 5->5
[2024-08-27T14:57:14.765+0000][info][gc,metaspace   ] GC(58) Metaspace: 100K(320K)->100K(320K) NonClass: 96K(192K)->96K(192K) Class: 4K(128K)->4K(128K)
[2024-08-27T14:57:14.765+0000][info][gc             ] GC(58) Pause Young (Mixed) (G1 Evacuation Pause) 854M->768M(1024M) 12.457ms
[2024-08-27T14:57:14.765+0000][info][gc,cpu         ] GC(58) User=0.27s Sys=0.00s Real=0.01s
[2024-08-27T14:57:14.787+0000][info][gc,start       ] GC(59) Pause Young (Concurrent Start) (G1 Evacuation Pause)
[2024-08-27T14:57:14.787+0000][info][gc,task        ] GC(59) Using 24 workers of 68 for evacuation
[2024-08-27T14:57:14.798+0000][info][gc,phases      ] GC(59)   Pre Evacuate Collection Set: 0.2ms
[2024-08-27T14:57:14.798+0000][info][gc,phases      ] GC(59)   Merge Heap Roots: 0.4ms
[2024-08-27T14:57:14.798+0000][info][gc,phases      ] GC(59)   Evacuate Collection Set: 9.5ms
[2024-08-27T14:57:14.798+0000][info][gc,phases      ] GC(59)   Post Evacuate Collection Set: 0.4ms
[2024-08-27T14:57:14.799+0000][info][gc,phases      ] GC(59)   Other: 1.0ms
[2024-08-27T14:57:14.799+0000][info][gc,heap        ] GC(59) Eden regions: 46->0(44)
[2024-08-27T14:57:14.799+0000][info][gc,heap        ] GC(59) Survivor regions: 7->7(7)
[2024-08-27T14:57:14.799+0000][info][gc,heap        ] GC(59) Old regions: 759->808
[2024-08-27T14:57:14.799+0000][info][gc,heap        ] GC(59) Archive regions: 2->2
[2024-08-27T14:57:14.799+0000][info][gc,heap        ] GC(59) Humongous regions: 5->5
[2024-08-27T14:57:14.799+0000][info][gc,metaspace   ] GC(59) Metaspace: 100K(320K)->100K(320K) NonClass: 96K(192K)->96K(192K) Class: 4K(128K)->4K(128K)
[2024-08-27T14:57:14.799+0000][info][gc             ] GC(59) Pause Young (Concurrent Start) (G1 Evacuation Pause) 814M->817M(1024M) 11.590ms
[2024-08-27T14:57:14.799+0000][info][gc,cpu         ] GC(59) User=0.24s Sys=0.00s Real=0.02s
[2024-08-27T14:57:14.799+0000][info][gc             ] GC(60) Concurrent Mark Cycle
[2024-08-27T14:57:14.799+0000][info][gc,marking     ] GC(60) Concurrent Clear Claimed Marks
[2024-08-27T14:57:14.799+0000][info][gc,marking     ] GC(60) Concurrent Clear Claimed Marks 0.014ms
[2024-08-27T14:57:14.799+0000][info][gc,marking     ] GC(60) Concurrent Scan Root Regions
[2024-08-27T14:57:14.801+0000][info][gc,marking     ] GC(60) Concurrent Scan Root Regions 1.784ms
[2024-08-27T14:57:14.801+0000][info][gc,marking     ] GC(60) Concurrent Mark
[2024-08-27T14:57:14.801+0000][info][gc,marking     ] GC(60) Concurrent Mark From Roots
[2024-08-27T14:57:14.801+0000][info][gc,task        ] GC(60) Using 17 workers of 17 for marking
[2024-08-27T14:57:14.824+0000][info][gc,marking     ] GC(60) Concurrent Mark From Roots 22.922ms
[2024-08-27T14:57:14.824+0000][info][gc,marking     ] GC(60) Concurrent Preclean
[2024-08-27T14:57:14.824+0000][info][gc,marking     ] GC(60) Concurrent Preclean 0.681ms
[2024-08-27T14:57:14.825+0000][info][gc,start       ] GC(60) Pause Remark
[2024-08-27T14:57:14.827+0000][info][gc             ] GC(60) Pause Remark 854M->854M(1024M) 1.932ms
[2024-08-27T14:57:14.827+0000][info][gc,cpu         ] GC(60) User=0.01s Sys=0.00s Real=0.00s
[2024-08-27T14:57:14.827+0000][info][gc,marking     ] GC(60) Concurrent Mark 25.987ms
[2024-08-27T14:57:14.827+0000][info][gc,marking     ] GC(60) Concurrent Rebuild Remembered Sets
[2024-08-27T14:57:14.832+0000][info][gc,start       ] GC(61) Pause Young (Normal) (G1 Evacuation Pause)
[2024-08-27T14:57:14.832+0000][info][gc,task        ] GC(61) Using 24 workers of 68 for evacuation
[2024-08-27T14:57:14.842+0000][info][gc,phases      ] GC(61)   Pre Evacuate Collection Set: 0.2ms
[2024-08-27T14:57:14.842+0000][info][gc,phases      ] GC(61)   Merge Heap Roots: 0.2ms
[2024-08-27T14:57:14.842+0000][info][gc,phases      ] GC(61)   Evacuate Collection Set: 8.8ms
[2024-08-27T14:57:14.842+0000][info][gc,phases      ] GC(61)   Post Evacuate Collection Set: 0.4ms
[2024-08-27T14:57:14.842+0000][info][gc,phases      ] GC(61)   Other: 0.3ms
[2024-08-27T14:57:14.842+0000][info][gc,heap        ] GC(61) Eden regions: 44->0(44)
[2024-08-27T14:57:14.842+0000][info][gc,heap        ] GC(61) Survivor regions: 7->7(7)
[2024-08-27T14:57:14.842+0000][info][gc,heap        ] GC(61) Old regions: 808->855
[2024-08-27T14:57:14.842+0000][info][gc,heap        ] GC(61) Archive regions: 2->2
[2024-08-27T14:57:14.842+0000][info][gc,heap        ] GC(61) Humongous regions: 5->5
[2024-08-27T14:57:14.842+0000][info][gc,metaspace   ] GC(61) Metaspace: 100K(320K)->100K(320K) NonClass: 96K(192K)->96K(192K) Class: 4K(128K)->4K(128K)
[2024-08-27T14:57:14.842+0000][info][gc             ] GC(61) Pause Young (Normal) (G1 Evacuation Pause) 861M->864M(1024M) 10.038ms
[2024-08-27T14:57:14.842+0000][info][gc,cpu         ] GC(61) User=0.21s Sys=0.00s Real=0.01s
[2024-08-27T14:57:14.863+0000][info][gc,start       ] GC(62) Pause Young (Normal) (G1 Evacuation Pause)
[2024-08-27T14:57:14.863+0000][info][gc,task        ] GC(62) Using 24 workers of 68 for evacuation
[2024-08-27T14:57:14.876+0000][info][gc,phases      ] GC(62)   Pre Evacuate Collection Set: 0.2ms
[2024-08-27T14:57:14.876+0000][info][gc,phases      ] GC(62)   Merge Heap Roots: 0.4ms
[2024-08-27T14:57:14.876+0000][info][gc,phases      ] GC(62)   Evacuate Collection Set: 11.7ms
[2024-08-27T14:57:14.876+0000][info][gc,phases      ] GC(62)   Post Evacuate Collection Set: 0.5ms
[2024-08-27T14:57:14.876+0000][info][gc,phases      ] GC(62)   Other: 0.3ms
[2024-08-27T14:57:14.876+0000][info][gc,heap        ] GC(62) Eden regions: 44->0(44)
[2024-08-27T14:57:14.876+0000][info][gc,heap        ] GC(62) Survivor regions: 7->7(7)
[2024-08-27T14:57:14.876+0000][info][gc,heap        ] GC(62) Old regions: 855->901
[2024-08-27T14:57:14.876+0000][info][gc,heap        ] GC(62) Archive regions: 2->2
[2024-08-27T14:57:14.876+0000][info][gc,heap        ] GC(62) Humongous regions: 5->5
[2024-08-27T14:57:14.876+0000][info][gc,metaspace   ] GC(62) Metaspace: 100K(320K)->100K(320K) NonClass: 96K(192K)->96K(192K) Class: 4K(128K)->4K(128K)
[2024-08-27T14:57:14.876+0000][info][gc             ] GC(62) Pause Young (Normal) (G1 Evacuation Pause) 908M->910M(1024M) 13.329ms
[2024-08-27T14:57:14.876+0000][info][gc,cpu         ] GC(62) User=0.30s Sys=0.00s Real=0.01s
[2024-08-27T14:57:14.897+0000][info][gc,start       ] GC(63) Pause Young (Normal) (G1 Evacuation Pause)
[2024-08-27T14:57:14.897+0000][info][gc,task        ] GC(63) Using 24 workers of 68 for evacuation
[2024-08-27T14:57:14.912+0000][info][gc,phases      ] GC(63)   Pre Evacuate Collection Set: 0.2ms
[2024-08-27T14:57:14.912+0000][info][gc,phases      ] GC(63)   Merge Heap Roots: 0.4ms
[2024-08-27T14:57:14.913+0000][info][gc,phases      ] GC(63)   Evacuate Collection Set: 14.0ms
[2024-08-27T14:57:14.913+0000][info][gc,phases      ] GC(63)   Post Evacuate Collection Set: 0.7ms
[2024-08-27T14:57:14.913+0000][info][gc,phases      ] GC(63)   Other: 0.3ms
[2024-08-27T14:57:14.913+0000][info][gc,heap        ] GC(63) Eden regions: 44->0(44)
[2024-08-27T14:57:14.913+0000][info][gc,heap        ] GC(63) Survivor regions: 7->7(7)
[2024-08-27T14:57:14.913+0000][info][gc,heap        ] GC(63) Old regions: 901->947
[2024-08-27T14:57:14.913+0000][info][gc,heap        ] GC(63) Archive regions: 2->2
[2024-08-27T14:57:14.913+0000][info][gc,heap        ] GC(63) Humongous regions: 5->5
[2024-08-27T14:57:14.913+0000][info][gc,metaspace   ] GC(63) Metaspace: 100K(320K)->100K(320K) NonClass: 96K(192K)->96K(192K) Class: 4K(128K)->4K(128K)
[2024-08-27T14:57:14.913+0000][info][gc             ] GC(63) Pause Young (Normal) (G1 Evacuation Pause) 954M->956M(1024M) 15.733ms
[2024-08-27T14:57:14.913+0000][info][gc,cpu         ] GC(63) User=0.36s Sys=0.00s Real=0.02s
[2024-08-27T14:57:14.921+0000][info][gc,marking     ] GC(60) Concurrent Rebuild Remembered Sets 94.008ms
[2024-08-27T14:57:14.921+0000][info][gc,start       ] GC(60) Pause Cleanup
[2024-08-27T14:57:14.924+0000][info][gc             ] GC(60) Pause Cleanup 973M->973M(1024M) 2.718ms
[2024-08-27T14:57:14.924+0000][info][gc,cpu         ] GC(60) User=0.01s Sys=0.00s Real=0.00s
[2024-08-27T14:57:14.924+0000][info][gc,marking     ] GC(60) Concurrent Cleanup for Next Mark
[2024-08-27T14:57:14.925+0000][info][gc,marking     ] GC(60) Concurrent Cleanup for Next Mark 0.717ms
[2024-08-27T14:57:14.925+0000][info][gc             ] GC(60) Concurrent Mark Cycle 126.001ms
[2024-08-27T14:57:14.930+0000][info][gc,start       ] GC(64) Pause Young (Prepare Mixed) (G1 Preventive Collection)
[2024-08-27T14:57:14.930+0000][info][gc,task        ] GC(64) Using 24 workers of 68 for evacuation
[2024-08-27T14:57:14.942+0000][info][gc,phases      ] GC(64)   Pre Evacuate Collection Set: 0.2ms
[2024-08-27T14:57:14.942+0000][info][gc,phases      ] GC(64)   Merge Heap Roots: 0.4ms
[2024-08-27T14:57:14.942+0000][info][gc,phases      ] GC(64)   Evacuate Collection Set: 11.2ms
[2024-08-27T14:57:14.942+0000][info][gc,phases      ] GC(64)   Post Evacuate Collection Set: 0.3ms
[2024-08-27T14:57:14.942+0000][info][gc,phases      ] GC(64)   Other: 0.2ms
[2024-08-27T14:57:14.942+0000][info][gc,heap        ] GC(64) Eden regions: 26->0(44)
[2024-08-27T14:57:14.942+0000][info][gc,heap        ] GC(64) Survivor regions: 7->7(7)
[2024-08-27T14:57:14.942+0000][info][gc,heap        ] GC(64) Old regions: 947->977
[2024-08-27T14:57:14.942+0000][info][gc,heap        ] GC(64) Archive regions: 2->2
[2024-08-27T14:57:14.942+0000][info][gc,heap        ] GC(64) Humongous regions: 5->5
[2024-08-27T14:57:14.942+0000][info][gc,metaspace   ] GC(64) Metaspace: 100K(320K)->100K(320K) NonClass: 96K(192K)->96K(192K) Class: 4K(128K)->4K(128K)
[2024-08-27T14:57:14.942+0000][info][gc             ] GC(64) Pause Young (Prepare Mixed) (G1 Preventive Collection) 982M->986M(1024M) 12.415ms
[2024-08-27T14:57:14.942+0000][info][gc,cpu         ] GC(64) User=0.27s Sys=0.01s Real=0.01s
[2024-08-27T14:57:14.948+0000][info][gc,start       ] GC(65) Pause Young (Mixed) (G1 Preventive Collection)
[2024-08-27T14:57:14.948+0000][info][gc,task        ] GC(65) Using 24 workers of 68 for evacuation
[2024-08-27T14:57:14.953+0000][info][gc,phases      ] GC(65)   Pre Evacuate Collection Set: 0.2ms
[2024-08-27T14:57:14.953+0000][info][gc,phases      ] GC(65)   Merge Heap Roots: 0.3ms
[2024-08-27T14:57:14.953+0000][info][gc,phases      ] GC(65)   Evacuate Collection Set: 4.3ms
[2024-08-27T14:57:14.953+0000][info][gc,phases      ] GC(65)   Post Evacuate Collection Set: 0.4ms
[2024-08-27T14:57:14.953+0000][info][gc,phases      ] GC(65)   Other: 0.3ms
[2024-08-27T14:57:14.953+0000][info][gc,heap        ] GC(65) Eden regions: 11->0(44)
[2024-08-27T14:57:14.953+0000][info][gc,heap        ] GC(65) Survivor regions: 7->7(7)
[2024-08-27T14:57:14.953+0000][info][gc,heap        ] GC(65) Old regions: 977->888
[2024-08-27T14:57:14.953+0000][info][gc,heap        ] GC(65) Archive regions: 2->2
[2024-08-27T14:57:14.953+0000][info][gc,heap        ] GC(65) Humongous regions: 5->5
[2024-08-27T14:57:14.953+0000][info][gc,metaspace   ] GC(65) Metaspace: 100K(320K)->100K(320K) NonClass: 96K(192K)->96K(192K) Class: 4K(128K)->4K(128K)
[2024-08-27T14:57:14.953+0000][info][gc             ] GC(65) Pause Young (Mixed) (G1 Preventive Collection) 997M->900M(1024M) 5.566ms
[2024-08-27T14:57:14.953+0000][info][gc,cpu         ] GC(65) User=0.10s Sys=0.00s Real=0.01s
[2024-08-27T14:57:14.972+0000][info][gc,start       ] GC(66) Pause Young (Mixed) (G1 Evacuation Pause)
[2024-08-27T14:57:14.972+0000][info][gc,task        ] GC(66) Using 24 workers of 68 for evacuation
[2024-08-27T14:57:14.982+0000][info][gc,phases      ] GC(66)   Pre Evacuate Collection Set: 0.2ms
[2024-08-27T14:57:14.982+0000][info][gc,phases      ] GC(66)   Merge Heap Roots: 0.3ms
[2024-08-27T14:57:14.982+0000][info][gc,phases      ] GC(66)   Evacuate Collection Set: 8.9ms
[2024-08-27T14:57:14.982+0000][info][gc,phases      ] GC(66)   Post Evacuate Collection Set: 0.4ms
[2024-08-27T14:57:14.983+0000][info][gc,phases      ] GC(66)   Other: 0.3ms
[2024-08-27T14:57:14.983+0000][info][gc,heap        ] GC(66) Eden regions: 44->0(44)
[2024-08-27T14:57:14.983+0000][info][gc,heap        ] GC(66) Survivor regions: 7->7(7)
[2024-08-27T14:57:14.983+0000][info][gc,heap        ] GC(66) Old regions: 888->829
[2024-08-27T14:57:14.983+0000][info][gc,heap        ] GC(66) Archive regions: 2->2
[2024-08-27T14:57:14.983+0000][info][gc,heap        ] GC(66) Humongous regions: 5->5
[2024-08-27T14:57:14.983+0000][info][gc,metaspace   ] GC(66) Metaspace: 100K(320K)->100K(320K) NonClass: 96K(192K)->96K(192K) Class: 4K(128K)->4K(128K)
[2024-08-27T14:57:14.983+0000][info][gc             ] GC(66) Pause Young (Mixed) (G1 Evacuation Pause) 944M->841M(1024M) 10.316ms
[2024-08-27T14:57:14.983+0000][info][gc,cpu         ] GC(66) User=0.21s Sys=0.00s Real=0.01s
[2024-08-27T14:57:15.002+0000][info][gc,start       ] GC(67) Pause Young (Mixed) (G1 Evacuation Pause)
[2024-08-27T14:57:15.002+0000][info][gc,task        ] GC(67) Using 24 workers of 68 for evacuation
[2024-08-27T14:57:15.014+0000][info][gc,phases      ] GC(67)   Pre Evacuate Collection Set: 0.2ms
[2024-08-27T14:57:15.014+0000][info][gc,phases      ] GC(67)   Merge Heap Roots: 0.4ms
[2024-08-27T14:57:15.014+0000][info][gc,phases      ] GC(67)   Evacuate Collection Set: 11.4ms
[2024-08-27T14:57:15.014+0000][info][gc,phases      ] GC(67)   Post Evacuate Collection Set: 0.4ms
[2024-08-27T14:57:15.015+0000][info][gc,phases      ] GC(67)   Other: 0.3ms
[2024-08-27T14:57:15.015+0000][info][gc,heap        ] GC(67) Eden regions: 44->0(44)
[2024-08-27T14:57:15.015+0000][info][gc,heap        ] GC(67) Survivor regions: 7->7(7)
[2024-08-27T14:57:15.015+0000][info][gc,heap        ] GC(67) Old regions: 829->790
[2024-08-27T14:57:15.015+0000][info][gc,heap        ] GC(67) Archive regions: 2->2
[2024-08-27T14:57:15.015+0000][info][gc,heap        ] GC(67) Humongous regions: 5->5
[2024-08-27T14:57:15.015+0000][info][gc,metaspace   ] GC(67) Metaspace: 100K(320K)->100K(320K) NonClass: 96K(192K)->96K(192K) Class: 4K(128K)->4K(128K)
[2024-08-27T14:57:15.015+0000][info][gc             ] GC(67) Pause Young (Mixed) (G1 Evacuation Pause) 885M->802M(1024M) 12.783ms
[2024-08-27T14:57:15.015+0000][info][gc,cpu         ] GC(67) User=0.28s Sys=0.00s Real=0.01s
[2024-08-27T14:57:15.034+0000][info][gc,start       ] GC(68) Pause Young (Mixed) (G1 Evacuation Pause)
[2024-08-27T14:57:15.034+0000][info][gc,task        ] GC(68) Using 24 workers of 68 for evacuation
[2024-08-27T14:57:15.046+0000][info][gc,phases      ] GC(68)   Pre Evacuate Collection Set: 0.2ms
[2024-08-27T14:57:15.046+0000][info][gc,phases      ] GC(68)   Merge Heap Roots: 0.3ms
[2024-08-27T14:57:15.046+0000][info][gc,phases      ] GC(68)   Evacuate Collection Set: 10.8ms
[2024-08-27T14:57:15.046+0000][info][gc,phases      ] GC(68)   Post Evacuate Collection Set: 0.3ms
[2024-08-27T14:57:15.046+0000][info][gc,phases      ] GC(68)   Other: 0.3ms
[2024-08-27T14:57:15.046+0000][info][gc,heap        ] GC(68) Eden regions: 44->0(44)
[2024-08-27T14:57:15.046+0000][info][gc,heap        ] GC(68) Survivor regions: 7->7(7)
[2024-08-27T14:57:15.046+0000][info][gc,heap        ] GC(68) Old regions: 790->821
[2024-08-27T14:57:15.046+0000][info][gc,heap        ] GC(68) Archive regions: 2->2
[2024-08-27T14:57:15.046+0000][info][gc,heap        ] GC(68) Humongous regions: 5->5
[2024-08-27T14:57:15.046+0000][info][gc,metaspace   ] GC(68) Metaspace: 100K(320K)->100K(320K) NonClass: 96K(192K)->96K(192K) Class: 4K(128K)->4K(128K)
[2024-08-27T14:57:15.046+0000][info][gc             ] GC(68) Pause Young (Mixed) (G1 Evacuation Pause) 846M->833M(1024M) 12.099ms
[2024-08-27T14:57:15.046+0000][info][gc,cpu         ] GC(68) User=0.27s Sys=0.00s Real=0.01s
[2024-08-27T14:57:15.066+0000][info][gc,start       ] GC(69) Pause Young (Concurrent Start) (G1 Evacuation Pause)
[2024-08-27T14:57:15.066+0000][info][gc,task        ] GC(69) Using 24 workers of 68 for evacuation
[2024-08-27T14:57:15.077+0000][info][gc,phases      ] GC(69)   Pre Evacuate Collection Set: 0.2ms
[2024-08-27T14:57:15.077+0000][info][gc,phases      ] GC(69)   Merge Heap Roots: 0.3ms
[2024-08-27T14:57:15.077+0000][info][gc,phases      ] GC(69)   Evacuate Collection Set: 9.4ms
[2024-08-27T14:57:15.077+0000][info][gc,phases      ] GC(69)   Post Evacuate Collection Set: 0.4ms
[2024-08-27T14:57:15.078+0000][info][gc,phases      ] GC(69)   Other: 1.0ms
[2024-08-27T14:57:15.078+0000][info][gc,heap        ] GC(69) Eden regions: 44->0(44)
[2024-08-27T14:57:15.078+0000][info][gc,heap        ] GC(69) Survivor regions: 7->7(7)
[2024-08-27T14:57:15.078+0000][info][gc,heap        ] GC(69) Old regions: 821->868
[2024-08-27T14:57:15.078+0000][info][gc,heap        ] GC(69) Archive regions: 2->2
[2024-08-27T14:57:15.078+0000][info][gc,heap        ] GC(69) Humongous regions: 5->5
[2024-08-27T14:57:15.078+0000][info][gc,metaspace   ] GC(69) Metaspace: 100K(320K)->100K(320K) NonClass: 96K(192K)->96K(192K) Class: 4K(128K)->4K(128K)
[2024-08-27T14:57:15.078+0000][info][gc             ] GC(69) Pause Young (Concurrent Start) (G1 Evacuation Pause) 877M->880M(1024M) 11.460ms
[2024-08-27T14:57:15.078+0000][info][gc,cpu         ] GC(69) User=0.22s Sys=0.00s Real=0.02s
[2024-08-27T14:57:15.078+0000][info][gc             ] GC(70) Concurrent Mark Cycle
[2024-08-27T14:57:15.078+0000][info][gc,marking     ] GC(70) Concurrent Clear Claimed Marks
[2024-08-27T14:57:15.078+0000][info][gc,marking     ] GC(70) Concurrent Clear Claimed Marks 0.014ms
[2024-08-27T14:57:15.078+0000][info][gc,marking     ] GC(70) Concurrent Scan Root Regions
[2024-08-27T14:57:15.079+0000][info][gc,marking     ] GC(70) Concurrent Scan Root Regions 1.533ms
[2024-08-27T14:57:15.079+0000][info][gc,marking     ] GC(70) Concurrent Mark
[2024-08-27T14:57:15.079+0000][info][gc,marking     ] GC(70) Concurrent Mark From Roots
[2024-08-27T14:57:15.079+0000][info][gc,task        ] GC(70) Using 17 workers of 17 for marking
[2024-08-27T14:57:15.102+0000][info][gc,marking     ] GC(70) Concurrent Mark From Roots 22.601ms
[2024-08-27T14:57:15.102+0000][info][gc,marking     ] GC(70) Concurrent Preclean
[2024-08-27T14:57:15.103+0000][info][gc,marking     ] GC(70) Concurrent Preclean 0.497ms
[2024-08-27T14:57:15.103+0000][info][gc,start       ] GC(70) Pause Remark
[2024-08-27T14:57:15.105+0000][info][gc             ] GC(70) Pause Remark 920M->920M(1024M) 2.030ms
[2024-08-27T14:57:15.105+0000][info][gc,cpu         ] GC(70) User=0.01s Sys=0.00s Real=0.00s
[2024-08-27T14:57:15.105+0000][info][gc,marking     ] GC(70) Concurrent Mark 25.654ms
[2024-08-27T14:57:15.105+0000][info][gc,marking     ] GC(70) Concurrent Rebuild Remembered Sets
[2024-08-27T14:57:15.107+0000][info][gc,start       ] GC(71) Pause Young (Normal) (G1 Evacuation Pause)
[2024-08-27T14:57:15.107+0000][info][gc,task        ] GC(71) Using 24 workers of 68 for evacuation
[2024-08-27T14:57:15.118+0000][info][gc,phases      ] GC(71)   Pre Evacuate Collection Set: 0.2ms
[2024-08-27T14:57:15.118+0000][info][gc,phases      ] GC(71)   Merge Heap Roots: 0.2ms
[2024-08-27T14:57:15.118+0000][info][gc,phases      ] GC(71)   Evacuate Collection Set: 9.1ms
[2024-08-27T14:57:15.118+0000][info][gc,phases      ] GC(71)   Post Evacuate Collection Set: 0.5ms
[2024-08-27T14:57:15.118+0000][info][gc,phases      ] GC(71)   Other: 0.3ms
[2024-08-27T14:57:15.118+0000][info][gc,heap        ] GC(71) Eden regions: 44->0(44)
[2024-08-27T14:57:15.118+0000][info][gc,heap        ] GC(71) Survivor regions: 7->7(7)
[2024-08-27T14:57:15.118+0000][info][gc,heap        ] GC(71) Old regions: 868->915
[2024-08-27T14:57:15.118+0000][info][gc,heap        ] GC(71) Archive regions: 2->2
[2024-08-27T14:57:15.118+0000][info][gc,heap        ] GC(71) Humongous regions: 5->5
[2024-08-27T14:57:15.118+0000][info][gc,metaspace   ] GC(71) Metaspace: 100K(320K)->100K(320K) NonClass: 96K(192K)->96K(192K) Class: 4K(128K)->4K(128K)
[2024-08-27T14:57:15.118+0000][info][gc             ] GC(71) Pause Young (Normal) (G1 Evacuation Pause) 924M->927M(1024M) 10.483ms
[2024-08-27T14:57:15.118+0000][info][gc,cpu         ] GC(71) User=0.22s Sys=0.00s Real=0.02s
[2024-08-27T14:57:15.138+0000][info][gc,start       ] GC(72) Pause Young (Normal) (G1 Preventive Collection)
[2024-08-27T14:57:15.138+0000][info][gc,task        ] GC(72) Using 24 workers of 68 for evacuation
[2024-08-27T14:57:15.151+0000][info][gc,phases      ] GC(72)   Pre Evacuate Collection Set: 0.2ms
[2024-08-27T14:57:15.151+0000][info][gc,phases      ] GC(72)   Merge Heap Roots: 0.4ms
[2024-08-27T14:57:15.151+0000][info][gc,phases      ] GC(72)   Evacuate Collection Set: 11.9ms
[2024-08-27T14:57:15.151+0000][info][gc,phases      ] GC(72)   Post Evacuate Collection Set: 0.6ms
[2024-08-27T14:57:15.151+0000][info][gc,phases      ] GC(72)   Other: 0.3ms
[2024-08-27T14:57:15.151+0000][info][gc,heap        ] GC(72) Eden regions: 42->0(44)
[2024-08-27T14:57:15.151+0000][info][gc,heap        ] GC(72) Survivor regions: 7->7(7)
[2024-08-27T14:57:15.151+0000][info][gc,heap        ] GC(72) Old regions: 915->960
[2024-08-27T14:57:15.151+0000][info][gc,heap        ] GC(72) Archive regions: 2->2
[2024-08-27T14:57:15.151+0000][info][gc,heap        ] GC(72) Humongous regions: 5->5
[2024-08-27T14:57:15.151+0000][info][gc,metaspace   ] GC(72) Metaspace: 100K(320K)->100K(320K) NonClass: 96K(192K)->96K(192K) Class: 4K(128K)->4K(128K)
[2024-08-27T14:57:15.151+0000][info][gc             ] GC(72) Pause Young (Normal) (G1 Preventive Collection) 969M->972M(1024M) 13.464ms
[2024-08-27T14:57:15.151+0000][info][gc,cpu         ] GC(72) User=0.30s Sys=0.00s Real=0.01s
[2024-08-27T14:57:15.161+0000][info][gc,start       ] GC(73) Pause Young (Normal) (G1 Preventive Collection)
[2024-08-27T14:57:15.161+0000][info][gc,task        ] GC(73) Using 24 workers of 68 for evacuation
[2024-08-27T14:57:15.174+0000][info][gc,phases      ] GC(73)   Pre Evacuate Collection Set: 0.2ms
[2024-08-27T14:57:15.174+0000][info][gc,phases      ] GC(73)   Merge Heap Roots: 0.3ms
[2024-08-27T14:57:15.174+0000][info][gc,phases      ] GC(73)   Evacuate Collection Set: 11.3ms
[2024-08-27T14:57:15.174+0000][info][gc,phases      ] GC(73)   Post Evacuate Collection Set: 0.6ms
[2024-08-27T14:57:15.174+0000][info][gc,phases      ] GC(73)   Other: 0.3ms
[2024-08-27T14:57:15.174+0000][info][gc,heap        ] GC(73) Eden regions: 20->0(44)
[2024-08-27T14:57:15.174+0000][info][gc,heap        ] GC(73) Survivor regions: 7->7(7)
[2024-08-27T14:57:15.174+0000][info][gc,heap        ] GC(73) Old regions: 960->983
[2024-08-27T14:57:15.174+0000][info][gc,heap        ] GC(73) Archive regions: 2->2
[2024-08-27T14:57:15.174+0000][info][gc,heap        ] GC(73) Humongous regions: 5->5
[2024-08-27T14:57:15.174+0000][info][gc,metaspace   ] GC(73) Metaspace: 100K(320K)->100K(320K) NonClass: 96K(192K)->96K(192K) Class: 4K(128K)->4K(128K)
[2024-08-27T14:57:15.174+0000][info][gc             ] GC(73) Pause Young (Normal) (G1 Preventive Collection) 992M->995M(1024M) 12.893ms
[2024-08-27T14:57:15.174+0000][info][gc,cpu         ] GC(73) User=0.27s Sys=0.01s Real=0.01s
[2024-08-27T14:57:15.181+0000][info][gc,start       ] GC(74) Pause Young (Normal) (G1 Preventive Collection)
[2024-08-27T14:57:15.181+0000][info][gc,task        ] GC(74) Using 24 workers of 68 for evacuation
[2024-08-27T14:57:15.191+0000][info][gc             ] GC(74) To-space exhausted
[2024-08-27T14:57:15.191+0000][info][gc,phases      ] GC(74)   Pre Evacuate Collection Set: 0.2ms
[2024-08-27T14:57:15.191+0000][info][gc,phases      ] GC(74)   Merge Heap Roots: 0.4ms
[2024-08-27T14:57:15.191+0000][info][gc,phases      ] GC(74)   Evacuate Collection Set: 8.6ms
[2024-08-27T14:57:15.191+0000][info][gc,phases      ] GC(74)   Post Evacuate Collection Set: 0.8ms
[2024-08-27T14:57:15.191+0000][info][gc,phases      ] GC(74)   Other: 0.3ms
[2024-08-27T14:57:15.191+0000][info][gc,heap        ] GC(74) Eden regions: 9->0(44)
[2024-08-27T14:57:15.191+0000][info][gc,heap        ] GC(74) Survivor regions: 7->7(7)
[2024-08-27T14:57:15.191+0000][info][gc,heap        ] GC(74) Old regions: 983->1007
[2024-08-27T14:57:15.191+0000][info][gc,heap        ] GC(74) Archive regions: 2->2
[2024-08-27T14:57:15.191+0000][info][gc,heap        ] GC(74) Humongous regions: 5->5
[2024-08-27T14:57:15.191+0000][info][gc,metaspace   ] GC(74) Metaspace: 100K(320K)->100K(320K) NonClass: 96K(192K)->96K(192K) Class: 4K(128K)->4K(128K)
[2024-08-27T14:57:15.192+0000][info][gc             ] GC(74) Pause Young (Normal) (G1 Preventive Collection) 1004M->1019M(1024M) 10.475ms
[2024-08-27T14:57:15.192+0000][info][gc,cpu         ] GC(74) User=0.22s Sys=0.01s Real=0.01s
[2024-08-27T14:57:15.193+0000][info][gc,start       ] GC(75) Pause Young (Normal) (G1 Preventive Collection)
[2024-08-27T14:57:15.193+0000][info][gc,task        ] GC(75) Using 24 workers of 68 for evacuation
[2024-08-27T14:57:15.200+0000][info][gc             ] GC(75) To-space exhausted
[2024-08-27T14:57:15.200+0000][info][gc,phases      ] GC(75)   Pre Evacuate Collection Set: 0.2ms
[2024-08-27T14:57:15.200+0000][info][gc,phases      ] GC(75)   Merge Heap Roots: 0.5ms
[2024-08-27T14:57:15.200+0000][info][gc,phases      ] GC(75)   Evacuate Collection Set: 5.7ms
[2024-08-27T14:57:15.200+0000][info][gc,phases      ] GC(75)   Post Evacuate Collection Set: 0.9ms
[2024-08-27T14:57:15.200+0000][info][gc,phases      ] GC(75)   Other: 0.3ms
[2024-08-27T14:57:15.200+0000][info][gc,heap        ] GC(75) Eden regions: 1->0(51)
[2024-08-27T14:57:15.200+0000][info][gc,heap        ] GC(75) Survivor regions: 7->0(2)
[2024-08-27T14:57:15.200+0000][info][gc,heap        ] GC(75) Old regions: 1007->1017
[2024-08-27T14:57:15.200+0000][info][gc,heap        ] GC(75) Archive regions: 2->2
[2024-08-27T14:57:15.200+0000][info][gc,heap        ] GC(75) Humongous regions: 5->5
[2024-08-27T14:57:15.200+0000][info][gc,metaspace   ] GC(75) Metaspace: 100K(320K)->100K(320K) NonClass: 96K(192K)->96K(192K) Class: 4K(128K)->4K(128K)
[2024-08-27T14:57:15.200+0000][info][gc             ] GC(75) Pause Young (Normal) (G1 Preventive Collection) 1020M->1022M(1024M) 7.624ms
[2024-08-27T14:57:15.200+0000][info][gc,cpu         ] GC(75) User=0.15s Sys=0.01s Real=0.01s
[2024-08-27T14:57:15.200+0000][info][gc,ergo        ] Attempting full compaction
[2024-08-27T14:57:15.200+0000][info][gc,task        ] GC(76) Using 24 workers of 68 for full compaction
[2024-08-27T14:57:15.201+0000][info][gc,start       ] GC(76) Pause Full (G1 Compaction Pause)
[2024-08-27T14:57:15.202+0000][info][gc,phases,start] GC(76) Phase 1: Mark live objects
[2024-08-27T14:57:15.217+0000][info][gc,phases      ] GC(76) Phase 1: Mark live objects 15.184ms
[2024-08-27T14:57:15.217+0000][info][gc,phases,start] GC(76) Phase 2: Prepare for compaction
[2024-08-27T14:57:15.226+0000][info][gc,phases      ] GC(76) Phase 2: Prepare for compaction 8.744ms
[2024-08-27T14:57:15.226+0000][info][gc,phases,start] GC(76) Phase 3: Adjust pointers
[2024-08-27T14:57:15.242+0000][info][gc,phases      ] GC(76) Phase 3: Adjust pointers 16.448ms
[2024-08-27T14:57:15.242+0000][info][gc,phases,start] GC(76) Phase 4: Compact heap
[2024-08-27T14:57:15.275+0000][info][gc,phases      ] GC(76) Phase 4: Compact heap 32.611ms
[2024-08-27T14:57:15.276+0000][info][gc,heap        ] GC(76) Eden regions: 0->0(151)
[2024-08-27T14:57:15.276+0000][info][gc,heap        ] GC(76) Survivor regions: 0->0(2)
[2024-08-27T14:57:15.276+0000][info][gc,heap        ] GC(76) Old regions: 1017->440
[2024-08-27T14:57:15.276+0000][info][gc,heap        ] GC(76) Archive regions: 2->2
[2024-08-27T14:57:15.276+0000][info][gc,heap        ] GC(76) Humongous regions: 5->5
[2024-08-27T14:57:15.276+0000][info][gc,metaspace   ] GC(76) Metaspace: 100K(320K)->100K(320K) NonClass: 96K(192K)->96K(192K) Class: 4K(128K)->4K(128K)
[2024-08-27T14:57:15.276+0000][info][gc             ] GC(76) Pause Full (G1 Compaction Pause) 1022M->435M(1024M) 75.362ms
[2024-08-27T14:57:15.276+0000][info][gc,cpu         ] GC(76) User=1.52s Sys=0.05s Real=0.07s
[2024-08-27T14:57:15.277+0000][info][gc,marking     ] GC(70) Concurrent Rebuild Remembered Sets 171.490ms
[2024-08-27T14:57:15.277+0000][info][gc,marking     ] GC(70) Concurrent Mark Abort
[2024-08-27T14:57:15.277+0000][info][gc             ] GC(70) Concurrent Mark Cycle 198.880ms
[2024-08-27T14:57:15.351+0000][info][gc,start       ] GC(77) Pause Young (Normal) (G1 Evacuation Pause)
[2024-08-27T14:57:15.352+0000][info][gc,task        ] GC(77) Using 24 workers of 68 for evacuation
[2024-08-27T14:57:15.376+0000][info][gc,phases      ] GC(77)   Pre Evacuate Collection Set: 0.2ms
[2024-08-27T14:57:15.376+0000][info][gc,phases      ] GC(77)   Merge Heap Roots: 0.4ms
[2024-08-27T14:57:15.376+0000][info][gc,phases      ] GC(77)   Evacuate Collection Set: 23.7ms
[2024-08-27T14:57:15.376+0000][info][gc,phases      ] GC(77)   Post Evacuate Collection Set: 0.4ms
[2024-08-27T14:57:15.376+0000][info][gc,phases      ] GC(77)   Other: 0.3ms
[2024-08-27T14:57:15.376+0000][info][gc,heap        ] GC(77) Eden regions: 151->0(104)
[2024-08-27T14:57:15.376+0000][info][gc,heap        ] GC(77) Survivor regions: 0->19(19)
[2024-08-27T14:57:15.376+0000][info][gc,heap        ] GC(77) Old regions: 440->567
[2024-08-27T14:57:15.376+0000][info][gc,heap        ] GC(77) Archive regions: 2->2
[2024-08-27T14:57:15.376+0000][info][gc,heap        ] GC(77) Humongous regions: 5->5
[2024-08-27T14:57:15.376+0000][info][gc,metaspace   ] GC(77) Metaspace: 100K(320K)->100K(320K) NonClass: 96K(192K)->96K(192K) Class: 4K(128K)->4K(128K)
[2024-08-27T14:57:15.377+0000][info][gc             ] GC(77) Pause Young (Normal) (G1 Evacuation Pause) 586M->581M(1024M) 25.063ms
[2024-08-27T14:57:15.377+0000][info][gc,cpu         ] GC(77) User=0.45s Sys=0.13s Real=0.02s
[2024-08-27T14:57:15.426+0000][info][gc,start       ] GC(78) Pause Young (Concurrent Start) (G1 Evacuation Pause)
[2024-08-27T14:57:15.426+0000][info][gc,task        ] GC(78) Using 24 workers of 68 for evacuation
[2024-08-27T14:57:15.446+0000][info][gc,phases      ] GC(78)   Pre Evacuate Collection Set: 0.2ms
[2024-08-27T14:57:15.446+0000][info][gc,phases      ] GC(78)   Merge Heap Roots: 0.5ms
[2024-08-27T14:57:15.446+0000][info][gc,phases      ] GC(78)   Evacuate Collection Set: 18.4ms
[2024-08-27T14:57:15.446+0000][info][gc,phases      ] GC(78)   Post Evacuate Collection Set: 0.4ms
[2024-08-27T14:57:15.446+0000][info][gc,phases      ] GC(78)   Other: 0.7ms
[2024-08-27T14:57:15.446+0000][info][gc,heap        ] GC(78) Eden regions: 104->0(70)
[2024-08-27T14:57:15.446+0000][info][gc,heap        ] GC(78) Survivor regions: 19->16(16)
[2024-08-27T14:57:15.446+0000][info][gc,heap        ] GC(78) Old regions: 567->676
[2024-08-27T14:57:15.446+0000][info][gc,heap        ] GC(78) Archive regions: 2->2
[2024-08-27T14:57:15.446+0000][info][gc,heap        ] GC(78) Humongous regions: 5->5
[2024-08-27T14:57:15.446+0000][info][gc,metaspace   ] GC(78) Metaspace: 100K(320K)->100K(320K) NonClass: 96K(192K)->96K(192K) Class: 4K(128K)->4K(128K)
[2024-08-27T14:57:15.447+0000][info][gc             ] GC(78) Pause Young (Concurrent Start) (G1 Evacuation Pause) 685M->687M(1024M) 20.207ms
[2024-08-27T14:57:15.447+0000][info][gc,cpu         ] GC(78) User=0.46s Sys=0.00s Real=0.02s
[2024-08-27T14:57:15.447+0000][info][gc             ] GC(79) Concurrent Mark Cycle
[2024-08-27T14:57:15.447+0000][info][gc,marking     ] GC(79) Concurrent Clear Claimed Marks
[2024-08-27T14:57:15.447+0000][info][gc,marking     ] GC(79) Concurrent Clear Claimed Marks 0.010ms
[2024-08-27T14:57:15.447+0000][info][gc,marking     ] GC(79) Concurrent Scan Root Regions
[2024-08-27T14:57:15.450+0000][info][gc,marking     ] GC(79) Concurrent Scan Root Regions 3.354ms
[2024-08-27T14:57:15.450+0000][info][gc,marking     ] GC(79) Concurrent Mark
[2024-08-27T14:57:15.450+0000][info][gc,marking     ] GC(79) Concurrent Mark From Roots
[2024-08-27T14:57:15.450+0000][info][gc,task        ] GC(79) Using 17 workers of 17 for marking
[2024-08-27T14:57:15.473+0000][info][gc,marking     ] GC(79) Concurrent Mark From Roots 22.434ms
[2024-08-27T14:57:15.473+0000][info][gc,marking     ] GC(79) Concurrent Preclean
[2024-08-27T14:57:15.473+0000][info][gc,marking     ] GC(79) Concurrent Preclean 0.505ms
[2024-08-27T14:57:15.473+0000][info][gc,start       ] GC(79) Pause Remark
[2024-08-27T14:57:15.487+0000][info][gc             ] GC(79) Pause Remark 723M->723M(1024M) 14.046ms
[2024-08-27T14:57:15.487+0000][info][gc,cpu         ] GC(79) User=0.00s Sys=0.04s Real=0.01s
[2024-08-27T14:57:15.487+0000][info][gc,marking     ] GC(79) Concurrent Mark 37.402ms
[2024-08-27T14:57:15.487+0000][info][gc,marking     ] GC(79) Concurrent Rebuild Remembered Sets
[2024-08-27T14:57:15.511+0000][info][gc,start       ] GC(80) Pause Young (Normal) (G1 Evacuation Pause)
[2024-08-27T14:57:15.511+0000][info][gc,task        ] GC(80) Using 24 workers of 68 for evacuation
[2024-08-27T14:57:15.539+0000][info][gc,phases      ] GC(80)   Pre Evacuate Collection Set: 0.2ms
[2024-08-27T14:57:15.539+0000][info][gc,phases      ] GC(80)   Merge Heap Roots: 0.3ms
[2024-08-27T14:57:15.539+0000][info][gc,phases      ] GC(80)   Evacuate Collection Set: 26.2ms
[2024-08-27T14:57:15.539+0000][info][gc,phases      ] GC(80)   Post Evacuate Collection Set: 0.7ms
[2024-08-27T14:57:15.539+0000][info][gc,phases      ] GC(80)   Other: 0.3ms
[2024-08-27T14:57:15.539+0000][info][gc,heap        ] GC(80) Eden regions: 70->0(47)
[2024-08-27T14:57:15.539+0000][info][gc,heap        ] GC(80) Survivor regions: 16->11(11)
[2024-08-27T14:57:15.539+0000][info][gc,heap        ] GC(80) Old regions: 676->753
[2024-08-27T14:57:15.539+0000][info][gc,heap        ] GC(80) Archive regions: 2->2
[2024-08-27T14:57:15.539+0000][info][gc,heap        ] GC(80) Humongous regions: 5->5
[2024-08-27T14:57:15.539+0000][info][gc,metaspace   ] GC(80) Metaspace: 100K(320K)->100K(320K) NonClass: 96K(192K)->96K(192K) Class: 4K(128K)->4K(128K)
[2024-08-27T14:57:15.539+0000][info][gc             ] GC(80) Pause Young (Normal) (G1 Evacuation Pause) 757M->759M(1024M) 27.813ms
[2024-08-27T14:57:15.539+0000][info][gc,cpu         ] GC(80) User=0.41s Sys=0.21s Real=0.03s
[2024-08-27T14:57:15.565+0000][info][gc,start       ] GC(81) Pause Young (Normal) (G1 Evacuation Pause)
[2024-08-27T14:57:15.565+0000][info][gc,task        ] GC(81) Using 24 workers of 68 for evacuation
[2024-08-27T14:57:15.592+0000][info][gc,phases      ] GC(81)   Pre Evacuate Collection Set: 0.2ms
[2024-08-27T14:57:15.592+0000][info][gc,phases      ] GC(81)   Merge Heap Roots: 0.7ms
[2024-08-27T14:57:15.592+0000][info][gc,phases      ] GC(81)   Evacuate Collection Set: 25.5ms
[2024-08-27T14:57:15.592+0000][info][gc,phases      ] GC(81)   Post Evacuate Collection Set: 0.8ms
[2024-08-27T14:57:15.592+0000][info][gc,phases      ] GC(81)   Other: 0.2ms
[2024-08-27T14:57:15.592+0000][info][gc,heap        ] GC(81) Eden regions: 47->0(43)
[2024-08-27T14:57:15.592+0000][info][gc,heap        ] GC(81) Survivor regions: 11->8(8)
[2024-08-27T14:57:15.592+0000][info][gc,heap        ] GC(81) Old regions: 753->807
[2024-08-27T14:57:15.592+0000][info][gc,heap        ] GC(81) Archive regions: 2->2
[2024-08-27T14:57:15.592+0000][info][gc,heap        ] GC(81) Humongous regions: 5->5
[2024-08-27T14:57:15.592+0000][info][gc,metaspace   ] GC(81) Metaspace: 100K(320K)->100K(320K) NonClass: 96K(192K)->96K(192K) Class: 4K(128K)->4K(128K)
[2024-08-27T14:57:15.592+0000][info][gc             ] GC(81) Pause Young (Normal) (G1 Evacuation Pause) 806M->810M(1024M) 27.533ms
[2024-08-27T14:57:15.592+0000][info][gc,cpu         ] GC(81) User=0.54s Sys=0.09s Real=0.03s
[2024-08-27T14:57:15.609+0000][info][gc,marking     ] GC(79) Concurrent Rebuild Remembered Sets 121.249ms
[2024-08-27T14:57:15.609+0000][info][gc,start       ] GC(79) Pause Cleanup
[2024-08-27T14:57:15.610+0000][info][gc             ] GC(79) Pause Cleanup 840M->840M(1024M) 1.092ms
[2024-08-27T14:57:15.610+0000][info][gc,cpu         ] GC(79) User=0.00s Sys=0.00s Real=0.01s
[2024-08-27T14:57:15.610+0000][info][gc,marking     ] GC(79) Concurrent Cleanup for Next Mark
[2024-08-27T14:57:15.611+0000][info][gc,marking     ] GC(79) Concurrent Cleanup for Next Mark 0.598ms
[2024-08-27T14:57:15.611+0000][info][gc             ] GC(79) Concurrent Mark Cycle 164.154ms
[2024-08-27T14:57:15.618+0000][info][gc,start       ] GC(82) Pause Young (Prepare Mixed) (G1 Evacuation Pause)
[2024-08-27T14:57:15.618+0000][info][gc,task        ] GC(82) Using 24 workers of 68 for evacuation
[2024-08-27T14:57:15.638+0000][info][gc,phases      ] GC(82)   Pre Evacuate Collection Set: 0.1ms
[2024-08-27T14:57:15.638+0000][info][gc,phases      ] GC(82)   Merge Heap Roots: 1.1ms
[2024-08-27T14:57:15.638+0000][info][gc,phases      ] GC(82)   Evacuate Collection Set: 18.6ms
[2024-08-27T14:57:15.638+0000][info][gc,phases      ] GC(82)   Post Evacuate Collection Set: 0.4ms
[2024-08-27T14:57:15.638+0000][info][gc,phases      ] GC(82)   Other: 0.2ms
[2024-08-27T14:57:15.638+0000][info][gc,heap        ] GC(82) Eden regions: 43->0(44)
[2024-08-27T14:57:15.638+0000][info][gc,heap        ] GC(82) Survivor regions: 8->7(7)
[2024-08-27T14:57:15.638+0000][info][gc,heap        ] GC(82) Old regions: 807->855
[2024-08-27T14:57:15.638+0000][info][gc,heap        ] GC(82) Archive regions: 2->2
[2024-08-27T14:57:15.638+0000][info][gc,heap        ] GC(82) Humongous regions: 5->5
[2024-08-27T14:57:15.638+0000][info][gc,metaspace   ] GC(82) Metaspace: 100K(320K)->100K(320K) NonClass: 96K(192K)->96K(192K) Class: 4K(128K)->4K(128K)
[2024-08-27T14:57:15.638+0000][info][gc             ] GC(82) Pause Young (Prepare Mixed) (G1 Evacuation Pause) 853M->857M(1024M) 20.528ms
[2024-08-27T14:57:15.638+0000][info][gc,cpu         ] GC(82) User=0.46s Sys=0.02s Real=0.02s
[2024-08-27T14:57:15.661+0000][info][gc,start       ] GC(83) Pause Young (Mixed) (G1 Evacuation Pause)
[2024-08-27T14:57:15.661+0000][info][gc,task        ] GC(83) Using 24 workers of 68 for evacuation
[2024-08-27T14:57:15.675+0000][info][gc,phases      ] GC(83)   Pre Evacuate Collection Set: 0.2ms
[2024-08-27T14:57:15.675+0000][info][gc,phases      ] GC(83)   Merge Heap Roots: 0.5ms
[2024-08-27T14:57:15.675+0000][info][gc,phases      ] GC(83)   Evacuate Collection Set: 12.8ms
[2024-08-27T14:57:15.675+0000][info][gc,phases      ] GC(83)   Post Evacuate Collection Set: 0.4ms
[2024-08-27T14:57:15.675+0000][info][gc,phases      ] GC(83)   Other: 0.2ms
[2024-08-27T14:57:15.675+0000][info][gc,heap        ] GC(83) Eden regions: 44->0(44)
[2024-08-27T14:57:15.675+0000][info][gc,heap        ] GC(83) Survivor regions: 7->7(7)
[2024-08-27T14:57:15.675+0000][info][gc,heap        ] GC(83) Old regions: 855->799
[2024-08-27T14:57:15.675+0000][info][gc,heap        ] GC(83) Archive regions: 2->2
[2024-08-27T14:57:15.675+0000][info][gc,heap        ] GC(83) Humongous regions: 5->5
[2024-08-27T14:57:15.675+0000][info][gc,metaspace   ] GC(83) Metaspace: 100K(320K)->100K(320K) NonClass: 96K(192K)->96K(192K) Class: 4K(128K)->4K(128K)
[2024-08-27T14:57:15.675+0000][info][gc             ] GC(83) Pause Young (Mixed) (G1 Evacuation Pause) 901M->807M(1024M) 14.206ms
[2024-08-27T14:57:15.675+0000][info][gc,cpu         ] GC(83) User=0.32s Sys=0.01s Real=0.01s
[2024-08-27T14:57:15.698+0000][info][gc,start       ] GC(84) Pause Young (Mixed) (G1 Evacuation Pause)
[2024-08-27T14:57:15.698+0000][info][gc,task        ] GC(84) Using 24 workers of 68 for evacuation
[2024-08-27T14:57:15.713+0000][info][gc,phases      ] GC(84)   Pre Evacuate Collection Set: 0.2ms
[2024-08-27T14:57:15.713+0000][info][gc,phases      ] GC(84)   Merge Heap Roots: 0.7ms
[2024-08-27T14:57:15.713+0000][info][gc,phases      ] GC(84)   Evacuate Collection Set: 12.7ms
[2024-08-27T14:57:15.713+0000][info][gc,phases      ] GC(84)   Post Evacuate Collection Set: 0.4ms
[2024-08-27T14:57:15.713+0000][info][gc,phases      ] GC(84)   Other: 0.2ms
[2024-08-27T14:57:15.713+0000][info][gc,heap        ] GC(84) Eden regions: 44->0(46)
[2024-08-27T14:57:15.713+0000][info][gc,heap        ] GC(84) Survivor regions: 7->7(7)
[2024-08-27T14:57:15.713+0000][info][gc,heap        ] GC(84) Old regions: 799->759
[2024-08-27T14:57:15.713+0000][info][gc,heap        ] GC(84) Archive regions: 2->2
[2024-08-27T14:57:15.713+0000][info][gc,heap        ] GC(84) Humongous regions: 5->5
[2024-08-27T14:57:15.713+0000][info][gc,metaspace   ] GC(84) Metaspace: 100K(320K)->100K(320K) NonClass: 96K(192K)->96K(192K) Class: 4K(128K)->4K(128K)
[2024-08-27T14:57:15.713+0000][info][gc             ] GC(84) Pause Young (Mixed) (G1 Evacuation Pause) 851M->768M(1024M) 14.316ms
[2024-08-27T14:57:15.713+0000][info][gc,cpu         ] GC(84) User=0.32s Sys=0.00s Real=0.01s
[2024-08-27T14:57:15.737+0000][info][gc,start       ] GC(85) Pause Young (Concurrent Start) (G1 Evacuation Pause)
[2024-08-27T14:57:15.737+0000][info][gc,task        ] GC(85) Using 24 workers of 68 for evacuation
[2024-08-27T14:57:15.751+0000][info][gc,phases      ] GC(85)   Pre Evacuate Collection Set: 0.1ms
[2024-08-27T14:57:15.751+0000][info][gc,phases      ] GC(85)   Merge Heap Roots: 0.6ms
[2024-08-27T14:57:15.751+0000][info][gc,phases      ] GC(85)   Evacuate Collection Set: 12.0ms
[2024-08-27T14:57:15.751+0000][info][gc,phases      ] GC(85)   Post Evacuate Collection Set: 0.3ms
[2024-08-27T14:57:15.751+0000][info][gc,phases      ] GC(85)   Other: 0.6ms
[2024-08-27T14:57:15.751+0000][info][gc,heap        ] GC(85) Eden regions: 46->0(44)
[2024-08-27T14:57:15.751+0000][info][gc,heap        ] GC(85) Survivor regions: 7->7(7)
[2024-08-27T14:57:15.751+0000][info][gc,heap        ] GC(85) Old regions: 759->808
[2024-08-27T14:57:15.751+0000][info][gc,heap        ] GC(85) Archive regions: 2->2
[2024-08-27T14:57:15.751+0000][info][gc,heap        ] GC(85) Humongous regions: 5->5
[2024-08-27T14:57:15.751+0000][info][gc,metaspace   ] GC(85) Metaspace: 100K(320K)->100K(320K) NonClass: 96K(192K)->96K(192K) Class: 4K(128K)->4K(128K)
[2024-08-27T14:57:15.751+0000][info][gc             ] GC(85) Pause Young (Concurrent Start) (G1 Evacuation Pause) 814M->816M(1024M) 13.746ms
[2024-08-27T14:57:15.751+0000][info][gc,cpu         ] GC(85) User=0.30s Sys=0.00s Real=0.02s
[2024-08-27T14:57:15.751+0000][info][gc             ] GC(86) Concurrent Mark Cycle
[2024-08-27T14:57:15.751+0000][info][gc,marking     ] GC(86) Concurrent Clear Claimed Marks
[2024-08-27T14:57:15.751+0000][info][gc,marking     ] GC(86) Concurrent Clear Claimed Marks 0.010ms
[2024-08-27T14:57:15.751+0000][info][gc,marking     ] GC(86) Concurrent Scan Root Regions
[2024-08-27T14:57:15.753+0000][info][gc,marking     ] GC(86) Concurrent Scan Root Regions 1.599ms
[2024-08-27T14:57:15.753+0000][info][gc,marking     ] GC(86) Concurrent Mark
[2024-08-27T14:57:15.753+0000][info][gc,marking     ] GC(86) Concurrent Mark From Roots
[2024-08-27T14:57:15.753+0000][info][gc,task        ] GC(86) Using 17 workers of 17 for marking
[2024-08-27T14:57:15.777+0000][info][gc,marking     ] GC(86) Concurrent Mark From Roots 24.463ms
[2024-08-27T14:57:15.777+0000][info][gc,marking     ] GC(86) Concurrent Preclean
[2024-08-27T14:57:15.779+0000][info][gc,marking     ] GC(86) Concurrent Preclean 2.073ms
[2024-08-27T14:57:15.780+0000][info][gc,start       ] GC(86) Pause Remark
[2024-08-27T14:57:15.781+0000][info][gc             ] GC(86) Pause Remark 857M->857M(1024M) 1.304ms
[2024-08-27T14:57:15.781+0000][info][gc,cpu         ] GC(86) User=0.01s Sys=0.00s Real=0.00s
[2024-08-27T14:57:15.781+0000][info][gc,marking     ] GC(86) Concurrent Mark 28.276ms
[2024-08-27T14:57:15.781+0000][info][gc,marking     ] GC(86) Concurrent Rebuild Remembered Sets
[2024-08-27T14:57:15.783+0000][info][gc,start       ] GC(87) Pause Young (Normal) (G1 Evacuation Pause)
[2024-08-27T14:57:15.783+0000][info][gc,task        ] GC(87) Using 24 workers of 68 for evacuation
[2024-08-27T14:57:15.796+0000][info][gc,phases      ] GC(87)   Pre Evacuate Collection Set: 0.2ms
[2024-08-27T14:57:15.796+0000][info][gc,phases      ] GC(87)   Merge Heap Roots: 0.5ms
[2024-08-27T14:57:15.796+0000][info][gc,phases      ] GC(87)   Evacuate Collection Set: 11.1ms
[2024-08-27T14:57:15.796+0000][info][gc,phases      ] GC(87)   Post Evacuate Collection Set: 0.6ms
[2024-08-27T14:57:15.796+0000][info][gc,phases      ] GC(87)   Other: 0.3ms
[2024-08-27T14:57:15.796+0000][info][gc,heap        ] GC(87) Eden regions: 44->0(44)
[2024-08-27T14:57:15.796+0000][info][gc,heap        ] GC(87) Survivor regions: 7->7(7)
[2024-08-27T14:57:15.796+0000][info][gc,heap        ] GC(87) Old regions: 808->854
[2024-08-27T14:57:15.796+0000][info][gc,heap        ] GC(87) Archive regions: 2->2
[2024-08-27T14:57:15.796+0000][info][gc,heap        ] GC(87) Humongous regions: 5->5
[2024-08-27T14:57:15.796+0000][info][gc,metaspace   ] GC(87) Metaspace: 100K(320K)->100K(320K) NonClass: 96K(192K)->96K(192K) Class: 4K(128K)->4K(128K)
[2024-08-27T14:57:15.796+0000][info][gc             ] GC(87) Pause Young (Normal) (G1 Evacuation Pause) 860M->862M(1024M) 12.783ms
[2024-08-27T14:57:15.796+0000][info][gc,cpu         ] GC(87) User=0.28s Sys=0.00s Real=0.01s
[2024-08-27T14:57:15.820+0000][info][gc,start       ] GC(88) Pause Young (Normal) (G1 Evacuation Pause)
[2024-08-27T14:57:15.820+0000][info][gc,task        ] GC(88) Using 24 workers of 68 for evacuation
[2024-08-27T14:57:15.836+0000][info][gc,phases      ] GC(88)   Pre Evacuate Collection Set: 0.2ms
[2024-08-27T14:57:15.837+0000][info][gc,phases      ] GC(88)   Merge Heap Roots: 0.9ms
[2024-08-27T14:57:15.837+0000][info][gc,phases      ] GC(88)   Evacuate Collection Set: 14.9ms
[2024-08-27T14:57:15.837+0000][info][gc,phases      ] GC(88)   Post Evacuate Collection Set: 0.7ms
[2024-08-27T14:57:15.837+0000][info][gc,phases      ] GC(88)   Other: 0.3ms
[2024-08-27T14:57:15.837+0000][info][gc,heap        ] GC(88) Eden regions: 44->0(44)
[2024-08-27T14:57:15.837+0000][info][gc,heap        ] GC(88) Survivor regions: 7->7(7)
[2024-08-27T14:57:15.837+0000][info][gc,heap        ] GC(88) Old regions: 854->901
[2024-08-27T14:57:15.837+0000][info][gc,heap        ] GC(88) Archive regions: 2->2
[2024-08-27T14:57:15.837+0000][info][gc,heap        ] GC(88) Humongous regions: 5->5
[2024-08-27T14:57:15.837+0000][info][gc,metaspace   ] GC(88) Metaspace: 100K(320K)->100K(320K) NonClass: 96K(192K)->96K(192K) Class: 4K(128K)->4K(128K)
[2024-08-27T14:57:15.837+0000][info][gc             ] GC(88) Pause Young (Normal) (G1 Evacuation Pause) 906M->909M(1024M) 17.197ms
[2024-08-27T14:57:15.837+0000][info][gc,cpu         ] GC(88) User=0.38s Sys=0.00s Real=0.01s
[2024-08-27T14:57:15.860+0000][info][gc,start       ] GC(89) Pause Young (Normal) (G1 Evacuation Pause)
[2024-08-27T14:57:15.860+0000][info][gc,task        ] GC(89) Using 24 workers of 68 for evacuation
[2024-08-27T14:57:15.880+0000][info][gc,phases      ] GC(89)   Pre Evacuate Collection Set: 0.1ms
[2024-08-27T14:57:15.880+0000][info][gc,phases      ] GC(89)   Merge Heap Roots: 0.8ms
[2024-08-27T14:57:15.880+0000][info][gc,phases      ] GC(89)   Evacuate Collection Set: 18.1ms
[2024-08-27T14:57:15.880+0000][info][gc,phases      ] GC(89)   Post Evacuate Collection Set: 0.8ms
[2024-08-27T14:57:15.880+0000][info][gc,phases      ] GC(89)   Other: 0.3ms
[2024-08-27T14:57:15.880+0000][info][gc,heap        ] GC(89) Eden regions: 44->0(44)
[2024-08-27T14:57:15.880+0000][info][gc,heap        ] GC(89) Survivor regions: 7->7(7)
[2024-08-27T14:57:15.880+0000][info][gc,heap        ] GC(89) Old regions: 901->947
[2024-08-27T14:57:15.880+0000][info][gc,heap        ] GC(89) Archive regions: 2->2
[2024-08-27T14:57:15.880+0000][info][gc,heap        ] GC(89) Humongous regions: 5->5
[2024-08-27T14:57:15.881+0000][info][gc,metaspace   ] GC(89) Metaspace: 100K(320K)->100K(320K) NonClass: 96K(192K)->96K(192K) Class: 4K(128K)->4K(128K)
[2024-08-27T14:57:15.881+0000][info][gc             ] GC(89) Pause Young (Normal) (G1 Evacuation Pause) 953M->956M(1024M) 20.290ms
[2024-08-27T14:57:15.881+0000][info][gc,cpu         ] GC(89) User=0.46s Sys=0.00s Real=0.02s
[2024-08-27T14:57:15.896+0000][info][gc,start       ] GC(90) Pause Young (Normal) (G1 Preventive Collection)
[2024-08-27T14:57:15.896+0000][info][gc,task        ] GC(90) Using 24 workers of 68 for evacuation
[2024-08-27T14:57:15.914+0000][info][gc,phases      ] GC(90)   Pre Evacuate Collection Set: 0.2ms
[2024-08-27T14:57:15.914+0000][info][gc,phases      ] GC(90)   Merge Heap Roots: 1.1ms
[2024-08-27T14:57:15.914+0000][info][gc,phases      ] GC(90)   Evacuate Collection Set: 15.9ms
[2024-08-27T14:57:15.914+0000][info][gc,phases      ] GC(90)   Post Evacuate Collection Set: 0.9ms
[2024-08-27T14:57:15.914+0000][info][gc,phases      ] GC(90)   Other: 0.3ms
[2024-08-27T14:57:15.914+0000][info][gc,heap        ] GC(90) Eden regions: 26->0(44)
[2024-08-27T14:57:15.914+0000][info][gc,heap        ] GC(90) Survivor regions: 7->7(7)
[2024-08-27T14:57:15.914+0000][info][gc,heap        ] GC(90) Old regions: 947->977
[2024-08-27T14:57:15.914+0000][info][gc,heap        ] GC(90) Archive regions: 2->2
[2024-08-27T14:57:15.914+0000][info][gc,heap        ] GC(90) Humongous regions: 5->5
[2024-08-27T14:57:15.914+0000][info][gc,metaspace   ] GC(90) Metaspace: 100K(320K)->100K(320K) NonClass: 96K(192K)->96K(192K) Class: 4K(128K)->4K(128K)
[2024-08-27T14:57:15.914+0000][info][gc             ] GC(90) Pause Young (Normal) (G1 Preventive Collection) 982M->986M(1024M) 18.602ms
[2024-08-27T14:57:15.915+0000][info][gc,cpu         ] GC(90) User=0.42s Sys=0.00s Real=0.02s
[2024-08-27T14:57:15.918+0000][info][gc,marking     ] GC(86) Concurrent Rebuild Remembered Sets 137.254ms
[2024-08-27T14:57:15.918+0000][info][gc,start       ] GC(86) Pause Cleanup
[2024-08-27T14:57:15.921+0000][info][gc             ] GC(86) Pause Cleanup 992M->992M(1024M) 2.663ms
[2024-08-27T14:57:15.921+0000][info][gc,cpu         ] GC(86) User=0.01s Sys=0.00s Real=0.00s
[2024-08-27T14:57:15.921+0000][info][gc,marking     ] GC(86) Concurrent Cleanup for Next Mark
[2024-08-27T14:57:15.922+0000][info][gc,marking     ] GC(86) Concurrent Cleanup for Next Mark 0.655ms
[2024-08-27T14:57:15.922+0000][info][gc             ] GC(86) Concurrent Mark Cycle 171.164ms
[2024-08-27T14:57:15.925+0000][info][gc,start       ] GC(91) Pause Young (Prepare Mixed) (G1 Preventive Collection)
[2024-08-27T14:57:15.925+0000][info][gc,task        ] GC(91) Using 24 workers of 68 for evacuation
[2024-08-27T14:57:15.940+0000][info][gc             ] GC(91) To-space exhausted
[2024-08-27T14:57:15.940+0000][info][gc,phases      ] GC(91)   Pre Evacuate Collection Set: 0.2ms
[2024-08-27T14:57:15.940+0000][info][gc,phases      ] GC(91)   Merge Heap Roots: 0.8ms
[2024-08-27T14:57:15.940+0000][info][gc,phases      ] GC(91)   Evacuate Collection Set: 12.3ms
[2024-08-27T14:57:15.940+0000][info][gc,phases      ] GC(91)   Post Evacuate Collection Set: 0.8ms
[2024-08-27T14:57:15.940+0000][info][gc,phases      ] GC(91)   Other: 0.3ms
[2024-08-27T14:57:15.940+0000][info][gc,heap        ] GC(91) Eden regions: 12->0(44)
[2024-08-27T14:57:15.940+0000][info][gc,heap        ] GC(91) Survivor regions: 7->7(7)
[2024-08-27T14:57:15.940+0000][info][gc,heap        ] GC(91) Old regions: 977->1010
[2024-08-27T14:57:15.940+0000][info][gc,heap        ] GC(91) Archive regions: 2->2
[2024-08-27T14:57:15.940+0000][info][gc,heap        ] GC(91) Humongous regions: 5->5
[2024-08-27T14:57:15.940+0000][info][gc,metaspace   ] GC(91) Metaspace: 100K(320K)->100K(320K) NonClass: 96K(192K)->96K(192K) Class: 4K(128K)->4K(128K)
[2024-08-27T14:57:15.940+0000][info][gc             ] GC(91) Pause Young (Prepare Mixed) (G1 Preventive Collection) 998M->1019M(1024M) 14.464ms
[2024-08-27T14:57:15.940+0000][info][gc,cpu         ] GC(91) User=0.32s Sys=0.00s Real=0.02s
[2024-08-27T14:57:15.940+0000][info][gc,ergo        ] Attempting full compaction
[2024-08-27T14:57:15.940+0000][info][gc,task        ] GC(92) Using 24 workers of 68 for full compaction
[2024-08-27T14:57:15.940+0000][info][gc,start       ] GC(92) Pause Full (G1 Compaction Pause)
[2024-08-27T14:57:15.940+0000][info][gc,phases,start] GC(92) Phase 1: Mark live objects
[2024-08-27T14:57:15.964+0000][info][gc,phases      ] GC(92) Phase 1: Mark live objects 23.786ms
[2024-08-27T14:57:15.964+0000][info][gc,phases,start] GC(92) Phase 2: Prepare for compaction
[2024-08-27T14:57:15.983+0000][info][gc,phases      ] GC(92) Phase 2: Prepare for compaction 18.801ms
[2024-08-27T14:57:15.983+0000][info][gc,phases,start] GC(92) Phase 3: Adjust pointers
[2024-08-27T14:57:16.004+0000][info][gc,phases      ] GC(92) Phase 3: Adjust pointers 20.972ms
[2024-08-27T14:57:16.004+0000][info][gc,phases,start] GC(92) Phase 4: Compact heap
[2024-08-27T14:57:16.034+0000][info][gc,phases      ] GC(92) Phase 4: Compact heap 29.828ms
[2024-08-27T14:57:16.036+0000][info][gc,heap        ] GC(92) Eden regions: 0->0(150)
[2024-08-27T14:57:16.036+0000][info][gc,heap        ] GC(92) Survivor regions: 7->0(7)
[2024-08-27T14:57:16.036+0000][info][gc,heap        ] GC(92) Old regions: 1010->442
[2024-08-27T14:57:16.036+0000][info][gc,heap        ] GC(92) Archive regions: 2->2
[2024-08-27T14:57:16.036+0000][info][gc,heap        ] GC(92) Humongous regions: 5->5
[2024-08-27T14:57:16.036+0000][info][gc,metaspace   ] GC(92) Metaspace: 100K(320K)->100K(320K) NonClass: 96K(192K)->96K(192K) Class: 4K(128K)->4K(128K)
[2024-08-27T14:57:16.036+0000][info][gc             ] GC(92) Pause Full (G1 Compaction Pause) 1019M->437M(1024M) 95.606ms
[2024-08-27T14:57:16.036+0000][info][gc,cpu         ] GC(92) User=1.70s Sys=0.23s Real=0.09s
[2024-08-27T14:57:16.123+0000][info][gc,start       ] GC(93) Pause Young (Normal) (G1 Evacuation Pause)
[2024-08-27T14:57:16.123+0000][info][gc,task        ] GC(93) Using 24 workers of 68 for evacuation
[2024-08-27T14:57:16.149+0000][info][gc,phases      ] GC(93)   Pre Evacuate Collection Set: 0.2ms
[2024-08-27T14:57:16.149+0000][info][gc,phases      ] GC(93)   Merge Heap Roots: 0.6ms
[2024-08-27T14:57:16.149+0000][info][gc,phases      ] GC(93)   Evacuate Collection Set: 24.4ms
[2024-08-27T14:57:16.149+0000][info][gc,phases      ] GC(93)   Post Evacuate Collection Set: 0.5ms
[2024-08-27T14:57:16.149+0000][info][gc,phases      ] GC(93)   Other: 0.4ms
[2024-08-27T14:57:16.149+0000][info][gc,heap        ] GC(93) Eden regions: 150->0(103)
[2024-08-27T14:57:16.149+0000][info][gc,heap        ] GC(93) Survivor regions: 0->19(19)
[2024-08-27T14:57:16.149+0000][info][gc,heap        ] GC(93) Old regions: 442->569
[2024-08-27T14:57:16.149+0000][info][gc,heap        ] GC(93) Archive regions: 2->2
[2024-08-27T14:57:16.149+0000][info][gc,heap        ] GC(93) Humongous regions: 5->5
[2024-08-27T14:57:16.149+0000][info][gc,metaspace   ] GC(93) Metaspace: 100K(320K)->100K(320K) NonClass: 96K(192K)->96K(192K) Class: 4K(128K)->4K(128K)
[2024-08-27T14:57:16.149+0000][info][gc             ] GC(93) Pause Young (Normal) (G1 Evacuation Pause) 587M->582M(1024M) 26.118ms
[2024-08-27T14:57:16.149+0000][info][gc,cpu         ] GC(93) User=0.58s Sys=0.01s Real=0.02s
[2024-08-27T14:57:16.201+0000][info][gc,start       ] GC(94) Pause Young (Concurrent Start) (G1 Evacuation Pause)
[2024-08-27T14:57:16.201+0000][info][gc,task        ] GC(94) Using 24 workers of 68 for evacuation
[2024-08-27T14:57:16.224+0000][info][gc,phases      ] GC(94)   Pre Evacuate Collection Set: 0.2ms
[2024-08-27T14:57:16.225+0000][info][gc,phases      ] GC(94)   Merge Heap Roots: 0.7ms
[2024-08-27T14:57:16.225+0000][info][gc,phases      ] GC(94)   Evacuate Collection Set: 21.4ms
[2024-08-27T14:57:16.225+0000][info][gc,phases      ] GC(94)   Post Evacuate Collection Set: 0.5ms
[2024-08-27T14:57:16.225+0000][info][gc,phases      ] GC(94)   Other: 1.1ms
[2024-08-27T14:57:16.225+0000][info][gc,heap        ] GC(94) Eden regions: 103->0(70)
[2024-08-27T14:57:16.225+0000][info][gc,heap        ] GC(94) Survivor regions: 19->16(16)
[2024-08-27T14:57:16.225+0000][info][gc,heap        ] GC(94) Old regions: 569->675
[2024-08-27T14:57:16.225+0000][info][gc,heap        ] GC(94) Archive regions: 2->2
[2024-08-27T14:57:16.225+0000][info][gc,heap        ] GC(94) Humongous regions: 5->5
[2024-08-27T14:57:16.225+0000][info][gc,metaspace   ] GC(94) Metaspace: 100K(320K)->100K(320K) NonClass: 96K(192K)->96K(192K) Class: 4K(128K)->4K(128K)
[2024-08-27T14:57:16.225+0000][info][gc             ] GC(94) Pause Young (Concurrent Start) (G1 Evacuation Pause) 685M->686M(1024M) 23.953ms
[2024-08-27T14:57:16.225+0000][info][gc,cpu         ] GC(94) User=0.53s Sys=0.01s Real=0.02s
[2024-08-27T14:57:16.225+0000][info][gc             ] GC(95) Concurrent Mark Cycle
[2024-08-27T14:57:16.225+0000][info][gc,marking     ] GC(95) Concurrent Clear Claimed Marks
[2024-08-27T14:57:16.225+0000][info][gc,marking     ] GC(95) Concurrent Clear Claimed Marks 0.020ms
[2024-08-27T14:57:16.225+0000][info][gc,marking     ] GC(95) Concurrent Scan Root Regions
[2024-08-27T14:57:16.228+0000][info][gc,marking     ] GC(95) Concurrent Scan Root Regions 3.261ms
[2024-08-27T14:57:16.228+0000][info][gc,marking     ] GC(95) Concurrent Mark
[2024-08-27T14:57:16.228+0000][info][gc,marking     ] GC(95) Concurrent Mark From Roots
[2024-08-27T14:57:16.228+0000][info][gc,task        ] GC(95) Using 17 workers of 17 for marking
[2024-08-27T14:57:16.250+0000][info][gc,marking     ] GC(95) Concurrent Mark From Roots 21.289ms
[2024-08-27T14:57:16.250+0000][info][gc,marking     ] GC(95) Concurrent Preclean
[2024-08-27T14:57:16.251+0000][info][gc,marking     ] GC(95) Concurrent Preclean 1.002ms
[2024-08-27T14:57:16.251+0000][info][gc,start       ] GC(95) Pause Remark
[2024-08-27T14:57:16.253+0000][info][gc             ] GC(95) Pause Remark 719M->719M(1024M) 1.819ms
[2024-08-27T14:57:16.253+0000][info][gc,cpu         ] GC(95) User=0.01s Sys=0.01s Real=0.00s
[2024-08-27T14:57:16.253+0000][info][gc,marking     ] GC(95) Concurrent Mark 24.795ms
[2024-08-27T14:57:16.253+0000][info][gc,marking     ] GC(95) Concurrent Rebuild Remembered Sets
[2024-08-27T14:57:16.272+0000][info][gc,start       ] GC(96) Pause Young (Normal) (G1 Evacuation Pause)
[2024-08-27T14:57:16.272+0000][info][gc,task        ] GC(96) Using 24 workers of 68 for evacuation
[2024-08-27T14:57:16.292+0000][info][gc,phases      ] GC(96)   Pre Evacuate Collection Set: 0.2ms
[2024-08-27T14:57:16.292+0000][info][gc,phases      ] GC(96)   Merge Heap Roots: 0.6ms
[2024-08-27T14:57:16.292+0000][info][gc,phases      ] GC(96)   Evacuate Collection Set: 18.1ms
[2024-08-27T14:57:16.292+0000][info][gc,phases      ] GC(96)   Post Evacuate Collection Set: 0.7ms
[2024-08-27T14:57:16.292+0000][info][gc,phases      ] GC(96)   Other: 0.5ms
[2024-08-27T14:57:16.292+0000][info][gc,heap        ] GC(96) Eden regions: 70->0(47)
[2024-08-27T14:57:16.292+0000][info][gc,heap        ] GC(96) Survivor regions: 16->11(11)
[2024-08-27T14:57:16.292+0000][info][gc,heap        ] GC(96) Old regions: 674->753
[2024-08-27T14:57:16.292+0000][info][gc,heap        ] GC(96) Archive regions: 2->2
[2024-08-27T14:57:16.292+0000][info][gc,heap        ] GC(96) Humongous regions: 5->5
[2024-08-27T14:57:16.292+0000][info][gc,metaspace   ] GC(96) Metaspace: 100K(320K)->100K(320K) NonClass: 96K(192K)->96K(192K) Class: 4K(128K)->4K(128K)
[2024-08-27T14:57:16.292+0000][info][gc             ] GC(96) Pause Young (Normal) (G1 Evacuation Pause) 756M->760M(1024M) 20.133ms
[2024-08-27T14:57:16.292+0000][info][gc,cpu         ] GC(96) User=0.44s Sys=0.00s Real=0.02s
[2024-08-27T14:57:16.318+0000][info][gc,start       ] GC(97) Pause Young (Normal) (G1 Evacuation Pause)
[2024-08-27T14:57:16.318+0000][info][gc,task        ] GC(97) Using 24 workers of 68 for evacuation
[2024-08-27T14:57:16.340+0000][info][gc,phases      ] GC(97)   Pre Evacuate Collection Set: 0.2ms
[2024-08-27T14:57:16.340+0000][info][gc,phases      ] GC(97)   Merge Heap Roots: 1.0ms
[2024-08-27T14:57:16.340+0000][info][gc,phases      ] GC(97)   Evacuate Collection Set: 20.0ms
[2024-08-27T14:57:16.340+0000][info][gc,phases      ] GC(97)   Post Evacuate Collection Set: 0.8ms
[2024-08-27T14:57:16.340+0000][info][gc,phases      ] GC(97)   Other: 0.3ms
[2024-08-27T14:57:16.340+0000][info][gc,heap        ] GC(97) Eden regions: 47->0(43)
[2024-08-27T14:57:16.340+0000][info][gc,heap        ] GC(97) Survivor regions: 11->8(8)
[2024-08-27T14:57:16.340+0000][info][gc,heap        ] GC(97) Old regions: 753->807
[2024-08-27T14:57:16.340+0000][info][gc,heap        ] GC(97) Archive regions: 2->2
[2024-08-27T14:57:16.340+0000][info][gc,heap        ] GC(97) Humongous regions: 5->5
[2024-08-27T14:57:16.340+0000][info][gc,metaspace   ] GC(97) Metaspace: 100K(320K)->100K(320K) NonClass: 96K(192K)->96K(192K) Class: 4K(128K)->4K(128K)
[2024-08-27T14:57:16.340+0000][info][gc             ] GC(97) Pause Young (Normal) (G1 Evacuation Pause) 807M->811M(1024M) 22.485ms
[2024-08-27T14:57:16.340+0000][info][gc,cpu         ] GC(97) User=0.51s Sys=0.00s Real=0.02s
[2024-08-27T14:57:16.363+0000][info][gc,start       ] GC(98) Pause Young (Normal) (G1 Evacuation Pause)
[2024-08-27T14:57:16.364+0000][info][gc,task        ] GC(98) Using 24 workers of 68 for evacuation
[2024-08-27T14:57:16.383+0000][info][gc,phases      ] GC(98)   Pre Evacuate Collection Set: 0.2ms
[2024-08-27T14:57:16.383+0000][info][gc,phases      ] GC(98)   Merge Heap Roots: 0.8ms
[2024-08-27T14:57:16.383+0000][info][gc,phases      ] GC(98)   Evacuate Collection Set: 17.5ms
[2024-08-27T14:57:16.383+0000][info][gc,phases      ] GC(98)   Post Evacuate Collection Set: 0.9ms
[2024-08-27T14:57:16.383+0000][info][gc,phases      ] GC(98)   Other: 0.3ms
[2024-08-27T14:57:16.383+0000][info][gc,heap        ] GC(98) Eden regions: 43->0(44)
[2024-08-27T14:57:16.383+0000][info][gc,heap        ] GC(98) Survivor regions: 8->7(7)
[2024-08-27T14:57:16.383+0000][info][gc,heap        ] GC(98) Old regions: 807->854
[2024-08-27T14:57:16.383+0000][info][gc,heap        ] GC(98) Archive regions: 2->2
[2024-08-27T14:57:16.383+0000][info][gc,heap        ] GC(98) Humongous regions: 5->5
[2024-08-27T14:57:16.383+0000][info][gc,metaspace   ] GC(98) Metaspace: 100K(320K)->100K(320K) NonClass: 96K(192K)->96K(192K) Class: 4K(128K)->4K(128K)
[2024-08-27T14:57:16.383+0000][info][gc             ] GC(98) Pause Young (Normal) (G1 Evacuation Pause) 854M->857M(1024M) 19.930ms
[2024-08-27T14:57:16.383+0000][info][gc,cpu         ] GC(98) User=0.45s Sys=0.00s Real=0.02s
[2024-08-27T14:57:16.384+0000][info][gc,marking     ] GC(95) Concurrent Rebuild Remembered Sets 131.076ms
[2024-08-27T14:57:16.385+0000][info][gc,start       ] GC(95) Pause Cleanup
[2024-08-27T14:57:16.387+0000][info][gc             ] GC(95) Pause Cleanup 859M->859M(1024M) 1.982ms
[2024-08-27T14:57:16.387+0000][info][gc,cpu         ] GC(95) User=0.00s Sys=0.00s Real=0.00s
[2024-08-27T14:57:16.387+0000][info][gc,marking     ] GC(95) Concurrent Cleanup for Next Mark
[2024-08-27T14:57:16.388+0000][info][gc,marking     ] GC(95) Concurrent Cleanup for Next Mark 0.815ms
[2024-08-27T14:57:16.388+0000][info][gc             ] GC(95) Concurrent Mark Cycle 162.675ms
[2024-08-27T14:57:16.409+0000][info][gc,start       ] GC(99) Pause Young (Prepare Mixed) (G1 Evacuation Pause)
[2024-08-27T14:57:16.409+0000][info][gc,task        ] GC(99) Using 24 workers of 68 for evacuation
[2024-08-27T14:57:16.429+0000][info][gc,phases      ] GC(99)   Pre Evacuate Collection Set: 0.2ms
[2024-08-27T14:57:16.429+0000][info][gc,phases      ] GC(99)   Merge Heap Roots: 1.4ms
[2024-08-27T14:57:16.429+0000][info][gc,phases      ] GC(99)   Evacuate Collection Set: 17.6ms
[2024-08-27T14:57:16.429+0000][info][gc,phases      ] GC(99)   Post Evacuate Collection Set: 0.4ms
[2024-08-27T14:57:16.429+0000][info][gc,phases      ] GC(99)   Other: 0.3ms
[2024-08-27T14:57:16.429+0000][info][gc,heap        ] GC(99) Eden regions: 44->0(44)
[2024-08-27T14:57:16.429+0000][info][gc,heap        ] GC(99) Survivor regions: 7->7(7)
[2024-08-27T14:57:16.429+0000][info][gc,heap        ] GC(99) Old regions: 854->900
[2024-08-27T14:57:16.429+0000][info][gc,heap        ] GC(99) Archive regions: 2->2
[2024-08-27T14:57:16.429+0000][info][gc,heap        ] GC(99) Humongous regions: 5->5
[2024-08-27T14:57:16.429+0000][info][gc,metaspace   ] GC(99) Metaspace: 100K(320K)->100K(320K) NonClass: 96K(192K)->96K(192K) Class: 4K(128K)->4K(128K)
[2024-08-27T14:57:16.429+0000][info][gc             ] GC(99) Pause Young (Prepare Mixed) (G1 Evacuation Pause) 901M->903M(1024M) 20.092ms
[2024-08-27T14:57:16.430+0000][info][gc,cpu         ] GC(99) User=0.45s Sys=0.00s Real=0.03s
[2024-08-27T14:57:16.453+0000][info][gc,start       ] GC(100) Pause Young (Mixed) (G1 Evacuation Pause)
[2024-08-27T14:57:16.453+0000][info][gc,task        ] GC(100) Using 24 workers of 68 for evacuation
[2024-08-27T14:57:16.467+0000][info][gc,phases      ] GC(100)   Pre Evacuate Collection Set: 0.3ms
[2024-08-27T14:57:16.467+0000][info][gc,phases      ] GC(100)   Merge Heap Roots: 0.8ms
[2024-08-27T14:57:16.467+0000][info][gc,phases      ] GC(100)   Evacuate Collection Set: 11.9ms
[2024-08-27T14:57:16.467+0000][info][gc,phases      ] GC(100)   Post Evacuate Collection Set: 0.5ms
[2024-08-27T14:57:16.467+0000][info][gc,phases      ] GC(100)   Other: 0.3ms
[2024-08-27T14:57:16.467+0000][info][gc,heap        ] GC(100) Eden regions: 44->0(44)
[2024-08-27T14:57:16.467+0000][info][gc,heap        ] GC(100) Survivor regions: 7->7(7)
[2024-08-27T14:57:16.467+0000][info][gc,heap        ] GC(100) Old regions: 900->844
[2024-08-27T14:57:16.467+0000][info][gc,heap        ] GC(100) Archive regions: 2->2
[2024-08-27T14:57:16.467+0000][info][gc,heap        ] GC(100) Humongous regions: 5->5
[2024-08-27T14:57:16.467+0000][info][gc,metaspace   ] GC(100) Metaspace: 100K(320K)->100K(320K) NonClass: 96K(192K)->96K(192K) Class: 4K(128K)->4K(128K)
[2024-08-27T14:57:16.467+0000][info][gc             ] GC(100) Pause Young (Mixed) (G1 Evacuation Pause) 947M->848M(1024M) 14.004ms
[2024-08-27T14:57:16.467+0000][info][gc,cpu         ] GC(100) User=0.30s Sys=0.01s Real=0.01s
[2024-08-27T14:57:16.490+0000][info][gc,start       ] GC(101) Pause Young (Mixed) (G1 Evacuation Pause)
[2024-08-27T14:57:16.490+0000][info][gc,task        ] GC(101) Using 24 workers of 68 for evacuation
[2024-08-27T14:57:16.503+0000][info][gc,phases      ] GC(101)   Pre Evacuate Collection Set: 0.2ms
[2024-08-27T14:57:16.503+0000][info][gc,phases      ] GC(101)   Merge Heap Roots: 0.7ms
[2024-08-27T14:57:16.503+0000][info][gc,phases      ] GC(101)   Evacuate Collection Set: 11.8ms
[2024-08-27T14:57:16.503+0000][info][gc,phases      ] GC(101)   Post Evacuate Collection Set: 0.4ms
[2024-08-27T14:57:16.503+0000][info][gc,phases      ] GC(101)   Other: 0.4ms
[2024-08-27T14:57:16.503+0000][info][gc,heap        ] GC(101) Eden regions: 44->0(44)
[2024-08-27T14:57:16.503+0000][info][gc,heap        ] GC(101) Survivor regions: 7->7(7)
[2024-08-27T14:57:16.503+0000][info][gc,heap        ] GC(101) Old regions: 844->806
[2024-08-27T14:57:16.503+0000][info][gc,heap        ] GC(101) Archive regions: 2->2
[2024-08-27T14:57:16.503+0000][info][gc,heap        ] GC(101) Humongous regions: 5->5
[2024-08-27T14:57:16.503+0000][info][gc,metaspace   ] GC(101) Metaspace: 100K(320K)->100K(320K) NonClass: 96K(192K)->96K(192K) Class: 4K(128K)->4K(128K)
[2024-08-27T14:57:16.504+0000][info][gc             ] GC(101) Pause Young (Mixed) (G1 Evacuation Pause) 892M->811M(1024M) 13.645ms
[2024-08-27T14:57:16.504+0000][info][gc,cpu         ] GC(101) User=0.30s Sys=0.00s Real=0.01s
[2024-08-27T14:57:16.526+0000][info][gc,start       ] GC(102) Pause Young (Concurrent Start) (G1 Evacuation Pause)
[2024-08-27T14:57:16.526+0000][info][gc,task        ] GC(102) Using 24 workers of 68 for evacuation
[2024-08-27T14:57:16.540+0000][info][gc,phases      ] GC(102)   Pre Evacuate Collection Set: 0.2ms
[2024-08-27T14:57:16.540+0000][info][gc,phases      ] GC(102)   Merge Heap Roots: 0.7ms
[2024-08-27T14:57:16.540+0000][info][gc,phases      ] GC(102)   Evacuate Collection Set: 11.6ms
[2024-08-27T14:57:16.540+0000][info][gc,phases      ] GC(102)   Post Evacuate Collection Set: 0.4ms
[2024-08-27T14:57:16.540+0000][info][gc,phases      ] GC(102)   Other: 1.1ms
[2024-08-27T14:57:16.540+0000][info][gc,heap        ] GC(102) Eden regions: 44->0(44)
[2024-08-27T14:57:16.540+0000][info][gc,heap        ] GC(102) Survivor regions: 7->7(7)
[2024-08-27T14:57:16.540+0000][info][gc,heap        ] GC(102) Old regions: 806->853
[2024-08-27T14:57:16.540+0000][info][gc,heap        ] GC(102) Archive regions: 2->2
[2024-08-27T14:57:16.540+0000][info][gc,heap        ] GC(102) Humongous regions: 5->5
[2024-08-27T14:57:16.540+0000][info][gc,metaspace   ] GC(102) Metaspace: 100K(320K)->100K(320K) NonClass: 96K(192K)->96K(192K) Class: 4K(128K)->4K(128K)
[2024-08-27T14:57:16.540+0000][info][gc             ] GC(102) Pause Young (Concurrent Start) (G1 Evacuation Pause) 855M->858M(1024M) 14.063ms
[2024-08-27T14:57:16.540+0000][info][gc,cpu         ] GC(102) User=0.29s Sys=0.00s Real=0.02s
[2024-08-27T14:57:16.540+0000][info][gc             ] GC(103) Concurrent Mark Cycle
[2024-08-27T14:57:16.541+0000][info][gc,marking     ] GC(103) Concurrent Clear Claimed Marks
[2024-08-27T14:57:16.541+0000][info][gc,marking     ] GC(103) Concurrent Clear Claimed Marks 0.015ms
[2024-08-27T14:57:16.541+0000][info][gc,marking     ] GC(103) Concurrent Scan Root Regions
[2024-08-27T14:57:16.542+0000][info][gc,marking     ] GC(103) Concurrent Scan Root Regions 1.775ms
[2024-08-27T14:57:16.542+0000][info][gc,marking     ] GC(103) Concurrent Mark
[2024-08-27T14:57:16.542+0000][info][gc,marking     ] GC(103) Concurrent Mark From Roots
[2024-08-27T14:57:16.542+0000][info][gc,task        ] GC(103) Using 17 workers of 17 for marking
[2024-08-27T14:57:16.566+0000][info][gc,marking     ] GC(103) Concurrent Mark From Roots 23.265ms
[2024-08-27T14:57:16.566+0000][info][gc,marking     ] GC(103) Concurrent Preclean
[2024-08-27T14:57:16.566+0000][info][gc,marking     ] GC(103) Concurrent Preclean 0.512ms
[2024-08-27T14:57:16.567+0000][info][gc,start       ] GC(103) Pause Remark
[2024-08-27T14:57:16.569+0000][info][gc             ] GC(103) Pause Remark 893M->893M(1024M) 2.119ms
[2024-08-27T14:57:16.569+0000][info][gc,cpu         ] GC(103) User=0.01s Sys=0.00s Real=0.00s
[2024-08-27T14:57:16.569+0000][info][gc,marking     ] GC(103) Concurrent Mark 26.384ms
[2024-08-27T14:57:16.569+0000][info][gc,marking     ] GC(103) Concurrent Rebuild Remembered Sets
[2024-08-27T14:57:16.574+0000][info][gc,start       ] GC(104) Pause Young (Normal) (G1 Evacuation Pause)
[2024-08-27T14:57:16.574+0000][info][gc,task        ] GC(104) Using 24 workers of 68 for evacuation
[2024-08-27T14:57:16.586+0000][info][gc,phases      ] GC(104)   Pre Evacuate Collection Set: 0.2ms
[2024-08-27T14:57:16.586+0000][info][gc,phases      ] GC(104)   Merge Heap Roots: 0.4ms
[2024-08-27T14:57:16.586+0000][info][gc,phases      ] GC(104)   Evacuate Collection Set: 10.9ms
[2024-08-27T14:57:16.586+0000][info][gc,phases      ] GC(104)   Post Evacuate Collection Set: 0.5ms
[2024-08-27T14:57:16.586+0000][info][gc,phases      ] GC(104)   Other: 0.3ms
[2024-08-27T14:57:16.586+0000][info][gc,heap        ] GC(104) Eden regions: 44->0(44)
[2024-08-27T14:57:16.586+0000][info][gc,heap        ] GC(104) Survivor regions: 7->7(7)
[2024-08-27T14:57:16.586+0000][info][gc,heap        ] GC(104) Old regions: 853->899
[2024-08-27T14:57:16.586+0000][info][gc,heap        ] GC(104) Archive regions: 2->2
[2024-08-27T14:57:16.586+0000][info][gc,heap        ] GC(104) Humongous regions: 5->5
[2024-08-27T14:57:16.586+0000][info][gc,metaspace   ] GC(104) Metaspace: 100K(320K)->100K(320K) NonClass: 96K(192K)->96K(192K) Class: 4K(128K)->4K(128K)
[2024-08-27T14:57:16.586+0000][info][gc             ] GC(104) Pause Young (Normal) (G1 Evacuation Pause) 902M->904M(1024M) 12.435ms
[2024-08-27T14:57:16.587+0000][info][gc,cpu         ] GC(104) User=0.28s Sys=0.00s Real=0.01s
[2024-08-27T14:57:16.610+0000][info][gc,start       ] GC(105) Pause Young (Normal) (G1 Evacuation Pause)
[2024-08-27T14:57:16.610+0000][info][gc,task        ] GC(105) Using 24 workers of 68 for evacuation
[2024-08-27T14:57:16.627+0000][info][gc,phases      ] GC(105)   Pre Evacuate Collection Set: 0.2ms
[2024-08-27T14:57:16.627+0000][info][gc,phases      ] GC(105)   Merge Heap Roots: 0.9ms
[2024-08-27T14:57:16.627+0000][info][gc,phases      ] GC(105)   Evacuate Collection Set: 14.5ms
[2024-08-27T14:57:16.627+0000][info][gc,phases      ] GC(105)   Post Evacuate Collection Set: 0.7ms
[2024-08-27T14:57:16.627+0000][info][gc,phases      ] GC(105)   Other: 0.3ms
[2024-08-27T14:57:16.627+0000][info][gc,heap        ] GC(105) Eden regions: 44->0(44)
[2024-08-27T14:57:16.627+0000][info][gc,heap        ] GC(105) Survivor regions: 7->7(7)
[2024-08-27T14:57:16.627+0000][info][gc,heap        ] GC(105) Old regions: 899->946
[2024-08-27T14:57:16.627+0000][info][gc,heap        ] GC(105) Archive regions: 2->2
[2024-08-27T14:57:16.627+0000][info][gc,heap        ] GC(105) Humongous regions: 5->5
[2024-08-27T14:57:16.627+0000][info][gc,metaspace   ] GC(105) Metaspace: 100K(320K)->100K(320K) NonClass: 96K(192K)->96K(192K) Class: 4K(128K)->4K(128K)
[2024-08-27T14:57:16.627+0000][info][gc             ] GC(105) Pause Young (Normal) (G1 Evacuation Pause) 948M->951M(1024M) 16.756ms
[2024-08-27T14:57:16.627+0000][info][gc,cpu         ] GC(105) User=0.37s Sys=0.00s Real=0.01s
[2024-08-27T14:57:16.643+0000][info][gc,start       ] GC(106) Pause Young (Normal) (G1 Preventive Collection)
[2024-08-27T14:57:16.643+0000][info][gc,task        ] GC(106) Using 24 workers of 68 for evacuation
[2024-08-27T14:57:16.658+0000][info][gc,phases      ] GC(106)   Pre Evacuate Collection Set: 0.2ms
[2024-08-27T14:57:16.659+0000][info][gc,phases      ] GC(106)   Merge Heap Roots: 0.6ms
[2024-08-27T14:57:16.659+0000][info][gc,phases      ] GC(106)   Evacuate Collection Set: 13.6ms
[2024-08-27T14:57:16.659+0000][info][gc,phases      ] GC(106)   Post Evacuate Collection Set: 0.7ms
[2024-08-27T14:57:16.659+0000][info][gc,phases      ] GC(106)   Other: 0.3ms
[2024-08-27T14:57:16.659+0000][info][gc,heap        ] GC(106) Eden regions: 27->0(44)
[2024-08-27T14:57:16.659+0000][info][gc,heap        ] GC(106) Survivor regions: 7->7(7)
[2024-08-27T14:57:16.659+0000][info][gc,heap        ] GC(106) Old regions: 946->976
[2024-08-27T14:57:16.659+0000][info][gc,heap        ] GC(106) Archive regions: 2->2
[2024-08-27T14:57:16.659+0000][info][gc,heap        ] GC(106) Humongous regions: 5->5
[2024-08-27T14:57:16.659+0000][info][gc,metaspace   ] GC(106) Metaspace: 100K(320K)->100K(320K) NonClass: 96K(192K)->96K(192K) Class: 4K(128K)->4K(128K)
[2024-08-27T14:57:16.659+0000][info][gc             ] GC(106) Pause Young (Normal) (G1 Preventive Collection) 978M->981M(1024M) 15.529ms
[2024-08-27T14:57:16.659+0000][info][gc,cpu         ] GC(106) User=0.35s Sys=0.00s Real=0.02s
[2024-08-27T14:57:16.666+0000][info][gc,start       ] GC(107) Pause Young (Normal) (G1 Preventive Collection)
[2024-08-27T14:57:16.666+0000][info][gc,task        ] GC(107) Using 24 workers of 68 for evacuation
[2024-08-27T14:57:16.679+0000][info][gc,phases      ] GC(107)   Pre Evacuate Collection Set: 0.1ms
[2024-08-27T14:57:16.679+0000][info][gc,phases      ] GC(107)   Merge Heap Roots: 1.1ms
[2024-08-27T14:57:16.679+0000][info][gc,phases      ] GC(107)   Evacuate Collection Set: 11.0ms
[2024-08-27T14:57:16.679+0000][info][gc,phases      ] GC(107)   Post Evacuate Collection Set: 0.7ms
[2024-08-27T14:57:16.679+0000][info][gc,phases      ] GC(107)   Other: 0.2ms
[2024-08-27T14:57:16.679+0000][info][gc,heap        ] GC(107) Eden regions: 12->0(44)
[2024-08-27T14:57:16.679+0000][info][gc,heap        ] GC(107) Survivor regions: 7->7(7)
[2024-08-27T14:57:16.679+0000][info][gc,heap        ] GC(107) Old regions: 976->991
[2024-08-27T14:57:16.679+0000][info][gc,heap        ] GC(107) Archive regions: 2->2
[2024-08-27T14:57:16.679+0000][info][gc,heap        ] GC(107) Humongous regions: 5->5
[2024-08-27T14:57:16.679+0000][info][gc,metaspace   ] GC(107) Metaspace: 100K(320K)->100K(320K) NonClass: 96K(192K)->96K(192K) Class: 4K(128K)->4K(128K)
[2024-08-27T14:57:16.679+0000][info][gc             ] GC(107) Pause Young (Normal) (G1 Preventive Collection) 993M->996M(1024M) 13.264ms
[2024-08-27T14:57:16.679+0000][info][gc,cpu         ] GC(107) User=0.30s Sys=0.00s Real=0.02s
[2024-08-27T14:57:16.683+0000][info][gc,start       ] GC(108) Pause Young (Normal) (G1 Preventive Collection)
[2024-08-27T14:57:16.683+0000][info][gc,task        ] GC(108) Using 24 workers of 68 for evacuation
[2024-08-27T14:57:16.693+0000][info][gc             ] GC(108) To-space exhausted
[2024-08-27T14:57:16.694+0000][info][gc,phases      ] GC(108)   Pre Evacuate Collection Set: 0.2ms
[2024-08-27T14:57:16.694+0000][info][gc,phases      ] GC(108)   Merge Heap Roots: 0.6ms
[2024-08-27T14:57:16.694+0000][info][gc,phases      ] GC(108)   Evacuate Collection Set: 8.9ms
[2024-08-27T14:57:16.694+0000][info][gc,phases      ] GC(108)   Post Evacuate Collection Set: 1.0ms
[2024-08-27T14:57:16.694+0000][info][gc,phases      ] GC(108)   Other: 0.3ms
[2024-08-27T14:57:16.694+0000][info][gc,heap        ] GC(108) Eden regions: 5->0(46)
[2024-08-27T14:57:16.694+0000][info][gc,heap        ] GC(108) Survivor regions: 7->5(7)
[2024-08-27T14:57:16.694+0000][info][gc,heap        ] GC(108) Old regions: 991->1006
[2024-08-27T14:57:16.694+0000][info][gc,heap        ] GC(108) Archive regions: 2->2
[2024-08-27T14:57:16.694+0000][info][gc,heap        ] GC(108) Humongous regions: 5->5
[2024-08-27T14:57:16.694+0000][info][gc,metaspace   ] GC(108) Metaspace: 100K(320K)->100K(320K) NonClass: 96K(192K)->96K(192K) Class: 4K(128K)->4K(128K)
[2024-08-27T14:57:16.694+0000][info][gc             ] GC(108) Pause Young (Normal) (G1 Preventive Collection) 1001M->1010M(1024M) 10.951ms
[2024-08-27T14:57:16.694+0000][info][gc,cpu         ] GC(108) User=0.24s Sys=0.00s Real=0.01s
[2024-08-27T14:57:16.695+0000][info][gc,start       ] GC(109) Pause Young (Normal) (G1 Preventive Collection)
[2024-08-27T14:57:16.695+0000][info][gc,task        ] GC(109) Using 24 workers of 68 for evacuation
[2024-08-27T14:57:16.705+0000][info][gc             ] GC(109) To-space exhausted
[2024-08-27T14:57:16.705+0000][info][gc,phases      ] GC(109)   Pre Evacuate Collection Set: 0.2ms
[2024-08-27T14:57:16.705+0000][info][gc,phases      ] GC(109)   Merge Heap Roots: 0.9ms
[2024-08-27T14:57:16.705+0000][info][gc,phases      ] GC(109)   Evacuate Collection Set: 7.8ms
[2024-08-27T14:57:16.705+0000][info][gc,phases      ] GC(109)   Post Evacuate Collection Set: 1.0ms
[2024-08-27T14:57:16.705+0000][info][gc,phases      ] GC(109)   Other: 0.3ms
[2024-08-27T14:57:16.705+0000][info][gc,heap        ] GC(109) Eden regions: 1->0(50)
[2024-08-27T14:57:16.705+0000][info][gc,heap        ] GC(109) Survivor regions: 5->1(5)
[2024-08-27T14:57:16.705+0000][info][gc,heap        ] GC(109) Old regions: 1006->1016
[2024-08-27T14:57:16.705+0000][info][gc,heap        ] GC(109) Archive regions: 2->2
[2024-08-27T14:57:16.705+0000][info][gc,heap        ] GC(109) Humongous regions: 5->5
[2024-08-27T14:57:16.705+0000][info][gc,metaspace   ] GC(109) Metaspace: 100K(320K)->100K(320K) NonClass: 96K(192K)->96K(192K) Class: 4K(128K)->4K(128K)
[2024-08-27T14:57:16.705+0000][info][gc             ] GC(109) Pause Young (Normal) (G1 Preventive Collection) 1011M->1016M(1024M) 10.298ms
[2024-08-27T14:57:16.705+0000][info][gc,cpu         ] GC(109) User=0.22s Sys=0.00s Real=0.01s
[2024-08-27T14:57:16.705+0000][info][gc,ergo        ] Attempting full compaction
[2024-08-27T14:57:16.705+0000][info][gc,task        ] GC(110) Using 24 workers of 68 for full compaction
[2024-08-27T14:57:16.706+0000][info][gc,start       ] GC(110) Pause Full (G1 Compaction Pause)
[2024-08-27T14:57:16.707+0000][info][gc,phases,start] GC(110) Phase 1: Mark live objects
[2024-08-27T14:57:16.725+0000][info][gc,phases      ] GC(110) Phase 1: Mark live objects 18.273ms
[2024-08-27T14:57:16.725+0000][info][gc,phases,start] GC(110) Phase 2: Prepare for compaction
[2024-08-27T14:57:16.735+0000][info][gc,phases      ] GC(110) Phase 2: Prepare for compaction 9.671ms
[2024-08-27T14:57:16.735+0000][info][gc,phases,start] GC(110) Phase 3: Adjust pointers
[2024-08-27T14:57:16.753+0000][info][gc,phases      ] GC(110) Phase 3: Adjust pointers 17.976ms
[2024-08-27T14:57:16.753+0000][info][gc,phases,start] GC(110) Phase 4: Compact heap
[2024-08-27T14:57:16.784+0000][info][gc,phases      ] GC(110) Phase 4: Compact heap 30.674ms
[2024-08-27T14:57:16.786+0000][info][gc,heap        ] GC(110) Eden regions: 0->0(149)
[2024-08-27T14:57:16.786+0000][info][gc,heap        ] GC(110) Survivor regions: 1->0(5)
[2024-08-27T14:57:16.786+0000][info][gc,heap        ] GC(110) Old regions: 1016->444
[2024-08-27T14:57:16.786+0000][info][gc,heap        ] GC(110) Archive regions: 2->2
[2024-08-27T14:57:16.786+0000][info][gc,heap        ] GC(110) Humongous regions: 5->5
[2024-08-27T14:57:16.786+0000][info][gc,metaspace   ] GC(110) Metaspace: 100K(320K)->100K(320K) NonClass: 96K(192K)->96K(192K) Class: 4K(128K)->4K(128K)
[2024-08-27T14:57:16.786+0000][info][gc             ] GC(110) Pause Full (G1 Compaction Pause) 1016M->437M(1024M) 79.818ms
[2024-08-27T14:57:16.786+0000][info][gc,cpu         ] GC(110) User=1.70s Sys=0.00s Real=0.08s
[2024-08-27T14:57:16.786+0000][info][gc,marking     ] GC(103) Concurrent Rebuild Remembered Sets 217.528ms
[2024-08-27T14:57:16.786+0000][info][gc,marking     ] GC(103) Concurrent Mark Abort
[2024-08-27T14:57:16.786+0000][info][gc             ] GC(103) Concurrent Mark Cycle 245.903ms
[2024-08-27T14:57:16.859+0000][info][gc,start       ] GC(111) Pause Young (Normal) (G1 Evacuation Pause)
[2024-08-27T14:57:16.859+0000][info][gc,task        ] GC(111) Using 24 workers of 68 for evacuation
[2024-08-27T14:57:16.884+0000][info][gc,phases      ] GC(111)   Pre Evacuate Collection Set: 0.2ms
[2024-08-27T14:57:16.884+0000][info][gc,phases      ] GC(111)   Merge Heap Roots: 0.7ms
[2024-08-27T14:57:16.884+0000][info][gc,phases      ] GC(111)   Evacuate Collection Set: 23.8ms
[2024-08-27T14:57:16.884+0000][info][gc,phases      ] GC(111)   Post Evacuate Collection Set: 0.4ms
[2024-08-27T14:57:16.884+0000][info][gc,phases      ] GC(111)   Other: 0.4ms
[2024-08-27T14:57:16.884+0000][info][gc,heap        ] GC(111) Eden regions: 149->0(103)
[2024-08-27T14:57:16.884+0000][info][gc,heap        ] GC(111) Survivor regions: 0->19(19)
[2024-08-27T14:57:16.884+0000][info][gc,heap        ] GC(111) Old regions: 444->570
[2024-08-27T14:57:16.884+0000][info][gc,heap        ] GC(111) Archive regions: 2->2
[2024-08-27T14:57:16.884+0000][info][gc,heap        ] GC(111) Humongous regions: 5->5
[2024-08-27T14:57:16.884+0000][info][gc,metaspace   ] GC(111) Metaspace: 100K(320K)->100K(320K) NonClass: 96K(192K)->96K(192K) Class: 4K(128K)->4K(128K)
[2024-08-27T14:57:16.884+0000][info][gc             ] GC(111) Pause Young (Normal) (G1 Evacuation Pause) 586M->582M(1024M) 25.629ms
[2024-08-27T14:57:16.884+0000][info][gc,cpu         ] GC(111) User=0.58s Sys=0.00s Real=0.02s
[2024-08-27T14:57:16.935+0000][info][gc,start       ] GC(112) Pause Young (Concurrent Start) (G1 Evacuation Pause)
[2024-08-27T14:57:16.935+0000][info][gc,task        ] GC(112) Using 24 workers of 68 for evacuation
[2024-08-27T14:57:16.958+0000][info][gc,phases      ] GC(112)   Pre Evacuate Collection Set: 0.2ms
[2024-08-27T14:57:16.958+0000][info][gc,phases      ] GC(112)   Merge Heap Roots: 0.5ms
[2024-08-27T14:57:16.958+0000][info][gc,phases      ] GC(112)   Evacuate Collection Set: 20.3ms
[2024-08-27T14:57:16.958+0000][info][gc,phases      ] GC(112)   Post Evacuate Collection Set: 0.4ms
[2024-08-27T14:57:16.958+0000][info][gc,phases      ] GC(112)   Other: 1.1ms
[2024-08-27T14:57:16.958+0000][info][gc,heap        ] GC(112) Eden regions: 103->0(69)
[2024-08-27T14:57:16.958+0000][info][gc,heap        ] GC(112) Survivor regions: 19->16(16)
[2024-08-27T14:57:16.958+0000][info][gc,heap        ] GC(112) Old regions: 570->678
[2024-08-27T14:57:16.958+0000][info][gc,heap        ] GC(112) Archive regions: 2->2
[2024-08-27T14:57:16.958+0000][info][gc,heap        ] GC(112) Humongous regions: 5->5
[2024-08-27T14:57:16.958+0000][info][gc,metaspace   ] GC(112) Metaspace: 100K(320K)->100K(320K) NonClass: 96K(192K)->96K(192K) Class: 4K(128K)->4K(128K)
[2024-08-27T14:57:16.958+0000][info][gc             ] GC(112) Pause Young (Concurrent Start) (G1 Evacuation Pause) 685M->687M(1024M) 22.695ms
[2024-08-27T14:57:16.958+0000][info][gc,cpu         ] GC(112) User=0.50s Sys=0.00s Real=0.03s
[2024-08-27T14:57:16.958+0000][info][gc             ] GC(113) Concurrent Mark Cycle
[2024-08-27T14:57:16.958+0000][info][gc,marking     ] GC(113) Concurrent Clear Claimed Marks
[2024-08-27T14:57:16.958+0000][info][gc,marking     ] GC(113) Concurrent Clear Claimed Marks 0.010ms
[2024-08-27T14:57:16.958+0000][info][gc,marking     ] GC(113) Concurrent Scan Root Regions
[2024-08-27T14:57:16.961+0000][info][gc,marking     ] GC(113) Concurrent Scan Root Regions 3.165ms
[2024-08-27T14:57:16.961+0000][info][gc,marking     ] GC(113) Concurrent Mark
[2024-08-27T14:57:16.961+0000][info][gc,marking     ] GC(113) Concurrent Mark From Roots
[2024-08-27T14:57:16.961+0000][info][gc,task        ] GC(113) Using 17 workers of 17 for marking
[2024-08-27T14:57:16.982+0000][info][gc,marking     ] GC(113) Concurrent Mark From Roots 21.147ms
[2024-08-27T14:57:16.982+0000][info][gc,marking     ] GC(113) Concurrent Preclean
[2024-08-27T14:57:16.983+0000][info][gc,marking     ] GC(113) Concurrent Preclean 0.592ms
[2024-08-27T14:57:16.983+0000][info][gc,start       ] GC(113) Pause Remark
[2024-08-27T14:57:16.985+0000][info][gc             ] GC(113) Pause Remark 723M->723M(1024M) 1.770ms
[2024-08-27T14:57:16.985+0000][info][gc,cpu         ] GC(113) User=0.01s Sys=0.00s Real=0.00s
[2024-08-27T14:57:16.985+0000][info][gc,marking     ] GC(113) Concurrent Mark 23.997ms
[2024-08-27T14:57:16.985+0000][info][gc,marking     ] GC(113) Concurrent Rebuild Remembered Sets
[2024-08-27T14:57:17.003+0000][info][gc,start       ] GC(114) Pause Young (Normal) (G1 Evacuation Pause)
[2024-08-27T14:57:17.003+0000][info][gc,task        ] GC(114) Using 24 workers of 68 for evacuation
[2024-08-27T14:57:17.021+0000][info][gc,phases      ] GC(114)   Pre Evacuate Collection Set: 0.2ms
[2024-08-27T14:57:17.021+0000][info][gc,phases      ] GC(114)   Merge Heap Roots: 0.7ms
[2024-08-27T14:57:17.021+0000][info][gc,phases      ] GC(114)   Evacuate Collection Set: 17.0ms
[2024-08-27T14:57:17.021+0000][info][gc,phases      ] GC(114)   Post Evacuate Collection Set: 0.7ms
[2024-08-27T14:57:17.021+0000][info][gc,phases      ] GC(114)   Other: 0.3ms
[2024-08-27T14:57:17.021+0000][info][gc,heap        ] GC(114) Eden regions: 69->0(46)
[2024-08-27T14:57:17.021+0000][info][gc,heap        ] GC(114) Survivor regions: 16->11(11)
[2024-08-27T14:57:17.021+0000][info][gc,heap        ] GC(114) Old regions: 678->755
[2024-08-27T14:57:17.021+0000][info][gc,heap        ] GC(114) Archive regions: 2->2
[2024-08-27T14:57:17.022+0000][info][gc,heap        ] GC(114) Humongous regions: 5->5
[2024-08-27T14:57:17.022+0000][info][gc,metaspace   ] GC(114) Metaspace: 100K(320K)->100K(320K) NonClass: 96K(192K)->96K(192K) Class: 4K(128K)->4K(128K)
[2024-08-27T14:57:17.022+0000][info][gc             ] GC(114) Pause Young (Normal) (G1 Evacuation Pause) 756M->759M(1024M) 19.047ms
[2024-08-27T14:57:17.022+0000][info][gc,cpu         ] GC(114) User=0.42s Sys=0.01s Real=0.02s
[2024-08-27T14:57:17.045+0000][info][gc,start       ] GC(115) Pause Young (Normal) (G1 Evacuation Pause)
[2024-08-27T14:57:17.045+0000][info][gc,task        ] GC(115) Using 24 workers of 68 for evacuation
[2024-08-27T14:57:17.066+0000][info][gc,phases      ] GC(115)   Pre Evacuate Collection Set: 0.2ms
[2024-08-27T14:57:17.066+0000][info][gc,phases      ] GC(115)   Merge Heap Roots: 0.6ms
[2024-08-27T14:57:17.066+0000][info][gc,phases      ] GC(115)   Evacuate Collection Set: 18.9ms
[2024-08-27T14:57:17.066+0000][info][gc,phases      ] GC(115)   Post Evacuate Collection Set: 0.8ms
[2024-08-27T14:57:17.066+0000][info][gc,phases      ] GC(115)   Other: 0.3ms
[2024-08-27T14:57:17.066+0000][info][gc,heap        ] GC(115) Eden regions: 46->0(43)
[2024-08-27T14:57:17.066+0000][info][gc,heap        ] GC(115) Survivor regions: 11->8(8)
[2024-08-27T14:57:17.066+0000][info][gc,heap        ] GC(115) Old regions: 755->809
[2024-08-27T14:57:17.066+0000][info][gc,heap        ] GC(115) Archive regions: 2->2
[2024-08-27T14:57:17.066+0000][info][gc,heap        ] GC(115) Humongous regions: 5->5
[2024-08-27T14:57:17.066+0000][info][gc,metaspace   ] GC(115) Metaspace: 100K(320K)->100K(320K) NonClass: 96K(192K)->96K(192K) Class: 4K(128K)->4K(128K)
[2024-08-27T14:57:17.066+0000][info][gc             ] GC(115) Pause Young (Normal) (G1 Evacuation Pause) 805M->810M(1024M) 21.005ms
[2024-08-27T14:57:17.066+0000][info][gc,cpu         ] GC(115) User=0.47s Sys=0.00s Real=0.02s
[2024-08-27T14:57:17.089+0000][info][gc,start       ] GC(116) Pause Young (Normal) (G1 Evacuation Pause)
[2024-08-27T14:57:17.089+0000][info][gc,task        ] GC(116) Using 24 workers of 68 for evacuation
[2024-08-27T14:57:17.109+0000][info][gc,phases      ] GC(116)   Pre Evacuate Collection Set: 0.2ms
[2024-08-27T14:57:17.109+0000][info][gc,phases      ] GC(116)   Merge Heap Roots: 1.1ms
[2024-08-27T14:57:17.109+0000][info][gc,phases      ] GC(116)   Evacuate Collection Set: 17.5ms
[2024-08-27T14:57:17.109+0000][info][gc,phases      ] GC(116)   Post Evacuate Collection Set: 0.9ms
[2024-08-27T14:57:17.109+0000][info][gc,phases      ] GC(116)   Other: 0.3ms
[2024-08-27T14:57:17.109+0000][info][gc,heap        ] GC(116) Eden regions: 43->0(44)
[2024-08-27T14:57:17.109+0000][info][gc,heap        ] GC(116) Survivor regions: 8->7(7)
[2024-08-27T14:57:17.109+0000][info][gc,heap        ] GC(116) Old regions: 809->857
[2024-08-27T14:57:17.109+0000][info][gc,heap        ] GC(116) Archive regions: 2->2
[2024-08-27T14:57:17.109+0000][info][gc,heap        ] GC(116) Humongous regions: 5->5
[2024-08-27T14:57:17.109+0000][info][gc,metaspace   ] GC(116) Metaspace: 100K(320K)->100K(320K) NonClass: 96K(192K)->96K(192K) Class: 4K(128K)->4K(128K)
[2024-08-27T14:57:17.109+0000][info][gc             ] GC(116) Pause Young (Normal) (G1 Evacuation Pause) 853M->857M(1024M) 20.191ms
[2024-08-27T14:57:17.109+0000][info][gc,cpu         ] GC(116) User=0.46s Sys=0.00s Real=0.02s
[2024-08-27T14:57:17.114+0000][info][gc,marking     ] GC(113) Concurrent Rebuild Remembered Sets 128.688ms
[2024-08-27T14:57:17.114+0000][info][gc,start       ] GC(113) Pause Cleanup
[2024-08-27T14:57:17.116+0000][info][gc             ] GC(113) Pause Cleanup 866M->866M(1024M) 2.030ms
[2024-08-27T14:57:17.116+0000][info][gc,cpu         ] GC(113) User=0.01s Sys=0.00s Real=0.00s
[2024-08-27T14:57:17.116+0000][info][gc,marking     ] GC(113) Concurrent Cleanup for Next Mark
[2024-08-27T14:57:17.117+0000][info][gc,marking     ] GC(113) Concurrent Cleanup for Next Mark 0.651ms
[2024-08-27T14:57:17.117+0000][info][gc             ] GC(113) Concurrent Mark Cycle 159.033ms
[2024-08-27T14:57:17.135+0000][info][gc,start       ] GC(117) Pause Young (Prepare Mixed) (G1 Evacuation Pause)
[2024-08-27T14:57:17.135+0000][info][gc,task        ] GC(117) Using 24 workers of 68 for evacuation
[2024-08-27T14:57:17.155+0000][info][gc,phases      ] GC(117)   Pre Evacuate Collection Set: 0.2ms
[2024-08-27T14:57:17.155+0000][info][gc,phases      ] GC(117)   Merge Heap Roots: 1.3ms
[2024-08-27T14:57:17.155+0000][info][gc,phases      ] GC(117)   Evacuate Collection Set: 18.5ms
[2024-08-27T14:57:17.155+0000][info][gc,phases      ] GC(117)   Post Evacuate Collection Set: 0.4ms
[2024-08-27T14:57:17.155+0000][info][gc,phases      ] GC(117)   Other: 0.3ms
[2024-08-27T14:57:17.155+0000][info][gc,heap        ] GC(117) Eden regions: 44->0(44)
[2024-08-27T14:57:17.155+0000][info][gc,heap        ] GC(117) Survivor regions: 7->7(7)
[2024-08-27T14:57:17.155+0000][info][gc,heap        ] GC(117) Old regions: 857->903
[2024-08-27T14:57:17.155+0000][info][gc,heap        ] GC(117) Archive regions: 2->2
[2024-08-27T14:57:17.155+0000][info][gc,heap        ] GC(117) Humongous regions: 5->5
[2024-08-27T14:57:17.155+0000][info][gc,metaspace   ] GC(117) Metaspace: 100K(320K)->100K(320K) NonClass: 96K(192K)->96K(192K) Class: 4K(128K)->4K(128K)
[2024-08-27T14:57:17.155+0000][info][gc             ] GC(117) Pause Young (Prepare Mixed) (G1 Evacuation Pause) 901M->903M(1024M) 20.908ms
[2024-08-27T14:57:17.156+0000][info][gc,cpu         ] GC(117) User=0.47s Sys=0.00s Real=0.02s
[2024-08-27T14:57:17.179+0000][info][gc,start       ] GC(118) Pause Young (Mixed) (G1 Evacuation Pause)
[2024-08-27T14:57:17.179+0000][info][gc,task        ] GC(118) Using 24 workers of 68 for evacuation
[2024-08-27T14:57:17.191+0000][info][gc,phases      ] GC(118)   Pre Evacuate Collection Set: 0.3ms
[2024-08-27T14:57:17.192+0000][info][gc,phases      ] GC(118)   Merge Heap Roots: 0.5ms
[2024-08-27T14:57:17.192+0000][info][gc,phases      ] GC(118)   Evacuate Collection Set: 11.4ms
[2024-08-27T14:57:17.192+0000][info][gc,phases      ] GC(118)   Post Evacuate Collection Set: 0.5ms
[2024-08-27T14:57:17.192+0000][info][gc,phases      ] GC(118)   Other: 0.4ms
[2024-08-27T14:57:17.192+0000][info][gc,heap        ] GC(118) Eden regions: 44->0(44)
[2024-08-27T14:57:17.192+0000][info][gc,heap        ] GC(118) Survivor regions: 7->7(7)
[2024-08-27T14:57:17.192+0000][info][gc,heap        ] GC(118) Old regions: 903->847
[2024-08-27T14:57:17.192+0000][info][gc,heap        ] GC(118) Archive regions: 2->2
[2024-08-27T14:57:17.192+0000][info][gc,heap        ] GC(118) Humongous regions: 5->5
[2024-08-27T14:57:17.192+0000][info][gc,metaspace   ] GC(118) Metaspace: 100K(320K)->100K(320K) NonClass: 96K(192K)->96K(192K) Class: 4K(128K)->4K(128K)
[2024-08-27T14:57:17.192+0000][info][gc             ] GC(118) Pause Young (Mixed) (G1 Evacuation Pause) 947M->847M(1024M) 13.140ms
[2024-08-27T14:57:17.192+0000][info][gc,cpu         ] GC(118) User=0.28s Sys=0.00s Real=0.01s
[2024-08-27T14:57:17.215+0000][info][gc,start       ] GC(119) Pause Young (Mixed) (G1 Evacuation Pause)
[2024-08-27T14:57:17.215+0000][info][gc,task        ] GC(119) Using 24 workers of 68 for evacuation
[2024-08-27T14:57:17.228+0000][info][gc,phases      ] GC(119)   Pre Evacuate Collection Set: 0.2ms
[2024-08-27T14:57:17.228+0000][info][gc,phases      ] GC(119)   Merge Heap Roots: 0.7ms
[2024-08-27T14:57:17.228+0000][info][gc,phases      ] GC(119)   Evacuate Collection Set: 11.1ms
[2024-08-27T14:57:17.228+0000][info][gc,phases      ] GC(119)   Post Evacuate Collection Set: 0.4ms
[2024-08-27T14:57:17.228+0000][info][gc,phases      ] GC(119)   Other: 0.4ms
[2024-08-27T14:57:17.228+0000][info][gc,heap        ] GC(119) Eden regions: 44->0(44)
[2024-08-27T14:57:17.228+0000][info][gc,heap        ] GC(119) Survivor regions: 7->7(7)
[2024-08-27T14:57:17.228+0000][info][gc,heap        ] GC(119) Old regions: 847->806
[2024-08-27T14:57:17.228+0000][info][gc,heap        ] GC(119) Archive regions: 2->2
[2024-08-27T14:57:17.228+0000][info][gc,heap        ] GC(119) Humongous regions: 5->5
[2024-08-27T14:57:17.228+0000][info][gc,metaspace   ] GC(119) Metaspace: 100K(320K)->100K(320K) NonClass: 96K(192K)->96K(192K) Class: 4K(128K)->4K(128K)
[2024-08-27T14:57:17.228+0000][info][gc             ] GC(119) Pause Young (Mixed) (G1 Evacuation Pause) 891M->810M(1024M) 13.006ms
[2024-08-27T14:57:17.228+0000][info][gc,cpu         ] GC(119) User=0.28s Sys=0.00s Real=0.01s
[2024-08-27T14:57:17.250+0000][info][gc,start       ] GC(120) Pause Young (Concurrent Start) (G1 Evacuation Pause)
[2024-08-27T14:57:17.250+0000][info][gc,task        ] GC(120) Using 24 workers of 68 for evacuation
[2024-08-27T14:57:17.263+0000][info][gc,phases      ] GC(120)   Pre Evacuate Collection Set: 0.2ms
[2024-08-27T14:57:17.263+0000][info][gc,phases      ] GC(120)   Merge Heap Roots: 0.6ms
[2024-08-27T14:57:17.263+0000][info][gc,phases      ] GC(120)   Evacuate Collection Set: 10.7ms
[2024-08-27T14:57:17.263+0000][info][gc,phases      ] GC(120)   Post Evacuate Collection Set: 0.4ms
[2024-08-27T14:57:17.263+0000][info][gc,phases      ] GC(120)   Other: 1.0ms
[2024-08-27T14:57:17.263+0000][info][gc,heap        ] GC(120) Eden regions: 44->0(44)
[2024-08-27T14:57:17.263+0000][info][gc,heap        ] GC(120) Survivor regions: 7->7(7)
[2024-08-27T14:57:17.263+0000][info][gc,heap        ] GC(120) Old regions: 806->852
[2024-08-27T14:57:17.263+0000][info][gc,heap        ] GC(120) Archive regions: 2->2
[2024-08-27T14:57:17.263+0000][info][gc,heap        ] GC(120) Humongous regions: 5->5
[2024-08-27T14:57:17.263+0000][info][gc,metaspace   ] GC(120) Metaspace: 100K(320K)->100K(320K) NonClass: 96K(192K)->96K(192K) Class: 4K(128K)->4K(128K)
[2024-08-27T14:57:17.263+0000][info][gc             ] GC(120) Pause Young (Concurrent Start) (G1 Evacuation Pause) 854M->856M(1024M) 13.114ms
[2024-08-27T14:57:17.263+0000][info][gc,cpu         ] GC(120) User=0.27s Sys=0.00s Real=0.01s
[2024-08-27T14:57:17.263+0000][info][gc             ] GC(121) Concurrent Mark Cycle
[2024-08-27T14:57:17.263+0000][info][gc,marking     ] GC(121) Concurrent Clear Claimed Marks
[2024-08-27T14:57:17.263+0000][info][gc,marking     ] GC(121) Concurrent Clear Claimed Marks 0.010ms
[2024-08-27T14:57:17.263+0000][info][gc,marking     ] GC(121) Concurrent Scan Root Regions
[2024-08-27T14:57:17.265+0000][info][gc,marking     ] GC(121) Concurrent Scan Root Regions 1.616ms
[2024-08-27T14:57:17.265+0000][info][gc,marking     ] GC(121) Concurrent Mark
[2024-08-27T14:57:17.265+0000][info][gc,marking     ] GC(121) Concurrent Mark From Roots
[2024-08-27T14:57:17.265+0000][info][gc,task        ] GC(121) Using 17 workers of 17 for marking
[2024-08-27T14:57:17.289+0000][info][gc,marking     ] GC(121) Concurrent Mark From Roots 24.278ms
[2024-08-27T14:57:17.289+0000][info][gc,marking     ] GC(121) Concurrent Preclean
[2024-08-27T14:57:17.290+0000][info][gc,marking     ] GC(121) Concurrent Preclean 0.772ms
[2024-08-27T14:57:17.290+0000][info][gc,start       ] GC(121) Pause Remark
[2024-08-27T14:57:17.293+0000][info][gc             ] GC(121) Pause Remark 892M->892M(1024M) 2.654ms
[2024-08-27T14:57:17.293+0000][info][gc,cpu         ] GC(121) User=0.01s Sys=0.00s Real=0.00s
[2024-08-27T14:57:17.293+0000][info][gc,marking     ] GC(121) Concurrent Mark 28.281ms
[2024-08-27T14:57:17.293+0000][info][gc,marking     ] GC(121) Concurrent Rebuild Remembered Sets
[2024-08-27T14:57:17.298+0000][info][gc,start       ] GC(122) Pause Young (Normal) (G1 Evacuation Pause)
[2024-08-27T14:57:17.298+0000][info][gc,task        ] GC(122) Using 24 workers of 68 for evacuation
[2024-08-27T14:57:17.309+0000][info][gc,phases      ] GC(122)   Pre Evacuate Collection Set: 0.2ms
[2024-08-27T14:57:17.309+0000][info][gc,phases      ] GC(122)   Merge Heap Roots: 0.6ms
[2024-08-27T14:57:17.309+0000][info][gc,phases      ] GC(122)   Evacuate Collection Set: 9.1ms
[2024-08-27T14:57:17.309+0000][info][gc,phases      ] GC(122)   Post Evacuate Collection Set: 0.5ms
[2024-08-27T14:57:17.309+0000][info][gc,phases      ] GC(122)   Other: 0.3ms
[2024-08-27T14:57:17.309+0000][info][gc,heap        ] GC(122) Eden regions: 44->0(44)
[2024-08-27T14:57:17.309+0000][info][gc,heap        ] GC(122) Survivor regions: 7->7(7)
[2024-08-27T14:57:17.309+0000][info][gc,heap        ] GC(122) Old regions: 852->898
[2024-08-27T14:57:17.309+0000][info][gc,heap        ] GC(122) Archive regions: 2->2
[2024-08-27T14:57:17.309+0000][info][gc,heap        ] GC(122) Humongous regions: 5->5
[2024-08-27T14:57:17.309+0000][info][gc,metaspace   ] GC(122) Metaspace: 100K(320K)->100K(320K) NonClass: 96K(192K)->96K(192K) Class: 4K(128K)->4K(128K)
[2024-08-27T14:57:17.309+0000][info][gc             ] GC(122) Pause Young (Normal) (G1 Evacuation Pause) 900M->902M(1024M) 10.942ms
[2024-08-27T14:57:17.309+0000][info][gc,cpu         ] GC(122) User=0.23s Sys=0.00s Real=0.00s
[2024-08-27T14:57:17.330+0000][info][gc,start       ] GC(123) Pause Young (Normal) (G1 Evacuation Pause)
[2024-08-27T14:57:17.330+0000][info][gc,task        ] GC(123) Using 24 workers of 68 for evacuation
[2024-08-27T14:57:17.344+0000][info][gc,phases      ] GC(123)   Pre Evacuate Collection Set: 0.2ms
[2024-08-27T14:57:17.344+0000][info][gc,phases      ] GC(123)   Merge Heap Roots: 0.7ms
[2024-08-27T14:57:17.344+0000][info][gc,phases      ] GC(123)   Evacuate Collection Set: 11.8ms
[2024-08-27T14:57:17.344+0000][info][gc,phases      ] GC(123)   Post Evacuate Collection Set: 0.5ms
[2024-08-27T14:57:17.344+0000][info][gc,phases      ] GC(123)   Other: 0.2ms
[2024-08-27T14:57:17.344+0000][info][gc,heap        ] GC(123) Eden regions: 44->0(44)
[2024-08-27T14:57:17.344+0000][info][gc,heap        ] GC(123) Survivor regions: 7->7(7)
[2024-08-27T14:57:17.344+0000][info][gc,heap        ] GC(123) Old regions: 898->945
[2024-08-27T14:57:17.344+0000][info][gc,heap        ] GC(123) Archive regions: 2->2
[2024-08-27T14:57:17.344+0000][info][gc,heap        ] GC(123) Humongous regions: 5->5
[2024-08-27T14:57:17.344+0000][info][gc,metaspace   ] GC(123) Metaspace: 100K(320K)->100K(320K) NonClass: 96K(192K)->96K(192K) Class: 4K(128K)->4K(128K)
[2024-08-27T14:57:17.344+0000][info][gc             ] GC(123) Pause Young (Normal) (G1 Evacuation Pause) 946M->949M(1024M) 13.573ms
[2024-08-27T14:57:17.344+0000][info][gc,cpu         ] GC(123) User=0.30s Sys=0.00s Real=0.01s
[2024-08-27T14:57:17.357+0000][info][gc,start       ] GC(124) Pause Young (Normal) (G1 Preventive Collection)
[2024-08-27T14:57:17.357+0000][info][gc,task        ] GC(124) Using 24 workers of 68 for evacuation
[2024-08-27T14:57:17.370+0000][info][gc,phases      ] GC(124)   Pre Evacuate Collection Set: 0.2ms
[2024-08-27T14:57:17.370+0000][info][gc,phases      ] GC(124)   Merge Heap Roots: 0.6ms
[2024-08-27T14:57:17.370+0000][info][gc,phases      ] GC(124)   Evacuate Collection Set: 11.6ms
[2024-08-27T14:57:17.370+0000][info][gc,phases      ] GC(124)   Post Evacuate Collection Set: 0.6ms
[2024-08-27T14:57:17.370+0000][info][gc,phases      ] GC(124)   Other: 0.2ms
[2024-08-27T14:57:17.370+0000][info][gc,heap        ] GC(124) Eden regions: 27->0(44)
[2024-08-27T14:57:17.370+0000][info][gc,heap        ] GC(124) Survivor regions: 7->7(7)
[2024-08-27T14:57:17.370+0000][info][gc,heap        ] GC(124) Old regions: 945->975
[2024-08-27T14:57:17.370+0000][info][gc,heap        ] GC(124) Archive regions: 2->2
[2024-08-27T14:57:17.370+0000][info][gc,heap        ] GC(124) Humongous regions: 5->5
[2024-08-27T14:57:17.370+0000][info][gc,metaspace   ] GC(124) Metaspace: 100K(320K)->100K(320K) NonClass: 96K(192K)->96K(192K) Class: 4K(128K)->4K(128K)
[2024-08-27T14:57:17.370+0000][info][gc             ] GC(124) Pause Young (Normal) (G1 Preventive Collection) 976M->979M(1024M) 13.196ms
[2024-08-27T14:57:17.370+0000][info][gc,cpu         ] GC(124) User=0.27s Sys=0.02s Real=0.02s
[2024-08-27T14:57:17.378+0000][info][gc,start       ] GC(125) Pause Young (Normal) (G1 Preventive Collection)
[2024-08-27T14:57:17.378+0000][info][gc,task        ] GC(125) Using 24 workers of 68 for evacuation
[2024-08-27T14:57:17.388+0000][info][gc             ] GC(125) To-space exhausted
[2024-08-27T14:57:17.388+0000][info][gc,phases      ] GC(125)   Pre Evacuate Collection Set: 0.2ms
[2024-08-27T14:57:17.388+0000][info][gc,phases      ] GC(125)   Merge Heap Roots: 0.6ms
[2024-08-27T14:57:17.388+0000][info][gc,phases      ] GC(125)   Evacuate Collection Set: 8.7ms
[2024-08-27T14:57:17.388+0000][info][gc,phases      ] GC(125)   Post Evacuate Collection Set: 0.9ms
[2024-08-27T14:57:17.388+0000][info][gc,phases      ] GC(125)   Other: 0.3ms
[2024-08-27T14:57:17.388+0000][info][gc,heap        ] GC(125) Eden regions: 13->0(44)
[2024-08-27T14:57:17.388+0000][info][gc,heap        ] GC(125) Survivor regions: 7->7(7)
[2024-08-27T14:57:17.388+0000][info][gc,heap        ] GC(125) Old regions: 975->1010
[2024-08-27T14:57:17.388+0000][info][gc,heap        ] GC(125) Archive regions: 2->2
[2024-08-27T14:57:17.388+0000][info][gc,heap        ] GC(125) Humongous regions: 5->5
[2024-08-27T14:57:17.388+0000][info][gc,metaspace   ] GC(125) Metaspace: 100K(320K)->100K(320K) NonClass: 96K(192K)->96K(192K) Class: 4K(128K)->4K(128K)
[2024-08-27T14:57:17.388+0000][info][gc             ] GC(125) Pause Young (Normal) (G1 Preventive Collection) 992M->1014M(1024M) 10.676ms
[2024-08-27T14:57:17.388+0000][info][gc,cpu         ] GC(125) User=0.24s Sys=0.00s Real=0.00s
[2024-08-27T14:57:17.388+0000][info][gc,ergo        ] Attempting full compaction
[2024-08-27T14:57:17.388+0000][info][gc,task        ] GC(126) Using 24 workers of 68 for full compaction
[2024-08-27T14:57:17.389+0000][info][gc,start       ] GC(126) Pause Full (G1 Compaction Pause)
[2024-08-27T14:57:17.390+0000][info][gc,phases,start] GC(126) Phase 1: Mark live objects
[2024-08-27T14:57:17.403+0000][info][gc,phases      ] GC(126) Phase 1: Mark live objects 12.934ms
[2024-08-27T14:57:17.403+0000][info][gc,phases,start] GC(126) Phase 2: Prepare for compaction
[2024-08-27T14:57:17.410+0000][info][gc,phases      ] GC(126) Phase 2: Prepare for compaction 7.574ms
[2024-08-27T14:57:17.410+0000][info][gc,phases,start] GC(126) Phase 3: Adjust pointers
[2024-08-27T14:57:17.423+0000][info][gc,phases      ] GC(126) Phase 3: Adjust pointers 12.492ms
[2024-08-27T14:57:17.423+0000][info][gc,phases,start] GC(126) Phase 4: Compact heap
[2024-08-27T14:57:17.450+0000][info][gc,phases      ] GC(126) Phase 4: Compact heap 26.773ms
[2024-08-27T14:57:17.451+0000][info][gc,heap        ] GC(126) Eden regions: 0->0(150)
[2024-08-27T14:57:17.451+0000][info][gc,heap        ] GC(126) Survivor regions: 7->0(7)
[2024-08-27T14:57:17.451+0000][info][gc,heap        ] GC(126) Old regions: 1010->443
[2024-08-27T14:57:17.451+0000][info][gc,heap        ] GC(126) Archive regions: 2->2
[2024-08-27T14:57:17.451+0000][info][gc,heap        ] GC(126) Humongous regions: 5->5
[2024-08-27T14:57:17.451+0000][info][gc,metaspace   ] GC(126) Metaspace: 100K(320K)->100K(320K) NonClass: 96K(192K)->96K(192K) Class: 4K(128K)->4K(128K)
[2024-08-27T14:57:17.451+0000][info][gc             ] GC(126) Pause Full (G1 Compaction Pause) 1014M->437M(1024M) 62.616ms
[2024-08-27T14:57:17.451+0000][info][gc,cpu         ] GC(126) User=1.33s Sys=0.04s Real=0.07s
[2024-08-27T14:57:17.451+0000][info][gc,marking     ] GC(121) Concurrent Rebuild Remembered Sets 158.182ms
[2024-08-27T14:57:17.451+0000][info][gc,marking     ] GC(121) Concurrent Mark Abort
[2024-08-27T14:57:17.451+0000][info][gc             ] GC(121) Concurrent Mark Cycle 188.278ms
[2024-08-27T14:57:17.524+0000][info][gc,start       ] GC(127) Pause Young (Normal) (G1 Evacuation Pause)
[2024-08-27T14:57:17.524+0000][info][gc,task        ] GC(127) Using 24 workers of 68 for evacuation
[2024-08-27T14:57:17.545+0000][info][gc,phases      ] GC(127)   Pre Evacuate Collection Set: 0.2ms
[2024-08-27T14:57:17.545+0000][info][gc,phases      ] GC(127)   Merge Heap Roots: 0.4ms
[2024-08-27T14:57:17.545+0000][info][gc,phases      ] GC(127)   Evacuate Collection Set: 19.9ms
[2024-08-27T14:57:17.545+0000][info][gc,phases      ] GC(127)   Post Evacuate Collection Set: 0.3ms
[2024-08-27T14:57:17.545+0000][info][gc,phases      ] GC(127)   Other: 0.3ms
[2024-08-27T14:57:17.545+0000][info][gc,heap        ] GC(127) Eden regions: 150->0(103)
[2024-08-27T14:57:17.545+0000][info][gc,heap        ] GC(127) Survivor regions: 0->19(19)
[2024-08-27T14:57:17.545+0000][info][gc,heap        ] GC(127) Old regions: 443->570
[2024-08-27T14:57:17.545+0000][info][gc,heap        ] GC(127) Archive regions: 2->2
[2024-08-27T14:57:17.545+0000][info][gc,heap        ] GC(127) Humongous regions: 5->5
[2024-08-27T14:57:17.545+0000][info][gc,metaspace   ] GC(127) Metaspace: 100K(320K)->100K(320K) NonClass: 96K(192K)->96K(192K) Class: 4K(128K)->4K(128K)
[2024-08-27T14:57:17.545+0000][info][gc             ] GC(127) Pause Young (Normal) (G1 Evacuation Pause) 587M->582M(1024M) 21.115ms
[2024-08-27T14:57:17.545+0000][info][gc,cpu         ] GC(127) User=0.49s Sys=0.00s Real=0.02s
[2024-08-27T14:57:17.593+0000][info][gc,start       ] GC(128) Pause Young (Concurrent Start) (G1 Evacuation Pause)
[2024-08-27T14:57:17.593+0000][info][gc,task        ] GC(128) Using 24 workers of 68 for evacuation
[2024-08-27T14:57:17.613+0000][info][gc,phases      ] GC(128)   Pre Evacuate Collection Set: 0.2ms
[2024-08-27T14:57:17.613+0000][info][gc,phases      ] GC(128)   Merge Heap Roots: 0.4ms
[2024-08-27T14:57:17.613+0000][info][gc,phases      ] GC(128)   Evacuate Collection Set: 17.9ms
[2024-08-27T14:57:17.613+0000][info][gc,phases      ] GC(128)   Post Evacuate Collection Set: 0.4ms
[2024-08-27T14:57:17.613+0000][info][gc,phases      ] GC(128)   Other: 0.8ms
[2024-08-27T14:57:17.613+0000][info][gc,heap        ] GC(128) Eden regions: 103->0(70)
[2024-08-27T14:57:17.613+0000][info][gc,heap        ] GC(128) Survivor regions: 19->16(16)
[2024-08-27T14:57:17.613+0000][info][gc,heap        ] GC(128) Old regions: 570->677
[2024-08-27T14:57:17.613+0000][info][gc,heap        ] GC(128) Archive regions: 2->2
[2024-08-27T14:57:17.613+0000][info][gc,heap        ] GC(128) Humongous regions: 5->5
[2024-08-27T14:57:17.613+0000][info][gc,metaspace   ] GC(128) Metaspace: 100K(320K)->100K(320K) NonClass: 96K(192K)->96K(192K) Class: 4K(128K)->4K(128K)
[2024-08-27T14:57:17.613+0000][info][gc             ] GC(128) Pause Young (Concurrent Start) (G1 Evacuation Pause) 685M->687M(1024M) 19.840ms
[2024-08-27T14:57:17.613+0000][info][gc,cpu         ] GC(128) User=0.44s Sys=0.00s Real=0.02s
[2024-08-27T14:57:17.613+0000][info][gc             ] GC(129) Concurrent Mark Cycle
[2024-08-27T14:57:17.613+0000][info][gc,marking     ] GC(129) Concurrent Clear Claimed Marks
[2024-08-27T14:57:17.613+0000][info][gc,marking     ] GC(129) Concurrent Clear Claimed Marks 0.010ms
[2024-08-27T14:57:17.613+0000][info][gc,marking     ] GC(129) Concurrent Scan Root Regions
[2024-08-27T14:57:17.616+0000][info][gc,marking     ] GC(129) Concurrent Scan Root Regions 3.038ms
[2024-08-27T14:57:17.616+0000][info][gc,marking     ] GC(129) Concurrent Mark
[2024-08-27T14:57:17.616+0000][info][gc,marking     ] GC(129) Concurrent Mark From Roots
[2024-08-27T14:57:17.616+0000][info][gc,task        ] GC(129) Using 17 workers of 17 for marking
[2024-08-27T14:57:17.636+0000][info][gc,marking     ] GC(129) Concurrent Mark From Roots 19.630ms
[2024-08-27T14:57:17.636+0000][info][gc,marking     ] GC(129) Concurrent Preclean
[2024-08-27T14:57:17.636+0000][info][gc,marking     ] GC(129) Concurrent Preclean 0.500ms
[2024-08-27T14:57:17.636+0000][info][gc,start       ] GC(129) Pause Remark
[2024-08-27T14:57:17.638+0000][info][gc             ] GC(129) Pause Remark 722M->722M(1024M) 1.623ms
[2024-08-27T14:57:17.638+0000][info][gc,cpu         ] GC(129) User=0.00s Sys=0.00s Real=0.01s
[2024-08-27T14:57:17.638+0000][info][gc,marking     ] GC(129) Concurrent Mark 22.252ms
[2024-08-27T14:57:17.638+0000][info][gc,marking     ] GC(129) Concurrent Rebuild Remembered Sets
[2024-08-27T14:57:17.653+0000][info][gc,marking     ] GC(129) Concurrent Rebuild Remembered Sets 14.701ms
[2024-08-27T14:57:17.653+0000][info][gc,start       ] GC(129) Pause Cleanup
[2024-08-27T14:57:17.655+0000][info][gc             ] GC(129) Pause Cleanup 748M->748M(1024M) 1.751ms
[2024-08-27T14:57:17.655+0000][info][gc,cpu         ] GC(129) User=0.01s Sys=0.00s Real=0.00s
[2024-08-27T14:57:17.655+0000][info][gc,marking     ] GC(129) Concurrent Cleanup for Next Mark
[2024-08-27T14:57:17.656+0000][info][gc,marking     ] GC(129) Concurrent Cleanup for Next Mark 0.589ms
[2024-08-27T14:57:17.656+0000][info][gc             ] GC(129) Concurrent Mark Cycle 42.939ms
[2024-08-27T14:57:17.660+0000][info][gc,start       ] GC(130) Pause Young (Prepare Mixed) (G1 Evacuation Pause)
[2024-08-27T14:57:17.660+0000][info][gc,task        ] GC(130) Using 24 workers of 68 for evacuation
[2024-08-27T14:57:17.675+0000][info][gc,phases      ] GC(130)   Pre Evacuate Collection Set: 0.1ms
[2024-08-27T14:57:17.675+0000][info][gc,phases      ] GC(130)   Merge Heap Roots: 0.4ms
[2024-08-27T14:57:17.675+0000][info][gc,phases      ] GC(130)   Evacuate Collection Set: 14.3ms
[2024-08-27T14:57:17.675+0000][info][gc,phases      ] GC(130)   Post Evacuate Collection Set: 0.3ms
[2024-08-27T14:57:17.675+0000][info][gc,phases      ] GC(130)   Other: 0.2ms
[2024-08-27T14:57:17.675+0000][info][gc,heap        ] GC(130) Eden regions: 70->0(40)
[2024-08-27T14:57:17.675+0000][info][gc,heap        ] GC(130) Survivor regions: 16->11(11)
[2024-08-27T14:57:17.675+0000][info][gc,heap        ] GC(130) Old regions: 677->756
[2024-08-27T14:57:17.675+0000][info][gc,heap        ] GC(130) Archive regions: 2->2
[2024-08-27T14:57:17.675+0000][info][gc,heap        ] GC(130) Humongous regions: 5->5
[2024-08-27T14:57:17.675+0000][info][gc,metaspace   ] GC(130) Metaspace: 100K(320K)->100K(320K) NonClass: 96K(192K)->96K(192K) Class: 4K(128K)->4K(128K)
[2024-08-27T14:57:17.675+0000][info][gc             ] GC(130) Pause Young (Prepare Mixed) (G1 Evacuation Pause) 757M->761M(1024M) 15.379ms
[2024-08-27T14:57:17.675+0000][info][gc,cpu         ] GC(130) User=0.35s Sys=0.00s Real=0.01s
[2024-08-27T14:57:17.694+0000][info][gc,start       ] GC(131) Pause Young (Mixed) (G1 Evacuation Pause)
[2024-08-27T14:57:17.694+0000][info][gc,task        ] GC(131) Using 24 workers of 68 for evacuation
[2024-08-27T14:57:17.707+0000][info][gc,phases      ] GC(131)   Pre Evacuate Collection Set: 0.2ms
[2024-08-27T14:57:17.707+0000][info][gc,phases      ] GC(131)   Merge Heap Roots: 0.3ms
[2024-08-27T14:57:17.707+0000][info][gc,phases      ] GC(131)   Evacuate Collection Set: 11.3ms
[2024-08-27T14:57:17.707+0000][info][gc,phases      ] GC(131)   Post Evacuate Collection Set: 0.4ms
[2024-08-27T14:57:17.707+0000][info][gc,phases      ] GC(131)   Other: 0.2ms
[2024-08-27T14:57:17.707+0000][info][gc,heap        ] GC(131) Eden regions: 40->0(44)
[2024-08-27T14:57:17.707+0000][info][gc,heap        ] GC(131) Survivor regions: 11->7(7)
[2024-08-27T14:57:17.707+0000][info][gc,heap        ] GC(131) Old regions: 756->702
[2024-08-27T14:57:17.707+0000][info][gc,heap        ] GC(131) Archive regions: 2->2
[2024-08-27T14:57:17.707+0000][info][gc,heap        ] GC(131) Humongous regions: 5->5
[2024-08-27T14:57:17.707+0000][info][gc,metaspace   ] GC(131) Metaspace: 100K(320K)->100K(320K) NonClass: 96K(192K)->96K(192K) Class: 4K(128K)->4K(128K)
[2024-08-27T14:57:17.707+0000][info][gc             ] GC(131) Pause Young (Mixed) (G1 Evacuation Pause) 801M->706M(1024M) 12.431ms
[2024-08-27T14:57:17.707+0000][info][gc,cpu         ] GC(131) User=0.28s Sys=0.00s Real=0.01s
[2024-08-27T14:57:17.728+0000][info][gc,start       ] GC(132) Pause Young (Mixed) (G1 Evacuation Pause)
[2024-08-27T14:57:17.728+0000][info][gc,task        ] GC(132) Using 24 workers of 68 for evacuation
[2024-08-27T14:57:17.740+0000][info][gc,phases      ] GC(132)   Pre Evacuate Collection Set: 0.2ms
[2024-08-27T14:57:17.740+0000][info][gc,phases      ] GC(132)   Merge Heap Roots: 0.3ms
[2024-08-27T14:57:17.740+0000][info][gc,phases      ] GC(132)   Evacuate Collection Set: 10.7ms
[2024-08-27T14:57:17.740+0000][info][gc,phases      ] GC(132)   Post Evacuate Collection Set: 0.4ms
[2024-08-27T14:57:17.740+0000][info][gc,phases      ] GC(132)   Other: 0.3ms
[2024-08-27T14:57:17.740+0000][info][gc,heap        ] GC(132) Eden regions: 44->0(76)
[2024-08-27T14:57:17.740+0000][info][gc,heap        ] GC(132) Survivor regions: 7->7(7)
[2024-08-27T14:57:17.740+0000][info][gc,heap        ] GC(132) Old regions: 702->666
[2024-08-27T14:57:17.740+0000][info][gc,heap        ] GC(132) Archive regions: 2->2
[2024-08-27T14:57:17.740+0000][info][gc,heap        ] GC(132) Humongous regions: 5->5
[2024-08-27T14:57:17.740+0000][info][gc,metaspace   ] GC(132) Metaspace: 100K(320K)->100K(320K) NonClass: 96K(192K)->96K(192K) Class: 4K(128K)->4K(128K)
[2024-08-27T14:57:17.740+0000][info][gc             ] GC(132) Pause Young (Mixed) (G1 Evacuation Pause) 750M->670M(1024M) 12.074ms
[2024-08-27T14:57:17.740+0000][info][gc,cpu         ] GC(132) User=0.26s Sys=0.00s Real=0.02s
[2024-08-27T14:57:17.774+0000][info][gc,start       ] GC(133) Pause Young (Concurrent Start) (G1 Evacuation Pause)
[2024-08-27T14:57:17.775+0000][info][gc,task        ] GC(133) Using 24 workers of 68 for evacuation
[2024-08-27T14:57:17.793+0000][info][gc,phases      ] GC(133)   Pre Evacuate Collection Set: 0.2ms
[2024-08-27T14:57:17.793+0000][info][gc,phases      ] GC(133)   Merge Heap Roots: 0.3ms
[2024-08-27T14:57:17.793+0000][info][gc,phases      ] GC(133)   Evacuate Collection Set: 16.5ms
[2024-08-27T14:57:17.793+0000][info][gc,phases      ] GC(133)   Post Evacuate Collection Set: 0.4ms
[2024-08-27T14:57:17.793+0000][info][gc,phases      ] GC(133)   Other: 1.0ms
[2024-08-27T14:57:17.793+0000][info][gc,heap        ] GC(133) Eden regions: 76->0(51)
[2024-08-27T14:57:17.793+0000][info][gc,heap        ] GC(133) Survivor regions: 7->11(11)
[2024-08-27T14:57:17.793+0000][info][gc,heap        ] GC(133) Old regions: 666->739
[2024-08-27T14:57:17.793+0000][info][gc,heap        ] GC(133) Archive regions: 2->2
[2024-08-27T14:57:17.793+0000][info][gc,heap        ] GC(133) Humongous regions: 5->5
[2024-08-27T14:57:17.793+0000][info][gc,metaspace   ] GC(133) Metaspace: 100K(320K)->100K(320K) NonClass: 96K(192K)->96K(192K) Class: 4K(128K)->4K(128K)
[2024-08-27T14:57:17.793+0000][info][gc             ] GC(133) Pause Young (Concurrent Start) (G1 Evacuation Pause) 746M->747M(1024M) 18.481ms
[2024-08-27T14:57:17.793+0000][info][gc,cpu         ] GC(133) User=0.38s Sys=0.00s Real=0.02s
[2024-08-27T14:57:17.793+0000][info][gc             ] GC(134) Concurrent Mark Cycle
[2024-08-27T14:57:17.793+0000][info][gc,marking     ] GC(134) Concurrent Clear Claimed Marks
[2024-08-27T14:57:17.793+0000][info][gc,marking     ] GC(134) Concurrent Clear Claimed Marks 0.010ms
[2024-08-27T14:57:17.793+0000][info][gc,marking     ] GC(134) Concurrent Scan Root Regions
[2024-08-27T14:57:17.798+0000][info][gc,marking     ] GC(134) Concurrent Scan Root Regions 5.189ms
[2024-08-27T14:57:17.798+0000][info][gc,marking     ] GC(134) Concurrent Mark
[2024-08-27T14:57:17.798+0000][info][gc,marking     ] GC(134) Concurrent Mark From Roots
[2024-08-27T14:57:17.798+0000][info][gc,task        ] GC(134) Using 17 workers of 17 for marking
[2024-08-27T14:57:17.821+0000][info][gc,marking     ] GC(134) Concurrent Mark From Roots 22.325ms
[2024-08-27T14:57:17.821+0000][info][gc,marking     ] GC(134) Concurrent Preclean
[2024-08-27T14:57:17.823+0000][info][gc,marking     ] GC(134) Concurrent Preclean 2.035ms
[2024-08-27T14:57:17.823+0000][info][gc,start       ] GC(134) Pause Remark
[2024-08-27T14:57:17.824+0000][info][gc             ] GC(134) Pause Remark 788M->788M(1024M) 1.264ms
[2024-08-27T14:57:17.824+0000][info][gc,cpu         ] GC(134) User=0.00s Sys=0.00s Real=0.00s
[2024-08-27T14:57:17.824+0000][info][gc,marking     ] GC(134) Concurrent Mark 26.078ms
[2024-08-27T14:57:17.824+0000][info][gc,marking     ] GC(134) Concurrent Rebuild Remembered Sets
[2024-08-27T14:57:17.829+0000][info][gc,start       ] GC(135) Pause Young (Normal) (G1 Evacuation Pause)
[2024-08-27T14:57:17.830+0000][info][gc,task        ] GC(135) Using 24 workers of 68 for evacuation
[2024-08-27T14:57:17.842+0000][info][gc,phases      ] GC(135)   Pre Evacuate Collection Set: 0.1ms
[2024-08-27T14:57:17.842+0000][info][gc,phases      ] GC(135)   Merge Heap Roots: 0.4ms
[2024-08-27T14:57:17.842+0000][info][gc,phases      ] GC(135)   Evacuate Collection Set: 11.3ms
[2024-08-27T14:57:17.842+0000][info][gc,phases      ] GC(135)   Post Evacuate Collection Set: 0.4ms
[2024-08-27T14:57:17.842+0000][info][gc,phases      ] GC(135)   Other: 0.2ms
[2024-08-27T14:57:17.842+0000][info][gc,heap        ] GC(135) Eden regions: 51->0(43)
[2024-08-27T14:57:17.842+0000][info][gc,heap        ] GC(135) Survivor regions: 11->8(8)
[2024-08-27T14:57:17.842+0000][info][gc,heap        ] GC(135) Old regions: 739->797
[2024-08-27T14:57:17.842+0000][info][gc,heap        ] GC(135) Archive regions: 2->2
[2024-08-27T14:57:17.842+0000][info][gc,heap        ] GC(135) Humongous regions: 5->5
[2024-08-27T14:57:17.842+0000][info][gc,metaspace   ] GC(135) Metaspace: 100K(320K)->100K(320K) NonClass: 96K(192K)->96K(192K) Class: 4K(128K)->4K(128K)
[2024-08-27T14:57:17.842+0000][info][gc             ] GC(135) Pause Young (Normal) (G1 Evacuation Pause) 798M->802M(1024M) 12.513ms
[2024-08-27T14:57:17.842+0000][info][gc,cpu         ] GC(135) User=0.27s Sys=0.01s Real=0.02s
[2024-08-27T14:57:17.864+0000][info][gc,start       ] GC(136) Pause Young (Normal) (G1 Evacuation Pause)
[2024-08-27T14:57:17.864+0000][info][gc,task        ] GC(136) Using 24 workers of 68 for evacuation
[2024-08-27T14:57:17.880+0000][info][gc,phases      ] GC(136)   Pre Evacuate Collection Set: 0.1ms
[2024-08-27T14:57:17.880+0000][info][gc,phases      ] GC(136)   Merge Heap Roots: 0.4ms
[2024-08-27T14:57:17.880+0000][info][gc,phases      ] GC(136)   Evacuate Collection Set: 14.7ms
[2024-08-27T14:57:17.880+0000][info][gc,phases      ] GC(136)   Post Evacuate Collection Set: 0.5ms
[2024-08-27T14:57:17.880+0000][info][gc,phases      ] GC(136)   Other: 0.2ms
[2024-08-27T14:57:17.880+0000][info][gc,heap        ] GC(136) Eden regions: 43->0(44)
[2024-08-27T14:57:17.880+0000][info][gc,heap        ] GC(136) Survivor regions: 8->7(7)
[2024-08-27T14:57:17.880+0000][info][gc,heap        ] GC(136) Old regions: 797->844
[2024-08-27T14:57:17.880+0000][info][gc,heap        ] GC(136) Archive regions: 2->2
[2024-08-27T14:57:17.880+0000][info][gc,heap        ] GC(136) Humongous regions: 5->5
[2024-08-27T14:57:17.880+0000][info][gc,metaspace   ] GC(136) Metaspace: 100K(320K)->100K(320K) NonClass: 96K(192K)->96K(192K) Class: 4K(128K)->4K(128K)
[2024-08-27T14:57:17.880+0000][info][gc             ] GC(136) Pause Young (Normal) (G1 Evacuation Pause) 845M->848M(1024M) 16.066ms
[2024-08-27T14:57:17.880+0000][info][gc,cpu         ] GC(136) User=0.37s Sys=0.00s Real=0.02s
[2024-08-27T14:57:17.901+0000][info][gc,start       ] GC(137) Pause Young (Normal) (G1 Evacuation Pause)
[2024-08-27T14:57:17.901+0000][info][gc,task        ] GC(137) Using 24 workers of 68 for evacuation
[2024-08-27T14:57:17.916+0000][info][gc,phases      ] GC(137)   Pre Evacuate Collection Set: 0.1ms
[2024-08-27T14:57:17.916+0000][info][gc,phases      ] GC(137)   Merge Heap Roots: 0.5ms
[2024-08-27T14:57:17.916+0000][info][gc,phases      ] GC(137)   Evacuate Collection Set: 13.8ms
[2024-08-27T14:57:17.916+0000][info][gc,phases      ] GC(137)   Post Evacuate Collection Set: 0.6ms
[2024-08-27T14:57:17.916+0000][info][gc,phases      ] GC(137)   Other: 0.2ms
[2024-08-27T14:57:17.916+0000][info][gc,heap        ] GC(137) Eden regions: 44->0(44)
[2024-08-27T14:57:17.916+0000][info][gc,heap        ] GC(137) Survivor regions: 7->7(7)
[2024-08-27T14:57:17.916+0000][info][gc,heap        ] GC(137) Old regions: 844->891
[2024-08-27T14:57:17.916+0000][info][gc,heap        ] GC(137) Archive regions: 2->2
[2024-08-27T14:57:17.916+0000][info][gc,heap        ] GC(137) Humongous regions: 5->5
[2024-08-27T14:57:17.916+0000][info][gc,metaspace   ] GC(137) Metaspace: 100K(320K)->100K(320K) NonClass: 96K(192K)->96K(192K) Class: 4K(128K)->4K(128K)
[2024-08-27T14:57:17.916+0000][info][gc             ] GC(137) Pause Young (Normal) (G1 Evacuation Pause) 892M->895M(1024M) 15.424ms
[2024-08-27T14:57:17.916+0000][info][gc,cpu         ] GC(137) User=0.35s Sys=0.00s Real=0.01s
[2024-08-27T14:57:17.937+0000][info][gc,marking     ] GC(134) Concurrent Rebuild Remembered Sets 112.443ms
[2024-08-27T14:57:17.937+0000][info][gc,start       ] GC(134) Pause Cleanup
[2024-08-27T14:57:17.938+0000][info][gc             ] GC(134) Pause Cleanup 939M->939M(1024M) 1.010ms
[2024-08-27T14:57:17.938+0000][info][gc,cpu         ] GC(134) User=0.00s Sys=0.00s Real=0.01s
[2024-08-27T14:57:17.938+0000][info][gc,marking     ] GC(134) Concurrent Cleanup for Next Mark
[2024-08-27T14:57:17.939+0000][info][gc,marking     ] GC(134) Concurrent Cleanup for Next Mark 0.641ms
[2024-08-27T14:57:17.939+0000][info][gc,start       ] GC(138) Pause Young (Prepare Mixed) (G1 Evacuation Pause)
[2024-08-27T14:57:17.939+0000][info][gc,task        ] GC(138) Using 24 workers of 68 for evacuation
[2024-08-27T14:57:17.954+0000][info][gc,phases      ] GC(138)   Pre Evacuate Collection Set: 0.1ms
[2024-08-27T14:57:17.954+0000][info][gc,phases      ] GC(138)   Merge Heap Roots: 0.5ms
[2024-08-27T14:57:17.954+0000][info][gc,phases      ] GC(138)   Evacuate Collection Set: 14.2ms
[2024-08-27T14:57:17.954+0000][info][gc,phases      ] GC(138)   Post Evacuate Collection Set: 0.3ms
[2024-08-27T14:57:17.954+0000][info][gc,phases      ] GC(138)   Other: 0.1ms
[2024-08-27T14:57:17.954+0000][info][gc,heap        ] GC(138) Eden regions: 44->0(44)
[2024-08-27T14:57:17.954+0000][info][gc,heap        ] GC(138) Survivor regions: 7->7(7)
[2024-08-27T14:57:17.954+0000][info][gc,heap        ] GC(138) Old regions: 891->938
[2024-08-27T14:57:17.954+0000][info][gc,heap        ] GC(138) Archive regions: 2->2
[2024-08-27T14:57:17.954+0000][info][gc,heap        ] GC(138) Humongous regions: 5->5
[2024-08-27T14:57:17.954+0000][info][gc,metaspace   ] GC(138) Metaspace: 100K(320K)->100K(320K) NonClass: 96K(192K)->96K(192K) Class: 4K(128K)->4K(128K)
[2024-08-27T14:57:17.954+0000][info][gc             ] GC(138) Pause Young (Prepare Mixed) (G1 Evacuation Pause) 939M->942M(1024M) 15.338ms
[2024-08-27T14:57:17.954+0000][info][gc,cpu         ] GC(138) User=0.36s Sys=0.00s Real=0.01s
[2024-08-27T14:57:17.954+0000][info][gc             ] GC(134) Concurrent Mark Cycle 161.322ms
[2024-08-27T14:57:17.968+0000][info][gc,start       ] GC(139) Pause Young (Mixed) (G1 Preventive Collection)
[2024-08-27T14:57:17.968+0000][info][gc,task        ] GC(139) Using 24 workers of 68 for evacuation
[2024-08-27T14:57:17.977+0000][info][gc,phases      ] GC(139)   Pre Evacuate Collection Set: 0.2ms
[2024-08-27T14:57:17.977+0000][info][gc,phases      ] GC(139)   Merge Heap Roots: 0.3ms
[2024-08-27T14:57:17.977+0000][info][gc,phases      ] GC(139)   Evacuate Collection Set: 7.5ms
[2024-08-27T14:57:17.977+0000][info][gc,phases      ] GC(139)   Post Evacuate Collection Set: 0.4ms
[2024-08-27T14:57:17.977+0000][info][gc,phases      ] GC(139)   Other: 0.2ms
[2024-08-27T14:57:17.977+0000][info][gc,heap        ] GC(139) Eden regions: 30->0(44)
[2024-08-27T14:57:17.977+0000][info][gc,heap        ] GC(139) Survivor regions: 7->7(7)
[2024-08-27T14:57:17.977+0000][info][gc,heap        ] GC(139) Old regions: 938->869
[2024-08-27T14:57:17.977+0000][info][gc,heap        ] GC(139) Archive regions: 2->2
[2024-08-27T14:57:17.977+0000][info][gc,heap        ] GC(139) Humongous regions: 5->5
[2024-08-27T14:57:17.977+0000][info][gc,metaspace   ] GC(139) Metaspace: 100K(320K)->100K(320K) NonClass: 96K(192K)->96K(192K) Class: 4K(128K)->4K(128K)
[2024-08-27T14:57:17.977+0000][info][gc             ] GC(139) Pause Young (Mixed) (G1 Preventive Collection) 972M->877M(1024M) 8.696ms
[2024-08-27T14:57:17.977+0000][info][gc,cpu         ] GC(139) User=0.19s Sys=0.00s Real=0.01s
[2024-08-27T14:57:17.996+0000][info][gc,start       ] GC(140) Pause Young (Mixed) (G1 Evacuation Pause)
[2024-08-27T14:57:17.996+0000][info][gc,task        ] GC(140) Using 24 workers of 68 for evacuation
[2024-08-27T14:57:18.007+0000][info][gc,phases      ] GC(140)   Pre Evacuate Collection Set: 0.2ms
[2024-08-27T14:57:18.007+0000][info][gc,phases      ] GC(140)   Merge Heap Roots: 0.3ms
[2024-08-27T14:57:18.007+0000][info][gc,phases      ] GC(140)   Evacuate Collection Set: 9.9ms
[2024-08-27T14:57:18.007+0000][info][gc,phases      ] GC(140)   Post Evacuate Collection Set: 0.4ms
[2024-08-27T14:57:18.007+0000][info][gc,phases      ] GC(140)   Other: 0.2ms
[2024-08-27T14:57:18.007+0000][info][gc,heap        ] GC(140) Eden regions: 44->0(44)
[2024-08-27T14:57:18.007+0000][info][gc,heap        ] GC(140) Survivor regions: 7->7(7)
[2024-08-27T14:57:18.007+0000][info][gc,heap        ] GC(140) Old regions: 869->812
[2024-08-27T14:57:18.007+0000][info][gc,heap        ] GC(140) Archive regions: 2->2
[2024-08-27T14:57:18.007+0000][info][gc,heap        ] GC(140) Humongous regions: 5->5
[2024-08-27T14:57:18.007+0000][info][gc,metaspace   ] GC(140) Metaspace: 100K(320K)->100K(320K) NonClass: 96K(192K)->96K(192K) Class: 4K(128K)->4K(128K)
[2024-08-27T14:57:18.007+0000][info][gc             ] GC(140) Pause Young (Mixed) (G1 Evacuation Pause) 921M->823M(1024M) 11.120ms
[2024-08-27T14:57:18.008+0000][info][gc,cpu         ] GC(140) User=0.23s Sys=0.01s Real=0.01s
[2024-08-27T14:57:18.027+0000][info][gc,start       ] GC(141) Pause Young (Mixed) (G1 Evacuation Pause)
[2024-08-27T14:57:18.027+0000][info][gc,task        ] GC(141) Using 24 workers of 68 for evacuation
[2024-08-27T14:57:18.037+0000][info][gc,phases      ] GC(141)   Pre Evacuate Collection Set: 0.1ms
[2024-08-27T14:57:18.037+0000][info][gc,phases      ] GC(141)   Merge Heap Roots: 0.2ms
[2024-08-27T14:57:18.037+0000][info][gc,phases      ] GC(141)   Evacuate Collection Set: 9.1ms
[2024-08-27T14:57:18.037+0000][info][gc,phases      ] GC(141)   Post Evacuate Collection Set: 0.3ms
[2024-08-27T14:57:18.037+0000][info][gc,phases      ] GC(141)   Other: 0.2ms
[2024-08-27T14:57:18.037+0000][info][gc,heap        ] GC(141) Eden regions: 44->0(44)
[2024-08-27T14:57:18.037+0000][info][gc,heap        ] GC(141) Survivor regions: 7->7(7)
[2024-08-27T14:57:18.037+0000][info][gc,heap        ] GC(141) Old regions: 812->835
[2024-08-27T14:57:18.037+0000][info][gc,heap        ] GC(141) Archive regions: 2->2
[2024-08-27T14:57:18.037+0000][info][gc,heap        ] GC(141) Humongous regions: 5->5
[2024-08-27T14:57:18.037+0000][info][gc,metaspace   ] GC(141) Metaspace: 100K(320K)->100K(320K) NonClass: 96K(192K)->96K(192K) Class: 4K(128K)->4K(128K)
[2024-08-27T14:57:18.037+0000][info][gc             ] GC(141) Pause Young (Mixed) (G1 Evacuation Pause) 867M->847M(1024M) 10.122ms
[2024-08-27T14:57:18.037+0000][info][gc,cpu         ] GC(141) User=0.22s Sys=0.01s Real=0.01s
[2024-08-27T14:57:18.056+0000][info][gc,start       ] GC(142) Pause Young (Concurrent Start) (G1 Evacuation Pause)
[2024-08-27T14:57:18.056+0000][info][gc,task        ] GC(142) Using 24 workers of 68 for evacuation
[2024-08-27T14:57:18.067+0000][info][gc,phases      ] GC(142)   Pre Evacuate Collection Set: 0.2ms
[2024-08-27T14:57:18.067+0000][info][gc,phases      ] GC(142)   Merge Heap Roots: 0.3ms
[2024-08-27T14:57:18.067+0000][info][gc,phases      ] GC(142)   Evacuate Collection Set: 9.3ms
[2024-08-27T14:57:18.067+0000][info][gc,phases      ] GC(142)   Post Evacuate Collection Set: 0.4ms
[2024-08-27T14:57:18.067+0000][info][gc,phases      ] GC(142)   Other: 0.8ms
[2024-08-27T14:57:18.067+0000][info][gc,heap        ] GC(142) Eden regions: 44->0(44)
[2024-08-27T14:57:18.067+0000][info][gc,heap        ] GC(142) Survivor regions: 7->7(7)
[2024-08-27T14:57:18.067+0000][info][gc,heap        ] GC(142) Old regions: 835->882
[2024-08-27T14:57:18.067+0000][info][gc,heap        ] GC(142) Archive regions: 2->2
[2024-08-27T14:57:18.067+0000][info][gc,heap        ] GC(142) Humongous regions: 5->5
[2024-08-27T14:57:18.067+0000][info][gc,metaspace   ] GC(142) Metaspace: 100K(320K)->100K(320K) NonClass: 96K(192K)->96K(192K) Class: 4K(128K)->4K(128K)
[2024-08-27T14:57:18.067+0000][info][gc             ] GC(142) Pause Young (Concurrent Start) (G1 Evacuation Pause) 891M->894M(1024M) 10.950ms
[2024-08-27T14:57:18.067+0000][info][gc,cpu         ] GC(142) User=0.23s Sys=0.00s Real=0.01s
[2024-08-27T14:57:18.067+0000][info][gc             ] GC(143) Concurrent Mark Cycle
[2024-08-27T14:57:18.067+0000][info][gc,marking     ] GC(143) Concurrent Clear Claimed Marks
[2024-08-27T14:57:18.067+0000][info][gc,marking     ] GC(143) Concurrent Clear Claimed Marks 0.011ms
[2024-08-27T14:57:18.067+0000][info][gc,marking     ] GC(143) Concurrent Scan Root Regions
[2024-08-27T14:57:18.069+0000][info][gc,marking     ] GC(143) Concurrent Scan Root Regions 1.528ms
[2024-08-27T14:57:18.069+0000][info][gc,marking     ] GC(143) Concurrent Mark
[2024-08-27T14:57:18.069+0000][info][gc,marking     ] GC(143) Concurrent Mark From Roots
[2024-08-27T14:57:18.069+0000][info][gc,task        ] GC(143) Using 17 workers of 17 for marking
[2024-08-27T14:57:18.091+0000][info][gc,marking     ] GC(143) Concurrent Mark From Roots 21.605ms
[2024-08-27T14:57:18.091+0000][info][gc,marking     ] GC(143) Concurrent Preclean
[2024-08-27T14:57:18.091+0000][info][gc,marking     ] GC(143) Concurrent Preclean 0.500ms
[2024-08-27T14:57:18.091+0000][info][gc,start       ] GC(143) Pause Remark
[2024-08-27T14:57:18.093+0000][info][gc             ] GC(143) Pause Remark 931M->931M(1024M) 1.297ms
[2024-08-27T14:57:18.093+0000][info][gc,cpu         ] GC(143) User=0.01s Sys=0.00s Real=0.00s
[2024-08-27T14:57:18.093+0000][info][gc,marking     ] GC(143) Concurrent Mark 23.745ms
[2024-08-27T14:57:18.093+0000][info][gc,marking     ] GC(143) Concurrent Rebuild Remembered Sets
[2024-08-27T14:57:18.096+0000][info][gc,start       ] GC(144) Pause Young (Normal) (G1 Evacuation Pause)
[2024-08-27T14:57:18.096+0000][info][gc,task        ] GC(144) Using 24 workers of 68 for evacuation
[2024-08-27T14:57:18.106+0000][info][gc,phases      ] GC(144)   Pre Evacuate Collection Set: 0.1ms
[2024-08-27T14:57:18.106+0000][info][gc,phases      ] GC(144)   Merge Heap Roots: 0.4ms
[2024-08-27T14:57:18.106+0000][info][gc,phases      ] GC(144)   Evacuate Collection Set: 9.1ms
[2024-08-27T14:57:18.106+0000][info][gc,phases      ] GC(144)   Post Evacuate Collection Set: 0.4ms
[2024-08-27T14:57:18.106+0000][info][gc,phases      ] GC(144)   Other: 0.2ms
[2024-08-27T14:57:18.106+0000][info][gc,heap        ] GC(144) Eden regions: 44->0(44)
[2024-08-27T14:57:18.106+0000][info][gc,heap        ] GC(144) Survivor regions: 7->7(7)
[2024-08-27T14:57:18.106+0000][info][gc,heap        ] GC(144) Old regions: 882->928
[2024-08-27T14:57:18.106+0000][info][gc,heap        ] GC(144) Archive regions: 2->2
[2024-08-27T14:57:18.106+0000][info][gc,heap        ] GC(144) Humongous regions: 5->5
[2024-08-27T14:57:18.106+0000][info][gc,metaspace   ] GC(144) Metaspace: 100K(320K)->100K(320K) NonClass: 96K(192K)->96K(192K) Class: 4K(128K)->4K(128K)
[2024-08-27T14:57:18.106+0000][info][gc             ] GC(144) Pause Young (Normal) (G1 Evacuation Pause) 938M->940M(1024M) 10.161ms
[2024-08-27T14:57:18.106+0000][info][gc,cpu         ] GC(144) User=0.23s Sys=0.00s Real=0.01s
[2024-08-27T14:57:18.123+0000][info][gc,start       ] GC(145) Pause Young (Normal) (G1 Preventive Collection)
[2024-08-27T14:57:18.123+0000][info][gc,task        ] GC(145) Using 24 workers of 68 for evacuation
[2024-08-27T14:57:18.135+0000][info][gc,phases      ] GC(145)   Pre Evacuate Collection Set: 0.1ms
[2024-08-27T14:57:18.135+0000][info][gc,phases      ] GC(145)   Merge Heap Roots: 0.3ms
[2024-08-27T14:57:18.135+0000][info][gc,phases      ] GC(145)   Evacuate Collection Set: 11.1ms
[2024-08-27T14:57:18.135+0000][info][gc,phases      ] GC(145)   Post Evacuate Collection Set: 0.5ms
[2024-08-27T14:57:18.136+0000][info][gc,phases      ] GC(145)   Other: 0.2ms
[2024-08-27T14:57:18.136+0000][info][gc,heap        ] GC(145) Eden regions: 36->0(44)
[2024-08-27T14:57:18.136+0000][info][gc,heap        ] GC(145) Survivor regions: 7->7(7)
[2024-08-27T14:57:18.136+0000][info][gc,heap        ] GC(145) Old regions: 928->967
[2024-08-27T14:57:18.136+0000][info][gc,heap        ] GC(145) Archive regions: 2->2
[2024-08-27T14:57:18.136+0000][info][gc,heap        ] GC(145) Humongous regions: 5->5
[2024-08-27T14:57:18.136+0000][info][gc,metaspace   ] GC(145) Metaspace: 100K(320K)->100K(320K) NonClass: 96K(192K)->96K(192K) Class: 4K(128K)->4K(128K)
[2024-08-27T14:57:18.136+0000][info][gc             ] GC(145) Pause Young (Normal) (G1 Preventive Collection) 976M->979M(1024M) 12.308ms
[2024-08-27T14:57:18.136+0000][info][gc,cpu         ] GC(145) User=0.28s Sys=0.00s Real=0.01s
[2024-08-27T14:57:18.144+0000][info][gc,start       ] GC(146) Pause Young (Normal) (G1 Preventive Collection)
[2024-08-27T14:57:18.144+0000][info][gc,task        ] GC(146) Using 24 workers of 68 for evacuation
[2024-08-27T14:57:18.154+0000][info][gc             ] GC(146) To-space exhausted
[2024-08-27T14:57:18.155+0000][info][gc,phases      ] GC(146)   Pre Evacuate Collection Set: 0.1ms
[2024-08-27T14:57:18.155+0000][info][gc,phases      ] GC(146)   Merge Heap Roots: 0.5ms
[2024-08-27T14:57:18.155+0000][info][gc,phases      ] GC(146)   Evacuate Collection Set: 9.1ms
[2024-08-27T14:57:18.155+0000][info][gc,phases      ] GC(146)   Post Evacuate Collection Set: 0.8ms
[2024-08-27T14:57:18.155+0000][info][gc,phases      ] GC(146)   Other: 0.2ms
[2024-08-27T14:57:18.155+0000][info][gc,heap        ] GC(146) Eden regions: 17->0(44)
[2024-08-27T14:57:18.155+0000][info][gc,heap        ] GC(146) Survivor regions: 7->7(7)
[2024-08-27T14:57:18.155+0000][info][gc,heap        ] GC(146) Old regions: 967->1007
[2024-08-27T14:57:18.155+0000][info][gc,heap        ] GC(146) Archive regions: 2->2
[2024-08-27T14:57:18.155+0000][info][gc,heap        ] GC(146) Humongous regions: 5->5
[2024-08-27T14:57:18.155+0000][info][gc,metaspace   ] GC(146) Metaspace: 100K(320K)->100K(320K) NonClass: 96K(192K)->96K(192K) Class: 4K(128K)->4K(128K)
[2024-08-27T14:57:18.155+0000][info][gc             ] GC(146) Pause Young (Normal) (G1 Preventive Collection) 996M->1019M(1024M) 10.802ms
[2024-08-27T14:57:18.155+0000][info][gc,cpu         ] GC(146) User=0.24s Sys=0.00s Real=0.01s
[2024-08-27T14:57:18.156+0000][info][gc,start       ] GC(147) Pause Young (Normal) (G1 Preventive Collection)
[2024-08-27T14:57:18.156+0000][info][gc,task        ] GC(147) Using 24 workers of 68 for evacuation
[2024-08-27T14:57:18.163+0000][info][gc             ] GC(147) To-space exhausted
[2024-08-27T14:57:18.163+0000][info][gc,phases      ] GC(147)   Pre Evacuate Collection Set: 0.1ms
[2024-08-27T14:57:18.163+0000][info][gc,phases      ] GC(147)   Merge Heap Roots: 0.5ms
[2024-08-27T14:57:18.163+0000][info][gc,phases      ] GC(147)   Evacuate Collection Set: 5.7ms
[2024-08-27T14:57:18.163+0000][info][gc,phases      ] GC(147)   Post Evacuate Collection Set: 0.9ms
[2024-08-27T14:57:18.163+0000][info][gc,phases      ] GC(147)   Other: 0.1ms
[2024-08-27T14:57:18.163+0000][info][gc,heap        ] GC(147) Eden regions: 1->0(51)
[2024-08-27T14:57:18.163+0000][info][gc,heap        ] GC(147) Survivor regions: 7->0(2)
[2024-08-27T14:57:18.163+0000][info][gc,heap        ] GC(147) Old regions: 1007->1017
[2024-08-27T14:57:18.163+0000][info][gc,heap        ] GC(147) Archive regions: 2->2
[2024-08-27T14:57:18.163+0000][info][gc,heap        ] GC(147) Humongous regions: 5->5
[2024-08-27T14:57:18.163+0000][info][gc,metaspace   ] GC(147) Metaspace: 100K(320K)->100K(320K) NonClass: 96K(192K)->96K(192K) Class: 4K(128K)->4K(128K)
[2024-08-27T14:57:18.163+0000][info][gc             ] GC(147) Pause Young (Normal) (G1 Preventive Collection) 1020M->1022M(1024M) 7.412ms
[2024-08-27T14:57:18.163+0000][info][gc,cpu         ] GC(147) User=0.16s Sys=0.00s Real=0.01s
[2024-08-27T14:57:18.163+0000][info][gc,ergo        ] Attempting full compaction
[2024-08-27T14:57:18.163+0000][info][gc,task        ] GC(148) Using 24 workers of 68 for full compaction
[2024-08-27T14:57:18.163+0000][info][gc,start       ] GC(148) Pause Full (G1 Compaction Pause)
[2024-08-27T14:57:18.164+0000][info][gc,phases,start] GC(148) Phase 1: Mark live objects
[2024-08-27T14:57:18.178+0000][info][gc,phases      ] GC(148) Phase 1: Mark live objects 13.744ms
[2024-08-27T14:57:18.178+0000][info][gc,phases,start] GC(148) Phase 2: Prepare for compaction
[2024-08-27T14:57:18.185+0000][info][gc,phases      ] GC(148) Phase 2: Prepare for compaction 7.162ms
[2024-08-27T14:57:18.185+0000][info][gc,phases,start] GC(148) Phase 3: Adjust pointers
[2024-08-27T14:57:18.199+0000][info][gc,phases      ] GC(148) Phase 3: Adjust pointers 13.867ms
[2024-08-27T14:57:18.199+0000][info][gc,phases,start] GC(148) Phase 4: Compact heap
[2024-08-27T14:57:18.225+0000][info][gc,phases      ] GC(148) Phase 4: Compact heap 25.742ms
[2024-08-27T14:57:18.226+0000][info][gc,heap        ] GC(148) Eden regions: 0->0(149)
[2024-08-27T14:57:18.226+0000][info][gc,heap        ] GC(148) Survivor regions: 0->0(2)
[2024-08-27T14:57:18.226+0000][info][gc,heap        ] GC(148) Old regions: 1017->445
[2024-08-27T14:57:18.226+0000][info][gc,heap        ] GC(148) Archive regions: 2->2
[2024-08-27T14:57:18.226+0000][info][gc,heap        ] GC(148) Humongous regions: 5->5
[2024-08-27T14:57:18.226+0000][info][gc,metaspace   ] GC(148) Metaspace: 100K(320K)->100K(320K) NonClass: 96K(192K)->96K(192K) Class: 4K(128K)->4K(128K)
[2024-08-27T14:57:18.226+0000][info][gc             ] GC(148) Pause Full (G1 Compaction Pause) 1022M->437M(1024M) 62.592ms
[2024-08-27T14:57:18.226+0000][info][gc,cpu         ] GC(148) User=1.30s Sys=0.03s Real=0.06s
[2024-08-27T14:57:18.226+0000][info][gc,marking     ] GC(143) Concurrent Rebuild Remembered Sets 133.542ms
[2024-08-27T14:57:18.226+0000][info][gc,marking     ] GC(143) Concurrent Mark Abort
[2024-08-27T14:57:18.226+0000][info][gc             ] GC(143) Concurrent Mark Cycle 159.010ms
[2024-08-27T14:57:18.299+0000][info][gc,start       ] GC(149) Pause Young (Normal) (G1 Evacuation Pause)
[2024-08-27T14:57:18.299+0000][info][gc,task        ] GC(149) Using 24 workers of 68 for evacuation
[2024-08-27T14:57:18.319+0000][info][gc,phases      ] GC(149)   Pre Evacuate Collection Set: 0.1ms
[2024-08-27T14:57:18.319+0000][info][gc,phases      ] GC(149)   Merge Heap Roots: 0.3ms
[2024-08-27T14:57:18.319+0000][info][gc,phases      ] GC(149)   Evacuate Collection Set: 19.8ms
[2024-08-27T14:57:18.319+0000][info][gc,phases      ] GC(149)   Post Evacuate Collection Set: 0.3ms
[2024-08-27T14:57:18.319+0000][info][gc,phases      ] GC(149)   Other: 0.2ms
[2024-08-27T14:57:18.319+0000][info][gc,heap        ] GC(149) Eden regions: 149->0(103)
[2024-08-27T14:57:18.319+0000][info][gc,heap        ] GC(149) Survivor regions: 0->19(19)
[2024-08-27T14:57:18.320+0000][info][gc,heap        ] GC(149) Old regions: 445->571
[2024-08-27T14:57:18.320+0000][info][gc,heap        ] GC(149) Archive regions: 2->2
[2024-08-27T14:57:18.320+0000][info][gc,heap        ] GC(149) Humongous regions: 5->5
[2024-08-27T14:57:18.320+0000][info][gc,metaspace   ] GC(149) Metaspace: 100K(320K)->100K(320K) NonClass: 96K(192K)->96K(192K) Class: 4K(128K)->4K(128K)
[2024-08-27T14:57:18.320+0000][info][gc             ] GC(149) Pause Young (Normal) (G1 Evacuation Pause) 586M->582M(1024M) 20.860ms
[2024-08-27T14:57:18.320+0000][info][gc,cpu         ] GC(149) User=0.47s Sys=0.00s Real=0.02s
[2024-08-27T14:57:18.366+0000][info][gc,start       ] GC(150) Pause Young (Concurrent Start) (G1 Evacuation Pause)
[2024-08-27T14:57:18.366+0000][info][gc,task        ] GC(150) Using 24 workers of 68 for evacuation
[2024-08-27T14:57:18.385+0000][info][gc,phases      ] GC(150)   Pre Evacuate Collection Set: 0.2ms
[2024-08-27T14:57:18.385+0000][info][gc,phases      ] GC(150)   Merge Heap Roots: 0.4ms
[2024-08-27T14:57:18.385+0000][info][gc,phases      ] GC(150)   Evacuate Collection Set: 17.5ms
[2024-08-27T14:57:18.385+0000][info][gc,phases      ] GC(150)   Post Evacuate Collection Set: 0.3ms
[2024-08-27T14:57:18.385+0000][info][gc,phases      ] GC(150)   Other: 0.6ms
[2024-08-27T14:57:18.385+0000][info][gc,heap        ] GC(150) Eden regions: 103->0(69)
[2024-08-27T14:57:18.385+0000][info][gc,heap        ] GC(150) Survivor regions: 19->16(16)
[2024-08-27T14:57:18.385+0000][info][gc,heap        ] GC(150) Old regions: 571->678
[2024-08-27T14:57:18.385+0000][info][gc,heap        ] GC(150) Archive regions: 2->2
[2024-08-27T14:57:18.385+0000][info][gc,heap        ] GC(150) Humongous regions: 5->5
[2024-08-27T14:57:18.385+0000][info][gc,metaspace   ] GC(150) Metaspace: 100K(320K)->100K(320K) NonClass: 96K(192K)->96K(192K) Class: 4K(128K)->4K(128K)
[2024-08-27T14:57:18.385+0000][info][gc             ] GC(150) Pause Young (Concurrent Start) (G1 Evacuation Pause) 685M->686M(1024M) 19.020ms
[2024-08-27T14:57:18.385+0000][info][gc,cpu         ] GC(150) User=0.43s Sys=0.01s Real=0.02s
[2024-08-27T14:57:18.385+0000][info][gc             ] GC(151) Concurrent Mark Cycle
[2024-08-27T14:57:18.385+0000][info][gc,marking     ] GC(151) Concurrent Clear Claimed Marks
[2024-08-27T14:57:18.385+0000][info][gc,marking     ] GC(151) Concurrent Clear Claimed Marks 0.011ms
[2024-08-27T14:57:18.385+0000][info][gc,marking     ] GC(151) Concurrent Scan Root Regions
[2024-08-27T14:57:18.388+0000][info][gc,marking     ] GC(151) Concurrent Scan Root Regions 3.105ms
[2024-08-27T14:57:18.389+0000][info][gc,marking     ] GC(151) Concurrent Mark
[2024-08-27T14:57:18.389+0000][info][gc,marking     ] GC(151) Concurrent Mark From Roots
[2024-08-27T14:57:18.389+0000][info][gc,task        ] GC(151) Using 17 workers of 17 for marking
[2024-08-27T14:57:18.407+0000][info][gc,marking     ] GC(151) Concurrent Mark From Roots 18.846ms
[2024-08-27T14:57:18.407+0000][info][gc,marking     ] GC(151) Concurrent Preclean
[2024-08-27T14:57:18.408+0000][info][gc,marking     ] GC(151) Concurrent Preclean 0.499ms
[2024-08-27T14:57:18.408+0000][info][gc,start       ] GC(151) Pause Remark
[2024-08-27T14:57:18.409+0000][info][gc             ] GC(151) Pause Remark 720M->720M(1024M) 1.071ms
[2024-08-27T14:57:18.409+0000][info][gc,cpu         ] GC(151) User=0.01s Sys=0.00s Real=0.00s
[2024-08-27T14:57:18.409+0000][info][gc,marking     ] GC(151) Concurrent Mark 20.732ms
[2024-08-27T14:57:18.409+0000][info][gc,marking     ] GC(151) Concurrent Rebuild Remembered Sets
[2024-08-27T14:57:18.426+0000][info][gc,start       ] GC(152) Pause Young (Normal) (G1 Evacuation Pause)
[2024-08-27T14:57:18.426+0000][info][gc,task        ] GC(152) Using 24 workers of 68 for evacuation
[2024-08-27T14:57:18.441+0000][info][gc,phases      ] GC(152)   Pre Evacuate Collection Set: 0.1ms
[2024-08-27T14:57:18.441+0000][info][gc,phases      ] GC(152)   Merge Heap Roots: 0.3ms
[2024-08-27T14:57:18.441+0000][info][gc,phases      ] GC(152)   Evacuate Collection Set: 14.1ms
[2024-08-27T14:57:18.441+0000][info][gc,phases      ] GC(152)   Post Evacuate Collection Set: 0.5ms
[2024-08-27T14:57:18.441+0000][info][gc,phases      ] GC(152)   Other: 0.2ms
[2024-08-27T14:57:18.441+0000][info][gc,heap        ] GC(152) Eden regions: 69->0(46)
[2024-08-27T14:57:18.441+0000][info][gc,heap        ] GC(152) Survivor regions: 16->11(11)
[2024-08-27T14:57:18.441+0000][info][gc,heap        ] GC(152) Old regions: 678->756
[2024-08-27T14:57:18.441+0000][info][gc,heap        ] GC(152) Archive regions: 2->2
[2024-08-27T14:57:18.441+0000][info][gc,heap        ] GC(152) Humongous regions: 5->5
[2024-08-27T14:57:18.441+0000][info][gc,metaspace   ] GC(152) Metaspace: 100K(320K)->100K(320K) NonClass: 96K(192K)->96K(192K) Class: 4K(128K)->4K(128K)
[2024-08-27T14:57:18.441+0000][info][gc             ] GC(152) Pause Young (Normal) (G1 Evacuation Pause) 755M->759M(1024M) 15.310ms
[2024-08-27T14:57:18.441+0000][info][gc,cpu         ] GC(152) User=0.34s Sys=0.00s Real=0.02s
[2024-08-27T14:57:18.462+0000][info][gc,start       ] GC(153) Pause Young (Normal) (G1 Evacuation Pause)
[2024-08-27T14:57:18.462+0000][info][gc,task        ] GC(153) Using 24 workers of 68 for evacuation
[2024-08-27T14:57:18.480+0000][info][gc,phases      ] GC(153)   Pre Evacuate Collection Set: 0.1ms
[2024-08-27T14:57:18.480+0000][info][gc,phases      ] GC(153)   Merge Heap Roots: 0.5ms
[2024-08-27T14:57:18.480+0000][info][gc,phases      ] GC(153)   Evacuate Collection Set: 16.6ms
[2024-08-27T14:57:18.480+0000][info][gc,phases      ] GC(153)   Post Evacuate Collection Set: 0.6ms
[2024-08-27T14:57:18.480+0000][info][gc,phases      ] GC(153)   Other: 0.2ms
[2024-08-27T14:57:18.480+0000][info][gc,heap        ] GC(153) Eden regions: 46->0(43)
[2024-08-27T14:57:18.480+0000][info][gc,heap        ] GC(153) Survivor regions: 11->8(8)
[2024-08-27T14:57:18.480+0000][info][gc,heap        ] GC(153) Old regions: 756->808
[2024-08-27T14:57:18.480+0000][info][gc,heap        ] GC(153) Archive regions: 2->2
[2024-08-27T14:57:18.480+0000][info][gc,heap        ] GC(153) Humongous regions: 5->5
[2024-08-27T14:57:18.480+0000][info][gc,metaspace   ] GC(153) Metaspace: 100K(320K)->100K(320K) NonClass: 96K(192K)->96K(192K) Class: 4K(128K)->4K(128K)
[2024-08-27T14:57:18.480+0000][info][gc             ] GC(153) Pause Young (Normal) (G1 Evacuation Pause) 805M->808M(1024M) 18.144ms
[2024-08-27T14:57:18.480+0000][info][gc,cpu         ] GC(153) User=0.42s Sys=0.00s Real=0.02s
[2024-08-27T14:57:18.501+0000][info][gc,start       ] GC(154) Pause Young (Normal) (G1 Evacuation Pause)
[2024-08-27T14:57:18.501+0000][info][gc,task        ] GC(154) Using 24 workers of 68 for evacuation
[2024-08-27T14:57:18.517+0000][info][gc,phases      ] GC(154)   Pre Evacuate Collection Set: 0.1ms
[2024-08-27T14:57:18.517+0000][info][gc,phases      ] GC(154)   Merge Heap Roots: 0.4ms
[2024-08-27T14:57:18.517+0000][info][gc,phases      ] GC(154)   Evacuate Collection Set: 14.8ms
[2024-08-27T14:57:18.517+0000][info][gc,phases      ] GC(154)   Post Evacuate Collection Set: 0.7ms
[2024-08-27T14:57:18.517+0000][info][gc,phases      ] GC(154)   Other: 0.2ms
[2024-08-27T14:57:18.517+0000][info][gc,heap        ] GC(154) Eden regions: 43->0(44)
[2024-08-27T14:57:18.517+0000][info][gc,heap        ] GC(154) Survivor regions: 8->7(7)
[2024-08-27T14:57:18.517+0000][info][gc,heap        ] GC(154) Old regions: 808->856
[2024-08-27T14:57:18.517+0000][info][gc,heap        ] GC(154) Archive regions: 2->2
[2024-08-27T14:57:18.517+0000][info][gc,heap        ] GC(154) Humongous regions: 5->5
[2024-08-27T14:57:18.517+0000][info][gc,metaspace   ] GC(154) Metaspace: 100K(320K)->100K(320K) NonClass: 96K(192K)->96K(192K) Class: 4K(128K)->4K(128K)
[2024-08-27T14:57:18.517+0000][info][gc             ] GC(154) Pause Young (Normal) (G1 Evacuation Pause) 851M->855M(1024M) 16.283ms
[2024-08-27T14:57:18.517+0000][info][gc,cpu         ] GC(154) User=0.37s Sys=0.00s Real=0.01s
[2024-08-27T14:57:18.527+0000][info][gc,marking     ] GC(151) Concurrent Rebuild Remembered Sets 117.605ms
[2024-08-27T14:57:18.527+0000][info][gc,start       ] GC(151) Pause Cleanup
[2024-08-27T14:57:18.528+0000][info][gc             ] GC(151) Pause Cleanup 876M->876M(1024M) 1.040ms
[2024-08-27T14:57:18.528+0000][info][gc,cpu         ] GC(151) User=0.00s Sys=0.00s Real=0.00s
[2024-08-27T14:57:18.528+0000][info][gc,marking     ] GC(151) Concurrent Cleanup for Next Mark
[2024-08-27T14:57:18.529+0000][info][gc,marking     ] GC(151) Concurrent Cleanup for Next Mark 0.609ms
[2024-08-27T14:57:18.529+0000][info][gc             ] GC(151) Concurrent Mark Cycle 143.498ms
[2024-08-27T14:57:18.541+0000][info][gc,start       ] GC(155) Pause Young (Prepare Mixed) (G1 Evacuation Pause)
[2024-08-27T14:57:18.541+0000][info][gc,task        ] GC(155) Using 24 workers of 68 for evacuation
[2024-08-27T14:57:18.558+0000][info][gc,phases      ] GC(155)   Pre Evacuate Collection Set: 0.1ms
[2024-08-27T14:57:18.558+0000][info][gc,phases      ] GC(155)   Merge Heap Roots: 0.5ms
[2024-08-27T14:57:18.558+0000][info][gc,phases      ] GC(155)   Evacuate Collection Set: 15.9ms
[2024-08-27T14:57:18.558+0000][info][gc,phases      ] GC(155)   Post Evacuate Collection Set: 0.3ms
[2024-08-27T14:57:18.558+0000][info][gc,phases      ] GC(155)   Other: 0.2ms
[2024-08-27T14:57:18.558+0000][info][gc,heap        ] GC(155) Eden regions: 44->0(44)
[2024-08-27T14:57:18.558+0000][info][gc,heap        ] GC(155) Survivor regions: 7->7(7)
[2024-08-27T14:57:18.558+0000][info][gc,heap        ] GC(155) Old regions: 856->903
[2024-08-27T14:57:18.558+0000][info][gc,heap        ] GC(155) Archive regions: 2->2
[2024-08-27T14:57:18.558+0000][info][gc,heap        ] GC(155) Humongous regions: 5->5
[2024-08-27T14:57:18.558+0000][info][gc,metaspace   ] GC(155) Metaspace: 100K(320K)->100K(320K) NonClass: 96K(192K)->96K(192K) Class: 4K(128K)->4K(128K)
[2024-08-27T14:57:18.558+0000][info][gc             ] GC(155) Pause Young (Prepare Mixed) (G1 Evacuation Pause) 899M->902M(1024M) 17.179ms
[2024-08-27T14:57:18.558+0000][info][gc,cpu         ] GC(155) User=0.40s Sys=0.00s Real=0.02s
[2024-08-27T14:57:18.578+0000][info][gc,start       ] GC(156) Pause Young (Mixed) (G1 Evacuation Pause)
[2024-08-27T14:57:18.578+0000][info][gc,task        ] GC(156) Using 24 workers of 68 for evacuation
[2024-08-27T14:57:18.589+0000][info][gc,phases      ] GC(156)   Pre Evacuate Collection Set: 0.2ms
[2024-08-27T14:57:18.590+0000][info][gc,phases      ] GC(156)   Merge Heap Roots: 0.4ms
[2024-08-27T14:57:18.590+0000][info][gc,phases      ] GC(156)   Evacuate Collection Set: 9.9ms
[2024-08-27T14:57:18.590+0000][info][gc,phases      ] GC(156)   Post Evacuate Collection Set: 0.4ms
[2024-08-27T14:57:18.590+0000][info][gc,phases      ] GC(156)   Other: 0.2ms
[2024-08-27T14:57:18.590+0000][info][gc,heap        ] GC(156) Eden regions: 44->0(44)
[2024-08-27T14:57:18.590+0000][info][gc,heap        ] GC(156) Survivor regions: 7->7(7)
[2024-08-27T14:57:18.590+0000][info][gc,heap        ] GC(156) Old regions: 903->847
[2024-08-27T14:57:18.590+0000][info][gc,heap        ] GC(156) Archive regions: 2->2
[2024-08-27T14:57:18.590+0000][info][gc,heap        ] GC(156) Humongous regions: 5->5
[2024-08-27T14:57:18.590+0000][info][gc,metaspace   ] GC(156) Metaspace: 100K(320K)->100K(320K) NonClass: 96K(192K)->96K(192K) Class: 4K(128K)->4K(128K)
[2024-08-27T14:57:18.590+0000][info][gc             ] GC(156) Pause Young (Mixed) (G1 Evacuation Pause) 946M->846M(1024M) 11.263ms
[2024-08-27T14:57:18.590+0000][info][gc,cpu         ] GC(156) User=0.25s Sys=0.00s Real=0.01s
[2024-08-27T14:57:18.609+0000][info][gc,start       ] GC(157) Pause Young (Mixed) (G1 Evacuation Pause)
[2024-08-27T14:57:18.609+0000][info][gc,task        ] GC(157) Using 24 workers of 68 for evacuation
[2024-08-27T14:57:18.621+0000][info][gc,phases      ] GC(157)   Pre Evacuate Collection Set: 0.2ms
[2024-08-27T14:57:18.621+0000][info][gc,phases      ] GC(157)   Merge Heap Roots: 0.3ms
[2024-08-27T14:57:18.621+0000][info][gc,phases      ] GC(157)   Evacuate Collection Set: 10.4ms
[2024-08-27T14:57:18.621+0000][info][gc,phases      ] GC(157)   Post Evacuate Collection Set: 0.4ms
[2024-08-27T14:57:18.621+0000][info][gc,phases      ] GC(157)   Other: 0.3ms
[2024-08-27T14:57:18.621+0000][info][gc,heap        ] GC(157) Eden regions: 44->0(44)
[2024-08-27T14:57:18.621+0000][info][gc,heap        ] GC(157) Survivor regions: 7->7(7)
[2024-08-27T14:57:18.621+0000][info][gc,heap        ] GC(157) Old regions: 847->805
[2024-08-27T14:57:18.621+0000][info][gc,heap        ] GC(157) Archive regions: 2->2
[2024-08-27T14:57:18.621+0000][info][gc,heap        ] GC(157) Humongous regions: 5->5
[2024-08-27T14:57:18.621+0000][info][gc,metaspace   ] GC(157) Metaspace: 100K(320K)->100K(320K) NonClass: 96K(192K)->96K(192K) Class: 4K(128K)->4K(128K)
[2024-08-27T14:57:18.621+0000][info][gc             ] GC(157) Pause Young (Mixed) (G1 Evacuation Pause) 890M->811M(1024M) 11.619ms
[2024-08-27T14:57:18.621+0000][info][gc,cpu         ] GC(157) User=0.24s Sys=0.00s Real=0.02s
[2024-08-27T14:57:18.641+0000][info][gc,start       ] GC(158) Pause Young (Concurrent Start) (G1 Evacuation Pause)
[2024-08-27T14:57:18.642+0000][info][gc,task        ] GC(158) Using 24 workers of 68 for evacuation
[2024-08-27T14:57:18.652+0000][info][gc,phases      ] GC(158)   Pre Evacuate Collection Set: 0.2ms
[2024-08-27T14:57:18.652+0000][info][gc,phases      ] GC(158)   Merge Heap Roots: 0.2ms
[2024-08-27T14:57:18.652+0000][info][gc,phases      ] GC(158)   Evacuate Collection Set: 8.9ms
[2024-08-27T14:57:18.652+0000][info][gc,phases      ] GC(158)   Post Evacuate Collection Set: 0.3ms
[2024-08-27T14:57:18.652+0000][info][gc,phases      ] GC(158)   Other: 0.6ms
[2024-08-27T14:57:18.652+0000][info][gc,heap        ] GC(158) Eden regions: 44->0(44)
[2024-08-27T14:57:18.652+0000][info][gc,heap        ] GC(158) Survivor regions: 7->7(7)
[2024-08-27T14:57:18.652+0000][info][gc,heap        ] GC(158) Old regions: 805->851
[2024-08-27T14:57:18.652+0000][info][gc,heap        ] GC(158) Archive regions: 2->2
[2024-08-27T14:57:18.652+0000][info][gc,heap        ] GC(158) Humongous regions: 5->5
[2024-08-27T14:57:18.652+0000][info][gc,metaspace   ] GC(158) Metaspace: 100K(320K)->100K(320K) NonClass: 96K(192K)->96K(192K) Class: 4K(128K)->4K(128K)
[2024-08-27T14:57:18.652+0000][info][gc             ] GC(158) Pause Young (Concurrent Start) (G1 Evacuation Pause) 855M->857M(1024M) 10.332ms
[2024-08-27T14:57:18.652+0000][info][gc,cpu         ] GC(158) User=0.22s Sys=0.00s Real=0.01s
[2024-08-27T14:57:18.652+0000][info][gc             ] GC(159) Concurrent Mark Cycle
[2024-08-27T14:57:18.652+0000][info][gc,marking     ] GC(159) Concurrent Clear Claimed Marks
[2024-08-27T14:57:18.652+0000][info][gc,marking     ] GC(159) Concurrent Clear Claimed Marks 0.013ms
[2024-08-27T14:57:18.652+0000][info][gc,marking     ] GC(159) Concurrent Scan Root Regions
[2024-08-27T14:57:18.654+0000][info][gc,marking     ] GC(159) Concurrent Scan Root Regions 1.644ms
[2024-08-27T14:57:18.654+0000][info][gc,marking     ] GC(159) Concurrent Mark
[2024-08-27T14:57:18.654+0000][info][gc,marking     ] GC(159) Concurrent Mark From Roots
[2024-08-27T14:57:18.654+0000][info][gc,task        ] GC(159) Using 17 workers of 17 for marking
[2024-08-27T14:57:18.676+0000][info][gc,marking     ] GC(159) Concurrent Mark From Roots 21.987ms
[2024-08-27T14:57:18.676+0000][info][gc,marking     ] GC(159) Concurrent Preclean
[2024-08-27T14:57:18.676+0000][info][gc,marking     ] GC(159) Concurrent Preclean 0.692ms
[2024-08-27T14:57:18.677+0000][info][gc,start       ] GC(159) Pause Remark
[2024-08-27T14:57:18.678+0000][info][gc             ] GC(159) Pause Remark 896M->896M(1024M) 1.279ms
[2024-08-27T14:57:18.678+0000][info][gc,cpu         ] GC(159) User=0.01s Sys=0.00s Real=0.01s
[2024-08-27T14:57:18.678+0000][info][gc,marking     ] GC(159) Concurrent Mark 24.327ms
[2024-08-27T14:57:18.678+0000][info][gc,marking     ] GC(159) Concurrent Rebuild Remembered Sets
[2024-08-27T14:57:18.682+0000][info][gc,start       ] GC(160) Pause Young (Normal) (G1 Evacuation Pause)
[2024-08-27T14:57:18.682+0000][info][gc,task        ] GC(160) Using 24 workers of 68 for evacuation
[2024-08-27T14:57:18.692+0000][info][gc,phases      ] GC(160)   Pre Evacuate Collection Set: 0.1ms
[2024-08-27T14:57:18.692+0000][info][gc,phases      ] GC(160)   Merge Heap Roots: 0.3ms
[2024-08-27T14:57:18.692+0000][info][gc,phases      ] GC(160)   Evacuate Collection Set: 8.9ms
[2024-08-27T14:57:18.692+0000][info][gc,phases      ] GC(160)   Post Evacuate Collection Set: 0.4ms
[2024-08-27T14:57:18.692+0000][info][gc,phases      ] GC(160)   Other: 0.2ms
[2024-08-27T14:57:18.692+0000][info][gc,heap        ] GC(160) Eden regions: 44->0(44)
[2024-08-27T14:57:18.692+0000][info][gc,heap        ] GC(160) Survivor regions: 7->7(7)
[2024-08-27T14:57:18.692+0000][info][gc,heap        ] GC(160) Old regions: 851->898
[2024-08-27T14:57:18.692+0000][info][gc,heap        ] GC(160) Archive regions: 2->2
[2024-08-27T14:57:18.692+0000][info][gc,heap        ] GC(160) Humongous regions: 5->5
[2024-08-27T14:57:18.692+0000][info][gc,metaspace   ] GC(160) Metaspace: 100K(320K)->100K(320K) NonClass: 96K(192K)->96K(192K) Class: 4K(128K)->4K(128K)
[2024-08-27T14:57:18.692+0000][info][gc             ] GC(160) Pause Young (Normal) (G1 Evacuation Pause) 901M->905M(1024M) 9.877ms
[2024-08-27T14:57:18.692+0000][info][gc,cpu         ] GC(160) User=0.22s Sys=0.00s Real=0.01s
[2024-08-27T14:57:18.712+0000][info][gc,start       ] GC(161) Pause Young (Normal) (G1 Evacuation Pause)
[2024-08-27T14:57:18.712+0000][info][gc,task        ] GC(161) Using 24 workers of 68 for evacuation
[2024-08-27T14:57:18.726+0000][info][gc,phases      ] GC(161)   Pre Evacuate Collection Set: 0.1ms
[2024-08-27T14:57:18.726+0000][info][gc,phases      ] GC(161)   Merge Heap Roots: 0.3ms
[2024-08-27T14:57:18.726+0000][info][gc,phases      ] GC(161)   Evacuate Collection Set: 12.8ms
[2024-08-27T14:57:18.726+0000][info][gc,phases      ] GC(161)   Post Evacuate Collection Set: 0.5ms
[2024-08-27T14:57:18.726+0000][info][gc,phases      ] GC(161)   Other: 0.2ms
[2024-08-27T14:57:18.726+0000][info][gc,heap        ] GC(161) Eden regions: 44->0(44)
[2024-08-27T14:57:18.726+0000][info][gc,heap        ] GC(161) Survivor regions: 7->7(7)
[2024-08-27T14:57:18.726+0000][info][gc,heap        ] GC(161) Old regions: 898->945
[2024-08-27T14:57:18.726+0000][info][gc,heap        ] GC(161) Archive regions: 2->2
[2024-08-27T14:57:18.726+0000][info][gc,heap        ] GC(161) Humongous regions: 5->5
[2024-08-27T14:57:18.726+0000][info][gc,metaspace   ] GC(161) Metaspace: 100K(320K)->100K(320K) NonClass: 96K(192K)->96K(192K) Class: 4K(128K)->4K(128K)
[2024-08-27T14:57:18.726+0000][info][gc             ] GC(161) Pause Young (Normal) (G1 Evacuation Pause) 949M->952M(1024M) 13.951ms
[2024-08-27T14:57:18.726+0000][info][gc,cpu         ] GC(161) User=0.32s Sys=0.00s Real=0.01s
[2024-08-27T14:57:18.739+0000][info][gc,start       ] GC(162) Pause Young (Normal) (G1 Preventive Collection)
[2024-08-27T14:57:18.739+0000][info][gc,task        ] GC(162) Using 24 workers of 68 for evacuation
[2024-08-27T14:57:18.752+0000][info][gc,phases      ] GC(162)   Pre Evacuate Collection Set: 0.1ms
[2024-08-27T14:57:18.753+0000][info][gc,phases      ] GC(162)   Merge Heap Roots: 0.4ms
[2024-08-27T14:57:18.753+0000][info][gc,phases      ] GC(162)   Evacuate Collection Set: 12.0ms
[2024-08-27T14:57:18.753+0000][info][gc,phases      ] GC(162)   Post Evacuate Collection Set: 0.5ms
[2024-08-27T14:57:18.753+0000][info][gc,phases      ] GC(162)   Other: 0.2ms
[2024-08-27T14:57:18.753+0000][info][gc,heap        ] GC(162) Eden regions: 27->0(44)
[2024-08-27T14:57:18.753+0000][info][gc,heap        ] GC(162) Survivor regions: 7->7(7)
[2024-08-27T14:57:18.753+0000][info][gc,heap        ] GC(162) Old regions: 945->975
[2024-08-27T14:57:18.753+0000][info][gc,heap        ] GC(162) Archive regions: 2->2
[2024-08-27T14:57:18.753+0000][info][gc,heap        ] GC(162) Humongous regions: 5->5
[2024-08-27T14:57:18.753+0000][info][gc,metaspace   ] GC(162) Metaspace: 100K(320K)->100K(320K) NonClass: 96K(192K)->96K(192K) Class: 4K(128K)->4K(128K)
[2024-08-27T14:57:18.753+0000][info][gc             ] GC(162) Pause Young (Normal) (G1 Preventive Collection) 979M->982M(1024M) 13.343ms
[2024-08-27T14:57:18.753+0000][info][gc,cpu         ] GC(162) User=0.30s Sys=0.00s Real=0.01s
[2024-08-27T14:57:18.759+0000][info][gc,start       ] GC(163) Pause Young (Normal) (G1 Preventive Collection)
[2024-08-27T14:57:18.759+0000][info][gc,task        ] GC(163) Using 24 workers of 68 for evacuation
[2024-08-27T14:57:18.770+0000][info][gc             ] GC(163) To-space exhausted
[2024-08-27T14:57:18.770+0000][info][gc,phases      ] GC(163)   Pre Evacuate Collection Set: 0.1ms
[2024-08-27T14:57:18.770+0000][info][gc,phases      ] GC(163)   Merge Heap Roots: 0.3ms
[2024-08-27T14:57:18.770+0000][info][gc,phases      ] GC(163)   Evacuate Collection Set: 9.1ms
[2024-08-27T14:57:18.770+0000][info][gc,phases      ] GC(163)   Post Evacuate Collection Set: 0.9ms
[2024-08-27T14:57:18.770+0000][info][gc,phases      ] GC(163)   Other: 0.2ms
[2024-08-27T14:57:18.770+0000][info][gc,heap        ] GC(163) Eden regions: 13->0(44)
[2024-08-27T14:57:18.770+0000][info][gc,heap        ] GC(163) Survivor regions: 7->7(7)
[2024-08-27T14:57:18.770+0000][info][gc,heap        ] GC(163) Old regions: 975->1008
[2024-08-27T14:57:18.770+0000][info][gc,heap        ] GC(163) Archive regions: 2->2
[2024-08-27T14:57:18.770+0000][info][gc,heap        ] GC(163) Humongous regions: 5->5
[2024-08-27T14:57:18.770+0000][info][gc,metaspace   ] GC(163) Metaspace: 100K(320K)->100K(320K) NonClass: 96K(192K)->96K(192K) Class: 4K(128K)->4K(128K)
[2024-08-27T14:57:18.770+0000][info][gc             ] GC(163) Pause Young (Normal) (G1 Preventive Collection) 995M->1015M(1024M) 10.629ms
[2024-08-27T14:57:18.770+0000][info][gc,cpu         ] GC(163) User=0.23s Sys=0.00s Real=0.01s
[2024-08-27T14:57:18.771+0000][info][gc,start       ] GC(164) Pause Young (Normal) (G1 Preventive Collection)
[2024-08-27T14:57:18.771+0000][info][gc,task        ] GC(164) Using 24 workers of 68 for evacuation
[2024-08-27T14:57:18.780+0000][info][gc             ] GC(164) To-space exhausted
[2024-08-27T14:57:18.780+0000][info][gc,phases      ] GC(164)   Pre Evacuate Collection Set: 0.1ms
[2024-08-27T14:57:18.780+0000][info][gc,phases      ] GC(164)   Merge Heap Roots: 0.6ms
[2024-08-27T14:57:18.780+0000][info][gc,phases      ] GC(164)   Evacuate Collection Set: 7.1ms
[2024-08-27T14:57:18.780+0000][info][gc,phases      ] GC(164)   Post Evacuate Collection Set: 0.9ms
[2024-08-27T14:57:18.780+0000][info][gc,phases      ] GC(164)   Other: 0.1ms
[2024-08-27T14:57:18.780+0000][info][gc,heap        ] GC(164) Eden regions: 1->0(50)
[2024-08-27T14:57:18.780+0000][info][gc,heap        ] GC(164) Survivor regions: 7->1(1)
[2024-08-27T14:57:18.780+0000][info][gc,heap        ] GC(164) Old regions: 1008->1016
[2024-08-27T14:57:18.780+0000][info][gc,heap        ] GC(164) Archive regions: 2->2
[2024-08-27T14:57:18.780+0000][info][gc,heap        ] GC(164) Humongous regions: 5->5
[2024-08-27T14:57:18.780+0000][info][gc,metaspace   ] GC(164) Metaspace: 100K(320K)->100K(320K) NonClass: 96K(192K)->96K(192K) Class: 4K(128K)->4K(128K)
[2024-08-27T14:57:18.780+0000][info][gc             ] GC(164) Pause Young (Normal) (G1 Preventive Collection) 1016M->1017M(1024M) 8.834ms
[2024-08-27T14:57:18.780+0000][info][gc,cpu         ] GC(164) User=0.20s Sys=0.00s Real=0.01s
[2024-08-27T14:57:18.780+0000][info][gc,ergo        ] Attempting full compaction
[2024-08-27T14:57:18.780+0000][info][gc,task        ] GC(165) Using 24 workers of 68 for full compaction
[2024-08-27T14:57:18.780+0000][info][gc,start       ] GC(165) Pause Full (G1 Compaction Pause)
[2024-08-27T14:57:18.781+0000][info][gc,phases,start] GC(165) Phase 1: Mark live objects
[2024-08-27T14:57:18.795+0000][info][gc,phases      ] GC(165) Phase 1: Mark live objects 13.891ms
[2024-08-27T14:57:18.795+0000][info][gc,phases,start] GC(165) Phase 2: Prepare for compaction
[2024-08-27T14:57:18.802+0000][info][gc,phases      ] GC(165) Phase 2: Prepare for compaction 7.369ms
[2024-08-27T14:57:18.802+0000][info][gc,phases,start] GC(165) Phase 3: Adjust pointers
[2024-08-27T14:57:18.816+0000][info][gc,phases      ] GC(165) Phase 3: Adjust pointers 14.149ms
[2024-08-27T14:57:18.816+0000][info][gc,phases,start] GC(165) Phase 4: Compact heap
[2024-08-27T14:57:18.843+0000][info][gc,phases      ] GC(165) Phase 4: Compact heap 26.934ms
[2024-08-27T14:57:18.845+0000][info][gc,heap        ] GC(165) Eden regions: 0->0(150)
[2024-08-27T14:57:18.845+0000][info][gc,heap        ] GC(165) Survivor regions: 1->0(1)
[2024-08-27T14:57:18.845+0000][info][gc,heap        ] GC(165) Old regions: 1016->444
[2024-08-27T14:57:18.845+0000][info][gc,heap        ] GC(165) Archive regions: 2->2
[2024-08-27T14:57:18.845+0000][info][gc,heap        ] GC(165) Humongous regions: 5->5
[2024-08-27T14:57:18.845+0000][info][gc,metaspace   ] GC(165) Metaspace: 100K(320K)->100K(320K) NonClass: 96K(192K)->96K(192K) Class: 4K(128K)->4K(128K)
[2024-08-27T14:57:18.845+0000][info][gc             ] GC(165) Pause Full (G1 Compaction Pause) 1017M->437M(1024M) 64.418ms
[2024-08-27T14:57:18.845+0000][info][gc,cpu         ] GC(165) User=1.38s Sys=0.00s Real=0.06s
[2024-08-27T14:57:18.845+0000][info][gc,marking     ] GC(159) Concurrent Rebuild Remembered Sets 166.991ms
[2024-08-27T14:57:18.845+0000][info][gc,marking     ] GC(159) Concurrent Mark Abort
[2024-08-27T14:57:18.845+0000][info][gc             ] GC(159) Concurrent Mark Cycle 193.170ms
[2024-08-27T14:57:18.919+0000][info][gc,start       ] GC(166) Pause Young (Normal) (G1 Evacuation Pause)
[2024-08-27T14:57:18.919+0000][info][gc,task        ] GC(166) Using 24 workers of 68 for evacuation
[2024-08-27T14:57:18.940+0000][info][gc,phases      ] GC(166)   Pre Evacuate Collection Set: 0.1ms
[2024-08-27T14:57:18.940+0000][info][gc,phases      ] GC(166)   Merge Heap Roots: 0.3ms
[2024-08-27T14:57:18.940+0000][info][gc,phases      ] GC(166)   Evacuate Collection Set: 20.1ms
[2024-08-27T14:57:18.940+0000][info][gc,phases      ] GC(166)   Post Evacuate Collection Set: 0.3ms
[2024-08-27T14:57:18.940+0000][info][gc,phases      ] GC(166)   Other: 0.2ms
[2024-08-27T14:57:18.940+0000][info][gc,heap        ] GC(166) Eden regions: 150->0(103)
[2024-08-27T14:57:18.940+0000][info][gc,heap        ] GC(166) Survivor regions: 0->19(19)
[2024-08-27T14:57:18.940+0000][info][gc,heap        ] GC(166) Old regions: 444->571
[2024-08-27T14:57:18.940+0000][info][gc,heap        ] GC(166) Archive regions: 2->2
[2024-08-27T14:57:18.940+0000][info][gc,heap        ] GC(166) Humongous regions: 5->5
[2024-08-27T14:57:18.940+0000][info][gc,metaspace   ] GC(166) Metaspace: 100K(320K)->100K(320K) NonClass: 96K(192K)->96K(192K) Class: 4K(128K)->4K(128K)
[2024-08-27T14:57:18.940+0000][info][gc             ] GC(166) Pause Young (Normal) (G1 Evacuation Pause) 587M->582M(1024M) 21.224ms
[2024-08-27T14:57:18.940+0000][info][gc,cpu         ] GC(166) User=0.48s Sys=0.00s Real=0.02s
[2024-08-27T14:57:18.987+0000][info][gc,start       ] GC(167) Pause Young (Concurrent Start) (G1 Evacuation Pause)
[2024-08-27T14:57:18.987+0000][info][gc,task        ] GC(167) Using 24 workers of 68 for evacuation
[2024-08-27T14:57:19.005+0000][info][gc,phases      ] GC(167)   Pre Evacuate Collection Set: 0.2ms
[2024-08-27T14:57:19.005+0000][info][gc,phases      ] GC(167)   Merge Heap Roots: 0.4ms
[2024-08-27T14:57:19.005+0000][info][gc,phases      ] GC(167)   Evacuate Collection Set: 17.1ms
[2024-08-27T14:57:19.005+0000][info][gc,phases      ] GC(167)   Post Evacuate Collection Set: 0.3ms
[2024-08-27T14:57:19.005+0000][info][gc,phases      ] GC(167)   Other: 0.6ms
[2024-08-27T14:57:19.005+0000][info][gc,heap        ] GC(167) Eden regions: 103->0(70)
[2024-08-27T14:57:19.005+0000][info][gc,heap        ] GC(167) Survivor regions: 19->16(16)
[2024-08-27T14:57:19.005+0000][info][gc,heap        ] GC(167) Old regions: 571->677
[2024-08-27T14:57:19.005+0000][info][gc,heap        ] GC(167) Archive regions: 2->2
[2024-08-27T14:57:19.005+0000][info][gc,heap        ] GC(167) Humongous regions: 5->5
[2024-08-27T14:57:19.005+0000][info][gc,metaspace   ] GC(167) Metaspace: 100K(320K)->100K(320K) NonClass: 96K(192K)->96K(192K) Class: 4K(128K)->4K(128K)
[2024-08-27T14:57:19.005+0000][info][gc             ] GC(167) Pause Young (Concurrent Start) (G1 Evacuation Pause) 685M->686M(1024M) 18.704ms
[2024-08-27T14:57:19.005+0000][info][gc,cpu         ] GC(167) User=0.42s Sys=0.00s Real=0.02s
[2024-08-27T14:57:19.005+0000][info][gc             ] GC(168) Concurrent Mark Cycle
[2024-08-27T14:57:19.005+0000][info][gc,marking     ] GC(168) Concurrent Clear Claimed Marks
[2024-08-27T14:57:19.005+0000][info][gc,marking     ] GC(168) Concurrent Clear Claimed Marks 0.011ms
[2024-08-27T14:57:19.005+0000][info][gc,marking     ] GC(168) Concurrent Scan Root Regions
[2024-08-27T14:57:19.009+0000][info][gc,marking     ] GC(168) Concurrent Scan Root Regions 3.290ms
[2024-08-27T14:57:19.009+0000][info][gc,marking     ] GC(168) Concurrent Mark
[2024-08-27T14:57:19.009+0000][info][gc,marking     ] GC(168) Concurrent Mark From Roots
[2024-08-27T14:57:19.009+0000][info][gc,task        ] GC(168) Using 17 workers of 17 for marking
[2024-08-27T14:57:19.029+0000][info][gc,marking     ] GC(168) Concurrent Mark From Roots 19.708ms
[2024-08-27T14:57:19.029+0000][info][gc,marking     ] GC(168) Concurrent Preclean
[2024-08-27T14:57:19.029+0000][info][gc,marking     ] GC(168) Concurrent Preclean 0.499ms
[2024-08-27T14:57:19.029+0000][info][gc,start       ] GC(168) Pause Remark
[2024-08-27T14:57:19.030+0000][info][gc             ] GC(168) Pause Remark 723M->723M(1024M) 1.140ms
[2024-08-27T14:57:19.030+0000][info][gc,cpu         ] GC(168) User=0.00s Sys=0.01s Real=0.01s
[2024-08-27T14:57:19.030+0000][info][gc,marking     ] GC(168) Concurrent Mark 21.690ms
[2024-08-27T14:57:19.031+0000][info][gc,marking     ] GC(168) Concurrent Rebuild Remembered Sets
[2024-08-27T14:57:19.047+0000][info][gc,start       ] GC(169) Pause Young (Normal) (G1 Evacuation Pause)
[2024-08-27T14:57:19.047+0000][info][gc,task        ] GC(169) Using 24 workers of 68 for evacuation
[2024-08-27T14:57:19.062+0000][info][gc,phases      ] GC(169)   Pre Evacuate Collection Set: 0.1ms
[2024-08-27T14:57:19.062+0000][info][gc,phases      ] GC(169)   Merge Heap Roots: 0.3ms
[2024-08-27T14:57:19.062+0000][info][gc,phases      ] GC(169)   Evacuate Collection Set: 14.4ms
[2024-08-27T14:57:19.062+0000][info][gc,phases      ] GC(169)   Post Evacuate Collection Set: 0.5ms
[2024-08-27T14:57:19.062+0000][info][gc,phases      ] GC(169)   Other: 0.2ms
[2024-08-27T14:57:19.062+0000][info][gc,heap        ] GC(169) Eden regions: 70->0(46)
[2024-08-27T14:57:19.062+0000][info][gc,heap        ] GC(169) Survivor regions: 16->11(11)
[2024-08-27T14:57:19.062+0000][info][gc,heap        ] GC(169) Old regions: 677->754
[2024-08-27T14:57:19.062+0000][info][gc,heap        ] GC(169) Archive regions: 2->2
[2024-08-27T14:57:19.062+0000][info][gc,heap        ] GC(169) Humongous regions: 5->5
[2024-08-27T14:57:19.062+0000][info][gc,metaspace   ] GC(169) Metaspace: 100K(320K)->100K(320K) NonClass: 96K(192K)->96K(192K) Class: 4K(128K)->4K(128K)
[2024-08-27T14:57:19.062+0000][info][gc             ] GC(169) Pause Young (Normal) (G1 Evacuation Pause) 756M->757M(1024M) 15.644ms
[2024-08-27T14:57:19.062+0000][info][gc,cpu         ] GC(169) User=0.35s Sys=0.01s Real=0.02s
[2024-08-27T14:57:19.083+0000][info][gc,start       ] GC(170) Pause Young (Normal) (G1 Evacuation Pause)
[2024-08-27T14:57:19.083+0000][info][gc,task        ] GC(170) Using 24 workers of 68 for evacuation
[2024-08-27T14:57:19.103+0000][info][gc,phases      ] GC(170)   Pre Evacuate Collection Set: 0.1ms
[2024-08-27T14:57:19.103+0000][info][gc,phases      ] GC(170)   Merge Heap Roots: 0.5ms
[2024-08-27T14:57:19.103+0000][info][gc,phases      ] GC(170)   Evacuate Collection Set: 17.8ms
[2024-08-27T14:57:19.103+0000][info][gc,phases      ] GC(170)   Post Evacuate Collection Set: 0.6ms
[2024-08-27T14:57:19.103+0000][info][gc,phases      ] GC(170)   Other: 0.2ms
[2024-08-27T14:57:19.103+0000][info][gc,heap        ] GC(170) Eden regions: 46->0(43)
[2024-08-27T14:57:19.103+0000][info][gc,heap        ] GC(170) Survivor regions: 11->8(8)
[2024-08-27T14:57:19.103+0000][info][gc,heap        ] GC(170) Old regions: 754->806
[2024-08-27T14:57:19.103+0000][info][gc,heap        ] GC(170) Archive regions: 2->2
[2024-08-27T14:57:19.103+0000][info][gc,heap        ] GC(170) Humongous regions: 5->5
[2024-08-27T14:57:19.103+0000][info][gc,metaspace   ] GC(170) Metaspace: 100K(320K)->100K(320K) NonClass: 96K(192K)->96K(192K) Class: 4K(128K)->4K(128K)
[2024-08-27T14:57:19.103+0000][info][gc             ] GC(170) Pause Young (Normal) (G1 Evacuation Pause) 803M->806M(1024M) 19.250ms
[2024-08-27T14:57:19.103+0000][info][gc,cpu         ] GC(170) User=0.45s Sys=0.00s Real=0.02s
[2024-08-27T14:57:19.124+0000][info][gc,start       ] GC(171) Pause Young (Normal) (G1 Evacuation Pause)
[2024-08-27T14:57:19.124+0000][info][gc,task        ] GC(171) Using 24 workers of 68 for evacuation
[2024-08-27T14:57:19.141+0000][info][gc,phases      ] GC(171)   Pre Evacuate Collection Set: 0.1ms
[2024-08-27T14:57:19.141+0000][info][gc,phases      ] GC(171)   Merge Heap Roots: 0.4ms
[2024-08-27T14:57:19.141+0000][info][gc,phases      ] GC(171)   Evacuate Collection Set: 15.7ms
[2024-08-27T14:57:19.141+0000][info][gc,phases      ] GC(171)   Post Evacuate Collection Set: 0.7ms
[2024-08-27T14:57:19.141+0000][info][gc,phases      ] GC(171)   Other: 0.2ms
[2024-08-27T14:57:19.141+0000][info][gc,heap        ] GC(171) Eden regions: 43->0(44)
[2024-08-27T14:57:19.141+0000][info][gc,heap        ] GC(171) Survivor regions: 8->7(7)
[2024-08-27T14:57:19.141+0000][info][gc,heap        ] GC(171) Old regions: 806->854
[2024-08-27T14:57:19.141+0000][info][gc,heap        ] GC(171) Archive regions: 2->2
[2024-08-27T14:57:19.141+0000][info][gc,heap        ] GC(171) Humongous regions: 5->5
[2024-08-27T14:57:19.141+0000][info][gc,metaspace   ] GC(171) Metaspace: 100K(320K)->100K(320K) NonClass: 96K(192K)->96K(192K) Class: 4K(128K)->4K(128K)
[2024-08-27T14:57:19.141+0000][info][gc             ] GC(171) Pause Young (Normal) (G1 Evacuation Pause) 849M->853M(1024M) 17.226ms
[2024-08-27T14:57:19.141+0000][info][gc,cpu         ] GC(171) User=0.40s Sys=0.00s Real=0.02s
[2024-08-27T14:57:19.151+0000][info][gc,marking     ] GC(168) Concurrent Rebuild Remembered Sets 120.393ms
[2024-08-27T14:57:19.151+0000][info][gc,start       ] GC(168) Pause Cleanup
[2024-08-27T14:57:19.152+0000][info][gc             ] GC(168) Pause Cleanup 874M->874M(1024M) 1.042ms
[2024-08-27T14:57:19.152+0000][info][gc,cpu         ] GC(168) User=0.00s Sys=0.00s Real=0.00s
[2024-08-27T14:57:19.152+0000][info][gc,marking     ] GC(168) Concurrent Cleanup for Next Mark
[2024-08-27T14:57:19.153+0000][info][gc,marking     ] GC(168) Concurrent Cleanup for Next Mark 0.619ms
[2024-08-27T14:57:19.153+0000][info][gc             ] GC(168) Concurrent Mark Cycle 147.471ms
[2024-08-27T14:57:19.165+0000][info][gc,start       ] GC(172) Pause Young (Prepare Mixed) (G1 Evacuation Pause)
[2024-08-27T14:57:19.165+0000][info][gc,task        ] GC(172) Using 24 workers of 68 for evacuation
[2024-08-27T14:57:19.182+0000][info][gc,phases      ] GC(172)   Pre Evacuate Collection Set: 0.1ms
[2024-08-27T14:57:19.182+0000][info][gc,phases      ] GC(172)   Merge Heap Roots: 0.7ms
[2024-08-27T14:57:19.182+0000][info][gc,phases      ] GC(172)   Evacuate Collection Set: 15.6ms
[2024-08-27T14:57:19.182+0000][info][gc,phases      ] GC(172)   Post Evacuate Collection Set: 0.3ms
[2024-08-27T14:57:19.182+0000][info][gc,phases      ] GC(172)   Other: 0.2ms
[2024-08-27T14:57:19.182+0000][info][gc,heap        ] GC(172) Eden regions: 44->0(44)
[2024-08-27T14:57:19.182+0000][info][gc,heap        ] GC(172) Survivor regions: 7->7(7)
[2024-08-27T14:57:19.182+0000][info][gc,heap        ] GC(172) Old regions: 854->900
[2024-08-27T14:57:19.182+0000][info][gc,heap        ] GC(172) Archive regions: 2->2
[2024-08-27T14:57:19.182+0000][info][gc,heap        ] GC(172) Humongous regions: 5->5
[2024-08-27T14:57:19.182+0000][info][gc,metaspace   ] GC(172) Metaspace: 100K(320K)->100K(320K) NonClass: 96K(192K)->96K(192K) Class: 4K(128K)->4K(128K)
[2024-08-27T14:57:19.182+0000][info][gc             ] GC(172) Pause Young (Prepare Mixed) (G1 Evacuation Pause) 897M->900M(1024M) 17.003ms
[2024-08-27T14:57:19.182+0000][info][gc,cpu         ] GC(172) User=0.39s Sys=0.00s Real=0.02s
[2024-08-27T14:57:19.204+0000][info][gc,start       ] GC(173) Pause Young (Mixed) (G1 Evacuation Pause)
[2024-08-27T14:57:19.204+0000][info][gc,task        ] GC(173) Using 24 workers of 68 for evacuation
[2024-08-27T14:57:19.215+0000][info][gc,phases      ] GC(173)   Pre Evacuate Collection Set: 0.2ms
[2024-08-27T14:57:19.215+0000][info][gc,phases      ] GC(173)   Merge Heap Roots: 0.4ms
[2024-08-27T14:57:19.215+0000][info][gc,phases      ] GC(173)   Evacuate Collection Set: 10.1ms
[2024-08-27T14:57:19.215+0000][info][gc,phases      ] GC(173)   Post Evacuate Collection Set: 0.4ms
[2024-08-27T14:57:19.215+0000][info][gc,phases      ] GC(173)   Other: 0.3ms
[2024-08-27T14:57:19.215+0000][info][gc,heap        ] GC(173) Eden regions: 44->0(44)
[2024-08-27T14:57:19.215+0000][info][gc,heap        ] GC(173) Survivor regions: 7->7(7)
[2024-08-27T14:57:19.215+0000][info][gc,heap        ] GC(173) Old regions: 900->844
[2024-08-27T14:57:19.215+0000][info][gc,heap        ] GC(173) Archive regions: 2->2
[2024-08-27T14:57:19.215+0000][info][gc,heap        ] GC(173) Humongous regions: 5->5
[2024-08-27T14:57:19.215+0000][info][gc,metaspace   ] GC(173) Metaspace: 100K(320K)->100K(320K) NonClass: 96K(192K)->96K(192K) Class: 4K(128K)->4K(128K)
[2024-08-27T14:57:19.216+0000][info][gc             ] GC(173) Pause Young (Mixed) (G1 Evacuation Pause) 944M->845M(1024M) 11.489ms
[2024-08-27T14:57:19.216+0000][info][gc,cpu         ] GC(173) User=0.25s Sys=0.00s Real=0.01s
[2024-08-27T14:57:19.237+0000][info][gc,start       ] GC(174) Pause Young (Mixed) (G1 Evacuation Pause)
[2024-08-27T14:57:19.237+0000][info][gc,task        ] GC(174) Using 24 workers of 68 for evacuation
[2024-08-27T14:57:19.248+0000][info][gc,phases      ] GC(174)   Pre Evacuate Collection Set: 0.2ms
[2024-08-27T14:57:19.248+0000][info][gc,phases      ] GC(174)   Merge Heap Roots: 0.4ms
[2024-08-27T14:57:19.248+0000][info][gc,phases      ] GC(174)   Evacuate Collection Set: 9.9ms
[2024-08-27T14:57:19.248+0000][info][gc,phases      ] GC(174)   Post Evacuate Collection Set: 0.4ms
[2024-08-27T14:57:19.248+0000][info][gc,phases      ] GC(174)   Other: 0.2ms
[2024-08-27T14:57:19.248+0000][info][gc,heap        ] GC(174) Eden regions: 44->0(44)
[2024-08-27T14:57:19.248+0000][info][gc,heap        ] GC(174) Survivor regions: 7->7(7)
[2024-08-27T14:57:19.248+0000][info][gc,heap        ] GC(174) Old regions: 844->804
[2024-08-27T14:57:19.248+0000][info][gc,heap        ] GC(174) Archive regions: 2->2
[2024-08-27T14:57:19.248+0000][info][gc,heap        ] GC(174) Humongous regions: 5->5
[2024-08-27T14:57:19.248+0000][info][gc,metaspace   ] GC(174) Metaspace: 100K(320K)->100K(320K) NonClass: 96K(192K)->96K(192K) Class: 4K(128K)->4K(128K)
[2024-08-27T14:57:19.248+0000][info][gc             ] GC(174) Pause Young (Mixed) (G1 Evacuation Pause) 889M->808M(1024M) 11.248ms
[2024-08-27T14:57:19.249+0000][info][gc,cpu         ] GC(174) User=0.25s Sys=0.00s Real=0.01s
[2024-08-27T14:57:19.268+0000][info][gc,start       ] GC(175) Pause Young (Concurrent Start) (G1 Evacuation Pause)
[2024-08-27T14:57:19.268+0000][info][gc,task        ] GC(175) Using 24 workers of 68 for evacuation
[2024-08-27T14:57:19.279+0000][info][gc,phases      ] GC(175)   Pre Evacuate Collection Set: 0.2ms
[2024-08-27T14:57:19.279+0000][info][gc,phases      ] GC(175)   Merge Heap Roots: 0.3ms
[2024-08-27T14:57:19.279+0000][info][gc,phases      ] GC(175)   Evacuate Collection Set: 9.3ms
[2024-08-27T14:57:19.279+0000][info][gc,phases      ] GC(175)   Post Evacuate Collection Set: 0.3ms
[2024-08-27T14:57:19.279+0000][info][gc,phases      ] GC(175)   Other: 0.6ms
[2024-08-27T14:57:19.279+0000][info][gc,heap        ] GC(175) Eden regions: 44->0(44)
[2024-08-27T14:57:19.279+0000][info][gc,heap        ] GC(175) Survivor regions: 7->7(7)
[2024-08-27T14:57:19.279+0000][info][gc,heap        ] GC(175) Old regions: 804->851
[2024-08-27T14:57:19.279+0000][info][gc,heap        ] GC(175) Archive regions: 2->2
[2024-08-27T14:57:19.279+0000][info][gc,heap        ] GC(175) Humongous regions: 5->5
[2024-08-27T14:57:19.279+0000][info][gc,metaspace   ] GC(175) Metaspace: 100K(320K)->100K(320K) NonClass: 96K(192K)->96K(192K) Class: 4K(128K)->4K(128K)
[2024-08-27T14:57:19.279+0000][info][gc             ] GC(175) Pause Young (Concurrent Start) (G1 Evacuation Pause) 852M->856M(1024M) 10.782ms
[2024-08-27T14:57:19.279+0000][info][gc,cpu         ] GC(175) User=0.23s Sys=0.00s Real=0.02s
[2024-08-27T14:57:19.279+0000][info][gc             ] GC(176) Concurrent Mark Cycle
[2024-08-27T14:57:19.279+0000][info][gc,marking     ] GC(176) Concurrent Clear Claimed Marks
[2024-08-27T14:57:19.279+0000][info][gc,marking     ] GC(176) Concurrent Clear Claimed Marks 0.013ms
[2024-08-27T14:57:19.279+0000][info][gc,marking     ] GC(176) Concurrent Scan Root Regions
[2024-08-27T14:57:19.281+0000][info][gc,marking     ] GC(176) Concurrent Scan Root Regions 1.462ms
[2024-08-27T14:57:19.281+0000][info][gc,marking     ] GC(176) Concurrent Mark
[2024-08-27T14:57:19.281+0000][info][gc,marking     ] GC(176) Concurrent Mark From Roots
[2024-08-27T14:57:19.281+0000][info][gc,task        ] GC(176) Using 17 workers of 17 for marking
[2024-08-27T14:57:19.302+0000][info][gc,marking     ] GC(176) Concurrent Mark From Roots 21.429ms
[2024-08-27T14:57:19.302+0000][info][gc,marking     ] GC(176) Concurrent Preclean
[2024-08-27T14:57:19.303+0000][info][gc,marking     ] GC(176) Concurrent Preclean 0.502ms
[2024-08-27T14:57:19.303+0000][info][gc,start       ] GC(176) Pause Remark
[2024-08-27T14:57:19.304+0000][info][gc             ] GC(176) Pause Remark 892M->892M(1024M) 1.229ms
[2024-08-27T14:57:19.304+0000][info][gc,cpu         ] GC(176) User=0.01s Sys=0.00s Real=0.00s
[2024-08-27T14:57:19.304+0000][info][gc,marking     ] GC(176) Concurrent Mark 23.506ms
[2024-08-27T14:57:19.304+0000][info][gc,marking     ] GC(176) Concurrent Rebuild Remembered Sets
[2024-08-27T14:57:19.309+0000][info][gc,start       ] GC(177) Pause Young (Normal) (G1 Evacuation Pause)
[2024-08-27T14:57:19.309+0000][info][gc,task        ] GC(177) Using 24 workers of 68 for evacuation
[2024-08-27T14:57:19.319+0000][info][gc,phases      ] GC(177)   Pre Evacuate Collection Set: 0.1ms
[2024-08-27T14:57:19.319+0000][info][gc,phases      ] GC(177)   Merge Heap Roots: 0.3ms
[2024-08-27T14:57:19.319+0000][info][gc,phases      ] GC(177)   Evacuate Collection Set: 8.9ms
[2024-08-27T14:57:19.319+0000][info][gc,phases      ] GC(177)   Post Evacuate Collection Set: 0.4ms
[2024-08-27T14:57:19.319+0000][info][gc,phases      ] GC(177)   Other: 0.2ms
[2024-08-27T14:57:19.319+0000][info][gc,heap        ] GC(177) Eden regions: 44->0(44)
[2024-08-27T14:57:19.319+0000][info][gc,heap        ] GC(177) Survivor regions: 7->7(7)
[2024-08-27T14:57:19.319+0000][info][gc,heap        ] GC(177) Old regions: 851->898
[2024-08-27T14:57:19.319+0000][info][gc,heap        ] GC(177) Archive regions: 2->2
[2024-08-27T14:57:19.319+0000][info][gc,heap        ] GC(177) Humongous regions: 5->5
[2024-08-27T14:57:19.319+0000][info][gc,metaspace   ] GC(177) Metaspace: 100K(320K)->100K(320K) NonClass: 96K(192K)->96K(192K) Class: 4K(128K)->4K(128K)
[2024-08-27T14:57:19.319+0000][info][gc             ] GC(177) Pause Young (Normal) (G1 Evacuation Pause) 900M->902M(1024M) 9.890ms
[2024-08-27T14:57:19.319+0000][info][gc,cpu         ] GC(177) User=0.22s Sys=0.00s Real=0.02s
[2024-08-27T14:57:19.339+0000][info][gc,start       ] GC(178) Pause Young (Normal) (G1 Evacuation Pause)
[2024-08-27T14:57:19.339+0000][info][gc,task        ] GC(178) Using 24 workers of 68 for evacuation
[2024-08-27T14:57:19.353+0000][info][gc,phases      ] GC(178)   Pre Evacuate Collection Set: 0.1ms
[2024-08-27T14:57:19.353+0000][info][gc,phases      ] GC(178)   Merge Heap Roots: 0.4ms
[2024-08-27T14:57:19.353+0000][info][gc,phases      ] GC(178)   Evacuate Collection Set: 12.8ms
[2024-08-27T14:57:19.353+0000][info][gc,phases      ] GC(178)   Post Evacuate Collection Set: 0.5ms
[2024-08-27T14:57:19.353+0000][info][gc,phases      ] GC(178)   Other: 0.2ms
[2024-08-27T14:57:19.353+0000][info][gc,heap        ] GC(178) Eden regions: 44->0(44)
[2024-08-27T14:57:19.353+0000][info][gc,heap        ] GC(178) Survivor regions: 7->7(7)
[2024-08-27T14:57:19.353+0000][info][gc,heap        ] GC(178) Old regions: 898->944
[2024-08-27T14:57:19.353+0000][info][gc,heap        ] GC(178) Archive regions: 2->2
[2024-08-27T14:57:19.353+0000][info][gc,heap        ] GC(178) Humongous regions: 5->5
[2024-08-27T14:57:19.353+0000][info][gc,metaspace   ] GC(178) Metaspace: 100K(320K)->100K(320K) NonClass: 96K(192K)->96K(192K) Class: 4K(128K)->4K(128K)
[2024-08-27T14:57:19.353+0000][info][gc             ] GC(178) Pause Young (Normal) (G1 Evacuation Pause) 946M->949M(1024M) 14.092ms
[2024-08-27T14:57:19.353+0000][info][gc,cpu         ] GC(178) User=0.32s Sys=0.00s Real=0.01s
[2024-08-27T14:57:19.367+0000][info][gc,start       ] GC(179) Pause Young (Normal) (G1 Preventive Collection)
[2024-08-27T14:57:19.367+0000][info][gc,task        ] GC(179) Using 24 workers of 68 for evacuation
[2024-08-27T14:57:19.381+0000][info][gc             ] GC(179) To-space exhausted
[2024-08-27T14:57:19.381+0000][info][gc,phases      ] GC(179)   Pre Evacuate Collection Set: 0.1ms
[2024-08-27T14:57:19.381+0000][info][gc,phases      ] GC(179)   Merge Heap Roots: 0.4ms
[2024-08-27T14:57:19.381+0000][info][gc,phases      ] GC(179)   Evacuate Collection Set: 12.4ms
[2024-08-27T14:57:19.381+0000][info][gc,phases      ] GC(179)   Post Evacuate Collection Set: 1.1ms
[2024-08-27T14:57:19.381+0000][info][gc,phases      ] GC(179)   Other: 0.2ms
[2024-08-27T14:57:19.381+0000][info][gc,heap        ] GC(179) Eden regions: 28->0(44)
[2024-08-27T14:57:19.381+0000][info][gc,heap        ] GC(179) Survivor regions: 7->7(7)
[2024-08-27T14:57:19.381+0000][info][gc,heap        ] GC(179) Old regions: 944->1006
[2024-08-27T14:57:19.381+0000][info][gc,heap        ] GC(179) Archive regions: 2->2
[2024-08-27T14:57:19.381+0000][info][gc,heap        ] GC(179) Humongous regions: 5->5
[2024-08-27T14:57:19.381+0000][info][gc,metaspace   ] GC(179) Metaspace: 100K(320K)->100K(320K) NonClass: 96K(192K)->96K(192K) Class: 4K(128K)->4K(128K)
[2024-08-27T14:57:19.381+0000][info][gc             ] GC(179) Pause Young (Normal) (G1 Preventive Collection) 977M->1011M(1024M) 14.349ms
[2024-08-27T14:57:19.381+0000][info][gc,cpu         ] GC(179) User=0.32s Sys=0.00s Real=0.02s
[2024-08-27T14:57:19.382+0000][info][gc,start       ] GC(180) Pause Young (Normal) (G1 Preventive Collection)
[2024-08-27T14:57:19.382+0000][info][gc,task        ] GC(180) Using 24 workers of 68 for evacuation
[2024-08-27T14:57:19.391+0000][info][gc             ] GC(180) To-space exhausted
[2024-08-27T14:57:19.391+0000][info][gc,phases      ] GC(180)   Pre Evacuate Collection Set: 0.1ms
[2024-08-27T14:57:19.391+0000][info][gc,phases      ] GC(180)   Merge Heap Roots: 0.3ms
[2024-08-27T14:57:19.391+0000][info][gc,phases      ] GC(180)   Evacuate Collection Set: 7.6ms
[2024-08-27T14:57:19.391+0000][info][gc,phases      ] GC(180)   Post Evacuate Collection Set: 0.9ms
[2024-08-27T14:57:19.391+0000][info][gc,phases      ] GC(180)   Other: 0.2ms
[2024-08-27T14:57:19.391+0000][info][gc,heap        ] GC(180) Eden regions: 1->0(51)
[2024-08-27T14:57:19.391+0000][info][gc,heap        ] GC(180) Survivor regions: 7->0(3)
[2024-08-27T14:57:19.391+0000][info][gc,heap        ] GC(180) Old regions: 1006->1017
[2024-08-27T14:57:19.391+0000][info][gc,heap        ] GC(180) Archive regions: 2->2
[2024-08-27T14:57:19.391+0000][info][gc,heap        ] GC(180) Humongous regions: 5->5
[2024-08-27T14:57:19.391+0000][info][gc,metaspace   ] GC(180) Metaspace: 100K(320K)->100K(320K) NonClass: 96K(192K)->96K(192K) Class: 4K(128K)->4K(128K)
[2024-08-27T14:57:19.391+0000][info][gc             ] GC(180) Pause Young (Normal) (G1 Preventive Collection) 1012M->1015M(1024M) 9.190ms
[2024-08-27T14:57:19.391+0000][info][gc,cpu         ] GC(180) User=0.20s Sys=0.00s Real=0.01s
[2024-08-27T14:57:19.391+0000][info][gc,ergo        ] Attempting full compaction
[2024-08-27T14:57:19.391+0000][info][gc,task        ] GC(181) Using 24 workers of 68 for full compaction
[2024-08-27T14:57:19.392+0000][info][gc,start       ] GC(181) Pause Full (G1 Compaction Pause)
[2024-08-27T14:57:19.392+0000][info][gc,phases,start] GC(181) Phase 1: Mark live objects
[2024-08-27T14:57:19.406+0000][info][gc,phases      ] GC(181) Phase 1: Mark live objects 13.913ms
[2024-08-27T14:57:19.406+0000][info][gc,phases,start] GC(181) Phase 2: Prepare for compaction
[2024-08-27T14:57:19.413+0000][info][gc,phases      ] GC(181) Phase 2: Prepare for compaction 7.030ms
[2024-08-27T14:57:19.413+0000][info][gc,phases,start] GC(181) Phase 3: Adjust pointers
[2024-08-27T14:57:19.426+0000][info][gc,phases      ] GC(181) Phase 3: Adjust pointers 13.272ms
[2024-08-27T14:57:19.426+0000][info][gc,phases,start] GC(181) Phase 4: Compact heap
[2024-08-27T14:57:19.452+0000][info][gc,phases      ] GC(181) Phase 4: Compact heap 25.050ms
[2024-08-27T14:57:19.453+0000][info][gc,heap        ] GC(181) Eden regions: 0->0(150)
[2024-08-27T14:57:19.453+0000][info][gc,heap        ] GC(181) Survivor regions: 0->0(3)
[2024-08-27T14:57:19.453+0000][info][gc,heap        ] GC(181) Old regions: 1017->444
[2024-08-27T14:57:19.453+0000][info][gc,heap        ] GC(181) Archive regions: 2->2
[2024-08-27T14:57:19.453+0000][info][gc,heap        ] GC(181) Humongous regions: 5->5
[2024-08-27T14:57:19.453+0000][info][gc,metaspace   ] GC(181) Metaspace: 100K(320K)->100K(320K) NonClass: 96K(192K)->96K(192K) Class: 4K(128K)->4K(128K)
[2024-08-27T14:57:19.453+0000][info][gc             ] GC(181) Pause Full (G1 Compaction Pause) 1015M->437M(1024M) 61.322ms
[2024-08-27T14:57:19.453+0000][info][gc,cpu         ] GC(181) User=1.31s Sys=0.00s Real=0.06s
[2024-08-27T14:57:19.453+0000][info][gc,marking     ] GC(176) Concurrent Rebuild Remembered Sets 149.037ms
[2024-08-27T14:57:19.453+0000][info][gc,marking     ] GC(176) Concurrent Mark Abort
[2024-08-27T14:57:19.453+0000][info][gc             ] GC(176) Concurrent Mark Cycle 174.207ms
[2024-08-27T14:57:19.527+0000][info][gc,start       ] GC(182) Pause Young (Normal) (G1 Evacuation Pause)
[2024-08-27T14:57:19.527+0000][info][gc,task        ] GC(182) Using 24 workers of 68 for evacuation
[2024-08-27T14:57:19.548+0000][info][gc,phases      ] GC(182)   Pre Evacuate Collection Set: 0.2ms
[2024-08-27T14:57:19.548+0000][info][gc,phases      ] GC(182)   Merge Heap Roots: 0.4ms
[2024-08-27T14:57:19.548+0000][info][gc,phases      ] GC(182)   Evacuate Collection Set: 20.0ms
[2024-08-27T14:57:19.548+0000][info][gc,phases      ] GC(182)   Post Evacuate Collection Set: 0.3ms
[2024-08-27T14:57:19.548+0000][info][gc,phases      ] GC(182)   Other: 0.2ms
[2024-08-27T14:57:19.548+0000][info][gc,heap        ] GC(182) Eden regions: 150->0(103)
[2024-08-27T14:57:19.548+0000][info][gc,heap        ] GC(182) Survivor regions: 0->19(19)
[2024-08-27T14:57:19.548+0000][info][gc,heap        ] GC(182) Old regions: 444->571
[2024-08-27T14:57:19.548+0000][info][gc,heap        ] GC(182) Archive regions: 2->2
[2024-08-27T14:57:19.548+0000][info][gc,heap        ] GC(182) Humongous regions: 5->5
[2024-08-27T14:57:19.548+0000][info][gc,metaspace   ] GC(182) Metaspace: 100K(320K)->100K(320K) NonClass: 96K(192K)->96K(192K) Class: 4K(128K)->4K(128K)
[2024-08-27T14:57:19.548+0000][info][gc             ] GC(182) Pause Young (Normal) (G1 Evacuation Pause) 587M->582M(1024M) 21.169ms
[2024-08-27T14:57:19.548+0000][info][gc,cpu         ] GC(182) User=0.49s Sys=0.00s Real=0.02s
[2024-08-27T14:57:19.595+0000][info][gc,start       ] GC(183) Pause Young (Concurrent Start) (G1 Evacuation Pause)
[2024-08-27T14:57:19.595+0000][info][gc,task        ] GC(183) Using 24 workers of 68 for evacuation
[2024-08-27T14:57:19.614+0000][info][gc,phases      ] GC(183)   Pre Evacuate Collection Set: 0.2ms
[2024-08-27T14:57:19.614+0000][info][gc,phases      ] GC(183)   Merge Heap Roots: 0.3ms
[2024-08-27T14:57:19.614+0000][info][gc,phases      ] GC(183)   Evacuate Collection Set: 17.6ms
[2024-08-27T14:57:19.614+0000][info][gc,phases      ] GC(183)   Post Evacuate Collection Set: 0.3ms
[2024-08-27T14:57:19.614+0000][info][gc,phases      ] GC(183)   Other: 0.6ms
[2024-08-27T14:57:19.614+0000][info][gc,heap        ] GC(183) Eden regions: 103->0(69)
[2024-08-27T14:57:19.614+0000][info][gc,heap        ] GC(183) Survivor regions: 19->16(16)
[2024-08-27T14:57:19.614+0000][info][gc,heap        ] GC(183) Old regions: 571->678
[2024-08-27T14:57:19.614+0000][info][gc,heap        ] GC(183) Archive regions: 2->2
[2024-08-27T14:57:19.614+0000][info][gc,heap        ] GC(183) Humongous regions: 5->5
[2024-08-27T14:57:19.614+0000][info][gc,metaspace   ] GC(183) Metaspace: 100K(320K)->100K(320K) NonClass: 96K(192K)->96K(192K) Class: 4K(128K)->4K(128K)
[2024-08-27T14:57:19.614+0000][info][gc             ] GC(183) Pause Young (Concurrent Start) (G1 Evacuation Pause) 685M->687M(1024M) 19.086ms
[2024-08-27T14:57:19.614+0000][info][gc,cpu         ] GC(183) User=0.42s Sys=0.01s Real=0.02s
[2024-08-27T14:57:19.614+0000][info][gc             ] GC(184) Concurrent Mark Cycle
[2024-08-27T14:57:19.614+0000][info][gc,marking     ] GC(184) Concurrent Clear Claimed Marks
[2024-08-27T14:57:19.614+0000][info][gc,marking     ] GC(184) Concurrent Clear Claimed Marks 0.011ms
[2024-08-27T14:57:19.614+0000][info][gc,marking     ] GC(184) Concurrent Scan Root Regions
[2024-08-27T14:57:19.617+0000][info][gc,marking     ] GC(184) Concurrent Scan Root Regions 3.220ms
[2024-08-27T14:57:19.617+0000][info][gc,marking     ] GC(184) Concurrent Mark
[2024-08-27T14:57:19.617+0000][info][gc,marking     ] GC(184) Concurrent Mark From Roots
[2024-08-27T14:57:19.617+0000][info][gc,task        ] GC(184) Using 17 workers of 17 for marking
[2024-08-27T14:57:19.637+0000][info][gc,marking     ] GC(184) Concurrent Mark From Roots 19.670ms
[2024-08-27T14:57:19.637+0000][info][gc,marking     ] GC(184) Concurrent Preclean
[2024-08-27T14:57:19.637+0000][info][gc,marking     ] GC(184) Concurrent Preclean 0.500ms
[2024-08-27T14:57:19.638+0000][info][gc,start       ] GC(184) Pause Remark
[2024-08-27T14:57:19.639+0000][info][gc             ] GC(184) Pause Remark 724M->724M(1024M) 1.014ms
[2024-08-27T14:57:19.639+0000][info][gc,cpu         ] GC(184) User=0.00s Sys=0.00s Real=0.00s
[2024-08-27T14:57:19.639+0000][info][gc,marking     ] GC(184) Concurrent Mark 21.547ms
[2024-08-27T14:57:19.639+0000][info][gc,marking     ] GC(184) Concurrent Rebuild Remembered Sets
[2024-08-27T14:57:19.653+0000][info][gc,marking     ] GC(184) Concurrent Rebuild Remembered Sets 14.650ms
[2024-08-27T14:57:19.654+0000][info][gc,start       ] GC(184) Pause Cleanup
[2024-08-27T14:57:19.655+0000][info][gc             ] GC(184) Pause Cleanup 750M->750M(1024M) 0.957ms
[2024-08-27T14:57:19.655+0000][info][gc,cpu         ] GC(184) User=0.01s Sys=0.00s Real=0.00s
[2024-08-27T14:57:19.655+0000][info][gc,marking     ] GC(184) Concurrent Cleanup for Next Mark
[2024-08-27T14:57:19.655+0000][info][gc,marking     ] GC(184) Concurrent Cleanup for Next Mark 0.527ms
[2024-08-27T14:57:19.655+0000][info][gc             ] GC(184) Concurrent Mark Cycle 41.480ms
[2024-08-27T14:57:19.658+0000][info][gc,start       ] GC(185) Pause Young (Prepare Mixed) (G1 Evacuation Pause)
[2024-08-27T14:57:19.658+0000][info][gc,task        ] GC(185) Using 24 workers of 68 for evacuation
[2024-08-27T14:57:19.673+0000][info][gc,phases      ] GC(185)   Pre Evacuate Collection Set: 0.2ms
[2024-08-27T14:57:19.673+0000][info][gc,phases      ] GC(185)   Merge Heap Roots: 0.4ms
[2024-08-27T14:57:19.673+0000][info][gc,phases      ] GC(185)   Evacuate Collection Set: 13.6ms
[2024-08-27T14:57:19.673+0000][info][gc,phases      ] GC(185)   Post Evacuate Collection Set: 0.3ms
[2024-08-27T14:57:19.673+0000][info][gc,phases      ] GC(185)   Other: 0.2ms
[2024-08-27T14:57:19.673+0000][info][gc,heap        ] GC(185) Eden regions: 69->0(40)
[2024-08-27T14:57:19.673+0000][info][gc,heap        ] GC(185) Survivor regions: 16->11(11)
[2024-08-27T14:57:19.673+0000][info][gc,heap        ] GC(185) Old regions: 678->756
[2024-08-27T14:57:19.673+0000][info][gc,heap        ] GC(185) Archive regions: 2->2
[2024-08-27T14:57:19.673+0000][info][gc,heap        ] GC(185) Humongous regions: 5->5
[2024-08-27T14:57:19.673+0000][info][gc,metaspace   ] GC(185) Metaspace: 100K(320K)->100K(320K) NonClass: 96K(192K)->96K(192K) Class: 4K(128K)->4K(128K)
[2024-08-27T14:57:19.673+0000][info][gc             ] GC(185) Pause Young (Prepare Mixed) (G1 Evacuation Pause) 756M->760M(1024M) 14.646ms
[2024-08-27T14:57:19.673+0000][info][gc,cpu         ] GC(185) User=0.33s Sys=0.00s Real=0.01s
[2024-08-27T14:57:19.691+0000][info][gc,start       ] GC(186) Pause Young (Mixed) (G1 Evacuation Pause)
[2024-08-27T14:57:19.691+0000][info][gc,task        ] GC(186) Using 24 workers of 68 for evacuation
[2024-08-27T14:57:19.704+0000][info][gc,phases      ] GC(186)   Pre Evacuate Collection Set: 0.2ms
[2024-08-27T14:57:19.704+0000][info][gc,phases      ] GC(186)   Merge Heap Roots: 0.4ms
[2024-08-27T14:57:19.704+0000][info][gc,phases      ] GC(186)   Evacuate Collection Set: 11.6ms
[2024-08-27T14:57:19.704+0000][info][gc,phases      ] GC(186)   Post Evacuate Collection Set: 0.3ms
[2024-08-27T14:57:19.704+0000][info][gc,phases      ] GC(186)   Other: 0.2ms
[2024-08-27T14:57:19.704+0000][info][gc,heap        ] GC(186) Eden regions: 40->0(44)
[2024-08-27T14:57:19.704+0000][info][gc,heap        ] GC(186) Survivor regions: 11->7(7)
[2024-08-27T14:57:19.704+0000][info][gc,heap        ] GC(186) Old regions: 756->702
[2024-08-27T14:57:19.704+0000][info][gc,heap        ] GC(186) Archive regions: 2->2
[2024-08-27T14:57:19.704+0000][info][gc,heap        ] GC(186) Humongous regions: 5->5
[2024-08-27T14:57:19.704+0000][info][gc,metaspace   ] GC(186) Metaspace: 100K(320K)->100K(320K) NonClass: 96K(192K)->96K(192K) Class: 4K(128K)->4K(128K)
[2024-08-27T14:57:19.704+0000][info][gc             ] GC(186) Pause Young (Mixed) (G1 Evacuation Pause) 800M->702M(1024M) 12.727ms
[2024-08-27T14:57:19.704+0000][info][gc,cpu         ] GC(186) User=0.29s Sys=0.00s Real=0.01s
[2024-08-27T14:57:19.724+0000][info][gc,start       ] GC(187) Pause Young (Mixed) (G1 Evacuation Pause)
[2024-08-27T14:57:19.724+0000][info][gc,task        ] GC(187) Using 24 workers of 68 for evacuation
[2024-08-27T14:57:19.736+0000][info][gc,phases      ] GC(187)   Pre Evacuate Collection Set: 0.2ms
[2024-08-27T14:57:19.736+0000][info][gc,phases      ] GC(187)   Merge Heap Roots: 0.4ms
[2024-08-27T14:57:19.736+0000][info][gc,phases      ] GC(187)   Evacuate Collection Set: 10.9ms
[2024-08-27T14:57:19.736+0000][info][gc,phases      ] GC(187)   Post Evacuate Collection Set: 0.4ms
[2024-08-27T14:57:19.736+0000][info][gc,phases      ] GC(187)   Other: 0.2ms
[2024-08-27T14:57:19.736+0000][info][gc,heap        ] GC(187) Eden regions: 44->0(77)
[2024-08-27T14:57:19.736+0000][info][gc,heap        ] GC(187) Survivor regions: 7->7(7)
[2024-08-27T14:57:19.736+0000][info][gc,heap        ] GC(187) Old regions: 702->663
[2024-08-27T14:57:19.736+0000][info][gc,heap        ] GC(187) Archive regions: 2->2
[2024-08-27T14:57:19.736+0000][info][gc,heap        ] GC(187) Humongous regions: 5->5
[2024-08-27T14:57:19.736+0000][info][gc,metaspace   ] GC(187) Metaspace: 100K(320K)->100K(320K) NonClass: 96K(192K)->96K(192K) Class: 4K(128K)->4K(128K)
[2024-08-27T14:57:19.736+0000][info][gc             ] GC(187) Pause Young (Mixed) (G1 Evacuation Pause) 746M->664M(1024M) 12.166ms
[2024-08-27T14:57:19.736+0000][info][gc,cpu         ] GC(187) User=0.27s Sys=0.00s Real=0.01s
[2024-08-27T14:57:19.770+0000][info][gc,start       ] GC(188) Pause Young (Concurrent Start) (G1 Evacuation Pause)
[2024-08-27T14:57:19.770+0000][info][gc,task        ] GC(188) Using 24 workers of 68 for evacuation
[2024-08-27T14:57:19.785+0000][info][gc,phases      ] GC(188)   Pre Evacuate Collection Set: 0.2ms
[2024-08-27T14:57:19.785+0000][info][gc,phases      ] GC(188)   Merge Heap Roots: 0.4ms
[2024-08-27T14:57:19.785+0000][info][gc,phases      ] GC(188)   Evacuate Collection Set: 13.8ms
[2024-08-27T14:57:19.785+0000][info][gc,phases      ] GC(188)   Post Evacuate Collection Set: 0.3ms
[2024-08-27T14:57:19.785+0000][info][gc,phases      ] GC(188)   Other: 0.7ms
[2024-08-27T14:57:19.785+0000][info][gc,heap        ] GC(188) Eden regions: 77->0(52)
[2024-08-27T14:57:19.785+0000][info][gc,heap        ] GC(188) Survivor regions: 7->11(11)
[2024-08-27T14:57:19.785+0000][info][gc,heap        ] GC(188) Old regions: 663->738
[2024-08-27T14:57:19.785+0000][info][gc,heap        ] GC(188) Archive regions: 2->2
[2024-08-27T14:57:19.785+0000][info][gc,heap        ] GC(188) Humongous regions: 5->5
[2024-08-27T14:57:19.785+0000][info][gc,metaspace   ] GC(188) Metaspace: 100K(320K)->100K(320K) NonClass: 96K(192K)->96K(192K) Class: 4K(128K)->4K(128K)
[2024-08-27T14:57:19.785+0000][info][gc             ] GC(188) Pause Young (Concurrent Start) (G1 Evacuation Pause) 741M->742M(1024M) 15.461ms
[2024-08-27T14:57:19.785+0000][info][gc,cpu         ] GC(188) User=0.34s Sys=0.01s Real=0.01s
[2024-08-27T14:57:19.785+0000][info][gc             ] GC(189) Concurrent Mark Cycle
[2024-08-27T14:57:19.785+0000][info][gc,marking     ] GC(189) Concurrent Clear Claimed Marks
[2024-08-27T14:57:19.785+0000][info][gc,marking     ] GC(189) Concurrent Clear Claimed Marks 0.010ms
[2024-08-27T14:57:19.785+0000][info][gc,marking     ] GC(189) Concurrent Scan Root Regions
[2024-08-27T14:57:19.788+0000][info][gc,marking     ] GC(189) Concurrent Scan Root Regions 2.178ms
[2024-08-27T14:57:19.788+0000][info][gc,marking     ] GC(189) Concurrent Mark
[2024-08-27T14:57:19.788+0000][info][gc,marking     ] GC(189) Concurrent Mark From Roots
[2024-08-27T14:57:19.788+0000][info][gc,task        ] GC(189) Using 17 workers of 17 for marking
[2024-08-27T14:57:19.807+0000][info][gc,marking     ] GC(189) Concurrent Mark From Roots 19.477ms
[2024-08-27T14:57:19.807+0000][info][gc,marking     ] GC(189) Concurrent Preclean
[2024-08-27T14:57:19.810+0000][info][gc,marking     ] GC(189) Concurrent Preclean 2.718ms
[2024-08-27T14:57:19.810+0000][info][gc,start       ] GC(189) Pause Remark
[2024-08-27T14:57:19.811+0000][info][gc             ] GC(189) Pause Remark 781M->781M(1024M) 1.072ms
[2024-08-27T14:57:19.811+0000][info][gc,cpu         ] GC(189) User=0.00s Sys=0.00s Real=0.00s
[2024-08-27T14:57:19.811+0000][info][gc,marking     ] GC(189) Concurrent Mark 23.732ms
[2024-08-27T14:57:19.811+0000][info][gc,marking     ] GC(189) Concurrent Rebuild Remembered Sets
[2024-08-27T14:57:19.818+0000][info][gc,start       ] GC(190) Pause Young (Normal) (G1 Evacuation Pause)
[2024-08-27T14:57:19.818+0000][info][gc,task        ] GC(190) Using 24 workers of 68 for evacuation
[2024-08-27T14:57:19.830+0000][info][gc,phases      ] GC(190)   Pre Evacuate Collection Set: 0.1ms
[2024-08-27T14:57:19.830+0000][info][gc,phases      ] GC(190)   Merge Heap Roots: 0.2ms
[2024-08-27T14:57:19.830+0000][info][gc,phases      ] GC(190)   Evacuate Collection Set: 10.7ms
[2024-08-27T14:57:19.830+0000][info][gc,phases      ] GC(190)   Post Evacuate Collection Set: 0.4ms
[2024-08-27T14:57:19.830+0000][info][gc,phases      ] GC(190)   Other: 0.2ms
[2024-08-27T14:57:19.830+0000][info][gc,heap        ] GC(190) Eden regions: 52->0(43)
[2024-08-27T14:57:19.830+0000][info][gc,heap        ] GC(190) Survivor regions: 11->8(8)
[2024-08-27T14:57:19.830+0000][info][gc,heap        ] GC(190) Old regions: 738->797
[2024-08-27T14:57:19.830+0000][info][gc,heap        ] GC(190) Archive regions: 2->2
[2024-08-27T14:57:19.830+0000][info][gc,heap        ] GC(190) Humongous regions: 5->5
[2024-08-27T14:57:19.830+0000][info][gc,metaspace   ] GC(190) Metaspace: 100K(320K)->100K(320K) NonClass: 96K(192K)->96K(192K) Class: 4K(128K)->4K(128K)
[2024-08-27T14:57:19.830+0000][info][gc             ] GC(190) Pause Young (Normal) (G1 Evacuation Pause) 794M->799M(1024M) 11.753ms
[2024-08-27T14:57:19.830+0000][info][gc,cpu         ] GC(190) User=0.26s Sys=0.00s Real=0.01s
[2024-08-27T14:57:19.851+0000][info][gc,start       ] GC(191) Pause Young (Normal) (G1 Evacuation Pause)
[2024-08-27T14:57:19.851+0000][info][gc,task        ] GC(191) Using 24 workers of 68 for evacuation
[2024-08-27T14:57:19.867+0000][info][gc,phases      ] GC(191)   Pre Evacuate Collection Set: 0.1ms
[2024-08-27T14:57:19.867+0000][info][gc,phases      ] GC(191)   Merge Heap Roots: 0.4ms
[2024-08-27T14:57:19.867+0000][info][gc,phases      ] GC(191)   Evacuate Collection Set: 14.6ms
[2024-08-27T14:57:19.867+0000][info][gc,phases      ] GC(191)   Post Evacuate Collection Set: 0.5ms
[2024-08-27T14:57:19.867+0000][info][gc,phases      ] GC(191)   Other: 0.2ms
[2024-08-27T14:57:19.867+0000][info][gc,heap        ] GC(191) Eden regions: 43->0(44)
[2024-08-27T14:57:19.867+0000][info][gc,heap        ] GC(191) Survivor regions: 8->7(7)
[2024-08-27T14:57:19.867+0000][info][gc,heap        ] GC(191) Old regions: 797->845
[2024-08-27T14:57:19.867+0000][info][gc,heap        ] GC(191) Archive regions: 2->2
[2024-08-27T14:57:19.867+0000][info][gc,heap        ] GC(191) Humongous regions: 5->5
[2024-08-27T14:57:19.867+0000][info][gc,metaspace   ] GC(191) Metaspace: 100K(320K)->100K(320K) NonClass: 96K(192K)->96K(192K) Class: 4K(128K)->4K(128K)
[2024-08-27T14:57:19.867+0000][info][gc             ] GC(191) Pause Young (Normal) (G1 Evacuation Pause) 842M->846M(1024M) 15.971ms
[2024-08-27T14:57:19.867+0000][info][gc,cpu         ] GC(191) User=0.37s Sys=0.00s Real=0.01s
[2024-08-27T14:57:19.888+0000][info][gc,start       ] GC(192) Pause Young (Normal) (G1 Evacuation Pause)
[2024-08-27T14:57:19.888+0000][info][gc,task        ] GC(192) Using 24 workers of 68 for evacuation
[2024-08-27T14:57:19.903+0000][info][gc,phases      ] GC(192)   Pre Evacuate Collection Set: 0.1ms
[2024-08-27T14:57:19.903+0000][info][gc,phases      ] GC(192)   Merge Heap Roots: 0.4ms
[2024-08-27T14:57:19.903+0000][info][gc,phases      ] GC(192)   Evacuate Collection Set: 13.7ms
[2024-08-27T14:57:19.903+0000][info][gc,phases      ] GC(192)   Post Evacuate Collection Set: 0.6ms
[2024-08-27T14:57:19.903+0000][info][gc,phases      ] GC(192)   Other: 0.2ms
[2024-08-27T14:57:19.903+0000][info][gc,heap        ] GC(192) Eden regions: 44->0(44)
[2024-08-27T14:57:19.903+0000][info][gc,heap        ] GC(192) Survivor regions: 7->7(7)
[2024-08-27T14:57:19.903+0000][info][gc,heap        ] GC(192) Old regions: 845->893
[2024-08-27T14:57:19.903+0000][info][gc,heap        ] GC(192) Archive regions: 2->2
[2024-08-27T14:57:19.903+0000][info][gc,heap        ] GC(192) Humongous regions: 5->5
[2024-08-27T14:57:19.903+0000][info][gc,metaspace   ] GC(192) Metaspace: 100K(320K)->100K(320K) NonClass: 96K(192K)->96K(192K) Class: 4K(128K)->4K(128K)
[2024-08-27T14:57:19.903+0000][info][gc             ] GC(192) Pause Young (Normal) (G1 Evacuation Pause) 890M->893M(1024M) 15.069ms
[2024-08-27T14:57:19.903+0000][info][gc,cpu         ] GC(192) User=0.34s Sys=0.00s Real=0.02s
[2024-08-27T14:57:19.920+0000][info][gc,marking     ] GC(189) Concurrent Rebuild Remembered Sets 108.943ms
[2024-08-27T14:57:19.920+0000][info][gc,start       ] GC(189) Pause Cleanup
[2024-08-27T14:57:19.921+0000][info][gc             ] GC(189) Pause Cleanup 929M->929M(1024M) 0.960ms
[2024-08-27T14:57:19.921+0000][info][gc,cpu         ] GC(189) User=0.00s Sys=0.00s Real=0.00s
[2024-08-27T14:57:19.922+0000][info][gc,marking     ] GC(189) Concurrent Cleanup for Next Mark
[2024-08-27T14:57:19.922+0000][info][gc,marking     ] GC(189) Concurrent Cleanup for Next Mark 0.556ms
[2024-08-27T14:57:19.922+0000][info][gc             ] GC(189) Concurrent Mark Cycle 136.821ms
[2024-08-27T14:57:19.926+0000][info][gc,start       ] GC(193) Pause Young (Prepare Mixed) (G1 Evacuation Pause)
[2024-08-27T14:57:19.926+0000][info][gc,task        ] GC(193) Using 24 workers of 68 for evacuation
[2024-08-27T14:57:19.943+0000][info][gc,phases      ] GC(193)   Pre Evacuate Collection Set: 0.1ms
[2024-08-27T14:57:19.943+0000][info][gc,phases      ] GC(193)   Merge Heap Roots: 0.7ms
[2024-08-27T14:57:19.943+0000][info][gc,phases      ] GC(193)   Evacuate Collection Set: 15.3ms
[2024-08-27T14:57:19.943+0000][info][gc,phases      ] GC(193)   Post Evacuate Collection Set: 0.3ms
[2024-08-27T14:57:19.943+0000][info][gc,phases      ] GC(193)   Other: 0.2ms
[2024-08-27T14:57:19.943+0000][info][gc,heap        ] GC(193) Eden regions: 44->0(44)
[2024-08-27T14:57:19.943+0000][info][gc,heap        ] GC(193) Survivor regions: 7->7(7)
[2024-08-27T14:57:19.943+0000][info][gc,heap        ] GC(193) Old regions: 893->939
[2024-08-27T14:57:19.943+0000][info][gc,heap        ] GC(193) Archive regions: 2->2
[2024-08-27T14:57:19.943+0000][info][gc,heap        ] GC(193) Humongous regions: 5->5
[2024-08-27T14:57:19.943+0000][info][gc,metaspace   ] GC(193) Metaspace: 100K(320K)->100K(320K) NonClass: 96K(192K)->96K(192K) Class: 4K(128K)->4K(128K)
[2024-08-27T14:57:19.943+0000][info][gc             ] GC(193) Pause Young (Prepare Mixed) (G1 Evacuation Pause) 937M->940M(1024M) 16.584ms
[2024-08-27T14:57:19.943+0000][info][gc,cpu         ] GC(193) User=0.38s Sys=0.00s Real=0.02s
[2024-08-27T14:57:19.957+0000][info][gc,start       ] GC(194) Pause Young (Mixed) (G1 Preventive Collection)
[2024-08-27T14:57:19.958+0000][info][gc,task        ] GC(194) Using 24 workers of 68 for evacuation
[2024-08-27T14:57:19.966+0000][info][gc,phases      ] GC(194)   Pre Evacuate Collection Set: 0.2ms
[2024-08-27T14:57:19.966+0000][info][gc,phases      ] GC(194)   Merge Heap Roots: 0.3ms
[2024-08-27T14:57:19.966+0000][info][gc,phases      ] GC(194)   Evacuate Collection Set: 7.6ms
[2024-08-27T14:57:19.966+0000][info][gc,phases      ] GC(194)   Post Evacuate Collection Set: 0.3ms
[2024-08-27T14:57:19.966+0000][info][gc,phases      ] GC(194)   Other: 0.2ms
[2024-08-27T14:57:19.966+0000][info][gc,heap        ] GC(194) Eden regions: 30->0(44)
[2024-08-27T14:57:19.966+0000][info][gc,heap        ] GC(194) Survivor regions: 7->7(7)
[2024-08-27T14:57:19.966+0000][info][gc,heap        ] GC(194) Old regions: 939->869
[2024-08-27T14:57:19.966+0000][info][gc,heap        ] GC(194) Archive regions: 2->2
[2024-08-27T14:57:19.966+0000][info][gc,heap        ] GC(194) Humongous regions: 5->5
[2024-08-27T14:57:19.966+0000][info][gc,metaspace   ] GC(194) Metaspace: 100K(320K)->100K(320K) NonClass: 96K(192K)->96K(192K) Class: 4K(128K)->4K(128K)
[2024-08-27T14:57:19.966+0000][info][gc             ] GC(194) Pause Young (Mixed) (G1 Preventive Collection) 970M->879M(1024M) 8.758ms
[2024-08-27T14:57:19.966+0000][info][gc,cpu         ] GC(194) User=0.19s Sys=0.00s Real=0.01s
[2024-08-27T14:57:19.986+0000][info][gc,start       ] GC(195) Pause Young (Mixed) (G1 Evacuation Pause)
[2024-08-27T14:57:19.986+0000][info][gc,task        ] GC(195) Using 24 workers of 68 for evacuation
[2024-08-27T14:57:19.997+0000][info][gc,phases      ] GC(195)   Pre Evacuate Collection Set: 0.2ms
[2024-08-27T14:57:19.997+0000][info][gc,phases      ] GC(195)   Merge Heap Roots: 0.4ms
[2024-08-27T14:57:19.997+0000][info][gc,phases      ] GC(195)   Evacuate Collection Set: 9.4ms
[2024-08-27T14:57:19.997+0000][info][gc,phases      ] GC(195)   Post Evacuate Collection Set: 0.4ms
[2024-08-27T14:57:19.997+0000][info][gc,phases      ] GC(195)   Other: 0.2ms
[2024-08-27T14:57:19.997+0000][info][gc,heap        ] GC(195) Eden regions: 44->0(44)
[2024-08-27T14:57:19.997+0000][info][gc,heap        ] GC(195) Survivor regions: 7->7(7)
[2024-08-27T14:57:19.997+0000][info][gc,heap        ] GC(195) Old regions: 869->811
[2024-08-27T14:57:19.997+0000][info][gc,heap        ] GC(195) Archive regions: 2->2
[2024-08-27T14:57:19.997+0000][info][gc,heap        ] GC(195) Humongous regions: 5->5
[2024-08-27T14:57:19.997+0000][info][gc,metaspace   ] GC(195) Metaspace: 100K(320K)->100K(320K) NonClass: 96K(192K)->96K(192K) Class: 4K(128K)->4K(128K)
[2024-08-27T14:57:19.997+0000][info][gc             ] GC(195) Pause Young (Mixed) (G1 Evacuation Pause) 923M->822M(1024M) 10.707ms
[2024-08-27T14:57:19.997+0000][info][gc,cpu         ] GC(195) User=0.23s Sys=0.00s Real=0.01s
[2024-08-27T14:57:20.017+0000][info][gc,start       ] GC(196) Pause Young (Mixed) (G1 Evacuation Pause)
[2024-08-27T14:57:20.017+0000][info][gc,task        ] GC(196) Using 24 workers of 68 for evacuation
[2024-08-27T14:57:20.027+0000][info][gc,phases      ] GC(196)   Pre Evacuate Collection Set: 0.2ms
[2024-08-27T14:57:20.027+0000][info][gc,phases      ] GC(196)   Merge Heap Roots: 0.3ms
[2024-08-27T14:57:20.027+0000][info][gc,phases      ] GC(196)   Evacuate Collection Set: 9.2ms
[2024-08-27T14:57:20.027+0000][info][gc,phases      ] GC(196)   Post Evacuate Collection Set: 0.3ms
[2024-08-27T14:57:20.027+0000][info][gc,phases      ] GC(196)   Other: 0.2ms
[2024-08-27T14:57:20.027+0000][info][gc,heap        ] GC(196) Eden regions: 44->0(44)
[2024-08-27T14:57:20.027+0000][info][gc,heap        ] GC(196) Survivor regions: 7->7(7)
[2024-08-27T14:57:20.027+0000][info][gc,heap        ] GC(196) Old regions: 811->839
[2024-08-27T14:57:20.027+0000][info][gc,heap        ] GC(196) Archive regions: 2->2
[2024-08-27T14:57:20.027+0000][info][gc,heap        ] GC(196) Humongous regions: 5->5
[2024-08-27T14:57:20.027+0000][info][gc,metaspace   ] GC(196) Metaspace: 100K(320K)->100K(320K) NonClass: 96K(192K)->96K(192K) Class: 4K(128K)->4K(128K)
[2024-08-27T14:57:20.028+0000][info][gc             ] GC(196) Pause Young (Mixed) (G1 Evacuation Pause) 866M->851M(1024M) 10.381ms
[2024-08-27T14:57:20.028+0000][info][gc,cpu         ] GC(196) User=0.22s Sys=0.01s Real=0.01s
[2024-08-27T14:57:20.047+0000][info][gc,start       ] GC(197) Pause Young (Concurrent Start) (G1 Evacuation Pause)
[2024-08-27T14:57:20.047+0000][info][gc,task        ] GC(197) Using 24 workers of 68 for evacuation
[2024-08-27T14:57:20.058+0000][info][gc,phases      ] GC(197)   Pre Evacuate Collection Set: 0.2ms
[2024-08-27T14:57:20.058+0000][info][gc,phases      ] GC(197)   Merge Heap Roots: 0.4ms
[2024-08-27T14:57:20.058+0000][info][gc,phases      ] GC(197)   Evacuate Collection Set: 9.2ms
[2024-08-27T14:57:20.058+0000][info][gc,phases      ] GC(197)   Post Evacuate Collection Set: 0.3ms
[2024-08-27T14:57:20.058+0000][info][gc,phases      ] GC(197)   Other: 0.7ms
[2024-08-27T14:57:20.058+0000][info][gc,heap        ] GC(197) Eden regions: 44->0(44)
[2024-08-27T14:57:20.058+0000][info][gc,heap        ] GC(197) Survivor regions: 7->7(7)
[2024-08-27T14:57:20.058+0000][info][gc,heap        ] GC(197) Old regions: 839->885
[2024-08-27T14:57:20.058+0000][info][gc,heap        ] GC(197) Archive regions: 2->2
[2024-08-27T14:57:20.058+0000][info][gc,heap        ] GC(197) Humongous regions: 5->5
[2024-08-27T14:57:20.058+0000][info][gc,metaspace   ] GC(197) Metaspace: 100K(320K)->100K(320K) NonClass: 96K(192K)->96K(192K) Class: 4K(128K)->4K(128K)
[2024-08-27T14:57:20.058+0000][info][gc             ] GC(197) Pause Young (Concurrent Start) (G1 Evacuation Pause) 895M->897M(1024M) 10.945ms
[2024-08-27T14:57:20.058+0000][info][gc,cpu         ] GC(197) User=0.23s Sys=0.00s Real=0.02s
[2024-08-27T14:57:20.058+0000][info][gc             ] GC(198) Concurrent Mark Cycle
[2024-08-27T14:57:20.058+0000][info][gc,marking     ] GC(198) Concurrent Clear Claimed Marks
[2024-08-27T14:57:20.058+0000][info][gc,marking     ] GC(198) Concurrent Clear Claimed Marks 0.010ms
[2024-08-27T14:57:20.058+0000][info][gc,marking     ] GC(198) Concurrent Scan Root Regions
[2024-08-27T14:57:20.060+0000][info][gc,marking     ] GC(198) Concurrent Scan Root Regions 1.483ms
[2024-08-27T14:57:20.060+0000][info][gc,marking     ] GC(198) Concurrent Mark
[2024-08-27T14:57:20.060+0000][info][gc,marking     ] GC(198) Concurrent Mark From Roots
[2024-08-27T14:57:20.060+0000][info][gc,task        ] GC(198) Using 17 workers of 17 for marking
[2024-08-27T14:57:20.082+0000][info][gc,marking     ] GC(198) Concurrent Mark From Roots 22.182ms
[2024-08-27T14:57:20.082+0000][info][gc,marking     ] GC(198) Concurrent Preclean
[2024-08-27T14:57:20.082+0000][info][gc,marking     ] GC(198) Concurrent Preclean 0.504ms
[2024-08-27T14:57:20.083+0000][info][gc,start       ] GC(198) Pause Remark
[2024-08-27T14:57:20.084+0000][info][gc             ] GC(198) Pause Remark 936M->936M(1024M) 1.192ms
[2024-08-27T14:57:20.084+0000][info][gc,cpu         ] GC(198) User=0.01s Sys=0.00s Real=0.00s
[2024-08-27T14:57:20.084+0000][info][gc,marking     ] GC(198) Concurrent Mark 24.226ms
[2024-08-27T14:57:20.084+0000][info][gc,marking     ] GC(198) Concurrent Rebuild Remembered Sets
[2024-08-27T14:57:20.087+0000][info][gc,start       ] GC(199) Pause Young (Normal) (G1 Evacuation Pause)
[2024-08-27T14:57:20.087+0000][info][gc,task        ] GC(199) Using 24 workers of 68 for evacuation
[2024-08-27T14:57:20.097+0000][info][gc,phases      ] GC(199)   Pre Evacuate Collection Set: 0.1ms
[2024-08-27T14:57:20.097+0000][info][gc,phases      ] GC(199)   Merge Heap Roots: 0.2ms
[2024-08-27T14:57:20.097+0000][info][gc,phases      ] GC(199)   Evacuate Collection Set: 9.2ms
[2024-08-27T14:57:20.097+0000][info][gc,phases      ] GC(199)   Post Evacuate Collection Set: 0.4ms
[2024-08-27T14:57:20.097+0000][info][gc,phases      ] GC(199)   Other: 0.2ms
[2024-08-27T14:57:20.097+0000][info][gc,heap        ] GC(199) Eden regions: 44->0(44)
[2024-08-27T14:57:20.097+0000][info][gc,heap        ] GC(199) Survivor regions: 7->7(7)
[2024-08-27T14:57:20.097+0000][info][gc,heap        ] GC(199) Old regions: 885->932
[2024-08-27T14:57:20.097+0000][info][gc,heap        ] GC(199) Archive regions: 2->2
[2024-08-27T14:57:20.097+0000][info][gc,heap        ] GC(199) Humongous regions: 5->5
[2024-08-27T14:57:20.097+0000][info][gc,metaspace   ] GC(199) Metaspace: 100K(320K)->100K(320K) NonClass: 96K(192K)->96K(192K) Class: 4K(128K)->4K(128K)
[2024-08-27T14:57:20.097+0000][info][gc             ] GC(199) Pause Young (Normal) (G1 Evacuation Pause) 941M->944M(1024M) 10.227ms
[2024-08-27T14:57:20.097+0000][info][gc,cpu         ] GC(199) User=0.23s Sys=0.00s Real=0.01s
[2024-08-27T14:57:20.113+0000][info][gc,start       ] GC(200) Pause Young (Normal) (G1 Preventive Collection)
[2024-08-27T14:57:20.113+0000][info][gc,task        ] GC(200) Using 24 workers of 68 for evacuation
[2024-08-27T14:57:20.125+0000][info][gc,phases      ] GC(200)   Pre Evacuate Collection Set: 0.1ms
[2024-08-27T14:57:20.125+0000][info][gc,phases      ] GC(200)   Merge Heap Roots: 0.4ms
[2024-08-27T14:57:20.125+0000][info][gc,phases      ] GC(200)   Evacuate Collection Set: 10.9ms
[2024-08-27T14:57:20.125+0000][info][gc,phases      ] GC(200)   Post Evacuate Collection Set: 0.5ms
[2024-08-27T14:57:20.125+0000][info][gc,phases      ] GC(200)   Other: 0.2ms
[2024-08-27T14:57:20.125+0000][info][gc,heap        ] GC(200) Eden regions: 34->0(44)
[2024-08-27T14:57:20.125+0000][info][gc,heap        ] GC(200) Survivor regions: 7->7(7)
[2024-08-27T14:57:20.125+0000][info][gc,heap        ] GC(200) Old regions: 932->969
[2024-08-27T14:57:20.125+0000][info][gc,heap        ] GC(200) Archive regions: 2->2
[2024-08-27T14:57:20.125+0000][info][gc,heap        ] GC(200) Humongous regions: 5->5
[2024-08-27T14:57:20.125+0000][info][gc,metaspace   ] GC(200) Metaspace: 100K(320K)->100K(320K) NonClass: 96K(192K)->96K(192K) Class: 4K(128K)->4K(128K)
[2024-08-27T14:57:20.125+0000][info][gc             ] GC(200) Pause Young (Normal) (G1 Preventive Collection) 978M->981M(1024M) 12.215ms
[2024-08-27T14:57:20.125+0000][info][gc,cpu         ] GC(200) User=0.27s Sys=0.01s Real=0.01s
[2024-08-27T14:57:20.133+0000][info][gc,start       ] GC(201) Pause Young (Normal) (G1 Preventive Collection)
[2024-08-27T14:57:20.133+0000][info][gc,task        ] GC(201) Using 24 workers of 68 for evacuation
[2024-08-27T14:57:20.144+0000][info][gc             ] GC(201) To-space exhausted
[2024-08-27T14:57:20.144+0000][info][gc,phases      ] GC(201)   Pre Evacuate Collection Set: 0.2ms
[2024-08-27T14:57:20.144+0000][info][gc,phases      ] GC(201)   Merge Heap Roots: 0.3ms
[2024-08-27T14:57:20.144+0000][info][gc,phases      ] GC(201)   Evacuate Collection Set: 9.1ms
[2024-08-27T14:57:20.144+0000][info][gc,phases      ] GC(201)   Post Evacuate Collection Set: 0.7ms
[2024-08-27T14:57:20.144+0000][info][gc,phases      ] GC(201)   Other: 0.2ms
[2024-08-27T14:57:20.144+0000][info][gc,heap        ] GC(201) Eden regions: 16->0(44)
[2024-08-27T14:57:20.144+0000][info][gc,heap        ] GC(201) Survivor regions: 7->7(7)
[2024-08-27T14:57:20.144+0000][info][gc,heap        ] GC(201) Old regions: 969->1003
[2024-08-27T14:57:20.144+0000][info][gc,heap        ] GC(201) Archive regions: 2->2
[2024-08-27T14:57:20.144+0000][info][gc,heap        ] GC(201) Humongous regions: 5->5
[2024-08-27T14:57:20.144+0000][info][gc,metaspace   ] GC(201) Metaspace: 100K(320K)->100K(320K) NonClass: 96K(192K)->96K(192K) Class: 4K(128K)->4K(128K)
[2024-08-27T14:57:20.144+0000][info][gc             ] GC(201) Pause Young (Normal) (G1 Preventive Collection) 997M->1015M(1024M) 10.491ms
[2024-08-27T14:57:20.144+0000][info][gc,cpu         ] GC(201) User=0.23s Sys=0.00s Real=0.01s
[2024-08-27T14:57:20.145+0000][info][gc,start       ] GC(202) Pause Young (Normal) (G1 Preventive Collection)
[2024-08-27T14:57:20.145+0000][info][gc,task        ] GC(202) Using 24 workers of 68 for evacuation
[2024-08-27T14:57:20.152+0000][info][gc             ] GC(202) To-space exhausted
[2024-08-27T14:57:20.152+0000][info][gc,phases      ] GC(202)   Pre Evacuate Collection Set: 0.1ms
[2024-08-27T14:57:20.152+0000][info][gc,phases      ] GC(202)   Merge Heap Roots: 0.4ms
[2024-08-27T14:57:20.152+0000][info][gc,phases      ] GC(202)   Evacuate Collection Set: 5.9ms
[2024-08-27T14:57:20.152+0000][info][gc,phases      ] GC(202)   Post Evacuate Collection Set: 0.7ms
[2024-08-27T14:57:20.152+0000][info][gc,phases      ] GC(202)   Other: 0.1ms
[2024-08-27T14:57:20.152+0000][info][gc,heap        ] GC(202) Eden regions: 1->0(50)
[2024-08-27T14:57:20.152+0000][info][gc,heap        ] GC(202) Survivor regions: 7->1(6)
[2024-08-27T14:57:20.152+0000][info][gc,heap        ] GC(202) Old regions: 1003->1016
[2024-08-27T14:57:20.152+0000][info][gc,heap        ] GC(202) Archive regions: 2->2
[2024-08-27T14:57:20.152+0000][info][gc,heap        ] GC(202) Humongous regions: 5->5
[2024-08-27T14:57:20.152+0000][info][gc,metaspace   ] GC(202) Metaspace: 100K(320K)->100K(320K) NonClass: 96K(192K)->96K(192K) Class: 4K(128K)->4K(128K)
[2024-08-27T14:57:20.152+0000][info][gc             ] GC(202) Pause Young (Normal) (G1 Preventive Collection) 1016M->1022M(1024M) 7.295ms
[2024-08-27T14:57:20.152+0000][info][gc,cpu         ] GC(202) User=0.16s Sys=0.00s Real=0.01s
[2024-08-27T14:57:20.152+0000][info][gc,ergo        ] Attempting full compaction
[2024-08-27T14:57:20.152+0000][info][gc,task        ] GC(203) Using 24 workers of 68 for full compaction
[2024-08-27T14:57:20.152+0000][info][gc,start       ] GC(203) Pause Full (G1 Compaction Pause)
[2024-08-27T14:57:20.153+0000][info][gc,phases,start] GC(203) Phase 1: Mark live objects
[2024-08-27T14:57:20.167+0000][info][gc,phases      ] GC(203) Phase 1: Mark live objects 14.454ms
[2024-08-27T14:57:20.167+0000][info][gc,phases,start] GC(203) Phase 2: Prepare for compaction
[2024-08-27T14:57:20.174+0000][info][gc,phases      ] GC(203) Phase 2: Prepare for compaction 7.037ms
[2024-08-27T14:57:20.175+0000][info][gc,phases,start] GC(203) Phase 3: Adjust pointers
[2024-08-27T14:57:20.190+0000][info][gc,phases      ] GC(203) Phase 3: Adjust pointers 15.291ms
[2024-08-27T14:57:20.190+0000][info][gc,phases,start] GC(203) Phase 4: Compact heap
[2024-08-27T14:57:20.220+0000][info][gc,phases      ] GC(203) Phase 4: Compact heap 30.386ms
[2024-08-27T14:57:20.222+0000][info][gc,heap        ] GC(203) Eden regions: 0->0(149)
[2024-08-27T14:57:20.222+0000][info][gc,heap        ] GC(203) Survivor regions: 1->0(6)
[2024-08-27T14:57:20.222+0000][info][gc,heap        ] GC(203) Old regions: 1016->446
[2024-08-27T14:57:20.222+0000][info][gc,heap        ] GC(203) Archive regions: 2->2
[2024-08-27T14:57:20.222+0000][info][gc,heap        ] GC(203) Humongous regions: 5->5
[2024-08-27T14:57:20.222+0000][info][gc,metaspace   ] GC(203) Metaspace: 100K(320K)->100K(320K) NonClass: 96K(192K)->96K(192K) Class: 4K(128K)->4K(128K)
[2024-08-27T14:57:20.222+0000][info][gc             ] GC(203) Pause Full (G1 Compaction Pause) 1022M->437M(1024M) 69.259ms
[2024-08-27T14:57:20.222+0000][info][gc,cpu         ] GC(203) User=1.29s Sys=0.05s Real=0.07s
[2024-08-27T14:57:20.222+0000][info][gc,marking     ] GC(198) Concurrent Rebuild Remembered Sets 138.134ms
[2024-08-27T14:57:20.222+0000][info][gc,marking     ] GC(198) Concurrent Mark Abort
[2024-08-27T14:57:20.222+0000][info][gc             ] GC(198) Concurrent Mark Cycle 164.031ms
[2024-08-27T14:57:20.300+0000][info][gc,start       ] GC(204) Pause Young (Normal) (G1 Evacuation Pause)
[2024-08-27T14:57:20.300+0000][info][gc,task        ] GC(204) Using 24 workers of 68 for evacuation
[2024-08-27T14:57:20.324+0000][info][gc,phases      ] GC(204)   Pre Evacuate Collection Set: 0.2ms
[2024-08-27T14:57:20.324+0000][info][gc,phases      ] GC(204)   Merge Heap Roots: 0.4ms
[2024-08-27T14:57:20.324+0000][info][gc,phases      ] GC(204)   Evacuate Collection Set: 22.3ms
[2024-08-27T14:57:20.324+0000][info][gc,phases      ] GC(204)   Post Evacuate Collection Set: 0.3ms
[2024-08-27T14:57:20.324+0000][info][gc,phases      ] GC(204)   Other: 0.2ms
[2024-08-27T14:57:20.324+0000][info][gc,heap        ] GC(204) Eden regions: 149->0(102)
[2024-08-27T14:57:20.324+0000][info][gc,heap        ] GC(204) Survivor regions: 0->19(19)
[2024-08-27T14:57:20.324+0000][info][gc,heap        ] GC(204) Old regions: 446->572
[2024-08-27T14:57:20.324+0000][info][gc,heap        ] GC(204) Archive regions: 2->2
[2024-08-27T14:57:20.324+0000][info][gc,heap        ] GC(204) Humongous regions: 5->5
[2024-08-27T14:57:20.324+0000][info][gc,metaspace   ] GC(204) Metaspace: 100K(320K)->100K(320K) NonClass: 96K(192K)->96K(192K) Class: 4K(128K)->4K(128K)
[2024-08-27T14:57:20.324+0000][info][gc             ] GC(204) Pause Young (Normal) (G1 Evacuation Pause) 586M->581M(1024M) 23.474ms
[2024-08-27T14:57:20.324+0000][info][gc,cpu         ] GC(204) User=0.36s Sys=0.18s Real=0.02s
[2024-08-27T14:57:20.374+0000][info][gc,start       ] GC(205) Pause Young (Concurrent Start) (G1 Evacuation Pause)
[2024-08-27T14:57:20.374+0000][info][gc,task        ] GC(205) Using 24 workers of 68 for evacuation
[2024-08-27T14:57:20.392+0000][info][gc,phases      ] GC(205)   Pre Evacuate Collection Set: 0.2ms
[2024-08-27T14:57:20.392+0000][info][gc,phases      ] GC(205)   Merge Heap Roots: 0.4ms
[2024-08-27T14:57:20.392+0000][info][gc,phases      ] GC(205)   Evacuate Collection Set: 17.0ms
[2024-08-27T14:57:20.392+0000][info][gc,phases      ] GC(205)   Post Evacuate Collection Set: 0.3ms
[2024-08-27T14:57:20.392+0000][info][gc,phases      ] GC(205)   Other: 0.6ms
[2024-08-27T14:57:20.392+0000][info][gc,heap        ] GC(205) Eden regions: 102->0(70)
[2024-08-27T14:57:20.393+0000][info][gc,heap        ] GC(205) Survivor regions: 19->16(16)
[2024-08-27T14:57:20.393+0000][info][gc,heap        ] GC(205) Old regions: 572->677
[2024-08-27T14:57:20.393+0000][info][gc,heap        ] GC(205) Archive regions: 2->2
[2024-08-27T14:57:20.393+0000][info][gc,heap        ] GC(205) Humongous regions: 5->5
[2024-08-27T14:57:20.393+0000][info][gc,metaspace   ] GC(205) Metaspace: 100K(320K)->100K(320K) NonClass: 96K(192K)->96K(192K) Class: 4K(128K)->4K(128K)
[2024-08-27T14:57:20.393+0000][info][gc             ] GC(205) Pause Young (Concurrent Start) (G1 Evacuation Pause) 683M->684M(1024M) 18.599ms
[2024-08-27T14:57:20.393+0000][info][gc,cpu         ] GC(205) User=0.41s Sys=0.00s Real=0.02s
[2024-08-27T14:57:20.393+0000][info][gc             ] GC(206) Concurrent Mark Cycle
[2024-08-27T14:57:20.393+0000][info][gc,marking     ] GC(206) Concurrent Clear Claimed Marks
[2024-08-27T14:57:20.393+0000][info][gc,marking     ] GC(206) Concurrent Clear Claimed Marks 0.010ms
[2024-08-27T14:57:20.393+0000][info][gc,marking     ] GC(206) Concurrent Scan Root Regions
[2024-08-27T14:57:20.396+0000][info][gc,marking     ] GC(206) Concurrent Scan Root Regions 3.191ms
[2024-08-27T14:57:20.396+0000][info][gc,marking     ] GC(206) Concurrent Mark
[2024-08-27T14:57:20.396+0000][info][gc,marking     ] GC(206) Concurrent Mark From Roots
[2024-08-27T14:57:20.396+0000][info][gc,task        ] GC(206) Using 17 workers of 17 for marking
[2024-08-27T14:57:20.415+0000][info][gc,marking     ] GC(206) Concurrent Mark From Roots 19.373ms
[2024-08-27T14:57:20.415+0000][info][gc,marking     ] GC(206) Concurrent Preclean
[2024-08-27T14:57:20.417+0000][info][gc,marking     ] GC(206) Concurrent Preclean 1.815ms
[2024-08-27T14:57:20.418+0000][info][gc,start       ] GC(206) Pause Remark
[2024-08-27T14:57:20.419+0000][info][gc             ] GC(206) Pause Remark 722M->722M(1024M) 1.141ms
[2024-08-27T14:57:20.419+0000][info][gc,cpu         ] GC(206) User=0.01s Sys=0.00s Real=0.00s
[2024-08-27T14:57:20.419+0000][info][gc,marking     ] GC(206) Concurrent Mark 22.820ms
[2024-08-27T14:57:20.419+0000][info][gc,marking     ] GC(206) Concurrent Rebuild Remembered Sets
[2024-08-27T14:57:20.434+0000][info][gc,start       ] GC(207) Pause Young (Normal) (G1 Evacuation Pause)
[2024-08-27T14:57:20.434+0000][info][gc,task        ] GC(207) Using 24 workers of 68 for evacuation
[2024-08-27T14:57:20.450+0000][info][gc,phases      ] GC(207)   Pre Evacuate Collection Set: 0.1ms
[2024-08-27T14:57:20.450+0000][info][gc,phases      ] GC(207)   Merge Heap Roots: 0.4ms
[2024-08-27T14:57:20.450+0000][info][gc,phases      ] GC(207)   Evacuate Collection Set: 14.8ms
[2024-08-27T14:57:20.450+0000][info][gc,phases      ] GC(207)   Post Evacuate Collection Set: 0.5ms
[2024-08-27T14:57:20.450+0000][info][gc,phases      ] GC(207)   Other: 0.2ms
[2024-08-27T14:57:20.450+0000][info][gc,heap        ] GC(207) Eden regions: 70->0(46)
[2024-08-27T14:57:20.450+0000][info][gc,heap        ] GC(207) Survivor regions: 16->11(11)
[2024-08-27T14:57:20.450+0000][info][gc,heap        ] GC(207) Old regions: 677->756
[2024-08-27T14:57:20.450+0000][info][gc,heap        ] GC(207) Archive regions: 2->2
[2024-08-27T14:57:20.450+0000][info][gc,heap        ] GC(207) Humongous regions: 5->5
[2024-08-27T14:57:20.450+0000][info][gc,metaspace   ] GC(207) Metaspace: 100K(320K)->100K(320K) NonClass: 96K(192K)->96K(192K) Class: 4K(128K)->4K(128K)
[2024-08-27T14:57:20.450+0000][info][gc             ] GC(207) Pause Young (Normal) (G1 Evacuation Pause) 754M->757M(1024M) 16.059ms
[2024-08-27T14:57:20.450+0000][info][gc,cpu         ] GC(207) User=0.35s Sys=0.01s Real=0.02s
[2024-08-27T14:57:20.479+0000][info][gc,start       ] GC(208) Pause Young (Normal) (G1 Evacuation Pause)
[2024-08-27T14:57:20.479+0000][info][gc,task        ] GC(208) Using 24 workers of 68 for evacuation
[2024-08-27T14:57:20.509+0000][info][gc,phases      ] GC(208)   Pre Evacuate Collection Set: 0.1ms
[2024-08-27T14:57:20.509+0000][info][gc,phases      ] GC(208)   Merge Heap Roots: 0.4ms
[2024-08-27T14:57:20.509+0000][info][gc,phases      ] GC(208)   Evacuate Collection Set: 29.4ms
[2024-08-27T14:57:20.510+0000][info][gc,phases      ] GC(208)   Post Evacuate Collection Set: 0.6ms
[2024-08-27T14:57:20.510+0000][info][gc,phases      ] GC(208)   Other: 0.2ms
[2024-08-27T14:57:20.510+0000][info][gc,heap        ] GC(208) Eden regions: 46->0(43)
[2024-08-27T14:57:20.510+0000][info][gc,heap        ] GC(208) Survivor regions: 11->8(8)
[2024-08-27T14:57:20.510+0000][info][gc,heap        ] GC(208) Old regions: 756->808
[2024-08-27T14:57:20.510+0000][info][gc,heap        ] GC(208) Archive regions: 2->2
[2024-08-27T14:57:20.510+0000][info][gc,heap        ] GC(208) Humongous regions: 5->5
[2024-08-27T14:57:20.510+0000][info][gc,metaspace   ] GC(208) Metaspace: 100K(320K)->100K(320K) NonClass: 96K(192K)->96K(192K) Class: 4K(128K)->4K(128K)
[2024-08-27T14:57:20.510+0000][info][gc             ] GC(208) Pause Young (Normal) (G1 Evacuation Pause) 803M->807M(1024M) 30.850ms
[2024-08-27T14:57:20.510+0000][info][gc,cpu         ] GC(208) User=0.42s Sys=0.30s Real=0.03s
[2024-08-27T14:57:20.533+0000][info][gc,start       ] GC(209) Pause Young (Normal) (G1 Evacuation Pause)
[2024-08-27T14:57:20.533+0000][info][gc,task        ] GC(209) Using 24 workers of 68 for evacuation
[2024-08-27T14:57:20.550+0000][info][gc,phases      ] GC(209)   Pre Evacuate Collection Set: 0.1ms
[2024-08-27T14:57:20.550+0000][info][gc,phases      ] GC(209)   Merge Heap Roots: 0.6ms
[2024-08-27T14:57:20.550+0000][info][gc,phases      ] GC(209)   Evacuate Collection Set: 15.3ms
[2024-08-27T14:57:20.550+0000][info][gc,phases      ] GC(209)   Post Evacuate Collection Set: 0.7ms
[2024-08-27T14:57:20.550+0000][info][gc,phases      ] GC(209)   Other: 0.2ms
[2024-08-27T14:57:20.550+0000][info][gc,heap        ] GC(209) Eden regions: 43->0(44)
[2024-08-27T14:57:20.550+0000][info][gc,heap        ] GC(209) Survivor regions: 8->7(7)
[2024-08-27T14:57:20.550+0000][info][gc,heap        ] GC(209) Old regions: 808->856
[2024-08-27T14:57:20.550+0000][info][gc,heap        ] GC(209) Archive regions: 2->2
[2024-08-27T14:57:20.550+0000][info][gc,heap        ] GC(209) Humongous regions: 5->5
[2024-08-27T14:57:20.550+0000][info][gc,metaspace   ] GC(209) Metaspace: 100K(320K)->100K(320K) NonClass: 96K(192K)->96K(192K) Class: 4K(128K)->4K(128K)
[2024-08-27T14:57:20.550+0000][info][gc             ] GC(209) Pause Young (Normal) (G1 Evacuation Pause) 850M->854M(1024M) 17.047ms
[2024-08-27T14:57:20.550+0000][info][gc,cpu         ] GC(209) User=0.39s Sys=0.00s Real=0.02s
[2024-08-27T14:57:20.551+0000][info][gc,marking     ] GC(206) Concurrent Rebuild Remembered Sets 131.825ms
[2024-08-27T14:57:20.551+0000][info][gc,start       ] GC(206) Pause Cleanup
[2024-08-27T14:57:20.552+0000][info][gc             ] GC(206) Pause Cleanup 855M->855M(1024M) 1.048ms
[2024-08-27T14:57:20.552+0000][info][gc,cpu         ] GC(206) User=0.00s Sys=0.00s Real=0.00s
[2024-08-27T14:57:20.552+0000][info][gc,marking     ] GC(206) Concurrent Cleanup for Next Mark
[2024-08-27T14:57:20.552+0000][info][gc,marking     ] GC(206) Concurrent Cleanup for Next Mark 0.561ms
[2024-08-27T14:57:20.552+0000][info][gc             ] GC(206) Concurrent Mark Cycle 159.840ms
[2024-08-27T14:57:20.574+0000][info][gc,start       ] GC(210) Pause Young (Prepare Mixed) (G1 Evacuation Pause)
[2024-08-27T14:57:20.574+0000][info][gc,task        ] GC(210) Using 24 workers of 68 for evacuation
[2024-08-27T14:57:20.592+0000][info][gc,phases      ] GC(210)   Pre Evacuate Collection Set: 0.1ms
[2024-08-27T14:57:20.592+0000][info][gc,phases      ] GC(210)   Merge Heap Roots: 0.7ms
[2024-08-27T14:57:20.592+0000][info][gc,phases      ] GC(210)   Evacuate Collection Set: 16.2ms
[2024-08-27T14:57:20.592+0000][info][gc,phases      ] GC(210)   Post Evacuate Collection Set: 0.3ms
[2024-08-27T14:57:20.592+0000][info][gc,phases      ] GC(210)   Other: 0.2ms
[2024-08-27T14:57:20.592+0000][info][gc,heap        ] GC(210) Eden regions: 44->0(44)
[2024-08-27T14:57:20.592+0000][info][gc,heap        ] GC(210) Survivor regions: 7->7(7)
[2024-08-27T14:57:20.592+0000][info][gc,heap        ] GC(210) Old regions: 856->903
[2024-08-27T14:57:20.592+0000][info][gc,heap        ] GC(210) Archive regions: 2->2
[2024-08-27T14:57:20.592+0000][info][gc,heap        ] GC(210) Humongous regions: 5->5
[2024-08-27T14:57:20.592+0000][info][gc,metaspace   ] GC(210) Metaspace: 100K(320K)->100K(320K) NonClass: 96K(192K)->96K(192K) Class: 4K(128K)->4K(128K)
[2024-08-27T14:57:20.592+0000][info][gc             ] GC(210) Pause Young (Prepare Mixed) (G1 Evacuation Pause) 898M->901M(1024M) 17.588ms
[2024-08-27T14:57:20.592+0000][info][gc,cpu         ] GC(210) User=0.40s Sys=0.00s Real=0.02s
[2024-08-27T14:57:20.613+0000][info][gc,start       ] GC(211) Pause Young (Mixed) (G1 Evacuation Pause)
[2024-08-27T14:57:20.613+0000][info][gc,task        ] GC(211) Using 24 workers of 68 for evacuation
[2024-08-27T14:57:20.624+0000][info][gc,phases      ] GC(211)   Pre Evacuate Collection Set: 0.2ms
[2024-08-27T14:57:20.624+0000][info][gc,phases      ] GC(211)   Merge Heap Roots: 0.3ms
[2024-08-27T14:57:20.624+0000][info][gc,phases      ] GC(211)   Evacuate Collection Set: 9.8ms
[2024-08-27T14:57:20.624+0000][info][gc,phases      ] GC(211)   Post Evacuate Collection Set: 0.4ms
[2024-08-27T14:57:20.624+0000][info][gc,phases      ] GC(211)   Other: 0.3ms
[2024-08-27T14:57:20.624+0000][info][gc,heap        ] GC(211) Eden regions: 44->0(44)
[2024-08-27T14:57:20.624+0000][info][gc,heap        ] GC(211) Survivor regions: 7->7(7)
[2024-08-27T14:57:20.624+0000][info][gc,heap        ] GC(211) Old regions: 903->847
[2024-08-27T14:57:20.624+0000][info][gc,heap        ] GC(211) Archive regions: 2->2
[2024-08-27T14:57:20.624+0000][info][gc,heap        ] GC(211) Humongous regions: 5->5
[2024-08-27T14:57:20.624+0000][info][gc,metaspace   ] GC(211) Metaspace: 100K(320K)->100K(320K) NonClass: 96K(192K)->96K(192K) Class: 4K(128K)->4K(128K)
[2024-08-27T14:57:20.624+0000][info][gc             ] GC(211) Pause Young (Mixed) (G1 Evacuation Pause) 945M->849M(1024M) 11.015ms
[2024-08-27T14:57:20.624+0000][info][gc,cpu         ] GC(211) User=0.24s Sys=0.01s Real=0.01s
[2024-08-27T14:57:20.644+0000][info][gc,start       ] GC(212) Pause Young (Mixed) (G1 Evacuation Pause)
[2024-08-27T14:57:20.645+0000][info][gc,task        ] GC(212) Using 24 workers of 68 for evacuation
[2024-08-27T14:57:20.656+0000][info][gc,phases      ] GC(212)   Pre Evacuate Collection Set: 0.2ms
[2024-08-27T14:57:20.656+0000][info][gc,phases      ] GC(212)   Merge Heap Roots: 0.4ms
[2024-08-27T14:57:20.656+0000][info][gc,phases      ] GC(212)   Evacuate Collection Set: 10.5ms
[2024-08-27T14:57:20.656+0000][info][gc,phases      ] GC(212)   Post Evacuate Collection Set: 0.4ms
[2024-08-27T14:57:20.656+0000][info][gc,phases      ] GC(212)   Other: 0.3ms
[2024-08-27T14:57:20.656+0000][info][gc,heap        ] GC(212) Eden regions: 44->0(44)
[2024-08-27T14:57:20.656+0000][info][gc,heap        ] GC(212) Survivor regions: 7->7(7)
[2024-08-27T14:57:20.656+0000][info][gc,heap        ] GC(212) Old regions: 847->804
[2024-08-27T14:57:20.656+0000][info][gc,heap        ] GC(212) Archive regions: 2->2
[2024-08-27T14:57:20.656+0000][info][gc,heap        ] GC(212) Humongous regions: 5->5
[2024-08-27T14:57:20.656+0000][info][gc,metaspace   ] GC(212) Metaspace: 100K(320K)->100K(320K) NonClass: 96K(192K)->96K(192K) Class: 4K(128K)->4K(128K)
[2024-08-27T14:57:20.656+0000][info][gc             ] GC(212) Pause Young (Mixed) (G1 Evacuation Pause) 893M->813M(1024M) 11.831ms
[2024-08-27T14:57:20.656+0000][info][gc,cpu         ] GC(212) User=0.26s Sys=0.00s Real=0.01s
[2024-08-27T14:57:20.676+0000][info][gc,start       ] GC(213) Pause Young (Concurrent Start) (G1 Evacuation Pause)
[2024-08-27T14:57:20.676+0000][info][gc,task        ] GC(213) Using 24 workers of 68 for evacuation
[2024-08-27T14:57:20.687+0000][info][gc,phases      ] GC(213)   Pre Evacuate Collection Set: 0.2ms
[2024-08-27T14:57:20.687+0000][info][gc,phases      ] GC(213)   Merge Heap Roots: 0.4ms
[2024-08-27T14:57:20.687+0000][info][gc,phases      ] GC(213)   Evacuate Collection Set: 9.5ms
[2024-08-27T14:57:20.687+0000][info][gc,phases      ] GC(213)   Post Evacuate Collection Set: 0.3ms
[2024-08-27T14:57:20.687+0000][info][gc,phases      ] GC(213)   Other: 0.6ms
[2024-08-27T14:57:20.687+0000][info][gc,heap        ] GC(213) Eden regions: 44->0(44)
[2024-08-27T14:57:20.687+0000][info][gc,heap        ] GC(213) Survivor regions: 7->7(7)
[2024-08-27T14:57:20.687+0000][info][gc,heap        ] GC(213) Old regions: 804->850
[2024-08-27T14:57:20.687+0000][info][gc,heap        ] GC(213) Archive regions: 2->2
[2024-08-27T14:57:20.687+0000][info][gc,heap        ] GC(213) Humongous regions: 5->5
[2024-08-27T14:57:20.687+0000][info][gc,metaspace   ] GC(213) Metaspace: 100K(320K)->100K(320K) NonClass: 96K(192K)->96K(192K) Class: 4K(128K)->4K(128K)
[2024-08-27T14:57:20.687+0000][info][gc             ] GC(213) Pause Young (Concurrent Start) (G1 Evacuation Pause) 857M->860M(1024M) 11.096ms
[2024-08-27T14:57:20.687+0000][info][gc,cpu         ] GC(213) User=0.24s Sys=0.00s Real=0.01s
[2024-08-27T14:57:20.687+0000][info][gc             ] GC(214) Concurrent Mark Cycle
[2024-08-27T14:57:20.687+0000][info][gc,marking     ] GC(214) Concurrent Clear Claimed Marks
[2024-08-27T14:57:20.687+0000][info][gc,marking     ] GC(214) Concurrent Clear Claimed Marks 0.010ms
[2024-08-27T14:57:20.687+0000][info][gc,marking     ] GC(214) Concurrent Scan Root Regions
[2024-08-27T14:57:20.689+0000][info][gc,marking     ] GC(214) Concurrent Scan Root Regions 1.538ms
[2024-08-27T14:57:20.689+0000][info][gc,marking     ] GC(214) Concurrent Mark
[2024-08-27T14:57:20.689+0000][info][gc,marking     ] GC(214) Concurrent Mark From Roots
[2024-08-27T14:57:20.689+0000][info][gc,task        ] GC(214) Using 17 workers of 17 for marking
[2024-08-27T14:57:20.711+0000][info][gc,marking     ] GC(214) Concurrent Mark From Roots 21.721ms
[2024-08-27T14:57:20.711+0000][info][gc,marking     ] GC(214) Concurrent Preclean
[2024-08-27T14:57:20.711+0000][info][gc,marking     ] GC(214) Concurrent Preclean 0.500ms
[2024-08-27T14:57:20.711+0000][info][gc,start       ] GC(214) Pause Remark
[2024-08-27T14:57:20.713+0000][info][gc             ] GC(214) Pause Remark 896M->896M(1024M) 1.272ms
[2024-08-27T14:57:20.713+0000][info][gc,cpu         ] GC(214) User=0.01s Sys=0.00s Real=0.00s
[2024-08-27T14:57:20.713+0000][info][gc,marking     ] GC(214) Concurrent Mark 23.828ms
[2024-08-27T14:57:20.713+0000][info][gc,marking     ] GC(214) Concurrent Rebuild Remembered Sets
[2024-08-27T14:57:20.717+0000][info][gc,start       ] GC(215) Pause Young (Normal) (G1 Evacuation Pause)
[2024-08-27T14:57:20.717+0000][info][gc,task        ] GC(215) Using 24 workers of 68 for evacuation
[2024-08-27T14:57:20.727+0000][info][gc,phases      ] GC(215)   Pre Evacuate Collection Set: 0.1ms
[2024-08-27T14:57:20.727+0000][info][gc,phases      ] GC(215)   Merge Heap Roots: 0.4ms
[2024-08-27T14:57:20.727+0000][info][gc,phases      ] GC(215)   Evacuate Collection Set: 8.8ms
[2024-08-27T14:57:20.727+0000][info][gc,phases      ] GC(215)   Post Evacuate Collection Set: 0.4ms
[2024-08-27T14:57:20.727+0000][info][gc,phases      ] GC(215)   Other: 0.2ms
[2024-08-27T14:57:20.727+0000][info][gc,heap        ] GC(215) Eden regions: 44->0(44)
[2024-08-27T14:57:20.727+0000][info][gc,heap        ] GC(215) Survivor regions: 7->7(7)
[2024-08-27T14:57:20.727+0000][info][gc,heap        ] GC(215) Old regions: 850->896
[2024-08-27T14:57:20.727+0000][info][gc,heap        ] GC(215) Archive regions: 2->2
[2024-08-27T14:57:20.727+0000][info][gc,heap        ] GC(215) Humongous regions: 5->5
[2024-08-27T14:57:20.727+0000][info][gc,metaspace   ] GC(215) Metaspace: 100K(320K)->100K(320K) NonClass: 96K(192K)->96K(192K) Class: 4K(128K)->4K(128K)
[2024-08-27T14:57:20.727+0000][info][gc             ] GC(215) Pause Young (Normal) (G1 Evacuation Pause) 904M->906M(1024M) 9.945ms
[2024-08-27T14:57:20.727+0000][info][gc,cpu         ] GC(215) User=0.22s Sys=0.01s Real=0.01s
[2024-08-27T14:57:20.748+0000][info][gc,start       ] GC(216) Pause Young (Normal) (G1 Evacuation Pause)
[2024-08-27T14:57:20.748+0000][info][gc,task        ] GC(216) Using 24 workers of 68 for evacuation
[2024-08-27T14:57:20.762+0000][info][gc,phases      ] GC(216)   Pre Evacuate Collection Set: 0.1ms
[2024-08-27T14:57:20.762+0000][info][gc,phases      ] GC(216)   Merge Heap Roots: 0.5ms
[2024-08-27T14:57:20.762+0000][info][gc,phases      ] GC(216)   Evacuate Collection Set: 12.3ms
[2024-08-27T14:57:20.762+0000][info][gc,phases      ] GC(216)   Post Evacuate Collection Set: 0.5ms
[2024-08-27T14:57:20.762+0000][info][gc,phases      ] GC(216)   Other: 0.2ms
[2024-08-27T14:57:20.762+0000][info][gc,heap        ] GC(216) Eden regions: 44->0(44)
[2024-08-27T14:57:20.762+0000][info][gc,heap        ] GC(216) Survivor regions: 7->7(7)
[2024-08-27T14:57:20.762+0000][info][gc,heap        ] GC(216) Old regions: 896->943
[2024-08-27T14:57:20.762+0000][info][gc,heap        ] GC(216) Archive regions: 2->2
[2024-08-27T14:57:20.762+0000][info][gc,heap        ] GC(216) Humongous regions: 5->5
[2024-08-27T14:57:20.762+0000][info][gc,metaspace   ] GC(216) Metaspace: 100K(320K)->100K(320K) NonClass: 96K(192K)->96K(192K) Class: 4K(128K)->4K(128K)
[2024-08-27T14:57:20.762+0000][info][gc             ] GC(216) Pause Young (Normal) (G1 Evacuation Pause) 950M->952M(1024M) 13.676ms
[2024-08-27T14:57:20.762+0000][info][gc,cpu         ] GC(216) User=0.31s Sys=0.00s Real=0.02s
[2024-08-27T14:57:20.776+0000][info][gc,start       ] GC(217) Pause Young (Normal) (G1 Preventive Collection)
[2024-08-27T14:57:20.776+0000][info][gc,task        ] GC(217) Using 24 workers of 68 for evacuation
[2024-08-27T14:57:20.789+0000][info][gc,phases      ] GC(217)   Pre Evacuate Collection Set: 0.1ms
[2024-08-27T14:57:20.789+0000][info][gc,phases      ] GC(217)   Merge Heap Roots: 0.5ms
[2024-08-27T14:57:20.789+0000][info][gc,phases      ] GC(217)   Evacuate Collection Set: 11.5ms
[2024-08-27T14:57:20.789+0000][info][gc,phases      ] GC(217)   Post Evacuate Collection Set: 0.6ms
[2024-08-27T14:57:20.789+0000][info][gc,phases      ] GC(217)   Other: 0.2ms
[2024-08-27T14:57:20.789+0000][info][gc,heap        ] GC(217) Eden regions: 28->0(44)
[2024-08-27T14:57:20.789+0000][info][gc,heap        ] GC(217) Survivor regions: 7->7(7)
[2024-08-27T14:57:20.789+0000][info][gc,heap        ] GC(217) Old regions: 943->973
[2024-08-27T14:57:20.789+0000][info][gc,heap        ] GC(217) Archive regions: 2->2
[2024-08-27T14:57:20.789+0000][info][gc,heap        ] GC(217) Humongous regions: 5->5
[2024-08-27T14:57:20.789+0000][info][gc,metaspace   ] GC(217) Metaspace: 100K(320K)->100K(320K) NonClass: 96K(192K)->96K(192K) Class: 4K(128K)->4K(128K)
[2024-08-27T14:57:20.789+0000][info][gc             ] GC(217) Pause Young (Normal) (G1 Preventive Collection) 980M->983M(1024M) 13.006ms
[2024-08-27T14:57:20.789+0000][info][gc,cpu         ] GC(217) User=0.29s Sys=0.01s Real=0.01s
[2024-08-27T14:57:20.796+0000][info][gc,start       ] GC(218) Pause Young (Normal) (G1 Preventive Collection)
[2024-08-27T14:57:20.796+0000][info][gc,task        ] GC(218) Using 24 workers of 68 for evacuation
[2024-08-27T14:57:20.807+0000][info][gc             ] GC(218) To-space exhausted
[2024-08-27T14:57:20.807+0000][info][gc,phases      ] GC(218)   Pre Evacuate Collection Set: 0.1ms
[2024-08-27T14:57:20.807+0000][info][gc,phases      ] GC(218)   Merge Heap Roots: 0.6ms
[2024-08-27T14:57:20.807+0000][info][gc,phases      ] GC(218)   Evacuate Collection Set: 9.4ms
[2024-08-27T14:57:20.807+0000][info][gc,phases      ] GC(218)   Post Evacuate Collection Set: 0.8ms
[2024-08-27T14:57:20.807+0000][info][gc,phases      ] GC(218)   Other: 0.2ms
[2024-08-27T14:57:20.807+0000][info][gc,heap        ] GC(218) Eden regions: 14->0(44)
[2024-08-27T14:57:20.807+0000][info][gc,heap        ] GC(218) Survivor regions: 7->7(7)
[2024-08-27T14:57:20.807+0000][info][gc,heap        ] GC(218) Old regions: 973->1005
[2024-08-27T14:57:20.807+0000][info][gc,heap        ] GC(218) Archive regions: 2->2
[2024-08-27T14:57:20.807+0000][info][gc,heap        ] GC(218) Humongous regions: 5->5
[2024-08-27T14:57:20.807+0000][info][gc,metaspace   ] GC(218) Metaspace: 100K(320K)->100K(320K) NonClass: 96K(192K)->96K(192K) Class: 4K(128K)->4K(128K)
[2024-08-27T14:57:20.807+0000][info][gc             ] GC(218) Pause Young (Normal) (G1 Preventive Collection) 997M->1015M(1024M) 11.205ms
[2024-08-27T14:57:20.807+0000][info][gc,cpu         ] GC(218) User=0.25s Sys=0.00s Real=0.01s
[2024-08-27T14:57:20.808+0000][info][gc,start       ] GC(219) Pause Young (Normal) (G1 Preventive Collection)
[2024-08-27T14:57:20.808+0000][info][gc,task        ] GC(219) Using 24 workers of 68 for evacuation
[2024-08-27T14:57:20.816+0000][info][gc             ] GC(219) To-space exhausted
[2024-08-27T14:57:20.816+0000][info][gc,phases      ] GC(219)   Pre Evacuate Collection Set: 0.1ms
[2024-08-27T14:57:20.816+0000][info][gc,phases      ] GC(219)   Merge Heap Roots: 0.4ms
[2024-08-27T14:57:20.816+0000][info][gc,phases      ] GC(219)   Evacuate Collection Set: 6.8ms
[2024-08-27T14:57:20.816+0000][info][gc,phases      ] GC(219)   Post Evacuate Collection Set: 0.8ms
[2024-08-27T14:57:20.816+0000][info][gc,phases      ] GC(219)   Other: 0.1ms
[2024-08-27T14:57:20.816+0000][info][gc,heap        ] GC(219) Eden regions: 1->0(50)
[2024-08-27T14:57:20.816+0000][info][gc,heap        ] GC(219) Survivor regions: 7->1(4)
[2024-08-27T14:57:20.816+0000][info][gc,heap        ] GC(219) Old regions: 1005->1016
[2024-08-27T14:57:20.816+0000][info][gc,heap        ] GC(219) Archive regions: 2->2
[2024-08-27T14:57:20.816+0000][info][gc,heap        ] GC(219) Humongous regions: 5->5
[2024-08-27T14:57:20.817+0000][info][gc,metaspace   ] GC(219) Metaspace: 100K(320K)->100K(320K) NonClass: 96K(192K)->96K(192K) Class: 4K(128K)->4K(128K)
[2024-08-27T14:57:20.817+0000][info][gc             ] GC(219) Pause Young (Normal) (G1 Preventive Collection) 1016M->1020M(1024M) 8.330ms
[2024-08-27T14:57:20.817+0000][info][gc,cpu         ] GC(219) User=0.18s Sys=0.00s Real=0.01s
[2024-08-27T14:57:20.817+0000][info][gc,ergo        ] Attempting full compaction
[2024-08-27T14:57:20.817+0000][info][gc,task        ] GC(220) Using 24 workers of 68 for full compaction
[2024-08-27T14:57:20.817+0000][info][gc,start       ] GC(220) Pause Full (G1 Compaction Pause)
[2024-08-27T14:57:20.817+0000][info][gc,phases,start] GC(220) Phase 1: Mark live objects
[2024-08-27T14:57:20.832+0000][info][gc,phases      ] GC(220) Phase 1: Mark live objects 14.160ms
[2024-08-27T14:57:20.832+0000][info][gc,phases,start] GC(220) Phase 2: Prepare for compaction
[2024-08-27T14:57:20.839+0000][info][gc,phases      ] GC(220) Phase 2: Prepare for compaction 7.321ms
[2024-08-27T14:57:20.839+0000][info][gc,phases,start] GC(220) Phase 3: Adjust pointers
[2024-08-27T14:57:20.852+0000][info][gc,phases      ] GC(220) Phase 3: Adjust pointers 13.403ms
[2024-08-27T14:57:20.852+0000][info][gc,phases,start] GC(220) Phase 4: Compact heap
[2024-08-27T14:57:20.880+0000][info][gc,phases      ] GC(220) Phase 4: Compact heap 27.273ms
[2024-08-27T14:57:20.881+0000][info][gc,heap        ] GC(220) Eden regions: 0->0(150)
[2024-08-27T14:57:20.881+0000][info][gc,heap        ] GC(220) Survivor regions: 1->0(4)
[2024-08-27T14:57:20.881+0000][info][gc,heap        ] GC(220) Old regions: 1016->443
[2024-08-27T14:57:20.881+0000][info][gc,heap        ] GC(220) Archive regions: 2->2
[2024-08-27T14:57:20.881+0000][info][gc,heap        ] GC(220) Humongous regions: 5->5
[2024-08-27T14:57:20.881+0000][info][gc,metaspace   ] GC(220) Metaspace: 100K(320K)->100K(320K) NonClass: 96K(192K)->96K(192K) Class: 4K(128K)->4K(128K)
[2024-08-27T14:57:20.881+0000][info][gc             ] GC(220) Pause Full (G1 Compaction Pause) 1020M->437M(1024M) 64.336ms
[2024-08-27T14:57:20.881+0000][info][gc,cpu         ] GC(220) User=1.39s Sys=0.00s Real=0.07s
[2024-08-27T14:57:20.882+0000][info][gc,marking     ] GC(214) Concurrent Rebuild Remembered Sets 168.709ms
[2024-08-27T14:57:20.882+0000][info][gc,marking     ] GC(214) Concurrent Mark Abort
[2024-08-27T14:57:20.882+0000][info][gc             ] GC(214) Concurrent Mark Cycle 194.262ms
[2024-08-27T14:57:20.954+0000][info][gc,start       ] GC(221) Pause Young (Normal) (G1 Evacuation Pause)
[2024-08-27T14:57:20.954+0000][info][gc,task        ] GC(221) Using 24 workers of 68 for evacuation
[2024-08-27T14:57:20.975+0000][info][gc,phases      ] GC(221)   Pre Evacuate Collection Set: 0.1ms
[2024-08-27T14:57:20.975+0000][info][gc,phases      ] GC(221)   Merge Heap Roots: 0.4ms
[2024-08-27T14:57:20.975+0000][info][gc,phases      ] GC(221)   Evacuate Collection Set: 19.9ms
[2024-08-27T14:57:20.975+0000][info][gc,phases      ] GC(221)   Post Evacuate Collection Set: 0.3ms
[2024-08-27T14:57:20.975+0000][info][gc,phases      ] GC(221)   Other: 0.2ms
[2024-08-27T14:57:20.975+0000][info][gc,heap        ] GC(221) Eden regions: 150->0(103)
[2024-08-27T14:57:20.975+0000][info][gc,heap        ] GC(221) Survivor regions: 0->19(19)
[2024-08-27T14:57:20.975+0000][info][gc,heap        ] GC(221) Old regions: 443->570
[2024-08-27T14:57:20.975+0000][info][gc,heap        ] GC(221) Archive regions: 2->2
[2024-08-27T14:57:20.975+0000][info][gc,heap        ] GC(221) Humongous regions: 5->5
[2024-08-27T14:57:20.975+0000][info][gc,metaspace   ] GC(221) Metaspace: 100K(320K)->100K(320K) NonClass: 96K(192K)->96K(192K) Class: 4K(128K)->4K(128K)
[2024-08-27T14:57:20.975+0000][info][gc             ] GC(221) Pause Young (Normal) (G1 Evacuation Pause) 587M->583M(1024M) 21.069ms
[2024-08-27T14:57:20.975+0000][info][gc,cpu         ] GC(221) User=0.48s Sys=0.00s Real=0.02s
[2024-08-27T14:57:21.022+0000][info][gc,start       ] GC(222) Pause Young (Concurrent Start) (G1 Evacuation Pause)
[2024-08-27T14:57:21.022+0000][info][gc,task        ] GC(222) Using 24 workers of 68 for evacuation
[2024-08-27T14:57:21.041+0000][info][gc,phases      ] GC(222)   Pre Evacuate Collection Set: 0.2ms
[2024-08-27T14:57:21.041+0000][info][gc,phases      ] GC(222)   Merge Heap Roots: 0.3ms
[2024-08-27T14:57:21.041+0000][info][gc,phases      ] GC(222)   Evacuate Collection Set: 17.1ms
[2024-08-27T14:57:21.041+0000][info][gc,phases      ] GC(222)   Post Evacuate Collection Set: 0.3ms
[2024-08-27T14:57:21.041+0000][info][gc,phases      ] GC(222)   Other: 0.7ms
[2024-08-27T14:57:21.041+0000][info][gc,heap        ] GC(222) Eden regions: 103->0(70)
[2024-08-27T14:57:21.041+0000][info][gc,heap        ] GC(222) Survivor regions: 19->16(16)
[2024-08-27T14:57:21.041+0000][info][gc,heap        ] GC(222) Old regions: 570->677
[2024-08-27T14:57:21.041+0000][info][gc,heap        ] GC(222) Archive regions: 2->2
[2024-08-27T14:57:21.041+0000][info][gc,heap        ] GC(222) Humongous regions: 5->5
[2024-08-27T14:57:21.041+0000][info][gc,metaspace   ] GC(222) Metaspace: 100K(320K)->100K(320K) NonClass: 96K(192K)->96K(192K) Class: 4K(128K)->4K(128K)
[2024-08-27T14:57:21.041+0000][info][gc             ] GC(222) Pause Young (Concurrent Start) (G1 Evacuation Pause) 686M->687M(1024M) 18.641ms
[2024-08-27T14:57:21.041+0000][info][gc,cpu         ] GC(222) User=0.42s Sys=0.00s Real=0.02s
[2024-08-27T14:57:21.041+0000][info][gc             ] GC(223) Concurrent Mark Cycle
[2024-08-27T14:57:21.041+0000][info][gc,marking     ] GC(223) Concurrent Clear Claimed Marks
[2024-08-27T14:57:21.041+0000][info][gc,marking     ] GC(223) Concurrent Clear Claimed Marks 0.010ms
[2024-08-27T14:57:21.041+0000][info][gc,marking     ] GC(223) Concurrent Scan Root Regions
[2024-08-27T14:57:21.044+0000][info][gc,marking     ] GC(223) Concurrent Scan Root Regions 3.189ms
[2024-08-27T14:57:21.044+0000][info][gc,marking     ] GC(223) Concurrent Mark
[2024-08-27T14:57:21.044+0000][info][gc,marking     ] GC(223) Concurrent Mark From Roots
[2024-08-27T14:57:21.044+0000][info][gc,task        ] GC(223) Using 17 workers of 17 for marking
[2024-08-27T14:57:21.062+0000][info][gc,marking     ] GC(223) Concurrent Mark From Roots 18.214ms
[2024-08-27T14:57:21.062+0000][info][gc,marking     ] GC(223) Concurrent Preclean
[2024-08-27T14:57:21.064+0000][info][gc,marking     ] GC(223) Concurrent Preclean 1.348ms
[2024-08-27T14:57:21.064+0000][info][gc,start       ] GC(223) Pause Remark
[2024-08-27T14:57:21.065+0000][info][gc             ] GC(223) Pause Remark 722M->722M(1024M) 1.093ms
[2024-08-27T14:57:21.065+0000][info][gc,cpu         ] GC(223) User=0.00s Sys=0.00s Real=0.00s
[2024-08-27T14:57:21.065+0000][info][gc,marking     ] GC(223) Concurrent Mark 21.050ms
[2024-08-27T14:57:21.065+0000][info][gc,marking     ] GC(223) Concurrent Rebuild Remembered Sets
[2024-08-27T14:57:21.080+0000][info][gc,marking     ] GC(223) Concurrent Rebuild Remembered Sets 14.511ms
[2024-08-27T14:57:21.080+0000][info][gc,start       ] GC(223) Pause Cleanup
[2024-08-27T14:57:21.081+0000][info][gc             ] GC(223) Pause Cleanup 748M->748M(1024M) 1.004ms
[2024-08-27T14:57:21.081+0000][info][gc,cpu         ] GC(223) User=0.00s Sys=0.00s Real=0.00s
[2024-08-27T14:57:21.081+0000][info][gc,marking     ] GC(223) Concurrent Cleanup for Next Mark
[2024-08-27T14:57:21.082+0000][info][gc,marking     ] GC(223) Concurrent Cleanup for Next Mark 0.517ms
[2024-08-27T14:57:21.082+0000][info][gc             ] GC(223) Concurrent Mark Cycle 40.790ms
[2024-08-27T14:57:21.086+0000][info][gc,start       ] GC(224) Pause Young (Prepare Mixed) (G1 Evacuation Pause)
[2024-08-27T14:57:21.086+0000][info][gc,task        ] GC(224) Using 24 workers of 68 for evacuation
[2024-08-27T14:57:21.100+0000][info][gc,phases      ] GC(224)   Pre Evacuate Collection Set: 0.1ms
[2024-08-27T14:57:21.100+0000][info][gc,phases      ] GC(224)   Merge Heap Roots: 0.3ms
[2024-08-27T14:57:21.100+0000][info][gc,phases      ] GC(224)   Evacuate Collection Set: 13.4ms
[2024-08-27T14:57:21.100+0000][info][gc,phases      ] GC(224)   Post Evacuate Collection Set: 0.3ms
[2024-08-27T14:57:21.100+0000][info][gc,phases      ] GC(224)   Other: 0.2ms
[2024-08-27T14:57:21.100+0000][info][gc,heap        ] GC(224) Eden regions: 70->0(40)
[2024-08-27T14:57:21.100+0000][info][gc,heap        ] GC(224) Survivor regions: 16->11(11)
[2024-08-27T14:57:21.100+0000][info][gc,heap        ] GC(224) Old regions: 677->754
[2024-08-27T14:57:21.100+0000][info][gc,heap        ] GC(224) Archive regions: 2->2
[2024-08-27T14:57:21.100+0000][info][gc,heap        ] GC(224) Humongous regions: 5->5
[2024-08-27T14:57:21.100+0000][info][gc,metaspace   ] GC(224) Metaspace: 100K(320K)->100K(320K) NonClass: 96K(192K)->96K(192K) Class: 4K(128K)->4K(128K)
[2024-08-27T14:57:21.100+0000][info][gc             ] GC(224) Pause Young (Prepare Mixed) (G1 Evacuation Pause) 757M->759M(1024M) 14.470ms
[2024-08-27T14:57:21.100+0000][info][gc,cpu         ] GC(224) User=0.33s Sys=0.00s Real=0.02s
[2024-08-27T14:57:21.118+0000][info][gc,start       ] GC(225) Pause Young (Mixed) (G1 Evacuation Pause)
[2024-08-27T14:57:21.118+0000][info][gc,task        ] GC(225) Using 24 workers of 68 for evacuation
[2024-08-27T14:57:21.130+0000][info][gc,phases      ] GC(225)   Pre Evacuate Collection Set: 0.2ms
[2024-08-27T14:57:21.130+0000][info][gc,phases      ] GC(225)   Merge Heap Roots: 0.4ms
[2024-08-27T14:57:21.130+0000][info][gc,phases      ] GC(225)   Evacuate Collection Set: 11.4ms
[2024-08-27T14:57:21.130+0000][info][gc,phases      ] GC(225)   Post Evacuate Collection Set: 0.3ms
[2024-08-27T14:57:21.130+0000][info][gc,phases      ] GC(225)   Other: 0.2ms
[2024-08-27T14:57:21.130+0000][info][gc,heap        ] GC(225) Eden regions: 40->0(44)
[2024-08-27T14:57:21.130+0000][info][gc,heap        ] GC(225) Survivor regions: 11->7(7)
[2024-08-27T14:57:21.130+0000][info][gc,heap        ] GC(225) Old regions: 754->700
[2024-08-27T14:57:21.130+0000][info][gc,heap        ] GC(225) Archive regions: 2->2
[2024-08-27T14:57:21.130+0000][info][gc,heap        ] GC(225) Humongous regions: 5->5
[2024-08-27T14:57:21.130+0000][info][gc,metaspace   ] GC(225) Metaspace: 100K(320K)->100K(320K) NonClass: 96K(192K)->96K(192K) Class: 4K(128K)->4K(128K)
[2024-08-27T14:57:21.130+0000][info][gc             ] GC(225) Pause Young (Mixed) (G1 Evacuation Pause) 799M->703M(1024M) 12.579ms
[2024-08-27T14:57:21.130+0000][info][gc,cpu         ] GC(225) User=0.28s Sys=0.01s Real=0.01s
[2024-08-27T14:57:21.151+0000][info][gc,start       ] GC(226) Pause Young (Mixed) (G1 Evacuation Pause)
[2024-08-27T14:57:21.151+0000][info][gc,task        ] GC(226) Using 24 workers of 68 for evacuation
[2024-08-27T14:57:21.162+0000][info][gc,phases      ] GC(226)   Pre Evacuate Collection Set: 0.2ms
[2024-08-27T14:57:21.162+0000][info][gc,phases      ] GC(226)   Merge Heap Roots: 0.3ms
[2024-08-27T14:57:21.162+0000][info][gc,phases      ] GC(226)   Evacuate Collection Set: 10.2ms
[2024-08-27T14:57:21.162+0000][info][gc,phases      ] GC(226)   Post Evacuate Collection Set: 0.4ms
[2024-08-27T14:57:21.162+0000][info][gc,phases      ] GC(226)   Other: 0.2ms
[2024-08-27T14:57:21.162+0000][info][gc,heap        ] GC(226) Eden regions: 44->0(78)
[2024-08-27T14:57:21.162+0000][info][gc,heap        ] GC(226) Survivor regions: 7->7(7)
[2024-08-27T14:57:21.162+0000][info][gc,heap        ] GC(226) Old regions: 700->661
[2024-08-27T14:57:21.162+0000][info][gc,heap        ] GC(226) Archive regions: 2->2
[2024-08-27T14:57:21.162+0000][info][gc,heap        ] GC(226) Humongous regions: 5->5
[2024-08-27T14:57:21.162+0000][info][gc,metaspace   ] GC(226) Metaspace: 100K(320K)->100K(320K) NonClass: 96K(192K)->96K(192K) Class: 4K(128K)->4K(128K)
[2024-08-27T14:57:21.162+0000][info][gc             ] GC(226) Pause Young (Mixed) (G1 Evacuation Pause) 747M->664M(1024M) 11.300ms
[2024-08-27T14:57:21.162+0000][info][gc,cpu         ] GC(226) User=0.24s Sys=0.01s Real=0.01s
[2024-08-27T14:57:21.196+0000][info][gc,start       ] GC(227) Pause Young (Concurrent Start) (G1 Evacuation Pause)
[2024-08-27T14:57:21.196+0000][info][gc,task        ] GC(227) Using 24 workers of 68 for evacuation
[2024-08-27T14:57:21.212+0000][info][gc,phases      ] GC(227)   Pre Evacuate Collection Set: 0.2ms
[2024-08-27T14:57:21.212+0000][info][gc,phases      ] GC(227)   Merge Heap Roots: 0.3ms
[2024-08-27T14:57:21.212+0000][info][gc,phases      ] GC(227)   Evacuate Collection Set: 14.0ms
[2024-08-27T14:57:21.212+0000][info][gc,phases      ] GC(227)   Post Evacuate Collection Set: 0.3ms
[2024-08-27T14:57:21.212+0000][info][gc,phases      ] GC(227)   Other: 0.8ms
[2024-08-27T14:57:21.212+0000][info][gc,heap        ] GC(227) Eden regions: 78->0(52)
[2024-08-27T14:57:21.212+0000][info][gc,heap        ] GC(227) Survivor regions: 7->11(11)
[2024-08-27T14:57:21.212+0000][info][gc,heap        ] GC(227) Old regions: 661->736
[2024-08-27T14:57:21.212+0000][info][gc,heap        ] GC(227) Archive regions: 2->2
[2024-08-27T14:57:21.212+0000][info][gc,heap        ] GC(227) Humongous regions: 5->5
[2024-08-27T14:57:21.212+0000][info][gc,metaspace   ] GC(227) Metaspace: 100K(320K)->100K(320K) NonClass: 96K(192K)->96K(192K) Class: 4K(128K)->4K(128K)
[2024-08-27T14:57:21.212+0000][info][gc             ] GC(227) Pause Young (Concurrent Start) (G1 Evacuation Pause) 742M->743M(1024M) 15.572ms
[2024-08-27T14:57:21.212+0000][info][gc,cpu         ] GC(227) User=0.34s Sys=0.00s Real=0.02s
[2024-08-27T14:57:21.212+0000][info][gc             ] GC(228) Concurrent Mark Cycle
[2024-08-27T14:57:21.212+0000][info][gc,marking     ] GC(228) Concurrent Clear Claimed Marks
[2024-08-27T14:57:21.212+0000][info][gc,marking     ] GC(228) Concurrent Clear Claimed Marks 0.010ms
[2024-08-27T14:57:21.212+0000][info][gc,marking     ] GC(228) Concurrent Scan Root Regions
[2024-08-27T14:57:21.214+0000][info][gc,marking     ] GC(228) Concurrent Scan Root Regions 2.288ms
[2024-08-27T14:57:21.214+0000][info][gc,marking     ] GC(228) Concurrent Mark
[2024-08-27T14:57:21.214+0000][info][gc,marking     ] GC(228) Concurrent Mark From Roots
[2024-08-27T14:57:21.214+0000][info][gc,task        ] GC(228) Using 17 workers of 17 for marking
[2024-08-27T14:57:21.234+0000][info][gc,marking     ] GC(228) Concurrent Mark From Roots 20.113ms
[2024-08-27T14:57:21.234+0000][info][gc,marking     ] GC(228) Concurrent Preclean
[2024-08-27T14:57:21.235+0000][info][gc,marking     ] GC(228) Concurrent Preclean 0.501ms
[2024-08-27T14:57:21.235+0000][info][gc,start       ] GC(228) Pause Remark
[2024-08-27T14:57:21.236+0000][info][gc             ] GC(228) Pause Remark 778M->778M(1024M) 1.079ms
[2024-08-27T14:57:21.236+0000][info][gc,cpu         ] GC(228) User=0.01s Sys=0.00s Real=0.00s
[2024-08-27T14:57:21.236+0000][info][gc,marking     ] GC(228) Concurrent Mark 22.021ms
[2024-08-27T14:57:21.236+0000][info][gc,marking     ] GC(228) Concurrent Rebuild Remembered Sets
[2024-08-27T14:57:21.245+0000][info][gc,start       ] GC(229) Pause Young (Normal) (G1 Evacuation Pause)
[2024-08-27T14:57:21.245+0000][info][gc,task        ] GC(229) Using 24 workers of 68 for evacuation
[2024-08-27T14:57:21.257+0000][info][gc,phases      ] GC(229)   Pre Evacuate Collection Set: 0.1ms
[2024-08-27T14:57:21.257+0000][info][gc,phases      ] GC(229)   Merge Heap Roots: 0.2ms
[2024-08-27T14:57:21.257+0000][info][gc,phases      ] GC(229)   Evacuate Collection Set: 11.2ms
[2024-08-27T14:57:21.257+0000][info][gc,phases      ] GC(229)   Post Evacuate Collection Set: 0.4ms
[2024-08-27T14:57:21.257+0000][info][gc,phases      ] GC(229)   Other: 0.2ms
[2024-08-27T14:57:21.257+0000][info][gc,heap        ] GC(229) Eden regions: 52->0(43)
[2024-08-27T14:57:21.257+0000][info][gc,heap        ] GC(229) Survivor regions: 11->8(8)
[2024-08-27T14:57:21.257+0000][info][gc,heap        ] GC(229) Old regions: 736->795
[2024-08-27T14:57:21.257+0000][info][gc,heap        ] GC(229) Archive regions: 2->2
[2024-08-27T14:57:21.257+0000][info][gc,heap        ] GC(229) Humongous regions: 5->5
[2024-08-27T14:57:21.257+0000][info][gc,metaspace   ] GC(229) Metaspace: 100K(320K)->100K(320K) NonClass: 96K(192K)->96K(192K) Class: 4K(128K)->4K(128K)
[2024-08-27T14:57:21.257+0000][info][gc             ] GC(229) Pause Young (Normal) (G1 Evacuation Pause) 795M->800M(1024M) 12.186ms
[2024-08-27T14:57:21.257+0000][info][gc,cpu         ] GC(229) User=0.27s Sys=0.01s Real=0.01s
[2024-08-27T14:57:21.278+0000][info][gc,start       ] GC(230) Pause Young (Normal) (G1 Evacuation Pause)
[2024-08-27T14:57:21.278+0000][info][gc,task        ] GC(230) Using 24 workers of 68 for evacuation
[2024-08-27T14:57:21.293+0000][info][gc,phases      ] GC(230)   Pre Evacuate Collection Set: 0.1ms
[2024-08-27T14:57:21.293+0000][info][gc,phases      ] GC(230)   Merge Heap Roots: 0.3ms
[2024-08-27T14:57:21.293+0000][info][gc,phases      ] GC(230)   Evacuate Collection Set: 14.3ms
[2024-08-27T14:57:21.293+0000][info][gc,phases      ] GC(230)   Post Evacuate Collection Set: 0.5ms
[2024-08-27T14:57:21.293+0000][info][gc,phases      ] GC(230)   Other: 0.2ms
[2024-08-27T14:57:21.293+0000][info][gc,heap        ] GC(230) Eden regions: 43->0(44)
[2024-08-27T14:57:21.293+0000][info][gc,heap        ] GC(230) Survivor regions: 8->7(7)
[2024-08-27T14:57:21.293+0000][info][gc,heap        ] GC(230) Old regions: 795->843
[2024-08-27T14:57:21.293+0000][info][gc,heap        ] GC(230) Archive regions: 2->2
[2024-08-27T14:57:21.293+0000][info][gc,heap        ] GC(230) Humongous regions: 5->5
[2024-08-27T14:57:21.293+0000][info][gc,metaspace   ] GC(230) Metaspace: 100K(320K)->100K(320K) NonClass: 96K(192K)->96K(192K) Class: 4K(128K)->4K(128K)
[2024-08-27T14:57:21.293+0000][info][gc             ] GC(230) Pause Young (Normal) (G1 Evacuation Pause) 843M->847M(1024M) 15.500ms
[2024-08-27T14:57:21.293+0000][info][gc,cpu         ] GC(230) User=0.35s Sys=0.00s Real=0.01s
[2024-08-27T14:57:21.315+0000][info][gc,start       ] GC(231) Pause Young (Normal) (G1 Evacuation Pause)
[2024-08-27T14:57:21.315+0000][info][gc,task        ] GC(231) Using 24 workers of 68 for evacuation
[2024-08-27T14:57:21.331+0000][info][gc,phases      ] GC(231)   Pre Evacuate Collection Set: 0.1ms
[2024-08-27T14:57:21.331+0000][info][gc,phases      ] GC(231)   Merge Heap Roots: 0.4ms
[2024-08-27T14:57:21.331+0000][info][gc,phases      ] GC(231)   Evacuate Collection Set: 14.4ms
[2024-08-27T14:57:21.331+0000][info][gc,phases      ] GC(231)   Post Evacuate Collection Set: 0.6ms
[2024-08-27T14:57:21.331+0000][info][gc,phases      ] GC(231)   Other: 0.2ms
[2024-08-27T14:57:21.331+0000][info][gc,heap        ] GC(231) Eden regions: 44->0(44)
[2024-08-27T14:57:21.331+0000][info][gc,heap        ] GC(231) Survivor regions: 7->7(7)
[2024-08-27T14:57:21.331+0000][info][gc,heap        ] GC(231) Old regions: 843->890
[2024-08-27T14:57:21.331+0000][info][gc,heap        ] GC(231) Archive regions: 2->2
[2024-08-27T14:57:21.331+0000][info][gc,heap        ] GC(231) Humongous regions: 5->5
[2024-08-27T14:57:21.331+0000][info][gc,metaspace   ] GC(231) Metaspace: 100K(320K)->100K(320K) NonClass: 96K(192K)->96K(192K) Class: 4K(128K)->4K(128K)
[2024-08-27T14:57:21.331+0000][info][gc             ] GC(231) Pause Young (Normal) (G1 Evacuation Pause) 891M->893M(1024M) 15.838ms
[2024-08-27T14:57:21.331+0000][info][gc,cpu         ] GC(231) User=0.37s Sys=0.00s Real=0.02s
[2024-08-27T14:57:21.350+0000][info][gc,marking     ] GC(228) Concurrent Rebuild Remembered Sets 113.511ms
[2024-08-27T14:57:21.350+0000][info][gc,start       ] GC(228) Pause Cleanup
[2024-08-27T14:57:21.351+0000][info][gc             ] GC(228) Pause Cleanup 933M->933M(1024M) 1.037ms
[2024-08-27T14:57:21.351+0000][info][gc,cpu         ] GC(228) User=0.00s Sys=0.00s Real=0.00s
[2024-08-27T14:57:21.351+0000][info][gc,marking     ] GC(228) Concurrent Cleanup for Next Mark
[2024-08-27T14:57:21.352+0000][info][gc,marking     ] GC(228) Concurrent Cleanup for Next Mark 0.684ms
[2024-08-27T14:57:21.352+0000][info][gc             ] GC(228) Concurrent Mark Cycle 139.989ms
[2024-08-27T14:57:21.354+0000][info][gc,start       ] GC(232) Pause Young (Prepare Mixed) (G1 Evacuation Pause)
[2024-08-27T14:57:21.354+0000][info][gc,task        ] GC(232) Using 24 workers of 68 for evacuation
[2024-08-27T14:57:21.370+0000][info][gc,phases      ] GC(232)   Pre Evacuate Collection Set: 0.1ms
[2024-08-27T14:57:21.370+0000][info][gc,phases      ] GC(232)   Merge Heap Roots: 0.6ms
[2024-08-27T14:57:21.370+0000][info][gc,phases      ] GC(232)   Evacuate Collection Set: 14.6ms
[2024-08-27T14:57:21.370+0000][info][gc,phases      ] GC(232)   Post Evacuate Collection Set: 0.3ms
[2024-08-27T14:57:21.370+0000][info][gc,phases      ] GC(232)   Other: 0.2ms
[2024-08-27T14:57:21.370+0000][info][gc,heap        ] GC(232) Eden regions: 44->0(44)
[2024-08-27T14:57:21.370+0000][info][gc,heap        ] GC(232) Survivor regions: 7->7(7)
[2024-08-27T14:57:21.370+0000][info][gc,heap        ] GC(232) Old regions: 890->937
[2024-08-27T14:57:21.370+0000][info][gc,heap        ] GC(232) Archive regions: 2->2
[2024-08-27T14:57:21.370+0000][info][gc,heap        ] GC(232) Humongous regions: 5->5
[2024-08-27T14:57:21.370+0000][info][gc,metaspace   ] GC(232) Metaspace: 100K(320K)->100K(320K) NonClass: 96K(192K)->96K(192K) Class: 4K(128K)->4K(128K)
[2024-08-27T14:57:21.370+0000][info][gc             ] GC(232) Pause Young (Prepare Mixed) (G1 Evacuation Pause) 937M->940M(1024M) 15.944ms
[2024-08-27T14:57:21.370+0000][info][gc,cpu         ] GC(232) User=0.36s Sys=0.00s Real=0.02s
[2024-08-27T14:57:21.386+0000][info][gc,start       ] GC(233) Pause Young (Mixed) (G1 Preventive Collection)
[2024-08-27T14:57:21.386+0000][info][gc,task        ] GC(233) Using 24 workers of 68 for evacuation
[2024-08-27T14:57:21.394+0000][info][gc,phases      ] GC(233)   Pre Evacuate Collection Set: 0.2ms
[2024-08-27T14:57:21.394+0000][info][gc,phases      ] GC(233)   Merge Heap Roots: 0.2ms
[2024-08-27T14:57:21.394+0000][info][gc,phases      ] GC(233)   Evacuate Collection Set: 7.7ms
[2024-08-27T14:57:21.394+0000][info][gc,phases      ] GC(233)   Post Evacuate Collection Set: 0.3ms
[2024-08-27T14:57:21.394+0000][info][gc,phases      ] GC(233)   Other: 0.2ms
[2024-08-27T14:57:21.394+0000][info][gc,heap        ] GC(233) Eden regions: 31->0(44)
[2024-08-27T14:57:21.394+0000][info][gc,heap        ] GC(233) Survivor regions: 7->7(7)
[2024-08-27T14:57:21.394+0000][info][gc,heap        ] GC(233) Old regions: 937->868
[2024-08-27T14:57:21.394+0000][info][gc,heap        ] GC(233) Archive regions: 2->2
[2024-08-27T14:57:21.394+0000][info][gc,heap        ] GC(233) Humongous regions: 5->5
[2024-08-27T14:57:21.394+0000][info][gc,metaspace   ] GC(233) Metaspace: 100K(320K)->100K(320K) NonClass: 96K(192K)->96K(192K) Class: 4K(128K)->4K(128K)
[2024-08-27T14:57:21.395+0000][info][gc             ] GC(233) Pause Young (Mixed) (G1 Preventive Collection) 971M->879M(1024M) 8.748ms
[2024-08-27T14:57:21.395+0000][info][gc,cpu         ] GC(233) User=0.19s Sys=0.00s Real=0.01s
[2024-08-27T14:57:21.416+0000][info][gc,start       ] GC(234) Pause Young (Mixed) (G1 Evacuation Pause)
[2024-08-27T14:57:21.416+0000][info][gc,task        ] GC(234) Using 24 workers of 68 for evacuation
[2024-08-27T14:57:21.427+0000][info][gc,phases      ] GC(234)   Pre Evacuate Collection Set: 0.2ms
[2024-08-27T14:57:21.427+0000][info][gc,phases      ] GC(234)   Merge Heap Roots: 0.4ms
[2024-08-27T14:57:21.427+0000][info][gc,phases      ] GC(234)   Evacuate Collection Set: 9.7ms
[2024-08-27T14:57:21.427+0000][info][gc,phases      ] GC(234)   Post Evacuate Collection Set: 0.4ms
[2024-08-27T14:57:21.427+0000][info][gc,phases      ] GC(234)   Other: 0.3ms
[2024-08-27T14:57:21.427+0000][info][gc,heap        ] GC(234) Eden regions: 44->0(44)
[2024-08-27T14:57:21.427+0000][info][gc,heap        ] GC(234) Survivor regions: 7->7(7)
[2024-08-27T14:57:21.427+0000][info][gc,heap        ] GC(234) Old regions: 868->811
[2024-08-27T14:57:21.427+0000][info][gc,heap        ] GC(234) Archive regions: 2->2
[2024-08-27T14:57:21.427+0000][info][gc,heap        ] GC(234) Humongous regions: 5->5
[2024-08-27T14:57:21.427+0000][info][gc,metaspace   ] GC(234) Metaspace: 100K(320K)->100K(320K) NonClass: 96K(192K)->96K(192K) Class: 4K(128K)->4K(128K)
[2024-08-27T14:57:21.427+0000][info][gc             ] GC(234) Pause Young (Mixed) (G1 Evacuation Pause) 923M->822M(1024M) 11.090ms
[2024-08-27T14:57:21.427+0000][info][gc,cpu         ] GC(234) User=0.24s Sys=0.00s Real=0.01s
[2024-08-27T14:57:21.447+0000][info][gc,start       ] GC(235) Pause Young (Mixed) (G1 Evacuation Pause)
[2024-08-27T14:57:21.447+0000][info][gc,task        ] GC(235) Using 24 workers of 68 for evacuation
[2024-08-27T14:57:21.457+0000][info][gc,phases      ] GC(235)   Pre Evacuate Collection Set: 0.2ms
[2024-08-27T14:57:21.457+0000][info][gc,phases      ] GC(235)   Merge Heap Roots: 0.3ms
[2024-08-27T14:57:21.457+0000][info][gc,phases      ] GC(235)   Evacuate Collection Set: 8.9ms
[2024-08-27T14:57:21.457+0000][info][gc,phases      ] GC(235)   Post Evacuate Collection Set: 0.3ms
[2024-08-27T14:57:21.457+0000][info][gc,phases      ] GC(235)   Other: 0.2ms
[2024-08-27T14:57:21.457+0000][info][gc,heap        ] GC(235) Eden regions: 44->0(44)
[2024-08-27T14:57:21.457+0000][info][gc,heap        ] GC(235) Survivor regions: 7->7(7)
[2024-08-27T14:57:21.457+0000][info][gc,heap        ] GC(235) Old regions: 811->838
[2024-08-27T14:57:21.457+0000][info][gc,heap        ] GC(235) Archive regions: 2->2
[2024-08-27T14:57:21.457+0000][info][gc,heap        ] GC(235) Humongous regions: 5->5
[2024-08-27T14:57:21.457+0000][info][gc,metaspace   ] GC(235) Metaspace: 100K(320K)->100K(320K) NonClass: 96K(192K)->96K(192K) Class: 4K(128K)->4K(128K)
[2024-08-27T14:57:21.457+0000][info][gc             ] GC(235) Pause Young (Mixed) (G1 Evacuation Pause) 866M->849M(1024M) 9.950ms
[2024-08-27T14:57:21.457+0000][info][gc,cpu         ] GC(235) User=0.21s Sys=0.00s Real=0.01s
[2024-08-27T14:57:21.477+0000][info][gc,start       ] GC(236) Pause Young (Concurrent Start) (G1 Evacuation Pause)
[2024-08-27T14:57:21.477+0000][info][gc,task        ] GC(236) Using 24 workers of 68 for evacuation
[2024-08-27T14:57:21.488+0000][info][gc,phases      ] GC(236)   Pre Evacuate Collection Set: 0.2ms
[2024-08-27T14:57:21.488+0000][info][gc,phases      ] GC(236)   Merge Heap Roots: 0.3ms
[2024-08-27T14:57:21.488+0000][info][gc,phases      ] GC(236)   Evacuate Collection Set: 9.0ms
[2024-08-27T14:57:21.488+0000][info][gc,phases      ] GC(236)   Post Evacuate Collection Set: 0.3ms
[2024-08-27T14:57:21.488+0000][info][gc,phases      ] GC(236)   Other: 0.6ms
[2024-08-27T14:57:21.488+0000][info][gc,heap        ] GC(236) Eden regions: 44->0(44)
[2024-08-27T14:57:21.488+0000][info][gc,heap        ] GC(236) Survivor regions: 7->7(7)
[2024-08-27T14:57:21.488+0000][info][gc,heap        ] GC(236) Old regions: 838->885
[2024-08-27T14:57:21.488+0000][info][gc,heap        ] GC(236) Archive regions: 2->2
[2024-08-27T14:57:21.488+0000][info][gc,heap        ] GC(236) Humongous regions: 5->5
[2024-08-27T14:57:21.488+0000][info][gc,metaspace   ] GC(236) Metaspace: 100K(320K)->100K(320K) NonClass: 96K(192K)->96K(192K) Class: 4K(128K)->4K(128K)
[2024-08-27T14:57:21.488+0000][info][gc             ] GC(236) Pause Young (Concurrent Start) (G1 Evacuation Pause) 893M->896M(1024M) 10.432ms
[2024-08-27T14:57:21.488+0000][info][gc,cpu         ] GC(236) User=0.21s Sys=0.00s Real=0.01s
[2024-08-27T14:57:21.488+0000][info][gc             ] GC(237) Concurrent Mark Cycle
[2024-08-27T14:57:21.488+0000][info][gc,marking     ] GC(237) Concurrent Clear Claimed Marks
[2024-08-27T14:57:21.488+0000][info][gc,marking     ] GC(237) Concurrent Clear Claimed Marks 0.013ms
[2024-08-27T14:57:21.488+0000][info][gc,marking     ] GC(237) Concurrent Scan Root Regions
[2024-08-27T14:57:21.490+0000][info][gc,marking     ] GC(237) Concurrent Scan Root Regions 1.561ms
[2024-08-27T14:57:21.490+0000][info][gc,marking     ] GC(237) Concurrent Mark
[2024-08-27T14:57:21.490+0000][info][gc,marking     ] GC(237) Concurrent Mark From Roots
[2024-08-27T14:57:21.490+0000][info][gc,task        ] GC(237) Using 17 workers of 17 for marking
[2024-08-27T14:57:21.513+0000][info][gc,marking     ] GC(237) Concurrent Mark From Roots 23.486ms
[2024-08-27T14:57:21.513+0000][info][gc,marking     ] GC(237) Concurrent Preclean
[2024-08-27T14:57:21.514+0000][info][gc,marking     ] GC(237) Concurrent Preclean 0.740ms
[2024-08-27T14:57:21.514+0000][info][gc,start       ] GC(237) Pause Remark
[2024-08-27T14:57:21.515+0000][info][gc             ] GC(237) Pause Remark 937M->937M(1024M) 1.291ms
[2024-08-27T14:57:21.515+0000][info][gc,cpu         ] GC(237) User=0.00s Sys=0.00s Real=0.00s
[2024-08-27T14:57:21.516+0000][info][gc,marking     ] GC(237) Concurrent Mark 25.890ms
[2024-08-27T14:57:21.516+0000][info][gc,marking     ] GC(237) Concurrent Rebuild Remembered Sets
[2024-08-27T14:57:21.518+0000][info][gc,start       ] GC(238) Pause Young (Normal) (G1 Evacuation Pause)
[2024-08-27T14:57:21.518+0000][info][gc,task        ] GC(238) Using 24 workers of 68 for evacuation
[2024-08-27T14:57:21.527+0000][info][gc,phases      ] GC(238)   Pre Evacuate Collection Set: 0.1ms
[2024-08-27T14:57:21.527+0000][info][gc,phases      ] GC(238)   Merge Heap Roots: 0.2ms
[2024-08-27T14:57:21.527+0000][info][gc,phases      ] GC(238)   Evacuate Collection Set: 9.0ms
[2024-08-27T14:57:21.527+0000][info][gc,phases      ] GC(238)   Post Evacuate Collection Set: 0.4ms
[2024-08-27T14:57:21.527+0000][info][gc,phases      ] GC(238)   Other: 0.1ms
[2024-08-27T14:57:21.528+0000][info][gc,heap        ] GC(238) Eden regions: 44->0(44)
[2024-08-27T14:57:21.528+0000][info][gc,heap        ] GC(238) Survivor regions: 7->7(7)
[2024-08-27T14:57:21.528+0000][info][gc,heap        ] GC(238) Old regions: 885->931
[2024-08-27T14:57:21.528+0000][info][gc,heap        ] GC(238) Archive regions: 2->2
[2024-08-27T14:57:21.528+0000][info][gc,heap        ] GC(238) Humongous regions: 5->5
[2024-08-27T14:57:21.528+0000][info][gc,metaspace   ] GC(238) Metaspace: 100K(320K)->100K(320K) NonClass: 96K(192K)->96K(192K) Class: 4K(128K)->4K(128K)
[2024-08-27T14:57:21.528+0000][info][gc             ] GC(238) Pause Young (Normal) (G1 Evacuation Pause) 940M->942M(1024M) 9.928ms
[2024-08-27T14:57:21.528+0000][info][gc,cpu         ] GC(238) User=0.22s Sys=0.00s Real=0.00s
[2024-08-27T14:57:21.544+0000][info][gc,start       ] GC(239) Pause Young (Normal) (G1 Preventive Collection)
[2024-08-27T14:57:21.544+0000][info][gc,task        ] GC(239) Using 24 workers of 68 for evacuation
[2024-08-27T14:57:21.556+0000][info][gc,phases      ] GC(239)   Pre Evacuate Collection Set: 0.1ms
[2024-08-27T14:57:21.556+0000][info][gc,phases      ] GC(239)   Merge Heap Roots: 0.3ms
[2024-08-27T14:57:21.556+0000][info][gc,phases      ] GC(239)   Evacuate Collection Set: 11.0ms
[2024-08-27T14:57:21.556+0000][info][gc,phases      ] GC(239)   Post Evacuate Collection Set: 0.5ms
[2024-08-27T14:57:21.556+0000][info][gc,phases      ] GC(239)   Other: 0.2ms
[2024-08-27T14:57:21.556+0000][info][gc,heap        ] GC(239) Eden regions: 34->0(44)
[2024-08-27T14:57:21.556+0000][info][gc,heap        ] GC(239) Survivor regions: 7->7(7)
[2024-08-27T14:57:21.556+0000][info][gc,heap        ] GC(239) Old regions: 931->968
[2024-08-27T14:57:21.556+0000][info][gc,heap        ] GC(239) Archive regions: 2->2
[2024-08-27T14:57:21.556+0000][info][gc,heap        ] GC(239) Humongous regions: 5->5
[2024-08-27T14:57:21.556+0000][info][gc,metaspace   ] GC(239) Metaspace: 100K(320K)->100K(320K) NonClass: 96K(192K)->96K(192K) Class: 4K(128K)->4K(128K)
[2024-08-27T14:57:21.556+0000][info][gc             ] GC(239) Pause Young (Normal) (G1 Preventive Collection) 976M->979M(1024M) 12.199ms
[2024-08-27T14:57:21.556+0000][info][gc,cpu         ] GC(239) User=0.28s Sys=0.00s Real=0.01s
[2024-08-27T14:57:21.564+0000][info][gc,start       ] GC(240) Pause Young (Normal) (G1 Preventive Collection)
[2024-08-27T14:57:21.564+0000][info][gc,task        ] GC(240) Using 24 workers of 68 for evacuation
[2024-08-27T14:57:21.575+0000][info][gc             ] GC(240) To-space exhausted
[2024-08-27T14:57:21.575+0000][info][gc,phases      ] GC(240)   Pre Evacuate Collection Set: 0.1ms
[2024-08-27T14:57:21.575+0000][info][gc,phases      ] GC(240)   Merge Heap Roots: 0.3ms
[2024-08-27T14:57:21.575+0000][info][gc,phases      ] GC(240)   Evacuate Collection Set: 9.8ms
[2024-08-27T14:57:21.575+0000][info][gc,phases      ] GC(240)   Post Evacuate Collection Set: 0.7ms
[2024-08-27T14:57:21.575+0000][info][gc,phases      ] GC(240)   Other: 0.2ms
[2024-08-27T14:57:21.575+0000][info][gc,heap        ] GC(240) Eden regions: 16->0(44)
[2024-08-27T14:57:21.575+0000][info][gc,heap        ] GC(240) Survivor regions: 7->7(7)
[2024-08-27T14:57:21.575+0000][info][gc,heap        ] GC(240) Old regions: 968->994
[2024-08-27T14:57:21.575+0000][info][gc,heap        ] GC(240) Archive regions: 2->2
[2024-08-27T14:57:21.575+0000][info][gc,heap        ] GC(240) Humongous regions: 5->5
[2024-08-27T14:57:21.575+0000][info][gc,metaspace   ] GC(240) Metaspace: 100K(320K)->100K(320K) NonClass: 96K(192K)->96K(192K) Class: 4K(128K)->4K(128K)
[2024-08-27T14:57:21.575+0000][info][gc             ] GC(240) Pause Young (Normal) (G1 Preventive Collection) 995M->1006M(1024M) 11.125ms
[2024-08-27T14:57:21.575+0000][info][gc,cpu         ] GC(240) User=0.24s Sys=0.00s Real=0.01s
[2024-08-27T14:57:21.578+0000][info][gc,start       ] GC(241) Pause Young (Normal) (G1 Preventive Collection)
[2024-08-27T14:57:21.578+0000][info][gc,task        ] GC(241) Using 24 workers of 68 for evacuation
[2024-08-27T14:57:21.586+0000][info][gc             ] GC(241) To-space exhausted
[2024-08-27T14:57:21.586+0000][info][gc,phases      ] GC(241)   Pre Evacuate Collection Set: 0.1ms
[2024-08-27T14:57:21.586+0000][info][gc,phases      ] GC(241)   Merge Heap Roots: 0.5ms
[2024-08-27T14:57:21.586+0000][info][gc,phases      ] GC(241)   Evacuate Collection Set: 6.3ms
[2024-08-27T14:57:21.586+0000][info][gc,phases      ] GC(241)   Post Evacuate Collection Set: 0.7ms
[2024-08-27T14:57:21.586+0000][info][gc,phases      ] GC(241)   Other: 0.2ms
[2024-08-27T14:57:21.586+0000][info][gc,heap        ] GC(241) Eden regions: 4->0(47)
[2024-08-27T14:57:21.586+0000][info][gc,heap        ] GC(241) Survivor regions: 7->4(7)
[2024-08-27T14:57:21.586+0000][info][gc,heap        ] GC(241) Old regions: 994->1013
[2024-08-27T14:57:21.586+0000][info][gc,heap        ] GC(241) Archive regions: 2->2
[2024-08-27T14:57:21.586+0000][info][gc,heap        ] GC(241) Humongous regions: 5->5
[2024-08-27T14:57:21.586+0000][info][gc,metaspace   ] GC(241) Metaspace: 100K(320K)->100K(320K) NonClass: 96K(192K)->96K(192K) Class: 4K(128K)->4K(128K)
[2024-08-27T14:57:21.586+0000][info][gc             ] GC(241) Pause Young (Normal) (G1 Preventive Collection) 1010M->1022M(1024M) 7.829ms
[2024-08-27T14:57:21.586+0000][info][gc,cpu         ] GC(241) User=0.16s Sys=0.00s Real=0.00s
[2024-08-27T14:57:21.586+0000][info][gc,ergo        ] Attempting full compaction
[2024-08-27T14:57:21.586+0000][info][gc,task        ] GC(242) Using 24 workers of 68 for full compaction
[2024-08-27T14:57:21.586+0000][info][gc,start       ] GC(242) Pause Full (G1 Compaction Pause)
[2024-08-27T14:57:21.587+0000][info][gc,phases,start] GC(242) Phase 1: Mark live objects
[2024-08-27T14:57:21.601+0000][info][gc,phases      ] GC(242) Phase 1: Mark live objects 14.426ms
[2024-08-27T14:57:21.601+0000][info][gc,phases,start] GC(242) Phase 2: Prepare for compaction
[2024-08-27T14:57:21.608+0000][info][gc,phases      ] GC(242) Phase 2: Prepare for compaction 7.244ms
[2024-08-27T14:57:21.608+0000][info][gc,phases,start] GC(242) Phase 3: Adjust pointers
[2024-08-27T14:57:21.623+0000][info][gc,phases      ] GC(242) Phase 3: Adjust pointers 14.452ms
[2024-08-27T14:57:21.623+0000][info][gc,phases,start] GC(242) Phase 4: Compact heap
[2024-08-27T14:57:21.649+0000][info][gc,phases      ] GC(242) Phase 4: Compact heap 26.147ms
[2024-08-27T14:57:21.650+0000][info][gc,heap        ] GC(242) Eden regions: 0->0(149)
[2024-08-27T14:57:21.650+0000][info][gc,heap        ] GC(242) Survivor regions: 4->0(7)
[2024-08-27T14:57:21.650+0000][info][gc,heap        ] GC(242) Old regions: 1013->445
[2024-08-27T14:57:21.650+0000][info][gc,heap        ] GC(242) Archive regions: 2->2
[2024-08-27T14:57:21.650+0000][info][gc,heap        ] GC(242) Humongous regions: 5->5
[2024-08-27T14:57:21.650+0000][info][gc,metaspace   ] GC(242) Metaspace: 100K(320K)->100K(320K) NonClass: 96K(192K)->96K(192K) Class: 4K(128K)->4K(128K)
[2024-08-27T14:57:21.650+0000][info][gc             ] GC(242) Pause Full (G1 Compaction Pause) 1022M->437M(1024M) 64.366ms
[2024-08-27T14:57:21.651+0000][info][gc,cpu         ] GC(242) User=1.35s Sys=0.00s Real=0.07s
[2024-08-27T14:57:21.651+0000][info][gc,marking     ] GC(237) Concurrent Rebuild Remembered Sets 135.260ms
[2024-08-27T14:57:21.651+0000][info][gc,marking     ] GC(237) Concurrent Mark Abort
[2024-08-27T14:57:21.651+0000][info][gc             ] GC(237) Concurrent Mark Cycle 162.907ms
[2024-08-27T14:57:21.725+0000][info][gc,start       ] GC(243) Pause Young (Normal) (G1 Evacuation Pause)
[2024-08-27T14:57:21.725+0000][info][gc,task        ] GC(243) Using 24 workers of 68 for evacuation
[2024-08-27T14:57:21.745+0000][info][gc,phases      ] GC(243)   Pre Evacuate Collection Set: 0.2ms
[2024-08-27T14:57:21.745+0000][info][gc,phases      ] GC(243)   Merge Heap Roots: 0.3ms
[2024-08-27T14:57:21.745+0000][info][gc,phases      ] GC(243)   Evacuate Collection Set: 19.8ms
[2024-08-27T14:57:21.745+0000][info][gc,phases      ] GC(243)   Post Evacuate Collection Set: 0.3ms
[2024-08-27T14:57:21.745+0000][info][gc,phases      ] GC(243)   Other: 0.2ms
[2024-08-27T14:57:21.745+0000][info][gc,heap        ] GC(243) Eden regions: 149->0(103)
[2024-08-27T14:57:21.745+0000][info][gc,heap        ] GC(243) Survivor regions: 0->19(19)
[2024-08-27T14:57:21.745+0000][info][gc,heap        ] GC(243) Old regions: 445->571
[2024-08-27T14:57:21.745+0000][info][gc,heap        ] GC(243) Archive regions: 2->2
[2024-08-27T14:57:21.745+0000][info][gc,heap        ] GC(243) Humongous regions: 5->5
[2024-08-27T14:57:21.745+0000][info][gc,metaspace   ] GC(243) Metaspace: 100K(320K)->100K(320K) NonClass: 96K(192K)->96K(192K) Class: 4K(128K)->4K(128K)
[2024-08-27T14:57:21.745+0000][info][gc             ] GC(243) Pause Young (Normal) (G1 Evacuation Pause) 586M->582M(1024M) 20.910ms
[2024-08-27T14:57:21.746+0000][info][gc,cpu         ] GC(243) User=0.48s Sys=0.00s Real=0.02s
[2024-08-27T14:57:21.792+0000][info][gc,start       ] GC(244) Pause Young (Concurrent Start) (G1 Evacuation Pause)
[2024-08-27T14:57:21.792+0000][info][gc,task        ] GC(244) Using 24 workers of 68 for evacuation
[2024-08-27T14:57:21.815+0000][info][gc,phases      ] GC(244)   Pre Evacuate Collection Set: 0.2ms
[2024-08-27T14:57:21.815+0000][info][gc,phases      ] GC(244)   Merge Heap Roots: 0.4ms
[2024-08-27T14:57:21.815+0000][info][gc,phases      ] GC(244)   Evacuate Collection Set: 21.2ms
[2024-08-27T14:57:21.815+0000][info][gc,phases      ] GC(244)   Post Evacuate Collection Set: 0.3ms
[2024-08-27T14:57:21.815+0000][info][gc,phases      ] GC(244)   Other: 0.6ms
[2024-08-27T14:57:21.815+0000][info][gc,heap        ] GC(244) Eden regions: 103->0(69)
[2024-08-27T14:57:21.815+0000][info][gc,heap        ] GC(244) Survivor regions: 19->16(16)
[2024-08-27T14:57:21.815+0000][info][gc,heap        ] GC(244) Old regions: 571->679
[2024-08-27T14:57:21.815+0000][info][gc,heap        ] GC(244) Archive regions: 2->2
[2024-08-27T14:57:21.815+0000][info][gc,heap        ] GC(244) Humongous regions: 5->5
[2024-08-27T14:57:21.815+0000][info][gc,metaspace   ] GC(244) Metaspace: 100K(320K)->100K(320K) NonClass: 96K(192K)->96K(192K) Class: 4K(128K)->4K(128K)
[2024-08-27T14:57:21.815+0000][info][gc             ] GC(244) Pause Young (Concurrent Start) (G1 Evacuation Pause) 685M->687M(1024M) 22.782ms
[2024-08-27T14:57:21.815+0000][info][gc,cpu         ] GC(244) User=0.43s Sys=0.10s Real=0.02s
[2024-08-27T14:57:21.815+0000][info][gc             ] GC(245) Concurrent Mark Cycle
[2024-08-27T14:57:21.815+0000][info][gc,marking     ] GC(245) Concurrent Clear Claimed Marks
[2024-08-27T14:57:21.815+0000][info][gc,marking     ] GC(245) Concurrent Clear Claimed Marks 0.010ms
[2024-08-27T14:57:21.815+0000][info][gc,marking     ] GC(245) Concurrent Scan Root Regions
[2024-08-27T14:57:21.819+0000][info][gc,marking     ] GC(245) Concurrent Scan Root Regions 3.558ms
[2024-08-27T14:57:21.819+0000][info][gc,marking     ] GC(245) Concurrent Mark
[2024-08-27T14:57:21.819+0000][info][gc,marking     ] GC(245) Concurrent Mark From Roots
[2024-08-27T14:57:21.819+0000][info][gc,task        ] GC(245) Using 17 workers of 17 for marking
[2024-08-27T14:57:21.840+0000][info][gc,marking     ] GC(245) Concurrent Mark From Roots 21.100ms
[2024-08-27T14:57:21.840+0000][info][gc,marking     ] GC(245) Concurrent Preclean
[2024-08-27T14:57:21.840+0000][info][gc,marking     ] GC(245) Concurrent Preclean 0.503ms
[2024-08-27T14:57:21.841+0000][info][gc,start       ] GC(245) Pause Remark
[2024-08-27T14:57:21.842+0000][info][gc             ] GC(245) Pause Remark 725M->725M(1024M) 1.039ms
[2024-08-27T14:57:21.842+0000][info][gc,cpu         ] GC(245) User=0.01s Sys=0.00s Real=0.00s
[2024-08-27T14:57:21.842+0000][info][gc,marking     ] GC(245) Concurrent Mark 22.977ms
[2024-08-27T14:57:21.842+0000][info][gc,marking     ] GC(245) Concurrent Rebuild Remembered Sets
[2024-08-27T14:57:21.856+0000][info][gc,start       ] GC(246) Pause Young (Normal) (G1 Evacuation Pause)
[2024-08-27T14:57:21.856+0000][info][gc,task        ] GC(246) Using 24 workers of 68 for evacuation
[2024-08-27T14:57:21.872+0000][info][gc,phases      ] GC(246)   Pre Evacuate Collection Set: 0.1ms
[2024-08-27T14:57:21.872+0000][info][gc,phases      ] GC(246)   Merge Heap Roots: 0.3ms
[2024-08-27T14:57:21.872+0000][info][gc,phases      ] GC(246)   Evacuate Collection Set: 14.5ms
[2024-08-27T14:57:21.872+0000][info][gc,phases      ] GC(246)   Post Evacuate Collection Set: 0.5ms
[2024-08-27T14:57:21.872+0000][info][gc,phases      ] GC(246)   Other: 0.2ms
[2024-08-27T14:57:21.872+0000][info][gc,heap        ] GC(246) Eden regions: 69->0(46)
[2024-08-27T14:57:21.872+0000][info][gc,heap        ] GC(246) Survivor regions: 16->11(11)
[2024-08-27T14:57:21.872+0000][info][gc,heap        ] GC(246) Old regions: 679->756
[2024-08-27T14:57:21.872+0000][info][gc,heap        ] GC(246) Archive regions: 2->2
[2024-08-27T14:57:21.872+0000][info][gc,heap        ] GC(246) Humongous regions: 5->5
[2024-08-27T14:57:21.872+0000][info][gc,metaspace   ] GC(246) Metaspace: 100K(320K)->100K(320K) NonClass: 96K(192K)->96K(192K) Class: 4K(128K)->4K(128K)
[2024-08-27T14:57:21.872+0000][info][gc             ] GC(246) Pause Young (Normal) (G1 Evacuation Pause) 756M->759M(1024M) 15.637ms
[2024-08-27T14:57:21.872+0000][info][gc,cpu         ] GC(246) User=0.35s Sys=0.00s Real=0.02s
[2024-08-27T14:57:21.894+0000][info][gc,start       ] GC(247) Pause Young (Normal) (G1 Evacuation Pause)
[2024-08-27T14:57:21.894+0000][info][gc,task        ] GC(247) Using 24 workers of 68 for evacuation
[2024-08-27T14:57:21.912+0000][info][gc,phases      ] GC(247)   Pre Evacuate Collection Set: 0.1ms
[2024-08-27T14:57:21.912+0000][info][gc,phases      ] GC(247)   Merge Heap Roots: 0.5ms
[2024-08-27T14:57:21.912+0000][info][gc,phases      ] GC(247)   Evacuate Collection Set: 17.4ms
[2024-08-27T14:57:21.912+0000][info][gc,phases      ] GC(247)   Post Evacuate Collection Set: 0.6ms
[2024-08-27T14:57:21.912+0000][info][gc,phases      ] GC(247)   Other: 0.2ms
[2024-08-27T14:57:21.912+0000][info][gc,heap        ] GC(247) Eden regions: 46->0(43)
[2024-08-27T14:57:21.912+0000][info][gc,heap        ] GC(247) Survivor regions: 11->8(8)
[2024-08-27T14:57:21.912+0000][info][gc,heap        ] GC(247) Old regions: 756->809
[2024-08-27T14:57:21.912+0000][info][gc,heap        ] GC(247) Archive regions: 2->2
[2024-08-27T14:57:21.912+0000][info][gc,heap        ] GC(247) Humongous regions: 5->5
[2024-08-27T14:57:21.912+0000][info][gc,metaspace   ] GC(247) Metaspace: 100K(320K)->100K(320K) NonClass: 96K(192K)->96K(192K) Class: 4K(128K)->4K(128K)
[2024-08-27T14:57:21.912+0000][info][gc             ] GC(247) Pause Young (Normal) (G1 Evacuation Pause) 805M->809M(1024M) 18.857ms
[2024-08-27T14:57:21.912+0000][info][gc,cpu         ] GC(247) User=0.43s Sys=0.01s Real=0.02s
[2024-08-27T14:57:21.933+0000][info][gc,start       ] GC(248) Pause Young (Normal) (G1 Evacuation Pause)
[2024-08-27T14:57:21.933+0000][info][gc,task        ] GC(248) Using 24 workers of 68 for evacuation
[2024-08-27T14:57:21.950+0000][info][gc,phases      ] GC(248)   Pre Evacuate Collection Set: 0.1ms
[2024-08-27T14:57:21.950+0000][info][gc,phases      ] GC(248)   Merge Heap Roots: 0.5ms
[2024-08-27T14:57:21.950+0000][info][gc,phases      ] GC(248)   Evacuate Collection Set: 15.8ms
[2024-08-27T14:57:21.950+0000][info][gc,phases      ] GC(248)   Post Evacuate Collection Set: 0.7ms
[2024-08-27T14:57:21.950+0000][info][gc,phases      ] GC(248)   Other: 0.2ms
[2024-08-27T14:57:21.950+0000][info][gc,heap        ] GC(248) Eden regions: 43->0(44)
[2024-08-27T14:57:21.950+0000][info][gc,heap        ] GC(248) Survivor regions: 8->7(7)
[2024-08-27T14:57:21.950+0000][info][gc,heap        ] GC(248) Old regions: 809->857
[2024-08-27T14:57:21.950+0000][info][gc,heap        ] GC(248) Archive regions: 2->2
[2024-08-27T14:57:21.950+0000][info][gc,heap        ] GC(248) Humongous regions: 5->5
[2024-08-27T14:57:21.950+0000][info][gc,metaspace   ] GC(248) Metaspace: 100K(320K)->100K(320K) NonClass: 96K(192K)->96K(192K) Class: 4K(128K)->4K(128K)
[2024-08-27T14:57:21.951+0000][info][gc             ] GC(248) Pause Young (Normal) (G1 Evacuation Pause) 852M->856M(1024M) 17.344ms
[2024-08-27T14:57:21.951+0000][info][gc,cpu         ] GC(248) User=0.36s Sys=0.03s Real=0.02s
[2024-08-27T14:57:21.958+0000][info][gc,marking     ] GC(245) Concurrent Rebuild Remembered Sets 116.592ms
[2024-08-27T14:57:21.959+0000][info][gc,start       ] GC(245) Pause Cleanup
[2024-08-27T14:57:21.960+0000][info][gc             ] GC(245) Pause Cleanup 873M->873M(1024M) 1.032ms
[2024-08-27T14:57:21.960+0000][info][gc,cpu         ] GC(245) User=0.00s Sys=0.00s Real=0.00s
[2024-08-27T14:57:21.960+0000][info][gc,marking     ] GC(245) Concurrent Cleanup for Next Mark
[2024-08-27T14:57:21.960+0000][info][gc,marking     ] GC(245) Concurrent Cleanup for Next Mark 0.597ms
[2024-08-27T14:57:21.960+0000][info][gc             ] GC(245) Concurrent Mark Cycle 145.183ms
[2024-08-27T14:57:21.974+0000][info][gc,start       ] GC(249) Pause Young (Prepare Mixed) (G1 Evacuation Pause)
[2024-08-27T14:57:21.974+0000][info][gc,task        ] GC(249) Using 24 workers of 68 for evacuation
[2024-08-27T14:57:21.991+0000][info][gc,phases      ] GC(249)   Pre Evacuate Collection Set: 0.2ms
[2024-08-27T14:57:21.991+0000][info][gc,phases      ] GC(249)   Merge Heap Roots: 0.7ms
[2024-08-27T14:57:21.991+0000][info][gc,phases      ] GC(249)   Evacuate Collection Set: 16.3ms
[2024-08-27T14:57:21.991+0000][info][gc,phases      ] GC(249)   Post Evacuate Collection Set: 0.3ms
[2024-08-27T14:57:21.991+0000][info][gc,phases      ] GC(249)   Other: 0.2ms
[2024-08-27T14:57:21.991+0000][info][gc,heap        ] GC(249) Eden regions: 44->0(44)
[2024-08-27T14:57:21.991+0000][info][gc,heap        ] GC(249) Survivor regions: 7->7(7)
[2024-08-27T14:57:21.991+0000][info][gc,heap        ] GC(249) Old regions: 857->904
[2024-08-27T14:57:21.991+0000][info][gc,heap        ] GC(249) Archive regions: 2->2
[2024-08-27T14:57:21.991+0000][info][gc,heap        ] GC(249) Humongous regions: 5->5
[2024-08-27T14:57:21.991+0000][info][gc,metaspace   ] GC(249) Metaspace: 100K(320K)->100K(320K) NonClass: 96K(192K)->96K(192K) Class: 4K(128K)->4K(128K)
[2024-08-27T14:57:21.991+0000][info][gc             ] GC(249) Pause Young (Prepare Mixed) (G1 Evacuation Pause) 900M->903M(1024M) 17.681ms
[2024-08-27T14:57:21.992+0000][info][gc,cpu         ] GC(249) User=0.39s Sys=0.02s Real=0.02s
[2024-08-27T14:57:22.012+0000][info][gc,start       ] GC(250) Pause Young (Mixed) (G1 Evacuation Pause)
[2024-08-27T14:57:22.012+0000][info][gc,task        ] GC(250) Using 24 workers of 68 for evacuation
[2024-08-27T14:57:22.023+0000][info][gc,phases      ] GC(250)   Pre Evacuate Collection Set: 0.2ms
[2024-08-27T14:57:22.023+0000][info][gc,phases      ] GC(250)   Merge Heap Roots: 0.4ms
[2024-08-27T14:57:22.023+0000][info][gc,phases      ] GC(250)   Evacuate Collection Set: 9.6ms
[2024-08-27T14:57:22.023+0000][info][gc,phases      ] GC(250)   Post Evacuate Collection Set: 0.4ms
[2024-08-27T14:57:22.023+0000][info][gc,phases      ] GC(250)   Other: 0.2ms
[2024-08-27T14:57:22.023+0000][info][gc,heap        ] GC(250) Eden regions: 44->0(44)
[2024-08-27T14:57:22.023+0000][info][gc,heap        ] GC(250) Survivor regions: 7->7(7)
[2024-08-27T14:57:22.023+0000][info][gc,heap        ] GC(250) Old regions: 904->848
[2024-08-27T14:57:22.023+0000][info][gc,heap        ] GC(250) Archive regions: 2->2
[2024-08-27T14:57:22.023+0000][info][gc,heap        ] GC(250) Humongous regions: 5->5
[2024-08-27T14:57:22.023+0000][info][gc,metaspace   ] GC(250) Metaspace: 100K(320K)->100K(320K) NonClass: 96K(192K)->96K(192K) Class: 4K(128K)->4K(128K)
[2024-08-27T14:57:22.023+0000][info][gc             ] GC(250) Pause Young (Mixed) (G1 Evacuation Pause) 947M->851M(1024M) 10.913ms
[2024-08-27T14:57:22.023+0000][info][gc,cpu         ] GC(250) User=0.24s Sys=0.00s Real=0.01s
[2024-08-27T14:57:22.042+0000][info][gc,start       ] GC(251) Pause Young (Mixed) (G1 Evacuation Pause)
[2024-08-27T14:57:22.042+0000][info][gc,task        ] GC(251) Using 24 workers of 68 for evacuation
[2024-08-27T14:57:22.053+0000][info][gc,phases      ] GC(251)   Pre Evacuate Collection Set: 0.2ms
[2024-08-27T14:57:22.053+0000][info][gc,phases      ] GC(251)   Merge Heap Roots: 0.5ms
[2024-08-27T14:57:22.053+0000][info][gc,phases      ] GC(251)   Evacuate Collection Set: 9.6ms
[2024-08-27T14:57:22.053+0000][info][gc,phases      ] GC(251)   Post Evacuate Collection Set: 0.4ms
[2024-08-27T14:57:22.053+0000][info][gc,phases      ] GC(251)   Other: 0.2ms
[2024-08-27T14:57:22.053+0000][info][gc,heap        ] GC(251) Eden regions: 44->0(44)
[2024-08-27T14:57:22.053+0000][info][gc,heap        ] GC(251) Survivor regions: 7->7(7)
[2024-08-27T14:57:22.053+0000][info][gc,heap        ] GC(251) Old regions: 848->805
[2024-08-27T14:57:22.053+0000][info][gc,heap        ] GC(251) Archive regions: 2->2
[2024-08-27T14:57:22.053+0000][info][gc,heap        ] GC(251) Humongous regions: 5->5
[2024-08-27T14:57:22.053+0000][info][gc,metaspace   ] GC(251) Metaspace: 100K(320K)->100K(320K) NonClass: 96K(192K)->96K(192K) Class: 4K(128K)->4K(128K)
[2024-08-27T14:57:22.053+0000][info][gc             ] GC(251) Pause Young (Mixed) (G1 Evacuation Pause) 895M->812M(1024M) 10.898ms
[2024-08-27T14:57:22.053+0000][info][gc,cpu         ] GC(251) User=0.24s Sys=0.00s Real=0.01s
[2024-08-27T14:57:22.072+0000][info][gc,start       ] GC(252) Pause Young (Concurrent Start) (G1 Evacuation Pause)
[2024-08-27T14:57:22.072+0000][info][gc,task        ] GC(252) Using 24 workers of 68 for evacuation
[2024-08-27T14:57:22.082+0000][info][gc,phases      ] GC(252)   Pre Evacuate Collection Set: 0.2ms
[2024-08-27T14:57:22.082+0000][info][gc,phases      ] GC(252)   Merge Heap Roots: 0.4ms
[2024-08-27T14:57:22.082+0000][info][gc,phases      ] GC(252)   Evacuate Collection Set: 8.7ms
[2024-08-27T14:57:22.082+0000][info][gc,phases      ] GC(252)   Post Evacuate Collection Set: 0.3ms
[2024-08-27T14:57:22.082+0000][info][gc,phases      ] GC(252)   Other: 0.7ms
[2024-08-27T14:57:22.082+0000][info][gc,heap        ] GC(252) Eden regions: 44->0(44)
[2024-08-27T14:57:22.082+0000][info][gc,heap        ] GC(252) Survivor regions: 7->7(7)
[2024-08-27T14:57:22.082+0000][info][gc,heap        ] GC(252) Old regions: 805->851
[2024-08-27T14:57:22.082+0000][info][gc,heap        ] GC(252) Archive regions: 2->2
[2024-08-27T14:57:22.082+0000][info][gc,heap        ] GC(252) Humongous regions: 5->5
[2024-08-27T14:57:22.082+0000][info][gc,metaspace   ] GC(252) Metaspace: 100K(320K)->100K(320K) NonClass: 96K(192K)->96K(192K) Class: 4K(128K)->4K(128K)
[2024-08-27T14:57:22.082+0000][info][gc             ] GC(252) Pause Young (Concurrent Start) (G1 Evacuation Pause) 856M->858M(1024M) 10.372ms
[2024-08-27T14:57:22.082+0000][info][gc,cpu         ] GC(252) User=0.21s Sys=0.01s Real=0.01s
[2024-08-27T14:57:22.082+0000][info][gc             ] GC(253) Concurrent Mark Cycle
[2024-08-27T14:57:22.082+0000][info][gc,marking     ] GC(253) Concurrent Clear Claimed Marks
[2024-08-27T14:57:22.082+0000][info][gc,marking     ] GC(253) Concurrent Clear Claimed Marks 0.015ms
[2024-08-27T14:57:22.082+0000][info][gc,marking     ] GC(253) Concurrent Scan Root Regions
[2024-08-27T14:57:22.084+0000][info][gc,marking     ] GC(253) Concurrent Scan Root Regions 1.455ms
[2024-08-27T14:57:22.084+0000][info][gc,marking     ] GC(253) Concurrent Mark
[2024-08-27T14:57:22.084+0000][info][gc,marking     ] GC(253) Concurrent Mark From Roots
[2024-08-27T14:57:22.084+0000][info][gc,task        ] GC(253) Using 17 workers of 17 for marking
[2024-08-27T14:57:22.106+0000][info][gc,marking     ] GC(253) Concurrent Mark From Roots 21.945ms
[2024-08-27T14:57:22.106+0000][info][gc,marking     ] GC(253) Concurrent Preclean
[2024-08-27T14:57:22.106+0000][info][gc,marking     ] GC(253) Concurrent Preclean 0.541ms
[2024-08-27T14:57:22.106+0000][info][gc,start       ] GC(253) Pause Remark
[2024-08-27T14:57:22.108+0000][info][gc             ] GC(253) Pause Remark 896M->896M(1024M) 1.146ms
[2024-08-27T14:57:22.108+0000][info][gc,cpu         ] GC(253) User=0.00s Sys=0.00s Real=0.00s
[2024-08-27T14:57:22.108+0000][info][gc,marking     ] GC(253) Concurrent Mark 23.973ms
[2024-08-27T14:57:22.108+0000][info][gc,marking     ] GC(253) Concurrent Rebuild Remembered Sets
[2024-08-27T14:57:22.111+0000][info][gc,start       ] GC(254) Pause Young (Normal) (G1 Evacuation Pause)
[2024-08-27T14:57:22.111+0000][info][gc,task        ] GC(254) Using 24 workers of 68 for evacuation
[2024-08-27T14:57:22.121+0000][info][gc,phases      ] GC(254)   Pre Evacuate Collection Set: 0.1ms
[2024-08-27T14:57:22.121+0000][info][gc,phases      ] GC(254)   Merge Heap Roots: 0.3ms
[2024-08-27T14:57:22.121+0000][info][gc,phases      ] GC(254)   Evacuate Collection Set: 8.5ms
[2024-08-27T14:57:22.121+0000][info][gc,phases      ] GC(254)   Post Evacuate Collection Set: 0.4ms
[2024-08-27T14:57:22.121+0000][info][gc,phases      ] GC(254)   Other: 0.1ms
[2024-08-27T14:57:22.121+0000][info][gc,heap        ] GC(254) Eden regions: 44->0(44)
[2024-08-27T14:57:22.121+0000][info][gc,heap        ] GC(254) Survivor regions: 7->7(7)
[2024-08-27T14:57:22.121+0000][info][gc,heap        ] GC(254) Old regions: 851->897
[2024-08-27T14:57:22.121+0000][info][gc,heap        ] GC(254) Archive regions: 2->2
[2024-08-27T14:57:22.121+0000][info][gc,heap        ] GC(254) Humongous regions: 5->5
[2024-08-27T14:57:22.121+0000][info][gc,metaspace   ] GC(254) Metaspace: 100K(320K)->100K(320K) NonClass: 96K(192K)->96K(192K) Class: 4K(128K)->4K(128K)
[2024-08-27T14:57:22.121+0000][info][gc             ] GC(254) Pause Young (Normal) (G1 Evacuation Pause) 902M->904M(1024M) 9.540ms
[2024-08-27T14:57:22.121+0000][info][gc,cpu         ] GC(254) User=0.21s Sys=0.00s Real=0.01s
[2024-08-27T14:57:22.141+0000][info][gc,start       ] GC(255) Pause Young (Normal) (G1 Evacuation Pause)
[2024-08-27T14:57:22.141+0000][info][gc,task        ] GC(255) Using 24 workers of 68 for evacuation
[2024-08-27T14:57:22.155+0000][info][gc,phases      ] GC(255)   Pre Evacuate Collection Set: 0.1ms
[2024-08-27T14:57:22.155+0000][info][gc,phases      ] GC(255)   Merge Heap Roots: 0.4ms
[2024-08-27T14:57:22.155+0000][info][gc,phases      ] GC(255)   Evacuate Collection Set: 11.9ms
[2024-08-27T14:57:22.155+0000][info][gc,phases      ] GC(255)   Post Evacuate Collection Set: 0.5ms
[2024-08-27T14:57:22.155+0000][info][gc,phases      ] GC(255)   Other: 0.2ms
[2024-08-27T14:57:22.155+0000][info][gc,heap        ] GC(255) Eden regions: 44->0(44)
[2024-08-27T14:57:22.155+0000][info][gc,heap        ] GC(255) Survivor regions: 7->7(7)
[2024-08-27T14:57:22.155+0000][info][gc,heap        ] GC(255) Old regions: 897->943
[2024-08-27T14:57:22.155+0000][info][gc,heap        ] GC(255) Archive regions: 2->2
[2024-08-27T14:57:22.155+0000][info][gc,heap        ] GC(255) Humongous regions: 5->5
[2024-08-27T14:57:22.155+0000][info][gc,metaspace   ] GC(255) Metaspace: 100K(320K)->100K(320K) NonClass: 96K(192K)->96K(192K) Class: 4K(128K)->4K(128K)
[2024-08-27T14:57:22.155+0000][info][gc             ] GC(255) Pause Young (Normal) (G1 Evacuation Pause) 948M->950M(1024M) 13.252ms
[2024-08-27T14:57:22.155+0000][info][gc,cpu         ] GC(255) User=0.30s Sys=0.01s Real=0.01s
[2024-08-27T14:57:22.169+0000][info][gc,start       ] GC(256) Pause Young (Normal) (G1 Preventive Collection)
[2024-08-27T14:57:22.169+0000][info][gc,task        ] GC(256) Using 24 workers of 68 for evacuation
[2024-08-27T14:57:22.182+0000][info][gc,phases      ] GC(256)   Pre Evacuate Collection Set: 0.2ms
[2024-08-27T14:57:22.182+0000][info][gc,phases      ] GC(256)   Merge Heap Roots: 1.0ms
[2024-08-27T14:57:22.182+0000][info][gc,phases      ] GC(256)   Evacuate Collection Set: 11.7ms
[2024-08-27T14:57:22.182+0000][info][gc,phases      ] GC(256)   Post Evacuate Collection Set: 0.6ms
[2024-08-27T14:57:22.182+0000][info][gc,phases      ] GC(256)   Other: 0.3ms
[2024-08-27T14:57:22.182+0000][info][gc,heap        ] GC(256) Eden regions: 28->0(44)
[2024-08-27T14:57:22.182+0000][info][gc,heap        ] GC(256) Survivor regions: 7->7(7)
[2024-08-27T14:57:22.182+0000][info][gc,heap        ] GC(256) Old regions: 943->974
[2024-08-27T14:57:22.182+0000][info][gc,heap        ] GC(256) Archive regions: 2->2
[2024-08-27T14:57:22.182+0000][info][gc,heap        ] GC(256) Humongous regions: 5->5
[2024-08-27T14:57:22.182+0000][info][gc,metaspace   ] GC(256) Metaspace: 100K(320K)->100K(320K) NonClass: 96K(192K)->96K(192K) Class: 4K(128K)->4K(128K)
[2024-08-27T14:57:22.183+0000][info][gc             ] GC(256) Pause Young (Normal) (G1 Preventive Collection) 978M->981M(1024M) 13.861ms
[2024-08-27T14:57:22.183+0000][info][gc,cpu         ] GC(256) User=0.23s Sys=0.08s Real=0.02s
[2024-08-27T14:57:22.189+0000][info][gc,start       ] GC(257) Pause Young (Normal) (G1 Preventive Collection)
[2024-08-27T14:57:22.189+0000][info][gc,task        ] GC(257) Using 24 workers of 68 for evacuation
[2024-08-27T14:57:22.200+0000][info][gc,phases      ] GC(257)   Pre Evacuate Collection Set: 0.1ms
[2024-08-27T14:57:22.200+0000][info][gc,phases      ] GC(257)   Merge Heap Roots: 0.6ms
[2024-08-27T14:57:22.200+0000][info][gc,phases      ] GC(257)   Evacuate Collection Set: 9.2ms
[2024-08-27T14:57:22.200+0000][info][gc,phases      ] GC(257)   Post Evacuate Collection Set: 0.6ms
[2024-08-27T14:57:22.200+0000][info][gc,phases      ] GC(257)   Other: 0.1ms
[2024-08-27T14:57:22.200+0000][info][gc,heap        ] GC(257) Eden regions: 13->0(44)
[2024-08-27T14:57:22.200+0000][info][gc,heap        ] GC(257) Survivor regions: 7->7(7)
[2024-08-27T14:57:22.200+0000][info][gc,heap        ] GC(257) Old regions: 974->990
[2024-08-27T14:57:22.200+0000][info][gc,heap        ] GC(257) Archive regions: 2->2
[2024-08-27T14:57:22.200+0000][info][gc,heap        ] GC(257) Humongous regions: 5->5
[2024-08-27T14:57:22.200+0000][info][gc,metaspace   ] GC(257) Metaspace: 100K(320K)->100K(320K) NonClass: 96K(192K)->96K(192K) Class: 4K(128K)->4K(128K)
[2024-08-27T14:57:22.200+0000][info][gc             ] GC(257) Pause Young (Normal) (G1 Preventive Collection) 994M->997M(1024M) 10.674ms
[2024-08-27T14:57:22.200+0000][info][gc,cpu         ] GC(257) User=0.23s Sys=0.00s Real=0.02s
[2024-08-27T14:57:22.203+0000][info][gc,start       ] GC(258) Pause Young (Normal) (G1 Preventive Collection)
[2024-08-27T14:57:22.203+0000][info][gc,task        ] GC(258) Using 24 workers of 68 for evacuation
[2024-08-27T14:57:22.211+0000][info][gc,phases      ] GC(258)   Pre Evacuate Collection Set: 0.1ms
[2024-08-27T14:57:22.211+0000][info][gc,phases      ] GC(258)   Merge Heap Roots: 0.4ms
[2024-08-27T14:57:22.211+0000][info][gc,phases      ] GC(258)   Evacuate Collection Set: 6.9ms
[2024-08-27T14:57:22.211+0000][info][gc,phases      ] GC(258)   Post Evacuate Collection Set: 0.6ms
[2024-08-27T14:57:22.211+0000][info][gc,phases      ] GC(258)   Other: 0.2ms
[2024-08-27T14:57:22.211+0000][info][gc,heap        ] GC(258) Eden regions: 5->0(45)
[2024-08-27T14:57:22.211+0000][info][gc,heap        ] GC(258) Survivor regions: 7->6(7)
[2024-08-27T14:57:22.211+0000][info][gc,heap        ] GC(258) Old regions: 990->999
[2024-08-27T14:57:22.211+0000][info][gc,heap        ] GC(258) Archive regions: 2->2
[2024-08-27T14:57:22.211+0000][info][gc,heap        ] GC(258) Humongous regions: 5->5
[2024-08-27T14:57:22.211+0000][info][gc,metaspace   ] GC(258) Metaspace: 100K(320K)->100K(320K) NonClass: 96K(192K)->96K(192K) Class: 4K(128K)->4K(128K)
[2024-08-27T14:57:22.211+0000][info][gc             ] GC(258) Pause Young (Normal) (G1 Preventive Collection) 1002M->1005M(1024M) 8.214ms
[2024-08-27T14:57:22.211+0000][info][gc,cpu         ] GC(258) User=0.18s Sys=0.00s Real=0.01s
[2024-08-27T14:57:22.213+0000][info][gc,start       ] GC(259) Pause Young (Normal) (G1 Preventive Collection)
[2024-08-27T14:57:22.213+0000][info][gc,task        ] GC(259) Using 24 workers of 68 for evacuation
[2024-08-27T14:57:22.220+0000][info][gc,phases      ] GC(259)   Pre Evacuate Collection Set: 0.1ms
[2024-08-27T14:57:22.220+0000][info][gc,phases      ] GC(259)   Merge Heap Roots: 0.6ms
[2024-08-27T14:57:22.220+0000][info][gc,phases      ] GC(259)   Evacuate Collection Set: 5.9ms
[2024-08-27T14:57:22.220+0000][info][gc,phases      ] GC(259)   Post Evacuate Collection Set: 0.6ms
[2024-08-27T14:57:22.220+0000][info][gc,phases      ] GC(259)   Other: 0.1ms
[2024-08-27T14:57:22.220+0000][info][gc,heap        ] GC(259) Eden regions: 2->0(48)
[2024-08-27T14:57:22.220+0000][info][gc,heap        ] GC(259) Survivor regions: 6->3(7)
[2024-08-27T14:57:22.220+0000][info][gc,heap        ] GC(259) Old regions: 999->1005
[2024-08-27T14:57:22.220+0000][info][gc,heap        ] GC(259) Archive regions: 2->2
[2024-08-27T14:57:22.220+0000][info][gc,heap        ] GC(259) Humongous regions: 5->5
[2024-08-27T14:57:22.220+0000][info][gc,metaspace   ] GC(259) Metaspace: 100K(320K)->100K(320K) NonClass: 96K(192K)->96K(192K) Class: 4K(128K)->4K(128K)
[2024-08-27T14:57:22.220+0000][info][gc             ] GC(259) Pause Young (Normal) (G1 Preventive Collection) 1007M->1007M(1024M) 7.428ms
[2024-08-27T14:57:22.220+0000][info][gc,cpu         ] GC(259) User=0.17s Sys=0.00s Real=0.01s
[2024-08-27T14:57:22.222+0000][info][gc,start       ] GC(260) Pause Young (Normal) (G1 Preventive Collection)
[2024-08-27T14:57:22.222+0000][info][gc,task        ] GC(260) Using 24 workers of 68 for evacuation
[2024-08-27T14:57:22.229+0000][info][gc,phases      ] GC(260)   Pre Evacuate Collection Set: 0.1ms
[2024-08-27T14:57:22.229+0000][info][gc,phases      ] GC(260)   Merge Heap Roots: 0.5ms
[2024-08-27T14:57:22.229+0000][info][gc,phases      ] GC(260)   Evacuate Collection Set: 5.7ms
[2024-08-27T14:57:22.229+0000][info][gc,phases      ] GC(260)   Post Evacuate Collection Set: 0.6ms
[2024-08-27T14:57:22.229+0000][info][gc,phases      ] GC(260)   Other: 0.1ms
[2024-08-27T14:57:22.229+0000][info][gc,heap        ] GC(260) Eden regions: 3->0(45)
[2024-08-27T14:57:22.229+0000][info][gc,heap        ] GC(260) Survivor regions: 3->6(6)
[2024-08-27T14:57:22.229+0000][info][gc,heap        ] GC(260) Old regions: 1005->1005
[2024-08-27T14:57:22.229+0000][info][gc,heap        ] GC(260) Archive regions: 2->2
[2024-08-27T14:57:22.229+0000][info][gc,heap        ] GC(260) Humongous regions: 5->5
[2024-08-27T14:57:22.229+0000][info][gc,metaspace   ] GC(260) Metaspace: 100K(320K)->100K(320K) NonClass: 96K(192K)->96K(192K) Class: 4K(128K)->4K(128K)
[2024-08-27T14:57:22.229+0000][info][gc             ] GC(260) Pause Young (Normal) (G1 Preventive Collection) 1010M->1010M(1024M) 7.094ms
[2024-08-27T14:57:22.229+0000][info][gc,cpu         ] GC(260) User=0.16s Sys=0.00s Real=0.00s
[2024-08-27T14:57:22.230+0000][info][gc,start       ] GC(261) Pause Young (Normal) (G1 Preventive Collection)
[2024-08-27T14:57:22.230+0000][info][gc,task        ] GC(261) Using 24 workers of 68 for evacuation
[2024-08-27T14:57:22.238+0000][info][gc             ] GC(261) To-space exhausted
[2024-08-27T14:57:22.238+0000][info][gc,phases      ] GC(261)   Pre Evacuate Collection Set: 0.1ms
[2024-08-27T14:57:22.238+0000][info][gc,phases      ] GC(261)   Merge Heap Roots: 0.6ms
[2024-08-27T14:57:22.238+0000][info][gc,phases      ] GC(261)   Evacuate Collection Set: 5.7ms
[2024-08-27T14:57:22.238+0000][info][gc,phases      ] GC(261)   Post Evacuate Collection Set: 0.9ms
[2024-08-27T14:57:22.238+0000][info][gc,phases      ] GC(261)   Other: 0.1ms
[2024-08-27T14:57:22.238+0000][info][gc,heap        ] GC(261) Eden regions: 1->0(48)
[2024-08-27T14:57:22.238+0000][info][gc,heap        ] GC(261) Survivor regions: 6->3(5)
[2024-08-27T14:57:22.238+0000][info][gc,heap        ] GC(261) Old regions: 1005->1014
[2024-08-27T14:57:22.238+0000][info][gc,heap        ] GC(261) Archive regions: 2->2
[2024-08-27T14:57:22.238+0000][info][gc,heap        ] GC(261) Humongous regions: 5->5
[2024-08-27T14:57:22.238+0000][info][gc,metaspace   ] GC(261) Metaspace: 100K(320K)->100K(320K) NonClass: 96K(192K)->96K(192K) Class: 4K(128K)->4K(128K)
[2024-08-27T14:57:22.238+0000][info][gc             ] GC(261) Pause Young (Normal) (G1 Preventive Collection) 1011M->1016M(1024M) 7.532ms
[2024-08-27T14:57:22.238+0000][info][gc,cpu         ] GC(261) User=0.16s Sys=0.00s Real=0.01s
[2024-08-27T14:57:22.238+0000][info][gc,ergo        ] Attempting full compaction
[2024-08-27T14:57:22.238+0000][info][gc,task        ] GC(262) Using 24 workers of 68 for full compaction
[2024-08-27T14:57:22.238+0000][info][gc,start       ] GC(262) Pause Full (G1 Compaction Pause)
[2024-08-27T14:57:22.239+0000][info][gc,phases,start] GC(262) Phase 1: Mark live objects
[2024-08-27T14:57:22.253+0000][info][gc,phases      ] GC(262) Phase 1: Mark live objects 14.003ms
[2024-08-27T14:57:22.253+0000][info][gc,phases,start] GC(262) Phase 2: Prepare for compaction
[2024-08-27T14:57:22.260+0000][info][gc,phases      ] GC(262) Phase 2: Prepare for compaction 7.579ms
[2024-08-27T14:57:22.260+0000][info][gc,phases,start] GC(262) Phase 3: Adjust pointers
[2024-08-27T14:57:22.274+0000][info][gc,phases      ] GC(262) Phase 3: Adjust pointers 14.073ms
[2024-08-27T14:57:22.275+0000][info][gc,phases,start] GC(262) Phase 4: Compact heap
[2024-08-27T14:57:22.302+0000][info][gc,phases      ] GC(262) Phase 4: Compact heap 27.906ms
[2024-08-27T14:57:22.304+0000][info][gc,heap        ] GC(262) Eden regions: 0->0(150)
[2024-08-27T14:57:22.304+0000][info][gc,heap        ] GC(262) Survivor regions: 3->0(5)
[2024-08-27T14:57:22.304+0000][info][gc,heap        ] GC(262) Old regions: 1014->442
[2024-08-27T14:57:22.304+0000][info][gc,heap        ] GC(262) Archive regions: 2->2
[2024-08-27T14:57:22.304+0000][info][gc,heap        ] GC(262) Humongous regions: 5->5
[2024-08-27T14:57:22.304+0000][info][gc,metaspace   ] GC(262) Metaspace: 100K(320K)->100K(320K) NonClass: 96K(192K)->96K(192K) Class: 4K(128K)->4K(128K)
[2024-08-27T14:57:22.304+0000][info][gc             ] GC(262) Pause Full (G1 Compaction Pause) 1016M->437M(1024M) 65.665ms
[2024-08-27T14:57:22.304+0000][info][gc,cpu         ] GC(262) User=1.40s Sys=0.00s Real=0.06s
[2024-08-27T14:57:22.304+0000][info][gc,marking     ] GC(253) Concurrent Rebuild Remembered Sets 196.659ms
[2024-08-27T14:57:22.304+0000][info][gc,marking     ] GC(253) Concurrent Mark Abort
[2024-08-27T14:57:22.304+0000][info][gc             ] GC(253) Concurrent Mark Cycle 222.272ms
[2024-08-27T14:57:22.377+0000][info][gc,start       ] GC(263) Pause Young (Normal) (G1 Evacuation Pause)
[2024-08-27T14:57:22.377+0000][info][gc,task        ] GC(263) Using 24 workers of 68 for evacuation
[2024-08-27T14:57:22.398+0000][info][gc,phases      ] GC(263)   Pre Evacuate Collection Set: 0.2ms
[2024-08-27T14:57:22.398+0000][info][gc,phases      ] GC(263)   Merge Heap Roots: 0.4ms
[2024-08-27T14:57:22.398+0000][info][gc,phases      ] GC(263)   Evacuate Collection Set: 20.2ms
[2024-08-27T14:57:22.398+0000][info][gc,phases      ] GC(263)   Post Evacuate Collection Set: 0.3ms
[2024-08-27T14:57:22.398+0000][info][gc,phases      ] GC(263)   Other: 0.3ms
[2024-08-27T14:57:22.398+0000][info][gc,heap        ] GC(263) Eden regions: 150->0(102)
[2024-08-27T14:57:22.398+0000][info][gc,heap        ] GC(263) Survivor regions: 0->19(19)
[2024-08-27T14:57:22.398+0000][info][gc,heap        ] GC(263) Old regions: 442->573
[2024-08-27T14:57:22.398+0000][info][gc,heap        ] GC(263) Archive regions: 2->2
[2024-08-27T14:57:22.398+0000][info][gc,heap        ] GC(263) Humongous regions: 5->5
[2024-08-27T14:57:22.398+0000][info][gc,metaspace   ] GC(263) Metaspace: 100K(320K)->100K(320K) NonClass: 96K(192K)->96K(192K) Class: 4K(128K)->4K(128K)
[2024-08-27T14:57:22.398+0000][info][gc             ] GC(263) Pause Young (Normal) (G1 Evacuation Pause) 587M->586M(1024M) 21.450ms
[2024-08-27T14:57:22.398+0000][info][gc,cpu         ] GC(263) User=0.49s Sys=0.00s Real=0.03s
[2024-08-27T14:57:22.445+0000][info][gc,start       ] GC(264) Pause Young (Concurrent Start) (G1 Evacuation Pause)
[2024-08-27T14:57:22.445+0000][info][gc,task        ] GC(264) Using 24 workers of 68 for evacuation
[2024-08-27T14:57:22.462+0000][info][gc,phases      ] GC(264)   Pre Evacuate Collection Set: 0.2ms
[2024-08-27T14:57:22.462+0000][info][gc,phases      ] GC(264)   Merge Heap Roots: 0.4ms
[2024-08-27T14:57:22.462+0000][info][gc,phases      ] GC(264)   Evacuate Collection Set: 16.3ms
[2024-08-27T14:57:22.462+0000][info][gc,phases      ] GC(264)   Post Evacuate Collection Set: 0.3ms
[2024-08-27T14:57:22.462+0000][info][gc,phases      ] GC(264)   Other: 0.7ms
[2024-08-27T14:57:22.462+0000][info][gc,heap        ] GC(264) Eden regions: 102->0(69)
[2024-08-27T14:57:22.463+0000][info][gc,heap        ] GC(264) Survivor regions: 19->16(16)
[2024-08-27T14:57:22.463+0000][info][gc,heap        ] GC(264) Old regions: 573->680
[2024-08-27T14:57:22.463+0000][info][gc,heap        ] GC(264) Archive regions: 2->2
[2024-08-27T14:57:22.463+0000][info][gc,heap        ] GC(264) Humongous regions: 5->5
[2024-08-27T14:57:22.463+0000][info][gc,metaspace   ] GC(264) Metaspace: 100K(320K)->100K(320K) NonClass: 96K(192K)->96K(192K) Class: 4K(128K)->4K(128K)
[2024-08-27T14:57:22.463+0000][info][gc             ] GC(264) Pause Young (Concurrent Start) (G1 Evacuation Pause) 688M->690M(1024M) 17.994ms
[2024-08-27T14:57:22.463+0000][info][gc,cpu         ] GC(264) User=0.40s Sys=0.00s Real=0.02s
[2024-08-27T14:57:22.463+0000][info][gc             ] GC(265) Concurrent Mark Cycle
[2024-08-27T14:57:22.463+0000][info][gc,marking     ] GC(265) Concurrent Clear Claimed Marks
[2024-08-27T14:57:22.463+0000][info][gc,marking     ] GC(265) Concurrent Clear Claimed Marks 0.010ms
[2024-08-27T14:57:22.463+0000][info][gc,marking     ] GC(265) Concurrent Scan Root Regions
[2024-08-27T14:57:22.466+0000][info][gc,marking     ] GC(265) Concurrent Scan Root Regions 3.182ms
[2024-08-27T14:57:22.466+0000][info][gc,marking     ] GC(265) Concurrent Mark
[2024-08-27T14:57:22.466+0000][info][gc,marking     ] GC(265) Concurrent Mark From Roots
[2024-08-27T14:57:22.466+0000][info][gc,task        ] GC(265) Using 17 workers of 17 for marking
[2024-08-27T14:57:22.485+0000][info][gc,marking     ] GC(265) Concurrent Mark From Roots 19.504ms
[2024-08-27T14:57:22.485+0000][info][gc,marking     ] GC(265) Concurrent Preclean
[2024-08-27T14:57:22.486+0000][info][gc,marking     ] GC(265) Concurrent Preclean 0.546ms
[2024-08-27T14:57:22.486+0000][info][gc,start       ] GC(265) Pause Remark
[2024-08-27T14:57:22.487+0000][info][gc             ] GC(265) Pause Remark 726M->726M(1024M) 1.044ms
[2024-08-27T14:57:22.487+0000][info][gc,cpu         ] GC(265) User=0.01s Sys=0.00s Real=0.00s
[2024-08-27T14:57:22.487+0000][info][gc,marking     ] GC(265) Concurrent Mark 21.450ms
[2024-08-27T14:57:22.487+0000][info][gc,marking     ] GC(265) Concurrent Rebuild Remembered Sets
[2024-08-27T14:57:22.503+0000][info][gc,start       ] GC(266) Pause Young (Normal) (G1 Evacuation Pause)
[2024-08-27T14:57:22.503+0000][info][gc,task        ] GC(266) Using 24 workers of 68 for evacuation
[2024-08-27T14:57:22.518+0000][info][gc,phases      ] GC(266)   Pre Evacuate Collection Set: 0.1ms
[2024-08-27T14:57:22.518+0000][info][gc,phases      ] GC(266)   Merge Heap Roots: 0.3ms
[2024-08-27T14:57:22.518+0000][info][gc,phases      ] GC(266)   Evacuate Collection Set: 14.2ms
[2024-08-27T14:57:22.518+0000][info][gc,phases      ] GC(266)   Post Evacuate Collection Set: 0.5ms
[2024-08-27T14:57:22.518+0000][info][gc,phases      ] GC(266)   Other: 0.2ms
[2024-08-27T14:57:22.518+0000][info][gc,heap        ] GC(266) Eden regions: 69->0(46)
[2024-08-27T14:57:22.518+0000][info][gc,heap        ] GC(266) Survivor regions: 16->11(11)
[2024-08-27T14:57:22.518+0000][info][gc,heap        ] GC(266) Old regions: 680->757
[2024-08-27T14:57:22.518+0000][info][gc,heap        ] GC(266) Archive regions: 2->2
[2024-08-27T14:57:22.518+0000][info][gc,heap        ] GC(266) Humongous regions: 5->5
[2024-08-27T14:57:22.518+0000][info][gc,metaspace   ] GC(266) Metaspace: 100K(320K)->100K(320K) NonClass: 96K(192K)->96K(192K) Class: 4K(128K)->4K(128K)
[2024-08-27T14:57:22.518+0000][info][gc             ] GC(266) Pause Young (Normal) (G1 Evacuation Pause) 759M->763M(1024M) 15.297ms
[2024-08-27T14:57:22.518+0000][info][gc,cpu         ] GC(266) User=0.34s Sys=0.00s Real=0.02s
[2024-08-27T14:57:22.539+0000][info][gc,start       ] GC(267) Pause Young (Normal) (G1 Evacuation Pause)
[2024-08-27T14:57:22.539+0000][info][gc,task        ] GC(267) Using 24 workers of 68 for evacuation
[2024-08-27T14:57:22.557+0000][info][gc,phases      ] GC(267)   Pre Evacuate Collection Set: 0.1ms
[2024-08-27T14:57:22.557+0000][info][gc,phases      ] GC(267)   Merge Heap Roots: 0.5ms
[2024-08-27T14:57:22.557+0000][info][gc,phases      ] GC(267)   Evacuate Collection Set: 16.4ms
[2024-08-27T14:57:22.557+0000][info][gc,phases      ] GC(267)   Post Evacuate Collection Set: 0.6ms
[2024-08-27T14:57:22.557+0000][info][gc,phases      ] GC(267)   Other: 0.2ms
[2024-08-27T14:57:22.557+0000][info][gc,heap        ] GC(267) Eden regions: 46->0(43)
[2024-08-27T14:57:22.557+0000][info][gc,heap        ] GC(267) Survivor regions: 11->8(8)
[2024-08-27T14:57:22.557+0000][info][gc,heap        ] GC(267) Old regions: 757->810
[2024-08-27T14:57:22.557+0000][info][gc,heap        ] GC(267) Archive regions: 2->2
[2024-08-27T14:57:22.557+0000][info][gc,heap        ] GC(267) Humongous regions: 5->5
[2024-08-27T14:57:22.557+0000][info][gc,metaspace   ] GC(267) Metaspace: 100K(320K)->100K(320K) NonClass: 96K(192K)->96K(192K) Class: 4K(128K)->4K(128K)
[2024-08-27T14:57:22.557+0000][info][gc             ] GC(267) Pause Young (Normal) (G1 Evacuation Pause) 809M->813M(1024M) 17.934ms
[2024-08-27T14:57:22.557+0000][info][gc,cpu         ] GC(267) User=0.41s Sys=0.00s Real=0.01s
[2024-08-27T14:57:22.579+0000][info][gc,start       ] GC(268) Pause Young (Normal) (G1 Evacuation Pause)
[2024-08-27T14:57:22.579+0000][info][gc,task        ] GC(268) Using 24 workers of 68 for evacuation
[2024-08-27T14:57:22.595+0000][info][gc,phases      ] GC(268)   Pre Evacuate Collection Set: 0.1ms
[2024-08-27T14:57:22.595+0000][info][gc,phases      ] GC(268)   Merge Heap Roots: 0.4ms
[2024-08-27T14:57:22.595+0000][info][gc,phases      ] GC(268)   Evacuate Collection Set: 15.2ms
[2024-08-27T14:57:22.595+0000][info][gc,phases      ] GC(268)   Post Evacuate Collection Set: 0.7ms
[2024-08-27T14:57:22.595+0000][info][gc,phases      ] GC(268)   Other: 0.2ms
[2024-08-27T14:57:22.595+0000][info][gc,heap        ] GC(268) Eden regions: 43->0(44)
[2024-08-27T14:57:22.595+0000][info][gc,heap        ] GC(268) Survivor regions: 8->7(7)
[2024-08-27T14:57:22.595+0000][info][gc,heap        ] GC(268) Old regions: 810->858
[2024-08-27T14:57:22.595+0000][info][gc,heap        ] GC(268) Archive regions: 2->2
[2024-08-27T14:57:22.595+0000][info][gc,heap        ] GC(268) Humongous regions: 5->5
[2024-08-27T14:57:22.595+0000][info][gc,metaspace   ] GC(268) Metaspace: 100K(320K)->100K(320K) NonClass: 96K(192K)->96K(192K) Class: 4K(128K)->4K(128K)
[2024-08-27T14:57:22.595+0000][info][gc             ] GC(268) Pause Young (Normal) (G1 Evacuation Pause) 856M->860M(1024M) 16.750ms
[2024-08-27T14:57:22.595+0000][info][gc,cpu         ] GC(268) User=0.39s Sys=0.00s Real=0.01s
[2024-08-27T14:57:22.604+0000][info][gc,marking     ] GC(265) Concurrent Rebuild Remembered Sets 116.966ms
[2024-08-27T14:57:22.605+0000][info][gc,start       ] GC(265) Pause Cleanup
[2024-08-27T14:57:22.606+0000][info][gc             ] GC(265) Pause Cleanup 878M->878M(1024M) 1.038ms
[2024-08-27T14:57:22.606+0000][info][gc,cpu         ] GC(265) User=0.00s Sys=0.00s Real=0.00s
[2024-08-27T14:57:22.606+0000][info][gc,marking     ] GC(265) Concurrent Cleanup for Next Mark
[2024-08-27T14:57:22.606+0000][info][gc,marking     ] GC(265) Concurrent Cleanup for Next Mark 0.598ms
[2024-08-27T14:57:22.606+0000][info][gc             ] GC(265) Concurrent Mark Cycle 143.662ms
[2024-08-27T14:57:22.619+0000][info][gc,start       ] GC(269) Pause Young (Prepare Mixed) (G1 Evacuation Pause)
[2024-08-27T14:57:22.619+0000][info][gc,task        ] GC(269) Using 24 workers of 68 for evacuation
[2024-08-27T14:57:22.636+0000][info][gc,phases      ] GC(269)   Pre Evacuate Collection Set: 0.2ms
[2024-08-27T14:57:22.636+0000][info][gc,phases      ] GC(269)   Merge Heap Roots: 0.8ms
[2024-08-27T14:57:22.636+0000][info][gc,phases      ] GC(269)   Evacuate Collection Set: 15.4ms
[2024-08-27T14:57:22.636+0000][info][gc,phases      ] GC(269)   Post Evacuate Collection Set: 0.3ms
[2024-08-27T14:57:22.636+0000][info][gc,phases      ] GC(269)   Other: 0.2ms
[2024-08-27T14:57:22.636+0000][info][gc,heap        ] GC(269) Eden regions: 44->0(44)
[2024-08-27T14:57:22.636+0000][info][gc,heap        ] GC(269) Survivor regions: 7->7(7)
[2024-08-27T14:57:22.636+0000][info][gc,heap        ] GC(269) Old regions: 858->904
[2024-08-27T14:57:22.636+0000][info][gc,heap        ] GC(269) Archive regions: 2->2
[2024-08-27T14:57:22.636+0000][info][gc,heap        ] GC(269) Humongous regions: 5->5
[2024-08-27T14:57:22.636+0000][info][gc,metaspace   ] GC(269) Metaspace: 100K(320K)->100K(320K) NonClass: 96K(192K)->96K(192K) Class: 4K(128K)->4K(128K)
[2024-08-27T14:57:22.636+0000][info][gc             ] GC(269) Pause Young (Prepare Mixed) (G1 Evacuation Pause) 904M->905M(1024M) 16.885ms
[2024-08-27T14:57:22.636+0000][info][gc,cpu         ] GC(269) User=0.39s Sys=0.00s Real=0.01s
[2024-08-27T14:57:22.658+0000][info][gc,start       ] GC(270) Pause Young (Mixed) (G1 Evacuation Pause)
[2024-08-27T14:57:22.658+0000][info][gc,task        ] GC(270) Using 24 workers of 68 for evacuation
[2024-08-27T14:57:22.670+0000][info][gc,phases      ] GC(270)   Pre Evacuate Collection Set: 0.2ms
[2024-08-27T14:57:22.670+0000][info][gc,phases      ] GC(270)   Merge Heap Roots: 0.4ms
[2024-08-27T14:57:22.670+0000][info][gc,phases      ] GC(270)   Evacuate Collection Set: 10.2ms
[2024-08-27T14:57:22.670+0000][info][gc,phases      ] GC(270)   Post Evacuate Collection Set: 0.4ms
[2024-08-27T14:57:22.670+0000][info][gc,phases      ] GC(270)   Other: 0.2ms
[2024-08-27T14:57:22.670+0000][info][gc,heap        ] GC(270) Eden regions: 44->0(44)
[2024-08-27T14:57:22.670+0000][info][gc,heap        ] GC(270) Survivor regions: 7->7(7)
[2024-08-27T14:57:22.670+0000][info][gc,heap        ] GC(270) Old regions: 904->848
[2024-08-27T14:57:22.670+0000][info][gc,heap        ] GC(270) Archive regions: 2->2
[2024-08-27T14:57:22.670+0000][info][gc,heap        ] GC(270) Humongous regions: 5->5
[2024-08-27T14:57:22.670+0000][info][gc,metaspace   ] GC(270) Metaspace: 100K(320K)->100K(320K) NonClass: 96K(192K)->96K(192K) Class: 4K(128K)->4K(128K)
[2024-08-27T14:57:22.670+0000][info][gc             ] GC(270) Pause Young (Mixed) (G1 Evacuation Pause) 949M->850M(1024M) 11.486ms
[2024-08-27T14:57:22.670+0000][info][gc,cpu         ] GC(270) User=0.24s Sys=0.00s Real=0.01s
[2024-08-27T14:57:22.691+0000][info][gc,start       ] GC(271) Pause Young (Mixed) (G1 Evacuation Pause)
[2024-08-27T14:57:22.691+0000][info][gc,task        ] GC(271) Using 24 workers of 68 for evacuation
[2024-08-27T14:57:22.703+0000][info][gc,phases      ] GC(271)   Pre Evacuate Collection Set: 0.2ms
[2024-08-27T14:57:22.703+0000][info][gc,phases      ] GC(271)   Merge Heap Roots: 0.4ms
[2024-08-27T14:57:22.703+0000][info][gc,phases      ] GC(271)   Evacuate Collection Set: 10.3ms
[2024-08-27T14:57:22.703+0000][info][gc,phases      ] GC(271)   Post Evacuate Collection Set: 0.4ms
[2024-08-27T14:57:22.703+0000][info][gc,phases      ] GC(271)   Other: 0.2ms
[2024-08-27T14:57:22.703+0000][info][gc,heap        ] GC(271) Eden regions: 44->0(44)
[2024-08-27T14:57:22.703+0000][info][gc,heap        ] GC(271) Survivor regions: 7->7(7)
[2024-08-27T14:57:22.703+0000][info][gc,heap        ] GC(271) Old regions: 848->810
[2024-08-27T14:57:22.703+0000][info][gc,heap        ] GC(271) Archive regions: 2->2
[2024-08-27T14:57:22.703+0000][info][gc,heap        ] GC(271) Humongous regions: 5->5
[2024-08-27T14:57:22.703+0000][info][gc,metaspace   ] GC(271) Metaspace: 100K(320K)->100K(320K) NonClass: 96K(192K)->96K(192K) Class: 4K(128K)->4K(128K)
[2024-08-27T14:57:22.703+0000][info][gc             ] GC(271) Pause Young (Mixed) (G1 Evacuation Pause) 894M->815M(1024M) 11.621ms
[2024-08-27T14:57:22.703+0000][info][gc,cpu         ] GC(271) User=0.25s Sys=0.00s Real=0.01s
[2024-08-27T14:57:22.724+0000][info][gc,start       ] GC(272) Pause Young (Concurrent Start) (G1 Evacuation Pause)
[2024-08-27T14:57:22.724+0000][info][gc,task        ] GC(272) Using 24 workers of 68 for evacuation
[2024-08-27T14:57:22.735+0000][info][gc,phases      ] GC(272)   Pre Evacuate Collection Set: 0.2ms
[2024-08-27T14:57:22.735+0000][info][gc,phases      ] GC(272)   Merge Heap Roots: 0.4ms
[2024-08-27T14:57:22.735+0000][info][gc,phases      ] GC(272)   Evacuate Collection Set: 9.7ms
[2024-08-27T14:57:22.735+0000][info][gc,phases      ] GC(272)   Post Evacuate Collection Set: 0.3ms
[2024-08-27T14:57:22.735+0000][info][gc,phases      ] GC(272)   Other: 0.6ms
[2024-08-27T14:57:22.735+0000][info][gc,heap        ] GC(272) Eden regions: 44->0(44)
[2024-08-27T14:57:22.735+0000][info][gc,heap        ] GC(272) Survivor regions: 7->7(7)
[2024-08-27T14:57:22.735+0000][info][gc,heap        ] GC(272) Old regions: 810->856
[2024-08-27T14:57:22.735+0000][info][gc,heap        ] GC(272) Archive regions: 2->2
[2024-08-27T14:57:22.735+0000][info][gc,heap        ] GC(272) Humongous regions: 5->5
[2024-08-27T14:57:22.735+0000][info][gc,metaspace   ] GC(272) Metaspace: 100K(320K)->100K(320K) NonClass: 96K(192K)->96K(192K) Class: 4K(128K)->4K(128K)
[2024-08-27T14:57:22.735+0000][info][gc             ] GC(272) Pause Young (Concurrent Start) (G1 Evacuation Pause) 859M->861M(1024M) 11.266ms
[2024-08-27T14:57:22.735+0000][info][gc,cpu         ] GC(272) User=0.24s Sys=0.00s Real=0.01s
[2024-08-27T14:57:22.735+0000][info][gc             ] GC(273) Concurrent Mark Cycle
[2024-08-27T14:57:22.736+0000][info][gc,marking     ] GC(273) Concurrent Clear Claimed Marks
[2024-08-27T14:57:22.736+0000][info][gc,marking     ] GC(273) Concurrent Clear Claimed Marks 0.011ms
[2024-08-27T14:57:22.736+0000][info][gc,marking     ] GC(273) Concurrent Scan Root Regions
[2024-08-27T14:57:22.737+0000][info][gc,marking     ] GC(273) Concurrent Scan Root Regions 1.518ms
[2024-08-27T14:57:22.737+0000][info][gc,marking     ] GC(273) Concurrent Mark
[2024-08-27T14:57:22.737+0000][info][gc,marking     ] GC(273) Concurrent Mark From Roots
[2024-08-27T14:57:22.737+0000][info][gc,task        ] GC(273) Using 17 workers of 17 for marking
[2024-08-27T14:57:22.759+0000][info][gc,marking     ] GC(273) Concurrent Mark From Roots 22.021ms
[2024-08-27T14:57:22.759+0000][info][gc,marking     ] GC(273) Concurrent Preclean
[2024-08-27T14:57:22.760+0000][info][gc,marking     ] GC(273) Concurrent Preclean 0.541ms
[2024-08-27T14:57:22.760+0000][info][gc,start       ] GC(273) Pause Remark
[2024-08-27T14:57:22.761+0000][info][gc             ] GC(273) Pause Remark 896M->896M(1024M) 1.262ms
[2024-08-27T14:57:22.761+0000][info][gc,cpu         ] GC(273) User=0.00s Sys=0.00s Real=0.00s
[2024-08-27T14:57:22.761+0000][info][gc,marking     ] GC(273) Concurrent Mark 24.191ms
[2024-08-27T14:57:22.761+0000][info][gc,marking     ] GC(273) Concurrent Rebuild Remembered Sets
[2024-08-27T14:57:22.767+0000][info][gc,start       ] GC(274) Pause Young (Normal) (G1 Evacuation Pause)
[2024-08-27T14:57:22.767+0000][info][gc,task        ] GC(274) Using 24 workers of 68 for evacuation
[2024-08-27T14:57:22.777+0000][info][gc,phases      ] GC(274)   Pre Evacuate Collection Set: 0.1ms
[2024-08-27T14:57:22.777+0000][info][gc,phases      ] GC(274)   Merge Heap Roots: 0.2ms
[2024-08-27T14:57:22.777+0000][info][gc,phases      ] GC(274)   Evacuate Collection Set: 9.1ms
[2024-08-27T14:57:22.777+0000][info][gc,phases      ] GC(274)   Post Evacuate Collection Set: 0.4ms
[2024-08-27T14:57:22.777+0000][info][gc,phases      ] GC(274)   Other: 0.2ms
[2024-08-27T14:57:22.777+0000][info][gc,heap        ] GC(274) Eden regions: 44->0(44)
[2024-08-27T14:57:22.777+0000][info][gc,heap        ] GC(274) Survivor regions: 7->7(7)
[2024-08-27T14:57:22.777+0000][info][gc,heap        ] GC(274) Old regions: 856->904
[2024-08-27T14:57:22.777+0000][info][gc,heap        ] GC(274) Archive regions: 2->2
[2024-08-27T14:57:22.777+0000][info][gc,heap        ] GC(274) Humongous regions: 5->5
[2024-08-27T14:57:22.777+0000][info][gc,metaspace   ] GC(274) Metaspace: 100K(320K)->100K(320K) NonClass: 96K(192K)->96K(192K) Class: 4K(128K)->4K(128K)
[2024-08-27T14:57:22.777+0000][info][gc             ] GC(274) Pause Young (Normal) (G1 Evacuation Pause) 905M->909M(1024M) 10.049ms
[2024-08-27T14:57:22.777+0000][info][gc,cpu         ] GC(274) User=0.22s Sys=0.00s Real=0.01s
[2024-08-27T14:57:22.798+0000][info][gc,start       ] GC(275) Pause Young (Normal) (G1 Evacuation Pause)
[2024-08-27T14:57:22.798+0000][info][gc,task        ] GC(275) Using 24 workers of 68 for evacuation
[2024-08-27T14:57:22.812+0000][info][gc,phases      ] GC(275)   Pre Evacuate Collection Set: 0.1ms
[2024-08-27T14:57:22.812+0000][info][gc,phases      ] GC(275)   Merge Heap Roots: 0.4ms
[2024-08-27T14:57:22.812+0000][info][gc,phases      ] GC(275)   Evacuate Collection Set: 12.3ms
[2024-08-27T14:57:22.812+0000][info][gc,phases      ] GC(275)   Post Evacuate Collection Set: 0.5ms
[2024-08-27T14:57:22.812+0000][info][gc,phases      ] GC(275)   Other: 0.2ms
[2024-08-27T14:57:22.812+0000][info][gc,heap        ] GC(275) Eden regions: 44->0(44)
[2024-08-27T14:57:22.812+0000][info][gc,heap        ] GC(275) Survivor regions: 7->7(7)
[2024-08-27T14:57:22.812+0000][info][gc,heap        ] GC(275) Old regions: 904->950
[2024-08-27T14:57:22.812+0000][info][gc,heap        ] GC(275) Archive regions: 2->2
[2024-08-27T14:57:22.812+0000][info][gc,heap        ] GC(275) Humongous regions: 5->5
[2024-08-27T14:57:22.812+0000][info][gc,metaspace   ] GC(275) Metaspace: 100K(320K)->100K(320K) NonClass: 96K(192K)->96K(192K) Class: 4K(128K)->4K(128K)
[2024-08-27T14:57:22.812+0000][info][gc             ] GC(275) Pause Young (Normal) (G1 Evacuation Pause) 953M->955M(1024M) 13.666ms
[2024-08-27T14:57:22.812+0000][info][gc,cpu         ] GC(275) User=0.31s Sys=0.00s Real=0.01s
[2024-08-27T14:57:22.824+0000][info][gc,start       ] GC(276) Pause Young (Normal) (G1 Preventive Collection)
[2024-08-27T14:57:22.824+0000][info][gc,task        ] GC(276) Using 24 workers of 68 for evacuation
[2024-08-27T14:57:22.837+0000][info][gc,phases      ] GC(276)   Pre Evacuate Collection Set: 0.1ms
[2024-08-27T14:57:22.837+0000][info][gc,phases      ] GC(276)   Merge Heap Roots: 0.3ms
[2024-08-27T14:57:22.837+0000][info][gc,phases      ] GC(276)   Evacuate Collection Set: 11.8ms
[2024-08-27T14:57:22.837+0000][info][gc,phases      ] GC(276)   Post Evacuate Collection Set: 0.5ms
[2024-08-27T14:57:22.837+0000][info][gc,phases      ] GC(276)   Other: 0.2ms
[2024-08-27T14:57:22.837+0000][info][gc,heap        ] GC(276) Eden regions: 25->0(44)
[2024-08-27T14:57:22.837+0000][info][gc,heap        ] GC(276) Survivor regions: 7->7(7)
[2024-08-27T14:57:22.837+0000][info][gc,heap        ] GC(276) Old regions: 950->978
[2024-08-27T14:57:22.837+0000][info][gc,heap        ] GC(276) Archive regions: 2->2
[2024-08-27T14:57:22.837+0000][info][gc,heap        ] GC(276) Humongous regions: 5->5
[2024-08-27T14:57:22.837+0000][info][gc,metaspace   ] GC(276) Metaspace: 100K(320K)->100K(320K) NonClass: 96K(192K)->96K(192K) Class: 4K(128K)->4K(128K)
[2024-08-27T14:57:22.837+0000][info][gc             ] GC(276) Pause Young (Normal) (G1 Preventive Collection) 980M->983M(1024M) 13.071ms
[2024-08-27T14:57:22.837+0000][info][gc,cpu         ] GC(276) User=0.29s Sys=0.00s Real=0.01s
[2024-08-27T14:57:22.843+0000][info][gc,start       ] GC(277) Pause Young (Normal) (G1 Preventive Collection)
[2024-08-27T14:57:22.843+0000][info][gc,task        ] GC(277) Using 24 workers of 68 for evacuation
[2024-08-27T14:57:22.853+0000][info][gc             ] GC(277) To-space exhausted
[2024-08-27T14:57:22.853+0000][info][gc,phases      ] GC(277)   Pre Evacuate Collection Set: 0.1ms
[2024-08-27T14:57:22.853+0000][info][gc,phases      ] GC(277)   Merge Heap Roots: 0.5ms
[2024-08-27T14:57:22.853+0000][info][gc,phases      ] GC(277)   Evacuate Collection Set: 8.6ms
[2024-08-27T14:57:22.853+0000][info][gc,phases      ] GC(277)   Post Evacuate Collection Set: 0.8ms
[2024-08-27T14:57:22.853+0000][info][gc,phases      ] GC(277)   Other: 0.2ms
[2024-08-27T14:57:22.853+0000][info][gc,heap        ] GC(277) Eden regions: 11->0(44)
[2024-08-27T14:57:22.853+0000][info][gc,heap        ] GC(277) Survivor regions: 7->7(7)
[2024-08-27T14:57:22.853+0000][info][gc,heap        ] GC(277) Old regions: 978->1003
[2024-08-27T14:57:22.853+0000][info][gc,heap        ] GC(277) Archive regions: 2->2
[2024-08-27T14:57:22.853+0000][info][gc,heap        ] GC(277) Humongous regions: 5->5
[2024-08-27T14:57:22.853+0000][info][gc,metaspace   ] GC(277) Metaspace: 100K(320K)->100K(320K) NonClass: 96K(192K)->96K(192K) Class: 4K(128K)->4K(128K)
[2024-08-27T14:57:22.853+0000][info][gc             ] GC(277) Pause Young (Normal) (G1 Preventive Collection) 994M->1008M(1024M) 10.240ms
[2024-08-27T14:57:22.853+0000][info][gc,cpu         ] GC(277) User=0.23s Sys=0.00s Real=0.01s
[2024-08-27T14:57:22.854+0000][info][gc,start       ] GC(278) Pause Young (Normal) (G1 Preventive Collection)
[2024-08-27T14:57:22.855+0000][info][gc,task        ] GC(278) Using 24 workers of 68 for evacuation
[2024-08-27T14:57:22.862+0000][info][gc             ] GC(278) To-space exhausted
[2024-08-27T14:57:22.862+0000][info][gc,phases      ] GC(278)   Pre Evacuate Collection Set: 0.1ms
[2024-08-27T14:57:22.862+0000][info][gc,phases      ] GC(278)   Merge Heap Roots: 0.5ms
[2024-08-27T14:57:22.862+0000][info][gc,phases      ] GC(278)   Evacuate Collection Set: 6.5ms
[2024-08-27T14:57:22.862+0000][info][gc,phases      ] GC(278)   Post Evacuate Collection Set: 0.8ms
[2024-08-27T14:57:22.862+0000][info][gc,phases      ] GC(278)   Other: 0.2ms
[2024-08-27T14:57:22.862+0000][info][gc,heap        ] GC(278) Eden regions: 1->0(50)
[2024-08-27T14:57:22.862+0000][info][gc,heap        ] GC(278) Survivor regions: 7->1(6)
[2024-08-27T14:57:22.862+0000][info][gc,heap        ] GC(278) Old regions: 1003->1016
[2024-08-27T14:57:22.863+0000][info][gc,heap        ] GC(278) Archive regions: 2->2
[2024-08-27T14:57:22.863+0000][info][gc,heap        ] GC(278) Humongous regions: 5->5
[2024-08-27T14:57:22.863+0000][info][gc,metaspace   ] GC(278) Metaspace: 100K(320K)->100K(320K) NonClass: 96K(192K)->96K(192K) Class: 4K(128K)->4K(128K)
[2024-08-27T14:57:22.863+0000][info][gc             ] GC(278) Pause Young (Normal) (G1 Preventive Collection) 1009M->1015M(1024M) 8.042ms
[2024-08-27T14:57:22.863+0000][info][gc,cpu         ] GC(278) User=0.17s Sys=0.00s Real=0.01s
[2024-08-27T14:57:22.863+0000][info][gc,ergo        ] Attempting full compaction
[2024-08-27T14:57:22.863+0000][info][gc,task        ] GC(279) Using 24 workers of 68 for full compaction
[2024-08-27T14:57:22.863+0000][info][gc,start       ] GC(279) Pause Full (G1 Compaction Pause)
[2024-08-27T14:57:22.863+0000][info][gc,phases,start] GC(279) Phase 1: Mark live objects
[2024-08-27T14:57:22.878+0000][info][gc,phases      ] GC(279) Phase 1: Mark live objects 14.843ms
[2024-08-27T14:57:22.878+0000][info][gc,phases,start] GC(279) Phase 2: Prepare for compaction
[2024-08-27T14:57:22.886+0000][info][gc,phases      ] GC(279) Phase 2: Prepare for compaction 7.508ms
[2024-08-27T14:57:22.886+0000][info][gc,phases,start] GC(279) Phase 3: Adjust pointers
[2024-08-27T14:57:22.899+0000][info][gc,phases      ] GC(279) Phase 3: Adjust pointers 13.185ms
[2024-08-27T14:57:22.899+0000][info][gc,phases,start] GC(279) Phase 4: Compact heap
[2024-08-27T14:57:22.927+0000][info][gc,phases      ] GC(279) Phase 4: Compact heap 27.639ms
[2024-08-27T14:57:22.928+0000][info][gc,heap        ] GC(279) Eden regions: 0->0(150)
[2024-08-27T14:57:22.928+0000][info][gc,heap        ] GC(279) Survivor regions: 1->0(6)
[2024-08-27T14:57:22.928+0000][info][gc,heap        ] GC(279) Old regions: 1016->443
[2024-08-27T14:57:22.928+0000][info][gc,heap        ] GC(279) Archive regions: 2->2
[2024-08-27T14:57:22.928+0000][info][gc,heap        ] GC(279) Humongous regions: 5->5
[2024-08-27T14:57:22.928+0000][info][gc,metaspace   ] GC(279) Metaspace: 100K(320K)->100K(320K) NonClass: 96K(192K)->96K(192K) Class: 4K(128K)->4K(128K)
[2024-08-27T14:57:22.928+0000][info][gc             ] GC(279) Pause Full (G1 Compaction Pause) 1015M->436M(1024M) 65.350ms
[2024-08-27T14:57:22.928+0000][info][gc,cpu         ] GC(279) User=1.40s Sys=0.00s Real=0.06s
[2024-08-27T14:57:22.929+0000][info][gc,marking     ] GC(273) Concurrent Rebuild Remembered Sets 167.249ms
[2024-08-27T14:57:22.929+0000][info][gc,marking     ] GC(273) Concurrent Mark Abort
[2024-08-27T14:57:22.929+0000][info][gc             ] GC(273) Concurrent Mark Cycle 193.110ms
[2024-08-27T14:57:23.003+0000][info][gc,start       ] GC(280) Pause Young (Normal) (G1 Evacuation Pause)
[2024-08-27T14:57:23.003+0000][info][gc,task        ] GC(280) Using 24 workers of 68 for evacuation
[2024-08-27T14:57:23.025+0000][info][gc,phases      ] GC(280)   Pre Evacuate Collection Set: 0.2ms
[2024-08-27T14:57:23.025+0000][info][gc,phases      ] GC(280)   Merge Heap Roots: 0.3ms
[2024-08-27T14:57:23.025+0000][info][gc,phases      ] GC(280)   Evacuate Collection Set: 20.2ms
[2024-08-27T14:57:23.025+0000][info][gc,phases      ] GC(280)   Post Evacuate Collection Set: 0.3ms
[2024-08-27T14:57:23.025+0000][info][gc,phases      ] GC(280)   Other: 0.2ms
[2024-08-27T14:57:23.025+0000][info][gc,heap        ] GC(280) Eden regions: 150->0(103)
[2024-08-27T14:57:23.025+0000][info][gc,heap        ] GC(280) Survivor regions: 0->19(19)
[2024-08-27T14:57:23.025+0000][info][gc,heap        ] GC(280) Old regions: 443->570
[2024-08-27T14:57:23.025+0000][info][gc,heap        ] GC(280) Archive regions: 2->2
[2024-08-27T14:57:23.025+0000][info][gc,heap        ] GC(280) Humongous regions: 5->5
[2024-08-27T14:57:23.025+0000][info][gc,metaspace   ] GC(280) Metaspace: 100K(320K)->100K(320K) NonClass: 96K(192K)->96K(192K) Class: 4K(128K)->4K(128K)
[2024-08-27T14:57:23.025+0000][info][gc             ] GC(280) Pause Young (Normal) (G1 Evacuation Pause) 586M->582M(1024M) 21.361ms
[2024-08-27T14:57:23.025+0000][info][gc,cpu         ] GC(280) User=0.48s Sys=0.02s Real=0.02s
[2024-08-27T14:57:23.073+0000][info][gc,start       ] GC(281) Pause Young (Concurrent Start) (G1 Evacuation Pause)
[2024-08-27T14:57:23.073+0000][info][gc,task        ] GC(281) Using 24 workers of 68 for evacuation
[2024-08-27T14:57:23.091+0000][info][gc,phases      ] GC(281)   Pre Evacuate Collection Set: 0.2ms
[2024-08-27T14:57:23.091+0000][info][gc,phases      ] GC(281)   Merge Heap Roots: 0.3ms
[2024-08-27T14:57:23.091+0000][info][gc,phases      ] GC(281)   Evacuate Collection Set: 17.1ms
[2024-08-27T14:57:23.091+0000][info][gc,phases      ] GC(281)   Post Evacuate Collection Set: 0.3ms
[2024-08-27T14:57:23.091+0000][info][gc,phases      ] GC(281)   Other: 0.6ms
[2024-08-27T14:57:23.091+0000][info][gc,heap        ] GC(281) Eden regions: 103->0(70)
[2024-08-27T14:57:23.091+0000][info][gc,heap        ] GC(281) Survivor regions: 19->16(16)
[2024-08-27T14:57:23.091+0000][info][gc,heap        ] GC(281) Old regions: 570->677
[2024-08-27T14:57:23.091+0000][info][gc,heap        ] GC(281) Archive regions: 2->2
[2024-08-27T14:57:23.091+0000][info][gc,heap        ] GC(281) Humongous regions: 5->5
[2024-08-27T14:57:23.091+0000][info][gc,metaspace   ] GC(281) Metaspace: 100K(320K)->100K(320K) NonClass: 96K(192K)->96K(192K) Class: 4K(128K)->4K(128K)
[2024-08-27T14:57:23.091+0000][info][gc             ] GC(281) Pause Young (Concurrent Start) (G1 Evacuation Pause) 685M->686M(1024M) 18.597ms
[2024-08-27T14:57:23.091+0000][info][gc,cpu         ] GC(281) User=0.41s Sys=0.01s Real=0.02s
[2024-08-27T14:57:23.091+0000][info][gc             ] GC(282) Concurrent Mark Cycle
[2024-08-27T14:57:23.091+0000][info][gc,marking     ] GC(282) Concurrent Clear Claimed Marks
[2024-08-27T14:57:23.091+0000][info][gc,marking     ] GC(282) Concurrent Clear Claimed Marks 0.010ms
[2024-08-27T14:57:23.091+0000][info][gc,marking     ] GC(282) Concurrent Scan Root Regions
[2024-08-27T14:57:23.094+0000][info][gc,marking     ] GC(282) Concurrent Scan Root Regions 3.233ms
[2024-08-27T14:57:23.094+0000][info][gc,marking     ] GC(282) Concurrent Mark
[2024-08-27T14:57:23.095+0000][info][gc,marking     ] GC(282) Concurrent Mark From Roots
[2024-08-27T14:57:23.095+0000][info][gc,task        ] GC(282) Using 17 workers of 17 for marking
[2024-08-27T14:57:23.113+0000][info][gc,marking     ] GC(282) Concurrent Mark From Roots 18.904ms
[2024-08-27T14:57:23.113+0000][info][gc,marking     ] GC(282) Concurrent Preclean
[2024-08-27T14:57:23.114+0000][info][gc,marking     ] GC(282) Concurrent Preclean 0.536ms
[2024-08-27T14:57:23.114+0000][info][gc,start       ] GC(282) Pause Remark
[2024-08-27T14:57:23.115+0000][info][gc             ] GC(282) Pause Remark 720M->720M(1024M) 1.050ms
[2024-08-27T14:57:23.115+0000][info][gc,cpu         ] GC(282) User=0.00s Sys=0.00s Real=0.00s
[2024-08-27T14:57:23.115+0000][info][gc,marking     ] GC(282) Concurrent Mark 20.842ms
[2024-08-27T14:57:23.115+0000][info][gc,marking     ] GC(282) Concurrent Rebuild Remembered Sets
[2024-08-27T14:57:23.132+0000][info][gc,start       ] GC(283) Pause Young (Normal) (G1 Evacuation Pause)
[2024-08-27T14:57:23.132+0000][info][gc,task        ] GC(283) Using 24 workers of 68 for evacuation
[2024-08-27T14:57:23.147+0000][info][gc,phases      ] GC(283)   Pre Evacuate Collection Set: 0.1ms
[2024-08-27T14:57:23.147+0000][info][gc,phases      ] GC(283)   Merge Heap Roots: 0.3ms
[2024-08-27T14:57:23.147+0000][info][gc,phases      ] GC(283)   Evacuate Collection Set: 14.4ms
[2024-08-27T14:57:23.147+0000][info][gc,phases      ] GC(283)   Post Evacuate Collection Set: 0.5ms
[2024-08-27T14:57:23.147+0000][info][gc,phases      ] GC(283)   Other: 0.2ms
[2024-08-27T14:57:23.147+0000][info][gc,heap        ] GC(283) Eden regions: 70->0(46)
[2024-08-27T14:57:23.147+0000][info][gc,heap        ] GC(283) Survivor regions: 16->11(11)
[2024-08-27T14:57:23.147+0000][info][gc,heap        ] GC(283) Old regions: 677->755
[2024-08-27T14:57:23.147+0000][info][gc,heap        ] GC(283) Archive regions: 2->2
[2024-08-27T14:57:23.147+0000][info][gc,heap        ] GC(283) Humongous regions: 5->5
[2024-08-27T14:57:23.147+0000][info][gc,metaspace   ] GC(283) Metaspace: 100K(320K)->100K(320K) NonClass: 96K(192K)->96K(192K) Class: 4K(128K)->4K(128K)
[2024-08-27T14:57:23.147+0000][info][gc             ] GC(283) Pause Young (Normal) (G1 Evacuation Pause) 756M->759M(1024M) 15.520ms
[2024-08-27T14:57:23.148+0000][info][gc,cpu         ] GC(283) User=0.36s Sys=0.00s Real=0.01s
[2024-08-27T14:57:23.169+0000][info][gc,start       ] GC(284) Pause Young (Normal) (G1 Evacuation Pause)
[2024-08-27T14:57:23.169+0000][info][gc,task        ] GC(284) Using 24 workers of 68 for evacuation
[2024-08-27T14:57:23.188+0000][info][gc,phases      ] GC(284)   Pre Evacuate Collection Set: 0.1ms
[2024-08-27T14:57:23.188+0000][info][gc,phases      ] GC(284)   Merge Heap Roots: 0.4ms
[2024-08-27T14:57:23.188+0000][info][gc,phases      ] GC(284)   Evacuate Collection Set: 17.6ms
[2024-08-27T14:57:23.188+0000][info][gc,phases      ] GC(284)   Post Evacuate Collection Set: 0.6ms
[2024-08-27T14:57:23.188+0000][info][gc,phases      ] GC(284)   Other: 0.2ms
[2024-08-27T14:57:23.188+0000][info][gc,heap        ] GC(284) Eden regions: 46->0(43)
[2024-08-27T14:57:23.188+0000][info][gc,heap        ] GC(284) Survivor regions: 11->8(8)
[2024-08-27T14:57:23.188+0000][info][gc,heap        ] GC(284) Old regions: 755->808
[2024-08-27T14:57:23.188+0000][info][gc,heap        ] GC(284) Archive regions: 2->2
[2024-08-27T14:57:23.188+0000][info][gc,heap        ] GC(284) Humongous regions: 5->5
[2024-08-27T14:57:23.188+0000][info][gc,metaspace   ] GC(284) Metaspace: 100K(320K)->100K(320K) NonClass: 96K(192K)->96K(192K) Class: 4K(128K)->4K(128K)
[2024-08-27T14:57:23.188+0000][info][gc             ] GC(284) Pause Young (Normal) (G1 Evacuation Pause) 805M->809M(1024M) 19.027ms
[2024-08-27T14:57:23.188+0000][info][gc,cpu         ] GC(284) User=0.43s Sys=0.00s Real=0.02s
[2024-08-27T14:57:23.209+0000][info][gc,start       ] GC(285) Pause Young (Normal) (G1 Evacuation Pause)
[2024-08-27T14:57:23.209+0000][info][gc,task        ] GC(285) Using 24 workers of 68 for evacuation
[2024-08-27T14:57:23.226+0000][info][gc,phases      ] GC(285)   Pre Evacuate Collection Set: 0.1ms
[2024-08-27T14:57:23.226+0000][info][gc,phases      ] GC(285)   Merge Heap Roots: 0.4ms
[2024-08-27T14:57:23.226+0000][info][gc,phases      ] GC(285)   Evacuate Collection Set: 15.3ms
[2024-08-27T14:57:23.226+0000][info][gc,phases      ] GC(285)   Post Evacuate Collection Set: 0.7ms
[2024-08-27T14:57:23.226+0000][info][gc,phases      ] GC(285)   Other: 0.2ms
[2024-08-27T14:57:23.226+0000][info][gc,heap        ] GC(285) Eden regions: 43->0(44)
[2024-08-27T14:57:23.226+0000][info][gc,heap        ] GC(285) Survivor regions: 8->7(7)
[2024-08-27T14:57:23.226+0000][info][gc,heap        ] GC(285) Old regions: 808->856
[2024-08-27T14:57:23.226+0000][info][gc,heap        ] GC(285) Archive regions: 2->2
[2024-08-27T14:57:23.226+0000][info][gc,heap        ] GC(285) Humongous regions: 5->5
[2024-08-27T14:57:23.226+0000][info][gc,metaspace   ] GC(285) Metaspace: 100K(320K)->100K(320K) NonClass: 96K(192K)->96K(192K) Class: 4K(128K)->4K(128K)
[2024-08-27T14:57:23.226+0000][info][gc             ] GC(285) Pause Young (Normal) (G1 Evacuation Pause) 852M->856M(1024M) 16.841ms
[2024-08-27T14:57:23.226+0000][info][gc,cpu         ] GC(285) User=0.38s Sys=0.00s Real=0.02s
[2024-08-27T14:57:23.234+0000][info][gc,marking     ] GC(282) Concurrent Rebuild Remembered Sets 118.716ms
[2024-08-27T14:57:23.234+0000][info][gc,start       ] GC(282) Pause Cleanup
[2024-08-27T14:57:23.235+0000][info][gc             ] GC(282) Pause Cleanup 873M->873M(1024M) 1.018ms
[2024-08-27T14:57:23.235+0000][info][gc,cpu         ] GC(282) User=0.00s Sys=0.00s Real=0.00s
[2024-08-27T14:57:23.235+0000][info][gc,marking     ] GC(282) Concurrent Cleanup for Next Mark
[2024-08-27T14:57:23.236+0000][info][gc,marking     ] GC(282) Concurrent Cleanup for Next Mark 0.636ms
[2024-08-27T14:57:23.236+0000][info][gc             ] GC(282) Concurrent Mark Cycle 144.875ms
[2024-08-27T14:57:23.250+0000][info][gc,start       ] GC(286) Pause Young (Prepare Mixed) (G1 Evacuation Pause)
[2024-08-27T14:57:23.250+0000][info][gc,task        ] GC(286) Using 24 workers of 68 for evacuation
[2024-08-27T14:57:23.267+0000][info][gc,phases      ] GC(286)   Pre Evacuate Collection Set: 0.2ms
[2024-08-27T14:57:23.267+0000][info][gc,phases      ] GC(286)   Merge Heap Roots: 0.7ms
[2024-08-27T14:57:23.267+0000][info][gc,phases      ] GC(286)   Evacuate Collection Set: 15.7ms
[2024-08-27T14:57:23.267+0000][info][gc,phases      ] GC(286)   Post Evacuate Collection Set: 0.3ms
[2024-08-27T14:57:23.267+0000][info][gc,phases      ] GC(286)   Other: 0.2ms
[2024-08-27T14:57:23.267+0000][info][gc,heap        ] GC(286) Eden regions: 44->0(44)
[2024-08-27T14:57:23.267+0000][info][gc,heap        ] GC(286) Survivor regions: 7->7(7)
[2024-08-27T14:57:23.267+0000][info][gc,heap        ] GC(286) Old regions: 856->903
[2024-08-27T14:57:23.267+0000][info][gc,heap        ] GC(286) Archive regions: 2->2
[2024-08-27T14:57:23.267+0000][info][gc,heap        ] GC(286) Humongous regions: 5->5
[2024-08-27T14:57:23.267+0000][info][gc,metaspace   ] GC(286) Metaspace: 100K(320K)->100K(320K) NonClass: 96K(192K)->96K(192K) Class: 4K(128K)->4K(128K)
[2024-08-27T14:57:23.267+0000][info][gc             ] GC(286) Pause Young (Prepare Mixed) (G1 Evacuation Pause) 900M->903M(1024M) 17.155ms
[2024-08-27T14:57:23.267+0000][info][gc,cpu         ] GC(286) User=0.39s Sys=0.00s Real=0.01s
[2024-08-27T14:57:23.288+0000][info][gc,start       ] GC(287) Pause Young (Mixed) (G1 Evacuation Pause)
[2024-08-27T14:57:23.288+0000][info][gc,task        ] GC(287) Using 24 workers of 68 for evacuation
[2024-08-27T14:57:23.299+0000][info][gc,phases      ] GC(287)   Pre Evacuate Collection Set: 0.2ms
[2024-08-27T14:57:23.299+0000][info][gc,phases      ] GC(287)   Merge Heap Roots: 0.3ms
[2024-08-27T14:57:23.299+0000][info][gc,phases      ] GC(287)   Evacuate Collection Set: 9.5ms
[2024-08-27T14:57:23.299+0000][info][gc,phases      ] GC(287)   Post Evacuate Collection Set: 0.4ms
[2024-08-27T14:57:23.299+0000][info][gc,phases      ] GC(287)   Other: 0.2ms
[2024-08-27T14:57:23.299+0000][info][gc,heap        ] GC(287) Eden regions: 44->0(44)
[2024-08-27T14:57:23.299+0000][info][gc,heap        ] GC(287) Survivor regions: 7->7(7)
[2024-08-27T14:57:23.299+0000][info][gc,heap        ] GC(287) Old regions: 903->847
[2024-08-27T14:57:23.299+0000][info][gc,heap        ] GC(287) Archive regions: 2->2
[2024-08-27T14:57:23.299+0000][info][gc,heap        ] GC(287) Humongous regions: 5->5
[2024-08-27T14:57:23.299+0000][info][gc,metaspace   ] GC(287) Metaspace: 100K(320K)->100K(320K) NonClass: 96K(192K)->96K(192K) Class: 4K(128K)->4K(128K)
[2024-08-27T14:57:23.299+0000][info][gc             ] GC(287) Pause Young (Mixed) (G1 Evacuation Pause) 947M->849M(1024M) 10.682ms
[2024-08-27T14:57:23.299+0000][info][gc,cpu         ] GC(287) User=0.23s Sys=0.00s Real=0.02s
[2024-08-27T14:57:23.320+0000][info][gc,start       ] GC(288) Pause Young (Mixed) (G1 Evacuation Pause)
[2024-08-27T14:57:23.320+0000][info][gc,task        ] GC(288) Using 24 workers of 68 for evacuation
[2024-08-27T14:57:23.330+0000][info][gc,phases      ] GC(288)   Pre Evacuate Collection Set: 0.2ms
[2024-08-27T14:57:23.330+0000][info][gc,phases      ] GC(288)   Merge Heap Roots: 0.4ms
[2024-08-27T14:57:23.330+0000][info][gc,phases      ] GC(288)   Evacuate Collection Set: 9.7ms
[2024-08-27T14:57:23.330+0000][info][gc,phases      ] GC(288)   Post Evacuate Collection Set: 0.4ms
[2024-08-27T14:57:23.330+0000][info][gc,phases      ] GC(288)   Other: 0.2ms
[2024-08-27T14:57:23.330+0000][info][gc,heap        ] GC(288) Eden regions: 44->0(44)
[2024-08-27T14:57:23.330+0000][info][gc,heap        ] GC(288) Survivor regions: 7->7(7)
[2024-08-27T14:57:23.330+0000][info][gc,heap        ] GC(288) Old regions: 847->810
[2024-08-27T14:57:23.330+0000][info][gc,heap        ] GC(288) Archive regions: 2->2
[2024-08-27T14:57:23.331+0000][info][gc,heap        ] GC(288) Humongous regions: 5->5
[2024-08-27T14:57:23.331+0000][info][gc,metaspace   ] GC(288) Metaspace: 100K(320K)->100K(320K) NonClass: 96K(192K)->96K(192K) Class: 4K(128K)->4K(128K)
[2024-08-27T14:57:23.331+0000][info][gc             ] GC(288) Pause Young (Mixed) (G1 Evacuation Pause) 893M->812M(1024M) 11.024ms
[2024-08-27T14:57:23.331+0000][info][gc,cpu         ] GC(288) User=0.25s Sys=0.00s Real=0.01s
[2024-08-27T14:57:23.351+0000][info][gc,start       ] GC(289) Pause Young (Concurrent Start) (G1 Evacuation Pause)
[2024-08-27T14:57:23.351+0000][info][gc,task        ] GC(289) Using 24 workers of 68 for evacuation
[2024-08-27T14:57:23.361+0000][info][gc,phases      ] GC(289)   Pre Evacuate Collection Set: 0.2ms
[2024-08-27T14:57:23.361+0000][info][gc,phases      ] GC(289)   Merge Heap Roots: 0.4ms
[2024-08-27T14:57:23.361+0000][info][gc,phases      ] GC(289)   Evacuate Collection Set: 9.1ms
[2024-08-27T14:57:23.361+0000][info][gc,phases      ] GC(289)   Post Evacuate Collection Set: 0.3ms
[2024-08-27T14:57:23.361+0000][info][gc,phases      ] GC(289)   Other: 0.6ms
[2024-08-27T14:57:23.361+0000][info][gc,heap        ] GC(289) Eden regions: 44->0(44)
[2024-08-27T14:57:23.361+0000][info][gc,heap        ] GC(289) Survivor regions: 7->7(7)
[2024-08-27T14:57:23.361+0000][info][gc,heap        ] GC(289) Old regions: 810->856
[2024-08-27T14:57:23.361+0000][info][gc,heap        ] GC(289) Archive regions: 2->2
[2024-08-27T14:57:23.361+0000][info][gc,heap        ] GC(289) Humongous regions: 5->5
[2024-08-27T14:57:23.361+0000][info][gc,metaspace   ] GC(289) Metaspace: 100K(320K)->100K(320K) NonClass: 96K(192K)->96K(192K) Class: 4K(128K)->4K(128K)
[2024-08-27T14:57:23.361+0000][info][gc             ] GC(289) Pause Young (Concurrent Start) (G1 Evacuation Pause) 856M->858M(1024M) 10.591ms
[2024-08-27T14:57:23.361+0000][info][gc,cpu         ] GC(289) User=0.22s Sys=0.00s Real=0.01s
[2024-08-27T14:57:23.361+0000][info][gc             ] GC(290) Concurrent Mark Cycle
[2024-08-27T14:57:23.361+0000][info][gc,marking     ] GC(290) Concurrent Clear Claimed Marks
[2024-08-27T14:57:23.361+0000][info][gc,marking     ] GC(290) Concurrent Clear Claimed Marks 0.009ms
[2024-08-27T14:57:23.361+0000][info][gc,marking     ] GC(290) Concurrent Scan Root Regions
[2024-08-27T14:57:23.363+0000][info][gc,marking     ] GC(290) Concurrent Scan Root Regions 1.543ms
[2024-08-27T14:57:23.363+0000][info][gc,marking     ] GC(290) Concurrent Mark
[2024-08-27T14:57:23.363+0000][info][gc,marking     ] GC(290) Concurrent Mark From Roots
[2024-08-27T14:57:23.363+0000][info][gc,task        ] GC(290) Using 17 workers of 17 for marking
[2024-08-27T14:57:23.384+0000][info][gc,marking     ] GC(290) Concurrent Mark From Roots 21.281ms
[2024-08-27T14:57:23.384+0000][info][gc,marking     ] GC(290) Concurrent Preclean
[2024-08-27T14:57:23.385+0000][info][gc,marking     ] GC(290) Concurrent Preclean 0.537ms
[2024-08-27T14:57:23.385+0000][info][gc,start       ] GC(290) Pause Remark
[2024-08-27T14:57:23.386+0000][info][gc             ] GC(290) Pause Remark 893M->893M(1024M) 1.302ms
[2024-08-27T14:57:23.386+0000][info][gc,cpu         ] GC(290) User=0.01s Sys=0.00s Real=0.00s
[2024-08-27T14:57:23.386+0000][info][gc,marking     ] GC(290) Concurrent Mark 23.471ms
[2024-08-27T14:57:23.386+0000][info][gc,marking     ] GC(290) Concurrent Rebuild Remembered Sets
[2024-08-27T14:57:23.392+0000][info][gc,start       ] GC(291) Pause Young (Normal) (G1 Evacuation Pause)
[2024-08-27T14:57:23.392+0000][info][gc,task        ] GC(291) Using 24 workers of 68 for evacuation
[2024-08-27T14:57:23.402+0000][info][gc,phases      ] GC(291)   Pre Evacuate Collection Set: 0.1ms
[2024-08-27T14:57:23.402+0000][info][gc,phases      ] GC(291)   Merge Heap Roots: 0.2ms
[2024-08-27T14:57:23.402+0000][info][gc,phases      ] GC(291)   Evacuate Collection Set: 9.3ms
[2024-08-27T14:57:23.402+0000][info][gc,phases      ] GC(291)   Post Evacuate Collection Set: 0.6ms
[2024-08-27T14:57:23.402+0000][info][gc,phases      ] GC(291)   Other: 0.2ms
[2024-08-27T14:57:23.402+0000][info][gc,heap        ] GC(291) Eden regions: 44->0(44)
[2024-08-27T14:57:23.402+0000][info][gc,heap        ] GC(291) Survivor regions: 7->7(7)
[2024-08-27T14:57:23.402+0000][info][gc,heap        ] GC(291) Old regions: 856->901
[2024-08-27T14:57:23.402+0000][info][gc,heap        ] GC(291) Archive regions: 2->2
[2024-08-27T14:57:23.402+0000][info][gc,heap        ] GC(291) Humongous regions: 5->5
[2024-08-27T14:57:23.402+0000][info][gc,metaspace   ] GC(291) Metaspace: 100K(320K)->100K(320K) NonClass: 96K(192K)->96K(192K) Class: 4K(128K)->4K(128K)
[2024-08-27T14:57:23.402+0000][info][gc             ] GC(291) Pause Young (Normal) (G1 Evacuation Pause) 902M->903M(1024M) 10.467ms
[2024-08-27T14:57:23.402+0000][info][gc,cpu         ] GC(291) User=0.17s Sys=0.06s Real=0.01s
[2024-08-27T14:57:23.423+0000][info][gc,start       ] GC(292) Pause Young (Normal) (G1 Evacuation Pause)
[2024-08-27T14:57:23.423+0000][info][gc,task        ] GC(292) Using 24 workers of 68 for evacuation
[2024-08-27T14:57:23.437+0000][info][gc,phases      ] GC(292)   Pre Evacuate Collection Set: 0.1ms
[2024-08-27T14:57:23.437+0000][info][gc,phases      ] GC(292)   Merge Heap Roots: 0.4ms
[2024-08-27T14:57:23.437+0000][info][gc,phases      ] GC(292)   Evacuate Collection Set: 12.6ms
[2024-08-27T14:57:23.437+0000][info][gc,phases      ] GC(292)   Post Evacuate Collection Set: 0.5ms
[2024-08-27T14:57:23.437+0000][info][gc,phases      ] GC(292)   Other: 0.2ms
[2024-08-27T14:57:23.437+0000][info][gc,heap        ] GC(292) Eden regions: 44->0(44)
[2024-08-27T14:57:23.437+0000][info][gc,heap        ] GC(292) Survivor regions: 7->7(7)
[2024-08-27T14:57:23.437+0000][info][gc,heap        ] GC(292) Old regions: 901->948
[2024-08-27T14:57:23.437+0000][info][gc,heap        ] GC(292) Archive regions: 2->2
[2024-08-27T14:57:23.437+0000][info][gc,heap        ] GC(292) Humongous regions: 5->5
[2024-08-27T14:57:23.437+0000][info][gc,metaspace   ] GC(292) Metaspace: 100K(320K)->100K(320K) NonClass: 96K(192K)->96K(192K) Class: 4K(128K)->4K(128K)
[2024-08-27T14:57:23.437+0000][info][gc             ] GC(292) Pause Young (Normal) (G1 Evacuation Pause) 947M->950M(1024M) 13.994ms
[2024-08-27T14:57:23.437+0000][info][gc,cpu         ] GC(292) User=0.32s Sys=0.00s Real=0.01s
[2024-08-27T14:57:23.450+0000][info][gc,start       ] GC(293) Pause Young (Normal) (G1 Preventive Collection)
[2024-08-27T14:57:23.450+0000][info][gc,task        ] GC(293) Using 24 workers of 68 for evacuation
[2024-08-27T14:57:23.463+0000][info][gc,phases      ] GC(293)   Pre Evacuate Collection Set: 0.1ms
[2024-08-27T14:57:23.463+0000][info][gc,phases      ] GC(293)   Merge Heap Roots: 0.3ms
[2024-08-27T14:57:23.463+0000][info][gc,phases      ] GC(293)   Evacuate Collection Set: 11.4ms
[2024-08-27T14:57:23.463+0000][info][gc,phases      ] GC(293)   Post Evacuate Collection Set: 0.6ms
[2024-08-27T14:57:23.463+0000][info][gc,phases      ] GC(293)   Other: 0.2ms
[2024-08-27T14:57:23.463+0000][info][gc,heap        ] GC(293) Eden regions: 26->0(44)
[2024-08-27T14:57:23.463+0000][info][gc,heap        ] GC(293) Survivor regions: 7->7(7)
[2024-08-27T14:57:23.463+0000][info][gc,heap        ] GC(293) Old regions: 948->977
[2024-08-27T14:57:23.463+0000][info][gc,heap        ] GC(293) Archive regions: 2->2
[2024-08-27T14:57:23.463+0000][info][gc,heap        ] GC(293) Humongous regions: 5->5
[2024-08-27T14:57:23.463+0000][info][gc,metaspace   ] GC(293) Metaspace: 100K(320K)->100K(320K) NonClass: 96K(192K)->96K(192K) Class: 4K(128K)->4K(128K)
[2024-08-27T14:57:23.463+0000][info][gc             ] GC(293) Pause Young (Normal) (G1 Preventive Collection) 976M->979M(1024M) 12.685ms
[2024-08-27T14:57:23.463+0000][info][gc,cpu         ] GC(293) User=0.28s Sys=0.00s Real=0.01s
[2024-08-27T14:57:23.470+0000][info][gc,start       ] GC(294) Pause Young (Normal) (G1 Preventive Collection)
[2024-08-27T14:57:23.470+0000][info][gc,task        ] GC(294) Using 24 workers of 68 for evacuation
[2024-08-27T14:57:23.480+0000][info][gc             ] GC(294) To-space exhausted
[2024-08-27T14:57:23.480+0000][info][gc,phases      ] GC(294)   Pre Evacuate Collection Set: 0.1ms
[2024-08-27T14:57:23.480+0000][info][gc,phases      ] GC(294)   Merge Heap Roots: 0.6ms
[2024-08-27T14:57:23.480+0000][info][gc,phases      ] GC(294)   Evacuate Collection Set: 8.9ms
[2024-08-27T14:57:23.480+0000][info][gc,phases      ] GC(294)   Post Evacuate Collection Set: 0.8ms
[2024-08-27T14:57:23.480+0000][info][gc,phases      ] GC(294)   Other: 0.2ms
[2024-08-27T14:57:23.480+0000][info][gc,heap        ] GC(294) Eden regions: 12->0(44)
[2024-08-27T14:57:23.480+0000][info][gc,heap        ] GC(294) Survivor regions: 7->7(7)
[2024-08-27T14:57:23.480+0000][info][gc,heap        ] GC(294) Old regions: 977->1005
[2024-08-27T14:57:23.480+0000][info][gc,heap        ] GC(294) Archive regions: 2->2
[2024-08-27T14:57:23.480+0000][info][gc,heap        ] GC(294) Humongous regions: 5->5
[2024-08-27T14:57:23.480+0000][info][gc,metaspace   ] GC(294) Metaspace: 100K(320K)->100K(320K) NonClass: 96K(192K)->96K(192K) Class: 4K(128K)->4K(128K)
[2024-08-27T14:57:23.480+0000][info][gc             ] GC(294) Pause Young (Normal) (G1 Preventive Collection) 991M->1007M(1024M) 10.699ms
[2024-08-27T14:57:23.480+0000][info][gc,cpu         ] GC(294) User=0.24s Sys=0.01s Real=0.01s
[2024-08-27T14:57:23.481+0000][info][gc,start       ] GC(295) Pause Young (Normal) (G1 Preventive Collection)
[2024-08-27T14:57:23.481+0000][info][gc,task        ] GC(295) Using 24 workers of 68 for evacuation
[2024-08-27T14:57:23.489+0000][info][gc             ] GC(295) To-space exhausted
[2024-08-27T14:57:23.489+0000][info][gc,phases      ] GC(295)   Pre Evacuate Collection Set: 0.1ms
[2024-08-27T14:57:23.489+0000][info][gc,phases      ] GC(295)   Merge Heap Roots: 0.6ms
[2024-08-27T14:57:23.489+0000][info][gc,phases      ] GC(295)   Evacuate Collection Set: 6.3ms
[2024-08-27T14:57:23.489+0000][info][gc,phases      ] GC(295)   Post Evacuate Collection Set: 0.8ms
[2024-08-27T14:57:23.489+0000][info][gc,phases      ] GC(295)   Other: 0.1ms
[2024-08-27T14:57:23.489+0000][info][gc,heap        ] GC(295) Eden regions: 1->0(50)
[2024-08-27T14:57:23.489+0000][info][gc,heap        ] GC(295) Survivor regions: 7->1(4)
[2024-08-27T14:57:23.489+0000][info][gc,heap        ] GC(295) Old regions: 1005->1016
[2024-08-27T14:57:23.489+0000][info][gc,heap        ] GC(295) Archive regions: 2->2
[2024-08-27T14:57:23.489+0000][info][gc,heap        ] GC(295) Humongous regions: 5->5
[2024-08-27T14:57:23.489+0000][info][gc,metaspace   ] GC(295) Metaspace: 100K(320K)->100K(320K) NonClass: 96K(192K)->96K(192K) Class: 4K(128K)->4K(128K)
[2024-08-27T14:57:23.489+0000][info][gc             ] GC(295) Pause Young (Normal) (G1 Preventive Collection) 1008M->1012M(1024M) 8.021ms
[2024-08-27T14:57:23.489+0000][info][gc,cpu         ] GC(295) User=0.17s Sys=0.00s Real=0.00s
[2024-08-27T14:57:23.489+0000][info][gc,ergo        ] Attempting full compaction
[2024-08-27T14:57:23.489+0000][info][gc,task        ] GC(296) Using 24 workers of 68 for full compaction
[2024-08-27T14:57:23.490+0000][info][gc,start       ] GC(296) Pause Full (G1 Compaction Pause)
[2024-08-27T14:57:23.491+0000][info][gc,phases,start] GC(296) Phase 1: Mark live objects
[2024-08-27T14:57:23.505+0000][info][gc,phases      ] GC(296) Phase 1: Mark live objects 14.198ms
[2024-08-27T14:57:23.505+0000][info][gc,phases,start] GC(296) Phase 2: Prepare for compaction
[2024-08-27T14:57:23.512+0000][info][gc,phases      ] GC(296) Phase 2: Prepare for compaction 6.986ms
[2024-08-27T14:57:23.512+0000][info][gc,phases,start] GC(296) Phase 3: Adjust pointers
[2024-08-27T14:57:23.525+0000][info][gc,phases      ] GC(296) Phase 3: Adjust pointers 13.117ms
[2024-08-27T14:57:23.525+0000][info][gc,phases,start] GC(296) Phase 4: Compact heap
[2024-08-27T14:57:23.551+0000][info][gc,phases      ] GC(296) Phase 4: Compact heap 25.678ms
[2024-08-27T14:57:23.552+0000][info][gc,heap        ] GC(296) Eden regions: 0->0(150)
[2024-08-27T14:57:23.552+0000][info][gc,heap        ] GC(296) Survivor regions: 1->0(4)
[2024-08-27T14:57:23.552+0000][info][gc,heap        ] GC(296) Old regions: 1016->443
[2024-08-27T14:57:23.552+0000][info][gc,heap        ] GC(296) Archive regions: 2->2
[2024-08-27T14:57:23.552+0000][info][gc,heap        ] GC(296) Humongous regions: 5->5
[2024-08-27T14:57:23.552+0000][info][gc,metaspace   ] GC(296) Metaspace: 100K(320K)->100K(320K) NonClass: 96K(192K)->96K(192K) Class: 4K(128K)->4K(128K)
[2024-08-27T14:57:23.553+0000][info][gc             ] GC(296) Pause Full (G1 Compaction Pause) 1012M->437M(1024M) 62.787ms
[2024-08-27T14:57:23.553+0000][info][gc,cpu         ] GC(296) User=1.33s Sys=0.02s Real=0.07s
[2024-08-27T14:57:23.553+0000][info][gc,marking     ] GC(290) Concurrent Rebuild Remembered Sets 166.530ms
[2024-08-27T14:57:23.553+0000][info][gc,marking     ] GC(290) Concurrent Mark Abort
[2024-08-27T14:57:23.553+0000][info][gc             ] GC(290) Concurrent Mark Cycle 191.692ms
[2024-08-27T14:57:23.626+0000][info][gc,start       ] GC(297) Pause Young (Normal) (G1 Evacuation Pause)
[2024-08-27T14:57:23.626+0000][info][gc,task        ] GC(297) Using 24 workers of 68 for evacuation
[2024-08-27T14:57:23.647+0000][info][gc,phases      ] GC(297)   Pre Evacuate Collection Set: 0.2ms
[2024-08-27T14:57:23.647+0000][info][gc,phases      ] GC(297)   Merge Heap Roots: 0.4ms
[2024-08-27T14:57:23.647+0000][info][gc,phases      ] GC(297)   Evacuate Collection Set: 20.0ms
[2024-08-27T14:57:23.647+0000][info][gc,phases      ] GC(297)   Post Evacuate Collection Set: 0.4ms
[2024-08-27T14:57:23.647+0000][info][gc,phases      ] GC(297)   Other: 0.2ms
[2024-08-27T14:57:23.647+0000][info][gc,heap        ] GC(297) Eden regions: 150->0(103)
[2024-08-27T14:57:23.647+0000][info][gc,heap        ] GC(297) Survivor regions: 0->19(19)
[2024-08-27T14:57:23.647+0000][info][gc,heap        ] GC(297) Old regions: 443->570
[2024-08-27T14:57:23.647+0000][info][gc,heap        ] GC(297) Archive regions: 2->2
[2024-08-27T14:57:23.647+0000][info][gc,heap        ] GC(297) Humongous regions: 5->5
[2024-08-27T14:57:23.647+0000][info][gc,metaspace   ] GC(297) Metaspace: 100K(320K)->100K(320K) NonClass: 96K(192K)->96K(192K) Class: 4K(128K)->4K(128K)
[2024-08-27T14:57:23.647+0000][info][gc             ] GC(297) Pause Young (Normal) (G1 Evacuation Pause) 587M->583M(1024M) 21.202ms
[2024-08-27T14:57:23.647+0000][info][gc,cpu         ] GC(297) User=0.48s Sys=0.00s Real=0.02s
[2024-08-27T14:57:23.695+0000][info][gc,start       ] GC(298) Pause Young (Concurrent Start) (G1 Evacuation Pause)
[2024-08-27T14:57:23.695+0000][info][gc,task        ] GC(298) Using 24 workers of 68 for evacuation
[2024-08-27T14:57:23.714+0000][info][gc,phases      ] GC(298)   Pre Evacuate Collection Set: 0.2ms
[2024-08-27T14:57:23.714+0000][info][gc,phases      ] GC(298)   Merge Heap Roots: 0.4ms
[2024-08-27T14:57:23.714+0000][info][gc,phases      ] GC(298)   Evacuate Collection Set: 17.1ms
[2024-08-27T14:57:23.714+0000][info][gc,phases      ] GC(298)   Post Evacuate Collection Set: 0.3ms
[2024-08-27T14:57:23.714+0000][info][gc,phases      ] GC(298)   Other: 0.8ms
[2024-08-27T14:57:23.714+0000][info][gc,heap        ] GC(298) Eden regions: 103->0(70)
[2024-08-27T14:57:23.714+0000][info][gc,heap        ] GC(298) Survivor regions: 19->16(16)
[2024-08-27T14:57:23.714+0000][info][gc,heap        ] GC(298) Old regions: 570->677
[2024-08-27T14:57:23.714+0000][info][gc,heap        ] GC(298) Archive regions: 2->2
[2024-08-27T14:57:23.714+0000][info][gc,heap        ] GC(298) Humongous regions: 5->5
[2024-08-27T14:57:23.714+0000][info][gc,metaspace   ] GC(298) Metaspace: 100K(320K)->100K(320K) NonClass: 96K(192K)->96K(192K) Class: 4K(128K)->4K(128K)
[2024-08-27T14:57:23.714+0000][info][gc             ] GC(298) Pause Young (Concurrent Start) (G1 Evacuation Pause) 686M->687M(1024M) 18.821ms
[2024-08-27T14:57:23.714+0000][info][gc,cpu         ] GC(298) User=0.42s Sys=0.00s Real=0.02s
[2024-08-27T14:57:23.714+0000][info][gc             ] GC(299) Concurrent Mark Cycle
[2024-08-27T14:57:23.714+0000][info][gc,marking     ] GC(299) Concurrent Clear Claimed Marks
[2024-08-27T14:57:23.714+0000][info][gc,marking     ] GC(299) Concurrent Clear Claimed Marks 0.009ms
[2024-08-27T14:57:23.714+0000][info][gc,marking     ] GC(299) Concurrent Scan Root Regions
[2024-08-27T14:57:23.717+0000][info][gc,marking     ] GC(299) Concurrent Scan Root Regions 3.121ms
[2024-08-27T14:57:23.718+0000][info][gc,marking     ] GC(299) Concurrent Mark
[2024-08-27T14:57:23.718+0000][info][gc,marking     ] GC(299) Concurrent Mark From Roots
[2024-08-27T14:57:23.718+0000][info][gc,task        ] GC(299) Using 17 workers of 17 for marking
[2024-08-27T14:57:23.736+0000][info][gc,marking     ] GC(299) Concurrent Mark From Roots 18.726ms
[2024-08-27T14:57:23.736+0000][info][gc,marking     ] GC(299) Concurrent Preclean
[2024-08-27T14:57:23.737+0000][info][gc,marking     ] GC(299) Concurrent Preclean 0.537ms
[2024-08-27T14:57:23.737+0000][info][gc,start       ] GC(299) Pause Remark
[2024-08-27T14:57:23.738+0000][info][gc             ] GC(299) Pause Remark 721M->721M(1024M) 1.140ms
[2024-08-27T14:57:23.738+0000][info][gc,cpu         ] GC(299) User=0.00s Sys=0.01s Real=0.01s
[2024-08-27T14:57:23.738+0000][info][gc,marking     ] GC(299) Concurrent Mark 20.745ms
[2024-08-27T14:57:23.738+0000][info][gc,marking     ] GC(299) Concurrent Rebuild Remembered Sets
[2024-08-27T14:57:23.755+0000][info][gc,start       ] GC(300) Pause Young (Normal) (G1 Evacuation Pause)
[2024-08-27T14:57:23.755+0000][info][gc,task        ] GC(300) Using 24 workers of 68 for evacuation
[2024-08-27T14:57:23.770+0000][info][gc,phases      ] GC(300)   Pre Evacuate Collection Set: 0.1ms
[2024-08-27T14:57:23.770+0000][info][gc,phases      ] GC(300)   Merge Heap Roots: 0.3ms
[2024-08-27T14:57:23.770+0000][info][gc,phases      ] GC(300)   Evacuate Collection Set: 14.3ms
[2024-08-27T14:57:23.770+0000][info][gc,phases      ] GC(300)   Post Evacuate Collection Set: 0.5ms
[2024-08-27T14:57:23.770+0000][info][gc,phases      ] GC(300)   Other: 0.2ms
[2024-08-27T14:57:23.770+0000][info][gc,heap        ] GC(300) Eden regions: 70->0(46)
[2024-08-27T14:57:23.770+0000][info][gc,heap        ] GC(300) Survivor regions: 16->11(11)
[2024-08-27T14:57:23.770+0000][info][gc,heap        ] GC(300) Old regions: 677->755
[2024-08-27T14:57:23.770+0000][info][gc,heap        ] GC(300) Archive regions: 2->2
[2024-08-27T14:57:23.770+0000][info][gc,heap        ] GC(300) Humongous regions: 5->5
[2024-08-27T14:57:23.770+0000][info][gc,metaspace   ] GC(300) Metaspace: 100K(320K)->100K(320K) NonClass: 96K(192K)->96K(192K) Class: 4K(128K)->4K(128K)
[2024-08-27T14:57:23.770+0000][info][gc             ] GC(300) Pause Young (Normal) (G1 Evacuation Pause) 757M->760M(1024M) 15.448ms
[2024-08-27T14:57:23.770+0000][info][gc,cpu         ] GC(300) User=0.35s Sys=0.00s Real=0.02s
[2024-08-27T14:57:23.792+0000][info][gc,start       ] GC(301) Pause Young (Normal) (G1 Evacuation Pause)
[2024-08-27T14:57:23.792+0000][info][gc,task        ] GC(301) Using 24 workers of 68 for evacuation
[2024-08-27T14:57:23.810+0000][info][gc,phases      ] GC(301)   Pre Evacuate Collection Set: 0.1ms
[2024-08-27T14:57:23.810+0000][info][gc,phases      ] GC(301)   Merge Heap Roots: 0.5ms
[2024-08-27T14:57:23.810+0000][info][gc,phases      ] GC(301)   Evacuate Collection Set: 16.5ms
[2024-08-27T14:57:23.810+0000][info][gc,phases      ] GC(301)   Post Evacuate Collection Set: 0.6ms
[2024-08-27T14:57:23.810+0000][info][gc,phases      ] GC(301)   Other: 0.2ms
[2024-08-27T14:57:23.810+0000][info][gc,heap        ] GC(301) Eden regions: 46->0(43)
[2024-08-27T14:57:23.810+0000][info][gc,heap        ] GC(301) Survivor regions: 11->8(8)
[2024-08-27T14:57:23.810+0000][info][gc,heap        ] GC(301) Old regions: 755->809
[2024-08-27T14:57:23.810+0000][info][gc,heap        ] GC(301) Archive regions: 2->2
[2024-08-27T14:57:23.810+0000][info][gc,heap        ] GC(301) Humongous regions: 5->5
[2024-08-27T14:57:23.810+0000][info][gc,metaspace   ] GC(301) Metaspace: 100K(320K)->100K(320K) NonClass: 96K(192K)->96K(192K) Class: 4K(128K)->4K(128K)
[2024-08-27T14:57:23.810+0000][info][gc             ] GC(301) Pause Young (Normal) (G1 Evacuation Pause) 806M->811M(1024M) 18.021ms
[2024-08-27T14:57:23.810+0000][info][gc,cpu         ] GC(301) User=0.42s Sys=0.00s Real=0.02s
[2024-08-27T14:57:23.831+0000][info][gc,start       ] GC(302) Pause Young (Normal) (G1 Evacuation Pause)
[2024-08-27T14:57:23.831+0000][info][gc,task        ] GC(302) Using 24 workers of 68 for evacuation
[2024-08-27T14:57:23.848+0000][info][gc,phases      ] GC(302)   Pre Evacuate Collection Set: 0.1ms
[2024-08-27T14:57:23.848+0000][info][gc,phases      ] GC(302)   Merge Heap Roots: 0.4ms
[2024-08-27T14:57:23.848+0000][info][gc,phases      ] GC(302)   Evacuate Collection Set: 14.9ms
[2024-08-27T14:57:23.848+0000][info][gc,phases      ] GC(302)   Post Evacuate Collection Set: 0.7ms
[2024-08-27T14:57:23.848+0000][info][gc,phases      ] GC(302)   Other: 0.2ms
[2024-08-27T14:57:23.848+0000][info][gc,heap        ] GC(302) Eden regions: 43->0(44)
[2024-08-27T14:57:23.848+0000][info][gc,heap        ] GC(302) Survivor regions: 8->7(7)
[2024-08-27T14:57:23.848+0000][info][gc,heap        ] GC(302) Old regions: 809->857
[2024-08-27T14:57:23.848+0000][info][gc,heap        ] GC(302) Archive regions: 2->2
[2024-08-27T14:57:23.848+0000][info][gc,heap        ] GC(302) Humongous regions: 5->5
[2024-08-27T14:57:23.848+0000][info][gc,metaspace   ] GC(302) Metaspace: 100K(320K)->100K(320K) NonClass: 96K(192K)->96K(192K) Class: 4K(128K)->4K(128K)
[2024-08-27T14:57:23.848+0000][info][gc             ] GC(302) Pause Young (Normal) (G1 Evacuation Pause) 854M->858M(1024M) 16.365ms
[2024-08-27T14:57:23.848+0000][info][gc,cpu         ] GC(302) User=0.38s Sys=0.00s Real=0.01s
[2024-08-27T14:57:23.856+0000][info][gc,marking     ] GC(299) Concurrent Rebuild Remembered Sets 117.965ms
[2024-08-27T14:57:23.856+0000][info][gc,start       ] GC(299) Pause Cleanup
[2024-08-27T14:57:23.857+0000][info][gc             ] GC(299) Pause Cleanup 876M->876M(1024M) 1.009ms
[2024-08-27T14:57:23.857+0000][info][gc,cpu         ] GC(299) User=0.00s Sys=0.00s Real=0.01s
[2024-08-27T14:57:23.858+0000][info][gc,marking     ] GC(299) Concurrent Cleanup for Next Mark
[2024-08-27T14:57:23.858+0000][info][gc,marking     ] GC(299) Concurrent Cleanup for Next Mark 0.625ms
[2024-08-27T14:57:23.858+0000][info][gc             ] GC(299) Concurrent Mark Cycle 143.902ms
[2024-08-27T14:57:23.871+0000][info][gc,start       ] GC(303) Pause Young (Prepare Mixed) (G1 Evacuation Pause)
[2024-08-27T14:57:23.871+0000][info][gc,task        ] GC(303) Using 24 workers of 68 for evacuation
[2024-08-27T14:57:23.888+0000][info][gc,phases      ] GC(303)   Pre Evacuate Collection Set: 0.1ms
[2024-08-27T14:57:23.888+0000][info][gc,phases      ] GC(303)   Merge Heap Roots: 0.6ms
[2024-08-27T14:57:23.888+0000][info][gc,phases      ] GC(303)   Evacuate Collection Set: 15.2ms
[2024-08-27T14:57:23.888+0000][info][gc,phases      ] GC(303)   Post Evacuate Collection Set: 0.3ms
[2024-08-27T14:57:23.888+0000][info][gc,phases      ] GC(303)   Other: 0.2ms
[2024-08-27T14:57:23.888+0000][info][gc,heap        ] GC(303) Eden regions: 44->0(44)
[2024-08-27T14:57:23.888+0000][info][gc,heap        ] GC(303) Survivor regions: 7->7(7)
[2024-08-27T14:57:23.888+0000][info][gc,heap        ] GC(303) Old regions: 857->905
[2024-08-27T14:57:23.888+0000][info][gc,heap        ] GC(303) Archive regions: 2->2
[2024-08-27T14:57:23.888+0000][info][gc,heap        ] GC(303) Humongous regions: 5->5
[2024-08-27T14:57:23.888+0000][info][gc,metaspace   ] GC(303) Metaspace: 100K(320K)->100K(320K) NonClass: 96K(192K)->96K(192K) Class: 4K(128K)->4K(128K)
[2024-08-27T14:57:23.888+0000][info][gc             ] GC(303) Pause Young (Prepare Mixed) (G1 Evacuation Pause) 902M->906M(1024M) 16.472ms
[2024-08-27T14:57:23.888+0000][info][gc,cpu         ] GC(303) User=0.38s Sys=0.00s Real=0.01s
[2024-08-27T14:57:23.908+0000][info][gc,start       ] GC(304) Pause Young (Mixed) (G1 Evacuation Pause)
[2024-08-27T14:57:23.909+0000][info][gc,task        ] GC(304) Using 24 workers of 68 for evacuation
[2024-08-27T14:57:23.919+0000][info][gc,phases      ] GC(304)   Pre Evacuate Collection Set: 0.2ms
[2024-08-27T14:57:23.919+0000][info][gc,phases      ] GC(304)   Merge Heap Roots: 0.4ms
[2024-08-27T14:57:23.919+0000][info][gc,phases      ] GC(304)   Evacuate Collection Set: 9.6ms
[2024-08-27T14:57:23.919+0000][info][gc,phases      ] GC(304)   Post Evacuate Collection Set: 0.4ms
[2024-08-27T14:57:23.919+0000][info][gc,phases      ] GC(304)   Other: 0.2ms
[2024-08-27T14:57:23.919+0000][info][gc,heap        ] GC(304) Eden regions: 44->0(44)
[2024-08-27T14:57:23.919+0000][info][gc,heap        ] GC(304) Survivor regions: 7->7(7)
[2024-08-27T14:57:23.919+0000][info][gc,heap        ] GC(304) Old regions: 905->849
[2024-08-27T14:57:23.919+0000][info][gc,heap        ] GC(304) Archive regions: 2->2
[2024-08-27T14:57:23.919+0000][info][gc,heap        ] GC(304) Humongous regions: 5->5
[2024-08-27T14:57:23.919+0000][info][gc,metaspace   ] GC(304) Metaspace: 100K(320K)->100K(320K) NonClass: 96K(192K)->96K(192K) Class: 4K(128K)->4K(128K)
[2024-08-27T14:57:23.919+0000][info][gc             ] GC(304) Pause Young (Mixed) (G1 Evacuation Pause) 950M->851M(1024M) 10.847ms
[2024-08-27T14:57:23.919+0000][info][gc,cpu         ] GC(304) User=0.25s Sys=0.00s Real=0.02s
[2024-08-27T14:57:23.940+0000][info][gc,start       ] GC(305) Pause Young (Mixed) (G1 Evacuation Pause)
[2024-08-27T14:57:23.940+0000][info][gc,task        ] GC(305) Using 24 workers of 68 for evacuation
[2024-08-27T14:57:23.951+0000][info][gc,phases      ] GC(305)   Pre Evacuate Collection Set: 0.2ms
[2024-08-27T14:57:23.951+0000][info][gc,phases      ] GC(305)   Merge Heap Roots: 0.3ms
[2024-08-27T14:57:23.951+0000][info][gc,phases      ] GC(305)   Evacuate Collection Set: 9.7ms
[2024-08-27T14:57:23.951+0000][info][gc,phases      ] GC(305)   Post Evacuate Collection Set: 0.3ms
[2024-08-27T14:57:23.951+0000][info][gc,phases      ] GC(305)   Other: 0.3ms
[2024-08-27T14:57:23.951+0000][info][gc,heap        ] GC(305) Eden regions: 44->0(44)
[2024-08-27T14:57:23.951+0000][info][gc,heap        ] GC(305) Survivor regions: 7->7(7)
[2024-08-27T14:57:23.951+0000][info][gc,heap        ] GC(305) Old regions: 849->813
[2024-08-27T14:57:23.951+0000][info][gc,heap        ] GC(305) Archive regions: 2->2
[2024-08-27T14:57:23.951+0000][info][gc,heap        ] GC(305) Humongous regions: 5->5
[2024-08-27T14:57:23.951+0000][info][gc,metaspace   ] GC(305) Metaspace: 100K(320K)->100K(320K) NonClass: 96K(192K)->96K(192K) Class: 4K(128K)->4K(128K)
[2024-08-27T14:57:23.951+0000][info][gc             ] GC(305) Pause Young (Mixed) (G1 Evacuation Pause) 895M->815M(1024M) 10.933ms
[2024-08-27T14:57:23.951+0000][info][gc,cpu         ] GC(305) User=0.24s Sys=0.00s Real=0.01s
[2024-08-27T14:57:23.971+0000][info][gc,start       ] GC(306) Pause Young (Concurrent Start) (G1 Evacuation Pause)
[2024-08-27T14:57:23.971+0000][info][gc,task        ] GC(306) Using 24 workers of 68 for evacuation
[2024-08-27T14:57:23.981+0000][info][gc,phases      ] GC(306)   Pre Evacuate Collection Set: 0.2ms
[2024-08-27T14:57:23.981+0000][info][gc,phases      ] GC(306)   Merge Heap Roots: 0.3ms
[2024-08-27T14:57:23.981+0000][info][gc,phases      ] GC(306)   Evacuate Collection Set: 9.1ms
[2024-08-27T14:57:23.981+0000][info][gc,phases      ] GC(306)   Post Evacuate Collection Set: 0.3ms
[2024-08-27T14:57:23.981+0000][info][gc,phases      ] GC(306)   Other: 0.6ms
[2024-08-27T14:57:23.981+0000][info][gc,heap        ] GC(306) Eden regions: 44->0(44)
[2024-08-27T14:57:23.981+0000][info][gc,heap        ] GC(306) Survivor regions: 7->7(7)
[2024-08-27T14:57:23.981+0000][info][gc,heap        ] GC(306) Old regions: 813->859
[2024-08-27T14:57:23.981+0000][info][gc,heap        ] GC(306) Archive regions: 2->2
[2024-08-27T14:57:23.981+0000][info][gc,heap        ] GC(306) Humongous regions: 5->5
[2024-08-27T14:57:23.981+0000][info][gc,metaspace   ] GC(306) Metaspace: 100K(320K)->100K(320K) NonClass: 96K(192K)->96K(192K) Class: 4K(128K)->4K(128K)
[2024-08-27T14:57:23.981+0000][info][gc             ] GC(306) Pause Young (Concurrent Start) (G1 Evacuation Pause) 859M->861M(1024M) 10.461ms
[2024-08-27T14:57:23.981+0000][info][gc,cpu         ] GC(306) User=0.22s Sys=0.00s Real=0.01s
[2024-08-27T14:57:23.981+0000][info][gc             ] GC(307) Concurrent Mark Cycle
[2024-08-27T14:57:23.981+0000][info][gc,marking     ] GC(307) Concurrent Clear Claimed Marks
[2024-08-27T14:57:23.981+0000][info][gc,marking     ] GC(307) Concurrent Clear Claimed Marks 0.010ms
[2024-08-27T14:57:23.981+0000][info][gc,marking     ] GC(307) Concurrent Scan Root Regions
[2024-08-27T14:57:23.983+0000][info][gc,marking     ] GC(307) Concurrent Scan Root Regions 1.463ms
[2024-08-27T14:57:23.983+0000][info][gc,marking     ] GC(307) Concurrent Mark
[2024-08-27T14:57:23.983+0000][info][gc,marking     ] GC(307) Concurrent Mark From Roots
[2024-08-27T14:57:23.983+0000][info][gc,task        ] GC(307) Using 17 workers of 17 for marking
[2024-08-27T14:57:24.004+0000][info][gc,marking     ] GC(307) Concurrent Mark From Roots 21.215ms
[2024-08-27T14:57:24.004+0000][info][gc,marking     ] GC(307) Concurrent Preclean
[2024-08-27T14:57:24.005+0000][info][gc,marking     ] GC(307) Concurrent Preclean 0.536ms
[2024-08-27T14:57:24.005+0000][info][gc,start       ] GC(307) Pause Remark
[2024-08-27T14:57:24.006+0000][info][gc             ] GC(307) Pause Remark 897M->897M(1024M) 1.160ms
[2024-08-27T14:57:24.006+0000][info][gc,cpu         ] GC(307) User=0.00s Sys=0.00s Real=0.00s
[2024-08-27T14:57:24.006+0000][info][gc,marking     ] GC(307) Concurrent Mark 23.301ms
[2024-08-27T14:57:24.006+0000][info][gc,marking     ] GC(307) Concurrent Rebuild Remembered Sets
[2024-08-27T14:57:24.011+0000][info][gc,start       ] GC(308) Pause Young (Normal) (G1 Evacuation Pause)
[2024-08-27T14:57:24.011+0000][info][gc,task        ] GC(308) Using 24 workers of 68 for evacuation
[2024-08-27T14:57:24.021+0000][info][gc,phases      ] GC(308)   Pre Evacuate Collection Set: 0.2ms
[2024-08-27T14:57:24.021+0000][info][gc,phases      ] GC(308)   Merge Heap Roots: 0.2ms
[2024-08-27T14:57:24.021+0000][info][gc,phases      ] GC(308)   Evacuate Collection Set: 8.7ms
[2024-08-27T14:57:24.021+0000][info][gc,phases      ] GC(308)   Post Evacuate Collection Set: 0.4ms
[2024-08-27T14:57:24.021+0000][info][gc,phases      ] GC(308)   Other: 0.2ms
[2024-08-27T14:57:24.021+0000][info][gc,heap        ] GC(308) Eden regions: 44->0(44)
[2024-08-27T14:57:24.021+0000][info][gc,heap        ] GC(308) Survivor regions: 7->7(7)
[2024-08-27T14:57:24.021+0000][info][gc,heap        ] GC(308) Old regions: 859->905
[2024-08-27T14:57:24.021+0000][info][gc,heap        ] GC(308) Archive regions: 2->2
[2024-08-27T14:57:24.021+0000][info][gc,heap        ] GC(308) Humongous regions: 5->5
[2024-08-27T14:57:24.021+0000][info][gc,metaspace   ] GC(308) Metaspace: 100K(320K)->100K(320K) NonClass: 96K(192K)->96K(192K) Class: 4K(128K)->4K(128K)
[2024-08-27T14:57:24.021+0000][info][gc             ] GC(308) Pause Young (Normal) (G1 Evacuation Pause) 905M->907M(1024M) 9.748ms
[2024-08-27T14:57:24.021+0000][info][gc,cpu         ] GC(308) User=0.21s Sys=0.00s Real=0.01s
[2024-08-27T14:57:24.042+0000][info][gc,start       ] GC(309) Pause Young (Normal) (G1 Evacuation Pause)
[2024-08-27T14:57:24.042+0000][info][gc,task        ] GC(309) Using 24 workers of 68 for evacuation
[2024-08-27T14:57:24.057+0000][info][gc,phases      ] GC(309)   Pre Evacuate Collection Set: 0.2ms
[2024-08-27T14:57:24.057+0000][info][gc,phases      ] GC(309)   Merge Heap Roots: 0.4ms
[2024-08-27T14:57:24.057+0000][info][gc,phases      ] GC(309)   Evacuate Collection Set: 13.9ms
[2024-08-27T14:57:24.057+0000][info][gc,phases      ] GC(309)   Post Evacuate Collection Set: 0.5ms
[2024-08-27T14:57:24.057+0000][info][gc,phases      ] GC(309)   Other: 0.2ms
[2024-08-27T14:57:24.057+0000][info][gc,heap        ] GC(309) Eden regions: 44->0(44)
[2024-08-27T14:57:24.057+0000][info][gc,heap        ] GC(309) Survivor regions: 7->7(7)
[2024-08-27T14:57:24.057+0000][info][gc,heap        ] GC(309) Old regions: 905->952
[2024-08-27T14:57:24.057+0000][info][gc,heap        ] GC(309) Archive regions: 2->2
[2024-08-27T14:57:24.057+0000][info][gc,heap        ] GC(309) Humongous regions: 5->5
[2024-08-27T14:57:24.057+0000][info][gc,metaspace   ] GC(309) Metaspace: 100K(320K)->100K(320K) NonClass: 96K(192K)->96K(192K) Class: 4K(128K)->4K(128K)
[2024-08-27T14:57:24.057+0000][info][gc             ] GC(309) Pause Young (Normal) (G1 Evacuation Pause) 951M->954M(1024M) 15.255ms
[2024-08-27T14:57:24.057+0000][info][gc,cpu         ] GC(309) User=0.33s Sys=0.01s Real=0.01s
[2024-08-27T14:57:24.072+0000][info][gc,start       ] GC(310) Pause Young (Normal) (G1 Preventive Collection)
[2024-08-27T14:57:24.072+0000][info][gc,task        ] GC(310) Using 24 workers of 68 for evacuation
[2024-08-27T14:57:24.086+0000][info][gc,phases      ] GC(310)   Pre Evacuate Collection Set: 0.1ms
[2024-08-27T14:57:24.086+0000][info][gc,phases      ] GC(310)   Merge Heap Roots: 0.3ms
[2024-08-27T14:57:24.086+0000][info][gc,phases      ] GC(310)   Evacuate Collection Set: 12.5ms
[2024-08-27T14:57:24.086+0000][info][gc,phases      ] GC(310)   Post Evacuate Collection Set: 0.6ms
[2024-08-27T14:57:24.086+0000][info][gc,phases      ] GC(310)   Other: 0.2ms
[2024-08-27T14:57:24.086+0000][info][gc,heap        ] GC(310) Eden regions: 24->0(44)
[2024-08-27T14:57:24.086+0000][info][gc,heap        ] GC(310) Survivor regions: 7->7(7)
[2024-08-27T14:57:24.086+0000][info][gc,heap        ] GC(310) Old regions: 952->979
[2024-08-27T14:57:24.086+0000][info][gc,heap        ] GC(310) Archive regions: 2->2
[2024-08-27T14:57:24.086+0000][info][gc,heap        ] GC(310) Humongous regions: 5->5
[2024-08-27T14:57:24.086+0000][info][gc,metaspace   ] GC(310) Metaspace: 100K(320K)->100K(320K) NonClass: 96K(192K)->96K(192K) Class: 4K(128K)->4K(128K)
[2024-08-27T14:57:24.086+0000][info][gc             ] GC(310) Pause Young (Normal) (G1 Preventive Collection) 978M->981M(1024M) 13.843ms
[2024-08-27T14:57:24.086+0000][info][gc,cpu         ] GC(310) User=0.31s Sys=0.01s Real=0.01s
[2024-08-27T14:57:24.093+0000][info][gc,start       ] GC(311) Pause Young (Normal) (G1 Preventive Collection)
[2024-08-27T14:57:24.093+0000][info][gc,task        ] GC(311) Using 24 workers of 68 for evacuation
[2024-08-27T14:57:24.102+0000][info][gc,phases      ] GC(311)   Pre Evacuate Collection Set: 0.1ms
[2024-08-27T14:57:24.102+0000][info][gc,phases      ] GC(311)   Merge Heap Roots: 0.4ms
[2024-08-27T14:57:24.102+0000][info][gc,phases      ] GC(311)   Evacuate Collection Set: 8.4ms
[2024-08-27T14:57:24.102+0000][info][gc,phases      ] GC(311)   Post Evacuate Collection Set: 0.5ms
[2024-08-27T14:57:24.102+0000][info][gc,phases      ] GC(311)   Other: 0.2ms
[2024-08-27T14:57:24.102+0000][info][gc,heap        ] GC(311) Eden regions: 11->0(44)
[2024-08-27T14:57:24.102+0000][info][gc,heap        ] GC(311) Survivor regions: 7->7(7)
[2024-08-27T14:57:24.102+0000][info][gc,heap        ] GC(311) Old regions: 979->992
[2024-08-27T14:57:24.102+0000][info][gc,heap        ] GC(311) Archive regions: 2->2
[2024-08-27T14:57:24.102+0000][info][gc,heap        ] GC(311) Humongous regions: 5->5
[2024-08-27T14:57:24.102+0000][info][gc,metaspace   ] GC(311) Metaspace: 100K(320K)->100K(320K) NonClass: 96K(192K)->96K(192K) Class: 4K(128K)->4K(128K)
[2024-08-27T14:57:24.102+0000][info][gc             ] GC(311) Pause Young (Normal) (G1 Preventive Collection) 992M->994M(1024M) 9.810ms
[2024-08-27T14:57:24.103+0000][info][gc,cpu         ] GC(311) User=0.22s Sys=0.00s Real=0.01s
[2024-08-27T14:57:24.106+0000][info][gc,start       ] GC(312) Pause Young (Normal) (G1 Preventive Collection)
[2024-08-27T14:57:24.106+0000][info][gc,task        ] GC(312) Using 24 workers of 68 for evacuation
[2024-08-27T14:57:24.114+0000][info][gc             ] GC(312) To-space exhausted
[2024-08-27T14:57:24.114+0000][info][gc,phases      ] GC(312)   Pre Evacuate Collection Set: 0.1ms
[2024-08-27T14:57:24.114+0000][info][gc,phases      ] GC(312)   Merge Heap Roots: 0.4ms
[2024-08-27T14:57:24.114+0000][info][gc,phases      ] GC(312)   Evacuate Collection Set: 6.8ms
[2024-08-27T14:57:24.114+0000][info][gc,phases      ] GC(312)   Post Evacuate Collection Set: 0.8ms
[2024-08-27T14:57:24.114+0000][info][gc,phases      ] GC(312)   Other: 0.2ms
[2024-08-27T14:57:24.114+0000][info][gc,heap        ] GC(312) Eden regions: 5->0(46)
[2024-08-27T14:57:24.114+0000][info][gc,heap        ] GC(312) Survivor regions: 7->5(7)
[2024-08-27T14:57:24.114+0000][info][gc,heap        ] GC(312) Old regions: 992->1012
[2024-08-27T14:57:24.114+0000][info][gc,heap        ] GC(312) Archive regions: 2->2
[2024-08-27T14:57:24.114+0000][info][gc,heap        ] GC(312) Humongous regions: 5->5
[2024-08-27T14:57:24.114+0000][info][gc,metaspace   ] GC(312) Metaspace: 100K(320K)->100K(320K) NonClass: 96K(192K)->96K(192K) Class: 4K(128K)->4K(128K)
[2024-08-27T14:57:24.114+0000][info][gc             ] GC(312) Pause Young (Normal) (G1 Preventive Collection) 999M->1012M(1024M) 8.276ms
[2024-08-27T14:57:24.114+0000][info][gc,cpu         ] GC(312) User=0.18s Sys=0.00s Real=0.01s
[2024-08-27T14:57:24.114+0000][info][gc,ergo        ] Attempting full compaction
[2024-08-27T14:57:24.114+0000][info][gc,task        ] GC(313) Using 24 workers of 68 for full compaction
[2024-08-27T14:57:24.114+0000][info][gc,start       ] GC(313) Pause Full (G1 Compaction Pause)
[2024-08-27T14:57:24.115+0000][info][gc,phases,start] GC(313) Phase 1: Mark live objects
[2024-08-27T14:57:24.130+0000][info][gc,phases      ] GC(313) Phase 1: Mark live objects 14.806ms
[2024-08-27T14:57:24.130+0000][info][gc,phases,start] GC(313) Phase 2: Prepare for compaction
[2024-08-27T14:57:24.137+0000][info][gc,phases      ] GC(313) Phase 2: Prepare for compaction 7.405ms
[2024-08-27T14:57:24.137+0000][info][gc,phases,start] GC(313) Phase 3: Adjust pointers
[2024-08-27T14:57:24.150+0000][info][gc,phases      ] GC(313) Phase 3: Adjust pointers 12.762ms
[2024-08-27T14:57:24.150+0000][info][gc,phases,start] GC(313) Phase 4: Compact heap
[2024-08-27T14:57:24.178+0000][info][gc,phases      ] GC(313) Phase 4: Compact heap 27.767ms
[2024-08-27T14:57:24.179+0000][info][gc,heap        ] GC(313) Eden regions: 0->0(149)
[2024-08-27T14:57:24.179+0000][info][gc,heap        ] GC(313) Survivor regions: 5->0(7)
[2024-08-27T14:57:24.179+0000][info][gc,heap        ] GC(313) Old regions: 1012->445
[2024-08-27T14:57:24.179+0000][info][gc,heap        ] GC(313) Archive regions: 2->2
[2024-08-27T14:57:24.179+0000][info][gc,heap        ] GC(313) Humongous regions: 5->5
[2024-08-27T14:57:24.179+0000][info][gc,metaspace   ] GC(313) Metaspace: 100K(320K)->100K(320K) NonClass: 96K(192K)->96K(192K) Class: 4K(128K)->4K(128K)
[2024-08-27T14:57:24.179+0000][info][gc             ] GC(313) Pause Full (G1 Compaction Pause) 1012M->437M(1024M) 64.781ms
[2024-08-27T14:57:24.179+0000][info][gc,cpu         ] GC(313) User=1.23s Sys=0.17s Real=0.07s
[2024-08-27T14:57:24.180+0000][info][gc,marking     ] GC(307) Concurrent Rebuild Remembered Sets 173.332ms
[2024-08-27T14:57:24.180+0000][info][gc,marking     ] GC(307) Concurrent Mark Abort
[2024-08-27T14:57:24.180+0000][info][gc             ] GC(307) Concurrent Mark Cycle 198.271ms
[2024-08-27T14:57:24.251+0000][info][gc,start       ] GC(314) Pause Young (Normal) (G1 Evacuation Pause)
[2024-08-27T14:57:24.251+0000][info][gc,task        ] GC(314) Using 24 workers of 68 for evacuation
[2024-08-27T14:57:24.272+0000][info][gc,phases      ] GC(314)   Pre Evacuate Collection Set: 0.2ms
[2024-08-27T14:57:24.272+0000][info][gc,phases      ] GC(314)   Merge Heap Roots: 0.4ms
[2024-08-27T14:57:24.272+0000][info][gc,phases      ] GC(314)   Evacuate Collection Set: 19.8ms
[2024-08-27T14:57:24.272+0000][info][gc,phases      ] GC(314)   Post Evacuate Collection Set: 0.3ms
[2024-08-27T14:57:24.272+0000][info][gc,phases      ] GC(314)   Other: 0.3ms
[2024-08-27T14:57:24.272+0000][info][gc,heap        ] GC(314) Eden regions: 149->0(103)
[2024-08-27T14:57:24.272+0000][info][gc,heap        ] GC(314) Survivor regions: 0->19(19)
[2024-08-27T14:57:24.272+0000][info][gc,heap        ] GC(314) Old regions: 445->571
[2024-08-27T14:57:24.272+0000][info][gc,heap        ] GC(314) Archive regions: 2->2
[2024-08-27T14:57:24.272+0000][info][gc,heap        ] GC(314) Humongous regions: 5->5
[2024-08-27T14:57:24.272+0000][info][gc,metaspace   ] GC(314) Metaspace: 100K(320K)->100K(320K) NonClass: 96K(192K)->96K(192K) Class: 4K(128K)->4K(128K)
[2024-08-27T14:57:24.272+0000][info][gc             ] GC(314) Pause Young (Normal) (G1 Evacuation Pause) 586M->581M(1024M) 21.030ms
[2024-08-27T14:57:24.272+0000][info][gc,cpu         ] GC(314) User=0.49s Sys=0.00s Real=0.02s
[2024-08-27T14:57:24.319+0000][info][gc,start       ] GC(315) Pause Young (Concurrent Start) (G1 Evacuation Pause)
[2024-08-27T14:57:24.319+0000][info][gc,task        ] GC(315) Using 24 workers of 68 for evacuation
[2024-08-27T14:57:24.338+0000][info][gc,phases      ] GC(315)   Pre Evacuate Collection Set: 0.2ms
[2024-08-27T14:57:24.338+0000][info][gc,phases      ] GC(315)   Merge Heap Roots: 0.3ms
[2024-08-27T14:57:24.338+0000][info][gc,phases      ] GC(315)   Evacuate Collection Set: 17.2ms
[2024-08-27T14:57:24.338+0000][info][gc,phases      ] GC(315)   Post Evacuate Collection Set: 0.3ms
[2024-08-27T14:57:24.338+0000][info][gc,phases      ] GC(315)   Other: 0.6ms
[2024-08-27T14:57:24.338+0000][info][gc,heap        ] GC(315) Eden regions: 103->0(69)
[2024-08-27T14:57:24.338+0000][info][gc,heap        ] GC(315) Survivor regions: 19->16(16)
[2024-08-27T14:57:24.338+0000][info][gc,heap        ] GC(315) Old regions: 571->678
[2024-08-27T14:57:24.338+0000][info][gc,heap        ] GC(315) Archive regions: 2->2
[2024-08-27T14:57:24.338+0000][info][gc,heap        ] GC(315) Humongous regions: 5->5
[2024-08-27T14:57:24.338+0000][info][gc,metaspace   ] GC(315) Metaspace: 100K(320K)->100K(320K) NonClass: 96K(192K)->96K(192K) Class: 4K(128K)->4K(128K)
[2024-08-27T14:57:24.338+0000][info][gc             ] GC(315) Pause Young (Concurrent Start) (G1 Evacuation Pause) 684M->686M(1024M) 18.649ms
[2024-08-27T14:57:24.338+0000][info][gc,cpu         ] GC(315) User=0.41s Sys=0.02s Real=0.02s
[2024-08-27T14:57:24.338+0000][info][gc             ] GC(316) Concurrent Mark Cycle
[2024-08-27T14:57:24.338+0000][info][gc,marking     ] GC(316) Concurrent Clear Claimed Marks
[2024-08-27T14:57:24.338+0000][info][gc,marking     ] GC(316) Concurrent Clear Claimed Marks 0.010ms
[2024-08-27T14:57:24.338+0000][info][gc,marking     ] GC(316) Concurrent Scan Root Regions
[2024-08-27T14:57:24.341+0000][info][gc,marking     ] GC(316) Concurrent Scan Root Regions 3.176ms
[2024-08-27T14:57:24.341+0000][info][gc,marking     ] GC(316) Concurrent Mark
[2024-08-27T14:57:24.341+0000][info][gc,marking     ] GC(316) Concurrent Mark From Roots
[2024-08-27T14:57:24.341+0000][info][gc,task        ] GC(316) Using 17 workers of 17 for marking
[2024-08-27T14:57:24.360+0000][info][gc,marking     ] GC(316) Concurrent Mark From Roots 19.002ms
[2024-08-27T14:57:24.360+0000][info][gc,marking     ] GC(316) Concurrent Preclean
[2024-08-27T14:57:24.362+0000][info][gc,marking     ] GC(316) Concurrent Preclean 1.850ms
[2024-08-27T14:57:24.362+0000][info][gc,start       ] GC(316) Pause Remark
[2024-08-27T14:57:24.363+0000][info][gc             ] GC(316) Pause Remark 724M->724M(1024M) 1.096ms
[2024-08-27T14:57:24.363+0000][info][gc,cpu         ] GC(316) User=0.00s Sys=0.00s Real=0.00s
[2024-08-27T14:57:24.363+0000][info][gc,marking     ] GC(316) Concurrent Mark 22.403ms
[2024-08-27T14:57:24.363+0000][info][gc,marking     ] GC(316) Concurrent Rebuild Remembered Sets
[2024-08-27T14:57:24.379+0000][info][gc,marking     ] GC(316) Concurrent Rebuild Remembered Sets 15.106ms
[2024-08-27T14:57:24.379+0000][info][gc,start       ] GC(316) Pause Cleanup
[2024-08-27T14:57:24.380+0000][info][gc             ] GC(316) Pause Cleanup 752M->752M(1024M) 1.469ms
[2024-08-27T14:57:24.381+0000][info][gc,cpu         ] GC(316) User=0.00s Sys=0.00s Real=0.00s
[2024-08-27T14:57:24.381+0000][info][gc,marking     ] GC(316) Concurrent Cleanup for Next Mark
[2024-08-27T14:57:24.381+0000][info][gc,marking     ] GC(316) Concurrent Cleanup for Next Mark 0.527ms
[2024-08-27T14:57:24.381+0000][info][gc             ] GC(316) Concurrent Mark Cycle 43.316ms
[2024-08-27T14:57:24.383+0000][info][gc,start       ] GC(317) Pause Young (Prepare Mixed) (G1 Evacuation Pause)
[2024-08-27T14:57:24.383+0000][info][gc,task        ] GC(317) Using 24 workers of 68 for evacuation
[2024-08-27T14:57:24.397+0000][info][gc,phases      ] GC(317)   Pre Evacuate Collection Set: 0.2ms
[2024-08-27T14:57:24.397+0000][info][gc,phases      ] GC(317)   Merge Heap Roots: 0.4ms
[2024-08-27T14:57:24.397+0000][info][gc,phases      ] GC(317)   Evacuate Collection Set: 13.4ms
[2024-08-27T14:57:24.397+0000][info][gc,phases      ] GC(317)   Post Evacuate Collection Set: 0.3ms
[2024-08-27T14:57:24.397+0000][info][gc,phases      ] GC(317)   Other: 0.2ms
[2024-08-27T14:57:24.397+0000][info][gc,heap        ] GC(317) Eden regions: 69->0(40)
[2024-08-27T14:57:24.397+0000][info][gc,heap        ] GC(317) Survivor regions: 16->11(11)
[2024-08-27T14:57:24.397+0000][info][gc,heap        ] GC(317) Old regions: 678->756
[2024-08-27T14:57:24.397+0000][info][gc,heap        ] GC(317) Archive regions: 2->2
[2024-08-27T14:57:24.397+0000][info][gc,heap        ] GC(317) Humongous regions: 5->5
[2024-08-27T14:57:24.397+0000][info][gc,metaspace   ] GC(317) Metaspace: 100K(320K)->100K(320K) NonClass: 96K(192K)->96K(192K) Class: 4K(128K)->4K(128K)
[2024-08-27T14:57:24.397+0000][info][gc             ] GC(317) Pause Young (Prepare Mixed) (G1 Evacuation Pause) 755M->759M(1024M) 14.551ms
[2024-08-27T14:57:24.397+0000][info][gc,cpu         ] GC(317) User=0.32s Sys=0.00s Real=0.01s
[2024-08-27T14:57:24.415+0000][info][gc,start       ] GC(318) Pause Young (Mixed) (G1 Evacuation Pause)
[2024-08-27T14:57:24.415+0000][info][gc,task        ] GC(318) Using 24 workers of 68 for evacuation
[2024-08-27T14:57:24.428+0000][info][gc,phases      ] GC(318)   Pre Evacuate Collection Set: 0.2ms
[2024-08-27T14:57:24.428+0000][info][gc,phases      ] GC(318)   Merge Heap Roots: 0.4ms
[2024-08-27T14:57:24.428+0000][info][gc,phases      ] GC(318)   Evacuate Collection Set: 11.1ms
[2024-08-27T14:57:24.428+0000][info][gc,phases      ] GC(318)   Post Evacuate Collection Set: 0.4ms
[2024-08-27T14:57:24.428+0000][info][gc,phases      ] GC(318)   Other: 0.2ms
[2024-08-27T14:57:24.428+0000][info][gc,heap        ] GC(318) Eden regions: 40->0(44)
[2024-08-27T14:57:24.428+0000][info][gc,heap        ] GC(318) Survivor regions: 11->7(7)
[2024-08-27T14:57:24.428+0000][info][gc,heap        ] GC(318) Old regions: 756->702
[2024-08-27T14:57:24.428+0000][info][gc,heap        ] GC(318) Archive regions: 2->2
[2024-08-27T14:57:24.428+0000][info][gc,heap        ] GC(318) Humongous regions: 5->5
[2024-08-27T14:57:24.428+0000][info][gc,metaspace   ] GC(318) Metaspace: 100K(320K)->100K(320K) NonClass: 96K(192K)->96K(192K) Class: 4K(128K)->4K(128K)
[2024-08-27T14:57:24.428+0000][info][gc             ] GC(318) Pause Young (Mixed) (G1 Evacuation Pause) 799M->702M(1024M) 12.364ms
[2024-08-27T14:57:24.428+0000][info][gc,cpu         ] GC(318) User=0.28s Sys=0.00s Real=0.01s
[2024-08-27T14:57:24.448+0000][info][gc,start       ] GC(319) Pause Young (Mixed) (G1 Evacuation Pause)
[2024-08-27T14:57:24.448+0000][info][gc,task        ] GC(319) Using 24 workers of 68 for evacuation
[2024-08-27T14:57:24.459+0000][info][gc,phases      ] GC(319)   Pre Evacuate Collection Set: 0.2ms
[2024-08-27T14:57:24.459+0000][info][gc,phases      ] GC(319)   Merge Heap Roots: 0.4ms
[2024-08-27T14:57:24.459+0000][info][gc,phases      ] GC(319)   Evacuate Collection Set: 9.9ms
[2024-08-27T14:57:24.459+0000][info][gc,phases      ] GC(319)   Post Evacuate Collection Set: 0.4ms
[2024-08-27T14:57:24.459+0000][info][gc,phases      ] GC(319)   Other: 0.2ms
[2024-08-27T14:57:24.459+0000][info][gc,heap        ] GC(319) Eden regions: 44->0(76)
[2024-08-27T14:57:24.459+0000][info][gc,heap        ] GC(319) Survivor regions: 7->7(7)
[2024-08-27T14:57:24.459+0000][info][gc,heap        ] GC(319) Old regions: 702->665
[2024-08-27T14:57:24.459+0000][info][gc,heap        ] GC(319) Archive regions: 2->2
[2024-08-27T14:57:24.459+0000][info][gc,heap        ] GC(319) Humongous regions: 5->5
[2024-08-27T14:57:24.459+0000][info][gc,metaspace   ] GC(319) Metaspace: 100K(320K)->100K(320K) NonClass: 96K(192K)->96K(192K) Class: 4K(128K)->4K(128K)
[2024-08-27T14:57:24.459+0000][info][gc             ] GC(319) Pause Young (Mixed) (G1 Evacuation Pause) 746M->667M(1024M) 11.194ms
[2024-08-27T14:57:24.459+0000][info][gc,cpu         ] GC(319) User=0.25s Sys=0.00s Real=0.02s
[2024-08-27T14:57:24.492+0000][info][gc,start       ] GC(320) Pause Young (Concurrent Start) (G1 Evacuation Pause)
[2024-08-27T14:57:24.492+0000][info][gc,task        ] GC(320) Using 24 workers of 68 for evacuation
[2024-08-27T14:57:24.507+0000][info][gc,phases      ] GC(320)   Pre Evacuate Collection Set: 0.2ms
[2024-08-27T14:57:24.507+0000][info][gc,phases      ] GC(320)   Merge Heap Roots: 0.4ms
[2024-08-27T14:57:24.507+0000][info][gc,phases      ] GC(320)   Evacuate Collection Set: 13.6ms
[2024-08-27T14:57:24.507+0000][info][gc,phases      ] GC(320)   Post Evacuate Collection Set: 0.3ms
[2024-08-27T14:57:24.507+0000][info][gc,phases      ] GC(320)   Other: 0.6ms
[2024-08-27T14:57:24.507+0000][info][gc,heap        ] GC(320) Eden regions: 76->0(51)
[2024-08-27T14:57:24.507+0000][info][gc,heap        ] GC(320) Survivor regions: 7->11(11)
[2024-08-27T14:57:24.507+0000][info][gc,heap        ] GC(320) Old regions: 665->739
[2024-08-27T14:57:24.507+0000][info][gc,heap        ] GC(320) Archive regions: 2->2
[2024-08-27T14:57:24.507+0000][info][gc,heap        ] GC(320) Humongous regions: 5->5
[2024-08-27T14:57:24.507+0000][info][gc,metaspace   ] GC(320) Metaspace: 100K(320K)->100K(320K) NonClass: 96K(192K)->96K(192K) Class: 4K(128K)->4K(128K)
[2024-08-27T14:57:24.507+0000][info][gc             ] GC(320) Pause Young (Concurrent Start) (G1 Evacuation Pause) 743M->745M(1024M) 15.109ms
[2024-08-27T14:57:24.507+0000][info][gc,cpu         ] GC(320) User=0.34s Sys=0.00s Real=0.01s
[2024-08-27T14:57:24.507+0000][info][gc             ] GC(321) Concurrent Mark Cycle
[2024-08-27T14:57:24.507+0000][info][gc,marking     ] GC(321) Concurrent Clear Claimed Marks
[2024-08-27T14:57:24.507+0000][info][gc,marking     ] GC(321) Concurrent Clear Claimed Marks 0.010ms
[2024-08-27T14:57:24.507+0000][info][gc,marking     ] GC(321) Concurrent Scan Root Regions
[2024-08-27T14:57:24.509+0000][info][gc,marking     ] GC(321) Concurrent Scan Root Regions 2.317ms
[2024-08-27T14:57:24.510+0000][info][gc,marking     ] GC(321) Concurrent Mark
[2024-08-27T14:57:24.510+0000][info][gc,marking     ] GC(321) Concurrent Mark From Roots
[2024-08-27T14:57:24.510+0000][info][gc,task        ] GC(321) Using 17 workers of 17 for marking
[2024-08-27T14:57:24.530+0000][info][gc,marking     ] GC(321) Concurrent Mark From Roots 20.568ms
[2024-08-27T14:57:24.530+0000][info][gc,marking     ] GC(321) Concurrent Preclean
[2024-08-27T14:57:24.531+0000][info][gc,marking     ] GC(321) Concurrent Preclean 0.538ms
[2024-08-27T14:57:24.531+0000][info][gc,start       ] GC(321) Pause Remark
[2024-08-27T14:57:24.532+0000][info][gc             ] GC(321) Pause Remark 781M->781M(1024M) 1.103ms
[2024-08-27T14:57:24.532+0000][info][gc,cpu         ] GC(321) User=0.00s Sys=0.00s Real=0.00s
[2024-08-27T14:57:24.532+0000][info][gc,marking     ] GC(321) Concurrent Mark 22.663ms
[2024-08-27T14:57:24.532+0000][info][gc,marking     ] GC(321) Concurrent Rebuild Remembered Sets
[2024-08-27T14:57:24.539+0000][info][gc,start       ] GC(322) Pause Young (Normal) (G1 Evacuation Pause)
[2024-08-27T14:57:24.539+0000][info][gc,task        ] GC(322) Using 24 workers of 68 for evacuation
[2024-08-27T14:57:24.551+0000][info][gc,phases      ] GC(322)   Pre Evacuate Collection Set: 0.2ms
[2024-08-27T14:57:24.551+0000][info][gc,phases      ] GC(322)   Merge Heap Roots: 0.2ms
[2024-08-27T14:57:24.551+0000][info][gc,phases      ] GC(322)   Evacuate Collection Set: 10.6ms
[2024-08-27T14:57:24.551+0000][info][gc,phases      ] GC(322)   Post Evacuate Collection Set: 0.4ms
[2024-08-27T14:57:24.551+0000][info][gc,phases      ] GC(322)   Other: 0.2ms
[2024-08-27T14:57:24.551+0000][info][gc,heap        ] GC(322) Eden regions: 51->0(43)
[2024-08-27T14:57:24.551+0000][info][gc,heap        ] GC(322) Survivor regions: 11->8(8)
[2024-08-27T14:57:24.551+0000][info][gc,heap        ] GC(322) Old regions: 739->797
[2024-08-27T14:57:24.551+0000][info][gc,heap        ] GC(322) Archive regions: 2->2
[2024-08-27T14:57:24.551+0000][info][gc,heap        ] GC(322) Humongous regions: 5->5
[2024-08-27T14:57:24.551+0000][info][gc,metaspace   ] GC(322) Metaspace: 100K(320K)->100K(320K) NonClass: 96K(192K)->96K(192K) Class: 4K(128K)->4K(128K)
[2024-08-27T14:57:24.551+0000][info][gc             ] GC(322) Pause Young (Normal) (G1 Evacuation Pause) 796M->800M(1024M) 11.644ms
[2024-08-27T14:57:24.551+0000][info][gc,cpu         ] GC(322) User=0.26s Sys=0.00s Real=0.01s
[2024-08-27T14:57:24.571+0000][info][gc,start       ] GC(323) Pause Young (Normal) (G1 Evacuation Pause)
[2024-08-27T14:57:24.571+0000][info][gc,task        ] GC(323) Using 24 workers of 68 for evacuation
[2024-08-27T14:57:24.586+0000][info][gc,phases      ] GC(323)   Pre Evacuate Collection Set: 0.1ms
[2024-08-27T14:57:24.586+0000][info][gc,phases      ] GC(323)   Merge Heap Roots: 0.4ms
[2024-08-27T14:57:24.586+0000][info][gc,phases      ] GC(323)   Evacuate Collection Set: 13.7ms
[2024-08-27T14:57:24.586+0000][info][gc,phases      ] GC(323)   Post Evacuate Collection Set: 0.5ms
[2024-08-27T14:57:24.586+0000][info][gc,phases      ] GC(323)   Other: 0.2ms
[2024-08-27T14:57:24.586+0000][info][gc,heap        ] GC(323) Eden regions: 43->0(44)
[2024-08-27T14:57:24.586+0000][info][gc,heap        ] GC(323) Survivor regions: 8->7(7)
[2024-08-27T14:57:24.586+0000][info][gc,heap        ] GC(323) Old regions: 797->845
[2024-08-27T14:57:24.586+0000][info][gc,heap        ] GC(323) Archive regions: 2->2
[2024-08-27T14:57:24.586+0000][info][gc,heap        ] GC(323) Humongous regions: 5->5
[2024-08-27T14:57:24.586+0000][info][gc,metaspace   ] GC(323) Metaspace: 100K(320K)->100K(320K) NonClass: 96K(192K)->96K(192K) Class: 4K(128K)->4K(128K)
[2024-08-27T14:57:24.586+0000][info][gc             ] GC(323) Pause Young (Normal) (G1 Evacuation Pause) 843M->846M(1024M) 15.058ms
[2024-08-27T14:57:24.586+0000][info][gc,cpu         ] GC(323) User=0.35s Sys=0.00s Real=0.01s
[2024-08-27T14:57:24.607+0000][info][gc,start       ] GC(324) Pause Young (Normal) (G1 Evacuation Pause)
[2024-08-27T14:57:24.607+0000][info][gc,task        ] GC(324) Using 24 workers of 68 for evacuation
[2024-08-27T14:57:24.623+0000][info][gc,phases      ] GC(324)   Pre Evacuate Collection Set: 0.2ms
[2024-08-27T14:57:24.623+0000][info][gc,phases      ] GC(324)   Merge Heap Roots: 0.4ms
[2024-08-27T14:57:24.623+0000][info][gc,phases      ] GC(324)   Evacuate Collection Set: 14.0ms
[2024-08-27T14:57:24.623+0000][info][gc,phases      ] GC(324)   Post Evacuate Collection Set: 0.6ms
[2024-08-27T14:57:24.623+0000][info][gc,phases      ] GC(324)   Other: 0.2ms
[2024-08-27T14:57:24.623+0000][info][gc,heap        ] GC(324) Eden regions: 44->0(44)
[2024-08-27T14:57:24.623+0000][info][gc,heap        ] GC(324) Survivor regions: 7->7(7)
[2024-08-27T14:57:24.623+0000][info][gc,heap        ] GC(324) Old regions: 845->891
[2024-08-27T14:57:24.623+0000][info][gc,heap        ] GC(324) Archive regions: 2->2
[2024-08-27T14:57:24.623+0000][info][gc,heap        ] GC(324) Humongous regions: 5->5
[2024-08-27T14:57:24.623+0000][info][gc,metaspace   ] GC(324) Metaspace: 100K(320K)->100K(320K) NonClass: 96K(192K)->96K(192K) Class: 4K(128K)->4K(128K)
[2024-08-27T14:57:24.623+0000][info][gc             ] GC(324) Pause Young (Normal) (G1 Evacuation Pause) 890M->893M(1024M) 15.487ms
[2024-08-27T14:57:24.623+0000][info][gc,cpu         ] GC(324) User=0.35s Sys=0.00s Real=0.02s
[2024-08-27T14:57:24.644+0000][info][gc,start       ] GC(325) Pause Young (Normal) (G1 Evacuation Pause)
[2024-08-27T14:57:24.644+0000][info][gc,task        ] GC(325) Using 24 workers of 68 for evacuation
[2024-08-27T14:57:24.662+0000][info][gc,phases      ] GC(325)   Pre Evacuate Collection Set: 0.2ms
[2024-08-27T14:57:24.662+0000][info][gc,phases      ] GC(325)   Merge Heap Roots: 0.7ms
[2024-08-27T14:57:24.662+0000][info][gc,phases      ] GC(325)   Evacuate Collection Set: 15.9ms
[2024-08-27T14:57:24.662+0000][info][gc,phases      ] GC(325)   Post Evacuate Collection Set: 0.7ms
[2024-08-27T14:57:24.662+0000][info][gc,phases      ] GC(325)   Other: 0.2ms
[2024-08-27T14:57:24.662+0000][info][gc,heap        ] GC(325) Eden regions: 44->0(44)
[2024-08-27T14:57:24.662+0000][info][gc,heap        ] GC(325) Survivor regions: 7->7(7)
[2024-08-27T14:57:24.662+0000][info][gc,heap        ] GC(325) Old regions: 891->937
[2024-08-27T14:57:24.662+0000][info][gc,heap        ] GC(325) Archive regions: 2->2
[2024-08-27T14:57:24.662+0000][info][gc,heap        ] GC(325) Humongous regions: 5->5
[2024-08-27T14:57:24.662+0000][info][gc,metaspace   ] GC(325) Metaspace: 100K(320K)->100K(320K) NonClass: 96K(192K)->96K(192K) Class: 4K(128K)->4K(128K)
[2024-08-27T14:57:24.662+0000][info][gc             ] GC(325) Pause Young (Normal) (G1 Evacuation Pause) 937M->939M(1024M) 17.722ms
[2024-08-27T14:57:24.662+0000][info][gc,cpu         ] GC(325) User=0.36s Sys=0.05s Real=0.02s
[2024-08-27T14:57:24.663+0000][info][gc,marking     ] GC(321) Concurrent Rebuild Remembered Sets 130.753ms
[2024-08-27T14:57:24.663+0000][info][gc,start       ] GC(321) Pause Cleanup
[2024-08-27T14:57:24.664+0000][info][gc             ] GC(321) Pause Cleanup 939M->939M(1024M) 0.995ms
[2024-08-27T14:57:24.664+0000][info][gc,cpu         ] GC(321) User=0.01s Sys=0.00s Real=0.00s
[2024-08-27T14:57:24.664+0000][info][gc,marking     ] GC(321) Concurrent Cleanup for Next Mark
[2024-08-27T14:57:24.665+0000][info][gc,marking     ] GC(321) Concurrent Cleanup for Next Mark 0.569ms
[2024-08-27T14:57:24.665+0000][info][gc             ] GC(321) Concurrent Mark Cycle 157.683ms
[2024-08-27T14:57:24.683+0000][info][gc,start       ] GC(326) Pause Young (Prepare Mixed) (G1 Preventive Collection)
[2024-08-27T14:57:24.683+0000][info][gc,task        ] GC(326) Using 24 workers of 68 for evacuation
[2024-08-27T14:57:24.703+0000][info][gc,phases      ] GC(326)   Pre Evacuate Collection Set: 0.1ms
[2024-08-27T14:57:24.703+0000][info][gc,phases      ] GC(326)   Merge Heap Roots: 0.7ms
[2024-08-27T14:57:24.703+0000][info][gc,phases      ] GC(326)   Evacuate Collection Set: 18.7ms
[2024-08-27T14:57:24.703+0000][info][gc,phases      ] GC(326)   Post Evacuate Collection Set: 0.3ms
[2024-08-27T14:57:24.703+0000][info][gc,phases      ] GC(326)   Other: 0.2ms
[2024-08-27T14:57:24.703+0000][info][gc,heap        ] GC(326) Eden regions: 31->0(44)
[2024-08-27T14:57:24.703+0000][info][gc,heap        ] GC(326) Survivor regions: 7->7(7)
[2024-08-27T14:57:24.703+0000][info][gc,heap        ] GC(326) Old regions: 937->972
[2024-08-27T14:57:24.703+0000][info][gc,heap        ] GC(326) Archive regions: 2->2
[2024-08-27T14:57:24.703+0000][info][gc,heap        ] GC(326) Humongous regions: 5->5
[2024-08-27T14:57:24.703+0000][info][gc,metaspace   ] GC(326) Metaspace: 100K(320K)->100K(320K) NonClass: 96K(192K)->96K(192K) Class: 4K(128K)->4K(128K)
[2024-08-27T14:57:24.703+0000][info][gc             ] GC(326) Pause Young (Prepare Mixed) (G1 Preventive Collection) 970M->974M(1024M) 20.118ms
[2024-08-27T14:57:24.703+0000][info][gc,cpu         ] GC(326) User=0.35s Sys=0.12s Real=0.02s
[2024-08-27T14:57:24.710+0000][info][gc,start       ] GC(327) Pause Young (Mixed) (G1 Preventive Collection)
[2024-08-27T14:57:24.711+0000][info][gc,task        ] GC(327) Using 24 workers of 68 for evacuation
[2024-08-27T14:57:24.716+0000][info][gc,phases      ] GC(327)   Pre Evacuate Collection Set: 0.2ms
[2024-08-27T14:57:24.716+0000][info][gc,phases      ] GC(327)   Merge Heap Roots: 0.2ms
[2024-08-27T14:57:24.716+0000][info][gc,phases      ] GC(327)   Evacuate Collection Set: 4.7ms
[2024-08-27T14:57:24.716+0000][info][gc,phases      ] GC(327)   Post Evacuate Collection Set: 0.3ms
[2024-08-27T14:57:24.716+0000][info][gc,phases      ] GC(327)   Other: 0.2ms
[2024-08-27T14:57:24.716+0000][info][gc,heap        ] GC(327) Eden regions: 14->0(44)
[2024-08-27T14:57:24.716+0000][info][gc,heap        ] GC(327) Survivor regions: 7->7(7)
[2024-08-27T14:57:24.716+0000][info][gc,heap        ] GC(327) Old regions: 972->886
[2024-08-27T14:57:24.716+0000][info][gc,heap        ] GC(327) Archive regions: 2->2
[2024-08-27T14:57:24.716+0000][info][gc,heap        ] GC(327) Humongous regions: 5->5
[2024-08-27T14:57:24.716+0000][info][gc,metaspace   ] GC(327) Metaspace: 100K(320K)->100K(320K) NonClass: 96K(192K)->96K(192K) Class: 4K(128K)->4K(128K)
[2024-08-27T14:57:24.716+0000][info][gc             ] GC(327) Pause Young (Mixed) (G1 Preventive Collection) 988M->895M(1024M) 5.562ms
[2024-08-27T14:57:24.716+0000][info][gc,cpu         ] GC(327) User=0.11s Sys=0.00s Real=0.00s
[2024-08-27T14:57:24.740+0000][info][gc,start       ] GC(328) Pause Young (Mixed) (G1 Evacuation Pause)
[2024-08-27T14:57:24.740+0000][info][gc,task        ] GC(328) Using 24 workers of 68 for evacuation
[2024-08-27T14:57:24.750+0000][info][gc,phases      ] GC(328)   Pre Evacuate Collection Set: 0.2ms
[2024-08-27T14:57:24.750+0000][info][gc,phases      ] GC(328)   Merge Heap Roots: 0.4ms
[2024-08-27T14:57:24.750+0000][info][gc,phases      ] GC(328)   Evacuate Collection Set: 9.0ms
[2024-08-27T14:57:24.750+0000][info][gc,phases      ] GC(328)   Post Evacuate Collection Set: 0.4ms
[2024-08-27T14:57:24.750+0000][info][gc,phases      ] GC(328)   Other: 0.2ms
[2024-08-27T14:57:24.750+0000][info][gc,heap        ] GC(328) Eden regions: 44->0(44)
[2024-08-27T14:57:24.750+0000][info][gc,heap        ] GC(328) Survivor regions: 7->7(7)
[2024-08-27T14:57:24.750+0000][info][gc,heap        ] GC(328) Old regions: 886->828
[2024-08-27T14:57:24.750+0000][info][gc,heap        ] GC(328) Archive regions: 2->2
[2024-08-27T14:57:24.750+0000][info][gc,heap        ] GC(328) Humongous regions: 5->5
[2024-08-27T14:57:24.750+0000][info][gc,metaspace   ] GC(328) Metaspace: 100K(320K)->100K(320K) NonClass: 96K(192K)->96K(192K) Class: 4K(128K)->4K(128K)
[2024-08-27T14:57:24.750+0000][info][gc             ] GC(328) Pause Young (Mixed) (G1 Evacuation Pause) 939M->839M(1024M) 10.365ms
[2024-08-27T14:57:24.750+0000][info][gc,cpu         ] GC(328) User=0.19s Sys=0.04s Real=0.01s
[2024-08-27T14:57:24.771+0000][info][gc,start       ] GC(329) Pause Young (Mixed) (G1 Evacuation Pause)
[2024-08-27T14:57:24.771+0000][info][gc,task        ] GC(329) Using 24 workers of 68 for evacuation
[2024-08-27T14:57:24.780+0000][info][gc,phases      ] GC(329)   Pre Evacuate Collection Set: 0.2ms
[2024-08-27T14:57:24.781+0000][info][gc,phases      ] GC(329)   Merge Heap Roots: 0.3ms
[2024-08-27T14:57:24.781+0000][info][gc,phases      ] GC(329)   Evacuate Collection Set: 8.6ms
[2024-08-27T14:57:24.781+0000][info][gc,phases      ] GC(329)   Post Evacuate Collection Set: 0.3ms
[2024-08-27T14:57:24.781+0000][info][gc,phases      ] GC(329)   Other: 0.2ms
[2024-08-27T14:57:24.781+0000][info][gc,heap        ] GC(329) Eden regions: 44->0(44)
[2024-08-27T14:57:24.781+0000][info][gc,heap        ] GC(329) Survivor regions: 7->7(7)
[2024-08-27T14:57:24.781+0000][info][gc,heap        ] GC(329) Old regions: 828->850
[2024-08-27T14:57:24.781+0000][info][gc,heap        ] GC(329) Archive regions: 2->2
[2024-08-27T14:57:24.781+0000][info][gc,heap        ] GC(329) Humongous regions: 5->5
[2024-08-27T14:57:24.781+0000][info][gc,metaspace   ] GC(329) Metaspace: 100K(320K)->100K(320K) NonClass: 96K(192K)->96K(192K) Class: 4K(128K)->4K(128K)
[2024-08-27T14:57:24.781+0000][info][gc             ] GC(329) Pause Young (Mixed) (G1 Evacuation Pause) 883M->862M(1024M) 9.728ms
[2024-08-27T14:57:24.781+0000][info][gc,cpu         ] GC(329) User=0.20s Sys=0.01s Real=0.01s
[2024-08-27T14:57:24.801+0000][info][gc,start       ] GC(330) Pause Young (Concurrent Start) (G1 Evacuation Pause)
[2024-08-27T14:57:24.801+0000][info][gc,task        ] GC(330) Using 24 workers of 68 for evacuation
[2024-08-27T14:57:24.811+0000][info][gc,phases      ] GC(330)   Pre Evacuate Collection Set: 0.2ms
[2024-08-27T14:57:24.811+0000][info][gc,phases      ] GC(330)   Merge Heap Roots: 0.2ms
[2024-08-27T14:57:24.811+0000][info][gc,phases      ] GC(330)   Evacuate Collection Set: 8.4ms
[2024-08-27T14:57:24.811+0000][info][gc,phases      ] GC(330)   Post Evacuate Collection Set: 0.3ms
[2024-08-27T14:57:24.811+0000][info][gc,phases      ] GC(330)   Other: 0.8ms
[2024-08-27T14:57:24.811+0000][info][gc,heap        ] GC(330) Eden regions: 44->0(44)
[2024-08-27T14:57:24.811+0000][info][gc,heap        ] GC(330) Survivor regions: 7->7(7)
[2024-08-27T14:57:24.811+0000][info][gc,heap        ] GC(330) Old regions: 850->897
[2024-08-27T14:57:24.811+0000][info][gc,heap        ] GC(330) Archive regions: 2->2
[2024-08-27T14:57:24.811+0000][info][gc,heap        ] GC(330) Humongous regions: 5->5
[2024-08-27T14:57:24.811+0000][info][gc,metaspace   ] GC(330) Metaspace: 100K(320K)->100K(320K) NonClass: 96K(192K)->96K(192K) Class: 4K(128K)->4K(128K)
[2024-08-27T14:57:24.811+0000][info][gc             ] GC(330) Pause Young (Concurrent Start) (G1 Evacuation Pause) 906M->908M(1024M) 9.999ms
[2024-08-27T14:57:24.811+0000][info][gc,cpu         ] GC(330) User=0.20s Sys=0.01s Real=0.01s
[2024-08-27T14:57:24.811+0000][info][gc             ] GC(331) Concurrent Mark Cycle
[2024-08-27T14:57:24.811+0000][info][gc,marking     ] GC(331) Concurrent Clear Claimed Marks
[2024-08-27T14:57:24.811+0000][info][gc,marking     ] GC(331) Concurrent Clear Claimed Marks 0.009ms
[2024-08-27T14:57:24.811+0000][info][gc,marking     ] GC(331) Concurrent Scan Root Regions
[2024-08-27T14:57:24.812+0000][info][gc,marking     ] GC(331) Concurrent Scan Root Regions 1.490ms
[2024-08-27T14:57:24.812+0000][info][gc,marking     ] GC(331) Concurrent Mark
[2024-08-27T14:57:24.812+0000][info][gc,marking     ] GC(331) Concurrent Mark From Roots
[2024-08-27T14:57:24.812+0000][info][gc,task        ] GC(331) Using 17 workers of 17 for marking
[2024-08-27T14:57:24.835+0000][info][gc,marking     ] GC(331) Concurrent Mark From Roots 22.549ms
[2024-08-27T14:57:24.835+0000][info][gc,marking     ] GC(331) Concurrent Preclean
[2024-08-27T14:57:24.836+0000][info][gc,marking     ] GC(331) Concurrent Preclean 0.536ms
[2024-08-27T14:57:24.836+0000][info][gc,start       ] GC(331) Pause Remark
[2024-08-27T14:57:24.837+0000][info][gc             ] GC(331) Pause Remark 947M->947M(1024M) 1.484ms
[2024-08-27T14:57:24.837+0000][info][gc,cpu         ] GC(331) User=0.01s Sys=0.00s Real=0.01s
[2024-08-27T14:57:24.838+0000][info][gc,marking     ] GC(331) Concurrent Mark 25.045ms
[2024-08-27T14:57:24.838+0000][info][gc,marking     ] GC(331) Concurrent Rebuild Remembered Sets
[2024-08-27T14:57:24.841+0000][info][gc,start       ] GC(332) Pause Young (Normal) (G1 Evacuation Pause)
[2024-08-27T14:57:24.841+0000][info][gc,task        ] GC(332) Using 24 workers of 68 for evacuation
[2024-08-27T14:57:24.851+0000][info][gc,phases      ] GC(332)   Pre Evacuate Collection Set: 0.2ms
[2024-08-27T14:57:24.851+0000][info][gc,phases      ] GC(332)   Merge Heap Roots: 0.4ms
[2024-08-27T14:57:24.851+0000][info][gc,phases      ] GC(332)   Evacuate Collection Set: 9.2ms
[2024-08-27T14:57:24.851+0000][info][gc,phases      ] GC(332)   Post Evacuate Collection Set: 0.4ms
[2024-08-27T14:57:24.851+0000][info][gc,phases      ] GC(332)   Other: 0.2ms
[2024-08-27T14:57:24.851+0000][info][gc,heap        ] GC(332) Eden regions: 44->0(44)
[2024-08-27T14:57:24.851+0000][info][gc,heap        ] GC(332) Survivor regions: 7->7(7)
[2024-08-27T14:57:24.851+0000][info][gc,heap        ] GC(332) Old regions: 897->944
[2024-08-27T14:57:24.851+0000][info][gc,heap        ] GC(332) Archive regions: 2->2
[2024-08-27T14:57:24.851+0000][info][gc,heap        ] GC(332) Humongous regions: 5->5
[2024-08-27T14:57:24.851+0000][info][gc,metaspace   ] GC(332) Metaspace: 100K(320K)->100K(320K) NonClass: 96K(192K)->96K(192K) Class: 4K(128K)->4K(128K)
[2024-08-27T14:57:24.851+0000][info][gc             ] GC(332) Pause Young (Normal) (G1 Evacuation Pause) 952M->956M(1024M) 10.501ms
[2024-08-27T14:57:24.851+0000][info][gc,cpu         ] GC(332) User=0.22s Sys=0.01s Real=0.01s
[2024-08-27T14:57:24.865+0000][info][gc,start       ] GC(333) Pause Young (Normal) (G1 Preventive Collection)
[2024-08-27T14:57:24.865+0000][info][gc,task        ] GC(333) Using 24 workers of 68 for evacuation
[2024-08-27T14:57:24.876+0000][info][gc             ] GC(333) To-space exhausted
[2024-08-27T14:57:24.876+0000][info][gc,phases      ] GC(333)   Pre Evacuate Collection Set: 0.1ms
[2024-08-27T14:57:24.876+0000][info][gc,phases      ] GC(333)   Merge Heap Roots: 0.2ms
[2024-08-27T14:57:24.876+0000][info][gc,phases      ] GC(333)   Evacuate Collection Set: 10.3ms
[2024-08-27T14:57:24.876+0000][info][gc,phases      ] GC(333)   Post Evacuate Collection Set: 0.7ms
[2024-08-27T14:57:24.876+0000][info][gc,phases      ] GC(333)   Other: 0.2ms
[2024-08-27T14:57:24.876+0000][info][gc,heap        ] GC(333) Eden regions: 28->0(44)
[2024-08-27T14:57:24.876+0000][info][gc,heap        ] GC(333) Survivor regions: 7->7(7)
[2024-08-27T14:57:24.876+0000][info][gc,heap        ] GC(333) Old regions: 944->985
[2024-08-27T14:57:24.876+0000][info][gc,heap        ] GC(333) Archive regions: 2->2
[2024-08-27T14:57:24.876+0000][info][gc,heap        ] GC(333) Humongous regions: 5->5
[2024-08-27T14:57:24.876+0000][info][gc,metaspace   ] GC(333) Metaspace: 100K(320K)->100K(320K) NonClass: 96K(192K)->96K(192K) Class: 4K(128K)->4K(128K)
[2024-08-27T14:57:24.876+0000][info][gc             ] GC(333) Pause Young (Normal) (G1 Preventive Collection) 984M->997M(1024M) 11.704ms
[2024-08-27T14:57:24.877+0000][info][gc,cpu         ] GC(333) User=0.26s Sys=0.00s Real=0.01s
[2024-08-27T14:57:24.881+0000][info][gc,start       ] GC(334) Pause Young (Normal) (G1 Preventive Collection)
[2024-08-27T14:57:24.881+0000][info][gc,task        ] GC(334) Using 24 workers of 68 for evacuation
[2024-08-27T14:57:24.890+0000][info][gc             ] GC(334) To-space exhausted
[2024-08-27T14:57:24.890+0000][info][gc,phases      ] GC(334)   Pre Evacuate Collection Set: 0.2ms
[2024-08-27T14:57:24.890+0000][info][gc,phases      ] GC(334)   Merge Heap Roots: 0.4ms
[2024-08-27T14:57:24.890+0000][info][gc,phases      ] GC(334)   Evacuate Collection Set: 7.4ms
[2024-08-27T14:57:24.890+0000][info][gc,phases      ] GC(334)   Post Evacuate Collection Set: 0.7ms
[2024-08-27T14:57:24.890+0000][info][gc,phases      ] GC(334)   Other: 0.2ms
[2024-08-27T14:57:24.890+0000][info][gc,heap        ] GC(334) Eden regions: 8->0(44)
[2024-08-27T14:57:24.890+0000][info][gc,heap        ] GC(334) Survivor regions: 7->7(7)
[2024-08-27T14:57:24.890+0000][info][gc,heap        ] GC(334) Old regions: 985->1010
[2024-08-27T14:57:24.890+0000][info][gc,heap        ] GC(334) Archive regions: 2->2
[2024-08-27T14:57:24.890+0000][info][gc,heap        ] GC(334) Humongous regions: 5->5
[2024-08-27T14:57:24.890+0000][info][gc,metaspace   ] GC(334) Metaspace: 100K(320K)->100K(320K) NonClass: 96K(192K)->96K(192K) Class: 4K(128K)->4K(128K)
[2024-08-27T14:57:24.890+0000][info][gc             ] GC(334) Pause Young (Normal) (G1 Preventive Collection) 1005M->1022M(1024M) 8.928ms
[2024-08-27T14:57:24.890+0000][info][gc,cpu         ] GC(334) User=0.19s Sys=0.00s Real=0.01s
[2024-08-27T14:57:24.890+0000][info][gc,ergo        ] Attempting full compaction
[2024-08-27T14:57:24.890+0000][info][gc,task        ] GC(335) Using 24 workers of 68 for full compaction
[2024-08-27T14:57:24.890+0000][info][gc,start       ] GC(335) Pause Full (G1 Compaction Pause)
[2024-08-27T14:57:24.891+0000][info][gc,phases,start] GC(335) Phase 1: Mark live objects
[2024-08-27T14:57:24.905+0000][info][gc,phases      ] GC(335) Phase 1: Mark live objects 14.260ms
[2024-08-27T14:57:24.905+0000][info][gc,phases,start] GC(335) Phase 2: Prepare for compaction
[2024-08-27T14:57:24.912+0000][info][gc,phases      ] GC(335) Phase 2: Prepare for compaction 7.007ms
[2024-08-27T14:57:24.912+0000][info][gc,phases,start] GC(335) Phase 3: Adjust pointers
[2024-08-27T14:57:24.926+0000][info][gc,phases      ] GC(335) Phase 3: Adjust pointers 14.161ms
[2024-08-27T14:57:24.926+0000][info][gc,phases,start] GC(335) Phase 4: Compact heap
[2024-08-27T14:57:24.951+0000][info][gc,phases      ] GC(335) Phase 4: Compact heap 24.923ms
[2024-08-27T14:57:24.952+0000][info][gc,heap        ] GC(335) Eden regions: 0->0(150)
[2024-08-27T14:57:24.952+0000][info][gc,heap        ] GC(335) Survivor regions: 7->0(7)
[2024-08-27T14:57:24.952+0000][info][gc,heap        ] GC(335) Old regions: 1010->443
[2024-08-27T14:57:24.952+0000][info][gc,heap        ] GC(335) Archive regions: 2->2
[2024-08-27T14:57:24.952+0000][info][gc,heap        ] GC(335) Humongous regions: 5->5
[2024-08-27T14:57:24.952+0000][info][gc,metaspace   ] GC(335) Metaspace: 100K(320K)->100K(320K) NonClass: 96K(192K)->96K(192K) Class: 4K(128K)->4K(128K)
[2024-08-27T14:57:24.952+0000][info][gc             ] GC(335) Pause Full (G1 Compaction Pause) 1022M->438M(1024M) 62.411ms
[2024-08-27T14:57:24.953+0000][info][gc,cpu         ] GC(335) User=1.32s Sys=0.00s Real=0.06s
[2024-08-27T14:57:24.953+0000][info][gc,marking     ] GC(331) Concurrent Rebuild Remembered Sets 115.321ms
[2024-08-27T14:57:24.953+0000][info][gc,marking     ] GC(331) Concurrent Mark Abort
[2024-08-27T14:57:24.953+0000][info][gc             ] GC(331) Concurrent Mark Cycle 142.002ms
[2024-08-27T14:57:25.025+0000][info][gc,start       ] GC(336) Pause Young (Normal) (G1 Evacuation Pause)
[2024-08-27T14:57:25.025+0000][info][gc,task        ] GC(336) Using 24 workers of 68 for evacuation
[2024-08-27T14:57:25.046+0000][info][gc,phases      ] GC(336)   Pre Evacuate Collection Set: 0.1ms
[2024-08-27T14:57:25.046+0000][info][gc,phases      ] GC(336)   Merge Heap Roots: 0.4ms
[2024-08-27T14:57:25.046+0000][info][gc,phases      ] GC(336)   Evacuate Collection Set: 20.3ms
[2024-08-27T14:57:25.046+0000][info][gc,phases      ] GC(336)   Post Evacuate Collection Set: 0.3ms
[2024-08-27T14:57:25.046+0000][info][gc,phases      ] GC(336)   Other: 0.2ms
[2024-08-27T14:57:25.046+0000][info][gc,heap        ] GC(336) Eden regions: 150->0(103)
[2024-08-27T14:57:25.046+0000][info][gc,heap        ] GC(336) Survivor regions: 0->19(19)
[2024-08-27T14:57:25.046+0000][info][gc,heap        ] GC(336) Old regions: 443->570
[2024-08-27T14:57:25.046+0000][info][gc,heap        ] GC(336) Archive regions: 2->2
[2024-08-27T14:57:25.046+0000][info][gc,heap        ] GC(336) Humongous regions: 5->5
[2024-08-27T14:57:25.046+0000][info][gc,metaspace   ] GC(336) Metaspace: 100K(320K)->100K(320K) NonClass: 96K(192K)->96K(192K) Class: 4K(128K)->4K(128K)
[2024-08-27T14:57:25.046+0000][info][gc             ] GC(336) Pause Young (Normal) (G1 Evacuation Pause) 588M->583M(1024M) 21.510ms
[2024-08-27T14:57:25.046+0000][info][gc,cpu         ] GC(336) User=0.50s Sys=0.00s Real=0.02s
[2024-08-27T14:57:25.094+0000][info][gc,start       ] GC(337) Pause Young (Concurrent Start) (G1 Evacuation Pause)
[2024-08-27T14:57:25.094+0000][info][gc,task        ] GC(337) Using 24 workers of 68 for evacuation
[2024-08-27T14:57:25.112+0000][info][gc,phases      ] GC(337)   Pre Evacuate Collection Set: 0.2ms
[2024-08-27T14:57:25.112+0000][info][gc,phases      ] GC(337)   Merge Heap Roots: 0.4ms
[2024-08-27T14:57:25.112+0000][info][gc,phases      ] GC(337)   Evacuate Collection Set: 17.5ms
[2024-08-27T14:57:25.112+0000][info][gc,phases      ] GC(337)   Post Evacuate Collection Set: 0.3ms
[2024-08-27T14:57:25.112+0000][info][gc,phases      ] GC(337)   Other: 0.6ms
[2024-08-27T14:57:25.112+0000][info][gc,heap        ] GC(337) Eden regions: 103->0(70)
[2024-08-27T14:57:25.112+0000][info][gc,heap        ] GC(337) Survivor regions: 19->16(16)
[2024-08-27T14:57:25.112+0000][info][gc,heap        ] GC(337) Old regions: 570->677
[2024-08-27T14:57:25.112+0000][info][gc,heap        ] GC(337) Archive regions: 2->2
[2024-08-27T14:57:25.113+0000][info][gc,heap        ] GC(337) Humongous regions: 5->5
[2024-08-27T14:57:25.113+0000][info][gc,metaspace   ] GC(337) Metaspace: 100K(320K)->100K(320K) NonClass: 96K(192K)->96K(192K) Class: 4K(128K)->4K(128K)
[2024-08-27T14:57:25.113+0000][info][gc             ] GC(337) Pause Young (Concurrent Start) (G1 Evacuation Pause) 686M->687M(1024M) 19.008ms
[2024-08-27T14:57:25.113+0000][info][gc,cpu         ] GC(337) User=0.43s Sys=0.00s Real=0.02s
[2024-08-27T14:57:25.113+0000][info][gc             ] GC(338) Concurrent Mark Cycle
[2024-08-27T14:57:25.113+0000][info][gc,marking     ] GC(338) Concurrent Clear Claimed Marks
[2024-08-27T14:57:25.113+0000][info][gc,marking     ] GC(338) Concurrent Clear Claimed Marks 0.009ms
[2024-08-27T14:57:25.113+0000][info][gc,marking     ] GC(338) Concurrent Scan Root Regions
[2024-08-27T14:57:25.116+0000][info][gc,marking     ] GC(338) Concurrent Scan Root Regions 3.134ms
[2024-08-27T14:57:25.116+0000][info][gc,marking     ] GC(338) Concurrent Mark
[2024-08-27T14:57:25.116+0000][info][gc,marking     ] GC(338) Concurrent Mark From Roots
[2024-08-27T14:57:25.116+0000][info][gc,task        ] GC(338) Using 17 workers of 17 for marking
[2024-08-27T14:57:25.135+0000][info][gc,marking     ] GC(338) Concurrent Mark From Roots 19.262ms
[2024-08-27T14:57:25.135+0000][info][gc,marking     ] GC(338) Concurrent Preclean
[2024-08-27T14:57:25.136+0000][info][gc,marking     ] GC(338) Concurrent Preclean 0.537ms
[2024-08-27T14:57:25.136+0000][info][gc,start       ] GC(338) Pause Remark
[2024-08-27T14:57:25.137+0000][info][gc             ] GC(338) Pause Remark 723M->723M(1024M) 1.133ms
[2024-08-27T14:57:25.137+0000][info][gc,cpu         ] GC(338) User=0.01s Sys=0.00s Real=0.00s
[2024-08-27T14:57:25.137+0000][info][gc,marking     ] GC(338) Concurrent Mark 21.358ms
[2024-08-27T14:57:25.137+0000][info][gc,marking     ] GC(338) Concurrent Rebuild Remembered Sets
[2024-08-27T14:57:25.154+0000][info][gc,start       ] GC(339) Pause Young (Normal) (G1 Evacuation Pause)
[2024-08-27T14:57:25.154+0000][info][gc,task        ] GC(339) Using 24 workers of 68 for evacuation
[2024-08-27T14:57:25.169+0000][info][gc,phases      ] GC(339)   Pre Evacuate Collection Set: 0.2ms
[2024-08-27T14:57:25.169+0000][info][gc,phases      ] GC(339)   Merge Heap Roots: 0.4ms
[2024-08-27T14:57:25.169+0000][info][gc,phases      ] GC(339)   Evacuate Collection Set: 14.5ms
[2024-08-27T14:57:25.169+0000][info][gc,phases      ] GC(339)   Post Evacuate Collection Set: 0.5ms
[2024-08-27T14:57:25.169+0000][info][gc,phases      ] GC(339)   Other: 0.2ms
[2024-08-27T14:57:25.169+0000][info][gc,heap        ] GC(339) Eden regions: 70->0(46)
[2024-08-27T14:57:25.169+0000][info][gc,heap        ] GC(339) Survivor regions: 16->11(11)
[2024-08-27T14:57:25.169+0000][info][gc,heap        ] GC(339) Old regions: 677->756
[2024-08-27T14:57:25.169+0000][info][gc,heap        ] GC(339) Archive regions: 2->2
[2024-08-27T14:57:25.170+0000][info][gc,heap        ] GC(339) Humongous regions: 5->5
[2024-08-27T14:57:25.170+0000][info][gc,metaspace   ] GC(339) Metaspace: 100K(320K)->100K(320K) NonClass: 96K(192K)->96K(192K) Class: 4K(128K)->4K(128K)
[2024-08-27T14:57:25.170+0000][info][gc             ] GC(339) Pause Young (Normal) (G1 Evacuation Pause) 757M->762M(1024M) 15.845ms
[2024-08-27T14:57:25.170+0000][info][gc,cpu         ] GC(339) User=0.36s Sys=0.00s Real=0.02s
[2024-08-27T14:57:25.191+0000][info][gc,start       ] GC(340) Pause Young (Normal) (G1 Evacuation Pause)
[2024-08-27T14:57:25.192+0000][info][gc,task        ] GC(340) Using 24 workers of 68 for evacuation
[2024-08-27T14:57:25.210+0000][info][gc,phases      ] GC(340)   Pre Evacuate Collection Set: 0.2ms
[2024-08-27T14:57:25.210+0000][info][gc,phases      ] GC(340)   Merge Heap Roots: 0.4ms
[2024-08-27T14:57:25.210+0000][info][gc,phases      ] GC(340)   Evacuate Collection Set: 17.3ms
[2024-08-27T14:57:25.210+0000][info][gc,phases      ] GC(340)   Post Evacuate Collection Set: 0.6ms
[2024-08-27T14:57:25.210+0000][info][gc,phases      ] GC(340)   Other: 0.2ms
[2024-08-27T14:57:25.210+0000][info][gc,heap        ] GC(340) Eden regions: 46->0(43)
[2024-08-27T14:57:25.210+0000][info][gc,heap        ] GC(340) Survivor regions: 11->8(8)
[2024-08-27T14:57:25.210+0000][info][gc,heap        ] GC(340) Old regions: 756->810
[2024-08-27T14:57:25.210+0000][info][gc,heap        ] GC(340) Archive regions: 2->2
[2024-08-27T14:57:25.210+0000][info][gc,heap        ] GC(340) Humongous regions: 5->5
[2024-08-27T14:57:25.210+0000][info][gc,metaspace   ] GC(340) Metaspace: 100K(320K)->100K(320K) NonClass: 96K(192K)->96K(192K) Class: 4K(128K)->4K(128K)
[2024-08-27T14:57:25.210+0000][info][gc             ] GC(340) Pause Young (Normal) (G1 Evacuation Pause) 808M->812M(1024M) 18.778ms
[2024-08-27T14:57:25.210+0000][info][gc,cpu         ] GC(340) User=0.43s Sys=0.01s Real=0.02s
[2024-08-27T14:57:25.232+0000][info][gc,start       ] GC(341) Pause Young (Normal) (G1 Evacuation Pause)
[2024-08-27T14:57:25.232+0000][info][gc,task        ] GC(341) Using 24 workers of 68 for evacuation
[2024-08-27T14:57:25.259+0000][info][gc,phases      ] GC(341)   Pre Evacuate Collection Set: 0.2ms
[2024-08-27T14:57:25.260+0000][info][gc,phases      ] GC(341)   Merge Heap Roots: 0.6ms
[2024-08-27T14:57:25.260+0000][info][gc,phases      ] GC(341)   Evacuate Collection Set: 25.5ms
[2024-08-27T14:57:25.260+0000][info][gc,phases      ] GC(341)   Post Evacuate Collection Set: 0.7ms
[2024-08-27T14:57:25.260+0000][info][gc,phases      ] GC(341)   Other: 0.2ms
[2024-08-27T14:57:25.260+0000][info][gc,heap        ] GC(341) Eden regions: 43->0(44)
[2024-08-27T14:57:25.260+0000][info][gc,heap        ] GC(341) Survivor regions: 8->7(7)
[2024-08-27T14:57:25.260+0000][info][gc,heap        ] GC(341) Old regions: 810->857
[2024-08-27T14:57:25.260+0000][info][gc,heap        ] GC(341) Archive regions: 2->2
[2024-08-27T14:57:25.260+0000][info][gc,heap        ] GC(341) Humongous regions: 5->5
[2024-08-27T14:57:25.260+0000][info][gc,metaspace   ] GC(341) Metaspace: 100K(320K)->100K(320K) NonClass: 96K(192K)->96K(192K) Class: 4K(128K)->4K(128K)
[2024-08-27T14:57:25.260+0000][info][gc             ] GC(341) Pause Young (Normal) (G1 Evacuation Pause) 855M->858M(1024M) 27.308ms
[2024-08-27T14:57:25.260+0000][info][gc,cpu         ] GC(341) User=0.37s Sys=0.26s Real=0.03s
[2024-08-27T14:57:25.268+0000][info][gc,marking     ] GC(338) Concurrent Rebuild Remembered Sets 131.285ms
[2024-08-27T14:57:25.269+0000][info][gc,start       ] GC(338) Pause Cleanup
[2024-08-27T14:57:25.270+0000][info][gc             ] GC(338) Pause Cleanup 869M->869M(1024M) 1.042ms
[2024-08-27T14:57:25.270+0000][info][gc,cpu         ] GC(338) User=0.00s Sys=0.00s Real=0.01s
[2024-08-27T14:57:25.270+0000][info][gc,marking     ] GC(338) Concurrent Cleanup for Next Mark
[2024-08-27T14:57:25.271+0000][info][gc,marking     ] GC(338) Concurrent Cleanup for Next Mark 0.605ms
[2024-08-27T14:57:25.271+0000][info][gc             ] GC(338) Concurrent Mark Cycle 157.928ms
[2024-08-27T14:57:25.290+0000][info][gc,start       ] GC(342) Pause Young (Prepare Mixed) (G1 Evacuation Pause)
[2024-08-27T14:57:25.290+0000][info][gc,task        ] GC(342) Using 24 workers of 68 for evacuation
[2024-08-27T14:57:25.310+0000][info][gc,phases      ] GC(342)   Pre Evacuate Collection Set: 0.2ms
[2024-08-27T14:57:25.310+0000][info][gc,phases      ] GC(342)   Merge Heap Roots: 0.7ms
[2024-08-27T14:57:25.310+0000][info][gc,phases      ] GC(342)   Evacuate Collection Set: 18.5ms
[2024-08-27T14:57:25.310+0000][info][gc,phases      ] GC(342)   Post Evacuate Collection Set: 0.3ms
[2024-08-27T14:57:25.310+0000][info][gc,phases      ] GC(342)   Other: 0.2ms
[2024-08-27T14:57:25.310+0000][info][gc,heap        ] GC(342) Eden regions: 44->0(44)
[2024-08-27T14:57:25.310+0000][info][gc,heap        ] GC(342) Survivor regions: 7->7(7)
[2024-08-27T14:57:25.310+0000][info][gc,heap        ] GC(342) Old regions: 857->904
[2024-08-27T14:57:25.310+0000][info][gc,heap        ] GC(342) Archive regions: 2->2
[2024-08-27T14:57:25.310+0000][info][gc,heap        ] GC(342) Humongous regions: 5->5
[2024-08-27T14:57:25.310+0000][info][gc,metaspace   ] GC(342) Metaspace: 100K(320K)->100K(320K) NonClass: 96K(192K)->96K(192K) Class: 4K(128K)->4K(128K)
[2024-08-27T14:57:25.310+0000][info][gc             ] GC(342) Pause Young (Prepare Mixed) (G1 Evacuation Pause) 902M->905M(1024M) 19.944ms
[2024-08-27T14:57:25.310+0000][info][gc,cpu         ] GC(342) User=0.45s Sys=0.01s Real=0.02s
[2024-08-27T14:57:25.333+0000][info][gc,start       ] GC(343) Pause Young (Mixed) (G1 Evacuation Pause)
[2024-08-27T14:57:25.333+0000][info][gc,task        ] GC(343) Using 24 workers of 68 for evacuation
[2024-08-27T14:57:25.344+0000][info][gc,phases      ] GC(343)   Pre Evacuate Collection Set: 0.2ms
[2024-08-27T14:57:25.344+0000][info][gc,phases      ] GC(343)   Merge Heap Roots: 0.3ms
[2024-08-27T14:57:25.344+0000][info][gc,phases      ] GC(343)   Evacuate Collection Set: 10.2ms
[2024-08-27T14:57:25.344+0000][info][gc,phases      ] GC(343)   Post Evacuate Collection Set: 0.3ms
[2024-08-27T14:57:25.344+0000][info][gc,phases      ] GC(343)   Other: 0.3ms
[2024-08-27T14:57:25.344+0000][info][gc,heap        ] GC(343) Eden regions: 44->0(44)
[2024-08-27T14:57:25.344+0000][info][gc,heap        ] GC(343) Survivor regions: 7->7(7)
[2024-08-27T14:57:25.344+0000][info][gc,heap        ] GC(343) Old regions: 904->847
[2024-08-27T14:57:25.344+0000][info][gc,heap        ] GC(343) Archive regions: 2->2
[2024-08-27T14:57:25.344+0000][info][gc,heap        ] GC(343) Humongous regions: 5->5
[2024-08-27T14:57:25.344+0000][info][gc,metaspace   ] GC(343) Metaspace: 100K(320K)->100K(320K) NonClass: 96K(192K)->96K(192K) Class: 4K(128K)->4K(128K)
[2024-08-27T14:57:25.344+0000][info][gc             ] GC(343) Pause Young (Mixed) (G1 Evacuation Pause) 949M->853M(1024M) 11.360ms
[2024-08-27T14:57:25.344+0000][info][gc,cpu         ] GC(343) User=0.25s Sys=0.00s Real=0.01s
[2024-08-27T14:57:25.367+0000][info][gc,start       ] GC(344) Pause Young (Mixed) (G1 Evacuation Pause)
[2024-08-27T14:57:25.367+0000][info][gc,task        ] GC(344) Using 24 workers of 68 for evacuation
[2024-08-27T14:57:25.378+0000][info][gc,phases      ] GC(344)   Pre Evacuate Collection Set: 0.2ms
[2024-08-27T14:57:25.378+0000][info][gc,phases      ] GC(344)   Merge Heap Roots: 0.4ms
[2024-08-27T14:57:25.378+0000][info][gc,phases      ] GC(344)   Evacuate Collection Set: 9.9ms
[2024-08-27T14:57:25.378+0000][info][gc,phases      ] GC(344)   Post Evacuate Collection Set: 0.4ms
[2024-08-27T14:57:25.378+0000][info][gc,phases      ] GC(344)   Other: 0.2ms
[2024-08-27T14:57:25.378+0000][info][gc,heap        ] GC(344) Eden regions: 44->0(44)
[2024-08-27T14:57:25.378+0000][info][gc,heap        ] GC(344) Survivor regions: 7->7(7)
[2024-08-27T14:57:25.378+0000][info][gc,heap        ] GC(344) Old regions: 847->809
[2024-08-27T14:57:25.378+0000][info][gc,heap        ] GC(344) Archive regions: 2->2
[2024-08-27T14:57:25.378+0000][info][gc,heap        ] GC(344) Humongous regions: 5->5
[2024-08-27T14:57:25.378+0000][info][gc,metaspace   ] GC(344) Metaspace: 100K(320K)->100K(320K) NonClass: 96K(192K)->96K(192K) Class: 4K(128K)->4K(128K)
[2024-08-27T14:57:25.378+0000][info][gc             ] GC(344) Pause Young (Mixed) (G1 Evacuation Pause) 897M->818M(1024M) 11.239ms
[2024-08-27T14:57:25.378+0000][info][gc,cpu         ] GC(344) User=0.24s Sys=0.01s Real=0.02s
[2024-08-27T14:57:25.399+0000][info][gc,start       ] GC(345) Pause Young (Concurrent Start) (G1 Evacuation Pause)
[2024-08-27T14:57:25.399+0000][info][gc,task        ] GC(345) Using 24 workers of 68 for evacuation
[2024-08-27T14:57:25.409+0000][info][gc,phases      ] GC(345)   Pre Evacuate Collection Set: 0.2ms
[2024-08-27T14:57:25.409+0000][info][gc,phases      ] GC(345)   Merge Heap Roots: 0.4ms
[2024-08-27T14:57:25.409+0000][info][gc,phases      ] GC(345)   Evacuate Collection Set: 9.0ms
[2024-08-27T14:57:25.409+0000][info][gc,phases      ] GC(345)   Post Evacuate Collection Set: 0.3ms
[2024-08-27T14:57:25.409+0000][info][gc,phases      ] GC(345)   Other: 0.7ms
[2024-08-27T14:57:25.409+0000][info][gc,heap        ] GC(345) Eden regions: 44->0(44)
[2024-08-27T14:57:25.409+0000][info][gc,heap        ] GC(345) Survivor regions: 7->7(7)
[2024-08-27T14:57:25.409+0000][info][gc,heap        ] GC(345) Old regions: 809->856
[2024-08-27T14:57:25.409+0000][info][gc,heap        ] GC(345) Archive regions: 2->2
[2024-08-27T14:57:25.409+0000][info][gc,heap        ] GC(345) Humongous regions: 5->5
[2024-08-27T14:57:25.409+0000][info][gc,metaspace   ] GC(345) Metaspace: 100K(320K)->100K(320K) NonClass: 96K(192K)->96K(192K) Class: 4K(128K)->4K(128K)
[2024-08-27T14:57:25.409+0000][info][gc             ] GC(345) Pause Young (Concurrent Start) (G1 Evacuation Pause) 862M->864M(1024M) 10.715ms
[2024-08-27T14:57:25.410+0000][info][gc,cpu         ] GC(345) User=0.22s Sys=0.00s Real=0.01s
[2024-08-27T14:57:25.410+0000][info][gc             ] GC(346) Concurrent Mark Cycle
[2024-08-27T14:57:25.410+0000][info][gc,marking     ] GC(346) Concurrent Clear Claimed Marks
[2024-08-27T14:57:25.410+0000][info][gc,marking     ] GC(346) Concurrent Clear Claimed Marks 0.009ms
[2024-08-27T14:57:25.410+0000][info][gc,marking     ] GC(346) Concurrent Scan Root Regions
[2024-08-27T14:57:25.411+0000][info][gc,marking     ] GC(346) Concurrent Scan Root Regions 1.462ms
[2024-08-27T14:57:25.411+0000][info][gc,marking     ] GC(346) Concurrent Mark
[2024-08-27T14:57:25.411+0000][info][gc,marking     ] GC(346) Concurrent Mark From Roots
[2024-08-27T14:57:25.411+0000][info][gc,task        ] GC(346) Using 17 workers of 17 for marking
[2024-08-27T14:57:25.434+0000][info][gc,marking     ] GC(346) Concurrent Mark From Roots 22.802ms
[2024-08-27T14:57:25.434+0000][info][gc,marking     ] GC(346) Concurrent Preclean
[2024-08-27T14:57:25.435+0000][info][gc,marking     ] GC(346) Concurrent Preclean 0.537ms
[2024-08-27T14:57:25.435+0000][info][gc,start       ] GC(346) Pause Remark
[2024-08-27T14:57:25.436+0000][info][gc             ] GC(346) Pause Remark 901M->901M(1024M) 1.493ms
[2024-08-27T14:57:25.436+0000][info][gc,cpu         ] GC(346) User=0.01s Sys=0.00s Real=0.00s
[2024-08-27T14:57:25.436+0000][info][gc,marking     ] GC(346) Concurrent Mark 25.224ms
[2024-08-27T14:57:25.436+0000][info][gc,marking     ] GC(346) Concurrent Rebuild Remembered Sets
[2024-08-27T14:57:25.440+0000][info][gc,start       ] GC(347) Pause Young (Normal) (G1 Evacuation Pause)
[2024-08-27T14:57:25.440+0000][info][gc,task        ] GC(347) Using 24 workers of 68 for evacuation
[2024-08-27T14:57:25.450+0000][info][gc,phases      ] GC(347)   Pre Evacuate Collection Set: 0.2ms
[2024-08-27T14:57:25.450+0000][info][gc,phases      ] GC(347)   Merge Heap Roots: 0.4ms
[2024-08-27T14:57:25.450+0000][info][gc,phases      ] GC(347)   Evacuate Collection Set: 8.8ms
[2024-08-27T14:57:25.450+0000][info][gc,phases      ] GC(347)   Post Evacuate Collection Set: 0.5ms
[2024-08-27T14:57:25.451+0000][info][gc,phases      ] GC(347)   Other: 0.3ms
[2024-08-27T14:57:25.451+0000][info][gc,heap        ] GC(347) Eden regions: 44->0(44)
[2024-08-27T14:57:25.451+0000][info][gc,heap        ] GC(347) Survivor regions: 7->7(7)
[2024-08-27T14:57:25.451+0000][info][gc,heap        ] GC(347) Old regions: 856->903
[2024-08-27T14:57:25.451+0000][info][gc,heap        ] GC(347) Archive regions: 2->2
[2024-08-27T14:57:25.451+0000][info][gc,heap        ] GC(347) Humongous regions: 5->5
[2024-08-27T14:57:25.451+0000][info][gc,metaspace   ] GC(347) Metaspace: 100K(320K)->100K(320K) NonClass: 96K(192K)->96K(192K) Class: 4K(128K)->4K(128K)
[2024-08-27T14:57:25.451+0000][info][gc             ] GC(347) Pause Young (Normal) (G1 Evacuation Pause) 908M->911M(1024M) 10.182ms
[2024-08-27T14:57:25.451+0000][info][gc,cpu         ] GC(347) User=0.22s Sys=0.00s Real=0.01s
[2024-08-27T14:57:25.472+0000][info][gc,start       ] GC(348) Pause Young (Normal) (G1 Evacuation Pause)
[2024-08-27T14:57:25.472+0000][info][gc,task        ] GC(348) Using 24 workers of 68 for evacuation
[2024-08-27T14:57:25.485+0000][info][gc,phases      ] GC(348)   Pre Evacuate Collection Set: 0.2ms
[2024-08-27T14:57:25.485+0000][info][gc,phases      ] GC(348)   Merge Heap Roots: 0.5ms
[2024-08-27T14:57:25.485+0000][info][gc,phases      ] GC(348)   Evacuate Collection Set: 12.0ms
[2024-08-27T14:57:25.485+0000][info][gc,phases      ] GC(348)   Post Evacuate Collection Set: 0.5ms
[2024-08-27T14:57:25.485+0000][info][gc,phases      ] GC(348)   Other: 0.3ms
[2024-08-27T14:57:25.485+0000][info][gc,heap        ] GC(348) Eden regions: 44->0(44)
[2024-08-27T14:57:25.485+0000][info][gc,heap        ] GC(348) Survivor regions: 7->7(7)
[2024-08-27T14:57:25.485+0000][info][gc,heap        ] GC(348) Old regions: 903->949
[2024-08-27T14:57:25.485+0000][info][gc,heap        ] GC(348) Archive regions: 2->2
[2024-08-27T14:57:25.485+0000][info][gc,heap        ] GC(348) Humongous regions: 5->5
[2024-08-27T14:57:25.485+0000][info][gc,metaspace   ] GC(348) Metaspace: 100K(320K)->100K(320K) NonClass: 96K(192K)->96K(192K) Class: 4K(128K)->4K(128K)
[2024-08-27T14:57:25.485+0000][info][gc             ] GC(348) Pause Young (Normal) (G1 Evacuation Pause) 955M->957M(1024M) 13.444ms
[2024-08-27T14:57:25.485+0000][info][gc,cpu         ] GC(348) User=0.30s Sys=0.00s Real=0.01s
[2024-08-27T14:57:25.498+0000][info][gc,start       ] GC(349) Pause Young (Normal) (G1 Preventive Collection)
[2024-08-27T14:57:25.498+0000][info][gc,task        ] GC(349) Using 24 workers of 68 for evacuation
[2024-08-27T14:57:25.510+0000][info][gc,phases      ] GC(349)   Pre Evacuate Collection Set: 0.1ms
[2024-08-27T14:57:25.510+0000][info][gc,phases      ] GC(349)   Merge Heap Roots: 0.6ms
[2024-08-27T14:57:25.510+0000][info][gc,phases      ] GC(349)   Evacuate Collection Set: 11.4ms
[2024-08-27T14:57:25.511+0000][info][gc,phases      ] GC(349)   Post Evacuate Collection Set: 0.6ms
[2024-08-27T14:57:25.511+0000][info][gc,phases      ] GC(349)   Other: 0.2ms
[2024-08-27T14:57:25.511+0000][info][gc,heap        ] GC(349) Eden regions: 25->0(44)
[2024-08-27T14:57:25.511+0000][info][gc,heap        ] GC(349) Survivor regions: 7->7(7)
[2024-08-27T14:57:25.511+0000][info][gc,heap        ] GC(349) Old regions: 949->977
[2024-08-27T14:57:25.511+0000][info][gc,heap        ] GC(349) Archive regions: 2->2
[2024-08-27T14:57:25.511+0000][info][gc,heap        ] GC(349) Humongous regions: 5->5
[2024-08-27T14:57:25.511+0000][info][gc,metaspace   ] GC(349) Metaspace: 100K(320K)->100K(320K) NonClass: 96K(192K)->96K(192K) Class: 4K(128K)->4K(128K)
[2024-08-27T14:57:25.511+0000][info][gc             ] GC(349) Pause Young (Normal) (G1 Preventive Collection) 982M->986M(1024M) 13.014ms
[2024-08-27T14:57:25.511+0000][info][gc,cpu         ] GC(349) User=0.30s Sys=0.01s Real=0.01s
[2024-08-27T14:57:25.517+0000][info][gc,start       ] GC(350) Pause Young (Normal) (G1 Preventive Collection)
[2024-08-27T14:57:25.517+0000][info][gc,task        ] GC(350) Using 24 workers of 68 for evacuation
[2024-08-27T14:57:25.527+0000][info][gc             ] GC(350) To-space exhausted
[2024-08-27T14:57:25.527+0000][info][gc,phases      ] GC(350)   Pre Evacuate Collection Set: 0.1ms
[2024-08-27T14:57:25.527+0000][info][gc,phases      ] GC(350)   Merge Heap Roots: 0.6ms
[2024-08-27T14:57:25.527+0000][info][gc,phases      ] GC(350)   Evacuate Collection Set: 8.4ms
[2024-08-27T14:57:25.527+0000][info][gc,phases      ] GC(350)   Post Evacuate Collection Set: 0.9ms
[2024-08-27T14:57:25.527+0000][info][gc,phases      ] GC(350)   Other: 0.2ms
[2024-08-27T14:57:25.527+0000][info][gc,heap        ] GC(350) Eden regions: 12->0(44)
[2024-08-27T14:57:25.527+0000][info][gc,heap        ] GC(350) Survivor regions: 7->7(7)
[2024-08-27T14:57:25.527+0000][info][gc,heap        ] GC(350) Old regions: 977->1009
[2024-08-27T14:57:25.527+0000][info][gc,heap        ] GC(350) Archive regions: 2->2
[2024-08-27T14:57:25.527+0000][info][gc,heap        ] GC(350) Humongous regions: 5->5
[2024-08-27T14:57:25.527+0000][info][gc,metaspace   ] GC(350) Metaspace: 100K(320K)->100K(320K) NonClass: 96K(192K)->96K(192K) Class: 4K(128K)->4K(128K)
[2024-08-27T14:57:25.527+0000][info][gc             ] GC(350) Pause Young (Normal) (G1 Preventive Collection) 998M->1018M(1024M) 10.220ms
[2024-08-27T14:57:25.527+0000][info][gc,cpu         ] GC(350) User=0.23s Sys=0.00s Real=0.01s
[2024-08-27T14:57:25.528+0000][info][gc,start       ] GC(351) Pause Young (Normal) (G1 Evacuation Pause)
[2024-08-27T14:57:25.528+0000][info][gc,task        ] GC(351) Using 24 workers of 68 for evacuation
[2024-08-27T14:57:25.536+0000][info][gc             ] GC(351) To-space exhausted
[2024-08-27T14:57:25.536+0000][info][gc,phases      ] GC(351)   Pre Evacuate Collection Set: 0.1ms
[2024-08-27T14:57:25.536+0000][info][gc,phases      ] GC(351)   Merge Heap Roots: 0.4ms
[2024-08-27T14:57:25.536+0000][info][gc,phases      ] GC(351)   Evacuate Collection Set: 5.9ms
[2024-08-27T14:57:25.536+0000][info][gc,phases      ] GC(351)   Post Evacuate Collection Set: 0.9ms
[2024-08-27T14:57:25.536+0000][info][gc,phases      ] GC(351)   Other: 0.1ms
[2024-08-27T14:57:25.536+0000][info][gc,heap        ] GC(351) Eden regions: 1->0(51)
[2024-08-27T14:57:25.536+0000][info][gc,heap        ] GC(351) Survivor regions: 7->0(0)
[2024-08-27T14:57:25.536+0000][info][gc,heap        ] GC(351) Old regions: 1009->1017
[2024-08-27T14:57:25.536+0000][info][gc,heap        ] GC(351) Archive regions: 2->2
[2024-08-27T14:57:25.536+0000][info][gc,heap        ] GC(351) Humongous regions: 5->5
[2024-08-27T14:57:25.536+0000][info][gc,metaspace   ] GC(351) Metaspace: 100K(320K)->100K(320K) NonClass: 96K(192K)->96K(192K) Class: 4K(128K)->4K(128K)
[2024-08-27T14:57:25.536+0000][info][gc             ] GC(351) Pause Young (Normal) (G1 Evacuation Pause) 1019M->1019M(1024M) 7.476ms
[2024-08-27T14:57:25.536+0000][info][gc,cpu         ] GC(351) User=0.15s Sys=0.00s Real=0.01s
[2024-08-27T14:57:25.536+0000][info][gc,ergo        ] Attempting full compaction
[2024-08-27T14:57:25.536+0000][info][gc,task        ] GC(352) Using 24 workers of 68 for full compaction
[2024-08-27T14:57:25.536+0000][info][gc,start       ] GC(352) Pause Full (G1 Compaction Pause)
[2024-08-27T14:57:25.537+0000][info][gc,phases,start] GC(352) Phase 1: Mark live objects
[2024-08-27T14:57:25.551+0000][info][gc,phases      ] GC(352) Phase 1: Mark live objects 13.912ms
[2024-08-27T14:57:25.551+0000][info][gc,phases,start] GC(352) Phase 2: Prepare for compaction
[2024-08-27T14:57:25.563+0000][info][gc,phases      ] GC(352) Phase 2: Prepare for compaction 12.696ms
[2024-08-27T14:57:25.563+0000][info][gc,phases,start] GC(352) Phase 3: Adjust pointers
[2024-08-27T14:57:25.584+0000][info][gc,phases      ] GC(352) Phase 3: Adjust pointers 20.677ms
[2024-08-27T14:57:25.584+0000][info][gc,phases,start] GC(352) Phase 4: Compact heap
[2024-08-27T14:57:25.611+0000][info][gc,phases      ] GC(352) Phase 4: Compact heap 27.146ms
[2024-08-27T14:57:25.613+0000][info][gc,heap        ] GC(352) Eden regions: 0->0(149)
[2024-08-27T14:57:25.613+0000][info][gc,heap        ] GC(352) Survivor regions: 0->0(0)
[2024-08-27T14:57:25.613+0000][info][gc,heap        ] GC(352) Old regions: 1017->445
[2024-08-27T14:57:25.613+0000][info][gc,heap        ] GC(352) Archive regions: 2->2
[2024-08-27T14:57:25.613+0000][info][gc,heap        ] GC(352) Humongous regions: 5->5
[2024-08-27T14:57:25.613+0000][info][gc,metaspace   ] GC(352) Metaspace: 100K(320K)->100K(320K) NonClass: 96K(192K)->96K(192K) Class: 4K(128K)->4K(128K)
[2024-08-27T14:57:25.613+0000][info][gc             ] GC(352) Pause Full (G1 Compaction Pause) 1019M->437M(1024M) 76.590ms
[2024-08-27T14:57:25.613+0000][info][gc,cpu         ] GC(352) User=1.41s Sys=0.15s Real=0.08s
[2024-08-27T14:57:25.613+0000][info][gc,marking     ] GC(346) Concurrent Rebuild Remembered Sets 176.746ms
[2024-08-27T14:57:25.613+0000][info][gc,marking     ] GC(346) Concurrent Mark Abort
[2024-08-27T14:57:25.613+0000][info][gc             ] GC(346) Concurrent Mark Cycle 203.584ms
[2024-08-27T14:57:25.700+0000][info][gc,start       ] GC(353) Pause Young (Normal) (G1 Evacuation Pause)
[2024-08-27T14:57:25.700+0000][info][gc,task        ] GC(353) Using 24 workers of 68 for evacuation
[2024-08-27T14:57:25.722+0000][info][gc,phases      ] GC(353)   Pre Evacuate Collection Set: 0.1ms
[2024-08-27T14:57:25.722+0000][info][gc,phases      ] GC(353)   Merge Heap Roots: 0.4ms
[2024-08-27T14:57:25.722+0000][info][gc,phases      ] GC(353)   Evacuate Collection Set: 20.6ms
[2024-08-27T14:57:25.722+0000][info][gc,phases      ] GC(353)   Post Evacuate Collection Set: 0.4ms
[2024-08-27T14:57:25.722+0000][info][gc,phases      ] GC(353)   Other: 0.2ms
[2024-08-27T14:57:25.722+0000][info][gc,heap        ] GC(353) Eden regions: 149->0(103)
[2024-08-27T14:57:25.722+0000][info][gc,heap        ] GC(353) Survivor regions: 0->19(19)
[2024-08-27T14:57:25.722+0000][info][gc,heap        ] GC(353) Old regions: 445->571
[2024-08-27T14:57:25.722+0000][info][gc,heap        ] GC(353) Archive regions: 2->2
[2024-08-27T14:57:25.722+0000][info][gc,heap        ] GC(353) Humongous regions: 5->5
[2024-08-27T14:57:25.722+0000][info][gc,metaspace   ] GC(353) Metaspace: 100K(320K)->100K(320K) NonClass: 96K(192K)->96K(192K) Class: 4K(128K)->4K(128K)
[2024-08-27T14:57:25.722+0000][info][gc             ] GC(353) Pause Young (Normal) (G1 Evacuation Pause) 586M->581M(1024M) 21.850ms
[2024-08-27T14:57:25.722+0000][info][gc,cpu         ] GC(353) User=0.50s Sys=0.00s Real=0.02s
[2024-08-27T14:57:25.770+0000][info][gc,start       ] GC(354) Pause Young (Concurrent Start) (G1 Evacuation Pause)
[2024-08-27T14:57:25.770+0000][info][gc,task        ] GC(354) Using 24 workers of 68 for evacuation
[2024-08-27T14:57:25.789+0000][info][gc,phases      ] GC(354)   Pre Evacuate Collection Set: 0.2ms
[2024-08-27T14:57:25.789+0000][info][gc,phases      ] GC(354)   Merge Heap Roots: 0.3ms
[2024-08-27T14:57:25.789+0000][info][gc,phases      ] GC(354)   Evacuate Collection Set: 17.6ms
[2024-08-27T14:57:25.789+0000][info][gc,phases      ] GC(354)   Post Evacuate Collection Set: 0.4ms
[2024-08-27T14:57:25.789+0000][info][gc,phases      ] GC(354)   Other: 0.9ms
[2024-08-27T14:57:25.789+0000][info][gc,heap        ] GC(354) Eden regions: 103->0(69)
[2024-08-27T14:57:25.789+0000][info][gc,heap        ] GC(354) Survivor regions: 19->16(16)
[2024-08-27T14:57:25.789+0000][info][gc,heap        ] GC(354) Old regions: 571->679
[2024-08-27T14:57:25.789+0000][info][gc,heap        ] GC(354) Archive regions: 2->2
[2024-08-27T14:57:25.789+0000][info][gc,heap        ] GC(354) Humongous regions: 5->5
[2024-08-27T14:57:25.789+0000][info][gc,metaspace   ] GC(354) Metaspace: 100K(320K)->100K(320K) NonClass: 96K(192K)->96K(192K) Class: 4K(128K)->4K(128K)
[2024-08-27T14:57:25.789+0000][info][gc             ] GC(354) Pause Young (Concurrent Start) (G1 Evacuation Pause) 684M->687M(1024M) 19.519ms
[2024-08-27T14:57:25.789+0000][info][gc,cpu         ] GC(354) User=0.42s Sys=0.01s Real=0.01s
[2024-08-27T14:57:25.789+0000][info][gc             ] GC(355) Concurrent Mark Cycle
[2024-08-27T14:57:25.789+0000][info][gc,marking     ] GC(355) Concurrent Clear Claimed Marks
[2024-08-27T14:57:25.789+0000][info][gc,marking     ] GC(355) Concurrent Clear Claimed Marks 0.010ms
[2024-08-27T14:57:25.789+0000][info][gc,marking     ] GC(355) Concurrent Scan Root Regions
[2024-08-27T14:57:25.793+0000][info][gc,marking     ] GC(355) Concurrent Scan Root Regions 3.310ms
[2024-08-27T14:57:25.793+0000][info][gc,marking     ] GC(355) Concurrent Mark
[2024-08-27T14:57:25.793+0000][info][gc,marking     ] GC(355) Concurrent Mark From Roots
[2024-08-27T14:57:25.793+0000][info][gc,task        ] GC(355) Using 17 workers of 17 for marking
[2024-08-27T14:57:25.813+0000][info][gc,marking     ] GC(355) Concurrent Mark From Roots 19.800ms
[2024-08-27T14:57:25.813+0000][info][gc,marking     ] GC(355) Concurrent Preclean
[2024-08-27T14:57:25.813+0000][info][gc,marking     ] GC(355) Concurrent Preclean 0.540ms
[2024-08-27T14:57:25.813+0000][info][gc,start       ] GC(355) Pause Remark
[2024-08-27T14:57:25.815+0000][info][gc             ] GC(355) Pause Remark 722M->722M(1024M) 1.653ms
[2024-08-27T14:57:25.815+0000][info][gc,cpu         ] GC(355) User=0.00s Sys=0.01s Real=0.00s
[2024-08-27T14:57:25.815+0000][info][gc,marking     ] GC(355) Concurrent Mark 22.450ms
[2024-08-27T14:57:25.815+0000][info][gc,marking     ] GC(355) Concurrent Rebuild Remembered Sets
[2024-08-27T14:57:25.829+0000][info][gc,marking     ] GC(355) Concurrent Rebuild Remembered Sets 14.146ms
[2024-08-27T14:57:25.830+0000][info][gc,start       ] GC(355) Pause Cleanup
[2024-08-27T14:57:25.832+0000][info][gc             ] GC(355) Pause Cleanup 746M->746M(1024M) 1.898ms
[2024-08-27T14:57:25.832+0000][info][gc,cpu         ] GC(355) User=0.00s Sys=0.00s Real=0.00s
[2024-08-27T14:57:25.832+0000][info][gc,marking     ] GC(355) Concurrent Cleanup for Next Mark
[2024-08-27T14:57:25.832+0000][info][gc,marking     ] GC(355) Concurrent Cleanup for Next Mark 0.582ms
[2024-08-27T14:57:25.832+0000][info][gc             ] GC(355) Concurrent Mark Cycle 43.037ms
[2024-08-27T14:57:25.837+0000][info][gc,start       ] GC(356) Pause Young (Prepare Mixed) (G1 Evacuation Pause)
[2024-08-27T14:57:25.837+0000][info][gc,task        ] GC(356) Using 24 workers of 68 for evacuation
[2024-08-27T14:57:25.852+0000][info][gc,phases      ] GC(356)   Pre Evacuate Collection Set: 0.2ms
[2024-08-27T14:57:25.852+0000][info][gc,phases      ] GC(356)   Merge Heap Roots: 0.3ms
[2024-08-27T14:57:25.852+0000][info][gc,phases      ] GC(356)   Evacuate Collection Set: 14.0ms
[2024-08-27T14:57:25.852+0000][info][gc,phases      ] GC(356)   Post Evacuate Collection Set: 0.4ms
[2024-08-27T14:57:25.852+0000][info][gc,phases      ] GC(356)   Other: 0.3ms
[2024-08-27T14:57:25.852+0000][info][gc,heap        ] GC(356) Eden regions: 69->0(40)
[2024-08-27T14:57:25.852+0000][info][gc,heap        ] GC(356) Survivor regions: 16->11(11)
[2024-08-27T14:57:25.852+0000][info][gc,heap        ] GC(356) Old regions: 679->756
[2024-08-27T14:57:25.852+0000][info][gc,heap        ] GC(356) Archive regions: 2->2
[2024-08-27T14:57:25.852+0000][info][gc,heap        ] GC(356) Humongous regions: 5->5
[2024-08-27T14:57:25.852+0000][info][gc,metaspace   ] GC(356) Metaspace: 100K(320K)->100K(320K) NonClass: 96K(192K)->96K(192K) Class: 4K(128K)->4K(128K)
[2024-08-27T14:57:25.852+0000][info][gc             ] GC(356) Pause Young (Prepare Mixed) (G1 Evacuation Pause) 756M->759M(1024M) 15.349ms
[2024-08-27T14:57:25.852+0000][info][gc,cpu         ] GC(356) User=0.34s Sys=0.00s Real=0.02s
[2024-08-27T14:57:25.871+0000][info][gc,start       ] GC(357) Pause Young (Mixed) (G1 Evacuation Pause)
[2024-08-27T14:57:25.871+0000][info][gc,task        ] GC(357) Using 24 workers of 68 for evacuation
[2024-08-27T14:57:25.884+0000][info][gc,phases      ] GC(357)   Pre Evacuate Collection Set: 0.2ms
[2024-08-27T14:57:25.884+0000][info][gc,phases      ] GC(357)   Merge Heap Roots: 0.4ms
[2024-08-27T14:57:25.884+0000][info][gc,phases      ] GC(357)   Evacuate Collection Set: 11.6ms
[2024-08-27T14:57:25.884+0000][info][gc,phases      ] GC(357)   Post Evacuate Collection Set: 0.4ms
[2024-08-27T14:57:25.884+0000][info][gc,phases      ] GC(357)   Other: 0.3ms
[2024-08-27T14:57:25.884+0000][info][gc,heap        ] GC(357) Eden regions: 40->0(44)
[2024-08-27T14:57:25.884+0000][info][gc,heap        ] GC(357) Survivor regions: 11->7(7)
[2024-08-27T14:57:25.884+0000][info][gc,heap        ] GC(357) Old regions: 756->703
[2024-08-27T14:57:25.884+0000][info][gc,heap        ] GC(357) Archive regions: 2->2
[2024-08-27T14:57:25.884+0000][info][gc,heap        ] GC(357) Humongous regions: 5->5
[2024-08-27T14:57:25.884+0000][info][gc,metaspace   ] GC(357) Metaspace: 100K(320K)->100K(320K) NonClass: 96K(192K)->96K(192K) Class: 4K(128K)->4K(128K)
[2024-08-27T14:57:25.884+0000][info][gc             ] GC(357) Pause Young (Mixed) (G1 Evacuation Pause) 799M->702M(1024M) 13.117ms
[2024-08-27T14:57:25.884+0000][info][gc,cpu         ] GC(357) User=0.29s Sys=0.00s Real=0.01s
[2024-08-27T14:57:25.905+0000][info][gc,start       ] GC(358) Pause Young (Mixed) (G1 Evacuation Pause)
[2024-08-27T14:57:25.905+0000][info][gc,task        ] GC(358) Using 24 workers of 68 for evacuation
[2024-08-27T14:57:25.916+0000][info][gc,phases      ] GC(358)   Pre Evacuate Collection Set: 0.2ms
[2024-08-27T14:57:25.916+0000][info][gc,phases      ] GC(358)   Merge Heap Roots: 0.3ms
[2024-08-27T14:57:25.916+0000][info][gc,phases      ] GC(358)   Evacuate Collection Set: 10.6ms
[2024-08-27T14:57:25.916+0000][info][gc,phases      ] GC(358)   Post Evacuate Collection Set: 0.4ms
[2024-08-27T14:57:25.916+0000][info][gc,phases      ] GC(358)   Other: 0.3ms
[2024-08-27T14:57:25.916+0000][info][gc,heap        ] GC(358) Eden regions: 44->0(77)
[2024-08-27T14:57:25.916+0000][info][gc,heap        ] GC(358) Survivor regions: 7->7(7)
[2024-08-27T14:57:25.916+0000][info][gc,heap        ] GC(358) Old regions: 703->664
[2024-08-27T14:57:25.916+0000][info][gc,heap        ] GC(358) Archive regions: 2->2
[2024-08-27T14:57:25.916+0000][info][gc,heap        ] GC(358) Humongous regions: 5->5
[2024-08-27T14:57:25.916+0000][info][gc,metaspace   ] GC(358) Metaspace: 100K(320K)->100K(320K) NonClass: 96K(192K)->96K(192K) Class: 4K(128K)->4K(128K)
[2024-08-27T14:57:25.917+0000][info][gc             ] GC(358) Pause Young (Mixed) (G1 Evacuation Pause) 746M->663M(1024M) 12.029ms
[2024-08-27T14:57:25.917+0000][info][gc,cpu         ] GC(358) User=0.26s Sys=0.00s Real=0.01s
[2024-08-27T14:57:25.951+0000][info][gc,start       ] GC(359) Pause Young (Concurrent Start) (G1 Evacuation Pause)
[2024-08-27T14:57:25.951+0000][info][gc,task        ] GC(359) Using 24 workers of 68 for evacuation
[2024-08-27T14:57:25.966+0000][info][gc,phases      ] GC(359)   Pre Evacuate Collection Set: 0.2ms
[2024-08-27T14:57:25.966+0000][info][gc,phases      ] GC(359)   Merge Heap Roots: 0.3ms
[2024-08-27T14:57:25.966+0000][info][gc,phases      ] GC(359)   Evacuate Collection Set: 13.7ms
[2024-08-27T14:57:25.966+0000][info][gc,phases      ] GC(359)   Post Evacuate Collection Set: 0.4ms
[2024-08-27T14:57:25.966+0000][info][gc,phases      ] GC(359)   Other: 1.0ms
[2024-08-27T14:57:25.966+0000][info][gc,heap        ] GC(359) Eden regions: 77->0(51)
[2024-08-27T14:57:25.966+0000][info][gc,heap        ] GC(359) Survivor regions: 7->11(11)
[2024-08-27T14:57:25.966+0000][info][gc,heap        ] GC(359) Old regions: 664->739
[2024-08-27T14:57:25.966+0000][info][gc,heap        ] GC(359) Archive regions: 2->2
[2024-08-27T14:57:25.967+0000][info][gc,heap        ] GC(359) Humongous regions: 5->5
[2024-08-27T14:57:25.967+0000][info][gc,metaspace   ] GC(359) Metaspace: 100K(320K)->100K(320K) NonClass: 96K(192K)->96K(192K) Class: 4K(128K)->4K(128K)
[2024-08-27T14:57:25.967+0000][info][gc             ] GC(359) Pause Young (Concurrent Start) (G1 Evacuation Pause) 740M->742M(1024M) 15.721ms
[2024-08-27T14:57:25.967+0000][info][gc,cpu         ] GC(359) User=0.33s Sys=0.00s Real=0.01s
[2024-08-27T14:57:25.967+0000][info][gc             ] GC(360) Concurrent Mark Cycle
[2024-08-27T14:57:25.967+0000][info][gc,marking     ] GC(360) Concurrent Clear Claimed Marks
[2024-08-27T14:57:25.967+0000][info][gc,marking     ] GC(360) Concurrent Clear Claimed Marks 0.009ms
[2024-08-27T14:57:25.967+0000][info][gc,marking     ] GC(360) Concurrent Scan Root Regions
[2024-08-27T14:57:25.969+0000][info][gc,marking     ] GC(360) Concurrent Scan Root Regions 2.296ms
[2024-08-27T14:57:25.969+0000][info][gc,marking     ] GC(360) Concurrent Mark
[2024-08-27T14:57:25.969+0000][info][gc,marking     ] GC(360) Concurrent Mark From Roots
[2024-08-27T14:57:25.969+0000][info][gc,task        ] GC(360) Using 17 workers of 17 for marking
[2024-08-27T14:57:25.989+0000][info][gc,marking     ] GC(360) Concurrent Mark From Roots 20.166ms
[2024-08-27T14:57:25.989+0000][info][gc,marking     ] GC(360) Concurrent Preclean
[2024-08-27T14:57:25.990+0000][info][gc,marking     ] GC(360) Concurrent Preclean 0.550ms
[2024-08-27T14:57:25.990+0000][info][gc,start       ] GC(360) Pause Remark
[2024-08-27T14:57:25.992+0000][info][gc             ] GC(360) Pause Remark 777M->777M(1024M) 1.570ms
[2024-08-27T14:57:25.992+0000][info][gc,cpu         ] GC(360) User=0.00s Sys=0.00s Real=0.00s
[2024-08-27T14:57:25.992+0000][info][gc,marking     ] GC(360) Concurrent Mark 22.790ms
[2024-08-27T14:57:25.992+0000][info][gc,marking     ] GC(360) Concurrent Rebuild Remembered Sets
[2024-08-27T14:57:26.000+0000][info][gc,start       ] GC(361) Pause Young (Normal) (G1 Evacuation Pause)
[2024-08-27T14:57:26.000+0000][info][gc,task        ] GC(361) Using 24 workers of 68 for evacuation
[2024-08-27T14:57:26.012+0000][info][gc,phases      ] GC(361)   Pre Evacuate Collection Set: 0.2ms
[2024-08-27T14:57:26.012+0000][info][gc,phases      ] GC(361)   Merge Heap Roots: 0.2ms
[2024-08-27T14:57:26.012+0000][info][gc,phases      ] GC(361)   Evacuate Collection Set: 10.9ms
[2024-08-27T14:57:26.012+0000][info][gc,phases      ] GC(361)   Post Evacuate Collection Set: 0.5ms
[2024-08-27T14:57:26.012+0000][info][gc,phases      ] GC(361)   Other: 0.3ms
[2024-08-27T14:57:26.012+0000][info][gc,heap        ] GC(361) Eden regions: 51->0(43)
[2024-08-27T14:57:26.012+0000][info][gc,heap        ] GC(361) Survivor regions: 11->8(8)
[2024-08-27T14:57:26.012+0000][info][gc,heap        ] GC(361) Old regions: 739->796
[2024-08-27T14:57:26.012+0000][info][gc,heap        ] GC(361) Archive regions: 2->2
[2024-08-27T14:57:26.012+0000][info][gc,heap        ] GC(361) Humongous regions: 5->5
[2024-08-27T14:57:26.012+0000][info][gc,metaspace   ] GC(361) Metaspace: 100K(320K)->100K(320K) NonClass: 96K(192K)->96K(192K) Class: 4K(128K)->4K(128K)
[2024-08-27T14:57:26.012+0000][info][gc             ] GC(361) Pause Young (Normal) (G1 Evacuation Pause) 793M->797M(1024M) 12.248ms
[2024-08-27T14:57:26.012+0000][info][gc,cpu         ] GC(361) User=0.27s Sys=0.00s Real=0.01s
[2024-08-27T14:57:26.033+0000][info][gc,start       ] GC(362) Pause Young (Normal) (G1 Evacuation Pause)
[2024-08-27T14:57:26.033+0000][info][gc,task        ] GC(362) Using 24 workers of 68 for evacuation
[2024-08-27T14:57:26.050+0000][info][gc,phases      ] GC(362)   Pre Evacuate Collection Set: 0.2ms
[2024-08-27T14:57:26.050+0000][info][gc,phases      ] GC(362)   Merge Heap Roots: 0.4ms
[2024-08-27T14:57:26.050+0000][info][gc,phases      ] GC(362)   Evacuate Collection Set: 15.1ms
[2024-08-27T14:57:26.050+0000][info][gc,phases      ] GC(362)   Post Evacuate Collection Set: 0.6ms
[2024-08-27T14:57:26.050+0000][info][gc,phases      ] GC(362)   Other: 0.3ms
[2024-08-27T14:57:26.050+0000][info][gc,heap        ] GC(362) Eden regions: 43->0(44)
[2024-08-27T14:57:26.050+0000][info][gc,heap        ] GC(362) Survivor regions: 8->7(7)
[2024-08-27T14:57:26.050+0000][info][gc,heap        ] GC(362) Old regions: 796->844
[2024-08-27T14:57:26.050+0000][info][gc,heap        ] GC(362) Archive regions: 2->2
[2024-08-27T14:57:26.050+0000][info][gc,heap        ] GC(362) Humongous regions: 5->5
[2024-08-27T14:57:26.050+0000][info][gc,metaspace   ] GC(362) Metaspace: 100K(320K)->100K(320K) NonClass: 96K(192K)->96K(192K) Class: 4K(128K)->4K(128K)
[2024-08-27T14:57:26.050+0000][info][gc             ] GC(362) Pause Young (Normal) (G1 Evacuation Pause) 840M->844M(1024M) 16.805ms
[2024-08-27T14:57:26.050+0000][info][gc,cpu         ] GC(362) User=0.33s Sys=0.04s Real=0.02s
[2024-08-27T14:57:26.072+0000][info][gc,start       ] GC(363) Pause Young (Normal) (G1 Evacuation Pause)
[2024-08-27T14:57:26.072+0000][info][gc,task        ] GC(363) Using 24 workers of 68 for evacuation
[2024-08-27T14:57:26.087+0000][info][gc,phases      ] GC(363)   Pre Evacuate Collection Set: 0.2ms
[2024-08-27T14:57:26.087+0000][info][gc,phases      ] GC(363)   Merge Heap Roots: 0.4ms
[2024-08-27T14:57:26.087+0000][info][gc,phases      ] GC(363)   Evacuate Collection Set: 13.8ms
[2024-08-27T14:57:26.087+0000][info][gc,phases      ] GC(363)   Post Evacuate Collection Set: 0.7ms
[2024-08-27T14:57:26.087+0000][info][gc,phases      ] GC(363)   Other: 0.3ms
[2024-08-27T14:57:26.087+0000][info][gc,heap        ] GC(363) Eden regions: 44->0(44)
[2024-08-27T14:57:26.087+0000][info][gc,heap        ] GC(363) Survivor regions: 7->7(7)
[2024-08-27T14:57:26.087+0000][info][gc,heap        ] GC(363) Old regions: 844->892
[2024-08-27T14:57:26.088+0000][info][gc,heap        ] GC(363) Archive regions: 2->2
[2024-08-27T14:57:26.088+0000][info][gc,heap        ] GC(363) Humongous regions: 5->5
[2024-08-27T14:57:26.088+0000][info][gc,metaspace   ] GC(363) Metaspace: 100K(320K)->100K(320K) NonClass: 96K(192K)->96K(192K) Class: 4K(128K)->4K(128K)
[2024-08-27T14:57:26.088+0000][info][gc             ] GC(363) Pause Young (Normal) (G1 Evacuation Pause) 888M->892M(1024M) 15.640ms
[2024-08-27T14:57:26.088+0000][info][gc,cpu         ] GC(363) User=0.35s Sys=0.00s Real=0.01s
[2024-08-27T14:57:26.104+0000][info][gc,marking     ] GC(360) Concurrent Rebuild Remembered Sets 112.467ms
[2024-08-27T14:57:26.105+0000][info][gc,start       ] GC(360) Pause Cleanup
[2024-08-27T14:57:26.107+0000][info][gc             ] GC(360) Pause Cleanup 927M->927M(1024M) 2.058ms
[2024-08-27T14:57:26.107+0000][info][gc,cpu         ] GC(360) User=0.01s Sys=0.00s Real=0.00s
[2024-08-27T14:57:26.107+0000][info][gc,marking     ] GC(360) Concurrent Cleanup for Next Mark
[2024-08-27T14:57:26.107+0000][info][gc,marking     ] GC(360) Concurrent Cleanup for Next Mark 0.604ms
[2024-08-27T14:57:26.107+0000][info][gc             ] GC(360) Concurrent Mark Cycle 140.761ms
[2024-08-27T14:57:26.112+0000][info][gc,start       ] GC(364) Pause Young (Prepare Mixed) (G1 Evacuation Pause)
[2024-08-27T14:57:26.112+0000][info][gc,task        ] GC(364) Using 24 workers of 68 for evacuation
[2024-08-27T14:57:26.129+0000][info][gc,phases      ] GC(364)   Pre Evacuate Collection Set: 0.2ms
[2024-08-27T14:57:26.129+0000][info][gc,phases      ] GC(364)   Merge Heap Roots: 0.7ms
[2024-08-27T14:57:26.129+0000][info][gc,phases      ] GC(364)   Evacuate Collection Set: 15.1ms
[2024-08-27T14:57:26.129+0000][info][gc,phases      ] GC(364)   Post Evacuate Collection Set: 0.4ms
[2024-08-27T14:57:26.129+0000][info][gc,phases      ] GC(364)   Other: 0.3ms
[2024-08-27T14:57:26.129+0000][info][gc,heap        ] GC(364) Eden regions: 44->0(44)
[2024-08-27T14:57:26.129+0000][info][gc,heap        ] GC(364) Survivor regions: 7->7(7)
[2024-08-27T14:57:26.129+0000][info][gc,heap        ] GC(364) Old regions: 892->939
[2024-08-27T14:57:26.129+0000][info][gc,heap        ] GC(364) Archive regions: 2->2
[2024-08-27T14:57:26.129+0000][info][gc,heap        ] GC(364) Humongous regions: 5->5
[2024-08-27T14:57:26.129+0000][info][gc,metaspace   ] GC(364) Metaspace: 100K(320K)->100K(320K) NonClass: 96K(192K)->96K(192K) Class: 4K(128K)->4K(128K)
[2024-08-27T14:57:26.129+0000][info][gc             ] GC(364) Pause Young (Prepare Mixed) (G1 Evacuation Pause) 936M->938M(1024M) 16.747ms
[2024-08-27T14:57:26.129+0000][info][gc,cpu         ] GC(364) User=0.38s Sys=0.00s Real=0.01s
[2024-08-27T14:57:26.144+0000][info][gc,start       ] GC(365) Pause Young (Mixed) (G1 Preventive Collection)
[2024-08-27T14:57:26.144+0000][info][gc,task        ] GC(365) Using 24 workers of 68 for evacuation
[2024-08-27T14:57:26.153+0000][info][gc,phases      ] GC(365)   Pre Evacuate Collection Set: 0.2ms
[2024-08-27T14:57:26.153+0000][info][gc,phases      ] GC(365)   Merge Heap Roots: 0.3ms
[2024-08-27T14:57:26.153+0000][info][gc,phases      ] GC(365)   Evacuate Collection Set: 7.9ms
[2024-08-27T14:57:26.153+0000][info][gc,phases      ] GC(365)   Post Evacuate Collection Set: 0.4ms
[2024-08-27T14:57:26.153+0000][info][gc,phases      ] GC(365)   Other: 0.3ms
[2024-08-27T14:57:26.153+0000][info][gc,heap        ] GC(365) Eden regions: 30->0(44)
[2024-08-27T14:57:26.153+0000][info][gc,heap        ] GC(365) Survivor regions: 7->7(7)
[2024-08-27T14:57:26.153+0000][info][gc,heap        ] GC(365) Old regions: 939->870
[2024-08-27T14:57:26.153+0000][info][gc,heap        ] GC(365) Archive regions: 2->2
[2024-08-27T14:57:26.153+0000][info][gc,heap        ] GC(365) Humongous regions: 5->5
[2024-08-27T14:57:26.153+0000][info][gc,metaspace   ] GC(365) Metaspace: 100K(320K)->100K(320K) NonClass: 96K(192K)->96K(192K) Class: 4K(128K)->4K(128K)
[2024-08-27T14:57:26.153+0000][info][gc             ] GC(365) Pause Young (Mixed) (G1 Preventive Collection) 968M->880M(1024M) 9.358ms
[2024-08-27T14:57:26.153+0000][info][gc,cpu         ] GC(365) User=0.20s Sys=0.00s Real=0.01s
[2024-08-27T14:57:26.174+0000][info][gc,start       ] GC(366) Pause Young (Mixed) (G1 Evacuation Pause)
[2024-08-27T14:57:26.174+0000][info][gc,task        ] GC(366) Using 24 workers of 68 for evacuation
[2024-08-27T14:57:26.187+0000][info][gc,phases      ] GC(366)   Pre Evacuate Collection Set: 0.3ms
[2024-08-27T14:57:26.188+0000][info][gc,phases      ] GC(366)   Merge Heap Roots: 0.4ms
[2024-08-27T14:57:26.188+0000][info][gc,phases      ] GC(366)   Evacuate Collection Set: 11.8ms
[2024-08-27T14:57:26.188+0000][info][gc,phases      ] GC(366)   Post Evacuate Collection Set: 0.9ms
[2024-08-27T14:57:26.188+0000][info][gc,phases      ] GC(366)   Other: 0.4ms
[2024-08-27T14:57:26.188+0000][info][gc,heap        ] GC(366) Eden regions: 44->0(44)
[2024-08-27T14:57:26.188+0000][info][gc,heap        ] GC(366) Survivor regions: 7->7(7)
[2024-08-27T14:57:26.188+0000][info][gc,heap        ] GC(366) Old regions: 870->812
[2024-08-27T14:57:26.188+0000][info][gc,heap        ] GC(366) Archive regions: 2->2
[2024-08-27T14:57:26.188+0000][info][gc,heap        ] GC(366) Humongous regions: 5->5
[2024-08-27T14:57:26.188+0000][info][gc,metaspace   ] GC(366) Metaspace: 100K(320K)->100K(320K) NonClass: 96K(192K)->96K(192K) Class: 4K(128K)->4K(128K)
[2024-08-27T14:57:26.188+0000][info][gc             ] GC(366) Pause Young (Mixed) (G1 Evacuation Pause) 924M->823M(1024M) 13.893ms
[2024-08-27T14:57:26.188+0000][info][gc,cpu         ] GC(366) User=0.26s Sys=0.01s Real=0.01s
[2024-08-27T14:57:26.208+0000][info][gc,start       ] GC(367) Pause Young (Mixed) (G1 Evacuation Pause)
[2024-08-27T14:57:26.208+0000][info][gc,task        ] GC(367) Using 24 workers of 68 for evacuation
[2024-08-27T14:57:26.219+0000][info][gc,phases      ] GC(367)   Pre Evacuate Collection Set: 0.3ms
[2024-08-27T14:57:26.219+0000][info][gc,phases      ] GC(367)   Merge Heap Roots: 0.3ms
[2024-08-27T14:57:26.219+0000][info][gc,phases      ] GC(367)   Evacuate Collection Set: 9.3ms
[2024-08-27T14:57:26.219+0000][info][gc,phases      ] GC(367)   Post Evacuate Collection Set: 0.4ms
[2024-08-27T14:57:26.219+0000][info][gc,phases      ] GC(367)   Other: 0.4ms
[2024-08-27T14:57:26.219+0000][info][gc,heap        ] GC(367) Eden regions: 44->0(44)
[2024-08-27T14:57:26.219+0000][info][gc,heap        ] GC(367) Survivor regions: 7->7(7)
[2024-08-27T14:57:26.219+0000][info][gc,heap        ] GC(367) Old regions: 812->838
[2024-08-27T14:57:26.219+0000][info][gc,heap        ] GC(367) Archive regions: 2->2
[2024-08-27T14:57:26.219+0000][info][gc,heap        ] GC(367) Humongous regions: 5->5
[2024-08-27T14:57:26.219+0000][info][gc,metaspace   ] GC(367) Metaspace: 100K(320K)->100K(320K) NonClass: 96K(192K)->96K(192K) Class: 4K(128K)->4K(128K)
[2024-08-27T14:57:26.219+0000][info][gc             ] GC(367) Pause Young (Mixed) (G1 Evacuation Pause) 867M->849M(1024M) 10.920ms
[2024-08-27T14:57:26.219+0000][info][gc,cpu         ] GC(367) User=0.22s Sys=0.00s Real=0.02s
[2024-08-27T14:57:26.238+0000][info][gc,start       ] GC(368) Pause Young (Concurrent Start) (G1 Evacuation Pause)
[2024-08-27T14:57:26.238+0000][info][gc,task        ] GC(368) Using 24 workers of 68 for evacuation
[2024-08-27T14:57:26.250+0000][info][gc,phases      ] GC(368)   Pre Evacuate Collection Set: 0.2ms
[2024-08-27T14:57:26.250+0000][info][gc,phases      ] GC(368)   Merge Heap Roots: 0.3ms
[2024-08-27T14:57:26.250+0000][info][gc,phases      ] GC(368)   Evacuate Collection Set: 9.8ms
[2024-08-27T14:57:26.250+0000][info][gc,phases      ] GC(368)   Post Evacuate Collection Set: 0.4ms
[2024-08-27T14:57:26.250+0000][info][gc,phases      ] GC(368)   Other: 1.0ms
[2024-08-27T14:57:26.250+0000][info][gc,heap        ] GC(368) Eden regions: 44->0(44)
[2024-08-27T14:57:26.250+0000][info][gc,heap        ] GC(368) Survivor regions: 7->7(7)
[2024-08-27T14:57:26.250+0000][info][gc,heap        ] GC(368) Old regions: 838->885
[2024-08-27T14:57:26.250+0000][info][gc,heap        ] GC(368) Archive regions: 2->2
[2024-08-27T14:57:26.250+0000][info][gc,heap        ] GC(368) Humongous regions: 5->5
[2024-08-27T14:57:26.250+0000][info][gc,metaspace   ] GC(368) Metaspace: 100K(320K)->100K(320K) NonClass: 96K(192K)->96K(192K) Class: 4K(128K)->4K(128K)
[2024-08-27T14:57:26.250+0000][info][gc             ] GC(368) Pause Young (Concurrent Start) (G1 Evacuation Pause) 893M->896M(1024M) 11.796ms
[2024-08-27T14:57:26.250+0000][info][gc,cpu         ] GC(368) User=0.22s Sys=0.01s Real=0.01s
[2024-08-27T14:57:26.250+0000][info][gc             ] GC(369) Concurrent Mark Cycle
[2024-08-27T14:57:26.250+0000][info][gc,marking     ] GC(369) Concurrent Clear Claimed Marks
[2024-08-27T14:57:26.250+0000][info][gc,marking     ] GC(369) Concurrent Clear Claimed Marks 0.011ms
[2024-08-27T14:57:26.250+0000][info][gc,marking     ] GC(369) Concurrent Scan Root Regions
[2024-08-27T14:57:26.252+0000][info][gc,marking     ] GC(369) Concurrent Scan Root Regions 1.714ms
[2024-08-27T14:57:26.252+0000][info][gc,marking     ] GC(369) Concurrent Mark
[2024-08-27T14:57:26.252+0000][info][gc,marking     ] GC(369) Concurrent Mark From Roots
[2024-08-27T14:57:26.252+0000][info][gc,task        ] GC(369) Using 17 workers of 17 for marking
[2024-08-27T14:57:26.274+0000][info][gc,marking     ] GC(369) Concurrent Mark From Roots 22.555ms
[2024-08-27T14:57:26.275+0000][info][gc,marking     ] GC(369) Concurrent Preclean
[2024-08-27T14:57:26.275+0000][info][gc,marking     ] GC(369) Concurrent Preclean 0.537ms
[2024-08-27T14:57:26.275+0000][info][gc,start       ] GC(369) Pause Remark
[2024-08-27T14:57:26.277+0000][info][gc             ] GC(369) Pause Remark 934M->934M(1024M) 1.992ms
[2024-08-27T14:57:26.277+0000][info][gc,cpu         ] GC(369) User=0.01s Sys=0.00s Real=0.00s
[2024-08-27T14:57:26.278+0000][info][gc,marking     ] GC(369) Concurrent Mark 25.591ms
[2024-08-27T14:57:26.278+0000][info][gc,marking     ] GC(369) Concurrent Rebuild Remembered Sets
[2024-08-27T14:57:26.281+0000][info][gc,start       ] GC(370) Pause Young (Normal) (G1 Evacuation Pause)
[2024-08-27T14:57:26.281+0000][info][gc,task        ] GC(370) Using 24 workers of 68 for evacuation
[2024-08-27T14:57:26.291+0000][info][gc,phases      ] GC(370)   Pre Evacuate Collection Set: 0.2ms
[2024-08-27T14:57:26.292+0000][info][gc,phases      ] GC(370)   Merge Heap Roots: 0.2ms
[2024-08-27T14:57:26.292+0000][info][gc,phases      ] GC(370)   Evacuate Collection Set: 9.0ms
[2024-08-27T14:57:26.292+0000][info][gc,phases      ] GC(370)   Post Evacuate Collection Set: 0.5ms
[2024-08-27T14:57:26.292+0000][info][gc,phases      ] GC(370)   Other: 0.3ms
[2024-08-27T14:57:26.292+0000][info][gc,heap        ] GC(370) Eden regions: 44->0(44)
[2024-08-27T14:57:26.292+0000][info][gc,heap        ] GC(370) Survivor regions: 7->7(7)
[2024-08-27T14:57:26.292+0000][info][gc,heap        ] GC(370) Old regions: 885->931
[2024-08-27T14:57:26.292+0000][info][gc,heap        ] GC(370) Archive regions: 2->2
[2024-08-27T14:57:26.292+0000][info][gc,heap        ] GC(370) Humongous regions: 5->5
[2024-08-27T14:57:26.292+0000][info][gc,metaspace   ] GC(370) Metaspace: 100K(320K)->100K(320K) NonClass: 96K(192K)->96K(192K) Class: 4K(128K)->4K(128K)
[2024-08-27T14:57:26.292+0000][info][gc             ] GC(370) Pause Young (Normal) (G1 Evacuation Pause) 940M->942M(1024M) 10.317ms
[2024-08-27T14:57:26.292+0000][info][gc,cpu         ] GC(370) User=0.22s Sys=0.00s Real=0.01s
[2024-08-27T14:57:26.309+0000][info][gc,start       ] GC(371) Pause Young (Normal) (G1 Preventive Collection)
[2024-08-27T14:57:26.309+0000][info][gc,task        ] GC(371) Using 24 workers of 68 for evacuation
[2024-08-27T14:57:26.321+0000][info][gc,phases      ] GC(371)   Pre Evacuate Collection Set: 0.2ms
[2024-08-27T14:57:26.321+0000][info][gc,phases      ] GC(371)   Merge Heap Roots: 0.4ms
[2024-08-27T14:57:26.321+0000][info][gc,phases      ] GC(371)   Evacuate Collection Set: 11.1ms
[2024-08-27T14:57:26.321+0000][info][gc,phases      ] GC(371)   Post Evacuate Collection Set: 0.5ms
[2024-08-27T14:57:26.321+0000][info][gc,phases      ] GC(371)   Other: 0.3ms
[2024-08-27T14:57:26.321+0000][info][gc,heap        ] GC(371) Eden regions: 34->0(44)
[2024-08-27T14:57:26.321+0000][info][gc,heap        ] GC(371) Survivor regions: 7->7(7)
[2024-08-27T14:57:26.321+0000][info][gc,heap        ] GC(371) Old regions: 931->967
[2024-08-27T14:57:26.321+0000][info][gc,heap        ] GC(371) Archive regions: 2->2
[2024-08-27T14:57:26.321+0000][info][gc,heap        ] GC(371) Humongous regions: 5->5
[2024-08-27T14:57:26.321+0000][info][gc,metaspace   ] GC(371) Metaspace: 100K(320K)->100K(320K) NonClass: 96K(192K)->96K(192K) Class: 4K(128K)->4K(128K)
[2024-08-27T14:57:26.321+0000][info][gc             ] GC(371) Pause Young (Normal) (G1 Preventive Collection) 976M->979M(1024M) 12.622ms
[2024-08-27T14:57:26.321+0000][info][gc,cpu         ] GC(371) User=0.28s Sys=0.00s Real=0.02s
[2024-08-27T14:57:26.330+0000][info][gc,start       ] GC(372) Pause Young (Normal) (G1 Preventive Collection)
[2024-08-27T14:57:26.330+0000][info][gc,task        ] GC(372) Using 24 workers of 68 for evacuation
[2024-08-27T14:57:26.341+0000][info][gc             ] GC(372) To-space exhausted
[2024-08-27T14:57:26.341+0000][info][gc,phases      ] GC(372)   Pre Evacuate Collection Set: 0.2ms
[2024-08-27T14:57:26.341+0000][info][gc,phases      ] GC(372)   Merge Heap Roots: 0.3ms
[2024-08-27T14:57:26.341+0000][info][gc,phases      ] GC(372)   Evacuate Collection Set: 9.1ms
[2024-08-27T14:57:26.341+0000][info][gc,phases      ] GC(372)   Post Evacuate Collection Set: 0.9ms
[2024-08-27T14:57:26.341+0000][info][gc,phases      ] GC(372)   Other: 0.3ms
[2024-08-27T14:57:26.341+0000][info][gc,heap        ] GC(372) Eden regions: 17->0(44)
[2024-08-27T14:57:26.341+0000][info][gc,heap        ] GC(372) Survivor regions: 7->7(7)
[2024-08-27T14:57:26.341+0000][info][gc,heap        ] GC(372) Old regions: 967->1004
[2024-08-27T14:57:26.341+0000][info][gc,heap        ] GC(372) Archive regions: 2->2
[2024-08-27T14:57:26.341+0000][info][gc,heap        ] GC(372) Humongous regions: 5->5
[2024-08-27T14:57:26.341+0000][info][gc,metaspace   ] GC(372) Metaspace: 100K(320K)->100K(320K) NonClass: 96K(192K)->96K(192K) Class: 4K(128K)->4K(128K)
[2024-08-27T14:57:26.341+0000][info][gc             ] GC(372) Pause Young (Normal) (G1 Preventive Collection) 996M->1016M(1024M) 10.899ms
[2024-08-27T14:57:26.341+0000][info][gc,cpu         ] GC(372) User=0.23s Sys=0.00s Real=0.01s
[2024-08-27T14:57:26.342+0000][info][gc,start       ] GC(373) Pause Young (Normal) (G1 Preventive Collection)
[2024-08-27T14:57:26.342+0000][info][gc,task        ] GC(373) Using 24 workers of 68 for evacuation
[2024-08-27T14:57:26.349+0000][info][gc             ] GC(373) To-space exhausted
[2024-08-27T14:57:26.350+0000][info][gc,phases      ] GC(373)   Pre Evacuate Collection Set: 0.2ms
[2024-08-27T14:57:26.350+0000][info][gc,phases      ] GC(373)   Merge Heap Roots: 0.6ms
[2024-08-27T14:57:26.350+0000][info][gc,phases      ] GC(373)   Evacuate Collection Set: 5.9ms
[2024-08-27T14:57:26.350+0000][info][gc,phases      ] GC(373)   Post Evacuate Collection Set: 0.8ms
[2024-08-27T14:57:26.350+0000][info][gc,phases      ] GC(373)   Other: 0.3ms
[2024-08-27T14:57:26.350+0000][info][gc,heap        ] GC(373) Eden regions: 1->0(50)
[2024-08-27T14:57:26.350+0000][info][gc,heap        ] GC(373) Survivor regions: 7->1(5)
[2024-08-27T14:57:26.350+0000][info][gc,heap        ] GC(373) Old regions: 1004->1016
[2024-08-27T14:57:26.350+0000][info][gc,heap        ] GC(373) Archive regions: 2->2
[2024-08-27T14:57:26.350+0000][info][gc,heap        ] GC(373) Humongous regions: 5->5
[2024-08-27T14:57:26.350+0000][info][gc,metaspace   ] GC(373) Metaspace: 100K(320K)->100K(320K) NonClass: 96K(192K)->96K(192K) Class: 4K(128K)->4K(128K)
[2024-08-27T14:57:26.350+0000][info][gc             ] GC(373) Pause Young (Normal) (G1 Preventive Collection) 1017M->1022M(1024M) 7.819ms
[2024-08-27T14:57:26.350+0000][info][gc,cpu         ] GC(373) User=0.16s Sys=0.00s Real=0.01s
[2024-08-27T14:57:26.350+0000][info][gc,ergo        ] Attempting full compaction
[2024-08-27T14:57:26.350+0000][info][gc,task        ] GC(374) Using 24 workers of 68 for full compaction
[2024-08-27T14:57:26.351+0000][info][gc,start       ] GC(374) Pause Full (G1 Compaction Pause)
[2024-08-27T14:57:26.352+0000][info][gc,phases,start] GC(374) Phase 1: Mark live objects
[2024-08-27T14:57:26.366+0000][info][gc,phases      ] GC(374) Phase 1: Mark live objects 14.320ms
[2024-08-27T14:57:26.366+0000][info][gc,phases,start] GC(374) Phase 2: Prepare for compaction
[2024-08-27T14:57:26.373+0000][info][gc,phases      ] GC(374) Phase 2: Prepare for compaction 7.361ms
[2024-08-27T14:57:26.374+0000][info][gc,phases,start] GC(374) Phase 3: Adjust pointers
[2024-08-27T14:57:26.388+0000][info][gc,phases      ] GC(374) Phase 3: Adjust pointers 14.511ms
[2024-08-27T14:57:26.388+0000][info][gc,phases,start] GC(374) Phase 4: Compact heap
[2024-08-27T14:57:26.414+0000][info][gc,phases      ] GC(374) Phase 4: Compact heap 25.616ms
[2024-08-27T14:57:26.415+0000][info][gc,heap        ] GC(374) Eden regions: 0->0(149)
[2024-08-27T14:57:26.415+0000][info][gc,heap        ] GC(374) Survivor regions: 1->0(5)
[2024-08-27T14:57:26.415+0000][info][gc,heap        ] GC(374) Old regions: 1016->444
[2024-08-27T14:57:26.415+0000][info][gc,heap        ] GC(374) Archive regions: 2->2
[2024-08-27T14:57:26.416+0000][info][gc,heap        ] GC(374) Humongous regions: 5->5
[2024-08-27T14:57:26.416+0000][info][gc,metaspace   ] GC(374) Metaspace: 100K(320K)->100K(320K) NonClass: 96K(192K)->96K(192K) Class: 4K(128K)->4K(128K)
[2024-08-27T14:57:26.416+0000][info][gc             ] GC(374) Pause Full (G1 Compaction Pause) 1022M->438M(1024M) 64.912ms
[2024-08-27T14:57:26.416+0000][info][gc,cpu         ] GC(374) User=1.35s Sys=0.01s Real=0.06s
[2024-08-27T14:57:26.416+0000][info][gc,marking     ] GC(369) Concurrent Rebuild Remembered Sets 138.484ms
[2024-08-27T14:57:26.416+0000][info][gc,marking     ] GC(369) Concurrent Mark Abort
[2024-08-27T14:57:26.416+0000][info][gc             ] GC(369) Concurrent Mark Cycle 165.949ms
[2024-08-27T14:57:26.489+0000][info][gc,start       ] GC(375) Pause Young (Normal) (G1 Evacuation Pause)
[2024-08-27T14:57:26.489+0000][info][gc,task        ] GC(375) Using 24 workers of 68 for evacuation
[2024-08-27T14:57:26.511+0000][info][gc,phases      ] GC(375)   Pre Evacuate Collection Set: 0.2ms
[2024-08-27T14:57:26.511+0000][info][gc,phases      ] GC(375)   Merge Heap Roots: 0.3ms
[2024-08-27T14:57:26.511+0000][info][gc,phases      ] GC(375)   Evacuate Collection Set: 20.5ms
[2024-08-27T14:57:26.511+0000][info][gc,phases      ] GC(375)   Post Evacuate Collection Set: 0.6ms
[2024-08-27T14:57:26.511+0000][info][gc,phases      ] GC(375)   Other: 0.4ms
[2024-08-27T14:57:26.511+0000][info][gc,heap        ] GC(375) Eden regions: 149->0(103)
[2024-08-27T14:57:26.511+0000][info][gc,heap        ] GC(375) Survivor regions: 0->19(19)
[2024-08-27T14:57:26.511+0000][info][gc,heap        ] GC(375) Old regions: 444->569
[2024-08-27T14:57:26.511+0000][info][gc,heap        ] GC(375) Archive regions: 2->2
[2024-08-27T14:57:26.511+0000][info][gc,heap        ] GC(375) Humongous regions: 5->5
[2024-08-27T14:57:26.511+0000][info][gc,metaspace   ] GC(375) Metaspace: 100K(320K)->100K(320K) NonClass: 96K(192K)->96K(192K) Class: 4K(128K)->4K(128K)
[2024-08-27T14:57:26.511+0000][info][gc             ] GC(375) Pause Young (Normal) (G1 Evacuation Pause) 587M->582M(1024M) 22.202ms
[2024-08-27T14:57:26.511+0000][info][gc,cpu         ] GC(375) User=0.50s Sys=0.00s Real=0.03s
[2024-08-27T14:57:26.559+0000][info][gc,start       ] GC(376) Pause Young (Concurrent Start) (G1 Evacuation Pause)
[2024-08-27T14:57:26.559+0000][info][gc,task        ] GC(376) Using 24 workers of 68 for evacuation
[2024-08-27T14:57:26.580+0000][info][gc,phases      ] GC(376)   Pre Evacuate Collection Set: 0.3ms
[2024-08-27T14:57:26.580+0000][info][gc,phases      ] GC(376)   Merge Heap Roots: 0.5ms
[2024-08-27T14:57:26.580+0000][info][gc,phases      ] GC(376)   Evacuate Collection Set: 17.9ms
[2024-08-27T14:57:26.580+0000][info][gc,phases      ] GC(376)   Post Evacuate Collection Set: 0.4ms
[2024-08-27T14:57:26.580+0000][info][gc,phases      ] GC(376)   Other: 2.0ms
[2024-08-27T14:57:26.580+0000][info][gc,heap        ] GC(376) Eden regions: 103->0(70)
[2024-08-27T14:57:26.580+0000][info][gc,heap        ] GC(376) Survivor regions: 19->16(16)
[2024-08-27T14:57:26.580+0000][info][gc,heap        ] GC(376) Old regions: 569->677
[2024-08-27T14:57:26.580+0000][info][gc,heap        ] GC(376) Archive regions: 2->2
[2024-08-27T14:57:26.580+0000][info][gc,heap        ] GC(376) Humongous regions: 5->5
[2024-08-27T14:57:26.580+0000][info][gc,metaspace   ] GC(376) Metaspace: 100K(320K)->100K(320K) NonClass: 96K(192K)->96K(192K) Class: 4K(128K)->4K(128K)
[2024-08-27T14:57:26.580+0000][info][gc             ] GC(376) Pause Young (Concurrent Start) (G1 Evacuation Pause) 685M->686M(1024M) 21.190ms
[2024-08-27T14:57:26.580+0000][info][gc,cpu         ] GC(376) User=0.44s Sys=0.00s Real=0.02s
[2024-08-27T14:57:26.580+0000][info][gc             ] GC(377) Concurrent Mark Cycle
[2024-08-27T14:57:26.580+0000][info][gc,marking     ] GC(377) Concurrent Clear Claimed Marks
[2024-08-27T14:57:26.580+0000][info][gc,marking     ] GC(377) Concurrent Clear Claimed Marks 0.010ms
[2024-08-27T14:57:26.580+0000][info][gc,marking     ] GC(377) Concurrent Scan Root Regions
[2024-08-27T14:57:26.583+0000][info][gc,marking     ] GC(377) Concurrent Scan Root Regions 3.233ms
[2024-08-27T14:57:26.583+0000][info][gc,marking     ] GC(377) Concurrent Mark
[2024-08-27T14:57:26.583+0000][info][gc,marking     ] GC(377) Concurrent Mark From Roots
[2024-08-27T14:57:26.583+0000][info][gc,task        ] GC(377) Using 17 workers of 17 for marking
[2024-08-27T14:57:26.602+0000][info][gc,marking     ] GC(377) Concurrent Mark From Roots 18.627ms
[2024-08-27T14:57:26.602+0000][info][gc,marking     ] GC(377) Concurrent Preclean
[2024-08-27T14:57:26.604+0000][info][gc,marking     ] GC(377) Concurrent Preclean 1.871ms
[2024-08-27T14:57:26.604+0000][info][gc,start       ] GC(377) Pause Remark
[2024-08-27T14:57:26.606+0000][info][gc             ] GC(377) Pause Remark 722M->722M(1024M) 1.712ms
[2024-08-27T14:57:26.606+0000][info][gc,cpu         ] GC(377) User=0.01s Sys=0.00s Real=0.00s
[2024-08-27T14:57:26.606+0000][info][gc,marking     ] GC(377) Concurrent Mark 22.759ms
[2024-08-27T14:57:26.606+0000][info][gc,marking     ] GC(377) Concurrent Rebuild Remembered Sets
[2024-08-27T14:57:26.622+0000][info][gc,start       ] GC(378) Pause Young (Normal) (G1 Evacuation Pause)
[2024-08-27T14:57:26.622+0000][info][gc,task        ] GC(378) Using 24 workers of 68 for evacuation
[2024-08-27T14:57:26.638+0000][info][gc,phases      ] GC(378)   Pre Evacuate Collection Set: 0.2ms
[2024-08-27T14:57:26.638+0000][info][gc,phases      ] GC(378)   Merge Heap Roots: 0.3ms
[2024-08-27T14:57:26.638+0000][info][gc,phases      ] GC(378)   Evacuate Collection Set: 14.4ms
[2024-08-27T14:57:26.638+0000][info][gc,phases      ] GC(378)   Post Evacuate Collection Set: 0.6ms
[2024-08-27T14:57:26.638+0000][info][gc,phases      ] GC(378)   Other: 0.3ms
[2024-08-27T14:57:26.638+0000][info][gc,heap        ] GC(378) Eden regions: 70->0(46)
[2024-08-27T14:57:26.638+0000][info][gc,heap        ] GC(378) Survivor regions: 16->11(11)
[2024-08-27T14:57:26.638+0000][info][gc,heap        ] GC(378) Old regions: 677->755
[2024-08-27T14:57:26.638+0000][info][gc,heap        ] GC(378) Archive regions: 2->2
[2024-08-27T14:57:26.638+0000][info][gc,heap        ] GC(378) Humongous regions: 5->5
[2024-08-27T14:57:26.638+0000][info][gc,metaspace   ] GC(378) Metaspace: 100K(320K)->100K(320K) NonClass: 96K(192K)->96K(192K) Class: 4K(128K)->4K(128K)
[2024-08-27T14:57:26.638+0000][info][gc             ] GC(378) Pause Young (Normal) (G1 Evacuation Pause) 756M->759M(1024M) 15.932ms
[2024-08-27T14:57:26.638+0000][info][gc,cpu         ] GC(378) User=0.35s Sys=0.00s Real=0.02s
[2024-08-27T14:57:26.661+0000][info][gc,start       ] GC(379) Pause Young (Normal) (G1 Evacuation Pause)
[2024-08-27T14:57:26.661+0000][info][gc,task        ] GC(379) Using 24 workers of 68 for evacuation
[2024-08-27T14:57:26.680+0000][info][gc,phases      ] GC(379)   Pre Evacuate Collection Set: 0.2ms
[2024-08-27T14:57:26.680+0000][info][gc,phases      ] GC(379)   Merge Heap Roots: 0.5ms
[2024-08-27T14:57:26.680+0000][info][gc,phases      ] GC(379)   Evacuate Collection Set: 17.5ms
[2024-08-27T14:57:26.680+0000][info][gc,phases      ] GC(379)   Post Evacuate Collection Set: 0.7ms
[2024-08-27T14:57:26.680+0000][info][gc,phases      ] GC(379)   Other: 0.3ms
[2024-08-27T14:57:26.680+0000][info][gc,heap        ] GC(379) Eden regions: 46->0(43)
[2024-08-27T14:57:26.680+0000][info][gc,heap        ] GC(379) Survivor regions: 11->8(8)
[2024-08-27T14:57:26.680+0000][info][gc,heap        ] GC(379) Old regions: 755->808
[2024-08-27T14:57:26.680+0000][info][gc,heap        ] GC(379) Archive regions: 2->2
[2024-08-27T14:57:26.680+0000][info][gc,heap        ] GC(379) Humongous regions: 5->5
[2024-08-27T14:57:26.680+0000][info][gc,metaspace   ] GC(379) Metaspace: 100K(320K)->100K(320K) NonClass: 96K(192K)->96K(192K) Class: 4K(128K)->4K(128K)
[2024-08-27T14:57:26.680+0000][info][gc             ] GC(379) Pause Young (Normal) (G1 Evacuation Pause) 805M->809M(1024M) 19.343ms
[2024-08-27T14:57:26.680+0000][info][gc,cpu         ] GC(379) User=0.44s Sys=0.00s Real=0.02s
[2024-08-27T14:57:26.701+0000][info][gc,start       ] GC(380) Pause Young (Normal) (G1 Evacuation Pause)
[2024-08-27T14:57:26.701+0000][info][gc,task        ] GC(380) Using 24 workers of 68 for evacuation
[2024-08-27T14:57:26.719+0000][info][gc,phases      ] GC(380)   Pre Evacuate Collection Set: 0.2ms
[2024-08-27T14:57:26.719+0000][info][gc,phases      ] GC(380)   Merge Heap Roots: 0.4ms
[2024-08-27T14:57:26.719+0000][info][gc,phases      ] GC(380)   Evacuate Collection Set: 15.6ms
[2024-08-27T14:57:26.719+0000][info][gc,phases      ] GC(380)   Post Evacuate Collection Set: 0.8ms
[2024-08-27T14:57:26.719+0000][info][gc,phases      ] GC(380)   Other: 0.3ms
[2024-08-27T14:57:26.719+0000][info][gc,heap        ] GC(380) Eden regions: 43->0(44)
[2024-08-27T14:57:26.719+0000][info][gc,heap        ] GC(380) Survivor regions: 8->7(7)
[2024-08-27T14:57:26.719+0000][info][gc,heap        ] GC(380) Old regions: 808->855
[2024-08-27T14:57:26.719+0000][info][gc,heap        ] GC(380) Archive regions: 2->2
[2024-08-27T14:57:26.719+0000][info][gc,heap        ] GC(380) Humongous regions: 5->5
[2024-08-27T14:57:26.719+0000][info][gc,metaspace   ] GC(380) Metaspace: 100K(320K)->100K(320K) NonClass: 96K(192K)->96K(192K) Class: 4K(128K)->4K(128K)
[2024-08-27T14:57:26.719+0000][info][gc             ] GC(380) Pause Young (Normal) (G1 Evacuation Pause) 852M->855M(1024M) 17.440ms
[2024-08-27T14:57:26.719+0000][info][gc,cpu         ] GC(380) User=0.40s Sys=0.00s Real=0.02s
[2024-08-27T14:57:26.726+0000][info][gc,marking     ] GC(377) Concurrent Rebuild Remembered Sets 120.036ms
[2024-08-27T14:57:26.727+0000][info][gc,start       ] GC(377) Pause Cleanup
[2024-08-27T14:57:26.729+0000][info][gc             ] GC(377) Pause Cleanup 871M->871M(1024M) 1.993ms
[2024-08-27T14:57:26.729+0000][info][gc,cpu         ] GC(377) User=0.00s Sys=0.00s Real=0.00s
[2024-08-27T14:57:26.729+0000][info][gc,marking     ] GC(377) Concurrent Cleanup for Next Mark
[2024-08-27T14:57:26.729+0000][info][gc,marking     ] GC(377) Concurrent Cleanup for Next Mark 0.647ms
[2024-08-27T14:57:26.729+0000][info][gc             ] GC(377) Concurrent Mark Cycle 149.271ms
[2024-08-27T14:57:26.743+0000][info][gc,start       ] GC(381) Pause Young (Prepare Mixed) (G1 Evacuation Pause)
[2024-08-27T14:57:26.743+0000][info][gc,task        ] GC(381) Using 24 workers of 68 for evacuation
[2024-08-27T14:57:26.760+0000][info][gc,phases      ] GC(381)   Pre Evacuate Collection Set: 0.2ms
[2024-08-27T14:57:26.760+0000][info][gc,phases      ] GC(381)   Merge Heap Roots: 0.8ms
[2024-08-27T14:57:26.760+0000][info][gc,phases      ] GC(381)   Evacuate Collection Set: 15.0ms
[2024-08-27T14:57:26.760+0000][info][gc,phases      ] GC(381)   Post Evacuate Collection Set: 0.4ms
[2024-08-27T14:57:26.760+0000][info][gc,phases      ] GC(381)   Other: 0.3ms
[2024-08-27T14:57:26.760+0000][info][gc,heap        ] GC(381) Eden regions: 44->0(44)
[2024-08-27T14:57:26.760+0000][info][gc,heap        ] GC(381) Survivor regions: 7->7(7)
[2024-08-27T14:57:26.760+0000][info][gc,heap        ] GC(381) Old regions: 855->902
[2024-08-27T14:57:26.760+0000][info][gc,heap        ] GC(381) Archive regions: 2->2
[2024-08-27T14:57:26.760+0000][info][gc,heap        ] GC(381) Humongous regions: 5->5
[2024-08-27T14:57:26.760+0000][info][gc,metaspace   ] GC(381) Metaspace: 100K(320K)->100K(320K) NonClass: 96K(192K)->96K(192K) Class: 4K(128K)->4K(128K)
[2024-08-27T14:57:26.760+0000][info][gc             ] GC(381) Pause Young (Prepare Mixed) (G1 Evacuation Pause) 899M->902M(1024M) 16.745ms
[2024-08-27T14:57:26.760+0000][info][gc,cpu         ] GC(381) User=0.38s Sys=0.00s Real=0.02s
[2024-08-27T14:57:26.781+0000][info][gc,start       ] GC(382) Pause Young (Mixed) (G1 Evacuation Pause)
[2024-08-27T14:57:26.781+0000][info][gc,task        ] GC(382) Using 24 workers of 68 for evacuation
[2024-08-27T14:57:26.792+0000][info][gc,phases      ] GC(382)   Pre Evacuate Collection Set: 0.2ms
[2024-08-27T14:57:26.792+0000][info][gc,phases      ] GC(382)   Merge Heap Roots: 0.5ms
[2024-08-27T14:57:26.792+0000][info][gc,phases      ] GC(382)   Evacuate Collection Set: 9.9ms
[2024-08-27T14:57:26.792+0000][info][gc,phases      ] GC(382)   Post Evacuate Collection Set: 0.4ms
[2024-08-27T14:57:26.792+0000][info][gc,phases      ] GC(382)   Other: 0.3ms
[2024-08-27T14:57:26.793+0000][info][gc,heap        ] GC(382) Eden regions: 44->0(44)
[2024-08-27T14:57:26.793+0000][info][gc,heap        ] GC(382) Survivor regions: 7->7(7)
[2024-08-27T14:57:26.793+0000][info][gc,heap        ] GC(382) Old regions: 902->845
[2024-08-27T14:57:26.793+0000][info][gc,heap        ] GC(382) Archive regions: 2->2
[2024-08-27T14:57:26.793+0000][info][gc,heap        ] GC(382) Humongous regions: 5->5
[2024-08-27T14:57:26.793+0000][info][gc,metaspace   ] GC(382) Metaspace: 100K(320K)->100K(320K) NonClass: 96K(192K)->96K(192K) Class: 4K(128K)->4K(128K)
[2024-08-27T14:57:26.793+0000][info][gc             ] GC(382) Pause Young (Mixed) (G1 Evacuation Pause) 946M->848M(1024M) 11.563ms
[2024-08-27T14:57:26.793+0000][info][gc,cpu         ] GC(382) User=0.25s Sys=0.00s Real=0.01s
[2024-08-27T14:57:26.814+0000][info][gc,start       ] GC(383) Pause Young (Mixed) (G1 Evacuation Pause)
[2024-08-27T14:57:26.814+0000][info][gc,task        ] GC(383) Using 24 workers of 68 for evacuation
[2024-08-27T14:57:26.826+0000][info][gc,phases      ] GC(383)   Pre Evacuate Collection Set: 0.2ms
[2024-08-27T14:57:26.826+0000][info][gc,phases      ] GC(383)   Merge Heap Roots: 0.4ms
[2024-08-27T14:57:26.826+0000][info][gc,phases      ] GC(383)   Evacuate Collection Set: 10.1ms
[2024-08-27T14:57:26.826+0000][info][gc,phases      ] GC(383)   Post Evacuate Collection Set: 0.4ms
[2024-08-27T14:57:26.826+0000][info][gc,phases      ] GC(383)   Other: 0.3ms
[2024-08-27T14:57:26.826+0000][info][gc,heap        ] GC(383) Eden regions: 44->0(44)
[2024-08-27T14:57:26.826+0000][info][gc,heap        ] GC(383) Survivor regions: 7->7(7)
[2024-08-27T14:57:26.826+0000][info][gc,heap        ] GC(383) Old regions: 845->804
[2024-08-27T14:57:26.826+0000][info][gc,heap        ] GC(383) Archive regions: 2->2
[2024-08-27T14:57:26.826+0000][info][gc,heap        ] GC(383) Humongous regions: 5->5
[2024-08-27T14:57:26.826+0000][info][gc,metaspace   ] GC(383) Metaspace: 100K(320K)->100K(320K) NonClass: 96K(192K)->96K(192K) Class: 4K(128K)->4K(128K)
[2024-08-27T14:57:26.826+0000][info][gc             ] GC(383) Pause Young (Mixed) (G1 Evacuation Pause) 892M->810M(1024M) 11.757ms
[2024-08-27T14:57:26.826+0000][info][gc,cpu         ] GC(383) User=0.25s Sys=0.00s Real=0.01s
[2024-08-27T14:57:26.846+0000][info][gc,start       ] GC(384) Pause Young (Concurrent Start) (G1 Evacuation Pause)
[2024-08-27T14:57:26.846+0000][info][gc,task        ] GC(384) Using 24 workers of 68 for evacuation
[2024-08-27T14:57:26.856+0000][info][gc,phases      ] GC(384)   Pre Evacuate Collection Set: 0.2ms
[2024-08-27T14:57:26.856+0000][info][gc,phases      ] GC(384)   Merge Heap Roots: 0.4ms
[2024-08-27T14:57:26.856+0000][info][gc,phases      ] GC(384)   Evacuate Collection Set: 8.9ms
[2024-08-27T14:57:26.856+0000][info][gc,phases      ] GC(384)   Post Evacuate Collection Set: 0.4ms
[2024-08-27T14:57:26.856+0000][info][gc,phases      ] GC(384)   Other: 1.0ms
[2024-08-27T14:57:26.856+0000][info][gc,heap        ] GC(384) Eden regions: 44->0(44)
[2024-08-27T14:57:26.856+0000][info][gc,heap        ] GC(384) Survivor regions: 7->7(7)
[2024-08-27T14:57:26.856+0000][info][gc,heap        ] GC(384) Old regions: 804->850
[2024-08-27T14:57:26.857+0000][info][gc,heap        ] GC(384) Archive regions: 2->2
[2024-08-27T14:57:26.857+0000][info][gc,heap        ] GC(384) Humongous regions: 5->5
[2024-08-27T14:57:26.857+0000][info][gc,metaspace   ] GC(384) Metaspace: 100K(320K)->100K(320K) NonClass: 96K(192K)->96K(192K) Class: 4K(128K)->4K(128K)
[2024-08-27T14:57:26.857+0000][info][gc             ] GC(384) Pause Young (Concurrent Start) (G1 Evacuation Pause) 854M->857M(1024M) 11.017ms
[2024-08-27T14:57:26.857+0000][info][gc,cpu         ] GC(384) User=0.20s Sys=0.01s Real=0.01s
[2024-08-27T14:57:26.857+0000][info][gc             ] GC(385) Concurrent Mark Cycle
[2024-08-27T14:57:26.857+0000][info][gc,marking     ] GC(385) Concurrent Clear Claimed Marks
[2024-08-27T14:57:26.857+0000][info][gc,marking     ] GC(385) Concurrent Clear Claimed Marks 0.011ms
[2024-08-27T14:57:26.857+0000][info][gc,marking     ] GC(385) Concurrent Scan Root Regions
[2024-08-27T14:57:26.858+0000][info][gc,marking     ] GC(385) Concurrent Scan Root Regions 1.474ms
[2024-08-27T14:57:26.858+0000][info][gc,marking     ] GC(385) Concurrent Mark
[2024-08-27T14:57:26.858+0000][info][gc,marking     ] GC(385) Concurrent Mark From Roots
[2024-08-27T14:57:26.858+0000][info][gc,task        ] GC(385) Using 17 workers of 17 for marking
[2024-08-27T14:57:26.880+0000][info][gc,marking     ] GC(385) Concurrent Mark From Roots 21.663ms
[2024-08-27T14:57:26.880+0000][info][gc,marking     ] GC(385) Concurrent Preclean
[2024-08-27T14:57:26.882+0000][info][gc,marking     ] GC(385) Concurrent Preclean 1.741ms
[2024-08-27T14:57:26.882+0000][info][gc,start       ] GC(385) Pause Remark
[2024-08-27T14:57:26.884+0000][info][gc             ] GC(385) Pause Remark 895M->895M(1024M) 1.843ms
[2024-08-27T14:57:26.884+0000][info][gc,cpu         ] GC(385) User=0.01s Sys=0.00s Real=0.00s
[2024-08-27T14:57:26.884+0000][info][gc,marking     ] GC(385) Concurrent Mark 25.690ms
[2024-08-27T14:57:26.884+0000][info][gc,marking     ] GC(385) Concurrent Rebuild Remembered Sets
[2024-08-27T14:57:26.887+0000][info][gc,start       ] GC(386) Pause Young (Normal) (G1 Evacuation Pause)
[2024-08-27T14:57:26.887+0000][info][gc,task        ] GC(386) Using 24 workers of 68 for evacuation
[2024-08-27T14:57:26.897+0000][info][gc,phases      ] GC(386)   Pre Evacuate Collection Set: 0.2ms
[2024-08-27T14:57:26.897+0000][info][gc,phases      ] GC(386)   Merge Heap Roots: 0.3ms
[2024-08-27T14:57:26.897+0000][info][gc,phases      ] GC(386)   Evacuate Collection Set: 8.5ms
[2024-08-27T14:57:26.897+0000][info][gc,phases      ] GC(386)   Post Evacuate Collection Set: 0.4ms
[2024-08-27T14:57:26.897+0000][info][gc,phases      ] GC(386)   Other: 0.3ms
[2024-08-27T14:57:26.897+0000][info][gc,heap        ] GC(386) Eden regions: 44->0(44)
[2024-08-27T14:57:26.897+0000][info][gc,heap        ] GC(386) Survivor regions: 7->7(7)
[2024-08-27T14:57:26.897+0000][info][gc,heap        ] GC(386) Old regions: 850->897
[2024-08-27T14:57:26.897+0000][info][gc,heap        ] GC(386) Archive regions: 2->2
[2024-08-27T14:57:26.897+0000][info][gc,heap        ] GC(386) Humongous regions: 5->5
[2024-08-27T14:57:26.897+0000][info][gc,metaspace   ] GC(386) Metaspace: 100K(320K)->100K(320K) NonClass: 96K(192K)->96K(192K) Class: 4K(128K)->4K(128K)
[2024-08-27T14:57:26.897+0000][info][gc             ] GC(386) Pause Young (Normal) (G1 Evacuation Pause) 901M->904M(1024M) 9.869ms
[2024-08-27T14:57:26.897+0000][info][gc,cpu         ] GC(386) User=0.22s Sys=0.00s Real=0.01s
[2024-08-27T14:57:26.918+0000][info][gc,start       ] GC(387) Pause Young (Normal) (G1 Evacuation Pause)
[2024-08-27T14:57:26.918+0000][info][gc,task        ] GC(387) Using 24 workers of 68 for evacuation
[2024-08-27T14:57:26.931+0000][info][gc,phases      ] GC(387)   Pre Evacuate Collection Set: 0.2ms
[2024-08-27T14:57:26.931+0000][info][gc,phases      ] GC(387)   Merge Heap Roots: 0.4ms
[2024-08-27T14:57:26.931+0000][info][gc,phases      ] GC(387)   Evacuate Collection Set: 11.9ms
[2024-08-27T14:57:26.931+0000][info][gc,phases      ] GC(387)   Post Evacuate Collection Set: 0.6ms
[2024-08-27T14:57:26.931+0000][info][gc,phases      ] GC(387)   Other: 0.3ms
[2024-08-27T14:57:26.931+0000][info][gc,heap        ] GC(387) Eden regions: 44->0(44)
[2024-08-27T14:57:26.931+0000][info][gc,heap        ] GC(387) Survivor regions: 7->7(7)
[2024-08-27T14:57:26.931+0000][info][gc,heap        ] GC(387) Old regions: 897->944
[2024-08-27T14:57:26.931+0000][info][gc,heap        ] GC(387) Archive regions: 2->2
[2024-08-27T14:57:26.931+0000][info][gc,heap        ] GC(387) Humongous regions: 5->5
[2024-08-27T14:57:26.931+0000][info][gc,metaspace   ] GC(387) Metaspace: 100K(320K)->100K(320K) NonClass: 96K(192K)->96K(192K) Class: 4K(128K)->4K(128K)
[2024-08-27T14:57:26.931+0000][info][gc             ] GC(387) Pause Young (Normal) (G1 Evacuation Pause) 948M->950M(1024M) 13.605ms
[2024-08-27T14:57:26.931+0000][info][gc,cpu         ] GC(387) User=0.30s Sys=0.00s Real=0.01s
[2024-08-27T14:57:26.945+0000][info][gc,start       ] GC(388) Pause Young (Normal) (G1 Preventive Collection)
[2024-08-27T14:57:26.945+0000][info][gc,task        ] GC(388) Using 24 workers of 68 for evacuation
[2024-08-27T14:57:26.958+0000][info][gc,phases      ] GC(388)   Pre Evacuate Collection Set: 0.2ms
[2024-08-27T14:57:26.958+0000][info][gc,phases      ] GC(388)   Merge Heap Roots: 0.4ms
[2024-08-27T14:57:26.958+0000][info][gc,phases      ] GC(388)   Evacuate Collection Set: 11.7ms
[2024-08-27T14:57:26.958+0000][info][gc,phases      ] GC(388)   Post Evacuate Collection Set: 0.6ms
[2024-08-27T14:57:26.958+0000][info][gc,phases      ] GC(388)   Other: 0.3ms
[2024-08-27T14:57:26.958+0000][info][gc,heap        ] GC(388) Eden regions: 28->0(44)
[2024-08-27T14:57:26.959+0000][info][gc,heap        ] GC(388) Survivor regions: 7->7(7)
[2024-08-27T14:57:26.959+0000][info][gc,heap        ] GC(388) Old regions: 944->975
[2024-08-27T14:57:26.959+0000][info][gc,heap        ] GC(388) Archive regions: 2->2
[2024-08-27T14:57:26.959+0000][info][gc,heap        ] GC(388) Humongous regions: 5->5
[2024-08-27T14:57:26.959+0000][info][gc,metaspace   ] GC(388) Metaspace: 100K(320K)->100K(320K) NonClass: 96K(192K)->96K(192K) Class: 4K(128K)->4K(128K)
[2024-08-27T14:57:26.959+0000][info][gc             ] GC(388) Pause Young (Normal) (G1 Preventive Collection) 978M->981M(1024M) 13.390ms
[2024-08-27T14:57:26.959+0000][info][gc,cpu         ] GC(388) User=0.28s Sys=0.01s Real=0.02s
[2024-08-27T14:57:26.966+0000][info][gc,start       ] GC(389) Pause Young (Normal) (G1 Preventive Collection)
[2024-08-27T14:57:26.966+0000][info][gc,task        ] GC(389) Using 24 workers of 68 for evacuation
[2024-08-27T14:57:26.976+0000][info][gc,phases      ] GC(389)   Pre Evacuate Collection Set: 0.2ms
[2024-08-27T14:57:26.977+0000][info][gc,phases      ] GC(389)   Merge Heap Roots: 0.6ms
[2024-08-27T14:57:26.977+0000][info][gc,phases      ] GC(389)   Evacuate Collection Set: 9.1ms
[2024-08-27T14:57:26.977+0000][info][gc,phases      ] GC(389)   Post Evacuate Collection Set: 0.7ms
[2024-08-27T14:57:26.977+0000][info][gc,phases      ] GC(389)   Other: 0.3ms
[2024-08-27T14:57:26.977+0000][info][gc,heap        ] GC(389) Eden regions: 13->0(44)
[2024-08-27T14:57:26.977+0000][info][gc,heap        ] GC(389) Survivor regions: 7->7(7)
[2024-08-27T14:57:26.977+0000][info][gc,heap        ] GC(389) Old regions: 975->990
[2024-08-27T14:57:26.977+0000][info][gc,heap        ] GC(389) Archive regions: 2->2
[2024-08-27T14:57:26.977+0000][info][gc,heap        ] GC(389) Humongous regions: 5->5
[2024-08-27T14:57:26.977+0000][info][gc,metaspace   ] GC(389) Metaspace: 100K(320K)->100K(320K) NonClass: 96K(192K)->96K(192K) Class: 4K(128K)->4K(128K)
[2024-08-27T14:57:26.977+0000][info][gc             ] GC(389) Pause Young (Normal) (G1 Preventive Collection) 994M->997M(1024M) 11.001ms
[2024-08-27T14:57:26.977+0000][info][gc,cpu         ] GC(389) User=0.24s Sys=0.01s Real=0.01s
[2024-08-27T14:57:26.980+0000][info][gc,start       ] GC(390) Pause Young (Normal) (G1 Preventive Collection)
[2024-08-27T14:57:26.980+0000][info][gc,task        ] GC(390) Using 24 workers of 68 for evacuation
[2024-08-27T14:57:26.989+0000][info][gc             ] GC(390) To-space exhausted
[2024-08-27T14:57:26.989+0000][info][gc,phases      ] GC(390)   Pre Evacuate Collection Set: 0.2ms
[2024-08-27T14:57:26.989+0000][info][gc,phases      ] GC(390)   Merge Heap Roots: 0.5ms
[2024-08-27T14:57:26.989+0000][info][gc,phases      ] GC(390)   Evacuate Collection Set: 7.0ms
[2024-08-27T14:57:26.989+0000][info][gc,phases      ] GC(390)   Post Evacuate Collection Set: 0.8ms
[2024-08-27T14:57:26.989+0000][info][gc,phases      ] GC(390)   Other: 0.3ms
[2024-08-27T14:57:26.989+0000][info][gc,heap        ] GC(390) Eden regions: 5->0(45)
[2024-08-27T14:57:26.989+0000][info][gc,heap        ] GC(390) Survivor regions: 7->6(7)
[2024-08-27T14:57:26.989+0000][info][gc,heap        ] GC(390) Old regions: 990->1003
[2024-08-27T14:57:26.989+0000][info][gc,heap        ] GC(390) Archive regions: 2->2
[2024-08-27T14:57:26.989+0000][info][gc,heap        ] GC(390) Humongous regions: 5->5
[2024-08-27T14:57:26.989+0000][info][gc,metaspace   ] GC(390) Metaspace: 100K(320K)->100K(320K) NonClass: 96K(192K)->96K(192K) Class: 4K(128K)->4K(128K)
[2024-08-27T14:57:26.989+0000][info][gc             ] GC(390) Pause Young (Normal) (G1 Preventive Collection) 1002M->1009M(1024M) 8.874ms
[2024-08-27T14:57:26.989+0000][info][gc,cpu         ] GC(390) User=0.19s Sys=0.00s Real=0.00s
[2024-08-27T14:57:26.990+0000][info][gc,start       ] GC(391) Pause Young (Normal) (G1 Preventive Collection)
[2024-08-27T14:57:26.990+0000][info][gc,task        ] GC(391) Using 24 workers of 68 for evacuation
[2024-08-27T14:57:26.998+0000][info][gc             ] GC(391) To-space exhausted
[2024-08-27T14:57:26.998+0000][info][gc,phases      ] GC(391)   Pre Evacuate Collection Set: 0.2ms
[2024-08-27T14:57:26.998+0000][info][gc,phases      ] GC(391)   Merge Heap Roots: 0.4ms
[2024-08-27T14:57:26.998+0000][info][gc,phases      ] GC(391)   Evacuate Collection Set: 6.0ms
[2024-08-27T14:57:26.998+0000][info][gc,phases      ] GC(391)   Post Evacuate Collection Set: 0.8ms
[2024-08-27T14:57:26.998+0000][info][gc,phases      ] GC(391)   Other: 0.3ms
[2024-08-27T14:57:26.998+0000][info][gc,heap        ] GC(391) Eden regions: 1->0(49)
[2024-08-27T14:57:26.998+0000][info][gc,heap        ] GC(391) Survivor regions: 6->2(7)
[2024-08-27T14:57:26.998+0000][info][gc,heap        ] GC(391) Old regions: 1003->1014
[2024-08-27T14:57:26.998+0000][info][gc,heap        ] GC(391) Archive regions: 2->2
[2024-08-27T14:57:26.998+0000][info][gc,heap        ] GC(391) Humongous regions: 5->5
[2024-08-27T14:57:26.998+0000][info][gc,metaspace   ] GC(391) Metaspace: 100K(320K)->100K(320K) NonClass: 96K(192K)->96K(192K) Class: 4K(128K)->4K(128K)
[2024-08-27T14:57:26.998+0000][info][gc             ] GC(391) Pause Young (Normal) (G1 Preventive Collection) 1010M->1015M(1024M) 7.798ms
[2024-08-27T14:57:26.998+0000][info][gc,cpu         ] GC(391) User=0.16s Sys=0.00s Real=0.01s
[2024-08-27T14:57:26.999+0000][info][gc,start       ] GC(392) Pause Young (Normal) (G1 Evacuation Pause)
[2024-08-27T14:57:26.999+0000][info][gc,task        ] GC(392) Using 24 workers of 68 for evacuation
[2024-08-27T14:57:27.006+0000][info][gc             ] GC(392) To-space exhausted
[2024-08-27T14:57:27.006+0000][info][gc,phases      ] GC(392)   Pre Evacuate Collection Set: 0.2ms
[2024-08-27T14:57:27.006+0000][info][gc,phases      ] GC(392)   Merge Heap Roots: 0.6ms
[2024-08-27T14:57:27.006+0000][info][gc,phases      ] GC(392)   Evacuate Collection Set: 5.4ms
[2024-08-27T14:57:27.006+0000][info][gc,phases      ] GC(392)   Post Evacuate Collection Set: 1.0ms
[2024-08-27T14:57:27.006+0000][info][gc,phases      ] GC(392)   Other: 0.3ms
[2024-08-27T14:57:27.006+0000][info][gc,heap        ] GC(392) Eden regions: 1->0(51)
[2024-08-27T14:57:27.006+0000][info][gc,heap        ] GC(392) Survivor regions: 2->0(0)
[2024-08-27T14:57:27.007+0000][info][gc,heap        ] GC(392) Old regions: 1014->1017
[2024-08-27T14:57:27.007+0000][info][gc,heap        ] GC(392) Archive regions: 2->2
[2024-08-27T14:57:27.007+0000][info][gc,heap        ] GC(392) Humongous regions: 5->5
[2024-08-27T14:57:27.007+0000][info][gc,metaspace   ] GC(392) Metaspace: 100K(320K)->100K(320K) NonClass: 96K(192K)->96K(192K) Class: 4K(128K)->4K(128K)
[2024-08-27T14:57:27.007+0000][info][gc             ] GC(392) Pause Young (Normal) (G1 Evacuation Pause) 1016M->1016M(1024M) 7.547ms
[2024-08-27T14:57:27.007+0000][info][gc,cpu         ] GC(392) User=0.15s Sys=0.00s Real=0.00s
[2024-08-27T14:57:27.007+0000][info][gc,ergo        ] Attempting full compaction
[2024-08-27T14:57:27.007+0000][info][gc,task        ] GC(393) Using 24 workers of 68 for full compaction
[2024-08-27T14:57:27.007+0000][info][gc,start       ] GC(393) Pause Full (G1 Compaction Pause)
[2024-08-27T14:57:27.008+0000][info][gc,phases,start] GC(393) Phase 1: Mark live objects
[2024-08-27T14:57:27.021+0000][info][gc,phases      ] GC(393) Phase 1: Mark live objects 13.623ms
[2024-08-27T14:57:27.022+0000][info][gc,phases,start] GC(393) Phase 2: Prepare for compaction
[2024-08-27T14:57:27.030+0000][info][gc,phases      ] GC(393) Phase 2: Prepare for compaction 8.715ms
[2024-08-27T14:57:27.030+0000][info][gc,phases,start] GC(393) Phase 3: Adjust pointers
[2024-08-27T14:57:27.044+0000][info][gc,phases      ] GC(393) Phase 3: Adjust pointers 13.258ms
[2024-08-27T14:57:27.044+0000][info][gc,phases,start] GC(393) Phase 4: Compact heap
[2024-08-27T14:57:27.072+0000][info][gc,phases      ] GC(393) Phase 4: Compact heap 28.454ms
[2024-08-27T14:57:27.074+0000][info][gc,heap        ] GC(393) Eden regions: 0->0(150)
[2024-08-27T14:57:27.074+0000][info][gc,heap        ] GC(393) Survivor regions: 0->0(0)
[2024-08-27T14:57:27.074+0000][info][gc,heap        ] GC(393) Old regions: 1017->444
[2024-08-27T14:57:27.074+0000][info][gc,heap        ] GC(393) Archive regions: 2->2
[2024-08-27T14:57:27.074+0000][info][gc,heap        ] GC(393) Humongous regions: 5->5
[2024-08-27T14:57:27.074+0000][info][gc,metaspace   ] GC(393) Metaspace: 100K(320K)->100K(320K) NonClass: 96K(192K)->96K(192K) Class: 4K(128K)->4K(128K)
[2024-08-27T14:57:27.074+0000][info][gc             ] GC(393) Pause Full (G1 Compaction Pause) 1016M->437M(1024M) 66.779ms
[2024-08-27T14:57:27.074+0000][info][gc,cpu         ] GC(393) User=1.40s Sys=0.00s Real=0.07s
[2024-08-27T14:57:27.074+0000][info][gc,marking     ] GC(385) Concurrent Rebuild Remembered Sets 190.481ms
[2024-08-27T14:57:27.074+0000][info][gc,marking     ] GC(385) Concurrent Mark Abort
[2024-08-27T14:57:27.074+0000][info][gc             ] GC(385) Concurrent Mark Cycle 217.815ms
[2024-08-27T14:57:27.150+0000][info][gc,start       ] GC(394) Pause Young (Normal) (G1 Evacuation Pause)
[2024-08-27T14:57:27.150+0000][info][gc,task        ] GC(394) Using 24 workers of 68 for evacuation
[2024-08-27T14:57:27.176+0000][info][gc,phases      ] GC(394)   Pre Evacuate Collection Set: 0.2ms
[2024-08-27T14:57:27.177+0000][info][gc,phases      ] GC(394)   Merge Heap Roots: 0.4ms
[2024-08-27T14:57:27.177+0000][info][gc,phases      ] GC(394)   Evacuate Collection Set: 25.6ms
[2024-08-27T14:57:27.177+0000][info][gc,phases      ] GC(394)   Post Evacuate Collection Set: 0.4ms
[2024-08-27T14:57:27.177+0000][info][gc,phases      ] GC(394)   Other: 0.4ms
[2024-08-27T14:57:27.177+0000][info][gc,heap        ] GC(394) Eden regions: 150->0(101)
[2024-08-27T14:57:27.177+0000][info][gc,heap        ] GC(394) Survivor regions: 0->19(19)
[2024-08-27T14:57:27.177+0000][info][gc,heap        ] GC(394) Old regions: 444->577
[2024-08-27T14:57:27.177+0000][info][gc,heap        ] GC(394) Archive regions: 2->2
[2024-08-27T14:57:27.177+0000][info][gc,heap        ] GC(394) Humongous regions: 5->5
[2024-08-27T14:57:27.177+0000][info][gc,metaspace   ] GC(394) Metaspace: 100K(320K)->100K(320K) NonClass: 96K(192K)->96K(192K) Class: 4K(128K)->4K(128K)
[2024-08-27T14:57:27.177+0000][info][gc             ] GC(394) Pause Young (Normal) (G1 Evacuation Pause) 587M->589M(1024M) 27.125ms
[2024-08-27T14:57:27.177+0000][info][gc,cpu         ] GC(394) User=0.62s Sys=0.00s Real=0.02s
[2024-08-27T14:57:27.223+0000][info][gc,start       ] GC(395) Pause Young (Concurrent Start) (G1 Evacuation Pause)
[2024-08-27T14:57:27.223+0000][info][gc,task        ] GC(395) Using 24 workers of 68 for evacuation
[2024-08-27T14:57:27.242+0000][info][gc,phases      ] GC(395)   Pre Evacuate Collection Set: 0.2ms
[2024-08-27T14:57:27.242+0000][info][gc,phases      ] GC(395)   Merge Heap Roots: 0.3ms
[2024-08-27T14:57:27.242+0000][info][gc,phases      ] GC(395)   Evacuate Collection Set: 17.0ms
[2024-08-27T14:57:27.242+0000][info][gc,phases      ] GC(395)   Post Evacuate Collection Set: 0.4ms
[2024-08-27T14:57:27.242+0000][info][gc,phases      ] GC(395)   Other: 1.0ms
[2024-08-27T14:57:27.242+0000][info][gc,heap        ] GC(395) Eden regions: 101->0(68)
[2024-08-27T14:57:27.242+0000][info][gc,heap        ] GC(395) Survivor regions: 19->15(15)
[2024-08-27T14:57:27.242+0000][info][gc,heap        ] GC(395) Old regions: 577->684
[2024-08-27T14:57:27.242+0000][info][gc,heap        ] GC(395) Archive regions: 2->2
[2024-08-27T14:57:27.242+0000][info][gc,heap        ] GC(395) Humongous regions: 5->5
[2024-08-27T14:57:27.242+0000][info][gc,metaspace   ] GC(395) Metaspace: 100K(320K)->100K(320K) NonClass: 96K(192K)->96K(192K) Class: 4K(128K)->4K(128K)
[2024-08-27T14:57:27.242+0000][info][gc             ] GC(395) Pause Young (Concurrent Start) (G1 Evacuation Pause) 690M->692M(1024M) 19.116ms
[2024-08-27T14:57:27.242+0000][info][gc,cpu         ] GC(395) User=0.41s Sys=0.00s Real=0.02s
[2024-08-27T14:57:27.242+0000][info][gc             ] GC(396) Concurrent Mark Cycle
[2024-08-27T14:57:27.242+0000][info][gc,marking     ] GC(396) Concurrent Clear Claimed Marks
[2024-08-27T14:57:27.242+0000][info][gc,marking     ] GC(396) Concurrent Clear Claimed Marks 0.011ms
[2024-08-27T14:57:27.242+0000][info][gc,marking     ] GC(396) Concurrent Scan Root Regions
[2024-08-27T14:57:27.245+0000][info][gc,marking     ] GC(396) Concurrent Scan Root Regions 3.158ms
[2024-08-27T14:57:27.245+0000][info][gc,marking     ] GC(396) Concurrent Mark
[2024-08-27T14:57:27.245+0000][info][gc,marking     ] GC(396) Concurrent Mark From Roots
[2024-08-27T14:57:27.245+0000][info][gc,task        ] GC(396) Using 17 workers of 17 for marking
[2024-08-27T14:57:27.264+0000][info][gc,marking     ] GC(396) Concurrent Mark From Roots 19.002ms
[2024-08-27T14:57:27.264+0000][info][gc,marking     ] GC(396) Concurrent Preclean
[2024-08-27T14:57:27.266+0000][info][gc,marking     ] GC(396) Concurrent Preclean 1.862ms
[2024-08-27T14:57:27.267+0000][info][gc,start       ] GC(396) Pause Remark
[2024-08-27T14:57:27.268+0000][info][gc             ] GC(396) Pause Remark 729M->729M(1024M) 1.655ms
[2024-08-27T14:57:27.268+0000][info][gc,cpu         ] GC(396) User=0.01s Sys=0.00s Real=0.00s
[2024-08-27T14:57:27.268+0000][info][gc,marking     ] GC(396) Concurrent Mark 23.071ms
[2024-08-27T14:57:27.268+0000][info][gc,marking     ] GC(396) Concurrent Rebuild Remembered Sets
[2024-08-27T14:57:27.283+0000][info][gc,marking     ] GC(396) Concurrent Rebuild Remembered Sets 14.373ms
[2024-08-27T14:57:27.283+0000][info][gc,start       ] GC(396) Pause Cleanup
[2024-08-27T14:57:27.285+0000][info][gc             ] GC(396) Pause Cleanup 754M->754M(1024M) 1.923ms
[2024-08-27T14:57:27.285+0000][info][gc,cpu         ] GC(396) User=0.00s Sys=0.00s Real=0.00s
[2024-08-27T14:57:27.285+0000][info][gc,marking     ] GC(396) Concurrent Cleanup for Next Mark
[2024-08-27T14:57:27.286+0000][info][gc,marking     ] GC(396) Concurrent Cleanup for Next Mark 0.486ms
[2024-08-27T14:57:27.286+0000][info][gc             ] GC(396) Concurrent Mark Cycle 43.543ms
[2024-08-27T14:57:27.288+0000][info][gc,start       ] GC(397) Pause Young (Prepare Mixed) (G1 Evacuation Pause)
[2024-08-27T14:57:27.289+0000][info][gc,task        ] GC(397) Using 24 workers of 68 for evacuation
[2024-08-27T14:57:27.303+0000][info][gc,phases      ] GC(397)   Pre Evacuate Collection Set: 0.2ms
[2024-08-27T14:57:27.303+0000][info][gc,phases      ] GC(397)   Merge Heap Roots: 0.3ms
[2024-08-27T14:57:27.303+0000][info][gc,phases      ] GC(397)   Evacuate Collection Set: 13.4ms
[2024-08-27T14:57:27.303+0000][info][gc,phases      ] GC(397)   Post Evacuate Collection Set: 0.3ms
[2024-08-27T14:57:27.303+0000][info][gc,phases      ] GC(397)   Other: 0.3ms
[2024-08-27T14:57:27.303+0000][info][gc,heap        ] GC(397) Eden regions: 68->0(40)
[2024-08-27T14:57:27.303+0000][info][gc,heap        ] GC(397) Survivor regions: 15->11(11)
[2024-08-27T14:57:27.303+0000][info][gc,heap        ] GC(397) Old regions: 684->760
[2024-08-27T14:57:27.303+0000][info][gc,heap        ] GC(397) Archive regions: 2->2
[2024-08-27T14:57:27.303+0000][info][gc,heap        ] GC(397) Humongous regions: 5->5
[2024-08-27T14:57:27.303+0000][info][gc,metaspace   ] GC(397) Metaspace: 100K(320K)->100K(320K) NonClass: 96K(192K)->96K(192K) Class: 4K(128K)->4K(128K)
[2024-08-27T14:57:27.303+0000][info][gc             ] GC(397) Pause Young (Prepare Mixed) (G1 Evacuation Pause) 760M->763M(1024M) 14.509ms
[2024-08-27T14:57:27.303+0000][info][gc,cpu         ] GC(397) User=0.33s Sys=0.00s Real=0.02s
[2024-08-27T14:57:27.321+0000][info][gc,start       ] GC(398) Pause Young (Mixed) (G1 Evacuation Pause)
[2024-08-27T14:57:27.321+0000][info][gc,task        ] GC(398) Using 24 workers of 68 for evacuation
[2024-08-27T14:57:27.333+0000][info][gc,phases      ] GC(398)   Pre Evacuate Collection Set: 0.2ms
[2024-08-27T14:57:27.333+0000][info][gc,phases      ] GC(398)   Merge Heap Roots: 0.4ms
[2024-08-27T14:57:27.333+0000][info][gc,phases      ] GC(398)   Evacuate Collection Set: 11.0ms
[2024-08-27T14:57:27.333+0000][info][gc,phases      ] GC(398)   Post Evacuate Collection Set: 0.3ms
[2024-08-27T14:57:27.333+0000][info][gc,phases      ] GC(398)   Other: 0.2ms
[2024-08-27T14:57:27.333+0000][info][gc,heap        ] GC(398) Eden regions: 40->0(44)
[2024-08-27T14:57:27.333+0000][info][gc,heap        ] GC(398) Survivor regions: 11->7(7)
[2024-08-27T14:57:27.333+0000][info][gc,heap        ] GC(398) Old regions: 760->707
[2024-08-27T14:57:27.333+0000][info][gc,heap        ] GC(398) Archive regions: 2->2
[2024-08-27T14:57:27.333+0000][info][gc,heap        ] GC(398) Humongous regions: 5->5
[2024-08-27T14:57:27.333+0000][info][gc,metaspace   ] GC(398) Metaspace: 100K(320K)->100K(320K) NonClass: 96K(192K)->96K(192K) Class: 4K(128K)->4K(128K)
[2024-08-27T14:57:27.334+0000][info][gc             ] GC(398) Pause Young (Mixed) (G1 Evacuation Pause) 803M->707M(1024M) 12.066ms
[2024-08-27T14:57:27.334+0000][info][gc,cpu         ] GC(398) User=0.27s Sys=0.00s Real=0.01s
[2024-08-27T14:57:27.353+0000][info][gc,start       ] GC(399) Pause Young (Mixed) (G1 Evacuation Pause)
[2024-08-27T14:57:27.353+0000][info][gc,task        ] GC(399) Using 24 workers of 68 for evacuation
[2024-08-27T14:57:27.364+0000][info][gc,phases      ] GC(399)   Pre Evacuate Collection Set: 0.2ms
[2024-08-27T14:57:27.364+0000][info][gc,phases      ] GC(399)   Merge Heap Roots: 0.3ms
[2024-08-27T14:57:27.364+0000][info][gc,phases      ] GC(399)   Evacuate Collection Set: 10.0ms
[2024-08-27T14:57:27.364+0000][info][gc,phases      ] GC(399)   Post Evacuate Collection Set: 0.4ms
[2024-08-27T14:57:27.364+0000][info][gc,phases      ] GC(399)   Other: 0.2ms
[2024-08-27T14:57:27.364+0000][info][gc,heap        ] GC(399) Eden regions: 44->0(74)
[2024-08-27T14:57:27.364+0000][info][gc,heap        ] GC(399) Survivor regions: 7->7(7)
[2024-08-27T14:57:27.364+0000][info][gc,heap        ] GC(399) Old regions: 707->672
[2024-08-27T14:57:27.364+0000][info][gc,heap        ] GC(399) Archive regions: 2->2
[2024-08-27T14:57:27.364+0000][info][gc,heap        ] GC(399) Humongous regions: 5->5
[2024-08-27T14:57:27.364+0000][info][gc,metaspace   ] GC(399) Metaspace: 100K(320K)->100K(320K) NonClass: 96K(192K)->96K(192K) Class: 4K(128K)->4K(128K)
[2024-08-27T14:57:27.364+0000][info][gc             ] GC(399) Pause Young (Mixed) (G1 Evacuation Pause) 751M->673M(1024M) 11.178ms
[2024-08-27T14:57:27.364+0000][info][gc,cpu         ] GC(399) User=0.24s Sys=0.00s Real=0.01s
[2024-08-27T14:57:27.398+0000][info][gc,start       ] GC(400) Pause Young (Concurrent Start) (G1 Evacuation Pause)
[2024-08-27T14:57:27.398+0000][info][gc,task        ] GC(400) Using 24 workers of 68 for evacuation
[2024-08-27T14:57:27.412+0000][info][gc,phases      ] GC(400)   Pre Evacuate Collection Set: 0.2ms
[2024-08-27T14:57:27.412+0000][info][gc,phases      ] GC(400)   Merge Heap Roots: 0.3ms
[2024-08-27T14:57:27.412+0000][info][gc,phases      ] GC(400)   Evacuate Collection Set: 13.0ms
[2024-08-27T14:57:27.412+0000][info][gc,phases      ] GC(400)   Post Evacuate Collection Set: 0.3ms
[2024-08-27T14:57:27.412+0000][info][gc,phases      ] GC(400)   Other: 0.8ms
[2024-08-27T14:57:27.412+0000][info][gc,heap        ] GC(400) Eden regions: 74->0(50)
[2024-08-27T14:57:27.412+0000][info][gc,heap        ] GC(400) Survivor regions: 7->11(11)
[2024-08-27T14:57:27.412+0000][info][gc,heap        ] GC(400) Old regions: 672->744
[2024-08-27T14:57:27.412+0000][info][gc,heap        ] GC(400) Archive regions: 2->2
[2024-08-27T14:57:27.412+0000][info][gc,heap        ] GC(400) Humongous regions: 5->5
[2024-08-27T14:57:27.412+0000][info][gc,metaspace   ] GC(400) Metaspace: 100K(320K)->100K(320K) NonClass: 96K(192K)->96K(192K) Class: 4K(128K)->4K(128K)
[2024-08-27T14:57:27.412+0000][info][gc             ] GC(400) Pause Young (Concurrent Start) (G1 Evacuation Pause) 747M->749M(1024M) 14.651ms
[2024-08-27T14:57:27.412+0000][info][gc,cpu         ] GC(400) User=0.32s Sys=0.00s Real=0.01s
[2024-08-27T14:57:27.412+0000][info][gc             ] GC(401) Concurrent Mark Cycle
[2024-08-27T14:57:27.412+0000][info][gc,marking     ] GC(401) Concurrent Clear Claimed Marks
[2024-08-27T14:57:27.412+0000][info][gc,marking     ] GC(401) Concurrent Clear Claimed Marks 0.011ms
[2024-08-27T14:57:27.412+0000][info][gc,marking     ] GC(401) Concurrent Scan Root Regions
[2024-08-27T14:57:27.415+0000][info][gc,marking     ] GC(401) Concurrent Scan Root Regions 2.175ms
[2024-08-27T14:57:27.415+0000][info][gc,marking     ] GC(401) Concurrent Mark
[2024-08-27T14:57:27.415+0000][info][gc,marking     ] GC(401) Concurrent Mark From Roots
[2024-08-27T14:57:27.415+0000][info][gc,task        ] GC(401) Using 17 workers of 17 for marking
[2024-08-27T14:57:27.434+0000][info][gc,marking     ] GC(401) Concurrent Mark From Roots 19.528ms
[2024-08-27T14:57:27.434+0000][info][gc,marking     ] GC(401) Concurrent Preclean
[2024-08-27T14:57:27.436+0000][info][gc,marking     ] GC(401) Concurrent Preclean 2.322ms
[2024-08-27T14:57:27.437+0000][info][gc,start       ] GC(401) Pause Remark
[2024-08-27T14:57:27.438+0000][info][gc             ] GC(401) Pause Remark 786M->786M(1024M) 1.113ms
[2024-08-27T14:57:27.438+0000][info][gc,cpu         ] GC(401) User=0.00s Sys=0.01s Real=0.01s
[2024-08-27T14:57:27.438+0000][info][gc,marking     ] GC(401) Concurrent Mark 23.331ms
[2024-08-27T14:57:27.438+0000][info][gc,marking     ] GC(401) Concurrent Rebuild Remembered Sets
[2024-08-27T14:57:27.444+0000][info][gc,start       ] GC(402) Pause Young (Normal) (G1 Evacuation Pause)
[2024-08-27T14:57:27.444+0000][info][gc,task        ] GC(402) Using 24 workers of 68 for evacuation
[2024-08-27T14:57:27.456+0000][info][gc,phases      ] GC(402)   Pre Evacuate Collection Set: 0.1ms
[2024-08-27T14:57:27.456+0000][info][gc,phases      ] GC(402)   Merge Heap Roots: 0.2ms
[2024-08-27T14:57:27.456+0000][info][gc,phases      ] GC(402)   Evacuate Collection Set: 10.5ms
[2024-08-27T14:57:27.456+0000][info][gc,phases      ] GC(402)   Post Evacuate Collection Set: 0.4ms
[2024-08-27T14:57:27.456+0000][info][gc,phases      ] GC(402)   Other: 0.2ms
[2024-08-27T14:57:27.456+0000][info][gc,heap        ] GC(402) Eden regions: 50->0(43)
[2024-08-27T14:57:27.456+0000][info][gc,heap        ] GC(402) Survivor regions: 11->8(8)
[2024-08-27T14:57:27.456+0000][info][gc,heap        ] GC(402) Old regions: 744->801
[2024-08-27T14:57:27.456+0000][info][gc,heap        ] GC(402) Archive regions: 2->2
[2024-08-27T14:57:27.456+0000][info][gc,heap        ] GC(402) Humongous regions: 5->5
[2024-08-27T14:57:27.456+0000][info][gc,metaspace   ] GC(402) Metaspace: 100K(320K)->100K(320K) NonClass: 96K(192K)->96K(192K) Class: 4K(128K)->4K(128K)
[2024-08-27T14:57:27.456+0000][info][gc             ] GC(402) Pause Young (Normal) (G1 Evacuation Pause) 799M->803M(1024M) 11.632ms
[2024-08-27T14:57:27.456+0000][info][gc,cpu         ] GC(402) User=0.26s Sys=0.00s Real=0.01s
[2024-08-27T14:57:27.477+0000][info][gc,start       ] GC(403) Pause Young (Normal) (G1 Evacuation Pause)
[2024-08-27T14:57:27.477+0000][info][gc,task        ] GC(403) Using 24 workers of 68 for evacuation
[2024-08-27T14:57:27.491+0000][info][gc,phases      ] GC(403)   Pre Evacuate Collection Set: 0.2ms
[2024-08-27T14:57:27.492+0000][info][gc,phases      ] GC(403)   Merge Heap Roots: 0.4ms
[2024-08-27T14:57:27.492+0000][info][gc,phases      ] GC(403)   Evacuate Collection Set: 13.6ms
[2024-08-27T14:57:27.492+0000][info][gc,phases      ] GC(403)   Post Evacuate Collection Set: 0.6ms
[2024-08-27T14:57:27.492+0000][info][gc,phases      ] GC(403)   Other: 0.2ms
[2024-08-27T14:57:27.492+0000][info][gc,heap        ] GC(403) Eden regions: 43->0(44)
[2024-08-27T14:57:27.492+0000][info][gc,heap        ] GC(403) Survivor regions: 8->7(7)
[2024-08-27T14:57:27.492+0000][info][gc,heap        ] GC(403) Old regions: 801->848
[2024-08-27T14:57:27.492+0000][info][gc,heap        ] GC(403) Archive regions: 2->2
[2024-08-27T14:57:27.492+0000][info][gc,heap        ] GC(403) Humongous regions: 5->5
[2024-08-27T14:57:27.492+0000][info][gc,metaspace   ] GC(403) Metaspace: 100K(320K)->100K(320K) NonClass: 96K(192K)->96K(192K) Class: 4K(128K)->4K(128K)
[2024-08-27T14:57:27.492+0000][info][gc             ] GC(403) Pause Young (Normal) (G1 Evacuation Pause) 846M->850M(1024M) 15.080ms
[2024-08-27T14:57:27.492+0000][info][gc,cpu         ] GC(403) User=0.34s Sys=0.00s Real=0.02s
[2024-08-27T14:57:27.513+0000][info][gc,start       ] GC(404) Pause Young (Normal) (G1 Evacuation Pause)
[2024-08-27T14:57:27.513+0000][info][gc,task        ] GC(404) Using 24 workers of 68 for evacuation
[2024-08-27T14:57:27.528+0000][info][gc,phases      ] GC(404)   Pre Evacuate Collection Set: 0.2ms
[2024-08-27T14:57:27.528+0000][info][gc,phases      ] GC(404)   Merge Heap Roots: 0.4ms
[2024-08-27T14:57:27.528+0000][info][gc,phases      ] GC(404)   Evacuate Collection Set: 13.9ms
[2024-08-27T14:57:27.528+0000][info][gc,phases      ] GC(404)   Post Evacuate Collection Set: 0.7ms
[2024-08-27T14:57:27.528+0000][info][gc,phases      ] GC(404)   Other: 0.3ms
[2024-08-27T14:57:27.528+0000][info][gc,heap        ] GC(404) Eden regions: 44->0(44)
[2024-08-27T14:57:27.528+0000][info][gc,heap        ] GC(404) Survivor regions: 7->7(7)
[2024-08-27T14:57:27.529+0000][info][gc,heap        ] GC(404) Old regions: 848->894
[2024-08-27T14:57:27.529+0000][info][gc,heap        ] GC(404) Archive regions: 2->2
[2024-08-27T14:57:27.529+0000][info][gc,heap        ] GC(404) Humongous regions: 5->5
[2024-08-27T14:57:27.529+0000][info][gc,metaspace   ] GC(404) Metaspace: 100K(320K)->100K(320K) NonClass: 96K(192K)->96K(192K) Class: 4K(128K)->4K(128K)
[2024-08-27T14:57:27.529+0000][info][gc             ] GC(404) Pause Young (Normal) (G1 Evacuation Pause) 894M->895M(1024M) 15.590ms
[2024-08-27T14:57:27.529+0000][info][gc,cpu         ] GC(404) User=0.34s Sys=0.00s Real=0.01s
[2024-08-27T14:57:27.549+0000][info][gc,marking     ] GC(401) Concurrent Rebuild Remembered Sets 111.097ms
[2024-08-27T14:57:27.549+0000][info][gc,start       ] GC(401) Pause Cleanup
[2024-08-27T14:57:27.551+0000][info][gc             ] GC(401) Pause Cleanup 938M->938M(1024M) 2.016ms
[2024-08-27T14:57:27.551+0000][info][gc,cpu         ] GC(401) User=0.01s Sys=0.00s Real=0.01s
[2024-08-27T14:57:27.551+0000][info][gc,marking     ] GC(401) Concurrent Cleanup for Next Mark
[2024-08-27T14:57:27.552+0000][info][gc,marking     ] GC(401) Concurrent Cleanup for Next Mark 0.597ms
[2024-08-27T14:57:27.552+0000][info][gc             ] GC(401) Concurrent Mark Cycle 139.739ms
[2024-08-27T14:57:27.552+0000][info][gc,start       ] GC(405) Pause Young (Prepare Mixed) (G1 Evacuation Pause)
[2024-08-27T14:57:27.552+0000][info][gc,task        ] GC(405) Using 24 workers of 68 for evacuation
[2024-08-27T14:57:27.569+0000][info][gc,phases      ] GC(405)   Pre Evacuate Collection Set: 0.2ms
[2024-08-27T14:57:27.569+0000][info][gc,phases      ] GC(405)   Merge Heap Roots: 0.7ms
[2024-08-27T14:57:27.569+0000][info][gc,phases      ] GC(405)   Evacuate Collection Set: 14.8ms
[2024-08-27T14:57:27.569+0000][info][gc,phases      ] GC(405)   Post Evacuate Collection Set: 0.4ms
[2024-08-27T14:57:27.569+0000][info][gc,phases      ] GC(405)   Other: 0.2ms
[2024-08-27T14:57:27.569+0000][info][gc,heap        ] GC(405) Eden regions: 44->0(44)
[2024-08-27T14:57:27.569+0000][info][gc,heap        ] GC(405) Survivor regions: 7->7(7)
[2024-08-27T14:57:27.569+0000][info][gc,heap        ] GC(405) Old regions: 894->940
[2024-08-27T14:57:27.569+0000][info][gc,heap        ] GC(405) Archive regions: 2->2
[2024-08-27T14:57:27.569+0000][info][gc,heap        ] GC(405) Humongous regions: 5->5
[2024-08-27T14:57:27.569+0000][info][gc,metaspace   ] GC(405) Metaspace: 100K(320K)->100K(320K) NonClass: 96K(192K)->96K(192K) Class: 4K(128K)->4K(128K)
[2024-08-27T14:57:27.569+0000][info][gc             ] GC(405) Pause Young (Prepare Mixed) (G1 Evacuation Pause) 939M->941M(1024M) 16.437ms
[2024-08-27T14:57:27.569+0000][info][gc,cpu         ] GC(405) User=0.37s Sys=0.01s Real=0.01s
[2024-08-27T14:57:27.584+0000][info][gc,start       ] GC(406) Pause Young (Mixed) (G1 Preventive Collection)
[2024-08-27T14:57:27.584+0000][info][gc,task        ] GC(406) Using 24 workers of 68 for evacuation
[2024-08-27T14:57:27.593+0000][info][gc,phases      ] GC(406)   Pre Evacuate Collection Set: 0.2ms
[2024-08-27T14:57:27.593+0000][info][gc,phases      ] GC(406)   Merge Heap Roots: 0.3ms
[2024-08-27T14:57:27.593+0000][info][gc,phases      ] GC(406)   Evacuate Collection Set: 7.5ms
[2024-08-27T14:57:27.593+0000][info][gc,phases      ] GC(406)   Post Evacuate Collection Set: 0.4ms
[2024-08-27T14:57:27.593+0000][info][gc,phases      ] GC(406)   Other: 0.3ms
[2024-08-27T14:57:27.593+0000][info][gc,heap        ] GC(406) Eden regions: 29->0(44)
[2024-08-27T14:57:27.593+0000][info][gc,heap        ] GC(406) Survivor regions: 7->7(7)
[2024-08-27T14:57:27.593+0000][info][gc,heap        ] GC(406) Old regions: 940->869
[2024-08-27T14:57:27.593+0000][info][gc,heap        ] GC(406) Archive regions: 2->2
[2024-08-27T14:57:27.593+0000][info][gc,heap        ] GC(406) Humongous regions: 5->5
[2024-08-27T14:57:27.593+0000][info][gc,metaspace   ] GC(406) Metaspace: 100K(320K)->100K(320K) NonClass: 96K(192K)->96K(192K) Class: 4K(128K)->4K(128K)
[2024-08-27T14:57:27.593+0000][info][gc             ] GC(406) Pause Young (Mixed) (G1 Preventive Collection) 970M->879M(1024M) 8.876ms
[2024-08-27T14:57:27.593+0000][info][gc,cpu         ] GC(406) User=0.19s Sys=0.00s Real=0.01s
[2024-08-27T14:57:27.614+0000][info][gc,start       ] GC(407) Pause Young (Mixed) (G1 Evacuation Pause)
[2024-08-27T14:57:27.614+0000][info][gc,task        ] GC(407) Using 24 workers of 68 for evacuation
[2024-08-27T14:57:27.625+0000][info][gc,phases      ] GC(407)   Pre Evacuate Collection Set: 0.2ms
[2024-08-27T14:57:27.625+0000][info][gc,phases      ] GC(407)   Merge Heap Roots: 0.4ms
[2024-08-27T14:57:27.625+0000][info][gc,phases      ] GC(407)   Evacuate Collection Set: 9.4ms
[2024-08-27T14:57:27.625+0000][info][gc,phases      ] GC(407)   Post Evacuate Collection Set: 0.4ms
[2024-08-27T14:57:27.625+0000][info][gc,phases      ] GC(407)   Other: 0.4ms
[2024-08-27T14:57:27.625+0000][info][gc,heap        ] GC(407) Eden regions: 44->0(44)
[2024-08-27T14:57:27.625+0000][info][gc,heap        ] GC(407) Survivor regions: 7->7(7)
[2024-08-27T14:57:27.625+0000][info][gc,heap        ] GC(407) Old regions: 869->812
[2024-08-27T14:57:27.625+0000][info][gc,heap        ] GC(407) Archive regions: 2->2
[2024-08-27T14:57:27.625+0000][info][gc,heap        ] GC(407) Humongous regions: 5->5
[2024-08-27T14:57:27.625+0000][info][gc,metaspace   ] GC(407) Metaspace: 100K(320K)->100K(320K) NonClass: 96K(192K)->96K(192K) Class: 4K(128K)->4K(128K)
[2024-08-27T14:57:27.625+0000][info][gc             ] GC(407) Pause Young (Mixed) (G1 Evacuation Pause) 923M->824M(1024M) 10.967ms
[2024-08-27T14:57:27.625+0000][info][gc,cpu         ] GC(407) User=0.23s Sys=0.00s Real=0.01s
[2024-08-27T14:57:27.646+0000][info][gc,start       ] GC(408) Pause Young (Mixed) (G1 Evacuation Pause)
[2024-08-27T14:57:27.646+0000][info][gc,task        ] GC(408) Using 24 workers of 68 for evacuation
[2024-08-27T14:57:27.656+0000][info][gc,phases      ] GC(408)   Pre Evacuate Collection Set: 0.2ms
[2024-08-27T14:57:27.656+0000][info][gc,phases      ] GC(408)   Merge Heap Roots: 0.3ms
[2024-08-27T14:57:27.656+0000][info][gc,phases      ] GC(408)   Evacuate Collection Set: 9.0ms
[2024-08-27T14:57:27.656+0000][info][gc,phases      ] GC(408)   Post Evacuate Collection Set: 0.4ms
[2024-08-27T14:57:27.656+0000][info][gc,phases      ] GC(408)   Other: 0.2ms
[2024-08-27T14:57:27.656+0000][info][gc,heap        ] GC(408) Eden regions: 44->0(44)
[2024-08-27T14:57:27.656+0000][info][gc,heap        ] GC(408) Survivor regions: 7->7(7)
[2024-08-27T14:57:27.656+0000][info][gc,heap        ] GC(408) Old regions: 812->834
[2024-08-27T14:57:27.656+0000][info][gc,heap        ] GC(408) Archive regions: 2->2
[2024-08-27T14:57:27.656+0000][info][gc,heap        ] GC(408) Humongous regions: 5->5
[2024-08-27T14:57:27.656+0000][info][gc,metaspace   ] GC(408) Metaspace: 100K(320K)->100K(320K) NonClass: 96K(192K)->96K(192K) Class: 4K(128K)->4K(128K)
[2024-08-27T14:57:27.656+0000][info][gc             ] GC(408) Pause Young (Mixed) (G1 Evacuation Pause) 868M->845M(1024M) 10.160ms
[2024-08-27T14:57:27.656+0000][info][gc,cpu         ] GC(408) User=0.21s Sys=0.00s Real=0.01s
[2024-08-27T14:57:27.676+0000][info][gc,start       ] GC(409) Pause Young (Concurrent Start) (G1 Evacuation Pause)
[2024-08-27T14:57:27.676+0000][info][gc,task        ] GC(409) Using 24 workers of 68 for evacuation
[2024-08-27T14:57:27.687+0000][info][gc,phases      ] GC(409)   Pre Evacuate Collection Set: 0.2ms
[2024-08-27T14:57:27.687+0000][info][gc,phases      ] GC(409)   Merge Heap Roots: 0.3ms
[2024-08-27T14:57:27.687+0000][info][gc,phases      ] GC(409)   Evacuate Collection Set: 9.1ms
[2024-08-27T14:57:27.687+0000][info][gc,phases      ] GC(409)   Post Evacuate Collection Set: 0.4ms
[2024-08-27T14:57:27.687+0000][info][gc,phases      ] GC(409)   Other: 0.9ms
[2024-08-27T14:57:27.687+0000][info][gc,heap        ] GC(409) Eden regions: 44->0(44)
[2024-08-27T14:57:27.687+0000][info][gc,heap        ] GC(409) Survivor regions: 7->7(7)
[2024-08-27T14:57:27.687+0000][info][gc,heap        ] GC(409) Old regions: 834->880
[2024-08-27T14:57:27.687+0000][info][gc,heap        ] GC(409) Archive regions: 2->2
[2024-08-27T14:57:27.687+0000][info][gc,heap        ] GC(409) Humongous regions: 5->5
[2024-08-27T14:57:27.687+0000][info][gc,metaspace   ] GC(409) Metaspace: 100K(320K)->100K(320K) NonClass: 96K(192K)->96K(192K) Class: 4K(128K)->4K(128K)
[2024-08-27T14:57:27.687+0000][info][gc             ] GC(409) Pause Young (Concurrent Start) (G1 Evacuation Pause) 889M->892M(1024M) 10.939ms
[2024-08-27T14:57:27.687+0000][info][gc,cpu         ] GC(409) User=0.22s Sys=0.00s Real=0.01s
[2024-08-27T14:57:27.687+0000][info][gc             ] GC(410) Concurrent Mark Cycle
[2024-08-27T14:57:27.687+0000][info][gc,marking     ] GC(410) Concurrent Clear Claimed Marks
[2024-08-27T14:57:27.687+0000][info][gc,marking     ] GC(410) Concurrent Clear Claimed Marks 0.011ms
[2024-08-27T14:57:27.687+0000][info][gc,marking     ] GC(410) Concurrent Scan Root Regions
[2024-08-27T14:57:27.689+0000][info][gc,marking     ] GC(410) Concurrent Scan Root Regions 1.578ms
[2024-08-27T14:57:27.689+0000][info][gc,marking     ] GC(410) Concurrent Mark
[2024-08-27T14:57:27.689+0000][info][gc,marking     ] GC(410) Concurrent Mark From Roots
[2024-08-27T14:57:27.689+0000][info][gc,task        ] GC(410) Using 17 workers of 17 for marking
[2024-08-27T14:57:27.711+0000][info][gc,marking     ] GC(410) Concurrent Mark From Roots 22.187ms
[2024-08-27T14:57:27.711+0000][info][gc,marking     ] GC(410) Concurrent Preclean
[2024-08-27T14:57:27.712+0000][info][gc,marking     ] GC(410) Concurrent Preclean 1.371ms
[2024-08-27T14:57:27.713+0000][info][gc,start       ] GC(410) Pause Remark
[2024-08-27T14:57:27.714+0000][info][gc             ] GC(410) Pause Remark 930M->930M(1024M) 1.173ms
[2024-08-27T14:57:27.714+0000][info][gc,cpu         ] GC(410) User=0.01s Sys=0.00s Real=0.00s
[2024-08-27T14:57:27.714+0000][info][gc,marking     ] GC(410) Concurrent Mark 25.179ms
[2024-08-27T14:57:27.714+0000][info][gc,marking     ] GC(410) Concurrent Rebuild Remembered Sets
[2024-08-27T14:57:27.718+0000][info][gc,start       ] GC(411) Pause Young (Normal) (G1 Evacuation Pause)
[2024-08-27T14:57:27.718+0000][info][gc,task        ] GC(411) Using 24 workers of 68 for evacuation
[2024-08-27T14:57:27.728+0000][info][gc,phases      ] GC(411)   Pre Evacuate Collection Set: 0.1ms
[2024-08-27T14:57:27.728+0000][info][gc,phases      ] GC(411)   Merge Heap Roots: 0.2ms
[2024-08-27T14:57:27.728+0000][info][gc,phases      ] GC(411)   Evacuate Collection Set: 8.9ms
[2024-08-27T14:57:27.728+0000][info][gc,phases      ] GC(411)   Post Evacuate Collection Set: 0.4ms
[2024-08-27T14:57:27.728+0000][info][gc,phases      ] GC(411)   Other: 0.2ms
[2024-08-27T14:57:27.728+0000][info][gc,heap        ] GC(411) Eden regions: 44->0(44)
[2024-08-27T14:57:27.728+0000][info][gc,heap        ] GC(411) Survivor regions: 7->7(7)
[2024-08-27T14:57:27.728+0000][info][gc,heap        ] GC(411) Old regions: 880->927
[2024-08-27T14:57:27.728+0000][info][gc,heap        ] GC(411) Archive regions: 2->2
[2024-08-27T14:57:27.728+0000][info][gc,heap        ] GC(411) Humongous regions: 5->5
[2024-08-27T14:57:27.728+0000][info][gc,metaspace   ] GC(411) Metaspace: 100K(320K)->100K(320K) NonClass: 96K(192K)->96K(192K) Class: 4K(128K)->4K(128K)
[2024-08-27T14:57:27.728+0000][info][gc             ] GC(411) Pause Young (Normal) (G1 Evacuation Pause) 936M->939M(1024M) 9.962ms
[2024-08-27T14:57:27.728+0000][info][gc,cpu         ] GC(411) User=0.21s Sys=0.00s Real=0.00s
[2024-08-27T14:57:27.747+0000][info][gc,start       ] GC(412) Pause Young (Normal) (G1 Preventive Collection)
[2024-08-27T14:57:27.747+0000][info][gc,task        ] GC(412) Using 24 workers of 68 for evacuation
[2024-08-27T14:57:27.759+0000][info][gc,phases      ] GC(412)   Pre Evacuate Collection Set: 0.1ms
[2024-08-27T14:57:27.759+0000][info][gc,phases      ] GC(412)   Merge Heap Roots: 0.4ms
[2024-08-27T14:57:27.759+0000][info][gc,phases      ] GC(412)   Evacuate Collection Set: 10.9ms
[2024-08-27T14:57:27.759+0000][info][gc,phases      ] GC(412)   Post Evacuate Collection Set: 0.5ms
[2024-08-27T14:57:27.759+0000][info][gc,phases      ] GC(412)   Other: 0.2ms
[2024-08-27T14:57:27.759+0000][info][gc,heap        ] GC(412) Eden regions: 36->0(44)
[2024-08-27T14:57:27.759+0000][info][gc,heap        ] GC(412) Survivor regions: 7->7(7)
[2024-08-27T14:57:27.759+0000][info][gc,heap        ] GC(412) Old regions: 927->965
[2024-08-27T14:57:27.759+0000][info][gc,heap        ] GC(412) Archive regions: 2->2
[2024-08-27T14:57:27.759+0000][info][gc,heap        ] GC(412) Humongous regions: 5->5
[2024-08-27T14:57:27.759+0000][info][gc,metaspace   ] GC(412) Metaspace: 100K(320K)->100K(320K) NonClass: 96K(192K)->96K(192K) Class: 4K(128K)->4K(128K)
[2024-08-27T14:57:27.759+0000][info][gc             ] GC(412) Pause Young (Normal) (G1 Preventive Collection) 975M->977M(1024M) 12.264ms
[2024-08-27T14:57:27.760+0000][info][gc,cpu         ] GC(412) User=0.28s Sys=0.00s Real=0.02s
[2024-08-27T14:57:27.769+0000][info][gc,start       ] GC(413) Pause Young (Normal) (G1 Preventive Collection)
[2024-08-27T14:57:27.769+0000][info][gc,task        ] GC(413) Using 24 workers of 68 for evacuation
[2024-08-27T14:57:27.780+0000][info][gc             ] GC(413) To-space exhausted
[2024-08-27T14:57:27.780+0000][info][gc,phases      ] GC(413)   Pre Evacuate Collection Set: 0.2ms
[2024-08-27T14:57:27.780+0000][info][gc,phases      ] GC(413)   Merge Heap Roots: 0.3ms
[2024-08-27T14:57:27.780+0000][info][gc,phases      ] GC(413)   Evacuate Collection Set: 9.2ms
[2024-08-27T14:57:27.780+0000][info][gc,phases      ] GC(413)   Post Evacuate Collection Set: 0.9ms
[2024-08-27T14:57:27.780+0000][info][gc,phases      ] GC(413)   Other: 0.3ms
[2024-08-27T14:57:27.780+0000][info][gc,heap        ] GC(413) Eden regions: 18->0(44)
[2024-08-27T14:57:27.780+0000][info][gc,heap        ] GC(413) Survivor regions: 7->7(7)
[2024-08-27T14:57:27.780+0000][info][gc,heap        ] GC(413) Old regions: 965->1007
[2024-08-27T14:57:27.780+0000][info][gc,heap        ] GC(413) Archive regions: 2->2
[2024-08-27T14:57:27.780+0000][info][gc,heap        ] GC(413) Humongous regions: 5->5
[2024-08-27T14:57:27.780+0000][info][gc,metaspace   ] GC(413) Metaspace: 100K(320K)->100K(320K) NonClass: 96K(192K)->96K(192K) Class: 4K(128K)->4K(128K)
[2024-08-27T14:57:27.780+0000][info][gc             ] GC(413) Pause Young (Normal) (G1 Preventive Collection) 995M->1019M(1024M) 10.952ms
[2024-08-27T14:57:27.780+0000][info][gc,cpu         ] GC(413) User=0.24s Sys=0.00s Real=0.02s
[2024-08-27T14:57:27.781+0000][info][gc,start       ] GC(414) Pause Young (Normal) (G1 Preventive Collection)
[2024-08-27T14:57:27.781+0000][info][gc,task        ] GC(414) Using 24 workers of 68 for evacuation
[2024-08-27T14:57:27.788+0000][info][gc             ] GC(414) To-space exhausted
[2024-08-27T14:57:27.788+0000][info][gc,phases      ] GC(414)   Pre Evacuate Collection Set: 0.1ms
[2024-08-27T14:57:27.788+0000][info][gc,phases      ] GC(414)   Merge Heap Roots: 0.4ms
[2024-08-27T14:57:27.788+0000][info][gc,phases      ] GC(414)   Evacuate Collection Set: 5.5ms
[2024-08-27T14:57:27.788+0000][info][gc,phases      ] GC(414)   Post Evacuate Collection Set: 0.9ms
[2024-08-27T14:57:27.788+0000][info][gc,phases      ] GC(414)   Other: 0.2ms
[2024-08-27T14:57:27.788+0000][info][gc,heap        ] GC(414) Eden regions: 1->0(51)
[2024-08-27T14:57:27.788+0000][info][gc,heap        ] GC(414) Survivor regions: 7->0(2)
[2024-08-27T14:57:27.788+0000][info][gc,heap        ] GC(414) Old regions: 1007->1017
[2024-08-27T14:57:27.788+0000][info][gc,heap        ] GC(414) Archive regions: 2->2
[2024-08-27T14:57:27.788+0000][info][gc,heap        ] GC(414) Humongous regions: 5->5
[2024-08-27T14:57:27.788+0000][info][gc,metaspace   ] GC(414) Metaspace: 100K(320K)->100K(320K) NonClass: 96K(192K)->96K(192K) Class: 4K(128K)->4K(128K)
[2024-08-27T14:57:27.788+0000][info][gc             ] GC(414) Pause Young (Normal) (G1 Preventive Collection) 1020M->1022M(1024M) 7.364ms
[2024-08-27T14:57:27.788+0000][info][gc,cpu         ] GC(414) User=0.15s Sys=0.00s Real=0.00s
[2024-08-27T14:57:27.789+0000][info][gc,ergo        ] Attempting full compaction
[2024-08-27T14:57:27.789+0000][info][gc,task        ] GC(415) Using 24 workers of 68 for full compaction
[2024-08-27T14:57:27.789+0000][info][gc,start       ] GC(415) Pause Full (G1 Compaction Pause)
[2024-08-27T14:57:27.790+0000][info][gc,phases,start] GC(415) Phase 1: Mark live objects
[2024-08-27T14:57:27.803+0000][info][gc,phases      ] GC(415) Phase 1: Mark live objects 13.642ms
[2024-08-27T14:57:27.803+0000][info][gc,phases,start] GC(415) Phase 2: Prepare for compaction
[2024-08-27T14:57:27.811+0000][info][gc,phases      ] GC(415) Phase 2: Prepare for compaction 7.891ms
[2024-08-27T14:57:27.811+0000][info][gc,phases,start] GC(415) Phase 3: Adjust pointers
[2024-08-27T14:57:27.828+0000][info][gc,phases      ] GC(415) Phase 3: Adjust pointers 16.329ms
[2024-08-27T14:57:27.828+0000][info][gc,phases,start] GC(415) Phase 4: Compact heap
[2024-08-27T14:57:27.854+0000][info][gc,phases      ] GC(415) Phase 4: Compact heap 26.087ms
[2024-08-27T14:57:27.855+0000][info][gc,heap        ] GC(415) Eden regions: 0->0(150)
[2024-08-27T14:57:27.855+0000][info][gc,heap        ] GC(415) Survivor regions: 0->0(2)
[2024-08-27T14:57:27.855+0000][info][gc,heap        ] GC(415) Old regions: 1017->444
[2024-08-27T14:57:27.855+0000][info][gc,heap        ] GC(415) Archive regions: 2->2
[2024-08-27T14:57:27.855+0000][info][gc,heap        ] GC(415) Humongous regions: 5->5
[2024-08-27T14:57:27.855+0000][info][gc,metaspace   ] GC(415) Metaspace: 100K(320K)->100K(320K) NonClass: 96K(192K)->96K(192K) Class: 4K(128K)->4K(128K)
[2024-08-27T14:57:27.855+0000][info][gc             ] GC(415) Pause Full (G1 Compaction Pause) 1022M->437M(1024M) 66.268ms
[2024-08-27T14:57:27.855+0000][info][gc,cpu         ] GC(415) User=1.39s Sys=0.00s Real=0.07s
[2024-08-27T14:57:27.856+0000][info][gc,marking     ] GC(410) Concurrent Rebuild Remembered Sets 141.833ms
[2024-08-27T14:57:27.856+0000][info][gc,marking     ] GC(410) Concurrent Mark Abort
[2024-08-27T14:57:27.856+0000][info][gc             ] GC(410) Concurrent Mark Cycle 168.751ms
[2024-08-27T14:57:27.930+0000][info][gc,start       ] GC(416) Pause Young (Normal) (G1 Evacuation Pause)
[2024-08-27T14:57:27.930+0000][info][gc,task        ] GC(416) Using 24 workers of 68 for evacuation
[2024-08-27T14:57:27.951+0000][info][gc,phases      ] GC(416)   Pre Evacuate Collection Set: 0.2ms
[2024-08-27T14:57:27.951+0000][info][gc,phases      ] GC(416)   Merge Heap Roots: 0.3ms
[2024-08-27T14:57:27.951+0000][info][gc,phases      ] GC(416)   Evacuate Collection Set: 20.2ms
[2024-08-27T14:57:27.951+0000][info][gc,phases      ] GC(416)   Post Evacuate Collection Set: 0.4ms
[2024-08-27T14:57:27.952+0000][info][gc,phases      ] GC(416)   Other: 0.3ms
[2024-08-27T14:57:27.952+0000][info][gc,heap        ] GC(416) Eden regions: 150->0(103)
[2024-08-27T14:57:27.952+0000][info][gc,heap        ] GC(416) Survivor regions: 0->19(19)
[2024-08-27T14:57:27.952+0000][info][gc,heap        ] GC(416) Old regions: 444->570
[2024-08-27T14:57:27.952+0000][info][gc,heap        ] GC(416) Archive regions: 2->2
[2024-08-27T14:57:27.952+0000][info][gc,heap        ] GC(416) Humongous regions: 5->5
[2024-08-27T14:57:27.952+0000][info][gc,metaspace   ] GC(416) Metaspace: 100K(320K)->100K(320K) NonClass: 96K(192K)->96K(192K) Class: 4K(128K)->4K(128K)
[2024-08-27T14:57:27.952+0000][info][gc             ] GC(416) Pause Young (Normal) (G1 Evacuation Pause) 587M->582M(1024M) 21.603ms
[2024-08-27T14:57:27.952+0000][info][gc,cpu         ] GC(416) User=0.49s Sys=0.00s Real=0.02s
[2024-08-27T14:57:27.999+0000][info][gc,start       ] GC(417) Pause Young (Concurrent Start) (G1 Evacuation Pause)
[2024-08-27T14:57:27.999+0000][info][gc,task        ] GC(417) Using 24 workers of 68 for evacuation
[2024-08-27T14:57:28.019+0000][info][gc,phases      ] GC(417)   Pre Evacuate Collection Set: 0.2ms
[2024-08-27T14:57:28.019+0000][info][gc,phases      ] GC(417)   Merge Heap Roots: 0.3ms
[2024-08-27T14:57:28.019+0000][info][gc,phases      ] GC(417)   Evacuate Collection Set: 17.6ms
[2024-08-27T14:57:28.019+0000][info][gc,phases      ] GC(417)   Post Evacuate Collection Set: 0.4ms
[2024-08-27T14:57:28.019+0000][info][gc,phases      ] GC(417)   Other: 1.0ms
[2024-08-27T14:57:28.019+0000][info][gc,heap        ] GC(417) Eden regions: 103->0(69)
[2024-08-27T14:57:28.019+0000][info][gc,heap        ] GC(417) Survivor regions: 19->16(16)
[2024-08-27T14:57:28.019+0000][info][gc,heap        ] GC(417) Old regions: 570->678
[2024-08-27T14:57:28.019+0000][info][gc,heap        ] GC(417) Archive regions: 2->2
[2024-08-27T14:57:28.019+0000][info][gc,heap        ] GC(417) Humongous regions: 5->5
[2024-08-27T14:57:28.019+0000][info][gc,metaspace   ] GC(417) Metaspace: 100K(320K)->100K(320K) NonClass: 96K(192K)->96K(192K) Class: 4K(128K)->4K(128K)
[2024-08-27T14:57:28.019+0000][info][gc             ] GC(417) Pause Young (Concurrent Start) (G1 Evacuation Pause) 685M->687M(1024M) 19.707ms
[2024-08-27T14:57:28.019+0000][info][gc,cpu         ] GC(417) User=0.43s Sys=0.00s Real=0.02s
[2024-08-27T14:57:28.019+0000][info][gc             ] GC(418) Concurrent Mark Cycle
[2024-08-27T14:57:28.019+0000][info][gc,marking     ] GC(418) Concurrent Clear Claimed Marks
[2024-08-27T14:57:28.019+0000][info][gc,marking     ] GC(418) Concurrent Clear Claimed Marks 0.011ms
[2024-08-27T14:57:28.019+0000][info][gc,marking     ] GC(418) Concurrent Scan Root Regions
[2024-08-27T14:57:28.022+0000][info][gc,marking     ] GC(418) Concurrent Scan Root Regions 3.322ms
[2024-08-27T14:57:28.022+0000][info][gc,marking     ] GC(418) Concurrent Mark
[2024-08-27T14:57:28.022+0000][info][gc,marking     ] GC(418) Concurrent Mark From Roots
[2024-08-27T14:57:28.022+0000][info][gc,task        ] GC(418) Using 17 workers of 17 for marking
[2024-08-27T14:57:28.041+0000][info][gc,marking     ] GC(418) Concurrent Mark From Roots 19.053ms
[2024-08-27T14:57:28.042+0000][info][gc,marking     ] GC(418) Concurrent Preclean
[2024-08-27T14:57:28.042+0000][info][gc,marking     ] GC(418) Concurrent Preclean 0.538ms
[2024-08-27T14:57:28.042+0000][info][gc,start       ] GC(418) Pause Remark
[2024-08-27T14:57:28.044+0000][info][gc             ] GC(418) Pause Remark 722M->722M(1024M) 1.599ms
[2024-08-27T14:57:28.044+0000][info][gc,cpu         ] GC(418) User=0.01s Sys=0.00s Real=0.00s
[2024-08-27T14:57:28.044+0000][info][gc,marking     ] GC(418) Concurrent Mark 21.618ms
[2024-08-27T14:57:28.044+0000][info][gc,marking     ] GC(418) Concurrent Rebuild Remembered Sets
[2024-08-27T14:57:28.060+0000][info][gc,start       ] GC(419) Pause Young (Normal) (G1 Evacuation Pause)
[2024-08-27T14:57:28.060+0000][info][gc,task        ] GC(419) Using 24 workers of 68 for evacuation
[2024-08-27T14:57:28.075+0000][info][gc,phases      ] GC(419)   Pre Evacuate Collection Set: 0.2ms
[2024-08-27T14:57:28.075+0000][info][gc,phases      ] GC(419)   Merge Heap Roots: 0.3ms
[2024-08-27T14:57:28.075+0000][info][gc,phases      ] GC(419)   Evacuate Collection Set: 13.9ms
[2024-08-27T14:57:28.075+0000][info][gc,phases      ] GC(419)   Post Evacuate Collection Set: 0.5ms
[2024-08-27T14:57:28.075+0000][info][gc,phases      ] GC(419)   Other: 0.3ms
[2024-08-27T14:57:28.075+0000][info][gc,heap        ] GC(419) Eden regions: 69->0(46)
[2024-08-27T14:57:28.075+0000][info][gc,heap        ] GC(419) Survivor regions: 16->11(11)
[2024-08-27T14:57:28.075+0000][info][gc,heap        ] GC(419) Old regions: 678->754
[2024-08-27T14:57:28.075+0000][info][gc,heap        ] GC(419) Archive regions: 2->2
[2024-08-27T14:57:28.075+0000][info][gc,heap        ] GC(419) Humongous regions: 5->5
[2024-08-27T14:57:28.075+0000][info][gc,metaspace   ] GC(419) Metaspace: 100K(320K)->100K(320K) NonClass: 96K(192K)->96K(192K) Class: 4K(128K)->4K(128K)
[2024-08-27T14:57:28.075+0000][info][gc             ] GC(419) Pause Young (Normal) (G1 Evacuation Pause) 756M->758M(1024M) 15.406ms
[2024-08-27T14:57:28.075+0000][info][gc,cpu         ] GC(419) User=0.35s Sys=0.00s Real=0.01s
[2024-08-27T14:57:28.097+0000][info][gc,start       ] GC(420) Pause Young (Normal) (G1 Evacuation Pause)
[2024-08-27T14:57:28.097+0000][info][gc,task        ] GC(420) Using 24 workers of 68 for evacuation
[2024-08-27T14:57:28.115+0000][info][gc,phases      ] GC(420)   Pre Evacuate Collection Set: 0.2ms
[2024-08-27T14:57:28.115+0000][info][gc,phases      ] GC(420)   Merge Heap Roots: 0.4ms
[2024-08-27T14:57:28.115+0000][info][gc,phases      ] GC(420)   Evacuate Collection Set: 16.2ms
[2024-08-27T14:57:28.115+0000][info][gc,phases      ] GC(420)   Post Evacuate Collection Set: 0.7ms
[2024-08-27T14:57:28.115+0000][info][gc,phases      ] GC(420)   Other: 0.3ms
[2024-08-27T14:57:28.115+0000][info][gc,heap        ] GC(420) Eden regions: 46->0(43)
[2024-08-27T14:57:28.115+0000][info][gc,heap        ] GC(420) Survivor regions: 11->8(8)
[2024-08-27T14:57:28.115+0000][info][gc,heap        ] GC(420) Old regions: 754->808
[2024-08-27T14:57:28.115+0000][info][gc,heap        ] GC(420) Archive regions: 2->2
[2024-08-27T14:57:28.115+0000][info][gc,heap        ] GC(420) Humongous regions: 5->5
[2024-08-27T14:57:28.115+0000][info][gc,metaspace   ] GC(420) Metaspace: 100K(320K)->100K(320K) NonClass: 96K(192K)->96K(192K) Class: 4K(128K)->4K(128K)
[2024-08-27T14:57:28.115+0000][info][gc             ] GC(420) Pause Young (Normal) (G1 Evacuation Pause) 804M->809M(1024M) 17.976ms
[2024-08-27T14:57:28.115+0000][info][gc,cpu         ] GC(420) User=0.40s Sys=0.00s Real=0.02s
[2024-08-27T14:57:28.136+0000][info][gc,start       ] GC(421) Pause Young (Normal) (G1 Evacuation Pause)
[2024-08-27T14:57:28.136+0000][info][gc,task        ] GC(421) Using 24 workers of 68 for evacuation
[2024-08-27T14:57:28.152+0000][info][gc,phases      ] GC(421)   Pre Evacuate Collection Set: 0.2ms
[2024-08-27T14:57:28.152+0000][info][gc,phases      ] GC(421)   Merge Heap Roots: 0.4ms
[2024-08-27T14:57:28.152+0000][info][gc,phases      ] GC(421)   Evacuate Collection Set: 14.4ms
[2024-08-27T14:57:28.152+0000][info][gc,phases      ] GC(421)   Post Evacuate Collection Set: 0.7ms
[2024-08-27T14:57:28.152+0000][info][gc,phases      ] GC(421)   Other: 0.3ms
[2024-08-27T14:57:28.152+0000][info][gc,heap        ] GC(421) Eden regions: 43->0(44)
[2024-08-27T14:57:28.152+0000][info][gc,heap        ] GC(421) Survivor regions: 8->7(7)
[2024-08-27T14:57:28.152+0000][info][gc,heap        ] GC(421) Old regions: 808->856
[2024-08-27T14:57:28.152+0000][info][gc,heap        ] GC(421) Archive regions: 2->2
[2024-08-27T14:57:28.152+0000][info][gc,heap        ] GC(421) Humongous regions: 5->5
[2024-08-27T14:57:28.152+0000][info][gc,metaspace   ] GC(421) Metaspace: 100K(320K)->100K(320K) NonClass: 96K(192K)->96K(192K) Class: 4K(128K)->4K(128K)
[2024-08-27T14:57:28.152+0000][info][gc             ] GC(421) Pause Young (Normal) (G1 Evacuation Pause) 852M->856M(1024M) 16.259ms
[2024-08-27T14:57:28.152+0000][info][gc,cpu         ] GC(421) User=0.37s Sys=0.00s Real=0.02s
[2024-08-27T14:57:28.162+0000][info][gc,marking     ] GC(418) Concurrent Rebuild Remembered Sets 117.723ms
[2024-08-27T14:57:28.162+0000][info][gc,start       ] GC(418) Pause Cleanup
[2024-08-27T14:57:28.164+0000][info][gc             ] GC(418) Pause Cleanup 875M->875M(1024M) 1.952ms
[2024-08-27T14:57:28.164+0000][info][gc,cpu         ] GC(418) User=0.01s Sys=0.00s Real=0.00s
[2024-08-27T14:57:28.164+0000][info][gc,marking     ] GC(418) Concurrent Cleanup for Next Mark
[2024-08-27T14:57:28.165+0000][info][gc,marking     ] GC(418) Concurrent Cleanup for Next Mark 0.603ms
[2024-08-27T14:57:28.165+0000][info][gc             ] GC(418) Concurrent Mark Cycle 145.810ms
[2024-08-27T14:57:28.177+0000][info][gc,start       ] GC(422) Pause Young (Prepare Mixed) (G1 Evacuation Pause)
[2024-08-27T14:57:28.177+0000][info][gc,task        ] GC(422) Using 24 workers of 68 for evacuation
[2024-08-27T14:57:28.193+0000][info][gc,phases      ] GC(422)   Pre Evacuate Collection Set: 0.2ms
[2024-08-27T14:57:28.193+0000][info][gc,phases      ] GC(422)   Merge Heap Roots: 0.8ms
[2024-08-27T14:57:28.193+0000][info][gc,phases      ] GC(422)   Evacuate Collection Set: 14.7ms
[2024-08-27T14:57:28.193+0000][info][gc,phases      ] GC(422)   Post Evacuate Collection Set: 0.4ms
[2024-08-27T14:57:28.193+0000][info][gc,phases      ] GC(422)   Other: 0.3ms
[2024-08-27T14:57:28.193+0000][info][gc,heap        ] GC(422) Eden regions: 44->0(44)
[2024-08-27T14:57:28.193+0000][info][gc,heap        ] GC(422) Survivor regions: 7->7(7)
[2024-08-27T14:57:28.193+0000][info][gc,heap        ] GC(422) Old regions: 856->902
[2024-08-27T14:57:28.193+0000][info][gc,heap        ] GC(422) Archive regions: 2->2
[2024-08-27T14:57:28.193+0000][info][gc,heap        ] GC(422) Humongous regions: 5->5
[2024-08-27T14:57:28.193+0000][info][gc,metaspace   ] GC(422) Metaspace: 100K(320K)->100K(320K) NonClass: 96K(192K)->96K(192K) Class: 4K(128K)->4K(128K)
[2024-08-27T14:57:28.193+0000][info][gc             ] GC(422) Pause Young (Prepare Mixed) (G1 Evacuation Pause) 900M->902M(1024M) 16.458ms
[2024-08-27T14:57:28.193+0000][info][gc,cpu         ] GC(422) User=0.37s Sys=0.00s Real=0.02s
[2024-08-27T14:57:28.214+0000][info][gc,start       ] GC(423) Pause Young (Mixed) (G1 Evacuation Pause)
[2024-08-27T14:57:28.214+0000][info][gc,task        ] GC(423) Using 24 workers of 68 for evacuation
[2024-08-27T14:57:28.225+0000][info][gc,phases      ] GC(423)   Pre Evacuate Collection Set: 0.2ms
[2024-08-27T14:57:28.225+0000][info][gc,phases      ] GC(423)   Merge Heap Roots: 0.3ms
[2024-08-27T14:57:28.225+0000][info][gc,phases      ] GC(423)   Evacuate Collection Set: 9.6ms
[2024-08-27T14:57:28.225+0000][info][gc,phases      ] GC(423)   Post Evacuate Collection Set: 0.4ms
[2024-08-27T14:57:28.225+0000][info][gc,phases      ] GC(423)   Other: 0.3ms
[2024-08-27T14:57:28.225+0000][info][gc,heap        ] GC(423) Eden regions: 44->0(44)
[2024-08-27T14:57:28.225+0000][info][gc,heap        ] GC(423) Survivor regions: 7->7(7)
[2024-08-27T14:57:28.225+0000][info][gc,heap        ] GC(423) Old regions: 902->846
[2024-08-27T14:57:28.225+0000][info][gc,heap        ] GC(423) Archive regions: 2->2
[2024-08-27T14:57:28.225+0000][info][gc,heap        ] GC(423) Humongous regions: 5->5
[2024-08-27T14:57:28.225+0000][info][gc,metaspace   ] GC(423) Metaspace: 100K(320K)->100K(320K) NonClass: 96K(192K)->96K(192K) Class: 4K(128K)->4K(128K)
[2024-08-27T14:57:28.225+0000][info][gc             ] GC(423) Pause Young (Mixed) (G1 Evacuation Pause) 946M->846M(1024M) 11.050ms
[2024-08-27T14:57:28.225+0000][info][gc,cpu         ] GC(423) User=0.24s Sys=0.00s Real=0.01s
[2024-08-27T14:57:28.246+0000][info][gc,start       ] GC(424) Pause Young (Mixed) (G1 Evacuation Pause)
[2024-08-27T14:57:28.246+0000][info][gc,task        ] GC(424) Using 24 workers of 68 for evacuation
[2024-08-27T14:57:28.257+0000][info][gc,phases      ] GC(424)   Pre Evacuate Collection Set: 0.2ms
[2024-08-27T14:57:28.257+0000][info][gc,phases      ] GC(424)   Merge Heap Roots: 0.5ms
[2024-08-27T14:57:28.257+0000][info][gc,phases      ] GC(424)   Evacuate Collection Set: 9.7ms
[2024-08-27T14:57:28.257+0000][info][gc,phases      ] GC(424)   Post Evacuate Collection Set: 0.4ms
[2024-08-27T14:57:28.257+0000][info][gc,phases      ] GC(424)   Other: 0.3ms
[2024-08-27T14:57:28.257+0000][info][gc,heap        ] GC(424) Eden regions: 44->0(44)
[2024-08-27T14:57:28.257+0000][info][gc,heap        ] GC(424) Survivor regions: 7->7(7)
[2024-08-27T14:57:28.257+0000][info][gc,heap        ] GC(424) Old regions: 846->804
[2024-08-27T14:57:28.257+0000][info][gc,heap        ] GC(424) Archive regions: 2->2
[2024-08-27T14:57:28.257+0000][info][gc,heap        ] GC(424) Humongous regions: 5->5
[2024-08-27T14:57:28.257+0000][info][gc,metaspace   ] GC(424) Metaspace: 100K(320K)->100K(320K) NonClass: 96K(192K)->96K(192K) Class: 4K(128K)->4K(128K)
[2024-08-27T14:57:28.257+0000][info][gc             ] GC(424) Pause Young (Mixed) (G1 Evacuation Pause) 890M->811M(1024M) 11.294ms
[2024-08-27T14:57:28.257+0000][info][gc,cpu         ] GC(424) User=0.24s Sys=0.01s Real=0.01s
[2024-08-27T14:57:28.277+0000][info][gc,start       ] GC(425) Pause Young (Concurrent Start) (G1 Evacuation Pause)
[2024-08-27T14:57:28.278+0000][info][gc,task        ] GC(425) Using 24 workers of 68 for evacuation
[2024-08-27T14:57:28.288+0000][info][gc,phases      ] GC(425)   Pre Evacuate Collection Set: 0.2ms
[2024-08-27T14:57:28.288+0000][info][gc,phases      ] GC(425)   Merge Heap Roots: 0.4ms
[2024-08-27T14:57:28.288+0000][info][gc,phases      ] GC(425)   Evacuate Collection Set: 8.8ms
[2024-08-27T14:57:28.288+0000][info][gc,phases      ] GC(425)   Post Evacuate Collection Set: 0.4ms
[2024-08-27T14:57:28.288+0000][info][gc,phases      ] GC(425)   Other: 1.0ms
[2024-08-27T14:57:28.288+0000][info][gc,heap        ] GC(425) Eden regions: 44->0(44)
[2024-08-27T14:57:28.288+0000][info][gc,heap        ] GC(425) Survivor regions: 7->7(7)
[2024-08-27T14:57:28.288+0000][info][gc,heap        ] GC(425) Old regions: 804->850
[2024-08-27T14:57:28.288+0000][info][gc,heap        ] GC(425) Archive regions: 2->2
[2024-08-27T14:57:28.288+0000][info][gc,heap        ] GC(425) Humongous regions: 5->5
[2024-08-27T14:57:28.288+0000][info][gc,metaspace   ] GC(425) Metaspace: 100K(320K)->100K(320K) NonClass: 96K(192K)->96K(192K) Class: 4K(128K)->4K(128K)
[2024-08-27T14:57:28.288+0000][info][gc             ] GC(425) Pause Young (Concurrent Start) (G1 Evacuation Pause) 855M->857M(1024M) 10.955ms
[2024-08-27T14:57:28.288+0000][info][gc,cpu         ] GC(425) User=0.22s Sys=0.00s Real=0.00s
[2024-08-27T14:57:28.289+0000][info][gc             ] GC(426) Concurrent Mark Cycle
[2024-08-27T14:57:28.289+0000][info][gc,marking     ] GC(426) Concurrent Clear Claimed Marks
[2024-08-27T14:57:28.289+0000][info][gc,marking     ] GC(426) Concurrent Clear Claimed Marks 0.011ms
[2024-08-27T14:57:28.289+0000][info][gc,marking     ] GC(426) Concurrent Scan Root Regions
[2024-08-27T14:57:28.290+0000][info][gc,marking     ] GC(426) Concurrent Scan Root Regions 1.425ms
[2024-08-27T14:57:28.290+0000][info][gc,marking     ] GC(426) Concurrent Mark
[2024-08-27T14:57:28.290+0000][info][gc,marking     ] GC(426) Concurrent Mark From Roots
[2024-08-27T14:57:28.290+0000][info][gc,task        ] GC(426) Using 17 workers of 17 for marking
[2024-08-27T14:57:28.311+0000][info][gc,marking     ] GC(426) Concurrent Mark From Roots 21.274ms
[2024-08-27T14:57:28.311+0000][info][gc,marking     ] GC(426) Concurrent Preclean
[2024-08-27T14:57:28.312+0000][info][gc,marking     ] GC(426) Concurrent Preclean 0.538ms
[2024-08-27T14:57:28.312+0000][info][gc,start       ] GC(426) Pause Remark
[2024-08-27T14:57:28.314+0000][info][gc             ] GC(426) Pause Remark 893M->893M(1024M) 1.970ms
[2024-08-27T14:57:28.314+0000][info][gc,cpu         ] GC(426) User=0.01s Sys=0.00s Real=0.00s
[2024-08-27T14:57:28.314+0000][info][gc,marking     ] GC(426) Concurrent Mark 24.278ms
[2024-08-27T14:57:28.314+0000][info][gc,marking     ] GC(426) Concurrent Rebuild Remembered Sets
[2024-08-27T14:57:28.319+0000][info][gc,start       ] GC(427) Pause Young (Normal) (G1 Evacuation Pause)
[2024-08-27T14:57:28.319+0000][info][gc,task        ] GC(427) Using 24 workers of 68 for evacuation
[2024-08-27T14:57:28.329+0000][info][gc,phases      ] GC(427)   Pre Evacuate Collection Set: 0.2ms
[2024-08-27T14:57:28.329+0000][info][gc,phases      ] GC(427)   Merge Heap Roots: 0.3ms
[2024-08-27T14:57:28.329+0000][info][gc,phases      ] GC(427)   Evacuate Collection Set: 8.6ms
[2024-08-27T14:57:28.329+0000][info][gc,phases      ] GC(427)   Post Evacuate Collection Set: 0.4ms
[2024-08-27T14:57:28.329+0000][info][gc,phases      ] GC(427)   Other: 0.3ms
[2024-08-27T14:57:28.329+0000][info][gc,heap        ] GC(427) Eden regions: 44->0(44)
[2024-08-27T14:57:28.329+0000][info][gc,heap        ] GC(427) Survivor regions: 7->7(7)
[2024-08-27T14:57:28.329+0000][info][gc,heap        ] GC(427) Old regions: 850->897
[2024-08-27T14:57:28.329+0000][info][gc,heap        ] GC(427) Archive regions: 2->2
[2024-08-27T14:57:28.329+0000][info][gc,heap        ] GC(427) Humongous regions: 5->5
[2024-08-27T14:57:28.329+0000][info][gc,metaspace   ] GC(427) Metaspace: 100K(320K)->100K(320K) NonClass: 96K(192K)->96K(192K) Class: 4K(128K)->4K(128K)
[2024-08-27T14:57:28.329+0000][info][gc             ] GC(427) Pause Young (Normal) (G1 Evacuation Pause) 901M->903M(1024M) 9.963ms
[2024-08-27T14:57:28.329+0000][info][gc,cpu         ] GC(427) User=0.21s Sys=0.00s Real=0.00s
[2024-08-27T14:57:28.350+0000][info][gc,start       ] GC(428) Pause Young (Normal) (G1 Evacuation Pause)
[2024-08-27T14:57:28.350+0000][info][gc,task        ] GC(428) Using 24 workers of 68 for evacuation
[2024-08-27T14:57:28.363+0000][info][gc,phases      ] GC(428)   Pre Evacuate Collection Set: 0.2ms
[2024-08-27T14:57:28.363+0000][info][gc,phases      ] GC(428)   Merge Heap Roots: 0.5ms
[2024-08-27T14:57:28.363+0000][info][gc,phases      ] GC(428)   Evacuate Collection Set: 11.8ms
[2024-08-27T14:57:28.363+0000][info][gc,phases      ] GC(428)   Post Evacuate Collection Set: 0.6ms
[2024-08-27T14:57:28.363+0000][info][gc,phases      ] GC(428)   Other: 0.3ms
[2024-08-27T14:57:28.363+0000][info][gc,heap        ] GC(428) Eden regions: 44->0(44)
[2024-08-27T14:57:28.363+0000][info][gc,heap        ] GC(428) Survivor regions: 7->7(7)
[2024-08-27T14:57:28.363+0000][info][gc,heap        ] GC(428) Old regions: 897->943
[2024-08-27T14:57:28.363+0000][info][gc,heap        ] GC(428) Archive regions: 2->2
[2024-08-27T14:57:28.363+0000][info][gc,heap        ] GC(428) Humongous regions: 5->5
[2024-08-27T14:57:28.363+0000][info][gc,metaspace   ] GC(428) Metaspace: 100K(320K)->100K(320K) NonClass: 96K(192K)->96K(192K) Class: 4K(128K)->4K(128K)
[2024-08-27T14:57:28.363+0000][info][gc             ] GC(428) Pause Young (Normal) (G1 Evacuation Pause) 947M->950M(1024M) 13.631ms
[2024-08-27T14:57:28.364+0000][info][gc,cpu         ] GC(428) User=0.29s Sys=0.00s Real=0.01s
[2024-08-27T14:57:28.377+0000][info][gc,start       ] GC(429) Pause Young (Normal) (G1 Preventive Collection)
[2024-08-27T14:57:28.377+0000][info][gc,task        ] GC(429) Using 24 workers of 68 for evacuation
[2024-08-27T14:57:28.390+0000][info][gc,phases      ] GC(429)   Pre Evacuate Collection Set: 0.2ms
[2024-08-27T14:57:28.390+0000][info][gc,phases      ] GC(429)   Merge Heap Roots: 0.4ms
[2024-08-27T14:57:28.390+0000][info][gc,phases      ] GC(429)   Evacuate Collection Set: 11.4ms
[2024-08-27T14:57:28.390+0000][info][gc,phases      ] GC(429)   Post Evacuate Collection Set: 0.6ms
[2024-08-27T14:57:28.390+0000][info][gc,phases      ] GC(429)   Other: 0.3ms
[2024-08-27T14:57:28.390+0000][info][gc,heap        ] GC(429) Eden regions: 28->0(44)
[2024-08-27T14:57:28.391+0000][info][gc,heap        ] GC(429) Survivor regions: 7->7(7)
[2024-08-27T14:57:28.391+0000][info][gc,heap        ] GC(429) Old regions: 943->974
[2024-08-27T14:57:28.391+0000][info][gc,heap        ] GC(429) Archive regions: 2->2
[2024-08-27T14:57:28.391+0000][info][gc,heap        ] GC(429) Humongous regions: 5->5
[2024-08-27T14:57:28.391+0000][info][gc,metaspace   ] GC(429) Metaspace: 100K(320K)->100K(320K) NonClass: 96K(192K)->96K(192K) Class: 4K(128K)->4K(128K)
[2024-08-27T14:57:28.391+0000][info][gc             ] GC(429) Pause Young (Normal) (G1 Preventive Collection) 978M->981M(1024M) 13.278ms
[2024-08-27T14:57:28.391+0000][info][gc,cpu         ] GC(429) User=0.28s Sys=0.01s Real=0.02s
[2024-08-27T14:57:28.398+0000][info][gc,start       ] GC(430) Pause Young (Normal) (G1 Preventive Collection)
[2024-08-27T14:57:28.398+0000][info][gc,task        ] GC(430) Using 24 workers of 68 for evacuation
[2024-08-27T14:57:28.408+0000][info][gc,phases      ] GC(430)   Pre Evacuate Collection Set: 0.2ms
[2024-08-27T14:57:28.408+0000][info][gc,phases      ] GC(430)   Merge Heap Roots: 0.6ms
[2024-08-27T14:57:28.408+0000][info][gc,phases      ] GC(430)   Evacuate Collection Set: 8.6ms
[2024-08-27T14:57:28.408+0000][info][gc,phases      ] GC(430)   Post Evacuate Collection Set: 0.7ms
[2024-08-27T14:57:28.408+0000][info][gc,phases      ] GC(430)   Other: 0.3ms
[2024-08-27T14:57:28.408+0000][info][gc,heap        ] GC(430) Eden regions: 13->0(44)
[2024-08-27T14:57:28.408+0000][info][gc,heap        ] GC(430) Survivor regions: 7->7(7)
[2024-08-27T14:57:28.408+0000][info][gc,heap        ] GC(430) Old regions: 974->990
[2024-08-27T14:57:28.408+0000][info][gc,heap        ] GC(430) Archive regions: 2->2
[2024-08-27T14:57:28.408+0000][info][gc,heap        ] GC(430) Humongous regions: 5->5
[2024-08-27T14:57:28.408+0000][info][gc,metaspace   ] GC(430) Metaspace: 100K(320K)->100K(320K) NonClass: 96K(192K)->96K(192K) Class: 4K(128K)->4K(128K)
[2024-08-27T14:57:28.409+0000][info][gc             ] GC(430) Pause Young (Normal) (G1 Preventive Collection) 994M->997M(1024M) 10.631ms
[2024-08-27T14:57:28.409+0000][info][gc,cpu         ] GC(430) User=0.22s Sys=0.00s Real=0.00s
[2024-08-27T14:57:28.412+0000][info][gc,start       ] GC(431) Pause Young (Normal) (G1 Preventive Collection)
[2024-08-27T14:57:28.412+0000][info][gc,task        ] GC(431) Using 24 workers of 68 for evacuation
[2024-08-27T14:57:28.421+0000][info][gc             ] GC(431) To-space exhausted
[2024-08-27T14:57:28.421+0000][info][gc,phases      ] GC(431)   Pre Evacuate Collection Set: 0.2ms
[2024-08-27T14:57:28.421+0000][info][gc,phases      ] GC(431)   Merge Heap Roots: 0.5ms
[2024-08-27T14:57:28.421+0000][info][gc,phases      ] GC(431)   Evacuate Collection Set: 7.1ms
[2024-08-27T14:57:28.421+0000][info][gc,phases      ] GC(431)   Post Evacuate Collection Set: 0.8ms
[2024-08-27T14:57:28.421+0000][info][gc,phases      ] GC(431)   Other: 0.3ms
[2024-08-27T14:57:28.421+0000][info][gc,heap        ] GC(431) Eden regions: 5->0(45)
[2024-08-27T14:57:28.421+0000][info][gc,heap        ] GC(431) Survivor regions: 7->6(7)
[2024-08-27T14:57:28.421+0000][info][gc,heap        ] GC(431) Old regions: 990->1006
[2024-08-27T14:57:28.421+0000][info][gc,heap        ] GC(431) Archive regions: 2->2
[2024-08-27T14:57:28.421+0000][info][gc,heap        ] GC(431) Humongous regions: 5->5
[2024-08-27T14:57:28.421+0000][info][gc,metaspace   ] GC(431) Metaspace: 100K(320K)->100K(320K) NonClass: 96K(192K)->96K(192K) Class: 4K(128K)->4K(128K)
[2024-08-27T14:57:28.421+0000][info][gc             ] GC(431) Pause Young (Normal) (G1 Preventive Collection) 1002M->1012M(1024M) 9.150ms
[2024-08-27T14:57:28.421+0000][info][gc,cpu         ] GC(431) User=0.19s Sys=0.00s Real=0.01s
[2024-08-27T14:57:28.422+0000][info][gc,start       ] GC(432) Pause Young (Normal) (G1 Preventive Collection)
[2024-08-27T14:57:28.422+0000][info][gc,task        ] GC(432) Using 24 workers of 68 for evacuation
[2024-08-27T14:57:28.430+0000][info][gc             ] GC(432) To-space exhausted
[2024-08-27T14:57:28.430+0000][info][gc,phases      ] GC(432)   Pre Evacuate Collection Set: 0.2ms
[2024-08-27T14:57:28.430+0000][info][gc,phases      ] GC(432)   Merge Heap Roots: 0.4ms
[2024-08-27T14:57:28.430+0000][info][gc,phases      ] GC(432)   Evacuate Collection Set: 5.7ms
[2024-08-27T14:57:28.430+0000][info][gc,phases      ] GC(432)   Post Evacuate Collection Set: 1.0ms
[2024-08-27T14:57:28.430+0000][info][gc,phases      ] GC(432)   Other: 0.3ms
[2024-08-27T14:57:28.430+0000][info][gc,heap        ] GC(432) Eden regions: 1->0(50)
[2024-08-27T14:57:28.430+0000][info][gc,heap        ] GC(432) Survivor regions: 6->1(4)
[2024-08-27T14:57:28.430+0000][info][gc,heap        ] GC(432) Old regions: 1006->1016
[2024-08-27T14:57:28.430+0000][info][gc,heap        ] GC(432) Archive regions: 2->2
[2024-08-27T14:57:28.430+0000][info][gc,heap        ] GC(432) Humongous regions: 5->5
[2024-08-27T14:57:28.430+0000][info][gc,metaspace   ] GC(432) Metaspace: 100K(320K)->100K(320K) NonClass: 96K(192K)->96K(192K) Class: 4K(128K)->4K(128K)
[2024-08-27T14:57:28.430+0000][info][gc             ] GC(432) Pause Young (Normal) (G1 Preventive Collection) 1013M->1017M(1024M) 7.757ms
[2024-08-27T14:57:28.430+0000][info][gc,cpu         ] GC(432) User=0.15s Sys=0.01s Real=0.01s
[2024-08-27T14:57:28.430+0000][info][gc,ergo        ] Attempting full compaction
[2024-08-27T14:57:28.430+0000][info][gc,task        ] GC(433) Using 24 workers of 68 for full compaction
[2024-08-27T14:57:28.431+0000][info][gc,start       ] GC(433) Pause Full (G1 Compaction Pause)
[2024-08-27T14:57:28.431+0000][info][gc,phases,start] GC(433) Phase 1: Mark live objects
[2024-08-27T14:57:28.445+0000][info][gc,phases      ] GC(433) Phase 1: Mark live objects 13.218ms
[2024-08-27T14:57:28.445+0000][info][gc,phases,start] GC(433) Phase 2: Prepare for compaction
[2024-08-27T14:57:28.453+0000][info][gc,phases      ] GC(433) Phase 2: Prepare for compaction 8.057ms
[2024-08-27T14:57:28.453+0000][info][gc,phases,start] GC(433) Phase 3: Adjust pointers
[2024-08-27T14:57:28.466+0000][info][gc,phases      ] GC(433) Phase 3: Adjust pointers 13.732ms
[2024-08-27T14:57:28.467+0000][info][gc,phases,start] GC(433) Phase 4: Compact heap
[2024-08-27T14:57:28.495+0000][info][gc,phases      ] GC(433) Phase 4: Compact heap 28.353ms
[2024-08-27T14:57:28.497+0000][info][gc,heap        ] GC(433) Eden regions: 0->0(150)
[2024-08-27T14:57:28.497+0000][info][gc,heap        ] GC(433) Survivor regions: 1->0(4)
[2024-08-27T14:57:28.497+0000][info][gc,heap        ] GC(433) Old regions: 1016->442
[2024-08-27T14:57:28.497+0000][info][gc,heap        ] GC(433) Archive regions: 2->2
[2024-08-27T14:57:28.497+0000][info][gc,heap        ] GC(433) Humongous regions: 5->5
[2024-08-27T14:57:28.497+0000][info][gc,metaspace   ] GC(433) Metaspace: 100K(320K)->100K(320K) NonClass: 96K(192K)->96K(192K) Class: 4K(128K)->4K(128K)
[2024-08-27T14:57:28.497+0000][info][gc             ] GC(433) Pause Full (G1 Compaction Pause) 1017M->436M(1024M) 66.104ms
[2024-08-27T14:57:28.497+0000][info][gc,cpu         ] GC(433) User=1.39s Sys=0.00s Real=0.06s
[2024-08-27T14:57:28.497+0000][info][gc,marking     ] GC(426) Concurrent Rebuild Remembered Sets 182.984ms
[2024-08-27T14:57:28.497+0000][info][gc,marking     ] GC(426) Concurrent Mark Abort
[2024-08-27T14:57:28.497+0000][info][gc             ] GC(426) Concurrent Mark Cycle 208.856ms
[2024-08-27T14:57:28.572+0000][info][gc,start       ] GC(434) Pause Young (Normal) (G1 Evacuation Pause)
[2024-08-27T14:57:28.572+0000][info][gc,task        ] GC(434) Using 24 workers of 68 for evacuation
[2024-08-27T14:57:28.593+0000][info][gc,phases      ] GC(434)   Pre Evacuate Collection Set: 0.2ms
[2024-08-27T14:57:28.593+0000][info][gc,phases      ] GC(434)   Merge Heap Roots: 0.4ms
[2024-08-27T14:57:28.593+0000][info][gc,phases      ] GC(434)   Evacuate Collection Set: 20.2ms
[2024-08-27T14:57:28.594+0000][info][gc,phases      ] GC(434)   Post Evacuate Collection Set: 0.4ms
[2024-08-27T14:57:28.594+0000][info][gc,phases      ] GC(434)   Other: 0.4ms
[2024-08-27T14:57:28.594+0000][info][gc,heap        ] GC(434) Eden regions: 150->0(103)
[2024-08-27T14:57:28.594+0000][info][gc,heap        ] GC(434) Survivor regions: 0->19(19)
[2024-08-27T14:57:28.594+0000][info][gc,heap        ] GC(434) Old regions: 442->569
[2024-08-27T14:57:28.594+0000][info][gc,heap        ] GC(434) Archive regions: 2->2
[2024-08-27T14:57:28.594+0000][info][gc,heap        ] GC(434) Humongous regions: 5->5
[2024-08-27T14:57:28.594+0000][info][gc,metaspace   ] GC(434) Metaspace: 100K(320K)->100K(320K) NonClass: 96K(192K)->96K(192K) Class: 4K(128K)->4K(128K)
[2024-08-27T14:57:28.594+0000][info][gc             ] GC(434) Pause Young (Normal) (G1 Evacuation Pause) 586M->582M(1024M) 21.920ms
[2024-08-27T14:57:28.594+0000][info][gc,cpu         ] GC(434) User=0.48s Sys=0.01s Real=0.02s
[2024-08-27T14:57:28.641+0000][info][gc,start       ] GC(435) Pause Young (Concurrent Start) (G1 Evacuation Pause)
[2024-08-27T14:57:28.641+0000][info][gc,task        ] GC(435) Using 24 workers of 68 for evacuation
[2024-08-27T14:57:28.660+0000][info][gc,phases      ] GC(435)   Pre Evacuate Collection Set: 0.2ms
[2024-08-27T14:57:28.661+0000][info][gc,phases      ] GC(435)   Merge Heap Roots: 0.3ms
[2024-08-27T14:57:28.661+0000][info][gc,phases      ] GC(435)   Evacuate Collection Set: 17.1ms
[2024-08-27T14:57:28.661+0000][info][gc,phases      ] GC(435)   Post Evacuate Collection Set: 0.4ms
[2024-08-27T14:57:28.661+0000][info][gc,phases      ] GC(435)   Other: 1.1ms
[2024-08-27T14:57:28.661+0000][info][gc,heap        ] GC(435) Eden regions: 103->0(70)
[2024-08-27T14:57:28.661+0000][info][gc,heap        ] GC(435) Survivor regions: 19->16(16)
[2024-08-27T14:57:28.661+0000][info][gc,heap        ] GC(435) Old regions: 569->676
[2024-08-27T14:57:28.661+0000][info][gc,heap        ] GC(435) Archive regions: 2->2
[2024-08-27T14:57:28.661+0000][info][gc,heap        ] GC(435) Humongous regions: 5->5
[2024-08-27T14:57:28.661+0000][info][gc,metaspace   ] GC(435) Metaspace: 100K(320K)->100K(320K) NonClass: 96K(192K)->96K(192K) Class: 4K(128K)->4K(128K)
[2024-08-27T14:57:28.661+0000][info][gc             ] GC(435) Pause Young (Concurrent Start) (G1 Evacuation Pause) 685M->686M(1024M) 19.448ms
[2024-08-27T14:57:28.661+0000][info][gc,cpu         ] GC(435) User=0.41s Sys=0.00s Real=0.02s
[2024-08-27T14:57:28.661+0000][info][gc             ] GC(436) Concurrent Mark Cycle
[2024-08-27T14:57:28.661+0000][info][gc,marking     ] GC(436) Concurrent Clear Claimed Marks
[2024-08-27T14:57:28.661+0000][info][gc,marking     ] GC(436) Concurrent Clear Claimed Marks 0.012ms
[2024-08-27T14:57:28.661+0000][info][gc,marking     ] GC(436) Concurrent Scan Root Regions
[2024-08-27T14:57:28.664+0000][info][gc,marking     ] GC(436) Concurrent Scan Root Regions 3.232ms
[2024-08-27T14:57:28.664+0000][info][gc,marking     ] GC(436) Concurrent Mark
[2024-08-27T14:57:28.664+0000][info][gc,marking     ] GC(436) Concurrent Mark From Roots
[2024-08-27T14:57:28.664+0000][info][gc,task        ] GC(436) Using 17 workers of 17 for marking
[2024-08-27T14:57:28.683+0000][info][gc,marking     ] GC(436) Concurrent Mark From Roots 18.766ms
[2024-08-27T14:57:28.683+0000][info][gc,marking     ] GC(436) Concurrent Preclean
[2024-08-27T14:57:28.685+0000][info][gc,marking     ] GC(436) Concurrent Preclean 1.883ms
[2024-08-27T14:57:28.685+0000][info][gc,start       ] GC(436) Pause Remark
[2024-08-27T14:57:28.687+0000][info][gc             ] GC(436) Pause Remark 723M->723M(1024M) 1.622ms
[2024-08-27T14:57:28.687+0000][info][gc,cpu         ] GC(436) User=0.01s Sys=0.00s Real=0.00s
[2024-08-27T14:57:28.687+0000][info][gc,marking     ] GC(436) Concurrent Mark 22.879ms
[2024-08-27T14:57:28.687+0000][info][gc,marking     ] GC(436) Concurrent Rebuild Remembered Sets
[2024-08-27T14:57:28.703+0000][info][gc,start       ] GC(437) Pause Young (Normal) (G1 Evacuation Pause)
[2024-08-27T14:57:28.703+0000][info][gc,task        ] GC(437) Using 24 workers of 68 for evacuation
[2024-08-27T14:57:28.718+0000][info][gc,phases      ] GC(437)   Pre Evacuate Collection Set: 0.2ms
[2024-08-27T14:57:28.718+0000][info][gc,phases      ] GC(437)   Merge Heap Roots: 0.4ms
[2024-08-27T14:57:28.718+0000][info][gc,phases      ] GC(437)   Evacuate Collection Set: 14.0ms
[2024-08-27T14:57:28.718+0000][info][gc,phases      ] GC(437)   Post Evacuate Collection Set: 0.6ms
[2024-08-27T14:57:28.718+0000][info][gc,phases      ] GC(437)   Other: 0.3ms
[2024-08-27T14:57:28.718+0000][info][gc,heap        ] GC(437) Eden regions: 70->0(46)
[2024-08-27T14:57:28.718+0000][info][gc,heap        ] GC(437) Survivor regions: 16->11(11)
[2024-08-27T14:57:28.718+0000][info][gc,heap        ] GC(437) Old regions: 676->754
[2024-08-27T14:57:28.718+0000][info][gc,heap        ] GC(437) Archive regions: 2->2
[2024-08-27T14:57:28.718+0000][info][gc,heap        ] GC(437) Humongous regions: 5->5
[2024-08-27T14:57:28.718+0000][info][gc,metaspace   ] GC(437) Metaspace: 100K(320K)->100K(320K) NonClass: 96K(192K)->96K(192K) Class: 4K(128K)->4K(128K)
[2024-08-27T14:57:28.718+0000][info][gc             ] GC(437) Pause Young (Normal) (G1 Evacuation Pause) 756M->759M(1024M) 15.731ms
[2024-08-27T14:57:28.718+0000][info][gc,cpu         ] GC(437) User=0.33s Sys=0.00s Real=0.02s
[2024-08-27T14:57:28.741+0000][info][gc,start       ] GC(438) Pause Young (Normal) (G1 Evacuation Pause)
[2024-08-27T14:57:28.741+0000][info][gc,task        ] GC(438) Using 24 workers of 68 for evacuation
[2024-08-27T14:57:28.758+0000][info][gc,phases      ] GC(438)   Pre Evacuate Collection Set: 0.2ms
[2024-08-27T14:57:28.758+0000][info][gc,phases      ] GC(438)   Merge Heap Roots: 0.3ms
[2024-08-27T14:57:28.759+0000][info][gc,phases      ] GC(438)   Evacuate Collection Set: 16.3ms
[2024-08-27T14:57:28.759+0000][info][gc,phases      ] GC(438)   Post Evacuate Collection Set: 0.7ms
[2024-08-27T14:57:28.759+0000][info][gc,phases      ] GC(438)   Other: 0.3ms
[2024-08-27T14:57:28.759+0000][info][gc,heap        ] GC(438) Eden regions: 46->0(43)
[2024-08-27T14:57:28.759+0000][info][gc,heap        ] GC(438) Survivor regions: 11->8(8)
[2024-08-27T14:57:28.759+0000][info][gc,heap        ] GC(438) Old regions: 754->808
[2024-08-27T14:57:28.759+0000][info][gc,heap        ] GC(438) Archive regions: 2->2
[2024-08-27T14:57:28.759+0000][info][gc,heap        ] GC(438) Humongous regions: 5->5
[2024-08-27T14:57:28.759+0000][info][gc,metaspace   ] GC(438) Metaspace: 100K(320K)->100K(320K) NonClass: 96K(192K)->96K(192K) Class: 4K(128K)->4K(128K)
[2024-08-27T14:57:28.759+0000][info][gc             ] GC(438) Pause Young (Normal) (G1 Evacuation Pause) 805M->810M(1024M) 18.156ms
[2024-08-27T14:57:28.759+0000][info][gc,cpu         ] GC(438) User=0.40s Sys=0.00s Real=0.02s
[2024-08-27T14:57:28.780+0000][info][gc,start       ] GC(439) Pause Young (Normal) (G1 Evacuation Pause)
[2024-08-27T14:57:28.780+0000][info][gc,task        ] GC(439) Using 24 workers of 68 for evacuation
[2024-08-27T14:57:28.796+0000][info][gc,phases      ] GC(439)   Pre Evacuate Collection Set: 0.2ms
[2024-08-27T14:57:28.796+0000][info][gc,phases      ] GC(439)   Merge Heap Roots: 0.6ms
[2024-08-27T14:57:28.797+0000][info][gc,phases      ] GC(439)   Evacuate Collection Set: 14.5ms
[2024-08-27T14:57:28.797+0000][info][gc,phases      ] GC(439)   Post Evacuate Collection Set: 0.8ms
[2024-08-27T14:57:28.797+0000][info][gc,phases      ] GC(439)   Other: 0.3ms
[2024-08-27T14:57:28.797+0000][info][gc,heap        ] GC(439) Eden regions: 43->0(44)
[2024-08-27T14:57:28.797+0000][info][gc,heap        ] GC(439) Survivor regions: 8->7(7)
[2024-08-27T14:57:28.797+0000][info][gc,heap        ] GC(439) Old regions: 808->856
[2024-08-27T14:57:28.797+0000][info][gc,heap        ] GC(439) Archive regions: 2->2
[2024-08-27T14:57:28.797+0000][info][gc,heap        ] GC(439) Humongous regions: 5->5
[2024-08-27T14:57:28.797+0000][info][gc,metaspace   ] GC(439) Metaspace: 100K(320K)->100K(320K) NonClass: 96K(192K)->96K(192K) Class: 4K(128K)->4K(128K)
[2024-08-27T14:57:28.797+0000][info][gc             ] GC(439) Pause Young (Normal) (G1 Evacuation Pause) 853M->857M(1024M) 16.715ms
[2024-08-27T14:57:28.797+0000][info][gc,cpu         ] GC(439) User=0.37s Sys=0.00s Real=0.01s
[2024-08-27T14:57:28.805+0000][info][gc,marking     ] GC(436) Concurrent Rebuild Remembered Sets 117.987ms
[2024-08-27T14:57:28.806+0000][info][gc,start       ] GC(436) Pause Cleanup
[2024-08-27T14:57:28.808+0000][info][gc             ] GC(436) Pause Cleanup 874M->874M(1024M) 2.275ms
[2024-08-27T14:57:28.808+0000][info][gc,cpu         ] GC(436) User=0.01s Sys=0.00s Real=0.00s
[2024-08-27T14:57:28.808+0000][info][gc,marking     ] GC(436) Concurrent Cleanup for Next Mark
[2024-08-27T14:57:28.808+0000][info][gc,marking     ] GC(436) Concurrent Cleanup for Next Mark 0.516ms
[2024-08-27T14:57:28.808+0000][info][gc             ] GC(436) Concurrent Mark Cycle 147.550ms
[2024-08-27T14:57:28.822+0000][info][gc,start       ] GC(440) Pause Young (Prepare Mixed) (G1 Evacuation Pause)
[2024-08-27T14:57:28.822+0000][info][gc,task        ] GC(440) Using 24 workers of 68 for evacuation
[2024-08-27T14:57:28.839+0000][info][gc,phases      ] GC(440)   Pre Evacuate Collection Set: 0.2ms
[2024-08-27T14:57:28.839+0000][info][gc,phases      ] GC(440)   Merge Heap Roots: 0.6ms
[2024-08-27T14:57:28.839+0000][info][gc,phases      ] GC(440)   Evacuate Collection Set: 15.6ms
[2024-08-27T14:57:28.839+0000][info][gc,phases      ] GC(440)   Post Evacuate Collection Set: 0.3ms
[2024-08-27T14:57:28.839+0000][info][gc,phases      ] GC(440)   Other: 0.3ms
[2024-08-27T14:57:28.839+0000][info][gc,heap        ] GC(440) Eden regions: 44->0(44)
[2024-08-27T14:57:28.839+0000][info][gc,heap        ] GC(440) Survivor regions: 7->7(7)
[2024-08-27T14:57:28.839+0000][info][gc,heap        ] GC(440) Old regions: 856->902
[2024-08-27T14:57:28.839+0000][info][gc,heap        ] GC(440) Archive regions: 2->2
[2024-08-27T14:57:28.839+0000][info][gc,heap        ] GC(440) Humongous regions: 5->5
[2024-08-27T14:57:28.839+0000][info][gc,metaspace   ] GC(440) Metaspace: 100K(320K)->100K(320K) NonClass: 96K(192K)->96K(192K) Class: 4K(128K)->4K(128K)
[2024-08-27T14:57:28.839+0000][info][gc             ] GC(440) Pause Young (Prepare Mixed) (G1 Evacuation Pause) 901M->903M(1024M) 17.194ms
[2024-08-27T14:57:28.839+0000][info][gc,cpu         ] GC(440) User=0.38s Sys=0.00s Real=0.02s
[2024-08-27T14:57:28.861+0000][info][gc,start       ] GC(441) Pause Young (Mixed) (G1 Evacuation Pause)
[2024-08-27T14:57:28.861+0000][info][gc,task        ] GC(441) Using 24 workers of 68 for evacuation
[2024-08-27T14:57:28.872+0000][info][gc,phases      ] GC(441)   Pre Evacuate Collection Set: 0.3ms
[2024-08-27T14:57:28.872+0000][info][gc,phases      ] GC(441)   Merge Heap Roots: 0.3ms
[2024-08-27T14:57:28.872+0000][info][gc,phases      ] GC(441)   Evacuate Collection Set: 9.9ms
[2024-08-27T14:57:28.872+0000][info][gc,phases      ] GC(441)   Post Evacuate Collection Set: 0.4ms
[2024-08-27T14:57:28.872+0000][info][gc,phases      ] GC(441)   Other: 0.4ms
[2024-08-27T14:57:28.872+0000][info][gc,heap        ] GC(441) Eden regions: 44->0(44)
[2024-08-27T14:57:28.872+0000][info][gc,heap        ] GC(441) Survivor regions: 7->7(7)
[2024-08-27T14:57:28.872+0000][info][gc,heap        ] GC(441) Old regions: 902->846
[2024-08-27T14:57:28.872+0000][info][gc,heap        ] GC(441) Archive regions: 2->2
[2024-08-27T14:57:28.872+0000][info][gc,heap        ] GC(441) Humongous regions: 5->5
[2024-08-27T14:57:28.872+0000][info][gc,metaspace   ] GC(441) Metaspace: 100K(320K)->100K(320K) NonClass: 96K(192K)->96K(192K) Class: 4K(128K)->4K(128K)
[2024-08-27T14:57:28.872+0000][info][gc             ] GC(441) Pause Young (Mixed) (G1 Evacuation Pause) 947M->848M(1024M) 11.537ms
[2024-08-27T14:57:28.872+0000][info][gc,cpu         ] GC(441) User=0.24s Sys=0.00s Real=0.01s
[2024-08-27T14:57:28.893+0000][info][gc,start       ] GC(442) Pause Young (Mixed) (G1 Evacuation Pause)
[2024-08-27T14:57:28.893+0000][info][gc,task        ] GC(442) Using 24 workers of 68 for evacuation
[2024-08-27T14:57:28.904+0000][info][gc,phases      ] GC(442)   Pre Evacuate Collection Set: 0.3ms
[2024-08-27T14:57:28.904+0000][info][gc,phases      ] GC(442)   Merge Heap Roots: 0.3ms
[2024-08-27T14:57:28.904+0000][info][gc,phases      ] GC(442)   Evacuate Collection Set: 9.1ms
[2024-08-27T14:57:28.904+0000][info][gc,phases      ] GC(442)   Post Evacuate Collection Set: 0.4ms
[2024-08-27T14:57:28.904+0000][info][gc,phases      ] GC(442)   Other: 0.4ms
[2024-08-27T14:57:28.904+0000][info][gc,heap        ] GC(442) Eden regions: 44->0(44)
[2024-08-27T14:57:28.904+0000][info][gc,heap        ] GC(442) Survivor regions: 7->7(7)
[2024-08-27T14:57:28.904+0000][info][gc,heap        ] GC(442) Old regions: 846->807
[2024-08-27T14:57:28.904+0000][info][gc,heap        ] GC(442) Archive regions: 2->2
[2024-08-27T14:57:28.904+0000][info][gc,heap        ] GC(442) Humongous regions: 5->5
[2024-08-27T14:57:28.904+0000][info][gc,metaspace   ] GC(442) Metaspace: 100K(320K)->100K(320K) NonClass: 96K(192K)->96K(192K) Class: 4K(128K)->4K(128K)
[2024-08-27T14:57:28.904+0000][info][gc             ] GC(442) Pause Young (Mixed) (G1 Evacuation Pause) 892M->809M(1024M) 10.803ms
[2024-08-27T14:57:28.904+0000][info][gc,cpu         ] GC(442) User=0.23s Sys=0.00s Real=0.01s
[2024-08-27T14:57:28.925+0000][info][gc,start       ] GC(443) Pause Young (Concurrent Start) (G1 Evacuation Pause)
[2024-08-27T14:57:28.925+0000][info][gc,task        ] GC(443) Using 24 workers of 68 for evacuation
[2024-08-27T14:57:28.935+0000][info][gc,phases      ] GC(443)   Pre Evacuate Collection Set: 0.2ms
[2024-08-27T14:57:28.935+0000][info][gc,phases      ] GC(443)   Merge Heap Roots: 0.3ms
[2024-08-27T14:57:28.936+0000][info][gc,phases      ] GC(443)   Evacuate Collection Set: 8.8ms
[2024-08-27T14:57:28.936+0000][info][gc,phases      ] GC(443)   Post Evacuate Collection Set: 0.4ms
[2024-08-27T14:57:28.936+0000][info][gc,phases      ] GC(443)   Other: 1.1ms
[2024-08-27T14:57:28.936+0000][info][gc,heap        ] GC(443) Eden regions: 44->0(44)
[2024-08-27T14:57:28.936+0000][info][gc,heap        ] GC(443) Survivor regions: 7->7(7)
[2024-08-27T14:57:28.936+0000][info][gc,heap        ] GC(443) Old regions: 807->853
[2024-08-27T14:57:28.936+0000][info][gc,heap        ] GC(443) Archive regions: 2->2
[2024-08-27T14:57:28.936+0000][info][gc,heap        ] GC(443) Humongous regions: 5->5
[2024-08-27T14:57:28.936+0000][info][gc,metaspace   ] GC(443) Metaspace: 100K(320K)->100K(320K) NonClass: 96K(192K)->96K(192K) Class: 4K(128K)->4K(128K)
[2024-08-27T14:57:28.936+0000][info][gc             ] GC(443) Pause Young (Concurrent Start) (G1 Evacuation Pause) 853M->856M(1024M) 11.012ms
[2024-08-27T14:57:28.936+0000][info][gc,cpu         ] GC(443) User=0.21s Sys=0.00s Real=0.01s
[2024-08-27T14:57:28.936+0000][info][gc             ] GC(444) Concurrent Mark Cycle
[2024-08-27T14:57:28.936+0000][info][gc,marking     ] GC(444) Concurrent Clear Claimed Marks
[2024-08-27T14:57:28.936+0000][info][gc,marking     ] GC(444) Concurrent Clear Claimed Marks 0.011ms
[2024-08-27T14:57:28.936+0000][info][gc,marking     ] GC(444) Concurrent Scan Root Regions
[2024-08-27T14:57:28.937+0000][info][gc,marking     ] GC(444) Concurrent Scan Root Regions 1.508ms
[2024-08-27T14:57:28.937+0000][info][gc,marking     ] GC(444) Concurrent Mark
[2024-08-27T14:57:28.938+0000][info][gc,marking     ] GC(444) Concurrent Mark From Roots
[2024-08-27T14:57:28.938+0000][info][gc,task        ] GC(444) Using 17 workers of 17 for marking
[2024-08-27T14:57:28.959+0000][info][gc,marking     ] GC(444) Concurrent Mark From Roots 21.167ms
[2024-08-27T14:57:28.959+0000][info][gc,marking     ] GC(444) Concurrent Preclean
[2024-08-27T14:57:28.960+0000][info][gc,marking     ] GC(444) Concurrent Preclean 1.446ms
[2024-08-27T14:57:28.961+0000][info][gc,start       ] GC(444) Pause Remark
[2024-08-27T14:57:28.963+0000][info][gc             ] GC(444) Pause Remark 893M->893M(1024M) 1.952ms
[2024-08-27T14:57:28.963+0000][info][gc,cpu         ] GC(444) User=0.01s Sys=0.00s Real=0.00s
[2024-08-27T14:57:28.963+0000][info][gc,marking     ] GC(444) Concurrent Mark 25.205ms
[2024-08-27T14:57:28.963+0000][info][gc,marking     ] GC(444) Concurrent Rebuild Remembered Sets
[2024-08-27T14:57:28.967+0000][info][gc,start       ] GC(445) Pause Young (Normal) (G1 Evacuation Pause)
[2024-08-27T14:57:28.967+0000][info][gc,task        ] GC(445) Using 24 workers of 68 for evacuation
[2024-08-27T14:57:28.977+0000][info][gc,phases      ] GC(445)   Pre Evacuate Collection Set: 0.2ms
[2024-08-27T14:57:28.977+0000][info][gc,phases      ] GC(445)   Merge Heap Roots: 0.4ms
[2024-08-27T14:57:28.977+0000][info][gc,phases      ] GC(445)   Evacuate Collection Set: 8.7ms
[2024-08-27T14:57:28.977+0000][info][gc,phases      ] GC(445)   Post Evacuate Collection Set: 0.4ms
[2024-08-27T14:57:28.977+0000][info][gc,phases      ] GC(445)   Other: 0.3ms
[2024-08-27T14:57:28.978+0000][info][gc,heap        ] GC(445) Eden regions: 44->0(44)
[2024-08-27T14:57:28.978+0000][info][gc,heap        ] GC(445) Survivor regions: 7->7(7)
[2024-08-27T14:57:28.978+0000][info][gc,heap        ] GC(445) Old regions: 853->900
[2024-08-27T14:57:28.978+0000][info][gc,heap        ] GC(445) Archive regions: 2->2
[2024-08-27T14:57:28.978+0000][info][gc,heap        ] GC(445) Humongous regions: 5->5
[2024-08-27T14:57:28.978+0000][info][gc,metaspace   ] GC(445) Metaspace: 100K(320K)->100K(320K) NonClass: 96K(192K)->96K(192K) Class: 4K(128K)->4K(128K)
[2024-08-27T14:57:28.978+0000][info][gc             ] GC(445) Pause Young (Normal) (G1 Evacuation Pause) 900M->902M(1024M) 10.326ms
[2024-08-27T14:57:28.978+0000][info][gc,cpu         ] GC(445) User=0.22s Sys=0.00s Real=0.02s
[2024-08-27T14:57:29.000+0000][info][gc,start       ] GC(446) Pause Young (Normal) (G1 Evacuation Pause)
[2024-08-27T14:57:29.000+0000][info][gc,task        ] GC(446) Using 24 workers of 68 for evacuation
[2024-08-27T14:57:29.013+0000][info][gc,phases      ] GC(446)   Pre Evacuate Collection Set: 0.2ms
[2024-08-27T14:57:29.013+0000][info][gc,phases      ] GC(446)   Merge Heap Roots: 0.4ms
[2024-08-27T14:57:29.013+0000][info][gc,phases      ] GC(446)   Evacuate Collection Set: 11.6ms
[2024-08-27T14:57:29.013+0000][info][gc,phases      ] GC(446)   Post Evacuate Collection Set: 0.6ms
[2024-08-27T14:57:29.013+0000][info][gc,phases      ] GC(446)   Other: 0.3ms
[2024-08-27T14:57:29.013+0000][info][gc,heap        ] GC(446) Eden regions: 44->0(44)
[2024-08-27T14:57:29.013+0000][info][gc,heap        ] GC(446) Survivor regions: 7->7(7)
[2024-08-27T14:57:29.013+0000][info][gc,heap        ] GC(446) Old regions: 900->946
[2024-08-27T14:57:29.013+0000][info][gc,heap        ] GC(446) Archive regions: 2->2
[2024-08-27T14:57:29.013+0000][info][gc,heap        ] GC(446) Humongous regions: 5->5
[2024-08-27T14:57:29.013+0000][info][gc,metaspace   ] GC(446) Metaspace: 100K(320K)->100K(320K) NonClass: 96K(192K)->96K(192K) Class: 4K(128K)->4K(128K)
[2024-08-27T14:57:29.013+0000][info][gc             ] GC(446) Pause Young (Normal) (G1 Evacuation Pause) 946M->949M(1024M) 13.423ms
[2024-08-27T14:57:29.013+0000][info][gc,cpu         ] GC(446) User=0.29s Sys=0.00s Real=0.01s
[2024-08-27T14:57:29.026+0000][info][gc,start       ] GC(447) Pause Young (Normal) (G1 Preventive Collection)
[2024-08-27T14:57:29.026+0000][info][gc,task        ] GC(447) Using 24 workers of 68 for evacuation
[2024-08-27T14:57:29.040+0000][info][gc             ] GC(447) To-space exhausted
[2024-08-27T14:57:29.040+0000][info][gc,phases      ] GC(447)   Pre Evacuate Collection Set: 0.2ms
[2024-08-27T14:57:29.040+0000][info][gc,phases      ] GC(447)   Merge Heap Roots: 0.5ms
[2024-08-27T14:57:29.040+0000][info][gc,phases      ] GC(447)   Evacuate Collection Set: 11.3ms
[2024-08-27T14:57:29.040+0000][info][gc,phases      ] GC(447)   Post Evacuate Collection Set: 1.1ms
[2024-08-27T14:57:29.040+0000][info][gc,phases      ] GC(447)   Other: 0.4ms
[2024-08-27T14:57:29.040+0000][info][gc,heap        ] GC(447) Eden regions: 27->0(44)
[2024-08-27T14:57:29.040+0000][info][gc,heap        ] GC(447) Survivor regions: 7->7(7)
[2024-08-27T14:57:29.040+0000][info][gc,heap        ] GC(447) Old regions: 946->1001
[2024-08-27T14:57:29.040+0000][info][gc,heap        ] GC(447) Archive regions: 2->2
[2024-08-27T14:57:29.040+0000][info][gc,heap        ] GC(447) Humongous regions: 5->5
[2024-08-27T14:57:29.040+0000][info][gc,metaspace   ] GC(447) Metaspace: 100K(320K)->100K(320K) NonClass: 96K(192K)->96K(192K) Class: 4K(128K)->4K(128K)
[2024-08-27T14:57:29.040+0000][info][gc             ] GC(447) Pause Young (Normal) (G1 Preventive Collection) 976M->1004M(1024M) 13.758ms
[2024-08-27T14:57:29.040+0000][info][gc,cpu         ] GC(447) User=0.29s Sys=0.00s Real=0.02s
[2024-08-27T14:57:29.041+0000][info][gc,start       ] GC(448) Pause Young (Normal) (G1 Preventive Collection)
[2024-08-27T14:57:29.041+0000][info][gc,task        ] GC(448) Using 24 workers of 68 for evacuation
[2024-08-27T14:57:29.050+0000][info][gc             ] GC(448) To-space exhausted
[2024-08-27T14:57:29.050+0000][info][gc,phases      ] GC(448)   Pre Evacuate Collection Set: 0.3ms
[2024-08-27T14:57:29.050+0000][info][gc,phases      ] GC(448)   Merge Heap Roots: 0.4ms
[2024-08-27T14:57:29.050+0000][info][gc,phases      ] GC(448)   Evacuate Collection Set: 7.3ms
[2024-08-27T14:57:29.050+0000][info][gc,phases      ] GC(448)   Post Evacuate Collection Set: 0.8ms
[2024-08-27T14:57:29.050+0000][info][gc,phases      ] GC(448)   Other: 0.3ms
[2024-08-27T14:57:29.050+0000][info][gc,heap        ] GC(448) Eden regions: 1->0(50)
[2024-08-27T14:57:29.050+0000][info][gc,heap        ] GC(448) Survivor regions: 7->1(7)
[2024-08-27T14:57:29.050+0000][info][gc,heap        ] GC(448) Old regions: 1001->1016
[2024-08-27T14:57:29.050+0000][info][gc,heap        ] GC(448) Archive regions: 2->2
[2024-08-27T14:57:29.051+0000][info][gc,heap        ] GC(448) Humongous regions: 5->5
[2024-08-27T14:57:29.051+0000][info][gc,metaspace   ] GC(448) Metaspace: 100K(320K)->100K(320K) NonClass: 96K(192K)->96K(192K) Class: 4K(128K)->4K(128K)
[2024-08-27T14:57:29.051+0000][info][gc             ] GC(448) Pause Young (Normal) (G1 Preventive Collection) 1005M->1013M(1024M) 9.323ms
[2024-08-27T14:57:29.051+0000][info][gc,cpu         ] GC(448) User=0.18s Sys=0.01s Real=0.01s
[2024-08-27T14:57:29.051+0000][info][gc,ergo        ] Attempting full compaction
[2024-08-27T14:57:29.051+0000][info][gc,task        ] GC(449) Using 24 workers of 68 for full compaction
[2024-08-27T14:57:29.051+0000][info][gc,start       ] GC(449) Pause Full (G1 Compaction Pause)
[2024-08-27T14:57:29.052+0000][info][gc,phases,start] GC(449) Phase 1: Mark live objects
[2024-08-27T14:57:29.065+0000][info][gc,phases      ] GC(449) Phase 1: Mark live objects 13.204ms
[2024-08-27T14:57:29.065+0000][info][gc,phases,start] GC(449) Phase 2: Prepare for compaction
[2024-08-27T14:57:29.073+0000][info][gc,phases      ] GC(449) Phase 2: Prepare for compaction 7.345ms
[2024-08-27T14:57:29.073+0000][info][gc,phases,start] GC(449) Phase 3: Adjust pointers
[2024-08-27T14:57:29.086+0000][info][gc,phases      ] GC(449) Phase 3: Adjust pointers 12.856ms
[2024-08-27T14:57:29.086+0000][info][gc,phases,start] GC(449) Phase 4: Compact heap
[2024-08-27T14:57:29.111+0000][info][gc,phases      ] GC(449) Phase 4: Compact heap 25.334ms
[2024-08-27T14:57:29.112+0000][info][gc,heap        ] GC(449) Eden regions: 0->0(150)
[2024-08-27T14:57:29.113+0000][info][gc,heap        ] GC(449) Survivor regions: 1->0(7)
[2024-08-27T14:57:29.113+0000][info][gc,heap        ] GC(449) Old regions: 1016->443
[2024-08-27T14:57:29.113+0000][info][gc,heap        ] GC(449) Archive regions: 2->2
[2024-08-27T14:57:29.113+0000][info][gc,heap        ] GC(449) Humongous regions: 5->5
[2024-08-27T14:57:29.113+0000][info][gc,metaspace   ] GC(449) Metaspace: 100K(320K)->100K(320K) NonClass: 96K(192K)->96K(192K) Class: 4K(128K)->4K(128K)
[2024-08-27T14:57:29.113+0000][info][gc             ] GC(449) Pause Full (G1 Compaction Pause) 1013M->437M(1024M) 61.313ms
[2024-08-27T14:57:29.113+0000][info][gc,cpu         ] GC(449) User=1.32s Sys=0.00s Real=0.06s
[2024-08-27T14:57:29.113+0000][info][gc,marking     ] GC(444) Concurrent Rebuild Remembered Sets 150.397ms
[2024-08-27T14:57:29.113+0000][info][gc,marking     ] GC(444) Concurrent Mark Abort
[2024-08-27T14:57:29.113+0000][info][gc             ] GC(444) Concurrent Mark Cycle 177.279ms
[2024-08-27T14:57:29.189+0000][info][gc,start       ] GC(450) Pause Young (Normal) (G1 Evacuation Pause)
[2024-08-27T14:57:29.189+0000][info][gc,task        ] GC(450) Using 24 workers of 68 for evacuation
[2024-08-27T14:57:29.210+0000][info][gc,phases      ] GC(450)   Pre Evacuate Collection Set: 0.2ms
[2024-08-27T14:57:29.210+0000][info][gc,phases      ] GC(450)   Merge Heap Roots: 0.4ms
[2024-08-27T14:57:29.210+0000][info][gc,phases      ] GC(450)   Evacuate Collection Set: 20.3ms
[2024-08-27T14:57:29.211+0000][info][gc,phases      ] GC(450)   Post Evacuate Collection Set: 0.4ms
[2024-08-27T14:57:29.211+0000][info][gc,phases      ] GC(450)   Other: 0.4ms
[2024-08-27T14:57:29.211+0000][info][gc,heap        ] GC(450) Eden regions: 150->0(103)
[2024-08-27T14:57:29.211+0000][info][gc,heap        ] GC(450) Survivor regions: 0->19(19)
[2024-08-27T14:57:29.211+0000][info][gc,heap        ] GC(450) Old regions: 443->570
[2024-08-27T14:57:29.211+0000][info][gc,heap        ] GC(450) Archive regions: 2->2
[2024-08-27T14:57:29.211+0000][info][gc,heap        ] GC(450) Humongous regions: 5->5
[2024-08-27T14:57:29.211+0000][info][gc,metaspace   ] GC(450) Metaspace: 100K(320K)->100K(320K) NonClass: 96K(192K)->96K(192K) Class: 4K(128K)->4K(128K)
[2024-08-27T14:57:29.211+0000][info][gc             ] GC(450) Pause Young (Normal) (G1 Evacuation Pause) 587M->583M(1024M) 21.940ms
[2024-08-27T14:57:29.211+0000][info][gc,cpu         ] GC(450) User=0.49s Sys=0.00s Real=0.03s
[2024-08-27T14:57:29.258+0000][info][gc,start       ] GC(451) Pause Young (Concurrent Start) (G1 Evacuation Pause)
[2024-08-27T14:57:29.258+0000][info][gc,task        ] GC(451) Using 24 workers of 68 for evacuation
[2024-08-27T14:57:29.278+0000][info][gc,phases      ] GC(451)   Pre Evacuate Collection Set: 0.2ms
[2024-08-27T14:57:29.278+0000][info][gc,phases      ] GC(451)   Merge Heap Roots: 0.4ms
[2024-08-27T14:57:29.278+0000][info][gc,phases      ] GC(451)   Evacuate Collection Set: 18.0ms
[2024-08-27T14:57:29.278+0000][info][gc,phases      ] GC(451)   Post Evacuate Collection Set: 0.4ms
[2024-08-27T14:57:29.278+0000][info][gc,phases      ] GC(451)   Other: 1.1ms
[2024-08-27T14:57:29.278+0000][info][gc,heap        ] GC(451) Eden regions: 103->0(70)
[2024-08-27T14:57:29.278+0000][info][gc,heap        ] GC(451) Survivor regions: 19->16(16)
[2024-08-27T14:57:29.278+0000][info][gc,heap        ] GC(451) Old regions: 570->677
[2024-08-27T14:57:29.278+0000][info][gc,heap        ] GC(451) Archive regions: 2->2
[2024-08-27T14:57:29.278+0000][info][gc,heap        ] GC(451) Humongous regions: 5->5
[2024-08-27T14:57:29.278+0000][info][gc,metaspace   ] GC(451) Metaspace: 100K(320K)->100K(320K) NonClass: 96K(192K)->96K(192K) Class: 4K(128K)->4K(128K)
[2024-08-27T14:57:29.278+0000][info][gc             ] GC(451) Pause Young (Concurrent Start) (G1 Evacuation Pause) 686M->687M(1024M) 20.316ms
[2024-08-27T14:57:29.278+0000][info][gc,cpu         ] GC(451) User=0.44s Sys=0.00s Real=0.02s
[2024-08-27T14:57:29.278+0000][info][gc             ] GC(452) Concurrent Mark Cycle
[2024-08-27T14:57:29.279+0000][info][gc,marking     ] GC(452) Concurrent Clear Claimed Marks
[2024-08-27T14:57:29.279+0000][info][gc,marking     ] GC(452) Concurrent Clear Claimed Marks 0.010ms
[2024-08-27T14:57:29.279+0000][info][gc,marking     ] GC(452) Concurrent Scan Root Regions
[2024-08-27T14:57:29.282+0000][info][gc,marking     ] GC(452) Concurrent Scan Root Regions 3.160ms
[2024-08-27T14:57:29.282+0000][info][gc,marking     ] GC(452) Concurrent Mark
[2024-08-27T14:57:29.282+0000][info][gc,marking     ] GC(452) Concurrent Mark From Roots
[2024-08-27T14:57:29.282+0000][info][gc,task        ] GC(452) Using 17 workers of 17 for marking
[2024-08-27T14:57:29.300+0000][info][gc,marking     ] GC(452) Concurrent Mark From Roots 18.528ms
[2024-08-27T14:57:29.300+0000][info][gc,marking     ] GC(452) Concurrent Preclean
[2024-08-27T14:57:29.301+0000][info][gc,marking     ] GC(452) Concurrent Preclean 0.538ms
[2024-08-27T14:57:29.301+0000][info][gc,start       ] GC(452) Pause Remark
[2024-08-27T14:57:29.303+0000][info][gc             ] GC(452) Pause Remark 721M->721M(1024M) 1.605ms
[2024-08-27T14:57:29.303+0000][info][gc,cpu         ] GC(452) User=0.01s Sys=0.01s Real=0.00s
[2024-08-27T14:57:29.303+0000][info][gc,marking     ] GC(452) Concurrent Mark 21.191ms
[2024-08-27T14:57:29.303+0000][info][gc,marking     ] GC(452) Concurrent Rebuild Remembered Sets
[2024-08-27T14:57:29.317+0000][info][gc,marking     ] GC(452) Concurrent Rebuild Remembered Sets 13.615ms
[2024-08-27T14:57:29.317+0000][info][gc,start       ] GC(452) Pause Cleanup
[2024-08-27T14:57:29.319+0000][info][gc             ] GC(452) Pause Cleanup 744M->744M(1024M) 1.887ms
[2024-08-27T14:57:29.319+0000][info][gc,cpu         ] GC(452) User=0.01s Sys=0.00s Real=0.01s
[2024-08-27T14:57:29.319+0000][info][gc,marking     ] GC(452) Concurrent Cleanup for Next Mark
[2024-08-27T14:57:29.319+0000][info][gc,marking     ] GC(452) Concurrent Cleanup for Next Mark 0.538ms
[2024-08-27T14:57:29.320+0000][info][gc             ] GC(452) Concurrent Mark Cycle 41.030ms
[2024-08-27T14:57:29.326+0000][info][gc,start       ] GC(453) Pause Young (Prepare Mixed) (G1 Evacuation Pause)
[2024-08-27T14:57:29.326+0000][info][gc,task        ] GC(453) Using 24 workers of 68 for evacuation
[2024-08-27T14:57:29.340+0000][info][gc,phases      ] GC(453)   Pre Evacuate Collection Set: 0.2ms
[2024-08-27T14:57:29.340+0000][info][gc,phases      ] GC(453)   Merge Heap Roots: 0.4ms
[2024-08-27T14:57:29.340+0000][info][gc,phases      ] GC(453)   Evacuate Collection Set: 13.6ms
[2024-08-27T14:57:29.341+0000][info][gc,phases      ] GC(453)   Post Evacuate Collection Set: 0.4ms
[2024-08-27T14:57:29.341+0000][info][gc,phases      ] GC(453)   Other: 0.3ms
[2024-08-27T14:57:29.341+0000][info][gc,heap        ] GC(453) Eden regions: 70->0(40)
[2024-08-27T14:57:29.341+0000][info][gc,heap        ] GC(453) Survivor regions: 16->11(11)
[2024-08-27T14:57:29.341+0000][info][gc,heap        ] GC(453) Old regions: 677->757
[2024-08-27T14:57:29.341+0000][info][gc,heap        ] GC(453) Archive regions: 2->2
[2024-08-27T14:57:29.341+0000][info][gc,heap        ] GC(453) Humongous regions: 5->5
[2024-08-27T14:57:29.341+0000][info][gc,metaspace   ] GC(453) Metaspace: 100K(320K)->100K(320K) NonClass: 96K(192K)->96K(192K) Class: 4K(128K)->4K(128K)
[2024-08-27T14:57:29.341+0000][info][gc             ] GC(453) Pause Young (Prepare Mixed) (G1 Evacuation Pause) 757M->762M(1024M) 15.147ms
[2024-08-27T14:57:29.341+0000][info][gc,cpu         ] GC(453) User=0.33s Sys=0.00s Real=0.02s
[2024-08-27T14:57:29.359+0000][info][gc,start       ] GC(454) Pause Young (Mixed) (G1 Evacuation Pause)
[2024-08-27T14:57:29.359+0000][info][gc,task        ] GC(454) Using 24 workers of 68 for evacuation
[2024-08-27T14:57:29.371+0000][info][gc,phases      ] GC(454)   Pre Evacuate Collection Set: 0.3ms
[2024-08-27T14:57:29.371+0000][info][gc,phases      ] GC(454)   Merge Heap Roots: 0.3ms
[2024-08-27T14:57:29.371+0000][info][gc,phases      ] GC(454)   Evacuate Collection Set: 11.2ms
[2024-08-27T14:57:29.371+0000][info][gc,phases      ] GC(454)   Post Evacuate Collection Set: 0.4ms
[2024-08-27T14:57:29.371+0000][info][gc,phases      ] GC(454)   Other: 0.4ms
[2024-08-27T14:57:29.371+0000][info][gc,heap        ] GC(454) Eden regions: 40->0(44)
[2024-08-27T14:57:29.371+0000][info][gc,heap        ] GC(454) Survivor regions: 11->7(7)
[2024-08-27T14:57:29.371+0000][info][gc,heap        ] GC(454) Old regions: 757->704
[2024-08-27T14:57:29.371+0000][info][gc,heap        ] GC(454) Archive regions: 2->2
[2024-08-27T14:57:29.371+0000][info][gc,heap        ] GC(454) Humongous regions: 5->5
[2024-08-27T14:57:29.371+0000][info][gc,metaspace   ] GC(454) Metaspace: 100K(320K)->100K(320K) NonClass: 96K(192K)->96K(192K) Class: 4K(128K)->4K(128K)
[2024-08-27T14:57:29.371+0000][info][gc             ] GC(454) Pause Young (Mixed) (G1 Evacuation Pause) 802M->707M(1024M) 12.853ms
[2024-08-27T14:57:29.371+0000][info][gc,cpu         ] GC(454) User=0.27s Sys=0.00s Real=0.01s
[2024-08-27T14:57:29.391+0000][info][gc,start       ] GC(455) Pause Young (Mixed) (G1 Evacuation Pause)
[2024-08-27T14:57:29.391+0000][info][gc,task        ] GC(455) Using 24 workers of 68 for evacuation
[2024-08-27T14:57:29.403+0000][info][gc,phases      ] GC(455)   Pre Evacuate Collection Set: 0.3ms
[2024-08-27T14:57:29.403+0000][info][gc,phases      ] GC(455)   Merge Heap Roots: 0.3ms
[2024-08-27T14:57:29.403+0000][info][gc,phases      ] GC(455)   Evacuate Collection Set: 10.2ms
[2024-08-27T14:57:29.403+0000][info][gc,phases      ] GC(455)   Post Evacuate Collection Set: 0.4ms
[2024-08-27T14:57:29.403+0000][info][gc,phases      ] GC(455)   Other: 0.4ms
[2024-08-27T14:57:29.403+0000][info][gc,heap        ] GC(455) Eden regions: 44->0(76)
[2024-08-27T14:57:29.403+0000][info][gc,heap        ] GC(455) Survivor regions: 7->7(7)
[2024-08-27T14:57:29.403+0000][info][gc,heap        ] GC(455) Old regions: 704->665
[2024-08-27T14:57:29.403+0000][info][gc,heap        ] GC(455) Archive regions: 2->2
[2024-08-27T14:57:29.403+0000][info][gc,heap        ] GC(455) Humongous regions: 5->5
[2024-08-27T14:57:29.403+0000][info][gc,metaspace   ] GC(455) Metaspace: 100K(320K)->100K(320K) NonClass: 96K(192K)->96K(192K) Class: 4K(128K)->4K(128K)
[2024-08-27T14:57:29.403+0000][info][gc             ] GC(455) Pause Young (Mixed) (G1 Evacuation Pause) 751M->669M(1024M) 11.780ms
[2024-08-27T14:57:29.403+0000][info][gc,cpu         ] GC(455) User=0.25s Sys=0.00s Real=0.01s
[2024-08-27T14:57:29.437+0000][info][gc,start       ] GC(456) Pause Young (Concurrent Start) (G1 Evacuation Pause)
[2024-08-27T14:57:29.437+0000][info][gc,task        ] GC(456) Using 24 workers of 68 for evacuation
[2024-08-27T14:57:29.452+0000][info][gc,phases      ] GC(456)   Pre Evacuate Collection Set: 0.2ms
[2024-08-27T14:57:29.452+0000][info][gc,phases      ] GC(456)   Merge Heap Roots: 0.3ms
[2024-08-27T14:57:29.452+0000][info][gc,phases      ] GC(456)   Evacuate Collection Set: 13.3ms
[2024-08-27T14:57:29.452+0000][info][gc,phases      ] GC(456)   Post Evacuate Collection Set: 0.4ms
[2024-08-27T14:57:29.452+0000][info][gc,phases      ] GC(456)   Other: 1.1ms
[2024-08-27T14:57:29.452+0000][info][gc,heap        ] GC(456) Eden regions: 76->0(52)
[2024-08-27T14:57:29.452+0000][info][gc,heap        ] GC(456) Survivor regions: 7->11(11)
[2024-08-27T14:57:29.452+0000][info][gc,heap        ] GC(456) Old regions: 665->738
[2024-08-27T14:57:29.452+0000][info][gc,heap        ] GC(456) Archive regions: 2->2
[2024-08-27T14:57:29.452+0000][info][gc,heap        ] GC(456) Humongous regions: 5->5
[2024-08-27T14:57:29.452+0000][info][gc,metaspace   ] GC(456) Metaspace: 100K(320K)->100K(320K) NonClass: 96K(192K)->96K(192K) Class: 4K(128K)->4K(128K)
[2024-08-27T14:57:29.452+0000][info][gc             ] GC(456) Pause Young (Concurrent Start) (G1 Evacuation Pause) 745M->746M(1024M) 15.590ms
[2024-08-27T14:57:29.452+0000][info][gc,cpu         ] GC(456) User=0.33s Sys=0.00s Real=0.02s
[2024-08-27T14:57:29.453+0000][info][gc             ] GC(457) Concurrent Mark Cycle
[2024-08-27T14:57:29.453+0000][info][gc,marking     ] GC(457) Concurrent Clear Claimed Marks
[2024-08-27T14:57:29.453+0000][info][gc,marking     ] GC(457) Concurrent Clear Claimed Marks 0.010ms
[2024-08-27T14:57:29.453+0000][info][gc,marking     ] GC(457) Concurrent Scan Root Regions
[2024-08-27T14:57:29.455+0000][info][gc,marking     ] GC(457) Concurrent Scan Root Regions 2.306ms
[2024-08-27T14:57:29.455+0000][info][gc,marking     ] GC(457) Concurrent Mark
[2024-08-27T14:57:29.455+0000][info][gc,marking     ] GC(457) Concurrent Mark From Roots
[2024-08-27T14:57:29.455+0000][info][gc,task        ] GC(457) Using 17 workers of 17 for marking
[2024-08-27T14:57:29.475+0000][info][gc,marking     ] GC(457) Concurrent Mark From Roots 19.888ms
[2024-08-27T14:57:29.475+0000][info][gc,marking     ] GC(457) Concurrent Preclean
[2024-08-27T14:57:29.475+0000][info][gc,marking     ] GC(457) Concurrent Preclean 0.541ms
[2024-08-27T14:57:29.476+0000][info][gc,start       ] GC(457) Pause Remark
[2024-08-27T14:57:29.477+0000][info][gc             ] GC(457) Pause Remark 780M->780M(1024M) 1.650ms
[2024-08-27T14:57:29.478+0000][info][gc,cpu         ] GC(457) User=0.00s Sys=0.00s Real=0.01s
[2024-08-27T14:57:29.478+0000][info][gc,marking     ] GC(457) Concurrent Mark 22.612ms
[2024-08-27T14:57:29.478+0000][info][gc,marking     ] GC(457) Concurrent Rebuild Remembered Sets
[2024-08-27T14:57:29.487+0000][info][gc,start       ] GC(458) Pause Young (Normal) (G1 Evacuation Pause)
[2024-08-27T14:57:29.487+0000][info][gc,task        ] GC(458) Using 24 workers of 68 for evacuation
[2024-08-27T14:57:29.498+0000][info][gc,phases      ] GC(458)   Pre Evacuate Collection Set: 0.2ms
[2024-08-27T14:57:29.499+0000][info][gc,phases      ] GC(458)   Merge Heap Roots: 0.3ms
[2024-08-27T14:57:29.499+0000][info][gc,phases      ] GC(458)   Evacuate Collection Set: 10.6ms
[2024-08-27T14:57:29.499+0000][info][gc,phases      ] GC(458)   Post Evacuate Collection Set: 0.5ms
[2024-08-27T14:57:29.499+0000][info][gc,phases      ] GC(458)   Other: 0.3ms
[2024-08-27T14:57:29.499+0000][info][gc,heap        ] GC(458) Eden regions: 52->0(43)
[2024-08-27T14:57:29.499+0000][info][gc,heap        ] GC(458) Survivor regions: 11->8(8)
[2024-08-27T14:57:29.499+0000][info][gc,heap        ] GC(458) Old regions: 738->797
[2024-08-27T14:57:29.499+0000][info][gc,heap        ] GC(458) Archive regions: 2->2
[2024-08-27T14:57:29.499+0000][info][gc,heap        ] GC(458) Humongous regions: 5->5
[2024-08-27T14:57:29.499+0000][info][gc,metaspace   ] GC(458) Metaspace: 100K(320K)->100K(320K) NonClass: 96K(192K)->96K(192K) Class: 4K(128K)->4K(128K)
[2024-08-27T14:57:29.499+0000][info][gc             ] GC(458) Pause Young (Normal) (G1 Evacuation Pause) 798M->802M(1024M) 12.166ms
[2024-08-27T14:57:29.499+0000][info][gc,cpu         ] GC(458) User=0.27s Sys=0.00s Real=0.02s
[2024-08-27T14:57:29.520+0000][info][gc,start       ] GC(459) Pause Young (Normal) (G1 Evacuation Pause)
[2024-08-27T14:57:29.520+0000][info][gc,task        ] GC(459) Using 24 workers of 68 for evacuation
[2024-08-27T14:57:29.535+0000][info][gc,phases      ] GC(459)   Pre Evacuate Collection Set: 0.2ms
[2024-08-27T14:57:29.535+0000][info][gc,phases      ] GC(459)   Merge Heap Roots: 0.3ms
[2024-08-27T14:57:29.535+0000][info][gc,phases      ] GC(459)   Evacuate Collection Set: 13.9ms
[2024-08-27T14:57:29.535+0000][info][gc,phases      ] GC(459)   Post Evacuate Collection Set: 0.6ms
[2024-08-27T14:57:29.535+0000][info][gc,phases      ] GC(459)   Other: 0.3ms
[2024-08-27T14:57:29.535+0000][info][gc,heap        ] GC(459) Eden regions: 43->0(44)
[2024-08-27T14:57:29.535+0000][info][gc,heap        ] GC(459) Survivor regions: 8->7(7)
[2024-08-27T14:57:29.535+0000][info][gc,heap        ] GC(459) Old regions: 797->845
[2024-08-27T14:57:29.536+0000][info][gc,heap        ] GC(459) Archive regions: 2->2
[2024-08-27T14:57:29.536+0000][info][gc,heap        ] GC(459) Humongous regions: 5->5
[2024-08-27T14:57:29.536+0000][info][gc,metaspace   ] GC(459) Metaspace: 100K(320K)->100K(320K) NonClass: 96K(192K)->96K(192K) Class: 4K(128K)->4K(128K)
[2024-08-27T14:57:29.536+0000][info][gc             ] GC(459) Pause Young (Normal) (G1 Evacuation Pause) 845M->849M(1024M) 15.728ms
[2024-08-27T14:57:29.536+0000][info][gc,cpu         ] GC(459) User=0.34s Sys=0.00s Real=0.01s
[2024-08-27T14:57:29.557+0000][info][gc,start       ] GC(460) Pause Young (Normal) (G1 Evacuation Pause)
[2024-08-27T14:57:29.557+0000][info][gc,task        ] GC(460) Using 24 workers of 68 for evacuation
[2024-08-27T14:57:29.572+0000][info][gc,phases      ] GC(460)   Pre Evacuate Collection Set: 0.2ms
[2024-08-27T14:57:29.572+0000][info][gc,phases      ] GC(460)   Merge Heap Roots: 0.4ms
[2024-08-27T14:57:29.572+0000][info][gc,phases      ] GC(460)   Evacuate Collection Set: 13.4ms
[2024-08-27T14:57:29.572+0000][info][gc,phases      ] GC(460)   Post Evacuate Collection Set: 0.7ms
[2024-08-27T14:57:29.572+0000][info][gc,phases      ] GC(460)   Other: 0.4ms
[2024-08-27T14:57:29.572+0000][info][gc,heap        ] GC(460) Eden regions: 44->0(44)
[2024-08-27T14:57:29.573+0000][info][gc,heap        ] GC(460) Survivor regions: 7->7(7)
[2024-08-27T14:57:29.573+0000][info][gc,heap        ] GC(460) Old regions: 845->892
[2024-08-27T14:57:29.573+0000][info][gc,heap        ] GC(460) Archive regions: 2->2
[2024-08-27T14:57:29.573+0000][info][gc,heap        ] GC(460) Humongous regions: 5->5
[2024-08-27T14:57:29.573+0000][info][gc,metaspace   ] GC(460) Metaspace: 100K(320K)->100K(320K) NonClass: 96K(192K)->96K(192K) Class: 4K(128K)->4K(128K)
[2024-08-27T14:57:29.573+0000][info][gc             ] GC(460) Pause Young (Normal) (G1 Evacuation Pause) 893M->896M(1024M) 15.338ms
[2024-08-27T14:57:29.573+0000][info][gc,cpu         ] GC(460) User=0.34s Sys=0.00s Real=0.02s
[2024-08-27T14:57:29.590+0000][info][gc,marking     ] GC(457) Concurrent Rebuild Remembered Sets 112.027ms
[2024-08-27T14:57:29.590+0000][info][gc,start       ] GC(457) Pause Cleanup
[2024-08-27T14:57:29.592+0000][info][gc             ] GC(457) Pause Cleanup 931M->931M(1024M) 2.112ms
[2024-08-27T14:57:29.592+0000][info][gc,cpu         ] GC(457) User=0.01s Sys=0.00s Real=0.00s
[2024-08-27T14:57:29.592+0000][info][gc,marking     ] GC(457) Concurrent Cleanup for Next Mark
[2024-08-27T14:57:29.593+0000][info][gc,marking     ] GC(457) Concurrent Cleanup for Next Mark 0.570ms
[2024-08-27T14:57:29.593+0000][info][gc             ] GC(457) Concurrent Mark Cycle 140.232ms
[2024-08-27T14:57:29.597+0000][info][gc,start       ] GC(461) Pause Young (Prepare Mixed) (G1 Evacuation Pause)
[2024-08-27T14:57:29.598+0000][info][gc,task        ] GC(461) Using 24 workers of 68 for evacuation
[2024-08-27T14:57:29.614+0000][info][gc,phases      ] GC(461)   Pre Evacuate Collection Set: 0.2ms
[2024-08-27T14:57:29.614+0000][info][gc,phases      ] GC(461)   Merge Heap Roots: 0.5ms
[2024-08-27T14:57:29.614+0000][info][gc,phases      ] GC(461)   Evacuate Collection Set: 14.8ms
[2024-08-27T14:57:29.614+0000][info][gc,phases      ] GC(461)   Post Evacuate Collection Set: 0.4ms
[2024-08-27T14:57:29.614+0000][info][gc,phases      ] GC(461)   Other: 0.3ms
[2024-08-27T14:57:29.614+0000][info][gc,heap        ] GC(461) Eden regions: 44->0(44)
[2024-08-27T14:57:29.614+0000][info][gc,heap        ] GC(461) Survivor regions: 7->7(7)
[2024-08-27T14:57:29.614+0000][info][gc,heap        ] GC(461) Old regions: 892->939
[2024-08-27T14:57:29.614+0000][info][gc,heap        ] GC(461) Archive regions: 2->2
[2024-08-27T14:57:29.614+0000][info][gc,heap        ] GC(461) Humongous regions: 5->5
[2024-08-27T14:57:29.614+0000][info][gc,metaspace   ] GC(461) Metaspace: 100K(320K)->100K(320K) NonClass: 96K(192K)->96K(192K) Class: 4K(128K)->4K(128K)
[2024-08-27T14:57:29.614+0000][info][gc             ] GC(461) Pause Young (Prepare Mixed) (G1 Evacuation Pause) 940M->942M(1024M) 16.537ms
[2024-08-27T14:57:29.614+0000][info][gc,cpu         ] GC(461) User=0.35s Sys=0.02s Real=0.02s
[2024-08-27T14:57:29.629+0000][info][gc,start       ] GC(462) Pause Young (Mixed) (G1 Preventive Collection)
[2024-08-27T14:57:29.629+0000][info][gc,task        ] GC(462) Using 24 workers of 68 for evacuation
[2024-08-27T14:57:29.638+0000][info][gc,phases      ] GC(462)   Pre Evacuate Collection Set: 0.3ms
[2024-08-27T14:57:29.638+0000][info][gc,phases      ] GC(462)   Merge Heap Roots: 0.3ms
[2024-08-27T14:57:29.638+0000][info][gc,phases      ] GC(462)   Evacuate Collection Set: 7.7ms
[2024-08-27T14:57:29.638+0000][info][gc,phases      ] GC(462)   Post Evacuate Collection Set: 0.4ms
[2024-08-27T14:57:29.638+0000][info][gc,phases      ] GC(462)   Other: 0.3ms
[2024-08-27T14:57:29.638+0000][info][gc,heap        ] GC(462) Eden regions: 30->0(44)
[2024-08-27T14:57:29.638+0000][info][gc,heap        ] GC(462) Survivor regions: 7->7(7)
[2024-08-27T14:57:29.638+0000][info][gc,heap        ] GC(462) Old regions: 939->869
[2024-08-27T14:57:29.638+0000][info][gc,heap        ] GC(462) Archive regions: 2->2
[2024-08-27T14:57:29.638+0000][info][gc,heap        ] GC(462) Humongous regions: 5->5
[2024-08-27T14:57:29.638+0000][info][gc,metaspace   ] GC(462) Metaspace: 100K(320K)->100K(320K) NonClass: 96K(192K)->96K(192K) Class: 4K(128K)->4K(128K)
[2024-08-27T14:57:29.638+0000][info][gc             ] GC(462) Pause Young (Mixed) (G1 Preventive Collection) 972M->879M(1024M) 9.293ms
[2024-08-27T14:57:29.638+0000][info][gc,cpu         ] GC(462) User=0.18s Sys=0.01s Real=0.02s
[2024-08-27T14:57:29.658+0000][info][gc,start       ] GC(463) Pause Young (Mixed) (G1 Evacuation Pause)
[2024-08-27T14:57:29.658+0000][info][gc,task        ] GC(463) Using 24 workers of 68 for evacuation
[2024-08-27T14:57:29.669+0000][info][gc,phases      ] GC(463)   Pre Evacuate Collection Set: 0.3ms
[2024-08-27T14:57:29.669+0000][info][gc,phases      ] GC(463)   Merge Heap Roots: 0.4ms
[2024-08-27T14:57:29.669+0000][info][gc,phases      ] GC(463)   Evacuate Collection Set: 9.3ms
[2024-08-27T14:57:29.669+0000][info][gc,phases      ] GC(463)   Post Evacuate Collection Set: 0.4ms
[2024-08-27T14:57:29.669+0000][info][gc,phases      ] GC(463)   Other: 0.4ms
[2024-08-27T14:57:29.669+0000][info][gc,heap        ] GC(463) Eden regions: 44->0(44)
[2024-08-27T14:57:29.669+0000][info][gc,heap        ] GC(463) Survivor regions: 7->7(7)
[2024-08-27T14:57:29.669+0000][info][gc,heap        ] GC(463) Old regions: 869->812
[2024-08-27T14:57:29.669+0000][info][gc,heap        ] GC(463) Archive regions: 2->2
[2024-08-27T14:57:29.669+0000][info][gc,heap        ] GC(463) Humongous regions: 5->5
[2024-08-27T14:57:29.669+0000][info][gc,metaspace   ] GC(463) Metaspace: 100K(320K)->100K(320K) NonClass: 96K(192K)->96K(192K) Class: 4K(128K)->4K(128K)
[2024-08-27T14:57:29.669+0000][info][gc             ] GC(463) Pause Young (Mixed) (G1 Evacuation Pause) 923M->822M(1024M) 10.999ms
[2024-08-27T14:57:29.669+0000][info][gc,cpu         ] GC(463) User=0.22s Sys=0.00s Real=0.00s
[2024-08-27T14:57:29.690+0000][info][gc,start       ] GC(464) Pause Young (Mixed) (G1 Evacuation Pause)
[2024-08-27T14:57:29.690+0000][info][gc,task        ] GC(464) Using 24 workers of 68 for evacuation
[2024-08-27T14:57:29.700+0000][info][gc,phases      ] GC(464)   Pre Evacuate Collection Set: 0.2ms
[2024-08-27T14:57:29.700+0000][info][gc,phases      ] GC(464)   Merge Heap Roots: 0.3ms
[2024-08-27T14:57:29.700+0000][info][gc,phases      ] GC(464)   Evacuate Collection Set: 9.2ms
[2024-08-27T14:57:29.700+0000][info][gc,phases      ] GC(464)   Post Evacuate Collection Set: 0.4ms
[2024-08-27T14:57:29.700+0000][info][gc,phases      ] GC(464)   Other: 0.4ms
[2024-08-27T14:57:29.700+0000][info][gc,heap        ] GC(464) Eden regions: 44->0(44)
[2024-08-27T14:57:29.700+0000][info][gc,heap        ] GC(464) Survivor regions: 7->7(7)
[2024-08-27T14:57:29.700+0000][info][gc,heap        ] GC(464) Old regions: 812->837
[2024-08-27T14:57:29.700+0000][info][gc,heap        ] GC(464) Archive regions: 2->2
[2024-08-27T14:57:29.700+0000][info][gc,heap        ] GC(464) Humongous regions: 5->5
[2024-08-27T14:57:29.701+0000][info][gc,metaspace   ] GC(464) Metaspace: 100K(320K)->100K(320K) NonClass: 96K(192K)->96K(192K) Class: 4K(128K)->4K(128K)
[2024-08-27T14:57:29.701+0000][info][gc             ] GC(464) Pause Young (Mixed) (G1 Evacuation Pause) 866M->848M(1024M) 10.656ms
[2024-08-27T14:57:29.701+0000][info][gc,cpu         ] GC(464) User=0.22s Sys=0.00s Real=0.01s
[2024-08-27T14:57:29.721+0000][info][gc,start       ] GC(465) Pause Young (Concurrent Start) (G1 Evacuation Pause)
[2024-08-27T14:57:29.721+0000][info][gc,task        ] GC(465) Using 24 workers of 68 for evacuation
[2024-08-27T14:57:29.732+0000][info][gc,phases      ] GC(465)   Pre Evacuate Collection Set: 0.3ms
[2024-08-27T14:57:29.732+0000][info][gc,phases      ] GC(465)   Merge Heap Roots: 0.3ms
[2024-08-27T14:57:29.732+0000][info][gc,phases      ] GC(465)   Evacuate Collection Set: 9.1ms
[2024-08-27T14:57:29.732+0000][info][gc,phases      ] GC(465)   Post Evacuate Collection Set: 0.4ms
[2024-08-27T14:57:29.732+0000][info][gc,phases      ] GC(465)   Other: 1.1ms
[2024-08-27T14:57:29.732+0000][info][gc,heap        ] GC(465) Eden regions: 44->0(44)
[2024-08-27T14:57:29.732+0000][info][gc,heap        ] GC(465) Survivor regions: 7->7(7)
[2024-08-27T14:57:29.732+0000][info][gc,heap        ] GC(465) Old regions: 837->884
[2024-08-27T14:57:29.732+0000][info][gc,heap        ] GC(465) Archive regions: 2->2
[2024-08-27T14:57:29.732+0000][info][gc,heap        ] GC(465) Humongous regions: 5->5
[2024-08-27T14:57:29.732+0000][info][gc,metaspace   ] GC(465) Metaspace: 100K(320K)->100K(320K) NonClass: 96K(192K)->96K(192K) Class: 4K(128K)->4K(128K)
[2024-08-27T14:57:29.732+0000][info][gc             ] GC(465) Pause Young (Concurrent Start) (G1 Evacuation Pause) 892M->896M(1024M) 11.290ms
[2024-08-27T14:57:29.733+0000][info][gc,cpu         ] GC(465) User=0.22s Sys=0.01s Real=0.01s
[2024-08-27T14:57:29.733+0000][info][gc             ] GC(466) Concurrent Mark Cycle
[2024-08-27T14:57:29.733+0000][info][gc,marking     ] GC(466) Concurrent Clear Claimed Marks
[2024-08-27T14:57:29.733+0000][info][gc,marking     ] GC(466) Concurrent Clear Claimed Marks 0.012ms
[2024-08-27T14:57:29.733+0000][info][gc,marking     ] GC(466) Concurrent Scan Root Regions
[2024-08-27T14:57:29.734+0000][info][gc,marking     ] GC(466) Concurrent Scan Root Regions 1.479ms
[2024-08-27T14:57:29.734+0000][info][gc,marking     ] GC(466) Concurrent Mark
[2024-08-27T14:57:29.734+0000][info][gc,marking     ] GC(466) Concurrent Mark From Roots
[2024-08-27T14:57:29.734+0000][info][gc,task        ] GC(466) Using 17 workers of 17 for marking
[2024-08-27T14:57:29.757+0000][info][gc,marking     ] GC(466) Concurrent Mark From Roots 22.372ms
[2024-08-27T14:57:29.757+0000][info][gc,marking     ] GC(466) Concurrent Preclean
[2024-08-27T14:57:29.757+0000][info][gc,marking     ] GC(466) Concurrent Preclean 0.537ms
[2024-08-27T14:57:29.758+0000][info][gc,start       ] GC(466) Pause Remark
[2024-08-27T14:57:29.759+0000][info][gc             ] GC(466) Pause Remark 935M->935M(1024M) 1.290ms
[2024-08-27T14:57:29.759+0000][info][gc,cpu         ] GC(466) User=0.01s Sys=0.00s Real=0.00s
[2024-08-27T14:57:29.759+0000][info][gc,marking     ] GC(466) Concurrent Mark 24.715ms
[2024-08-27T14:57:29.759+0000][info][gc,marking     ] GC(466) Concurrent Rebuild Remembered Sets
[2024-08-27T14:57:29.762+0000][info][gc,start       ] GC(467) Pause Young (Normal) (G1 Evacuation Pause)
[2024-08-27T14:57:29.762+0000][info][gc,task        ] GC(467) Using 24 workers of 68 for evacuation
[2024-08-27T14:57:29.771+0000][info][gc,phases      ] GC(467)   Pre Evacuate Collection Set: 0.1ms
[2024-08-27T14:57:29.771+0000][info][gc,phases      ] GC(467)   Merge Heap Roots: 0.2ms
[2024-08-27T14:57:29.772+0000][info][gc,phases      ] GC(467)   Evacuate Collection Set: 8.7ms
[2024-08-27T14:57:29.772+0000][info][gc,phases      ] GC(467)   Post Evacuate Collection Set: 0.4ms
[2024-08-27T14:57:29.772+0000][info][gc,phases      ] GC(467)   Other: 0.1ms
[2024-08-27T14:57:29.772+0000][info][gc,heap        ] GC(467) Eden regions: 44->0(44)
[2024-08-27T14:57:29.772+0000][info][gc,heap        ] GC(467) Survivor regions: 7->7(7)
[2024-08-27T14:57:29.772+0000][info][gc,heap        ] GC(467) Old regions: 884->931
[2024-08-27T14:57:29.772+0000][info][gc,heap        ] GC(467) Archive regions: 2->2
[2024-08-27T14:57:29.772+0000][info][gc,heap        ] GC(467) Humongous regions: 5->5
[2024-08-27T14:57:29.772+0000][info][gc,metaspace   ] GC(467) Metaspace: 100K(320K)->100K(320K) NonClass: 96K(192K)->96K(192K) Class: 4K(128K)->4K(128K)
[2024-08-27T14:57:29.772+0000][info][gc             ] GC(467) Pause Young (Normal) (G1 Evacuation Pause) 940M->943M(1024M) 9.680ms
[2024-08-27T14:57:29.772+0000][info][gc,cpu         ] GC(467) User=0.21s Sys=0.00s Real=0.01s
[2024-08-27T14:57:29.788+0000][info][gc,start       ] GC(468) Pause Young (Normal) (G1 Preventive Collection)
[2024-08-27T14:57:29.788+0000][info][gc,task        ] GC(468) Using 24 workers of 68 for evacuation
[2024-08-27T14:57:29.799+0000][info][gc,phases      ] GC(468)   Pre Evacuate Collection Set: 0.1ms
[2024-08-27T14:57:29.799+0000][info][gc,phases      ] GC(468)   Merge Heap Roots: 0.3ms
[2024-08-27T14:57:29.799+0000][info][gc,phases      ] GC(468)   Evacuate Collection Set: 10.3ms
[2024-08-27T14:57:29.800+0000][info][gc,phases      ] GC(468)   Post Evacuate Collection Set: 0.5ms
[2024-08-27T14:57:29.800+0000][info][gc,phases      ] GC(468)   Other: 0.2ms
[2024-08-27T14:57:29.800+0000][info][gc,heap        ] GC(468) Eden regions: 34->0(44)
[2024-08-27T14:57:29.800+0000][info][gc,heap        ] GC(468) Survivor regions: 7->7(7)
[2024-08-27T14:57:29.800+0000][info][gc,heap        ] GC(468) Old regions: 931->967
[2024-08-27T14:57:29.800+0000][info][gc,heap        ] GC(468) Archive regions: 2->2
[2024-08-27T14:57:29.800+0000][info][gc,heap        ] GC(468) Humongous regions: 5->5
[2024-08-27T14:57:29.800+0000][info][gc,metaspace   ] GC(468) Metaspace: 100K(320K)->100K(320K) NonClass: 96K(192K)->96K(192K) Class: 4K(128K)->4K(128K)
[2024-08-27T14:57:29.800+0000][info][gc             ] GC(468) Pause Young (Normal) (G1 Preventive Collection) 977M->979M(1024M) 11.413ms
[2024-08-27T14:57:29.800+0000][info][gc,cpu         ] GC(468) User=0.25s Sys=0.00s Real=0.02s
[2024-08-27T14:57:29.809+0000][info][gc,start       ] GC(469) Pause Young (Normal) (G1 Preventive Collection)
[2024-08-27T14:57:29.809+0000][info][gc,task        ] GC(469) Using 24 workers of 68 for evacuation
[2024-08-27T14:57:29.819+0000][info][gc             ] GC(469) To-space exhausted
[2024-08-27T14:57:29.819+0000][info][gc,phases      ] GC(469)   Pre Evacuate Collection Set: 0.1ms
[2024-08-27T14:57:29.819+0000][info][gc,phases      ] GC(469)   Merge Heap Roots: 0.4ms
[2024-08-27T14:57:29.819+0000][info][gc,phases      ] GC(469)   Evacuate Collection Set: 8.9ms
[2024-08-27T14:57:29.819+0000][info][gc,phases      ] GC(469)   Post Evacuate Collection Set: 0.8ms
[2024-08-27T14:57:29.819+0000][info][gc,phases      ] GC(469)   Other: 0.2ms
[2024-08-27T14:57:29.819+0000][info][gc,heap        ] GC(469) Eden regions: 17->0(44)
[2024-08-27T14:57:29.819+0000][info][gc,heap        ] GC(469) Survivor regions: 7->7(7)
[2024-08-27T14:57:29.819+0000][info][gc,heap        ] GC(469) Old regions: 967->1007
[2024-08-27T14:57:29.819+0000][info][gc,heap        ] GC(469) Archive regions: 2->2
[2024-08-27T14:57:29.819+0000][info][gc,heap        ] GC(469) Humongous regions: 5->5
[2024-08-27T14:57:29.819+0000][info][gc,metaspace   ] GC(469) Metaspace: 100K(320K)->100K(320K) NonClass: 96K(192K)->96K(192K) Class: 4K(128K)->4K(128K)
[2024-08-27T14:57:29.819+0000][info][gc             ] GC(469) Pause Young (Normal) (G1 Preventive Collection) 996M->1019M(1024M) 10.390ms
[2024-08-27T14:57:29.819+0000][info][gc,cpu         ] GC(469) User=0.24s Sys=0.00s Real=0.02s
[2024-08-27T14:57:29.820+0000][info][gc,start       ] GC(470) Pause Young (Normal) (G1 Preventive Collection)
[2024-08-27T14:57:29.820+0000][info][gc,task        ] GC(470) Using 24 workers of 68 for evacuation
[2024-08-27T14:57:29.827+0000][info][gc             ] GC(470) To-space exhausted
[2024-08-27T14:57:29.827+0000][info][gc,phases      ] GC(470)   Pre Evacuate Collection Set: 0.1ms
[2024-08-27T14:57:29.827+0000][info][gc,phases      ] GC(470)   Merge Heap Roots: 0.5ms
[2024-08-27T14:57:29.827+0000][info][gc,phases      ] GC(470)   Evacuate Collection Set: 5.4ms
[2024-08-27T14:57:29.827+0000][info][gc,phases      ] GC(470)   Post Evacuate Collection Set: 0.8ms
[2024-08-27T14:57:29.827+0000][info][gc,phases      ] GC(470)   Other: 0.2ms
[2024-08-27T14:57:29.827+0000][info][gc,heap        ] GC(470) Eden regions: 1->0(51)
[2024-08-27T14:57:29.827+0000][info][gc,heap        ] GC(470) Survivor regions: 7->0(2)
[2024-08-27T14:57:29.827+0000][info][gc,heap        ] GC(470) Old regions: 1007->1017
[2024-08-27T14:57:29.827+0000][info][gc,heap        ] GC(470) Archive regions: 2->2
[2024-08-27T14:57:29.827+0000][info][gc,heap        ] GC(470) Humongous regions: 5->5
[2024-08-27T14:57:29.827+0000][info][gc,metaspace   ] GC(470) Metaspace: 100K(320K)->100K(320K) NonClass: 96K(192K)->96K(192K) Class: 4K(128K)->4K(128K)
[2024-08-27T14:57:29.827+0000][info][gc             ] GC(470) Pause Young (Normal) (G1 Preventive Collection) 1020M->1022M(1024M) 7.075ms
[2024-08-27T14:57:29.827+0000][info][gc,cpu         ] GC(470) User=0.15s Sys=0.00s Real=0.00s
[2024-08-27T14:57:29.827+0000][info][gc,ergo        ] Attempting full compaction
[2024-08-27T14:57:29.827+0000][info][gc,task        ] GC(471) Using 24 workers of 68 for full compaction
[2024-08-27T14:57:29.827+0000][info][gc,start       ] GC(471) Pause Full (G1 Compaction Pause)
[2024-08-27T14:57:29.828+0000][info][gc,phases,start] GC(471) Phase 1: Mark live objects
[2024-08-27T14:57:29.842+0000][info][gc,phases      ] GC(471) Phase 1: Mark live objects 13.993ms
[2024-08-27T14:57:29.842+0000][info][gc,phases,start] GC(471) Phase 2: Prepare for compaction
[2024-08-27T14:57:29.851+0000][info][gc,phases      ] GC(471) Phase 2: Prepare for compaction 9.130ms
[2024-08-27T14:57:29.851+0000][info][gc,phases,start] GC(471) Phase 3: Adjust pointers
[2024-08-27T14:57:29.865+0000][info][gc,phases      ] GC(471) Phase 3: Adjust pointers 13.885ms
[2024-08-27T14:57:29.865+0000][info][gc,phases,start] GC(471) Phase 4: Compact heap
[2024-08-27T14:57:29.890+0000][info][gc,phases      ] GC(471) Phase 4: Compact heap 25.231ms
[2024-08-27T14:57:29.891+0000][info][gc,heap        ] GC(471) Eden regions: 0->0(150)
[2024-08-27T14:57:29.892+0000][info][gc,heap        ] GC(471) Survivor regions: 0->0(2)
[2024-08-27T14:57:29.892+0000][info][gc,heap        ] GC(471) Old regions: 1017->443
[2024-08-27T14:57:29.892+0000][info][gc,heap        ] GC(471) Archive regions: 2->2
[2024-08-27T14:57:29.892+0000][info][gc,heap        ] GC(471) Humongous regions: 5->5
[2024-08-27T14:57:29.892+0000][info][gc,metaspace   ] GC(471) Metaspace: 100K(320K)->100K(320K) NonClass: 96K(192K)->96K(192K) Class: 4K(128K)->4K(128K)
[2024-08-27T14:57:29.892+0000][info][gc             ] GC(471) Pause Full (G1 Compaction Pause) 1022M->438M(1024M) 64.187ms
[2024-08-27T14:57:29.892+0000][info][gc,cpu         ] GC(471) User=1.30s Sys=0.10s Real=0.07s
[2024-08-27T14:57:29.892+0000][info][gc,marking     ] GC(466) Concurrent Rebuild Remembered Sets 133.028ms
[2024-08-27T14:57:29.892+0000][info][gc,marking     ] GC(466) Concurrent Mark Abort
[2024-08-27T14:57:29.892+0000][info][gc             ] GC(466) Concurrent Mark Cycle 159.386ms
[2024-08-27T14:57:29.964+0000][info][gc,start       ] GC(472) Pause Young (Normal) (G1 Evacuation Pause)
[2024-08-27T14:57:29.964+0000][info][gc,task        ] GC(472) Using 24 workers of 68 for evacuation
[2024-08-27T14:57:29.986+0000][info][gc,phases      ] GC(472)   Pre Evacuate Collection Set: 0.2ms
[2024-08-27T14:57:29.986+0000][info][gc,phases      ] GC(472)   Merge Heap Roots: 0.3ms
[2024-08-27T14:57:29.986+0000][info][gc,phases      ] GC(472)   Evacuate Collection Set: 20.5ms
[2024-08-27T14:57:29.986+0000][info][gc,phases      ] GC(472)   Post Evacuate Collection Set: 0.3ms
[2024-08-27T14:57:29.986+0000][info][gc,phases      ] GC(472)   Other: 0.2ms
[2024-08-27T14:57:29.986+0000][info][gc,heap        ] GC(472) Eden regions: 150->0(103)
[2024-08-27T14:57:29.986+0000][info][gc,heap        ] GC(472) Survivor regions: 0->19(19)
[2024-08-27T14:57:29.986+0000][info][gc,heap        ] GC(472) Old regions: 443->569
[2024-08-27T14:57:29.986+0000][info][gc,heap        ] GC(472) Archive regions: 2->2
[2024-08-27T14:57:29.986+0000][info][gc,heap        ] GC(472) Humongous regions: 5->5
[2024-08-27T14:57:29.986+0000][info][gc,metaspace   ] GC(472) Metaspace: 100K(320K)->100K(320K) NonClass: 96K(192K)->96K(192K) Class: 4K(128K)->4K(128K)
[2024-08-27T14:57:29.986+0000][info][gc             ] GC(472) Pause Young (Normal) (G1 Evacuation Pause) 588M->583M(1024M) 21.670ms
[2024-08-27T14:57:29.986+0000][info][gc,cpu         ] GC(472) User=0.49s Sys=0.01s Real=0.02s
[2024-08-27T14:57:30.036+0000][info][gc,start       ] GC(473) Pause Young (Concurrent Start) (G1 Evacuation Pause)
[2024-08-27T14:57:30.036+0000][info][gc,task        ] GC(473) Using 24 workers of 68 for evacuation
[2024-08-27T14:57:30.055+0000][info][gc,phases      ] GC(473)   Pre Evacuate Collection Set: 0.2ms
[2024-08-27T14:57:30.055+0000][info][gc,phases      ] GC(473)   Merge Heap Roots: 0.4ms
[2024-08-27T14:57:30.055+0000][info][gc,phases      ] GC(473)   Evacuate Collection Set: 18.3ms
[2024-08-27T14:57:30.055+0000][info][gc,phases      ] GC(473)   Post Evacuate Collection Set: 0.3ms
[2024-08-27T14:57:30.055+0000][info][gc,phases      ] GC(473)   Other: 0.6ms
[2024-08-27T14:57:30.055+0000][info][gc,heap        ] GC(473) Eden regions: 103->0(70)
[2024-08-27T14:57:30.055+0000][info][gc,heap        ] GC(473) Survivor regions: 19->16(16)
[2024-08-27T14:57:30.055+0000][info][gc,heap        ] GC(473) Old regions: 569->677
[2024-08-27T14:57:30.055+0000][info][gc,heap        ] GC(473) Archive regions: 2->2
[2024-08-27T14:57:30.055+0000][info][gc,heap        ] GC(473) Humongous regions: 5->5
[2024-08-27T14:57:30.055+0000][info][gc,metaspace   ] GC(473) Metaspace: 100K(320K)->100K(320K) NonClass: 96K(192K)->96K(192K) Class: 4K(128K)->4K(128K)
[2024-08-27T14:57:30.055+0000][info][gc             ] GC(473) Pause Young (Concurrent Start) (G1 Evacuation Pause) 686M->687M(1024M) 19.849ms
[2024-08-27T14:57:30.055+0000][info][gc,cpu         ] GC(473) User=0.45s Sys=0.00s Real=0.02s
[2024-08-27T14:57:30.055+0000][info][gc             ] GC(474) Concurrent Mark Cycle
[2024-08-27T14:57:30.056+0000][info][gc,marking     ] GC(474) Concurrent Clear Claimed Marks
[2024-08-27T14:57:30.056+0000][info][gc,marking     ] GC(474) Concurrent Clear Claimed Marks 0.011ms
[2024-08-27T14:57:30.056+0000][info][gc,marking     ] GC(474) Concurrent Scan Root Regions
[2024-08-27T14:57:30.059+0000][info][gc,marking     ] GC(474) Concurrent Scan Root Regions 3.382ms
[2024-08-27T14:57:30.059+0000][info][gc,marking     ] GC(474) Concurrent Mark
[2024-08-27T14:57:30.059+0000][info][gc,marking     ] GC(474) Concurrent Mark From Roots
[2024-08-27T14:57:30.059+0000][info][gc,task        ] GC(474) Using 17 workers of 17 for marking
[2024-08-27T14:57:30.079+0000][info][gc,marking     ] GC(474) Concurrent Mark From Roots 19.546ms
[2024-08-27T14:57:30.079+0000][info][gc,marking     ] GC(474) Concurrent Preclean
[2024-08-27T14:57:30.079+0000][info][gc,marking     ] GC(474) Concurrent Preclean 0.538ms
[2024-08-27T14:57:30.079+0000][info][gc,start       ] GC(474) Pause Remark
[2024-08-27T14:57:30.080+0000][info][gc             ] GC(474) Pause Remark 721M->721M(1024M) 1.083ms
[2024-08-27T14:57:30.080+0000][info][gc,cpu         ] GC(474) User=0.00s Sys=0.00s Real=0.00s
[2024-08-27T14:57:30.080+0000][info][gc,marking     ] GC(474) Concurrent Mark 21.501ms
[2024-08-27T14:57:30.080+0000][info][gc,marking     ] GC(474) Concurrent Rebuild Remembered Sets
[2024-08-27T14:57:30.099+0000][info][gc,start       ] GC(475) Pause Young (Normal) (G1 Evacuation Pause)
[2024-08-27T14:57:30.099+0000][info][gc,task        ] GC(475) Using 24 workers of 68 for evacuation
[2024-08-27T14:57:30.116+0000][info][gc,phases      ] GC(475)   Pre Evacuate Collection Set: 0.1ms
[2024-08-27T14:57:30.116+0000][info][gc,phases      ] GC(475)   Merge Heap Roots: 0.3ms
[2024-08-27T14:57:30.116+0000][info][gc,phases      ] GC(475)   Evacuate Collection Set: 15.1ms
[2024-08-27T14:57:30.116+0000][info][gc,phases      ] GC(475)   Post Evacuate Collection Set: 0.5ms
[2024-08-27T14:57:30.116+0000][info][gc,phases      ] GC(475)   Other: 0.2ms
[2024-08-27T14:57:30.116+0000][info][gc,heap        ] GC(475) Eden regions: 70->0(46)
[2024-08-27T14:57:30.116+0000][info][gc,heap        ] GC(475) Survivor regions: 16->11(11)
[2024-08-27T14:57:30.116+0000][info][gc,heap        ] GC(475) Old regions: 677->755
[2024-08-27T14:57:30.116+0000][info][gc,heap        ] GC(475) Archive regions: 2->2
[2024-08-27T14:57:30.116+0000][info][gc,heap        ] GC(475) Humongous regions: 5->5
[2024-08-27T14:57:30.116+0000][info][gc,metaspace   ] GC(475) Metaspace: 100K(320K)->100K(320K) NonClass: 96K(192K)->96K(192K) Class: 4K(128K)->4K(128K)
[2024-08-27T14:57:30.116+0000][info][gc             ] GC(475) Pause Young (Normal) (G1 Evacuation Pause) 757M->760M(1024M) 16.328ms
[2024-08-27T14:57:30.116+0000][info][gc,cpu         ] GC(475) User=0.38s Sys=0.00s Real=0.01s
[2024-08-27T14:57:30.139+0000][info][gc,start       ] GC(476) Pause Young (Normal) (G1 Evacuation Pause)
[2024-08-27T14:57:30.139+0000][info][gc,task        ] GC(476) Using 24 workers of 68 for evacuation
[2024-08-27T14:57:30.158+0000][info][gc,phases      ] GC(476)   Pre Evacuate Collection Set: 0.1ms
[2024-08-27T14:57:30.158+0000][info][gc,phases      ] GC(476)   Merge Heap Roots: 0.5ms
[2024-08-27T14:57:30.158+0000][info][gc,phases      ] GC(476)   Evacuate Collection Set: 18.0ms
[2024-08-27T14:57:30.158+0000][info][gc,phases      ] GC(476)   Post Evacuate Collection Set: 0.6ms
[2024-08-27T14:57:30.158+0000][info][gc,phases      ] GC(476)   Other: 0.2ms
[2024-08-27T14:57:30.158+0000][info][gc,heap        ] GC(476) Eden regions: 46->0(43)
[2024-08-27T14:57:30.158+0000][info][gc,heap        ] GC(476) Survivor regions: 11->8(8)
[2024-08-27T14:57:30.158+0000][info][gc,heap        ] GC(476) Old regions: 755->809
[2024-08-27T14:57:30.158+0000][info][gc,heap        ] GC(476) Archive regions: 2->2
[2024-08-27T14:57:30.158+0000][info][gc,heap        ] GC(476) Humongous regions: 5->5
[2024-08-27T14:57:30.158+0000][info][gc,metaspace   ] GC(476) Metaspace: 100K(320K)->100K(320K) NonClass: 96K(192K)->96K(192K) Class: 4K(128K)->4K(128K)
[2024-08-27T14:57:30.158+0000][info][gc             ] GC(476) Pause Young (Normal) (G1 Evacuation Pause) 806M->812M(1024M) 19.514ms
[2024-08-27T14:57:30.158+0000][info][gc,cpu         ] GC(476) User=0.45s Sys=0.00s Real=0.02s
[2024-08-27T14:57:30.181+0000][info][gc,start       ] GC(477) Pause Young (Normal) (G1 Evacuation Pause)
[2024-08-27T14:57:30.181+0000][info][gc,task        ] GC(477) Using 24 workers of 68 for evacuation
[2024-08-27T14:57:30.198+0000][info][gc,phases      ] GC(477)   Pre Evacuate Collection Set: 0.1ms
[2024-08-27T14:57:30.198+0000][info][gc,phases      ] GC(477)   Merge Heap Roots: 0.4ms
[2024-08-27T14:57:30.198+0000][info][gc,phases      ] GC(477)   Evacuate Collection Set: 15.6ms
[2024-08-27T14:57:30.198+0000][info][gc,phases      ] GC(477)   Post Evacuate Collection Set: 0.7ms
[2024-08-27T14:57:30.198+0000][info][gc,phases      ] GC(477)   Other: 0.2ms
[2024-08-27T14:57:30.198+0000][info][gc,heap        ] GC(477) Eden regions: 43->0(44)
[2024-08-27T14:57:30.198+0000][info][gc,heap        ] GC(477) Survivor regions: 8->7(7)
[2024-08-27T14:57:30.198+0000][info][gc,heap        ] GC(477) Old regions: 809->857
[2024-08-27T14:57:30.198+0000][info][gc,heap        ] GC(477) Archive regions: 2->2
[2024-08-27T14:57:30.198+0000][info][gc,heap        ] GC(477) Humongous regions: 5->5
[2024-08-27T14:57:30.198+0000][info][gc,metaspace   ] GC(477) Metaspace: 100K(320K)->100K(320K) NonClass: 96K(192K)->96K(192K) Class: 4K(128K)->4K(128K)
[2024-08-27T14:57:30.198+0000][info][gc             ] GC(477) Pause Young (Normal) (G1 Evacuation Pause) 855M->859M(1024M) 17.158ms
[2024-08-27T14:57:30.198+0000][info][gc,cpu         ] GC(477) User=0.39s Sys=0.00s Real=0.02s
[2024-08-27T14:57:30.202+0000][info][gc,marking     ] GC(474) Concurrent Rebuild Remembered Sets 121.518ms
[2024-08-27T14:57:30.202+0000][info][gc,start       ] GC(474) Pause Cleanup
[2024-08-27T14:57:30.203+0000][info][gc             ] GC(474) Pause Cleanup 866M->866M(1024M) 1.036ms
[2024-08-27T14:57:30.203+0000][info][gc,cpu         ] GC(474) User=0.00s Sys=0.00s Real=0.00s
[2024-08-27T14:57:30.203+0000][info][gc,marking     ] GC(474) Concurrent Cleanup for Next Mark
[2024-08-27T14:57:30.204+0000][info][gc,marking     ] GC(474) Concurrent Cleanup for Next Mark 0.596ms
[2024-08-27T14:57:30.204+0000][info][gc             ] GC(474) Concurrent Mark Cycle 148.441ms
[2024-08-27T14:57:30.223+0000][info][gc,start       ] GC(478) Pause Young (Prepare Mixed) (G1 Evacuation Pause)
[2024-08-27T14:57:30.223+0000][info][gc,task        ] GC(478) Using 24 workers of 68 for evacuation
[2024-08-27T14:57:30.241+0000][info][gc,phases      ] GC(478)   Pre Evacuate Collection Set: 0.2ms
[2024-08-27T14:57:30.241+0000][info][gc,phases      ] GC(478)   Merge Heap Roots: 0.5ms
[2024-08-27T14:57:30.241+0000][info][gc,phases      ] GC(478)   Evacuate Collection Set: 16.9ms
[2024-08-27T14:57:30.241+0000][info][gc,phases      ] GC(478)   Post Evacuate Collection Set: 0.3ms
[2024-08-27T14:57:30.241+0000][info][gc,phases      ] GC(478)   Other: 0.2ms
[2024-08-27T14:57:30.241+0000][info][gc,heap        ] GC(478) Eden regions: 44->0(44)
[2024-08-27T14:57:30.241+0000][info][gc,heap        ] GC(478) Survivor regions: 7->7(7)
[2024-08-27T14:57:30.241+0000][info][gc,heap        ] GC(478) Old regions: 857->903
[2024-08-27T14:57:30.241+0000][info][gc,heap        ] GC(478) Archive regions: 2->2
[2024-08-27T14:57:30.241+0000][info][gc,heap        ] GC(478) Humongous regions: 5->5
[2024-08-27T14:57:30.241+0000][info][gc,metaspace   ] GC(478) Metaspace: 100K(320K)->100K(320K) NonClass: 96K(192K)->96K(192K) Class: 4K(128K)->4K(128K)
[2024-08-27T14:57:30.241+0000][info][gc             ] GC(478) Pause Young (Prepare Mixed) (G1 Evacuation Pause) 903M->905M(1024M) 18.128ms
[2024-08-27T14:57:30.241+0000][info][gc,cpu         ] GC(478) User=0.42s Sys=0.01s Real=0.02s
[2024-08-27T14:57:30.262+0000][info][gc,start       ] GC(479) Pause Young (Mixed) (G1 Evacuation Pause)
[2024-08-27T14:57:30.262+0000][info][gc,task        ] GC(479) Using 24 workers of 68 for evacuation
[2024-08-27T14:57:30.274+0000][info][gc,phases      ] GC(479)   Pre Evacuate Collection Set: 0.2ms
[2024-08-27T14:57:30.274+0000][info][gc,phases      ] GC(479)   Merge Heap Roots: 0.4ms
[2024-08-27T14:57:30.274+0000][info][gc,phases      ] GC(479)   Evacuate Collection Set: 10.2ms
[2024-08-27T14:57:30.274+0000][info][gc,phases      ] GC(479)   Post Evacuate Collection Set: 0.5ms
[2024-08-27T14:57:30.274+0000][info][gc,phases      ] GC(479)   Other: 0.2ms
[2024-08-27T14:57:30.274+0000][info][gc,heap        ] GC(479) Eden regions: 44->0(44)
[2024-08-27T14:57:30.274+0000][info][gc,heap        ] GC(479) Survivor regions: 7->7(7)
[2024-08-27T14:57:30.274+0000][info][gc,heap        ] GC(479) Old regions: 903->847
[2024-08-27T14:57:30.274+0000][info][gc,heap        ] GC(479) Archive regions: 2->2
[2024-08-27T14:57:30.274+0000][info][gc,heap        ] GC(479) Humongous regions: 5->5
[2024-08-27T14:57:30.274+0000][info][gc,metaspace   ] GC(479) Metaspace: 100K(320K)->100K(320K) NonClass: 96K(192K)->96K(192K) Class: 4K(128K)->4K(128K)
[2024-08-27T14:57:30.274+0000][info][gc             ] GC(479) Pause Young (Mixed) (G1 Evacuation Pause) 949M->852M(1024M) 11.661ms
[2024-08-27T14:57:30.274+0000][info][gc,cpu         ] GC(479) User=0.26s Sys=0.00s Real=0.01s
[2024-08-27T14:57:30.295+0000][info][gc,start       ] GC(480) Pause Young (Mixed) (G1 Evacuation Pause)
[2024-08-27T14:57:30.295+0000][info][gc,task        ] GC(480) Using 24 workers of 68 for evacuation
[2024-08-27T14:57:30.306+0000][info][gc,phases      ] GC(480)   Pre Evacuate Collection Set: 0.2ms
[2024-08-27T14:57:30.306+0000][info][gc,phases      ] GC(480)   Merge Heap Roots: 0.4ms
[2024-08-27T14:57:30.306+0000][info][gc,phases      ] GC(480)   Evacuate Collection Set: 10.1ms
[2024-08-27T14:57:30.306+0000][info][gc,phases      ] GC(480)   Post Evacuate Collection Set: 0.4ms
[2024-08-27T14:57:30.306+0000][info][gc,phases      ] GC(480)   Other: 0.2ms
[2024-08-27T14:57:30.306+0000][info][gc,heap        ] GC(480) Eden regions: 44->0(44)
[2024-08-27T14:57:30.306+0000][info][gc,heap        ] GC(480) Survivor regions: 7->7(7)
[2024-08-27T14:57:30.306+0000][info][gc,heap        ] GC(480) Old regions: 847->807
[2024-08-27T14:57:30.306+0000][info][gc,heap        ] GC(480) Archive regions: 2->2
[2024-08-27T14:57:30.306+0000][info][gc,heap        ] GC(480) Humongous regions: 5->5
[2024-08-27T14:57:30.306+0000][info][gc,metaspace   ] GC(480) Metaspace: 100K(320K)->100K(320K) NonClass: 96K(192K)->96K(192K) Class: 4K(128K)->4K(128K)
[2024-08-27T14:57:30.306+0000][info][gc             ] GC(480) Pause Young (Mixed) (G1 Evacuation Pause) 896M->815M(1024M) 11.446ms
[2024-08-27T14:57:30.306+0000][info][gc,cpu         ] GC(480) User=0.24s Sys=0.01s Real=0.01s
[2024-08-27T14:57:30.326+0000][info][gc,start       ] GC(481) Pause Young (Concurrent Start) (G1 Evacuation Pause)
[2024-08-27T14:57:30.326+0000][info][gc,task        ] GC(481) Using 24 workers of 68 for evacuation
[2024-08-27T14:57:30.340+0000][info][gc,phases      ] GC(481)   Pre Evacuate Collection Set: 0.2ms
[2024-08-27T14:57:30.340+0000][info][gc,phases      ] GC(481)   Merge Heap Roots: 0.3ms
[2024-08-27T14:57:30.340+0000][info][gc,phases      ] GC(481)   Evacuate Collection Set: 12.4ms
[2024-08-27T14:57:30.340+0000][info][gc,phases      ] GC(481)   Post Evacuate Collection Set: 0.3ms
[2024-08-27T14:57:30.340+0000][info][gc,phases      ] GC(481)   Other: 0.6ms
[2024-08-27T14:57:30.340+0000][info][gc,heap        ] GC(481) Eden regions: 44->0(44)
[2024-08-27T14:57:30.340+0000][info][gc,heap        ] GC(481) Survivor regions: 7->7(7)
[2024-08-27T14:57:30.340+0000][info][gc,heap        ] GC(481) Old regions: 807->853
[2024-08-27T14:57:30.340+0000][info][gc,heap        ] GC(481) Archive regions: 2->2
[2024-08-27T14:57:30.340+0000][info][gc,heap        ] GC(481) Humongous regions: 5->5
[2024-08-27T14:57:30.340+0000][info][gc,metaspace   ] GC(481) Metaspace: 100K(320K)->100K(320K) NonClass: 96K(192K)->96K(192K) Class: 4K(128K)->4K(128K)
[2024-08-27T14:57:30.340+0000][info][gc             ] GC(481) Pause Young (Concurrent Start) (G1 Evacuation Pause) 859M->862M(1024M) 13.851ms
[2024-08-27T14:57:30.340+0000][info][gc,cpu         ] GC(481) User=0.22s Sys=0.01s Real=0.02s
[2024-08-27T14:57:30.340+0000][info][gc             ] GC(482) Concurrent Mark Cycle
[2024-08-27T14:57:30.340+0000][info][gc,marking     ] GC(482) Concurrent Clear Claimed Marks
[2024-08-27T14:57:30.340+0000][info][gc,marking     ] GC(482) Concurrent Clear Claimed Marks 0.011ms
[2024-08-27T14:57:30.340+0000][info][gc,marking     ] GC(482) Concurrent Scan Root Regions
[2024-08-27T14:57:30.342+0000][info][gc,marking     ] GC(482) Concurrent Scan Root Regions 1.599ms
[2024-08-27T14:57:30.342+0000][info][gc,marking     ] GC(482) Concurrent Mark
[2024-08-27T14:57:30.342+0000][info][gc,marking     ] GC(482) Concurrent Mark From Roots
[2024-08-27T14:57:30.342+0000][info][gc,task        ] GC(482) Using 17 workers of 17 for marking
[2024-08-27T14:57:30.364+0000][info][gc,marking     ] GC(482) Concurrent Mark From Roots 22.365ms
[2024-08-27T14:57:30.364+0000][info][gc,marking     ] GC(482) Concurrent Preclean
[2024-08-27T14:57:30.365+0000][info][gc,marking     ] GC(482) Concurrent Preclean 0.534ms
[2024-08-27T14:57:30.365+0000][info][gc,start       ] GC(482) Pause Remark
[2024-08-27T14:57:30.366+0000][info][gc             ] GC(482) Pause Remark 894M->894M(1024M) 1.272ms
[2024-08-27T14:57:30.366+0000][info][gc,cpu         ] GC(482) User=0.00s Sys=0.01s Real=0.00s
[2024-08-27T14:57:30.366+0000][info][gc,marking     ] GC(482) Concurrent Mark 24.516ms
[2024-08-27T14:57:30.366+0000][info][gc,marking     ] GC(482) Concurrent Rebuild Remembered Sets
[2024-08-27T14:57:30.372+0000][info][gc,start       ] GC(483) Pause Young (Normal) (G1 Evacuation Pause)
[2024-08-27T14:57:30.372+0000][info][gc,task        ] GC(483) Using 24 workers of 68 for evacuation
[2024-08-27T14:57:30.382+0000][info][gc,phases      ] GC(483)   Pre Evacuate Collection Set: 0.1ms
[2024-08-27T14:57:30.382+0000][info][gc,phases      ] GC(483)   Merge Heap Roots: 0.2ms
[2024-08-27T14:57:30.382+0000][info][gc,phases      ] GC(483)   Evacuate Collection Set: 8.9ms
[2024-08-27T14:57:30.382+0000][info][gc,phases      ] GC(483)   Post Evacuate Collection Set: 0.4ms
[2024-08-27T14:57:30.382+0000][info][gc,phases      ] GC(483)   Other: 0.2ms
[2024-08-27T14:57:30.382+0000][info][gc,heap        ] GC(483) Eden regions: 44->0(44)
[2024-08-27T14:57:30.382+0000][info][gc,heap        ] GC(483) Survivor regions: 7->7(7)
[2024-08-27T14:57:30.382+0000][info][gc,heap        ] GC(483) Old regions: 853->900
[2024-08-27T14:57:30.382+0000][info][gc,heap        ] GC(483) Archive regions: 2->2
[2024-08-27T14:57:30.382+0000][info][gc,heap        ] GC(483) Humongous regions: 5->5
[2024-08-27T14:57:30.382+0000][info][gc,metaspace   ] GC(483) Metaspace: 100K(320K)->100K(320K) NonClass: 96K(192K)->96K(192K) Class: 4K(128K)->4K(128K)
[2024-08-27T14:57:30.382+0000][info][gc             ] GC(483) Pause Young (Normal) (G1 Evacuation Pause) 906M->908M(1024M) 9.876ms
[2024-08-27T14:57:30.382+0000][info][gc,cpu         ] GC(483) User=0.20s Sys=0.01s Real=0.01s
[2024-08-27T14:57:30.403+0000][info][gc,start       ] GC(484) Pause Young (Normal) (G1 Evacuation Pause)
[2024-08-27T14:57:30.403+0000][info][gc,task        ] GC(484) Using 24 workers of 68 for evacuation
[2024-08-27T14:57:30.417+0000][info][gc,phases      ] GC(484)   Pre Evacuate Collection Set: 0.1ms
[2024-08-27T14:57:30.417+0000][info][gc,phases      ] GC(484)   Merge Heap Roots: 0.3ms
[2024-08-27T14:57:30.417+0000][info][gc,phases      ] GC(484)   Evacuate Collection Set: 12.9ms
[2024-08-27T14:57:30.417+0000][info][gc,phases      ] GC(484)   Post Evacuate Collection Set: 0.5ms
[2024-08-27T14:57:30.417+0000][info][gc,phases      ] GC(484)   Other: 0.2ms
[2024-08-27T14:57:30.417+0000][info][gc,heap        ] GC(484) Eden regions: 44->0(44)
[2024-08-27T14:57:30.417+0000][info][gc,heap        ] GC(484) Survivor regions: 7->7(7)
[2024-08-27T14:57:30.417+0000][info][gc,heap        ] GC(484) Old regions: 900->946
[2024-08-27T14:57:30.417+0000][info][gc,heap        ] GC(484) Archive regions: 2->2
[2024-08-27T14:57:30.417+0000][info][gc,heap        ] GC(484) Humongous regions: 5->5
[2024-08-27T14:57:30.417+0000][info][gc,metaspace   ] GC(484) Metaspace: 100K(320K)->100K(320K) NonClass: 96K(192K)->96K(192K) Class: 4K(128K)->4K(128K)
[2024-08-27T14:57:30.417+0000][info][gc             ] GC(484) Pause Young (Normal) (G1 Evacuation Pause) 952M->955M(1024M) 14.124ms
[2024-08-27T14:57:30.417+0000][info][gc,cpu         ] GC(484) User=0.30s Sys=0.02s Real=0.01s
[2024-08-27T14:57:30.430+0000][info][gc,start       ] GC(485) Pause Young (Normal) (G1 Preventive Collection)
[2024-08-27T14:57:30.430+0000][info][gc,task        ] GC(485) Using 24 workers of 68 for evacuation
[2024-08-27T14:57:30.443+0000][info][gc,phases      ] GC(485)   Pre Evacuate Collection Set: 0.1ms
[2024-08-27T14:57:30.443+0000][info][gc,phases      ] GC(485)   Merge Heap Roots: 0.3ms
[2024-08-27T14:57:30.443+0000][info][gc,phases      ] GC(485)   Evacuate Collection Set: 11.9ms
[2024-08-27T14:57:30.443+0000][info][gc,phases      ] GC(485)   Post Evacuate Collection Set: 0.5ms
[2024-08-27T14:57:30.443+0000][info][gc,phases      ] GC(485)   Other: 0.2ms
[2024-08-27T14:57:30.443+0000][info][gc,heap        ] GC(485) Eden regions: 27->0(44)
[2024-08-27T14:57:30.443+0000][info][gc,heap        ] GC(485) Survivor regions: 7->7(7)
[2024-08-27T14:57:30.443+0000][info][gc,heap        ] GC(485) Old regions: 946->976
[2024-08-27T14:57:30.443+0000][info][gc,heap        ] GC(485) Archive regions: 2->2
[2024-08-27T14:57:30.443+0000][info][gc,heap        ] GC(485) Humongous regions: 5->5
[2024-08-27T14:57:30.443+0000][info][gc,metaspace   ] GC(485) Metaspace: 100K(320K)->100K(320K) NonClass: 96K(192K)->96K(192K) Class: 4K(128K)->4K(128K)
[2024-08-27T14:57:30.443+0000][info][gc             ] GC(485) Pause Young (Normal) (G1 Preventive Collection) 982M->984M(1024M) 13.186ms
[2024-08-27T14:57:30.443+0000][info][gc,cpu         ] GC(485) User=0.30s Sys=0.00s Real=0.01s
[2024-08-27T14:57:30.450+0000][info][gc,start       ] GC(486) Pause Young (Normal) (G1 Preventive Collection)
[2024-08-27T14:57:30.450+0000][info][gc,task        ] GC(486) Using 24 workers of 68 for evacuation
[2024-08-27T14:57:30.460+0000][info][gc,phases      ] GC(486)   Pre Evacuate Collection Set: 0.1ms
[2024-08-27T14:57:30.460+0000][info][gc,phases      ] GC(486)   Merge Heap Roots: 0.4ms
[2024-08-27T14:57:30.460+0000][info][gc,phases      ] GC(486)   Evacuate Collection Set: 8.9ms
[2024-08-27T14:57:30.460+0000][info][gc,phases      ] GC(486)   Post Evacuate Collection Set: 0.5ms
[2024-08-27T14:57:30.460+0000][info][gc,phases      ] GC(486)   Other: 0.1ms
[2024-08-27T14:57:30.460+0000][info][gc,heap        ] GC(486) Eden regions: 12->0(44)
[2024-08-27T14:57:30.460+0000][info][gc,heap        ] GC(486) Survivor regions: 7->7(7)
[2024-08-27T14:57:30.460+0000][info][gc,heap        ] GC(486) Old regions: 976->991
[2024-08-27T14:57:30.460+0000][info][gc,heap        ] GC(486) Archive regions: 2->2
[2024-08-27T14:57:30.460+0000][info][gc,heap        ] GC(486) Humongous regions: 5->5
[2024-08-27T14:57:30.460+0000][info][gc,metaspace   ] GC(486) Metaspace: 100K(320K)->100K(320K) NonClass: 96K(192K)->96K(192K) Class: 4K(128K)->4K(128K)
[2024-08-27T14:57:30.460+0000][info][gc             ] GC(486) Pause Young (Normal) (G1 Preventive Collection) 996M->999M(1024M) 10.160ms
[2024-08-27T14:57:30.460+0000][info][gc,cpu         ] GC(486) User=0.23s Sys=0.00s Real=0.01s
[2024-08-27T14:57:30.463+0000][info][gc,start       ] GC(487) Pause Young (Normal) (G1 Preventive Collection)
[2024-08-27T14:57:30.463+0000][info][gc,task        ] GC(487) Using 24 workers of 68 for evacuation
[2024-08-27T14:57:30.471+0000][info][gc,phases      ] GC(487)   Pre Evacuate Collection Set: 0.1ms
[2024-08-27T14:57:30.471+0000][info][gc,phases      ] GC(487)   Merge Heap Roots: 0.4ms
[2024-08-27T14:57:30.471+0000][info][gc,phases      ] GC(487)   Evacuate Collection Set: 6.9ms
[2024-08-27T14:57:30.471+0000][info][gc,phases      ] GC(487)   Post Evacuate Collection Set: 0.6ms
[2024-08-27T14:57:30.471+0000][info][gc,phases      ] GC(487)   Other: 0.1ms
[2024-08-27T14:57:30.471+0000][info][gc,heap        ] GC(487) Eden regions: 5->0(46)
[2024-08-27T14:57:30.471+0000][info][gc,heap        ] GC(487) Survivor regions: 7->5(7)
[2024-08-27T14:57:30.471+0000][info][gc,heap        ] GC(487) Old regions: 991->1000
[2024-08-27T14:57:30.471+0000][info][gc,heap        ] GC(487) Archive regions: 2->2
[2024-08-27T14:57:30.471+0000][info][gc,heap        ] GC(487) Humongous regions: 5->5
[2024-08-27T14:57:30.471+0000][info][gc,metaspace   ] GC(487) Metaspace: 100K(320K)->100K(320K) NonClass: 96K(192K)->96K(192K) Class: 4K(128K)->4K(128K)
[2024-08-27T14:57:30.471+0000][info][gc             ] GC(487) Pause Young (Normal) (G1 Preventive Collection) 1004M->1007M(1024M) 8.145ms
[2024-08-27T14:57:30.471+0000][info][gc,cpu         ] GC(487) User=0.18s Sys=0.00s Real=0.01s
[2024-08-27T14:57:30.473+0000][info][gc,start       ] GC(488) Pause Young (Normal) (G1 Preventive Collection)
[2024-08-27T14:57:30.473+0000][info][gc,task        ] GC(488) Using 24 workers of 68 for evacuation
[2024-08-27T14:57:30.480+0000][info][gc             ] GC(488) To-space exhausted
[2024-08-27T14:57:30.481+0000][info][gc,phases      ] GC(488)   Pre Evacuate Collection Set: 0.1ms
[2024-08-27T14:57:30.481+0000][info][gc,phases      ] GC(488)   Merge Heap Roots: 0.5ms
[2024-08-27T14:57:30.481+0000][info][gc,phases      ] GC(488)   Evacuate Collection Set: 6.1ms
[2024-08-27T14:57:30.481+0000][info][gc,phases      ] GC(488)   Post Evacuate Collection Set: 0.7ms
[2024-08-27T14:57:30.481+0000][info][gc,phases      ] GC(488)   Other: 0.2ms
[2024-08-27T14:57:30.481+0000][info][gc,heap        ] GC(488) Eden regions: 3->0(47)
[2024-08-27T14:57:30.481+0000][info][gc,heap        ] GC(488) Survivor regions: 5->4(7)
[2024-08-27T14:57:30.481+0000][info][gc,heap        ] GC(488) Old regions: 1000->1010
[2024-08-27T14:57:30.481+0000][info][gc,heap        ] GC(488) Archive regions: 2->2
[2024-08-27T14:57:30.481+0000][info][gc,heap        ] GC(488) Humongous regions: 5->5
[2024-08-27T14:57:30.481+0000][info][gc,metaspace   ] GC(488) Metaspace: 100K(320K)->100K(320K) NonClass: 96K(192K)->96K(192K) Class: 4K(128K)->4K(128K)
[2024-08-27T14:57:30.481+0000][info][gc             ] GC(488) Pause Young (Normal) (G1 Preventive Collection) 1010M->1015M(1024M) 7.657ms
[2024-08-27T14:57:30.481+0000][info][gc,cpu         ] GC(488) User=0.17s Sys=0.00s Real=0.01s
[2024-08-27T14:57:30.482+0000][info][gc,start       ] GC(489) Pause Young (Normal) (G1 Preventive Collection)
[2024-08-27T14:57:30.482+0000][info][gc,task        ] GC(489) Using 24 workers of 68 for evacuation
[2024-08-27T14:57:30.489+0000][info][gc             ] GC(489) To-space exhausted
[2024-08-27T14:57:30.489+0000][info][gc,phases      ] GC(489)   Pre Evacuate Collection Set: 0.1ms
[2024-08-27T14:57:30.489+0000][info][gc,phases      ] GC(489)   Merge Heap Roots: 0.5ms
[2024-08-27T14:57:30.489+0000][info][gc,phases      ] GC(489)   Evacuate Collection Set: 5.6ms
[2024-08-27T14:57:30.489+0000][info][gc,phases      ] GC(489)   Post Evacuate Collection Set: 0.9ms
[2024-08-27T14:57:30.489+0000][info][gc,phases      ] GC(489)   Other: 0.1ms
[2024-08-27T14:57:30.489+0000][info][gc,heap        ] GC(489) Eden regions: 1->0(49)
[2024-08-27T14:57:30.489+0000][info][gc,heap        ] GC(489) Survivor regions: 4->2(2)
[2024-08-27T14:57:30.489+0000][info][gc,heap        ] GC(489) Old regions: 1010->1015
[2024-08-27T14:57:30.489+0000][info][gc,heap        ] GC(489) Archive regions: 2->2
[2024-08-27T14:57:30.489+0000][info][gc,heap        ] GC(489) Humongous regions: 5->5
[2024-08-27T14:57:30.489+0000][info][gc,metaspace   ] GC(489) Metaspace: 100K(320K)->100K(320K) NonClass: 96K(192K)->96K(192K) Class: 4K(128K)->4K(128K)
[2024-08-27T14:57:30.489+0000][info][gc             ] GC(489) Pause Young (Normal) (G1 Preventive Collection) 1016M->1018M(1024M) 7.246ms
[2024-08-27T14:57:30.489+0000][info][gc,cpu         ] GC(489) User=0.15s Sys=0.00s Real=0.00s
[2024-08-27T14:57:30.489+0000][info][gc,ergo        ] Attempting full compaction
[2024-08-27T14:57:30.489+0000][info][gc,task        ] GC(490) Using 24 workers of 68 for full compaction
[2024-08-27T14:57:30.489+0000][info][gc,start       ] GC(490) Pause Full (G1 Compaction Pause)
[2024-08-27T14:57:30.490+0000][info][gc,phases,start] GC(490) Phase 1: Mark live objects
[2024-08-27T14:57:30.503+0000][info][gc,phases      ] GC(490) Phase 1: Mark live objects 13.657ms
[2024-08-27T14:57:30.503+0000][info][gc,phases,start] GC(490) Phase 2: Prepare for compaction
[2024-08-27T14:57:30.511+0000][info][gc,phases      ] GC(490) Phase 2: Prepare for compaction 7.798ms
[2024-08-27T14:57:30.511+0000][info][gc,phases,start] GC(490) Phase 3: Adjust pointers
[2024-08-27T14:57:30.525+0000][info][gc,phases      ] GC(490) Phase 3: Adjust pointers 13.580ms
[2024-08-27T14:57:30.525+0000][info][gc,phases,start] GC(490) Phase 4: Compact heap
[2024-08-27T14:57:30.554+0000][info][gc,phases      ] GC(490) Phase 4: Compact heap 29.079ms
[2024-08-27T14:57:30.555+0000][info][gc,heap        ] GC(490) Eden regions: 0->0(150)
[2024-08-27T14:57:30.555+0000][info][gc,heap        ] GC(490) Survivor regions: 2->0(2)
[2024-08-27T14:57:30.555+0000][info][gc,heap        ] GC(490) Old regions: 1015->442
[2024-08-27T14:57:30.555+0000][info][gc,heap        ] GC(490) Archive regions: 2->2
[2024-08-27T14:57:30.555+0000][info][gc,heap        ] GC(490) Humongous regions: 5->5
[2024-08-27T14:57:30.555+0000][info][gc,metaspace   ] GC(490) Metaspace: 100K(320K)->100K(320K) NonClass: 96K(192K)->96K(192K) Class: 4K(128K)->4K(128K)
[2024-08-27T14:57:30.555+0000][info][gc             ] GC(490) Pause Full (G1 Compaction Pause) 1018M->437M(1024M) 66.121ms
[2024-08-27T14:57:30.555+0000][info][gc,cpu         ] GC(490) User=1.39s Sys=0.04s Real=0.07s
[2024-08-27T14:57:30.556+0000][info][gc,marking     ] GC(482) Concurrent Rebuild Remembered Sets 189.242ms
[2024-08-27T14:57:30.556+0000][info][gc,marking     ] GC(482) Concurrent Mark Abort
[2024-08-27T14:57:30.556+0000][info][gc             ] GC(482) Concurrent Mark Cycle 215.534ms
[2024-08-27T14:57:30.628+0000][info][gc,start       ] GC(491) Pause Young (Normal) (G1 Evacuation Pause)
[2024-08-27T14:57:30.628+0000][info][gc,task        ] GC(491) Using 24 workers of 68 for evacuation
[2024-08-27T14:57:30.652+0000][info][gc,phases      ] GC(491)   Pre Evacuate Collection Set: 0.2ms
[2024-08-27T14:57:30.652+0000][info][gc,phases      ] GC(491)   Merge Heap Roots: 0.3ms
[2024-08-27T14:57:30.652+0000][info][gc,phases      ] GC(491)   Evacuate Collection Set: 22.4ms
[2024-08-27T14:57:30.652+0000][info][gc,phases      ] GC(491)   Post Evacuate Collection Set: 0.3ms
[2024-08-27T14:57:30.652+0000][info][gc,phases      ] GC(491)   Other: 0.2ms
[2024-08-27T14:57:30.652+0000][info][gc,heap        ] GC(491) Eden regions: 150->0(101)
[2024-08-27T14:57:30.652+0000][info][gc,heap        ] GC(491) Survivor regions: 0->19(19)
[2024-08-27T14:57:30.652+0000][info][gc,heap        ] GC(491) Old regions: 442->575
[2024-08-27T14:57:30.652+0000][info][gc,heap        ] GC(491) Archive regions: 2->2
[2024-08-27T14:57:30.652+0000][info][gc,heap        ] GC(491) Humongous regions: 5->5
[2024-08-27T14:57:30.652+0000][info][gc,metaspace   ] GC(491) Metaspace: 100K(320K)->100K(320K) NonClass: 96K(192K)->96K(192K) Class: 4K(128K)->4K(128K)
[2024-08-27T14:57:30.652+0000][info][gc             ] GC(491) Pause Young (Normal) (G1 Evacuation Pause) 587M->589M(1024M) 23.514ms
[2024-08-27T14:57:30.652+0000][info][gc,cpu         ] GC(491) User=0.41s Sys=0.13s Real=0.03s
[2024-08-27T14:57:30.698+0000][info][gc,start       ] GC(492) Pause Young (Concurrent Start) (G1 Evacuation Pause)
[2024-08-27T14:57:30.698+0000][info][gc,task        ] GC(492) Using 24 workers of 68 for evacuation
[2024-08-27T14:57:30.716+0000][info][gc,phases      ] GC(492)   Pre Evacuate Collection Set: 0.2ms
[2024-08-27T14:57:30.716+0000][info][gc,phases      ] GC(492)   Merge Heap Roots: 0.4ms
[2024-08-27T14:57:30.716+0000][info][gc,phases      ] GC(492)   Evacuate Collection Set: 16.6ms
[2024-08-27T14:57:30.716+0000][info][gc,phases      ] GC(492)   Post Evacuate Collection Set: 0.3ms
[2024-08-27T14:57:30.716+0000][info][gc,phases      ] GC(492)   Other: 0.6ms
[2024-08-27T14:57:30.716+0000][info][gc,heap        ] GC(492) Eden regions: 101->0(68)
[2024-08-27T14:57:30.716+0000][info][gc,heap        ] GC(492) Survivor regions: 19->15(15)
[2024-08-27T14:57:30.716+0000][info][gc,heap        ] GC(492) Old regions: 575->683
[2024-08-27T14:57:30.716+0000][info][gc,heap        ] GC(492) Archive regions: 2->2
[2024-08-27T14:57:30.716+0000][info][gc,heap        ] GC(492) Humongous regions: 5->5
[2024-08-27T14:57:30.716+0000][info][gc,metaspace   ] GC(492) Metaspace: 100K(320K)->100K(320K) NonClass: 96K(192K)->96K(192K) Class: 4K(128K)->4K(128K)
[2024-08-27T14:57:30.716+0000][info][gc             ] GC(492) Pause Young (Concurrent Start) (G1 Evacuation Pause) 690M->693M(1024M) 18.145ms
[2024-08-27T14:57:30.716+0000][info][gc,cpu         ] GC(492) User=0.41s Sys=0.00s Real=0.01s
[2024-08-27T14:57:30.716+0000][info][gc             ] GC(493) Concurrent Mark Cycle
[2024-08-27T14:57:30.716+0000][info][gc,marking     ] GC(493) Concurrent Clear Claimed Marks
[2024-08-27T14:57:30.716+0000][info][gc,marking     ] GC(493) Concurrent Clear Claimed Marks 0.011ms
[2024-08-27T14:57:30.716+0000][info][gc,marking     ] GC(493) Concurrent Scan Root Regions
[2024-08-27T14:57:30.720+0000][info][gc,marking     ] GC(493) Concurrent Scan Root Regions 3.241ms
[2024-08-27T14:57:30.720+0000][info][gc,marking     ] GC(493) Concurrent Mark
[2024-08-27T14:57:30.720+0000][info][gc,marking     ] GC(493) Concurrent Mark From Roots
[2024-08-27T14:57:30.720+0000][info][gc,task        ] GC(493) Using 17 workers of 17 for marking
[2024-08-27T14:57:30.739+0000][info][gc,marking     ] GC(493) Concurrent Mark From Roots 18.967ms
[2024-08-27T14:57:30.739+0000][info][gc,marking     ] GC(493) Concurrent Preclean
[2024-08-27T14:57:30.739+0000][info][gc,marking     ] GC(493) Concurrent Preclean 0.537ms
[2024-08-27T14:57:30.740+0000][info][gc,start       ] GC(493) Pause Remark
[2024-08-27T14:57:30.741+0000][info][gc             ] GC(493) Pause Remark 727M->727M(1024M) 1.097ms
[2024-08-27T14:57:30.741+0000][info][gc,cpu         ] GC(493) User=0.01s Sys=0.00s Real=0.00s
[2024-08-27T14:57:30.741+0000][info][gc,marking     ] GC(493) Concurrent Mark 20.967ms
[2024-08-27T14:57:30.741+0000][info][gc,marking     ] GC(493) Concurrent Rebuild Remembered Sets
[2024-08-27T14:57:30.757+0000][info][gc,start       ] GC(494) Pause Young (Normal) (G1 Evacuation Pause)
[2024-08-27T14:57:30.757+0000][info][gc,task        ] GC(494) Using 24 workers of 68 for evacuation
[2024-08-27T14:57:30.772+0000][info][gc,phases      ] GC(494)   Pre Evacuate Collection Set: 0.2ms
[2024-08-27T14:57:30.772+0000][info][gc,phases      ] GC(494)   Merge Heap Roots: 0.3ms
[2024-08-27T14:57:30.772+0000][info][gc,phases      ] GC(494)   Evacuate Collection Set: 14.0ms
[2024-08-27T14:57:30.772+0000][info][gc,phases      ] GC(494)   Post Evacuate Collection Set: 0.5ms
[2024-08-27T14:57:30.772+0000][info][gc,phases      ] GC(494)   Other: 0.2ms
[2024-08-27T14:57:30.772+0000][info][gc,heap        ] GC(494) Eden regions: 68->0(45)
[2024-08-27T14:57:30.772+0000][info][gc,heap        ] GC(494) Survivor regions: 15->11(11)
[2024-08-27T14:57:30.772+0000][info][gc,heap        ] GC(494) Old regions: 683->759
[2024-08-27T14:57:30.772+0000][info][gc,heap        ] GC(494) Archive regions: 2->2
[2024-08-27T14:57:30.772+0000][info][gc,heap        ] GC(494) Humongous regions: 5->5
[2024-08-27T14:57:30.772+0000][info][gc,metaspace   ] GC(494) Metaspace: 100K(320K)->100K(320K) NonClass: 96K(192K)->96K(192K) Class: 4K(128K)->4K(128K)
[2024-08-27T14:57:30.772+0000][info][gc             ] GC(494) Pause Young (Normal) (G1 Evacuation Pause) 761M->764M(1024M) 15.077ms
[2024-08-27T14:57:30.772+0000][info][gc,cpu         ] GC(494) User=0.34s Sys=0.00s Real=0.02s
[2024-08-27T14:57:30.793+0000][info][gc,start       ] GC(495) Pause Young (Normal) (G1 Evacuation Pause)
[2024-08-27T14:57:30.793+0000][info][gc,task        ] GC(495) Using 24 workers of 68 for evacuation
[2024-08-27T14:57:30.811+0000][info][gc,phases      ] GC(495)   Pre Evacuate Collection Set: 0.1ms
[2024-08-27T14:57:30.811+0000][info][gc,phases      ] GC(495)   Merge Heap Roots: 0.4ms
[2024-08-27T14:57:30.811+0000][info][gc,phases      ] GC(495)   Evacuate Collection Set: 16.8ms
[2024-08-27T14:57:30.811+0000][info][gc,phases      ] GC(495)   Post Evacuate Collection Set: 0.6ms
[2024-08-27T14:57:30.811+0000][info][gc,phases      ] GC(495)   Other: 0.2ms
[2024-08-27T14:57:30.811+0000][info][gc,heap        ] GC(495) Eden regions: 45->0(44)
[2024-08-27T14:57:30.811+0000][info][gc,heap        ] GC(495) Survivor regions: 11->7(7)
[2024-08-27T14:57:30.811+0000][info][gc,heap        ] GC(495) Old regions: 759->811
[2024-08-27T14:57:30.811+0000][info][gc,heap        ] GC(495) Archive regions: 2->2
[2024-08-27T14:57:30.811+0000][info][gc,heap        ] GC(495) Humongous regions: 5->5
[2024-08-27T14:57:30.811+0000][info][gc,metaspace   ] GC(495) Metaspace: 100K(320K)->100K(320K) NonClass: 96K(192K)->96K(192K) Class: 4K(128K)->4K(128K)
[2024-08-27T14:57:30.811+0000][info][gc             ] GC(495) Pause Young (Normal) (G1 Evacuation Pause) 809M->813M(1024M) 18.163ms
[2024-08-27T14:57:30.811+0000][info][gc,cpu         ] GC(495) User=0.42s Sys=0.00s Real=0.02s
[2024-08-27T14:57:30.832+0000][info][gc,start       ] GC(496) Pause Young (Normal) (G1 Evacuation Pause)
[2024-08-27T14:57:30.832+0000][info][gc,task        ] GC(496) Using 24 workers of 68 for evacuation
[2024-08-27T14:57:30.848+0000][info][gc,phases      ] GC(496)   Pre Evacuate Collection Set: 0.1ms
[2024-08-27T14:57:30.848+0000][info][gc,phases      ] GC(496)   Merge Heap Roots: 0.4ms
[2024-08-27T14:57:30.848+0000][info][gc,phases      ] GC(496)   Evacuate Collection Set: 14.5ms
[2024-08-27T14:57:30.848+0000][info][gc,phases      ] GC(496)   Post Evacuate Collection Set: 0.7ms
[2024-08-27T14:57:30.848+0000][info][gc,phases      ] GC(496)   Other: 0.2ms
[2024-08-27T14:57:30.848+0000][info][gc,heap        ] GC(496) Eden regions: 44->0(44)
[2024-08-27T14:57:30.848+0000][info][gc,heap        ] GC(496) Survivor regions: 7->7(7)
[2024-08-27T14:57:30.848+0000][info][gc,heap        ] GC(496) Old regions: 811->859
[2024-08-27T14:57:30.848+0000][info][gc,heap        ] GC(496) Archive regions: 2->2
[2024-08-27T14:57:30.848+0000][info][gc,heap        ] GC(496) Humongous regions: 5->5
[2024-08-27T14:57:30.848+0000][info][gc,metaspace   ] GC(496) Metaspace: 100K(320K)->100K(320K) NonClass: 96K(192K)->96K(192K) Class: 4K(128K)->4K(128K)
[2024-08-27T14:57:30.848+0000][info][gc             ] GC(496) Pause Young (Normal) (G1 Evacuation Pause) 857M->860M(1024M) 16.041ms
[2024-08-27T14:57:30.848+0000][info][gc,cpu         ] GC(496) User=0.37s Sys=0.00s Real=0.01s
[2024-08-27T14:57:30.858+0000][info][gc,marking     ] GC(493) Concurrent Rebuild Remembered Sets 116.971ms
[2024-08-27T14:57:30.858+0000][info][gc,start       ] GC(493) Pause Cleanup
[2024-08-27T14:57:30.859+0000][info][gc             ] GC(493) Pause Cleanup 881M->881M(1024M) 1.059ms
[2024-08-27T14:57:30.859+0000][info][gc,cpu         ] GC(493) User=0.01s Sys=0.00s Real=0.00s
[2024-08-27T14:57:30.859+0000][info][gc,marking     ] GC(493) Concurrent Cleanup for Next Mark
[2024-08-27T14:57:30.860+0000][info][gc,marking     ] GC(493) Concurrent Cleanup for Next Mark 0.630ms
[2024-08-27T14:57:30.860+0000][info][gc             ] GC(493) Concurrent Mark Cycle 143.282ms
[2024-08-27T14:57:30.872+0000][info][gc,start       ] GC(497) Pause Young (Prepare Mixed) (G1 Evacuation Pause)
[2024-08-27T14:57:30.872+0000][info][gc,task        ] GC(497) Using 24 workers of 68 for evacuation
[2024-08-27T14:57:30.888+0000][info][gc,phases      ] GC(497)   Pre Evacuate Collection Set: 0.2ms
[2024-08-27T14:57:30.888+0000][info][gc,phases      ] GC(497)   Merge Heap Roots: 0.7ms
[2024-08-27T14:57:30.888+0000][info][gc,phases      ] GC(497)   Evacuate Collection Set: 15.3ms
[2024-08-27T14:57:30.888+0000][info][gc,phases      ] GC(497)   Post Evacuate Collection Set: 0.3ms
[2024-08-27T14:57:30.888+0000][info][gc,phases      ] GC(497)   Other: 0.2ms
[2024-08-27T14:57:30.888+0000][info][gc,heap        ] GC(497) Eden regions: 44->0(44)
[2024-08-27T14:57:30.888+0000][info][gc,heap        ] GC(497) Survivor regions: 7->7(7)
[2024-08-27T14:57:30.888+0000][info][gc,heap        ] GC(497) Old regions: 859->906
[2024-08-27T14:57:30.888+0000][info][gc,heap        ] GC(497) Archive regions: 2->2
[2024-08-27T14:57:30.888+0000][info][gc,heap        ] GC(497) Humongous regions: 5->5
[2024-08-27T14:57:30.888+0000][info][gc,metaspace   ] GC(497) Metaspace: 100K(320K)->100K(320K) NonClass: 96K(192K)->96K(192K) Class: 4K(128K)->4K(128K)
[2024-08-27T14:57:30.888+0000][info][gc             ] GC(497) Pause Young (Prepare Mixed) (G1 Evacuation Pause) 904M->907M(1024M) 16.775ms
[2024-08-27T14:57:30.888+0000][info][gc,cpu         ] GC(497) User=0.39s Sys=0.00s Real=0.01s
[2024-08-27T14:57:30.909+0000][info][gc,start       ] GC(498) Pause Young (Mixed) (G1 Evacuation Pause)
[2024-08-27T14:57:30.909+0000][info][gc,task        ] GC(498) Using 24 workers of 68 for evacuation
[2024-08-27T14:57:30.920+0000][info][gc,phases      ] GC(498)   Pre Evacuate Collection Set: 0.2ms
[2024-08-27T14:57:30.920+0000][info][gc,phases      ] GC(498)   Merge Heap Roots: 0.3ms
[2024-08-27T14:57:30.920+0000][info][gc,phases      ] GC(498)   Evacuate Collection Set: 9.7ms
[2024-08-27T14:57:30.920+0000][info][gc,phases      ] GC(498)   Post Evacuate Collection Set: 0.4ms
[2024-08-27T14:57:30.920+0000][info][gc,phases      ] GC(498)   Other: 0.2ms
[2024-08-27T14:57:30.920+0000][info][gc,heap        ] GC(498) Eden regions: 44->0(44)
[2024-08-27T14:57:30.920+0000][info][gc,heap        ] GC(498) Survivor regions: 7->7(7)
[2024-08-27T14:57:30.920+0000][info][gc,heap        ] GC(498) Old regions: 906->850
[2024-08-27T14:57:30.920+0000][info][gc,heap        ] GC(498) Archive regions: 2->2
[2024-08-27T14:57:30.920+0000][info][gc,heap        ] GC(498) Humongous regions: 5->5
[2024-08-27T14:57:30.920+0000][info][gc,metaspace   ] GC(498) Metaspace: 100K(320K)->100K(320K) NonClass: 96K(192K)->96K(192K) Class: 4K(128K)->4K(128K)
[2024-08-27T14:57:30.920+0000][info][gc             ] GC(498) Pause Young (Mixed) (G1 Evacuation Pause) 951M->852M(1024M) 11.018ms
[2024-08-27T14:57:30.920+0000][info][gc,cpu         ] GC(498) User=0.24s Sys=0.00s Real=0.02s
[2024-08-27T14:57:30.941+0000][info][gc,start       ] GC(499) Pause Young (Mixed) (G1 Evacuation Pause)
[2024-08-27T14:57:30.941+0000][info][gc,task        ] GC(499) Using 24 workers of 68 for evacuation
[2024-08-27T14:57:30.952+0000][info][gc,phases      ] GC(499)   Pre Evacuate Collection Set: 0.2ms
[2024-08-27T14:57:30.952+0000][info][gc,phases      ] GC(499)   Merge Heap Roots: 0.4ms
[2024-08-27T14:57:30.952+0000][info][gc,phases      ] GC(499)   Evacuate Collection Set: 9.9ms
[2024-08-27T14:57:30.952+0000][info][gc,phases      ] GC(499)   Post Evacuate Collection Set: 0.4ms
[2024-08-27T14:57:30.952+0000][info][gc,phases      ] GC(499)   Other: 0.2ms
[2024-08-27T14:57:30.952+0000][info][gc,heap        ] GC(499) Eden regions: 44->0(44)
[2024-08-27T14:57:30.952+0000][info][gc,heap        ] GC(499) Survivor regions: 7->7(7)
[2024-08-27T14:57:30.952+0000][info][gc,heap        ] GC(499) Old regions: 850->813
[2024-08-27T14:57:30.952+0000][info][gc,heap        ] GC(499) Archive regions: 2->2
[2024-08-27T14:57:30.952+0000][info][gc,heap        ] GC(499) Humongous regions: 5->5
[2024-08-27T14:57:30.952+0000][info][gc,metaspace   ] GC(499) Metaspace: 100K(320K)->100K(320K) NonClass: 96K(192K)->96K(192K) Class: 4K(128K)->4K(128K)
[2024-08-27T14:57:30.952+0000][info][gc             ] GC(499) Pause Young (Mixed) (G1 Evacuation Pause) 896M->816M(1024M) 11.207ms
[2024-08-27T14:57:30.952+0000][info][gc,cpu         ] GC(499) User=0.25s Sys=0.00s Real=0.01s
[2024-08-27T14:57:30.972+0000][info][gc,start       ] GC(500) Pause Young (Concurrent Start) (G1 Evacuation Pause)
[2024-08-27T14:57:30.972+0000][info][gc,task        ] GC(500) Using 24 workers of 68 for evacuation
[2024-08-27T14:57:30.982+0000][info][gc,phases      ] GC(500)   Pre Evacuate Collection Set: 0.2ms
[2024-08-27T14:57:30.982+0000][info][gc,phases      ] GC(500)   Merge Heap Roots: 0.3ms
[2024-08-27T14:57:30.982+0000][info][gc,phases      ] GC(500)   Evacuate Collection Set: 8.9ms
[2024-08-27T14:57:30.982+0000][info][gc,phases      ] GC(500)   Post Evacuate Collection Set: 0.3ms
[2024-08-27T14:57:30.982+0000][info][gc,phases      ] GC(500)   Other: 0.6ms
[2024-08-27T14:57:30.982+0000][info][gc,heap        ] GC(500) Eden regions: 44->0(44)
[2024-08-27T14:57:30.982+0000][info][gc,heap        ] GC(500) Survivor regions: 7->7(7)
[2024-08-27T14:57:30.982+0000][info][gc,heap        ] GC(500) Old regions: 813->860
[2024-08-27T14:57:30.982+0000][info][gc,heap        ] GC(500) Archive regions: 2->2
[2024-08-27T14:57:30.982+0000][info][gc,heap        ] GC(500) Humongous regions: 5->5
[2024-08-27T14:57:30.982+0000][info][gc,metaspace   ] GC(500) Metaspace: 100K(320K)->100K(320K) NonClass: 96K(192K)->96K(192K) Class: 4K(128K)->4K(128K)
[2024-08-27T14:57:30.982+0000][info][gc             ] GC(500) Pause Young (Concurrent Start) (G1 Evacuation Pause) 860M->863M(1024M) 10.397ms
[2024-08-27T14:57:30.982+0000][info][gc,cpu         ] GC(500) User=0.22s Sys=0.00s Real=0.01s
[2024-08-27T14:57:30.982+0000][info][gc             ] GC(501) Concurrent Mark Cycle
[2024-08-27T14:57:30.983+0000][info][gc,marking     ] GC(501) Concurrent Clear Claimed Marks
[2024-08-27T14:57:30.983+0000][info][gc,marking     ] GC(501) Concurrent Clear Claimed Marks 0.011ms
[2024-08-27T14:57:30.983+0000][info][gc,marking     ] GC(501) Concurrent Scan Root Regions
[2024-08-27T14:57:30.984+0000][info][gc,marking     ] GC(501) Concurrent Scan Root Regions 1.445ms
[2024-08-27T14:57:30.984+0000][info][gc,marking     ] GC(501) Concurrent Mark
[2024-08-27T14:57:30.984+0000][info][gc,marking     ] GC(501) Concurrent Mark From Roots
[2024-08-27T14:57:30.984+0000][info][gc,task        ] GC(501) Using 17 workers of 17 for marking
[2024-08-27T14:57:31.006+0000][info][gc,marking     ] GC(501) Concurrent Mark From Roots 21.584ms
[2024-08-27T14:57:31.006+0000][info][gc,marking     ] GC(501) Concurrent Preclean
[2024-08-27T14:57:31.006+0000][info][gc,marking     ] GC(501) Concurrent Preclean 0.541ms
[2024-08-27T14:57:31.006+0000][info][gc,start       ] GC(501) Pause Remark
[2024-08-27T14:57:31.008+0000][info][gc             ] GC(501) Pause Remark 899M->899M(1024M) 1.222ms
[2024-08-27T14:57:31.008+0000][info][gc,cpu         ] GC(501) User=0.00s Sys=0.00s Real=0.00s
[2024-08-27T14:57:31.008+0000][info][gc,marking     ] GC(501) Concurrent Mark 23.706ms
[2024-08-27T14:57:31.008+0000][info][gc,marking     ] GC(501) Concurrent Rebuild Remembered Sets
[2024-08-27T14:57:31.013+0000][info][gc,start       ] GC(502) Pause Young (Normal) (G1 Evacuation Pause)
[2024-08-27T14:57:31.013+0000][info][gc,task        ] GC(502) Using 24 workers of 68 for evacuation
[2024-08-27T14:57:31.022+0000][info][gc,phases      ] GC(502)   Pre Evacuate Collection Set: 0.1ms
[2024-08-27T14:57:31.022+0000][info][gc,phases      ] GC(502)   Merge Heap Roots: 0.2ms
[2024-08-27T14:57:31.022+0000][info][gc,phases      ] GC(502)   Evacuate Collection Set: 8.8ms
[2024-08-27T14:57:31.022+0000][info][gc,phases      ] GC(502)   Post Evacuate Collection Set: 0.4ms
[2024-08-27T14:57:31.022+0000][info][gc,phases      ] GC(502)   Other: 0.2ms
[2024-08-27T14:57:31.022+0000][info][gc,heap        ] GC(502) Eden regions: 44->0(44)
[2024-08-27T14:57:31.022+0000][info][gc,heap        ] GC(502) Survivor regions: 7->7(7)
[2024-08-27T14:57:31.022+0000][info][gc,heap        ] GC(502) Old regions: 860->906
[2024-08-27T14:57:31.022+0000][info][gc,heap        ] GC(502) Archive regions: 2->2
[2024-08-27T14:57:31.022+0000][info][gc,heap        ] GC(502) Humongous regions: 5->5
[2024-08-27T14:57:31.022+0000][info][gc,metaspace   ] GC(502) Metaspace: 100K(320K)->100K(320K) NonClass: 96K(192K)->96K(192K) Class: 4K(128K)->4K(128K)
[2024-08-27T14:57:31.022+0000][info][gc             ] GC(502) Pause Young (Normal) (G1 Evacuation Pause) 907M->910M(1024M) 9.835ms
[2024-08-27T14:57:31.022+0000][info][gc,cpu         ] GC(502) User=0.22s Sys=0.00s Real=0.01s
[2024-08-27T14:57:31.043+0000][info][gc,start       ] GC(503) Pause Young (Normal) (G1 Evacuation Pause)
[2024-08-27T14:57:31.043+0000][info][gc,task        ] GC(503) Using 24 workers of 68 for evacuation
[2024-08-27T14:57:31.056+0000][info][gc,phases      ] GC(503)   Pre Evacuate Collection Set: 0.1ms
[2024-08-27T14:57:31.056+0000][info][gc,phases      ] GC(503)   Merge Heap Roots: 0.4ms
[2024-08-27T14:57:31.056+0000][info][gc,phases      ] GC(503)   Evacuate Collection Set: 11.8ms
[2024-08-27T14:57:31.056+0000][info][gc,phases      ] GC(503)   Post Evacuate Collection Set: 0.5ms
[2024-08-27T14:57:31.056+0000][info][gc,phases      ] GC(503)   Other: 0.2ms
[2024-08-27T14:57:31.056+0000][info][gc,heap        ] GC(503) Eden regions: 44->0(44)
[2024-08-27T14:57:31.056+0000][info][gc,heap        ] GC(503) Survivor regions: 7->7(7)
[2024-08-27T14:57:31.056+0000][info][gc,heap        ] GC(503) Old regions: 906->953
[2024-08-27T14:57:31.056+0000][info][gc,heap        ] GC(503) Archive regions: 2->2
[2024-08-27T14:57:31.056+0000][info][gc,heap        ] GC(503) Humongous regions: 5->5
[2024-08-27T14:57:31.056+0000][info][gc,metaspace   ] GC(503) Metaspace: 100K(320K)->100K(320K) NonClass: 96K(192K)->96K(192K) Class: 4K(128K)->4K(128K)
[2024-08-27T14:57:31.056+0000][info][gc             ] GC(503) Pause Young (Normal) (G1 Evacuation Pause) 954M->956M(1024M) 13.080ms
[2024-08-27T14:57:31.056+0000][info][gc,cpu         ] GC(503) User=0.30s Sys=0.00s Real=0.01s
[2024-08-27T14:57:31.067+0000][info][gc,start       ] GC(504) Pause Young (Normal) (G1 Preventive Collection)
[2024-08-27T14:57:31.067+0000][info][gc,task        ] GC(504) Using 24 workers of 68 for evacuation
[2024-08-27T14:57:31.080+0000][info][gc,phases      ] GC(504)   Pre Evacuate Collection Set: 0.1ms
[2024-08-27T14:57:31.080+0000][info][gc,phases      ] GC(504)   Merge Heap Roots: 0.3ms
[2024-08-27T14:57:31.080+0000][info][gc,phases      ] GC(504)   Evacuate Collection Set: 11.5ms
[2024-08-27T14:57:31.080+0000][info][gc,phases      ] GC(504)   Post Evacuate Collection Set: 0.6ms
[2024-08-27T14:57:31.080+0000][info][gc,phases      ] GC(504)   Other: 0.2ms
[2024-08-27T14:57:31.080+0000][info][gc,heap        ] GC(504) Eden regions: 23->0(44)
[2024-08-27T14:57:31.080+0000][info][gc,heap        ] GC(504) Survivor regions: 7->7(7)
[2024-08-27T14:57:31.080+0000][info][gc,heap        ] GC(504) Old regions: 953->980
[2024-08-27T14:57:31.080+0000][info][gc,heap        ] GC(504) Archive regions: 2->2
[2024-08-27T14:57:31.080+0000][info][gc,heap        ] GC(504) Humongous regions: 5->5
[2024-08-27T14:57:31.080+0000][info][gc,metaspace   ] GC(504) Metaspace: 100K(320K)->100K(320K) NonClass: 96K(192K)->96K(192K) Class: 4K(128K)->4K(128K)
[2024-08-27T14:57:31.080+0000][info][gc             ] GC(504) Pause Young (Normal) (G1 Preventive Collection) 979M->983M(1024M) 12.825ms
[2024-08-27T14:57:31.080+0000][info][gc,cpu         ] GC(504) User=0.29s Sys=0.00s Real=0.02s
[2024-08-27T14:57:31.086+0000][info][gc,start       ] GC(505) Pause Young (Normal) (G1 Preventive Collection)
[2024-08-27T14:57:31.086+0000][info][gc,task        ] GC(505) Using 24 workers of 68 for evacuation
[2024-08-27T14:57:31.095+0000][info][gc,phases      ] GC(505)   Pre Evacuate Collection Set: 0.1ms
[2024-08-27T14:57:31.095+0000][info][gc,phases      ] GC(505)   Merge Heap Roots: 0.6ms
[2024-08-27T14:57:31.095+0000][info][gc,phases      ] GC(505)   Evacuate Collection Set: 8.1ms
[2024-08-27T14:57:31.095+0000][info][gc,phases      ] GC(505)   Post Evacuate Collection Set: 0.5ms
[2024-08-27T14:57:31.095+0000][info][gc,phases      ] GC(505)   Other: 0.1ms
[2024-08-27T14:57:31.095+0000][info][gc,heap        ] GC(505) Eden regions: 10->0(44)
[2024-08-27T14:57:31.095+0000][info][gc,heap        ] GC(505) Survivor regions: 7->7(7)
[2024-08-27T14:57:31.095+0000][info][gc,heap        ] GC(505) Old regions: 980->992
[2024-08-27T14:57:31.095+0000][info][gc,heap        ] GC(505) Archive regions: 2->2
[2024-08-27T14:57:31.095+0000][info][gc,heap        ] GC(505) Humongous regions: 5->5
[2024-08-27T14:57:31.095+0000][info][gc,metaspace   ] GC(505) Metaspace: 100K(320K)->100K(320K) NonClass: 96K(192K)->96K(192K) Class: 4K(128K)->4K(128K)
[2024-08-27T14:57:31.095+0000][info][gc             ] GC(505) Pause Young (Normal) (G1 Preventive Collection) 993M->996M(1024M) 9.489ms
[2024-08-27T14:57:31.095+0000][info][gc,cpu         ] GC(505) User=0.21s Sys=0.00s Real=0.01s
[2024-08-27T14:57:31.098+0000][info][gc,start       ] GC(506) Pause Young (Normal) (G1 Preventive Collection)
[2024-08-27T14:57:31.098+0000][info][gc,task        ] GC(506) Using 24 workers of 68 for evacuation
[2024-08-27T14:57:31.106+0000][info][gc             ] GC(506) To-space exhausted
[2024-08-27T14:57:31.106+0000][info][gc,phases      ] GC(506)   Pre Evacuate Collection Set: 0.1ms
[2024-08-27T14:57:31.106+0000][info][gc,phases      ] GC(506)   Merge Heap Roots: 0.3ms
[2024-08-27T14:57:31.106+0000][info][gc,phases      ] GC(506)   Evacuate Collection Set: 6.7ms
[2024-08-27T14:57:31.106+0000][info][gc,phases      ] GC(506)   Post Evacuate Collection Set: 0.8ms
[2024-08-27T14:57:31.106+0000][info][gc,phases      ] GC(506)   Other: 0.2ms
[2024-08-27T14:57:31.106+0000][info][gc,heap        ] GC(506) Eden regions: 5->0(46)
[2024-08-27T14:57:31.106+0000][info][gc,heap        ] GC(506) Survivor regions: 7->5(7)
[2024-08-27T14:57:31.106+0000][info][gc,heap        ] GC(506) Old regions: 992->1012
[2024-08-27T14:57:31.106+0000][info][gc,heap        ] GC(506) Archive regions: 2->2
[2024-08-27T14:57:31.106+0000][info][gc,heap        ] GC(506) Humongous regions: 5->5
[2024-08-27T14:57:31.106+0000][info][gc,metaspace   ] GC(506) Metaspace: 100K(320K)->100K(320K) NonClass: 96K(192K)->96K(192K) Class: 4K(128K)->4K(128K)
[2024-08-27T14:57:31.106+0000][info][gc             ] GC(506) Pause Young (Normal) (G1 Preventive Collection) 1001M->1014M(1024M) 8.187ms
[2024-08-27T14:57:31.106+0000][info][gc,cpu         ] GC(506) User=0.18s Sys=0.00s Real=0.00s
[2024-08-27T14:57:31.106+0000][info][gc,ergo        ] Attempting full compaction
[2024-08-27T14:57:31.106+0000][info][gc,task        ] GC(507) Using 24 workers of 68 for full compaction
[2024-08-27T14:57:31.107+0000][info][gc,start       ] GC(507) Pause Full (G1 Compaction Pause)
[2024-08-27T14:57:31.107+0000][info][gc,phases,start] GC(507) Phase 1: Mark live objects
[2024-08-27T14:57:31.121+0000][info][gc,phases      ] GC(507) Phase 1: Mark live objects 13.650ms
[2024-08-27T14:57:31.121+0000][info][gc,phases,start] GC(507) Phase 2: Prepare for compaction
[2024-08-27T14:57:31.128+0000][info][gc,phases      ] GC(507) Phase 2: Prepare for compaction 7.307ms
[2024-08-27T14:57:31.128+0000][info][gc,phases,start] GC(507) Phase 3: Adjust pointers
[2024-08-27T14:57:31.141+0000][info][gc,phases      ] GC(507) Phase 3: Adjust pointers 12.987ms
[2024-08-27T14:57:31.141+0000][info][gc,phases,start] GC(507) Phase 4: Compact heap
[2024-08-27T14:57:31.167+0000][info][gc,phases      ] GC(507) Phase 4: Compact heap 25.741ms
[2024-08-27T14:57:31.168+0000][info][gc,heap        ] GC(507) Eden regions: 0->0(150)
[2024-08-27T14:57:31.168+0000][info][gc,heap        ] GC(507) Survivor regions: 5->0(7)
[2024-08-27T14:57:31.168+0000][info][gc,heap        ] GC(507) Old regions: 1012->444
[2024-08-27T14:57:31.168+0000][info][gc,heap        ] GC(507) Archive regions: 2->2
[2024-08-27T14:57:31.168+0000][info][gc,heap        ] GC(507) Humongous regions: 5->5
[2024-08-27T14:57:31.168+0000][info][gc,metaspace   ] GC(507) Metaspace: 100K(320K)->100K(320K) NonClass: 96K(192K)->96K(192K) Class: 4K(128K)->4K(128K)
[2024-08-27T14:57:31.168+0000][info][gc             ] GC(507) Pause Full (G1 Compaction Pause) 1014M->437M(1024M) 61.733ms
[2024-08-27T14:57:31.168+0000][info][gc,cpu         ] GC(507) User=1.35s Sys=0.00s Real=0.06s
[2024-08-27T14:57:31.169+0000][info][gc,marking     ] GC(501) Concurrent Rebuild Remembered Sets 160.951ms
[2024-08-27T14:57:31.169+0000][info][gc,marking     ] GC(501) Concurrent Mark Abort
[2024-08-27T14:57:31.169+0000][info][gc             ] GC(501) Concurrent Mark Cycle 186.261ms
[2024-08-27T14:57:31.244+0000][info][gc,start       ] GC(508) Pause Young (Normal) (G1 Evacuation Pause)
[2024-08-27T14:57:31.244+0000][info][gc,task        ] GC(508) Using 24 workers of 68 for evacuation
[2024-08-27T14:57:31.266+0000][info][gc,phases      ] GC(508)   Pre Evacuate Collection Set: 0.2ms
[2024-08-27T14:57:31.266+0000][info][gc,phases      ] GC(508)   Merge Heap Roots: 0.3ms
[2024-08-27T14:57:31.266+0000][info][gc,phases      ] GC(508)   Evacuate Collection Set: 20.8ms
[2024-08-27T14:57:31.266+0000][info][gc,phases      ] GC(508)   Post Evacuate Collection Set: 0.4ms
[2024-08-27T14:57:31.266+0000][info][gc,phases      ] GC(508)   Other: 0.2ms
[2024-08-27T14:57:31.266+0000][info][gc,heap        ] GC(508) Eden regions: 150->0(103)
[2024-08-27T14:57:31.266+0000][info][gc,heap        ] GC(508) Survivor regions: 0->19(19)
[2024-08-27T14:57:31.266+0000][info][gc,heap        ] GC(508) Old regions: 444->571
[2024-08-27T14:57:31.266+0000][info][gc,heap        ] GC(508) Archive regions: 2->2
[2024-08-27T14:57:31.266+0000][info][gc,heap        ] GC(508) Humongous regions: 5->5
[2024-08-27T14:57:31.266+0000][info][gc,metaspace   ] GC(508) Metaspace: 100K(320K)->100K(320K) NonClass: 96K(192K)->96K(192K) Class: 4K(128K)->4K(128K)
[2024-08-27T14:57:31.266+0000][info][gc             ] GC(508) Pause Young (Normal) (G1 Evacuation Pause) 587M->583M(1024M) 21.958ms
[2024-08-27T14:57:31.266+0000][info][gc,cpu         ] GC(508) User=0.49s Sys=0.01s Real=0.02s
[2024-08-27T14:57:31.313+0000][info][gc,start       ] GC(509) Pause Young (Concurrent Start) (G1 Evacuation Pause)
[2024-08-27T14:57:31.313+0000][info][gc,task        ] GC(509) Using 24 workers of 68 for evacuation
[2024-08-27T14:57:31.333+0000][info][gc,phases      ] GC(509)   Pre Evacuate Collection Set: 0.2ms
[2024-08-27T14:57:31.333+0000][info][gc,phases      ] GC(509)   Merge Heap Roots: 0.3ms
[2024-08-27T14:57:31.333+0000][info][gc,phases      ] GC(509)   Evacuate Collection Set: 18.4ms
[2024-08-27T14:57:31.333+0000][info][gc,phases      ] GC(509)   Post Evacuate Collection Set: 0.3ms
[2024-08-27T14:57:31.333+0000][info][gc,phases      ] GC(509)   Other: 0.6ms
[2024-08-27T14:57:31.333+0000][info][gc,heap        ] GC(509) Eden regions: 103->0(70)
[2024-08-27T14:57:31.333+0000][info][gc,heap        ] GC(509) Survivor regions: 19->16(16)
[2024-08-27T14:57:31.333+0000][info][gc,heap        ] GC(509) Old regions: 571->677
[2024-08-27T14:57:31.333+0000][info][gc,heap        ] GC(509) Archive regions: 2->2
[2024-08-27T14:57:31.333+0000][info][gc,heap        ] GC(509) Humongous regions: 5->5
[2024-08-27T14:57:31.333+0000][info][gc,metaspace   ] GC(509) Metaspace: 100K(320K)->100K(320K) NonClass: 96K(192K)->96K(192K) Class: 4K(128K)->4K(128K)
[2024-08-27T14:57:31.333+0000][info][gc             ] GC(509) Pause Young (Concurrent Start) (G1 Evacuation Pause) 686M->686M(1024M) 19.887ms
[2024-08-27T14:57:31.333+0000][info][gc,cpu         ] GC(509) User=0.45s Sys=0.01s Real=0.02s
[2024-08-27T14:57:31.333+0000][info][gc             ] GC(510) Concurrent Mark Cycle
[2024-08-27T14:57:31.333+0000][info][gc,marking     ] GC(510) Concurrent Clear Claimed Marks
[2024-08-27T14:57:31.333+0000][info][gc,marking     ] GC(510) Concurrent Clear Claimed Marks 0.011ms
[2024-08-27T14:57:31.333+0000][info][gc,marking     ] GC(510) Concurrent Scan Root Regions
[2024-08-27T14:57:31.336+0000][info][gc,marking     ] GC(510) Concurrent Scan Root Regions 3.369ms
[2024-08-27T14:57:31.337+0000][info][gc,marking     ] GC(510) Concurrent Mark
[2024-08-27T14:57:31.337+0000][info][gc,marking     ] GC(510) Concurrent Mark From Roots
[2024-08-27T14:57:31.337+0000][info][gc,task        ] GC(510) Using 17 workers of 17 for marking
[2024-08-27T14:57:31.356+0000][info][gc,marking     ] GC(510) Concurrent Mark From Roots 19.685ms
[2024-08-27T14:57:31.356+0000][info][gc,marking     ] GC(510) Concurrent Preclean
[2024-08-27T14:57:31.358+0000][info][gc,marking     ] GC(510) Concurrent Preclean 2.094ms
[2024-08-27T14:57:31.359+0000][info][gc,start       ] GC(510) Pause Remark
[2024-08-27T14:57:31.360+0000][info][gc             ] GC(510) Pause Remark 722M->722M(1024M) 1.159ms
[2024-08-27T14:57:31.360+0000][info][gc,cpu         ] GC(510) User=0.01s Sys=0.00s Real=0.00s
[2024-08-27T14:57:31.360+0000][info][gc,marking     ] GC(510) Concurrent Mark 23.406ms
[2024-08-27T14:57:31.360+0000][info][gc,marking     ] GC(510) Concurrent Rebuild Remembered Sets
[2024-08-27T14:57:31.377+0000][info][gc,start       ] GC(511) Pause Young (Normal) (G1 Evacuation Pause)
[2024-08-27T14:57:31.377+0000][info][gc,task        ] GC(511) Using 24 workers of 68 for evacuation
[2024-08-27T14:57:31.393+0000][info][gc,phases      ] GC(511)   Pre Evacuate Collection Set: 0.1ms
[2024-08-27T14:57:31.393+0000][info][gc,phases      ] GC(511)   Merge Heap Roots: 0.3ms
[2024-08-27T14:57:31.393+0000][info][gc,phases      ] GC(511)   Evacuate Collection Set: 14.6ms
[2024-08-27T14:57:31.393+0000][info][gc,phases      ] GC(511)   Post Evacuate Collection Set: 0.5ms
[2024-08-27T14:57:31.393+0000][info][gc,phases      ] GC(511)   Other: 0.2ms
[2024-08-27T14:57:31.393+0000][info][gc,heap        ] GC(511) Eden regions: 70->0(46)
[2024-08-27T14:57:31.393+0000][info][gc,heap        ] GC(511) Survivor regions: 16->11(11)
[2024-08-27T14:57:31.393+0000][info][gc,heap        ] GC(511) Old regions: 677->756
[2024-08-27T14:57:31.393+0000][info][gc,heap        ] GC(511) Archive regions: 2->2
[2024-08-27T14:57:31.393+0000][info][gc,heap        ] GC(511) Humongous regions: 5->5
[2024-08-27T14:57:31.393+0000][info][gc,metaspace   ] GC(511) Metaspace: 100K(320K)->100K(320K) NonClass: 96K(192K)->96K(192K) Class: 4K(128K)->4K(128K)
[2024-08-27T14:57:31.393+0000][info][gc             ] GC(511) Pause Young (Normal) (G1 Evacuation Pause) 756M->760M(1024M) 15.782ms
[2024-08-27T14:57:31.393+0000][info][gc,cpu         ] GC(511) User=0.36s Sys=0.01s Real=0.02s
[2024-08-27T14:57:31.417+0000][info][gc,start       ] GC(512) Pause Young (Normal) (G1 Evacuation Pause)
[2024-08-27T14:57:31.417+0000][info][gc,task        ] GC(512) Using 24 workers of 68 for evacuation
[2024-08-27T14:57:31.435+0000][info][gc,phases      ] GC(512)   Pre Evacuate Collection Set: 0.1ms
[2024-08-27T14:57:31.435+0000][info][gc,phases      ] GC(512)   Merge Heap Roots: 0.4ms
[2024-08-27T14:57:31.435+0000][info][gc,phases      ] GC(512)   Evacuate Collection Set: 17.5ms
[2024-08-27T14:57:31.435+0000][info][gc,phases      ] GC(512)   Post Evacuate Collection Set: 0.6ms
[2024-08-27T14:57:31.435+0000][info][gc,phases      ] GC(512)   Other: 0.2ms
[2024-08-27T14:57:31.435+0000][info][gc,heap        ] GC(512) Eden regions: 46->0(43)
[2024-08-27T14:57:31.435+0000][info][gc,heap        ] GC(512) Survivor regions: 11->8(8)
[2024-08-27T14:57:31.435+0000][info][gc,heap        ] GC(512) Old regions: 756->809
[2024-08-27T14:57:31.436+0000][info][gc,heap        ] GC(512) Archive regions: 2->2
[2024-08-27T14:57:31.436+0000][info][gc,heap        ] GC(512) Humongous regions: 5->5
[2024-08-27T14:57:31.436+0000][info][gc,metaspace   ] GC(512) Metaspace: 100K(320K)->100K(320K) NonClass: 96K(192K)->96K(192K) Class: 4K(128K)->4K(128K)
[2024-08-27T14:57:31.436+0000][info][gc             ] GC(512) Pause Young (Normal) (G1 Evacuation Pause) 806M->810M(1024M) 18.831ms
[2024-08-27T14:57:31.436+0000][info][gc,cpu         ] GC(512) User=0.43s Sys=0.00s Real=0.02s
[2024-08-27T14:57:31.458+0000][info][gc,start       ] GC(513) Pause Young (Normal) (G1 Evacuation Pause)
[2024-08-27T14:57:31.458+0000][info][gc,task        ] GC(513) Using 24 workers of 68 for evacuation
[2024-08-27T14:57:31.475+0000][info][gc,phases      ] GC(513)   Pre Evacuate Collection Set: 0.1ms
[2024-08-27T14:57:31.475+0000][info][gc,phases      ] GC(513)   Merge Heap Roots: 0.5ms
[2024-08-27T14:57:31.475+0000][info][gc,phases      ] GC(513)   Evacuate Collection Set: 15.7ms
[2024-08-27T14:57:31.475+0000][info][gc,phases      ] GC(513)   Post Evacuate Collection Set: 0.7ms
[2024-08-27T14:57:31.475+0000][info][gc,phases      ] GC(513)   Other: 0.2ms
[2024-08-27T14:57:31.475+0000][info][gc,heap        ] GC(513) Eden regions: 43->0(44)
[2024-08-27T14:57:31.475+0000][info][gc,heap        ] GC(513) Survivor regions: 8->7(7)
[2024-08-27T14:57:31.475+0000][info][gc,heap        ] GC(513) Old regions: 809->856
[2024-08-27T14:57:31.475+0000][info][gc,heap        ] GC(513) Archive regions: 2->2
[2024-08-27T14:57:31.475+0000][info][gc,heap        ] GC(513) Humongous regions: 5->5
[2024-08-27T14:57:31.475+0000][info][gc,metaspace   ] GC(513) Metaspace: 100K(320K)->100K(320K) NonClass: 96K(192K)->96K(192K) Class: 4K(128K)->4K(128K)
[2024-08-27T14:57:31.475+0000][info][gc             ] GC(513) Pause Young (Normal) (G1 Evacuation Pause) 853M->856M(1024M) 17.234ms
[2024-08-27T14:57:31.475+0000][info][gc,cpu         ] GC(513) User=0.40s Sys=0.00s Real=0.01s
[2024-08-27T14:57:31.480+0000][info][gc,marking     ] GC(510) Concurrent Rebuild Remembered Sets 119.881ms
[2024-08-27T14:57:31.480+0000][info][gc,start       ] GC(510) Pause Cleanup
[2024-08-27T14:57:31.481+0000][info][gc             ] GC(510) Pause Cleanup 865M->865M(1024M) 1.012ms
[2024-08-27T14:57:31.481+0000][info][gc,cpu         ] GC(510) User=0.00s Sys=0.00s Real=0.00s
[2024-08-27T14:57:31.481+0000][info][gc,marking     ] GC(510) Concurrent Cleanup for Next Mark
[2024-08-27T14:57:31.482+0000][info][gc,marking     ] GC(510) Concurrent Cleanup for Next Mark 0.724ms
[2024-08-27T14:57:31.482+0000][info][gc             ] GC(510) Concurrent Mark Cycle 148.791ms
[2024-08-27T14:57:31.500+0000][info][gc,start       ] GC(514) Pause Young (Prepare Mixed) (G1 Evacuation Pause)
[2024-08-27T14:57:31.500+0000][info][gc,task        ] GC(514) Using 24 workers of 68 for evacuation
[2024-08-27T14:57:31.518+0000][info][gc,phases      ] GC(514)   Pre Evacuate Collection Set: 0.2ms
[2024-08-27T14:57:31.518+0000][info][gc,phases      ] GC(514)   Merge Heap Roots: 0.6ms
[2024-08-27T14:57:31.518+0000][info][gc,phases      ] GC(514)   Evacuate Collection Set: 16.8ms
[2024-08-27T14:57:31.518+0000][info][gc,phases      ] GC(514)   Post Evacuate Collection Set: 0.3ms
[2024-08-27T14:57:31.518+0000][info][gc,phases      ] GC(514)   Other: 0.2ms
[2024-08-27T14:57:31.518+0000][info][gc,heap        ] GC(514) Eden regions: 44->0(44)
[2024-08-27T14:57:31.518+0000][info][gc,heap        ] GC(514) Survivor regions: 7->7(7)
[2024-08-27T14:57:31.518+0000][info][gc,heap        ] GC(514) Old regions: 856->903
[2024-08-27T14:57:31.518+0000][info][gc,heap        ] GC(514) Archive regions: 2->2
[2024-08-27T14:57:31.518+0000][info][gc,heap        ] GC(514) Humongous regions: 5->5
[2024-08-27T14:57:31.518+0000][info][gc,metaspace   ] GC(514) Metaspace: 100K(320K)->100K(320K) NonClass: 96K(192K)->96K(192K) Class: 4K(128K)->4K(128K)
[2024-08-27T14:57:31.518+0000][info][gc             ] GC(514) Pause Young (Prepare Mixed) (G1 Evacuation Pause) 900M->903M(1024M) 18.129ms
[2024-08-27T14:57:31.519+0000][info][gc,cpu         ] GC(514) User=0.42s Sys=0.00s Real=0.02s
[2024-08-27T14:57:31.541+0000][info][gc,start       ] GC(515) Pause Young (Mixed) (G1 Evacuation Pause)
[2024-08-27T14:57:31.541+0000][info][gc,task        ] GC(515) Using 24 workers of 68 for evacuation
[2024-08-27T14:57:31.552+0000][info][gc,phases      ] GC(515)   Pre Evacuate Collection Set: 0.2ms
[2024-08-27T14:57:31.552+0000][info][gc,phases      ] GC(515)   Merge Heap Roots: 0.3ms
[2024-08-27T14:57:31.552+0000][info][gc,phases      ] GC(515)   Evacuate Collection Set: 10.0ms
[2024-08-27T14:57:31.552+0000][info][gc,phases      ] GC(515)   Post Evacuate Collection Set: 0.4ms
[2024-08-27T14:57:31.552+0000][info][gc,phases      ] GC(515)   Other: 0.2ms
[2024-08-27T14:57:31.552+0000][info][gc,heap        ] GC(515) Eden regions: 44->0(44)
[2024-08-27T14:57:31.552+0000][info][gc,heap        ] GC(515) Survivor regions: 7->7(7)
[2024-08-27T14:57:31.552+0000][info][gc,heap        ] GC(515) Old regions: 903->847
[2024-08-27T14:57:31.552+0000][info][gc,heap        ] GC(515) Archive regions: 2->2
[2024-08-27T14:57:31.552+0000][info][gc,heap        ] GC(515) Humongous regions: 5->5
[2024-08-27T14:57:31.552+0000][info][gc,metaspace   ] GC(515) Metaspace: 100K(320K)->100K(320K) NonClass: 96K(192K)->96K(192K) Class: 4K(128K)->4K(128K)
[2024-08-27T14:57:31.553+0000][info][gc             ] GC(515) Pause Young (Mixed) (G1 Evacuation Pause) 947M->847M(1024M) 11.151ms
[2024-08-27T14:57:31.553+0000][info][gc,cpu         ] GC(515) User=0.24s Sys=0.00s Real=0.01s
[2024-08-27T14:57:31.574+0000][info][gc,start       ] GC(516) Pause Young (Mixed) (G1 Evacuation Pause)
[2024-08-27T14:57:31.574+0000][info][gc,task        ] GC(516) Using 24 workers of 68 for evacuation
[2024-08-27T14:57:31.585+0000][info][gc,phases      ] GC(516)   Pre Evacuate Collection Set: 0.2ms
[2024-08-27T14:57:31.585+0000][info][gc,phases      ] GC(516)   Merge Heap Roots: 0.3ms
[2024-08-27T14:57:31.585+0000][info][gc,phases      ] GC(516)   Evacuate Collection Set: 9.9ms
[2024-08-27T14:57:31.585+0000][info][gc,phases      ] GC(516)   Post Evacuate Collection Set: 0.4ms
[2024-08-27T14:57:31.585+0000][info][gc,phases      ] GC(516)   Other: 0.3ms
[2024-08-27T14:57:31.585+0000][info][gc,heap        ] GC(516) Eden regions: 44->0(44)
[2024-08-27T14:57:31.585+0000][info][gc,heap        ] GC(516) Survivor regions: 7->7(7)
[2024-08-27T14:57:31.585+0000][info][gc,heap        ] GC(516) Old regions: 847->808
[2024-08-27T14:57:31.585+0000][info][gc,heap        ] GC(516) Archive regions: 2->2
[2024-08-27T14:57:31.585+0000][info][gc,heap        ] GC(516) Humongous regions: 5->5
[2024-08-27T14:57:31.585+0000][info][gc,metaspace   ] GC(516) Metaspace: 100K(320K)->100K(320K) NonClass: 96K(192K)->96K(192K) Class: 4K(128K)->4K(128K)
[2024-08-27T14:57:31.585+0000][info][gc             ] GC(516) Pause Young (Mixed) (G1 Evacuation Pause) 891M->809M(1024M) 11.197ms
[2024-08-27T14:57:31.586+0000][info][gc,cpu         ] GC(516) User=0.25s Sys=0.00s Real=0.01s
[2024-08-27T14:57:31.607+0000][info][gc,start       ] GC(517) Pause Young (Concurrent Start) (G1 Evacuation Pause)
[2024-08-27T14:57:31.607+0000][info][gc,task        ] GC(517) Using 24 workers of 68 for evacuation
[2024-08-27T14:57:31.617+0000][info][gc,phases      ] GC(517)   Pre Evacuate Collection Set: 0.2ms
[2024-08-27T14:57:31.617+0000][info][gc,phases      ] GC(517)   Merge Heap Roots: 0.2ms
[2024-08-27T14:57:31.617+0000][info][gc,phases      ] GC(517)   Evacuate Collection Set: 8.9ms
[2024-08-27T14:57:31.617+0000][info][gc,phases      ] GC(517)   Post Evacuate Collection Set: 0.3ms
[2024-08-27T14:57:31.617+0000][info][gc,phases      ] GC(517)   Other: 0.6ms
[2024-08-27T14:57:31.617+0000][info][gc,heap        ] GC(517) Eden regions: 44->0(44)
[2024-08-27T14:57:31.617+0000][info][gc,heap        ] GC(517) Survivor regions: 7->7(7)
[2024-08-27T14:57:31.617+0000][info][gc,heap        ] GC(517) Old regions: 808->855
[2024-08-27T14:57:31.617+0000][info][gc,heap        ] GC(517) Archive regions: 2->2
[2024-08-27T14:57:31.617+0000][info][gc,heap        ] GC(517) Humongous regions: 5->5
[2024-08-27T14:57:31.617+0000][info][gc,metaspace   ] GC(517) Metaspace: 100K(320K)->100K(320K) NonClass: 96K(192K)->96K(192K) Class: 4K(128K)->4K(128K)
[2024-08-27T14:57:31.617+0000][info][gc             ] GC(517) Pause Young (Concurrent Start) (G1 Evacuation Pause) 853M->856M(1024M) 10.338ms
[2024-08-27T14:57:31.617+0000][info][gc,cpu         ] GC(517) User=0.22s Sys=0.00s Real=0.01s
[2024-08-27T14:57:31.617+0000][info][gc             ] GC(518) Concurrent Mark Cycle
[2024-08-27T14:57:31.617+0000][info][gc,marking     ] GC(518) Concurrent Clear Claimed Marks
[2024-08-27T14:57:31.617+0000][info][gc,marking     ] GC(518) Concurrent Clear Claimed Marks 0.011ms
[2024-08-27T14:57:31.617+0000][info][gc,marking     ] GC(518) Concurrent Scan Root Regions
[2024-08-27T14:57:31.619+0000][info][gc,marking     ] GC(518) Concurrent Scan Root Regions 1.573ms
[2024-08-27T14:57:31.619+0000][info][gc,marking     ] GC(518) Concurrent Mark
[2024-08-27T14:57:31.619+0000][info][gc,marking     ] GC(518) Concurrent Mark From Roots
[2024-08-27T14:57:31.619+0000][info][gc,task        ] GC(518) Using 17 workers of 17 for marking
[2024-08-27T14:57:31.642+0000][info][gc,marking     ] GC(518) Concurrent Mark From Roots 23.532ms
[2024-08-27T14:57:31.642+0000][info][gc,marking     ] GC(518) Concurrent Preclean
[2024-08-27T14:57:31.643+0000][info][gc,marking     ] GC(518) Concurrent Preclean 0.533ms
[2024-08-27T14:57:31.643+0000][info][gc,start       ] GC(518) Pause Remark
[2024-08-27T14:57:31.644+0000][info][gc             ] GC(518) Pause Remark 892M->892M(1024M) 1.171ms
[2024-08-27T14:57:31.644+0000][info][gc,cpu         ] GC(518) User=0.01s Sys=0.00s Real=0.00s
[2024-08-27T14:57:31.644+0000][info][gc,marking     ] GC(518) Concurrent Mark 25.581ms
[2024-08-27T14:57:31.644+0000][info][gc,marking     ] GC(518) Concurrent Rebuild Remembered Sets
[2024-08-27T14:57:31.650+0000][info][gc,start       ] GC(519) Pause Young (Normal) (G1 Evacuation Pause)
[2024-08-27T14:57:31.650+0000][info][gc,task        ] GC(519) Using 24 workers of 68 for evacuation
[2024-08-27T14:57:31.660+0000][info][gc,phases      ] GC(519)   Pre Evacuate Collection Set: 0.1ms
[2024-08-27T14:57:31.660+0000][info][gc,phases      ] GC(519)   Merge Heap Roots: 0.3ms
[2024-08-27T14:57:31.660+0000][info][gc,phases      ] GC(519)   Evacuate Collection Set: 9.1ms
[2024-08-27T14:57:31.660+0000][info][gc,phases      ] GC(519)   Post Evacuate Collection Set: 0.4ms
[2024-08-27T14:57:31.660+0000][info][gc,phases      ] GC(519)   Other: 0.2ms
[2024-08-27T14:57:31.660+0000][info][gc,heap        ] GC(519) Eden regions: 44->0(44)
[2024-08-27T14:57:31.660+0000][info][gc,heap        ] GC(519) Survivor regions: 7->7(7)
[2024-08-27T14:57:31.660+0000][info][gc,heap        ] GC(519) Old regions: 855->902
[2024-08-27T14:57:31.660+0000][info][gc,heap        ] GC(519) Archive regions: 2->2
[2024-08-27T14:57:31.660+0000][info][gc,heap        ] GC(519) Humongous regions: 5->5
[2024-08-27T14:57:31.660+0000][info][gc,metaspace   ] GC(519) Metaspace: 100K(320K)->100K(320K) NonClass: 96K(192K)->96K(192K) Class: 4K(128K)->4K(128K)
[2024-08-27T14:57:31.660+0000][info][gc             ] GC(519) Pause Young (Normal) (G1 Evacuation Pause) 900M->903M(1024M) 10.159ms
[2024-08-27T14:57:31.660+0000][info][gc,cpu         ] GC(519) User=0.22s Sys=0.00s Real=0.01s
[2024-08-27T14:57:31.684+0000][info][gc,start       ] GC(520) Pause Young (Normal) (G1 Evacuation Pause)
[2024-08-27T14:57:31.684+0000][info][gc,task        ] GC(520) Using 24 workers of 68 for evacuation
[2024-08-27T14:57:31.698+0000][info][gc,phases      ] GC(520)   Pre Evacuate Collection Set: 0.1ms
[2024-08-27T14:57:31.698+0000][info][gc,phases      ] GC(520)   Merge Heap Roots: 0.3ms
[2024-08-27T14:57:31.698+0000][info][gc,phases      ] GC(520)   Evacuate Collection Set: 12.6ms
[2024-08-27T14:57:31.698+0000][info][gc,phases      ] GC(520)   Post Evacuate Collection Set: 0.5ms
[2024-08-27T14:57:31.698+0000][info][gc,phases      ] GC(520)   Other: 0.2ms
[2024-08-27T14:57:31.698+0000][info][gc,heap        ] GC(520) Eden regions: 44->0(44)
[2024-08-27T14:57:31.698+0000][info][gc,heap        ] GC(520) Survivor regions: 7->7(7)
[2024-08-27T14:57:31.698+0000][info][gc,heap        ] GC(520) Old regions: 902->948
[2024-08-27T14:57:31.698+0000][info][gc,heap        ] GC(520) Archive regions: 2->2
[2024-08-27T14:57:31.698+0000][info][gc,heap        ] GC(520) Humongous regions: 5->5
[2024-08-27T14:57:31.698+0000][info][gc,metaspace   ] GC(520) Metaspace: 100K(320K)->100K(320K) NonClass: 96K(192K)->96K(192K) Class: 4K(128K)->4K(128K)
[2024-08-27T14:57:31.698+0000][info][gc             ] GC(520) Pause Young (Normal) (G1 Evacuation Pause) 947M->949M(1024M) 13.804ms
[2024-08-27T14:57:31.698+0000][info][gc,cpu         ] GC(520) User=0.30s Sys=0.01s Real=0.02s
[2024-08-27T14:57:31.713+0000][info][gc,start       ] GC(521) Pause Young (Normal) (G1 Preventive Collection)
[2024-08-27T14:57:31.713+0000][info][gc,task        ] GC(521) Using 24 workers of 68 for evacuation
[2024-08-27T14:57:31.725+0000][info][gc,phases      ] GC(521)   Pre Evacuate Collection Set: 0.1ms
[2024-08-27T14:57:31.725+0000][info][gc,phases      ] GC(521)   Merge Heap Roots: 0.4ms
[2024-08-27T14:57:31.725+0000][info][gc,phases      ] GC(521)   Evacuate Collection Set: 11.2ms
[2024-08-27T14:57:31.725+0000][info][gc,phases      ] GC(521)   Post Evacuate Collection Set: 0.6ms
[2024-08-27T14:57:31.725+0000][info][gc,phases      ] GC(521)   Other: 0.2ms
[2024-08-27T14:57:31.725+0000][info][gc,heap        ] GC(521) Eden regions: 26->0(44)
[2024-08-27T14:57:31.725+0000][info][gc,heap        ] GC(521) Survivor regions: 7->7(7)
[2024-08-27T14:57:31.725+0000][info][gc,heap        ] GC(521) Old regions: 948->977
[2024-08-27T14:57:31.725+0000][info][gc,heap        ] GC(521) Archive regions: 2->2
[2024-08-27T14:57:31.725+0000][info][gc,heap        ] GC(521) Humongous regions: 5->5
[2024-08-27T14:57:31.725+0000][info][gc,metaspace   ] GC(521) Metaspace: 100K(320K)->100K(320K) NonClass: 96K(192K)->96K(192K) Class: 4K(128K)->4K(128K)
[2024-08-27T14:57:31.725+0000][info][gc             ] GC(521) Pause Young (Normal) (G1 Preventive Collection) 975M->978M(1024M) 12.524ms
[2024-08-27T14:57:31.725+0000][info][gc,cpu         ] GC(521) User=0.29s Sys=0.00s Real=0.01s
[2024-08-27T14:57:31.732+0000][info][gc,start       ] GC(522) Pause Young (Normal) (G1 Preventive Collection)
[2024-08-27T14:57:31.732+0000][info][gc,task        ] GC(522) Using 24 workers of 68 for evacuation
[2024-08-27T14:57:31.743+0000][info][gc             ] GC(522) To-space exhausted
[2024-08-27T14:57:31.743+0000][info][gc,phases      ] GC(522)   Pre Evacuate Collection Set: 0.1ms
[2024-08-27T14:57:31.743+0000][info][gc,phases      ] GC(522)   Merge Heap Roots: 0.4ms
[2024-08-27T14:57:31.743+0000][info][gc,phases      ] GC(522)   Evacuate Collection Set: 9.2ms
[2024-08-27T14:57:31.743+0000][info][gc,phases      ] GC(522)   Post Evacuate Collection Set: 0.8ms
[2024-08-27T14:57:31.743+0000][info][gc,phases      ] GC(522)   Other: 0.2ms
[2024-08-27T14:57:31.743+0000][info][gc,heap        ] GC(522) Eden regions: 12->0(44)
[2024-08-27T14:57:31.743+0000][info][gc,heap        ] GC(522) Survivor regions: 7->7(7)
[2024-08-27T14:57:31.743+0000][info][gc,heap        ] GC(522) Old regions: 977->1005
[2024-08-27T14:57:31.743+0000][info][gc,heap        ] GC(522) Archive regions: 2->2
[2024-08-27T14:57:31.743+0000][info][gc,heap        ] GC(522) Humongous regions: 5->5
[2024-08-27T14:57:31.743+0000][info][gc,metaspace   ] GC(522) Metaspace: 100K(320K)->100K(320K) NonClass: 96K(192K)->96K(192K) Class: 4K(128K)->4K(128K)
[2024-08-27T14:57:31.743+0000][info][gc             ] GC(522) Pause Young (Normal) (G1 Preventive Collection) 990M->1007M(1024M) 10.828ms
[2024-08-27T14:57:31.743+0000][info][gc,cpu         ] GC(522) User=0.24s Sys=0.00s Real=0.01s
[2024-08-27T14:57:31.744+0000][info][gc,start       ] GC(523) Pause Young (Normal) (G1 Preventive Collection)
[2024-08-27T14:57:31.744+0000][info][gc,task        ] GC(523) Using 24 workers of 68 for evacuation
[2024-08-27T14:57:31.752+0000][info][gc             ] GC(523) To-space exhausted
[2024-08-27T14:57:31.752+0000][info][gc,phases      ] GC(523)   Pre Evacuate Collection Set: 0.1ms
[2024-08-27T14:57:31.752+0000][info][gc,phases      ] GC(523)   Merge Heap Roots: 0.6ms
[2024-08-27T14:57:31.752+0000][info][gc,phases      ] GC(523)   Evacuate Collection Set: 6.4ms
[2024-08-27T14:57:31.752+0000][info][gc,phases      ] GC(523)   Post Evacuate Collection Set: 0.9ms
[2024-08-27T14:57:31.752+0000][info][gc,phases      ] GC(523)   Other: 0.1ms
[2024-08-27T14:57:31.752+0000][info][gc,heap        ] GC(523) Eden regions: 1->0(50)
[2024-08-27T14:57:31.752+0000][info][gc,heap        ] GC(523) Survivor regions: 7->1(4)
[2024-08-27T14:57:31.752+0000][info][gc,heap        ] GC(523) Old regions: 1005->1016
[2024-08-27T14:57:31.752+0000][info][gc,heap        ] GC(523) Archive regions: 2->2
[2024-08-27T14:57:31.752+0000][info][gc,heap        ] GC(523) Humongous regions: 5->5
[2024-08-27T14:57:31.752+0000][info][gc,metaspace   ] GC(523) Metaspace: 100K(320K)->100K(320K) NonClass: 96K(192K)->96K(192K) Class: 4K(128K)->4K(128K)
[2024-08-27T14:57:31.752+0000][info][gc             ] GC(523) Pause Young (Normal) (G1 Preventive Collection) 1008M->1012M(1024M) 8.171ms
[2024-08-27T14:57:31.752+0000][info][gc,cpu         ] GC(523) User=0.18s Sys=0.00s Real=0.01s
[2024-08-27T14:57:31.752+0000][info][gc,ergo        ] Attempting full compaction
[2024-08-27T14:57:31.752+0000][info][gc,task        ] GC(524) Using 24 workers of 68 for full compaction
[2024-08-27T14:57:31.752+0000][info][gc,start       ] GC(524) Pause Full (G1 Compaction Pause)
[2024-08-27T14:57:31.753+0000][info][gc,phases,start] GC(524) Phase 1: Mark live objects
[2024-08-27T14:57:31.767+0000][info][gc,phases      ] GC(524) Phase 1: Mark live objects 14.369ms
[2024-08-27T14:57:31.767+0000][info][gc,phases,start] GC(524) Phase 2: Prepare for compaction
[2024-08-27T14:57:31.775+0000][info][gc,phases      ] GC(524) Phase 2: Prepare for compaction 7.377ms
[2024-08-27T14:57:31.775+0000][info][gc,phases,start] GC(524) Phase 3: Adjust pointers
[2024-08-27T14:57:31.789+0000][info][gc,phases      ] GC(524) Phase 3: Adjust pointers 14.219ms
[2024-08-27T14:57:31.789+0000][info][gc,phases,start] GC(524) Phase 4: Compact heap
[2024-08-27T14:57:31.815+0000][info][gc,phases      ] GC(524) Phase 4: Compact heap 25.905ms
[2024-08-27T14:57:31.816+0000][info][gc,heap        ] GC(524) Eden regions: 0->0(150)
[2024-08-27T14:57:31.816+0000][info][gc,heap        ] GC(524) Survivor regions: 1->0(4)
[2024-08-27T14:57:31.816+0000][info][gc,heap        ] GC(524) Old regions: 1016->444
[2024-08-27T14:57:31.816+0000][info][gc,heap        ] GC(524) Archive regions: 2->2
[2024-08-27T14:57:31.816+0000][info][gc,heap        ] GC(524) Humongous regions: 5->5
[2024-08-27T14:57:31.816+0000][info][gc,metaspace   ] GC(524) Metaspace: 100K(320K)->100K(320K) NonClass: 96K(192K)->96K(192K) Class: 4K(128K)->4K(128K)
[2024-08-27T14:57:31.816+0000][info][gc             ] GC(524) Pause Full (G1 Compaction Pause) 1012M->438M(1024M) 64.025ms
[2024-08-27T14:57:31.817+0000][info][gc,cpu         ] GC(524) User=1.38s Sys=0.01s Real=0.06s
[2024-08-27T14:57:31.817+0000][info][gc,marking     ] GC(518) Concurrent Rebuild Remembered Sets 172.478ms
[2024-08-27T14:57:31.817+0000][info][gc,marking     ] GC(518) Concurrent Mark Abort
[2024-08-27T14:57:31.817+0000][info][gc             ] GC(518) Concurrent Mark Cycle 199.795ms
[2024-08-27T14:57:31.896+0000][info][gc,start       ] GC(525) Pause Young (Normal) (G1 Evacuation Pause)
[2024-08-27T14:57:31.896+0000][info][gc,task        ] GC(525) Using 24 workers of 68 for evacuation
[2024-08-27T14:57:31.918+0000][info][gc,phases      ] GC(525)   Pre Evacuate Collection Set: 0.1ms
[2024-08-27T14:57:31.918+0000][info][gc,phases      ] GC(525)   Merge Heap Roots: 0.3ms
[2024-08-27T14:57:31.918+0000][info][gc,phases      ] GC(525)   Evacuate Collection Set: 21.0ms
[2024-08-27T14:57:31.918+0000][info][gc,phases      ] GC(525)   Post Evacuate Collection Set: 0.4ms
[2024-08-27T14:57:31.918+0000][info][gc,phases      ] GC(525)   Other: 0.3ms
[2024-08-27T14:57:31.918+0000][info][gc,heap        ] GC(525) Eden regions: 150->0(103)
[2024-08-27T14:57:31.918+0000][info][gc,heap        ] GC(525) Survivor regions: 0->19(19)
[2024-08-27T14:57:31.918+0000][info][gc,heap        ] GC(525) Old regions: 444->571
[2024-08-27T14:57:31.918+0000][info][gc,heap        ] GC(525) Archive regions: 2->2
[2024-08-27T14:57:31.918+0000][info][gc,heap        ] GC(525) Humongous regions: 5->5
[2024-08-27T14:57:31.918+0000][info][gc,metaspace   ] GC(525) Metaspace: 100K(320K)->100K(320K) NonClass: 96K(192K)->96K(192K) Class: 4K(128K)->4K(128K)
[2024-08-27T14:57:31.918+0000][info][gc             ] GC(525) Pause Young (Normal) (G1 Evacuation Pause) 588M->584M(1024M) 22.156ms
[2024-08-27T14:57:31.918+0000][info][gc,cpu         ] GC(525) User=0.51s Sys=0.00s Real=0.03s
[2024-08-27T14:57:31.968+0000][info][gc,start       ] GC(526) Pause Young (Concurrent Start) (G1 Evacuation Pause)
[2024-08-27T14:57:31.969+0000][info][gc,task        ] GC(526) Using 24 workers of 68 for evacuation
[2024-08-27T14:57:31.988+0000][info][gc,phases      ] GC(526)   Pre Evacuate Collection Set: 0.2ms
[2024-08-27T14:57:31.988+0000][info][gc,phases      ] GC(526)   Merge Heap Roots: 0.4ms
[2024-08-27T14:57:31.988+0000][info][gc,phases      ] GC(526)   Evacuate Collection Set: 18.2ms
[2024-08-27T14:57:31.988+0000][info][gc,phases      ] GC(526)   Post Evacuate Collection Set: 0.3ms
[2024-08-27T14:57:31.988+0000][info][gc,phases      ] GC(526)   Other: 0.6ms
[2024-08-27T14:57:31.988+0000][info][gc,heap        ] GC(526) Eden regions: 103->0(69)
[2024-08-27T14:57:31.988+0000][info][gc,heap        ] GC(526) Survivor regions: 19->16(16)
[2024-08-27T14:57:31.988+0000][info][gc,heap        ] GC(526) Old regions: 571->678
[2024-08-27T14:57:31.988+0000][info][gc,heap        ] GC(526) Archive regions: 2->2
[2024-08-27T14:57:31.988+0000][info][gc,heap        ] GC(526) Humongous regions: 5->5
[2024-08-27T14:57:31.988+0000][info][gc,metaspace   ] GC(526) Metaspace: 100K(320K)->100K(320K) NonClass: 96K(192K)->96K(192K) Class: 4K(128K)->4K(128K)
[2024-08-27T14:57:31.988+0000][info][gc             ] GC(526) Pause Young (Concurrent Start) (G1 Evacuation Pause) 687M->688M(1024M) 19.741ms
[2024-08-27T14:57:31.988+0000][info][gc,cpu         ] GC(526) User=0.45s Sys=0.00s Real=0.02s
[2024-08-27T14:57:31.988+0000][info][gc             ] GC(527) Concurrent Mark Cycle
[2024-08-27T14:57:31.988+0000][info][gc,marking     ] GC(527) Concurrent Clear Claimed Marks
[2024-08-27T14:57:31.988+0000][info][gc,marking     ] GC(527) Concurrent Clear Claimed Marks 0.011ms
[2024-08-27T14:57:31.988+0000][info][gc,marking     ] GC(527) Concurrent Scan Root Regions
[2024-08-27T14:57:31.992+0000][info][gc,marking     ] GC(527) Concurrent Scan Root Regions 3.743ms
[2024-08-27T14:57:31.992+0000][info][gc,marking     ] GC(527) Concurrent Mark
[2024-08-27T14:57:31.992+0000][info][gc,marking     ] GC(527) Concurrent Mark From Roots
[2024-08-27T14:57:31.992+0000][info][gc,task        ] GC(527) Using 17 workers of 17 for marking
[2024-08-27T14:57:32.012+0000][info][gc,marking     ] GC(527) Concurrent Mark From Roots 20.164ms
[2024-08-27T14:57:32.012+0000][info][gc,marking     ] GC(527) Concurrent Preclean
[2024-08-27T14:57:32.013+0000][info][gc,marking     ] GC(527) Concurrent Preclean 0.560ms
[2024-08-27T14:57:32.013+0000][info][gc,start       ] GC(527) Pause Remark
[2024-08-27T14:57:32.014+0000][info][gc             ] GC(527) Pause Remark 722M->722M(1024M) 1.076ms
[2024-08-27T14:57:32.014+0000][info][gc,cpu         ] GC(527) User=0.00s Sys=0.00s Real=0.00s
[2024-08-27T14:57:32.014+0000][info][gc,marking     ] GC(527) Concurrent Mark 22.164ms
[2024-08-27T14:57:32.014+0000][info][gc,marking     ] GC(527) Concurrent Rebuild Remembered Sets
[2024-08-27T14:57:32.033+0000][info][gc,start       ] GC(528) Pause Young (Normal) (G1 Evacuation Pause)
[2024-08-27T14:57:32.033+0000][info][gc,task        ] GC(528) Using 24 workers of 68 for evacuation
[2024-08-27T14:57:32.050+0000][info][gc,phases      ] GC(528)   Pre Evacuate Collection Set: 0.1ms
[2024-08-27T14:57:32.050+0000][info][gc,phases      ] GC(528)   Merge Heap Roots: 0.3ms
[2024-08-27T14:57:32.050+0000][info][gc,phases      ] GC(528)   Evacuate Collection Set: 14.9ms
[2024-08-27T14:57:32.050+0000][info][gc,phases      ] GC(528)   Post Evacuate Collection Set: 0.5ms
[2024-08-27T14:57:32.050+0000][info][gc,phases      ] GC(528)   Other: 1.0ms
[2024-08-27T14:57:32.050+0000][info][gc,heap        ] GC(528) Eden regions: 69->0(46)
[2024-08-27T14:57:32.050+0000][info][gc,heap        ] GC(528) Survivor regions: 16->11(11)
[2024-08-27T14:57:32.050+0000][info][gc,heap        ] GC(528) Old regions: 678->756
[2024-08-27T14:57:32.050+0000][info][gc,heap        ] GC(528) Archive regions: 2->2
[2024-08-27T14:57:32.050+0000][info][gc,heap        ] GC(528) Humongous regions: 5->5
[2024-08-27T14:57:32.050+0000][info][gc,metaspace   ] GC(528) Metaspace: 100K(320K)->100K(320K) NonClass: 96K(192K)->96K(192K) Class: 4K(128K)->4K(128K)
[2024-08-27T14:57:32.050+0000][info][gc             ] GC(528) Pause Young (Normal) (G1 Evacuation Pause) 757M->760M(1024M) 16.952ms
[2024-08-27T14:57:32.050+0000][info][gc,cpu         ] GC(528) User=0.37s Sys=0.00s Real=0.02s
[2024-08-27T14:57:32.074+0000][info][gc,start       ] GC(529) Pause Young (Normal) (G1 Evacuation Pause)
[2024-08-27T14:57:32.074+0000][info][gc,task        ] GC(529) Using 24 workers of 68 for evacuation
[2024-08-27T14:57:32.093+0000][info][gc,phases      ] GC(529)   Pre Evacuate Collection Set: 0.1ms
[2024-08-27T14:57:32.093+0000][info][gc,phases      ] GC(529)   Merge Heap Roots: 0.5ms
[2024-08-27T14:57:32.093+0000][info][gc,phases      ] GC(529)   Evacuate Collection Set: 17.8ms
[2024-08-27T14:57:32.093+0000][info][gc,phases      ] GC(529)   Post Evacuate Collection Set: 0.6ms
[2024-08-27T14:57:32.094+0000][info][gc,phases      ] GC(529)   Other: 0.2ms
[2024-08-27T14:57:32.094+0000][info][gc,heap        ] GC(529) Eden regions: 46->0(43)
[2024-08-27T14:57:32.094+0000][info][gc,heap        ] GC(529) Survivor regions: 11->8(8)
[2024-08-27T14:57:32.094+0000][info][gc,heap        ] GC(529) Old regions: 756->809
[2024-08-27T14:57:32.094+0000][info][gc,heap        ] GC(529) Archive regions: 2->2
[2024-08-27T14:57:32.094+0000][info][gc,heap        ] GC(529) Humongous regions: 5->5
[2024-08-27T14:57:32.094+0000][info][gc,metaspace   ] GC(529) Metaspace: 100K(320K)->100K(320K) NonClass: 96K(192K)->96K(192K) Class: 4K(128K)->4K(128K)
[2024-08-27T14:57:32.094+0000][info][gc             ] GC(529) Pause Young (Normal) (G1 Evacuation Pause) 806M->811M(1024M) 19.267ms
[2024-08-27T14:57:32.094+0000][info][gc,cpu         ] GC(529) User=0.44s Sys=0.01s Real=0.02s
[2024-08-27T14:57:32.117+0000][info][gc,start       ] GC(530) Pause Young (Normal) (G1 Evacuation Pause)
[2024-08-27T14:57:32.117+0000][info][gc,task        ] GC(530) Using 24 workers of 68 for evacuation
[2024-08-27T14:57:32.140+0000][info][gc,phases      ] GC(530)   Pre Evacuate Collection Set: 0.1ms
[2024-08-27T14:57:32.140+0000][info][gc,phases      ] GC(530)   Merge Heap Roots: 0.5ms
[2024-08-27T14:57:32.140+0000][info][gc,phases      ] GC(530)   Evacuate Collection Set: 21.4ms
[2024-08-27T14:57:32.140+0000][info][gc,phases      ] GC(530)   Post Evacuate Collection Set: 0.7ms
[2024-08-27T14:57:32.140+0000][info][gc,phases      ] GC(530)   Other: 0.2ms
[2024-08-27T14:57:32.140+0000][info][gc,heap        ] GC(530) Eden regions: 43->0(44)
[2024-08-27T14:57:32.140+0000][info][gc,heap        ] GC(530) Survivor regions: 8->7(7)
[2024-08-27T14:57:32.140+0000][info][gc,heap        ] GC(530) Old regions: 809->857
[2024-08-27T14:57:32.140+0000][info][gc,heap        ] GC(530) Archive regions: 2->2
[2024-08-27T14:57:32.140+0000][info][gc,heap        ] GC(530) Humongous regions: 5->5
[2024-08-27T14:57:32.140+0000][info][gc,metaspace   ] GC(530) Metaspace: 100K(320K)->100K(320K) NonClass: 96K(192K)->96K(192K) Class: 4K(128K)->4K(128K)
[2024-08-27T14:57:32.140+0000][info][gc             ] GC(530) Pause Young (Normal) (G1 Evacuation Pause) 854M->858M(1024M) 23.013ms
[2024-08-27T14:57:32.140+0000][info][gc,cpu         ] GC(530) User=0.37s Sys=0.04s Real=0.03s
[2024-08-27T14:57:32.142+0000][info][gc,marking     ] GC(527) Concurrent Rebuild Remembered Sets 127.761ms
[2024-08-27T14:57:32.142+0000][info][gc,start       ] GC(527) Pause Cleanup
[2024-08-27T14:57:32.143+0000][info][gc             ] GC(527) Pause Cleanup 860M->860M(1024M) 1.047ms
[2024-08-27T14:57:32.143+0000][info][gc,cpu         ] GC(527) User=0.00s Sys=0.00s Real=0.00s
[2024-08-27T14:57:32.143+0000][info][gc,marking     ] GC(527) Concurrent Cleanup for Next Mark
[2024-08-27T14:57:32.144+0000][info][gc,marking     ] GC(527) Concurrent Cleanup for Next Mark 0.676ms
[2024-08-27T14:57:32.144+0000][info][gc             ] GC(527) Concurrent Mark Cycle 155.783ms
[2024-08-27T14:57:32.170+0000][info][gc,start       ] GC(531) Pause Young (Prepare Mixed) (G1 Evacuation Pause)
[2024-08-27T14:57:32.170+0000][info][gc,task        ] GC(531) Using 24 workers of 68 for evacuation
[2024-08-27T14:57:32.191+0000][info][gc,phases      ] GC(531)   Pre Evacuate Collection Set: 0.1ms
[2024-08-27T14:57:32.191+0000][info][gc,phases      ] GC(531)   Merge Heap Roots: 0.5ms
[2024-08-27T14:57:32.191+0000][info][gc,phases      ] GC(531)   Evacuate Collection Set: 19.7ms
[2024-08-27T14:57:32.191+0000][info][gc,phases      ] GC(531)   Post Evacuate Collection Set: 0.3ms
[2024-08-27T14:57:32.191+0000][info][gc,phases      ] GC(531)   Other: 0.2ms
[2024-08-27T14:57:32.191+0000][info][gc,heap        ] GC(531) Eden regions: 44->0(44)
[2024-08-27T14:57:32.191+0000][info][gc,heap        ] GC(531) Survivor regions: 7->7(7)
[2024-08-27T14:57:32.191+0000][info][gc,heap        ] GC(531) Old regions: 857->905
[2024-08-27T14:57:32.191+0000][info][gc,heap        ] GC(531) Archive regions: 2->2
[2024-08-27T14:57:32.191+0000][info][gc,heap        ] GC(531) Humongous regions: 5->5
[2024-08-27T14:57:32.191+0000][info][gc,metaspace   ] GC(531) Metaspace: 100K(320K)->100K(320K) NonClass: 96K(192K)->96K(192K) Class: 4K(128K)->4K(128K)
[2024-08-27T14:57:32.191+0000][info][gc             ] GC(531) Pause Young (Prepare Mixed) (G1 Evacuation Pause) 902M->905M(1024M) 20.918ms
[2024-08-27T14:57:32.191+0000][info][gc,cpu         ] GC(531) User=0.37s Sys=0.12s Real=0.02s
[2024-08-27T14:57:32.217+0000][info][gc,start       ] GC(532) Pause Young (Mixed) (G1 Evacuation Pause)
[2024-08-27T14:57:32.217+0000][info][gc,task        ] GC(532) Using 24 workers of 68 for evacuation
[2024-08-27T14:57:32.229+0000][info][gc,phases      ] GC(532)   Pre Evacuate Collection Set: 0.2ms
[2024-08-27T14:57:32.229+0000][info][gc,phases      ] GC(532)   Merge Heap Roots: 0.5ms
[2024-08-27T14:57:32.229+0000][info][gc,phases      ] GC(532)   Evacuate Collection Set: 10.6ms
[2024-08-27T14:57:32.229+0000][info][gc,phases      ] GC(532)   Post Evacuate Collection Set: 0.4ms
[2024-08-27T14:57:32.229+0000][info][gc,phases      ] GC(532)   Other: 0.3ms
[2024-08-27T14:57:32.229+0000][info][gc,heap        ] GC(532) Eden regions: 44->0(44)
[2024-08-27T14:57:32.229+0000][info][gc,heap        ] GC(532) Survivor regions: 7->7(7)
[2024-08-27T14:57:32.229+0000][info][gc,heap        ] GC(532) Old regions: 905->848
[2024-08-27T14:57:32.229+0000][info][gc,heap        ] GC(532) Archive regions: 2->2
[2024-08-27T14:57:32.229+0000][info][gc,heap        ] GC(532) Humongous regions: 5->5
[2024-08-27T14:57:32.229+0000][info][gc,metaspace   ] GC(532) Metaspace: 100K(320K)->100K(320K) NonClass: 96K(192K)->96K(192K) Class: 4K(128K)->4K(128K)
[2024-08-27T14:57:32.229+0000][info][gc             ] GC(532) Pause Young (Mixed) (G1 Evacuation Pause) 949M->850M(1024M) 12.028ms
[2024-08-27T14:57:32.229+0000][info][gc,cpu         ] GC(532) User=0.26s Sys=0.00s Real=0.01s
[2024-08-27T14:57:32.252+0000][info][gc,start       ] GC(533) Pause Young (Mixed) (G1 Evacuation Pause)
[2024-08-27T14:57:32.252+0000][info][gc,task        ] GC(533) Using 24 workers of 68 for evacuation
[2024-08-27T14:57:32.263+0000][info][gc,phases      ] GC(533)   Pre Evacuate Collection Set: 0.2ms
[2024-08-27T14:57:32.263+0000][info][gc,phases      ] GC(533)   Merge Heap Roots: 0.3ms
[2024-08-27T14:57:32.263+0000][info][gc,phases      ] GC(533)   Evacuate Collection Set: 10.0ms
[2024-08-27T14:57:32.263+0000][info][gc,phases      ] GC(533)   Post Evacuate Collection Set: 0.4ms
[2024-08-27T14:57:32.263+0000][info][gc,phases      ] GC(533)   Other: 0.2ms
[2024-08-27T14:57:32.263+0000][info][gc,heap        ] GC(533) Eden regions: 44->0(44)
[2024-08-27T14:57:32.263+0000][info][gc,heap        ] GC(533) Survivor regions: 7->7(7)
[2024-08-27T14:57:32.263+0000][info][gc,heap        ] GC(533) Old regions: 848->807
[2024-08-27T14:57:32.263+0000][info][gc,heap        ] GC(533) Archive regions: 2->2
[2024-08-27T14:57:32.263+0000][info][gc,heap        ] GC(533) Humongous regions: 5->5
[2024-08-27T14:57:32.263+0000][info][gc,metaspace   ] GC(533) Metaspace: 100K(320K)->100K(320K) NonClass: 96K(192K)->96K(192K) Class: 4K(128K)->4K(128K)
[2024-08-27T14:57:32.263+0000][info][gc             ] GC(533) Pause Young (Mixed) (G1 Evacuation Pause) 894M->809M(1024M) 11.178ms
[2024-08-27T14:57:32.263+0000][info][gc,cpu         ] GC(533) User=0.25s Sys=0.00s Real=0.01s
[2024-08-27T14:57:32.285+0000][info][gc,start       ] GC(534) Pause Young (Concurrent Start) (G1 Evacuation Pause)
[2024-08-27T14:57:32.285+0000][info][gc,task        ] GC(534) Using 24 workers of 68 for evacuation
[2024-08-27T14:57:32.295+0000][info][gc,phases      ] GC(534)   Pre Evacuate Collection Set: 0.2ms
[2024-08-27T14:57:32.295+0000][info][gc,phases      ] GC(534)   Merge Heap Roots: 0.2ms
[2024-08-27T14:57:32.295+0000][info][gc,phases      ] GC(534)   Evacuate Collection Set: 9.0ms
[2024-08-27T14:57:32.295+0000][info][gc,phases      ] GC(534)   Post Evacuate Collection Set: 0.3ms
[2024-08-27T14:57:32.295+0000][info][gc,phases      ] GC(534)   Other: 0.6ms
[2024-08-27T14:57:32.295+0000][info][gc,heap        ] GC(534) Eden regions: 44->0(44)
[2024-08-27T14:57:32.295+0000][info][gc,heap        ] GC(534) Survivor regions: 7->7(7)
[2024-08-27T14:57:32.295+0000][info][gc,heap        ] GC(534) Old regions: 807->853
[2024-08-27T14:57:32.295+0000][info][gc,heap        ] GC(534) Archive regions: 2->2
[2024-08-27T14:57:32.295+0000][info][gc,heap        ] GC(534) Humongous regions: 5->5
[2024-08-27T14:57:32.295+0000][info][gc,metaspace   ] GC(534) Metaspace: 100K(320K)->100K(320K) NonClass: 96K(192K)->96K(192K) Class: 4K(128K)->4K(128K)
[2024-08-27T14:57:32.295+0000][info][gc             ] GC(534) Pause Young (Concurrent Start) (G1 Evacuation Pause) 853M->855M(1024M) 10.412ms
[2024-08-27T14:57:32.295+0000][info][gc,cpu         ] GC(534) User=0.22s Sys=0.01s Real=0.01s
[2024-08-27T14:57:32.295+0000][info][gc             ] GC(535) Concurrent Mark Cycle
[2024-08-27T14:57:32.295+0000][info][gc,marking     ] GC(535) Concurrent Clear Claimed Marks
[2024-08-27T14:57:32.295+0000][info][gc,marking     ] GC(535) Concurrent Clear Claimed Marks 0.011ms
[2024-08-27T14:57:32.295+0000][info][gc,marking     ] GC(535) Concurrent Scan Root Regions
[2024-08-27T14:57:32.297+0000][info][gc,marking     ] GC(535) Concurrent Scan Root Regions 1.513ms
[2024-08-27T14:57:32.297+0000][info][gc,marking     ] GC(535) Concurrent Mark
[2024-08-27T14:57:32.297+0000][info][gc,marking     ] GC(535) Concurrent Mark From Roots
[2024-08-27T14:57:32.297+0000][info][gc,task        ] GC(535) Using 17 workers of 17 for marking
[2024-08-27T14:57:32.321+0000][info][gc,marking     ] GC(535) Concurrent Mark From Roots 24.118ms
[2024-08-27T14:57:32.321+0000][info][gc,marking     ] GC(535) Concurrent Preclean
[2024-08-27T14:57:32.321+0000][info][gc,marking     ] GC(535) Concurrent Preclean 0.529ms
[2024-08-27T14:57:32.322+0000][info][gc,start       ] GC(535) Pause Remark
[2024-08-27T14:57:32.323+0000][info][gc             ] GC(535) Pause Remark 891M->891M(1024M) 1.248ms
[2024-08-27T14:57:32.323+0000][info][gc,cpu         ] GC(535) User=0.01s Sys=0.00s Real=0.00s
[2024-08-27T14:57:32.323+0000][info][gc,marking     ] GC(535) Concurrent Mark 26.300ms
[2024-08-27T14:57:32.323+0000][info][gc,marking     ] GC(535) Concurrent Rebuild Remembered Sets
[2024-08-27T14:57:32.328+0000][info][gc,start       ] GC(536) Pause Young (Normal) (G1 Evacuation Pause)
[2024-08-27T14:57:32.328+0000][info][gc,task        ] GC(536) Using 24 workers of 68 for evacuation
[2024-08-27T14:57:32.338+0000][info][gc,phases      ] GC(536)   Pre Evacuate Collection Set: 0.1ms
[2024-08-27T14:57:32.338+0000][info][gc,phases      ] GC(536)   Merge Heap Roots: 0.3ms
[2024-08-27T14:57:32.338+0000][info][gc,phases      ] GC(536)   Evacuate Collection Set: 9.0ms
[2024-08-27T14:57:32.338+0000][info][gc,phases      ] GC(536)   Post Evacuate Collection Set: 0.4ms
[2024-08-27T14:57:32.338+0000][info][gc,phases      ] GC(536)   Other: 0.2ms
[2024-08-27T14:57:32.338+0000][info][gc,heap        ] GC(536) Eden regions: 44->0(44)
[2024-08-27T14:57:32.338+0000][info][gc,heap        ] GC(536) Survivor regions: 7->7(7)
[2024-08-27T14:57:32.338+0000][info][gc,heap        ] GC(536) Old regions: 853->899
[2024-08-27T14:57:32.338+0000][info][gc,heap        ] GC(536) Archive regions: 2->2
[2024-08-27T14:57:32.338+0000][info][gc,heap        ] GC(536) Humongous regions: 5->5
[2024-08-27T14:57:32.338+0000][info][gc,metaspace   ] GC(536) Metaspace: 100K(320K)->100K(320K) NonClass: 96K(192K)->96K(192K) Class: 4K(128K)->4K(128K)
[2024-08-27T14:57:32.338+0000][info][gc             ] GC(536) Pause Young (Normal) (G1 Evacuation Pause) 899M->901M(1024M) 10.001ms
[2024-08-27T14:57:32.338+0000][info][gc,cpu         ] GC(536) User=0.22s Sys=0.00s Real=0.02s
[2024-08-27T14:57:32.362+0000][info][gc,start       ] GC(537) Pause Young (Normal) (G1 Evacuation Pause)
[2024-08-27T14:57:32.362+0000][info][gc,task        ] GC(537) Using 24 workers of 68 for evacuation
[2024-08-27T14:57:32.375+0000][info][gc,phases      ] GC(537)   Pre Evacuate Collection Set: 0.1ms
[2024-08-27T14:57:32.376+0000][info][gc,phases      ] GC(537)   Merge Heap Roots: 0.3ms
[2024-08-27T14:57:32.376+0000][info][gc,phases      ] GC(537)   Evacuate Collection Set: 12.4ms
[2024-08-27T14:57:32.376+0000][info][gc,phases      ] GC(537)   Post Evacuate Collection Set: 0.5ms
[2024-08-27T14:57:32.376+0000][info][gc,phases      ] GC(537)   Other: 0.2ms
[2024-08-27T14:57:32.376+0000][info][gc,heap        ] GC(537) Eden regions: 44->0(44)
[2024-08-27T14:57:32.376+0000][info][gc,heap        ] GC(537) Survivor regions: 7->7(7)
[2024-08-27T14:57:32.376+0000][info][gc,heap        ] GC(537) Old regions: 899->945
[2024-08-27T14:57:32.376+0000][info][gc,heap        ] GC(537) Archive regions: 2->2
[2024-08-27T14:57:32.376+0000][info][gc,heap        ] GC(537) Humongous regions: 5->5
[2024-08-27T14:57:32.376+0000][info][gc,metaspace   ] GC(537) Metaspace: 100K(320K)->100K(320K) NonClass: 96K(192K)->96K(192K) Class: 4K(128K)->4K(128K)
[2024-08-27T14:57:32.376+0000][info][gc             ] GC(537) Pause Young (Normal) (G1 Evacuation Pause) 945M->947M(1024M) 13.641ms
[2024-08-27T14:57:32.376+0000][info][gc,cpu         ] GC(537) User=0.31s Sys=0.00s Real=0.01s
[2024-08-27T14:57:32.391+0000][info][gc,start       ] GC(538) Pause Young (Normal) (G1 Preventive Collection)
[2024-08-27T14:57:32.391+0000][info][gc,task        ] GC(538) Using 24 workers of 68 for evacuation
[2024-08-27T14:57:32.404+0000][info][gc,phases      ] GC(538)   Pre Evacuate Collection Set: 0.1ms
[2024-08-27T14:57:32.404+0000][info][gc,phases      ] GC(538)   Merge Heap Roots: 0.4ms
[2024-08-27T14:57:32.404+0000][info][gc,phases      ] GC(538)   Evacuate Collection Set: 12.0ms
[2024-08-27T14:57:32.404+0000][info][gc,phases      ] GC(538)   Post Evacuate Collection Set: 0.6ms
[2024-08-27T14:57:32.404+0000][info][gc,phases      ] GC(538)   Other: 0.2ms
[2024-08-27T14:57:32.404+0000][info][gc,heap        ] GC(538) Eden regions: 27->0(44)
[2024-08-27T14:57:32.404+0000][info][gc,heap        ] GC(538) Survivor regions: 7->7(7)
[2024-08-27T14:57:32.404+0000][info][gc,heap        ] GC(538) Old regions: 945->976
[2024-08-27T14:57:32.404+0000][info][gc,heap        ] GC(538) Archive regions: 2->2
[2024-08-27T14:57:32.404+0000][info][gc,heap        ] GC(538) Humongous regions: 5->5
[2024-08-27T14:57:32.404+0000][info][gc,metaspace   ] GC(538) Metaspace: 100K(320K)->100K(320K) NonClass: 96K(192K)->96K(192K) Class: 4K(128K)->4K(128K)
[2024-08-27T14:57:32.404+0000][info][gc             ] GC(538) Pause Young (Normal) (G1 Preventive Collection) 974M->978M(1024M) 13.338ms
[2024-08-27T14:57:32.404+0000][info][gc,cpu         ] GC(538) User=0.31s Sys=0.00s Real=0.01s
[2024-08-27T14:57:32.411+0000][info][gc,start       ] GC(539) Pause Young (Normal) (G1 Preventive Collection)
[2024-08-27T14:57:32.411+0000][info][gc,task        ] GC(539) Using 24 workers of 68 for evacuation
[2024-08-27T14:57:32.421+0000][info][gc,phases      ] GC(539)   Pre Evacuate Collection Set: 0.1ms
[2024-08-27T14:57:32.421+0000][info][gc,phases      ] GC(539)   Merge Heap Roots: 0.3ms
[2024-08-27T14:57:32.421+0000][info][gc,phases      ] GC(539)   Evacuate Collection Set: 9.1ms
[2024-08-27T14:57:32.421+0000][info][gc,phases      ] GC(539)   Post Evacuate Collection Set: 0.6ms
[2024-08-27T14:57:32.421+0000][info][gc,phases      ] GC(539)   Other: 0.1ms
[2024-08-27T14:57:32.421+0000][info][gc,heap        ] GC(539) Eden regions: 12->0(44)
[2024-08-27T14:57:32.421+0000][info][gc,heap        ] GC(539) Survivor regions: 7->7(7)
[2024-08-27T14:57:32.421+0000][info][gc,heap        ] GC(539) Old regions: 976->991
[2024-08-27T14:57:32.421+0000][info][gc,heap        ] GC(539) Archive regions: 2->2
[2024-08-27T14:57:32.421+0000][info][gc,heap        ] GC(539) Humongous regions: 5->5
[2024-08-27T14:57:32.421+0000][info][gc,metaspace   ] GC(539) Metaspace: 100K(320K)->100K(320K) NonClass: 96K(192K)->96K(192K) Class: 4K(128K)->4K(128K)
[2024-08-27T14:57:32.421+0000][info][gc             ] GC(539) Pause Young (Normal) (G1 Preventive Collection) 990M->993M(1024M) 10.384ms
[2024-08-27T14:57:32.421+0000][info][gc,cpu         ] GC(539) User=0.23s Sys=0.00s Real=0.01s
[2024-08-27T14:57:32.425+0000][info][gc,start       ] GC(540) Pause Young (Normal) (G1 Preventive Collection)
[2024-08-27T14:57:32.425+0000][info][gc,task        ] GC(540) Using 24 workers of 68 for evacuation
[2024-08-27T14:57:32.433+0000][info][gc             ] GC(540) To-space exhausted
[2024-08-27T14:57:32.433+0000][info][gc,phases      ] GC(540)   Pre Evacuate Collection Set: 0.1ms
[2024-08-27T14:57:32.433+0000][info][gc,phases      ] GC(540)   Merge Heap Roots: 0.5ms
[2024-08-27T14:57:32.433+0000][info][gc,phases      ] GC(540)   Evacuate Collection Set: 7.1ms
[2024-08-27T14:57:32.433+0000][info][gc,phases      ] GC(540)   Post Evacuate Collection Set: 0.7ms
[2024-08-27T14:57:32.433+0000][info][gc,phases      ] GC(540)   Other: 0.2ms
[2024-08-27T14:57:32.433+0000][info][gc,heap        ] GC(540) Eden regions: 5->0(45)
[2024-08-27T14:57:32.433+0000][info][gc,heap        ] GC(540) Survivor regions: 7->6(7)
[2024-08-27T14:57:32.433+0000][info][gc,heap        ] GC(540) Old regions: 991->1006
[2024-08-27T14:57:32.433+0000][info][gc,heap        ] GC(540) Archive regions: 2->2
[2024-08-27T14:57:32.433+0000][info][gc,heap        ] GC(540) Humongous regions: 5->5
[2024-08-27T14:57:32.433+0000][info][gc,metaspace   ] GC(540) Metaspace: 100K(320K)->100K(320K) NonClass: 96K(192K)->96K(192K) Class: 4K(128K)->4K(128K)
[2024-08-27T14:57:32.433+0000][info][gc             ] GC(540) Pause Young (Normal) (G1 Preventive Collection) 998M->1007M(1024M) 8.526ms
[2024-08-27T14:57:32.433+0000][info][gc,cpu         ] GC(540) User=0.19s Sys=0.00s Real=0.01s
[2024-08-27T14:57:32.434+0000][info][gc,start       ] GC(541) Pause Young (Normal) (G1 Preventive Collection)
[2024-08-27T14:57:32.434+0000][info][gc,task        ] GC(541) Using 24 workers of 68 for evacuation
[2024-08-27T14:57:32.442+0000][info][gc             ] GC(541) To-space exhausted
[2024-08-27T14:57:32.442+0000][info][gc,phases      ] GC(541)   Pre Evacuate Collection Set: 0.1ms
[2024-08-27T14:57:32.442+0000][info][gc,phases      ] GC(541)   Merge Heap Roots: 0.5ms
[2024-08-27T14:57:32.442+0000][info][gc,phases      ] GC(541)   Evacuate Collection Set: 6.0ms
[2024-08-27T14:57:32.442+0000][info][gc,phases      ] GC(541)   Post Evacuate Collection Set: 0.8ms
[2024-08-27T14:57:32.442+0000][info][gc,phases      ] GC(541)   Other: 0.1ms
[2024-08-27T14:57:32.442+0000][info][gc,heap        ] GC(541) Eden regions: 1->0(50)
[2024-08-27T14:57:32.442+0000][info][gc,heap        ] GC(541) Survivor regions: 6->1(4)
[2024-08-27T14:57:32.442+0000][info][gc,heap        ] GC(541) Old regions: 1006->1016
[2024-08-27T14:57:32.442+0000][info][gc,heap        ] GC(541) Archive regions: 2->2
[2024-08-27T14:57:32.442+0000][info][gc,heap        ] GC(541) Humongous regions: 5->5
[2024-08-27T14:57:32.442+0000][info][gc,metaspace   ] GC(541) Metaspace: 100K(320K)->100K(320K) NonClass: 96K(192K)->96K(192K) Class: 4K(128K)->4K(128K)
[2024-08-27T14:57:32.442+0000][info][gc             ] GC(541) Pause Young (Normal) (G1 Preventive Collection) 1008M->1012M(1024M) 7.659ms
[2024-08-27T14:57:32.442+0000][info][gc,cpu         ] GC(541) User=0.16s Sys=0.00s Real=0.01s
[2024-08-27T14:57:32.442+0000][info][gc,ergo        ] Attempting full compaction
[2024-08-27T14:57:32.442+0000][info][gc,task        ] GC(542) Using 24 workers of 68 for full compaction
[2024-08-27T14:57:32.442+0000][info][gc,start       ] GC(542) Pause Full (G1 Compaction Pause)
[2024-08-27T14:57:32.443+0000][info][gc,phases,start] GC(542) Phase 1: Mark live objects
[2024-08-27T14:57:32.457+0000][info][gc,phases      ] GC(542) Phase 1: Mark live objects 14.537ms
[2024-08-27T14:57:32.457+0000][info][gc,phases,start] GC(542) Phase 2: Prepare for compaction
[2024-08-27T14:57:32.465+0000][info][gc,phases      ] GC(542) Phase 2: Prepare for compaction 7.722ms
[2024-08-27T14:57:32.465+0000][info][gc,phases,start] GC(542) Phase 3: Adjust pointers
[2024-08-27T14:57:32.479+0000][info][gc,phases      ] GC(542) Phase 3: Adjust pointers 14.025ms
[2024-08-27T14:57:32.479+0000][info][gc,phases,start] GC(542) Phase 4: Compact heap
[2024-08-27T14:57:32.506+0000][info][gc,phases      ] GC(542) Phase 4: Compact heap 26.857ms
[2024-08-27T14:57:32.507+0000][info][gc,heap        ] GC(542) Eden regions: 0->0(150)
[2024-08-27T14:57:32.507+0000][info][gc,heap        ] GC(542) Survivor regions: 1->0(4)
[2024-08-27T14:57:32.507+0000][info][gc,heap        ] GC(542) Old regions: 1016->443
[2024-08-27T14:57:32.507+0000][info][gc,heap        ] GC(542) Archive regions: 2->2
[2024-08-27T14:57:32.507+0000][info][gc,heap        ] GC(542) Humongous regions: 5->5
[2024-08-27T14:57:32.507+0000][info][gc,metaspace   ] GC(542) Metaspace: 100K(320K)->100K(320K) NonClass: 96K(192K)->96K(192K) Class: 4K(128K)->4K(128K)
[2024-08-27T14:57:32.507+0000][info][gc             ] GC(542) Pause Full (G1 Compaction Pause) 1012M->437M(1024M) 65.362ms
[2024-08-27T14:57:32.508+0000][info][gc,cpu         ] GC(542) User=1.40s Sys=0.00s Real=0.06s
[2024-08-27T14:57:32.508+0000][info][gc,marking     ] GC(535) Concurrent Rebuild Remembered Sets 184.685ms
[2024-08-27T14:57:32.508+0000][info][gc,marking     ] GC(535) Concurrent Mark Abort
[2024-08-27T14:57:32.508+0000][info][gc             ] GC(535) Concurrent Mark Cycle 212.658ms
[2024-08-27T14:57:32.589+0000][info][gc,start       ] GC(543) Pause Young (Normal) (G1 Evacuation Pause)
[2024-08-27T14:57:32.589+0000][info][gc,task        ] GC(543) Using 24 workers of 68 for evacuation
[2024-08-27T14:57:32.616+0000][info][gc,phases      ] GC(543)   Pre Evacuate Collection Set: 0.2ms
[2024-08-27T14:57:32.616+0000][info][gc,phases      ] GC(543)   Merge Heap Roots: 0.4ms
[2024-08-27T14:57:32.616+0000][info][gc,phases      ] GC(543)   Evacuate Collection Set: 26.3ms
[2024-08-27T14:57:32.616+0000][info][gc,phases      ] GC(543)   Post Evacuate Collection Set: 0.3ms
[2024-08-27T14:57:32.616+0000][info][gc,phases      ] GC(543)   Other: 0.2ms
[2024-08-27T14:57:32.616+0000][info][gc,heap        ] GC(543) Eden regions: 150->0(103)
[2024-08-27T14:57:32.616+0000][info][gc,heap        ] GC(543) Survivor regions: 0->19(19)
[2024-08-27T14:57:32.616+0000][info][gc,heap        ] GC(543) Old regions: 443->570
[2024-08-27T14:57:32.616+0000][info][gc,heap        ] GC(543) Archive regions: 2->2
[2024-08-27T14:57:32.616+0000][info][gc,heap        ] GC(543) Humongous regions: 5->5
[2024-08-27T14:57:32.616+0000][info][gc,metaspace   ] GC(543) Metaspace: 100K(320K)->100K(320K) NonClass: 96K(192K)->96K(192K) Class: 4K(128K)->4K(128K)
[2024-08-27T14:57:32.616+0000][info][gc             ] GC(543) Pause Young (Normal) (G1 Evacuation Pause) 587M->583M(1024M) 27.496ms
[2024-08-27T14:57:32.616+0000][info][gc,cpu         ] GC(543) User=0.51s Sys=0.02s Real=0.03s
[2024-08-27T14:57:32.697+0000][info][gc,start       ] GC(544) Pause Young (Concurrent Start) (G1 Evacuation Pause)
[2024-08-27T14:57:32.697+0000][info][gc,task        ] GC(544) Using 24 workers of 68 for evacuation
[2024-08-27T14:57:32.717+0000][info][gc,phases      ] GC(544)   Pre Evacuate Collection Set: 0.2ms
[2024-08-27T14:57:32.717+0000][info][gc,phases      ] GC(544)   Merge Heap Roots: 0.4ms
[2024-08-27T14:57:32.717+0000][info][gc,phases      ] GC(544)   Evacuate Collection Set: 19.1ms
[2024-08-27T14:57:32.717+0000][info][gc,phases      ] GC(544)   Post Evacuate Collection Set: 0.4ms
[2024-08-27T14:57:32.717+0000][info][gc,phases      ] GC(544)   Other: 0.6ms
[2024-08-27T14:57:32.717+0000][info][gc,heap        ] GC(544) Eden regions: 103->0(70)
[2024-08-27T14:57:32.717+0000][info][gc,heap        ] GC(544) Survivor regions: 19->16(16)
[2024-08-27T14:57:32.717+0000][info][gc,heap        ] GC(544) Old regions: 570->677
[2024-08-27T14:57:32.717+0000][info][gc,heap        ] GC(544) Archive regions: 2->2
[2024-08-27T14:57:32.717+0000][info][gc,heap        ] GC(544) Humongous regions: 5->5
[2024-08-27T14:57:32.717+0000][info][gc,metaspace   ] GC(544) Metaspace: 100K(320K)->100K(320K) NonClass: 96K(192K)->96K(192K) Class: 4K(128K)->4K(128K)
[2024-08-27T14:57:32.717+0000][info][gc             ] GC(544) Pause Young (Concurrent Start) (G1 Evacuation Pause) 686M->687M(1024M) 20.658ms
[2024-08-27T14:57:32.717+0000][info][gc,cpu         ] GC(544) User=0.46s Sys=0.01s Real=0.02s
[2024-08-27T14:57:32.717+0000][info][gc             ] GC(545) Concurrent Mark Cycle
[2024-08-27T14:57:32.717+0000][info][gc,marking     ] GC(545) Concurrent Clear Claimed Marks
[2024-08-27T14:57:32.718+0000][info][gc,marking     ] GC(545) Concurrent Clear Claimed Marks 0.010ms
[2024-08-27T14:57:32.718+0000][info][gc,marking     ] GC(545) Concurrent Scan Root Regions
[2024-08-27T14:57:32.721+0000][info][gc,marking     ] GC(545) Concurrent Scan Root Regions 3.382ms
[2024-08-27T14:57:32.721+0000][info][gc,marking     ] GC(545) Concurrent Mark
[2024-08-27T14:57:32.721+0000][info][gc,marking     ] GC(545) Concurrent Mark From Roots
[2024-08-27T14:57:32.721+0000][info][gc,task        ] GC(545) Using 17 workers of 17 for marking
[2024-08-27T14:57:32.743+0000][info][gc,marking     ] GC(545) Concurrent Mark From Roots 21.980ms
[2024-08-27T14:57:32.743+0000][info][gc,marking     ] GC(545) Concurrent Preclean
[2024-08-27T14:57:32.744+0000][info][gc,marking     ] GC(545) Concurrent Preclean 0.539ms
[2024-08-27T14:57:32.744+0000][info][gc,start       ] GC(545) Pause Remark
[2024-08-27T14:57:32.745+0000][info][gc             ] GC(545) Pause Remark 718M->718M(1024M) 1.108ms
[2024-08-27T14:57:32.745+0000][info][gc,cpu         ] GC(545) User=0.00s Sys=0.00s Real=0.00s
[2024-08-27T14:57:32.745+0000][info][gc,marking     ] GC(545) Concurrent Mark 23.969ms
[2024-08-27T14:57:32.745+0000][info][gc,marking     ] GC(545) Concurrent Rebuild Remembered Sets
[2024-08-27T14:57:32.768+0000][info][gc,start       ] GC(546) Pause Young (Normal) (G1 Evacuation Pause)
[2024-08-27T14:57:32.768+0000][info][gc,task        ] GC(546) Using 24 workers of 68 for evacuation
[2024-08-27T14:57:32.785+0000][info][gc,phases      ] GC(546)   Pre Evacuate Collection Set: 0.1ms
[2024-08-27T14:57:32.785+0000][info][gc,phases      ] GC(546)   Merge Heap Roots: 0.3ms
[2024-08-27T14:57:32.785+0000][info][gc,phases      ] GC(546)   Evacuate Collection Set: 15.2ms
[2024-08-27T14:57:32.785+0000][info][gc,phases      ] GC(546)   Post Evacuate Collection Set: 0.5ms
[2024-08-27T14:57:32.785+0000][info][gc,phases      ] GC(546)   Other: 0.2ms
[2024-08-27T14:57:32.785+0000][info][gc,heap        ] GC(546) Eden regions: 70->0(46)
[2024-08-27T14:57:32.785+0000][info][gc,heap        ] GC(546) Survivor regions: 16->11(11)
[2024-08-27T14:57:32.785+0000][info][gc,heap        ] GC(546) Old regions: 677->755
[2024-08-27T14:57:32.785+0000][info][gc,heap        ] GC(546) Archive regions: 2->2
[2024-08-27T14:57:32.785+0000][info][gc,heap        ] GC(546) Humongous regions: 5->5
[2024-08-27T14:57:32.785+0000][info][gc,metaspace   ] GC(546) Metaspace: 100K(320K)->100K(320K) NonClass: 96K(192K)->96K(192K) Class: 4K(128K)->4K(128K)
[2024-08-27T14:57:32.785+0000][info][gc             ] GC(546) Pause Young (Normal) (G1 Evacuation Pause) 757M->760M(1024M) 16.412ms
[2024-08-27T14:57:32.785+0000][info][gc,cpu         ] GC(546) User=0.37s Sys=0.00s Real=0.02s
[2024-08-27T14:57:32.810+0000][info][gc,start       ] GC(547) Pause Young (Normal) (G1 Evacuation Pause)
[2024-08-27T14:57:32.810+0000][info][gc,task        ] GC(547) Using 24 workers of 68 for evacuation
[2024-08-27T14:57:32.829+0000][info][gc,phases      ] GC(547)   Pre Evacuate Collection Set: 0.1ms
[2024-08-27T14:57:32.829+0000][info][gc,phases      ] GC(547)   Merge Heap Roots: 0.4ms
[2024-08-27T14:57:32.829+0000][info][gc,phases      ] GC(547)   Evacuate Collection Set: 18.0ms
[2024-08-27T14:57:32.829+0000][info][gc,phases      ] GC(547)   Post Evacuate Collection Set: 0.6ms
[2024-08-27T14:57:32.829+0000][info][gc,phases      ] GC(547)   Other: 0.2ms
[2024-08-27T14:57:32.829+0000][info][gc,heap        ] GC(547) Eden regions: 46->0(43)
[2024-08-27T14:57:32.829+0000][info][gc,heap        ] GC(547) Survivor regions: 11->8(8)
[2024-08-27T14:57:32.829+0000][info][gc,heap        ] GC(547) Old regions: 755->808
[2024-08-27T14:57:32.829+0000][info][gc,heap        ] GC(547) Archive regions: 2->2
[2024-08-27T14:57:32.829+0000][info][gc,heap        ] GC(547) Humongous regions: 5->5
[2024-08-27T14:57:32.829+0000][info][gc,metaspace   ] GC(547) Metaspace: 100K(320K)->100K(320K) NonClass: 96K(192K)->96K(192K) Class: 4K(128K)->4K(128K)
[2024-08-27T14:57:32.829+0000][info][gc             ] GC(547) Pause Young (Normal) (G1 Evacuation Pause) 806M->810M(1024M) 19.340ms
[2024-08-27T14:57:32.829+0000][info][gc,cpu         ] GC(547) User=0.45s Sys=0.00s Real=0.01s
[2024-08-27T14:57:32.848+0000][info][gc,marking     ] GC(545) Concurrent Rebuild Remembered Sets 102.726ms
[2024-08-27T14:57:32.848+0000][info][gc,start       ] GC(545) Pause Cleanup
[2024-08-27T14:57:32.849+0000][info][gc             ] GC(545) Pause Cleanup 844M->844M(1024M) 1.047ms
[2024-08-27T14:57:32.849+0000][info][gc,cpu         ] GC(545) User=0.00s Sys=0.00s Real=0.00s
[2024-08-27T14:57:32.849+0000][info][gc,marking     ] GC(545) Concurrent Cleanup for Next Mark
[2024-08-27T14:57:32.850+0000][info][gc,marking     ] GC(545) Concurrent Cleanup for Next Mark 0.709ms
[2024-08-27T14:57:32.850+0000][info][gc             ] GC(545) Concurrent Mark Cycle 132.254ms
[2024-08-27T14:57:32.855+0000][info][gc,start       ] GC(548) Pause Young (Prepare Mixed) (G1 Evacuation Pause)
[2024-08-27T14:57:32.855+0000][info][gc,task        ] GC(548) Using 24 workers of 68 for evacuation
[2024-08-27T14:57:32.873+0000][info][gc,phases      ] GC(548)   Pre Evacuate Collection Set: 0.2ms
[2024-08-27T14:57:32.873+0000][info][gc,phases      ] GC(548)   Merge Heap Roots: 0.6ms
[2024-08-27T14:57:32.873+0000][info][gc,phases      ] GC(548)   Evacuate Collection Set: 17.1ms
[2024-08-27T14:57:32.873+0000][info][gc,phases      ] GC(548)   Post Evacuate Collection Set: 0.3ms
[2024-08-27T14:57:32.873+0000][info][gc,phases      ] GC(548)   Other: 0.2ms
[2024-08-27T14:57:32.873+0000][info][gc,heap        ] GC(548) Eden regions: 43->0(44)
[2024-08-27T14:57:32.873+0000][info][gc,heap        ] GC(548) Survivor regions: 8->7(7)
[2024-08-27T14:57:32.873+0000][info][gc,heap        ] GC(548) Old regions: 808->855
[2024-08-27T14:57:32.873+0000][info][gc,heap        ] GC(548) Archive regions: 2->2
[2024-08-27T14:57:32.873+0000][info][gc,heap        ] GC(548) Humongous regions: 5->5
[2024-08-27T14:57:32.873+0000][info][gc,metaspace   ] GC(548) Metaspace: 100K(320K)->100K(320K) NonClass: 96K(192K)->96K(192K) Class: 4K(128K)->4K(128K)
[2024-08-27T14:57:32.873+0000][info][gc             ] GC(548) Pause Young (Prepare Mixed) (G1 Evacuation Pause) 853M->856M(1024M) 18.396ms
[2024-08-27T14:57:32.873+0000][info][gc,cpu         ] GC(548) User=0.42s Sys=0.00s Real=0.02s
[2024-08-27T14:57:32.896+0000][info][gc,start       ] GC(549) Pause Young (Mixed) (G1 Evacuation Pause)
[2024-08-27T14:57:32.896+0000][info][gc,task        ] GC(549) Using 24 workers of 68 for evacuation
[2024-08-27T14:57:32.908+0000][info][gc,phases      ] GC(549)   Pre Evacuate Collection Set: 0.2ms
[2024-08-27T14:57:32.908+0000][info][gc,phases      ] GC(549)   Merge Heap Roots: 0.3ms
[2024-08-27T14:57:32.908+0000][info][gc,phases      ] GC(549)   Evacuate Collection Set: 11.0ms
[2024-08-27T14:57:32.908+0000][info][gc,phases      ] GC(549)   Post Evacuate Collection Set: 0.4ms
[2024-08-27T14:57:32.908+0000][info][gc,phases      ] GC(549)   Other: 0.2ms
[2024-08-27T14:57:32.908+0000][info][gc,heap        ] GC(549) Eden regions: 44->0(44)
[2024-08-27T14:57:32.908+0000][info][gc,heap        ] GC(549) Survivor regions: 7->7(7)
[2024-08-27T14:57:32.908+0000][info][gc,heap        ] GC(549) Old regions: 855->799
[2024-08-27T14:57:32.908+0000][info][gc,heap        ] GC(549) Archive regions: 2->2
[2024-08-27T14:57:32.908+0000][info][gc,heap        ] GC(549) Humongous regions: 5->5
[2024-08-27T14:57:32.908+0000][info][gc,metaspace   ] GC(549) Metaspace: 100K(320K)->100K(320K) NonClass: 96K(192K)->96K(192K) Class: 4K(128K)->4K(128K)
[2024-08-27T14:57:32.908+0000][info][gc             ] GC(549) Pause Young (Mixed) (G1 Evacuation Pause) 900M->801M(1024M) 12.088ms
[2024-08-27T14:57:32.908+0000][info][gc,cpu         ] GC(549) User=0.25s Sys=0.01s Real=0.01s
[2024-08-27T14:57:32.929+0000][info][gc,start       ] GC(550) Pause Young (Mixed) (G1 Evacuation Pause)
[2024-08-27T14:57:32.929+0000][info][gc,task        ] GC(550) Using 24 workers of 68 for evacuation
[2024-08-27T14:57:32.941+0000][info][gc,phases      ] GC(550)   Pre Evacuate Collection Set: 0.2ms
[2024-08-27T14:57:32.941+0000][info][gc,phases      ] GC(550)   Merge Heap Roots: 0.4ms
[2024-08-27T14:57:32.941+0000][info][gc,phases      ] GC(550)   Evacuate Collection Set: 10.6ms
[2024-08-27T14:57:32.941+0000][info][gc,phases      ] GC(550)   Post Evacuate Collection Set: 0.4ms
[2024-08-27T14:57:32.941+0000][info][gc,phases      ] GC(550)   Other: 0.3ms
[2024-08-27T14:57:32.941+0000][info][gc,heap        ] GC(550) Eden regions: 44->0(46)
[2024-08-27T14:57:32.941+0000][info][gc,heap        ] GC(550) Survivor regions: 7->7(7)
[2024-08-27T14:57:32.941+0000][info][gc,heap        ] GC(550) Old regions: 799->760
[2024-08-27T14:57:32.941+0000][info][gc,heap        ] GC(550) Archive regions: 2->2
[2024-08-27T14:57:32.941+0000][info][gc,heap        ] GC(550) Humongous regions: 5->5
[2024-08-27T14:57:32.941+0000][info][gc,metaspace   ] GC(550) Metaspace: 100K(320K)->100K(320K) NonClass: 96K(192K)->96K(192K) Class: 4K(128K)->4K(128K)
[2024-08-27T14:57:32.941+0000][info][gc             ] GC(550) Pause Young (Mixed) (G1 Evacuation Pause) 845M->765M(1024M) 11.978ms
[2024-08-27T14:57:32.941+0000][info][gc,cpu         ] GC(550) User=0.26s Sys=0.01s Real=0.02s
[2024-08-27T14:57:32.964+0000][info][gc,start       ] GC(551) Pause Young (Concurrent Start) (G1 Evacuation Pause)
[2024-08-27T14:57:32.964+0000][info][gc,task        ] GC(551) Using 24 workers of 68 for evacuation
[2024-08-27T14:57:32.976+0000][info][gc,phases      ] GC(551)   Pre Evacuate Collection Set: 0.1ms
[2024-08-27T14:57:32.976+0000][info][gc,phases      ] GC(551)   Merge Heap Roots: 0.3ms
[2024-08-27T14:57:32.976+0000][info][gc,phases      ] GC(551)   Evacuate Collection Set: 10.1ms
[2024-08-27T14:57:32.976+0000][info][gc,phases      ] GC(551)   Post Evacuate Collection Set: 0.3ms
[2024-08-27T14:57:32.976+0000][info][gc,phases      ] GC(551)   Other: 0.6ms
[2024-08-27T14:57:32.976+0000][info][gc,heap        ] GC(551) Eden regions: 46->0(44)
[2024-08-27T14:57:32.976+0000][info][gc,heap        ] GC(551) Survivor regions: 7->7(7)
[2024-08-27T14:57:32.976+0000][info][gc,heap        ] GC(551) Old regions: 760->808
[2024-08-27T14:57:32.976+0000][info][gc,heap        ] GC(551) Archive regions: 2->2
[2024-08-27T14:57:32.976+0000][info][gc,heap        ] GC(551) Humongous regions: 5->5
[2024-08-27T14:57:32.976+0000][info][gc,metaspace   ] GC(551) Metaspace: 100K(320K)->100K(320K) NonClass: 96K(192K)->96K(192K) Class: 4K(128K)->4K(128K)
[2024-08-27T14:57:32.976+0000][info][gc             ] GC(551) Pause Young (Concurrent Start) (G1 Evacuation Pause) 811M->813M(1024M) 11.666ms
[2024-08-27T14:57:32.976+0000][info][gc,cpu         ] GC(551) User=0.25s Sys=0.00s Real=0.01s
[2024-08-27T14:57:32.976+0000][info][gc             ] GC(552) Concurrent Mark Cycle
[2024-08-27T14:57:32.976+0000][info][gc,marking     ] GC(552) Concurrent Clear Claimed Marks
[2024-08-27T14:57:32.976+0000][info][gc,marking     ] GC(552) Concurrent Clear Claimed Marks 0.013ms
[2024-08-27T14:57:32.976+0000][info][gc,marking     ] GC(552) Concurrent Scan Root Regions
[2024-08-27T14:57:32.978+0000][info][gc,marking     ] GC(552) Concurrent Scan Root Regions 1.811ms
[2024-08-27T14:57:32.978+0000][info][gc,marking     ] GC(552) Concurrent Mark
[2024-08-27T14:57:32.978+0000][info][gc,marking     ] GC(552) Concurrent Mark From Roots
[2024-08-27T14:57:32.978+0000][info][gc,task        ] GC(552) Using 17 workers of 17 for marking
[2024-08-27T14:57:33.004+0000][info][gc,marking     ] GC(552) Concurrent Mark From Roots 26.150ms
[2024-08-27T14:57:33.004+0000][info][gc,marking     ] GC(552) Concurrent Preclean
[2024-08-27T14:57:33.004+0000][info][gc,marking     ] GC(552) Concurrent Preclean 0.357ms
[2024-08-27T14:57:33.004+0000][info][gc,start       ] GC(552) Pause Remark
[2024-08-27T14:57:33.006+0000][info][gc             ] GC(552) Pause Remark 846M->846M(1024M) 1.458ms
[2024-08-27T14:57:33.006+0000][info][gc,cpu         ] GC(552) User=0.00s Sys=0.01s Real=0.00s
[2024-08-27T14:57:33.006+0000][info][gc,marking     ] GC(552) Concurrent Mark 28.317ms
[2024-08-27T14:57:33.006+0000][info][gc,marking     ] GC(552) Concurrent Rebuild Remembered Sets
[2024-08-27T14:57:33.014+0000][info][gc,start       ] GC(553) Pause Young (Normal) (G1 Evacuation Pause)
[2024-08-27T14:57:33.014+0000][info][gc,task        ] GC(553) Using 24 workers of 68 for evacuation
[2024-08-27T14:57:33.024+0000][info][gc,phases      ] GC(553)   Pre Evacuate Collection Set: 0.2ms
[2024-08-27T14:57:33.024+0000][info][gc,phases      ] GC(553)   Merge Heap Roots: 0.3ms
[2024-08-27T14:57:33.024+0000][info][gc,phases      ] GC(553)   Evacuate Collection Set: 9.7ms
[2024-08-27T14:57:33.024+0000][info][gc,phases      ] GC(553)   Post Evacuate Collection Set: 0.4ms
[2024-08-27T14:57:33.024+0000][info][gc,phases      ] GC(553)   Other: 0.3ms
[2024-08-27T14:57:33.024+0000][info][gc,heap        ] GC(553) Eden regions: 44->0(44)
[2024-08-27T14:57:33.024+0000][info][gc,heap        ] GC(553) Survivor regions: 7->7(7)
[2024-08-27T14:57:33.024+0000][info][gc,heap        ] GC(553) Old regions: 808->854
[2024-08-27T14:57:33.024+0000][info][gc,heap        ] GC(553) Archive regions: 2->2
[2024-08-27T14:57:33.024+0000][info][gc,heap        ] GC(553) Humongous regions: 5->5
[2024-08-27T14:57:33.024+0000][info][gc,metaspace   ] GC(553) Metaspace: 100K(320K)->100K(320K) NonClass: 96K(192K)->96K(192K) Class: 4K(128K)->4K(128K)
[2024-08-27T14:57:33.024+0000][info][gc             ] GC(553) Pause Young (Normal) (G1 Evacuation Pause) 857M->859M(1024M) 10.879ms
[2024-08-27T14:57:33.024+0000][info][gc,cpu         ] GC(553) User=0.24s Sys=0.00s Real=0.01s
[2024-08-27T14:57:33.052+0000][info][gc,start       ] GC(554) Pause Young (Normal) (G1 Evacuation Pause)
[2024-08-27T14:57:33.052+0000][info][gc,task        ] GC(554) Using 24 workers of 68 for evacuation
[2024-08-27T14:57:33.066+0000][info][gc,phases      ] GC(554)   Pre Evacuate Collection Set: 0.1ms
[2024-08-27T14:57:33.066+0000][info][gc,phases      ] GC(554)   Merge Heap Roots: 0.4ms
[2024-08-27T14:57:33.066+0000][info][gc,phases      ] GC(554)   Evacuate Collection Set: 13.1ms
[2024-08-27T14:57:33.066+0000][info][gc,phases      ] GC(554)   Post Evacuate Collection Set: 0.5ms
[2024-08-27T14:57:33.066+0000][info][gc,phases      ] GC(554)   Other: 0.2ms
[2024-08-27T14:57:33.066+0000][info][gc,heap        ] GC(554) Eden regions: 44->0(44)
[2024-08-27T14:57:33.066+0000][info][gc,heap        ] GC(554) Survivor regions: 7->7(7)
[2024-08-27T14:57:33.066+0000][info][gc,heap        ] GC(554) Old regions: 854->901
[2024-08-27T14:57:33.066+0000][info][gc,heap        ] GC(554) Archive regions: 2->2
[2024-08-27T14:57:33.066+0000][info][gc,heap        ] GC(554) Humongous regions: 5->5
[2024-08-27T14:57:33.066+0000][info][gc,metaspace   ] GC(554) Metaspace: 100K(320K)->100K(320K) NonClass: 96K(192K)->96K(192K) Class: 4K(128K)->4K(128K)
[2024-08-27T14:57:33.066+0000][info][gc             ] GC(554) Pause Young (Normal) (G1 Evacuation Pause) 903M->906M(1024M) 14.489ms
[2024-08-27T14:57:33.066+0000][info][gc,cpu         ] GC(554) User=0.31s Sys=0.01s Real=0.01s
[2024-08-27T14:57:33.091+0000][info][gc,start       ] GC(555) Pause Young (Normal) (G1 Evacuation Pause)
[2024-08-27T14:57:33.091+0000][info][gc,task        ] GC(555) Using 24 workers of 68 for evacuation
[2024-08-27T14:57:33.107+0000][info][gc,phases      ] GC(555)   Pre Evacuate Collection Set: 0.1ms
[2024-08-27T14:57:33.107+0000][info][gc,phases      ] GC(555)   Merge Heap Roots: 0.4ms
[2024-08-27T14:57:33.107+0000][info][gc,phases      ] GC(555)   Evacuate Collection Set: 14.4ms
[2024-08-27T14:57:33.107+0000][info][gc,phases      ] GC(555)   Post Evacuate Collection Set: 0.6ms
[2024-08-27T14:57:33.107+0000][info][gc,phases      ] GC(555)   Other: 0.2ms
[2024-08-27T14:57:33.107+0000][info][gc,heap        ] GC(555) Eden regions: 44->0(44)
[2024-08-27T14:57:33.107+0000][info][gc,heap        ] GC(555) Survivor regions: 7->7(7)
[2024-08-27T14:57:33.107+0000][info][gc,heap        ] GC(555) Old regions: 901->947
[2024-08-27T14:57:33.107+0000][info][gc,heap        ] GC(555) Archive regions: 2->2
[2024-08-27T14:57:33.107+0000][info][gc,heap        ] GC(555) Humongous regions: 5->5
[2024-08-27T14:57:33.107+0000][info][gc,metaspace   ] GC(555) Metaspace: 100K(320K)->100K(320K) NonClass: 96K(192K)->96K(192K) Class: 4K(128K)->4K(128K)
[2024-08-27T14:57:33.107+0000][info][gc             ] GC(555) Pause Young (Normal) (G1 Evacuation Pause) 950M->952M(1024M) 15.875ms
[2024-08-27T14:57:33.107+0000][info][gc,cpu         ] GC(555) User=0.37s Sys=0.00s Real=0.01s
[2024-08-27T14:57:33.118+0000][info][gc,marking     ] GC(552) Concurrent Rebuild Remembered Sets 112.026ms
[2024-08-27T14:57:33.118+0000][info][gc,start       ] GC(552) Pause Cleanup
[2024-08-27T14:57:33.120+0000][info][gc             ] GC(552) Pause Cleanup 973M->973M(1024M) 1.363ms
[2024-08-27T14:57:33.120+0000][info][gc,cpu         ] GC(552) User=0.00s Sys=0.00s Real=0.00s
[2024-08-27T14:57:33.120+0000][info][gc,marking     ] GC(552) Concurrent Cleanup for Next Mark
[2024-08-27T14:57:33.121+0000][info][gc,marking     ] GC(552) Concurrent Cleanup for Next Mark 1.267ms
[2024-08-27T14:57:33.121+0000][info][gc             ] GC(552) Concurrent Mark Cycle 145.234ms
[2024-08-27T14:57:33.124+0000][info][gc,start       ] GC(556) Pause Young (Prepare Mixed) (G1 Preventive Collection)
[2024-08-27T14:57:33.124+0000][info][gc,task        ] GC(556) Using 24 workers of 68 for evacuation
[2024-08-27T14:57:33.139+0000][info][gc,phases      ] GC(556)   Pre Evacuate Collection Set: 0.2ms
[2024-08-27T14:57:33.139+0000][info][gc,phases      ] GC(556)   Merge Heap Roots: 0.4ms
[2024-08-27T14:57:33.139+0000][info][gc,phases      ] GC(556)   Evacuate Collection Set: 14.0ms
[2024-08-27T14:57:33.139+0000][info][gc,phases      ] GC(556)   Post Evacuate Collection Set: 0.3ms
[2024-08-27T14:57:33.139+0000][info][gc,phases      ] GC(556)   Other: 0.2ms
[2024-08-27T14:57:33.139+0000][info][gc,heap        ] GC(556) Eden regions: 26->0(44)
[2024-08-27T14:57:33.139+0000][info][gc,heap        ] GC(556) Survivor regions: 7->7(7)
[2024-08-27T14:57:33.139+0000][info][gc,heap        ] GC(556) Old regions: 947->976
[2024-08-27T14:57:33.139+0000][info][gc,heap        ] GC(556) Archive regions: 2->2
[2024-08-27T14:57:33.139+0000][info][gc,heap        ] GC(556) Humongous regions: 5->5
[2024-08-27T14:57:33.139+0000][info][gc,metaspace   ] GC(556) Metaspace: 100K(320K)->100K(320K) NonClass: 96K(192K)->96K(192K) Class: 4K(128K)->4K(128K)
[2024-08-27T14:57:33.139+0000][info][gc             ] GC(556) Pause Young (Prepare Mixed) (G1 Preventive Collection) 978M->981M(1024M) 15.085ms
[2024-08-27T14:57:33.139+0000][info][gc,cpu         ] GC(556) User=0.34s Sys=0.00s Real=0.02s
[2024-08-27T14:57:33.145+0000][info][gc,start       ] GC(557) Pause Young (Mixed) (G1 Preventive Collection)
[2024-08-27T14:57:33.145+0000][info][gc,task        ] GC(557) Using 24 workers of 68 for evacuation
[2024-08-27T14:57:33.151+0000][info][gc,phases      ] GC(557)   Pre Evacuate Collection Set: 0.2ms
[2024-08-27T14:57:33.151+0000][info][gc,phases      ] GC(557)   Merge Heap Roots: 0.3ms
[2024-08-27T14:57:33.151+0000][info][gc,phases      ] GC(557)   Evacuate Collection Set: 5.0ms
[2024-08-27T14:57:33.151+0000][info][gc,phases      ] GC(557)   Post Evacuate Collection Set: 0.3ms
[2024-08-27T14:57:33.151+0000][info][gc,phases      ] GC(557)   Other: 0.2ms
[2024-08-27T14:57:33.151+0000][info][gc,heap        ] GC(557) Eden regions: 12->0(44)
[2024-08-27T14:57:33.151+0000][info][gc,heap        ] GC(557) Survivor regions: 7->7(7)
[2024-08-27T14:57:33.151+0000][info][gc,heap        ] GC(557) Old regions: 976->888
[2024-08-27T14:57:33.151+0000][info][gc,heap        ] GC(557) Archive regions: 2->2
[2024-08-27T14:57:33.151+0000][info][gc,heap        ] GC(557) Humongous regions: 5->5
[2024-08-27T14:57:33.151+0000][info][gc,metaspace   ] GC(557) Metaspace: 100K(320K)->100K(320K) NonClass: 96K(192K)->96K(192K) Class: 4K(128K)->4K(128K)
[2024-08-27T14:57:33.151+0000][info][gc             ] GC(557) Pause Young (Mixed) (G1 Preventive Collection) 993M->898M(1024M) 5.999ms
[2024-08-27T14:57:33.151+0000][info][gc,cpu         ] GC(557) User=0.13s Sys=0.00s Real=0.01s
[2024-08-27T14:57:33.173+0000][info][gc,start       ] GC(558) Pause Young (Mixed) (G1 Evacuation Pause)
[2024-08-27T14:57:33.173+0000][info][gc,task        ] GC(558) Using 24 workers of 68 for evacuation
[2024-08-27T14:57:33.184+0000][info][gc,phases      ] GC(558)   Pre Evacuate Collection Set: 0.2ms
[2024-08-27T14:57:33.184+0000][info][gc,phases      ] GC(558)   Merge Heap Roots: 0.3ms
[2024-08-27T14:57:33.184+0000][info][gc,phases      ] GC(558)   Evacuate Collection Set: 9.8ms
[2024-08-27T14:57:33.184+0000][info][gc,phases      ] GC(558)   Post Evacuate Collection Set: 0.4ms
[2024-08-27T14:57:33.184+0000][info][gc,phases      ] GC(558)   Other: 0.2ms
[2024-08-27T14:57:33.184+0000][info][gc,heap        ] GC(558) Eden regions: 44->0(44)
[2024-08-27T14:57:33.184+0000][info][gc,heap        ] GC(558) Survivor regions: 7->7(7)
[2024-08-27T14:57:33.184+0000][info][gc,heap        ] GC(558) Old regions: 888->829
[2024-08-27T14:57:33.184+0000][info][gc,heap        ] GC(558) Archive regions: 2->2
[2024-08-27T14:57:33.184+0000][info][gc,heap        ] GC(558) Humongous regions: 5->5
[2024-08-27T14:57:33.184+0000][info][gc,metaspace   ] GC(558) Metaspace: 100K(320K)->100K(320K) NonClass: 96K(192K)->96K(192K) Class: 4K(128K)->4K(128K)
[2024-08-27T14:57:33.184+0000][info][gc             ] GC(558) Pause Young (Mixed) (G1 Evacuation Pause) 942M->840M(1024M) 10.970ms
[2024-08-27T14:57:33.184+0000][info][gc,cpu         ] GC(558) User=0.24s Sys=0.01s Real=0.01s
[2024-08-27T14:57:33.208+0000][info][gc,start       ] GC(559) Pause Young (Mixed) (G1 Evacuation Pause)
[2024-08-27T14:57:33.208+0000][info][gc,task        ] GC(559) Using 24 workers of 68 for evacuation
[2024-08-27T14:57:33.221+0000][info][gc,phases      ] GC(559)   Pre Evacuate Collection Set: 0.2ms
[2024-08-27T14:57:33.221+0000][info][gc,phases      ] GC(559)   Merge Heap Roots: 0.5ms
[2024-08-27T14:57:33.221+0000][info][gc,phases      ] GC(559)   Evacuate Collection Set: 12.0ms
[2024-08-27T14:57:33.221+0000][info][gc,phases      ] GC(559)   Post Evacuate Collection Set: 0.4ms
[2024-08-27T14:57:33.221+0000][info][gc,phases      ] GC(559)   Other: 0.3ms
[2024-08-27T14:57:33.221+0000][info][gc,heap        ] GC(559) Eden regions: 44->0(44)
[2024-08-27T14:57:33.221+0000][info][gc,heap        ] GC(559) Survivor regions: 7->7(7)
[2024-08-27T14:57:33.221+0000][info][gc,heap        ] GC(559) Old regions: 829->788
[2024-08-27T14:57:33.221+0000][info][gc,heap        ] GC(559) Archive regions: 2->2
[2024-08-27T14:57:33.221+0000][info][gc,heap        ] GC(559) Humongous regions: 5->5
[2024-08-27T14:57:33.221+0000][info][gc,metaspace   ] GC(559) Metaspace: 100K(320K)->100K(320K) NonClass: 96K(192K)->96K(192K) Class: 4K(128K)->4K(128K)
[2024-08-27T14:57:33.221+0000][info][gc             ] GC(559) Pause Young (Mixed) (G1 Evacuation Pause) 884M->800M(1024M) 13.464ms
[2024-08-27T14:57:33.221+0000][info][gc,cpu         ] GC(559) User=0.29s Sys=0.00s Real=0.02s
[2024-08-27T14:57:33.244+0000][info][gc,start       ] GC(560) Pause Young (Mixed) (G1 Evacuation Pause)
[2024-08-27T14:57:33.244+0000][info][gc,task        ] GC(560) Using 24 workers of 68 for evacuation
[2024-08-27T14:57:33.257+0000][info][gc,phases      ] GC(560)   Pre Evacuate Collection Set: 0.2ms
[2024-08-27T14:57:33.257+0000][info][gc,phases      ] GC(560)   Merge Heap Roots: 0.2ms
[2024-08-27T14:57:33.257+0000][info][gc,phases      ] GC(560)   Evacuate Collection Set: 11.8ms
[2024-08-27T14:57:33.257+0000][info][gc,phases      ] GC(560)   Post Evacuate Collection Set: 0.3ms
[2024-08-27T14:57:33.257+0000][info][gc,phases      ] GC(560)   Other: 0.2ms
[2024-08-27T14:57:33.257+0000][info][gc,heap        ] GC(560) Eden regions: 44->0(44)
[2024-08-27T14:57:33.257+0000][info][gc,heap        ] GC(560) Survivor regions: 7->7(7)
[2024-08-27T14:57:33.257+0000][info][gc,heap        ] GC(560) Old regions: 788->820
[2024-08-27T14:57:33.257+0000][info][gc,heap        ] GC(560) Archive regions: 2->2
[2024-08-27T14:57:33.257+0000][info][gc,heap        ] GC(560) Humongous regions: 5->5
[2024-08-27T14:57:33.257+0000][info][gc,metaspace   ] GC(560) Metaspace: 100K(320K)->100K(320K) NonClass: 96K(192K)->96K(192K) Class: 4K(128K)->4K(128K)
[2024-08-27T14:57:33.257+0000][info][gc             ] GC(560) Pause Young (Mixed) (G1 Evacuation Pause) 844M->832M(1024M) 12.817ms
[2024-08-27T14:57:33.257+0000][info][gc,cpu         ] GC(560) User=0.28s Sys=0.00s Real=0.01s
[2024-08-27T14:57:33.281+0000][info][gc,start       ] GC(561) Pause Young (Concurrent Start) (G1 Evacuation Pause)
[2024-08-27T14:57:33.281+0000][info][gc,task        ] GC(561) Using 24 workers of 68 for evacuation
[2024-08-27T14:57:33.292+0000][info][gc,phases      ] GC(561)   Pre Evacuate Collection Set: 0.1ms
[2024-08-27T14:57:33.292+0000][info][gc,phases      ] GC(561)   Merge Heap Roots: 0.2ms
[2024-08-27T14:57:33.292+0000][info][gc,phases      ] GC(561)   Evacuate Collection Set: 9.9ms
[2024-08-27T14:57:33.292+0000][info][gc,phases      ] GC(561)   Post Evacuate Collection Set: 0.4ms
[2024-08-27T14:57:33.292+0000][info][gc,phases      ] GC(561)   Other: 0.6ms
[2024-08-27T14:57:33.292+0000][info][gc,heap        ] GC(561) Eden regions: 44->0(44)
[2024-08-27T14:57:33.292+0000][info][gc,heap        ] GC(561) Survivor regions: 7->7(7)
[2024-08-27T14:57:33.292+0000][info][gc,heap        ] GC(561) Old regions: 820->867
[2024-08-27T14:57:33.292+0000][info][gc,heap        ] GC(561) Archive regions: 2->2
[2024-08-27T14:57:33.292+0000][info][gc,heap        ] GC(561) Humongous regions: 5->5
[2024-08-27T14:57:33.292+0000][info][gc,metaspace   ] GC(561) Metaspace: 100K(320K)->100K(320K) NonClass: 96K(192K)->96K(192K) Class: 4K(128K)->4K(128K)
[2024-08-27T14:57:33.292+0000][info][gc             ] GC(561) Pause Young (Concurrent Start) (G1 Evacuation Pause) 876M->879M(1024M) 11.304ms
[2024-08-27T14:57:33.292+0000][info][gc,cpu         ] GC(561) User=0.24s Sys=0.00s Real=0.01s
[2024-08-27T14:57:33.292+0000][info][gc             ] GC(562) Concurrent Mark Cycle
[2024-08-27T14:57:33.292+0000][info][gc,marking     ] GC(562) Concurrent Clear Claimed Marks
[2024-08-27T14:57:33.292+0000][info][gc,marking     ] GC(562) Concurrent Clear Claimed Marks 0.012ms
[2024-08-27T14:57:33.292+0000][info][gc,marking     ] GC(562) Concurrent Scan Root Regions
[2024-08-27T14:57:33.294+0000][info][gc,marking     ] GC(562) Concurrent Scan Root Regions 1.634ms
[2024-08-27T14:57:33.294+0000][info][gc,marking     ] GC(562) Concurrent Mark
[2024-08-27T14:57:33.294+0000][info][gc,marking     ] GC(562) Concurrent Mark From Roots
[2024-08-27T14:57:33.294+0000][info][gc,task        ] GC(562) Using 17 workers of 17 for marking
[2024-08-27T14:57:33.318+0000][info][gc,marking     ] GC(562) Concurrent Mark From Roots 24.411ms
[2024-08-27T14:57:33.318+0000][info][gc,marking     ] GC(562) Concurrent Preclean
[2024-08-27T14:57:33.319+0000][info][gc,marking     ] GC(562) Concurrent Preclean 0.356ms
[2024-08-27T14:57:33.319+0000][info][gc,start       ] GC(562) Pause Remark
[2024-08-27T14:57:33.320+0000][info][gc             ] GC(562) Pause Remark 913M->913M(1024M) 1.217ms
[2024-08-27T14:57:33.320+0000][info][gc,cpu         ] GC(562) User=0.01s Sys=0.00s Real=0.00s
[2024-08-27T14:57:33.320+0000][info][gc,marking     ] GC(562) Concurrent Mark 26.346ms
[2024-08-27T14:57:33.320+0000][info][gc,marking     ] GC(562) Concurrent Rebuild Remembered Sets
[2024-08-27T14:57:33.327+0000][info][gc,start       ] GC(563) Pause Young (Normal) (G1 Evacuation Pause)
[2024-08-27T14:57:33.327+0000][info][gc,task        ] GC(563) Using 24 workers of 68 for evacuation
[2024-08-27T14:57:33.338+0000][info][gc,phases      ] GC(563)   Pre Evacuate Collection Set: 0.2ms
[2024-08-27T14:57:33.338+0000][info][gc,phases      ] GC(563)   Merge Heap Roots: 0.3ms
[2024-08-27T14:57:33.338+0000][info][gc,phases      ] GC(563)   Evacuate Collection Set: 9.6ms
[2024-08-27T14:57:33.338+0000][info][gc,phases      ] GC(563)   Post Evacuate Collection Set: 0.4ms
[2024-08-27T14:57:33.338+0000][info][gc,phases      ] GC(563)   Other: 0.2ms
[2024-08-27T14:57:33.338+0000][info][gc,heap        ] GC(563) Eden regions: 44->0(44)
[2024-08-27T14:57:33.338+0000][info][gc,heap        ] GC(563) Survivor regions: 7->7(7)
[2024-08-27T14:57:33.338+0000][info][gc,heap        ] GC(563) Old regions: 867->914
[2024-08-27T14:57:33.338+0000][info][gc,heap        ] GC(563) Archive regions: 2->2
[2024-08-27T14:57:33.338+0000][info][gc,heap        ] GC(563) Humongous regions: 5->5
[2024-08-27T14:57:33.338+0000][info][gc,metaspace   ] GC(563) Metaspace: 100K(320K)->100K(320K) NonClass: 96K(192K)->96K(192K) Class: 4K(128K)->4K(128K)
[2024-08-27T14:57:33.338+0000][info][gc             ] GC(563) Pause Young (Normal) (G1 Evacuation Pause) 923M->926M(1024M) 10.639ms
[2024-08-27T14:57:33.338+0000][info][gc,cpu         ] GC(563) User=0.23s Sys=0.00s Real=0.02s
[2024-08-27T14:57:33.360+0000][info][gc,start       ] GC(564) Pause Young (Normal) (G1 Preventive Collection)
[2024-08-27T14:57:33.360+0000][info][gc,task        ] GC(564) Using 24 workers of 68 for evacuation
[2024-08-27T14:57:33.374+0000][info][gc,phases      ] GC(564)   Pre Evacuate Collection Set: 0.1ms
[2024-08-27T14:57:33.374+0000][info][gc,phases      ] GC(564)   Merge Heap Roots: 0.3ms
[2024-08-27T14:57:33.374+0000][info][gc,phases      ] GC(564)   Evacuate Collection Set: 12.9ms
[2024-08-27T14:57:33.374+0000][info][gc,phases      ] GC(564)   Post Evacuate Collection Set: 0.5ms
[2024-08-27T14:57:33.374+0000][info][gc,phases      ] GC(564)   Other: 0.2ms
[2024-08-27T14:57:33.374+0000][info][gc,heap        ] GC(564) Eden regions: 42->0(44)
[2024-08-27T14:57:33.374+0000][info][gc,heap        ] GC(564) Survivor regions: 7->7(7)
[2024-08-27T14:57:33.374+0000][info][gc,heap        ] GC(564) Old regions: 914->959
[2024-08-27T14:57:33.374+0000][info][gc,heap        ] GC(564) Archive regions: 2->2
[2024-08-27T14:57:33.374+0000][info][gc,heap        ] GC(564) Humongous regions: 5->5
[2024-08-27T14:57:33.374+0000][info][gc,metaspace   ] GC(564) Metaspace: 100K(320K)->100K(320K) NonClass: 96K(192K)->96K(192K) Class: 4K(128K)->4K(128K)
[2024-08-27T14:57:33.374+0000][info][gc             ] GC(564) Pause Young (Normal) (G1 Preventive Collection) 968M->971M(1024M) 14.086ms
[2024-08-27T14:57:33.374+0000][info][gc,cpu         ] GC(564) User=0.32s Sys=0.00s Real=0.01s
[2024-08-27T14:57:33.386+0000][info][gc,start       ] GC(565) Pause Young (Normal) (G1 Preventive Collection)
[2024-08-27T14:57:33.386+0000][info][gc,task        ] GC(565) Using 24 workers of 68 for evacuation
[2024-08-27T14:57:33.400+0000][info][gc             ] GC(565) To-space exhausted
[2024-08-27T14:57:33.400+0000][info][gc,phases      ] GC(565)   Pre Evacuate Collection Set: 0.1ms
[2024-08-27T14:57:33.400+0000][info][gc,phases      ] GC(565)   Merge Heap Roots: 0.4ms
[2024-08-27T14:57:33.400+0000][info][gc,phases      ] GC(565)   Evacuate Collection Set: 12.0ms
[2024-08-27T14:57:33.400+0000][info][gc,phases      ] GC(565)   Post Evacuate Collection Set: 1.0ms
[2024-08-27T14:57:33.400+0000][info][gc,phases      ] GC(565)   Other: 0.2ms
[2024-08-27T14:57:33.400+0000][info][gc,heap        ] GC(565) Eden regions: 21->0(44)
[2024-08-27T14:57:33.400+0000][info][gc,heap        ] GC(565) Survivor regions: 7->7(7)
[2024-08-27T14:57:33.400+0000][info][gc,heap        ] GC(565) Old regions: 959->1008
[2024-08-27T14:57:33.400+0000][info][gc,heap        ] GC(565) Archive regions: 2->2
[2024-08-27T14:57:33.400+0000][info][gc,heap        ] GC(565) Humongous regions: 5->5
[2024-08-27T14:57:33.400+0000][info][gc,metaspace   ] GC(565) Metaspace: 100K(320K)->100K(320K) NonClass: 96K(192K)->96K(192K) Class: 4K(128K)->4K(128K)
[2024-08-27T14:57:33.400+0000][info][gc             ] GC(565) Pause Young (Normal) (G1 Preventive Collection) 992M->1020M(1024M) 13.716ms
[2024-08-27T14:57:33.400+0000][info][gc,cpu         ] GC(565) User=0.31s Sys=0.00s Real=0.02s
[2024-08-27T14:57:33.401+0000][info][gc,start       ] GC(566) Pause Young (Normal) (G1 Preventive Collection)
[2024-08-27T14:57:33.401+0000][info][gc,task        ] GC(566) Using 24 workers of 68 for evacuation
[2024-08-27T14:57:33.409+0000][info][gc             ] GC(566) To-space exhausted
[2024-08-27T14:57:33.409+0000][info][gc,phases      ] GC(566)   Pre Evacuate Collection Set: 0.1ms
[2024-08-27T14:57:33.409+0000][info][gc,phases      ] GC(566)   Merge Heap Roots: 0.4ms
[2024-08-27T14:57:33.409+0000][info][gc,phases      ] GC(566)   Evacuate Collection Set: 7.1ms
[2024-08-27T14:57:33.409+0000][info][gc,phases      ] GC(566)   Post Evacuate Collection Set: 0.8ms
[2024-08-27T14:57:33.409+0000][info][gc,phases      ] GC(566)   Other: 0.1ms
[2024-08-27T14:57:33.409+0000][info][gc,heap        ] GC(566) Eden regions: 1->0(51)
[2024-08-27T14:57:33.409+0000][info][gc,heap        ] GC(566) Survivor regions: 7->0(1)
[2024-08-27T14:57:33.409+0000][info][gc,heap        ] GC(566) Old regions: 1008->1017
[2024-08-27T14:57:33.409+0000][info][gc,heap        ] GC(566) Archive regions: 2->2
[2024-08-27T14:57:33.409+0000][info][gc,heap        ] GC(566) Humongous regions: 5->5
[2024-08-27T14:57:33.409+0000][info][gc,metaspace   ] GC(566) Metaspace: 100K(320K)->100K(320K) NonClass: 96K(192K)->96K(192K) Class: 4K(128K)->4K(128K)
[2024-08-27T14:57:33.410+0000][info][gc             ] GC(566) Pause Young (Normal) (G1 Preventive Collection) 1021M->1022M(1024M) 8.655ms
[2024-08-27T14:57:33.410+0000][info][gc,cpu         ] GC(566) User=0.19s Sys=0.01s Real=0.01s
[2024-08-27T14:57:33.410+0000][info][gc,ergo        ] Attempting full compaction
[2024-08-27T14:57:33.410+0000][info][gc,task        ] GC(567) Using 24 workers of 68 for full compaction
[2024-08-27T14:57:33.410+0000][info][gc,start       ] GC(567) Pause Full (G1 Compaction Pause)
[2024-08-27T14:57:33.411+0000][info][gc,phases,start] GC(567) Phase 1: Mark live objects
[2024-08-27T14:57:33.426+0000][info][gc,phases      ] GC(567) Phase 1: Mark live objects 15.707ms
[2024-08-27T14:57:33.427+0000][info][gc,phases,start] GC(567) Phase 2: Prepare for compaction
[2024-08-27T14:57:33.436+0000][info][gc,phases      ] GC(567) Phase 2: Prepare for compaction 9.282ms
[2024-08-27T14:57:33.436+0000][info][gc,phases,start] GC(567) Phase 3: Adjust pointers
[2024-08-27T14:57:33.454+0000][info][gc,phases      ] GC(567) Phase 3: Adjust pointers 17.923ms
[2024-08-27T14:57:33.454+0000][info][gc,phases,start] GC(567) Phase 4: Compact heap
[2024-08-27T14:57:33.486+0000][info][gc,phases      ] GC(567) Phase 4: Compact heap 32.479ms
[2024-08-27T14:57:33.488+0000][info][gc,heap        ] GC(567) Eden regions: 0->0(150)
[2024-08-27T14:57:33.488+0000][info][gc,heap        ] GC(567) Survivor regions: 0->0(1)
[2024-08-27T14:57:33.488+0000][info][gc,heap        ] GC(567) Old regions: 1017->441
[2024-08-27T14:57:33.488+0000][info][gc,heap        ] GC(567) Archive regions: 2->2
[2024-08-27T14:57:33.488+0000][info][gc,heap        ] GC(567) Humongous regions: 5->5
[2024-08-27T14:57:33.488+0000][info][gc,metaspace   ] GC(567) Metaspace: 100K(320K)->100K(320K) NonClass: 96K(192K)->96K(192K) Class: 4K(128K)->4K(128K)
[2024-08-27T14:57:33.488+0000][info][gc             ] GC(567) Pause Full (G1 Compaction Pause) 1022M->435M(1024M) 78.173ms
[2024-08-27T14:57:33.488+0000][info][gc,cpu         ] GC(567) User=1.62s Sys=0.00s Real=0.07s
[2024-08-27T14:57:33.489+0000][info][gc,marking     ] GC(562) Concurrent Rebuild Remembered Sets 168.520ms
[2024-08-27T14:57:33.489+0000][info][gc,marking     ] GC(562) Concurrent Mark Abort
[2024-08-27T14:57:33.489+0000][info][gc             ] GC(562) Concurrent Mark Cycle 196.698ms
[2024-08-27T14:57:33.573+0000][info][gc,start       ] GC(568) Pause Young (Normal) (G1 Evacuation Pause)
[2024-08-27T14:57:33.573+0000][info][gc,task        ] GC(568) Using 24 workers of 68 for evacuation
[2024-08-27T14:57:33.595+0000][info][gc,phases      ] GC(568)   Pre Evacuate Collection Set: 0.2ms
[2024-08-27T14:57:33.596+0000][info][gc,phases      ] GC(568)   Merge Heap Roots: 0.4ms
[2024-08-27T14:57:33.596+0000][info][gc,phases      ] GC(568)   Evacuate Collection Set: 21.6ms
[2024-08-27T14:57:33.596+0000][info][gc,phases      ] GC(568)   Post Evacuate Collection Set: 0.4ms
[2024-08-27T14:57:33.596+0000][info][gc,phases      ] GC(568)   Other: 0.2ms
[2024-08-27T14:57:33.596+0000][info][gc,heap        ] GC(568) Eden regions: 150->0(104)
[2024-08-27T14:57:33.596+0000][info][gc,heap        ] GC(568) Survivor regions: 0->19(19)
[2024-08-27T14:57:33.596+0000][info][gc,heap        ] GC(568) Old regions: 441->568
[2024-08-27T14:57:33.596+0000][info][gc,heap        ] GC(568) Archive regions: 2->2
[2024-08-27T14:57:33.596+0000][info][gc,heap        ] GC(568) Humongous regions: 5->5
[2024-08-27T14:57:33.596+0000][info][gc,metaspace   ] GC(568) Metaspace: 100K(320K)->100K(320K) NonClass: 96K(192K)->96K(192K) Class: 4K(128K)->4K(128K)
[2024-08-27T14:57:33.596+0000][info][gc             ] GC(568) Pause Young (Normal) (G1 Evacuation Pause) 585M->580M(1024M) 22.830ms
[2024-08-27T14:57:33.596+0000][info][gc,cpu         ] GC(568) User=0.52s Sys=0.01s Real=0.02s
[2024-08-27T14:57:33.649+0000][info][gc,start       ] GC(569) Pause Young (Concurrent Start) (G1 Evacuation Pause)
[2024-08-27T14:57:33.650+0000][info][gc,task        ] GC(569) Using 24 workers of 68 for evacuation
[2024-08-27T14:57:33.670+0000][info][gc,phases      ] GC(569)   Pre Evacuate Collection Set: 0.2ms
[2024-08-27T14:57:33.670+0000][info][gc,phases      ] GC(569)   Merge Heap Roots: 0.3ms
[2024-08-27T14:57:33.670+0000][info][gc,phases      ] GC(569)   Evacuate Collection Set: 19.0ms
[2024-08-27T14:57:33.670+0000][info][gc,phases      ] GC(569)   Post Evacuate Collection Set: 0.3ms
[2024-08-27T14:57:33.670+0000][info][gc,phases      ] GC(569)   Other: 0.7ms
[2024-08-27T14:57:33.670+0000][info][gc,heap        ] GC(569) Eden regions: 104->0(70)
[2024-08-27T14:57:33.670+0000][info][gc,heap        ] GC(569) Survivor regions: 19->16(16)
[2024-08-27T14:57:33.670+0000][info][gc,heap        ] GC(569) Old regions: 568->676
[2024-08-27T14:57:33.670+0000][info][gc,heap        ] GC(569) Archive regions: 2->2
[2024-08-27T14:57:33.670+0000][info][gc,heap        ] GC(569) Humongous regions: 5->5
[2024-08-27T14:57:33.670+0000][info][gc,metaspace   ] GC(569) Metaspace: 100K(320K)->100K(320K) NonClass: 96K(192K)->96K(192K) Class: 4K(128K)->4K(128K)
[2024-08-27T14:57:33.670+0000][info][gc             ] GC(569) Pause Young (Concurrent Start) (G1 Evacuation Pause) 684M->686M(1024M) 20.705ms
[2024-08-27T14:57:33.670+0000][info][gc,cpu         ] GC(569) User=0.43s Sys=0.03s Real=0.03s
[2024-08-27T14:57:33.670+0000][info][gc             ] GC(570) Concurrent Mark Cycle
[2024-08-27T14:57:33.670+0000][info][gc,marking     ] GC(570) Concurrent Clear Claimed Marks
[2024-08-27T14:57:33.670+0000][info][gc,marking     ] GC(570) Concurrent Clear Claimed Marks 0.008ms
[2024-08-27T14:57:33.670+0000][info][gc,marking     ] GC(570) Concurrent Scan Root Regions
[2024-08-27T14:57:33.674+0000][info][gc,marking     ] GC(570) Concurrent Scan Root Regions 3.483ms
[2024-08-27T14:57:33.674+0000][info][gc,marking     ] GC(570) Concurrent Mark
[2024-08-27T14:57:33.674+0000][info][gc,marking     ] GC(570) Concurrent Mark From Roots
[2024-08-27T14:57:33.674+0000][info][gc,task        ] GC(570) Using 17 workers of 17 for marking
[2024-08-27T14:57:33.695+0000][info][gc,marking     ] GC(570) Concurrent Mark From Roots 20.903ms
[2024-08-27T14:57:33.695+0000][info][gc,marking     ] GC(570) Concurrent Preclean
[2024-08-27T14:57:33.695+0000][info][gc,marking     ] GC(570) Concurrent Preclean 0.497ms
[2024-08-27T14:57:33.695+0000][info][gc,start       ] GC(570) Pause Remark
[2024-08-27T14:57:33.697+0000][info][gc             ] GC(570) Pause Remark 717M->717M(1024M) 1.164ms
[2024-08-27T14:57:33.697+0000][info][gc,cpu         ] GC(570) User=0.00s Sys=0.00s Real=0.00s
[2024-08-27T14:57:33.697+0000][info][gc,marking     ] GC(570) Concurrent Mark 22.909ms
[2024-08-27T14:57:33.697+0000][info][gc,marking     ] GC(570) Concurrent Rebuild Remembered Sets
[2024-08-27T14:57:33.713+0000][info][gc,marking     ] GC(570) Concurrent Rebuild Remembered Sets 15.796ms
[2024-08-27T14:57:33.713+0000][info][gc,start       ] GC(570) Pause Cleanup
[2024-08-27T14:57:33.714+0000][info][gc             ] GC(570) Pause Cleanup 740M->740M(1024M) 1.031ms
[2024-08-27T14:57:33.714+0000][info][gc,cpu         ] GC(570) User=0.00s Sys=0.00s Real=0.00s
[2024-08-27T14:57:33.714+0000][info][gc,marking     ] GC(570) Concurrent Cleanup for Next Mark
[2024-08-27T14:57:33.715+0000][info][gc,marking     ] GC(570) Concurrent Cleanup for Next Mark 0.816ms
[2024-08-27T14:57:33.715+0000][info][gc             ] GC(570) Concurrent Mark Cycle 44.488ms
[2024-08-27T14:57:33.724+0000][info][gc,start       ] GC(571) Pause Young (Prepare Mixed) (G1 Evacuation Pause)
[2024-08-27T14:57:33.724+0000][info][gc,task        ] GC(571) Using 24 workers of 68 for evacuation
[2024-08-27T14:57:33.740+0000][info][gc,phases      ] GC(571)   Pre Evacuate Collection Set: 0.2ms
[2024-08-27T14:57:33.740+0000][info][gc,phases      ] GC(571)   Merge Heap Roots: 0.4ms
[2024-08-27T14:57:33.740+0000][info][gc,phases      ] GC(571)   Evacuate Collection Set: 15.0ms
[2024-08-27T14:57:33.740+0000][info][gc,phases      ] GC(571)   Post Evacuate Collection Set: 0.4ms
[2024-08-27T14:57:33.740+0000][info][gc,phases      ] GC(571)   Other: 0.2ms
[2024-08-27T14:57:33.740+0000][info][gc,heap        ] GC(571) Eden regions: 70->0(40)
[2024-08-27T14:57:33.740+0000][info][gc,heap        ] GC(571) Survivor regions: 16->11(11)
[2024-08-27T14:57:33.740+0000][info][gc,heap        ] GC(571) Old regions: 676->754
[2024-08-27T14:57:33.740+0000][info][gc,heap        ] GC(571) Archive regions: 2->2
[2024-08-27T14:57:33.740+0000][info][gc,heap        ] GC(571) Humongous regions: 5->5
[2024-08-27T14:57:33.740+0000][info][gc,metaspace   ] GC(571) Metaspace: 100K(320K)->100K(320K) NonClass: 96K(192K)->96K(192K) Class: 4K(128K)->4K(128K)
[2024-08-27T14:57:33.740+0000][info][gc             ] GC(571) Pause Young (Prepare Mixed) (G1 Evacuation Pause) 756M->759M(1024M) 16.108ms
[2024-08-27T14:57:33.740+0000][info][gc,cpu         ] GC(571) User=0.37s Sys=0.00s Real=0.02s
[2024-08-27T14:57:33.761+0000][info][gc,start       ] GC(572) Pause Young (Mixed) (G1 Evacuation Pause)
[2024-08-27T14:57:33.761+0000][info][gc,task        ] GC(572) Using 24 workers of 68 for evacuation
[2024-08-27T14:57:33.775+0000][info][gc,phases      ] GC(572)   Pre Evacuate Collection Set: 0.2ms
[2024-08-27T14:57:33.775+0000][info][gc,phases      ] GC(572)   Merge Heap Roots: 0.3ms
[2024-08-27T14:57:33.775+0000][info][gc,phases      ] GC(572)   Evacuate Collection Set: 13.1ms
[2024-08-27T14:57:33.775+0000][info][gc,phases      ] GC(572)   Post Evacuate Collection Set: 0.3ms
[2024-08-27T14:57:33.775+0000][info][gc,phases      ] GC(572)   Other: 0.3ms
[2024-08-27T14:57:33.775+0000][info][gc,heap        ] GC(572) Eden regions: 40->0(44)
[2024-08-27T14:57:33.775+0000][info][gc,heap        ] GC(572) Survivor regions: 11->7(7)
[2024-08-27T14:57:33.775+0000][info][gc,heap        ] GC(572) Old regions: 754->700
[2024-08-27T14:57:33.775+0000][info][gc,heap        ] GC(572) Archive regions: 2->2
[2024-08-27T14:57:33.775+0000][info][gc,heap        ] GC(572) Humongous regions: 5->5
[2024-08-27T14:57:33.775+0000][info][gc,metaspace   ] GC(572) Metaspace: 100K(320K)->100K(320K) NonClass: 96K(192K)->96K(192K) Class: 4K(128K)->4K(128K)
[2024-08-27T14:57:33.775+0000][info][gc             ] GC(572) Pause Young (Mixed) (G1 Evacuation Pause) 799M->707M(1024M) 14.249ms
[2024-08-27T14:57:33.775+0000][info][gc,cpu         ] GC(572) User=0.32s Sys=0.01s Real=0.01s
[2024-08-27T14:57:33.799+0000][info][gc,start       ] GC(573) Pause Young (Mixed) (G1 Evacuation Pause)
[2024-08-27T14:57:33.799+0000][info][gc,task        ] GC(573) Using 24 workers of 68 for evacuation
[2024-08-27T14:57:33.812+0000][info][gc,phases      ] GC(573)   Pre Evacuate Collection Set: 0.2ms
[2024-08-27T14:57:33.812+0000][info][gc,phases      ] GC(573)   Merge Heap Roots: 0.4ms
[2024-08-27T14:57:33.812+0000][info][gc,phases      ] GC(573)   Evacuate Collection Set: 12.2ms
[2024-08-27T14:57:33.812+0000][info][gc,phases      ] GC(573)   Post Evacuate Collection Set: 0.3ms
[2024-08-27T14:57:33.812+0000][info][gc,phases      ] GC(573)   Other: 0.2ms
[2024-08-27T14:57:33.812+0000][info][gc,heap        ] GC(573) Eden regions: 44->0(78)
[2024-08-27T14:57:33.812+0000][info][gc,heap        ] GC(573) Survivor regions: 7->7(7)
[2024-08-27T14:57:33.812+0000][info][gc,heap        ] GC(573) Old regions: 700->659
[2024-08-27T14:57:33.812+0000][info][gc,heap        ] GC(573) Archive regions: 2->2
[2024-08-27T14:57:33.812+0000][info][gc,heap        ] GC(573) Humongous regions: 5->5
[2024-08-27T14:57:33.812+0000][info][gc,metaspace   ] GC(573) Metaspace: 100K(320K)->100K(320K) NonClass: 96K(192K)->96K(192K) Class: 4K(128K)->4K(128K)
[2024-08-27T14:57:33.812+0000][info][gc             ] GC(573) Pause Young (Mixed) (G1 Evacuation Pause) 751M->668M(1024M) 13.416ms
[2024-08-27T14:57:33.812+0000][info][gc,cpu         ] GC(573) User=0.30s Sys=0.00s Real=0.01s
[2024-08-27T14:57:33.852+0000][info][gc,start       ] GC(574) Pause Young (Concurrent Start) (G1 Evacuation Pause)
[2024-08-27T14:57:33.852+0000][info][gc,task        ] GC(574) Using 24 workers of 68 for evacuation
[2024-08-27T14:57:33.869+0000][info][gc,phases      ] GC(574)   Pre Evacuate Collection Set: 0.2ms
[2024-08-27T14:57:33.869+0000][info][gc,phases      ] GC(574)   Merge Heap Roots: 0.4ms
[2024-08-27T14:57:33.869+0000][info][gc,phases      ] GC(574)   Evacuate Collection Set: 15.1ms
[2024-08-27T14:57:33.869+0000][info][gc,phases      ] GC(574)   Post Evacuate Collection Set: 0.4ms
[2024-08-27T14:57:33.869+0000][info][gc,phases      ] GC(574)   Other: 0.6ms
[2024-08-27T14:57:33.869+0000][info][gc,heap        ] GC(574) Eden regions: 78->0(53)
[2024-08-27T14:57:33.869+0000][info][gc,heap        ] GC(574) Survivor regions: 7->11(11)
[2024-08-27T14:57:33.869+0000][info][gc,heap        ] GC(574) Old regions: 659->735
[2024-08-27T14:57:33.869+0000][info][gc,heap        ] GC(574) Archive regions: 2->2
[2024-08-27T14:57:33.869+0000][info][gc,heap        ] GC(574) Humongous regions: 5->5
[2024-08-27T14:57:33.869+0000][info][gc,metaspace   ] GC(574) Metaspace: 100K(320K)->100K(320K) NonClass: 96K(192K)->96K(192K) Class: 4K(128K)->4K(128K)
[2024-08-27T14:57:33.869+0000][info][gc             ] GC(574) Pause Young (Concurrent Start) (G1 Evacuation Pause) 746M->748M(1024M) 16.765ms
[2024-08-27T14:57:33.869+0000][info][gc,cpu         ] GC(574) User=0.36s Sys=0.00s Real=0.01s
[2024-08-27T14:57:33.869+0000][info][gc             ] GC(575) Concurrent Mark Cycle
[2024-08-27T14:57:33.869+0000][info][gc,marking     ] GC(575) Concurrent Clear Claimed Marks
[2024-08-27T14:57:33.869+0000][info][gc,marking     ] GC(575) Concurrent Clear Claimed Marks 0.007ms
[2024-08-27T14:57:33.869+0000][info][gc,marking     ] GC(575) Concurrent Scan Root Regions
[2024-08-27T14:57:33.872+0000][info][gc,marking     ] GC(575) Concurrent Scan Root Regions 2.592ms
[2024-08-27T14:57:33.872+0000][info][gc,marking     ] GC(575) Concurrent Mark
[2024-08-27T14:57:33.872+0000][info][gc,marking     ] GC(575) Concurrent Mark From Roots
[2024-08-27T14:57:33.872+0000][info][gc,task        ] GC(575) Using 17 workers of 17 for marking
[2024-08-27T14:57:33.894+0000][info][gc,marking     ] GC(575) Concurrent Mark From Roots 22.078ms
[2024-08-27T14:57:33.894+0000][info][gc,marking     ] GC(575) Concurrent Preclean
[2024-08-27T14:57:33.894+0000][info][gc,marking     ] GC(575) Concurrent Preclean 0.356ms
[2024-08-27T14:57:33.895+0000][info][gc,start       ] GC(575) Pause Remark
[2024-08-27T14:57:33.896+0000][info][gc             ] GC(575) Pause Remark 779M->779M(1024M) 1.094ms
[2024-08-27T14:57:33.896+0000][info][gc,cpu         ] GC(575) User=0.00s Sys=0.00s Real=0.00s
[2024-08-27T14:57:33.896+0000][info][gc,marking     ] GC(575) Concurrent Mark 23.886ms
[2024-08-27T14:57:33.896+0000][info][gc,marking     ] GC(575) Concurrent Rebuild Remembered Sets
[2024-08-27T14:57:33.908+0000][info][gc,start       ] GC(576) Pause Young (Normal) (G1 Evacuation Pause)
[2024-08-27T14:57:33.908+0000][info][gc,task        ] GC(576) Using 24 workers of 68 for evacuation
[2024-08-27T14:57:33.921+0000][info][gc,phases      ] GC(576)   Pre Evacuate Collection Set: 0.1ms
[2024-08-27T14:57:33.921+0000][info][gc,phases      ] GC(576)   Merge Heap Roots: 0.3ms
[2024-08-27T14:57:33.921+0000][info][gc,phases      ] GC(576)   Evacuate Collection Set: 11.6ms
[2024-08-27T14:57:33.921+0000][info][gc,phases      ] GC(576)   Post Evacuate Collection Set: 0.4ms
[2024-08-27T14:57:33.921+0000][info][gc,phases      ] GC(576)   Other: 0.2ms
[2024-08-27T14:57:33.921+0000][info][gc,heap        ] GC(576) Eden regions: 53->0(43)
[2024-08-27T14:57:33.921+0000][info][gc,heap        ] GC(576) Survivor regions: 11->8(8)
[2024-08-27T14:57:33.921+0000][info][gc,heap        ] GC(576) Old regions: 735->796
[2024-08-27T14:57:33.921+0000][info][gc,heap        ] GC(576) Archive regions: 2->2
[2024-08-27T14:57:33.921+0000][info][gc,heap        ] GC(576) Humongous regions: 5->5
[2024-08-27T14:57:33.921+0000][info][gc,metaspace   ] GC(576) Metaspace: 100K(320K)->100K(320K) NonClass: 96K(192K)->96K(192K) Class: 4K(128K)->4K(128K)
[2024-08-27T14:57:33.921+0000][info][gc             ] GC(576) Pause Young (Normal) (G1 Evacuation Pause) 801M->806M(1024M) 12.693ms
[2024-08-27T14:57:33.921+0000][info][gc,cpu         ] GC(576) User=0.29s Sys=0.00s Real=0.02s
[2024-08-27T14:57:33.945+0000][info][gc,start       ] GC(577) Pause Young (Normal) (G1 Evacuation Pause)
[2024-08-27T14:57:33.945+0000][info][gc,task        ] GC(577) Using 24 workers of 68 for evacuation
[2024-08-27T14:57:33.962+0000][info][gc,phases      ] GC(577)   Pre Evacuate Collection Set: 0.1ms
[2024-08-27T14:57:33.962+0000][info][gc,phases      ] GC(577)   Merge Heap Roots: 0.5ms
[2024-08-27T14:57:33.962+0000][info][gc,phases      ] GC(577)   Evacuate Collection Set: 15.6ms
[2024-08-27T14:57:33.962+0000][info][gc,phases      ] GC(577)   Post Evacuate Collection Set: 0.5ms
[2024-08-27T14:57:33.962+0000][info][gc,phases      ] GC(577)   Other: 0.2ms
[2024-08-27T14:57:33.962+0000][info][gc,heap        ] GC(577) Eden regions: 43->0(44)
[2024-08-27T14:57:33.962+0000][info][gc,heap        ] GC(577) Survivor regions: 8->7(7)
[2024-08-27T14:57:33.962+0000][info][gc,heap        ] GC(577) Old regions: 796->843
[2024-08-27T14:57:33.962+0000][info][gc,heap        ] GC(577) Archive regions: 2->2
[2024-08-27T14:57:33.962+0000][info][gc,heap        ] GC(577) Humongous regions: 5->5
[2024-08-27T14:57:33.962+0000][info][gc,metaspace   ] GC(577) Metaspace: 100K(320K)->100K(320K) NonClass: 96K(192K)->96K(192K) Class: 4K(128K)->4K(128K)
[2024-08-27T14:57:33.962+0000][info][gc             ] GC(577) Pause Young (Normal) (G1 Evacuation Pause) 849M->852M(1024M) 16.984ms
[2024-08-27T14:57:33.962+0000][info][gc,cpu         ] GC(577) User=0.39s Sys=0.00s Real=0.02s
[2024-08-27T14:57:33.988+0000][info][gc,start       ] GC(578) Pause Young (Normal) (G1 Evacuation Pause)
[2024-08-27T14:57:33.988+0000][info][gc,task        ] GC(578) Using 24 workers of 68 for evacuation
[2024-08-27T14:57:34.005+0000][info][gc,phases      ] GC(578)   Pre Evacuate Collection Set: 0.1ms
[2024-08-27T14:57:34.005+0000][info][gc,phases      ] GC(578)   Merge Heap Roots: 0.4ms
[2024-08-27T14:57:34.005+0000][info][gc,phases      ] GC(578)   Evacuate Collection Set: 15.6ms
[2024-08-27T14:57:34.005+0000][info][gc,phases      ] GC(578)   Post Evacuate Collection Set: 0.7ms
[2024-08-27T14:57:34.005+0000][info][gc,phases      ] GC(578)   Other: 0.2ms
[2024-08-27T14:57:34.005+0000][info][gc,heap        ] GC(578) Eden regions: 44->0(44)
[2024-08-27T14:57:34.005+0000][info][gc,heap        ] GC(578) Survivor regions: 7->7(7)
[2024-08-27T14:57:34.005+0000][info][gc,heap        ] GC(578) Old regions: 843->890
[2024-08-27T14:57:34.005+0000][info][gc,heap        ] GC(578) Archive regions: 2->2
[2024-08-27T14:57:34.005+0000][info][gc,heap        ] GC(578) Humongous regions: 5->5
[2024-08-27T14:57:34.005+0000][info][gc,metaspace   ] GC(578) Metaspace: 100K(320K)->100K(320K) NonClass: 96K(192K)->96K(192K) Class: 4K(128K)->4K(128K)
[2024-08-27T14:57:34.006+0000][info][gc             ] GC(578) Pause Young (Normal) (G1 Evacuation Pause) 896M->899M(1024M) 17.076ms
[2024-08-27T14:57:34.006+0000][info][gc,cpu         ] GC(578) User=0.39s Sys=0.00s Real=0.02s
[2024-08-27T14:57:34.010+0000][info][gc,marking     ] GC(575) Concurrent Rebuild Remembered Sets 114.318ms
[2024-08-27T14:57:34.010+0000][info][gc,start       ] GC(575) Pause Cleanup
[2024-08-27T14:57:34.011+0000][info][gc             ] GC(575) Pause Cleanup 907M->907M(1024M) 1.045ms
[2024-08-27T14:57:34.011+0000][info][gc,cpu         ] GC(575) User=0.00s Sys=0.00s Real=0.00s
[2024-08-27T14:57:34.011+0000][info][gc,marking     ] GC(575) Concurrent Cleanup for Next Mark
[2024-08-27T14:57:34.012+0000][info][gc,marking     ] GC(575) Concurrent Cleanup for Next Mark 0.733ms
[2024-08-27T14:57:34.012+0000][info][gc             ] GC(575) Concurrent Mark Cycle 142.955ms
[2024-08-27T14:57:34.033+0000][info][gc,start       ] GC(579) Pause Young (Prepare Mixed) (G1 Evacuation Pause)
[2024-08-27T14:57:34.033+0000][info][gc,task        ] GC(579) Using 24 workers of 68 for evacuation
[2024-08-27T14:57:34.052+0000][info][gc,phases      ] GC(579)   Pre Evacuate Collection Set: 0.2ms
[2024-08-27T14:57:34.052+0000][info][gc,phases      ] GC(579)   Merge Heap Roots: 0.5ms
[2024-08-27T14:57:34.052+0000][info][gc,phases      ] GC(579)   Evacuate Collection Set: 17.3ms
[2024-08-27T14:57:34.052+0000][info][gc,phases      ] GC(579)   Post Evacuate Collection Set: 0.3ms
[2024-08-27T14:57:34.052+0000][info][gc,phases      ] GC(579)   Other: 0.2ms
[2024-08-27T14:57:34.052+0000][info][gc,heap        ] GC(579) Eden regions: 44->0(44)
[2024-08-27T14:57:34.052+0000][info][gc,heap        ] GC(579) Survivor regions: 7->7(7)
[2024-08-27T14:57:34.052+0000][info][gc,heap        ] GC(579) Old regions: 890->937
[2024-08-27T14:57:34.052+0000][info][gc,heap        ] GC(579) Archive regions: 2->2
[2024-08-27T14:57:34.052+0000][info][gc,heap        ] GC(579) Humongous regions: 5->5
[2024-08-27T14:57:34.052+0000][info][gc,metaspace   ] GC(579) Metaspace: 100K(320K)->100K(320K) NonClass: 96K(192K)->96K(192K) Class: 4K(128K)->4K(128K)
[2024-08-27T14:57:34.052+0000][info][gc             ] GC(579) Pause Young (Prepare Mixed) (G1 Evacuation Pause) 943M->946M(1024M) 18.534ms
[2024-08-27T14:57:34.052+0000][info][gc,cpu         ] GC(579) User=0.42s Sys=0.01s Real=0.02s
[2024-08-27T14:57:34.069+0000][info][gc,start       ] GC(580) Pause Young (Mixed) (G1 Preventive Collection)
[2024-08-27T14:57:34.069+0000][info][gc,task        ] GC(580) Using 24 workers of 68 for evacuation
[2024-08-27T14:57:34.079+0000][info][gc,phases      ] GC(580)   Pre Evacuate Collection Set: 0.2ms
[2024-08-27T14:57:34.079+0000][info][gc,phases      ] GC(580)   Merge Heap Roots: 0.4ms
[2024-08-27T14:57:34.079+0000][info][gc,phases      ] GC(580)   Evacuate Collection Set: 8.5ms
[2024-08-27T14:57:34.079+0000][info][gc,phases      ] GC(580)   Post Evacuate Collection Set: 0.4ms
[2024-08-27T14:57:34.079+0000][info][gc,phases      ] GC(580)   Other: 0.2ms
[2024-08-27T14:57:34.079+0000][info][gc,heap        ] GC(580) Eden regions: 31->0(44)
[2024-08-27T14:57:34.079+0000][info][gc,heap        ] GC(580) Survivor regions: 7->7(7)
[2024-08-27T14:57:34.079+0000][info][gc,heap        ] GC(580) Old regions: 937->868
[2024-08-27T14:57:34.079+0000][info][gc,heap        ] GC(580) Archive regions: 2->2
[2024-08-27T14:57:34.079+0000][info][gc,heap        ] GC(580) Humongous regions: 5->5
[2024-08-27T14:57:34.079+0000][info][gc,metaspace   ] GC(580) Metaspace: 100K(320K)->100K(320K) NonClass: 96K(192K)->96K(192K) Class: 4K(128K)->4K(128K)
[2024-08-27T14:57:34.079+0000][info][gc             ] GC(580) Pause Young (Mixed) (G1 Preventive Collection) 977M->879M(1024M) 9.742ms
[2024-08-27T14:57:34.079+0000][info][gc,cpu         ] GC(580) User=0.21s Sys=0.00s Real=0.02s
[2024-08-27T14:57:34.101+0000][info][gc,start       ] GC(581) Pause Young (Mixed) (G1 Evacuation Pause)
[2024-08-27T14:57:34.101+0000][info][gc,task        ] GC(581) Using 24 workers of 68 for evacuation
[2024-08-27T14:57:34.112+0000][info][gc,phases      ] GC(581)   Pre Evacuate Collection Set: 0.2ms
[2024-08-27T14:57:34.112+0000][info][gc,phases      ] GC(581)   Merge Heap Roots: 0.3ms
[2024-08-27T14:57:34.112+0000][info][gc,phases      ] GC(581)   Evacuate Collection Set: 10.0ms
[2024-08-27T14:57:34.112+0000][info][gc,phases      ] GC(581)   Post Evacuate Collection Set: 0.4ms
[2024-08-27T14:57:34.112+0000][info][gc,phases      ] GC(581)   Other: 0.2ms
[2024-08-27T14:57:34.112+0000][info][gc,heap        ] GC(581) Eden regions: 44->0(44)
[2024-08-27T14:57:34.112+0000][info][gc,heap        ] GC(581) Survivor regions: 7->7(7)
[2024-08-27T14:57:34.112+0000][info][gc,heap        ] GC(581) Old regions: 868->811
[2024-08-27T14:57:34.112+0000][info][gc,heap        ] GC(581) Archive regions: 2->2
[2024-08-27T14:57:34.112+0000][info][gc,heap        ] GC(581) Humongous regions: 5->5
[2024-08-27T14:57:34.112+0000][info][gc,metaspace   ] GC(581) Metaspace: 100K(320K)->100K(320K) NonClass: 96K(192K)->96K(192K) Class: 4K(128K)->4K(128K)
[2024-08-27T14:57:34.112+0000][info][gc             ] GC(581) Pause Young (Mixed) (G1 Evacuation Pause) 923M->822M(1024M) 11.190ms
[2024-08-27T14:57:34.112+0000][info][gc,cpu         ] GC(581) User=0.24s Sys=0.00s Real=0.01s
[2024-08-27T14:57:34.134+0000][info][gc,start       ] GC(582) Pause Young (Mixed) (G1 Evacuation Pause)
[2024-08-27T14:57:34.134+0000][info][gc,task        ] GC(582) Using 24 workers of 68 for evacuation
[2024-08-27T14:57:34.145+0000][info][gc,phases      ] GC(582)   Pre Evacuate Collection Set: 0.2ms
[2024-08-27T14:57:34.145+0000][info][gc,phases      ] GC(582)   Merge Heap Roots: 0.3ms
[2024-08-27T14:57:34.145+0000][info][gc,phases      ] GC(582)   Evacuate Collection Set: 9.5ms
[2024-08-27T14:57:34.145+0000][info][gc,phases      ] GC(582)   Post Evacuate Collection Set: 0.4ms
[2024-08-27T14:57:34.145+0000][info][gc,phases      ] GC(582)   Other: 0.2ms
[2024-08-27T14:57:34.145+0000][info][gc,heap        ] GC(582) Eden regions: 44->0(44)
[2024-08-27T14:57:34.145+0000][info][gc,heap        ] GC(582) Survivor regions: 7->7(7)
[2024-08-27T14:57:34.145+0000][info][gc,heap        ] GC(582) Old regions: 811->845
[2024-08-27T14:57:34.145+0000][info][gc,heap        ] GC(582) Archive regions: 2->2
[2024-08-27T14:57:34.145+0000][info][gc,heap        ] GC(582) Humongous regions: 5->5
[2024-08-27T14:57:34.145+0000][info][gc,metaspace   ] GC(582) Metaspace: 100K(320K)->100K(320K) NonClass: 96K(192K)->96K(192K) Class: 4K(128K)->4K(128K)
[2024-08-27T14:57:34.145+0000][info][gc             ] GC(582) Pause Young (Mixed) (G1 Evacuation Pause) 866M->856M(1024M) 10.770ms
[2024-08-27T14:57:34.145+0000][info][gc,cpu         ] GC(582) User=0.23s Sys=0.00s Real=0.01s
[2024-08-27T14:57:34.167+0000][info][gc,start       ] GC(583) Pause Young (Concurrent Start) (G1 Evacuation Pause)
[2024-08-27T14:57:34.167+0000][info][gc,task        ] GC(583) Using 24 workers of 68 for evacuation
[2024-08-27T14:57:34.178+0000][info][gc,phases      ] GC(583)   Pre Evacuate Collection Set: 0.1ms
[2024-08-27T14:57:34.178+0000][info][gc,phases      ] GC(583)   Merge Heap Roots: 0.4ms
[2024-08-27T14:57:34.178+0000][info][gc,phases      ] GC(583)   Evacuate Collection Set: 9.6ms
[2024-08-27T14:57:34.178+0000][info][gc,phases      ] GC(583)   Post Evacuate Collection Set: 0.3ms
[2024-08-27T14:57:34.178+0000][info][gc,phases      ] GC(583)   Other: 0.7ms
[2024-08-27T14:57:34.178+0000][info][gc,heap        ] GC(583) Eden regions: 44->0(44)
[2024-08-27T14:57:34.178+0000][info][gc,heap        ] GC(583) Survivor regions: 7->7(7)
[2024-08-27T14:57:34.178+0000][info][gc,heap        ] GC(583) Old regions: 845->890
[2024-08-27T14:57:34.178+0000][info][gc,heap        ] GC(583) Archive regions: 2->2
[2024-08-27T14:57:34.178+0000][info][gc,heap        ] GC(583) Humongous regions: 5->5
[2024-08-27T14:57:34.178+0000][info][gc,metaspace   ] GC(583) Metaspace: 100K(320K)->100K(320K) NonClass: 96K(192K)->96K(192K) Class: 4K(128K)->4K(128K)
[2024-08-27T14:57:34.178+0000][info][gc             ] GC(583) Pause Young (Concurrent Start) (G1 Evacuation Pause) 900M->902M(1024M) 11.180ms
[2024-08-27T14:57:34.178+0000][info][gc,cpu         ] GC(583) User=0.23s Sys=0.01s Real=0.02s
[2024-08-27T14:57:34.178+0000][info][gc             ] GC(584) Concurrent Mark Cycle
[2024-08-27T14:57:34.178+0000][info][gc,marking     ] GC(584) Concurrent Clear Claimed Marks
[2024-08-27T14:57:34.178+0000][info][gc,marking     ] GC(584) Concurrent Clear Claimed Marks 0.007ms
[2024-08-27T14:57:34.178+0000][info][gc,marking     ] GC(584) Concurrent Scan Root Regions
[2024-08-27T14:57:34.180+0000][info][gc,marking     ] GC(584) Concurrent Scan Root Regions 1.452ms
[2024-08-27T14:57:34.180+0000][info][gc,marking     ] GC(584) Concurrent Mark
[2024-08-27T14:57:34.180+0000][info][gc,marking     ] GC(584) Concurrent Mark From Roots
[2024-08-27T14:57:34.180+0000][info][gc,task        ] GC(584) Using 17 workers of 17 for marking
[2024-08-27T14:57:34.204+0000][info][gc,marking     ] GC(584) Concurrent Mark From Roots 24.481ms
[2024-08-27T14:57:34.204+0000][info][gc,marking     ] GC(584) Concurrent Preclean
[2024-08-27T14:57:34.205+0000][info][gc,marking     ] GC(584) Concurrent Preclean 0.508ms
[2024-08-27T14:57:34.205+0000][info][gc,start       ] GC(584) Pause Remark
[2024-08-27T14:57:34.206+0000][info][gc             ] GC(584) Pause Remark 935M->935M(1024M) 1.251ms
[2024-08-27T14:57:34.206+0000][info][gc,cpu         ] GC(584) User=0.00s Sys=0.00s Real=0.00s
[2024-08-27T14:57:34.206+0000][info][gc,marking     ] GC(584) Concurrent Mark 26.595ms
[2024-08-27T14:57:34.206+0000][info][gc,marking     ] GC(584) Concurrent Rebuild Remembered Sets
[2024-08-27T14:57:34.213+0000][info][gc,start       ] GC(585) Pause Young (Normal) (G1 Evacuation Pause)
[2024-08-27T14:57:34.213+0000][info][gc,task        ] GC(585) Using 24 workers of 68 for evacuation
[2024-08-27T14:57:34.224+0000][info][gc,phases      ] GC(585)   Pre Evacuate Collection Set: 0.1ms
[2024-08-27T14:57:34.224+0000][info][gc,phases      ] GC(585)   Merge Heap Roots: 0.3ms
[2024-08-27T14:57:34.224+0000][info][gc,phases      ] GC(585)   Evacuate Collection Set: 9.5ms
[2024-08-27T14:57:34.224+0000][info][gc,phases      ] GC(585)   Post Evacuate Collection Set: 0.4ms
[2024-08-27T14:57:34.224+0000][info][gc,phases      ] GC(585)   Other: 0.2ms
[2024-08-27T14:57:34.224+0000][info][gc,heap        ] GC(585) Eden regions: 44->0(44)
[2024-08-27T14:57:34.224+0000][info][gc,heap        ] GC(585) Survivor regions: 7->7(7)
[2024-08-27T14:57:34.224+0000][info][gc,heap        ] GC(585) Old regions: 890->938
[2024-08-27T14:57:34.224+0000][info][gc,heap        ] GC(585) Archive regions: 2->2
[2024-08-27T14:57:34.224+0000][info][gc,heap        ] GC(585) Humongous regions: 5->5
[2024-08-27T14:57:34.224+0000][info][gc,metaspace   ] GC(585) Metaspace: 100K(320K)->100K(320K) NonClass: 96K(192K)->96K(192K) Class: 4K(128K)->4K(128K)
[2024-08-27T14:57:34.224+0000][info][gc             ] GC(585) Pause Young (Normal) (G1 Evacuation Pause) 946M->949M(1024M) 10.596ms
[2024-08-27T14:57:34.224+0000][info][gc,cpu         ] GC(585) User=0.24s Sys=0.00s Real=0.01s
[2024-08-27T14:57:34.243+0000][info][gc,start       ] GC(586) Pause Young (Normal) (G1 Preventive Collection)
[2024-08-27T14:57:34.243+0000][info][gc,task        ] GC(586) Using 24 workers of 68 for evacuation
[2024-08-27T14:57:34.255+0000][info][gc,phases      ] GC(586)   Pre Evacuate Collection Set: 0.1ms
[2024-08-27T14:57:34.255+0000][info][gc,phases      ] GC(586)   Merge Heap Roots: 0.4ms
[2024-08-27T14:57:34.255+0000][info][gc,phases      ] GC(586)   Evacuate Collection Set: 11.2ms
[2024-08-27T14:57:34.255+0000][info][gc,phases      ] GC(586)   Post Evacuate Collection Set: 0.5ms
[2024-08-27T14:57:34.255+0000][info][gc,phases      ] GC(586)   Other: 0.2ms
[2024-08-27T14:57:34.255+0000][info][gc,heap        ] GC(586) Eden regions: 31->0(44)
[2024-08-27T14:57:34.255+0000][info][gc,heap        ] GC(586) Survivor regions: 7->7(7)
[2024-08-27T14:57:34.255+0000][info][gc,heap        ] GC(586) Old regions: 938->972
[2024-08-27T14:57:34.255+0000][info][gc,heap        ] GC(586) Archive regions: 2->2
[2024-08-27T14:57:34.255+0000][info][gc,heap        ] GC(586) Humongous regions: 5->5
[2024-08-27T14:57:34.255+0000][info][gc,metaspace   ] GC(586) Metaspace: 100K(320K)->100K(320K) NonClass: 96K(192K)->96K(192K) Class: 4K(128K)->4K(128K)
[2024-08-27T14:57:34.255+0000][info][gc             ] GC(586) Pause Young (Normal) (G1 Preventive Collection) 980M->983M(1024M) 12.448ms
[2024-08-27T14:57:34.255+0000][info][gc,cpu         ] GC(586) User=0.29s Sys=0.00s Real=0.01s
[2024-08-27T14:57:34.263+0000][info][gc,start       ] GC(587) Pause Young (Normal) (G1 Preventive Collection)
[2024-08-27T14:57:34.263+0000][info][gc,task        ] GC(587) Using 24 workers of 68 for evacuation
[2024-08-27T14:57:34.274+0000][info][gc,phases      ] GC(587)   Pre Evacuate Collection Set: 0.1ms
[2024-08-27T14:57:34.274+0000][info][gc,phases      ] GC(587)   Merge Heap Roots: 0.4ms
[2024-08-27T14:57:34.274+0000][info][gc,phases      ] GC(587)   Evacuate Collection Set: 9.1ms
[2024-08-27T14:57:34.274+0000][info][gc,phases      ] GC(587)   Post Evacuate Collection Set: 0.5ms
[2024-08-27T14:57:34.274+0000][info][gc,phases      ] GC(587)   Other: 0.1ms
[2024-08-27T14:57:34.274+0000][info][gc,heap        ] GC(587) Eden regions: 14->0(44)
[2024-08-27T14:57:34.274+0000][info][gc,heap        ] GC(587) Survivor regions: 7->7(7)
[2024-08-27T14:57:34.274+0000][info][gc,heap        ] GC(587) Old regions: 972->989
[2024-08-27T14:57:34.274+0000][info][gc,heap        ] GC(587) Archive regions: 2->2
[2024-08-27T14:57:34.274+0000][info][gc,heap        ] GC(587) Humongous regions: 5->5
[2024-08-27T14:57:34.274+0000][info][gc,metaspace   ] GC(587) Metaspace: 100K(320K)->100K(320K) NonClass: 96K(192K)->96K(192K) Class: 4K(128K)->4K(128K)
[2024-08-27T14:57:34.274+0000][info][gc             ] GC(587) Pause Young (Normal) (G1 Preventive Collection) 997M->1000M(1024M) 10.302ms
[2024-08-27T14:57:34.274+0000][info][gc,cpu         ] GC(587) User=0.23s Sys=0.00s Real=0.01s
[2024-08-27T14:57:34.278+0000][info][gc,start       ] GC(588) Pause Young (Normal) (G1 Preventive Collection)
[2024-08-27T14:57:34.278+0000][info][gc,task        ] GC(588) Using 24 workers of 68 for evacuation
[2024-08-27T14:57:34.286+0000][info][gc,phases      ] GC(588)   Pre Evacuate Collection Set: 0.1ms
[2024-08-27T14:57:34.286+0000][info][gc,phases      ] GC(588)   Merge Heap Roots: 0.5ms
[2024-08-27T14:57:34.286+0000][info][gc,phases      ] GC(588)   Evacuate Collection Set: 6.9ms
[2024-08-27T14:57:34.286+0000][info][gc,phases      ] GC(588)   Post Evacuate Collection Set: 0.5ms
[2024-08-27T14:57:34.286+0000][info][gc,phases      ] GC(588)   Other: 0.1ms
[2024-08-27T14:57:34.286+0000][info][gc,heap        ] GC(588) Eden regions: 6->0(45)
[2024-08-27T14:57:34.286+0000][info][gc,heap        ] GC(588) Survivor regions: 7->6(7)
[2024-08-27T14:57:34.286+0000][info][gc,heap        ] GC(588) Old regions: 989->998
[2024-08-27T14:57:34.286+0000][info][gc,heap        ] GC(588) Archive regions: 2->2
[2024-08-27T14:57:34.286+0000][info][gc,heap        ] GC(588) Humongous regions: 5->5
[2024-08-27T14:57:34.286+0000][info][gc,metaspace   ] GC(588) Metaspace: 100K(320K)->100K(320K) NonClass: 96K(192K)->96K(192K) Class: 4K(128K)->4K(128K)
[2024-08-27T14:57:34.286+0000][info][gc             ] GC(588) Pause Young (Normal) (G1 Preventive Collection) 1006M->1009M(1024M) 8.229ms
[2024-08-27T14:57:34.286+0000][info][gc,cpu         ] GC(588) User=0.18s Sys=0.01s Real=0.00s
[2024-08-27T14:57:34.288+0000][info][gc,start       ] GC(589) Pause Young (Normal) (G1 Preventive Collection)
[2024-08-27T14:57:34.288+0000][info][gc,task        ] GC(589) Using 24 workers of 68 for evacuation
[2024-08-27T14:57:34.295+0000][info][gc             ] GC(589) To-space exhausted
[2024-08-27T14:57:34.295+0000][info][gc,phases      ] GC(589)   Pre Evacuate Collection Set: 0.1ms
[2024-08-27T14:57:34.295+0000][info][gc,phases      ] GC(589)   Merge Heap Roots: 0.4ms
[2024-08-27T14:57:34.295+0000][info][gc,phases      ] GC(589)   Evacuate Collection Set: 5.6ms
[2024-08-27T14:57:34.295+0000][info][gc,phases      ] GC(589)   Post Evacuate Collection Set: 0.6ms
[2024-08-27T14:57:34.295+0000][info][gc,phases      ] GC(589)   Other: 0.2ms
[2024-08-27T14:57:34.295+0000][info][gc,heap        ] GC(589) Eden regions: 3->0(47)
[2024-08-27T14:57:34.295+0000][info][gc,heap        ] GC(589) Survivor regions: 6->4(7)
[2024-08-27T14:57:34.295+0000][info][gc,heap        ] GC(589) Old regions: 998->1010
[2024-08-27T14:57:34.295+0000][info][gc,heap        ] GC(589) Archive regions: 2->2
[2024-08-27T14:57:34.295+0000][info][gc,heap        ] GC(589) Humongous regions: 5->5
[2024-08-27T14:57:34.295+0000][info][gc,metaspace   ] GC(589) Metaspace: 100K(320K)->100K(320K) NonClass: 96K(192K)->96K(192K) Class: 4K(128K)->4K(128K)
[2024-08-27T14:57:34.295+0000][info][gc             ] GC(589) Pause Young (Normal) (G1 Preventive Collection) 1012M->1019M(1024M) 6.941ms
[2024-08-27T14:57:34.295+0000][info][gc,cpu         ] GC(589) User=0.15s Sys=0.00s Real=0.01s
[2024-08-27T14:57:34.296+0000][info][gc,start       ] GC(590) Pause Young (Normal) (G1 Preventive Collection)
[2024-08-27T14:57:34.296+0000][info][gc,task        ] GC(590) Using 24 workers of 68 for evacuation
[2024-08-27T14:57:34.303+0000][info][gc             ] GC(590) To-space exhausted
[2024-08-27T14:57:34.303+0000][info][gc,phases      ] GC(590)   Pre Evacuate Collection Set: 0.1ms
[2024-08-27T14:57:34.303+0000][info][gc,phases      ] GC(590)   Merge Heap Roots: 0.4ms
[2024-08-27T14:57:34.303+0000][info][gc,phases      ] GC(590)   Evacuate Collection Set: 5.0ms
[2024-08-27T14:57:34.303+0000][info][gc,phases      ] GC(590)   Post Evacuate Collection Set: 0.8ms
[2024-08-27T14:57:34.303+0000][info][gc,phases      ] GC(590)   Other: 0.1ms
[2024-08-27T14:57:34.303+0000][info][gc,heap        ] GC(590) Eden regions: 1->0(49)
[2024-08-27T14:57:34.303+0000][info][gc,heap        ] GC(590) Survivor regions: 4->2(2)
[2024-08-27T14:57:34.303+0000][info][gc,heap        ] GC(590) Old regions: 1010->1015
[2024-08-27T14:57:34.303+0000][info][gc,heap        ] GC(590) Archive regions: 2->2
[2024-08-27T14:57:34.303+0000][info][gc,heap        ] GC(590) Humongous regions: 5->5
[2024-08-27T14:57:34.303+0000][info][gc,metaspace   ] GC(590) Metaspace: 100K(320K)->100K(320K) NonClass: 96K(192K)->96K(192K) Class: 4K(128K)->4K(128K)
[2024-08-27T14:57:34.303+0000][info][gc             ] GC(590) Pause Young (Normal) (G1 Preventive Collection) 1020M->1022M(1024M) 6.529ms
[2024-08-27T14:57:34.303+0000][info][gc,cpu         ] GC(590) User=0.14s Sys=0.00s Real=0.01s
[2024-08-27T14:57:34.303+0000][info][gc,ergo        ] Attempting full compaction
[2024-08-27T14:57:34.303+0000][info][gc,task        ] GC(591) Using 24 workers of 68 for full compaction
[2024-08-27T14:57:34.303+0000][info][gc,start       ] GC(591) Pause Full (G1 Compaction Pause)
[2024-08-27T14:57:34.304+0000][info][gc,phases,start] GC(591) Phase 1: Mark live objects
[2024-08-27T14:57:34.320+0000][info][gc,phases      ] GC(591) Phase 1: Mark live objects 15.638ms
[2024-08-27T14:57:34.320+0000][info][gc,phases,start] GC(591) Phase 2: Prepare for compaction
[2024-08-27T14:57:34.327+0000][info][gc,phases      ] GC(591) Phase 2: Prepare for compaction 7.728ms
[2024-08-27T14:57:34.327+0000][info][gc,phases,start] GC(591) Phase 3: Adjust pointers
[2024-08-27T14:57:34.343+0000][info][gc,phases      ] GC(591) Phase 3: Adjust pointers 16.111ms
[2024-08-27T14:57:34.344+0000][info][gc,phases,start] GC(591) Phase 4: Compact heap
[2024-08-27T14:57:34.370+0000][info][gc,phases      ] GC(591) Phase 4: Compact heap 26.854ms
[2024-08-27T14:57:34.372+0000][info][gc,heap        ] GC(591) Eden regions: 0->0(149)
[2024-08-27T14:57:34.372+0000][info][gc,heap        ] GC(591) Survivor regions: 2->0(2)
[2024-08-27T14:57:34.372+0000][info][gc,heap        ] GC(591) Old regions: 1015->445
[2024-08-27T14:57:34.372+0000][info][gc,heap        ] GC(591) Archive regions: 2->2
[2024-08-27T14:57:34.372+0000][info][gc,heap        ] GC(591) Humongous regions: 5->5
[2024-08-27T14:57:34.372+0000][info][gc,metaspace   ] GC(591) Metaspace: 100K(320K)->100K(320K) NonClass: 96K(192K)->96K(192K) Class: 4K(128K)->4K(128K)
[2024-08-27T14:57:34.372+0000][info][gc             ] GC(591) Pause Full (G1 Compaction Pause) 1022M->438M(1024M) 68.596ms
[2024-08-27T14:57:34.372+0000][info][gc,cpu         ] GC(591) User=1.45s Sys=0.00s Real=0.07s
[2024-08-27T14:57:34.372+0000][info][gc,marking     ] GC(584) Concurrent Rebuild Remembered Sets 165.869ms
[2024-08-27T14:57:34.372+0000][info][gc,marking     ] GC(584) Concurrent Mark Abort
[2024-08-27T14:57:34.372+0000][info][gc             ] GC(584) Concurrent Mark Cycle 194.049ms
[2024-08-27T14:57:34.455+0000][info][gc,start       ] GC(592) Pause Young (Normal) (G1 Evacuation Pause)
[2024-08-27T14:57:34.455+0000][info][gc,task        ] GC(592) Using 24 workers of 68 for evacuation
[2024-08-27T14:57:34.478+0000][info][gc,phases      ] GC(592)   Pre Evacuate Collection Set: 0.2ms
[2024-08-27T14:57:34.478+0000][info][gc,phases      ] GC(592)   Merge Heap Roots: 0.4ms
[2024-08-27T14:57:34.478+0000][info][gc,phases      ] GC(592)   Evacuate Collection Set: 21.9ms
[2024-08-27T14:57:34.478+0000][info][gc,phases      ] GC(592)   Post Evacuate Collection Set: 0.4ms
[2024-08-27T14:57:34.478+0000][info][gc,phases      ] GC(592)   Other: 0.3ms
[2024-08-27T14:57:34.478+0000][info][gc,heap        ] GC(592) Eden regions: 149->0(102)
[2024-08-27T14:57:34.478+0000][info][gc,heap        ] GC(592) Survivor regions: 0->19(19)
[2024-08-27T14:57:34.478+0000][info][gc,heap        ] GC(592) Old regions: 445->574
[2024-08-27T14:57:34.478+0000][info][gc,heap        ] GC(592) Archive regions: 2->2
[2024-08-27T14:57:34.478+0000][info][gc,heap        ] GC(592) Humongous regions: 5->5
[2024-08-27T14:57:34.478+0000][info][gc,metaspace   ] GC(592) Metaspace: 100K(320K)->100K(320K) NonClass: 96K(192K)->96K(192K) Class: 4K(128K)->4K(128K)
[2024-08-27T14:57:34.478+0000][info][gc             ] GC(592) Pause Young (Normal) (G1 Evacuation Pause) 587M->586M(1024M) 23.223ms
[2024-08-27T14:57:34.478+0000][info][gc,cpu         ] GC(592) User=0.53s Sys=0.01s Real=0.03s
[2024-08-27T14:57:34.534+0000][info][gc,start       ] GC(593) Pause Young (Concurrent Start) (G1 Evacuation Pause)
[2024-08-27T14:57:34.535+0000][info][gc,task        ] GC(593) Using 24 workers of 68 for evacuation
[2024-08-27T14:57:34.554+0000][info][gc,phases      ] GC(593)   Pre Evacuate Collection Set: 0.2ms
[2024-08-27T14:57:34.554+0000][info][gc,phases      ] GC(593)   Merge Heap Roots: 0.4ms
[2024-08-27T14:57:34.554+0000][info][gc,phases      ] GC(593)   Evacuate Collection Set: 18.2ms
[2024-08-27T14:57:34.554+0000][info][gc,phases      ] GC(593)   Post Evacuate Collection Set: 0.3ms
[2024-08-27T14:57:34.554+0000][info][gc,phases      ] GC(593)   Other: 0.8ms
[2024-08-27T14:57:34.554+0000][info][gc,heap        ] GC(593) Eden regions: 102->0(69)
[2024-08-27T14:57:34.554+0000][info][gc,heap        ] GC(593) Survivor regions: 19->16(16)
[2024-08-27T14:57:34.554+0000][info][gc,heap        ] GC(593) Old regions: 574->679
[2024-08-27T14:57:34.554+0000][info][gc,heap        ] GC(593) Archive regions: 2->2
[2024-08-27T14:57:34.554+0000][info][gc,heap        ] GC(593) Humongous regions: 5->5
[2024-08-27T14:57:34.554+0000][info][gc,metaspace   ] GC(593) Metaspace: 100K(320K)->100K(320K) NonClass: 96K(192K)->96K(192K) Class: 4K(128K)->4K(128K)
[2024-08-27T14:57:34.554+0000][info][gc             ] GC(593) Pause Young (Concurrent Start) (G1 Evacuation Pause) 688M->688M(1024M) 19.939ms
[2024-08-27T14:57:34.554+0000][info][gc,cpu         ] GC(593) User=0.44s Sys=0.00s Real=0.02s
[2024-08-27T14:57:34.554+0000][info][gc             ] GC(594) Concurrent Mark Cycle
[2024-08-27T14:57:34.555+0000][info][gc,marking     ] GC(594) Concurrent Clear Claimed Marks
[2024-08-27T14:57:34.555+0000][info][gc,marking     ] GC(594) Concurrent Clear Claimed Marks 0.008ms
[2024-08-27T14:57:34.555+0000][info][gc,marking     ] GC(594) Concurrent Scan Root Regions
[2024-08-27T14:57:34.558+0000][info][gc,marking     ] GC(594) Concurrent Scan Root Regions 3.574ms
[2024-08-27T14:57:34.558+0000][info][gc,marking     ] GC(594) Concurrent Mark
[2024-08-27T14:57:34.558+0000][info][gc,marking     ] GC(594) Concurrent Mark From Roots
[2024-08-27T14:57:34.558+0000][info][gc,task        ] GC(594) Using 17 workers of 17 for marking
[2024-08-27T14:57:34.579+0000][info][gc,marking     ] GC(594) Concurrent Mark From Roots 20.976ms
[2024-08-27T14:57:34.579+0000][info][gc,marking     ] GC(594) Concurrent Preclean
[2024-08-27T14:57:34.580+0000][info][gc,marking     ] GC(594) Concurrent Preclean 0.539ms
[2024-08-27T14:57:34.580+0000][info][gc,start       ] GC(594) Pause Remark
[2024-08-27T14:57:34.581+0000][info][gc             ] GC(594) Pause Remark 710M->710M(1024M) 1.026ms
[2024-08-27T14:57:34.581+0000][info][gc,cpu         ] GC(594) User=0.01s Sys=0.00s Real=0.00s
[2024-08-27T14:57:34.581+0000][info][gc,marking     ] GC(594) Concurrent Mark 22.942ms
[2024-08-27T14:57:34.581+0000][info][gc,marking     ] GC(594) Concurrent Rebuild Remembered Sets
[2024-08-27T14:57:34.627+0000][info][gc,start       ] GC(595) Pause Young (Normal) (G1 Evacuation Pause)
[2024-08-27T14:57:34.627+0000][info][gc,task        ] GC(595) Using 24 workers of 68 for evacuation
[2024-08-27T14:57:34.644+0000][info][gc,phases      ] GC(595)   Pre Evacuate Collection Set: 0.2ms
[2024-08-27T14:57:34.644+0000][info][gc,phases      ] GC(595)   Merge Heap Roots: 0.4ms
[2024-08-27T14:57:34.644+0000][info][gc,phases      ] GC(595)   Evacuate Collection Set: 15.7ms
[2024-08-27T14:57:34.644+0000][info][gc,phases      ] GC(595)   Post Evacuate Collection Set: 0.5ms
[2024-08-27T14:57:34.644+0000][info][gc,phases      ] GC(595)   Other: 0.3ms
[2024-08-27T14:57:34.644+0000][info][gc,heap        ] GC(595) Eden regions: 69->0(45)
[2024-08-27T14:57:34.644+0000][info][gc,heap        ] GC(595) Survivor regions: 16->11(11)
[2024-08-27T14:57:34.644+0000][info][gc,heap        ] GC(595) Old regions: 679->758
[2024-08-27T14:57:34.644+0000][info][gc,heap        ] GC(595) Archive regions: 2->2
[2024-08-27T14:57:34.644+0000][info][gc,heap        ] GC(595) Humongous regions: 5->5
[2024-08-27T14:57:34.644+0000][info][gc,metaspace   ] GC(595) Metaspace: 100K(320K)->100K(320K) NonClass: 96K(192K)->96K(192K) Class: 4K(128K)->4K(128K)
[2024-08-27T14:57:34.644+0000][info][gc             ] GC(595) Pause Young (Normal) (G1 Evacuation Pause) 757M->762M(1024M) 17.121ms
[2024-08-27T14:57:34.644+0000][info][gc,cpu         ] GC(595) User=0.39s Sys=0.00s Real=0.02s
[2024-08-27T14:57:34.661+0000][info][gc,marking     ] GC(594) Concurrent Rebuild Remembered Sets 80.072ms
[2024-08-27T14:57:34.661+0000][info][gc,start       ] GC(594) Pause Cleanup
[2024-08-27T14:57:34.663+0000][info][gc             ] GC(594) Pause Cleanup 779M->779M(1024M) 1.405ms
[2024-08-27T14:57:34.663+0000][info][gc,cpu         ] GC(594) User=0.00s Sys=0.01s Real=0.00s
[2024-08-27T14:57:34.663+0000][info][gc,marking     ] GC(594) Concurrent Cleanup for Next Mark
[2024-08-27T14:57:34.664+0000][info][gc,marking     ] GC(594) Concurrent Cleanup for Next Mark 0.771ms
[2024-08-27T14:57:34.664+0000][info][gc             ] GC(594) Concurrent Mark Cycle 109.232ms
[2024-08-27T14:57:34.681+0000][info][gc,start       ] GC(596) Pause Young (Prepare Mixed) (G1 Evacuation Pause)
[2024-08-27T14:57:34.681+0000][info][gc,task        ] GC(596) Using 24 workers of 68 for evacuation
[2024-08-27T14:57:34.701+0000][info][gc,phases      ] GC(596)   Pre Evacuate Collection Set: 0.2ms
[2024-08-27T14:57:34.701+0000][info][gc,phases      ] GC(596)   Merge Heap Roots: 0.4ms
[2024-08-27T14:57:34.701+0000][info][gc,phases      ] GC(596)   Evacuate Collection Set: 18.7ms
[2024-08-27T14:57:34.701+0000][info][gc,phases      ] GC(596)   Post Evacuate Collection Set: 0.3ms
[2024-08-27T14:57:34.701+0000][info][gc,phases      ] GC(596)   Other: 0.2ms
[2024-08-27T14:57:34.701+0000][info][gc,heap        ] GC(596) Eden regions: 45->0(44)
[2024-08-27T14:57:34.701+0000][info][gc,heap        ] GC(596) Survivor regions: 11->7(7)
[2024-08-27T14:57:34.701+0000][info][gc,heap        ] GC(596) Old regions: 758->812
[2024-08-27T14:57:34.701+0000][info][gc,heap        ] GC(596) Archive regions: 2->2
[2024-08-27T14:57:34.701+0000][info][gc,heap        ] GC(596) Humongous regions: 5->5
[2024-08-27T14:57:34.701+0000][info][gc,metaspace   ] GC(596) Metaspace: 100K(320K)->100K(320K) NonClass: 96K(192K)->96K(192K) Class: 4K(128K)->4K(128K)
[2024-08-27T14:57:34.701+0000][info][gc             ] GC(596) Pause Young (Prepare Mixed) (G1 Evacuation Pause) 807M->812M(1024M) 19.850ms
[2024-08-27T14:57:34.701+0000][info][gc,cpu         ] GC(596) User=0.45s Sys=0.01s Real=0.02s
[2024-08-27T14:57:34.728+0000][info][gc,start       ] GC(597) Pause Young (Mixed) (G1 Evacuation Pause)
[2024-08-27T14:57:34.728+0000][info][gc,task        ] GC(597) Using 24 workers of 68 for evacuation
[2024-08-27T14:57:34.740+0000][info][gc,phases      ] GC(597)   Pre Evacuate Collection Set: 0.2ms
[2024-08-27T14:57:34.740+0000][info][gc,phases      ] GC(597)   Merge Heap Roots: 0.3ms
[2024-08-27T14:57:34.740+0000][info][gc,phases      ] GC(597)   Evacuate Collection Set: 11.5ms
[2024-08-27T14:57:34.740+0000][info][gc,phases      ] GC(597)   Post Evacuate Collection Set: 0.4ms
[2024-08-27T14:57:34.740+0000][info][gc,phases      ] GC(597)   Other: 0.2ms
[2024-08-27T14:57:34.740+0000][info][gc,heap        ] GC(597) Eden regions: 44->0(44)
[2024-08-27T14:57:34.740+0000][info][gc,heap        ] GC(597) Survivor regions: 7->7(7)
[2024-08-27T14:57:34.740+0000][info][gc,heap        ] GC(597) Old regions: 812->757
[2024-08-27T14:57:34.740+0000][info][gc,heap        ] GC(597) Archive regions: 2->2
[2024-08-27T14:57:34.740+0000][info][gc,heap        ] GC(597) Humongous regions: 5->5
[2024-08-27T14:57:34.740+0000][info][gc,metaspace   ] GC(597) Metaspace: 100K(320K)->100K(320K) NonClass: 96K(192K)->96K(192K) Class: 4K(128K)->4K(128K)
[2024-08-27T14:57:34.740+0000][info][gc             ] GC(597) Pause Young (Mixed) (G1 Evacuation Pause) 856M->758M(1024M) 12.570ms
[2024-08-27T14:57:34.740+0000][info][gc,cpu         ] GC(597) User=0.28s Sys=0.00s Real=0.02s
[2024-08-27T14:57:34.764+0000][info][gc,start       ] GC(598) Pause Young (Mixed) (G1 Evacuation Pause)
[2024-08-27T14:57:34.764+0000][info][gc,task        ] GC(598) Using 24 workers of 68 for evacuation
[2024-08-27T14:57:34.776+0000][info][gc,phases      ] GC(598)   Pre Evacuate Collection Set: 0.2ms
[2024-08-27T14:57:34.776+0000][info][gc,phases      ] GC(598)   Merge Heap Roots: 0.3ms
[2024-08-27T14:57:34.776+0000][info][gc,phases      ] GC(598)   Evacuate Collection Set: 10.9ms
[2024-08-27T14:57:34.776+0000][info][gc,phases      ] GC(598)   Post Evacuate Collection Set: 0.4ms
[2024-08-27T14:57:34.776+0000][info][gc,phases      ] GC(598)   Other: 0.3ms
[2024-08-27T14:57:34.776+0000][info][gc,heap        ] GC(598) Eden regions: 44->0(59)
[2024-08-27T14:57:34.776+0000][info][gc,heap        ] GC(598) Survivor regions: 7->7(7)
[2024-08-27T14:57:34.776+0000][info][gc,heap        ] GC(598) Old regions: 757->718
[2024-08-27T14:57:34.776+0000][info][gc,heap        ] GC(598) Archive regions: 2->2
[2024-08-27T14:57:34.776+0000][info][gc,heap        ] GC(598) Humongous regions: 5->5
[2024-08-27T14:57:34.776+0000][info][gc,metaspace   ] GC(598) Metaspace: 100K(320K)->100K(320K) NonClass: 96K(192K)->96K(192K) Class: 4K(128K)->4K(128K)
[2024-08-27T14:57:34.776+0000][info][gc             ] GC(598) Pause Young (Mixed) (G1 Evacuation Pause) 802M->727M(1024M) 12.132ms
[2024-08-27T14:57:34.776+0000][info][gc,cpu         ] GC(598) User=0.27s Sys=0.00s Real=0.01s
[2024-08-27T14:57:34.810+0000][info][gc,start       ] GC(599) Pause Young (Concurrent Start) (G1 Evacuation Pause)
[2024-08-27T14:57:34.810+0000][info][gc,task        ] GC(599) Using 24 workers of 68 for evacuation
[2024-08-27T14:57:34.824+0000][info][gc,phases      ] GC(599)   Pre Evacuate Collection Set: 0.2ms
[2024-08-27T14:57:34.824+0000][info][gc,phases      ] GC(599)   Merge Heap Roots: 0.2ms
[2024-08-27T14:57:34.824+0000][info][gc,phases      ] GC(599)   Evacuate Collection Set: 12.0ms
[2024-08-27T14:57:34.824+0000][info][gc,phases      ] GC(599)   Post Evacuate Collection Set: 0.4ms
[2024-08-27T14:57:34.824+0000][info][gc,phases      ] GC(599)   Other: 0.6ms
[2024-08-27T14:57:34.824+0000][info][gc,heap        ] GC(599) Eden regions: 59->0(42)
[2024-08-27T14:57:34.824+0000][info][gc,heap        ] GC(599) Survivor regions: 7->9(9)
[2024-08-27T14:57:34.824+0000][info][gc,heap        ] GC(599) Old regions: 718->777
[2024-08-27T14:57:34.824+0000][info][gc,heap        ] GC(599) Archive regions: 2->2
[2024-08-27T14:57:34.824+0000][info][gc,heap        ] GC(599) Humongous regions: 5->5
[2024-08-27T14:57:34.824+0000][info][gc,metaspace   ] GC(599) Metaspace: 100K(320K)->100K(320K) NonClass: 96K(192K)->96K(192K) Class: 4K(128K)->4K(128K)
[2024-08-27T14:57:34.824+0000][info][gc             ] GC(599) Pause Young (Concurrent Start) (G1 Evacuation Pause) 786M->788M(1024M) 13.507ms
[2024-08-27T14:57:34.824+0000][info][gc,cpu         ] GC(599) User=0.30s Sys=0.00s Real=0.01s
[2024-08-27T14:57:34.824+0000][info][gc             ] GC(600) Concurrent Mark Cycle
[2024-08-27T14:57:34.824+0000][info][gc,marking     ] GC(600) Concurrent Clear Claimed Marks
[2024-08-27T14:57:34.824+0000][info][gc,marking     ] GC(600) Concurrent Clear Claimed Marks 0.011ms
[2024-08-27T14:57:34.824+0000][info][gc,marking     ] GC(600) Concurrent Scan Root Regions
[2024-08-27T14:57:34.826+0000][info][gc,marking     ] GC(600) Concurrent Scan Root Regions 2.147ms
[2024-08-27T14:57:34.826+0000][info][gc,marking     ] GC(600) Concurrent Mark
[2024-08-27T14:57:34.826+0000][info][gc,marking     ] GC(600) Concurrent Mark From Roots
[2024-08-27T14:57:34.826+0000][info][gc,task        ] GC(600) Using 17 workers of 17 for marking
[2024-08-27T14:57:34.849+0000][info][gc,marking     ] GC(600) Concurrent Mark From Roots 23.135ms
[2024-08-27T14:57:34.849+0000][info][gc,marking     ] GC(600) Concurrent Preclean
[2024-08-27T14:57:34.850+0000][info][gc,marking     ] GC(600) Concurrent Preclean 0.429ms
[2024-08-27T14:57:34.850+0000][info][gc,start       ] GC(600) Pause Remark
[2024-08-27T14:57:34.851+0000][info][gc             ] GC(600) Pause Remark 813M->813M(1024M) 1.331ms
[2024-08-27T14:57:34.851+0000][info][gc,cpu         ] GC(600) User=0.00s Sys=0.00s Real=0.00s
[2024-08-27T14:57:34.851+0000][info][gc,marking     ] GC(600) Concurrent Mark 25.351ms
[2024-08-27T14:57:34.851+0000][info][gc,marking     ] GC(600) Concurrent Rebuild Remembered Sets
[2024-08-27T14:57:34.869+0000][info][gc,start       ] GC(601) Pause Young (Normal) (G1 Evacuation Pause)
[2024-08-27T14:57:34.869+0000][info][gc,task        ] GC(601) Using 24 workers of 68 for evacuation
[2024-08-27T14:57:34.879+0000][info][gc,phases      ] GC(601)   Pre Evacuate Collection Set: 0.2ms
[2024-08-27T14:57:34.879+0000][info][gc,phases      ] GC(601)   Merge Heap Roots: 0.4ms
[2024-08-27T14:57:34.879+0000][info][gc,phases      ] GC(601)   Evacuate Collection Set: 9.5ms
[2024-08-27T14:57:34.879+0000][info][gc,phases      ] GC(601)   Post Evacuate Collection Set: 0.7ms
[2024-08-27T14:57:34.880+0000][info][gc,phases      ] GC(601)   Other: 0.3ms
[2024-08-27T14:57:34.880+0000][info][gc,heap        ] GC(601) Eden regions: 42->0(44)
[2024-08-27T14:57:34.880+0000][info][gc,heap        ] GC(601) Survivor regions: 9->7(7)
[2024-08-27T14:57:34.880+0000][info][gc,heap        ] GC(601) Old regions: 777->823
[2024-08-27T14:57:34.880+0000][info][gc,heap        ] GC(601) Archive regions: 2->2
[2024-08-27T14:57:34.880+0000][info][gc,heap        ] GC(601) Humongous regions: 5->5
[2024-08-27T14:57:34.880+0000][info][gc,metaspace   ] GC(601) Metaspace: 100K(320K)->100K(320K) NonClass: 96K(192K)->96K(192K) Class: 4K(128K)->4K(128K)
[2024-08-27T14:57:34.880+0000][info][gc             ] GC(601) Pause Young (Normal) (G1 Evacuation Pause) 830M->832M(1024M) 11.126ms
[2024-08-27T14:57:34.880+0000][info][gc,cpu         ] GC(601) User=0.24s Sys=0.00s Real=0.02s
[2024-08-27T14:57:34.918+0000][info][gc,start       ] GC(602) Pause Young (Normal) (G1 Evacuation Pause)
[2024-08-27T14:57:34.918+0000][info][gc,task        ] GC(602) Using 24 workers of 68 for evacuation
[2024-08-27T14:57:34.933+0000][info][gc,phases      ] GC(602)   Pre Evacuate Collection Set: 0.2ms
[2024-08-27T14:57:34.933+0000][info][gc,phases      ] GC(602)   Merge Heap Roots: 0.3ms
[2024-08-27T14:57:34.933+0000][info][gc,phases      ] GC(602)   Evacuate Collection Set: 13.4ms
[2024-08-27T14:57:34.933+0000][info][gc,phases      ] GC(602)   Post Evacuate Collection Set: 0.6ms
[2024-08-27T14:57:34.933+0000][info][gc,phases      ] GC(602)   Other: 0.3ms
[2024-08-27T14:57:34.933+0000][info][gc,heap        ] GC(602) Eden regions: 44->0(44)
[2024-08-27T14:57:34.933+0000][info][gc,heap        ] GC(602) Survivor regions: 7->7(7)
[2024-08-27T14:57:34.933+0000][info][gc,heap        ] GC(602) Old regions: 823->870
[2024-08-27T14:57:34.933+0000][info][gc,heap        ] GC(602) Archive regions: 2->2
[2024-08-27T14:57:34.933+0000][info][gc,heap        ] GC(602) Humongous regions: 5->5
[2024-08-27T14:57:34.933+0000][info][gc,metaspace   ] GC(602) Metaspace: 100K(320K)->100K(320K) NonClass: 96K(192K)->96K(192K) Class: 4K(128K)->4K(128K)
[2024-08-27T14:57:34.933+0000][info][gc             ] GC(602) Pause Young (Normal) (G1 Evacuation Pause) 876M->879M(1024M) 14.862ms
[2024-08-27T14:57:34.933+0000][info][gc,cpu         ] GC(602) User=0.33s Sys=0.01s Real=0.01s
[2024-08-27T14:57:34.943+0000][info][gc,marking     ] GC(600) Concurrent Rebuild Remembered Sets 91.438ms
[2024-08-27T14:57:34.943+0000][info][gc,start       ] GC(600) Pause Cleanup
[2024-08-27T14:57:34.945+0000][info][gc             ] GC(600) Pause Cleanup 890M->890M(1024M) 1.420ms
[2024-08-27T14:57:34.945+0000][info][gc,cpu         ] GC(600) User=0.01s Sys=0.00s Real=0.00s
[2024-08-27T14:57:34.945+0000][info][gc,marking     ] GC(600) Concurrent Cleanup for Next Mark
[2024-08-27T14:57:34.945+0000][info][gc,marking     ] GC(600) Concurrent Cleanup for Next Mark 0.730ms
[2024-08-27T14:57:34.945+0000][info][gc             ] GC(600) Concurrent Mark Cycle 121.540ms
[2024-08-27T14:57:34.965+0000][info][gc,start       ] GC(603) Pause Young (Prepare Mixed) (G1 Evacuation Pause)
[2024-08-27T14:57:34.965+0000][info][gc,task        ] GC(603) Using 24 workers of 68 for evacuation
[2024-08-27T14:57:34.981+0000][info][gc,phases      ] GC(603)   Pre Evacuate Collection Set: 0.2ms
[2024-08-27T14:57:34.981+0000][info][gc,phases      ] GC(603)   Merge Heap Roots: 0.5ms
[2024-08-27T14:57:34.981+0000][info][gc,phases      ] GC(603)   Evacuate Collection Set: 15.1ms
[2024-08-27T14:57:34.981+0000][info][gc,phases      ] GC(603)   Post Evacuate Collection Set: 0.3ms
[2024-08-27T14:57:34.981+0000][info][gc,phases      ] GC(603)   Other: 0.2ms
[2024-08-27T14:57:34.981+0000][info][gc,heap        ] GC(603) Eden regions: 44->0(44)
[2024-08-27T14:57:34.981+0000][info][gc,heap        ] GC(603) Survivor regions: 7->7(7)
[2024-08-27T14:57:34.981+0000][info][gc,heap        ] GC(603) Old regions: 870->917
[2024-08-27T14:57:34.981+0000][info][gc,heap        ] GC(603) Archive regions: 2->2
[2024-08-27T14:57:34.981+0000][info][gc,heap        ] GC(603) Humongous regions: 5->5
[2024-08-27T14:57:34.981+0000][info][gc,metaspace   ] GC(603) Metaspace: 100K(320K)->100K(320K) NonClass: 96K(192K)->96K(192K) Class: 4K(128K)->4K(128K)
[2024-08-27T14:57:34.981+0000][info][gc             ] GC(603) Pause Young (Prepare Mixed) (G1 Evacuation Pause) 923M->926M(1024M) 16.307ms
[2024-08-27T14:57:34.981+0000][info][gc,cpu         ] GC(603) User=0.37s Sys=0.00s Real=0.02s
[2024-08-27T14:57:35.003+0000][info][gc,start       ] GC(604) Pause Young (Mixed) (G1 Preventive Collection)
[2024-08-27T14:57:35.003+0000][info][gc,task        ] GC(604) Using 24 workers of 68 for evacuation
[2024-08-27T14:57:35.014+0000][info][gc,phases      ] GC(604)   Pre Evacuate Collection Set: 0.2ms
[2024-08-27T14:57:35.014+0000][info][gc,phases      ] GC(604)   Merge Heap Roots: 0.4ms
[2024-08-27T14:57:35.014+0000][info][gc,phases      ] GC(604)   Evacuate Collection Set: 10.2ms
[2024-08-27T14:57:35.014+0000][info][gc,phases      ] GC(604)   Post Evacuate Collection Set: 0.3ms
[2024-08-27T14:57:35.014+0000][info][gc,phases      ] GC(604)   Other: 0.2ms
[2024-08-27T14:57:35.014+0000][info][gc,heap        ] GC(604) Eden regions: 40->0(44)
[2024-08-27T14:57:35.014+0000][info][gc,heap        ] GC(604) Survivor regions: 7->7(7)
[2024-08-27T14:57:35.014+0000][info][gc,heap        ] GC(604) Old regions: 917->856
[2024-08-27T14:57:35.014+0000][info][gc,heap        ] GC(604) Archive regions: 2->2
[2024-08-27T14:57:35.014+0000][info][gc,heap        ] GC(604) Humongous regions: 5->5
[2024-08-27T14:57:35.014+0000][info][gc,metaspace   ] GC(604) Metaspace: 100K(320K)->100K(320K) NonClass: 96K(192K)->96K(192K) Class: 4K(128K)->4K(128K)
[2024-08-27T14:57:35.014+0000][info][gc             ] GC(604) Pause Young (Mixed) (G1 Preventive Collection) 966M->866M(1024M) 11.413ms
[2024-08-27T14:57:35.014+0000][info][gc,cpu         ] GC(604) User=0.26s Sys=0.00s Real=0.01s
[2024-08-27T14:57:35.036+0000][info][gc,start       ] GC(605) Pause Young (Mixed) (G1 Evacuation Pause)
[2024-08-27T14:57:35.036+0000][info][gc,task        ] GC(605) Using 24 workers of 68 for evacuation
[2024-08-27T14:57:35.048+0000][info][gc,phases      ] GC(605)   Pre Evacuate Collection Set: 0.2ms
[2024-08-27T14:57:35.048+0000][info][gc,phases      ] GC(605)   Merge Heap Roots: 0.3ms
[2024-08-27T14:57:35.048+0000][info][gc,phases      ] GC(605)   Evacuate Collection Set: 10.5ms
[2024-08-27T14:57:35.048+0000][info][gc,phases      ] GC(605)   Post Evacuate Collection Set: 0.4ms
[2024-08-27T14:57:35.048+0000][info][gc,phases      ] GC(605)   Other: 0.3ms
[2024-08-27T14:57:35.048+0000][info][gc,heap        ] GC(605) Eden regions: 44->0(44)
[2024-08-27T14:57:35.048+0000][info][gc,heap        ] GC(605) Survivor regions: 7->7(7)
[2024-08-27T14:57:35.048+0000][info][gc,heap        ] GC(605) Old regions: 856->800
[2024-08-27T14:57:35.048+0000][info][gc,heap        ] GC(605) Archive regions: 2->2
[2024-08-27T14:57:35.048+0000][info][gc,heap        ] GC(605) Humongous regions: 5->5
[2024-08-27T14:57:35.048+0000][info][gc,metaspace   ] GC(605) Metaspace: 100K(320K)->100K(320K) NonClass: 96K(192K)->96K(192K) Class: 4K(128K)->4K(128K)
[2024-08-27T14:57:35.048+0000][info][gc             ] GC(605) Pause Young (Mixed) (G1 Evacuation Pause) 910M->811M(1024M) 11.740ms
[2024-08-27T14:57:35.048+0000][info][gc,cpu         ] GC(605) User=0.26s Sys=0.00s Real=0.01s
[2024-08-27T14:57:35.070+0000][info][gc,start       ] GC(606) Pause Young (Mixed) (G1 Evacuation Pause)
[2024-08-27T14:57:35.070+0000][info][gc,task        ] GC(606) Using 24 workers of 68 for evacuation
[2024-08-27T14:57:35.083+0000][info][gc,phases      ] GC(606)   Pre Evacuate Collection Set: 0.2ms
[2024-08-27T14:57:35.083+0000][info][gc,phases      ] GC(606)   Merge Heap Roots: 0.4ms
[2024-08-27T14:57:35.083+0000][info][gc,phases      ] GC(606)   Evacuate Collection Set: 12.0ms
[2024-08-27T14:57:35.083+0000][info][gc,phases      ] GC(606)   Post Evacuate Collection Set: 0.3ms
[2024-08-27T14:57:35.083+0000][info][gc,phases      ] GC(606)   Other: 0.3ms
[2024-08-27T14:57:35.083+0000][info][gc,heap        ] GC(606) Eden regions: 44->0(44)
[2024-08-27T14:57:35.083+0000][info][gc,heap        ] GC(606) Survivor regions: 7->7(7)
[2024-08-27T14:57:35.083+0000][info][gc,heap        ] GC(606) Old regions: 800->768
[2024-08-27T14:57:35.083+0000][info][gc,heap        ] GC(606) Archive regions: 2->2
[2024-08-27T14:57:35.083+0000][info][gc,heap        ] GC(606) Humongous regions: 5->5
[2024-08-27T14:57:35.083+0000][info][gc,metaspace   ] GC(606) Metaspace: 100K(320K)->100K(320K) NonClass: 96K(192K)->96K(192K) Class: 4K(128K)->4K(128K)
[2024-08-27T14:57:35.083+0000][info][gc             ] GC(606) Pause Young (Mixed) (G1 Evacuation Pause) 855M->780M(1024M) 13.299ms
[2024-08-27T14:57:35.083+0000][info][gc,cpu         ] GC(606) User=0.30s Sys=0.00s Real=0.01s
[2024-08-27T14:57:35.105+0000][info][gc,start       ] GC(607) Pause Young (Concurrent Start) (G1 Evacuation Pause)
[2024-08-27T14:57:35.105+0000][info][gc,task        ] GC(607) Using 24 workers of 68 for evacuation
[2024-08-27T14:57:35.117+0000][info][gc,phases      ] GC(607)   Pre Evacuate Collection Set: 0.2ms
[2024-08-27T14:57:35.117+0000][info][gc,phases      ] GC(607)   Merge Heap Roots: 0.4ms
[2024-08-27T14:57:35.118+0000][info][gc,phases      ] GC(607)   Evacuate Collection Set: 10.3ms
[2024-08-27T14:57:35.118+0000][info][gc,phases      ] GC(607)   Post Evacuate Collection Set: 0.3ms
[2024-08-27T14:57:35.118+0000][info][gc,phases      ] GC(607)   Other: 1.2ms
[2024-08-27T14:57:35.118+0000][info][gc,heap        ] GC(607) Eden regions: 44->0(44)
[2024-08-27T14:57:35.118+0000][info][gc,heap        ] GC(607) Survivor regions: 7->7(7)
[2024-08-27T14:57:35.118+0000][info][gc,heap        ] GC(607) Old regions: 768->815
[2024-08-27T14:57:35.118+0000][info][gc,heap        ] GC(607) Archive regions: 2->2
[2024-08-27T14:57:35.118+0000][info][gc,heap        ] GC(607) Humongous regions: 5->5
[2024-08-27T14:57:35.118+0000][info][gc,metaspace   ] GC(607) Metaspace: 100K(320K)->100K(320K) NonClass: 96K(192K)->96K(192K) Class: 4K(128K)->4K(128K)
[2024-08-27T14:57:35.118+0000][info][gc             ] GC(607) Pause Young (Concurrent Start) (G1 Evacuation Pause) 824M->827M(1024M) 12.542ms
[2024-08-27T14:57:35.118+0000][info][gc,cpu         ] GC(607) User=0.25s Sys=0.01s Real=0.02s
[2024-08-27T14:57:35.118+0000][info][gc             ] GC(608) Concurrent Mark Cycle
[2024-08-27T14:57:35.118+0000][info][gc,marking     ] GC(608) Concurrent Clear Claimed Marks
[2024-08-27T14:57:35.118+0000][info][gc,marking     ] GC(608) Concurrent Clear Claimed Marks 0.008ms
[2024-08-27T14:57:35.118+0000][info][gc,marking     ] GC(608) Concurrent Scan Root Regions
[2024-08-27T14:57:35.119+0000][info][gc,marking     ] GC(608) Concurrent Scan Root Regions 1.528ms
[2024-08-27T14:57:35.119+0000][info][gc,marking     ] GC(608) Concurrent Mark
[2024-08-27T14:57:35.119+0000][info][gc,marking     ] GC(608) Concurrent Mark From Roots
[2024-08-27T14:57:35.119+0000][info][gc,task        ] GC(608) Using 17 workers of 17 for marking
[2024-08-27T14:57:35.144+0000][info][gc,marking     ] GC(608) Concurrent Mark From Roots 24.598ms
[2024-08-27T14:57:35.144+0000][info][gc,marking     ] GC(608) Concurrent Preclean
[2024-08-27T14:57:35.144+0000][info][gc,marking     ] GC(608) Concurrent Preclean 0.323ms
[2024-08-27T14:57:35.144+0000][info][gc,start       ] GC(608) Pause Remark
[2024-08-27T14:57:35.146+0000][info][gc             ] GC(608) Pause Remark 853M->853M(1024M) 1.272ms
[2024-08-27T14:57:35.146+0000][info][gc,cpu         ] GC(608) User=0.00s Sys=0.00s Real=0.00s
[2024-08-27T14:57:35.146+0000][info][gc,marking     ] GC(608) Concurrent Mark 26.538ms
[2024-08-27T14:57:35.146+0000][info][gc,marking     ] GC(608) Concurrent Rebuild Remembered Sets
[2024-08-27T14:57:35.162+0000][info][gc,start       ] GC(609) Pause Young (Normal) (G1 Evacuation Pause)
[2024-08-27T14:57:35.162+0000][info][gc,task        ] GC(609) Using 24 workers of 68 for evacuation
[2024-08-27T14:57:35.172+0000][info][gc,phases      ] GC(609)   Pre Evacuate Collection Set: 0.1ms
[2024-08-27T14:57:35.172+0000][info][gc,phases      ] GC(609)   Merge Heap Roots: 0.2ms
[2024-08-27T14:57:35.172+0000][info][gc,phases      ] GC(609)   Evacuate Collection Set: 9.1ms
[2024-08-27T14:57:35.172+0000][info][gc,phases      ] GC(609)   Post Evacuate Collection Set: 0.4ms
[2024-08-27T14:57:35.172+0000][info][gc,phases      ] GC(609)   Other: 0.3ms
[2024-08-27T14:57:35.172+0000][info][gc,heap        ] GC(609) Eden regions: 44->0(44)
[2024-08-27T14:57:35.172+0000][info][gc,heap        ] GC(609) Survivor regions: 7->7(7)
[2024-08-27T14:57:35.172+0000][info][gc,heap        ] GC(609) Old regions: 815->862
[2024-08-27T14:57:35.172+0000][info][gc,heap        ] GC(609) Archive regions: 2->2
[2024-08-27T14:57:35.172+0000][info][gc,heap        ] GC(609) Humongous regions: 5->5
[2024-08-27T14:57:35.172+0000][info][gc,metaspace   ] GC(609) Metaspace: 100K(320K)->100K(320K) NonClass: 96K(192K)->96K(192K) Class: 4K(128K)->4K(128K)
[2024-08-27T14:57:35.172+0000][info][gc             ] GC(609) Pause Young (Normal) (G1 Evacuation Pause) 871M->874M(1024M) 10.286ms
[2024-08-27T14:57:35.172+0000][info][gc,cpu         ] GC(609) User=0.22s Sys=0.00s Real=0.01s
[2024-08-27T14:57:35.211+0000][info][gc,start       ] GC(610) Pause Young (Normal) (G1 Evacuation Pause)
[2024-08-27T14:57:35.211+0000][info][gc,task        ] GC(610) Using 24 workers of 68 for evacuation
[2024-08-27T14:57:35.226+0000][info][gc,phases      ] GC(610)   Pre Evacuate Collection Set: 0.2ms
[2024-08-27T14:57:35.226+0000][info][gc,phases      ] GC(610)   Merge Heap Roots: 0.5ms
[2024-08-27T14:57:35.226+0000][info][gc,phases      ] GC(610)   Evacuate Collection Set: 13.8ms
[2024-08-27T14:57:35.226+0000][info][gc,phases      ] GC(610)   Post Evacuate Collection Set: 0.6ms
[2024-08-27T14:57:35.226+0000][info][gc,phases      ] GC(610)   Other: 0.3ms
[2024-08-27T14:57:35.226+0000][info][gc,heap        ] GC(610) Eden regions: 44->0(44)
[2024-08-27T14:57:35.226+0000][info][gc,heap        ] GC(610) Survivor regions: 7->7(7)
[2024-08-27T14:57:35.226+0000][info][gc,heap        ] GC(610) Old regions: 862->909
[2024-08-27T14:57:35.226+0000][info][gc,heap        ] GC(610) Archive regions: 2->2
[2024-08-27T14:57:35.226+0000][info][gc,heap        ] GC(610) Humongous regions: 5->5
[2024-08-27T14:57:35.226+0000][info][gc,metaspace   ] GC(610) Metaspace: 100K(320K)->100K(320K) NonClass: 96K(192K)->96K(192K) Class: 4K(128K)->4K(128K)
[2024-08-27T14:57:35.226+0000][info][gc             ] GC(610) Pause Young (Normal) (G1 Evacuation Pause) 918M->921M(1024M) 15.295ms
[2024-08-27T14:57:35.226+0000][info][gc,cpu         ] GC(610) User=0.35s Sys=0.00s Real=0.01s
[2024-08-27T14:57:35.237+0000][info][gc,marking     ] GC(608) Concurrent Rebuild Remembered Sets 91.460ms
[2024-08-27T14:57:35.238+0000][info][gc,start       ] GC(608) Pause Cleanup
[2024-08-27T14:57:35.239+0000][info][gc             ] GC(608) Pause Cleanup 934M->934M(1024M) 1.267ms
[2024-08-27T14:57:35.239+0000][info][gc,cpu         ] GC(608) User=0.00s Sys=0.00s Real=0.00s
[2024-08-27T14:57:35.239+0000][info][gc,marking     ] GC(608) Concurrent Cleanup for Next Mark
[2024-08-27T14:57:35.240+0000][info][gc,marking     ] GC(608) Concurrent Cleanup for Next Mark 0.784ms
[2024-08-27T14:57:35.240+0000][info][gc             ] GC(608) Concurrent Mark Cycle 122.111ms
[2024-08-27T14:57:35.258+0000][info][gc,start       ] GC(611) Pause Young (Prepare Mixed) (G1 Evacuation Pause)
[2024-08-27T14:57:35.258+0000][info][gc,task        ] GC(611) Using 24 workers of 68 for evacuation
[2024-08-27T14:57:35.274+0000][info][gc,phases      ] GC(611)   Pre Evacuate Collection Set: 0.2ms
[2024-08-27T14:57:35.274+0000][info][gc,phases      ] GC(611)   Merge Heap Roots: 0.4ms
[2024-08-27T14:57:35.274+0000][info][gc,phases      ] GC(611)   Evacuate Collection Set: 15.1ms
[2024-08-27T14:57:35.274+0000][info][gc,phases      ] GC(611)   Post Evacuate Collection Set: 0.3ms
[2024-08-27T14:57:35.274+0000][info][gc,phases      ] GC(611)   Other: 0.2ms
[2024-08-27T14:57:35.274+0000][info][gc,heap        ] GC(611) Eden regions: 44->0(44)
[2024-08-27T14:57:35.274+0000][info][gc,heap        ] GC(611) Survivor regions: 7->7(7)
[2024-08-27T14:57:35.274+0000][info][gc,heap        ] GC(611) Old regions: 909->956
[2024-08-27T14:57:35.274+0000][info][gc,heap        ] GC(611) Archive regions: 2->2
[2024-08-27T14:57:35.274+0000][info][gc,heap        ] GC(611) Humongous regions: 5->5
[2024-08-27T14:57:35.274+0000][info][gc,metaspace   ] GC(611) Metaspace: 100K(320K)->100K(320K) NonClass: 96K(192K)->96K(192K) Class: 4K(128K)->4K(128K)
[2024-08-27T14:57:35.274+0000][info][gc             ] GC(611) Pause Young (Prepare Mixed) (G1 Evacuation Pause) 965M->968M(1024M) 16.316ms
[2024-08-27T14:57:35.274+0000][info][gc,cpu         ] GC(611) User=0.35s Sys=0.02s Real=0.01s
[2024-08-27T14:57:35.286+0000][info][gc,start       ] GC(612) Pause Young (Mixed) (G1 Preventive Collection)
[2024-08-27T14:57:35.286+0000][info][gc,task        ] GC(612) Using 24 workers of 68 for evacuation
[2024-08-27T14:57:35.293+0000][info][gc,phases      ] GC(612)   Pre Evacuate Collection Set: 0.2ms
[2024-08-27T14:57:35.294+0000][info][gc,phases      ] GC(612)   Merge Heap Roots: 0.2ms
[2024-08-27T14:57:35.294+0000][info][gc,phases      ] GC(612)   Evacuate Collection Set: 6.9ms
[2024-08-27T14:57:35.294+0000][info][gc,phases      ] GC(612)   Post Evacuate Collection Set: 0.4ms
[2024-08-27T14:57:35.294+0000][info][gc,phases      ] GC(612)   Other: 0.2ms
[2024-08-27T14:57:35.294+0000][info][gc,heap        ] GC(612) Eden regions: 21->0(44)
[2024-08-27T14:57:35.294+0000][info][gc,heap        ] GC(612) Survivor regions: 7->7(7)
[2024-08-27T14:57:35.294+0000][info][gc,heap        ] GC(612) Old regions: 956->879
[2024-08-27T14:57:35.294+0000][info][gc,heap        ] GC(612) Archive regions: 2->2
[2024-08-27T14:57:35.294+0000][info][gc,heap        ] GC(612) Humongous regions: 5->5
[2024-08-27T14:57:35.294+0000][info][gc,metaspace   ] GC(612) Metaspace: 100K(320K)->100K(320K) NonClass: 96K(192K)->96K(192K) Class: 4K(128K)->4K(128K)
[2024-08-27T14:57:35.294+0000][info][gc             ] GC(612) Pause Young (Mixed) (G1 Preventive Collection) 989M->891M(1024M) 7.927ms
[2024-08-27T14:57:35.294+0000][info][gc,cpu         ] GC(612) User=0.17s Sys=0.01s Real=0.01s
[2024-08-27T14:57:35.316+0000][info][gc,start       ] GC(613) Pause Young (Mixed) (G1 Evacuation Pause)
[2024-08-27T14:57:35.316+0000][info][gc,task        ] GC(613) Using 24 workers of 68 for evacuation
[2024-08-27T14:57:35.327+0000][info][gc,phases      ] GC(613)   Pre Evacuate Collection Set: 0.2ms
[2024-08-27T14:57:35.327+0000][info][gc,phases      ] GC(613)   Merge Heap Roots: 0.3ms
[2024-08-27T14:57:35.327+0000][info][gc,phases      ] GC(613)   Evacuate Collection Set: 9.8ms
[2024-08-27T14:57:35.327+0000][info][gc,phases      ] GC(613)   Post Evacuate Collection Set: 0.4ms
[2024-08-27T14:57:35.327+0000][info][gc,phases      ] GC(613)   Other: 0.3ms
[2024-08-27T14:57:35.327+0000][info][gc,heap        ] GC(613) Eden regions: 44->0(44)
[2024-08-27T14:57:35.327+0000][info][gc,heap        ] GC(613) Survivor regions: 7->7(7)
[2024-08-27T14:57:35.327+0000][info][gc,heap        ] GC(613) Old regions: 879->821
[2024-08-27T14:57:35.327+0000][info][gc,heap        ] GC(613) Archive regions: 2->2
[2024-08-27T14:57:35.327+0000][info][gc,heap        ] GC(613) Humongous regions: 5->5
[2024-08-27T14:57:35.327+0000][info][gc,metaspace   ] GC(613) Metaspace: 100K(320K)->100K(320K) NonClass: 96K(192K)->96K(192K) Class: 4K(128K)->4K(128K)
[2024-08-27T14:57:35.327+0000][info][gc             ] GC(613) Pause Young (Mixed) (G1 Evacuation Pause) 935M->833M(1024M) 11.080ms
[2024-08-27T14:57:35.327+0000][info][gc,cpu         ] GC(613) User=0.24s Sys=0.00s Real=0.01s
[2024-08-27T14:57:35.349+0000][info][gc,start       ] GC(614) Pause Young (Mixed) (G1 Evacuation Pause)
[2024-08-27T14:57:35.349+0000][info][gc,task        ] GC(614) Using 24 workers of 68 for evacuation
[2024-08-27T14:57:35.360+0000][info][gc,phases      ] GC(614)   Pre Evacuate Collection Set: 0.2ms
[2024-08-27T14:57:35.360+0000][info][gc,phases      ] GC(614)   Merge Heap Roots: 0.3ms
[2024-08-27T14:57:35.360+0000][info][gc,phases      ] GC(614)   Evacuate Collection Set: 10.3ms
[2024-08-27T14:57:35.361+0000][info][gc,phases      ] GC(614)   Post Evacuate Collection Set: 0.4ms
[2024-08-27T14:57:35.361+0000][info][gc,phases      ] GC(614)   Other: 0.3ms
[2024-08-27T14:57:35.361+0000][info][gc,heap        ] GC(614) Eden regions: 44->0(44)
[2024-08-27T14:57:35.361+0000][info][gc,heap        ] GC(614) Survivor regions: 7->7(7)
[2024-08-27T14:57:35.361+0000][info][gc,heap        ] GC(614) Old regions: 821->768
[2024-08-27T14:57:35.361+0000][info][gc,heap        ] GC(614) Archive regions: 2->2
[2024-08-27T14:57:35.361+0000][info][gc,heap        ] GC(614) Humongous regions: 5->5
[2024-08-27T14:57:35.361+0000][info][gc,metaspace   ] GC(614) Metaspace: 100K(320K)->100K(320K) NonClass: 96K(192K)->96K(192K) Class: 4K(128K)->4K(128K)
[2024-08-27T14:57:35.361+0000][info][gc             ] GC(614) Pause Young (Mixed) (G1 Evacuation Pause) 877M->780M(1024M) 11.592ms
[2024-08-27T14:57:35.361+0000][info][gc,cpu         ] GC(614) User=0.25s Sys=0.00s Real=0.02s
[2024-08-27T14:57:35.383+0000][info][gc,start       ] GC(615) Pause Young (Mixed) (G1 Evacuation Pause)
[2024-08-27T14:57:35.383+0000][info][gc,task        ] GC(615) Using 24 workers of 68 for evacuation
[2024-08-27T14:57:35.393+0000][info][gc,phases      ] GC(615)   Pre Evacuate Collection Set: 0.2ms
[2024-08-27T14:57:35.393+0000][info][gc,phases      ] GC(615)   Merge Heap Roots: 0.3ms
[2024-08-27T14:57:35.393+0000][info][gc,phases      ] GC(615)   Evacuate Collection Set: 9.9ms
[2024-08-27T14:57:35.394+0000][info][gc,phases      ] GC(615)   Post Evacuate Collection Set: 0.4ms
[2024-08-27T14:57:35.394+0000][info][gc,phases      ] GC(615)   Other: 0.3ms
[2024-08-27T14:57:35.394+0000][info][gc,heap        ] GC(615) Eden regions: 44->0(44)
[2024-08-27T14:57:35.394+0000][info][gc,heap        ] GC(615) Survivor regions: 7->7(7)
[2024-08-27T14:57:35.394+0000][info][gc,heap        ] GC(615) Old regions: 768->812
[2024-08-27T14:57:35.394+0000][info][gc,heap        ] GC(615) Archive regions: 2->2
[2024-08-27T14:57:35.394+0000][info][gc,heap        ] GC(615) Humongous regions: 5->5
[2024-08-27T14:57:35.394+0000][info][gc,metaspace   ] GC(615) Metaspace: 100K(320K)->100K(320K) NonClass: 96K(192K)->96K(192K) Class: 4K(128K)->4K(128K)
[2024-08-27T14:57:35.394+0000][info][gc             ] GC(615) Pause Young (Mixed) (G1 Evacuation Pause) 824M->824M(1024M) 11.092ms
[2024-08-27T14:57:35.394+0000][info][gc,cpu         ] GC(615) User=0.24s Sys=0.00s Real=0.01s
[2024-08-27T14:57:35.416+0000][info][gc,start       ] GC(616) Pause Young (Concurrent Start) (G1 Evacuation Pause)
[2024-08-27T14:57:35.416+0000][info][gc,task        ] GC(616) Using 24 workers of 68 for evacuation
[2024-08-27T14:57:35.427+0000][info][gc,phases      ] GC(616)   Pre Evacuate Collection Set: 0.2ms
[2024-08-27T14:57:35.427+0000][info][gc,phases      ] GC(616)   Merge Heap Roots: 0.3ms
[2024-08-27T14:57:35.427+0000][info][gc,phases      ] GC(616)   Evacuate Collection Set: 9.4ms
[2024-08-27T14:57:35.427+0000][info][gc,phases      ] GC(616)   Post Evacuate Collection Set: 0.4ms
[2024-08-27T14:57:35.427+0000][info][gc,phases      ] GC(616)   Other: 0.8ms
[2024-08-27T14:57:35.427+0000][info][gc,heap        ] GC(616) Eden regions: 44->0(44)
[2024-08-27T14:57:35.427+0000][info][gc,heap        ] GC(616) Survivor regions: 7->7(7)
[2024-08-27T14:57:35.427+0000][info][gc,heap        ] GC(616) Old regions: 812->859
[2024-08-27T14:57:35.427+0000][info][gc,heap        ] GC(616) Archive regions: 2->2
[2024-08-27T14:57:35.427+0000][info][gc,heap        ] GC(616) Humongous regions: 5->5
[2024-08-27T14:57:35.427+0000][info][gc,metaspace   ] GC(616) Metaspace: 100K(320K)->100K(320K) NonClass: 96K(192K)->96K(192K) Class: 4K(128K)->4K(128K)
[2024-08-27T14:57:35.427+0000][info][gc             ] GC(616) Pause Young (Concurrent Start) (G1 Evacuation Pause) 868M->871M(1024M) 11.095ms
[2024-08-27T14:57:35.427+0000][info][gc,cpu         ] GC(616) User=0.23s Sys=0.00s Real=0.01s
[2024-08-27T14:57:35.427+0000][info][gc             ] GC(617) Concurrent Mark Cycle
[2024-08-27T14:57:35.427+0000][info][gc,marking     ] GC(617) Concurrent Clear Claimed Marks
[2024-08-27T14:57:35.427+0000][info][gc,marking     ] GC(617) Concurrent Clear Claimed Marks 0.013ms
[2024-08-27T14:57:35.427+0000][info][gc,marking     ] GC(617) Concurrent Scan Root Regions
[2024-08-27T14:57:35.429+0000][info][gc,marking     ] GC(617) Concurrent Scan Root Regions 1.705ms
[2024-08-27T14:57:35.429+0000][info][gc,marking     ] GC(617) Concurrent Mark
[2024-08-27T14:57:35.429+0000][info][gc,marking     ] GC(617) Concurrent Mark From Roots
[2024-08-27T14:57:35.429+0000][info][gc,task        ] GC(617) Using 17 workers of 17 for marking
[2024-08-27T14:57:35.453+0000][info][gc,marking     ] GC(617) Concurrent Mark From Roots 24.259ms
[2024-08-27T14:57:35.453+0000][info][gc,marking     ] GC(617) Concurrent Preclean
[2024-08-27T14:57:35.454+0000][info][gc,marking     ] GC(617) Concurrent Preclean 0.701ms
[2024-08-27T14:57:35.454+0000][info][gc,start       ] GC(617) Pause Remark
[2024-08-27T14:57:35.456+0000][info][gc             ] GC(617) Pause Remark 898M->898M(1024M) 1.508ms
[2024-08-27T14:57:35.456+0000][info][gc,cpu         ] GC(617) User=0.01s Sys=0.00s Real=0.00s
[2024-08-27T14:57:35.456+0000][info][gc,marking     ] GC(617) Concurrent Mark 26.966ms
[2024-08-27T14:57:35.456+0000][info][gc,marking     ] GC(617) Concurrent Rebuild Remembered Sets
[2024-08-27T14:57:35.472+0000][info][gc,start       ] GC(618) Pause Young (Normal) (G1 Evacuation Pause)
[2024-08-27T14:57:35.472+0000][info][gc,task        ] GC(618) Using 24 workers of 68 for evacuation
[2024-08-27T14:57:35.482+0000][info][gc,phases      ] GC(618)   Pre Evacuate Collection Set: 0.2ms
[2024-08-27T14:57:35.482+0000][info][gc,phases      ] GC(618)   Merge Heap Roots: 0.4ms
[2024-08-27T14:57:35.482+0000][info][gc,phases      ] GC(618)   Evacuate Collection Set: 9.3ms
[2024-08-27T14:57:35.482+0000][info][gc,phases      ] GC(618)   Post Evacuate Collection Set: 0.5ms
[2024-08-27T14:57:35.482+0000][info][gc,phases      ] GC(618)   Other: 0.3ms
[2024-08-27T14:57:35.482+0000][info][gc,heap        ] GC(618) Eden regions: 44->0(44)
[2024-08-27T14:57:35.482+0000][info][gc,heap        ] GC(618) Survivor regions: 7->7(7)
[2024-08-27T14:57:35.482+0000][info][gc,heap        ] GC(618) Old regions: 859->907
[2024-08-27T14:57:35.482+0000][info][gc,heap        ] GC(618) Archive regions: 2->2
[2024-08-27T14:57:35.482+0000][info][gc,heap        ] GC(618) Humongous regions: 5->5
[2024-08-27T14:57:35.482+0000][info][gc,metaspace   ] GC(618) Metaspace: 100K(320K)->100K(320K) NonClass: 96K(192K)->96K(192K) Class: 4K(128K)->4K(128K)
[2024-08-27T14:57:35.483+0000][info][gc             ] GC(618) Pause Young (Normal) (G1 Evacuation Pause) 915M->919M(1024M) 10.851ms
[2024-08-27T14:57:35.483+0000][info][gc,cpu         ] GC(618) User=0.24s Sys=0.00s Real=0.01s
[2024-08-27T14:57:35.521+0000][info][gc,start       ] GC(619) Pause Young (Normal) (G1 Evacuation Pause)
[2024-08-27T14:57:35.521+0000][info][gc,task        ] GC(619) Using 24 workers of 68 for evacuation
[2024-08-27T14:57:35.535+0000][info][gc,phases      ] GC(619)   Pre Evacuate Collection Set: 0.2ms
[2024-08-27T14:57:35.535+0000][info][gc,phases      ] GC(619)   Merge Heap Roots: 0.4ms
[2024-08-27T14:57:35.535+0000][info][gc,phases      ] GC(619)   Evacuate Collection Set: 13.1ms
[2024-08-27T14:57:35.535+0000][info][gc,phases      ] GC(619)   Post Evacuate Collection Set: 0.5ms
[2024-08-27T14:57:35.535+0000][info][gc,phases      ] GC(619)   Other: 0.3ms
[2024-08-27T14:57:35.535+0000][info][gc,heap        ] GC(619) Eden regions: 44->0(44)
[2024-08-27T14:57:35.535+0000][info][gc,heap        ] GC(619) Survivor regions: 7->7(7)
[2024-08-27T14:57:35.535+0000][info][gc,heap        ] GC(619) Old regions: 907->953
[2024-08-27T14:57:35.535+0000][info][gc,heap        ] GC(619) Archive regions: 2->2
[2024-08-27T14:57:35.535+0000][info][gc,heap        ] GC(619) Humongous regions: 5->5
[2024-08-27T14:57:35.535+0000][info][gc,metaspace   ] GC(619) Metaspace: 100K(320K)->100K(320K) NonClass: 96K(192K)->96K(192K) Class: 4K(128K)->4K(128K)
[2024-08-27T14:57:35.535+0000][info][gc             ] GC(619) Pause Young (Normal) (G1 Evacuation Pause) 963M->965M(1024M) 14.556ms
[2024-08-27T14:57:35.535+0000][info][gc,cpu         ] GC(619) User=0.33s Sys=0.00s Real=0.01s
[2024-08-27T14:57:35.544+0000][info][gc,marking     ] GC(617) Concurrent Rebuild Remembered Sets 87.799ms
[2024-08-27T14:57:35.544+0000][info][gc,start       ] GC(617) Pause Cleanup
[2024-08-27T14:57:35.546+0000][info][gc             ] GC(617) Pause Cleanup 975M->975M(1024M) 1.471ms
[2024-08-27T14:57:35.546+0000][info][gc,cpu         ] GC(617) User=0.01s Sys=0.00s Real=0.00s
[2024-08-27T14:57:35.546+0000][info][gc,marking     ] GC(617) Concurrent Cleanup for Next Mark
[2024-08-27T14:57:35.546+0000][info][gc,marking     ] GC(617) Concurrent Cleanup for Next Mark 0.825ms
[2024-08-27T14:57:35.546+0000][info][gc             ] GC(617) Concurrent Mark Cycle 119.354ms
[2024-08-27T14:57:35.555+0000][info][gc,start       ] GC(620) Pause Young (Prepare Mixed) (G1 Preventive Collection)
[2024-08-27T14:57:35.555+0000][info][gc,task        ] GC(620) Using 24 workers of 68 for evacuation
[2024-08-27T14:57:35.567+0000][info][gc,phases      ] GC(620)   Pre Evacuate Collection Set: 0.2ms
[2024-08-27T14:57:35.567+0000][info][gc,phases      ] GC(620)   Merge Heap Roots: 0.3ms
[2024-08-27T14:57:35.567+0000][info][gc,phases      ] GC(620)   Evacuate Collection Set: 11.5ms
[2024-08-27T14:57:35.567+0000][info][gc,phases      ] GC(620)   Post Evacuate Collection Set: 0.3ms
[2024-08-27T14:57:35.567+0000][info][gc,phases      ] GC(620)   Other: 0.2ms
[2024-08-27T14:57:35.567+0000][info][gc,heap        ] GC(620) Eden regions: 23->0(44)
[2024-08-27T14:57:35.567+0000][info][gc,heap        ] GC(620) Survivor regions: 7->7(7)
[2024-08-27T14:57:35.567+0000][info][gc,heap        ] GC(620) Old regions: 953->979
[2024-08-27T14:57:35.567+0000][info][gc,heap        ] GC(620) Archive regions: 2->2
[2024-08-27T14:57:35.567+0000][info][gc,heap        ] GC(620) Humongous regions: 5->5
[2024-08-27T14:57:35.567+0000][info][gc,metaspace   ] GC(620) Metaspace: 100K(320K)->100K(320K) NonClass: 96K(192K)->96K(192K) Class: 4K(128K)->4K(128K)
[2024-08-27T14:57:35.567+0000][info][gc             ] GC(620) Pause Young (Prepare Mixed) (G1 Preventive Collection) 988M->991M(1024M) 12.678ms
[2024-08-27T14:57:35.567+0000][info][gc,cpu         ] GC(620) User=0.28s Sys=0.00s Real=0.01s
[2024-08-27T14:57:35.573+0000][info][gc,start       ] GC(621) Pause Young (Mixed) (G1 Preventive Collection)
[2024-08-27T14:57:35.573+0000][info][gc,task        ] GC(621) Using 24 workers of 68 for evacuation
[2024-08-27T14:57:35.578+0000][info][gc,phases      ] GC(621)   Pre Evacuate Collection Set: 0.2ms
[2024-08-27T14:57:35.578+0000][info][gc,phases      ] GC(621)   Merge Heap Roots: 0.3ms
[2024-08-27T14:57:35.578+0000][info][gc,phases      ] GC(621)   Evacuate Collection Set: 4.1ms
[2024-08-27T14:57:35.578+0000][info][gc,phases      ] GC(621)   Post Evacuate Collection Set: 0.3ms
[2024-08-27T14:57:35.578+0000][info][gc,phases      ] GC(621)   Other: 0.2ms
[2024-08-27T14:57:35.578+0000][info][gc,heap        ] GC(621) Eden regions: 10->0(44)
[2024-08-27T14:57:35.578+0000][info][gc,heap        ] GC(621) Survivor regions: 7->7(7)
[2024-08-27T14:57:35.578+0000][info][gc,heap        ] GC(621) Old regions: 979->889
[2024-08-27T14:57:35.578+0000][info][gc,heap        ] GC(621) Archive regions: 2->2
[2024-08-27T14:57:35.578+0000][info][gc,heap        ] GC(621) Humongous regions: 5->5
[2024-08-27T14:57:35.578+0000][info][gc,metaspace   ] GC(621) Metaspace: 100K(320K)->100K(320K) NonClass: 96K(192K)->96K(192K) Class: 4K(128K)->4K(128K)
[2024-08-27T14:57:35.578+0000][info][gc             ] GC(621) Pause Young (Mixed) (G1 Preventive Collection) 1001M->901M(1024M) 5.072ms
[2024-08-27T14:57:35.578+0000][info][gc,cpu         ] GC(621) User=0.11s Sys=0.00s Real=0.01s
[2024-08-27T14:57:35.600+0000][info][gc,start       ] GC(622) Pause Young (Mixed) (G1 Evacuation Pause)
[2024-08-27T14:57:35.600+0000][info][gc,task        ] GC(622) Using 24 workers of 68 for evacuation
[2024-08-27T14:57:35.610+0000][info][gc,phases      ] GC(622)   Pre Evacuate Collection Set: 0.2ms
[2024-08-27T14:57:35.610+0000][info][gc,phases      ] GC(622)   Merge Heap Roots: 0.3ms
[2024-08-27T14:57:35.610+0000][info][gc,phases      ] GC(622)   Evacuate Collection Set: 9.2ms
[2024-08-27T14:57:35.610+0000][info][gc,phases      ] GC(622)   Post Evacuate Collection Set: 0.4ms
[2024-08-27T14:57:35.610+0000][info][gc,phases      ] GC(622)   Other: 0.3ms
[2024-08-27T14:57:35.610+0000][info][gc,heap        ] GC(622) Eden regions: 44->0(44)
[2024-08-27T14:57:35.610+0000][info][gc,heap        ] GC(622) Survivor regions: 7->7(7)
[2024-08-27T14:57:35.610+0000][info][gc,heap        ] GC(622) Old regions: 889->830
[2024-08-27T14:57:35.610+0000][info][gc,heap        ] GC(622) Archive regions: 2->2
[2024-08-27T14:57:35.610+0000][info][gc,heap        ] GC(622) Humongous regions: 5->5
[2024-08-27T14:57:35.610+0000][info][gc,metaspace   ] GC(622) Metaspace: 100K(320K)->100K(320K) NonClass: 96K(192K)->96K(192K) Class: 4K(128K)->4K(128K)
[2024-08-27T14:57:35.610+0000][info][gc             ] GC(622) Pause Young (Mixed) (G1 Evacuation Pause) 945M->842M(1024M) 10.461ms
[2024-08-27T14:57:35.610+0000][info][gc,cpu         ] GC(622) User=0.22s Sys=0.01s Real=0.01s
[2024-08-27T14:57:35.632+0000][info][gc,start       ] GC(623) Pause Young (Mixed) (G1 Evacuation Pause)
[2024-08-27T14:57:35.632+0000][info][gc,task        ] GC(623) Using 24 workers of 68 for evacuation
[2024-08-27T14:57:35.643+0000][info][gc,phases      ] GC(623)   Pre Evacuate Collection Set: 0.3ms
[2024-08-27T14:57:35.643+0000][info][gc,phases      ] GC(623)   Merge Heap Roots: 0.4ms
[2024-08-27T14:57:35.643+0000][info][gc,phases      ] GC(623)   Evacuate Collection Set: 9.5ms
[2024-08-27T14:57:35.643+0000][info][gc,phases      ] GC(623)   Post Evacuate Collection Set: 0.4ms
[2024-08-27T14:57:35.643+0000][info][gc,phases      ] GC(623)   Other: 0.3ms
[2024-08-27T14:57:35.643+0000][info][gc,heap        ] GC(623) Eden regions: 44->0(44)
[2024-08-27T14:57:35.643+0000][info][gc,heap        ] GC(623) Survivor regions: 7->7(7)
[2024-08-27T14:57:35.643+0000][info][gc,heap        ] GC(623) Old regions: 830->774
[2024-08-27T14:57:35.643+0000][info][gc,heap        ] GC(623) Archive regions: 2->2
[2024-08-27T14:57:35.643+0000][info][gc,heap        ] GC(623) Humongous regions: 5->5
[2024-08-27T14:57:35.643+0000][info][gc,metaspace   ] GC(623) Metaspace: 100K(320K)->100K(320K) NonClass: 96K(192K)->96K(192K) Class: 4K(128K)->4K(128K)
[2024-08-27T14:57:35.643+0000][info][gc             ] GC(623) Pause Young (Mixed) (G1 Evacuation Pause) 886M->786M(1024M) 11.061ms
[2024-08-27T14:57:35.643+0000][info][gc,cpu         ] GC(623) User=0.24s Sys=0.00s Real=0.01s
[2024-08-27T14:57:35.665+0000][info][gc,start       ] GC(624) Pause Young (Mixed) (G1 Evacuation Pause)
[2024-08-27T14:57:35.665+0000][info][gc,task        ] GC(624) Using 24 workers of 68 for evacuation
[2024-08-27T14:57:35.676+0000][info][gc,phases      ] GC(624)   Pre Evacuate Collection Set: 0.3ms
[2024-08-27T14:57:35.676+0000][info][gc,phases      ] GC(624)   Merge Heap Roots: 0.2ms
[2024-08-27T14:57:35.676+0000][info][gc,phases      ] GC(624)   Evacuate Collection Set: 9.3ms
[2024-08-27T14:57:35.676+0000][info][gc,phases      ] GC(624)   Post Evacuate Collection Set: 0.3ms
[2024-08-27T14:57:35.676+0000][info][gc,phases      ] GC(624)   Other: 0.3ms
[2024-08-27T14:57:35.676+0000][info][gc,heap        ] GC(624) Eden regions: 44->0(44)
[2024-08-27T14:57:35.676+0000][info][gc,heap        ] GC(624) Survivor regions: 7->7(7)
[2024-08-27T14:57:35.676+0000][info][gc,heap        ] GC(624) Old regions: 774->777
[2024-08-27T14:57:35.676+0000][info][gc,heap        ] GC(624) Archive regions: 2->2
[2024-08-27T14:57:35.676+0000][info][gc,heap        ] GC(624) Humongous regions: 5->5
[2024-08-27T14:57:35.676+0000][info][gc,metaspace   ] GC(624) Metaspace: 100K(320K)->100K(320K) NonClass: 96K(192K)->96K(192K) Class: 4K(128K)->4K(128K)
[2024-08-27T14:57:35.676+0000][info][gc             ] GC(624) Pause Young (Mixed) (G1 Evacuation Pause) 830M->789M(1024M) 10.527ms
[2024-08-27T14:57:35.676+0000][info][gc,cpu         ] GC(624) User=0.23s Sys=0.00s Real=0.01s
[2024-08-27T14:57:35.698+0000][info][gc,start       ] GC(625) Pause Young (Concurrent Start) (G1 Evacuation Pause)
[2024-08-27T14:57:35.698+0000][info][gc,task        ] GC(625) Using 24 workers of 68 for evacuation
[2024-08-27T14:57:35.709+0000][info][gc,phases      ] GC(625)   Pre Evacuate Collection Set: 0.2ms
[2024-08-27T14:57:35.709+0000][info][gc,phases      ] GC(625)   Merge Heap Roots: 0.2ms
[2024-08-27T14:57:35.709+0000][info][gc,phases      ] GC(625)   Evacuate Collection Set: 9.6ms
[2024-08-27T14:57:35.709+0000][info][gc,phases      ] GC(625)   Post Evacuate Collection Set: 0.3ms
[2024-08-27T14:57:35.709+0000][info][gc,phases      ] GC(625)   Other: 0.7ms
[2024-08-27T14:57:35.709+0000][info][gc,heap        ] GC(625) Eden regions: 44->0(44)
[2024-08-27T14:57:35.709+0000][info][gc,heap        ] GC(625) Survivor regions: 7->7(7)
[2024-08-27T14:57:35.709+0000][info][gc,heap        ] GC(625) Old regions: 777->823
[2024-08-27T14:57:35.709+0000][info][gc,heap        ] GC(625) Archive regions: 2->2
[2024-08-27T14:57:35.709+0000][info][gc,heap        ] GC(625) Humongous regions: 5->5
[2024-08-27T14:57:35.709+0000][info][gc,metaspace   ] GC(625) Metaspace: 100K(320K)->100K(320K) NonClass: 96K(192K)->96K(192K) Class: 4K(128K)->4K(128K)
[2024-08-27T14:57:35.709+0000][info][gc             ] GC(625) Pause Young (Concurrent Start) (G1 Evacuation Pause) 833M->835M(1024M) 11.129ms
[2024-08-27T14:57:35.709+0000][info][gc,cpu         ] GC(625) User=0.24s Sys=0.01s Real=0.00s
[2024-08-27T14:57:35.709+0000][info][gc             ] GC(626) Concurrent Mark Cycle
[2024-08-27T14:57:35.709+0000][info][gc,marking     ] GC(626) Concurrent Clear Claimed Marks
[2024-08-27T14:57:35.709+0000][info][gc,marking     ] GC(626) Concurrent Clear Claimed Marks 0.014ms
[2024-08-27T14:57:35.709+0000][info][gc,marking     ] GC(626) Concurrent Scan Root Regions
[2024-08-27T14:57:35.711+0000][info][gc,marking     ] GC(626) Concurrent Scan Root Regions 1.808ms
[2024-08-27T14:57:35.711+0000][info][gc,marking     ] GC(626) Concurrent Mark
[2024-08-27T14:57:35.711+0000][info][gc,marking     ] GC(626) Concurrent Mark From Roots
[2024-08-27T14:57:35.711+0000][info][gc,task        ] GC(626) Using 17 workers of 17 for marking
[2024-08-27T14:57:35.735+0000][info][gc,marking     ] GC(626) Concurrent Mark From Roots 23.816ms
[2024-08-27T14:57:35.735+0000][info][gc,marking     ] GC(626) Concurrent Preclean
[2024-08-27T14:57:35.735+0000][info][gc,marking     ] GC(626) Concurrent Preclean 0.582ms
[2024-08-27T14:57:35.736+0000][info][gc,start       ] GC(626) Pause Remark
[2024-08-27T14:57:35.737+0000][info][gc             ] GC(626) Pause Remark 861M->861M(1024M) 1.555ms
[2024-08-27T14:57:35.737+0000][info][gc,cpu         ] GC(626) User=0.00s Sys=0.01s Real=0.00s
[2024-08-27T14:57:35.737+0000][info][gc,marking     ] GC(626) Concurrent Mark 26.433ms
[2024-08-27T14:57:35.737+0000][info][gc,marking     ] GC(626) Concurrent Rebuild Remembered Sets
[2024-08-27T14:57:35.755+0000][info][gc,start       ] GC(627) Pause Young (Normal) (G1 Evacuation Pause)
[2024-08-27T14:57:35.755+0000][info][gc,task        ] GC(627) Using 24 workers of 68 for evacuation
[2024-08-27T14:57:35.765+0000][info][gc,phases      ] GC(627)   Pre Evacuate Collection Set: 0.2ms
[2024-08-27T14:57:35.765+0000][info][gc,phases      ] GC(627)   Merge Heap Roots: 0.3ms
[2024-08-27T14:57:35.765+0000][info][gc,phases      ] GC(627)   Evacuate Collection Set: 9.6ms
[2024-08-27T14:57:35.765+0000][info][gc,phases      ] GC(627)   Post Evacuate Collection Set: 0.4ms
[2024-08-27T14:57:35.765+0000][info][gc,phases      ] GC(627)   Other: 0.2ms
[2024-08-27T14:57:35.765+0000][info][gc,heap        ] GC(627) Eden regions: 44->0(44)
[2024-08-27T14:57:35.765+0000][info][gc,heap        ] GC(627) Survivor regions: 7->7(7)
[2024-08-27T14:57:35.765+0000][info][gc,heap        ] GC(627) Old regions: 823->869
[2024-08-27T14:57:35.766+0000][info][gc,heap        ] GC(627) Archive regions: 2->2
[2024-08-27T14:57:35.766+0000][info][gc,heap        ] GC(627) Humongous regions: 5->5
[2024-08-27T14:57:35.766+0000][info][gc,metaspace   ] GC(627) Metaspace: 100K(320K)->100K(320K) NonClass: 96K(192K)->96K(192K) Class: 4K(128K)->4K(128K)
[2024-08-27T14:57:35.766+0000][info][gc             ] GC(627) Pause Young (Normal) (G1 Evacuation Pause) 879M->881M(1024M) 10.799ms
[2024-08-27T14:57:35.766+0000][info][gc,cpu         ] GC(627) User=0.24s Sys=0.00s Real=0.01s
[2024-08-27T14:57:35.803+0000][info][gc,start       ] GC(628) Pause Young (Normal) (G1 Evacuation Pause)
[2024-08-27T14:57:35.803+0000][info][gc,task        ] GC(628) Using 24 workers of 68 for evacuation
[2024-08-27T14:57:35.817+0000][info][gc,phases      ] GC(628)   Pre Evacuate Collection Set: 0.2ms
[2024-08-27T14:57:35.817+0000][info][gc,phases      ] GC(628)   Merge Heap Roots: 0.3ms
[2024-08-27T14:57:35.817+0000][info][gc,phases      ] GC(628)   Evacuate Collection Set: 12.6ms
[2024-08-27T14:57:35.817+0000][info][gc,phases      ] GC(628)   Post Evacuate Collection Set: 0.5ms
[2024-08-27T14:57:35.817+0000][info][gc,phases      ] GC(628)   Other: 0.3ms
[2024-08-27T14:57:35.817+0000][info][gc,heap        ] GC(628) Eden regions: 44->0(44)
[2024-08-27T14:57:35.817+0000][info][gc,heap        ] GC(628) Survivor regions: 7->7(7)
[2024-08-27T14:57:35.817+0000][info][gc,heap        ] GC(628) Old regions: 869->916
[2024-08-27T14:57:35.817+0000][info][gc,heap        ] GC(628) Archive regions: 2->2
[2024-08-27T14:57:35.817+0000][info][gc,heap        ] GC(628) Humongous regions: 5->5
[2024-08-27T14:57:35.817+0000][info][gc,metaspace   ] GC(628) Metaspace: 100K(320K)->100K(320K) NonClass: 96K(192K)->96K(192K) Class: 4K(128K)->4K(128K)
[2024-08-27T14:57:35.817+0000][info][gc             ] GC(628) Pause Young (Normal) (G1 Evacuation Pause) 925M->928M(1024M) 13.974ms
[2024-08-27T14:57:35.817+0000][info][gc,cpu         ] GC(628) User=0.32s Sys=0.00s Real=0.01s
[2024-08-27T14:57:35.824+0000][info][gc,marking     ] GC(626) Concurrent Rebuild Remembered Sets 86.358ms
[2024-08-27T14:57:35.824+0000][info][gc,start       ] GC(626) Pause Cleanup
[2024-08-27T14:57:35.825+0000][info][gc             ] GC(626) Pause Cleanup 936M->936M(1024M) 1.322ms
[2024-08-27T14:57:35.825+0000][info][gc,cpu         ] GC(626) User=0.01s Sys=0.00s Real=0.00s
[2024-08-27T14:57:35.825+0000][info][gc,marking     ] GC(626) Concurrent Cleanup for Next Mark
[2024-08-27T14:57:35.826+0000][info][gc,marking     ] GC(626) Concurrent Cleanup for Next Mark 0.758ms
[2024-08-27T14:57:35.826+0000][info][gc             ] GC(626) Concurrent Mark Cycle 117.098ms
[2024-08-27T14:57:35.846+0000][info][gc,start       ] GC(629) Pause Young (Prepare Mixed) (G1 Preventive Collection)
[2024-08-27T14:57:35.846+0000][info][gc,task        ] GC(629) Using 24 workers of 68 for evacuation
[2024-08-27T14:57:35.861+0000][info][gc,phases      ] GC(629)   Pre Evacuate Collection Set: 0.2ms
[2024-08-27T14:57:35.861+0000][info][gc,phases      ] GC(629)   Merge Heap Roots: 0.6ms
[2024-08-27T14:57:35.862+0000][info][gc,phases      ] GC(629)   Evacuate Collection Set: 14.6ms
[2024-08-27T14:57:35.862+0000][info][gc,phases      ] GC(629)   Post Evacuate Collection Set: 0.3ms
[2024-08-27T14:57:35.862+0000][info][gc,phases      ] GC(629)   Other: 0.2ms
[2024-08-27T14:57:35.862+0000][info][gc,heap        ] GC(629) Eden regions: 41->0(44)
[2024-08-27T14:57:35.862+0000][info][gc,heap        ] GC(629) Survivor regions: 7->7(7)
[2024-08-27T14:57:35.862+0000][info][gc,heap        ] GC(629) Old regions: 916->960
[2024-08-27T14:57:35.862+0000][info][gc,heap        ] GC(629) Archive regions: 2->2
[2024-08-27T14:57:35.862+0000][info][gc,heap        ] GC(629) Humongous regions: 5->5
[2024-08-27T14:57:35.862+0000][info][gc,metaspace   ] GC(629) Metaspace: 100K(320K)->100K(320K) NonClass: 96K(192K)->96K(192K) Class: 4K(128K)->4K(128K)
[2024-08-27T14:57:35.862+0000][info][gc             ] GC(629) Pause Young (Prepare Mixed) (G1 Preventive Collection) 969M->972M(1024M) 15.925ms
[2024-08-27T14:57:35.862+0000][info][gc,cpu         ] GC(629) User=0.36s Sys=0.00s Real=0.02s
[2024-08-27T14:57:35.873+0000][info][gc,start       ] GC(630) Pause Young (Mixed) (G1 Preventive Collection)
[2024-08-27T14:57:35.873+0000][info][gc,task        ] GC(630) Using 24 workers of 68 for evacuation
[2024-08-27T14:57:35.881+0000][info][gc             ] GC(630) To-space exhausted
[2024-08-27T14:57:35.881+0000][info][gc,phases      ] GC(630)   Pre Evacuate Collection Set: 0.3ms
[2024-08-27T14:57:35.881+0000][info][gc,phases      ] GC(630)   Merge Heap Roots: 0.2ms
[2024-08-27T14:57:35.881+0000][info][gc,phases      ] GC(630)   Evacuate Collection Set: 6.3ms
[2024-08-27T14:57:35.881+0000][info][gc,phases      ] GC(630)   Post Evacuate Collection Set: 0.7ms
[2024-08-27T14:57:35.881+0000][info][gc,phases      ] GC(630)   Other: 0.3ms
[2024-08-27T14:57:35.881+0000][info][gc,heap        ] GC(630) Eden regions: 20->0(44)
[2024-08-27T14:57:35.881+0000][info][gc,heap        ] GC(630) Survivor regions: 7->7(7)
[2024-08-27T14:57:35.881+0000][info][gc,heap        ] GC(630) Old regions: 960->916
[2024-08-27T14:57:35.881+0000][info][gc,heap        ] GC(630) Archive regions: 2->2
[2024-08-27T14:57:35.881+0000][info][gc,heap        ] GC(630) Humongous regions: 5->5
[2024-08-27T14:57:35.881+0000][info][gc,metaspace   ] GC(630) Metaspace: 100K(320K)->100K(320K) NonClass: 96K(192K)->96K(192K) Class: 4K(128K)->4K(128K)
[2024-08-27T14:57:35.881+0000][info][gc             ] GC(630) Pause Young (Mixed) (G1 Preventive Collection) 992M->928M(1024M) 7.819ms
[2024-08-27T14:57:35.881+0000][info][gc,cpu         ] GC(630) User=0.16s Sys=0.01s Real=0.01s
[2024-08-27T14:57:35.903+0000][info][gc,start       ] GC(631) Pause Young (Mixed) (G1 Preventive Collection)
[2024-08-27T14:57:35.903+0000][info][gc,task        ] GC(631) Using 24 workers of 68 for evacuation
[2024-08-27T14:57:35.913+0000][info][gc,phases      ] GC(631)   Pre Evacuate Collection Set: 0.2ms
[2024-08-27T14:57:35.913+0000][info][gc,phases      ] GC(631)   Merge Heap Roots: 0.4ms
[2024-08-27T14:57:35.913+0000][info][gc,phases      ] GC(631)   Evacuate Collection Set: 9.4ms
[2024-08-27T14:57:35.913+0000][info][gc,phases      ] GC(631)   Post Evacuate Collection Set: 0.4ms
[2024-08-27T14:57:35.913+0000][info][gc,phases      ] GC(631)   Other: 0.2ms
[2024-08-27T14:57:35.913+0000][info][gc,heap        ] GC(631) Eden regions: 41->0(44)
[2024-08-27T14:57:35.913+0000][info][gc,heap        ] GC(631) Survivor regions: 7->7(7)
[2024-08-27T14:57:35.913+0000][info][gc,heap        ] GC(631) Old regions: 916->855
[2024-08-27T14:57:35.913+0000][info][gc,heap        ] GC(631) Archive regions: 2->2
[2024-08-27T14:57:35.913+0000][info][gc,heap        ] GC(631) Humongous regions: 5->5
[2024-08-27T14:57:35.913+0000][info][gc,metaspace   ] GC(631) Metaspace: 100K(320K)->100K(320K) NonClass: 96K(192K)->96K(192K) Class: 4K(128K)->4K(128K)
[2024-08-27T14:57:35.913+0000][info][gc             ] GC(631) Pause Young (Mixed) (G1 Preventive Collection) 969M->867M(1024M) 10.677ms
[2024-08-27T14:57:35.913+0000][info][gc,cpu         ] GC(631) User=0.23s Sys=0.00s Real=0.01s
[2024-08-27T14:57:35.938+0000][info][gc,start       ] GC(632) Pause Young (Mixed) (G1 Evacuation Pause)
[2024-08-27T14:57:35.938+0000][info][gc,task        ] GC(632) Using 24 workers of 68 for evacuation
[2024-08-27T14:57:35.949+0000][info][gc,phases      ] GC(632)   Pre Evacuate Collection Set: 0.3ms
[2024-08-27T14:57:35.949+0000][info][gc,phases      ] GC(632)   Merge Heap Roots: 0.3ms
[2024-08-27T14:57:35.949+0000][info][gc,phases      ] GC(632)   Evacuate Collection Set: 9.7ms
[2024-08-27T14:57:35.949+0000][info][gc,phases      ] GC(632)   Post Evacuate Collection Set: 0.4ms
[2024-08-27T14:57:35.949+0000][info][gc,phases      ] GC(632)   Other: 0.2ms
[2024-08-27T14:57:35.949+0000][info][gc,heap        ] GC(632) Eden regions: 44->0(44)
[2024-08-27T14:57:35.949+0000][info][gc,heap        ] GC(632) Survivor regions: 7->7(7)
[2024-08-27T14:57:35.949+0000][info][gc,heap        ] GC(632) Old regions: 855->799
[2024-08-27T14:57:35.949+0000][info][gc,heap        ] GC(632) Archive regions: 2->2
[2024-08-27T14:57:35.949+0000][info][gc,heap        ] GC(632) Humongous regions: 5->5
[2024-08-27T14:57:35.949+0000][info][gc,metaspace   ] GC(632) Metaspace: 100K(320K)->100K(320K) NonClass: 96K(192K)->96K(192K) Class: 4K(128K)->4K(128K)
[2024-08-27T14:57:35.949+0000][info][gc             ] GC(632) Pause Young (Mixed) (G1 Evacuation Pause) 911M->811M(1024M) 11.110ms
[2024-08-27T14:57:35.949+0000][info][gc,cpu         ] GC(632) User=0.24s Sys=0.00s Real=0.00s
[2024-08-27T14:57:35.973+0000][info][gc,start       ] GC(633) Pause Young (Mixed) (G1 Evacuation Pause)
[2024-08-27T14:57:35.973+0000][info][gc,task        ] GC(633) Using 24 workers of 68 for evacuation
[2024-08-27T14:57:35.984+0000][info][gc,phases      ] GC(633)   Pre Evacuate Collection Set: 0.2ms
[2024-08-27T14:57:35.984+0000][info][gc,phases      ] GC(633)   Merge Heap Roots: 0.4ms
[2024-08-27T14:57:35.984+0000][info][gc,phases      ] GC(633)   Evacuate Collection Set: 9.5ms
[2024-08-27T14:57:35.984+0000][info][gc,phases      ] GC(633)   Post Evacuate Collection Set: 0.4ms
[2024-08-27T14:57:35.984+0000][info][gc,phases      ] GC(633)   Other: 0.2ms
[2024-08-27T14:57:35.984+0000][info][gc,heap        ] GC(633) Eden regions: 44->0(44)
[2024-08-27T14:57:35.984+0000][info][gc,heap        ] GC(633) Survivor regions: 7->7(7)
[2024-08-27T14:57:35.984+0000][info][gc,heap        ] GC(633) Old regions: 799->832
[2024-08-27T14:57:35.984+0000][info][gc,heap        ] GC(633) Archive regions: 2->2
[2024-08-27T14:57:35.984+0000][info][gc,heap        ] GC(633) Humongous regions: 5->5
[2024-08-27T14:57:35.984+0000][info][gc,metaspace   ] GC(633) Metaspace: 100K(320K)->100K(320K) NonClass: 96K(192K)->96K(192K) Class: 4K(128K)->4K(128K)
[2024-08-27T14:57:35.984+0000][info][gc             ] GC(633) Pause Young (Mixed) (G1 Evacuation Pause) 855M->844M(1024M) 10.780ms
[2024-08-27T14:57:35.984+0000][info][gc,cpu         ] GC(633) User=0.24s Sys=0.00s Real=0.01s
[2024-08-27T14:57:36.008+0000][info][gc,start       ] GC(634) Pause Young (Concurrent Start) (G1 Evacuation Pause)
[2024-08-27T14:57:36.009+0000][info][gc,task        ] GC(634) Using 24 workers of 68 for evacuation
[2024-08-27T14:57:36.019+0000][info][gc,phases      ] GC(634)   Pre Evacuate Collection Set: 0.2ms
[2024-08-27T14:57:36.020+0000][info][gc,phases      ] GC(634)   Merge Heap Roots: 0.4ms
[2024-08-27T14:57:36.020+0000][info][gc,phases      ] GC(634)   Evacuate Collection Set: 9.5ms
[2024-08-27T14:57:36.020+0000][info][gc,phases      ] GC(634)   Post Evacuate Collection Set: 0.3ms
[2024-08-27T14:57:36.020+0000][info][gc,phases      ] GC(634)   Other: 0.6ms
[2024-08-27T14:57:36.020+0000][info][gc,heap        ] GC(634) Eden regions: 44->0(44)
[2024-08-27T14:57:36.020+0000][info][gc,heap        ] GC(634) Survivor regions: 7->7(7)
[2024-08-27T14:57:36.020+0000][info][gc,heap        ] GC(634) Old regions: 832->879
[2024-08-27T14:57:36.020+0000][info][gc,heap        ] GC(634) Archive regions: 2->2
[2024-08-27T14:57:36.020+0000][info][gc,heap        ] GC(634) Humongous regions: 5->5
[2024-08-27T14:57:36.020+0000][info][gc,metaspace   ] GC(634) Metaspace: 100K(320K)->100K(320K) NonClass: 96K(192K)->96K(192K) Class: 4K(128K)->4K(128K)
[2024-08-27T14:57:36.020+0000][info][gc             ] GC(634) Pause Young (Concurrent Start) (G1 Evacuation Pause) 888M->891M(1024M) 11.158ms
[2024-08-27T14:57:36.020+0000][info][gc,cpu         ] GC(634) User=0.24s Sys=0.00s Real=0.02s
[2024-08-27T14:57:36.020+0000][info][gc             ] GC(635) Concurrent Mark Cycle
[2024-08-27T14:57:36.020+0000][info][gc,marking     ] GC(635) Concurrent Clear Claimed Marks
[2024-08-27T14:57:36.020+0000][info][gc,marking     ] GC(635) Concurrent Clear Claimed Marks 0.012ms
[2024-08-27T14:57:36.020+0000][info][gc,marking     ] GC(635) Concurrent Scan Root Regions
[2024-08-27T14:57:36.021+0000][info][gc,marking     ] GC(635) Concurrent Scan Root Regions 1.630ms
[2024-08-27T14:57:36.021+0000][info][gc,marking     ] GC(635) Concurrent Mark
[2024-08-27T14:57:36.021+0000][info][gc,marking     ] GC(635) Concurrent Mark From Roots
[2024-08-27T14:57:36.021+0000][info][gc,task        ] GC(635) Using 17 workers of 17 for marking
[2024-08-27T14:57:36.046+0000][info][gc,marking     ] GC(635) Concurrent Mark From Roots 24.736ms
[2024-08-27T14:57:36.046+0000][info][gc,marking     ] GC(635) Concurrent Preclean
[2024-08-27T14:57:36.047+0000][info][gc,marking     ] GC(635) Concurrent Preclean 0.502ms
[2024-08-27T14:57:36.047+0000][info][gc,start       ] GC(635) Pause Remark
[2024-08-27T14:57:36.049+0000][info][gc             ] GC(635) Pause Remark 918M->904M(1024M) 1.527ms
[2024-08-27T14:57:36.049+0000][info][gc,cpu         ] GC(635) User=0.00s Sys=0.00s Real=0.00s
[2024-08-27T14:57:36.049+0000][info][gc,marking     ] GC(635) Concurrent Mark 27.243ms
[2024-08-27T14:57:36.049+0000][info][gc,marking     ] GC(635) Concurrent Rebuild Remembered Sets
[2024-08-27T14:57:36.066+0000][info][gc,start       ] GC(636) Pause Young (Normal) (G1 Evacuation Pause)
[2024-08-27T14:57:36.066+0000][info][gc,task        ] GC(636) Using 24 workers of 68 for evacuation
[2024-08-27T14:57:36.077+0000][info][gc,phases      ] GC(636)   Pre Evacuate Collection Set: 0.2ms
[2024-08-27T14:57:36.077+0000][info][gc,phases      ] GC(636)   Merge Heap Roots: 0.3ms
[2024-08-27T14:57:36.077+0000][info][gc,phases      ] GC(636)   Evacuate Collection Set: 9.5ms
[2024-08-27T14:57:36.077+0000][info][gc,phases      ] GC(636)   Post Evacuate Collection Set: 0.5ms
[2024-08-27T14:57:36.077+0000][info][gc,phases      ] GC(636)   Other: 0.3ms
[2024-08-27T14:57:36.077+0000][info][gc,heap        ] GC(636) Eden regions: 44->0(44)
[2024-08-27T14:57:36.077+0000][info][gc,heap        ] GC(636) Survivor regions: 7->7(7)
[2024-08-27T14:57:36.077+0000][info][gc,heap        ] GC(636) Old regions: 865->911
[2024-08-27T14:57:36.077+0000][info][gc,heap        ] GC(636) Archive regions: 2->2
[2024-08-27T14:57:36.077+0000][info][gc,heap        ] GC(636) Humongous regions: 5->5
[2024-08-27T14:57:36.077+0000][info][gc,metaspace   ] GC(636) Metaspace: 100K(320K)->100K(320K) NonClass: 96K(192K)->96K(192K) Class: 4K(128K)->4K(128K)
[2024-08-27T14:57:36.077+0000][info][gc             ] GC(636) Pause Young (Normal) (G1 Evacuation Pause) 921M->923M(1024M) 10.866ms
[2024-08-27T14:57:36.077+0000][info][gc,cpu         ] GC(636) User=0.23s Sys=0.00s Real=0.01s
[2024-08-27T14:57:36.116+0000][info][gc,start       ] GC(637) Pause Young (Normal) (G1 Preventive Collection)
[2024-08-27T14:57:36.116+0000][info][gc,task        ] GC(637) Using 24 workers of 68 for evacuation
[2024-08-27T14:57:36.131+0000][info][gc,phases      ] GC(637)   Pre Evacuate Collection Set: 0.2ms
[2024-08-27T14:57:36.131+0000][info][gc,phases      ] GC(637)   Merge Heap Roots: 0.5ms
[2024-08-27T14:57:36.131+0000][info][gc,phases      ] GC(637)   Evacuate Collection Set: 13.3ms
[2024-08-27T14:57:36.131+0000][info][gc,phases      ] GC(637)   Post Evacuate Collection Set: 0.5ms
[2024-08-27T14:57:36.131+0000][info][gc,phases      ] GC(637)   Other: 0.2ms
[2024-08-27T14:57:36.131+0000][info][gc,heap        ] GC(637) Eden regions: 44->0(44)
[2024-08-27T14:57:36.131+0000][info][gc,heap        ] GC(637) Survivor regions: 7->7(7)
[2024-08-27T14:57:36.131+0000][info][gc,heap        ] GC(637) Old regions: 911->957
[2024-08-27T14:57:36.131+0000][info][gc,heap        ] GC(637) Archive regions: 2->2
[2024-08-27T14:57:36.131+0000][info][gc,heap        ] GC(637) Humongous regions: 5->5
[2024-08-27T14:57:36.131+0000][info][gc,metaspace   ] GC(637) Metaspace: 100K(320K)->100K(320K) NonClass: 96K(192K)->96K(192K) Class: 4K(128K)->4K(128K)
[2024-08-27T14:57:36.131+0000][info][gc             ] GC(637) Pause Young (Normal) (G1 Preventive Collection) 967M->969M(1024M) 14.784ms
[2024-08-27T14:57:36.131+0000][info][gc,cpu         ] GC(637) User=0.34s Sys=0.00s Real=0.02s
[2024-08-27T14:57:36.137+0000][info][gc,marking     ] GC(635) Concurrent Rebuild Remembered Sets 88.689ms
[2024-08-27T14:57:36.138+0000][info][gc,start       ] GC(635) Pause Cleanup
[2024-08-27T14:57:36.139+0000][info][gc             ] GC(635) Pause Cleanup 976M->976M(1024M) 1.288ms
[2024-08-27T14:57:36.139+0000][info][gc,cpu         ] GC(635) User=0.00s Sys=0.00s Real=0.00s
[2024-08-27T14:57:36.139+0000][info][gc,marking     ] GC(635) Concurrent Cleanup for Next Mark
[2024-08-27T14:57:36.140+0000][info][gc,marking     ] GC(635) Concurrent Cleanup for Next Mark 0.857ms
[2024-08-27T14:57:36.140+0000][info][gc             ] GC(635) Concurrent Mark Cycle 120.088ms
[2024-08-27T14:57:36.149+0000][info][gc,start       ] GC(638) Pause Young (Prepare Mixed) (G1 Preventive Collection)
[2024-08-27T14:57:36.149+0000][info][gc,task        ] GC(638) Using 24 workers of 68 for evacuation
[2024-08-27T14:57:36.162+0000][info][gc,phases      ] GC(638)   Pre Evacuate Collection Set: 0.2ms
[2024-08-27T14:57:36.162+0000][info][gc,phases      ] GC(638)   Merge Heap Roots: 0.4ms
[2024-08-27T14:57:36.162+0000][info][gc,phases      ] GC(638)   Evacuate Collection Set: 12.0ms
[2024-08-27T14:57:36.162+0000][info][gc,phases      ] GC(638)   Post Evacuate Collection Set: 0.3ms
[2024-08-27T14:57:36.162+0000][info][gc,phases      ] GC(638)   Other: 0.2ms
[2024-08-27T14:57:36.162+0000][info][gc,heap        ] GC(638) Eden regions: 21->0(44)
[2024-08-27T14:57:36.162+0000][info][gc,heap        ] GC(638) Survivor regions: 7->7(7)
[2024-08-27T14:57:36.162+0000][info][gc,heap        ] GC(638) Old regions: 957->981
[2024-08-27T14:57:36.162+0000][info][gc,heap        ] GC(638) Archive regions: 2->2
[2024-08-27T14:57:36.162+0000][info][gc,heap        ] GC(638) Humongous regions: 5->5
[2024-08-27T14:57:36.162+0000][info][gc,metaspace   ] GC(638) Metaspace: 100K(320K)->100K(320K) NonClass: 96K(192K)->96K(192K) Class: 4K(128K)->4K(128K)
[2024-08-27T14:57:36.162+0000][info][gc             ] GC(638) Pause Young (Prepare Mixed) (G1 Preventive Collection) 990M->993M(1024M) 13.161ms
[2024-08-27T14:57:36.162+0000][info][gc,cpu         ] GC(638) User=0.29s Sys=0.00s Real=0.02s
[2024-08-27T14:57:36.168+0000][info][gc,start       ] GC(639) Pause Young (Mixed) (G1 Preventive Collection)
[2024-08-27T14:57:36.168+0000][info][gc,task        ] GC(639) Using 24 workers of 68 for evacuation
[2024-08-27T14:57:36.172+0000][info][gc,phases      ] GC(639)   Pre Evacuate Collection Set: 0.2ms
[2024-08-27T14:57:36.172+0000][info][gc,phases      ] GC(639)   Merge Heap Roots: 0.2ms
[2024-08-27T14:57:36.172+0000][info][gc,phases      ] GC(639)   Evacuate Collection Set: 3.7ms
[2024-08-27T14:57:36.172+0000][info][gc,phases      ] GC(639)   Post Evacuate Collection Set: 0.3ms
[2024-08-27T14:57:36.172+0000][info][gc,phases      ] GC(639)   Other: 0.2ms
[2024-08-27T14:57:36.172+0000][info][gc,heap        ] GC(639) Eden regions: 9->0(44)
[2024-08-27T14:57:36.172+0000][info][gc,heap        ] GC(639) Survivor regions: 7->7(7)
[2024-08-27T14:57:36.172+0000][info][gc,heap        ] GC(639) Old regions: 981->889
[2024-08-27T14:57:36.172+0000][info][gc,heap        ] GC(639) Archive regions: 2->2
[2024-08-27T14:57:36.172+0000][info][gc,heap        ] GC(639) Humongous regions: 5->5
[2024-08-27T14:57:36.172+0000][info][gc,metaspace   ] GC(639) Metaspace: 100K(320K)->100K(320K) NonClass: 96K(192K)->96K(192K) Class: 4K(128K)->4K(128K)
[2024-08-27T14:57:36.172+0000][info][gc             ] GC(639) Pause Young (Mixed) (G1 Preventive Collection) 1002M->901M(1024M) 4.636ms
[2024-08-27T14:57:36.172+0000][info][gc,cpu         ] GC(639) User=0.09s Sys=0.00s Real=0.01s
[2024-08-27T14:57:36.197+0000][info][gc,start       ] GC(640) Pause Young (Mixed) (G1 Evacuation Pause)
[2024-08-27T14:57:36.197+0000][info][gc,task        ] GC(640) Using 24 workers of 68 for evacuation
[2024-08-27T14:57:36.208+0000][info][gc,phases      ] GC(640)   Pre Evacuate Collection Set: 0.2ms
[2024-08-27T14:57:36.208+0000][info][gc,phases      ] GC(640)   Merge Heap Roots: 0.3ms
[2024-08-27T14:57:36.208+0000][info][gc,phases      ] GC(640)   Evacuate Collection Set: 9.6ms
[2024-08-27T14:57:36.208+0000][info][gc,phases      ] GC(640)   Post Evacuate Collection Set: 0.4ms
[2024-08-27T14:57:36.208+0000][info][gc,phases      ] GC(640)   Other: 0.2ms
[2024-08-27T14:57:36.208+0000][info][gc,heap        ] GC(640) Eden regions: 44->0(44)
[2024-08-27T14:57:36.208+0000][info][gc,heap        ] GC(640) Survivor regions: 7->7(7)
[2024-08-27T14:57:36.208+0000][info][gc,heap        ] GC(640) Old regions: 889->830
[2024-08-27T14:57:36.208+0000][info][gc,heap        ] GC(640) Archive regions: 2->2
[2024-08-27T14:57:36.208+0000][info][gc,heap        ] GC(640) Humongous regions: 5->5
[2024-08-27T14:57:36.208+0000][info][gc,metaspace   ] GC(640) Metaspace: 100K(320K)->100K(320K) NonClass: 96K(192K)->96K(192K) Class: 4K(128K)->4K(128K)
[2024-08-27T14:57:36.208+0000][info][gc             ] GC(640) Pause Young (Mixed) (G1 Evacuation Pause) 945M->842M(1024M) 10.907ms
[2024-08-27T14:57:36.208+0000][info][gc,cpu         ] GC(640) User=0.24s Sys=0.00s Real=0.01s
[2024-08-27T14:57:36.233+0000][info][gc,start       ] GC(641) Pause Young (Mixed) (G1 Evacuation Pause)
[2024-08-27T14:57:36.233+0000][info][gc,task        ] GC(641) Using 24 workers of 68 for evacuation
[2024-08-27T14:57:36.244+0000][info][gc,phases      ] GC(641)   Pre Evacuate Collection Set: 0.2ms
[2024-08-27T14:57:36.244+0000][info][gc,phases      ] GC(641)   Merge Heap Roots: 0.3ms
[2024-08-27T14:57:36.244+0000][info][gc,phases      ] GC(641)   Evacuate Collection Set: 9.7ms
[2024-08-27T14:57:36.244+0000][info][gc,phases      ] GC(641)   Post Evacuate Collection Set: 0.4ms
[2024-08-27T14:57:36.244+0000][info][gc,phases      ] GC(641)   Other: 0.3ms
[2024-08-27T14:57:36.244+0000][info][gc,heap        ] GC(641) Eden regions: 44->0(44)
[2024-08-27T14:57:36.244+0000][info][gc,heap        ] GC(641) Survivor regions: 7->7(7)
[2024-08-27T14:57:36.244+0000][info][gc,heap        ] GC(641) Old regions: 830->774
[2024-08-27T14:57:36.244+0000][info][gc,heap        ] GC(641) Archive regions: 2->2
[2024-08-27T14:57:36.244+0000][info][gc,heap        ] GC(641) Humongous regions: 5->5
[2024-08-27T14:57:36.244+0000][info][gc,metaspace   ] GC(641) Metaspace: 100K(320K)->100K(320K) NonClass: 96K(192K)->96K(192K) Class: 4K(128K)->4K(128K)
[2024-08-27T14:57:36.244+0000][info][gc             ] GC(641) Pause Young (Mixed) (G1 Evacuation Pause) 886M->786M(1024M) 11.056ms
[2024-08-27T14:57:36.244+0000][info][gc,cpu         ] GC(641) User=0.24s Sys=0.00s Real=0.01s
[2024-08-27T14:57:36.269+0000][info][gc,start       ] GC(642) Pause Young (Mixed) (G1 Evacuation Pause)
[2024-08-27T14:57:36.269+0000][info][gc,task        ] GC(642) Using 24 workers of 68 for evacuation
[2024-08-27T14:57:36.280+0000][info][gc,phases      ] GC(642)   Pre Evacuate Collection Set: 0.3ms
[2024-08-27T14:57:36.280+0000][info][gc,phases      ] GC(642)   Merge Heap Roots: 0.3ms
[2024-08-27T14:57:36.280+0000][info][gc,phases      ] GC(642)   Evacuate Collection Set: 10.3ms
[2024-08-27T14:57:36.280+0000][info][gc,phases      ] GC(642)   Post Evacuate Collection Set: 0.4ms
[2024-08-27T14:57:36.280+0000][info][gc,phases      ] GC(642)   Other: 0.3ms
[2024-08-27T14:57:36.280+0000][info][gc,heap        ] GC(642) Eden regions: 44->0(45)
[2024-08-27T14:57:36.280+0000][info][gc,heap        ] GC(642) Survivor regions: 7->7(7)
[2024-08-27T14:57:36.280+0000][info][gc,heap        ] GC(642) Old regions: 774->764
[2024-08-27T14:57:36.280+0000][info][gc,heap        ] GC(642) Archive regions: 2->2
[2024-08-27T14:57:36.280+0000][info][gc,heap        ] GC(642) Humongous regions: 5->5
[2024-08-27T14:57:36.280+0000][info][gc,metaspace   ] GC(642) Metaspace: 100K(320K)->100K(320K) NonClass: 96K(192K)->96K(192K) Class: 4K(128K)->4K(128K)
[2024-08-27T14:57:36.280+0000][info][gc             ] GC(642) Pause Young (Mixed) (G1 Evacuation Pause) 830M->776M(1024M) 11.654ms
[2024-08-27T14:57:36.280+0000][info][gc,cpu         ] GC(642) User=0.25s Sys=0.00s Real=0.02s
[2024-08-27T14:57:36.305+0000][info][gc,start       ] GC(643) Pause Young (Concurrent Start) (G1 Evacuation Pause)
[2024-08-27T14:57:36.305+0000][info][gc,task        ] GC(643) Using 24 workers of 68 for evacuation
[2024-08-27T14:57:36.316+0000][info][gc,phases      ] GC(643)   Pre Evacuate Collection Set: 0.2ms
[2024-08-27T14:57:36.316+0000][info][gc,phases      ] GC(643)   Merge Heap Roots: 0.3ms
[2024-08-27T14:57:36.316+0000][info][gc,phases      ] GC(643)   Evacuate Collection Set: 9.8ms
[2024-08-27T14:57:36.316+0000][info][gc,phases      ] GC(643)   Post Evacuate Collection Set: 0.4ms
[2024-08-27T14:57:36.316+0000][info][gc,phases      ] GC(643)   Other: 0.6ms
[2024-08-27T14:57:36.316+0000][info][gc,heap        ] GC(643) Eden regions: 45->0(44)
[2024-08-27T14:57:36.316+0000][info][gc,heap        ] GC(643) Survivor regions: 7->7(7)
[2024-08-27T14:57:36.316+0000][info][gc,heap        ] GC(643) Old regions: 764->811
[2024-08-27T14:57:36.316+0000][info][gc,heap        ] GC(643) Archive regions: 2->2
[2024-08-27T14:57:36.316+0000][info][gc,heap        ] GC(643) Humongous regions: 5->5
[2024-08-27T14:57:36.316+0000][info][gc,metaspace   ] GC(643) Metaspace: 100K(320K)->100K(320K) NonClass: 96K(192K)->96K(192K) Class: 4K(128K)->4K(128K)
[2024-08-27T14:57:36.316+0000][info][gc             ] GC(643) Pause Young (Concurrent Start) (G1 Evacuation Pause) 821M->823M(1024M) 11.306ms
[2024-08-27T14:57:36.316+0000][info][gc,cpu         ] GC(643) User=0.24s Sys=0.00s Real=0.01s
[2024-08-27T14:57:36.316+0000][info][gc             ] GC(644) Concurrent Mark Cycle
[2024-08-27T14:57:36.316+0000][info][gc,marking     ] GC(644) Concurrent Clear Claimed Marks
[2024-08-27T14:57:36.316+0000][info][gc,marking     ] GC(644) Concurrent Clear Claimed Marks 0.013ms
[2024-08-27T14:57:36.316+0000][info][gc,marking     ] GC(644) Concurrent Scan Root Regions
[2024-08-27T14:57:36.318+0000][info][gc,marking     ] GC(644) Concurrent Scan Root Regions 1.699ms
[2024-08-27T14:57:36.318+0000][info][gc,marking     ] GC(644) Concurrent Mark
[2024-08-27T14:57:36.318+0000][info][gc,marking     ] GC(644) Concurrent Mark From Roots
[2024-08-27T14:57:36.318+0000][info][gc,task        ] GC(644) Using 17 workers of 17 for marking
[2024-08-27T14:57:36.341+0000][info][gc,marking     ] GC(644) Concurrent Mark From Roots 23.201ms
[2024-08-27T14:57:36.341+0000][info][gc,marking     ] GC(644) Concurrent Preclean
[2024-08-27T14:57:36.342+0000][info][gc,marking     ] GC(644) Concurrent Preclean 0.859ms
[2024-08-27T14:57:36.343+0000][info][gc,start       ] GC(644) Pause Remark
[2024-08-27T14:57:36.344+0000][info][gc             ] GC(644) Pause Remark 849M->849M(1024M) 1.295ms
[2024-08-27T14:57:36.344+0000][info][gc,cpu         ] GC(644) User=0.01s Sys=0.00s Real=0.00s
[2024-08-27T14:57:36.344+0000][info][gc,marking     ] GC(644) Concurrent Mark 25.913ms
[2024-08-27T14:57:36.344+0000][info][gc,marking     ] GC(644) Concurrent Rebuild Remembered Sets
[2024-08-27T14:57:36.363+0000][info][gc,start       ] GC(645) Pause Young (Normal) (G1 Evacuation Pause)
[2024-08-27T14:57:36.363+0000][info][gc,task        ] GC(645) Using 24 workers of 68 for evacuation
[2024-08-27T14:57:36.373+0000][info][gc,phases      ] GC(645)   Pre Evacuate Collection Set: 0.2ms
[2024-08-27T14:57:36.373+0000][info][gc,phases      ] GC(645)   Merge Heap Roots: 0.4ms
[2024-08-27T14:57:36.373+0000][info][gc,phases      ] GC(645)   Evacuate Collection Set: 9.4ms
[2024-08-27T14:57:36.373+0000][info][gc,phases      ] GC(645)   Post Evacuate Collection Set: 0.4ms
[2024-08-27T14:57:36.373+0000][info][gc,phases      ] GC(645)   Other: 0.2ms
[2024-08-27T14:57:36.373+0000][info][gc,heap        ] GC(645) Eden regions: 44->0(44)
[2024-08-27T14:57:36.373+0000][info][gc,heap        ] GC(645) Survivor regions: 7->7(7)
[2024-08-27T14:57:36.373+0000][info][gc,heap        ] GC(645) Old regions: 811->858
[2024-08-27T14:57:36.373+0000][info][gc,heap        ] GC(645) Archive regions: 2->2
[2024-08-27T14:57:36.373+0000][info][gc,heap        ] GC(645) Humongous regions: 5->5
[2024-08-27T14:57:36.373+0000][info][gc,metaspace   ] GC(645) Metaspace: 100K(320K)->100K(320K) NonClass: 96K(192K)->96K(192K) Class: 4K(128K)->4K(128K)
[2024-08-27T14:57:36.373+0000][info][gc             ] GC(645) Pause Young (Normal) (G1 Evacuation Pause) 867M->870M(1024M) 10.729ms
[2024-08-27T14:57:36.373+0000][info][gc,cpu         ] GC(645) User=0.24s Sys=0.01s Real=0.01s
[2024-08-27T14:57:36.413+0000][info][gc,start       ] GC(646) Pause Young (Normal) (G1 Evacuation Pause)
[2024-08-27T14:57:36.413+0000][info][gc,task        ] GC(646) Using 24 workers of 68 for evacuation
[2024-08-27T14:57:36.428+0000][info][gc,phases      ] GC(646)   Pre Evacuate Collection Set: 0.2ms
[2024-08-27T14:57:36.428+0000][info][gc,phases      ] GC(646)   Merge Heap Roots: 0.4ms
[2024-08-27T14:57:36.428+0000][info][gc,phases      ] GC(646)   Evacuate Collection Set: 13.2ms
[2024-08-27T14:57:36.428+0000][info][gc,phases      ] GC(646)   Post Evacuate Collection Set: 0.5ms
[2024-08-27T14:57:36.428+0000][info][gc,phases      ] GC(646)   Other: 0.3ms
[2024-08-27T14:57:36.428+0000][info][gc,heap        ] GC(646) Eden regions: 44->0(44)
[2024-08-27T14:57:36.428+0000][info][gc,heap        ] GC(646) Survivor regions: 7->7(7)
[2024-08-27T14:57:36.428+0000][info][gc,heap        ] GC(646) Old regions: 858->905
[2024-08-27T14:57:36.428+0000][info][gc,heap        ] GC(646) Archive regions: 2->2
[2024-08-27T14:57:36.428+0000][info][gc,heap        ] GC(646) Humongous regions: 5->5
[2024-08-27T14:57:36.428+0000][info][gc,metaspace   ] GC(646) Metaspace: 100K(320K)->100K(320K) NonClass: 96K(192K)->96K(192K) Class: 4K(128K)->4K(128K)
[2024-08-27T14:57:36.428+0000][info][gc             ] GC(646) Pause Young (Normal) (G1 Evacuation Pause) 914M->917M(1024M) 14.577ms
[2024-08-27T14:57:36.428+0000][info][gc,cpu         ] GC(646) User=0.33s Sys=0.00s Real=0.01s
[2024-08-27T14:57:36.433+0000][info][gc,marking     ] GC(644) Concurrent Rebuild Remembered Sets 89.373ms
[2024-08-27T14:57:36.434+0000][info][gc,start       ] GC(644) Pause Cleanup
[2024-08-27T14:57:36.435+0000][info][gc             ] GC(644) Pause Cleanup 923M->923M(1024M) 1.244ms
[2024-08-27T14:57:36.435+0000][info][gc,cpu         ] GC(644) User=0.00s Sys=0.00s Real=0.00s
[2024-08-27T14:57:36.435+0000][info][gc,marking     ] GC(644) Concurrent Cleanup for Next Mark
[2024-08-27T14:57:36.436+0000][info][gc,marking     ] GC(644) Concurrent Cleanup for Next Mark 0.771ms
[2024-08-27T14:57:36.436+0000][info][gc             ] GC(644) Concurrent Mark Cycle 119.443ms
[2024-08-27T14:57:36.460+0000][info][gc,start       ] GC(647) Pause Young (Prepare Mixed) (G1 Evacuation Pause)
[2024-08-27T14:57:36.460+0000][info][gc,task        ] GC(647) Using 24 workers of 68 for evacuation
[2024-08-27T14:57:36.476+0000][info][gc,phases      ] GC(647)   Pre Evacuate Collection Set: 0.2ms
[2024-08-27T14:57:36.476+0000][info][gc,phases      ] GC(647)   Merge Heap Roots: 0.4ms
[2024-08-27T14:57:36.476+0000][info][gc,phases      ] GC(647)   Evacuate Collection Set: 15.0ms
[2024-08-27T14:57:36.476+0000][info][gc,phases      ] GC(647)   Post Evacuate Collection Set: 0.3ms
[2024-08-27T14:57:36.476+0000][info][gc,phases      ] GC(647)   Other: 0.2ms
[2024-08-27T14:57:36.476+0000][info][gc,heap        ] GC(647) Eden regions: 44->0(44)
[2024-08-27T14:57:36.476+0000][info][gc,heap        ] GC(647) Survivor regions: 7->7(7)
[2024-08-27T14:57:36.476+0000][info][gc,heap        ] GC(647) Old regions: 905->950
[2024-08-27T14:57:36.476+0000][info][gc,heap        ] GC(647) Archive regions: 2->2
[2024-08-27T14:57:36.476+0000][info][gc,heap        ] GC(647) Humongous regions: 5->5
[2024-08-27T14:57:36.476+0000][info][gc,metaspace   ] GC(647) Metaspace: 100K(320K)->100K(320K) NonClass: 96K(192K)->96K(192K) Class: 4K(128K)->4K(128K)
[2024-08-27T14:57:36.476+0000][info][gc             ] GC(647) Pause Young (Prepare Mixed) (G1 Evacuation Pause) 961M->962M(1024M) 16.129ms
[2024-08-27T14:57:36.476+0000][info][gc,cpu         ] GC(647) User=0.37s Sys=0.00s Real=0.01s
[2024-08-27T14:57:36.490+0000][info][gc,start       ] GC(648) Pause Young (Mixed) (G1 Preventive Collection)
[2024-08-27T14:57:36.491+0000][info][gc,task        ] GC(648) Using 24 workers of 68 for evacuation
[2024-08-27T14:57:36.499+0000][info][gc,phases      ] GC(648)   Pre Evacuate Collection Set: 0.2ms
[2024-08-27T14:57:36.499+0000][info][gc,phases      ] GC(648)   Merge Heap Roots: 0.4ms
[2024-08-27T14:57:36.499+0000][info][gc,phases      ] GC(648)   Evacuate Collection Set: 7.4ms
[2024-08-27T14:57:36.499+0000][info][gc,phases      ] GC(648)   Post Evacuate Collection Set: 0.4ms
[2024-08-27T14:57:36.499+0000][info][gc,phases      ] GC(648)   Other: 0.2ms
[2024-08-27T14:57:36.499+0000][info][gc,heap        ] GC(648) Eden regions: 24->0(44)
[2024-08-27T14:57:36.499+0000][info][gc,heap        ] GC(648) Survivor regions: 7->7(7)
[2024-08-27T14:57:36.499+0000][info][gc,heap        ] GC(648) Old regions: 950->875
[2024-08-27T14:57:36.499+0000][info][gc,heap        ] GC(648) Archive regions: 2->2
[2024-08-27T14:57:36.499+0000][info][gc,heap        ] GC(648) Humongous regions: 5->5
[2024-08-27T14:57:36.499+0000][info][gc,metaspace   ] GC(648) Metaspace: 100K(320K)->100K(320K) NonClass: 96K(192K)->96K(192K) Class: 4K(128K)->4K(128K)
[2024-08-27T14:57:36.499+0000][info][gc             ] GC(648) Pause Young (Mixed) (G1 Preventive Collection) 986M->887M(1024M) 8.778ms
[2024-08-27T14:57:36.499+0000][info][gc,cpu         ] GC(648) User=0.18s Sys=0.00s Real=0.01s
[2024-08-27T14:57:36.524+0000][info][gc,start       ] GC(649) Pause Young (Mixed) (G1 Evacuation Pause)
[2024-08-27T14:57:36.524+0000][info][gc,task        ] GC(649) Using 24 workers of 68 for evacuation
[2024-08-27T14:57:36.535+0000][info][gc,phases      ] GC(649)   Pre Evacuate Collection Set: 0.2ms
[2024-08-27T14:57:36.535+0000][info][gc,phases      ] GC(649)   Merge Heap Roots: 0.3ms
[2024-08-27T14:57:36.535+0000][info][gc,phases      ] GC(649)   Evacuate Collection Set: 9.9ms
[2024-08-27T14:57:36.535+0000][info][gc,phases      ] GC(649)   Post Evacuate Collection Set: 0.4ms
[2024-08-27T14:57:36.535+0000][info][gc,phases      ] GC(649)   Other: 0.3ms
[2024-08-27T14:57:36.535+0000][info][gc,heap        ] GC(649) Eden regions: 44->0(44)
[2024-08-27T14:57:36.535+0000][info][gc,heap        ] GC(649) Survivor regions: 7->7(7)
[2024-08-27T14:57:36.535+0000][info][gc,heap        ] GC(649) Old regions: 875->817
[2024-08-27T14:57:36.535+0000][info][gc,heap        ] GC(649) Archive regions: 2->2
[2024-08-27T14:57:36.535+0000][info][gc,heap        ] GC(649) Humongous regions: 5->5
[2024-08-27T14:57:36.535+0000][info][gc,metaspace   ] GC(649) Metaspace: 100K(320K)->100K(320K) NonClass: 96K(192K)->96K(192K) Class: 4K(128K)->4K(128K)
[2024-08-27T14:57:36.535+0000][info][gc             ] GC(649) Pause Young (Mixed) (G1 Evacuation Pause) 931M->829M(1024M) 11.217ms
[2024-08-27T14:57:36.535+0000][info][gc,cpu         ] GC(649) User=0.24s Sys=0.00s Real=0.01s
[2024-08-27T14:57:36.559+0000][info][gc,start       ] GC(650) Pause Young (Mixed) (G1 Evacuation Pause)
[2024-08-27T14:57:36.559+0000][info][gc,task        ] GC(650) Using 24 workers of 68 for evacuation
[2024-08-27T14:57:36.570+0000][info][gc,phases      ] GC(650)   Pre Evacuate Collection Set: 0.3ms
[2024-08-27T14:57:36.570+0000][info][gc,phases      ] GC(650)   Merge Heap Roots: 0.4ms
[2024-08-27T14:57:36.570+0000][info][gc,phases      ] GC(650)   Evacuate Collection Set: 9.9ms
[2024-08-27T14:57:36.570+0000][info][gc,phases      ] GC(650)   Post Evacuate Collection Set: 0.4ms
[2024-08-27T14:57:36.570+0000][info][gc,phases      ] GC(650)   Other: 0.3ms
[2024-08-27T14:57:36.570+0000][info][gc,heap        ] GC(650) Eden regions: 44->0(44)
[2024-08-27T14:57:36.570+0000][info][gc,heap        ] GC(650) Survivor regions: 7->7(7)
[2024-08-27T14:57:36.570+0000][info][gc,heap        ] GC(650) Old regions: 817->761
[2024-08-27T14:57:36.570+0000][info][gc,heap        ] GC(650) Archive regions: 2->2
[2024-08-27T14:57:36.570+0000][info][gc,heap        ] GC(650) Humongous regions: 5->5
[2024-08-27T14:57:36.570+0000][info][gc,metaspace   ] GC(650) Metaspace: 100K(320K)->100K(320K) NonClass: 96K(192K)->96K(192K) Class: 4K(128K)->4K(128K)
[2024-08-27T14:57:36.570+0000][info][gc             ] GC(650) Pause Young (Mixed) (G1 Evacuation Pause) 873M->773M(1024M) 11.277ms
[2024-08-27T14:57:36.570+0000][info][gc,cpu         ] GC(650) User=0.25s Sys=0.00s Real=0.01s
[2024-08-27T14:57:36.594+0000][info][gc,start       ] GC(651) Pause Young (Mixed) (G1 Evacuation Pause)
[2024-08-27T14:57:36.594+0000][info][gc,task        ] GC(651) Using 24 workers of 68 for evacuation
[2024-08-27T14:57:36.605+0000][info][gc,phases      ] GC(651)   Pre Evacuate Collection Set: 0.2ms
[2024-08-27T14:57:36.605+0000][info][gc,phases      ] GC(651)   Merge Heap Roots: 0.2ms
[2024-08-27T14:57:36.605+0000][info][gc,phases      ] GC(651)   Evacuate Collection Set: 9.4ms
[2024-08-27T14:57:36.605+0000][info][gc,phases      ] GC(651)   Post Evacuate Collection Set: 0.4ms
[2024-08-27T14:57:36.605+0000][info][gc,phases      ] GC(651)   Other: 0.2ms
[2024-08-27T14:57:36.605+0000][info][gc,heap        ] GC(651) Eden regions: 44->0(44)
[2024-08-27T14:57:36.605+0000][info][gc,heap        ] GC(651) Survivor regions: 7->7(7)
[2024-08-27T14:57:36.605+0000][info][gc,heap        ] GC(651) Old regions: 761->805
[2024-08-27T14:57:36.605+0000][info][gc,heap        ] GC(651) Archive regions: 2->2
[2024-08-27T14:57:36.605+0000][info][gc,heap        ] GC(651) Humongous regions: 5->5
[2024-08-27T14:57:36.605+0000][info][gc,metaspace   ] GC(651) Metaspace: 100K(320K)->100K(320K) NonClass: 96K(192K)->96K(192K) Class: 4K(128K)->4K(128K)
[2024-08-27T14:57:36.605+0000][info][gc             ] GC(651) Pause Young (Mixed) (G1 Evacuation Pause) 817M->817M(1024M) 10.485ms
[2024-08-27T14:57:36.605+0000][info][gc,cpu         ] GC(651) User=0.23s Sys=0.00s Real=0.01s
[2024-08-27T14:57:36.629+0000][info][gc,start       ] GC(652) Pause Young (Concurrent Start) (G1 Evacuation Pause)
[2024-08-27T14:57:36.629+0000][info][gc,task        ] GC(652) Using 24 workers of 68 for evacuation
[2024-08-27T14:57:36.641+0000][info][gc,phases      ] GC(652)   Pre Evacuate Collection Set: 0.2ms
[2024-08-27T14:57:36.641+0000][info][gc,phases      ] GC(652)   Merge Heap Roots: 0.3ms
[2024-08-27T14:57:36.641+0000][info][gc,phases      ] GC(652)   Evacuate Collection Set: 10.0ms
[2024-08-27T14:57:36.641+0000][info][gc,phases      ] GC(652)   Post Evacuate Collection Set: 0.4ms
[2024-08-27T14:57:36.641+0000][info][gc,phases      ] GC(652)   Other: 0.6ms
[2024-08-27T14:57:36.641+0000][info][gc,heap        ] GC(652) Eden regions: 44->0(44)
[2024-08-27T14:57:36.641+0000][info][gc,heap        ] GC(652) Survivor regions: 7->7(7)
[2024-08-27T14:57:36.641+0000][info][gc,heap        ] GC(652) Old regions: 805->852
[2024-08-27T14:57:36.641+0000][info][gc,heap        ] GC(652) Archive regions: 2->2
[2024-08-27T14:57:36.641+0000][info][gc,heap        ] GC(652) Humongous regions: 5->5
[2024-08-27T14:57:36.641+0000][info][gc,metaspace   ] GC(652) Metaspace: 100K(320K)->100K(320K) NonClass: 96K(192K)->96K(192K) Class: 4K(128K)->4K(128K)
[2024-08-27T14:57:36.641+0000][info][gc             ] GC(652) Pause Young (Concurrent Start) (G1 Evacuation Pause) 861M->864M(1024M) 11.550ms
[2024-08-27T14:57:36.641+0000][info][gc,cpu         ] GC(652) User=0.23s Sys=0.01s Real=0.02s
[2024-08-27T14:57:36.641+0000][info][gc             ] GC(653) Concurrent Mark Cycle
[2024-08-27T14:57:36.641+0000][info][gc,marking     ] GC(653) Concurrent Clear Claimed Marks
[2024-08-27T14:57:36.641+0000][info][gc,marking     ] GC(653) Concurrent Clear Claimed Marks 0.010ms
[2024-08-27T14:57:36.641+0000][info][gc,marking     ] GC(653) Concurrent Scan Root Regions
[2024-08-27T14:57:36.643+0000][info][gc,marking     ] GC(653) Concurrent Scan Root Regions 1.683ms
[2024-08-27T14:57:36.643+0000][info][gc,marking     ] GC(653) Concurrent Mark
[2024-08-27T14:57:36.643+0000][info][gc,marking     ] GC(653) Concurrent Mark From Roots
[2024-08-27T14:57:36.643+0000][info][gc,task        ] GC(653) Using 17 workers of 17 for marking
[2024-08-27T14:57:36.667+0000][info][gc,marking     ] GC(653) Concurrent Mark From Roots 23.839ms
[2024-08-27T14:57:36.667+0000][info][gc,marking     ] GC(653) Concurrent Preclean
[2024-08-27T14:57:36.667+0000][info][gc,marking     ] GC(653) Concurrent Preclean 0.502ms
[2024-08-27T14:57:36.667+0000][info][gc,start       ] GC(653) Pause Remark
[2024-08-27T14:57:36.669+0000][info][gc             ] GC(653) Pause Remark 889M->889M(1024M) 1.592ms
[2024-08-27T14:57:36.669+0000][info][gc,cpu         ] GC(653) User=0.01s Sys=0.00s Real=0.00s
[2024-08-27T14:57:36.669+0000][info][gc,marking     ] GC(653) Concurrent Mark 26.423ms
[2024-08-27T14:57:36.669+0000][info][gc,marking     ] GC(653) Concurrent Rebuild Remembered Sets
[2024-08-27T14:57:36.688+0000][info][gc,start       ] GC(654) Pause Young (Normal) (G1 Evacuation Pause)
[2024-08-27T14:57:36.688+0000][info][gc,task        ] GC(654) Using 24 workers of 68 for evacuation
[2024-08-27T14:57:36.699+0000][info][gc,phases      ] GC(654)   Pre Evacuate Collection Set: 0.2ms
[2024-08-27T14:57:36.699+0000][info][gc,phases      ] GC(654)   Merge Heap Roots: 0.3ms
[2024-08-27T14:57:36.699+0000][info][gc,phases      ] GC(654)   Evacuate Collection Set: 9.4ms
[2024-08-27T14:57:36.699+0000][info][gc,phases      ] GC(654)   Post Evacuate Collection Set: 0.5ms
[2024-08-27T14:57:36.699+0000][info][gc,phases      ] GC(654)   Other: 0.3ms
[2024-08-27T14:57:36.699+0000][info][gc,heap        ] GC(654) Eden regions: 44->0(44)
[2024-08-27T14:57:36.699+0000][info][gc,heap        ] GC(654) Survivor regions: 7->7(7)
[2024-08-27T14:57:36.699+0000][info][gc,heap        ] GC(654) Old regions: 852->898
[2024-08-27T14:57:36.699+0000][info][gc,heap        ] GC(654) Archive regions: 2->2
[2024-08-27T14:57:36.699+0000][info][gc,heap        ] GC(654) Humongous regions: 5->5
[2024-08-27T14:57:36.699+0000][info][gc,metaspace   ] GC(654) Metaspace: 100K(320K)->100K(320K) NonClass: 96K(192K)->96K(192K) Class: 4K(128K)->4K(128K)
[2024-08-27T14:57:36.699+0000][info][gc             ] GC(654) Pause Young (Normal) (G1 Evacuation Pause) 908M->910M(1024M) 10.757ms
[2024-08-27T14:57:36.699+0000][info][gc,cpu         ] GC(654) User=0.23s Sys=0.00s Real=0.02s
[2024-08-27T14:57:36.738+0000][info][gc,start       ] GC(655) Pause Young (Normal) (G1 Evacuation Pause)
[2024-08-27T14:57:36.738+0000][info][gc,task        ] GC(655) Using 24 workers of 68 for evacuation
[2024-08-27T14:57:36.752+0000][info][gc,phases      ] GC(655)   Pre Evacuate Collection Set: 0.2ms
[2024-08-27T14:57:36.752+0000][info][gc,phases      ] GC(655)   Merge Heap Roots: 0.3ms
[2024-08-27T14:57:36.752+0000][info][gc,phases      ] GC(655)   Evacuate Collection Set: 13.1ms
[2024-08-27T14:57:36.752+0000][info][gc,phases      ] GC(655)   Post Evacuate Collection Set: 0.5ms
[2024-08-27T14:57:36.752+0000][info][gc,phases      ] GC(655)   Other: 0.3ms
[2024-08-27T14:57:36.752+0000][info][gc,heap        ] GC(655) Eden regions: 44->0(44)
[2024-08-27T14:57:36.752+0000][info][gc,heap        ] GC(655) Survivor regions: 7->7(7)
[2024-08-27T14:57:36.752+0000][info][gc,heap        ] GC(655) Old regions: 898->945
[2024-08-27T14:57:36.752+0000][info][gc,heap        ] GC(655) Archive regions: 2->2
[2024-08-27T14:57:36.752+0000][info][gc,heap        ] GC(655) Humongous regions: 5->5
[2024-08-27T14:57:36.752+0000][info][gc,metaspace   ] GC(655) Metaspace: 100K(320K)->100K(320K) NonClass: 96K(192K)->96K(192K) Class: 4K(128K)->4K(128K)
[2024-08-27T14:57:36.752+0000][info][gc             ] GC(655) Pause Young (Normal) (G1 Evacuation Pause) 954M->957M(1024M) 14.470ms
[2024-08-27T14:57:36.752+0000][info][gc,cpu         ] GC(655) User=0.32s Sys=0.01s Real=0.01s
[2024-08-27T14:57:36.757+0000][info][gc,marking     ] GC(653) Concurrent Rebuild Remembered Sets 87.922ms
[2024-08-27T14:57:36.757+0000][info][gc,start       ] GC(653) Pause Cleanup
[2024-08-27T14:57:36.759+0000][info][gc             ] GC(653) Pause Cleanup 963M->963M(1024M) 1.303ms
[2024-08-27T14:57:36.759+0000][info][gc,cpu         ] GC(653) User=0.01s Sys=0.00s Real=0.01s
[2024-08-27T14:57:36.759+0000][info][gc,marking     ] GC(653) Concurrent Cleanup for Next Mark
[2024-08-27T14:57:36.759+0000][info][gc,marking     ] GC(653) Concurrent Cleanup for Next Mark 0.766ms
[2024-08-27T14:57:36.759+0000][info][gc             ] GC(653) Concurrent Mark Cycle 118.500ms
[2024-08-27T14:57:36.774+0000][info][gc,start       ] GC(656) Pause Young (Prepare Mixed) (G1 Preventive Collection)
[2024-08-27T14:57:36.774+0000][info][gc,task        ] GC(656) Using 24 workers of 68 for evacuation
[2024-08-27T14:57:36.787+0000][info][gc,phases      ] GC(656)   Pre Evacuate Collection Set: 0.2ms
[2024-08-27T14:57:36.787+0000][info][gc,phases      ] GC(656)   Merge Heap Roots: 0.6ms
[2024-08-27T14:57:36.787+0000][info][gc,phases      ] GC(656)   Evacuate Collection Set: 12.6ms
[2024-08-27T14:57:36.787+0000][info][gc,phases      ] GC(656)   Post Evacuate Collection Set: 0.3ms
[2024-08-27T14:57:36.787+0000][info][gc,phases      ] GC(656)   Other: 0.3ms
[2024-08-27T14:57:36.787+0000][info][gc,heap        ] GC(656) Eden regions: 27->0(44)
[2024-08-27T14:57:36.787+0000][info][gc,heap        ] GC(656) Survivor regions: 7->7(7)
[2024-08-27T14:57:36.787+0000][info][gc,heap        ] GC(656) Old regions: 945->975
[2024-08-27T14:57:36.787+0000][info][gc,heap        ] GC(656) Archive regions: 2->2
[2024-08-27T14:57:36.787+0000][info][gc,heap        ] GC(656) Humongous regions: 5->5
[2024-08-27T14:57:36.787+0000][info][gc,metaspace   ] GC(656) Metaspace: 100K(320K)->100K(320K) NonClass: 96K(192K)->96K(192K) Class: 4K(128K)->4K(128K)
[2024-08-27T14:57:36.788+0000][info][gc             ] GC(656) Pause Young (Prepare Mixed) (G1 Preventive Collection) 984M->987M(1024M) 13.878ms
[2024-08-27T14:57:36.788+0000][info][gc,cpu         ] GC(656) User=0.31s Sys=0.00s Real=0.01s
[2024-08-27T14:57:36.795+0000][info][gc,start       ] GC(657) Pause Young (Mixed) (G1 Preventive Collection)
[2024-08-27T14:57:36.795+0000][info][gc,task        ] GC(657) Using 24 workers of 68 for evacuation
[2024-08-27T14:57:36.801+0000][info][gc,phases      ] GC(657)   Pre Evacuate Collection Set: 0.2ms
[2024-08-27T14:57:36.801+0000][info][gc,phases      ] GC(657)   Merge Heap Roots: 0.2ms
[2024-08-27T14:57:36.801+0000][info][gc,phases      ] GC(657)   Evacuate Collection Set: 4.6ms
[2024-08-27T14:57:36.801+0000][info][gc,phases      ] GC(657)   Post Evacuate Collection Set: 0.3ms
[2024-08-27T14:57:36.801+0000][info][gc,phases      ] GC(657)   Other: 0.2ms
[2024-08-27T14:57:36.801+0000][info][gc,heap        ] GC(657) Eden regions: 12->0(44)
[2024-08-27T14:57:36.801+0000][info][gc,heap        ] GC(657) Survivor regions: 7->7(7)
[2024-08-27T14:57:36.801+0000][info][gc,heap        ] GC(657) Old regions: 975->886
[2024-08-27T14:57:36.801+0000][info][gc,heap        ] GC(657) Archive regions: 2->2
[2024-08-27T14:57:36.801+0000][info][gc,heap        ] GC(657) Humongous regions: 5->5
[2024-08-27T14:57:36.801+0000][info][gc,metaspace   ] GC(657) Metaspace: 100K(320K)->100K(320K) NonClass: 96K(192K)->96K(192K) Class: 4K(128K)->4K(128K)
[2024-08-27T14:57:36.801+0000][info][gc             ] GC(657) Pause Young (Mixed) (G1 Preventive Collection) 999M->898M(1024M) 5.708ms
[2024-08-27T14:57:36.801+0000][info][gc,cpu         ] GC(657) User=0.12s Sys=0.00s Real=0.01s
[2024-08-27T14:57:36.823+0000][info][gc,start       ] GC(658) Pause Young (Mixed) (G1 Evacuation Pause)
[2024-08-27T14:57:36.823+0000][info][gc,task        ] GC(658) Using 24 workers of 68 for evacuation
[2024-08-27T14:57:36.834+0000][info][gc,phases      ] GC(658)   Pre Evacuate Collection Set: 0.2ms
[2024-08-27T14:57:36.834+0000][info][gc,phases      ] GC(658)   Merge Heap Roots: 0.4ms
[2024-08-27T14:57:36.834+0000][info][gc,phases      ] GC(658)   Evacuate Collection Set: 9.4ms
[2024-08-27T14:57:36.834+0000][info][gc,phases      ] GC(658)   Post Evacuate Collection Set: 0.4ms
[2024-08-27T14:57:36.834+0000][info][gc,phases      ] GC(658)   Other: 0.2ms
[2024-08-27T14:57:36.834+0000][info][gc,heap        ] GC(658) Eden regions: 44->0(44)
[2024-08-27T14:57:36.834+0000][info][gc,heap        ] GC(658) Survivor regions: 7->7(7)
[2024-08-27T14:57:36.834+0000][info][gc,heap        ] GC(658) Old regions: 886->828
[2024-08-27T14:57:36.834+0000][info][gc,heap        ] GC(658) Archive regions: 2->2
[2024-08-27T14:57:36.834+0000][info][gc,heap        ] GC(658) Humongous regions: 5->5
[2024-08-27T14:57:36.834+0000][info][gc,metaspace   ] GC(658) Metaspace: 100K(320K)->100K(320K) NonClass: 96K(192K)->96K(192K) Class: 4K(128K)->4K(128K)
[2024-08-27T14:57:36.834+0000][info][gc             ] GC(658) Pause Young (Mixed) (G1 Evacuation Pause) 942M->840M(1024M) 10.830ms
[2024-08-27T14:57:36.834+0000][info][gc,cpu         ] GC(658) User=0.23s Sys=0.01s Real=0.01s
[2024-08-27T14:57:36.856+0000][info][gc,start       ] GC(659) Pause Young (Mixed) (G1 Evacuation Pause)
[2024-08-27T14:57:36.856+0000][info][gc,task        ] GC(659) Using 24 workers of 68 for evacuation
[2024-08-27T14:57:36.867+0000][info][gc,phases      ] GC(659)   Pre Evacuate Collection Set: 0.2ms
[2024-08-27T14:57:36.867+0000][info][gc,phases      ] GC(659)   Merge Heap Roots: 0.3ms
[2024-08-27T14:57:36.867+0000][info][gc,phases      ] GC(659)   Evacuate Collection Set: 9.8ms
[2024-08-27T14:57:36.867+0000][info][gc,phases      ] GC(659)   Post Evacuate Collection Set: 0.4ms
[2024-08-27T14:57:36.867+0000][info][gc,phases      ] GC(659)   Other: 0.2ms
[2024-08-27T14:57:36.867+0000][info][gc,heap        ] GC(659) Eden regions: 44->0(44)
[2024-08-27T14:57:36.867+0000][info][gc,heap        ] GC(659) Survivor regions: 7->7(7)
[2024-08-27T14:57:36.867+0000][info][gc,heap        ] GC(659) Old regions: 828->771
[2024-08-27T14:57:36.867+0000][info][gc,heap        ] GC(659) Archive regions: 2->2
[2024-08-27T14:57:36.867+0000][info][gc,heap        ] GC(659) Humongous regions: 5->5
[2024-08-27T14:57:36.867+0000][info][gc,metaspace   ] GC(659) Metaspace: 100K(320K)->100K(320K) NonClass: 96K(192K)->96K(192K) Class: 4K(128K)->4K(128K)
[2024-08-27T14:57:36.867+0000][info][gc             ] GC(659) Pause Young (Mixed) (G1 Evacuation Pause) 884M->783M(1024M) 11.007ms
[2024-08-27T14:57:36.867+0000][info][gc,cpu         ] GC(659) User=0.25s Sys=0.00s Real=0.01s
[2024-08-27T14:57:36.889+0000][info][gc,start       ] GC(660) Pause Young (Mixed) (G1 Evacuation Pause)
[2024-08-27T14:57:36.889+0000][info][gc,task        ] GC(660) Using 24 workers of 68 for evacuation
[2024-08-27T14:57:36.900+0000][info][gc,phases      ] GC(660)   Pre Evacuate Collection Set: 0.2ms
[2024-08-27T14:57:36.900+0000][info][gc,phases      ] GC(660)   Merge Heap Roots: 0.4ms
[2024-08-27T14:57:36.900+0000][info][gc,phases      ] GC(660)   Evacuate Collection Set: 9.7ms
[2024-08-27T14:57:36.900+0000][info][gc,phases      ] GC(660)   Post Evacuate Collection Set: 0.4ms
[2024-08-27T14:57:36.900+0000][info][gc,phases      ] GC(660)   Other: 0.2ms
[2024-08-27T14:57:36.900+0000][info][gc,heap        ] GC(660) Eden regions: 44->0(44)
[2024-08-27T14:57:36.900+0000][info][gc,heap        ] GC(660) Survivor regions: 7->7(7)
[2024-08-27T14:57:36.900+0000][info][gc,heap        ] GC(660) Old regions: 771->777
[2024-08-27T14:57:36.900+0000][info][gc,heap        ] GC(660) Archive regions: 2->2
[2024-08-27T14:57:36.900+0000][info][gc,heap        ] GC(660) Humongous regions: 5->5
[2024-08-27T14:57:36.900+0000][info][gc,metaspace   ] GC(660) Metaspace: 100K(320K)->100K(320K) NonClass: 96K(192K)->96K(192K) Class: 4K(128K)->4K(128K)
[2024-08-27T14:57:36.900+0000][info][gc             ] GC(660) Pause Young (Mixed) (G1 Evacuation Pause) 827M->789M(1024M) 10.945ms
[2024-08-27T14:57:36.900+0000][info][gc,cpu         ] GC(660) User=0.24s Sys=0.00s Real=0.02s
[2024-08-27T14:57:36.923+0000][info][gc,start       ] GC(661) Pause Young (Concurrent Start) (G1 Evacuation Pause)
[2024-08-27T14:57:36.923+0000][info][gc,task        ] GC(661) Using 24 workers of 68 for evacuation
[2024-08-27T14:57:36.934+0000][info][gc,phases      ] GC(661)   Pre Evacuate Collection Set: 0.2ms
[2024-08-27T14:57:36.934+0000][info][gc,phases      ] GC(661)   Merge Heap Roots: 0.4ms
[2024-08-27T14:57:36.934+0000][info][gc,phases      ] GC(661)   Evacuate Collection Set: 9.6ms
[2024-08-27T14:57:36.934+0000][info][gc,phases      ] GC(661)   Post Evacuate Collection Set: 0.3ms
[2024-08-27T14:57:36.934+0000][info][gc,phases      ] GC(661)   Other: 0.6ms
[2024-08-27T14:57:36.934+0000][info][gc,heap        ] GC(661) Eden regions: 44->0(44)
[2024-08-27T14:57:36.934+0000][info][gc,heap        ] GC(661) Survivor regions: 7->7(7)
[2024-08-27T14:57:36.934+0000][info][gc,heap        ] GC(661) Old regions: 777->824
[2024-08-27T14:57:36.934+0000][info][gc,heap        ] GC(661) Archive regions: 2->2
[2024-08-27T14:57:36.934+0000][info][gc,heap        ] GC(661) Humongous regions: 5->5
[2024-08-27T14:57:36.934+0000][info][gc,metaspace   ] GC(661) Metaspace: 100K(320K)->100K(320K) NonClass: 96K(192K)->96K(192K) Class: 4K(128K)->4K(128K)
[2024-08-27T14:57:36.934+0000][info][gc             ] GC(661) Pause Young (Concurrent Start) (G1 Evacuation Pause) 833M->836M(1024M) 11.185ms
[2024-08-27T14:57:36.934+0000][info][gc,cpu         ] GC(661) User=0.24s Sys=0.00s Real=0.01s
[2024-08-27T14:57:36.934+0000][info][gc             ] GC(662) Concurrent Mark Cycle
[2024-08-27T14:57:36.934+0000][info][gc,marking     ] GC(662) Concurrent Clear Claimed Marks
[2024-08-27T14:57:36.934+0000][info][gc,marking     ] GC(662) Concurrent Clear Claimed Marks 0.014ms
[2024-08-27T14:57:36.934+0000][info][gc,marking     ] GC(662) Concurrent Scan Root Regions
[2024-08-27T14:57:36.936+0000][info][gc,marking     ] GC(662) Concurrent Scan Root Regions 1.759ms
[2024-08-27T14:57:36.936+0000][info][gc,marking     ] GC(662) Concurrent Mark
[2024-08-27T14:57:36.936+0000][info][gc,marking     ] GC(662) Concurrent Mark From Roots
[2024-08-27T14:57:36.936+0000][info][gc,task        ] GC(662) Using 17 workers of 17 for marking
[2024-08-27T14:57:36.960+0000][info][gc,marking     ] GC(662) Concurrent Mark From Roots 23.748ms
[2024-08-27T14:57:36.960+0000][info][gc,marking     ] GC(662) Concurrent Preclean
[2024-08-27T14:57:36.960+0000][info][gc,marking     ] GC(662) Concurrent Preclean 0.695ms
[2024-08-27T14:57:36.961+0000][info][gc,start       ] GC(662) Pause Remark
[2024-08-27T14:57:36.962+0000][info][gc             ] GC(662) Pause Remark 862M->862M(1024M) 1.266ms
[2024-08-27T14:57:36.962+0000][info][gc,cpu         ] GC(662) User=0.00s Sys=0.00s Real=0.00s
[2024-08-27T14:57:36.962+0000][info][gc,marking     ] GC(662) Concurrent Mark 26.197ms
[2024-08-27T14:57:36.962+0000][info][gc,marking     ] GC(662) Concurrent Rebuild Remembered Sets
[2024-08-27T14:57:36.979+0000][info][gc,start       ] GC(663) Pause Young (Normal) (G1 Evacuation Pause)
[2024-08-27T14:57:36.979+0000][info][gc,task        ] GC(663) Using 24 workers of 68 for evacuation
[2024-08-27T14:57:36.989+0000][info][gc,phases      ] GC(663)   Pre Evacuate Collection Set: 0.2ms
[2024-08-27T14:57:36.989+0000][info][gc,phases      ] GC(663)   Merge Heap Roots: 0.2ms
[2024-08-27T14:57:36.989+0000][info][gc,phases      ] GC(663)   Evacuate Collection Set: 9.5ms
[2024-08-27T14:57:36.989+0000][info][gc,phases      ] GC(663)   Post Evacuate Collection Set: 0.4ms
[2024-08-27T14:57:36.989+0000][info][gc,phases      ] GC(663)   Other: 0.2ms
[2024-08-27T14:57:36.989+0000][info][gc,heap        ] GC(663) Eden regions: 44->0(44)
[2024-08-27T14:57:36.989+0000][info][gc,heap        ] GC(663) Survivor regions: 7->7(7)
[2024-08-27T14:57:36.989+0000][info][gc,heap        ] GC(663) Old regions: 824->870
[2024-08-27T14:57:36.989+0000][info][gc,heap        ] GC(663) Archive regions: 2->2
[2024-08-27T14:57:36.989+0000][info][gc,heap        ] GC(663) Humongous regions: 5->5
[2024-08-27T14:57:36.989+0000][info][gc,metaspace   ] GC(663) Metaspace: 100K(320K)->100K(320K) NonClass: 96K(192K)->96K(192K) Class: 4K(128K)->4K(128K)
[2024-08-27T14:57:36.989+0000][info][gc             ] GC(663) Pause Young (Normal) (G1 Evacuation Pause) 880M->882M(1024M) 10.654ms
[2024-08-27T14:57:36.989+0000][info][gc,cpu         ] GC(663) User=0.23s Sys=0.00s Real=0.00s
[2024-08-27T14:57:37.028+0000][info][gc,start       ] GC(664) Pause Young (Normal) (G1 Evacuation Pause)
[2024-08-27T14:57:37.028+0000][info][gc,task        ] GC(664) Using 24 workers of 68 for evacuation
[2024-08-27T14:57:37.043+0000][info][gc,phases      ] GC(664)   Pre Evacuate Collection Set: 0.2ms
[2024-08-27T14:57:37.043+0000][info][gc,phases      ] GC(664)   Merge Heap Roots: 0.5ms
[2024-08-27T14:57:37.045+0000][info][gc,phases      ] GC(664)   Evacuate Collection Set: 13.2ms
[2024-08-27T14:57:37.045+0000][info][gc,phases      ] GC(664)   Post Evacuate Collection Set: 0.5ms
[2024-08-27T14:57:37.045+0000][info][gc,phases      ] GC(664)   Other: 0.3ms
[2024-08-27T14:57:37.045+0000][info][gc,heap        ] GC(664) Eden regions: 44->0(44)
[2024-08-27T14:57:37.045+0000][info][gc,heap        ] GC(664) Survivor regions: 7->7(7)
[2024-08-27T14:57:37.045+0000][info][gc,heap        ] GC(664) Old regions: 870->917
[2024-08-27T14:57:37.045+0000][info][gc,heap        ] GC(664) Archive regions: 2->2
[2024-08-27T14:57:37.045+0000][info][gc,heap        ] GC(664) Humongous regions: 5->5
[2024-08-27T14:57:37.045+0000][info][gc,metaspace   ] GC(664) Metaspace: 100K(320K)->100K(320K) NonClass: 96K(192K)->96K(192K) Class: 4K(128K)->4K(128K)
[2024-08-27T14:57:37.045+0000][info][gc             ] GC(664) Pause Young (Normal) (G1 Evacuation Pause) 926M->929M(1024M) 17.089ms
[2024-08-27T14:57:37.045+0000][info][gc,cpu         ] GC(664) User=0.34s Sys=0.00s Real=0.02s
[2024-08-27T14:57:37.055+0000][info][gc,marking     ] GC(662) Concurrent Rebuild Remembered Sets 92.923ms
[2024-08-27T14:57:37.055+0000][info][gc,start       ] GC(662) Pause Cleanup
[2024-08-27T14:57:37.057+0000][info][gc             ] GC(662) Pause Cleanup 940M->940M(1024M) 1.297ms
[2024-08-27T14:57:37.057+0000][info][gc,cpu         ] GC(662) User=0.01s Sys=0.00s Real=0.00s
[2024-08-27T14:57:37.057+0000][info][gc,marking     ] GC(662) Concurrent Cleanup for Next Mark
[2024-08-27T14:57:37.057+0000][info][gc,marking     ] GC(662) Concurrent Cleanup for Next Mark 0.728ms
[2024-08-27T14:57:37.058+0000][info][gc             ] GC(662) Concurrent Mark Cycle 123.482ms
[2024-08-27T14:57:37.075+0000][info][gc,start       ] GC(665) Pause Young (Prepare Mixed) (G1 Preventive Collection)
[2024-08-27T14:57:37.075+0000][info][gc,task        ] GC(665) Using 24 workers of 68 for evacuation
[2024-08-27T14:57:37.092+0000][info][gc,phases      ] GC(665)   Pre Evacuate Collection Set: 0.2ms
[2024-08-27T14:57:37.092+0000][info][gc,phases      ] GC(665)   Merge Heap Roots: 0.4ms
[2024-08-27T14:57:37.092+0000][info][gc,phases      ] GC(665)   Evacuate Collection Set: 15.4ms
[2024-08-27T14:57:37.092+0000][info][gc,phases      ] GC(665)   Post Evacuate Collection Set: 0.3ms
[2024-08-27T14:57:37.092+0000][info][gc,phases      ] GC(665)   Other: 0.2ms
[2024-08-27T14:57:37.092+0000][info][gc,heap        ] GC(665) Eden regions: 41->0(44)
[2024-08-27T14:57:37.092+0000][info][gc,heap        ] GC(665) Survivor regions: 7->7(7)
[2024-08-27T14:57:37.092+0000][info][gc,heap        ] GC(665) Old regions: 917->961
[2024-08-27T14:57:37.092+0000][info][gc,heap        ] GC(665) Archive regions: 2->2
[2024-08-27T14:57:37.092+0000][info][gc,heap        ] GC(665) Humongous regions: 5->5
[2024-08-27T14:57:37.092+0000][info][gc,metaspace   ] GC(665) Metaspace: 100K(320K)->100K(320K) NonClass: 96K(192K)->96K(192K) Class: 4K(128K)->4K(128K)
[2024-08-27T14:57:37.092+0000][info][gc             ] GC(665) Pause Young (Prepare Mixed) (G1 Preventive Collection) 970M->973M(1024M) 16.573ms
[2024-08-27T14:57:37.092+0000][info][gc,cpu         ] GC(665) User=0.38s Sys=0.00s Real=0.02s
[2024-08-27T14:57:37.103+0000][info][gc,start       ] GC(666) Pause Young (Mixed) (G1 Preventive Collection)
[2024-08-27T14:57:37.103+0000][info][gc,task        ] GC(666) Using 24 workers of 68 for evacuation
[2024-08-27T14:57:37.110+0000][info][gc,phases      ] GC(666)   Pre Evacuate Collection Set: 0.2ms
[2024-08-27T14:57:37.110+0000][info][gc,phases      ] GC(666)   Merge Heap Roots: 0.2ms
[2024-08-27T14:57:37.110+0000][info][gc,phases      ] GC(666)   Evacuate Collection Set: 6.5ms
[2024-08-27T14:57:37.110+0000][info][gc,phases      ] GC(666)   Post Evacuate Collection Set: 0.3ms
[2024-08-27T14:57:37.110+0000][info][gc,phases      ] GC(666)   Other: 0.2ms
[2024-08-27T14:57:37.110+0000][info][gc,heap        ] GC(666) Eden regions: 19->0(44)
[2024-08-27T14:57:37.110+0000][info][gc,heap        ] GC(666) Survivor regions: 7->7(7)
[2024-08-27T14:57:37.110+0000][info][gc,heap        ] GC(666) Old regions: 961->880
[2024-08-27T14:57:37.110+0000][info][gc,heap        ] GC(666) Archive regions: 2->2
[2024-08-27T14:57:37.110+0000][info][gc,heap        ] GC(666) Humongous regions: 5->5
[2024-08-27T14:57:37.110+0000][info][gc,metaspace   ] GC(666) Metaspace: 100K(320K)->100K(320K) NonClass: 96K(192K)->96K(192K) Class: 4K(128K)->4K(128K)
[2024-08-27T14:57:37.110+0000][info][gc             ] GC(666) Pause Young (Mixed) (G1 Preventive Collection) 992M->892M(1024M) 7.546ms
[2024-08-27T14:57:37.110+0000][info][gc,cpu         ] GC(666) User=0.12s Sys=0.05s Real=0.01s
[2024-08-27T14:57:37.133+0000][info][gc,start       ] GC(667) Pause Young (Mixed) (G1 Evacuation Pause)
[2024-08-27T14:57:37.133+0000][info][gc,task        ] GC(667) Using 24 workers of 68 for evacuation
[2024-08-27T14:57:37.144+0000][info][gc,phases      ] GC(667)   Pre Evacuate Collection Set: 0.2ms
[2024-08-27T14:57:37.144+0000][info][gc,phases      ] GC(667)   Merge Heap Roots: 0.3ms
[2024-08-27T14:57:37.144+0000][info][gc,phases      ] GC(667)   Evacuate Collection Set: 9.9ms
[2024-08-27T14:57:37.144+0000][info][gc,phases      ] GC(667)   Post Evacuate Collection Set: 0.4ms
[2024-08-27T14:57:37.144+0000][info][gc,phases      ] GC(667)   Other: 0.2ms
[2024-08-27T14:57:37.144+0000][info][gc,heap        ] GC(667) Eden regions: 44->0(44)
[2024-08-27T14:57:37.144+0000][info][gc,heap        ] GC(667) Survivor regions: 7->7(7)
[2024-08-27T14:57:37.144+0000][info][gc,heap        ] GC(667) Old regions: 880->822
[2024-08-27T14:57:37.144+0000][info][gc,heap        ] GC(667) Archive regions: 2->2
[2024-08-27T14:57:37.144+0000][info][gc,heap        ] GC(667) Humongous regions: 5->5
[2024-08-27T14:57:37.144+0000][info][gc,metaspace   ] GC(667) Metaspace: 100K(320K)->100K(320K) NonClass: 96K(192K)->96K(192K) Class: 4K(128K)->4K(128K)
[2024-08-27T14:57:37.144+0000][info][gc             ] GC(667) Pause Young (Mixed) (G1 Evacuation Pause) 936M->834M(1024M) 11.205ms
[2024-08-27T14:57:37.144+0000][info][gc,cpu         ] GC(667) User=0.24s Sys=0.00s Real=0.01s
[2024-08-27T14:57:37.166+0000][info][gc,start       ] GC(668) Pause Young (Mixed) (G1 Evacuation Pause)
[2024-08-27T14:57:37.166+0000][info][gc,task        ] GC(668) Using 24 workers of 68 for evacuation
[2024-08-27T14:57:37.177+0000][info][gc,phases      ] GC(668)   Pre Evacuate Collection Set: 0.2ms
[2024-08-27T14:57:37.177+0000][info][gc,phases      ] GC(668)   Merge Heap Roots: 0.3ms
[2024-08-27T14:57:37.177+0000][info][gc,phases      ] GC(668)   Evacuate Collection Set: 10.0ms
[2024-08-27T14:57:37.177+0000][info][gc,phases      ] GC(668)   Post Evacuate Collection Set: 0.4ms
[2024-08-27T14:57:37.177+0000][info][gc,phases      ] GC(668)   Other: 0.3ms
[2024-08-27T14:57:37.177+0000][info][gc,heap        ] GC(668) Eden regions: 44->0(44)
[2024-08-27T14:57:37.177+0000][info][gc,heap        ] GC(668) Survivor regions: 7->7(7)
[2024-08-27T14:57:37.177+0000][info][gc,heap        ] GC(668) Old regions: 822->765
[2024-08-27T14:57:37.177+0000][info][gc,heap        ] GC(668) Archive regions: 2->2
[2024-08-27T14:57:37.177+0000][info][gc,heap        ] GC(668) Humongous regions: 5->5
[2024-08-27T14:57:37.177+0000][info][gc,metaspace   ] GC(668) Metaspace: 100K(320K)->100K(320K) NonClass: 96K(192K)->96K(192K) Class: 4K(128K)->4K(128K)
[2024-08-27T14:57:37.177+0000][info][gc             ] GC(668) Pause Young (Mixed) (G1 Evacuation Pause) 878M->777M(1024M) 11.296ms
[2024-08-27T14:57:37.177+0000][info][gc,cpu         ] GC(668) User=0.24s Sys=0.00s Real=0.01s
[2024-08-27T14:57:37.201+0000][info][gc,start       ] GC(669) Pause Young (Mixed) (G1 Evacuation Pause)
[2024-08-27T14:57:37.201+0000][info][gc,task        ] GC(669) Using 24 workers of 68 for evacuation
[2024-08-27T14:57:37.211+0000][info][gc,phases      ] GC(669)   Pre Evacuate Collection Set: 0.2ms
[2024-08-27T14:57:37.211+0000][info][gc,phases      ] GC(669)   Merge Heap Roots: 0.3ms
[2024-08-27T14:57:37.211+0000][info][gc,phases      ] GC(669)   Evacuate Collection Set: 9.6ms
[2024-08-27T14:57:37.211+0000][info][gc,phases      ] GC(669)   Post Evacuate Collection Set: 0.3ms
[2024-08-27T14:57:37.211+0000][info][gc,phases      ] GC(669)   Other: 0.2ms
[2024-08-27T14:57:37.211+0000][info][gc,heap        ] GC(669) Eden regions: 44->0(44)
[2024-08-27T14:57:37.211+0000][info][gc,heap        ] GC(669) Survivor regions: 7->7(7)
[2024-08-27T14:57:37.211+0000][info][gc,heap        ] GC(669) Old regions: 765->797
[2024-08-27T14:57:37.211+0000][info][gc,heap        ] GC(669) Archive regions: 2->2
[2024-08-27T14:57:37.211+0000][info][gc,heap        ] GC(669) Humongous regions: 5->5
[2024-08-27T14:57:37.211+0000][info][gc,metaspace   ] GC(669) Metaspace: 100K(320K)->100K(320K) NonClass: 96K(192K)->96K(192K) Class: 4K(128K)->4K(128K)
[2024-08-27T14:57:37.211+0000][info][gc             ] GC(669) Pause Young (Mixed) (G1 Evacuation Pause) 821M->809M(1024M) 10.723ms
[2024-08-27T14:57:37.211+0000][info][gc,cpu         ] GC(669) User=0.23s Sys=0.00s Real=0.01s
[2024-08-27T14:57:37.233+0000][info][gc,start       ] GC(670) Pause Young (Concurrent Start) (G1 Evacuation Pause)
[2024-08-27T14:57:37.233+0000][info][gc,task        ] GC(670) Using 24 workers of 68 for evacuation
[2024-08-27T14:57:37.245+0000][info][gc,phases      ] GC(670)   Pre Evacuate Collection Set: 0.2ms
[2024-08-27T14:57:37.245+0000][info][gc,phases      ] GC(670)   Merge Heap Roots: 0.3ms
[2024-08-27T14:57:37.245+0000][info][gc,phases      ] GC(670)   Evacuate Collection Set: 9.7ms
[2024-08-27T14:57:37.245+0000][info][gc,phases      ] GC(670)   Post Evacuate Collection Set: 0.3ms
[2024-08-27T14:57:37.245+0000][info][gc,phases      ] GC(670)   Other: 0.8ms
[2024-08-27T14:57:37.245+0000][info][gc,heap        ] GC(670) Eden regions: 44->0(44)
[2024-08-27T14:57:37.245+0000][info][gc,heap        ] GC(670) Survivor regions: 7->7(7)
[2024-08-27T14:57:37.245+0000][info][gc,heap        ] GC(670) Old regions: 797->844
[2024-08-27T14:57:37.245+0000][info][gc,heap        ] GC(670) Archive regions: 2->2
[2024-08-27T14:57:37.245+0000][info][gc,heap        ] GC(670) Humongous regions: 5->5
[2024-08-27T14:57:37.245+0000][info][gc,metaspace   ] GC(670) Metaspace: 100K(320K)->100K(320K) NonClass: 96K(192K)->96K(192K) Class: 4K(128K)->4K(128K)
[2024-08-27T14:57:37.245+0000][info][gc             ] GC(670) Pause Young (Concurrent Start) (G1 Evacuation Pause) 853M->856M(1024M) 11.298ms
[2024-08-27T14:57:37.245+0000][info][gc,cpu         ] GC(670) User=0.23s Sys=0.01s Real=0.01s
[2024-08-27T14:57:37.245+0000][info][gc             ] GC(671) Concurrent Mark Cycle
[2024-08-27T14:57:37.245+0000][info][gc,marking     ] GC(671) Concurrent Clear Claimed Marks
[2024-08-27T14:57:37.245+0000][info][gc,marking     ] GC(671) Concurrent Clear Claimed Marks 0.014ms
[2024-08-27T14:57:37.245+0000][info][gc,marking     ] GC(671) Concurrent Scan Root Regions
[2024-08-27T14:57:37.246+0000][info][gc,marking     ] GC(671) Concurrent Scan Root Regions 1.644ms
[2024-08-27T14:57:37.246+0000][info][gc,marking     ] GC(671) Concurrent Mark
[2024-08-27T14:57:37.247+0000][info][gc,marking     ] GC(671) Concurrent Mark From Roots
[2024-08-27T14:57:37.247+0000][info][gc,task        ] GC(671) Using 17 workers of 17 for marking
[2024-08-27T14:57:37.271+0000][info][gc,marking     ] GC(671) Concurrent Mark From Roots 24.484ms
[2024-08-27T14:57:37.271+0000][info][gc,marking     ] GC(671) Concurrent Preclean
[2024-08-27T14:57:37.272+0000][info][gc,marking     ] GC(671) Concurrent Preclean 0.653ms
[2024-08-27T14:57:37.272+0000][info][gc,start       ] GC(671) Pause Remark
[2024-08-27T14:57:37.273+0000][info][gc             ] GC(671) Pause Remark 883M->883M(1024M) 1.321ms
[2024-08-27T14:57:37.273+0000][info][gc,cpu         ] GC(671) User=0.01s Sys=0.00s Real=0.00s
[2024-08-27T14:57:37.273+0000][info][gc,marking     ] GC(671) Concurrent Mark 26.940ms
[2024-08-27T14:57:37.273+0000][info][gc,marking     ] GC(671) Concurrent Rebuild Remembered Sets
[2024-08-27T14:57:37.289+0000][info][gc,start       ] GC(672) Pause Young (Normal) (G1 Evacuation Pause)
[2024-08-27T14:57:37.289+0000][info][gc,task        ] GC(672) Using 24 workers of 68 for evacuation
[2024-08-27T14:57:37.299+0000][info][gc,phases      ] GC(672)   Pre Evacuate Collection Set: 0.2ms
[2024-08-27T14:57:37.299+0000][info][gc,phases      ] GC(672)   Merge Heap Roots: 0.4ms
[2024-08-27T14:57:37.299+0000][info][gc,phases      ] GC(672)   Evacuate Collection Set: 9.5ms
[2024-08-27T14:57:37.299+0000][info][gc,phases      ] GC(672)   Post Evacuate Collection Set: 0.5ms
[2024-08-27T14:57:37.299+0000][info][gc,phases      ] GC(672)   Other: 0.2ms
[2024-08-27T14:57:37.299+0000][info][gc,heap        ] GC(672) Eden regions: 44->0(44)
[2024-08-27T14:57:37.299+0000][info][gc,heap        ] GC(672) Survivor regions: 7->7(7)
[2024-08-27T14:57:37.300+0000][info][gc,heap        ] GC(672) Old regions: 844->892
[2024-08-27T14:57:37.300+0000][info][gc,heap        ] GC(672) Archive regions: 2->2
[2024-08-27T14:57:37.300+0000][info][gc,heap        ] GC(672) Humongous regions: 5->5
[2024-08-27T14:57:37.300+0000][info][gc,metaspace   ] GC(672) Metaspace: 100K(320K)->100K(320K) NonClass: 96K(192K)->96K(192K) Class: 4K(128K)->4K(128K)
[2024-08-27T14:57:37.300+0000][info][gc             ] GC(672) Pause Young (Normal) (G1 Evacuation Pause) 900M->904M(1024M) 10.905ms
[2024-08-27T14:57:37.300+0000][info][gc,cpu         ] GC(672) User=0.24s Sys=0.00s Real=0.02s
[2024-08-27T14:57:37.338+0000][info][gc,start       ] GC(673) Pause Young (Normal) (G1 Evacuation Pause)
[2024-08-27T14:57:37.338+0000][info][gc,task        ] GC(673) Using 24 workers of 68 for evacuation
[2024-08-27T14:57:37.352+0000][info][gc,phases      ] GC(673)   Pre Evacuate Collection Set: 0.2ms
[2024-08-27T14:57:37.352+0000][info][gc,phases      ] GC(673)   Merge Heap Roots: 0.4ms
[2024-08-27T14:57:37.352+0000][info][gc,phases      ] GC(673)   Evacuate Collection Set: 12.6ms
[2024-08-27T14:57:37.352+0000][info][gc,phases      ] GC(673)   Post Evacuate Collection Set: 0.6ms
[2024-08-27T14:57:37.352+0000][info][gc,phases      ] GC(673)   Other: 0.3ms
[2024-08-27T14:57:37.352+0000][info][gc,heap        ] GC(673) Eden regions: 44->0(44)
[2024-08-27T14:57:37.352+0000][info][gc,heap        ] GC(673) Survivor regions: 7->7(7)
[2024-08-27T14:57:37.352+0000][info][gc,heap        ] GC(673) Old regions: 892->939
[2024-08-27T14:57:37.352+0000][info][gc,heap        ] GC(673) Archive regions: 2->2
[2024-08-27T14:57:37.352+0000][info][gc,heap        ] GC(673) Humongous regions: 5->5
[2024-08-27T14:57:37.352+0000][info][gc,metaspace   ] GC(673) Metaspace: 100K(320K)->100K(320K) NonClass: 96K(192K)->96K(192K) Class: 4K(128K)->4K(128K)
[2024-08-27T14:57:37.352+0000][info][gc             ] GC(673) Pause Young (Normal) (G1 Evacuation Pause) 948M->951M(1024M) 14.021ms
[2024-08-27T14:57:37.352+0000][info][gc,cpu         ] GC(673) User=0.31s Sys=0.00s Real=0.01s
[2024-08-27T14:57:37.363+0000][info][gc,marking     ] GC(671) Concurrent Rebuild Remembered Sets 89.567ms
[2024-08-27T14:57:37.363+0000][info][gc,start       ] GC(671) Pause Cleanup
[2024-08-27T14:57:37.365+0000][info][gc             ] GC(671) Pause Cleanup 963M->963M(1024M) 1.679ms
[2024-08-27T14:57:37.365+0000][info][gc,cpu         ] GC(671) User=0.00s Sys=0.00s Real=0.00s
[2024-08-27T14:57:37.365+0000][info][gc,marking     ] GC(671) Concurrent Cleanup for Next Mark
[2024-08-27T14:57:37.366+0000][info][gc,marking     ] GC(671) Concurrent Cleanup for Next Mark 0.794ms
[2024-08-27T14:57:37.366+0000][info][gc             ] GC(671) Concurrent Mark Cycle 121.124ms
[2024-08-27T14:57:37.377+0000][info][gc,start       ] GC(674) Pause Young (Prepare Mixed) (G1 Preventive Collection)
[2024-08-27T14:57:37.377+0000][info][gc,task        ] GC(674) Using 24 workers of 68 for evacuation
[2024-08-27T14:57:37.391+0000][info][gc,phases      ] GC(674)   Pre Evacuate Collection Set: 0.2ms
[2024-08-27T14:57:37.391+0000][info][gc,phases      ] GC(674)   Merge Heap Roots: 0.4ms
[2024-08-27T14:57:37.391+0000][info][gc,phases      ] GC(674)   Evacuate Collection Set: 13.2ms
[2024-08-27T14:57:37.391+0000][info][gc,phases      ] GC(674)   Post Evacuate Collection Set: 0.3ms
[2024-08-27T14:57:37.391+0000][info][gc,phases      ] GC(674)   Other: 0.2ms
[2024-08-27T14:57:37.391+0000][info][gc,heap        ] GC(674) Eden regions: 30->0(44)
[2024-08-27T14:57:37.391+0000][info][gc,heap        ] GC(674) Survivor regions: 7->7(7)
[2024-08-27T14:57:37.391+0000][info][gc,heap        ] GC(674) Old regions: 939->972
[2024-08-27T14:57:37.391+0000][info][gc,heap        ] GC(674) Archive regions: 2->2
[2024-08-27T14:57:37.391+0000][info][gc,heap        ] GC(674) Humongous regions: 5->5
[2024-08-27T14:57:37.391+0000][info][gc,metaspace   ] GC(674) Metaspace: 100K(320K)->100K(320K) NonClass: 96K(192K)->96K(192K) Class: 4K(128K)->4K(128K)
[2024-08-27T14:57:37.391+0000][info][gc             ] GC(674) Pause Young (Prepare Mixed) (G1 Preventive Collection) 981M->984M(1024M) 14.303ms
[2024-08-27T14:57:37.391+0000][info][gc,cpu         ] GC(674) User=0.32s Sys=0.00s Real=0.02s
[2024-08-27T14:57:37.399+0000][info][gc,start       ] GC(675) Pause Young (Mixed) (G1 Preventive Collection)
[2024-08-27T14:57:37.399+0000][info][gc,task        ] GC(675) Using 24 workers of 68 for evacuation
[2024-08-27T14:57:37.405+0000][info][gc,phases      ] GC(675)   Pre Evacuate Collection Set: 0.2ms
[2024-08-27T14:57:37.405+0000][info][gc,phases      ] GC(675)   Merge Heap Roots: 0.3ms
[2024-08-27T14:57:37.405+0000][info][gc,phases      ] GC(675)   Evacuate Collection Set: 5.1ms
[2024-08-27T14:57:37.405+0000][info][gc,phases      ] GC(675)   Post Evacuate Collection Set: 0.3ms
[2024-08-27T14:57:37.405+0000][info][gc,phases      ] GC(675)   Other: 0.1ms
[2024-08-27T14:57:37.405+0000][info][gc,heap        ] GC(675) Eden regions: 14->0(44)
[2024-08-27T14:57:37.405+0000][info][gc,heap        ] GC(675) Survivor regions: 7->7(7)
[2024-08-27T14:57:37.405+0000][info][gc,heap        ] GC(675) Old regions: 972->885
[2024-08-27T14:57:37.405+0000][info][gc,heap        ] GC(675) Archive regions: 2->2
[2024-08-27T14:57:37.405+0000][info][gc,heap        ] GC(675) Humongous regions: 5->5
[2024-08-27T14:57:37.405+0000][info][gc,metaspace   ] GC(675) Metaspace: 100K(320K)->100K(320K) NonClass: 96K(192K)->96K(192K) Class: 4K(128K)->4K(128K)
[2024-08-27T14:57:37.405+0000][info][gc             ] GC(675) Pause Young (Mixed) (G1 Preventive Collection) 998M->897M(1024M) 6.155ms
[2024-08-27T14:57:37.405+0000][info][gc,cpu         ] GC(675) User=0.13s Sys=0.00s Real=0.00s
[2024-08-27T14:57:37.427+0000][info][gc,start       ] GC(676) Pause Young (Mixed) (G1 Evacuation Pause)
[2024-08-27T14:57:37.427+0000][info][gc,task        ] GC(676) Using 24 workers of 68 for evacuation
[2024-08-27T14:57:37.438+0000][info][gc,phases      ] GC(676)   Pre Evacuate Collection Set: 0.2ms
[2024-08-27T14:57:37.438+0000][info][gc,phases      ] GC(676)   Merge Heap Roots: 0.3ms
[2024-08-27T14:57:37.438+0000][info][gc,phases      ] GC(676)   Evacuate Collection Set: 9.6ms
[2024-08-27T14:57:37.438+0000][info][gc,phases      ] GC(676)   Post Evacuate Collection Set: 0.8ms
[2024-08-27T14:57:37.438+0000][info][gc,phases      ] GC(676)   Other: 0.3ms
[2024-08-27T14:57:37.438+0000][info][gc,heap        ] GC(676) Eden regions: 44->0(44)
[2024-08-27T14:57:37.438+0000][info][gc,heap        ] GC(676) Survivor regions: 7->7(7)
[2024-08-27T14:57:37.438+0000][info][gc,heap        ] GC(676) Old regions: 885->827
[2024-08-27T14:57:37.438+0000][info][gc,heap        ] GC(676) Archive regions: 2->2
[2024-08-27T14:57:37.438+0000][info][gc,heap        ] GC(676) Humongous regions: 5->5
[2024-08-27T14:57:37.438+0000][info][gc,metaspace   ] GC(676) Metaspace: 100K(320K)->100K(320K) NonClass: 96K(192K)->96K(192K) Class: 4K(128K)->4K(128K)
[2024-08-27T14:57:37.438+0000][info][gc             ] GC(676) Pause Young (Mixed) (G1 Evacuation Pause) 941M->839M(1024M) 11.255ms
[2024-08-27T14:57:37.438+0000][info][gc,cpu         ] GC(676) User=0.23s Sys=0.00s Real=0.02s
[2024-08-27T14:57:37.461+0000][info][gc,start       ] GC(677) Pause Young (Mixed) (G1 Evacuation Pause)
[2024-08-27T14:57:37.461+0000][info][gc,task        ] GC(677) Using 24 workers of 68 for evacuation
[2024-08-27T14:57:37.472+0000][info][gc,phases      ] GC(677)   Pre Evacuate Collection Set: 0.2ms
[2024-08-27T14:57:37.472+0000][info][gc,phases      ] GC(677)   Merge Heap Roots: 0.5ms
[2024-08-27T14:57:37.472+0000][info][gc,phases      ] GC(677)   Evacuate Collection Set: 9.9ms
[2024-08-27T14:57:37.472+0000][info][gc,phases      ] GC(677)   Post Evacuate Collection Set: 0.4ms
[2024-08-27T14:57:37.472+0000][info][gc,phases      ] GC(677)   Other: 0.2ms
[2024-08-27T14:57:37.472+0000][info][gc,heap        ] GC(677) Eden regions: 44->0(44)
[2024-08-27T14:57:37.472+0000][info][gc,heap        ] GC(677) Survivor regions: 7->7(7)
[2024-08-27T14:57:37.472+0000][info][gc,heap        ] GC(677) Old regions: 827->770
[2024-08-27T14:57:37.472+0000][info][gc,heap        ] GC(677) Archive regions: 2->2
[2024-08-27T14:57:37.472+0000][info][gc,heap        ] GC(677) Humongous regions: 5->5
[2024-08-27T14:57:37.472+0000][info][gc,metaspace   ] GC(677) Metaspace: 100K(320K)->100K(320K) NonClass: 96K(192K)->96K(192K) Class: 4K(128K)->4K(128K)
[2024-08-27T14:57:37.472+0000][info][gc             ] GC(677) Pause Young (Mixed) (G1 Evacuation Pause) 883M->782M(1024M) 11.283ms
[2024-08-27T14:57:37.472+0000][info][gc,cpu         ] GC(677) User=0.25s Sys=0.00s Real=0.01s
[2024-08-27T14:57:37.494+0000][info][gc,start       ] GC(678) Pause Young (Mixed) (G1 Evacuation Pause)
[2024-08-27T14:57:37.494+0000][info][gc,task        ] GC(678) Using 24 workers of 68 for evacuation
[2024-08-27T14:57:37.505+0000][info][gc,phases      ] GC(678)   Pre Evacuate Collection Set: 0.2ms
[2024-08-27T14:57:37.505+0000][info][gc,phases      ] GC(678)   Merge Heap Roots: 0.3ms
[2024-08-27T14:57:37.505+0000][info][gc,phases      ] GC(678)   Evacuate Collection Set: 9.9ms
[2024-08-27T14:57:37.505+0000][info][gc,phases      ] GC(678)   Post Evacuate Collection Set: 0.4ms
[2024-08-27T14:57:37.505+0000][info][gc,phases      ] GC(678)   Other: 0.2ms
[2024-08-27T14:57:37.505+0000][info][gc,heap        ] GC(678) Eden regions: 44->0(44)
[2024-08-27T14:57:37.505+0000][info][gc,heap        ] GC(678) Survivor regions: 7->7(7)
[2024-08-27T14:57:37.505+0000][info][gc,heap        ] GC(678) Old regions: 770->784
[2024-08-27T14:57:37.505+0000][info][gc,heap        ] GC(678) Archive regions: 2->2
[2024-08-27T14:57:37.505+0000][info][gc,heap        ] GC(678) Humongous regions: 5->5
[2024-08-27T14:57:37.505+0000][info][gc,metaspace   ] GC(678) Metaspace: 100K(320K)->100K(320K) NonClass: 96K(192K)->96K(192K) Class: 4K(128K)->4K(128K)
[2024-08-27T14:57:37.505+0000][info][gc             ] GC(678) Pause Young (Mixed) (G1 Evacuation Pause) 826M->796M(1024M) 10.974ms
[2024-08-27T14:57:37.505+0000][info][gc,cpu         ] GC(678) User=0.24s Sys=0.00s Real=0.01s
[2024-08-27T14:57:37.527+0000][info][gc,start       ] GC(679) Pause Young (Concurrent Start) (G1 Evacuation Pause)
[2024-08-27T14:57:37.527+0000][info][gc,task        ] GC(679) Using 24 workers of 68 for evacuation
[2024-08-27T14:57:37.538+0000][info][gc,phases      ] GC(679)   Pre Evacuate Collection Set: 0.2ms
[2024-08-27T14:57:37.538+0000][info][gc,phases      ] GC(679)   Merge Heap Roots: 0.2ms
[2024-08-27T14:57:37.538+0000][info][gc,phases      ] GC(679)   Evacuate Collection Set: 9.9ms
[2024-08-27T14:57:37.538+0000][info][gc,phases      ] GC(679)   Post Evacuate Collection Set: 0.3ms
[2024-08-27T14:57:37.538+0000][info][gc,phases      ] GC(679)   Other: 0.6ms
[2024-08-27T14:57:37.538+0000][info][gc,heap        ] GC(679) Eden regions: 44->0(44)
[2024-08-27T14:57:37.538+0000][info][gc,heap        ] GC(679) Survivor regions: 7->7(7)
[2024-08-27T14:57:37.538+0000][info][gc,heap        ] GC(679) Old regions: 784->830
[2024-08-27T14:57:37.538+0000][info][gc,heap        ] GC(679) Archive regions: 2->2
[2024-08-27T14:57:37.538+0000][info][gc,heap        ] GC(679) Humongous regions: 5->5
[2024-08-27T14:57:37.538+0000][info][gc,metaspace   ] GC(679) Metaspace: 100K(320K)->100K(320K) NonClass: 96K(192K)->96K(192K) Class: 4K(128K)->4K(128K)
[2024-08-27T14:57:37.538+0000][info][gc             ] GC(679) Pause Young (Concurrent Start) (G1 Evacuation Pause) 840M->842M(1024M) 11.293ms
[2024-08-27T14:57:37.538+0000][info][gc,cpu         ] GC(679) User=0.23s Sys=0.00s Real=0.02s
[2024-08-27T14:57:37.538+0000][info][gc             ] GC(680) Concurrent Mark Cycle
[2024-08-27T14:57:37.538+0000][info][gc,marking     ] GC(680) Concurrent Clear Claimed Marks
[2024-08-27T14:57:37.538+0000][info][gc,marking     ] GC(680) Concurrent Clear Claimed Marks 0.010ms
[2024-08-27T14:57:37.538+0000][info][gc,marking     ] GC(680) Concurrent Scan Root Regions
[2024-08-27T14:57:37.540+0000][info][gc,marking     ] GC(680) Concurrent Scan Root Regions 1.620ms
[2024-08-27T14:57:37.540+0000][info][gc,marking     ] GC(680) Concurrent Mark
[2024-08-27T14:57:37.540+0000][info][gc,marking     ] GC(680) Concurrent Mark From Roots
[2024-08-27T14:57:37.540+0000][info][gc,task        ] GC(680) Using 17 workers of 17 for marking
[2024-08-27T14:57:37.564+0000][info][gc,marking     ] GC(680) Concurrent Mark From Roots 23.790ms
[2024-08-27T14:57:37.564+0000][info][gc,marking     ] GC(680) Concurrent Preclean
[2024-08-27T14:57:37.564+0000][info][gc,marking     ] GC(680) Concurrent Preclean 0.625ms
[2024-08-27T14:57:37.565+0000][info][gc,start       ] GC(680) Pause Remark
[2024-08-27T14:57:37.566+0000][info][gc             ] GC(680) Pause Remark 869M->869M(1024M) 1.230ms
[2024-08-27T14:57:37.566+0000][info][gc,cpu         ] GC(680) User=0.01s Sys=0.00s Real=0.00s
[2024-08-27T14:57:37.566+0000][info][gc,marking     ] GC(680) Concurrent Mark 26.101ms
[2024-08-27T14:57:37.566+0000][info][gc,marking     ] GC(680) Concurrent Rebuild Remembered Sets
[2024-08-27T14:57:37.584+0000][info][gc,start       ] GC(681) Pause Young (Normal) (G1 Evacuation Pause)
[2024-08-27T14:57:37.584+0000][info][gc,task        ] GC(681) Using 24 workers of 68 for evacuation
[2024-08-27T14:57:37.594+0000][info][gc,phases      ] GC(681)   Pre Evacuate Collection Set: 0.1ms
[2024-08-27T14:57:37.594+0000][info][gc,phases      ] GC(681)   Merge Heap Roots: 0.3ms
[2024-08-27T14:57:37.594+0000][info][gc,phases      ] GC(681)   Evacuate Collection Set: 9.5ms
[2024-08-27T14:57:37.594+0000][info][gc,phases      ] GC(681)   Post Evacuate Collection Set: 0.5ms
[2024-08-27T14:57:37.594+0000][info][gc,phases      ] GC(681)   Other: 0.2ms
[2024-08-27T14:57:37.594+0000][info][gc,heap        ] GC(681) Eden regions: 44->0(44)
[2024-08-27T14:57:37.594+0000][info][gc,heap        ] GC(681) Survivor regions: 7->7(7)
[2024-08-27T14:57:37.594+0000][info][gc,heap        ] GC(681) Old regions: 830->877
[2024-08-27T14:57:37.594+0000][info][gc,heap        ] GC(681) Archive regions: 2->2
[2024-08-27T14:57:37.594+0000][info][gc,heap        ] GC(681) Humongous regions: 5->5
[2024-08-27T14:57:37.595+0000][info][gc,metaspace   ] GC(681) Metaspace: 100K(320K)->100K(320K) NonClass: 96K(192K)->96K(192K) Class: 4K(128K)->4K(128K)
[2024-08-27T14:57:37.595+0000][info][gc             ] GC(681) Pause Young (Normal) (G1 Evacuation Pause) 886M->889M(1024M) 10.727ms
[2024-08-27T14:57:37.595+0000][info][gc,cpu         ] GC(681) User=0.24s Sys=0.00s Real=0.01s
[2024-08-27T14:57:37.635+0000][info][gc,start       ] GC(682) Pause Young (Normal) (G1 Evacuation Pause)
[2024-08-27T14:57:37.635+0000][info][gc,task        ] GC(682) Using 24 workers of 68 for evacuation
[2024-08-27T14:57:37.649+0000][info][gc,phases      ] GC(682)   Pre Evacuate Collection Set: 0.2ms
[2024-08-27T14:57:37.649+0000][info][gc,phases      ] GC(682)   Merge Heap Roots: 0.3ms
[2024-08-27T14:57:37.649+0000][info][gc,phases      ] GC(682)   Evacuate Collection Set: 13.5ms
[2024-08-27T14:57:37.649+0000][info][gc,phases      ] GC(682)   Post Evacuate Collection Set: 0.6ms
[2024-08-27T14:57:37.649+0000][info][gc,phases      ] GC(682)   Other: 0.3ms
[2024-08-27T14:57:37.649+0000][info][gc,heap        ] GC(682) Eden regions: 44->0(44)
[2024-08-27T14:57:37.650+0000][info][gc,heap        ] GC(682) Survivor regions: 7->7(7)
[2024-08-27T14:57:37.650+0000][info][gc,heap        ] GC(682) Old regions: 877->923
[2024-08-27T14:57:37.650+0000][info][gc,heap        ] GC(682) Archive regions: 2->2
[2024-08-27T14:57:37.650+0000][info][gc,heap        ] GC(682) Humongous regions: 5->5
[2024-08-27T14:57:37.650+0000][info][gc,metaspace   ] GC(682) Metaspace: 100K(320K)->100K(320K) NonClass: 96K(192K)->96K(192K) Class: 4K(128K)->4K(128K)
[2024-08-27T14:57:37.650+0000][info][gc             ] GC(682) Pause Young (Normal) (G1 Evacuation Pause) 933M->935M(1024M) 14.895ms
[2024-08-27T14:57:37.650+0000][info][gc,cpu         ] GC(682) User=0.34s Sys=0.00s Real=0.02s
[2024-08-27T14:57:37.656+0000][info][gc,marking     ] GC(680) Concurrent Rebuild Remembered Sets 90.357ms
[2024-08-27T14:57:37.657+0000][info][gc,start       ] GC(680) Pause Cleanup
[2024-08-27T14:57:37.658+0000][info][gc             ] GC(680) Pause Cleanup 943M->943M(1024M) 1.467ms
[2024-08-27T14:57:37.658+0000][info][gc,cpu         ] GC(680) User=0.00s Sys=0.00s Real=0.01s
[2024-08-27T14:57:37.658+0000][info][gc,marking     ] GC(680) Concurrent Cleanup for Next Mark
[2024-08-27T14:57:37.659+0000][info][gc,marking     ] GC(680) Concurrent Cleanup for Next Mark 0.872ms
[2024-08-27T14:57:37.659+0000][info][gc             ] GC(680) Concurrent Mark Cycle 120.980ms
[2024-08-27T14:57:37.678+0000][info][gc,start       ] GC(683) Pause Young (Prepare Mixed) (G1 Preventive Collection)
[2024-08-27T14:57:37.678+0000][info][gc,task        ] GC(683) Using 24 workers of 68 for evacuation
[2024-08-27T14:57:37.693+0000][info][gc,phases      ] GC(683)   Pre Evacuate Collection Set: 0.2ms
[2024-08-27T14:57:37.693+0000][info][gc,phases      ] GC(683)   Merge Heap Roots: 0.6ms
[2024-08-27T14:57:37.693+0000][info][gc,phases      ] GC(683)   Evacuate Collection Set: 14.4ms
[2024-08-27T14:57:37.693+0000][info][gc,phases      ] GC(683)   Post Evacuate Collection Set: 0.4ms
[2024-08-27T14:57:37.693+0000][info][gc,phases      ] GC(683)   Other: 0.2ms
[2024-08-27T14:57:37.693+0000][info][gc,heap        ] GC(683) Eden regions: 38->0(44)
[2024-08-27T14:57:37.693+0000][info][gc,heap        ] GC(683) Survivor regions: 7->7(7)
[2024-08-27T14:57:37.693+0000][info][gc,heap        ] GC(683) Old regions: 923->964
[2024-08-27T14:57:37.693+0000][info][gc,heap        ] GC(683) Archive regions: 2->2
[2024-08-27T14:57:37.693+0000][info][gc,heap        ] GC(683) Humongous regions: 5->5
[2024-08-27T14:57:37.693+0000][info][gc,metaspace   ] GC(683) Metaspace: 100K(320K)->100K(320K) NonClass: 96K(192K)->96K(192K) Class: 4K(128K)->4K(128K)
[2024-08-27T14:57:37.693+0000][info][gc             ] GC(683) Pause Young (Prepare Mixed) (G1 Preventive Collection) 973M->976M(1024M) 15.845ms
[2024-08-27T14:57:37.693+0000][info][gc,cpu         ] GC(683) User=0.36s Sys=0.00s Real=0.01s
[2024-08-27T14:57:37.704+0000][info][gc,start       ] GC(684) Pause Young (Mixed) (G1 Preventive Collection)
[2024-08-27T14:57:37.704+0000][info][gc,task        ] GC(684) Using 24 workers of 68 for evacuation
[2024-08-27T14:57:37.712+0000][info][gc             ] GC(684) To-space exhausted
[2024-08-27T14:57:37.712+0000][info][gc,phases      ] GC(684)   Pre Evacuate Collection Set: 0.2ms
[2024-08-27T14:57:37.712+0000][info][gc,phases      ] GC(684)   Merge Heap Roots: 0.2ms
[2024-08-27T14:57:37.712+0000][info][gc,phases      ] GC(684)   Evacuate Collection Set: 6.6ms
[2024-08-27T14:57:37.712+0000][info][gc,phases      ] GC(684)   Post Evacuate Collection Set: 0.7ms
[2024-08-27T14:57:37.712+0000][info][gc,phases      ] GC(684)   Other: 0.2ms
[2024-08-27T14:57:37.712+0000][info][gc,heap        ] GC(684) Eden regions: 18->0(44)
[2024-08-27T14:57:37.712+0000][info][gc,heap        ] GC(684) Survivor regions: 7->7(7)
[2024-08-27T14:57:37.712+0000][info][gc,heap        ] GC(684) Old regions: 964->898
[2024-08-27T14:57:37.712+0000][info][gc,heap        ] GC(684) Archive regions: 2->2
[2024-08-27T14:57:37.712+0000][info][gc,heap        ] GC(684) Humongous regions: 5->5
[2024-08-27T14:57:37.712+0000][info][gc,metaspace   ] GC(684) Metaspace: 100K(320K)->100K(320K) NonClass: 96K(192K)->96K(192K) Class: 4K(128K)->4K(128K)
[2024-08-27T14:57:37.712+0000][info][gc             ] GC(684) Pause Young (Mixed) (G1 Preventive Collection) 994M->910M(1024M) 8.015ms
[2024-08-27T14:57:37.712+0000][info][gc,cpu         ] GC(684) User=0.17s Sys=0.00s Real=0.01s
[2024-08-27T14:57:37.736+0000][info][gc,start       ] GC(685) Pause Young (Mixed) (G1 Evacuation Pause)
[2024-08-27T14:57:37.736+0000][info][gc,task        ] GC(685) Using 24 workers of 68 for evacuation
[2024-08-27T14:57:37.748+0000][info][gc,phases      ] GC(685)   Pre Evacuate Collection Set: 0.2ms
[2024-08-27T14:57:37.748+0000][info][gc,phases      ] GC(685)   Merge Heap Roots: 0.4ms
[2024-08-27T14:57:37.748+0000][info][gc,phases      ] GC(685)   Evacuate Collection Set: 10.4ms
[2024-08-27T14:57:37.748+0000][info][gc,phases      ] GC(685)   Post Evacuate Collection Set: 0.4ms
[2024-08-27T14:57:37.748+0000][info][gc,phases      ] GC(685)   Other: 0.2ms
[2024-08-27T14:57:37.748+0000][info][gc,heap        ] GC(685) Eden regions: 44->0(44)
[2024-08-27T14:57:37.748+0000][info][gc,heap        ] GC(685) Survivor regions: 7->7(7)
[2024-08-27T14:57:37.748+0000][info][gc,heap        ] GC(685) Old regions: 898->840
[2024-08-27T14:57:37.748+0000][info][gc,heap        ] GC(685) Archive regions: 2->2
[2024-08-27T14:57:37.748+0000][info][gc,heap        ] GC(685) Humongous regions: 5->5
[2024-08-27T14:57:37.748+0000][info][gc,metaspace   ] GC(685) Metaspace: 100K(320K)->100K(320K) NonClass: 96K(192K)->96K(192K) Class: 4K(128K)->4K(128K)
[2024-08-27T14:57:37.748+0000][info][gc             ] GC(685) Pause Young (Mixed) (G1 Evacuation Pause) 954M->852M(1024M) 11.758ms
[2024-08-27T14:57:37.748+0000][info][gc,cpu         ] GC(685) User=0.26s Sys=0.00s Real=0.01s
[2024-08-27T14:57:37.772+0000][info][gc,start       ] GC(686) Pause Young (Mixed) (G1 Evacuation Pause)
[2024-08-27T14:57:37.773+0000][info][gc,task        ] GC(686) Using 24 workers of 68 for evacuation
[2024-08-27T14:57:37.784+0000][info][gc,phases      ] GC(686)   Pre Evacuate Collection Set: 0.2ms
[2024-08-27T14:57:37.784+0000][info][gc,phases      ] GC(686)   Merge Heap Roots: 0.3ms
[2024-08-27T14:57:37.784+0000][info][gc,phases      ] GC(686)   Evacuate Collection Set: 10.5ms
[2024-08-27T14:57:37.784+0000][info][gc,phases      ] GC(686)   Post Evacuate Collection Set: 0.4ms
[2024-08-27T14:57:37.784+0000][info][gc,phases      ] GC(686)   Other: 0.2ms
[2024-08-27T14:57:37.784+0000][info][gc,heap        ] GC(686) Eden regions: 44->0(44)
[2024-08-27T14:57:37.784+0000][info][gc,heap        ] GC(686) Survivor regions: 7->7(7)
[2024-08-27T14:57:37.784+0000][info][gc,heap        ] GC(686) Old regions: 840->783
[2024-08-27T14:57:37.784+0000][info][gc,heap        ] GC(686) Archive regions: 2->2
[2024-08-27T14:57:37.784+0000][info][gc,heap        ] GC(686) Humongous regions: 5->5
[2024-08-27T14:57:37.784+0000][info][gc,metaspace   ] GC(686) Metaspace: 100K(320K)->100K(320K) NonClass: 96K(192K)->96K(192K) Class: 4K(128K)->4K(128K)
[2024-08-27T14:57:37.784+0000][info][gc             ] GC(686) Pause Young (Mixed) (G1 Evacuation Pause) 896M->795M(1024M) 11.816ms
[2024-08-27T14:57:37.784+0000][info][gc,cpu         ] GC(686) User=0.26s Sys=0.00s Real=0.01s
[2024-08-27T14:57:37.810+0000][info][gc,start       ] GC(687) Pause Young (Mixed) (G1 Evacuation Pause)
[2024-08-27T14:57:37.810+0000][info][gc,task        ] GC(687) Using 24 workers of 68 for evacuation
[2024-08-27T14:57:37.821+0000][info][gc,phases      ] GC(687)   Pre Evacuate Collection Set: 0.2ms
[2024-08-27T14:57:37.821+0000][info][gc,phases      ] GC(687)   Merge Heap Roots: 0.4ms
[2024-08-27T14:57:37.821+0000][info][gc,phases      ] GC(687)   Evacuate Collection Set: 10.3ms
[2024-08-27T14:57:37.821+0000][info][gc,phases      ] GC(687)   Post Evacuate Collection Set: 0.3ms
[2024-08-27T14:57:37.821+0000][info][gc,phases      ] GC(687)   Other: 0.3ms
[2024-08-27T14:57:37.821+0000][info][gc,heap        ] GC(687) Eden regions: 44->0(44)
[2024-08-27T14:57:37.821+0000][info][gc,heap        ] GC(687) Survivor regions: 7->7(7)
[2024-08-27T14:57:37.821+0000][info][gc,heap        ] GC(687) Old regions: 783->812
[2024-08-27T14:57:37.821+0000][info][gc,heap        ] GC(687) Archive regions: 2->2
[2024-08-27T14:57:37.821+0000][info][gc,heap        ] GC(687) Humongous regions: 5->5
[2024-08-27T14:57:37.821+0000][info][gc,metaspace   ] GC(687) Metaspace: 100K(320K)->100K(320K) NonClass: 96K(192K)->96K(192K) Class: 4K(128K)->4K(128K)
[2024-08-27T14:57:37.821+0000][info][gc             ] GC(687) Pause Young (Mixed) (G1 Evacuation Pause) 839M->824M(1024M) 11.485ms
[2024-08-27T14:57:37.821+0000][info][gc,cpu         ] GC(687) User=0.25s Sys=0.00s Real=0.01s
[2024-08-27T14:57:37.845+0000][info][gc,start       ] GC(688) Pause Young (Concurrent Start) (G1 Evacuation Pause)
[2024-08-27T14:57:37.845+0000][info][gc,task        ] GC(688) Using 24 workers of 68 for evacuation
[2024-08-27T14:57:37.856+0000][info][gc,phases      ] GC(688)   Pre Evacuate Collection Set: 0.2ms
[2024-08-27T14:57:37.857+0000][info][gc,phases      ] GC(688)   Merge Heap Roots: 0.4ms
[2024-08-27T14:57:37.857+0000][info][gc,phases      ] GC(688)   Evacuate Collection Set: 9.9ms
[2024-08-27T14:57:37.857+0000][info][gc,phases      ] GC(688)   Post Evacuate Collection Set: 0.3ms
[2024-08-27T14:57:37.857+0000][info][gc,phases      ] GC(688)   Other: 0.6ms
[2024-08-27T14:57:37.857+0000][info][gc,heap        ] GC(688) Eden regions: 44->0(44)
[2024-08-27T14:57:37.857+0000][info][gc,heap        ] GC(688) Survivor regions: 7->7(7)
[2024-08-27T14:57:37.857+0000][info][gc,heap        ] GC(688) Old regions: 812->860
[2024-08-27T14:57:37.857+0000][info][gc,heap        ] GC(688) Archive regions: 2->2
[2024-08-27T14:57:37.857+0000][info][gc,heap        ] GC(688) Humongous regions: 5->5
[2024-08-27T14:57:37.857+0000][info][gc,metaspace   ] GC(688) Metaspace: 100K(320K)->100K(320K) NonClass: 96K(192K)->96K(192K) Class: 4K(128K)->4K(128K)
[2024-08-27T14:57:37.857+0000][info][gc             ] GC(688) Pause Young (Concurrent Start) (G1 Evacuation Pause) 868M->872M(1024M) 11.432ms
[2024-08-27T14:57:37.857+0000][info][gc,cpu         ] GC(688) User=0.24s Sys=0.01s Real=0.01s
[2024-08-27T14:57:37.857+0000][info][gc             ] GC(689) Concurrent Mark Cycle
[2024-08-27T14:57:37.857+0000][info][gc,marking     ] GC(689) Concurrent Clear Claimed Marks
[2024-08-27T14:57:37.857+0000][info][gc,marking     ] GC(689) Concurrent Clear Claimed Marks 0.013ms
[2024-08-27T14:57:37.857+0000][info][gc,marking     ] GC(689) Concurrent Scan Root Regions
[2024-08-27T14:57:37.858+0000][info][gc,marking     ] GC(689) Concurrent Scan Root Regions 1.579ms
[2024-08-27T14:57:37.858+0000][info][gc,marking     ] GC(689) Concurrent Mark
[2024-08-27T14:57:37.858+0000][info][gc,marking     ] GC(689) Concurrent Mark From Roots
[2024-08-27T14:57:37.858+0000][info][gc,task        ] GC(689) Using 17 workers of 17 for marking
[2024-08-27T14:57:37.883+0000][info][gc,marking     ] GC(689) Concurrent Mark From Roots 24.542ms
[2024-08-27T14:57:37.883+0000][info][gc,marking     ] GC(689) Concurrent Preclean
[2024-08-27T14:57:37.884+0000][info][gc,marking     ] GC(689) Concurrent Preclean 0.697ms
[2024-08-27T14:57:37.884+0000][info][gc,start       ] GC(689) Pause Remark
[2024-08-27T14:57:37.885+0000][info][gc             ] GC(689) Pause Remark 898M->897M(1024M) 1.236ms
[2024-08-27T14:57:37.885+0000][info][gc,cpu         ] GC(689) User=0.00s Sys=0.01s Real=0.00s
[2024-08-27T14:57:37.885+0000][info][gc,marking     ] GC(689) Concurrent Mark 26.859ms
[2024-08-27T14:57:37.885+0000][info][gc,marking     ] GC(689) Concurrent Rebuild Remembered Sets
[2024-08-27T14:57:37.903+0000][info][gc,start       ] GC(690) Pause Young (Normal) (G1 Evacuation Pause)
[2024-08-27T14:57:37.903+0000][info][gc,task        ] GC(690) Using 24 workers of 68 for evacuation
[2024-08-27T14:57:37.913+0000][info][gc,phases      ] GC(690)   Pre Evacuate Collection Set: 0.1ms
[2024-08-27T14:57:37.913+0000][info][gc,phases      ] GC(690)   Merge Heap Roots: 0.2ms
[2024-08-27T14:57:37.913+0000][info][gc,phases      ] GC(690)   Evacuate Collection Set: 9.6ms
[2024-08-27T14:57:37.913+0000][info][gc,phases      ] GC(690)   Post Evacuate Collection Set: 0.4ms
[2024-08-27T14:57:37.913+0000][info][gc,phases      ] GC(690)   Other: 0.2ms
[2024-08-27T14:57:37.913+0000][info][gc,heap        ] GC(690) Eden regions: 44->0(44)
[2024-08-27T14:57:37.913+0000][info][gc,heap        ] GC(690) Survivor regions: 7->7(7)
[2024-08-27T14:57:37.913+0000][info][gc,heap        ] GC(690) Old regions: 859->905
[2024-08-27T14:57:37.913+0000][info][gc,heap        ] GC(690) Archive regions: 2->2
[2024-08-27T14:57:37.913+0000][info][gc,heap        ] GC(690) Humongous regions: 5->5
[2024-08-27T14:57:37.913+0000][info][gc,metaspace   ] GC(690) Metaspace: 100K(320K)->100K(320K) NonClass: 96K(192K)->96K(192K) Class: 4K(128K)->4K(128K)
[2024-08-27T14:57:37.913+0000][info][gc             ] GC(690) Pause Young (Normal) (G1 Evacuation Pause) 915M->917M(1024M) 10.655ms
[2024-08-27T14:57:37.913+0000][info][gc,cpu         ] GC(690) User=0.23s Sys=0.00s Real=0.01s
[2024-08-27T14:57:37.954+0000][info][gc,start       ] GC(691) Pause Young (Normal) (G1 Evacuation Pause)
[2024-08-27T14:57:37.954+0000][info][gc,task        ] GC(691) Using 24 workers of 68 for evacuation
[2024-08-27T14:57:37.969+0000][info][gc,phases      ] GC(691)   Pre Evacuate Collection Set: 0.2ms
[2024-08-27T14:57:37.969+0000][info][gc,phases      ] GC(691)   Merge Heap Roots: 0.5ms
[2024-08-27T14:57:37.969+0000][info][gc,phases      ] GC(691)   Evacuate Collection Set: 13.9ms
[2024-08-27T14:57:37.969+0000][info][gc,phases      ] GC(691)   Post Evacuate Collection Set: 0.5ms
[2024-08-27T14:57:37.969+0000][info][gc,phases      ] GC(691)   Other: 0.2ms
[2024-08-27T14:57:37.969+0000][info][gc,heap        ] GC(691) Eden regions: 44->0(44)
[2024-08-27T14:57:37.969+0000][info][gc,heap        ] GC(691) Survivor regions: 7->7(7)
[2024-08-27T14:57:37.969+0000][info][gc,heap        ] GC(691) Old regions: 905->952
[2024-08-27T14:57:37.969+0000][info][gc,heap        ] GC(691) Archive regions: 2->2
[2024-08-27T14:57:37.969+0000][info][gc,heap        ] GC(691) Humongous regions: 5->5
[2024-08-27T14:57:37.969+0000][info][gc,metaspace   ] GC(691) Metaspace: 100K(320K)->100K(320K) NonClass: 96K(192K)->96K(192K) Class: 4K(128K)->4K(128K)
[2024-08-27T14:57:37.969+0000][info][gc             ] GC(691) Pause Young (Normal) (G1 Evacuation Pause) 961M->964M(1024M) 15.302ms
[2024-08-27T14:57:37.969+0000][info][gc,cpu         ] GC(691) User=0.35s Sys=0.00s Real=0.02s
[2024-08-27T14:57:37.977+0000][info][gc,marking     ] GC(689) Concurrent Rebuild Remembered Sets 91.790ms
[2024-08-27T14:57:37.977+0000][info][gc,start       ] GC(689) Pause Cleanup
[2024-08-27T14:57:37.979+0000][info][gc             ] GC(689) Pause Cleanup 972M->972M(1024M) 1.310ms
[2024-08-27T14:57:37.979+0000][info][gc,cpu         ] GC(689) User=0.00s Sys=0.00s Real=0.01s
[2024-08-27T14:57:37.979+0000][info][gc,marking     ] GC(689) Concurrent Cleanup for Next Mark
[2024-08-27T14:57:37.979+0000][info][gc,marking     ] GC(689) Concurrent Cleanup for Next Mark 0.806ms
[2024-08-27T14:57:37.980+0000][info][gc             ] GC(689) Concurrent Mark Cycle 122.789ms
[2024-08-27T14:57:37.990+0000][info][gc,start       ] GC(692) Pause Young (Prepare Mixed) (G1 Preventive Collection)
[2024-08-27T14:57:37.990+0000][info][gc,task        ] GC(692) Using 24 workers of 68 for evacuation
[2024-08-27T14:57:38.004+0000][info][gc,phases      ] GC(692)   Pre Evacuate Collection Set: 0.1ms
[2024-08-27T14:57:38.004+0000][info][gc,phases      ] GC(692)   Merge Heap Roots: 0.4ms
[2024-08-27T14:57:38.004+0000][info][gc,phases      ] GC(692)   Evacuate Collection Set: 13.7ms
[2024-08-27T14:57:38.004+0000][info][gc,phases      ] GC(692)   Post Evacuate Collection Set: 0.3ms
[2024-08-27T14:57:38.004+0000][info][gc,phases      ] GC(692)   Other: 0.2ms
[2024-08-27T14:57:38.004+0000][info][gc,heap        ] GC(692) Eden regions: 24->0(44)
[2024-08-27T14:57:38.004+0000][info][gc,heap        ] GC(692) Survivor regions: 7->7(7)
[2024-08-27T14:57:38.004+0000][info][gc,heap        ] GC(692) Old regions: 952->979
[2024-08-27T14:57:38.004+0000][info][gc,heap        ] GC(692) Archive regions: 2->2
[2024-08-27T14:57:38.004+0000][info][gc,heap        ] GC(692) Humongous regions: 5->5
[2024-08-27T14:57:38.004+0000][info][gc,metaspace   ] GC(692) Metaspace: 100K(320K)->100K(320K) NonClass: 96K(192K)->96K(192K) Class: 4K(128K)->4K(128K)
[2024-08-27T14:57:38.004+0000][info][gc             ] GC(692) Pause Young (Prepare Mixed) (G1 Preventive Collection) 988M->991M(1024M) 14.756ms
[2024-08-27T14:57:38.005+0000][info][gc,cpu         ] GC(692) User=0.33s Sys=0.01s Real=0.01s
[2024-08-27T14:57:38.010+0000][info][gc,start       ] GC(693) Pause Young (Mixed) (G1 Preventive Collection)
[2024-08-27T14:57:38.011+0000][info][gc,task        ] GC(693) Using 24 workers of 68 for evacuation
[2024-08-27T14:57:38.015+0000][info][gc,phases      ] GC(693)   Pre Evacuate Collection Set: 0.2ms
[2024-08-27T14:57:38.016+0000][info][gc,phases      ] GC(693)   Merge Heap Roots: 0.2ms
[2024-08-27T14:57:38.016+0000][info][gc,phases      ] GC(693)   Evacuate Collection Set: 4.2ms
[2024-08-27T14:57:38.016+0000][info][gc,phases      ] GC(693)   Post Evacuate Collection Set: 0.3ms
[2024-08-27T14:57:38.016+0000][info][gc,phases      ] GC(693)   Other: 0.1ms
[2024-08-27T14:57:38.016+0000][info][gc,heap        ] GC(693) Eden regions: 10->0(44)
[2024-08-27T14:57:38.016+0000][info][gc,heap        ] GC(693) Survivor regions: 7->7(7)
[2024-08-27T14:57:38.016+0000][info][gc,heap        ] GC(693) Old regions: 979->888
[2024-08-27T14:57:38.016+0000][info][gc,heap        ] GC(693) Archive regions: 2->2
[2024-08-27T14:57:38.016+0000][info][gc,heap        ] GC(693) Humongous regions: 5->5
[2024-08-27T14:57:38.016+0000][info][gc,metaspace   ] GC(693) Metaspace: 100K(320K)->100K(320K) NonClass: 96K(192K)->96K(192K) Class: 4K(128K)->4K(128K)
[2024-08-27T14:57:38.016+0000][info][gc             ] GC(693) Pause Young (Mixed) (G1 Preventive Collection) 1001M->900M(1024M) 5.128ms
[2024-08-27T14:57:38.016+0000][info][gc,cpu         ] GC(693) User=0.11s Sys=0.00s Real=0.00s
[2024-08-27T14:57:38.038+0000][info][gc,start       ] GC(694) Pause Young (Mixed) (G1 Evacuation Pause)
[2024-08-27T14:57:38.038+0000][info][gc,task        ] GC(694) Using 24 workers of 68 for evacuation
[2024-08-27T14:57:38.049+0000][info][gc,phases      ] GC(694)   Pre Evacuate Collection Set: 0.2ms
[2024-08-27T14:57:38.049+0000][info][gc,phases      ] GC(694)   Merge Heap Roots: 0.3ms
[2024-08-27T14:57:38.049+0000][info][gc,phases      ] GC(694)   Evacuate Collection Set: 9.5ms
[2024-08-27T14:57:38.049+0000][info][gc,phases      ] GC(694)   Post Evacuate Collection Set: 0.4ms
[2024-08-27T14:57:38.049+0000][info][gc,phases      ] GC(694)   Other: 0.2ms
[2024-08-27T14:57:38.049+0000][info][gc,heap        ] GC(694) Eden regions: 44->0(44)
[2024-08-27T14:57:38.049+0000][info][gc,heap        ] GC(694) Survivor regions: 7->7(7)
[2024-08-27T14:57:38.049+0000][info][gc,heap        ] GC(694) Old regions: 888->830
[2024-08-27T14:57:38.049+0000][info][gc,heap        ] GC(694) Archive regions: 2->2
[2024-08-27T14:57:38.049+0000][info][gc,heap        ] GC(694) Humongous regions: 5->5
[2024-08-27T14:57:38.049+0000][info][gc,metaspace   ] GC(694) Metaspace: 100K(320K)->100K(320K) NonClass: 96K(192K)->96K(192K) Class: 4K(128K)->4K(128K)
[2024-08-27T14:57:38.049+0000][info][gc             ] GC(694) Pause Young (Mixed) (G1 Evacuation Pause) 944M->842M(1024M) 10.706ms
[2024-08-27T14:57:38.049+0000][info][gc,cpu         ] GC(694) User=0.23s Sys=0.00s Real=0.00s
[2024-08-27T14:57:38.071+0000][info][gc,start       ] GC(695) Pause Young (Mixed) (G1 Evacuation Pause)
[2024-08-27T14:57:38.071+0000][info][gc,task        ] GC(695) Using 24 workers of 68 for evacuation
[2024-08-27T14:57:38.082+0000][info][gc,phases      ] GC(695)   Pre Evacuate Collection Set: 0.2ms
[2024-08-27T14:57:38.082+0000][info][gc,phases      ] GC(695)   Merge Heap Roots: 0.3ms
[2024-08-27T14:57:38.082+0000][info][gc,phases      ] GC(695)   Evacuate Collection Set: 10.0ms
[2024-08-27T14:57:38.082+0000][info][gc,phases      ] GC(695)   Post Evacuate Collection Set: 0.4ms
[2024-08-27T14:57:38.082+0000][info][gc,phases      ] GC(695)   Other: 0.2ms
[2024-08-27T14:57:38.082+0000][info][gc,heap        ] GC(695) Eden regions: 44->0(44)
[2024-08-27T14:57:38.082+0000][info][gc,heap        ] GC(695) Survivor regions: 7->7(7)
[2024-08-27T14:57:38.082+0000][info][gc,heap        ] GC(695) Old regions: 830->772
[2024-08-27T14:57:38.082+0000][info][gc,heap        ] GC(695) Archive regions: 2->2
[2024-08-27T14:57:38.082+0000][info][gc,heap        ] GC(695) Humongous regions: 5->5
[2024-08-27T14:57:38.082+0000][info][gc,metaspace   ] GC(695) Metaspace: 100K(320K)->100K(320K) NonClass: 96K(192K)->96K(192K) Class: 4K(128K)->4K(128K)
[2024-08-27T14:57:38.082+0000][info][gc             ] GC(695) Pause Young (Mixed) (G1 Evacuation Pause) 886M->784M(1024M) 11.186ms
[2024-08-27T14:57:38.082+0000][info][gc,cpu         ] GC(695) User=0.23s Sys=0.01s Real=0.01s
[2024-08-27T14:57:38.104+0000][info][gc,start       ] GC(696) Pause Young (Mixed) (G1 Evacuation Pause)
[2024-08-27T14:57:38.104+0000][info][gc,task        ] GC(696) Using 24 workers of 68 for evacuation
[2024-08-27T14:57:38.116+0000][info][gc,phases      ] GC(696)   Pre Evacuate Collection Set: 0.2ms
[2024-08-27T14:57:38.116+0000][info][gc,phases      ] GC(696)   Merge Heap Roots: 0.3ms
[2024-08-27T14:57:38.116+0000][info][gc,phases      ] GC(696)   Evacuate Collection Set: 10.4ms
[2024-08-27T14:57:38.116+0000][info][gc,phases      ] GC(696)   Post Evacuate Collection Set: 0.4ms
[2024-08-27T14:57:38.116+0000][info][gc,phases      ] GC(696)   Other: 0.3ms
[2024-08-27T14:57:38.116+0000][info][gc,heap        ] GC(696) Eden regions: 44->0(44)
[2024-08-27T14:57:38.116+0000][info][gc,heap        ] GC(696) Survivor regions: 7->7(7)
[2024-08-27T14:57:38.116+0000][info][gc,heap        ] GC(696) Old regions: 772->772
[2024-08-27T14:57:38.116+0000][info][gc,heap        ] GC(696) Archive regions: 2->2
[2024-08-27T14:57:38.116+0000][info][gc,heap        ] GC(696) Humongous regions: 5->5
[2024-08-27T14:57:38.116+0000][info][gc,metaspace   ] GC(696) Metaspace: 100K(320K)->100K(320K) NonClass: 96K(192K)->96K(192K) Class: 4K(128K)->4K(128K)
[2024-08-27T14:57:38.116+0000][info][gc             ] GC(696) Pause Young (Mixed) (G1 Evacuation Pause) 828M->784M(1024M) 11.618ms
[2024-08-27T14:57:38.116+0000][info][gc,cpu         ] GC(696) User=0.25s Sys=0.00s Real=0.01s
[2024-08-27T14:57:38.138+0000][info][gc,start       ] GC(697) Pause Young (Concurrent Start) (G1 Evacuation Pause)
[2024-08-27T14:57:38.138+0000][info][gc,task        ] GC(697) Using 24 workers of 68 for evacuation
[2024-08-27T14:57:38.149+0000][info][gc,phases      ] GC(697)   Pre Evacuate Collection Set: 0.2ms
[2024-08-27T14:57:38.149+0000][info][gc,phases      ] GC(697)   Merge Heap Roots: 0.3ms
[2024-08-27T14:57:38.149+0000][info][gc,phases      ] GC(697)   Evacuate Collection Set: 9.7ms
[2024-08-27T14:57:38.150+0000][info][gc,phases      ] GC(697)   Post Evacuate Collection Set: 0.3ms
[2024-08-27T14:57:38.150+0000][info][gc,phases      ] GC(697)   Other: 0.6ms
[2024-08-27T14:57:38.150+0000][info][gc,heap        ] GC(697) Eden regions: 44->0(44)
[2024-08-27T14:57:38.150+0000][info][gc,heap        ] GC(697) Survivor regions: 7->7(7)
[2024-08-27T14:57:38.150+0000][info][gc,heap        ] GC(697) Old regions: 772->818
[2024-08-27T14:57:38.150+0000][info][gc,heap        ] GC(697) Archive regions: 2->2
[2024-08-27T14:57:38.150+0000][info][gc,heap        ] GC(697) Humongous regions: 5->5
[2024-08-27T14:57:38.150+0000][info][gc,metaspace   ] GC(697) Metaspace: 100K(320K)->100K(320K) NonClass: 96K(192K)->96K(192K) Class: 4K(128K)->4K(128K)
[2024-08-27T14:57:38.150+0000][info][gc             ] GC(697) Pause Young (Concurrent Start) (G1 Evacuation Pause) 828M->830M(1024M) 11.164ms
[2024-08-27T14:57:38.150+0000][info][gc,cpu         ] GC(697) User=0.23s Sys=0.00s Real=0.01s
[2024-08-27T14:57:38.150+0000][info][gc             ] GC(698) Concurrent Mark Cycle
[2024-08-27T14:57:38.150+0000][info][gc,marking     ] GC(698) Concurrent Clear Claimed Marks
[2024-08-27T14:57:38.150+0000][info][gc,marking     ] GC(698) Concurrent Clear Claimed Marks 0.012ms
[2024-08-27T14:57:38.150+0000][info][gc,marking     ] GC(698) Concurrent Scan Root Regions
[2024-08-27T14:57:38.151+0000][info][gc,marking     ] GC(698) Concurrent Scan Root Regions 1.682ms
[2024-08-27T14:57:38.151+0000][info][gc,marking     ] GC(698) Concurrent Mark
[2024-08-27T14:57:38.151+0000][info][gc,marking     ] GC(698) Concurrent Mark From Roots
[2024-08-27T14:57:38.152+0000][info][gc,task        ] GC(698) Using 17 workers of 17 for marking
[2024-08-27T14:57:38.176+0000][info][gc,marking     ] GC(698) Concurrent Mark From Roots 24.592ms
[2024-08-27T14:57:38.176+0000][info][gc,marking     ] GC(698) Concurrent Preclean
[2024-08-27T14:57:38.177+0000][info][gc,marking     ] GC(698) Concurrent Preclean 0.655ms
[2024-08-27T14:57:38.177+0000][info][gc,start       ] GC(698) Pause Remark
[2024-08-27T14:57:38.178+0000][info][gc             ] GC(698) Pause Remark 857M->857M(1024M) 1.236ms
[2024-08-27T14:57:38.178+0000][info][gc,cpu         ] GC(698) User=0.01s Sys=0.00s Real=0.01s
[2024-08-27T14:57:38.178+0000][info][gc,marking     ] GC(698) Concurrent Mark 26.880ms
[2024-08-27T14:57:38.178+0000][info][gc,marking     ] GC(698) Concurrent Rebuild Remembered Sets
[2024-08-27T14:57:38.197+0000][info][gc,start       ] GC(699) Pause Young (Normal) (G1 Evacuation Pause)
[2024-08-27T14:57:38.197+0000][info][gc,task        ] GC(699) Using 24 workers of 68 for evacuation
[2024-08-27T14:57:38.208+0000][info][gc,phases      ] GC(699)   Pre Evacuate Collection Set: 0.1ms
[2024-08-27T14:57:38.208+0000][info][gc,phases      ] GC(699)   Merge Heap Roots: 0.4ms
[2024-08-27T14:57:38.208+0000][info][gc,phases      ] GC(699)   Evacuate Collection Set: 9.9ms
[2024-08-27T14:57:38.208+0000][info][gc,phases      ] GC(699)   Post Evacuate Collection Set: 0.4ms
[2024-08-27T14:57:38.208+0000][info][gc,phases      ] GC(699)   Other: 0.2ms
[2024-08-27T14:57:38.208+0000][info][gc,heap        ] GC(699) Eden regions: 44->0(44)
[2024-08-27T14:57:38.208+0000][info][gc,heap        ] GC(699) Survivor regions: 7->7(7)
[2024-08-27T14:57:38.208+0000][info][gc,heap        ] GC(699) Old regions: 818->864
[2024-08-27T14:57:38.208+0000][info][gc,heap        ] GC(699) Archive regions: 2->2
[2024-08-27T14:57:38.208+0000][info][gc,heap        ] GC(699) Humongous regions: 5->5
[2024-08-27T14:57:38.208+0000][info][gc,metaspace   ] GC(699) Metaspace: 100K(320K)->100K(320K) NonClass: 96K(192K)->96K(192K) Class: 4K(128K)->4K(128K)
[2024-08-27T14:57:38.208+0000][info][gc             ] GC(699) Pause Young (Normal) (G1 Evacuation Pause) 874M->876M(1024M) 11.094ms
[2024-08-27T14:57:38.208+0000][info][gc,cpu         ] GC(699) User=0.25s Sys=0.00s Real=0.01s
[2024-08-27T14:57:38.248+0000][info][gc,start       ] GC(700) Pause Young (Normal) (G1 Evacuation Pause)
[2024-08-27T14:57:38.248+0000][info][gc,task        ] GC(700) Using 24 workers of 68 for evacuation
[2024-08-27T14:57:38.263+0000][info][gc,phases      ] GC(700)   Pre Evacuate Collection Set: 0.2ms
[2024-08-27T14:57:38.263+0000][info][gc,phases      ] GC(700)   Merge Heap Roots: 0.4ms
[2024-08-27T14:57:38.263+0000][info][gc,phases      ] GC(700)   Evacuate Collection Set: 13.8ms
[2024-08-27T14:57:38.263+0000][info][gc,phases      ] GC(700)   Post Evacuate Collection Set: 0.5ms
[2024-08-27T14:57:38.263+0000][info][gc,phases      ] GC(700)   Other: 0.2ms
[2024-08-27T14:57:38.263+0000][info][gc,heap        ] GC(700) Eden regions: 44->0(44)
[2024-08-27T14:57:38.263+0000][info][gc,heap        ] GC(700) Survivor regions: 7->7(7)
[2024-08-27T14:57:38.263+0000][info][gc,heap        ] GC(700) Old regions: 864->911
[2024-08-27T14:57:38.263+0000][info][gc,heap        ] GC(700) Archive regions: 2->2
[2024-08-27T14:57:38.263+0000][info][gc,heap        ] GC(700) Humongous regions: 5->5
[2024-08-27T14:57:38.263+0000][info][gc,metaspace   ] GC(700) Metaspace: 100K(320K)->100K(320K) NonClass: 96K(192K)->96K(192K) Class: 4K(128K)->4K(128K)
[2024-08-27T14:57:38.263+0000][info][gc             ] GC(700) Pause Young (Normal) (G1 Evacuation Pause) 920M->923M(1024M) 15.122ms
[2024-08-27T14:57:38.264+0000][info][gc,cpu         ] GC(700) User=0.35s Sys=0.00s Real=0.02s
[2024-08-27T14:57:38.270+0000][info][gc,marking     ] GC(698) Concurrent Rebuild Remembered Sets 91.688ms
[2024-08-27T14:57:38.270+0000][info][gc,start       ] GC(698) Pause Cleanup
[2024-08-27T14:57:38.272+0000][info][gc             ] GC(698) Pause Cleanup 931M->931M(1024M) 1.307ms
[2024-08-27T14:57:38.272+0000][info][gc,cpu         ] GC(698) User=0.00s Sys=0.00s Real=0.00s
[2024-08-27T14:57:38.272+0000][info][gc,marking     ] GC(698) Concurrent Cleanup for Next Mark
[2024-08-27T14:57:38.272+0000][info][gc,marking     ] GC(698) Concurrent Cleanup for Next Mark 0.839ms
[2024-08-27T14:57:38.273+0000][info][gc             ] GC(698) Concurrent Mark Cycle 122.820ms
[2024-08-27T14:57:38.294+0000][info][gc,start       ] GC(701) Pause Young (Prepare Mixed) (G1 Preventive Collection)
[2024-08-27T14:57:38.294+0000][info][gc,task        ] GC(701) Using 24 workers of 68 for evacuation
[2024-08-27T14:57:38.311+0000][info][gc,phases      ] GC(701)   Pre Evacuate Collection Set: 0.2ms
[2024-08-27T14:57:38.311+0000][info][gc,phases      ] GC(701)   Merge Heap Roots: 0.4ms
[2024-08-27T14:57:38.311+0000][info][gc,phases      ] GC(701)   Evacuate Collection Set: 16.2ms
[2024-08-27T14:57:38.311+0000][info][gc,phases      ] GC(701)   Post Evacuate Collection Set: 0.3ms
[2024-08-27T14:57:38.311+0000][info][gc,phases      ] GC(701)   Other: 0.2ms
[2024-08-27T14:57:38.312+0000][info][gc,heap        ] GC(701) Eden regions: 44->0(44)
[2024-08-27T14:57:38.312+0000][info][gc,heap        ] GC(701) Survivor regions: 7->7(7)
[2024-08-27T14:57:38.312+0000][info][gc,heap        ] GC(701) Old regions: 911->957
[2024-08-27T14:57:38.312+0000][info][gc,heap        ] GC(701) Archive regions: 2->2
[2024-08-27T14:57:38.312+0000][info][gc,heap        ] GC(701) Humongous regions: 5->5
[2024-08-27T14:57:38.312+0000][info][gc,metaspace   ] GC(701) Metaspace: 100K(320K)->100K(320K) NonClass: 96K(192K)->96K(192K) Class: 4K(128K)->4K(128K)
[2024-08-27T14:57:38.312+0000][info][gc             ] GC(701) Pause Young (Prepare Mixed) (G1 Preventive Collection) 967M->969M(1024M) 17.336ms
[2024-08-27T14:57:38.312+0000][info][gc,cpu         ] GC(701) User=0.39s Sys=0.01s Real=0.02s
[2024-08-27T14:57:38.324+0000][info][gc,start       ] GC(702) Pause Young (Mixed) (G1 Preventive Collection)
[2024-08-27T14:57:38.324+0000][info][gc,task        ] GC(702) Using 24 workers of 68 for evacuation
[2024-08-27T14:57:38.332+0000][info][gc,phases      ] GC(702)   Pre Evacuate Collection Set: 0.2ms
[2024-08-27T14:57:38.332+0000][info][gc,phases      ] GC(702)   Merge Heap Roots: 0.3ms
[2024-08-27T14:57:38.332+0000][info][gc,phases      ] GC(702)   Evacuate Collection Set: 7.2ms
[2024-08-27T14:57:38.332+0000][info][gc,phases      ] GC(702)   Post Evacuate Collection Set: 0.4ms
[2024-08-27T14:57:38.332+0000][info][gc,phases      ] GC(702)   Other: 0.2ms
[2024-08-27T14:57:38.332+0000][info][gc,heap        ] GC(702) Eden regions: 21->0(44)
[2024-08-27T14:57:38.332+0000][info][gc,heap        ] GC(702) Survivor regions: 7->7(7)
[2024-08-27T14:57:38.332+0000][info][gc,heap        ] GC(702) Old regions: 957->879
[2024-08-27T14:57:38.332+0000][info][gc,heap        ] GC(702) Archive regions: 2->2
[2024-08-27T14:57:38.332+0000][info][gc,heap        ] GC(702) Humongous regions: 5->5
[2024-08-27T14:57:38.332+0000][info][gc,metaspace   ] GC(702) Metaspace: 100K(320K)->100K(320K) NonClass: 96K(192K)->96K(192K) Class: 4K(128K)->4K(128K)
[2024-08-27T14:57:38.332+0000][info][gc             ] GC(702) Pause Young (Mixed) (G1 Preventive Collection) 990M->891M(1024M) 8.347ms
[2024-08-27T14:57:38.332+0000][info][gc,cpu         ] GC(702) User=0.18s Sys=0.00s Real=0.01s
[2024-08-27T14:57:38.355+0000][info][gc,start       ] GC(703) Pause Young (Mixed) (G1 Evacuation Pause)
[2024-08-27T14:57:38.355+0000][info][gc,task        ] GC(703) Using 24 workers of 68 for evacuation
[2024-08-27T14:57:38.366+0000][info][gc,phases      ] GC(703)   Pre Evacuate Collection Set: 0.2ms
[2024-08-27T14:57:38.366+0000][info][gc,phases      ] GC(703)   Merge Heap Roots: 0.3ms
[2024-08-27T14:57:38.366+0000][info][gc,phases      ] GC(703)   Evacuate Collection Set: 10.1ms
[2024-08-27T14:57:38.366+0000][info][gc,phases      ] GC(703)   Post Evacuate Collection Set: 0.4ms
[2024-08-27T14:57:38.366+0000][info][gc,phases      ] GC(703)   Other: 0.3ms
[2024-08-27T14:57:38.366+0000][info][gc,heap        ] GC(703) Eden regions: 44->0(44)
[2024-08-27T14:57:38.366+0000][info][gc,heap        ] GC(703) Survivor regions: 7->7(7)
[2024-08-27T14:57:38.366+0000][info][gc,heap        ] GC(703) Old regions: 879->821
[2024-08-27T14:57:38.366+0000][info][gc,heap        ] GC(703) Archive regions: 2->2
[2024-08-27T14:57:38.366+0000][info][gc,heap        ] GC(703) Humongous regions: 5->5
[2024-08-27T14:57:38.366+0000][info][gc,metaspace   ] GC(703) Metaspace: 100K(320K)->100K(320K) NonClass: 96K(192K)->96K(192K) Class: 4K(128K)->4K(128K)
[2024-08-27T14:57:38.366+0000][info][gc             ] GC(703) Pause Young (Mixed) (G1 Evacuation Pause) 935M->833M(1024M) 11.389ms
[2024-08-27T14:57:38.366+0000][info][gc,cpu         ] GC(703) User=0.17s Sys=0.07s Real=0.01s
[2024-08-27T14:57:38.389+0000][info][gc,start       ] GC(704) Pause Young (Mixed) (G1 Evacuation Pause)
[2024-08-27T14:57:38.389+0000][info][gc,task        ] GC(704) Using 24 workers of 68 for evacuation
[2024-08-27T14:57:38.405+0000][info][gc,phases      ] GC(704)   Pre Evacuate Collection Set: 0.2ms
[2024-08-27T14:57:38.405+0000][info][gc,phases      ] GC(704)   Merge Heap Roots: 0.5ms
[2024-08-27T14:57:38.405+0000][info][gc,phases      ] GC(704)   Evacuate Collection Set: 14.6ms
[2024-08-27T14:57:38.405+0000][info][gc,phases      ] GC(704)   Post Evacuate Collection Set: 0.4ms
[2024-08-27T14:57:38.405+0000][info][gc,phases      ] GC(704)   Other: 0.2ms
[2024-08-27T14:57:38.405+0000][info][gc,heap        ] GC(704) Eden regions: 44->0(44)
[2024-08-27T14:57:38.405+0000][info][gc,heap        ] GC(704) Survivor regions: 7->7(7)
[2024-08-27T14:57:38.405+0000][info][gc,heap        ] GC(704) Old regions: 821->764
[2024-08-27T14:57:38.405+0000][info][gc,heap        ] GC(704) Archive regions: 2->2
[2024-08-27T14:57:38.405+0000][info][gc,heap        ] GC(704) Humongous regions: 5->5
[2024-08-27T14:57:38.405+0000][info][gc,metaspace   ] GC(704) Metaspace: 100K(320K)->100K(320K) NonClass: 96K(192K)->96K(192K) Class: 4K(128K)->4K(128K)
[2024-08-27T14:57:38.405+0000][info][gc             ] GC(704) Pause Young (Mixed) (G1 Evacuation Pause) 877M->776M(1024M) 15.946ms
[2024-08-27T14:57:38.405+0000][info][gc,cpu         ] GC(704) User=0.26s Sys=0.01s Real=0.02s
[2024-08-27T14:57:38.433+0000][info][gc,start       ] GC(705) Pause Young (Mixed) (G1 Evacuation Pause)
[2024-08-27T14:57:38.433+0000][info][gc,task        ] GC(705) Using 24 workers of 68 for evacuation
[2024-08-27T14:57:38.446+0000][info][gc,phases      ] GC(705)   Pre Evacuate Collection Set: 0.2ms
[2024-08-27T14:57:38.446+0000][info][gc,phases      ] GC(705)   Merge Heap Roots: 0.2ms
[2024-08-27T14:57:38.446+0000][info][gc,phases      ] GC(705)   Evacuate Collection Set: 12.2ms
[2024-08-27T14:57:38.446+0000][info][gc,phases      ] GC(705)   Post Evacuate Collection Set: 0.3ms
[2024-08-27T14:57:38.446+0000][info][gc,phases      ] GC(705)   Other: 0.2ms
[2024-08-27T14:57:38.446+0000][info][gc,heap        ] GC(705) Eden regions: 44->0(44)
[2024-08-27T14:57:38.446+0000][info][gc,heap        ] GC(705) Survivor regions: 7->7(7)
[2024-08-27T14:57:38.446+0000][info][gc,heap        ] GC(705) Old regions: 764->802
[2024-08-27T14:57:38.446+0000][info][gc,heap        ] GC(705) Archive regions: 2->2
[2024-08-27T14:57:38.446+0000][info][gc,heap        ] GC(705) Humongous regions: 5->5
[2024-08-27T14:57:38.446+0000][info][gc,metaspace   ] GC(705) Metaspace: 100K(320K)->100K(320K) NonClass: 96K(192K)->96K(192K) Class: 4K(128K)->4K(128K)
[2024-08-27T14:57:38.446+0000][info][gc             ] GC(705) Pause Young (Mixed) (G1 Evacuation Pause) 820M->814M(1024M) 13.202ms
[2024-08-27T14:57:38.446+0000][info][gc,cpu         ] GC(705) User=0.27s Sys=0.02s Real=0.01s
[2024-08-27T14:57:38.474+0000][info][gc,start       ] GC(706) Pause Young (Concurrent Start) (G1 Evacuation Pause)
[2024-08-27T14:57:38.474+0000][info][gc,task        ] GC(706) Using 24 workers of 68 for evacuation
[2024-08-27T14:57:38.486+0000][info][gc,phases      ] GC(706)   Pre Evacuate Collection Set: 0.2ms
[2024-08-27T14:57:38.486+0000][info][gc,phases      ] GC(706)   Merge Heap Roots: 0.3ms
[2024-08-27T14:57:38.486+0000][info][gc,phases      ] GC(706)   Evacuate Collection Set: 10.3ms
[2024-08-27T14:57:38.486+0000][info][gc,phases      ] GC(706)   Post Evacuate Collection Set: 0.4ms
[2024-08-27T14:57:38.486+0000][info][gc,phases      ] GC(706)   Other: 0.6ms
[2024-08-27T14:57:38.486+0000][info][gc,heap        ] GC(706) Eden regions: 44->0(44)
[2024-08-27T14:57:38.486+0000][info][gc,heap        ] GC(706) Survivor regions: 7->7(7)
[2024-08-27T14:57:38.486+0000][info][gc,heap        ] GC(706) Old regions: 802->849
[2024-08-27T14:57:38.486+0000][info][gc,heap        ] GC(706) Archive regions: 2->2
[2024-08-27T14:57:38.486+0000][info][gc,heap        ] GC(706) Humongous regions: 5->5
[2024-08-27T14:57:38.486+0000][info][gc,metaspace   ] GC(706) Metaspace: 100K(320K)->100K(320K) NonClass: 96K(192K)->96K(192K) Class: 4K(128K)->4K(128K)
[2024-08-27T14:57:38.486+0000][info][gc             ] GC(706) Pause Young (Concurrent Start) (G1 Evacuation Pause) 858M->861M(1024M) 11.693ms
[2024-08-27T14:57:38.486+0000][info][gc,cpu         ] GC(706) User=0.22s Sys=0.03s Real=0.01s
[2024-08-27T14:57:38.486+0000][info][gc             ] GC(707) Concurrent Mark Cycle
[2024-08-27T14:57:38.486+0000][info][gc,marking     ] GC(707) Concurrent Clear Claimed Marks
[2024-08-27T14:57:38.486+0000][info][gc,marking     ] GC(707) Concurrent Clear Claimed Marks 0.012ms
[2024-08-27T14:57:38.486+0000][info][gc,marking     ] GC(707) Concurrent Scan Root Regions
[2024-08-27T14:57:38.488+0000][info][gc,marking     ] GC(707) Concurrent Scan Root Regions 1.632ms
[2024-08-27T14:57:38.488+0000][info][gc,marking     ] GC(707) Concurrent Mark
[2024-08-27T14:57:38.488+0000][info][gc,marking     ] GC(707) Concurrent Mark From Roots
[2024-08-27T14:57:38.488+0000][info][gc,task        ] GC(707) Using 17 workers of 17 for marking
[2024-08-27T14:57:38.514+0000][info][gc,marking     ] GC(707) Concurrent Mark From Roots 25.657ms
[2024-08-27T14:57:38.514+0000][info][gc,marking     ] GC(707) Concurrent Preclean
[2024-08-27T14:57:38.514+0000][info][gc,marking     ] GC(707) Concurrent Preclean 0.506ms
[2024-08-27T14:57:38.514+0000][info][gc,start       ] GC(707) Pause Remark
[2024-08-27T14:57:38.516+0000][info][gc             ] GC(707) Pause Remark 887M->887M(1024M) 1.190ms
[2024-08-27T14:57:38.516+0000][info][gc,cpu         ] GC(707) User=0.01s Sys=0.00s Real=0.00s
[2024-08-27T14:57:38.516+0000][info][gc,marking     ] GC(707) Concurrent Mark 27.694ms
[2024-08-27T14:57:38.516+0000][info][gc,marking     ] GC(707) Concurrent Rebuild Remembered Sets
[2024-08-27T14:57:38.533+0000][info][gc,start       ] GC(708) Pause Young (Normal) (G1 Evacuation Pause)
[2024-08-27T14:57:38.533+0000][info][gc,task        ] GC(708) Using 24 workers of 68 for evacuation
[2024-08-27T14:57:38.544+0000][info][gc,phases      ] GC(708)   Pre Evacuate Collection Set: 0.2ms
[2024-08-27T14:57:38.544+0000][info][gc,phases      ] GC(708)   Merge Heap Roots: 0.3ms
[2024-08-27T14:57:38.544+0000][info][gc,phases      ] GC(708)   Evacuate Collection Set: 9.5ms
[2024-08-27T14:57:38.544+0000][info][gc,phases      ] GC(708)   Post Evacuate Collection Set: 0.4ms
[2024-08-27T14:57:38.544+0000][info][gc,phases      ] GC(708)   Other: 0.2ms
[2024-08-27T14:57:38.544+0000][info][gc,heap        ] GC(708) Eden regions: 44->0(44)
[2024-08-27T14:57:38.544+0000][info][gc,heap        ] GC(708) Survivor regions: 7->7(7)
[2024-08-27T14:57:38.544+0000][info][gc,heap        ] GC(708) Old regions: 849->895
[2024-08-27T14:57:38.544+0000][info][gc,heap        ] GC(708) Archive regions: 2->2
[2024-08-27T14:57:38.544+0000][info][gc,heap        ] GC(708) Humongous regions: 5->5
[2024-08-27T14:57:38.544+0000][info][gc,metaspace   ] GC(708) Metaspace: 100K(320K)->100K(320K) NonClass: 96K(192K)->96K(192K) Class: 4K(128K)->4K(128K)
[2024-08-27T14:57:38.544+0000][info][gc             ] GC(708) Pause Young (Normal) (G1 Evacuation Pause) 905M->907M(1024M) 10.616ms
[2024-08-27T14:57:38.544+0000][info][gc,cpu         ] GC(708) User=0.24s Sys=0.00s Real=0.01s
[2024-08-27T14:57:38.582+0000][info][gc,start       ] GC(709) Pause Young (Normal) (G1 Evacuation Pause)
[2024-08-27T14:57:38.582+0000][info][gc,task        ] GC(709) Using 24 workers of 68 for evacuation
[2024-08-27T14:57:38.596+0000][info][gc,phases      ] GC(709)   Pre Evacuate Collection Set: 0.2ms
[2024-08-27T14:57:38.597+0000][info][gc,phases      ] GC(709)   Merge Heap Roots: 0.3ms
[2024-08-27T14:57:38.597+0000][info][gc,phases      ] GC(709)   Evacuate Collection Set: 13.3ms
[2024-08-27T14:57:38.597+0000][info][gc,phases      ] GC(709)   Post Evacuate Collection Set: 0.5ms
[2024-08-27T14:57:38.597+0000][info][gc,phases      ] GC(709)   Other: 0.2ms
[2024-08-27T14:57:38.597+0000][info][gc,heap        ] GC(709) Eden regions: 44->0(44)
[2024-08-27T14:57:38.597+0000][info][gc,heap        ] GC(709) Survivor regions: 7->7(7)
[2024-08-27T14:57:38.597+0000][info][gc,heap        ] GC(709) Old regions: 895->942
[2024-08-27T14:57:38.597+0000][info][gc,heap        ] GC(709) Archive regions: 2->2
[2024-08-27T14:57:38.597+0000][info][gc,heap        ] GC(709) Humongous regions: 5->5
[2024-08-27T14:57:38.597+0000][info][gc,metaspace   ] GC(709) Metaspace: 100K(320K)->100K(320K) NonClass: 96K(192K)->96K(192K) Class: 4K(128K)->4K(128K)
[2024-08-27T14:57:38.597+0000][info][gc             ] GC(709) Pause Young (Normal) (G1 Evacuation Pause) 951M->954M(1024M) 14.610ms
[2024-08-27T14:57:38.597+0000][info][gc,cpu         ] GC(709) User=0.33s Sys=0.00s Real=0.01s
[2024-08-27T14:57:38.606+0000][info][gc,marking     ] GC(707) Concurrent Rebuild Remembered Sets 90.294ms
[2024-08-27T14:57:38.606+0000][info][gc,start       ] GC(707) Pause Cleanup
[2024-08-27T14:57:38.607+0000][info][gc             ] GC(707) Pause Cleanup 964M->964M(1024M) 1.277ms
[2024-08-27T14:57:38.607+0000][info][gc,cpu         ] GC(707) User=0.00s Sys=0.00s Real=0.00s
[2024-08-27T14:57:38.607+0000][info][gc,marking     ] GC(707) Concurrent Cleanup for Next Mark
[2024-08-27T14:57:38.608+0000][info][gc,marking     ] GC(707) Concurrent Cleanup for Next Mark 0.731ms
[2024-08-27T14:57:38.608+0000][info][gc             ] GC(707) Concurrent Mark Cycle 122.053ms
[2024-08-27T14:57:38.620+0000][info][gc,start       ] GC(710) Pause Young (Prepare Mixed) (G1 Preventive Collection)
[2024-08-27T14:57:38.620+0000][info][gc,task        ] GC(710) Using 24 workers of 68 for evacuation
[2024-08-27T14:57:38.634+0000][info][gc,phases      ] GC(710)   Pre Evacuate Collection Set: 0.1ms
[2024-08-27T14:57:38.634+0000][info][gc,phases      ] GC(710)   Merge Heap Roots: 0.5ms
[2024-08-27T14:57:38.634+0000][info][gc,phases      ] GC(710)   Evacuate Collection Set: 13.2ms
[2024-08-27T14:57:38.634+0000][info][gc,phases      ] GC(710)   Post Evacuate Collection Set: 0.3ms
[2024-08-27T14:57:38.634+0000][info][gc,phases      ] GC(710)   Other: 0.2ms
[2024-08-27T14:57:38.634+0000][info][gc,heap        ] GC(710) Eden regions: 29->0(44)
[2024-08-27T14:57:38.634+0000][info][gc,heap        ] GC(710) Survivor regions: 7->7(7)
[2024-08-27T14:57:38.634+0000][info][gc,heap        ] GC(710) Old regions: 942->974
[2024-08-27T14:57:38.634+0000][info][gc,heap        ] GC(710) Archive regions: 2->2
[2024-08-27T14:57:38.634+0000][info][gc,heap        ] GC(710) Humongous regions: 5->5
[2024-08-27T14:57:38.634+0000][info][gc,metaspace   ] GC(710) Metaspace: 100K(320K)->100K(320K) NonClass: 96K(192K)->96K(192K) Class: 4K(128K)->4K(128K)
[2024-08-27T14:57:38.634+0000][info][gc             ] GC(710) Pause Young (Prepare Mixed) (G1 Preventive Collection) 983M->986M(1024M) 14.426ms
[2024-08-27T14:57:38.634+0000][info][gc,cpu         ] GC(710) User=0.33s Sys=0.00s Real=0.01s
[2024-08-27T14:57:38.642+0000][info][gc,start       ] GC(711) Pause Young (Mixed) (G1 Preventive Collection)
[2024-08-27T14:57:38.642+0000][info][gc,task        ] GC(711) Using 24 workers of 68 for evacuation
[2024-08-27T14:57:38.648+0000][info][gc,phases      ] GC(711)   Pre Evacuate Collection Set: 0.2ms
[2024-08-27T14:57:38.648+0000][info][gc,phases      ] GC(711)   Merge Heap Roots: 0.2ms
[2024-08-27T14:57:38.648+0000][info][gc,phases      ] GC(711)   Evacuate Collection Set: 4.9ms
[2024-08-27T14:57:38.648+0000][info][gc,phases      ] GC(711)   Post Evacuate Collection Set: 0.3ms
[2024-08-27T14:57:38.648+0000][info][gc,phases      ] GC(711)   Other: 0.1ms
[2024-08-27T14:57:38.648+0000][info][gc,heap        ] GC(711) Eden regions: 13->0(44)
[2024-08-27T14:57:38.648+0000][info][gc,heap        ] GC(711) Survivor regions: 7->7(7)
[2024-08-27T14:57:38.648+0000][info][gc,heap        ] GC(711) Old regions: 974->887
[2024-08-27T14:57:38.648+0000][info][gc,heap        ] GC(711) Archive regions: 2->2
[2024-08-27T14:57:38.648+0000][info][gc,heap        ] GC(711) Humongous regions: 5->5
[2024-08-27T14:57:38.648+0000][info][gc,metaspace   ] GC(711) Metaspace: 100K(320K)->100K(320K) NonClass: 96K(192K)->96K(192K) Class: 4K(128K)->4K(128K)
[2024-08-27T14:57:38.648+0000][info][gc             ] GC(711) Pause Young (Mixed) (G1 Preventive Collection) 999M->899M(1024M) 5.832ms
[2024-08-27T14:57:38.648+0000][info][gc,cpu         ] GC(711) User=0.12s Sys=0.00s Real=0.00s
[2024-08-27T14:57:38.672+0000][info][gc,start       ] GC(712) Pause Young (Mixed) (G1 Evacuation Pause)
[2024-08-27T14:57:38.672+0000][info][gc,task        ] GC(712) Using 24 workers of 68 for evacuation
[2024-08-27T14:57:38.683+0000][info][gc,phases      ] GC(712)   Pre Evacuate Collection Set: 0.2ms
[2024-08-27T14:57:38.683+0000][info][gc,phases      ] GC(712)   Merge Heap Roots: 0.4ms
[2024-08-27T14:57:38.683+0000][info][gc,phases      ] GC(712)   Evacuate Collection Set: 10.1ms
[2024-08-27T14:57:38.683+0000][info][gc,phases      ] GC(712)   Post Evacuate Collection Set: 0.4ms
[2024-08-27T14:57:38.683+0000][info][gc,phases      ] GC(712)   Other: 0.2ms
[2024-08-27T14:57:38.683+0000][info][gc,heap        ] GC(712) Eden regions: 44->0(44)
[2024-08-27T14:57:38.683+0000][info][gc,heap        ] GC(712) Survivor regions: 7->7(7)
[2024-08-27T14:57:38.683+0000][info][gc,heap        ] GC(712) Old regions: 887->828
[2024-08-27T14:57:38.683+0000][info][gc,heap        ] GC(712) Archive regions: 2->2
[2024-08-27T14:57:38.683+0000][info][gc,heap        ] GC(712) Humongous regions: 5->5
[2024-08-27T14:57:38.683+0000][info][gc,metaspace   ] GC(712) Metaspace: 100K(320K)->100K(320K) NonClass: 96K(192K)->96K(192K) Class: 4K(128K)->4K(128K)
[2024-08-27T14:57:38.683+0000][info][gc             ] GC(712) Pause Young (Mixed) (G1 Evacuation Pause) 943M->840M(1024M) 11.471ms
[2024-08-27T14:57:38.683+0000][info][gc,cpu         ] GC(712) User=0.25s Sys=0.01s Real=0.01s
[2024-08-27T14:57:38.706+0000][info][gc,start       ] GC(713) Pause Young (Mixed) (G1 Evacuation Pause)
[2024-08-27T14:57:38.706+0000][info][gc,task        ] GC(713) Using 24 workers of 68 for evacuation
[2024-08-27T14:57:38.717+0000][info][gc,phases      ] GC(713)   Pre Evacuate Collection Set: 0.2ms
[2024-08-27T14:57:38.718+0000][info][gc,phases      ] GC(713)   Merge Heap Roots: 0.3ms
[2024-08-27T14:57:38.718+0000][info][gc,phases      ] GC(713)   Evacuate Collection Set: 10.6ms
[2024-08-27T14:57:38.718+0000][info][gc,phases      ] GC(713)   Post Evacuate Collection Set: 0.4ms
[2024-08-27T14:57:38.718+0000][info][gc,phases      ] GC(713)   Other: 0.2ms
[2024-08-27T14:57:38.718+0000][info][gc,heap        ] GC(713) Eden regions: 44->0(44)
[2024-08-27T14:57:38.718+0000][info][gc,heap        ] GC(713) Survivor regions: 7->7(7)
[2024-08-27T14:57:38.718+0000][info][gc,heap        ] GC(713) Old regions: 828->772
[2024-08-27T14:57:38.718+0000][info][gc,heap        ] GC(713) Archive regions: 2->2
[2024-08-27T14:57:38.718+0000][info][gc,heap        ] GC(713) Humongous regions: 5->5
[2024-08-27T14:57:38.718+0000][info][gc,metaspace   ] GC(713) Metaspace: 100K(320K)->100K(320K) NonClass: 96K(192K)->96K(192K) Class: 4K(128K)->4K(128K)
[2024-08-27T14:57:38.718+0000][info][gc             ] GC(713) Pause Young (Mixed) (G1 Evacuation Pause) 884M->784M(1024M) 11.790ms
[2024-08-27T14:57:38.718+0000][info][gc,cpu         ] GC(713) User=0.25s Sys=0.02s Real=0.02s
[2024-08-27T14:57:38.740+0000][info][gc,start       ] GC(714) Pause Young (Mixed) (G1 Evacuation Pause)
[2024-08-27T14:57:38.740+0000][info][gc,task        ] GC(714) Using 24 workers of 68 for evacuation
[2024-08-27T14:57:38.751+0000][info][gc,phases      ] GC(714)   Pre Evacuate Collection Set: 0.2ms
[2024-08-27T14:57:38.751+0000][info][gc,phases      ] GC(714)   Merge Heap Roots: 0.3ms
[2024-08-27T14:57:38.751+0000][info][gc,phases      ] GC(714)   Evacuate Collection Set: 10.0ms
[2024-08-27T14:57:38.751+0000][info][gc,phases      ] GC(714)   Post Evacuate Collection Set: 0.4ms
[2024-08-27T14:57:38.751+0000][info][gc,phases      ] GC(714)   Other: 0.2ms
[2024-08-27T14:57:38.751+0000][info][gc,heap        ] GC(714) Eden regions: 44->0(44)
[2024-08-27T14:57:38.751+0000][info][gc,heap        ] GC(714) Survivor regions: 7->7(7)
[2024-08-27T14:57:38.751+0000][info][gc,heap        ] GC(714) Old regions: 772->781
[2024-08-27T14:57:38.751+0000][info][gc,heap        ] GC(714) Archive regions: 2->2
[2024-08-27T14:57:38.751+0000][info][gc,heap        ] GC(714) Humongous regions: 5->5
[2024-08-27T14:57:38.751+0000][info][gc,metaspace   ] GC(714) Metaspace: 100K(320K)->100K(320K) NonClass: 96K(192K)->96K(192K) Class: 4K(128K)->4K(128K)
[2024-08-27T14:57:38.751+0000][info][gc             ] GC(714) Pause Young (Mixed) (G1 Evacuation Pause) 828M->793M(1024M) 11.276ms
[2024-08-27T14:57:38.751+0000][info][gc,cpu         ] GC(714) User=0.25s Sys=0.00s Real=0.01s
[2024-08-27T14:57:38.773+0000][info][gc,start       ] GC(715) Pause Young (Concurrent Start) (G1 Evacuation Pause)
[2024-08-27T14:57:38.773+0000][info][gc,task        ] GC(715) Using 24 workers of 68 for evacuation
[2024-08-27T14:57:38.784+0000][info][gc,phases      ] GC(715)   Pre Evacuate Collection Set: 0.2ms
[2024-08-27T14:57:38.784+0000][info][gc,phases      ] GC(715)   Merge Heap Roots: 0.4ms
[2024-08-27T14:57:38.784+0000][info][gc,phases      ] GC(715)   Evacuate Collection Set: 9.8ms
[2024-08-27T14:57:38.784+0000][info][gc,phases      ] GC(715)   Post Evacuate Collection Set: 0.3ms
[2024-08-27T14:57:38.784+0000][info][gc,phases      ] GC(715)   Other: 0.6ms
[2024-08-27T14:57:38.785+0000][info][gc,heap        ] GC(715) Eden regions: 44->0(44)
[2024-08-27T14:57:38.785+0000][info][gc,heap        ] GC(715) Survivor regions: 7->7(7)
[2024-08-27T14:57:38.785+0000][info][gc,heap        ] GC(715) Old regions: 781->828
[2024-08-27T14:57:38.785+0000][info][gc,heap        ] GC(715) Archive regions: 2->2
[2024-08-27T14:57:38.785+0000][info][gc,heap        ] GC(715) Humongous regions: 5->5
[2024-08-27T14:57:38.785+0000][info][gc,metaspace   ] GC(715) Metaspace: 100K(320K)->100K(320K) NonClass: 96K(192K)->96K(192K) Class: 4K(128K)->4K(128K)
[2024-08-27T14:57:38.785+0000][info][gc             ] GC(715) Pause Young (Concurrent Start) (G1 Evacuation Pause) 837M->840M(1024M) 11.365ms
[2024-08-27T14:57:38.785+0000][info][gc,cpu         ] GC(715) User=0.24s Sys=0.01s Real=0.01s
[2024-08-27T14:57:38.785+0000][info][gc             ] GC(716) Concurrent Mark Cycle
[2024-08-27T14:57:38.785+0000][info][gc,marking     ] GC(716) Concurrent Clear Claimed Marks
[2024-08-27T14:57:38.785+0000][info][gc,marking     ] GC(716) Concurrent Clear Claimed Marks 0.012ms
[2024-08-27T14:57:38.785+0000][info][gc,marking     ] GC(716) Concurrent Scan Root Regions
[2024-08-27T14:57:38.786+0000][info][gc,marking     ] GC(716) Concurrent Scan Root Regions 1.534ms
[2024-08-27T14:57:38.786+0000][info][gc,marking     ] GC(716) Concurrent Mark
[2024-08-27T14:57:38.786+0000][info][gc,marking     ] GC(716) Concurrent Mark From Roots
[2024-08-27T14:57:38.786+0000][info][gc,task        ] GC(716) Using 17 workers of 17 for marking
[2024-08-27T14:57:38.811+0000][info][gc,marking     ] GC(716) Concurrent Mark From Roots 24.579ms
[2024-08-27T14:57:38.811+0000][info][gc,marking     ] GC(716) Concurrent Preclean
[2024-08-27T14:57:38.811+0000][info][gc,marking     ] GC(716) Concurrent Preclean 0.503ms
[2024-08-27T14:57:38.812+0000][info][gc,start       ] GC(716) Pause Remark
[2024-08-27T14:57:38.813+0000][info][gc             ] GC(716) Pause Remark 867M->867M(1024M) 1.314ms
[2024-08-27T14:57:38.813+0000][info][gc,cpu         ] GC(716) User=0.00s Sys=0.00s Real=0.00s
[2024-08-27T14:57:38.813+0000][info][gc,marking     ] GC(716) Concurrent Mark 26.738ms
[2024-08-27T14:57:38.813+0000][info][gc,marking     ] GC(716) Concurrent Rebuild Remembered Sets
[2024-08-27T14:57:38.829+0000][info][gc,start       ] GC(717) Pause Young (Normal) (G1 Evacuation Pause)
[2024-08-27T14:57:38.829+0000][info][gc,task        ] GC(717) Using 24 workers of 68 for evacuation
[2024-08-27T14:57:38.840+0000][info][gc,phases      ] GC(717)   Pre Evacuate Collection Set: 0.1ms
[2024-08-27T14:57:38.840+0000][info][gc,phases      ] GC(717)   Merge Heap Roots: 0.2ms
[2024-08-27T14:57:38.840+0000][info][gc,phases      ] GC(717)   Evacuate Collection Set: 9.6ms
[2024-08-27T14:57:38.840+0000][info][gc,phases      ] GC(717)   Post Evacuate Collection Set: 0.4ms
[2024-08-27T14:57:38.840+0000][info][gc,phases      ] GC(717)   Other: 0.2ms
[2024-08-27T14:57:38.840+0000][info][gc,heap        ] GC(717) Eden regions: 44->0(44)
[2024-08-27T14:57:38.840+0000][info][gc,heap        ] GC(717) Survivor regions: 7->7(7)
[2024-08-27T14:57:38.840+0000][info][gc,heap        ] GC(717) Old regions: 828->875
[2024-08-27T14:57:38.840+0000][info][gc,heap        ] GC(717) Archive regions: 2->2
[2024-08-27T14:57:38.840+0000][info][gc,heap        ] GC(717) Humongous regions: 5->5
[2024-08-27T14:57:38.840+0000][info][gc,metaspace   ] GC(717) Metaspace: 100K(320K)->100K(320K) NonClass: 96K(192K)->96K(192K) Class: 4K(128K)->4K(128K)
[2024-08-27T14:57:38.840+0000][info][gc             ] GC(717) Pause Young (Normal) (G1 Evacuation Pause) 884M->887M(1024M) 10.642ms
[2024-08-27T14:57:38.840+0000][info][gc,cpu         ] GC(717) User=0.23s Sys=0.00s Real=0.02s
[2024-08-27T14:57:38.880+0000][info][gc,start       ] GC(718) Pause Young (Normal) (G1 Evacuation Pause)
[2024-08-27T14:57:38.880+0000][info][gc,task        ] GC(718) Using 24 workers of 68 for evacuation
[2024-08-27T14:57:38.895+0000][info][gc,phases      ] GC(718)   Pre Evacuate Collection Set: 0.1ms
[2024-08-27T14:57:38.895+0000][info][gc,phases      ] GC(718)   Merge Heap Roots: 0.4ms
[2024-08-27T14:57:38.895+0000][info][gc,phases      ] GC(718)   Evacuate Collection Set: 13.9ms
[2024-08-27T14:57:38.895+0000][info][gc,phases      ] GC(718)   Post Evacuate Collection Set: 0.5ms
[2024-08-27T14:57:38.895+0000][info][gc,phases      ] GC(718)   Other: 0.2ms
[2024-08-27T14:57:38.895+0000][info][gc,heap        ] GC(718) Eden regions: 44->0(44)
[2024-08-27T14:57:38.895+0000][info][gc,heap        ] GC(718) Survivor regions: 7->7(7)
[2024-08-27T14:57:38.895+0000][info][gc,heap        ] GC(718) Old regions: 875->922
[2024-08-27T14:57:38.895+0000][info][gc,heap        ] GC(718) Archive regions: 2->2
[2024-08-27T14:57:38.895+0000][info][gc,heap        ] GC(718) Humongous regions: 5->5
[2024-08-27T14:57:38.895+0000][info][gc,metaspace   ] GC(718) Metaspace: 100K(320K)->100K(320K) NonClass: 96K(192K)->96K(192K) Class: 4K(128K)->4K(128K)
[2024-08-27T14:57:38.895+0000][info][gc             ] GC(718) Pause Young (Normal) (G1 Evacuation Pause) 931M->934M(1024M) 15.316ms
[2024-08-27T14:57:38.895+0000][info][gc,cpu         ] GC(718) User=0.35s Sys=0.00s Real=0.01s
[2024-08-27T14:57:38.906+0000][info][gc,marking     ] GC(716) Concurrent Rebuild Remembered Sets 93.398ms
[2024-08-27T14:57:38.907+0000][info][gc,start       ] GC(716) Pause Cleanup
[2024-08-27T14:57:38.908+0000][info][gc             ] GC(716) Pause Cleanup 949M->949M(1024M) 1.267ms
[2024-08-27T14:57:38.908+0000][info][gc,cpu         ] GC(716) User=0.01s Sys=0.00s Real=0.00s
[2024-08-27T14:57:38.908+0000][info][gc,marking     ] GC(716) Concurrent Cleanup for Next Mark
[2024-08-27T14:57:38.909+0000][info][gc,marking     ] GC(716) Concurrent Cleanup for Next Mark 0.828ms
[2024-08-27T14:57:38.909+0000][info][gc             ] GC(716) Concurrent Mark Cycle 124.193ms
[2024-08-27T14:57:38.923+0000][info][gc,start       ] GC(719) Pause Young (Prepare Mixed) (G1 Preventive Collection)
[2024-08-27T14:57:38.923+0000][info][gc,task        ] GC(719) Using 24 workers of 68 for evacuation
[2024-08-27T14:57:38.939+0000][info][gc,phases      ] GC(719)   Pre Evacuate Collection Set: 0.2ms
[2024-08-27T14:57:38.939+0000][info][gc,phases      ] GC(719)   Merge Heap Roots: 0.4ms
[2024-08-27T14:57:38.939+0000][info][gc,phases      ] GC(719)   Evacuate Collection Set: 15.5ms
[2024-08-27T14:57:38.939+0000][info][gc,phases      ] GC(719)   Post Evacuate Collection Set: 0.3ms
[2024-08-27T14:57:38.939+0000][info][gc,phases      ] GC(719)   Other: 0.2ms
[2024-08-27T14:57:38.939+0000][info][gc,heap        ] GC(719) Eden regions: 38->0(44)
[2024-08-27T14:57:38.939+0000][info][gc,heap        ] GC(719) Survivor regions: 7->7(7)
[2024-08-27T14:57:38.939+0000][info][gc,heap        ] GC(719) Old regions: 922->963
[2024-08-27T14:57:38.939+0000][info][gc,heap        ] GC(719) Archive regions: 2->2
[2024-08-27T14:57:38.939+0000][info][gc,heap        ] GC(719) Humongous regions: 5->5
[2024-08-27T14:57:38.939+0000][info][gc,metaspace   ] GC(719) Metaspace: 100K(320K)->100K(320K) NonClass: 96K(192K)->96K(192K) Class: 4K(128K)->4K(128K)
[2024-08-27T14:57:38.940+0000][info][gc             ] GC(719) Pause Young (Prepare Mixed) (G1 Preventive Collection) 972M->975M(1024M) 16.624ms
[2024-08-27T14:57:38.940+0000][info][gc,cpu         ] GC(719) User=0.38s Sys=0.00s Real=0.02s
[2024-08-27T14:57:38.951+0000][info][gc,start       ] GC(720) Pause Young (Mixed) (G1 Preventive Collection)
[2024-08-27T14:57:38.951+0000][info][gc,task        ] GC(720) Using 24 workers of 68 for evacuation
[2024-08-27T14:57:38.958+0000][info][gc,phases      ] GC(720)   Pre Evacuate Collection Set: 0.2ms
[2024-08-27T14:57:38.958+0000][info][gc,phases      ] GC(720)   Merge Heap Roots: 0.3ms
[2024-08-27T14:57:38.958+0000][info][gc,phases      ] GC(720)   Evacuate Collection Set: 6.4ms
[2024-08-27T14:57:38.958+0000][info][gc,phases      ] GC(720)   Post Evacuate Collection Set: 0.4ms
[2024-08-27T14:57:38.958+0000][info][gc,phases      ] GC(720)   Other: 0.2ms
[2024-08-27T14:57:38.958+0000][info][gc,heap        ] GC(720) Eden regions: 18->0(44)
[2024-08-27T14:57:38.958+0000][info][gc,heap        ] GC(720) Survivor regions: 7->7(7)
[2024-08-27T14:57:38.958+0000][info][gc,heap        ] GC(720) Old regions: 963->881
[2024-08-27T14:57:38.958+0000][info][gc,heap        ] GC(720) Archive regions: 2->2
[2024-08-27T14:57:38.958+0000][info][gc,heap        ] GC(720) Humongous regions: 5->5
[2024-08-27T14:57:38.958+0000][info][gc,metaspace   ] GC(720) Metaspace: 100K(320K)->100K(320K) NonClass: 96K(192K)->96K(192K) Class: 4K(128K)->4K(128K)
[2024-08-27T14:57:38.958+0000][info][gc             ] GC(720) Pause Young (Mixed) (G1 Preventive Collection) 993M->893M(1024M) 7.481ms
[2024-08-27T14:57:38.958+0000][info][gc,cpu         ] GC(720) User=0.16s Sys=0.00s Real=0.01s
[2024-08-27T14:57:38.982+0000][info][gc,start       ] GC(721) Pause Young (Mixed) (G1 Evacuation Pause)
[2024-08-27T14:57:38.982+0000][info][gc,task        ] GC(721) Using 24 workers of 68 for evacuation
[2024-08-27T14:57:38.993+0000][info][gc,phases      ] GC(721)   Pre Evacuate Collection Set: 0.2ms
[2024-08-27T14:57:38.993+0000][info][gc,phases      ] GC(721)   Merge Heap Roots: 0.3ms
[2024-08-27T14:57:38.993+0000][info][gc,phases      ] GC(721)   Evacuate Collection Set: 10.2ms
[2024-08-27T14:57:38.993+0000][info][gc,phases      ] GC(721)   Post Evacuate Collection Set: 0.4ms
[2024-08-27T14:57:38.993+0000][info][gc,phases      ] GC(721)   Other: 0.2ms
[2024-08-27T14:57:38.993+0000][info][gc,heap        ] GC(721) Eden regions: 44->0(44)
[2024-08-27T14:57:38.993+0000][info][gc,heap        ] GC(721) Survivor regions: 7->7(7)
[2024-08-27T14:57:38.993+0000][info][gc,heap        ] GC(721) Old regions: 881->823
[2024-08-27T14:57:38.993+0000][info][gc,heap        ] GC(721) Archive regions: 2->2
[2024-08-27T14:57:38.993+0000][info][gc,heap        ] GC(721) Humongous regions: 5->5
[2024-08-27T14:57:38.993+0000][info][gc,metaspace   ] GC(721) Metaspace: 100K(320K)->100K(320K) NonClass: 96K(192K)->96K(192K) Class: 4K(128K)->4K(128K)
[2024-08-27T14:57:38.993+0000][info][gc             ] GC(721) Pause Young (Mixed) (G1 Evacuation Pause) 937M->835M(1024M) 11.380ms
[2024-08-27T14:57:38.993+0000][info][gc,cpu         ] GC(721) User=0.25s Sys=0.00s Real=0.01s
[2024-08-27T14:57:39.016+0000][info][gc,start       ] GC(722) Pause Young (Mixed) (G1 Evacuation Pause)
[2024-08-27T14:57:39.016+0000][info][gc,task        ] GC(722) Using 24 workers of 68 for evacuation
[2024-08-27T14:57:39.027+0000][info][gc,phases      ] GC(722)   Pre Evacuate Collection Set: 0.2ms
[2024-08-27T14:57:39.027+0000][info][gc,phases      ] GC(722)   Merge Heap Roots: 0.3ms
[2024-08-27T14:57:39.027+0000][info][gc,phases      ] GC(722)   Evacuate Collection Set: 10.2ms
[2024-08-27T14:57:39.027+0000][info][gc,phases      ] GC(722)   Post Evacuate Collection Set: 0.4ms
[2024-08-27T14:57:39.027+0000][info][gc,phases      ] GC(722)   Other: 0.2ms
[2024-08-27T14:57:39.027+0000][info][gc,heap        ] GC(722) Eden regions: 44->0(44)
[2024-08-27T14:57:39.027+0000][info][gc,heap        ] GC(722) Survivor regions: 7->7(7)
[2024-08-27T14:57:39.027+0000][info][gc,heap        ] GC(722) Old regions: 823->767
[2024-08-27T14:57:39.027+0000][info][gc,heap        ] GC(722) Archive regions: 2->2
[2024-08-27T14:57:39.027+0000][info][gc,heap        ] GC(722) Humongous regions: 5->5
[2024-08-27T14:57:39.027+0000][info][gc,metaspace   ] GC(722) Metaspace: 100K(320K)->100K(320K) NonClass: 96K(192K)->96K(192K) Class: 4K(128K)->4K(128K)
[2024-08-27T14:57:39.027+0000][info][gc             ] GC(722) Pause Young (Mixed) (G1 Evacuation Pause) 879M->779M(1024M) 11.441ms
[2024-08-27T14:57:39.027+0000][info][gc,cpu         ] GC(722) User=0.25s Sys=0.00s Real=0.01s
[2024-08-27T14:57:39.049+0000][info][gc,start       ] GC(723) Pause Young (Mixed) (G1 Evacuation Pause)
[2024-08-27T14:57:39.050+0000][info][gc,task        ] GC(723) Using 24 workers of 68 for evacuation
[2024-08-27T14:57:39.061+0000][info][gc,phases      ] GC(723)   Pre Evacuate Collection Set: 0.2ms
[2024-08-27T14:57:39.061+0000][info][gc,phases      ] GC(723)   Merge Heap Roots: 0.3ms
[2024-08-27T14:57:39.061+0000][info][gc,phases      ] GC(723)   Evacuate Collection Set: 10.2ms
[2024-08-27T14:57:39.061+0000][info][gc,phases      ] GC(723)   Post Evacuate Collection Set: 0.3ms
[2024-08-27T14:57:39.061+0000][info][gc,phases      ] GC(723)   Other: 0.2ms
[2024-08-27T14:57:39.061+0000][info][gc,heap        ] GC(723) Eden regions: 44->0(44)
[2024-08-27T14:57:39.061+0000][info][gc,heap        ] GC(723) Survivor regions: 7->7(7)
[2024-08-27T14:57:39.061+0000][info][gc,heap        ] GC(723) Old regions: 767->795
[2024-08-27T14:57:39.061+0000][info][gc,heap        ] GC(723) Archive regions: 2->2
[2024-08-27T14:57:39.061+0000][info][gc,heap        ] GC(723) Humongous regions: 5->5
[2024-08-27T14:57:39.061+0000][info][gc,metaspace   ] GC(723) Metaspace: 100K(320K)->100K(320K) NonClass: 96K(192K)->96K(192K) Class: 4K(128K)->4K(128K)
[2024-08-27T14:57:39.061+0000][info][gc             ] GC(723) Pause Young (Mixed) (G1 Evacuation Pause) 823M->807M(1024M) 11.356ms
[2024-08-27T14:57:39.061+0000][info][gc,cpu         ] GC(723) User=0.21s Sys=0.04s Real=0.02s
[2024-08-27T14:57:39.084+0000][info][gc,start       ] GC(724) Pause Young (Concurrent Start) (G1 Evacuation Pause)
[2024-08-27T14:57:39.084+0000][info][gc,task        ] GC(724) Using 24 workers of 68 for evacuation
[2024-08-27T14:57:39.095+0000][info][gc,phases      ] GC(724)   Pre Evacuate Collection Set: 0.2ms
[2024-08-27T14:57:39.095+0000][info][gc,phases      ] GC(724)   Merge Heap Roots: 0.3ms
[2024-08-27T14:57:39.095+0000][info][gc,phases      ] GC(724)   Evacuate Collection Set: 10.3ms
[2024-08-27T14:57:39.095+0000][info][gc,phases      ] GC(724)   Post Evacuate Collection Set: 0.4ms
[2024-08-27T14:57:39.096+0000][info][gc,phases      ] GC(724)   Other: 0.7ms
[2024-08-27T14:57:39.096+0000][info][gc,heap        ] GC(724) Eden regions: 44->0(44)
[2024-08-27T14:57:39.096+0000][info][gc,heap        ] GC(724) Survivor regions: 7->7(7)
[2024-08-27T14:57:39.096+0000][info][gc,heap        ] GC(724) Old regions: 795->842
[2024-08-27T14:57:39.096+0000][info][gc,heap        ] GC(724) Archive regions: 2->2
[2024-08-27T14:57:39.096+0000][info][gc,heap        ] GC(724) Humongous regions: 5->5
[2024-08-27T14:57:39.096+0000][info][gc,metaspace   ] GC(724) Metaspace: 100K(320K)->100K(320K) NonClass: 96K(192K)->96K(192K) Class: 4K(128K)->4K(128K)
[2024-08-27T14:57:39.096+0000][info][gc             ] GC(724) Pause Young (Concurrent Start) (G1 Evacuation Pause) 851M->854M(1024M) 11.999ms
[2024-08-27T14:57:39.096+0000][info][gc,cpu         ] GC(724) User=0.26s Sys=0.00s Real=0.01s
[2024-08-27T14:57:39.096+0000][info][gc             ] GC(725) Concurrent Mark Cycle
[2024-08-27T14:57:39.096+0000][info][gc,marking     ] GC(725) Concurrent Clear Claimed Marks
[2024-08-27T14:57:39.096+0000][info][gc,marking     ] GC(725) Concurrent Clear Claimed Marks 0.011ms
[2024-08-27T14:57:39.096+0000][info][gc,marking     ] GC(725) Concurrent Scan Root Regions
[2024-08-27T14:57:39.097+0000][info][gc,marking     ] GC(725) Concurrent Scan Root Regions 1.645ms
[2024-08-27T14:57:39.097+0000][info][gc,marking     ] GC(725) Concurrent Mark
[2024-08-27T14:57:39.097+0000][info][gc,marking     ] GC(725) Concurrent Mark From Roots
[2024-08-27T14:57:39.097+0000][info][gc,task        ] GC(725) Using 17 workers of 17 for marking
[2024-08-27T14:57:39.121+0000][info][gc,marking     ] GC(725) Concurrent Mark From Roots 24.034ms
[2024-08-27T14:57:39.122+0000][info][gc,marking     ] GC(725) Concurrent Preclean
[2024-08-27T14:57:39.122+0000][info][gc,marking     ] GC(725) Concurrent Preclean 0.756ms
[2024-08-27T14:57:39.122+0000][info][gc,start       ] GC(725) Pause Remark
[2024-08-27T14:57:39.124+0000][info][gc             ] GC(725) Pause Remark 888M->888M(1024M) 1.199ms
[2024-08-27T14:57:39.124+0000][info][gc,cpu         ] GC(725) User=0.01s Sys=0.00s Real=0.00s
[2024-08-27T14:57:39.124+0000][info][gc,marking     ] GC(725) Concurrent Mark 26.360ms
[2024-08-27T14:57:39.124+0000][info][gc,marking     ] GC(725) Concurrent Rebuild Remembered Sets
[2024-08-27T14:57:39.130+0000][info][gc,start       ] GC(726) Pause Young (Normal) (G1 Evacuation Pause)
[2024-08-27T14:57:39.130+0000][info][gc,task        ] GC(726) Using 24 workers of 68 for evacuation
[2024-08-27T14:57:39.141+0000][info][gc,phases      ] GC(726)   Pre Evacuate Collection Set: 0.2ms
[2024-08-27T14:57:39.141+0000][info][gc,phases      ] GC(726)   Merge Heap Roots: 0.4ms
[2024-08-27T14:57:39.141+0000][info][gc,phases      ] GC(726)   Evacuate Collection Set: 9.8ms
[2024-08-27T14:57:39.141+0000][info][gc,phases      ] GC(726)   Post Evacuate Collection Set: 0.4ms
[2024-08-27T14:57:39.141+0000][info][gc,phases      ] GC(726)   Other: 0.2ms
[2024-08-27T14:57:39.141+0000][info][gc,heap        ] GC(726) Eden regions: 44->0(44)
[2024-08-27T14:57:39.141+0000][info][gc,heap        ] GC(726) Survivor regions: 7->7(7)
[2024-08-27T14:57:39.141+0000][info][gc,heap        ] GC(726) Old regions: 842->887
[2024-08-27T14:57:39.141+0000][info][gc,heap        ] GC(726) Archive regions: 2->2
[2024-08-27T14:57:39.141+0000][info][gc,heap        ] GC(726) Humongous regions: 5->5
[2024-08-27T14:57:39.141+0000][info][gc,metaspace   ] GC(726) Metaspace: 100K(320K)->100K(320K) NonClass: 96K(192K)->96K(192K) Class: 4K(128K)->4K(128K)
[2024-08-27T14:57:39.141+0000][info][gc             ] GC(726) Pause Young (Normal) (G1 Evacuation Pause) 898M->899M(1024M) 10.947ms
[2024-08-27T14:57:39.141+0000][info][gc,cpu         ] GC(726) User=0.25s Sys=0.00s Real=0.01s
[2024-08-27T14:57:39.167+0000][info][gc,start       ] GC(727) Pause Young (Normal) (G1 Evacuation Pause)
[2024-08-27T14:57:39.167+0000][info][gc,task        ] GC(727) Using 24 workers of 68 for evacuation
[2024-08-27T14:57:39.182+0000][info][gc,phases      ] GC(727)   Pre Evacuate Collection Set: 0.1ms
[2024-08-27T14:57:39.182+0000][info][gc,phases      ] GC(727)   Merge Heap Roots: 0.4ms
[2024-08-27T14:57:39.182+0000][info][gc,phases      ] GC(727)   Evacuate Collection Set: 13.6ms
[2024-08-27T14:57:39.182+0000][info][gc,phases      ] GC(727)   Post Evacuate Collection Set: 0.5ms
[2024-08-27T14:57:39.182+0000][info][gc,phases      ] GC(727)   Other: 0.2ms
[2024-08-27T14:57:39.182+0000][info][gc,heap        ] GC(727) Eden regions: 44->0(44)
[2024-08-27T14:57:39.182+0000][info][gc,heap        ] GC(727) Survivor regions: 7->7(7)
[2024-08-27T14:57:39.182+0000][info][gc,heap        ] GC(727) Old regions: 887->933
[2024-08-27T14:57:39.182+0000][info][gc,heap        ] GC(727) Archive regions: 2->2
[2024-08-27T14:57:39.182+0000][info][gc,heap        ] GC(727) Humongous regions: 5->5
[2024-08-27T14:57:39.182+0000][info][gc,metaspace   ] GC(727) Metaspace: 100K(320K)->100K(320K) NonClass: 96K(192K)->96K(192K) Class: 4K(128K)->4K(128K)
[2024-08-27T14:57:39.182+0000][info][gc             ] GC(727) Pause Young (Normal) (G1 Evacuation Pause) 943M->945M(1024M) 14.907ms
[2024-08-27T14:57:39.182+0000][info][gc,cpu         ] GC(727) User=0.34s Sys=0.00s Real=0.02s
[2024-08-27T14:57:39.202+0000][info][gc,start       ] GC(728) Pause Young (Normal) (G1 Preventive Collection)
[2024-08-27T14:57:39.202+0000][info][gc,task        ] GC(728) Using 24 workers of 68 for evacuation
[2024-08-27T14:57:39.217+0000][info][gc,phases      ] GC(728)   Pre Evacuate Collection Set: 0.1ms
[2024-08-27T14:57:39.217+0000][info][gc,phases      ] GC(728)   Merge Heap Roots: 0.5ms
[2024-08-27T14:57:39.217+0000][info][gc,phases      ] GC(728)   Evacuate Collection Set: 14.1ms
[2024-08-27T14:57:39.217+0000][info][gc,phases      ] GC(728)   Post Evacuate Collection Set: 0.6ms
[2024-08-27T14:57:39.217+0000][info][gc,phases      ] GC(728)   Other: 0.2ms
[2024-08-27T14:57:39.217+0000][info][gc,heap        ] GC(728) Eden regions: 33->0(44)
[2024-08-27T14:57:39.217+0000][info][gc,heap        ] GC(728) Survivor regions: 7->7(7)
[2024-08-27T14:57:39.217+0000][info][gc,heap        ] GC(728) Old regions: 933->968
[2024-08-27T14:57:39.217+0000][info][gc,heap        ] GC(728) Archive regions: 2->2
[2024-08-27T14:57:39.217+0000][info][gc,heap        ] GC(728) Humongous regions: 5->5
[2024-08-27T14:57:39.217+0000][info][gc,metaspace   ] GC(728) Metaspace: 100K(320K)->100K(320K) NonClass: 96K(192K)->96K(192K) Class: 4K(128K)->4K(128K)
[2024-08-27T14:57:39.217+0000][info][gc             ] GC(728) Pause Young (Normal) (G1 Preventive Collection) 978M->980M(1024M) 15.611ms
[2024-08-27T14:57:39.217+0000][info][gc,cpu         ] GC(728) User=0.36s Sys=0.01s Real=0.01s
[2024-08-27T14:57:39.228+0000][info][gc,start       ] GC(729) Pause Young (Normal) (G1 Preventive Collection)
[2024-08-27T14:57:39.228+0000][info][gc,task        ] GC(729) Using 24 workers of 68 for evacuation
[2024-08-27T14:57:39.241+0000][info][gc,phases      ] GC(729)   Pre Evacuate Collection Set: 0.1ms
[2024-08-27T14:57:39.241+0000][info][gc,phases      ] GC(729)   Merge Heap Roots: 0.5ms
[2024-08-27T14:57:39.241+0000][info][gc,phases      ] GC(729)   Evacuate Collection Set: 11.0ms
[2024-08-27T14:57:39.241+0000][info][gc,phases      ] GC(729)   Post Evacuate Collection Set: 0.6ms
[2024-08-27T14:57:39.241+0000][info][gc,phases      ] GC(729)   Other: 0.2ms
[2024-08-27T14:57:39.241+0000][info][gc,heap        ] GC(729) Eden regions: 16->0(44)
[2024-08-27T14:57:39.241+0000][info][gc,heap        ] GC(729) Survivor regions: 7->7(7)
[2024-08-27T14:57:39.241+0000][info][gc,heap        ] GC(729) Old regions: 968->987
[2024-08-27T14:57:39.241+0000][info][gc,heap        ] GC(729) Archive regions: 2->2
[2024-08-27T14:57:39.241+0000][info][gc,heap        ] GC(729) Humongous regions: 5->5
[2024-08-27T14:57:39.241+0000][info][gc,metaspace   ] GC(729) Metaspace: 100K(320K)->100K(320K) NonClass: 96K(192K)->96K(192K) Class: 4K(128K)->4K(128K)
[2024-08-27T14:57:39.241+0000][info][gc             ] GC(729) Pause Young (Normal) (G1 Preventive Collection) 996M->999M(1024M) 12.447ms
[2024-08-27T14:57:39.241+0000][info][gc,cpu         ] GC(729) User=0.28s Sys=0.00s Real=0.02s
[2024-08-27T14:57:39.245+0000][info][gc,marking     ] GC(725) Concurrent Rebuild Remembered Sets 120.925ms
[2024-08-27T14:57:39.245+0000][info][gc,start       ] GC(725) Pause Cleanup
[2024-08-27T14:57:39.246+0000][info][gc             ] GC(725) Pause Cleanup 1005M->1005M(1024M) 1.272ms
[2024-08-27T14:57:39.246+0000][info][gc,cpu         ] GC(725) User=0.00s Sys=0.00s Real=0.00s
[2024-08-27T14:57:39.246+0000][info][gc,marking     ] GC(725) Concurrent Cleanup for Next Mark
[2024-08-27T14:57:39.247+0000][info][gc,marking     ] GC(725) Concurrent Cleanup for Next Mark 0.774ms
[2024-08-27T14:57:39.247+0000][info][gc             ] GC(725) Concurrent Mark Cycle 151.406ms
[2024-08-27T14:57:39.248+0000][info][gc,start       ] GC(730) Pause Young (Prepare Mixed) (G1 Preventive Collection)
[2024-08-27T14:57:39.248+0000][info][gc,task        ] GC(730) Using 24 workers of 68 for evacuation
[2024-08-27T14:57:39.258+0000][info][gc             ] GC(730) To-space exhausted
[2024-08-27T14:57:39.258+0000][info][gc,phases      ] GC(730)   Pre Evacuate Collection Set: 0.1ms
[2024-08-27T14:57:39.258+0000][info][gc,phases      ] GC(730)   Merge Heap Roots: 0.4ms
[2024-08-27T14:57:39.258+0000][info][gc,phases      ] GC(730)   Evacuate Collection Set: 9.0ms
[2024-08-27T14:57:39.258+0000][info][gc,phases      ] GC(730)   Post Evacuate Collection Set: 0.5ms
[2024-08-27T14:57:39.258+0000][info][gc,phases      ] GC(730)   Other: 0.2ms
[2024-08-27T14:57:39.258+0000][info][gc,heap        ] GC(730) Eden regions: 7->0(44)
[2024-08-27T14:57:39.258+0000][info][gc,heap        ] GC(730) Survivor regions: 7->7(7)
[2024-08-27T14:57:39.258+0000][info][gc,heap        ] GC(730) Old regions: 987->1009
[2024-08-27T14:57:39.258+0000][info][gc,heap        ] GC(730) Archive regions: 2->2
[2024-08-27T14:57:39.258+0000][info][gc,heap        ] GC(730) Humongous regions: 5->5
[2024-08-27T14:57:39.258+0000][info][gc,metaspace   ] GC(730) Metaspace: 100K(320K)->100K(320K) NonClass: 96K(192K)->96K(192K) Class: 4K(128K)->4K(128K)
[2024-08-27T14:57:39.258+0000][info][gc             ] GC(730) Pause Young (Prepare Mixed) (G1 Preventive Collection) 1006M->1021M(1024M) 10.297ms
[2024-08-27T14:57:39.258+0000][info][gc,cpu         ] GC(730) User=0.23s Sys=0.00s Real=0.02s
[2024-08-27T14:57:39.259+0000][info][gc,start       ] GC(731) Pause Young (Mixed) (G1 Evacuation Pause)
[2024-08-27T14:57:39.259+0000][info][gc,task        ] GC(731) Using 24 workers of 68 for evacuation
[2024-08-27T14:57:39.262+0000][info][gc             ] GC(731) To-space exhausted
[2024-08-27T14:57:39.262+0000][info][gc,phases      ] GC(731)   Pre Evacuate Collection Set: 0.1ms
[2024-08-27T14:57:39.262+0000][info][gc,phases      ] GC(731)   Merge Heap Roots: 0.3ms
[2024-08-27T14:57:39.262+0000][info][gc,phases      ] GC(731)   Evacuate Collection Set: 2.0ms
[2024-08-27T14:57:39.262+0000][info][gc,phases      ] GC(731)   Post Evacuate Collection Set: 0.9ms
[2024-08-27T14:57:39.262+0000][info][gc,phases      ] GC(731)   Other: 0.1ms
[2024-08-27T14:57:39.262+0000][info][gc,heap        ] GC(731) Eden regions: 1->0(51)
[2024-08-27T14:57:39.262+0000][info][gc,heap        ] GC(731) Survivor regions: 7->0(0)
[2024-08-27T14:57:39.262+0000][info][gc,heap        ] GC(731) Old regions: 1009->1017
[2024-08-27T14:57:39.262+0000][info][gc,heap        ] GC(731) Archive regions: 2->2
[2024-08-27T14:57:39.262+0000][info][gc,heap        ] GC(731) Humongous regions: 5->5
[2024-08-27T14:57:39.262+0000][info][gc,metaspace   ] GC(731) Metaspace: 100K(320K)->100K(320K) NonClass: 96K(192K)->96K(192K) Class: 4K(128K)->4K(128K)
[2024-08-27T14:57:39.262+0000][info][gc             ] GC(731) Pause Young (Mixed) (G1 Evacuation Pause) 1022M->1022M(1024M) 3.434ms
[2024-08-27T14:57:39.262+0000][info][gc,cpu         ] GC(731) User=0.06s Sys=0.00s Real=0.00s
[2024-08-27T14:57:39.262+0000][info][gc,ergo        ] Attempting full compaction
[2024-08-27T14:57:39.262+0000][info][gc,task        ] GC(732) Using 24 workers of 68 for full compaction
[2024-08-27T14:57:39.262+0000][info][gc,start       ] GC(732) Pause Full (G1 Compaction Pause)
[2024-08-27T14:57:39.262+0000][info][gc,phases,start] GC(732) Phase 1: Mark live objects
[2024-08-27T14:57:39.279+0000][info][gc,phases      ] GC(732) Phase 1: Mark live objects 16.051ms
[2024-08-27T14:57:39.279+0000][info][gc,phases,start] GC(732) Phase 2: Prepare for compaction
[2024-08-27T14:57:39.287+0000][info][gc,phases      ] GC(732) Phase 2: Prepare for compaction 8.382ms
[2024-08-27T14:57:39.287+0000][info][gc,phases,start] GC(732) Phase 3: Adjust pointers
[2024-08-27T14:57:39.302+0000][info][gc,phases      ] GC(732) Phase 3: Adjust pointers 14.947ms
[2024-08-27T14:57:39.302+0000][info][gc,phases,start] GC(732) Phase 4: Compact heap
[2024-08-27T14:57:39.331+0000][info][gc,phases      ] GC(732) Phase 4: Compact heap 29.278ms
[2024-08-27T14:57:39.333+0000][info][gc,heap        ] GC(732) Eden regions: 0->0(150)
[2024-08-27T14:57:39.333+0000][info][gc,heap        ] GC(732) Survivor regions: 0->0(0)
[2024-08-27T14:57:39.333+0000][info][gc,heap        ] GC(732) Old regions: 1017->442
[2024-08-27T14:57:39.333+0000][info][gc,heap        ] GC(732) Archive regions: 2->2
[2024-08-27T14:57:39.333+0000][info][gc,heap        ] GC(732) Humongous regions: 5->5
[2024-08-27T14:57:39.333+0000][info][gc,metaspace   ] GC(732) Metaspace: 100K(320K)->100K(320K) NonClass: 96K(192K)->96K(192K) Class: 4K(128K)->4K(128K)
[2024-08-27T14:57:39.333+0000][info][gc             ] GC(732) Pause Full (G1 Compaction Pause) 1022M->437M(1024M) 70.305ms
[2024-08-27T14:57:39.333+0000][info][gc,cpu         ] GC(732) User=1.54s Sys=0.00s Real=0.07s
[2024-08-27T14:57:39.418+0000][info][gc,start       ] GC(733) Pause Young (Normal) (G1 Evacuation Pause)
[2024-08-27T14:57:39.418+0000][info][gc,task        ] GC(733) Using 24 workers of 68 for evacuation
[2024-08-27T14:57:39.441+0000][info][gc,phases      ] GC(733)   Pre Evacuate Collection Set: 0.2ms
[2024-08-27T14:57:39.441+0000][info][gc,phases      ] GC(733)   Merge Heap Roots: 0.4ms
[2024-08-27T14:57:39.441+0000][info][gc,phases      ] GC(733)   Evacuate Collection Set: 21.9ms
[2024-08-27T14:57:39.441+0000][info][gc,phases      ] GC(733)   Post Evacuate Collection Set: 0.4ms
[2024-08-27T14:57:39.441+0000][info][gc,phases      ] GC(733)   Other: 0.2ms
[2024-08-27T14:57:39.441+0000][info][gc,heap        ] GC(733) Eden regions: 150->0(103)
[2024-08-27T14:57:39.441+0000][info][gc,heap        ] GC(733) Survivor regions: 0->19(19)
[2024-08-27T14:57:39.441+0000][info][gc,heap        ] GC(733) Old regions: 442->570
[2024-08-27T14:57:39.441+0000][info][gc,heap        ] GC(733) Archive regions: 2->2
[2024-08-27T14:57:39.441+0000][info][gc,heap        ] GC(733) Humongous regions: 5->5
[2024-08-27T14:57:39.441+0000][info][gc,metaspace   ] GC(733) Metaspace: 100K(320K)->100K(320K) NonClass: 96K(192K)->96K(192K) Class: 4K(128K)->4K(128K)
[2024-08-27T14:57:39.441+0000][info][gc             ] GC(733) Pause Young (Normal) (G1 Evacuation Pause) 587M->584M(1024M) 23.188ms
[2024-08-27T14:57:39.441+0000][info][gc,cpu         ] GC(733) User=0.53s Sys=0.00s Real=0.02s
[2024-08-27T14:57:39.503+0000][info][gc,start       ] GC(734) Pause Young (Normal) (G1 Evacuation Pause)
[2024-08-27T14:57:39.504+0000][info][gc,task        ] GC(734) Using 24 workers of 68 for evacuation
[2024-08-27T14:57:39.523+0000][info][gc,phases      ] GC(734)   Pre Evacuate Collection Set: 0.2ms
[2024-08-27T14:57:39.523+0000][info][gc,phases      ] GC(734)   Merge Heap Roots: 0.3ms
[2024-08-27T14:57:39.523+0000][info][gc,phases      ] GC(734)   Evacuate Collection Set: 18.5ms
[2024-08-27T14:57:39.523+0000][info][gc,phases      ] GC(734)   Post Evacuate Collection Set: 0.3ms
[2024-08-27T14:57:39.523+0000][info][gc,phases      ] GC(734)   Other: 0.2ms
[2024-08-27T14:57:39.523+0000][info][gc,heap        ] GC(734) Eden regions: 103->0(70)
[2024-08-27T14:57:39.523+0000][info][gc,heap        ] GC(734) Survivor regions: 19->16(16)
[2024-08-27T14:57:39.523+0000][info][gc,heap        ] GC(734) Old regions: 570->677
[2024-08-27T14:57:39.523+0000][info][gc,heap        ] GC(734) Archive regions: 2->2
[2024-08-27T14:57:39.523+0000][info][gc,heap        ] GC(734) Humongous regions: 5->5
[2024-08-27T14:57:39.523+0000][info][gc,metaspace   ] GC(734) Metaspace: 100K(320K)->100K(320K) NonClass: 96K(192K)->96K(192K) Class: 4K(128K)->4K(128K)
[2024-08-27T14:57:39.523+0000][info][gc             ] GC(734) Pause Young (Normal) (G1 Evacuation Pause) 687M->688M(1024M) 19.583ms
[2024-08-27T14:57:39.523+0000][info][gc,cpu         ] GC(734) User=0.45s Sys=0.01s Real=0.02s
[2024-08-27T14:57:39.563+0000][info][gc,start       ] GC(735) Pause Young (Concurrent Start) (G1 Evacuation Pause)
[2024-08-27T14:57:39.563+0000][info][gc,task        ] GC(735) Using 24 workers of 68 for evacuation
[2024-08-27T14:57:39.580+0000][info][gc,phases      ] GC(735)   Pre Evacuate Collection Set: 0.2ms
[2024-08-27T14:57:39.580+0000][info][gc,phases      ] GC(735)   Merge Heap Roots: 0.4ms
[2024-08-27T14:57:39.580+0000][info][gc,phases      ] GC(735)   Evacuate Collection Set: 15.9ms
[2024-08-27T14:57:39.580+0000][info][gc,phases      ] GC(735)   Post Evacuate Collection Set: 0.3ms
[2024-08-27T14:57:39.580+0000][info][gc,phases      ] GC(735)   Other: 0.6ms
[2024-08-27T14:57:39.580+0000][info][gc,heap        ] GC(735) Eden regions: 70->0(46)
[2024-08-27T14:57:39.580+0000][info][gc,heap        ] GC(735) Survivor regions: 16->11(11)
[2024-08-27T14:57:39.580+0000][info][gc,heap        ] GC(735) Old regions: 677->755
[2024-08-27T14:57:39.580+0000][info][gc,heap        ] GC(735) Archive regions: 2->2
[2024-08-27T14:57:39.580+0000][info][gc,heap        ] GC(735) Humongous regions: 5->5
[2024-08-27T14:57:39.580+0000][info][gc,metaspace   ] GC(735) Metaspace: 100K(320K)->100K(320K) NonClass: 96K(192K)->96K(192K) Class: 4K(128K)->4K(128K)
[2024-08-27T14:57:39.580+0000][info][gc             ] GC(735) Pause Young (Concurrent Start) (G1 Evacuation Pause) 758M->761M(1024M) 17.505ms
[2024-08-27T14:57:39.580+0000][info][gc,cpu         ] GC(735) User=0.39s Sys=0.00s Real=0.02s
[2024-08-27T14:57:39.580+0000][info][gc             ] GC(736) Concurrent Mark Cycle
[2024-08-27T14:57:39.580+0000][info][gc,marking     ] GC(736) Concurrent Clear Claimed Marks
[2024-08-27T14:57:39.580+0000][info][gc,marking     ] GC(736) Concurrent Clear Claimed Marks 0.010ms
[2024-08-27T14:57:39.580+0000][info][gc,marking     ] GC(736) Concurrent Scan Root Regions
[2024-08-27T14:57:39.583+0000][info][gc,marking     ] GC(736) Concurrent Scan Root Regions 2.833ms
[2024-08-27T14:57:39.583+0000][info][gc,marking     ] GC(736) Concurrent Mark
[2024-08-27T14:57:39.583+0000][info][gc,marking     ] GC(736) Concurrent Mark From Roots
[2024-08-27T14:57:39.583+0000][info][gc,task        ] GC(736) Using 17 workers of 17 for marking
[2024-08-27T14:57:39.605+0000][info][gc,marking     ] GC(736) Concurrent Mark From Roots 21.861ms
[2024-08-27T14:57:39.605+0000][info][gc,marking     ] GC(736) Concurrent Preclean
[2024-08-27T14:57:39.606+0000][info][gc,marking     ] GC(736) Concurrent Preclean 0.597ms
[2024-08-27T14:57:39.606+0000][info][gc,start       ] GC(736) Pause Remark
[2024-08-27T14:57:39.607+0000][info][gc             ] GC(736) Pause Remark 783M->783M(1024M) 1.256ms
[2024-08-27T14:57:39.607+0000][info][gc,cpu         ] GC(736) User=0.01s Sys=0.00s Real=0.00s
[2024-08-27T14:57:39.607+0000][info][gc,marking     ] GC(736) Concurrent Mark 24.016ms
[2024-08-27T14:57:39.607+0000][info][gc,marking     ] GC(736) Concurrent Rebuild Remembered Sets
[2024-08-27T14:57:39.631+0000][info][gc,start       ] GC(737) Pause Young (Normal) (G1 Evacuation Pause)
[2024-08-27T14:57:39.631+0000][info][gc,task        ] GC(737) Using 24 workers of 68 for evacuation
[2024-08-27T14:57:39.643+0000][info][gc,phases      ] GC(737)   Pre Evacuate Collection Set: 0.1ms
[2024-08-27T14:57:39.643+0000][info][gc,phases      ] GC(737)   Merge Heap Roots: 0.3ms
[2024-08-27T14:57:39.643+0000][info][gc,phases      ] GC(737)   Evacuate Collection Set: 10.9ms
[2024-08-27T14:57:39.643+0000][info][gc,phases      ] GC(737)   Post Evacuate Collection Set: 0.5ms
[2024-08-27T14:57:39.643+0000][info][gc,phases      ] GC(737)   Other: 0.2ms
[2024-08-27T14:57:39.643+0000][info][gc,heap        ] GC(737) Eden regions: 46->0(43)
[2024-08-27T14:57:39.643+0000][info][gc,heap        ] GC(737) Survivor regions: 11->8(8)
[2024-08-27T14:57:39.643+0000][info][gc,heap        ] GC(737) Old regions: 755->809
[2024-08-27T14:57:39.643+0000][info][gc,heap        ] GC(737) Archive regions: 2->2
[2024-08-27T14:57:39.643+0000][info][gc,heap        ] GC(737) Humongous regions: 5->5
[2024-08-27T14:57:39.643+0000][info][gc,metaspace   ] GC(737) Metaspace: 100K(320K)->100K(320K) NonClass: 96K(192K)->96K(192K) Class: 4K(128K)->4K(128K)
[2024-08-27T14:57:39.644+0000][info][gc             ] GC(737) Pause Young (Normal) (G1 Evacuation Pause) 807M->811M(1024M) 12.101ms
[2024-08-27T14:57:39.644+0000][info][gc,cpu         ] GC(737) User=0.27s Sys=0.00s Real=0.01s
[2024-08-27T14:57:39.685+0000][info][gc,start       ] GC(738) Pause Young (Normal) (G1 Evacuation Pause)
[2024-08-27T14:57:39.685+0000][info][gc,task        ] GC(738) Using 24 workers of 68 for evacuation
[2024-08-27T14:57:39.701+0000][info][gc,phases      ] GC(738)   Pre Evacuate Collection Set: 0.1ms
[2024-08-27T14:57:39.701+0000][info][gc,phases      ] GC(738)   Merge Heap Roots: 0.4ms
[2024-08-27T14:57:39.701+0000][info][gc,phases      ] GC(738)   Evacuate Collection Set: 14.5ms
[2024-08-27T14:57:39.701+0000][info][gc,phases      ] GC(738)   Post Evacuate Collection Set: 0.5ms
[2024-08-27T14:57:39.701+0000][info][gc,phases      ] GC(738)   Other: 0.2ms
[2024-08-27T14:57:39.701+0000][info][gc,heap        ] GC(738) Eden regions: 43->0(44)
[2024-08-27T14:57:39.701+0000][info][gc,heap        ] GC(738) Survivor regions: 8->7(7)
[2024-08-27T14:57:39.701+0000][info][gc,heap        ] GC(738) Old regions: 809->856
[2024-08-27T14:57:39.701+0000][info][gc,heap        ] GC(738) Archive regions: 2->2
[2024-08-27T14:57:39.701+0000][info][gc,heap        ] GC(738) Humongous regions: 5->5
[2024-08-27T14:57:39.701+0000][info][gc,metaspace   ] GC(738) Metaspace: 100K(320K)->100K(320K) NonClass: 96K(192K)->96K(192K) Class: 4K(128K)->4K(128K)
[2024-08-27T14:57:39.701+0000][info][gc             ] GC(738) Pause Young (Normal) (G1 Evacuation Pause) 854M->858M(1024M) 15.903ms
[2024-08-27T14:57:39.701+0000][info][gc,cpu         ] GC(738) User=0.36s Sys=0.00s Real=0.02s
[2024-08-27T14:57:39.701+0000][info][gc,marking     ] GC(736) Concurrent Rebuild Remembered Sets 93.975ms
[2024-08-27T14:57:39.702+0000][info][gc,start       ] GC(736) Pause Cleanup
[2024-08-27T14:57:39.703+0000][info][gc             ] GC(736) Pause Cleanup 859M->859M(1024M) 1.120ms
[2024-08-27T14:57:39.703+0000][info][gc,cpu         ] GC(736) User=0.00s Sys=0.00s Real=0.00s
[2024-08-27T14:57:39.703+0000][info][gc,marking     ] GC(736) Concurrent Cleanup for Next Mark
[2024-08-27T14:57:39.704+0000][info][gc,marking     ] GC(736) Concurrent Cleanup for Next Mark 0.761ms
[2024-08-27T14:57:39.704+0000][info][gc             ] GC(736) Concurrent Mark Cycle 123.148ms
[2024-08-27T14:57:39.730+0000][info][gc,start       ] GC(739) Pause Young (Prepare Mixed) (G1 Evacuation Pause)
[2024-08-27T14:57:39.730+0000][info][gc,task        ] GC(739) Using 24 workers of 68 for evacuation
[2024-08-27T14:57:39.747+0000][info][gc,phases      ] GC(739)   Pre Evacuate Collection Set: 0.2ms
[2024-08-27T14:57:39.747+0000][info][gc,phases      ] GC(739)   Merge Heap Roots: 0.6ms
[2024-08-27T14:57:39.747+0000][info][gc,phases      ] GC(739)   Evacuate Collection Set: 15.5ms
[2024-08-27T14:57:39.747+0000][info][gc,phases      ] GC(739)   Post Evacuate Collection Set: 0.3ms
[2024-08-27T14:57:39.747+0000][info][gc,phases      ] GC(739)   Other: 0.2ms
[2024-08-27T14:57:39.747+0000][info][gc,heap        ] GC(739) Eden regions: 44->0(44)
[2024-08-27T14:57:39.747+0000][info][gc,heap        ] GC(739) Survivor regions: 7->7(7)
[2024-08-27T14:57:39.747+0000][info][gc,heap        ] GC(739) Old regions: 856->903
[2024-08-27T14:57:39.747+0000][info][gc,heap        ] GC(739) Archive regions: 2->2
[2024-08-27T14:57:39.747+0000][info][gc,heap        ] GC(739) Humongous regions: 5->5
[2024-08-27T14:57:39.747+0000][info][gc,metaspace   ] GC(739) Metaspace: 100K(320K)->100K(320K) NonClass: 96K(192K)->96K(192K) Class: 4K(128K)->4K(128K)
[2024-08-27T14:57:39.747+0000][info][gc             ] GC(739) Pause Young (Prepare Mixed) (G1 Evacuation Pause) 902M->904M(1024M) 16.807ms
[2024-08-27T14:57:39.747+0000][info][gc,cpu         ] GC(739) User=0.39s Sys=0.00s Real=0.01s
[2024-08-27T14:57:39.773+0000][info][gc,start       ] GC(740) Pause Young (Mixed) (G1 Evacuation Pause)
[2024-08-27T14:57:39.773+0000][info][gc,task        ] GC(740) Using 24 workers of 68 for evacuation
[2024-08-27T14:57:39.785+0000][info][gc,phases      ] GC(740)   Pre Evacuate Collection Set: 0.2ms
[2024-08-27T14:57:39.785+0000][info][gc,phases      ] GC(740)   Merge Heap Roots: 0.3ms
[2024-08-27T14:57:39.785+0000][info][gc,phases      ] GC(740)   Evacuate Collection Set: 11.0ms
[2024-08-27T14:57:39.785+0000][info][gc,phases      ] GC(740)   Post Evacuate Collection Set: 0.4ms
[2024-08-27T14:57:39.785+0000][info][gc,phases      ] GC(740)   Other: 0.2ms
[2024-08-27T14:57:39.785+0000][info][gc,heap        ] GC(740) Eden regions: 44->0(44)
[2024-08-27T14:57:39.785+0000][info][gc,heap        ] GC(740) Survivor regions: 7->7(7)
[2024-08-27T14:57:39.785+0000][info][gc,heap        ] GC(740) Old regions: 903->846
[2024-08-27T14:57:39.785+0000][info][gc,heap        ] GC(740) Archive regions: 2->2
[2024-08-27T14:57:39.785+0000][info][gc,heap        ] GC(740) Humongous regions: 5->5
[2024-08-27T14:57:39.785+0000][info][gc,metaspace   ] GC(740) Metaspace: 100K(320K)->100K(320K) NonClass: 96K(192K)->96K(192K) Class: 4K(128K)->4K(128K)
[2024-08-27T14:57:39.786+0000][info][gc             ] GC(740) Pause Young (Mixed) (G1 Evacuation Pause) 948M->849M(1024M) 12.259ms
[2024-08-27T14:57:39.786+0000][info][gc,cpu         ] GC(740) User=0.27s Sys=0.00s Real=0.01s
[2024-08-27T14:57:39.811+0000][info][gc,start       ] GC(741) Pause Young (Mixed) (G1 Evacuation Pause)
[2024-08-27T14:57:39.811+0000][info][gc,task        ] GC(741) Using 24 workers of 68 for evacuation
[2024-08-27T14:57:39.823+0000][info][gc,phases      ] GC(741)   Pre Evacuate Collection Set: 0.2ms
[2024-08-27T14:57:39.823+0000][info][gc,phases      ] GC(741)   Merge Heap Roots: 0.4ms
[2024-08-27T14:57:39.823+0000][info][gc,phases      ] GC(741)   Evacuate Collection Set: 10.9ms
[2024-08-27T14:57:39.823+0000][info][gc,phases      ] GC(741)   Post Evacuate Collection Set: 0.4ms
[2024-08-27T14:57:39.823+0000][info][gc,phases      ] GC(741)   Other: 0.2ms
[2024-08-27T14:57:39.823+0000][info][gc,heap        ] GC(741) Eden regions: 44->0(44)
[2024-08-27T14:57:39.823+0000][info][gc,heap        ] GC(741) Survivor regions: 7->7(7)
[2024-08-27T14:57:39.823+0000][info][gc,heap        ] GC(741) Old regions: 846->791
[2024-08-27T14:57:39.823+0000][info][gc,heap        ] GC(741) Archive regions: 2->2
[2024-08-27T14:57:39.823+0000][info][gc,heap        ] GC(741) Humongous regions: 5->5
[2024-08-27T14:57:39.823+0000][info][gc,metaspace   ] GC(741) Metaspace: 100K(320K)->100K(320K) NonClass: 96K(192K)->96K(192K) Class: 4K(128K)->4K(128K)
[2024-08-27T14:57:39.823+0000][info][gc             ] GC(741) Pause Young (Mixed) (G1 Evacuation Pause) 893M->794M(1024M) 12.256ms
[2024-08-27T14:57:39.823+0000][info][gc,cpu         ] GC(741) User=0.27s Sys=0.00s Real=0.01s
[2024-08-27T14:57:39.848+0000][info][gc,start       ] GC(742) Pause Young (Mixed) (G1 Evacuation Pause)
[2024-08-27T14:57:39.848+0000][info][gc,task        ] GC(742) Using 24 workers of 68 for evacuation
[2024-08-27T14:57:39.859+0000][info][gc,phases      ] GC(742)   Pre Evacuate Collection Set: 0.2ms
[2024-08-27T14:57:39.859+0000][info][gc,phases      ] GC(742)   Merge Heap Roots: 0.3ms
[2024-08-27T14:57:39.859+0000][info][gc,phases      ] GC(742)   Evacuate Collection Set: 10.2ms
[2024-08-27T14:57:39.859+0000][info][gc,phases      ] GC(742)   Post Evacuate Collection Set: 0.4ms
[2024-08-27T14:57:39.859+0000][info][gc,phases      ] GC(742)   Other: 0.2ms
[2024-08-27T14:57:39.859+0000][info][gc,heap        ] GC(742) Eden regions: 44->0(44)
[2024-08-27T14:57:39.859+0000][info][gc,heap        ] GC(742) Survivor regions: 7->7(7)
[2024-08-27T14:57:39.859+0000][info][gc,heap        ] GC(742) Old regions: 791->783
[2024-08-27T14:57:39.859+0000][info][gc,heap        ] GC(742) Archive regions: 2->2
[2024-08-27T14:57:39.859+0000][info][gc,heap        ] GC(742) Humongous regions: 5->5
[2024-08-27T14:57:39.859+0000][info][gc,metaspace   ] GC(742) Metaspace: 100K(320K)->100K(320K) NonClass: 96K(192K)->96K(192K) Class: 4K(128K)->4K(128K)
[2024-08-27T14:57:39.859+0000][info][gc             ] GC(742) Pause Young (Mixed) (G1 Evacuation Pause) 838M->788M(1024M) 11.269ms
[2024-08-27T14:57:39.859+0000][info][gc,cpu         ] GC(742) User=0.25s Sys=0.00s Real=0.02s
[2024-08-27T14:57:39.883+0000][info][gc,start       ] GC(743) Pause Young (Concurrent Start) (G1 Evacuation Pause)
[2024-08-27T14:57:39.883+0000][info][gc,task        ] GC(743) Using 24 workers of 68 for evacuation
[2024-08-27T14:57:39.894+0000][info][gc,phases      ] GC(743)   Pre Evacuate Collection Set: 0.2ms
[2024-08-27T14:57:39.894+0000][info][gc,phases      ] GC(743)   Merge Heap Roots: 0.3ms
[2024-08-27T14:57:39.894+0000][info][gc,phases      ] GC(743)   Evacuate Collection Set: 9.3ms
[2024-08-27T14:57:39.894+0000][info][gc,phases      ] GC(743)   Post Evacuate Collection Set: 0.3ms
[2024-08-27T14:57:39.894+0000][info][gc,phases      ] GC(743)   Other: 0.6ms
[2024-08-27T14:57:39.894+0000][info][gc,heap        ] GC(743) Eden regions: 44->0(44)
[2024-08-27T14:57:39.894+0000][info][gc,heap        ] GC(743) Survivor regions: 7->7(7)
[2024-08-27T14:57:39.894+0000][info][gc,heap        ] GC(743) Old regions: 783->830
[2024-08-27T14:57:39.894+0000][info][gc,heap        ] GC(743) Archive regions: 2->2
[2024-08-27T14:57:39.894+0000][info][gc,heap        ] GC(743) Humongous regions: 5->5
[2024-08-27T14:57:39.894+0000][info][gc,metaspace   ] GC(743) Metaspace: 100K(320K)->100K(320K) NonClass: 96K(192K)->96K(192K) Class: 4K(128K)->4K(128K)
[2024-08-27T14:57:39.894+0000][info][gc             ] GC(743) Pause Young (Concurrent Start) (G1 Evacuation Pause) 832M->835M(1024M) 10.787ms
[2024-08-27T14:57:39.894+0000][info][gc,cpu         ] GC(743) User=0.22s Sys=0.01s Real=0.01s
[2024-08-27T14:57:39.894+0000][info][gc             ] GC(744) Concurrent Mark Cycle
[2024-08-27T14:57:39.894+0000][info][gc,marking     ] GC(744) Concurrent Clear Claimed Marks
[2024-08-27T14:57:39.894+0000][info][gc,marking     ] GC(744) Concurrent Clear Claimed Marks 0.013ms
[2024-08-27T14:57:39.894+0000][info][gc,marking     ] GC(744) Concurrent Scan Root Regions
[2024-08-27T14:57:39.896+0000][info][gc,marking     ] GC(744) Concurrent Scan Root Regions 1.688ms
[2024-08-27T14:57:39.896+0000][info][gc,marking     ] GC(744) Concurrent Mark
[2024-08-27T14:57:39.896+0000][info][gc,marking     ] GC(744) Concurrent Mark From Roots
[2024-08-27T14:57:39.896+0000][info][gc,task        ] GC(744) Using 17 workers of 17 for marking
[2024-08-27T14:57:39.920+0000][info][gc,marking     ] GC(744) Concurrent Mark From Roots 24.074ms
[2024-08-27T14:57:39.920+0000][info][gc,marking     ] GC(744) Concurrent Preclean
[2024-08-27T14:57:39.921+0000][info][gc,marking     ] GC(744) Concurrent Preclean 0.907ms
[2024-08-27T14:57:39.921+0000][info][gc,start       ] GC(744) Pause Remark
[2024-08-27T14:57:39.923+0000][info][gc             ] GC(744) Pause Remark 859M->859M(1024M) 1.247ms
[2024-08-27T14:57:39.923+0000][info][gc,cpu         ] GC(744) User=0.00s Sys=0.01s Real=0.00s
[2024-08-27T14:57:39.923+0000][info][gc,marking     ] GC(744) Concurrent Mark 26.661ms
[2024-08-27T14:57:39.923+0000][info][gc,marking     ] GC(744) Concurrent Rebuild Remembered Sets
[2024-08-27T14:57:39.943+0000][info][gc,start       ] GC(745) Pause Young (Normal) (G1 Evacuation Pause)
[2024-08-27T14:57:39.943+0000][info][gc,task        ] GC(745) Using 24 workers of 68 for evacuation
[2024-08-27T14:57:39.954+0000][info][gc,phases      ] GC(745)   Pre Evacuate Collection Set: 0.1ms
[2024-08-27T14:57:39.954+0000][info][gc,phases      ] GC(745)   Merge Heap Roots: 0.4ms
[2024-08-27T14:57:39.954+0000][info][gc,phases      ] GC(745)   Evacuate Collection Set: 9.6ms
[2024-08-27T14:57:39.954+0000][info][gc,phases      ] GC(745)   Post Evacuate Collection Set: 0.4ms
[2024-08-27T14:57:39.954+0000][info][gc,phases      ] GC(745)   Other: 0.2ms
[2024-08-27T14:57:39.954+0000][info][gc,heap        ] GC(745) Eden regions: 44->0(44)
[2024-08-27T14:57:39.954+0000][info][gc,heap        ] GC(745) Survivor regions: 7->7(7)
[2024-08-27T14:57:39.954+0000][info][gc,heap        ] GC(745) Old regions: 830->877
[2024-08-27T14:57:39.954+0000][info][gc,heap        ] GC(745) Archive regions: 2->2
[2024-08-27T14:57:39.954+0000][info][gc,heap        ] GC(745) Humongous regions: 5->5
[2024-08-27T14:57:39.954+0000][info][gc,metaspace   ] GC(745) Metaspace: 100K(320K)->100K(320K) NonClass: 96K(192K)->96K(192K) Class: 4K(128K)->4K(128K)
[2024-08-27T14:57:39.954+0000][info][gc             ] GC(745) Pause Young (Normal) (G1 Evacuation Pause) 879M->881M(1024M) 10.739ms
[2024-08-27T14:57:39.954+0000][info][gc,cpu         ] GC(745) User=0.24s Sys=0.00s Real=0.01s
[2024-08-27T14:57:39.997+0000][info][gc,start       ] GC(746) Pause Young (Normal) (G1 Evacuation Pause)
[2024-08-27T14:57:39.997+0000][info][gc,task        ] GC(746) Using 24 workers of 68 for evacuation
[2024-08-27T14:57:40.012+0000][info][gc,phases      ] GC(746)   Pre Evacuate Collection Set: 0.1ms
[2024-08-27T14:57:40.012+0000][info][gc,phases      ] GC(746)   Merge Heap Roots: 0.4ms
[2024-08-27T14:57:40.012+0000][info][gc,phases      ] GC(746)   Evacuate Collection Set: 13.6ms
[2024-08-27T14:57:40.012+0000][info][gc,phases      ] GC(746)   Post Evacuate Collection Set: 0.5ms
[2024-08-27T14:57:40.012+0000][info][gc,phases      ] GC(746)   Other: 0.2ms
[2024-08-27T14:57:40.012+0000][info][gc,heap        ] GC(746) Eden regions: 44->0(44)
[2024-08-27T14:57:40.012+0000][info][gc,heap        ] GC(746) Survivor regions: 7->7(7)
[2024-08-27T14:57:40.012+0000][info][gc,heap        ] GC(746) Old regions: 877->923
[2024-08-27T14:57:40.012+0000][info][gc,heap        ] GC(746) Archive regions: 2->2
[2024-08-27T14:57:40.012+0000][info][gc,heap        ] GC(746) Humongous regions: 5->5
[2024-08-27T14:57:40.012+0000][info][gc,metaspace   ] GC(746) Metaspace: 100K(320K)->100K(320K) NonClass: 96K(192K)->96K(192K) Class: 4K(128K)->4K(128K)
[2024-08-27T14:57:40.012+0000][info][gc             ] GC(746) Pause Young (Normal) (G1 Evacuation Pause) 925M->928M(1024M) 14.943ms
[2024-08-27T14:57:40.012+0000][info][gc,cpu         ] GC(746) User=0.34s Sys=0.00s Real=0.02s
[2024-08-27T14:57:40.016+0000][info][gc,marking     ] GC(744) Concurrent Rebuild Remembered Sets 93.567ms
[2024-08-27T14:57:40.017+0000][info][gc,start       ] GC(744) Pause Cleanup
[2024-08-27T14:57:40.018+0000][info][gc             ] GC(744) Pause Cleanup 932M->932M(1024M) 1.389ms
[2024-08-27T14:57:40.018+0000][info][gc,cpu         ] GC(744) User=0.01s Sys=0.00s Real=0.01s
[2024-08-27T14:57:40.018+0000][info][gc,marking     ] GC(744) Concurrent Cleanup for Next Mark
[2024-08-27T14:57:40.019+0000][info][gc,marking     ] GC(744) Concurrent Cleanup for Next Mark 0.837ms
[2024-08-27T14:57:40.019+0000][info][gc             ] GC(744) Concurrent Mark Cycle 124.583ms
[2024-08-27T14:57:40.040+0000][info][gc,start       ] GC(747) Pause Young (Prepare Mixed) (G1 Preventive Collection)
[2024-08-27T14:57:40.040+0000][info][gc,task        ] GC(747) Using 24 workers of 68 for evacuation
[2024-08-27T14:57:40.056+0000][info][gc,phases      ] GC(747)   Pre Evacuate Collection Set: 0.2ms
[2024-08-27T14:57:40.056+0000][info][gc,phases      ] GC(747)   Merge Heap Roots: 0.6ms
[2024-08-27T14:57:40.056+0000][info][gc,phases      ] GC(747)   Evacuate Collection Set: 15.0ms
[2024-08-27T14:57:40.056+0000][info][gc,phases      ] GC(747)   Post Evacuate Collection Set: 0.3ms
[2024-08-27T14:57:40.056+0000][info][gc,phases      ] GC(747)   Other: 0.2ms
[2024-08-27T14:57:40.056+0000][info][gc,heap        ] GC(747) Eden regions: 38->0(44)
[2024-08-27T14:57:40.056+0000][info][gc,heap        ] GC(747) Survivor regions: 7->7(7)
[2024-08-27T14:57:40.056+0000][info][gc,heap        ] GC(747) Old regions: 923->964
[2024-08-27T14:57:40.056+0000][info][gc,heap        ] GC(747) Archive regions: 2->2
[2024-08-27T14:57:40.056+0000][info][gc,heap        ] GC(747) Humongous regions: 5->5
[2024-08-27T14:57:40.056+0000][info][gc,metaspace   ] GC(747) Metaspace: 100K(320K)->100K(320K) NonClass: 96K(192K)->96K(192K) Class: 4K(128K)->4K(128K)
[2024-08-27T14:57:40.056+0000][info][gc             ] GC(747) Pause Young (Prepare Mixed) (G1 Preventive Collection) 966M->968M(1024M) 16.279ms
[2024-08-27T14:57:40.056+0000][info][gc,cpu         ] GC(747) User=0.38s Sys=0.00s Real=0.01s
[2024-08-27T14:57:40.067+0000][info][gc,start       ] GC(748) Pause Young (Mixed) (G1 Preventive Collection)
[2024-08-27T14:57:40.067+0000][info][gc,task        ] GC(748) Using 24 workers of 68 for evacuation
[2024-08-27T14:57:40.074+0000][info][gc,phases      ] GC(748)   Pre Evacuate Collection Set: 0.2ms
[2024-08-27T14:57:40.074+0000][info][gc,phases      ] GC(748)   Merge Heap Roots: 0.3ms
[2024-08-27T14:57:40.074+0000][info][gc,phases      ] GC(748)   Evacuate Collection Set: 6.3ms
[2024-08-27T14:57:40.074+0000][info][gc,phases      ] GC(748)   Post Evacuate Collection Set: 0.4ms
[2024-08-27T14:57:40.074+0000][info][gc,phases      ] GC(748)   Other: 0.2ms
[2024-08-27T14:57:40.074+0000][info][gc,heap        ] GC(748) Eden regions: 18->0(44)
[2024-08-27T14:57:40.074+0000][info][gc,heap        ] GC(748) Survivor regions: 7->7(7)
[2024-08-27T14:57:40.075+0000][info][gc,heap        ] GC(748) Old regions: 964->882
[2024-08-27T14:57:40.075+0000][info][gc,heap        ] GC(748) Archive regions: 2->2
[2024-08-27T14:57:40.075+0000][info][gc,heap        ] GC(748) Humongous regions: 5->5
[2024-08-27T14:57:40.075+0000][info][gc,metaspace   ] GC(748) Metaspace: 100K(320K)->100K(320K) NonClass: 96K(192K)->96K(192K) Class: 4K(128K)->4K(128K)
[2024-08-27T14:57:40.075+0000][info][gc             ] GC(748) Pause Young (Mixed) (G1 Preventive Collection) 986M->892M(1024M) 7.458ms
[2024-08-27T14:57:40.075+0000][info][gc,cpu         ] GC(748) User=0.16s Sys=0.00s Real=0.01s
[2024-08-27T14:57:40.099+0000][info][gc,start       ] GC(749) Pause Young (Mixed) (G1 Evacuation Pause)
[2024-08-27T14:57:40.099+0000][info][gc,task        ] GC(749) Using 24 workers of 68 for evacuation
[2024-08-27T14:57:40.111+0000][info][gc,phases      ] GC(749)   Pre Evacuate Collection Set: 0.2ms
[2024-08-27T14:57:40.111+0000][info][gc,phases      ] GC(749)   Merge Heap Roots: 0.4ms
[2024-08-27T14:57:40.111+0000][info][gc,phases      ] GC(749)   Evacuate Collection Set: 10.3ms
[2024-08-27T14:57:40.111+0000][info][gc,phases      ] GC(749)   Post Evacuate Collection Set: 0.5ms
[2024-08-27T14:57:40.111+0000][info][gc,phases      ] GC(749)   Other: 0.2ms
[2024-08-27T14:57:40.111+0000][info][gc,heap        ] GC(749) Eden regions: 44->0(44)
[2024-08-27T14:57:40.111+0000][info][gc,heap        ] GC(749) Survivor regions: 7->7(7)
[2024-08-27T14:57:40.111+0000][info][gc,heap        ] GC(749) Old regions: 882->824
[2024-08-27T14:57:40.111+0000][info][gc,heap        ] GC(749) Archive regions: 2->2
[2024-08-27T14:57:40.111+0000][info][gc,heap        ] GC(749) Humongous regions: 5->5
[2024-08-27T14:57:40.111+0000][info][gc,metaspace   ] GC(749) Metaspace: 100K(320K)->100K(320K) NonClass: 96K(192K)->96K(192K) Class: 4K(128K)->4K(128K)
[2024-08-27T14:57:40.111+0000][info][gc             ] GC(749) Pause Young (Mixed) (G1 Evacuation Pause) 936M->835M(1024M) 11.687ms
[2024-08-27T14:57:40.111+0000][info][gc,cpu         ] GC(749) User=0.26s Sys=0.00s Real=0.01s
[2024-08-27T14:57:40.136+0000][info][gc,start       ] GC(750) Pause Young (Mixed) (G1 Evacuation Pause)
[2024-08-27T14:57:40.136+0000][info][gc,task        ] GC(750) Using 24 workers of 68 for evacuation
[2024-08-27T14:57:40.147+0000][info][gc,phases      ] GC(750)   Pre Evacuate Collection Set: 0.2ms
[2024-08-27T14:57:40.147+0000][info][gc,phases      ] GC(750)   Merge Heap Roots: 0.4ms
[2024-08-27T14:57:40.147+0000][info][gc,phases      ] GC(750)   Evacuate Collection Set: 10.1ms
[2024-08-27T14:57:40.147+0000][info][gc,phases      ] GC(750)   Post Evacuate Collection Set: 0.4ms
[2024-08-27T14:57:40.147+0000][info][gc,phases      ] GC(750)   Other: 0.3ms
[2024-08-27T14:57:40.147+0000][info][gc,heap        ] GC(750) Eden regions: 44->0(44)
[2024-08-27T14:57:40.147+0000][info][gc,heap        ] GC(750) Survivor regions: 7->7(7)
[2024-08-27T14:57:40.147+0000][info][gc,heap        ] GC(750) Old regions: 824->767
[2024-08-27T14:57:40.147+0000][info][gc,heap        ] GC(750) Archive regions: 2->2
[2024-08-27T14:57:40.147+0000][info][gc,heap        ] GC(750) Humongous regions: 5->5
[2024-08-27T14:57:40.147+0000][info][gc,metaspace   ] GC(750) Metaspace: 100K(320K)->100K(320K) NonClass: 96K(192K)->96K(192K) Class: 4K(128K)->4K(128K)
[2024-08-27T14:57:40.147+0000][info][gc             ] GC(750) Pause Young (Mixed) (G1 Evacuation Pause) 879M->779M(1024M) 11.460ms
[2024-08-27T14:57:40.148+0000][info][gc,cpu         ] GC(750) User=0.25s Sys=0.00s Real=0.01s
[2024-08-27T14:57:40.172+0000][info][gc,start       ] GC(751) Pause Young (Mixed) (G1 Evacuation Pause)
[2024-08-27T14:57:40.172+0000][info][gc,task        ] GC(751) Using 24 workers of 68 for evacuation
[2024-08-27T14:57:40.183+0000][info][gc,phases      ] GC(751)   Pre Evacuate Collection Set: 0.2ms
[2024-08-27T14:57:40.183+0000][info][gc,phases      ] GC(751)   Merge Heap Roots: 0.3ms
[2024-08-27T14:57:40.183+0000][info][gc,phases      ] GC(751)   Evacuate Collection Set: 10.1ms
[2024-08-27T14:57:40.183+0000][info][gc,phases      ] GC(751)   Post Evacuate Collection Set: 0.3ms
[2024-08-27T14:57:40.183+0000][info][gc,phases      ] GC(751)   Other: 0.2ms
[2024-08-27T14:57:40.183+0000][info][gc,heap        ] GC(751) Eden regions: 44->0(44)
[2024-08-27T14:57:40.183+0000][info][gc,heap        ] GC(751) Survivor regions: 7->7(7)
[2024-08-27T14:57:40.183+0000][info][gc,heap        ] GC(751) Old regions: 767->795
[2024-08-27T14:57:40.183+0000][info][gc,heap        ] GC(751) Archive regions: 2->2
[2024-08-27T14:57:40.183+0000][info][gc,heap        ] GC(751) Humongous regions: 5->5
[2024-08-27T14:57:40.183+0000][info][gc,metaspace   ] GC(751) Metaspace: 100K(320K)->100K(320K) NonClass: 96K(192K)->96K(192K) Class: 4K(128K)->4K(128K)
[2024-08-27T14:57:40.183+0000][info][gc             ] GC(751) Pause Young (Mixed) (G1 Evacuation Pause) 823M->807M(1024M) 11.230ms
[2024-08-27T14:57:40.183+0000][info][gc,cpu         ] GC(751) User=0.24s Sys=0.00s Real=0.01s
[2024-08-27T14:57:40.207+0000][info][gc,start       ] GC(752) Pause Young (Concurrent Start) (G1 Evacuation Pause)
[2024-08-27T14:57:40.207+0000][info][gc,task        ] GC(752) Using 24 workers of 68 for evacuation
[2024-08-27T14:57:40.219+0000][info][gc,phases      ] GC(752)   Pre Evacuate Collection Set: 0.2ms
[2024-08-27T14:57:40.219+0000][info][gc,phases      ] GC(752)   Merge Heap Roots: 0.4ms
[2024-08-27T14:57:40.219+0000][info][gc,phases      ] GC(752)   Evacuate Collection Set: 10.2ms
[2024-08-27T14:57:40.219+0000][info][gc,phases      ] GC(752)   Post Evacuate Collection Set: 0.4ms
[2024-08-27T14:57:40.219+0000][info][gc,phases      ] GC(752)   Other: 0.7ms
[2024-08-27T14:57:40.219+0000][info][gc,heap        ] GC(752) Eden regions: 44->0(44)
[2024-08-27T14:57:40.219+0000][info][gc,heap        ] GC(752) Survivor regions: 7->7(7)
[2024-08-27T14:57:40.219+0000][info][gc,heap        ] GC(752) Old regions: 795->841
[2024-08-27T14:57:40.219+0000][info][gc,heap        ] GC(752) Archive regions: 2->2
[2024-08-27T14:57:40.219+0000][info][gc,heap        ] GC(752) Humongous regions: 5->5
[2024-08-27T14:57:40.219+0000][info][gc,metaspace   ] GC(752) Metaspace: 100K(320K)->100K(320K) NonClass: 96K(192K)->96K(192K) Class: 4K(128K)->4K(128K)
[2024-08-27T14:57:40.219+0000][info][gc             ] GC(752) Pause Young (Concurrent Start) (G1 Evacuation Pause) 851M->853M(1024M) 12.032ms
[2024-08-27T14:57:40.219+0000][info][gc,cpu         ] GC(752) User=0.25s Sys=0.00s Real=0.02s
[2024-08-27T14:57:40.219+0000][info][gc             ] GC(753) Concurrent Mark Cycle
[2024-08-27T14:57:40.219+0000][info][gc,marking     ] GC(753) Concurrent Clear Claimed Marks
[2024-08-27T14:57:40.219+0000][info][gc,marking     ] GC(753) Concurrent Clear Claimed Marks 0.012ms
[2024-08-27T14:57:40.219+0000][info][gc,marking     ] GC(753) Concurrent Scan Root Regions
[2024-08-27T14:57:40.221+0000][info][gc,marking     ] GC(753) Concurrent Scan Root Regions 1.661ms
[2024-08-27T14:57:40.221+0000][info][gc,marking     ] GC(753) Concurrent Mark
[2024-08-27T14:57:40.221+0000][info][gc,marking     ] GC(753) Concurrent Mark From Roots
[2024-08-27T14:57:40.221+0000][info][gc,task        ] GC(753) Using 17 workers of 17 for marking
[2024-08-27T14:57:40.245+0000][info][gc,marking     ] GC(753) Concurrent Mark From Roots 24.501ms
[2024-08-27T14:57:40.246+0000][info][gc,marking     ] GC(753) Concurrent Preclean
[2024-08-27T14:57:40.246+0000][info][gc,marking     ] GC(753) Concurrent Preclean 0.680ms
[2024-08-27T14:57:40.246+0000][info][gc,start       ] GC(753) Pause Remark
[2024-08-27T14:57:40.248+0000][info][gc             ] GC(753) Pause Remark 877M->877M(1024M) 1.217ms
[2024-08-27T14:57:40.248+0000][info][gc,cpu         ] GC(753) User=0.01s Sys=0.00s Real=0.00s
[2024-08-27T14:57:40.248+0000][info][gc,marking     ] GC(753) Concurrent Mark 26.746ms
[2024-08-27T14:57:40.248+0000][info][gc,marking     ] GC(753) Concurrent Rebuild Remembered Sets
[2024-08-27T14:57:40.268+0000][info][gc,start       ] GC(754) Pause Young (Normal) (G1 Evacuation Pause)
[2024-08-27T14:57:40.269+0000][info][gc,task        ] GC(754) Using 24 workers of 68 for evacuation
[2024-08-27T14:57:40.279+0000][info][gc,phases      ] GC(754)   Pre Evacuate Collection Set: 0.1ms
[2024-08-27T14:57:40.279+0000][info][gc,phases      ] GC(754)   Merge Heap Roots: 0.3ms
[2024-08-27T14:57:40.279+0000][info][gc,phases      ] GC(754)   Evacuate Collection Set: 9.7ms
[2024-08-27T14:57:40.279+0000][info][gc,phases      ] GC(754)   Post Evacuate Collection Set: 0.4ms
[2024-08-27T14:57:40.279+0000][info][gc,phases      ] GC(754)   Other: 0.2ms
[2024-08-27T14:57:40.279+0000][info][gc,heap        ] GC(754) Eden regions: 44->0(44)
[2024-08-27T14:57:40.279+0000][info][gc,heap        ] GC(754) Survivor regions: 7->7(7)
[2024-08-27T14:57:40.279+0000][info][gc,heap        ] GC(754) Old regions: 841->887
[2024-08-27T14:57:40.279+0000][info][gc,heap        ] GC(754) Archive regions: 2->2
[2024-08-27T14:57:40.279+0000][info][gc,heap        ] GC(754) Humongous regions: 5->5
[2024-08-27T14:57:40.279+0000][info][gc,metaspace   ] GC(754) Metaspace: 100K(320K)->100K(320K) NonClass: 96K(192K)->96K(192K) Class: 4K(128K)->4K(128K)
[2024-08-27T14:57:40.279+0000][info][gc             ] GC(754) Pause Young (Normal) (G1 Evacuation Pause) 897M->899M(1024M) 10.779ms
[2024-08-27T14:57:40.279+0000][info][gc,cpu         ] GC(754) User=0.24s Sys=0.00s Real=0.02s
[2024-08-27T14:57:40.322+0000][info][gc,start       ] GC(755) Pause Young (Normal) (G1 Evacuation Pause)
[2024-08-27T14:57:40.322+0000][info][gc,task        ] GC(755) Using 24 workers of 68 for evacuation
[2024-08-27T14:57:40.337+0000][info][gc,phases      ] GC(755)   Pre Evacuate Collection Set: 0.2ms
[2024-08-27T14:57:40.337+0000][info][gc,phases      ] GC(755)   Merge Heap Roots: 0.5ms
[2024-08-27T14:57:40.337+0000][info][gc,phases      ] GC(755)   Evacuate Collection Set: 13.3ms
[2024-08-27T14:57:40.337+0000][info][gc,phases      ] GC(755)   Post Evacuate Collection Set: 0.5ms
[2024-08-27T14:57:40.337+0000][info][gc,phases      ] GC(755)   Other: 0.2ms
[2024-08-27T14:57:40.337+0000][info][gc,heap        ] GC(755) Eden regions: 44->0(44)
[2024-08-27T14:57:40.337+0000][info][gc,heap        ] GC(755) Survivor regions: 7->7(7)
[2024-08-27T14:57:40.337+0000][info][gc,heap        ] GC(755) Old regions: 887->934
[2024-08-27T14:57:40.337+0000][info][gc,heap        ] GC(755) Archive regions: 2->2
[2024-08-27T14:57:40.337+0000][info][gc,heap        ] GC(755) Humongous regions: 5->5
[2024-08-27T14:57:40.337+0000][info][gc,metaspace   ] GC(755) Metaspace: 100K(320K)->100K(320K) NonClass: 96K(192K)->96K(192K) Class: 4K(128K)->4K(128K)
[2024-08-27T14:57:40.337+0000][info][gc             ] GC(755) Pause Young (Normal) (G1 Evacuation Pause) 943M->946M(1024M) 14.738ms
[2024-08-27T14:57:40.337+0000][info][gc,cpu         ] GC(755) User=0.34s Sys=0.00s Real=0.01s
[2024-08-27T14:57:40.340+0000][info][gc,marking     ] GC(753) Concurrent Rebuild Remembered Sets 92.706ms
[2024-08-27T14:57:40.341+0000][info][gc,start       ] GC(753) Pause Cleanup
[2024-08-27T14:57:40.342+0000][info][gc             ] GC(753) Pause Cleanup 950M->950M(1024M) 1.255ms
[2024-08-27T14:57:40.342+0000][info][gc,cpu         ] GC(753) User=0.00s Sys=0.00s Real=0.00s
[2024-08-27T14:57:40.342+0000][info][gc,marking     ] GC(753) Concurrent Cleanup for Next Mark
[2024-08-27T14:57:40.343+0000][info][gc,marking     ] GC(753) Concurrent Cleanup for Next Mark 0.805ms
[2024-08-27T14:57:40.343+0000][info][gc             ] GC(753) Concurrent Mark Cycle 123.581ms
[2024-08-27T14:57:40.362+0000][info][gc,start       ] GC(756) Pause Young (Prepare Mixed) (G1 Preventive Collection)
[2024-08-27T14:57:40.362+0000][info][gc,task        ] GC(756) Using 24 workers of 68 for evacuation
[2024-08-27T14:57:40.377+0000][info][gc,phases      ] GC(756)   Pre Evacuate Collection Set: 0.2ms
[2024-08-27T14:57:40.377+0000][info][gc,phases      ] GC(756)   Merge Heap Roots: 0.6ms
[2024-08-27T14:57:40.377+0000][info][gc,phases      ] GC(756)   Evacuate Collection Set: 13.8ms
[2024-08-27T14:57:40.377+0000][info][gc,phases      ] GC(756)   Post Evacuate Collection Set: 0.3ms
[2024-08-27T14:57:40.377+0000][info][gc,phases      ] GC(756)   Other: 0.2ms
[2024-08-27T14:57:40.377+0000][info][gc,heap        ] GC(756) Eden regions: 33->0(44)
[2024-08-27T14:57:40.377+0000][info][gc,heap        ] GC(756) Survivor regions: 7->7(7)
[2024-08-27T14:57:40.377+0000][info][gc,heap        ] GC(756) Old regions: 934->970
[2024-08-27T14:57:40.377+0000][info][gc,heap        ] GC(756) Archive regions: 2->2
[2024-08-27T14:57:40.377+0000][info][gc,heap        ] GC(756) Humongous regions: 5->5
[2024-08-27T14:57:40.377+0000][info][gc,metaspace   ] GC(756) Metaspace: 100K(320K)->100K(320K) NonClass: 96K(192K)->96K(192K) Class: 4K(128K)->4K(128K)
[2024-08-27T14:57:40.377+0000][info][gc             ] GC(756) Pause Young (Prepare Mixed) (G1 Preventive Collection) 979M->982M(1024M) 15.096ms
[2024-08-27T14:57:40.377+0000][info][gc,cpu         ] GC(756) User=0.35s Sys=0.00s Real=0.01s
[2024-08-27T14:57:40.386+0000][info][gc,start       ] GC(757) Pause Young (Mixed) (G1 Preventive Collection)
[2024-08-27T14:57:40.386+0000][info][gc,task        ] GC(757) Using 24 workers of 68 for evacuation
[2024-08-27T14:57:40.393+0000][info][gc,phases      ] GC(757)   Pre Evacuate Collection Set: 0.2ms
[2024-08-27T14:57:40.393+0000][info][gc,phases      ] GC(757)   Merge Heap Roots: 0.2ms
[2024-08-27T14:57:40.393+0000][info][gc,phases      ] GC(757)   Evacuate Collection Set: 5.8ms
[2024-08-27T14:57:40.393+0000][info][gc,phases      ] GC(757)   Post Evacuate Collection Set: 0.3ms
[2024-08-27T14:57:40.393+0000][info][gc,phases      ] GC(757)   Other: 0.2ms
[2024-08-27T14:57:40.393+0000][info][gc,heap        ] GC(757) Eden regions: 15->0(44)
[2024-08-27T14:57:40.393+0000][info][gc,heap        ] GC(757) Survivor regions: 7->7(7)
[2024-08-27T14:57:40.393+0000][info][gc,heap        ] GC(757) Old regions: 970->885
[2024-08-27T14:57:40.393+0000][info][gc,heap        ] GC(757) Archive regions: 2->2
[2024-08-27T14:57:40.393+0000][info][gc,heap        ] GC(757) Humongous regions: 5->5
[2024-08-27T14:57:40.393+0000][info][gc,metaspace   ] GC(757) Metaspace: 100K(320K)->100K(320K) NonClass: 96K(192K)->96K(192K) Class: 4K(128K)->4K(128K)
[2024-08-27T14:57:40.393+0000][info][gc             ] GC(757) Pause Young (Mixed) (G1 Preventive Collection) 997M->897M(1024M) 6.790ms
[2024-08-27T14:57:40.393+0000][info][gc,cpu         ] GC(757) User=0.14s Sys=0.00s Real=0.01s
[2024-08-27T14:57:40.418+0000][info][gc,start       ] GC(758) Pause Young (Mixed) (G1 Evacuation Pause)
[2024-08-27T14:57:40.418+0000][info][gc,task        ] GC(758) Using 24 workers of 68 for evacuation
[2024-08-27T14:57:40.429+0000][info][gc,phases      ] GC(758)   Pre Evacuate Collection Set: 0.2ms
[2024-08-27T14:57:40.429+0000][info][gc,phases      ] GC(758)   Merge Heap Roots: 0.4ms
[2024-08-27T14:57:40.429+0000][info][gc,phases      ] GC(758)   Evacuate Collection Set: 9.9ms
[2024-08-27T14:57:40.429+0000][info][gc,phases      ] GC(758)   Post Evacuate Collection Set: 0.4ms
[2024-08-27T14:57:40.429+0000][info][gc,phases      ] GC(758)   Other: 0.2ms
[2024-08-27T14:57:40.429+0000][info][gc,heap        ] GC(758) Eden regions: 44->0(44)
[2024-08-27T14:57:40.429+0000][info][gc,heap        ] GC(758) Survivor regions: 7->7(7)
[2024-08-27T14:57:40.429+0000][info][gc,heap        ] GC(758) Old regions: 885->826
[2024-08-27T14:57:40.429+0000][info][gc,heap        ] GC(758) Archive regions: 2->2
[2024-08-27T14:57:40.429+0000][info][gc,heap        ] GC(758) Humongous regions: 5->5
[2024-08-27T14:57:40.429+0000][info][gc,metaspace   ] GC(758) Metaspace: 100K(320K)->100K(320K) NonClass: 96K(192K)->96K(192K) Class: 4K(128K)->4K(128K)
[2024-08-27T14:57:40.429+0000][info][gc             ] GC(758) Pause Young (Mixed) (G1 Evacuation Pause) 941M->838M(1024M) 11.254ms
[2024-08-27T14:57:40.429+0000][info][gc,cpu         ] GC(758) User=0.24s Sys=0.01s Real=0.00s
[2024-08-27T14:57:40.453+0000][info][gc,start       ] GC(759) Pause Young (Mixed) (G1 Evacuation Pause)
[2024-08-27T14:57:40.453+0000][info][gc,task        ] GC(759) Using 24 workers of 68 for evacuation
[2024-08-27T14:57:40.464+0000][info][gc,phases      ] GC(759)   Pre Evacuate Collection Set: 0.2ms
[2024-08-27T14:57:40.464+0000][info][gc,phases      ] GC(759)   Merge Heap Roots: 0.3ms
[2024-08-27T14:57:40.464+0000][info][gc,phases      ] GC(759)   Evacuate Collection Set: 10.2ms
[2024-08-27T14:57:40.464+0000][info][gc,phases      ] GC(759)   Post Evacuate Collection Set: 0.4ms
[2024-08-27T14:57:40.464+0000][info][gc,phases      ] GC(759)   Other: 0.2ms
[2024-08-27T14:57:40.464+0000][info][gc,heap        ] GC(759) Eden regions: 44->0(44)
[2024-08-27T14:57:40.464+0000][info][gc,heap        ] GC(759) Survivor regions: 7->7(7)
[2024-08-27T14:57:40.464+0000][info][gc,heap        ] GC(759) Old regions: 826->770
[2024-08-27T14:57:40.464+0000][info][gc,heap        ] GC(759) Archive regions: 2->2
[2024-08-27T14:57:40.464+0000][info][gc,heap        ] GC(759) Humongous regions: 5->5
[2024-08-27T14:57:40.464+0000][info][gc,metaspace   ] GC(759) Metaspace: 100K(320K)->100K(320K) NonClass: 96K(192K)->96K(192K) Class: 4K(128K)->4K(128K)
[2024-08-27T14:57:40.464+0000][info][gc             ] GC(759) Pause Young (Mixed) (G1 Evacuation Pause) 882M->782M(1024M) 11.357ms
[2024-08-27T14:57:40.464+0000][info][gc,cpu         ] GC(759) User=0.25s Sys=0.00s Real=0.01s
[2024-08-27T14:57:40.489+0000][info][gc,start       ] GC(760) Pause Young (Mixed) (G1 Evacuation Pause)
[2024-08-27T14:57:40.489+0000][info][gc,task        ] GC(760) Using 24 workers of 68 for evacuation
[2024-08-27T14:57:40.500+0000][info][gc,phases      ] GC(760)   Pre Evacuate Collection Set: 0.2ms
[2024-08-27T14:57:40.500+0000][info][gc,phases      ] GC(760)   Merge Heap Roots: 0.3ms
[2024-08-27T14:57:40.500+0000][info][gc,phases      ] GC(760)   Evacuate Collection Set: 10.3ms
[2024-08-27T14:57:40.500+0000][info][gc,phases      ] GC(760)   Post Evacuate Collection Set: 0.4ms
[2024-08-27T14:57:40.500+0000][info][gc,phases      ] GC(760)   Other: 0.3ms
[2024-08-27T14:57:40.500+0000][info][gc,heap        ] GC(760) Eden regions: 44->0(44)
[2024-08-27T14:57:40.500+0000][info][gc,heap        ] GC(760) Survivor regions: 7->7(7)
[2024-08-27T14:57:40.500+0000][info][gc,heap        ] GC(760) Old regions: 770->786
[2024-08-27T14:57:40.500+0000][info][gc,heap        ] GC(760) Archive regions: 2->2
[2024-08-27T14:57:40.500+0000][info][gc,heap        ] GC(760) Humongous regions: 5->5
[2024-08-27T14:57:40.500+0000][info][gc,metaspace   ] GC(760) Metaspace: 100K(320K)->100K(320K) NonClass: 96K(192K)->96K(192K) Class: 4K(128K)->4K(128K)
[2024-08-27T14:57:40.500+0000][info][gc             ] GC(760) Pause Young (Mixed) (G1 Evacuation Pause) 826M->798M(1024M) 11.455ms
[2024-08-27T14:57:40.500+0000][info][gc,cpu         ] GC(760) User=0.25s Sys=0.00s Real=0.02s
[2024-08-27T14:57:40.524+0000][info][gc,start       ] GC(761) Pause Young (Concurrent Start) (G1 Evacuation Pause)
[2024-08-27T14:57:40.524+0000][info][gc,task        ] GC(761) Using 24 workers of 68 for evacuation
[2024-08-27T14:57:40.535+0000][info][gc,phases      ] GC(761)   Pre Evacuate Collection Set: 0.2ms
[2024-08-27T14:57:40.535+0000][info][gc,phases      ] GC(761)   Merge Heap Roots: 0.4ms
[2024-08-27T14:57:40.535+0000][info][gc,phases      ] GC(761)   Evacuate Collection Set: 9.7ms
[2024-08-27T14:57:40.535+0000][info][gc,phases      ] GC(761)   Post Evacuate Collection Set: 0.4ms
[2024-08-27T14:57:40.535+0000][info][gc,phases      ] GC(761)   Other: 0.6ms
[2024-08-27T14:57:40.536+0000][info][gc,heap        ] GC(761) Eden regions: 44->0(44)
[2024-08-27T14:57:40.536+0000][info][gc,heap        ] GC(761) Survivor regions: 7->7(7)
[2024-08-27T14:57:40.536+0000][info][gc,heap        ] GC(761) Old regions: 786->833
[2024-08-27T14:57:40.536+0000][info][gc,heap        ] GC(761) Archive regions: 2->2
[2024-08-27T14:57:40.536+0000][info][gc,heap        ] GC(761) Humongous regions: 5->5
[2024-08-27T14:57:40.536+0000][info][gc,metaspace   ] GC(761) Metaspace: 100K(320K)->100K(320K) NonClass: 96K(192K)->96K(192K) Class: 4K(128K)->4K(128K)
[2024-08-27T14:57:40.536+0000][info][gc             ] GC(761) Pause Young (Concurrent Start) (G1 Evacuation Pause) 842M->845M(1024M) 11.332ms
[2024-08-27T14:57:40.536+0000][info][gc,cpu         ] GC(761) User=0.25s Sys=0.00s Real=0.01s
[2024-08-27T14:57:40.536+0000][info][gc             ] GC(762) Concurrent Mark Cycle
[2024-08-27T14:57:40.536+0000][info][gc,marking     ] GC(762) Concurrent Clear Claimed Marks
[2024-08-27T14:57:40.536+0000][info][gc,marking     ] GC(762) Concurrent Clear Claimed Marks 0.010ms
[2024-08-27T14:57:40.536+0000][info][gc,marking     ] GC(762) Concurrent Scan Root Regions
[2024-08-27T14:57:40.537+0000][info][gc,marking     ] GC(762) Concurrent Scan Root Regions 1.668ms
[2024-08-27T14:57:40.537+0000][info][gc,marking     ] GC(762) Concurrent Mark
[2024-08-27T14:57:40.537+0000][info][gc,marking     ] GC(762) Concurrent Mark From Roots
[2024-08-27T14:57:40.537+0000][info][gc,task        ] GC(762) Using 17 workers of 17 for marking
[2024-08-27T14:57:40.561+0000][info][gc,marking     ] GC(762) Concurrent Mark From Roots 23.882ms
[2024-08-27T14:57:40.561+0000][info][gc,marking     ] GC(762) Concurrent Preclean
[2024-08-27T14:57:40.562+0000][info][gc,marking     ] GC(762) Concurrent Preclean 0.673ms
[2024-08-27T14:57:40.562+0000][info][gc,start       ] GC(762) Pause Remark
[2024-08-27T14:57:40.564+0000][info][gc             ] GC(762) Pause Remark 869M->869M(1024M) 1.351ms
[2024-08-27T14:57:40.564+0000][info][gc,cpu         ] GC(762) User=0.00s Sys=0.01s Real=0.00s
[2024-08-27T14:57:40.564+0000][info][gc,marking     ] GC(762) Concurrent Mark 26.262ms
[2024-08-27T14:57:40.564+0000][info][gc,marking     ] GC(762) Concurrent Rebuild Remembered Sets
[2024-08-27T14:57:40.584+0000][info][gc,start       ] GC(763) Pause Young (Normal) (G1 Evacuation Pause)
[2024-08-27T14:57:40.584+0000][info][gc,task        ] GC(763) Using 24 workers of 68 for evacuation
[2024-08-27T14:57:40.595+0000][info][gc,phases      ] GC(763)   Pre Evacuate Collection Set: 0.1ms
[2024-08-27T14:57:40.595+0000][info][gc,phases      ] GC(763)   Merge Heap Roots: 0.4ms
[2024-08-27T14:57:40.595+0000][info][gc,phases      ] GC(763)   Evacuate Collection Set: 9.9ms
[2024-08-27T14:57:40.595+0000][info][gc,phases      ] GC(763)   Post Evacuate Collection Set: 0.4ms
[2024-08-27T14:57:40.595+0000][info][gc,phases      ] GC(763)   Other: 0.2ms
[2024-08-27T14:57:40.595+0000][info][gc,heap        ] GC(763) Eden regions: 44->0(44)
[2024-08-27T14:57:40.595+0000][info][gc,heap        ] GC(763) Survivor regions: 7->7(7)
[2024-08-27T14:57:40.595+0000][info][gc,heap        ] GC(763) Old regions: 833->880
[2024-08-27T14:57:40.595+0000][info][gc,heap        ] GC(763) Archive regions: 2->2
[2024-08-27T14:57:40.595+0000][info][gc,heap        ] GC(763) Humongous regions: 5->5
[2024-08-27T14:57:40.595+0000][info][gc,metaspace   ] GC(763) Metaspace: 100K(320K)->100K(320K) NonClass: 96K(192K)->96K(192K) Class: 4K(128K)->4K(128K)
[2024-08-27T14:57:40.595+0000][info][gc             ] GC(763) Pause Young (Normal) (G1 Evacuation Pause) 889M->892M(1024M) 11.101ms
[2024-08-27T14:57:40.595+0000][info][gc,cpu         ] GC(763) User=0.24s Sys=0.00s Real=0.01s
[2024-08-27T14:57:40.637+0000][info][gc,start       ] GC(764) Pause Young (Normal) (G1 Evacuation Pause)
[2024-08-27T14:57:40.637+0000][info][gc,task        ] GC(764) Using 24 workers of 68 for evacuation
[2024-08-27T14:57:40.652+0000][info][gc,phases      ] GC(764)   Pre Evacuate Collection Set: 0.2ms
[2024-08-27T14:57:40.652+0000][info][gc,phases      ] GC(764)   Merge Heap Roots: 0.4ms
[2024-08-27T14:57:40.652+0000][info][gc,phases      ] GC(764)   Evacuate Collection Set: 14.2ms
[2024-08-27T14:57:40.652+0000][info][gc,phases      ] GC(764)   Post Evacuate Collection Set: 0.5ms
[2024-08-27T14:57:40.652+0000][info][gc,phases      ] GC(764)   Other: 0.2ms
[2024-08-27T14:57:40.652+0000][info][gc,heap        ] GC(764) Eden regions: 44->0(44)
[2024-08-27T14:57:40.652+0000][info][gc,heap        ] GC(764) Survivor regions: 7->7(7)
[2024-08-27T14:57:40.652+0000][info][gc,heap        ] GC(764) Old regions: 880->927
[2024-08-27T14:57:40.652+0000][info][gc,heap        ] GC(764) Archive regions: 2->2
[2024-08-27T14:57:40.652+0000][info][gc,heap        ] GC(764) Humongous regions: 5->5
[2024-08-27T14:57:40.652+0000][info][gc,metaspace   ] GC(764) Metaspace: 100K(320K)->100K(320K) NonClass: 96K(192K)->96K(192K) Class: 4K(128K)->4K(128K)
[2024-08-27T14:57:40.652+0000][info][gc             ] GC(764) Pause Young (Normal) (G1 Evacuation Pause) 936M->939M(1024M) 15.594ms
[2024-08-27T14:57:40.652+0000][info][gc,cpu         ] GC(764) User=0.36s Sys=0.00s Real=0.02s
[2024-08-27T14:57:40.657+0000][info][gc,marking     ] GC(762) Concurrent Rebuild Remembered Sets 93.692ms
[2024-08-27T14:57:40.658+0000][info][gc,start       ] GC(762) Pause Cleanup
[2024-08-27T14:57:40.659+0000][info][gc             ] GC(762) Pause Cleanup 945M->945M(1024M) 1.285ms
[2024-08-27T14:57:40.659+0000][info][gc,cpu         ] GC(762) User=0.01s Sys=0.00s Real=0.00s
[2024-08-27T14:57:40.659+0000][info][gc,marking     ] GC(762) Concurrent Cleanup for Next Mark
[2024-08-27T14:57:40.660+0000][info][gc,marking     ] GC(762) Concurrent Cleanup for Next Mark 0.758ms
[2024-08-27T14:57:40.660+0000][info][gc             ] GC(762) Concurrent Mark Cycle 124.092ms
[2024-08-27T14:57:40.679+0000][info][gc,start       ] GC(765) Pause Young (Prepare Mixed) (G1 Preventive Collection)
[2024-08-27T14:57:40.679+0000][info][gc,task        ] GC(765) Using 24 workers of 68 for evacuation
[2024-08-27T14:57:40.696+0000][info][gc,phases      ] GC(765)   Pre Evacuate Collection Set: 0.2ms
[2024-08-27T14:57:40.696+0000][info][gc,phases      ] GC(765)   Merge Heap Roots: 0.4ms
[2024-08-27T14:57:40.696+0000][info][gc,phases      ] GC(765)   Evacuate Collection Set: 15.6ms
[2024-08-27T14:57:40.696+0000][info][gc,phases      ] GC(765)   Post Evacuate Collection Set: 0.3ms
[2024-08-27T14:57:40.696+0000][info][gc,phases      ] GC(765)   Other: 0.2ms
[2024-08-27T14:57:40.696+0000][info][gc,heap        ] GC(765) Eden regions: 36->0(44)
[2024-08-27T14:57:40.696+0000][info][gc,heap        ] GC(765) Survivor regions: 7->7(7)
[2024-08-27T14:57:40.696+0000][info][gc,heap        ] GC(765) Old regions: 927->966
[2024-08-27T14:57:40.696+0000][info][gc,heap        ] GC(765) Archive regions: 2->2
[2024-08-27T14:57:40.696+0000][info][gc,heap        ] GC(765) Humongous regions: 5->5
[2024-08-27T14:57:40.696+0000][info][gc,metaspace   ] GC(765) Metaspace: 100K(320K)->100K(320K) NonClass: 96K(192K)->96K(192K) Class: 4K(128K)->4K(128K)
[2024-08-27T14:57:40.696+0000][info][gc             ] GC(765) Pause Young (Prepare Mixed) (G1 Preventive Collection) 975M->978M(1024M) 16.669ms
[2024-08-27T14:57:40.696+0000][info][gc,cpu         ] GC(765) User=0.38s Sys=0.00s Real=0.01s
[2024-08-27T14:57:40.706+0000][info][gc,start       ] GC(766) Pause Young (Mixed) (G1 Preventive Collection)
[2024-08-27T14:57:40.706+0000][info][gc,task        ] GC(766) Using 24 workers of 68 for evacuation
[2024-08-27T14:57:40.714+0000][info][gc             ] GC(766) To-space exhausted
[2024-08-27T14:57:40.714+0000][info][gc,phases      ] GC(766)   Pre Evacuate Collection Set: 0.2ms
[2024-08-27T14:57:40.714+0000][info][gc,phases      ] GC(766)   Merge Heap Roots: 0.3ms
[2024-08-27T14:57:40.714+0000][info][gc,phases      ] GC(766)   Evacuate Collection Set: 6.1ms
[2024-08-27T14:57:40.714+0000][info][gc,phases      ] GC(766)   Post Evacuate Collection Set: 0.6ms
[2024-08-27T14:57:40.714+0000][info][gc,phases      ] GC(766)   Other: 0.2ms
[2024-08-27T14:57:40.714+0000][info][gc,heap        ] GC(766) Eden regions: 17->0(44)
[2024-08-27T14:57:40.714+0000][info][gc,heap        ] GC(766) Survivor regions: 7->7(7)
[2024-08-27T14:57:40.714+0000][info][gc,heap        ] GC(766) Old regions: 966->895
[2024-08-27T14:57:40.714+0000][info][gc,heap        ] GC(766) Archive regions: 2->2
[2024-08-27T14:57:40.714+0000][info][gc,heap        ] GC(766) Humongous regions: 5->5
[2024-08-27T14:57:40.714+0000][info][gc,metaspace   ] GC(766) Metaspace: 100K(320K)->100K(320K) NonClass: 96K(192K)->96K(192K) Class: 4K(128K)->4K(128K)
[2024-08-27T14:57:40.714+0000][info][gc             ] GC(766) Pause Young (Mixed) (G1 Preventive Collection) 995M->907M(1024M) 7.489ms
[2024-08-27T14:57:40.714+0000][info][gc,cpu         ] GC(766) User=0.15s Sys=0.01s Real=0.01s
[2024-08-27T14:57:40.739+0000][info][gc,start       ] GC(767) Pause Young (Mixed) (G1 Evacuation Pause)
[2024-08-27T14:57:40.739+0000][info][gc,task        ] GC(767) Using 24 workers of 68 for evacuation
[2024-08-27T14:57:40.750+0000][info][gc,phases      ] GC(767)   Pre Evacuate Collection Set: 0.2ms
[2024-08-27T14:57:40.750+0000][info][gc,phases      ] GC(767)   Merge Heap Roots: 0.3ms
[2024-08-27T14:57:40.750+0000][info][gc,phases      ] GC(767)   Evacuate Collection Set: 10.0ms
[2024-08-27T14:57:40.750+0000][info][gc,phases      ] GC(767)   Post Evacuate Collection Set: 0.4ms
[2024-08-27T14:57:40.750+0000][info][gc,phases      ] GC(767)   Other: 0.2ms
[2024-08-27T14:57:40.750+0000][info][gc,heap        ] GC(767) Eden regions: 44->0(44)
[2024-08-27T14:57:40.750+0000][info][gc,heap        ] GC(767) Survivor regions: 7->7(7)
[2024-08-27T14:57:40.750+0000][info][gc,heap        ] GC(767) Old regions: 895->837
[2024-08-27T14:57:40.750+0000][info][gc,heap        ] GC(767) Archive regions: 2->2
[2024-08-27T14:57:40.750+0000][info][gc,heap        ] GC(767) Humongous regions: 5->5
[2024-08-27T14:57:40.750+0000][info][gc,metaspace   ] GC(767) Metaspace: 100K(320K)->100K(320K) NonClass: 96K(192K)->96K(192K) Class: 4K(128K)->4K(128K)
[2024-08-27T14:57:40.750+0000][info][gc             ] GC(767) Pause Young (Mixed) (G1 Evacuation Pause) 951M->849M(1024M) 11.230ms
[2024-08-27T14:57:40.750+0000][info][gc,cpu         ] GC(767) User=0.24s Sys=0.01s Real=0.01s
[2024-08-27T14:57:40.774+0000][info][gc,start       ] GC(768) Pause Young (Mixed) (G1 Evacuation Pause)
[2024-08-27T14:57:40.774+0000][info][gc,task        ] GC(768) Using 24 workers of 68 for evacuation
[2024-08-27T14:57:40.785+0000][info][gc,phases      ] GC(768)   Pre Evacuate Collection Set: 0.2ms
[2024-08-27T14:57:40.785+0000][info][gc,phases      ] GC(768)   Merge Heap Roots: 0.4ms
[2024-08-27T14:57:40.785+0000][info][gc,phases      ] GC(768)   Evacuate Collection Set: 10.0ms
[2024-08-27T14:57:40.786+0000][info][gc,phases      ] GC(768)   Post Evacuate Collection Set: 0.4ms
[2024-08-27T14:57:40.786+0000][info][gc,phases      ] GC(768)   Other: 0.2ms
[2024-08-27T14:57:40.786+0000][info][gc,heap        ] GC(768) Eden regions: 44->0(44)
[2024-08-27T14:57:40.786+0000][info][gc,heap        ] GC(768) Survivor regions: 7->7(7)
[2024-08-27T14:57:40.786+0000][info][gc,heap        ] GC(768) Old regions: 837->780
[2024-08-27T14:57:40.786+0000][info][gc,heap        ] GC(768) Archive regions: 2->2
[2024-08-27T14:57:40.786+0000][info][gc,heap        ] GC(768) Humongous regions: 5->5
[2024-08-27T14:57:40.786+0000][info][gc,metaspace   ] GC(768) Metaspace: 100K(320K)->100K(320K) NonClass: 96K(192K)->96K(192K) Class: 4K(128K)->4K(128K)
[2024-08-27T14:57:40.786+0000][info][gc             ] GC(768) Pause Young (Mixed) (G1 Evacuation Pause) 893M->792M(1024M) 11.306ms
[2024-08-27T14:57:40.786+0000][info][gc,cpu         ] GC(768) User=0.24s Sys=0.00s Real=0.01s
[2024-08-27T14:57:40.810+0000][info][gc,start       ] GC(769) Pause Young (Mixed) (G1 Evacuation Pause)
[2024-08-27T14:57:40.810+0000][info][gc,task        ] GC(769) Using 24 workers of 68 for evacuation
[2024-08-27T14:57:40.821+0000][info][gc,phases      ] GC(769)   Pre Evacuate Collection Set: 0.2ms
[2024-08-27T14:57:40.821+0000][info][gc,phases      ] GC(769)   Merge Heap Roots: 0.3ms
[2024-08-27T14:57:40.821+0000][info][gc,phases      ] GC(769)   Evacuate Collection Set: 10.2ms
[2024-08-27T14:57:40.821+0000][info][gc,phases      ] GC(769)   Post Evacuate Collection Set: 0.3ms
[2024-08-27T14:57:40.821+0000][info][gc,phases      ] GC(769)   Other: 0.3ms
[2024-08-27T14:57:40.821+0000][info][gc,heap        ] GC(769) Eden regions: 44->0(44)
[2024-08-27T14:57:40.821+0000][info][gc,heap        ] GC(769) Survivor regions: 7->7(7)
[2024-08-27T14:57:40.821+0000][info][gc,heap        ] GC(769) Old regions: 780->805
[2024-08-27T14:57:40.821+0000][info][gc,heap        ] GC(769) Archive regions: 2->2
[2024-08-27T14:57:40.821+0000][info][gc,heap        ] GC(769) Humongous regions: 5->5
[2024-08-27T14:57:40.821+0000][info][gc,metaspace   ] GC(769) Metaspace: 100K(320K)->100K(320K) NonClass: 96K(192K)->96K(192K) Class: 4K(128K)->4K(128K)
[2024-08-27T14:57:40.821+0000][info][gc             ] GC(769) Pause Young (Mixed) (G1 Evacuation Pause) 836M->817M(1024M) 11.427ms
[2024-08-27T14:57:40.821+0000][info][gc,cpu         ] GC(769) User=0.24s Sys=0.01s Real=0.01s
[2024-08-27T14:57:40.845+0000][info][gc,start       ] GC(770) Pause Young (Concurrent Start) (G1 Evacuation Pause)
[2024-08-27T14:57:40.845+0000][info][gc,task        ] GC(770) Using 24 workers of 68 for evacuation
[2024-08-27T14:57:40.856+0000][info][gc,phases      ] GC(770)   Pre Evacuate Collection Set: 0.2ms
[2024-08-27T14:57:40.856+0000][info][gc,phases      ] GC(770)   Merge Heap Roots: 0.2ms
[2024-08-27T14:57:40.856+0000][info][gc,phases      ] GC(770)   Evacuate Collection Set: 9.7ms
[2024-08-27T14:57:40.857+0000][info][gc,phases      ] GC(770)   Post Evacuate Collection Set: 0.3ms
[2024-08-27T14:57:40.857+0000][info][gc,phases      ] GC(770)   Other: 0.6ms
[2024-08-27T14:57:40.857+0000][info][gc,heap        ] GC(770) Eden regions: 44->0(44)
[2024-08-27T14:57:40.857+0000][info][gc,heap        ] GC(770) Survivor regions: 7->7(7)
[2024-08-27T14:57:40.857+0000][info][gc,heap        ] GC(770) Old regions: 805->851
[2024-08-27T14:57:40.857+0000][info][gc,heap        ] GC(770) Archive regions: 2->2
[2024-08-27T14:57:40.857+0000][info][gc,heap        ] GC(770) Humongous regions: 5->5
[2024-08-27T14:57:40.857+0000][info][gc,metaspace   ] GC(770) Metaspace: 100K(320K)->100K(320K) NonClass: 96K(192K)->96K(192K) Class: 4K(128K)->4K(128K)
[2024-08-27T14:57:40.857+0000][info][gc             ] GC(770) Pause Young (Concurrent Start) (G1 Evacuation Pause) 861M->863M(1024M) 11.195ms
[2024-08-27T14:57:40.857+0000][info][gc,cpu         ] GC(770) User=0.23s Sys=0.00s Real=0.01s
[2024-08-27T14:57:40.857+0000][info][gc             ] GC(771) Concurrent Mark Cycle
[2024-08-27T14:57:40.857+0000][info][gc,marking     ] GC(771) Concurrent Clear Claimed Marks
[2024-08-27T14:57:40.857+0000][info][gc,marking     ] GC(771) Concurrent Clear Claimed Marks 0.014ms
[2024-08-27T14:57:40.857+0000][info][gc,marking     ] GC(771) Concurrent Scan Root Regions
[2024-08-27T14:57:40.858+0000][info][gc,marking     ] GC(771) Concurrent Scan Root Regions 1.730ms
[2024-08-27T14:57:40.859+0000][info][gc,marking     ] GC(771) Concurrent Mark
[2024-08-27T14:57:40.859+0000][info][gc,marking     ] GC(771) Concurrent Mark From Roots
[2024-08-27T14:57:40.859+0000][info][gc,task        ] GC(771) Using 17 workers of 17 for marking
[2024-08-27T14:57:40.883+0000][info][gc,marking     ] GC(771) Concurrent Mark From Roots 24.584ms
[2024-08-27T14:57:40.883+0000][info][gc,marking     ] GC(771) Concurrent Preclean
[2024-08-27T14:57:40.884+0000][info][gc,marking     ] GC(771) Concurrent Preclean 0.968ms
[2024-08-27T14:57:40.885+0000][info][gc,start       ] GC(771) Pause Remark
[2024-08-27T14:57:40.886+0000][info][gc             ] GC(771) Pause Remark 888M->888M(1024M) 1.311ms
[2024-08-27T14:57:40.886+0000][info][gc,cpu         ] GC(771) User=0.01s Sys=0.00s Real=0.00s
[2024-08-27T14:57:40.886+0000][info][gc,marking     ] GC(771) Concurrent Mark 27.444ms
[2024-08-27T14:57:40.886+0000][info][gc,marking     ] GC(771) Concurrent Rebuild Remembered Sets
[2024-08-27T14:57:40.906+0000][info][gc,start       ] GC(772) Pause Young (Normal) (G1 Evacuation Pause)
[2024-08-27T14:57:40.906+0000][info][gc,task        ] GC(772) Using 24 workers of 68 for evacuation
[2024-08-27T14:57:40.917+0000][info][gc,phases      ] GC(772)   Pre Evacuate Collection Set: 0.1ms
[2024-08-27T14:57:40.917+0000][info][gc,phases      ] GC(772)   Merge Heap Roots: 0.4ms
[2024-08-27T14:57:40.917+0000][info][gc,phases      ] GC(772)   Evacuate Collection Set: 9.7ms
[2024-08-27T14:57:40.917+0000][info][gc,phases      ] GC(772)   Post Evacuate Collection Set: 0.4ms
[2024-08-27T14:57:40.917+0000][info][gc,phases      ] GC(772)   Other: 0.2ms
[2024-08-27T14:57:40.917+0000][info][gc,heap        ] GC(772) Eden regions: 44->0(44)
[2024-08-27T14:57:40.917+0000][info][gc,heap        ] GC(772) Survivor regions: 7->7(7)
[2024-08-27T14:57:40.917+0000][info][gc,heap        ] GC(772) Old regions: 851->898
[2024-08-27T14:57:40.917+0000][info][gc,heap        ] GC(772) Archive regions: 2->2
[2024-08-27T14:57:40.917+0000][info][gc,heap        ] GC(772) Humongous regions: 5->5
[2024-08-27T14:57:40.917+0000][info][gc,metaspace   ] GC(772) Metaspace: 100K(320K)->100K(320K) NonClass: 96K(192K)->96K(192K) Class: 4K(128K)->4K(128K)
[2024-08-27T14:57:40.917+0000][info][gc             ] GC(772) Pause Young (Normal) (G1 Evacuation Pause) 907M->910M(1024M) 10.937ms
[2024-08-27T14:57:40.917+0000][info][gc,cpu         ] GC(772) User=0.24s Sys=0.00s Real=0.01s
[2024-08-27T14:57:40.959+0000][info][gc,start       ] GC(773) Pause Young (Normal) (G1 Evacuation Pause)
[2024-08-27T14:57:40.959+0000][info][gc,task        ] GC(773) Using 24 workers of 68 for evacuation
[2024-08-27T14:57:40.973+0000][info][gc,phases      ] GC(773)   Pre Evacuate Collection Set: 0.1ms
[2024-08-27T14:57:40.973+0000][info][gc,phases      ] GC(773)   Merge Heap Roots: 0.3ms
[2024-08-27T14:57:40.973+0000][info][gc,phases      ] GC(773)   Evacuate Collection Set: 13.3ms
[2024-08-27T14:57:40.973+0000][info][gc,phases      ] GC(773)   Post Evacuate Collection Set: 0.5ms
[2024-08-27T14:57:40.973+0000][info][gc,phases      ] GC(773)   Other: 0.2ms
[2024-08-27T14:57:40.973+0000][info][gc,heap        ] GC(773) Eden regions: 44->0(44)
[2024-08-27T14:57:40.973+0000][info][gc,heap        ] GC(773) Survivor regions: 7->7(7)
[2024-08-27T14:57:40.973+0000][info][gc,heap        ] GC(773) Old regions: 898->945
[2024-08-27T14:57:40.973+0000][info][gc,heap        ] GC(773) Archive regions: 2->2
[2024-08-27T14:57:40.973+0000][info][gc,heap        ] GC(773) Humongous regions: 5->5
[2024-08-27T14:57:40.973+0000][info][gc,metaspace   ] GC(773) Metaspace: 100K(320K)->100K(320K) NonClass: 96K(192K)->96K(192K) Class: 4K(128K)->4K(128K)
[2024-08-27T14:57:40.973+0000][info][gc             ] GC(773) Pause Young (Normal) (G1 Evacuation Pause) 954M->957M(1024M) 14.512ms
[2024-08-27T14:57:40.973+0000][info][gc,cpu         ] GC(773) User=0.33s Sys=0.00s Real=0.01s
[2024-08-27T14:57:40.980+0000][info][gc,marking     ] GC(771) Concurrent Rebuild Remembered Sets 93.577ms
[2024-08-27T14:57:40.980+0000][info][gc,start       ] GC(771) Pause Cleanup
[2024-08-27T14:57:40.981+0000][info][gc             ] GC(771) Pause Cleanup 965M->965M(1024M) 1.300ms
[2024-08-27T14:57:40.981+0000][info][gc,cpu         ] GC(771) User=0.01s Sys=0.00s Real=0.00s
[2024-08-27T14:57:40.981+0000][info][gc,marking     ] GC(771) Concurrent Cleanup for Next Mark
[2024-08-27T14:57:40.982+0000][info][gc,marking     ] GC(771) Concurrent Cleanup for Next Mark 0.810ms
[2024-08-27T14:57:40.982+0000][info][gc             ] GC(771) Concurrent Mark Cycle 125.300ms
[2024-08-27T14:57:40.995+0000][info][gc,start       ] GC(774) Pause Young (Prepare Mixed) (G1 Preventive Collection)
[2024-08-27T14:57:40.995+0000][info][gc,task        ] GC(774) Using 24 workers of 68 for evacuation
[2024-08-27T14:57:41.009+0000][info][gc,phases      ] GC(774)   Pre Evacuate Collection Set: 0.2ms
[2024-08-27T14:57:41.009+0000][info][gc,phases      ] GC(774)   Merge Heap Roots: 0.5ms
[2024-08-27T14:57:41.009+0000][info][gc,phases      ] GC(774)   Evacuate Collection Set: 13.0ms
[2024-08-27T14:57:41.009+0000][info][gc,phases      ] GC(774)   Post Evacuate Collection Set: 0.3ms
[2024-08-27T14:57:41.009+0000][info][gc,phases      ] GC(774)   Other: 0.2ms
[2024-08-27T14:57:41.009+0000][info][gc,heap        ] GC(774) Eden regions: 27->0(44)
[2024-08-27T14:57:41.009+0000][info][gc,heap        ] GC(774) Survivor regions: 7->7(7)
[2024-08-27T14:57:41.009+0000][info][gc,heap        ] GC(774) Old regions: 945->976
[2024-08-27T14:57:41.009+0000][info][gc,heap        ] GC(774) Archive regions: 2->2
[2024-08-27T14:57:41.009+0000][info][gc,heap        ] GC(774) Humongous regions: 5->5
[2024-08-27T14:57:41.009+0000][info][gc,metaspace   ] GC(774) Metaspace: 100K(320K)->100K(320K) NonClass: 96K(192K)->96K(192K) Class: 4K(128K)->4K(128K)
[2024-08-27T14:57:41.009+0000][info][gc             ] GC(774) Pause Young (Prepare Mixed) (G1 Preventive Collection) 984M->988M(1024M) 14.213ms
[2024-08-27T14:57:41.009+0000][info][gc,cpu         ] GC(774) User=0.33s Sys=0.00s Real=0.01s
[2024-08-27T14:57:41.017+0000][info][gc,start       ] GC(775) Pause Young (Mixed) (G1 Preventive Collection)
[2024-08-27T14:57:41.017+0000][info][gc,task        ] GC(775) Using 24 workers of 68 for evacuation
[2024-08-27T14:57:41.022+0000][info][gc,phases      ] GC(775)   Pre Evacuate Collection Set: 0.2ms
[2024-08-27T14:57:41.022+0000][info][gc,phases      ] GC(775)   Merge Heap Roots: 0.3ms
[2024-08-27T14:57:41.022+0000][info][gc,phases      ] GC(775)   Evacuate Collection Set: 4.6ms
[2024-08-27T14:57:41.022+0000][info][gc,phases      ] GC(775)   Post Evacuate Collection Set: 0.3ms
[2024-08-27T14:57:41.022+0000][info][gc,phases      ] GC(775)   Other: 0.2ms
[2024-08-27T14:57:41.022+0000][info][gc,heap        ] GC(775) Eden regions: 12->0(44)
[2024-08-27T14:57:41.022+0000][info][gc,heap        ] GC(775) Survivor regions: 7->7(7)
[2024-08-27T14:57:41.022+0000][info][gc,heap        ] GC(775) Old regions: 976->888
[2024-08-27T14:57:41.022+0000][info][gc,heap        ] GC(775) Archive regions: 2->2
[2024-08-27T14:57:41.022+0000][info][gc,heap        ] GC(775) Humongous regions: 5->5
[2024-08-27T14:57:41.022+0000][info][gc,metaspace   ] GC(775) Metaspace: 100K(320K)->100K(320K) NonClass: 96K(192K)->96K(192K) Class: 4K(128K)->4K(128K)
[2024-08-27T14:57:41.022+0000][info][gc             ] GC(775) Pause Young (Mixed) (G1 Preventive Collection) 1000M->900M(1024M) 5.682ms
[2024-08-27T14:57:41.022+0000][info][gc,cpu         ] GC(775) User=0.11s Sys=0.00s Real=0.01s
[2024-08-27T14:57:41.047+0000][info][gc,start       ] GC(776) Pause Young (Mixed) (G1 Evacuation Pause)
[2024-08-27T14:57:41.047+0000][info][gc,task        ] GC(776) Using 24 workers of 68 for evacuation
[2024-08-27T14:57:41.057+0000][info][gc,phases      ] GC(776)   Pre Evacuate Collection Set: 0.2ms
[2024-08-27T14:57:41.058+0000][info][gc,phases      ] GC(776)   Merge Heap Roots: 0.4ms
[2024-08-27T14:57:41.058+0000][info][gc,phases      ] GC(776)   Evacuate Collection Set: 9.6ms
[2024-08-27T14:57:41.058+0000][info][gc,phases      ] GC(776)   Post Evacuate Collection Set: 0.4ms
[2024-08-27T14:57:41.058+0000][info][gc,phases      ] GC(776)   Other: 0.2ms
[2024-08-27T14:57:41.058+0000][info][gc,heap        ] GC(776) Eden regions: 44->0(44)
[2024-08-27T14:57:41.058+0000][info][gc,heap        ] GC(776) Survivor regions: 7->7(7)
[2024-08-27T14:57:41.058+0000][info][gc,heap        ] GC(776) Old regions: 888->830
[2024-08-27T14:57:41.058+0000][info][gc,heap        ] GC(776) Archive regions: 2->2
[2024-08-27T14:57:41.058+0000][info][gc,heap        ] GC(776) Humongous regions: 5->5
[2024-08-27T14:57:41.058+0000][info][gc,metaspace   ] GC(776) Metaspace: 100K(320K)->100K(320K) NonClass: 96K(192K)->96K(192K) Class: 4K(128K)->4K(128K)
[2024-08-27T14:57:41.058+0000][info][gc             ] GC(776) Pause Young (Mixed) (G1 Evacuation Pause) 944M->842M(1024M) 10.988ms
[2024-08-27T14:57:41.058+0000][info][gc,cpu         ] GC(776) User=0.24s Sys=0.01s Real=0.02s
[2024-08-27T14:57:41.082+0000][info][gc,start       ] GC(777) Pause Young (Mixed) (G1 Evacuation Pause)
[2024-08-27T14:57:41.082+0000][info][gc,task        ] GC(777) Using 24 workers of 68 for evacuation
[2024-08-27T14:57:41.093+0000][info][gc,phases      ] GC(777)   Pre Evacuate Collection Set: 0.3ms
[2024-08-27T14:57:41.094+0000][info][gc,phases      ] GC(777)   Merge Heap Roots: 0.4ms
[2024-08-27T14:57:41.094+0000][info][gc,phases      ] GC(777)   Evacuate Collection Set: 9.9ms
[2024-08-27T14:57:41.094+0000][info][gc,phases      ] GC(777)   Post Evacuate Collection Set: 0.4ms
[2024-08-27T14:57:41.094+0000][info][gc,phases      ] GC(777)   Other: 0.3ms
[2024-08-27T14:57:41.094+0000][info][gc,heap        ] GC(777) Eden regions: 44->0(44)
[2024-08-27T14:57:41.094+0000][info][gc,heap        ] GC(777) Survivor regions: 7->7(7)
[2024-08-27T14:57:41.094+0000][info][gc,heap        ] GC(777) Old regions: 830->772
[2024-08-27T14:57:41.094+0000][info][gc,heap        ] GC(777) Archive regions: 2->2
[2024-08-27T14:57:41.094+0000][info][gc,heap        ] GC(777) Humongous regions: 5->5
[2024-08-27T14:57:41.094+0000][info][gc,metaspace   ] GC(777) Metaspace: 100K(320K)->100K(320K) NonClass: 96K(192K)->96K(192K) Class: 4K(128K)->4K(128K)
[2024-08-27T14:57:41.094+0000][info][gc             ] GC(777) Pause Young (Mixed) (G1 Evacuation Pause) 886M->784M(1024M) 11.482ms
[2024-08-27T14:57:41.094+0000][info][gc,cpu         ] GC(777) User=0.25s Sys=0.00s Real=0.01s
[2024-08-27T14:57:41.118+0000][info][gc,start       ] GC(778) Pause Young (Mixed) (G1 Evacuation Pause)
[2024-08-27T14:57:41.118+0000][info][gc,task        ] GC(778) Using 24 workers of 68 for evacuation
[2024-08-27T14:57:41.130+0000][info][gc,phases      ] GC(778)   Pre Evacuate Collection Set: 0.2ms
[2024-08-27T14:57:41.130+0000][info][gc,phases      ] GC(778)   Merge Heap Roots: 0.4ms
[2024-08-27T14:57:41.130+0000][info][gc,phases      ] GC(778)   Evacuate Collection Set: 10.7ms
[2024-08-27T14:57:41.130+0000][info][gc,phases      ] GC(778)   Post Evacuate Collection Set: 0.4ms
[2024-08-27T14:57:41.130+0000][info][gc,phases      ] GC(778)   Other: 0.2ms
[2024-08-27T14:57:41.130+0000][info][gc,heap        ] GC(778) Eden regions: 44->0(44)
[2024-08-27T14:57:41.130+0000][info][gc,heap        ] GC(778) Survivor regions: 7->7(7)
[2024-08-27T14:57:41.130+0000][info][gc,heap        ] GC(778) Old regions: 772->779
[2024-08-27T14:57:41.130+0000][info][gc,heap        ] GC(778) Archive regions: 2->2
[2024-08-27T14:57:41.130+0000][info][gc,heap        ] GC(778) Humongous regions: 5->5
[2024-08-27T14:57:41.130+0000][info][gc,metaspace   ] GC(778) Metaspace: 100K(320K)->100K(320K) NonClass: 96K(192K)->96K(192K) Class: 4K(128K)->4K(128K)
[2024-08-27T14:57:41.130+0000][info][gc             ] GC(778) Pause Young (Mixed) (G1 Evacuation Pause) 828M->791M(1024M) 11.953ms
[2024-08-27T14:57:41.130+0000][info][gc,cpu         ] GC(778) User=0.25s Sys=0.01s Real=0.01s
[2024-08-27T14:57:41.155+0000][info][gc,start       ] GC(779) Pause Young (Concurrent Start) (G1 Evacuation Pause)
[2024-08-27T14:57:41.155+0000][info][gc,task        ] GC(779) Using 24 workers of 68 for evacuation
[2024-08-27T14:57:41.166+0000][info][gc,phases      ] GC(779)   Pre Evacuate Collection Set: 0.2ms
[2024-08-27T14:57:41.166+0000][info][gc,phases      ] GC(779)   Merge Heap Roots: 0.4ms
[2024-08-27T14:57:41.166+0000][info][gc,phases      ] GC(779)   Evacuate Collection Set: 9.7ms
[2024-08-27T14:57:41.166+0000][info][gc,phases      ] GC(779)   Post Evacuate Collection Set: 0.4ms
[2024-08-27T14:57:41.166+0000][info][gc,phases      ] GC(779)   Other: 0.7ms
[2024-08-27T14:57:41.166+0000][info][gc,heap        ] GC(779) Eden regions: 44->0(44)
[2024-08-27T14:57:41.166+0000][info][gc,heap        ] GC(779) Survivor regions: 7->7(7)
[2024-08-27T14:57:41.166+0000][info][gc,heap        ] GC(779) Old regions: 779->825
[2024-08-27T14:57:41.166+0000][info][gc,heap        ] GC(779) Archive regions: 2->2
[2024-08-27T14:57:41.166+0000][info][gc,heap        ] GC(779) Humongous regions: 5->5
[2024-08-27T14:57:41.166+0000][info][gc,metaspace   ] GC(779) Metaspace: 100K(320K)->100K(320K) NonClass: 96K(192K)->96K(192K) Class: 4K(128K)->4K(128K)
[2024-08-27T14:57:41.166+0000][info][gc             ] GC(779) Pause Young (Concurrent Start) (G1 Evacuation Pause) 835M->837M(1024M) 11.519ms
[2024-08-27T14:57:41.166+0000][info][gc,cpu         ] GC(779) User=0.24s Sys=0.00s Real=0.01s
[2024-08-27T14:57:41.166+0000][info][gc             ] GC(780) Concurrent Mark Cycle
[2024-08-27T14:57:41.166+0000][info][gc,marking     ] GC(780) Concurrent Clear Claimed Marks
[2024-08-27T14:57:41.166+0000][info][gc,marking     ] GC(780) Concurrent Clear Claimed Marks 0.015ms
[2024-08-27T14:57:41.166+0000][info][gc,marking     ] GC(780) Concurrent Scan Root Regions
[2024-08-27T14:57:41.168+0000][info][gc,marking     ] GC(780) Concurrent Scan Root Regions 1.903ms
[2024-08-27T14:57:41.168+0000][info][gc,marking     ] GC(780) Concurrent Mark
[2024-08-27T14:57:41.168+0000][info][gc,marking     ] GC(780) Concurrent Mark From Roots
[2024-08-27T14:57:41.168+0000][info][gc,task        ] GC(780) Using 17 workers of 17 for marking
[2024-08-27T14:57:41.193+0000][info][gc,marking     ] GC(780) Concurrent Mark From Roots 25.274ms
[2024-08-27T14:57:41.194+0000][info][gc,marking     ] GC(780) Concurrent Preclean
[2024-08-27T14:57:41.195+0000][info][gc,marking     ] GC(780) Concurrent Preclean 1.079ms
[2024-08-27T14:57:41.195+0000][info][gc,start       ] GC(780) Pause Remark
[2024-08-27T14:57:41.196+0000][info][gc             ] GC(780) Pause Remark 862M->862M(1024M) 1.241ms
[2024-08-27T14:57:41.196+0000][info][gc,cpu         ] GC(780) User=0.00s Sys=0.00s Real=0.00s
[2024-08-27T14:57:41.196+0000][info][gc,marking     ] GC(780) Concurrent Mark 28.115ms
[2024-08-27T14:57:41.196+0000][info][gc,marking     ] GC(780) Concurrent Rebuild Remembered Sets
[2024-08-27T14:57:41.216+0000][info][gc,start       ] GC(781) Pause Young (Normal) (G1 Evacuation Pause)
[2024-08-27T14:57:41.216+0000][info][gc,task        ] GC(781) Using 24 workers of 68 for evacuation
[2024-08-27T14:57:41.226+0000][info][gc,phases      ] GC(781)   Pre Evacuate Collection Set: 0.1ms
[2024-08-27T14:57:41.226+0000][info][gc,phases      ] GC(781)   Merge Heap Roots: 0.2ms
[2024-08-27T14:57:41.226+0000][info][gc,phases      ] GC(781)   Evacuate Collection Set: 9.7ms
[2024-08-27T14:57:41.226+0000][info][gc,phases      ] GC(781)   Post Evacuate Collection Set: 0.4ms
[2024-08-27T14:57:41.226+0000][info][gc,phases      ] GC(781)   Other: 0.2ms
[2024-08-27T14:57:41.227+0000][info][gc,heap        ] GC(781) Eden regions: 44->0(44)
[2024-08-27T14:57:41.227+0000][info][gc,heap        ] GC(781) Survivor regions: 7->7(7)
[2024-08-27T14:57:41.227+0000][info][gc,heap        ] GC(781) Old regions: 825->872
[2024-08-27T14:57:41.227+0000][info][gc,heap        ] GC(781) Archive regions: 2->2
[2024-08-27T14:57:41.227+0000][info][gc,heap        ] GC(781) Humongous regions: 5->5
[2024-08-27T14:57:41.227+0000][info][gc,metaspace   ] GC(781) Metaspace: 100K(320K)->100K(320K) NonClass: 96K(192K)->96K(192K) Class: 4K(128K)->4K(128K)
[2024-08-27T14:57:41.227+0000][info][gc             ] GC(781) Pause Young (Normal) (G1 Evacuation Pause) 881M->884M(1024M) 10.793ms
[2024-08-27T14:57:41.227+0000][info][gc,cpu         ] GC(781) User=0.24s Sys=0.00s Real=0.01s
[2024-08-27T14:57:41.269+0000][info][gc,start       ] GC(782) Pause Young (Normal) (G1 Evacuation Pause)
[2024-08-27T14:57:41.269+0000][info][gc,task        ] GC(782) Using 24 workers of 68 for evacuation
[2024-08-27T14:57:41.284+0000][info][gc,phases      ] GC(782)   Pre Evacuate Collection Set: 0.2ms
[2024-08-27T14:57:41.284+0000][info][gc,phases      ] GC(782)   Merge Heap Roots: 0.5ms
[2024-08-27T14:57:41.284+0000][info][gc,phases      ] GC(782)   Evacuate Collection Set: 13.3ms
[2024-08-27T14:57:41.284+0000][info][gc,phases      ] GC(782)   Post Evacuate Collection Set: 0.5ms
[2024-08-27T14:57:41.284+0000][info][gc,phases      ] GC(782)   Other: 0.2ms
[2024-08-27T14:57:41.284+0000][info][gc,heap        ] GC(782) Eden regions: 44->0(44)
[2024-08-27T14:57:41.284+0000][info][gc,heap        ] GC(782) Survivor regions: 7->7(7)
[2024-08-27T14:57:41.284+0000][info][gc,heap        ] GC(782) Old regions: 872->919
[2024-08-27T14:57:41.284+0000][info][gc,heap        ] GC(782) Archive regions: 2->2
[2024-08-27T14:57:41.284+0000][info][gc,heap        ] GC(782) Humongous regions: 5->5
[2024-08-27T14:57:41.284+0000][info][gc,metaspace   ] GC(782) Metaspace: 100K(320K)->100K(320K) NonClass: 96K(192K)->96K(192K) Class: 4K(128K)->4K(128K)
[2024-08-27T14:57:41.284+0000][info][gc             ] GC(782) Pause Young (Normal) (G1 Evacuation Pause) 928M->931M(1024M) 14.782ms
[2024-08-27T14:57:41.284+0000][info][gc,cpu         ] GC(782) User=0.34s Sys=0.00s Real=0.02s
[2024-08-27T14:57:41.289+0000][info][gc,marking     ] GC(780) Concurrent Rebuild Remembered Sets 93.086ms
[2024-08-27T14:57:41.290+0000][info][gc,start       ] GC(780) Pause Cleanup
[2024-08-27T14:57:41.291+0000][info][gc             ] GC(780) Pause Cleanup 937M->937M(1024M) 1.281ms
[2024-08-27T14:57:41.291+0000][info][gc,cpu         ] GC(780) User=0.00s Sys=0.00s Real=0.00s
[2024-08-27T14:57:41.291+0000][info][gc,marking     ] GC(780) Concurrent Cleanup for Next Mark
[2024-08-27T14:57:41.292+0000][info][gc,marking     ] GC(780) Concurrent Cleanup for Next Mark 0.826ms
[2024-08-27T14:57:41.292+0000][info][gc             ] GC(780) Concurrent Mark Cycle 125.630ms
[2024-08-27T14:57:41.314+0000][info][gc,start       ] GC(783) Pause Young (Prepare Mixed) (G1 Preventive Collection)
[2024-08-27T14:57:41.314+0000][info][gc,task        ] GC(783) Using 24 workers of 68 for evacuation
[2024-08-27T14:57:41.330+0000][info][gc,phases      ] GC(783)   Pre Evacuate Collection Set: 0.2ms
[2024-08-27T14:57:41.330+0000][info][gc,phases      ] GC(783)   Merge Heap Roots: 0.6ms
[2024-08-27T14:57:41.330+0000][info][gc,phases      ] GC(783)   Evacuate Collection Set: 14.6ms
[2024-08-27T14:57:41.330+0000][info][gc,phases      ] GC(783)   Post Evacuate Collection Set: 0.3ms
[2024-08-27T14:57:41.330+0000][info][gc,phases      ] GC(783)   Other: 0.2ms
[2024-08-27T14:57:41.330+0000][info][gc,heap        ] GC(783) Eden regions: 40->0(44)
[2024-08-27T14:57:41.330+0000][info][gc,heap        ] GC(783) Survivor regions: 7->7(7)
[2024-08-27T14:57:41.330+0000][info][gc,heap        ] GC(783) Old regions: 919->962
[2024-08-27T14:57:41.330+0000][info][gc,heap        ] GC(783) Archive regions: 2->2
[2024-08-27T14:57:41.330+0000][info][gc,heap        ] GC(783) Humongous regions: 5->5
[2024-08-27T14:57:41.330+0000][info][gc,metaspace   ] GC(783) Metaspace: 100K(320K)->100K(320K) NonClass: 96K(192K)->96K(192K) Class: 4K(128K)->4K(128K)
[2024-08-27T14:57:41.330+0000][info][gc             ] GC(783) Pause Young (Prepare Mixed) (G1 Preventive Collection) 971M->974M(1024M) 15.896ms
[2024-08-27T14:57:41.330+0000][info][gc,cpu         ] GC(783) User=0.36s Sys=0.01s Real=0.02s
[2024-08-27T14:57:41.341+0000][info][gc,start       ] GC(784) Pause Young (Mixed) (G1 Preventive Collection)
[2024-08-27T14:57:41.341+0000][info][gc,task        ] GC(784) Using 24 workers of 68 for evacuation
[2024-08-27T14:57:41.348+0000][info][gc,phases      ] GC(784)   Pre Evacuate Collection Set: 0.2ms
[2024-08-27T14:57:41.348+0000][info][gc,phases      ] GC(784)   Merge Heap Roots: 0.2ms
[2024-08-27T14:57:41.348+0000][info][gc,phases      ] GC(784)   Evacuate Collection Set: 6.1ms
[2024-08-27T14:57:41.348+0000][info][gc,phases      ] GC(784)   Post Evacuate Collection Set: 0.3ms
[2024-08-27T14:57:41.348+0000][info][gc,phases      ] GC(784)   Other: 0.2ms
[2024-08-27T14:57:41.348+0000][info][gc,heap        ] GC(784) Eden regions: 19->0(44)
[2024-08-27T14:57:41.348+0000][info][gc,heap        ] GC(784) Survivor regions: 7->7(7)
[2024-08-27T14:57:41.348+0000][info][gc,heap        ] GC(784) Old regions: 962->881
[2024-08-27T14:57:41.348+0000][info][gc,heap        ] GC(784) Archive regions: 2->2
[2024-08-27T14:57:41.348+0000][info][gc,heap        ] GC(784) Humongous regions: 5->5
[2024-08-27T14:57:41.348+0000][info][gc,metaspace   ] GC(784) Metaspace: 100K(320K)->100K(320K) NonClass: 96K(192K)->96K(192K) Class: 4K(128K)->4K(128K)
[2024-08-27T14:57:41.348+0000][info][gc             ] GC(784) Pause Young (Mixed) (G1 Preventive Collection) 993M->893M(1024M) 7.067ms
[2024-08-27T14:57:41.348+0000][info][gc,cpu         ] GC(784) User=0.15s Sys=0.00s Real=0.00s
[2024-08-27T14:57:41.373+0000][info][gc,start       ] GC(785) Pause Young (Mixed) (G1 Evacuation Pause)
[2024-08-27T14:57:41.373+0000][info][gc,task        ] GC(785) Using 24 workers of 68 for evacuation
[2024-08-27T14:57:41.385+0000][info][gc,phases      ] GC(785)   Pre Evacuate Collection Set: 0.2ms
[2024-08-27T14:57:41.385+0000][info][gc,phases      ] GC(785)   Merge Heap Roots: 0.4ms
[2024-08-27T14:57:41.385+0000][info][gc,phases      ] GC(785)   Evacuate Collection Set: 10.0ms
[2024-08-27T14:57:41.385+0000][info][gc,phases      ] GC(785)   Post Evacuate Collection Set: 0.4ms
[2024-08-27T14:57:41.385+0000][info][gc,phases      ] GC(785)   Other: 0.2ms
[2024-08-27T14:57:41.385+0000][info][gc,heap        ] GC(785) Eden regions: 44->0(44)
[2024-08-27T14:57:41.385+0000][info][gc,heap        ] GC(785) Survivor regions: 7->7(7)
[2024-08-27T14:57:41.385+0000][info][gc,heap        ] GC(785) Old regions: 881->823
[2024-08-27T14:57:41.385+0000][info][gc,heap        ] GC(785) Archive regions: 2->2
[2024-08-27T14:57:41.385+0000][info][gc,heap        ] GC(785) Humongous regions: 5->5
[2024-08-27T14:57:41.385+0000][info][gc,metaspace   ] GC(785) Metaspace: 100K(320K)->100K(320K) NonClass: 96K(192K)->96K(192K) Class: 4K(128K)->4K(128K)
[2024-08-27T14:57:41.385+0000][info][gc             ] GC(785) Pause Young (Mixed) (G1 Evacuation Pause) 937M->835M(1024M) 11.450ms
[2024-08-27T14:57:41.385+0000][info][gc,cpu         ] GC(785) User=0.25s Sys=0.01s Real=0.01s
[2024-08-27T14:57:41.409+0000][info][gc,start       ] GC(786) Pause Young (Mixed) (G1 Evacuation Pause)
[2024-08-27T14:57:41.409+0000][info][gc,task        ] GC(786) Using 24 workers of 68 for evacuation
[2024-08-27T14:57:41.420+0000][info][gc,phases      ] GC(786)   Pre Evacuate Collection Set: 0.2ms
[2024-08-27T14:57:41.420+0000][info][gc,phases      ] GC(786)   Merge Heap Roots: 0.3ms
[2024-08-27T14:57:41.420+0000][info][gc,phases      ] GC(786)   Evacuate Collection Set: 9.9ms
[2024-08-27T14:57:41.420+0000][info][gc,phases      ] GC(786)   Post Evacuate Collection Set: 0.4ms
[2024-08-27T14:57:41.420+0000][info][gc,phases      ] GC(786)   Other: 0.2ms
[2024-08-27T14:57:41.420+0000][info][gc,heap        ] GC(786) Eden regions: 44->0(44)
[2024-08-27T14:57:41.420+0000][info][gc,heap        ] GC(786) Survivor regions: 7->7(7)
[2024-08-27T14:57:41.420+0000][info][gc,heap        ] GC(786) Old regions: 823->766
[2024-08-27T14:57:41.420+0000][info][gc,heap        ] GC(786) Archive regions: 2->2
[2024-08-27T14:57:41.420+0000][info][gc,heap        ] GC(786) Humongous regions: 5->5
[2024-08-27T14:57:41.420+0000][info][gc,metaspace   ] GC(786) Metaspace: 100K(320K)->100K(320K) NonClass: 96K(192K)->96K(192K) Class: 4K(128K)->4K(128K)
[2024-08-27T14:57:41.420+0000][info][gc             ] GC(786) Pause Young (Mixed) (G1 Evacuation Pause) 879M->778M(1024M) 11.156ms
[2024-08-27T14:57:41.420+0000][info][gc,cpu         ] GC(786) User=0.24s Sys=0.00s Real=0.02s
[2024-08-27T14:57:41.444+0000][info][gc,start       ] GC(787) Pause Young (Mixed) (G1 Evacuation Pause)
[2024-08-27T14:57:41.444+0000][info][gc,task        ] GC(787) Using 24 workers of 68 for evacuation
[2024-08-27T14:57:41.455+0000][info][gc,phases      ] GC(787)   Pre Evacuate Collection Set: 0.2ms
[2024-08-27T14:57:41.455+0000][info][gc,phases      ] GC(787)   Merge Heap Roots: 0.3ms
[2024-08-27T14:57:41.455+0000][info][gc,phases      ] GC(787)   Evacuate Collection Set: 9.8ms
[2024-08-27T14:57:41.455+0000][info][gc,phases      ] GC(787)   Post Evacuate Collection Set: 0.4ms
[2024-08-27T14:57:41.455+0000][info][gc,phases      ] GC(787)   Other: 0.2ms
[2024-08-27T14:57:41.455+0000][info][gc,heap        ] GC(787) Eden regions: 44->0(44)
[2024-08-27T14:57:41.455+0000][info][gc,heap        ] GC(787) Survivor regions: 7->7(7)
[2024-08-27T14:57:41.455+0000][info][gc,heap        ] GC(787) Old regions: 766->798
[2024-08-27T14:57:41.455+0000][info][gc,heap        ] GC(787) Archive regions: 2->2
[2024-08-27T14:57:41.455+0000][info][gc,heap        ] GC(787) Humongous regions: 5->5
[2024-08-27T14:57:41.455+0000][info][gc,metaspace   ] GC(787) Metaspace: 100K(320K)->100K(320K) NonClass: 96K(192K)->96K(192K) Class: 4K(128K)->4K(128K)
[2024-08-27T14:57:41.455+0000][info][gc             ] GC(787) Pause Young (Mixed) (G1 Evacuation Pause) 822M->810M(1024M) 11.062ms
[2024-08-27T14:57:41.455+0000][info][gc,cpu         ] GC(787) User=0.24s Sys=0.00s Real=0.01s
[2024-08-27T14:57:41.479+0000][info][gc,start       ] GC(788) Pause Young (Concurrent Start) (G1 Evacuation Pause)
[2024-08-27T14:57:41.480+0000][info][gc,task        ] GC(788) Using 24 workers of 68 for evacuation
[2024-08-27T14:57:41.491+0000][info][gc,phases      ] GC(788)   Pre Evacuate Collection Set: 0.2ms
[2024-08-27T14:57:41.491+0000][info][gc,phases      ] GC(788)   Merge Heap Roots: 0.4ms
[2024-08-27T14:57:41.491+0000][info][gc,phases      ] GC(788)   Evacuate Collection Set: 9.8ms
[2024-08-27T14:57:41.491+0000][info][gc,phases      ] GC(788)   Post Evacuate Collection Set: 0.3ms
[2024-08-27T14:57:41.491+0000][info][gc,phases      ] GC(788)   Other: 0.7ms
[2024-08-27T14:57:41.491+0000][info][gc,heap        ] GC(788) Eden regions: 44->0(44)
[2024-08-27T14:57:41.491+0000][info][gc,heap        ] GC(788) Survivor regions: 7->7(7)
[2024-08-27T14:57:41.491+0000][info][gc,heap        ] GC(788) Old regions: 798->845
[2024-08-27T14:57:41.491+0000][info][gc,heap        ] GC(788) Archive regions: 2->2
[2024-08-27T14:57:41.491+0000][info][gc,heap        ] GC(788) Humongous regions: 5->5
[2024-08-27T14:57:41.491+0000][info][gc,metaspace   ] GC(788) Metaspace: 100K(320K)->100K(320K) NonClass: 96K(192K)->96K(192K) Class: 4K(128K)->4K(128K)
[2024-08-27T14:57:41.491+0000][info][gc             ] GC(788) Pause Young (Concurrent Start) (G1 Evacuation Pause) 854M->857M(1024M) 11.555ms
[2024-08-27T14:57:41.491+0000][info][gc,cpu         ] GC(788) User=0.25s Sys=0.00s Real=0.01s
[2024-08-27T14:57:41.491+0000][info][gc             ] GC(789) Concurrent Mark Cycle
[2024-08-27T14:57:41.491+0000][info][gc,marking     ] GC(789) Concurrent Clear Claimed Marks
[2024-08-27T14:57:41.491+0000][info][gc,marking     ] GC(789) Concurrent Clear Claimed Marks 0.014ms
[2024-08-27T14:57:41.491+0000][info][gc,marking     ] GC(789) Concurrent Scan Root Regions
[2024-08-27T14:57:41.493+0000][info][gc,marking     ] GC(789) Concurrent Scan Root Regions 1.710ms
[2024-08-27T14:57:41.493+0000][info][gc,marking     ] GC(789) Concurrent Mark
[2024-08-27T14:57:41.493+0000][info][gc,marking     ] GC(789) Concurrent Mark From Roots
[2024-08-27T14:57:41.493+0000][info][gc,task        ] GC(789) Using 17 workers of 17 for marking
[2024-08-27T14:57:41.516+0000][info][gc,marking     ] GC(789) Concurrent Mark From Roots 23.265ms
[2024-08-27T14:57:41.516+0000][info][gc,marking     ] GC(789) Concurrent Preclean
[2024-08-27T14:57:41.517+0000][info][gc,marking     ] GC(789) Concurrent Preclean 0.501ms
[2024-08-27T14:57:41.517+0000][info][gc,start       ] GC(789) Pause Remark
[2024-08-27T14:57:41.518+0000][info][gc             ] GC(789) Pause Remark 880M->880M(1024M) 1.275ms
[2024-08-27T14:57:41.518+0000][info][gc,cpu         ] GC(789) User=0.01s Sys=0.00s Real=0.01s
[2024-08-27T14:57:41.518+0000][info][gc,marking     ] GC(789) Concurrent Mark 25.406ms
[2024-08-27T14:57:41.518+0000][info][gc,marking     ] GC(789) Concurrent Rebuild Remembered Sets
[2024-08-27T14:57:41.541+0000][info][gc,start       ] GC(790) Pause Young (Normal) (G1 Evacuation Pause)
[2024-08-27T14:57:41.541+0000][info][gc,task        ] GC(790) Using 24 workers of 68 for evacuation
[2024-08-27T14:57:41.551+0000][info][gc,phases      ] GC(790)   Pre Evacuate Collection Set: 0.1ms
[2024-08-27T14:57:41.551+0000][info][gc,phases      ] GC(790)   Merge Heap Roots: 0.4ms
[2024-08-27T14:57:41.551+0000][info][gc,phases      ] GC(790)   Evacuate Collection Set: 9.2ms
[2024-08-27T14:57:41.551+0000][info][gc,phases      ] GC(790)   Post Evacuate Collection Set: 0.4ms
[2024-08-27T14:57:41.551+0000][info][gc,phases      ] GC(790)   Other: 0.2ms
[2024-08-27T14:57:41.551+0000][info][gc,heap        ] GC(790) Eden regions: 44->0(44)
[2024-08-27T14:57:41.551+0000][info][gc,heap        ] GC(790) Survivor regions: 7->7(7)
[2024-08-27T14:57:41.551+0000][info][gc,heap        ] GC(790) Old regions: 845->893
[2024-08-27T14:57:41.551+0000][info][gc,heap        ] GC(790) Archive regions: 2->2
[2024-08-27T14:57:41.551+0000][info][gc,heap        ] GC(790) Humongous regions: 5->5
[2024-08-27T14:57:41.551+0000][info][gc,metaspace   ] GC(790) Metaspace: 100K(320K)->100K(320K) NonClass: 96K(192K)->96K(192K) Class: 4K(128K)->4K(128K)
[2024-08-27T14:57:41.551+0000][info][gc             ] GC(790) Pause Young (Normal) (G1 Evacuation Pause) 901M->905M(1024M) 10.405ms
[2024-08-27T14:57:41.551+0000][info][gc,cpu         ] GC(790) User=0.23s Sys=0.00s Real=0.01s
[2024-08-27T14:57:41.593+0000][info][gc,start       ] GC(791) Pause Young (Normal) (G1 Evacuation Pause)
[2024-08-27T14:57:41.593+0000][info][gc,task        ] GC(791) Using 24 workers of 68 for evacuation
[2024-08-27T14:57:41.608+0000][info][gc,phases      ] GC(791)   Pre Evacuate Collection Set: 0.2ms
[2024-08-27T14:57:41.608+0000][info][gc,phases      ] GC(791)   Merge Heap Roots: 0.5ms
[2024-08-27T14:57:41.608+0000][info][gc,phases      ] GC(791)   Evacuate Collection Set: 13.4ms
[2024-08-27T14:57:41.608+0000][info][gc,phases      ] GC(791)   Post Evacuate Collection Set: 0.5ms
[2024-08-27T14:57:41.608+0000][info][gc,phases      ] GC(791)   Other: 0.3ms
[2024-08-27T14:57:41.608+0000][info][gc,heap        ] GC(791) Eden regions: 44->0(44)
[2024-08-27T14:57:41.608+0000][info][gc,heap        ] GC(791) Survivor regions: 7->7(7)
[2024-08-27T14:57:41.608+0000][info][gc,heap        ] GC(791) Old regions: 893->940
[2024-08-27T14:57:41.608+0000][info][gc,heap        ] GC(791) Archive regions: 2->2
[2024-08-27T14:57:41.608+0000][info][gc,heap        ] GC(791) Humongous regions: 5->5
[2024-08-27T14:57:41.608+0000][info][gc,metaspace   ] GC(791) Metaspace: 100K(320K)->100K(320K) NonClass: 96K(192K)->96K(192K) Class: 4K(128K)->4K(128K)
[2024-08-27T14:57:41.608+0000][info][gc             ] GC(791) Pause Young (Normal) (G1 Evacuation Pause) 949M->952M(1024M) 14.941ms
[2024-08-27T14:57:41.608+0000][info][gc,cpu         ] GC(791) User=0.34s Sys=0.00s Real=0.01s
[2024-08-27T14:57:41.609+0000][info][gc,marking     ] GC(789) Concurrent Rebuild Remembered Sets 90.483ms
[2024-08-27T14:57:41.609+0000][info][gc,start       ] GC(789) Pause Cleanup
[2024-08-27T14:57:41.610+0000][info][gc             ] GC(789) Pause Cleanup 953M->953M(1024M) 1.272ms
[2024-08-27T14:57:41.610+0000][info][gc,cpu         ] GC(789) User=0.01s Sys=0.00s Real=0.01s
[2024-08-27T14:57:41.610+0000][info][gc,marking     ] GC(789) Concurrent Cleanup for Next Mark
[2024-08-27T14:57:41.611+0000][info][gc,marking     ] GC(789) Concurrent Cleanup for Next Mark 0.847ms
[2024-08-27T14:57:41.611+0000][info][gc             ] GC(789) Concurrent Mark Cycle 120.153ms
[2024-08-27T14:57:41.630+0000][info][gc,start       ] GC(792) Pause Young (Prepare Mixed) (G1 Preventive Collection)
[2024-08-27T14:57:41.630+0000][info][gc,task        ] GC(792) Using 24 workers of 68 for evacuation
[2024-08-27T14:57:41.644+0000][info][gc,phases      ] GC(792)   Pre Evacuate Collection Set: 0.2ms
[2024-08-27T14:57:41.644+0000][info][gc,phases      ] GC(792)   Merge Heap Roots: 0.4ms
[2024-08-27T14:57:41.644+0000][info][gc,phases      ] GC(792)   Evacuate Collection Set: 13.9ms
[2024-08-27T14:57:41.644+0000][info][gc,phases      ] GC(792)   Post Evacuate Collection Set: 0.3ms
[2024-08-27T14:57:41.645+0000][info][gc,phases      ] GC(792)   Other: 0.2ms
[2024-08-27T14:57:41.645+0000][info][gc,heap        ] GC(792) Eden regions: 30->0(44)
[2024-08-27T14:57:41.645+0000][info][gc,heap        ] GC(792) Survivor regions: 7->7(7)
[2024-08-27T14:57:41.645+0000][info][gc,heap        ] GC(792) Old regions: 940->973
[2024-08-27T14:57:41.645+0000][info][gc,heap        ] GC(792) Archive regions: 2->2
[2024-08-27T14:57:41.645+0000][info][gc,heap        ] GC(792) Humongous regions: 5->5
[2024-08-27T14:57:41.645+0000][info][gc,metaspace   ] GC(792) Metaspace: 100K(320K)->100K(320K) NonClass: 96K(192K)->96K(192K) Class: 4K(128K)->4K(128K)
[2024-08-27T14:57:41.645+0000][info][gc             ] GC(792) Pause Young (Prepare Mixed) (G1 Preventive Collection) 982M->985M(1024M) 14.965ms
[2024-08-27T14:57:41.645+0000][info][gc,cpu         ] GC(792) User=0.34s Sys=0.00s Real=0.01s
[2024-08-27T14:57:41.653+0000][info][gc,start       ] GC(793) Pause Young (Mixed) (G1 Preventive Collection)
[2024-08-27T14:57:41.653+0000][info][gc,task        ] GC(793) Using 24 workers of 68 for evacuation
[2024-08-27T14:57:41.659+0000][info][gc,phases      ] GC(793)   Pre Evacuate Collection Set: 0.2ms
[2024-08-27T14:57:41.659+0000][info][gc,phases      ] GC(793)   Merge Heap Roots: 0.3ms
[2024-08-27T14:57:41.659+0000][info][gc,phases      ] GC(793)   Evacuate Collection Set: 5.0ms
[2024-08-27T14:57:41.659+0000][info][gc,phases      ] GC(793)   Post Evacuate Collection Set: 0.4ms
[2024-08-27T14:57:41.659+0000][info][gc,phases      ] GC(793)   Other: 0.2ms
[2024-08-27T14:57:41.659+0000][info][gc,heap        ] GC(793) Eden regions: 13->0(44)
[2024-08-27T14:57:41.659+0000][info][gc,heap        ] GC(793) Survivor regions: 7->7(7)
[2024-08-27T14:57:41.659+0000][info][gc,heap        ] GC(793) Old regions: 973->886
[2024-08-27T14:57:41.659+0000][info][gc,heap        ] GC(793) Archive regions: 2->2
[2024-08-27T14:57:41.659+0000][info][gc,heap        ] GC(793) Humongous regions: 5->5
[2024-08-27T14:57:41.659+0000][info][gc,metaspace   ] GC(793) Metaspace: 100K(320K)->100K(320K) NonClass: 96K(192K)->96K(192K) Class: 4K(128K)->4K(128K)
[2024-08-27T14:57:41.659+0000][info][gc             ] GC(793) Pause Young (Mixed) (G1 Preventive Collection) 998M->898M(1024M) 6.176ms
[2024-08-27T14:57:41.659+0000][info][gc,cpu         ] GC(793) User=0.12s Sys=0.00s Real=0.01s
[2024-08-27T14:57:41.683+0000][info][gc,start       ] GC(794) Pause Young (Mixed) (G1 Evacuation Pause)
[2024-08-27T14:57:41.683+0000][info][gc,task        ] GC(794) Using 24 workers of 68 for evacuation
[2024-08-27T14:57:41.694+0000][info][gc,phases      ] GC(794)   Pre Evacuate Collection Set: 0.2ms
[2024-08-27T14:57:41.694+0000][info][gc,phases      ] GC(794)   Merge Heap Roots: 0.3ms
[2024-08-27T14:57:41.694+0000][info][gc,phases      ] GC(794)   Evacuate Collection Set: 9.4ms
[2024-08-27T14:57:41.694+0000][info][gc,phases      ] GC(794)   Post Evacuate Collection Set: 0.5ms
[2024-08-27T14:57:41.694+0000][info][gc,phases      ] GC(794)   Other: 0.3ms
[2024-08-27T14:57:41.694+0000][info][gc,heap        ] GC(794) Eden regions: 44->0(44)
[2024-08-27T14:57:41.694+0000][info][gc,heap        ] GC(794) Survivor regions: 7->7(7)
[2024-08-27T14:57:41.694+0000][info][gc,heap        ] GC(794) Old regions: 886->828
[2024-08-27T14:57:41.694+0000][info][gc,heap        ] GC(794) Archive regions: 2->2
[2024-08-27T14:57:41.694+0000][info][gc,heap        ] GC(794) Humongous regions: 5->5
[2024-08-27T14:57:41.694+0000][info][gc,metaspace   ] GC(794) Metaspace: 100K(320K)->100K(320K) NonClass: 96K(192K)->96K(192K) Class: 4K(128K)->4K(128K)
[2024-08-27T14:57:41.694+0000][info][gc             ] GC(794) Pause Young (Mixed) (G1 Evacuation Pause) 942M->840M(1024M) 10.844ms
[2024-08-27T14:57:41.694+0000][info][gc,cpu         ] GC(794) User=0.23s Sys=0.01s Real=0.01s
[2024-08-27T14:57:41.718+0000][info][gc,start       ] GC(795) Pause Young (Mixed) (G1 Evacuation Pause)
[2024-08-27T14:57:41.718+0000][info][gc,task        ] GC(795) Using 24 workers of 68 for evacuation
[2024-08-27T14:57:41.729+0000][info][gc,phases      ] GC(795)   Pre Evacuate Collection Set: 0.2ms
[2024-08-27T14:57:41.730+0000][info][gc,phases      ] GC(795)   Merge Heap Roots: 0.4ms
[2024-08-27T14:57:41.730+0000][info][gc,phases      ] GC(795)   Evacuate Collection Set: 9.9ms
[2024-08-27T14:57:41.730+0000][info][gc,phases      ] GC(795)   Post Evacuate Collection Set: 0.4ms
[2024-08-27T14:57:41.730+0000][info][gc,phases      ] GC(795)   Other: 0.2ms
[2024-08-27T14:57:41.730+0000][info][gc,heap        ] GC(795) Eden regions: 44->0(44)
[2024-08-27T14:57:41.730+0000][info][gc,heap        ] GC(795) Survivor regions: 7->7(7)
[2024-08-27T14:57:41.730+0000][info][gc,heap        ] GC(795) Old regions: 828->771
[2024-08-27T14:57:41.730+0000][info][gc,heap        ] GC(795) Archive regions: 2->2
[2024-08-27T14:57:41.730+0000][info][gc,heap        ] GC(795) Humongous regions: 5->5
[2024-08-27T14:57:41.730+0000][info][gc,metaspace   ] GC(795) Metaspace: 100K(320K)->100K(320K) NonClass: 96K(192K)->96K(192K) Class: 4K(128K)->4K(128K)
[2024-08-27T14:57:41.730+0000][info][gc             ] GC(795) Pause Young (Mixed) (G1 Evacuation Pause) 884M->783M(1024M) 11.266ms
[2024-08-27T14:57:41.730+0000][info][gc,cpu         ] GC(795) User=0.24s Sys=0.00s Real=0.01s
[2024-08-27T14:57:41.754+0000][info][gc,start       ] GC(796) Pause Young (Mixed) (G1 Evacuation Pause)
[2024-08-27T14:57:41.754+0000][info][gc,task        ] GC(796) Using 24 workers of 68 for evacuation
[2024-08-27T14:57:41.765+0000][info][gc,phases      ] GC(796)   Pre Evacuate Collection Set: 0.2ms
[2024-08-27T14:57:41.765+0000][info][gc,phases      ] GC(796)   Merge Heap Roots: 0.2ms
[2024-08-27T14:57:41.765+0000][info][gc,phases      ] GC(796)   Evacuate Collection Set: 9.8ms
[2024-08-27T14:57:41.765+0000][info][gc,phases      ] GC(796)   Post Evacuate Collection Set: 0.4ms
[2024-08-27T14:57:41.765+0000][info][gc,phases      ] GC(796)   Other: 0.3ms
[2024-08-27T14:57:41.765+0000][info][gc,heap        ] GC(796) Eden regions: 44->0(44)
[2024-08-27T14:57:41.765+0000][info][gc,heap        ] GC(796) Survivor regions: 7->7(7)
[2024-08-27T14:57:41.765+0000][info][gc,heap        ] GC(796) Old regions: 771->788
[2024-08-27T14:57:41.765+0000][info][gc,heap        ] GC(796) Archive regions: 2->2
[2024-08-27T14:57:41.765+0000][info][gc,heap        ] GC(796) Humongous regions: 5->5
[2024-08-27T14:57:41.765+0000][info][gc,metaspace   ] GC(796) Metaspace: 100K(320K)->100K(320K) NonClass: 96K(192K)->96K(192K) Class: 4K(128K)->4K(128K)
[2024-08-27T14:57:41.765+0000][info][gc             ] GC(796) Pause Young (Mixed) (G1 Evacuation Pause) 827M->800M(1024M) 10.985ms
[2024-08-27T14:57:41.765+0000][info][gc,cpu         ] GC(796) User=0.24s Sys=0.00s Real=0.01s
[2024-08-27T14:57:41.789+0000][info][gc,start       ] GC(797) Pause Young (Concurrent Start) (G1 Evacuation Pause)
[2024-08-27T14:57:41.789+0000][info][gc,task        ] GC(797) Using 24 workers of 68 for evacuation
[2024-08-27T14:57:41.801+0000][info][gc,phases      ] GC(797)   Pre Evacuate Collection Set: 0.2ms
[2024-08-27T14:57:41.801+0000][info][gc,phases      ] GC(797)   Merge Heap Roots: 0.3ms
[2024-08-27T14:57:41.801+0000][info][gc,phases      ] GC(797)   Evacuate Collection Set: 9.9ms
[2024-08-27T14:57:41.801+0000][info][gc,phases      ] GC(797)   Post Evacuate Collection Set: 0.4ms
[2024-08-27T14:57:41.801+0000][info][gc,phases      ] GC(797)   Other: 0.7ms
[2024-08-27T14:57:41.801+0000][info][gc,heap        ] GC(797) Eden regions: 44->0(44)
[2024-08-27T14:57:41.801+0000][info][gc,heap        ] GC(797) Survivor regions: 7->7(7)
[2024-08-27T14:57:41.801+0000][info][gc,heap        ] GC(797) Old regions: 788->834
[2024-08-27T14:57:41.801+0000][info][gc,heap        ] GC(797) Archive regions: 2->2
[2024-08-27T14:57:41.801+0000][info][gc,heap        ] GC(797) Humongous regions: 5->5
[2024-08-27T14:57:41.801+0000][info][gc,metaspace   ] GC(797) Metaspace: 100K(320K)->100K(320K) NonClass: 96K(192K)->96K(192K) Class: 4K(128K)->4K(128K)
[2024-08-27T14:57:41.801+0000][info][gc             ] GC(797) Pause Young (Concurrent Start) (G1 Evacuation Pause) 844M->846M(1024M) 11.639ms
[2024-08-27T14:57:41.801+0000][info][gc,cpu         ] GC(797) User=0.23s Sys=0.03s Real=0.02s
[2024-08-27T14:57:41.801+0000][info][gc             ] GC(798) Concurrent Mark Cycle
[2024-08-27T14:57:41.801+0000][info][gc,marking     ] GC(798) Concurrent Clear Claimed Marks
[2024-08-27T14:57:41.801+0000][info][gc,marking     ] GC(798) Concurrent Clear Claimed Marks 0.011ms
[2024-08-27T14:57:41.801+0000][info][gc,marking     ] GC(798) Concurrent Scan Root Regions
[2024-08-27T14:57:41.803+0000][info][gc,marking     ] GC(798) Concurrent Scan Root Regions 1.617ms
[2024-08-27T14:57:41.803+0000][info][gc,marking     ] GC(798) Concurrent Mark
[2024-08-27T14:57:41.803+0000][info][gc,marking     ] GC(798) Concurrent Mark From Roots
[2024-08-27T14:57:41.803+0000][info][gc,task        ] GC(798) Using 17 workers of 17 for marking
[2024-08-27T14:57:41.826+0000][info][gc,marking     ] GC(798) Concurrent Mark From Roots 23.716ms
[2024-08-27T14:57:41.826+0000][info][gc,marking     ] GC(798) Concurrent Preclean
[2024-08-27T14:57:41.827+0000][info][gc,marking     ] GC(798) Concurrent Preclean 0.501ms
[2024-08-27T14:57:41.827+0000][info][gc,start       ] GC(798) Pause Remark
[2024-08-27T14:57:41.828+0000][info][gc             ] GC(798) Pause Remark 869M->869M(1024M) 1.363ms
[2024-08-27T14:57:41.829+0000][info][gc,cpu         ] GC(798) User=0.01s Sys=0.01s Real=0.00s
[2024-08-27T14:57:41.829+0000][info][gc,marking     ] GC(798) Concurrent Mark 25.944ms
[2024-08-27T14:57:41.829+0000][info][gc,marking     ] GC(798) Concurrent Rebuild Remembered Sets
[2024-08-27T14:57:41.849+0000][info][gc,start       ] GC(799) Pause Young (Normal) (G1 Evacuation Pause)
[2024-08-27T14:57:41.849+0000][info][gc,task        ] GC(799) Using 24 workers of 68 for evacuation
[2024-08-27T14:57:41.860+0000][info][gc,phases      ] GC(799)   Pre Evacuate Collection Set: 0.2ms
[2024-08-27T14:57:41.860+0000][info][gc,phases      ] GC(799)   Merge Heap Roots: 0.4ms
[2024-08-27T14:57:41.860+0000][info][gc,phases      ] GC(799)   Evacuate Collection Set: 9.4ms
[2024-08-27T14:57:41.860+0000][info][gc,phases      ] GC(799)   Post Evacuate Collection Set: 0.4ms
[2024-08-27T14:57:41.860+0000][info][gc,phases      ] GC(799)   Other: 0.2ms
[2024-08-27T14:57:41.860+0000][info][gc,heap        ] GC(799) Eden regions: 44->0(44)
[2024-08-27T14:57:41.860+0000][info][gc,heap        ] GC(799) Survivor regions: 7->7(7)
[2024-08-27T14:57:41.860+0000][info][gc,heap        ] GC(799) Old regions: 834->881
[2024-08-27T14:57:41.860+0000][info][gc,heap        ] GC(799) Archive regions: 2->2
[2024-08-27T14:57:41.860+0000][info][gc,heap        ] GC(799) Humongous regions: 5->5
[2024-08-27T14:57:41.860+0000][info][gc,metaspace   ] GC(799) Metaspace: 100K(320K)->100K(320K) NonClass: 96K(192K)->96K(192K) Class: 4K(128K)->4K(128K)
[2024-08-27T14:57:41.860+0000][info][gc             ] GC(799) Pause Young (Normal) (G1 Evacuation Pause) 890M->893M(1024M) 10.619ms
[2024-08-27T14:57:41.860+0000][info][gc,cpu         ] GC(799) User=0.24s Sys=0.00s Real=0.02s
[2024-08-27T14:57:41.903+0000][info][gc,start       ] GC(800) Pause Young (Normal) (G1 Evacuation Pause)
[2024-08-27T14:57:41.903+0000][info][gc,task        ] GC(800) Using 24 workers of 68 for evacuation
[2024-08-27T14:57:41.917+0000][info][gc,phases      ] GC(800)   Pre Evacuate Collection Set: 0.2ms
[2024-08-27T14:57:41.917+0000][info][gc,phases      ] GC(800)   Merge Heap Roots: 0.3ms
[2024-08-27T14:57:41.917+0000][info][gc,phases      ] GC(800)   Evacuate Collection Set: 13.5ms
[2024-08-27T14:57:41.917+0000][info][gc,phases      ] GC(800)   Post Evacuate Collection Set: 0.5ms
[2024-08-27T14:57:41.917+0000][info][gc,phases      ] GC(800)   Other: 0.2ms
[2024-08-27T14:57:41.917+0000][info][gc,heap        ] GC(800) Eden regions: 44->0(44)
[2024-08-27T14:57:41.917+0000][info][gc,heap        ] GC(800) Survivor regions: 7->7(7)
[2024-08-27T14:57:41.917+0000][info][gc,heap        ] GC(800) Old regions: 881->927
[2024-08-27T14:57:41.917+0000][info][gc,heap        ] GC(800) Archive regions: 2->2
[2024-08-27T14:57:41.917+0000][info][gc,heap        ] GC(800) Humongous regions: 5->5
[2024-08-27T14:57:41.917+0000][info][gc,metaspace   ] GC(800) Metaspace: 100K(320K)->100K(320K) NonClass: 96K(192K)->96K(192K) Class: 4K(128K)->4K(128K)
[2024-08-27T14:57:41.918+0000][info][gc             ] GC(800) Pause Young (Normal) (G1 Evacuation Pause) 937M->939M(1024M) 14.792ms
[2024-08-27T14:57:41.918+0000][info][gc,cpu         ] GC(800) User=0.33s Sys=0.00s Real=0.02s
[2024-08-27T14:57:41.921+0000][info][gc,marking     ] GC(798) Concurrent Rebuild Remembered Sets 92.330ms
[2024-08-27T14:57:41.921+0000][info][gc,start       ] GC(798) Pause Cleanup
[2024-08-27T14:57:41.922+0000][info][gc             ] GC(798) Pause Cleanup 943M->943M(1024M) 1.282ms
[2024-08-27T14:57:41.922+0000][info][gc,cpu         ] GC(798) User=0.01s Sys=0.00s Real=0.00s
[2024-08-27T14:57:41.922+0000][info][gc,marking     ] GC(798) Concurrent Cleanup for Next Mark
[2024-08-27T14:57:41.923+0000][info][gc,marking     ] GC(798) Concurrent Cleanup for Next Mark 0.771ms
[2024-08-27T14:57:41.923+0000][info][gc             ] GC(798) Concurrent Mark Cycle 122.343ms
[2024-08-27T14:57:41.944+0000][info][gc,start       ] GC(801) Pause Young (Prepare Mixed) (G1 Preventive Collection)
[2024-08-27T14:57:41.944+0000][info][gc,task        ] GC(801) Using 24 workers of 68 for evacuation
[2024-08-27T14:57:41.959+0000][info][gc,phases      ] GC(801)   Pre Evacuate Collection Set: 0.2ms
[2024-08-27T14:57:41.959+0000][info][gc,phases      ] GC(801)   Merge Heap Roots: 0.6ms
[2024-08-27T14:57:41.959+0000][info][gc,phases      ] GC(801)   Evacuate Collection Set: 13.7ms
[2024-08-27T14:57:41.959+0000][info][gc,phases      ] GC(801)   Post Evacuate Collection Set: 0.3ms
[2024-08-27T14:57:41.959+0000][info][gc,phases      ] GC(801)   Other: 0.2ms
[2024-08-27T14:57:41.959+0000][info][gc,heap        ] GC(801) Eden regions: 36->0(44)
[2024-08-27T14:57:41.959+0000][info][gc,heap        ] GC(801) Survivor regions: 7->7(7)
[2024-08-27T14:57:41.959+0000][info][gc,heap        ] GC(801) Old regions: 927->966
[2024-08-27T14:57:41.959+0000][info][gc,heap        ] GC(801) Archive regions: 2->2
[2024-08-27T14:57:41.959+0000][info][gc,heap        ] GC(801) Humongous regions: 5->5
[2024-08-27T14:57:41.959+0000][info][gc,metaspace   ] GC(801) Metaspace: 100K(320K)->100K(320K) NonClass: 96K(192K)->96K(192K) Class: 4K(128K)->4K(128K)
[2024-08-27T14:57:41.960+0000][info][gc             ] GC(801) Pause Young (Prepare Mixed) (G1 Preventive Collection) 975M->978M(1024M) 15.129ms
[2024-08-27T14:57:41.960+0000][info][gc,cpu         ] GC(801) User=0.35s Sys=0.00s Real=0.02s
[2024-08-27T14:57:41.970+0000][info][gc,start       ] GC(802) Pause Young (Mixed) (G1 Preventive Collection)
[2024-08-27T14:57:41.970+0000][info][gc,task        ] GC(802) Using 24 workers of 68 for evacuation
[2024-08-27T14:57:41.977+0000][info][gc,phases      ] GC(802)   Pre Evacuate Collection Set: 0.2ms
[2024-08-27T14:57:41.977+0000][info][gc,phases      ] GC(802)   Merge Heap Roots: 0.4ms
[2024-08-27T14:57:41.977+0000][info][gc,phases      ] GC(802)   Evacuate Collection Set: 5.7ms
[2024-08-27T14:57:41.977+0000][info][gc,phases      ] GC(802)   Post Evacuate Collection Set: 0.3ms
[2024-08-27T14:57:41.977+0000][info][gc,phases      ] GC(802)   Other: 0.2ms
[2024-08-27T14:57:41.977+0000][info][gc,heap        ] GC(802) Eden regions: 17->0(44)
[2024-08-27T14:57:41.977+0000][info][gc,heap        ] GC(802) Survivor regions: 7->7(7)
[2024-08-27T14:57:41.977+0000][info][gc,heap        ] GC(802) Old regions: 966->883
[2024-08-27T14:57:41.977+0000][info][gc,heap        ] GC(802) Archive regions: 2->2
[2024-08-27T14:57:41.977+0000][info][gc,heap        ] GC(802) Humongous regions: 5->5
[2024-08-27T14:57:41.977+0000][info][gc,metaspace   ] GC(802) Metaspace: 100K(320K)->100K(320K) NonClass: 96K(192K)->96K(192K) Class: 4K(128K)->4K(128K)
[2024-08-27T14:57:41.977+0000][info][gc             ] GC(802) Pause Young (Mixed) (G1 Preventive Collection) 995M->895M(1024M) 6.857ms
[2024-08-27T14:57:41.977+0000][info][gc,cpu         ] GC(802) User=0.14s Sys=0.00s Real=0.00s
[2024-08-27T14:57:42.001+0000][info][gc,start       ] GC(803) Pause Young (Mixed) (G1 Evacuation Pause)
[2024-08-27T14:57:42.001+0000][info][gc,task        ] GC(803) Using 24 workers of 68 for evacuation
[2024-08-27T14:57:42.012+0000][info][gc,phases      ] GC(803)   Pre Evacuate Collection Set: 0.2ms
[2024-08-27T14:57:42.012+0000][info][gc,phases      ] GC(803)   Merge Heap Roots: 0.4ms
[2024-08-27T14:57:42.012+0000][info][gc,phases      ] GC(803)   Evacuate Collection Set: 9.7ms
[2024-08-27T14:57:42.012+0000][info][gc,phases      ] GC(803)   Post Evacuate Collection Set: 0.4ms
[2024-08-27T14:57:42.012+0000][info][gc,phases      ] GC(803)   Other: 0.2ms
[2024-08-27T14:57:42.012+0000][info][gc,heap        ] GC(803) Eden regions: 44->0(44)
[2024-08-27T14:57:42.012+0000][info][gc,heap        ] GC(803) Survivor regions: 7->7(7)
[2024-08-27T14:57:42.012+0000][info][gc,heap        ] GC(803) Old regions: 883->825
[2024-08-27T14:57:42.012+0000][info][gc,heap        ] GC(803) Archive regions: 2->2
[2024-08-27T14:57:42.012+0000][info][gc,heap        ] GC(803) Humongous regions: 5->5
[2024-08-27T14:57:42.012+0000][info][gc,metaspace   ] GC(803) Metaspace: 100K(320K)->100K(320K) NonClass: 96K(192K)->96K(192K) Class: 4K(128K)->4K(128K)
[2024-08-27T14:57:42.012+0000][info][gc             ] GC(803) Pause Young (Mixed) (G1 Evacuation Pause) 939M->837M(1024M) 11.089ms
[2024-08-27T14:57:42.012+0000][info][gc,cpu         ] GC(803) User=0.24s Sys=0.00s Real=0.01s
[2024-08-27T14:57:42.036+0000][info][gc,start       ] GC(804) Pause Young (Mixed) (G1 Evacuation Pause)
[2024-08-27T14:57:42.036+0000][info][gc,task        ] GC(804) Using 24 workers of 68 for evacuation
[2024-08-27T14:57:42.047+0000][info][gc,phases      ] GC(804)   Pre Evacuate Collection Set: 0.2ms
[2024-08-27T14:57:42.047+0000][info][gc,phases      ] GC(804)   Merge Heap Roots: 0.5ms
[2024-08-27T14:57:42.047+0000][info][gc,phases      ] GC(804)   Evacuate Collection Set: 10.0ms
[2024-08-27T14:57:42.047+0000][info][gc,phases      ] GC(804)   Post Evacuate Collection Set: 0.4ms
[2024-08-27T14:57:42.047+0000][info][gc,phases      ] GC(804)   Other: 0.2ms
[2024-08-27T14:57:42.047+0000][info][gc,heap        ] GC(804) Eden regions: 44->0(44)
[2024-08-27T14:57:42.047+0000][info][gc,heap        ] GC(804) Survivor regions: 7->7(7)
[2024-08-27T14:57:42.047+0000][info][gc,heap        ] GC(804) Old regions: 825->768
[2024-08-27T14:57:42.047+0000][info][gc,heap        ] GC(804) Archive regions: 2->2
[2024-08-27T14:57:42.047+0000][info][gc,heap        ] GC(804) Humongous regions: 5->5
[2024-08-27T14:57:42.048+0000][info][gc,metaspace   ] GC(804) Metaspace: 100K(320K)->100K(320K) NonClass: 96K(192K)->96K(192K) Class: 4K(128K)->4K(128K)
[2024-08-27T14:57:42.048+0000][info][gc             ] GC(804) Pause Young (Mixed) (G1 Evacuation Pause) 881M->780M(1024M) 11.571ms
[2024-08-27T14:57:42.048+0000][info][gc,cpu         ] GC(804) User=0.25s Sys=0.00s Real=0.01s
[2024-08-27T14:57:42.071+0000][info][gc,start       ] GC(805) Pause Young (Mixed) (G1 Evacuation Pause)
[2024-08-27T14:57:42.071+0000][info][gc,task        ] GC(805) Using 24 workers of 68 for evacuation
[2024-08-27T14:57:42.082+0000][info][gc,phases      ] GC(805)   Pre Evacuate Collection Set: 0.2ms
[2024-08-27T14:57:42.082+0000][info][gc,phases      ] GC(805)   Merge Heap Roots: 0.4ms
[2024-08-27T14:57:42.082+0000][info][gc,phases      ] GC(805)   Evacuate Collection Set: 10.0ms
[2024-08-27T14:57:42.082+0000][info][gc,phases      ] GC(805)   Post Evacuate Collection Set: 0.3ms
[2024-08-27T14:57:42.082+0000][info][gc,phases      ] GC(805)   Other: 0.2ms
[2024-08-27T14:57:42.082+0000][info][gc,heap        ] GC(805) Eden regions: 44->0(44)
[2024-08-27T14:57:42.082+0000][info][gc,heap        ] GC(805) Survivor regions: 7->7(7)
[2024-08-27T14:57:42.082+0000][info][gc,heap        ] GC(805) Old regions: 768->792
[2024-08-27T14:57:42.082+0000][info][gc,heap        ] GC(805) Archive regions: 2->2
[2024-08-27T14:57:42.082+0000][info][gc,heap        ] GC(805) Humongous regions: 5->5
[2024-08-27T14:57:42.082+0000][info][gc,metaspace   ] GC(805) Metaspace: 100K(320K)->100K(320K) NonClass: 96K(192K)->96K(192K) Class: 4K(128K)->4K(128K)
[2024-08-27T14:57:42.083+0000][info][gc             ] GC(805) Pause Young (Mixed) (G1 Evacuation Pause) 824M->804M(1024M) 11.165ms
[2024-08-27T14:57:42.083+0000][info][gc,cpu         ] GC(805) User=0.24s Sys=0.00s Real=0.01s
[2024-08-27T14:57:42.107+0000][info][gc,start       ] GC(806) Pause Young (Concurrent Start) (G1 Evacuation Pause)
[2024-08-27T14:57:42.107+0000][info][gc,task        ] GC(806) Using 24 workers of 68 for evacuation
[2024-08-27T14:57:42.118+0000][info][gc,phases      ] GC(806)   Pre Evacuate Collection Set: 0.2ms
[2024-08-27T14:57:42.118+0000][info][gc,phases      ] GC(806)   Merge Heap Roots: 0.4ms
[2024-08-27T14:57:42.118+0000][info][gc,phases      ] GC(806)   Evacuate Collection Set: 9.8ms
[2024-08-27T14:57:42.118+0000][info][gc,phases      ] GC(806)   Post Evacuate Collection Set: 0.3ms
[2024-08-27T14:57:42.118+0000][info][gc,phases      ] GC(806)   Other: 0.7ms
[2024-08-27T14:57:42.118+0000][info][gc,heap        ] GC(806) Eden regions: 44->0(44)
[2024-08-27T14:57:42.118+0000][info][gc,heap        ] GC(806) Survivor regions: 7->7(7)
[2024-08-27T14:57:42.118+0000][info][gc,heap        ] GC(806) Old regions: 792->839
[2024-08-27T14:57:42.118+0000][info][gc,heap        ] GC(806) Archive regions: 2->2
[2024-08-27T14:57:42.118+0000][info][gc,heap        ] GC(806) Humongous regions: 5->5
[2024-08-27T14:57:42.118+0000][info][gc,metaspace   ] GC(806) Metaspace: 100K(320K)->100K(320K) NonClass: 96K(192K)->96K(192K) Class: 4K(128K)->4K(128K)
[2024-08-27T14:57:42.118+0000][info][gc             ] GC(806) Pause Young (Concurrent Start) (G1 Evacuation Pause) 848M->851M(1024M) 11.549ms
[2024-08-27T14:57:42.118+0000][info][gc,cpu         ] GC(806) User=0.24s Sys=0.00s Real=0.02s
[2024-08-27T14:57:42.118+0000][info][gc             ] GC(807) Concurrent Mark Cycle
[2024-08-27T14:57:42.118+0000][info][gc,marking     ] GC(807) Concurrent Clear Claimed Marks
[2024-08-27T14:57:42.118+0000][info][gc,marking     ] GC(807) Concurrent Clear Claimed Marks 0.014ms
[2024-08-27T14:57:42.118+0000][info][gc,marking     ] GC(807) Concurrent Scan Root Regions
[2024-08-27T14:57:42.120+0000][info][gc,marking     ] GC(807) Concurrent Scan Root Regions 1.796ms
[2024-08-27T14:57:42.120+0000][info][gc,marking     ] GC(807) Concurrent Mark
[2024-08-27T14:57:42.120+0000][info][gc,marking     ] GC(807) Concurrent Mark From Roots
[2024-08-27T14:57:42.120+0000][info][gc,task        ] GC(807) Using 17 workers of 17 for marking
[2024-08-27T14:57:42.145+0000][info][gc,marking     ] GC(807) Concurrent Mark From Roots 24.568ms
[2024-08-27T14:57:42.145+0000][info][gc,marking     ] GC(807) Concurrent Preclean
[2024-08-27T14:57:42.145+0000][info][gc,marking     ] GC(807) Concurrent Preclean 0.570ms
[2024-08-27T14:57:42.146+0000][info][gc,start       ] GC(807) Pause Remark
[2024-08-27T14:57:42.147+0000][info][gc             ] GC(807) Pause Remark 875M->875M(1024M) 1.306ms
[2024-08-27T14:57:42.147+0000][info][gc,cpu         ] GC(807) User=0.00s Sys=0.00s Real=0.00s
[2024-08-27T14:57:42.147+0000][info][gc,marking     ] GC(807) Concurrent Mark 26.829ms
[2024-08-27T14:57:42.147+0000][info][gc,marking     ] GC(807) Concurrent Rebuild Remembered Sets
[2024-08-27T14:57:42.166+0000][info][gc,start       ] GC(808) Pause Young (Normal) (G1 Evacuation Pause)
[2024-08-27T14:57:42.166+0000][info][gc,task        ] GC(808) Using 24 workers of 68 for evacuation
[2024-08-27T14:57:42.177+0000][info][gc,phases      ] GC(808)   Pre Evacuate Collection Set: 0.1ms
[2024-08-27T14:57:42.177+0000][info][gc,phases      ] GC(808)   Merge Heap Roots: 0.2ms
[2024-08-27T14:57:42.177+0000][info][gc,phases      ] GC(808)   Evacuate Collection Set: 9.9ms
[2024-08-27T14:57:42.177+0000][info][gc,phases      ] GC(808)   Post Evacuate Collection Set: 0.4ms
[2024-08-27T14:57:42.177+0000][info][gc,phases      ] GC(808)   Other: 0.2ms
[2024-08-27T14:57:42.177+0000][info][gc,heap        ] GC(808) Eden regions: 44->0(44)
[2024-08-27T14:57:42.177+0000][info][gc,heap        ] GC(808) Survivor regions: 7->7(7)
[2024-08-27T14:57:42.177+0000][info][gc,heap        ] GC(808) Old regions: 839->886
[2024-08-27T14:57:42.177+0000][info][gc,heap        ] GC(808) Archive regions: 2->2
[2024-08-27T14:57:42.177+0000][info][gc,heap        ] GC(808) Humongous regions: 5->5
[2024-08-27T14:57:42.177+0000][info][gc,metaspace   ] GC(808) Metaspace: 100K(320K)->100K(320K) NonClass: 96K(192K)->96K(192K) Class: 4K(128K)->4K(128K)
[2024-08-27T14:57:42.177+0000][info][gc             ] GC(808) Pause Young (Normal) (G1 Evacuation Pause) 895M->898M(1024M) 10.909ms
[2024-08-27T14:57:42.177+0000][info][gc,cpu         ] GC(808) User=0.24s Sys=0.00s Real=0.01s
[2024-08-27T14:57:42.219+0000][info][gc,start       ] GC(809) Pause Young (Normal) (G1 Evacuation Pause)
[2024-08-27T14:57:42.219+0000][info][gc,task        ] GC(809) Using 24 workers of 68 for evacuation
[2024-08-27T14:57:42.234+0000][info][gc,phases      ] GC(809)   Pre Evacuate Collection Set: 0.2ms
[2024-08-27T14:57:42.234+0000][info][gc,phases      ] GC(809)   Merge Heap Roots: 0.5ms
[2024-08-27T14:57:42.234+0000][info][gc,phases      ] GC(809)   Evacuate Collection Set: 13.3ms
[2024-08-27T14:57:42.234+0000][info][gc,phases      ] GC(809)   Post Evacuate Collection Set: 0.6ms
[2024-08-27T14:57:42.234+0000][info][gc,phases      ] GC(809)   Other: 0.2ms
[2024-08-27T14:57:42.234+0000][info][gc,heap        ] GC(809) Eden regions: 44->0(44)
[2024-08-27T14:57:42.234+0000][info][gc,heap        ] GC(809) Survivor regions: 7->7(7)
[2024-08-27T14:57:42.234+0000][info][gc,heap        ] GC(809) Old regions: 886->933
[2024-08-27T14:57:42.234+0000][info][gc,heap        ] GC(809) Archive regions: 2->2
[2024-08-27T14:57:42.234+0000][info][gc,heap        ] GC(809) Humongous regions: 5->5
[2024-08-27T14:57:42.234+0000][info][gc,metaspace   ] GC(809) Metaspace: 100K(320K)->100K(320K) NonClass: 96K(192K)->96K(192K) Class: 4K(128K)->4K(128K)
[2024-08-27T14:57:42.234+0000][info][gc             ] GC(809) Pause Young (Normal) (G1 Evacuation Pause) 942M->945M(1024M) 14.842ms
[2024-08-27T14:57:42.234+0000][info][gc,cpu         ] GC(809) User=0.34s Sys=0.00s Real=0.01s
[2024-08-27T14:57:42.238+0000][info][gc,marking     ] GC(807) Concurrent Rebuild Remembered Sets 91.354ms
[2024-08-27T14:57:42.239+0000][info][gc,start       ] GC(807) Pause Cleanup
[2024-08-27T14:57:42.240+0000][info][gc             ] GC(807) Pause Cleanup 949M->949M(1024M) 1.273ms
[2024-08-27T14:57:42.240+0000][info][gc,cpu         ] GC(807) User=0.01s Sys=0.00s Real=0.00s
[2024-08-27T14:57:42.240+0000][info][gc,marking     ] GC(807) Concurrent Cleanup for Next Mark
[2024-08-27T14:57:42.241+0000][info][gc,marking     ] GC(807) Concurrent Cleanup for Next Mark 0.757ms
[2024-08-27T14:57:42.241+0000][info][gc             ] GC(807) Concurrent Mark Cycle 122.452ms
[2024-08-27T14:57:42.259+0000][info][gc,start       ] GC(810) Pause Young (Prepare Mixed) (G1 Preventive Collection)
[2024-08-27T14:57:42.259+0000][info][gc,task        ] GC(810) Using 24 workers of 68 for evacuation
[2024-08-27T14:57:42.275+0000][info][gc,phases      ] GC(810)   Pre Evacuate Collection Set: 0.2ms
[2024-08-27T14:57:42.275+0000][info][gc,phases      ] GC(810)   Merge Heap Roots: 0.6ms
[2024-08-27T14:57:42.275+0000][info][gc,phases      ] GC(810)   Evacuate Collection Set: 14.5ms
[2024-08-27T14:57:42.275+0000][info][gc,phases      ] GC(810)   Post Evacuate Collection Set: 0.3ms
[2024-08-27T14:57:42.275+0000][info][gc,phases      ] GC(810)   Other: 0.2ms
[2024-08-27T14:57:42.275+0000][info][gc,heap        ] GC(810) Eden regions: 33->0(44)
[2024-08-27T14:57:42.275+0000][info][gc,heap        ] GC(810) Survivor regions: 7->7(7)
[2024-08-27T14:57:42.275+0000][info][gc,heap        ] GC(810) Old regions: 933->969
[2024-08-27T14:57:42.275+0000][info][gc,heap        ] GC(810) Archive regions: 2->2
[2024-08-27T14:57:42.275+0000][info][gc,heap        ] GC(810) Humongous regions: 5->5
[2024-08-27T14:57:42.275+0000][info][gc,metaspace   ] GC(810) Metaspace: 100K(320K)->100K(320K) NonClass: 96K(192K)->96K(192K) Class: 4K(128K)->4K(128K)
[2024-08-27T14:57:42.275+0000][info][gc             ] GC(810) Pause Young (Prepare Mixed) (G1 Preventive Collection) 978M->981M(1024M) 15.808ms
[2024-08-27T14:57:42.275+0000][info][gc,cpu         ] GC(810) User=0.36s Sys=0.00s Real=0.01s
[2024-08-27T14:57:42.284+0000][info][gc,start       ] GC(811) Pause Young (Mixed) (G1 Preventive Collection)
[2024-08-27T14:57:42.284+0000][info][gc,task        ] GC(811) Using 24 workers of 68 for evacuation
[2024-08-27T14:57:42.291+0000][info][gc,phases      ] GC(811)   Pre Evacuate Collection Set: 0.2ms
[2024-08-27T14:57:42.291+0000][info][gc,phases      ] GC(811)   Merge Heap Roots: 0.2ms
[2024-08-27T14:57:42.291+0000][info][gc,phases      ] GC(811)   Evacuate Collection Set: 5.9ms
[2024-08-27T14:57:42.291+0000][info][gc,phases      ] GC(811)   Post Evacuate Collection Set: 0.4ms
[2024-08-27T14:57:42.291+0000][info][gc,phases      ] GC(811)   Other: 0.2ms
[2024-08-27T14:57:42.291+0000][info][gc,heap        ] GC(811) Eden regions: 15->0(44)
[2024-08-27T14:57:42.291+0000][info][gc,heap        ] GC(811) Survivor regions: 7->7(7)
[2024-08-27T14:57:42.291+0000][info][gc,heap        ] GC(811) Old regions: 969->884
[2024-08-27T14:57:42.291+0000][info][gc,heap        ] GC(811) Archive regions: 2->2
[2024-08-27T14:57:42.291+0000][info][gc,heap        ] GC(811) Humongous regions: 5->5
[2024-08-27T14:57:42.291+0000][info][gc,metaspace   ] GC(811) Metaspace: 100K(320K)->100K(320K) NonClass: 96K(192K)->96K(192K) Class: 4K(128K)->4K(128K)
[2024-08-27T14:57:42.291+0000][info][gc             ] GC(811) Pause Young (Mixed) (G1 Preventive Collection) 996M->896M(1024M) 6.945ms
[2024-08-27T14:57:42.291+0000][info][gc,cpu         ] GC(811) User=0.15s Sys=0.00s Real=0.01s
[2024-08-27T14:57:42.315+0000][info][gc,start       ] GC(812) Pause Young (Mixed) (G1 Evacuation Pause)
[2024-08-27T14:57:42.315+0000][info][gc,task        ] GC(812) Using 24 workers of 68 for evacuation
[2024-08-27T14:57:42.332+0000][info][gc,phases      ] GC(812)   Pre Evacuate Collection Set: 0.2ms
[2024-08-27T14:57:42.332+0000][info][gc,phases      ] GC(812)   Merge Heap Roots: 0.5ms
[2024-08-27T14:57:42.332+0000][info][gc,phases      ] GC(812)   Evacuate Collection Set: 15.7ms
[2024-08-27T14:57:42.332+0000][info][gc,phases      ] GC(812)   Post Evacuate Collection Set: 0.4ms
[2024-08-27T14:57:42.332+0000][info][gc,phases      ] GC(812)   Other: 0.2ms
[2024-08-27T14:57:42.332+0000][info][gc,heap        ] GC(812) Eden regions: 44->0(44)
[2024-08-27T14:57:42.332+0000][info][gc,heap        ] GC(812) Survivor regions: 7->7(7)
[2024-08-27T14:57:42.332+0000][info][gc,heap        ] GC(812) Old regions: 884->825
[2024-08-27T14:57:42.332+0000][info][gc,heap        ] GC(812) Archive regions: 2->2
[2024-08-27T14:57:42.332+0000][info][gc,heap        ] GC(812) Humongous regions: 5->5
[2024-08-27T14:57:42.332+0000][info][gc,metaspace   ] GC(812) Metaspace: 100K(320K)->100K(320K) NonClass: 96K(192K)->96K(192K) Class: 4K(128K)->4K(128K)
[2024-08-27T14:57:42.332+0000][info][gc             ] GC(812) Pause Young (Mixed) (G1 Evacuation Pause) 940M->837M(1024M) 17.035ms
[2024-08-27T14:57:42.332+0000][info][gc,cpu         ] GC(812) User=0.25s Sys=0.00s Real=0.02s
[2024-08-27T14:57:42.368+0000][info][gc,start       ] GC(813) Pause Young (Mixed) (G1 Evacuation Pause)
[2024-08-27T14:57:42.368+0000][info][gc,task        ] GC(813) Using 24 workers of 68 for evacuation
[2024-08-27T14:57:42.381+0000][info][gc,phases      ] GC(813)   Pre Evacuate Collection Set: 0.2ms
[2024-08-27T14:57:42.381+0000][info][gc,phases      ] GC(813)   Merge Heap Roots: 0.3ms
[2024-08-27T14:57:42.381+0000][info][gc,phases      ] GC(813)   Evacuate Collection Set: 11.7ms
[2024-08-27T14:57:42.381+0000][info][gc,phases      ] GC(813)   Post Evacuate Collection Set: 0.4ms
[2024-08-27T14:57:42.381+0000][info][gc,phases      ] GC(813)   Other: 0.2ms
[2024-08-27T14:57:42.381+0000][info][gc,heap        ] GC(813) Eden regions: 44->0(44)
[2024-08-27T14:57:42.381+0000][info][gc,heap        ] GC(813) Survivor regions: 7->7(7)
[2024-08-27T14:57:42.381+0000][info][gc,heap        ] GC(813) Old regions: 825->768
[2024-08-27T14:57:42.381+0000][info][gc,heap        ] GC(813) Archive regions: 2->2
[2024-08-27T14:57:42.381+0000][info][gc,heap        ] GC(813) Humongous regions: 5->5
[2024-08-27T14:57:42.381+0000][info][gc,metaspace   ] GC(813) Metaspace: 100K(320K)->100K(320K) NonClass: 96K(192K)->96K(192K) Class: 4K(128K)->4K(128K)
[2024-08-27T14:57:42.381+0000][info][gc             ] GC(813) Pause Young (Mixed) (G1 Evacuation Pause) 881M->780M(1024M) 12.917ms
[2024-08-27T14:57:42.381+0000][info][gc,cpu         ] GC(813) User=0.18s Sys=0.11s Real=0.02s
[2024-08-27T14:57:42.409+0000][info][gc,start       ] GC(814) Pause Young (Mixed) (G1 Evacuation Pause)
[2024-08-27T14:57:42.409+0000][info][gc,task        ] GC(814) Using 24 workers of 68 for evacuation
[2024-08-27T14:57:42.421+0000][info][gc,phases      ] GC(814)   Pre Evacuate Collection Set: 0.2ms
[2024-08-27T14:57:42.421+0000][info][gc,phases      ] GC(814)   Merge Heap Roots: 0.4ms
[2024-08-27T14:57:42.421+0000][info][gc,phases      ] GC(814)   Evacuate Collection Set: 10.4ms
[2024-08-27T14:57:42.421+0000][info][gc,phases      ] GC(814)   Post Evacuate Collection Set: 0.4ms
[2024-08-27T14:57:42.421+0000][info][gc,phases      ] GC(814)   Other: 0.2ms
[2024-08-27T14:57:42.421+0000][info][gc,heap        ] GC(814) Eden regions: 44->0(44)
[2024-08-27T14:57:42.421+0000][info][gc,heap        ] GC(814) Survivor regions: 7->7(7)
[2024-08-27T14:57:42.421+0000][info][gc,heap        ] GC(814) Old regions: 768->789
[2024-08-27T14:57:42.421+0000][info][gc,heap        ] GC(814) Archive regions: 2->2
[2024-08-27T14:57:42.421+0000][info][gc,heap        ] GC(814) Humongous regions: 5->5
[2024-08-27T14:57:42.421+0000][info][gc,metaspace   ] GC(814) Metaspace: 100K(320K)->100K(320K) NonClass: 96K(192K)->96K(192K) Class: 4K(128K)->4K(128K)
[2024-08-27T14:57:42.421+0000][info][gc             ] GC(814) Pause Young (Mixed) (G1 Evacuation Pause) 824M->801M(1024M) 11.676ms
[2024-08-27T14:57:42.421+0000][info][gc,cpu         ] GC(814) User=0.25s Sys=0.01s Real=0.02s
[2024-08-27T14:57:42.449+0000][info][gc,start       ] GC(815) Pause Young (Concurrent Start) (G1 Evacuation Pause)
[2024-08-27T14:57:42.449+0000][info][gc,task        ] GC(815) Using 24 workers of 68 for evacuation
[2024-08-27T14:57:42.460+0000][info][gc,phases      ] GC(815)   Pre Evacuate Collection Set: 0.2ms
[2024-08-27T14:57:42.460+0000][info][gc,phases      ] GC(815)   Merge Heap Roots: 0.4ms
[2024-08-27T14:57:42.460+0000][info][gc,phases      ] GC(815)   Evacuate Collection Set: 9.9ms
[2024-08-27T14:57:42.460+0000][info][gc,phases      ] GC(815)   Post Evacuate Collection Set: 0.4ms
[2024-08-27T14:57:42.460+0000][info][gc,phases      ] GC(815)   Other: 0.6ms
[2024-08-27T14:57:42.460+0000][info][gc,heap        ] GC(815) Eden regions: 44->0(44)
[2024-08-27T14:57:42.460+0000][info][gc,heap        ] GC(815) Survivor regions: 7->7(7)
[2024-08-27T14:57:42.460+0000][info][gc,heap        ] GC(815) Old regions: 789->836
[2024-08-27T14:57:42.460+0000][info][gc,heap        ] GC(815) Archive regions: 2->2
[2024-08-27T14:57:42.460+0000][info][gc,heap        ] GC(815) Humongous regions: 5->5
[2024-08-27T14:57:42.460+0000][info][gc,metaspace   ] GC(815) Metaspace: 100K(320K)->100K(320K) NonClass: 96K(192K)->96K(192K) Class: 4K(128K)->4K(128K)
[2024-08-27T14:57:42.460+0000][info][gc             ] GC(815) Pause Young (Concurrent Start) (G1 Evacuation Pause) 845M->848M(1024M) 11.453ms
[2024-08-27T14:57:42.460+0000][info][gc,cpu         ] GC(815) User=0.23s Sys=0.01s Real=0.02s
[2024-08-27T14:57:42.461+0000][info][gc             ] GC(816) Concurrent Mark Cycle
[2024-08-27T14:57:42.461+0000][info][gc,marking     ] GC(816) Concurrent Clear Claimed Marks
[2024-08-27T14:57:42.461+0000][info][gc,marking     ] GC(816) Concurrent Clear Claimed Marks 0.014ms
[2024-08-27T14:57:42.461+0000][info][gc,marking     ] GC(816) Concurrent Scan Root Regions
[2024-08-27T14:57:42.462+0000][info][gc,marking     ] GC(816) Concurrent Scan Root Regions 1.596ms
[2024-08-27T14:57:42.462+0000][info][gc,marking     ] GC(816) Concurrent Mark
[2024-08-27T14:57:42.462+0000][info][gc,marking     ] GC(816) Concurrent Mark From Roots
[2024-08-27T14:57:42.462+0000][info][gc,task        ] GC(816) Using 17 workers of 17 for marking
[2024-08-27T14:57:42.488+0000][info][gc,marking     ] GC(816) Concurrent Mark From Roots 25.391ms
[2024-08-27T14:57:42.488+0000][info][gc,marking     ] GC(816) Concurrent Preclean
[2024-08-27T14:57:42.488+0000][info][gc,marking     ] GC(816) Concurrent Preclean 0.619ms
[2024-08-27T14:57:42.489+0000][info][gc,start       ] GC(816) Pause Remark
[2024-08-27T14:57:42.490+0000][info][gc             ] GC(816) Pause Remark 872M->872M(1024M) 1.297ms
[2024-08-27T14:57:42.490+0000][info][gc,cpu         ] GC(816) User=0.01s Sys=0.00s Real=0.01s
[2024-08-27T14:57:42.490+0000][info][gc,marking     ] GC(816) Concurrent Mark 27.686ms
[2024-08-27T14:57:42.490+0000][info][gc,marking     ] GC(816) Concurrent Rebuild Remembered Sets
[2024-08-27T14:57:42.510+0000][info][gc,start       ] GC(817) Pause Young (Normal) (G1 Evacuation Pause)
[2024-08-27T14:57:42.510+0000][info][gc,task        ] GC(817) Using 24 workers of 68 for evacuation
[2024-08-27T14:57:42.521+0000][info][gc,phases      ] GC(817)   Pre Evacuate Collection Set: 0.1ms
[2024-08-27T14:57:42.521+0000][info][gc,phases      ] GC(817)   Merge Heap Roots: 0.4ms
[2024-08-27T14:57:42.521+0000][info][gc,phases      ] GC(817)   Evacuate Collection Set: 9.6ms
[2024-08-27T14:57:42.521+0000][info][gc,phases      ] GC(817)   Post Evacuate Collection Set: 0.4ms
[2024-08-27T14:57:42.521+0000][info][gc,phases      ] GC(817)   Other: 0.2ms
[2024-08-27T14:57:42.521+0000][info][gc,heap        ] GC(817) Eden regions: 44->0(44)
[2024-08-27T14:57:42.521+0000][info][gc,heap        ] GC(817) Survivor regions: 7->7(7)
[2024-08-27T14:57:42.521+0000][info][gc,heap        ] GC(817) Old regions: 836->883
[2024-08-27T14:57:42.521+0000][info][gc,heap        ] GC(817) Archive regions: 2->2
[2024-08-27T14:57:42.521+0000][info][gc,heap        ] GC(817) Humongous regions: 5->5
[2024-08-27T14:57:42.521+0000][info][gc,metaspace   ] GC(817) Metaspace: 100K(320K)->100K(320K) NonClass: 96K(192K)->96K(192K) Class: 4K(128K)->4K(128K)
[2024-08-27T14:57:42.521+0000][info][gc             ] GC(817) Pause Young (Normal) (G1 Evacuation Pause) 892M->895M(1024M) 10.817ms
[2024-08-27T14:57:42.521+0000][info][gc,cpu         ] GC(817) User=0.24s Sys=0.00s Real=0.01s
[2024-08-27T14:57:42.563+0000][info][gc,start       ] GC(818) Pause Young (Normal) (G1 Evacuation Pause)
[2024-08-27T14:57:42.563+0000][info][gc,task        ] GC(818) Using 24 workers of 68 for evacuation
[2024-08-27T14:57:42.578+0000][info][gc,phases      ] GC(818)   Pre Evacuate Collection Set: 0.2ms
[2024-08-27T14:57:42.578+0000][info][gc,phases      ] GC(818)   Merge Heap Roots: 0.5ms
[2024-08-27T14:57:42.578+0000][info][gc,phases      ] GC(818)   Evacuate Collection Set: 13.4ms
[2024-08-27T14:57:42.578+0000][info][gc,phases      ] GC(818)   Post Evacuate Collection Set: 0.5ms
[2024-08-27T14:57:42.578+0000][info][gc,phases      ] GC(818)   Other: 0.2ms
[2024-08-27T14:57:42.578+0000][info][gc,heap        ] GC(818) Eden regions: 44->0(44)
[2024-08-27T14:57:42.578+0000][info][gc,heap        ] GC(818) Survivor regions: 7->7(7)
[2024-08-27T14:57:42.578+0000][info][gc,heap        ] GC(818) Old regions: 883->930
[2024-08-27T14:57:42.578+0000][info][gc,heap        ] GC(818) Archive regions: 2->2
[2024-08-27T14:57:42.578+0000][info][gc,heap        ] GC(818) Humongous regions: 5->5
[2024-08-27T14:57:42.578+0000][info][gc,metaspace   ] GC(818) Metaspace: 100K(320K)->100K(320K) NonClass: 96K(192K)->96K(192K) Class: 4K(128K)->4K(128K)
[2024-08-27T14:57:42.578+0000][info][gc             ] GC(818) Pause Young (Normal) (G1 Evacuation Pause) 939M->942M(1024M) 14.849ms
[2024-08-27T14:57:42.578+0000][info][gc,cpu         ] GC(818) User=0.32s Sys=0.01s Real=0.02s
[2024-08-27T14:57:42.583+0000][info][gc,marking     ] GC(816) Concurrent Rebuild Remembered Sets 92.617ms
[2024-08-27T14:57:42.583+0000][info][gc,start       ] GC(816) Pause Cleanup
[2024-08-27T14:57:42.584+0000][info][gc             ] GC(816) Pause Cleanup 947M->947M(1024M) 1.319ms
[2024-08-27T14:57:42.584+0000][info][gc,cpu         ] GC(816) User=0.01s Sys=0.00s Real=0.00s
[2024-08-27T14:57:42.584+0000][info][gc,marking     ] GC(816) Concurrent Cleanup for Next Mark
[2024-08-27T14:57:42.585+0000][info][gc,marking     ] GC(816) Concurrent Cleanup for Next Mark 0.891ms
[2024-08-27T14:57:42.585+0000][info][gc             ] GC(816) Concurrent Mark Cycle 124.654ms
[2024-08-27T14:57:42.605+0000][info][gc,start       ] GC(819) Pause Young (Prepare Mixed) (G1 Preventive Collection)
[2024-08-27T14:57:42.605+0000][info][gc,task        ] GC(819) Using 24 workers of 68 for evacuation
[2024-08-27T14:57:42.621+0000][info][gc,phases      ] GC(819)   Pre Evacuate Collection Set: 0.2ms
[2024-08-27T14:57:42.621+0000][info][gc,phases      ] GC(819)   Merge Heap Roots: 0.4ms
[2024-08-27T14:57:42.621+0000][info][gc,phases      ] GC(819)   Evacuate Collection Set: 14.5ms
[2024-08-27T14:57:42.621+0000][info][gc,phases      ] GC(819)   Post Evacuate Collection Set: 0.3ms
[2024-08-27T14:57:42.621+0000][info][gc,phases      ] GC(819)   Other: 0.2ms
[2024-08-27T14:57:42.621+0000][info][gc,heap        ] GC(819) Eden regions: 35->0(44)
[2024-08-27T14:57:42.621+0000][info][gc,heap        ] GC(819) Survivor regions: 7->7(7)
[2024-08-27T14:57:42.621+0000][info][gc,heap        ] GC(819) Old regions: 930->968
[2024-08-27T14:57:42.621+0000][info][gc,heap        ] GC(819) Archive regions: 2->2
[2024-08-27T14:57:42.621+0000][info][gc,heap        ] GC(819) Humongous regions: 5->5
[2024-08-27T14:57:42.621+0000][info][gc,metaspace   ] GC(819) Metaspace: 100K(320K)->100K(320K) NonClass: 96K(192K)->96K(192K) Class: 4K(128K)->4K(128K)
[2024-08-27T14:57:42.621+0000][info][gc             ] GC(819) Pause Young (Prepare Mixed) (G1 Preventive Collection) 977M->980M(1024M) 15.679ms
[2024-08-27T14:57:42.621+0000][info][gc,cpu         ] GC(819) User=0.36s Sys=0.00s Real=0.02s
[2024-08-27T14:57:42.631+0000][info][gc,start       ] GC(820) Pause Young (Mixed) (G1 Preventive Collection)
[2024-08-27T14:57:42.631+0000][info][gc,task        ] GC(820) Using 24 workers of 68 for evacuation
[2024-08-27T14:57:42.638+0000][info][gc,phases      ] GC(820)   Pre Evacuate Collection Set: 0.2ms
[2024-08-27T14:57:42.638+0000][info][gc,phases      ] GC(820)   Merge Heap Roots: 0.4ms
[2024-08-27T14:57:42.638+0000][info][gc,phases      ] GC(820)   Evacuate Collection Set: 6.2ms
[2024-08-27T14:57:42.638+0000][info][gc,phases      ] GC(820)   Post Evacuate Collection Set: 0.3ms
[2024-08-27T14:57:42.638+0000][info][gc,phases      ] GC(820)   Other: 0.2ms
[2024-08-27T14:57:42.638+0000][info][gc,heap        ] GC(820) Eden regions: 16->0(44)
[2024-08-27T14:57:42.638+0000][info][gc,heap        ] GC(820) Survivor regions: 7->7(7)
[2024-08-27T14:57:42.638+0000][info][gc,heap        ] GC(820) Old regions: 968->884
[2024-08-27T14:57:42.638+0000][info][gc,heap        ] GC(820) Archive regions: 2->2
[2024-08-27T14:57:42.638+0000][info][gc,heap        ] GC(820) Humongous regions: 5->5
[2024-08-27T14:57:42.638+0000][info][gc,metaspace   ] GC(820) Metaspace: 100K(320K)->100K(320K) NonClass: 96K(192K)->96K(192K) Class: 4K(128K)->4K(128K)
[2024-08-27T14:57:42.638+0000][info][gc             ] GC(820) Pause Young (Mixed) (G1 Preventive Collection) 996M->896M(1024M) 7.403ms
[2024-08-27T14:57:42.638+0000][info][gc,cpu         ] GC(820) User=0.16s Sys=0.00s Real=0.01s
[2024-08-27T14:57:42.665+0000][info][gc,start       ] GC(821) Pause Young (Mixed) (G1 Evacuation Pause)
[2024-08-27T14:57:42.665+0000][info][gc,task        ] GC(821) Using 24 workers of 68 for evacuation
[2024-08-27T14:57:42.676+0000][info][gc,phases      ] GC(821)   Pre Evacuate Collection Set: 0.2ms
[2024-08-27T14:57:42.676+0000][info][gc,phases      ] GC(821)   Merge Heap Roots: 0.3ms
[2024-08-27T14:57:42.676+0000][info][gc,phases      ] GC(821)   Evacuate Collection Set: 10.0ms
[2024-08-27T14:57:42.676+0000][info][gc,phases      ] GC(821)   Post Evacuate Collection Set: 0.4ms
[2024-08-27T14:57:42.676+0000][info][gc,phases      ] GC(821)   Other: 0.3ms
[2024-08-27T14:57:42.676+0000][info][gc,heap        ] GC(821) Eden regions: 44->0(44)
[2024-08-27T14:57:42.676+0000][info][gc,heap        ] GC(821) Survivor regions: 7->7(7)
[2024-08-27T14:57:42.676+0000][info][gc,heap        ] GC(821) Old regions: 884->826
[2024-08-27T14:57:42.676+0000][info][gc,heap        ] GC(821) Archive regions: 2->2
[2024-08-27T14:57:42.676+0000][info][gc,heap        ] GC(821) Humongous regions: 5->5
[2024-08-27T14:57:42.676+0000][info][gc,metaspace   ] GC(821) Metaspace: 100K(320K)->100K(320K) NonClass: 96K(192K)->96K(192K) Class: 4K(128K)->4K(128K)
[2024-08-27T14:57:42.676+0000][info][gc             ] GC(821) Pause Young (Mixed) (G1 Evacuation Pause) 940M->838M(1024M) 11.296ms
[2024-08-27T14:57:42.676+0000][info][gc,cpu         ] GC(821) User=0.25s Sys=0.01s Real=0.01s
[2024-08-27T14:57:42.702+0000][info][gc,start       ] GC(822) Pause Young (Mixed) (G1 Evacuation Pause)
[2024-08-27T14:57:42.702+0000][info][gc,task        ] GC(822) Using 24 workers of 68 for evacuation
[2024-08-27T14:57:42.713+0000][info][gc,phases      ] GC(822)   Pre Evacuate Collection Set: 0.2ms
[2024-08-27T14:57:42.713+0000][info][gc,phases      ] GC(822)   Merge Heap Roots: 0.4ms
[2024-08-27T14:57:42.714+0000][info][gc,phases      ] GC(822)   Evacuate Collection Set: 10.2ms
[2024-08-27T14:57:42.714+0000][info][gc,phases      ] GC(822)   Post Evacuate Collection Set: 0.5ms
[2024-08-27T14:57:42.714+0000][info][gc,phases      ] GC(822)   Other: 0.3ms
[2024-08-27T14:57:42.714+0000][info][gc,heap        ] GC(822) Eden regions: 44->0(44)
[2024-08-27T14:57:42.714+0000][info][gc,heap        ] GC(822) Survivor regions: 7->7(7)
[2024-08-27T14:57:42.714+0000][info][gc,heap        ] GC(822) Old regions: 826->769
[2024-08-27T14:57:42.714+0000][info][gc,heap        ] GC(822) Archive regions: 2->2
[2024-08-27T14:57:42.714+0000][info][gc,heap        ] GC(822) Humongous regions: 5->5
[2024-08-27T14:57:42.714+0000][info][gc,metaspace   ] GC(822) Metaspace: 100K(320K)->100K(320K) NonClass: 96K(192K)->96K(192K) Class: 4K(128K)->4K(128K)
[2024-08-27T14:57:42.714+0000][info][gc             ] GC(822) Pause Young (Mixed) (G1 Evacuation Pause) 882M->781M(1024M) 11.738ms
[2024-08-27T14:57:42.714+0000][info][gc,cpu         ] GC(822) User=0.25s Sys=0.01s Real=0.01s
[2024-08-27T14:57:42.739+0000][info][gc,start       ] GC(823) Pause Young (Mixed) (G1 Evacuation Pause)
[2024-08-27T14:57:42.739+0000][info][gc,task        ] GC(823) Using 24 workers of 68 for evacuation
[2024-08-27T14:57:42.750+0000][info][gc,phases      ] GC(823)   Pre Evacuate Collection Set: 0.2ms
[2024-08-27T14:57:42.750+0000][info][gc,phases      ] GC(823)   Merge Heap Roots: 0.2ms
[2024-08-27T14:57:42.750+0000][info][gc,phases      ] GC(823)   Evacuate Collection Set: 10.5ms
[2024-08-27T14:57:42.750+0000][info][gc,phases      ] GC(823)   Post Evacuate Collection Set: 0.3ms
[2024-08-27T14:57:42.750+0000][info][gc,phases      ] GC(823)   Other: 0.3ms
[2024-08-27T14:57:42.750+0000][info][gc,heap        ] GC(823) Eden regions: 44->0(44)
[2024-08-27T14:57:42.750+0000][info][gc,heap        ] GC(823) Survivor regions: 7->7(7)
[2024-08-27T14:57:42.750+0000][info][gc,heap        ] GC(823) Old regions: 769->792
[2024-08-27T14:57:42.750+0000][info][gc,heap        ] GC(823) Archive regions: 2->2
[2024-08-27T14:57:42.750+0000][info][gc,heap        ] GC(823) Humongous regions: 5->5
[2024-08-27T14:57:42.750+0000][info][gc,metaspace   ] GC(823) Metaspace: 100K(320K)->100K(320K) NonClass: 96K(192K)->96K(192K) Class: 4K(128K)->4K(128K)
[2024-08-27T14:57:42.750+0000][info][gc             ] GC(823) Pause Young (Mixed) (G1 Evacuation Pause) 825M->804M(1024M) 11.614ms
[2024-08-27T14:57:42.750+0000][info][gc,cpu         ] GC(823) User=0.25s Sys=0.00s Real=0.01s
[2024-08-27T14:57:42.776+0000][info][gc,start       ] GC(824) Pause Young (Concurrent Start) (G1 Evacuation Pause)
[2024-08-27T14:57:42.776+0000][info][gc,task        ] GC(824) Using 24 workers of 68 for evacuation
[2024-08-27T14:57:42.788+0000][info][gc,phases      ] GC(824)   Pre Evacuate Collection Set: 0.2ms
[2024-08-27T14:57:42.788+0000][info][gc,phases      ] GC(824)   Merge Heap Roots: 0.2ms
[2024-08-27T14:57:42.788+0000][info][gc,phases      ] GC(824)   Evacuate Collection Set: 10.3ms
[2024-08-27T14:57:42.788+0000][info][gc,phases      ] GC(824)   Post Evacuate Collection Set: 0.3ms
[2024-08-27T14:57:42.788+0000][info][gc,phases      ] GC(824)   Other: 0.6ms
[2024-08-27T14:57:42.788+0000][info][gc,heap        ] GC(824) Eden regions: 44->0(44)
[2024-08-27T14:57:42.788+0000][info][gc,heap        ] GC(824) Survivor regions: 7->7(7)
[2024-08-27T14:57:42.788+0000][info][gc,heap        ] GC(824) Old regions: 792->839
[2024-08-27T14:57:42.788+0000][info][gc,heap        ] GC(824) Archive regions: 2->2
[2024-08-27T14:57:42.788+0000][info][gc,heap        ] GC(824) Humongous regions: 5->5
[2024-08-27T14:57:42.788+0000][info][gc,metaspace   ] GC(824) Metaspace: 100K(320K)->100K(320K) NonClass: 96K(192K)->96K(192K) Class: 4K(128K)->4K(128K)
[2024-08-27T14:57:42.788+0000][info][gc             ] GC(824) Pause Young (Concurrent Start) (G1 Evacuation Pause) 848M->851M(1024M) 11.637ms
[2024-08-27T14:57:42.788+0000][info][gc,cpu         ] GC(824) User=0.25s Sys=0.00s Real=0.01s
[2024-08-27T14:57:42.788+0000][info][gc             ] GC(825) Concurrent Mark Cycle
[2024-08-27T14:57:42.788+0000][info][gc,marking     ] GC(825) Concurrent Clear Claimed Marks
[2024-08-27T14:57:42.788+0000][info][gc,marking     ] GC(825) Concurrent Clear Claimed Marks 0.012ms
[2024-08-27T14:57:42.788+0000][info][gc,marking     ] GC(825) Concurrent Scan Root Regions
[2024-08-27T14:57:42.790+0000][info][gc,marking     ] GC(825) Concurrent Scan Root Regions 1.736ms
[2024-08-27T14:57:42.790+0000][info][gc,marking     ] GC(825) Concurrent Mark
[2024-08-27T14:57:42.790+0000][info][gc,marking     ] GC(825) Concurrent Mark From Roots
[2024-08-27T14:57:42.790+0000][info][gc,task        ] GC(825) Using 17 workers of 17 for marking
[2024-08-27T14:57:42.815+0000][info][gc,marking     ] GC(825) Concurrent Mark From Roots 25.305ms
[2024-08-27T14:57:42.815+0000][info][gc,marking     ] GC(825) Concurrent Preclean
[2024-08-27T14:57:42.816+0000][info][gc,marking     ] GC(825) Concurrent Preclean 0.678ms
[2024-08-27T14:57:42.816+0000][info][gc,start       ] GC(825) Pause Remark
[2024-08-27T14:57:42.817+0000][info][gc             ] GC(825) Pause Remark 874M->874M(1024M) 1.298ms
[2024-08-27T14:57:42.817+0000][info][gc,cpu         ] GC(825) User=0.01s Sys=0.00s Real=0.00s
[2024-08-27T14:57:42.817+0000][info][gc,marking     ] GC(825) Concurrent Mark 27.647ms
[2024-08-27T14:57:42.817+0000][info][gc,marking     ] GC(825) Concurrent Rebuild Remembered Sets
[2024-08-27T14:57:42.839+0000][info][gc,start       ] GC(826) Pause Young (Normal) (G1 Evacuation Pause)
[2024-08-27T14:57:42.839+0000][info][gc,task        ] GC(826) Using 24 workers of 68 for evacuation
[2024-08-27T14:57:42.850+0000][info][gc,phases      ] GC(826)   Pre Evacuate Collection Set: 0.1ms
[2024-08-27T14:57:42.850+0000][info][gc,phases      ] GC(826)   Merge Heap Roots: 0.4ms
[2024-08-27T14:57:42.850+0000][info][gc,phases      ] GC(826)   Evacuate Collection Set: 9.6ms
[2024-08-27T14:57:42.850+0000][info][gc,phases      ] GC(826)   Post Evacuate Collection Set: 0.4ms
[2024-08-27T14:57:42.850+0000][info][gc,phases      ] GC(826)   Other: 0.2ms
[2024-08-27T14:57:42.850+0000][info][gc,heap        ] GC(826) Eden regions: 44->0(44)
[2024-08-27T14:57:42.850+0000][info][gc,heap        ] GC(826) Survivor regions: 7->7(7)
[2024-08-27T14:57:42.850+0000][info][gc,heap        ] GC(826) Old regions: 839->885
[2024-08-27T14:57:42.850+0000][info][gc,heap        ] GC(826) Archive regions: 2->2
[2024-08-27T14:57:42.850+0000][info][gc,heap        ] GC(826) Humongous regions: 5->5
[2024-08-27T14:57:42.850+0000][info][gc,metaspace   ] GC(826) Metaspace: 100K(320K)->100K(320K) NonClass: 96K(192K)->96K(192K) Class: 4K(128K)->4K(128K)
[2024-08-27T14:57:42.850+0000][info][gc             ] GC(826) Pause Young (Normal) (G1 Evacuation Pause) 895M->897M(1024M) 10.823ms
[2024-08-27T14:57:42.850+0000][info][gc,cpu         ] GC(826) User=0.23s Sys=0.01s Real=0.01s
[2024-08-27T14:57:42.893+0000][info][gc,start       ] GC(827) Pause Young (Normal) (G1 Evacuation Pause)
[2024-08-27T14:57:42.893+0000][info][gc,task        ] GC(827) Using 24 workers of 68 for evacuation
[2024-08-27T14:57:42.908+0000][info][gc,phases      ] GC(827)   Pre Evacuate Collection Set: 0.1ms
[2024-08-27T14:57:42.908+0000][info][gc,phases      ] GC(827)   Merge Heap Roots: 0.3ms
[2024-08-27T14:57:42.908+0000][info][gc,phases      ] GC(827)   Evacuate Collection Set: 13.7ms
[2024-08-27T14:57:42.908+0000][info][gc,phases      ] GC(827)   Post Evacuate Collection Set: 0.5ms
[2024-08-27T14:57:42.908+0000][info][gc,phases      ] GC(827)   Other: 0.2ms
[2024-08-27T14:57:42.908+0000][info][gc,heap        ] GC(827) Eden regions: 44->0(44)
[2024-08-27T14:57:42.908+0000][info][gc,heap        ] GC(827) Survivor regions: 7->7(7)
[2024-08-27T14:57:42.908+0000][info][gc,heap        ] GC(827) Old regions: 885->931
[2024-08-27T14:57:42.908+0000][info][gc,heap        ] GC(827) Archive regions: 2->2
[2024-08-27T14:57:42.908+0000][info][gc,heap        ] GC(827) Humongous regions: 5->5
[2024-08-27T14:57:42.908+0000][info][gc,metaspace   ] GC(827) Metaspace: 100K(320K)->100K(320K) NonClass: 96K(192K)->96K(192K) Class: 4K(128K)->4K(128K)
[2024-08-27T14:57:42.908+0000][info][gc             ] GC(827) Pause Young (Normal) (G1 Evacuation Pause) 941M->943M(1024M) 14.939ms
[2024-08-27T14:57:42.908+0000][info][gc,cpu         ] GC(827) User=0.34s Sys=0.00s Real=0.01s
[2024-08-27T14:57:42.912+0000][info][gc,marking     ] GC(825) Concurrent Rebuild Remembered Sets 94.287ms
[2024-08-27T14:57:42.912+0000][info][gc,start       ] GC(825) Pause Cleanup
[2024-08-27T14:57:42.913+0000][info][gc             ] GC(825) Pause Cleanup 947M->947M(1024M) 1.303ms
[2024-08-27T14:57:42.913+0000][info][gc,cpu         ] GC(825) User=0.01s Sys=0.00s Real=0.00s
[2024-08-27T14:57:42.913+0000][info][gc,marking     ] GC(825) Concurrent Cleanup for Next Mark
[2024-08-27T14:57:42.914+0000][info][gc,marking     ] GC(825) Concurrent Cleanup for Next Mark 0.760ms
[2024-08-27T14:57:42.914+0000][info][gc             ] GC(825) Concurrent Mark Cycle 126.188ms
[2024-08-27T14:57:42.934+0000][info][gc,start       ] GC(828) Pause Young (Prepare Mixed) (G1 Preventive Collection)
[2024-08-27T14:57:42.934+0000][info][gc,task        ] GC(828) Using 24 workers of 68 for evacuation
[2024-08-27T14:57:42.949+0000][info][gc,phases      ] GC(828)   Pre Evacuate Collection Set: 0.2ms
[2024-08-27T14:57:42.949+0000][info][gc,phases      ] GC(828)   Merge Heap Roots: 0.6ms
[2024-08-27T14:57:42.949+0000][info][gc,phases      ] GC(828)   Evacuate Collection Set: 14.0ms
[2024-08-27T14:57:42.949+0000][info][gc,phases      ] GC(828)   Post Evacuate Collection Set: 0.3ms
[2024-08-27T14:57:42.949+0000][info][gc,phases      ] GC(828)   Other: 0.2ms
[2024-08-27T14:57:42.949+0000][info][gc,heap        ] GC(828) Eden regions: 34->0(44)
[2024-08-27T14:57:42.949+0000][info][gc,heap        ] GC(828) Survivor regions: 7->7(7)
[2024-08-27T14:57:42.949+0000][info][gc,heap        ] GC(828) Old regions: 931->968
[2024-08-27T14:57:42.949+0000][info][gc,heap        ] GC(828) Archive regions: 2->2
[2024-08-27T14:57:42.949+0000][info][gc,heap        ] GC(828) Humongous regions: 5->5
[2024-08-27T14:57:42.949+0000][info][gc,metaspace   ] GC(828) Metaspace: 100K(320K)->100K(320K) NonClass: 96K(192K)->96K(192K) Class: 4K(128K)->4K(128K)
[2024-08-27T14:57:42.949+0000][info][gc             ] GC(828) Pause Young (Prepare Mixed) (G1 Preventive Collection) 977M->980M(1024M) 15.311ms
[2024-08-27T14:57:42.949+0000][info][gc,cpu         ] GC(828) User=0.35s Sys=0.00s Real=0.01s
[2024-08-27T14:57:42.958+0000][info][gc,start       ] GC(829) Pause Young (Mixed) (G1 Preventive Collection)
[2024-08-27T14:57:42.958+0000][info][gc,task        ] GC(829) Using 24 workers of 68 for evacuation
[2024-08-27T14:57:42.965+0000][info][gc,phases      ] GC(829)   Pre Evacuate Collection Set: 0.2ms
[2024-08-27T14:57:42.965+0000][info][gc,phases      ] GC(829)   Merge Heap Roots: 0.4ms
[2024-08-27T14:57:42.965+0000][info][gc,phases      ] GC(829)   Evacuate Collection Set: 6.0ms
[2024-08-27T14:57:42.965+0000][info][gc,phases      ] GC(829)   Post Evacuate Collection Set: 0.4ms
[2024-08-27T14:57:42.965+0000][info][gc,phases      ] GC(829)   Other: 0.2ms
[2024-08-27T14:57:42.965+0000][info][gc,heap        ] GC(829) Eden regions: 16->0(44)
[2024-08-27T14:57:42.965+0000][info][gc,heap        ] GC(829) Survivor regions: 7->7(7)
[2024-08-27T14:57:42.965+0000][info][gc,heap        ] GC(829) Old regions: 968->884
[2024-08-27T14:57:42.965+0000][info][gc,heap        ] GC(829) Archive regions: 2->2
[2024-08-27T14:57:42.965+0000][info][gc,heap        ] GC(829) Humongous regions: 5->5
[2024-08-27T14:57:42.965+0000][info][gc,metaspace   ] GC(829) Metaspace: 100K(320K)->100K(320K) NonClass: 96K(192K)->96K(192K) Class: 4K(128K)->4K(128K)
[2024-08-27T14:57:42.965+0000][info][gc             ] GC(829) Pause Young (Mixed) (G1 Preventive Collection) 996M->896M(1024M) 7.153ms
[2024-08-27T14:57:42.966+0000][info][gc,cpu         ] GC(829) User=0.15s Sys=0.01s Real=0.00s
[2024-08-27T14:57:42.990+0000][info][gc,start       ] GC(830) Pause Young (Mixed) (G1 Evacuation Pause)
[2024-08-27T14:57:42.990+0000][info][gc,task        ] GC(830) Using 24 workers of 68 for evacuation
[2024-08-27T14:57:43.001+0000][info][gc,phases      ] GC(830)   Pre Evacuate Collection Set: 0.2ms
[2024-08-27T14:57:43.001+0000][info][gc,phases      ] GC(830)   Merge Heap Roots: 0.4ms
[2024-08-27T14:57:43.001+0000][info][gc,phases      ] GC(830)   Evacuate Collection Set: 9.7ms
[2024-08-27T14:57:43.001+0000][info][gc,phases      ] GC(830)   Post Evacuate Collection Set: 0.4ms
[2024-08-27T14:57:43.001+0000][info][gc,phases      ] GC(830)   Other: 0.2ms
[2024-08-27T14:57:43.001+0000][info][gc,heap        ] GC(830) Eden regions: 44->0(44)
[2024-08-27T14:57:43.001+0000][info][gc,heap        ] GC(830) Survivor regions: 7->7(7)
[2024-08-27T14:57:43.001+0000][info][gc,heap        ] GC(830) Old regions: 884->826
[2024-08-27T14:57:43.001+0000][info][gc,heap        ] GC(830) Archive regions: 2->2
[2024-08-27T14:57:43.001+0000][info][gc,heap        ] GC(830) Humongous regions: 5->5
[2024-08-27T14:57:43.001+0000][info][gc,metaspace   ] GC(830) Metaspace: 100K(320K)->100K(320K) NonClass: 96K(192K)->96K(192K) Class: 4K(128K)->4K(128K)
[2024-08-27T14:57:43.001+0000][info][gc             ] GC(830) Pause Young (Mixed) (G1 Evacuation Pause) 940M->838M(1024M) 11.128ms
[2024-08-27T14:57:43.001+0000][info][gc,cpu         ] GC(830) User=0.24s Sys=0.00s Real=0.01s
[2024-08-27T14:57:43.025+0000][info][gc,start       ] GC(831) Pause Young (Mixed) (G1 Evacuation Pause)
[2024-08-27T14:57:43.025+0000][info][gc,task        ] GC(831) Using 24 workers of 68 for evacuation
[2024-08-27T14:57:43.036+0000][info][gc,phases      ] GC(831)   Pre Evacuate Collection Set: 0.2ms
[2024-08-27T14:57:43.036+0000][info][gc,phases      ] GC(831)   Merge Heap Roots: 0.5ms
[2024-08-27T14:57:43.036+0000][info][gc,phases      ] GC(831)   Evacuate Collection Set: 10.1ms
[2024-08-27T14:57:43.036+0000][info][gc,phases      ] GC(831)   Post Evacuate Collection Set: 0.4ms
[2024-08-27T14:57:43.036+0000][info][gc,phases      ] GC(831)   Other: 0.2ms
[2024-08-27T14:57:43.036+0000][info][gc,heap        ] GC(831) Eden regions: 44->0(44)
[2024-08-27T14:57:43.036+0000][info][gc,heap        ] GC(831) Survivor regions: 7->7(7)
[2024-08-27T14:57:43.036+0000][info][gc,heap        ] GC(831) Old regions: 826->769
[2024-08-27T14:57:43.036+0000][info][gc,heap        ] GC(831) Archive regions: 2->2
[2024-08-27T14:57:43.036+0000][info][gc,heap        ] GC(831) Humongous regions: 5->5
[2024-08-27T14:57:43.036+0000][info][gc,metaspace   ] GC(831) Metaspace: 100K(320K)->100K(320K) NonClass: 96K(192K)->96K(192K) Class: 4K(128K)->4K(128K)
[2024-08-27T14:57:43.036+0000][info][gc             ] GC(831) Pause Young (Mixed) (G1 Evacuation Pause) 882M->781M(1024M) 11.390ms
[2024-08-27T14:57:43.036+0000][info][gc,cpu         ] GC(831) User=0.25s Sys=0.00s Real=0.01s
[2024-08-27T14:57:43.060+0000][info][gc,start       ] GC(832) Pause Young (Mixed) (G1 Evacuation Pause)
[2024-08-27T14:57:43.060+0000][info][gc,task        ] GC(832) Using 24 workers of 68 for evacuation
[2024-08-27T14:57:43.071+0000][info][gc,phases      ] GC(832)   Pre Evacuate Collection Set: 0.2ms
[2024-08-27T14:57:43.071+0000][info][gc,phases      ] GC(832)   Merge Heap Roots: 0.3ms
[2024-08-27T14:57:43.071+0000][info][gc,phases      ] GC(832)   Evacuate Collection Set: 10.0ms
[2024-08-27T14:57:43.071+0000][info][gc,phases      ] GC(832)   Post Evacuate Collection Set: 0.3ms
[2024-08-27T14:57:43.071+0000][info][gc,phases      ] GC(832)   Other: 0.2ms
[2024-08-27T14:57:43.071+0000][info][gc,heap        ] GC(832) Eden regions: 44->0(44)
[2024-08-27T14:57:43.071+0000][info][gc,heap        ] GC(832) Survivor regions: 7->7(7)
[2024-08-27T14:57:43.071+0000][info][gc,heap        ] GC(832) Old regions: 769->787
[2024-08-27T14:57:43.071+0000][info][gc,heap        ] GC(832) Archive regions: 2->2
[2024-08-27T14:57:43.071+0000][info][gc,heap        ] GC(832) Humongous regions: 5->5
[2024-08-27T14:57:43.072+0000][info][gc,metaspace   ] GC(832) Metaspace: 100K(320K)->100K(320K) NonClass: 96K(192K)->96K(192K) Class: 4K(128K)->4K(128K)
[2024-08-27T14:57:43.072+0000][info][gc             ] GC(832) Pause Young (Mixed) (G1 Evacuation Pause) 825M->799M(1024M) 11.165ms
[2024-08-27T14:57:43.072+0000][info][gc,cpu         ] GC(832) User=0.25s Sys=0.00s Real=0.01s
[2024-08-27T14:57:43.096+0000][info][gc,start       ] GC(833) Pause Young (Concurrent Start) (G1 Evacuation Pause)
[2024-08-27T14:57:43.096+0000][info][gc,task        ] GC(833) Using 24 workers of 68 for evacuation
[2024-08-27T14:57:43.107+0000][info][gc,phases      ] GC(833)   Pre Evacuate Collection Set: 0.2ms
[2024-08-27T14:57:43.107+0000][info][gc,phases      ] GC(833)   Merge Heap Roots: 0.4ms
[2024-08-27T14:57:43.107+0000][info][gc,phases      ] GC(833)   Evacuate Collection Set: 9.6ms
[2024-08-27T14:57:43.107+0000][info][gc,phases      ] GC(833)   Post Evacuate Collection Set: 0.3ms
[2024-08-27T14:57:43.107+0000][info][gc,phases      ] GC(833)   Other: 0.6ms
[2024-08-27T14:57:43.107+0000][info][gc,heap        ] GC(833) Eden regions: 44->0(44)
[2024-08-27T14:57:43.107+0000][info][gc,heap        ] GC(833) Survivor regions: 7->7(7)
[2024-08-27T14:57:43.107+0000][info][gc,heap        ] GC(833) Old regions: 787->834
[2024-08-27T14:57:43.107+0000][info][gc,heap        ] GC(833) Archive regions: 2->2
[2024-08-27T14:57:43.107+0000][info][gc,heap        ] GC(833) Humongous regions: 5->5
[2024-08-27T14:57:43.107+0000][info][gc,metaspace   ] GC(833) Metaspace: 100K(320K)->100K(320K) NonClass: 96K(192K)->96K(192K) Class: 4K(128K)->4K(128K)
[2024-08-27T14:57:43.107+0000][info][gc             ] GC(833) Pause Young (Concurrent Start) (G1 Evacuation Pause) 843M->846M(1024M) 11.226ms
[2024-08-27T14:57:43.107+0000][info][gc,cpu         ] GC(833) User=0.24s Sys=0.00s Real=0.01s
[2024-08-27T14:57:43.107+0000][info][gc             ] GC(834) Concurrent Mark Cycle
[2024-08-27T14:57:43.107+0000][info][gc,marking     ] GC(834) Concurrent Clear Claimed Marks
[2024-08-27T14:57:43.107+0000][info][gc,marking     ] GC(834) Concurrent Clear Claimed Marks 0.013ms
[2024-08-27T14:57:43.107+0000][info][gc,marking     ] GC(834) Concurrent Scan Root Regions
[2024-08-27T14:57:43.109+0000][info][gc,marking     ] GC(834) Concurrent Scan Root Regions 1.672ms
[2024-08-27T14:57:43.109+0000][info][gc,marking     ] GC(834) Concurrent Mark
[2024-08-27T14:57:43.109+0000][info][gc,marking     ] GC(834) Concurrent Mark From Roots
[2024-08-27T14:57:43.109+0000][info][gc,task        ] GC(834) Using 17 workers of 17 for marking
[2024-08-27T14:57:43.133+0000][info][gc,marking     ] GC(834) Concurrent Mark From Roots 24.346ms
[2024-08-27T14:57:43.133+0000][info][gc,marking     ] GC(834) Concurrent Preclean
[2024-08-27T14:57:43.134+0000][info][gc,marking     ] GC(834) Concurrent Preclean 0.817ms
[2024-08-27T14:57:43.134+0000][info][gc,start       ] GC(834) Pause Remark
[2024-08-27T14:57:43.135+0000][info][gc             ] GC(834) Pause Remark 871M->871M(1024M) 1.242ms
[2024-08-27T14:57:43.135+0000][info][gc,cpu         ] GC(834) User=0.01s Sys=0.00s Real=0.00s
[2024-08-27T14:57:43.135+0000][info][gc,marking     ] GC(834) Concurrent Mark 26.817ms
[2024-08-27T14:57:43.135+0000][info][gc,marking     ] GC(834) Concurrent Rebuild Remembered Sets
[2024-08-27T14:57:43.157+0000][info][gc,start       ] GC(835) Pause Young (Normal) (G1 Evacuation Pause)
[2024-08-27T14:57:43.157+0000][info][gc,task        ] GC(835) Using 24 workers of 68 for evacuation
[2024-08-27T14:57:43.167+0000][info][gc,phases      ] GC(835)   Pre Evacuate Collection Set: 0.1ms
[2024-08-27T14:57:43.167+0000][info][gc,phases      ] GC(835)   Merge Heap Roots: 0.2ms
[2024-08-27T14:57:43.167+0000][info][gc,phases      ] GC(835)   Evacuate Collection Set: 9.5ms
[2024-08-27T14:57:43.167+0000][info][gc,phases      ] GC(835)   Post Evacuate Collection Set: 0.4ms
[2024-08-27T14:57:43.167+0000][info][gc,phases      ] GC(835)   Other: 0.2ms
[2024-08-27T14:57:43.167+0000][info][gc,heap        ] GC(835) Eden regions: 44->0(44)
[2024-08-27T14:57:43.167+0000][info][gc,heap        ] GC(835) Survivor regions: 7->7(7)
[2024-08-27T14:57:43.167+0000][info][gc,heap        ] GC(835) Old regions: 834->881
[2024-08-27T14:57:43.167+0000][info][gc,heap        ] GC(835) Archive regions: 2->2
[2024-08-27T14:57:43.167+0000][info][gc,heap        ] GC(835) Humongous regions: 5->5
[2024-08-27T14:57:43.167+0000][info][gc,metaspace   ] GC(835) Metaspace: 100K(320K)->100K(320K) NonClass: 96K(192K)->96K(192K) Class: 4K(128K)->4K(128K)
[2024-08-27T14:57:43.167+0000][info][gc             ] GC(835) Pause Young (Normal) (G1 Evacuation Pause) 890M->893M(1024M) 10.580ms
[2024-08-27T14:57:43.167+0000][info][gc,cpu         ] GC(835) User=0.24s Sys=0.00s Real=0.01s
[2024-08-27T14:57:43.210+0000][info][gc,start       ] GC(836) Pause Young (Normal) (G1 Evacuation Pause)
[2024-08-27T14:57:43.210+0000][info][gc,task        ] GC(836) Using 24 workers of 68 for evacuation
[2024-08-27T14:57:43.225+0000][info][gc,phases      ] GC(836)   Pre Evacuate Collection Set: 0.2ms
[2024-08-27T14:57:43.225+0000][info][gc,phases      ] GC(836)   Merge Heap Roots: 0.5ms
[2024-08-27T14:57:43.225+0000][info][gc,phases      ] GC(836)   Evacuate Collection Set: 13.5ms
[2024-08-27T14:57:43.225+0000][info][gc,phases      ] GC(836)   Post Evacuate Collection Set: 0.5ms
[2024-08-27T14:57:43.225+0000][info][gc,phases      ] GC(836)   Other: 0.2ms
[2024-08-27T14:57:43.225+0000][info][gc,heap        ] GC(836) Eden regions: 44->0(44)
[2024-08-27T14:57:43.225+0000][info][gc,heap        ] GC(836) Survivor regions: 7->7(7)
[2024-08-27T14:57:43.225+0000][info][gc,heap        ] GC(836) Old regions: 881->927
[2024-08-27T14:57:43.225+0000][info][gc,heap        ] GC(836) Archive regions: 2->2
[2024-08-27T14:57:43.225+0000][info][gc,heap        ] GC(836) Humongous regions: 5->5
[2024-08-27T14:57:43.225+0000][info][gc,metaspace   ] GC(836) Metaspace: 100K(320K)->100K(320K) NonClass: 96K(192K)->96K(192K) Class: 4K(128K)->4K(128K)
[2024-08-27T14:57:43.225+0000][info][gc             ] GC(836) Pause Young (Normal) (G1 Evacuation Pause) 937M->939M(1024M) 14.983ms
[2024-08-27T14:57:43.225+0000][info][gc,cpu         ] GC(836) User=0.34s Sys=0.00s Real=0.01s
[2024-08-27T14:57:43.227+0000][info][gc,marking     ] GC(834) Concurrent Rebuild Remembered Sets 91.082ms
[2024-08-27T14:57:43.227+0000][info][gc,start       ] GC(834) Pause Cleanup
[2024-08-27T14:57:43.228+0000][info][gc             ] GC(834) Pause Cleanup 942M->942M(1024M) 1.276ms
[2024-08-27T14:57:43.228+0000][info][gc,cpu         ] GC(834) User=0.00s Sys=0.00s Real=0.00s
[2024-08-27T14:57:43.228+0000][info][gc,marking     ] GC(834) Concurrent Cleanup for Next Mark
[2024-08-27T14:57:43.229+0000][info][gc,marking     ] GC(834) Concurrent Cleanup for Next Mark 0.839ms
[2024-08-27T14:57:43.229+0000][info][gc             ] GC(834) Concurrent Mark Cycle 122.120ms
[2024-08-27T14:57:43.252+0000][info][gc,start       ] GC(837) Pause Young (Prepare Mixed) (G1 Preventive Collection)
[2024-08-27T14:57:43.252+0000][info][gc,task        ] GC(837) Using 24 workers of 68 for evacuation
[2024-08-27T14:57:43.268+0000][info][gc,phases      ] GC(837)   Pre Evacuate Collection Set: 0.2ms
[2024-08-27T14:57:43.268+0000][info][gc,phases      ] GC(837)   Merge Heap Roots: 0.6ms
[2024-08-27T14:57:43.268+0000][info][gc,phases      ] GC(837)   Evacuate Collection Set: 14.3ms
[2024-08-27T14:57:43.268+0000][info][gc,phases      ] GC(837)   Post Evacuate Collection Set: 0.3ms
[2024-08-27T14:57:43.268+0000][info][gc,phases      ] GC(837)   Other: 0.2ms
[2024-08-27T14:57:43.268+0000][info][gc,heap        ] GC(837) Eden regions: 36->0(44)
[2024-08-27T14:57:43.268+0000][info][gc,heap        ] GC(837) Survivor regions: 7->7(7)
[2024-08-27T14:57:43.268+0000][info][gc,heap        ] GC(837) Old regions: 927->965
[2024-08-27T14:57:43.268+0000][info][gc,heap        ] GC(837) Archive regions: 2->2
[2024-08-27T14:57:43.268+0000][info][gc,heap        ] GC(837) Humongous regions: 5->5
[2024-08-27T14:57:43.268+0000][info][gc,metaspace   ] GC(837) Metaspace: 100K(320K)->100K(320K) NonClass: 96K(192K)->96K(192K) Class: 4K(128K)->4K(128K)
[2024-08-27T14:57:43.268+0000][info][gc             ] GC(837) Pause Young (Prepare Mixed) (G1 Preventive Collection) 975M->977M(1024M) 15.555ms
[2024-08-27T14:57:43.268+0000][info][gc,cpu         ] GC(837) User=0.36s Sys=0.00s Real=0.01s
[2024-08-27T14:57:43.278+0000][info][gc,start       ] GC(838) Pause Young (Mixed) (G1 Preventive Collection)
[2024-08-27T14:57:43.278+0000][info][gc,task        ] GC(838) Using 24 workers of 68 for evacuation
[2024-08-27T14:57:43.285+0000][info][gc,phases      ] GC(838)   Pre Evacuate Collection Set: 0.2ms
[2024-08-27T14:57:43.285+0000][info][gc,phases      ] GC(838)   Merge Heap Roots: 0.2ms
[2024-08-27T14:57:43.285+0000][info][gc,phases      ] GC(838)   Evacuate Collection Set: 5.9ms
[2024-08-27T14:57:43.285+0000][info][gc,phases      ] GC(838)   Post Evacuate Collection Set: 0.3ms
[2024-08-27T14:57:43.285+0000][info][gc,phases      ] GC(838)   Other: 0.2ms
[2024-08-27T14:57:43.285+0000][info][gc,heap        ] GC(838) Eden regions: 17->0(44)
[2024-08-27T14:57:43.285+0000][info][gc,heap        ] GC(838) Survivor regions: 7->7(7)
[2024-08-27T14:57:43.285+0000][info][gc,heap        ] GC(838) Old regions: 965->881
[2024-08-27T14:57:43.285+0000][info][gc,heap        ] GC(838) Archive regions: 2->2
[2024-08-27T14:57:43.285+0000][info][gc,heap        ] GC(838) Humongous regions: 5->5
[2024-08-27T14:57:43.285+0000][info][gc,metaspace   ] GC(838) Metaspace: 100K(320K)->100K(320K) NonClass: 96K(192K)->96K(192K) Class: 4K(128K)->4K(128K)
[2024-08-27T14:57:43.285+0000][info][gc             ] GC(838) Pause Young (Mixed) (G1 Preventive Collection) 994M->893M(1024M) 6.917ms
[2024-08-27T14:57:43.285+0000][info][gc,cpu         ] GC(838) User=0.14s Sys=0.00s Real=0.00s
[2024-08-27T14:57:43.310+0000][info][gc,start       ] GC(839) Pause Young (Mixed) (G1 Evacuation Pause)
[2024-08-27T14:57:43.310+0000][info][gc,task        ] GC(839) Using 24 workers of 68 for evacuation
[2024-08-27T14:57:43.321+0000][info][gc,phases      ] GC(839)   Pre Evacuate Collection Set: 0.2ms
[2024-08-27T14:57:43.321+0000][info][gc,phases      ] GC(839)   Merge Heap Roots: 0.4ms
[2024-08-27T14:57:43.321+0000][info][gc,phases      ] GC(839)   Evacuate Collection Set: 9.8ms
[2024-08-27T14:57:43.321+0000][info][gc,phases      ] GC(839)   Post Evacuate Collection Set: 0.5ms
[2024-08-27T14:57:43.321+0000][info][gc,phases      ] GC(839)   Other: 0.2ms
[2024-08-27T14:57:43.321+0000][info][gc,heap        ] GC(839) Eden regions: 44->0(44)
[2024-08-27T14:57:43.321+0000][info][gc,heap        ] GC(839) Survivor regions: 7->7(7)
[2024-08-27T14:57:43.321+0000][info][gc,heap        ] GC(839) Old regions: 881->823
[2024-08-27T14:57:43.321+0000][info][gc,heap        ] GC(839) Archive regions: 2->2
[2024-08-27T14:57:43.321+0000][info][gc,heap        ] GC(839) Humongous regions: 5->5
[2024-08-27T14:57:43.321+0000][info][gc,metaspace   ] GC(839) Metaspace: 100K(320K)->100K(320K) NonClass: 96K(192K)->96K(192K) Class: 4K(128K)->4K(128K)
[2024-08-27T14:57:43.321+0000][info][gc             ] GC(839) Pause Young (Mixed) (G1 Evacuation Pause) 937M->835M(1024M) 11.237ms
[2024-08-27T14:57:43.321+0000][info][gc,cpu         ] GC(839) User=0.25s Sys=0.00s Real=0.01s
[2024-08-27T14:57:43.346+0000][info][gc,start       ] GC(840) Pause Young (Mixed) (G1 Evacuation Pause)
[2024-08-27T14:57:43.346+0000][info][gc,task        ] GC(840) Using 24 workers of 68 for evacuation
[2024-08-27T14:57:43.356+0000][info][gc,phases      ] GC(840)   Pre Evacuate Collection Set: 0.2ms
[2024-08-27T14:57:43.357+0000][info][gc,phases      ] GC(840)   Merge Heap Roots: 0.3ms
[2024-08-27T14:57:43.357+0000][info][gc,phases      ] GC(840)   Evacuate Collection Set: 9.8ms
[2024-08-27T14:57:43.357+0000][info][gc,phases      ] GC(840)   Post Evacuate Collection Set: 0.4ms
[2024-08-27T14:57:43.357+0000][info][gc,phases      ] GC(840)   Other: 0.3ms
[2024-08-27T14:57:43.357+0000][info][gc,heap        ] GC(840) Eden regions: 44->0(44)
[2024-08-27T14:57:43.357+0000][info][gc,heap        ] GC(840) Survivor regions: 7->7(7)
[2024-08-27T14:57:43.357+0000][info][gc,heap        ] GC(840) Old regions: 823->766
[2024-08-27T14:57:43.357+0000][info][gc,heap        ] GC(840) Archive regions: 2->2
[2024-08-27T14:57:43.357+0000][info][gc,heap        ] GC(840) Humongous regions: 5->5
[2024-08-27T14:57:43.357+0000][info][gc,metaspace   ] GC(840) Metaspace: 100K(320K)->100K(320K) NonClass: 96K(192K)->96K(192K) Class: 4K(128K)->4K(128K)
[2024-08-27T14:57:43.357+0000][info][gc             ] GC(840) Pause Young (Mixed) (G1 Evacuation Pause) 879M->778M(1024M) 11.168ms
[2024-08-27T14:57:43.357+0000][info][gc,cpu         ] GC(840) User=0.24s Sys=0.00s Real=0.01s
[2024-08-27T14:57:43.381+0000][info][gc,start       ] GC(841) Pause Young (Mixed) (G1 Evacuation Pause)
[2024-08-27T14:57:43.381+0000][info][gc,task        ] GC(841) Using 24 workers of 68 for evacuation
[2024-08-27T14:57:43.392+0000][info][gc,phases      ] GC(841)   Pre Evacuate Collection Set: 0.2ms
[2024-08-27T14:57:43.392+0000][info][gc,phases      ] GC(841)   Merge Heap Roots: 0.4ms
[2024-08-27T14:57:43.392+0000][info][gc,phases      ] GC(841)   Evacuate Collection Set: 10.1ms
[2024-08-27T14:57:43.392+0000][info][gc,phases      ] GC(841)   Post Evacuate Collection Set: 0.4ms
[2024-08-27T14:57:43.392+0000][info][gc,phases      ] GC(841)   Other: 0.3ms
[2024-08-27T14:57:43.392+0000][info][gc,heap        ] GC(841) Eden regions: 44->0(44)
[2024-08-27T14:57:43.392+0000][info][gc,heap        ] GC(841) Survivor regions: 7->7(7)
[2024-08-27T14:57:43.392+0000][info][gc,heap        ] GC(841) Old regions: 766->793
[2024-08-27T14:57:43.392+0000][info][gc,heap        ] GC(841) Archive regions: 2->2
[2024-08-27T14:57:43.392+0000][info][gc,heap        ] GC(841) Humongous regions: 5->5
[2024-08-27T14:57:43.392+0000][info][gc,metaspace   ] GC(841) Metaspace: 100K(320K)->100K(320K) NonClass: 96K(192K)->96K(192K) Class: 4K(128K)->4K(128K)
[2024-08-27T14:57:43.392+0000][info][gc             ] GC(841) Pause Young (Mixed) (G1 Evacuation Pause) 822M->805M(1024M) 11.510ms
[2024-08-27T14:57:43.392+0000][info][gc,cpu         ] GC(841) User=0.24s Sys=0.01s Real=0.01s
[2024-08-27T14:57:43.416+0000][info][gc,start       ] GC(842) Pause Young (Concurrent Start) (G1 Evacuation Pause)
[2024-08-27T14:57:43.416+0000][info][gc,task        ] GC(842) Using 24 workers of 68 for evacuation
[2024-08-27T14:57:43.428+0000][info][gc,phases      ] GC(842)   Pre Evacuate Collection Set: 0.2ms
[2024-08-27T14:57:43.428+0000][info][gc,phases      ] GC(842)   Merge Heap Roots: 0.5ms
[2024-08-27T14:57:43.428+0000][info][gc,phases      ] GC(842)   Evacuate Collection Set: 9.8ms
[2024-08-27T14:57:43.428+0000][info][gc,phases      ] GC(842)   Post Evacuate Collection Set: 0.4ms
[2024-08-27T14:57:43.428+0000][info][gc,phases      ] GC(842)   Other: 0.7ms
[2024-08-27T14:57:43.428+0000][info][gc,heap        ] GC(842) Eden regions: 44->0(44)
[2024-08-27T14:57:43.428+0000][info][gc,heap        ] GC(842) Survivor regions: 7->7(7)
[2024-08-27T14:57:43.428+0000][info][gc,heap        ] GC(842) Old regions: 793->839
[2024-08-27T14:57:43.428+0000][info][gc,heap        ] GC(842) Archive regions: 2->2
[2024-08-27T14:57:43.428+0000][info][gc,heap        ] GC(842) Humongous regions: 5->5
[2024-08-27T14:57:43.428+0000][info][gc,metaspace   ] GC(842) Metaspace: 100K(320K)->100K(320K) NonClass: 96K(192K)->96K(192K) Class: 4K(128K)->4K(128K)
[2024-08-27T14:57:43.428+0000][info][gc             ] GC(842) Pause Young (Concurrent Start) (G1 Evacuation Pause) 849M->851M(1024M) 11.731ms
[2024-08-27T14:57:43.428+0000][info][gc,cpu         ] GC(842) User=0.24s Sys=0.00s Real=0.01s
[2024-08-27T14:57:43.428+0000][info][gc             ] GC(843) Concurrent Mark Cycle
[2024-08-27T14:57:43.428+0000][info][gc,marking     ] GC(843) Concurrent Clear Claimed Marks
[2024-08-27T14:57:43.428+0000][info][gc,marking     ] GC(843) Concurrent Clear Claimed Marks 0.016ms
[2024-08-27T14:57:43.428+0000][info][gc,marking     ] GC(843) Concurrent Scan Root Regions
[2024-08-27T14:57:43.430+0000][info][gc,marking     ] GC(843) Concurrent Scan Root Regions 1.743ms
[2024-08-27T14:57:43.430+0000][info][gc,marking     ] GC(843) Concurrent Mark
[2024-08-27T14:57:43.430+0000][info][gc,marking     ] GC(843) Concurrent Mark From Roots
[2024-08-27T14:57:43.430+0000][info][gc,task        ] GC(843) Using 17 workers of 17 for marking
[2024-08-27T14:57:43.455+0000][info][gc,marking     ] GC(843) Concurrent Mark From Roots 25.018ms
[2024-08-27T14:57:43.455+0000][info][gc,marking     ] GC(843) Concurrent Preclean
[2024-08-27T14:57:43.456+0000][info][gc,marking     ] GC(843) Concurrent Preclean 0.503ms
[2024-08-27T14:57:43.456+0000][info][gc,start       ] GC(843) Pause Remark
[2024-08-27T14:57:43.457+0000][info][gc             ] GC(843) Pause Remark 884M->884M(1024M) 1.239ms
[2024-08-27T14:57:43.457+0000][info][gc,cpu         ] GC(843) User=0.00s Sys=0.00s Real=0.00s
[2024-08-27T14:57:43.457+0000][info][gc,marking     ] GC(843) Concurrent Mark 27.127ms
[2024-08-27T14:57:43.457+0000][info][gc,marking     ] GC(843) Concurrent Rebuild Remembered Sets
[2024-08-27T14:57:43.465+0000][info][gc,start       ] GC(844) Pause Young (Normal) (G1 Evacuation Pause)
[2024-08-27T14:57:43.465+0000][info][gc,task        ] GC(844) Using 24 workers of 68 for evacuation
[2024-08-27T14:57:43.475+0000][info][gc,phases      ] GC(844)   Pre Evacuate Collection Set: 0.1ms
[2024-08-27T14:57:43.475+0000][info][gc,phases      ] GC(844)   Merge Heap Roots: 0.4ms
[2024-08-27T14:57:43.475+0000][info][gc,phases      ] GC(844)   Evacuate Collection Set: 9.7ms
[2024-08-27T14:57:43.475+0000][info][gc,phases      ] GC(844)   Post Evacuate Collection Set: 0.4ms
[2024-08-27T14:57:43.475+0000][info][gc,phases      ] GC(844)   Other: 0.2ms
[2024-08-27T14:57:43.475+0000][info][gc,heap        ] GC(844) Eden regions: 44->0(44)
[2024-08-27T14:57:43.475+0000][info][gc,heap        ] GC(844) Survivor regions: 7->7(7)
[2024-08-27T14:57:43.475+0000][info][gc,heap        ] GC(844) Old regions: 839->886
[2024-08-27T14:57:43.475+0000][info][gc,heap        ] GC(844) Archive regions: 2->2
[2024-08-27T14:57:43.475+0000][info][gc,heap        ] GC(844) Humongous regions: 5->5
[2024-08-27T14:57:43.475+0000][info][gc,metaspace   ] GC(844) Metaspace: 100K(320K)->100K(320K) NonClass: 96K(192K)->96K(192K) Class: 4K(128K)->4K(128K)
[2024-08-27T14:57:43.475+0000][info][gc             ] GC(844) Pause Young (Normal) (G1 Evacuation Pause) 895M->898M(1024M) 10.871ms
[2024-08-27T14:57:43.475+0000][info][gc,cpu         ] GC(844) User=0.24s Sys=0.00s Real=0.01s
[2024-08-27T14:57:43.503+0000][info][gc,start       ] GC(845) Pause Young (Normal) (G1 Evacuation Pause)
[2024-08-27T14:57:43.503+0000][info][gc,task        ] GC(845) Using 24 workers of 68 for evacuation
[2024-08-27T14:57:43.517+0000][info][gc,phases      ] GC(845)   Pre Evacuate Collection Set: 0.2ms
[2024-08-27T14:57:43.517+0000][info][gc,phases      ] GC(845)   Merge Heap Roots: 0.5ms
[2024-08-27T14:57:43.517+0000][info][gc,phases      ] GC(845)   Evacuate Collection Set: 12.8ms
[2024-08-27T14:57:43.517+0000][info][gc,phases      ] GC(845)   Post Evacuate Collection Set: 0.5ms
[2024-08-27T14:57:43.517+0000][info][gc,phases      ] GC(845)   Other: 0.2ms
[2024-08-27T14:57:43.517+0000][info][gc,heap        ] GC(845) Eden regions: 44->0(44)
[2024-08-27T14:57:43.517+0000][info][gc,heap        ] GC(845) Survivor regions: 7->7(7)
[2024-08-27T14:57:43.517+0000][info][gc,heap        ] GC(845) Old regions: 886->933
[2024-08-27T14:57:43.517+0000][info][gc,heap        ] GC(845) Archive regions: 2->2
[2024-08-27T14:57:43.517+0000][info][gc,heap        ] GC(845) Humongous regions: 5->5
[2024-08-27T14:57:43.517+0000][info][gc,metaspace   ] GC(845) Metaspace: 100K(320K)->100K(320K) NonClass: 96K(192K)->96K(192K) Class: 4K(128K)->4K(128K)
[2024-08-27T14:57:43.517+0000][info][gc             ] GC(845) Pause Young (Normal) (G1 Evacuation Pause) 942M->945M(1024M) 14.210ms
[2024-08-27T14:57:43.517+0000][info][gc,cpu         ] GC(845) User=0.32s Sys=0.01s Real=0.01s
[2024-08-27T14:57:43.538+0000][info][gc,start       ] GC(846) Pause Young (Normal) (G1 Preventive Collection)
[2024-08-27T14:57:43.538+0000][info][gc,task        ] GC(846) Using 24 workers of 68 for evacuation
[2024-08-27T14:57:43.553+0000][info][gc,phases      ] GC(846)   Pre Evacuate Collection Set: 0.1ms
[2024-08-27T14:57:43.553+0000][info][gc,phases      ] GC(846)   Merge Heap Roots: 0.5ms
[2024-08-27T14:57:43.553+0000][info][gc,phases      ] GC(846)   Evacuate Collection Set: 13.3ms
[2024-08-27T14:57:43.553+0000][info][gc,phases      ] GC(846)   Post Evacuate Collection Set: 0.6ms
[2024-08-27T14:57:43.553+0000][info][gc,phases      ] GC(846)   Other: 0.2ms
[2024-08-27T14:57:43.553+0000][info][gc,heap        ] GC(846) Eden regions: 33->0(44)
[2024-08-27T14:57:43.553+0000][info][gc,heap        ] GC(846) Survivor regions: 7->7(7)
[2024-08-27T14:57:43.553+0000][info][gc,heap        ] GC(846) Old regions: 933->969
[2024-08-27T14:57:43.553+0000][info][gc,heap        ] GC(846) Archive regions: 2->2
[2024-08-27T14:57:43.553+0000][info][gc,heap        ] GC(846) Humongous regions: 5->5
[2024-08-27T14:57:43.553+0000][info][gc,metaspace   ] GC(846) Metaspace: 100K(320K)->100K(320K) NonClass: 96K(192K)->96K(192K) Class: 4K(128K)->4K(128K)
[2024-08-27T14:57:43.553+0000][info][gc             ] GC(846) Pause Young (Normal) (G1 Preventive Collection) 978M->981M(1024M) 14.859ms
[2024-08-27T14:57:43.553+0000][info][gc,cpu         ] GC(846) User=0.34s Sys=0.00s Real=0.01s
[2024-08-27T14:57:43.563+0000][info][gc,start       ] GC(847) Pause Young (Normal) (G1 Preventive Collection)
[2024-08-27T14:57:43.563+0000][info][gc,task        ] GC(847) Using 24 workers of 68 for evacuation
[2024-08-27T14:57:43.576+0000][info][gc             ] GC(847) To-space exhausted
[2024-08-27T14:57:43.576+0000][info][gc,phases      ] GC(847)   Pre Evacuate Collection Set: 0.2ms
[2024-08-27T14:57:43.576+0000][info][gc,phases      ] GC(847)   Merge Heap Roots: 0.6ms
[2024-08-27T14:57:43.576+0000][info][gc,phases      ] GC(847)   Evacuate Collection Set: 10.6ms
[2024-08-27T14:57:43.576+0000][info][gc,phases      ] GC(847)   Post Evacuate Collection Set: 0.9ms
[2024-08-27T14:57:43.576+0000][info][gc,phases      ] GC(847)   Other: 0.2ms
[2024-08-27T14:57:43.576+0000][info][gc,heap        ] GC(847) Eden regions: 16->0(44)
[2024-08-27T14:57:43.576+0000][info][gc,heap        ] GC(847) Survivor regions: 7->7(7)
[2024-08-27T14:57:43.576+0000][info][gc,heap        ] GC(847) Old regions: 969->1000
[2024-08-27T14:57:43.576+0000][info][gc,heap        ] GC(847) Archive regions: 2->2
[2024-08-27T14:57:43.576+0000][info][gc,heap        ] GC(847) Humongous regions: 5->5
[2024-08-27T14:57:43.576+0000][info][gc,metaspace   ] GC(847) Metaspace: 100K(320K)->100K(320K) NonClass: 96K(192K)->96K(192K) Class: 4K(128K)->4K(128K)
[2024-08-27T14:57:43.576+0000][info][gc             ] GC(847) Pause Young (Normal) (G1 Preventive Collection) 997M->1012M(1024M) 12.544ms
[2024-08-27T14:57:43.576+0000][info][gc,cpu         ] GC(847) User=0.29s Sys=0.00s Real=0.01s
[2024-08-27T14:57:43.577+0000][info][gc,start       ] GC(848) Pause Young (Normal) (G1 Preventive Collection)
[2024-08-27T14:57:43.577+0000][info][gc,task        ] GC(848) Using 24 workers of 68 for evacuation
[2024-08-27T14:57:43.586+0000][info][gc             ] GC(848) To-space exhausted
[2024-08-27T14:57:43.586+0000][info][gc,phases      ] GC(848)   Pre Evacuate Collection Set: 0.1ms
[2024-08-27T14:57:43.586+0000][info][gc,phases      ] GC(848)   Merge Heap Roots: 0.5ms
[2024-08-27T14:57:43.586+0000][info][gc,phases      ] GC(848)   Evacuate Collection Set: 7.6ms
[2024-08-27T14:57:43.586+0000][info][gc,phases      ] GC(848)   Post Evacuate Collection Set: 0.8ms
[2024-08-27T14:57:43.586+0000][info][gc,phases      ] GC(848)   Other: 0.2ms
[2024-08-27T14:57:43.586+0000][info][gc,heap        ] GC(848) Eden regions: 1->0(50)
[2024-08-27T14:57:43.586+0000][info][gc,heap        ] GC(848) Survivor regions: 7->1(7)
[2024-08-27T14:57:43.586+0000][info][gc,heap        ] GC(848) Old regions: 1000->1016
[2024-08-27T14:57:43.586+0000][info][gc,heap        ] GC(848) Archive regions: 2->2
[2024-08-27T14:57:43.586+0000][info][gc,heap        ] GC(848) Humongous regions: 5->5
[2024-08-27T14:57:43.586+0000][info][gc,metaspace   ] GC(848) Metaspace: 100K(320K)->100K(320K) NonClass: 96K(192K)->96K(192K) Class: 4K(128K)->4K(128K)
[2024-08-27T14:57:43.586+0000][info][gc             ] GC(848) Pause Young (Normal) (G1 Preventive Collection) 1013M->1022M(1024M) 9.326ms
[2024-08-27T14:57:43.586+0000][info][gc,cpu         ] GC(848) User=0.20s Sys=0.00s Real=0.01s
[2024-08-27T14:57:43.586+0000][info][gc,ergo        ] Attempting full compaction
[2024-08-27T14:57:43.586+0000][info][gc,task        ] GC(849) Using 24 workers of 68 for full compaction
[2024-08-27T14:57:43.587+0000][info][gc,start       ] GC(849) Pause Full (G1 Compaction Pause)
[2024-08-27T14:57:43.587+0000][info][gc,phases,start] GC(849) Phase 1: Mark live objects
[2024-08-27T14:57:43.602+0000][info][gc,phases      ] GC(849) Phase 1: Mark live objects 14.665ms
[2024-08-27T14:57:43.602+0000][info][gc,phases,start] GC(849) Phase 2: Prepare for compaction
[2024-08-27T14:57:43.611+0000][info][gc,phases      ] GC(849) Phase 2: Prepare for compaction 8.530ms
[2024-08-27T14:57:43.611+0000][info][gc,phases,start] GC(849) Phase 3: Adjust pointers
[2024-08-27T14:57:43.625+0000][info][gc,phases      ] GC(849) Phase 3: Adjust pointers 14.299ms
[2024-08-27T14:57:43.625+0000][info][gc,phases,start] GC(849) Phase 4: Compact heap
[2024-08-27T14:57:43.653+0000][info][gc,phases      ] GC(849) Phase 4: Compact heap 28.403ms
[2024-08-27T14:57:43.655+0000][info][gc,heap        ] GC(849) Eden regions: 0->0(150)
[2024-08-27T14:57:43.655+0000][info][gc,heap        ] GC(849) Survivor regions: 1->0(7)
[2024-08-27T14:57:43.655+0000][info][gc,heap        ] GC(849) Old regions: 1016->443
[2024-08-27T14:57:43.655+0000][info][gc,heap        ] GC(849) Archive regions: 2->2
[2024-08-27T14:57:43.655+0000][info][gc,heap        ] GC(849) Humongous regions: 5->5
[2024-08-27T14:57:43.655+0000][info][gc,metaspace   ] GC(849) Metaspace: 100K(320K)->100K(320K) NonClass: 96K(192K)->96K(192K) Class: 4K(128K)->4K(128K)
[2024-08-27T14:57:43.655+0000][info][gc             ] GC(849) Pause Full (G1 Compaction Pause) 1022M->437M(1024M) 68.485ms
[2024-08-27T14:57:43.655+0000][info][gc,cpu         ] GC(849) User=1.54s Sys=0.01s Real=0.07s
[2024-08-27T14:57:43.655+0000][info][gc,marking     ] GC(843) Concurrent Rebuild Remembered Sets 198.184ms
[2024-08-27T14:57:43.656+0000][info][gc,marking     ] GC(843) Concurrent Mark Abort
[2024-08-27T14:57:43.656+0000][info][gc             ] GC(843) Concurrent Mark Cycle 227.393ms
[2024-08-27T14:57:43.748+0000][info][gc,start       ] GC(850) Pause Young (Normal) (G1 Evacuation Pause)
[2024-08-27T14:57:43.748+0000][info][gc,task        ] GC(850) Using 24 workers of 68 for evacuation
[2024-08-27T14:57:43.770+0000][info][gc,phases      ] GC(850)   Pre Evacuate Collection Set: 0.2ms
[2024-08-27T14:57:43.770+0000][info][gc,phases      ] GC(850)   Merge Heap Roots: 0.4ms
[2024-08-27T14:57:43.770+0000][info][gc,phases      ] GC(850)   Evacuate Collection Set: 21.5ms
[2024-08-27T14:57:43.770+0000][info][gc,phases      ] GC(850)   Post Evacuate Collection Set: 0.4ms
[2024-08-27T14:57:43.770+0000][info][gc,phases      ] GC(850)   Other: 0.3ms
[2024-08-27T14:57:43.770+0000][info][gc,heap        ] GC(850) Eden regions: 150->0(103)
[2024-08-27T14:57:43.770+0000][info][gc,heap        ] GC(850) Survivor regions: 0->19(19)
[2024-08-27T14:57:43.770+0000][info][gc,heap        ] GC(850) Old regions: 443->569
[2024-08-27T14:57:43.770+0000][info][gc,heap        ] GC(850) Archive regions: 2->2
[2024-08-27T14:57:43.770+0000][info][gc,heap        ] GC(850) Humongous regions: 5->5
[2024-08-27T14:57:43.770+0000][info][gc,metaspace   ] GC(850) Metaspace: 100K(320K)->100K(320K) NonClass: 96K(192K)->96K(192K) Class: 4K(128K)->4K(128K)
[2024-08-27T14:57:43.770+0000][info][gc             ] GC(850) Pause Young (Normal) (G1 Evacuation Pause) 587M->582M(1024M) 22.816ms
[2024-08-27T14:57:43.771+0000][info][gc,cpu         ] GC(850) User=0.51s Sys=0.01s Real=0.03s
[2024-08-27T14:57:43.826+0000][info][gc,start       ] GC(851) Pause Young (Normal) (G1 Evacuation Pause)
[2024-08-27T14:57:43.826+0000][info][gc,task        ] GC(851) Using 24 workers of 68 for evacuation
[2024-08-27T14:57:43.846+0000][info][gc,phases      ] GC(851)   Pre Evacuate Collection Set: 0.2ms
[2024-08-27T14:57:43.846+0000][info][gc,phases      ] GC(851)   Merge Heap Roots: 0.3ms
[2024-08-27T14:57:43.846+0000][info][gc,phases      ] GC(851)   Evacuate Collection Set: 18.8ms
[2024-08-27T14:57:43.846+0000][info][gc,phases      ] GC(851)   Post Evacuate Collection Set: 0.3ms
[2024-08-27T14:57:43.846+0000][info][gc,phases      ] GC(851)   Other: 0.2ms
[2024-08-27T14:57:43.846+0000][info][gc,heap        ] GC(851) Eden regions: 103->0(70)
[2024-08-27T14:57:43.846+0000][info][gc,heap        ] GC(851) Survivor regions: 19->16(16)
[2024-08-27T14:57:43.846+0000][info][gc,heap        ] GC(851) Old regions: 569->677
[2024-08-27T14:57:43.846+0000][info][gc,heap        ] GC(851) Archive regions: 2->2
[2024-08-27T14:57:43.846+0000][info][gc,heap        ] GC(851) Humongous regions: 5->5
[2024-08-27T14:57:43.846+0000][info][gc,metaspace   ] GC(851) Metaspace: 100K(320K)->100K(320K) NonClass: 96K(192K)->96K(192K) Class: 4K(128K)->4K(128K)
[2024-08-27T14:57:43.846+0000][info][gc             ] GC(851) Pause Young (Normal) (G1 Evacuation Pause) 685M->687M(1024M) 20.007ms
[2024-08-27T14:57:43.846+0000][info][gc,cpu         ] GC(851) User=0.46s Sys=0.00s Real=0.02s
[2024-08-27T14:57:43.882+0000][info][gc,start       ] GC(852) Pause Young (Concurrent Start) (G1 Evacuation Pause)
[2024-08-27T14:57:43.882+0000][info][gc,task        ] GC(852) Using 24 workers of 68 for evacuation
[2024-08-27T14:57:43.899+0000][info][gc,phases      ] GC(852)   Pre Evacuate Collection Set: 0.2ms
[2024-08-27T14:57:43.899+0000][info][gc,phases      ] GC(852)   Merge Heap Roots: 0.4ms
[2024-08-27T14:57:43.899+0000][info][gc,phases      ] GC(852)   Evacuate Collection Set: 15.2ms
[2024-08-27T14:57:43.899+0000][info][gc,phases      ] GC(852)   Post Evacuate Collection Set: 0.3ms
[2024-08-27T14:57:43.899+0000][info][gc,phases      ] GC(852)   Other: 0.6ms
[2024-08-27T14:57:43.899+0000][info][gc,heap        ] GC(852) Eden regions: 70->0(46)
[2024-08-27T14:57:43.899+0000][info][gc,heap        ] GC(852) Survivor regions: 16->11(11)
[2024-08-27T14:57:43.899+0000][info][gc,heap        ] GC(852) Old regions: 677->755
[2024-08-27T14:57:43.899+0000][info][gc,heap        ] GC(852) Archive regions: 2->2
[2024-08-27T14:57:43.899+0000][info][gc,heap        ] GC(852) Humongous regions: 5->5
[2024-08-27T14:57:43.899+0000][info][gc,metaspace   ] GC(852) Metaspace: 100K(320K)->100K(320K) NonClass: 96K(192K)->96K(192K) Class: 4K(128K)->4K(128K)
[2024-08-27T14:57:43.899+0000][info][gc             ] GC(852) Pause Young (Concurrent Start) (G1 Evacuation Pause) 757M->760M(1024M) 16.769ms
[2024-08-27T14:57:43.899+0000][info][gc,cpu         ] GC(852) User=0.37s Sys=0.00s Real=0.02s
[2024-08-27T14:57:43.899+0000][info][gc             ] GC(853) Concurrent Mark Cycle
[2024-08-27T14:57:43.899+0000][info][gc,marking     ] GC(853) Concurrent Clear Claimed Marks
[2024-08-27T14:57:43.899+0000][info][gc,marking     ] GC(853) Concurrent Clear Claimed Marks 0.010ms
[2024-08-27T14:57:43.899+0000][info][gc,marking     ] GC(853) Concurrent Scan Root Regions
[2024-08-27T14:57:43.902+0000][info][gc,marking     ] GC(853) Concurrent Scan Root Regions 2.529ms
[2024-08-27T14:57:43.902+0000][info][gc,marking     ] GC(853) Concurrent Mark
[2024-08-27T14:57:43.902+0000][info][gc,marking     ] GC(853) Concurrent Mark From Roots
[2024-08-27T14:57:43.902+0000][info][gc,task        ] GC(853) Using 17 workers of 17 for marking
[2024-08-27T14:57:43.924+0000][info][gc,marking     ] GC(853) Concurrent Mark From Roots 21.882ms
[2024-08-27T14:57:43.924+0000][info][gc,marking     ] GC(853) Concurrent Preclean
[2024-08-27T14:57:43.924+0000][info][gc,marking     ] GC(853) Concurrent Preclean 0.592ms
[2024-08-27T14:57:43.924+0000][info][gc,start       ] GC(853) Pause Remark
[2024-08-27T14:57:43.926+0000][info][gc             ] GC(853) Pause Remark 791M->791M(1024M) 1.194ms
[2024-08-27T14:57:43.926+0000][info][gc,cpu         ] GC(853) User=0.01s Sys=0.00s Real=0.00s
[2024-08-27T14:57:43.926+0000][info][gc,marking     ] GC(853) Concurrent Mark 24.030ms
[2024-08-27T14:57:43.926+0000][info][gc,marking     ] GC(853) Concurrent Rebuild Remembered Sets
[2024-08-27T14:57:43.934+0000][info][gc,start       ] GC(854) Pause Young (Normal) (G1 Evacuation Pause)
[2024-08-27T14:57:43.934+0000][info][gc,task        ] GC(854) Using 24 workers of 68 for evacuation
[2024-08-27T14:57:43.946+0000][info][gc,phases      ] GC(854)   Pre Evacuate Collection Set: 0.2ms
[2024-08-27T14:57:43.946+0000][info][gc,phases      ] GC(854)   Merge Heap Roots: 0.3ms
[2024-08-27T14:57:43.946+0000][info][gc,phases      ] GC(854)   Evacuate Collection Set: 10.8ms
[2024-08-27T14:57:43.946+0000][info][gc,phases      ] GC(854)   Post Evacuate Collection Set: 0.4ms
[2024-08-27T14:57:43.946+0000][info][gc,phases      ] GC(854)   Other: 0.2ms
[2024-08-27T14:57:43.946+0000][info][gc,heap        ] GC(854) Eden regions: 46->0(43)
[2024-08-27T14:57:43.946+0000][info][gc,heap        ] GC(854) Survivor regions: 11->8(8)
[2024-08-27T14:57:43.946+0000][info][gc,heap        ] GC(854) Old regions: 755->808
[2024-08-27T14:57:43.946+0000][info][gc,heap        ] GC(854) Archive regions: 2->2
[2024-08-27T14:57:43.946+0000][info][gc,heap        ] GC(854) Humongous regions: 5->5
[2024-08-27T14:57:43.946+0000][info][gc,metaspace   ] GC(854) Metaspace: 100K(320K)->100K(320K) NonClass: 96K(192K)->96K(192K) Class: 4K(128K)->4K(128K)
[2024-08-27T14:57:43.946+0000][info][gc             ] GC(854) Pause Young (Normal) (G1 Evacuation Pause) 806M->810M(1024M) 11.879ms
[2024-08-27T14:57:43.946+0000][info][gc,cpu         ] GC(854) User=0.27s Sys=0.00s Real=0.01s
[2024-08-27T14:57:43.971+0000][info][gc,start       ] GC(855) Pause Young (Normal) (G1 Evacuation Pause)
[2024-08-27T14:57:43.971+0000][info][gc,task        ] GC(855) Using 24 workers of 68 for evacuation
[2024-08-27T14:57:43.986+0000][info][gc,phases      ] GC(855)   Pre Evacuate Collection Set: 0.1ms
[2024-08-27T14:57:43.986+0000][info][gc,phases      ] GC(855)   Merge Heap Roots: 0.5ms
[2024-08-27T14:57:43.986+0000][info][gc,phases      ] GC(855)   Evacuate Collection Set: 13.8ms
[2024-08-27T14:57:43.986+0000][info][gc,phases      ] GC(855)   Post Evacuate Collection Set: 0.5ms
[2024-08-27T14:57:43.986+0000][info][gc,phases      ] GC(855)   Other: 0.2ms
[2024-08-27T14:57:43.986+0000][info][gc,heap        ] GC(855) Eden regions: 43->0(44)
[2024-08-27T14:57:43.986+0000][info][gc,heap        ] GC(855) Survivor regions: 8->7(7)
[2024-08-27T14:57:43.986+0000][info][gc,heap        ] GC(855) Old regions: 808->856
[2024-08-27T14:57:43.986+0000][info][gc,heap        ] GC(855) Archive regions: 2->2
[2024-08-27T14:57:43.986+0000][info][gc,heap        ] GC(855) Humongous regions: 5->5
[2024-08-27T14:57:43.986+0000][info][gc,metaspace   ] GC(855) Metaspace: 100K(320K)->100K(320K) NonClass: 96K(192K)->96K(192K) Class: 4K(128K)->4K(128K)
[2024-08-27T14:57:43.986+0000][info][gc             ] GC(855) Pause Young (Normal) (G1 Evacuation Pause) 853M->857M(1024M) 15.162ms
[2024-08-27T14:57:43.986+0000][info][gc,cpu         ] GC(855) User=0.34s Sys=0.01s Real=0.01s
[2024-08-27T14:57:44.012+0000][info][gc,start       ] GC(856) Pause Young (Normal) (G1 Evacuation Pause)
[2024-08-27T14:57:44.012+0000][info][gc,task        ] GC(856) Using 24 workers of 68 for evacuation
[2024-08-27T14:57:44.028+0000][info][gc,phases      ] GC(856)   Pre Evacuate Collection Set: 0.1ms
[2024-08-27T14:57:44.028+0000][info][gc,phases      ] GC(856)   Merge Heap Roots: 0.4ms
[2024-08-27T14:57:44.028+0000][info][gc,phases      ] GC(856)   Evacuate Collection Set: 15.1ms
[2024-08-27T14:57:44.028+0000][info][gc,phases      ] GC(856)   Post Evacuate Collection Set: 0.6ms
[2024-08-27T14:57:44.028+0000][info][gc,phases      ] GC(856)   Other: 0.2ms
[2024-08-27T14:57:44.028+0000][info][gc,heap        ] GC(856) Eden regions: 44->0(44)
[2024-08-27T14:57:44.028+0000][info][gc,heap        ] GC(856) Survivor regions: 7->7(7)
[2024-08-27T14:57:44.028+0000][info][gc,heap        ] GC(856) Old regions: 856->903
[2024-08-27T14:57:44.028+0000][info][gc,heap        ] GC(856) Archive regions: 2->2
[2024-08-27T14:57:44.028+0000][info][gc,heap        ] GC(856) Humongous regions: 5->5
[2024-08-27T14:57:44.028+0000][info][gc,metaspace   ] GC(856) Metaspace: 100K(320K)->100K(320K) NonClass: 96K(192K)->96K(192K) Class: 4K(128K)->4K(128K)
[2024-08-27T14:57:44.028+0000][info][gc             ] GC(856) Pause Young (Normal) (G1 Evacuation Pause) 901M->904M(1024M) 16.545ms
[2024-08-27T14:57:44.028+0000][info][gc,cpu         ] GC(856) User=0.38s Sys=0.00s Real=0.01s
[2024-08-27T14:57:44.035+0000][info][gc,marking     ] GC(853) Concurrent Rebuild Remembered Sets 109.375ms
[2024-08-27T14:57:44.035+0000][info][gc,start       ] GC(853) Pause Cleanup
[2024-08-27T14:57:44.036+0000][info][gc             ] GC(853) Pause Cleanup 915M->915M(1024M) 1.106ms
[2024-08-27T14:57:44.036+0000][info][gc,cpu         ] GC(853) User=0.01s Sys=0.00s Real=0.00s
[2024-08-27T14:57:44.036+0000][info][gc,marking     ] GC(853) Concurrent Cleanup for Next Mark
[2024-08-27T14:57:44.037+0000][info][gc,marking     ] GC(853) Concurrent Cleanup for Next Mark 0.913ms
[2024-08-27T14:57:44.037+0000][info][gc             ] GC(853) Concurrent Mark Cycle 138.375ms
[2024-08-27T14:57:44.057+0000][info][gc,start       ] GC(857) Pause Young (Prepare Mixed) (G1 Evacuation Pause)
[2024-08-27T14:57:44.057+0000][info][gc,task        ] GC(857) Using 24 workers of 68 for evacuation
[2024-08-27T14:57:44.074+0000][info][gc,phases      ] GC(857)   Pre Evacuate Collection Set: 0.1ms
[2024-08-27T14:57:44.074+0000][info][gc,phases      ] GC(857)   Merge Heap Roots: 0.5ms
[2024-08-27T14:57:44.074+0000][info][gc,phases      ] GC(857)   Evacuate Collection Set: 16.2ms
[2024-08-27T14:57:44.074+0000][info][gc,phases      ] GC(857)   Post Evacuate Collection Set: 0.3ms
[2024-08-27T14:57:44.074+0000][info][gc,phases      ] GC(857)   Other: 0.2ms
[2024-08-27T14:57:44.074+0000][info][gc,heap        ] GC(857) Eden regions: 44->0(44)
[2024-08-27T14:57:44.074+0000][info][gc,heap        ] GC(857) Survivor regions: 7->7(7)
[2024-08-27T14:57:44.074+0000][info][gc,heap        ] GC(857) Old regions: 903->951
[2024-08-27T14:57:44.074+0000][info][gc,heap        ] GC(857) Archive regions: 2->2
[2024-08-27T14:57:44.074+0000][info][gc,heap        ] GC(857) Humongous regions: 5->5
[2024-08-27T14:57:44.074+0000][info][gc,metaspace   ] GC(857) Metaspace: 100K(320K)->100K(320K) NonClass: 96K(192K)->96K(192K) Class: 4K(128K)->4K(128K)
[2024-08-27T14:57:44.074+0000][info][gc             ] GC(857) Pause Young (Prepare Mixed) (G1 Evacuation Pause) 948M->951M(1024M) 17.395ms
[2024-08-27T14:57:44.074+0000][info][gc,cpu         ] GC(857) User=0.40s Sys=0.00s Real=0.02s
[2024-08-27T14:57:44.088+0000][info][gc,start       ] GC(858) Pause Young (Mixed) (G1 Preventive Collection)
[2024-08-27T14:57:44.088+0000][info][gc,task        ] GC(858) Using 24 workers of 68 for evacuation
[2024-08-27T14:57:44.096+0000][info][gc,phases      ] GC(858)   Pre Evacuate Collection Set: 0.2ms
[2024-08-27T14:57:44.096+0000][info][gc,phases      ] GC(858)   Merge Heap Roots: 0.4ms
[2024-08-27T14:57:44.096+0000][info][gc,phases      ] GC(858)   Evacuate Collection Set: 7.3ms
[2024-08-27T14:57:44.096+0000][info][gc,phases      ] GC(858)   Post Evacuate Collection Set: 0.4ms
[2024-08-27T14:57:44.096+0000][info][gc,phases      ] GC(858)   Other: 0.2ms
[2024-08-27T14:57:44.096+0000][info][gc,heap        ] GC(858) Eden regions: 24->0(44)
[2024-08-27T14:57:44.096+0000][info][gc,heap        ] GC(858) Survivor regions: 7->7(7)
[2024-08-27T14:57:44.096+0000][info][gc,heap        ] GC(858) Old regions: 951->876
[2024-08-27T14:57:44.096+0000][info][gc,heap        ] GC(858) Archive regions: 2->2
[2024-08-27T14:57:44.096+0000][info][gc,heap        ] GC(858) Humongous regions: 5->5
[2024-08-27T14:57:44.096+0000][info][gc,metaspace   ] GC(858) Metaspace: 100K(320K)->100K(320K) NonClass: 96K(192K)->96K(192K) Class: 4K(128K)->4K(128K)
[2024-08-27T14:57:44.096+0000][info][gc             ] GC(858) Pause Young (Mixed) (G1 Preventive Collection) 975M->881M(1024M) 8.519ms
[2024-08-27T14:57:44.097+0000][info][gc,cpu         ] GC(858) User=0.19s Sys=0.00s Real=0.01s
[2024-08-27T14:57:44.119+0000][info][gc,start       ] GC(859) Pause Young (Mixed) (G1 Evacuation Pause)
[2024-08-27T14:57:44.120+0000][info][gc,task        ] GC(859) Using 24 workers of 68 for evacuation
[2024-08-27T14:57:44.130+0000][info][gc,phases      ] GC(859)   Pre Evacuate Collection Set: 0.2ms
[2024-08-27T14:57:44.130+0000][info][gc,phases      ] GC(859)   Merge Heap Roots: 0.3ms
[2024-08-27T14:57:44.130+0000][info][gc,phases      ] GC(859)   Evacuate Collection Set: 9.7ms
[2024-08-27T14:57:44.130+0000][info][gc,phases      ] GC(859)   Post Evacuate Collection Set: 0.4ms
[2024-08-27T14:57:44.130+0000][info][gc,phases      ] GC(859)   Other: 0.2ms
[2024-08-27T14:57:44.130+0000][info][gc,heap        ] GC(859) Eden regions: 44->0(44)
[2024-08-27T14:57:44.130+0000][info][gc,heap        ] GC(859) Survivor regions: 7->7(7)
[2024-08-27T14:57:44.130+0000][info][gc,heap        ] GC(859) Old regions: 876->818
[2024-08-27T14:57:44.130+0000][info][gc,heap        ] GC(859) Archive regions: 2->2
[2024-08-27T14:57:44.130+0000][info][gc,heap        ] GC(859) Humongous regions: 5->5
[2024-08-27T14:57:44.130+0000][info][gc,metaspace   ] GC(859) Metaspace: 100K(320K)->100K(320K) NonClass: 96K(192K)->96K(192K) Class: 4K(128K)->4K(128K)
[2024-08-27T14:57:44.130+0000][info][gc             ] GC(859) Pause Young (Mixed) (G1 Evacuation Pause) 925M->824M(1024M) 11.027ms
[2024-08-27T14:57:44.131+0000][info][gc,cpu         ] GC(859) User=0.24s Sys=0.00s Real=0.01s
[2024-08-27T14:57:44.153+0000][info][gc,start       ] GC(860) Pause Young (Mixed) (G1 Evacuation Pause)
[2024-08-27T14:57:44.153+0000][info][gc,task        ] GC(860) Using 24 workers of 68 for evacuation
[2024-08-27T14:57:44.164+0000][info][gc,phases      ] GC(860)   Pre Evacuate Collection Set: 0.2ms
[2024-08-27T14:57:44.165+0000][info][gc,phases      ] GC(860)   Merge Heap Roots: 0.4ms
[2024-08-27T14:57:44.165+0000][info][gc,phases      ] GC(860)   Evacuate Collection Set: 10.0ms
[2024-08-27T14:57:44.165+0000][info][gc,phases      ] GC(860)   Post Evacuate Collection Set: 0.4ms
[2024-08-27T14:57:44.165+0000][info][gc,phases      ] GC(860)   Other: 0.3ms
[2024-08-27T14:57:44.165+0000][info][gc,heap        ] GC(860) Eden regions: 44->0(44)
[2024-08-27T14:57:44.165+0000][info][gc,heap        ] GC(860) Survivor regions: 7->7(7)
[2024-08-27T14:57:44.165+0000][info][gc,heap        ] GC(860) Old regions: 818->808
[2024-08-27T14:57:44.165+0000][info][gc,heap        ] GC(860) Archive regions: 2->2
[2024-08-27T14:57:44.165+0000][info][gc,heap        ] GC(860) Humongous regions: 5->5
[2024-08-27T14:57:44.165+0000][info][gc,metaspace   ] GC(860) Metaspace: 100K(320K)->100K(320K) NonClass: 96K(192K)->96K(192K) Class: 4K(128K)->4K(128K)
[2024-08-27T14:57:44.165+0000][info][gc             ] GC(860) Pause Young (Mixed) (G1 Evacuation Pause) 868M->814M(1024M) 11.349ms
[2024-08-27T14:57:44.165+0000][info][gc,cpu         ] GC(860) User=0.25s Sys=0.00s Real=0.01s
[2024-08-27T14:57:44.188+0000][info][gc,start       ] GC(861) Pause Young (Concurrent Start) (G1 Evacuation Pause)
[2024-08-27T14:57:44.188+0000][info][gc,task        ] GC(861) Using 24 workers of 68 for evacuation
[2024-08-27T14:57:44.199+0000][info][gc,phases      ] GC(861)   Pre Evacuate Collection Set: 0.2ms
[2024-08-27T14:57:44.199+0000][info][gc,phases      ] GC(861)   Merge Heap Roots: 0.4ms
[2024-08-27T14:57:44.199+0000][info][gc,phases      ] GC(861)   Evacuate Collection Set: 9.6ms
[2024-08-27T14:57:44.199+0000][info][gc,phases      ] GC(861)   Post Evacuate Collection Set: 0.3ms
[2024-08-27T14:57:44.199+0000][info][gc,phases      ] GC(861)   Other: 0.6ms
[2024-08-27T14:57:44.199+0000][info][gc,heap        ] GC(861) Eden regions: 44->0(44)
[2024-08-27T14:57:44.199+0000][info][gc,heap        ] GC(861) Survivor regions: 7->7(7)
[2024-08-27T14:57:44.199+0000][info][gc,heap        ] GC(861) Old regions: 808->854
[2024-08-27T14:57:44.199+0000][info][gc,heap        ] GC(861) Archive regions: 2->2
[2024-08-27T14:57:44.199+0000][info][gc,heap        ] GC(861) Humongous regions: 5->5
[2024-08-27T14:57:44.199+0000][info][gc,metaspace   ] GC(861) Metaspace: 100K(320K)->100K(320K) NonClass: 96K(192K)->96K(192K) Class: 4K(128K)->4K(128K)
[2024-08-27T14:57:44.199+0000][info][gc             ] GC(861) Pause Young (Concurrent Start) (G1 Evacuation Pause) 858M->860M(1024M) 11.102ms
[2024-08-27T14:57:44.199+0000][info][gc,cpu         ] GC(861) User=0.24s Sys=0.00s Real=0.02s
[2024-08-27T14:57:44.199+0000][info][gc             ] GC(862) Concurrent Mark Cycle
[2024-08-27T14:57:44.199+0000][info][gc,marking     ] GC(862) Concurrent Clear Claimed Marks
[2024-08-27T14:57:44.199+0000][info][gc,marking     ] GC(862) Concurrent Clear Claimed Marks 0.014ms
[2024-08-27T14:57:44.199+0000][info][gc,marking     ] GC(862) Concurrent Scan Root Regions
[2024-08-27T14:57:44.201+0000][info][gc,marking     ] GC(862) Concurrent Scan Root Regions 1.678ms
[2024-08-27T14:57:44.201+0000][info][gc,marking     ] GC(862) Concurrent Mark
[2024-08-27T14:57:44.201+0000][info][gc,marking     ] GC(862) Concurrent Mark From Roots
[2024-08-27T14:57:44.201+0000][info][gc,task        ] GC(862) Using 17 workers of 17 for marking
[2024-08-27T14:57:44.226+0000][info][gc,marking     ] GC(862) Concurrent Mark From Roots 25.224ms
[2024-08-27T14:57:44.226+0000][info][gc,marking     ] GC(862) Concurrent Preclean
[2024-08-27T14:57:44.227+0000][info][gc,marking     ] GC(862) Concurrent Preclean 0.849ms
[2024-08-27T14:57:44.227+0000][info][gc,start       ] GC(862) Pause Remark
[2024-08-27T14:57:44.228+0000][info][gc             ] GC(862) Pause Remark 895M->895M(1024M) 1.267ms
[2024-08-27T14:57:44.228+0000][info][gc,cpu         ] GC(862) User=0.01s Sys=0.00s Real=0.00s
[2024-08-27T14:57:44.228+0000][info][gc,marking     ] GC(862) Concurrent Mark 27.839ms
[2024-08-27T14:57:44.228+0000][info][gc,marking     ] GC(862) Concurrent Rebuild Remembered Sets
[2024-08-27T14:57:44.235+0000][info][gc,start       ] GC(863) Pause Young (Normal) (G1 Evacuation Pause)
[2024-08-27T14:57:44.235+0000][info][gc,task        ] GC(863) Using 24 workers of 68 for evacuation
[2024-08-27T14:57:44.246+0000][info][gc,phases      ] GC(863)   Pre Evacuate Collection Set: 0.1ms
[2024-08-27T14:57:44.246+0000][info][gc,phases      ] GC(863)   Merge Heap Roots: 0.3ms
[2024-08-27T14:57:44.246+0000][info][gc,phases      ] GC(863)   Evacuate Collection Set: 9.3ms
[2024-08-27T14:57:44.246+0000][info][gc,phases      ] GC(863)   Post Evacuate Collection Set: 0.4ms
[2024-08-27T14:57:44.246+0000][info][gc,phases      ] GC(863)   Other: 0.2ms
[2024-08-27T14:57:44.246+0000][info][gc,heap        ] GC(863) Eden regions: 44->0(44)
[2024-08-27T14:57:44.246+0000][info][gc,heap        ] GC(863) Survivor regions: 7->7(7)
[2024-08-27T14:57:44.246+0000][info][gc,heap        ] GC(863) Old regions: 854->900
[2024-08-27T14:57:44.246+0000][info][gc,heap        ] GC(863) Archive regions: 2->2
[2024-08-27T14:57:44.246+0000][info][gc,heap        ] GC(863) Humongous regions: 5->5
[2024-08-27T14:57:44.246+0000][info][gc,metaspace   ] GC(863) Metaspace: 100K(320K)->100K(320K) NonClass: 96K(192K)->96K(192K) Class: 4K(128K)->4K(128K)
[2024-08-27T14:57:44.246+0000][info][gc             ] GC(863) Pause Young (Normal) (G1 Evacuation Pause) 904M->906M(1024M) 10.355ms
[2024-08-27T14:57:44.246+0000][info][gc,cpu         ] GC(863) User=0.23s Sys=0.00s Real=0.01s
[2024-08-27T14:57:44.272+0000][info][gc,start       ] GC(864) Pause Young (Normal) (G1 Evacuation Pause)
[2024-08-27T14:57:44.272+0000][info][gc,task        ] GC(864) Using 24 workers of 68 for evacuation
[2024-08-27T14:57:44.286+0000][info][gc,phases      ] GC(864)   Pre Evacuate Collection Set: 0.2ms
[2024-08-27T14:57:44.286+0000][info][gc,phases      ] GC(864)   Merge Heap Roots: 0.5ms
[2024-08-27T14:57:44.286+0000][info][gc,phases      ] GC(864)   Evacuate Collection Set: 12.6ms
[2024-08-27T14:57:44.286+0000][info][gc,phases      ] GC(864)   Post Evacuate Collection Set: 0.5ms
[2024-08-27T14:57:44.286+0000][info][gc,phases      ] GC(864)   Other: 0.2ms
[2024-08-27T14:57:44.286+0000][info][gc,heap        ] GC(864) Eden regions: 44->0(44)
[2024-08-27T14:57:44.286+0000][info][gc,heap        ] GC(864) Survivor regions: 7->7(7)
[2024-08-27T14:57:44.286+0000][info][gc,heap        ] GC(864) Old regions: 900->947
[2024-08-27T14:57:44.286+0000][info][gc,heap        ] GC(864) Archive regions: 2->2
[2024-08-27T14:57:44.286+0000][info][gc,heap        ] GC(864) Humongous regions: 5->5
[2024-08-27T14:57:44.286+0000][info][gc,metaspace   ] GC(864) Metaspace: 100K(320K)->100K(320K) NonClass: 96K(192K)->96K(192K) Class: 4K(128K)->4K(128K)
[2024-08-27T14:57:44.286+0000][info][gc             ] GC(864) Pause Young (Normal) (G1 Evacuation Pause) 950M->953M(1024M) 14.034ms
[2024-08-27T14:57:44.286+0000][info][gc,cpu         ] GC(864) User=0.32s Sys=0.00s Real=0.01s
[2024-08-27T14:57:44.302+0000][info][gc,start       ] GC(865) Pause Young (Normal) (G1 Preventive Collection)
[2024-08-27T14:57:44.302+0000][info][gc,task        ] GC(865) Using 24 workers of 68 for evacuation
[2024-08-27T14:57:44.315+0000][info][gc,phases      ] GC(865)   Pre Evacuate Collection Set: 0.1ms
[2024-08-27T14:57:44.315+0000][info][gc,phases      ] GC(865)   Merge Heap Roots: 0.4ms
[2024-08-27T14:57:44.315+0000][info][gc,phases      ] GC(865)   Evacuate Collection Set: 12.1ms
[2024-08-27T14:57:44.315+0000][info][gc,phases      ] GC(865)   Post Evacuate Collection Set: 0.6ms
[2024-08-27T14:57:44.315+0000][info][gc,phases      ] GC(865)   Other: 0.2ms
[2024-08-27T14:57:44.315+0000][info][gc,heap        ] GC(865) Eden regions: 26->0(44)
[2024-08-27T14:57:44.315+0000][info][gc,heap        ] GC(865) Survivor regions: 7->7(7)
[2024-08-27T14:57:44.315+0000][info][gc,heap        ] GC(865) Old regions: 947->976
[2024-08-27T14:57:44.315+0000][info][gc,heap        ] GC(865) Archive regions: 2->2
[2024-08-27T14:57:44.315+0000][info][gc,heap        ] GC(865) Humongous regions: 5->5
[2024-08-27T14:57:44.315+0000][info][gc,metaspace   ] GC(865) Metaspace: 100K(320K)->100K(320K) NonClass: 96K(192K)->96K(192K) Class: 4K(128K)->4K(128K)
[2024-08-27T14:57:44.316+0000][info][gc             ] GC(865) Pause Young (Normal) (G1 Preventive Collection) 979M->982M(1024M) 13.481ms
[2024-08-27T14:57:44.316+0000][info][gc,cpu         ] GC(865) User=0.31s Sys=0.00s Real=0.01s
[2024-08-27T14:57:44.323+0000][info][gc,start       ] GC(866) Pause Young (Normal) (G1 Preventive Collection)
[2024-08-27T14:57:44.323+0000][info][gc,task        ] GC(866) Using 24 workers of 68 for evacuation
[2024-08-27T14:57:44.334+0000][info][gc,phases      ] GC(866)   Pre Evacuate Collection Set: 0.1ms
[2024-08-27T14:57:44.334+0000][info][gc,phases      ] GC(866)   Merge Heap Roots: 0.6ms
[2024-08-27T14:57:44.334+0000][info][gc,phases      ] GC(866)   Evacuate Collection Set: 9.3ms
[2024-08-27T14:57:44.334+0000][info][gc,phases      ] GC(866)   Post Evacuate Collection Set: 0.6ms
[2024-08-27T14:57:44.334+0000][info][gc,phases      ] GC(866)   Other: 0.2ms
[2024-08-27T14:57:44.334+0000][info][gc,heap        ] GC(866) Eden regions: 12->0(44)
[2024-08-27T14:57:44.334+0000][info][gc,heap        ] GC(866) Survivor regions: 7->7(7)
[2024-08-27T14:57:44.334+0000][info][gc,heap        ] GC(866) Old regions: 976->990
[2024-08-27T14:57:44.334+0000][info][gc,heap        ] GC(866) Archive regions: 2->2
[2024-08-27T14:57:44.334+0000][info][gc,heap        ] GC(866) Humongous regions: 5->5
[2024-08-27T14:57:44.334+0000][info][gc,metaspace   ] GC(866) Metaspace: 100K(320K)->100K(320K) NonClass: 96K(192K)->96K(192K) Class: 4K(128K)->4K(128K)
[2024-08-27T14:57:44.334+0000][info][gc             ] GC(866) Pause Young (Normal) (G1 Preventive Collection) 994M->996M(1024M) 10.809ms
[2024-08-27T14:57:44.334+0000][info][gc,cpu         ] GC(866) User=0.24s Sys=0.00s Real=0.01s
[2024-08-27T14:57:44.337+0000][info][gc,start       ] GC(867) Pause Young (Normal) (G1 Preventive Collection)
[2024-08-27T14:57:44.338+0000][info][gc,task        ] GC(867) Using 24 workers of 68 for evacuation
[2024-08-27T14:57:44.347+0000][info][gc             ] GC(867) To-space exhausted
[2024-08-27T14:57:44.347+0000][info][gc,phases      ] GC(867)   Pre Evacuate Collection Set: 0.1ms
[2024-08-27T14:57:44.347+0000][info][gc,phases      ] GC(867)   Merge Heap Roots: 0.6ms
[2024-08-27T14:57:44.347+0000][info][gc,phases      ] GC(867)   Evacuate Collection Set: 7.7ms
[2024-08-27T14:57:44.347+0000][info][gc,phases      ] GC(867)   Post Evacuate Collection Set: 0.8ms
[2024-08-27T14:57:44.347+0000][info][gc,phases      ] GC(867)   Other: 0.2ms
[2024-08-27T14:57:44.347+0000][info][gc,heap        ] GC(867) Eden regions: 5->0(45)
[2024-08-27T14:57:44.347+0000][info][gc,heap        ] GC(867) Survivor regions: 7->6(7)
[2024-08-27T14:57:44.347+0000][info][gc,heap        ] GC(867) Old regions: 990->1001
[2024-08-27T14:57:44.347+0000][info][gc,heap        ] GC(867) Archive regions: 2->2
[2024-08-27T14:57:44.347+0000][info][gc,heap        ] GC(867) Humongous regions: 5->5
[2024-08-27T14:57:44.347+0000][info][gc,metaspace   ] GC(867) Metaspace: 100K(320K)->100K(320K) NonClass: 96K(192K)->96K(192K) Class: 4K(128K)->4K(128K)
[2024-08-27T14:57:44.347+0000][info][gc             ] GC(867) Pause Young (Normal) (G1 Preventive Collection) 1001M->1006M(1024M) 9.397ms
[2024-08-27T14:57:44.347+0000][info][gc,cpu         ] GC(867) User=0.21s Sys=0.00s Real=0.00s
[2024-08-27T14:57:44.348+0000][info][gc,start       ] GC(868) Pause Young (Normal) (G1 Preventive Collection)
[2024-08-27T14:57:44.348+0000][info][gc,task        ] GC(868) Using 24 workers of 68 for evacuation
[2024-08-27T14:57:44.357+0000][info][gc,phases      ] GC(868)   Pre Evacuate Collection Set: 0.1ms
[2024-08-27T14:57:44.357+0000][info][gc,phases      ] GC(868)   Merge Heap Roots: 1.0ms
[2024-08-27T14:57:44.357+0000][info][gc,phases      ] GC(868)   Evacuate Collection Set: 6.8ms
[2024-08-27T14:57:44.357+0000][info][gc,phases      ] GC(868)   Post Evacuate Collection Set: 0.7ms
[2024-08-27T14:57:44.357+0000][info][gc,phases      ] GC(868)   Other: 0.1ms
[2024-08-27T14:57:44.357+0000][info][gc,heap        ] GC(868) Eden regions: 1->0(49)
[2024-08-27T14:57:44.357+0000][info][gc,heap        ] GC(868) Survivor regions: 6->2(7)
[2024-08-27T14:57:44.357+0000][info][gc,heap        ] GC(868) Old regions: 1001->1008
[2024-08-27T14:57:44.357+0000][info][gc,heap        ] GC(868) Archive regions: 2->2
[2024-08-27T14:57:44.357+0000][info][gc,heap        ] GC(868) Humongous regions: 5->5
[2024-08-27T14:57:44.357+0000][info][gc,metaspace   ] GC(868) Metaspace: 100K(320K)->100K(320K) NonClass: 96K(192K)->96K(192K) Class: 4K(128K)->4K(128K)
[2024-08-27T14:57:44.357+0000][info][gc             ] GC(868) Pause Young (Normal) (G1 Preventive Collection) 1007M->1008M(1024M) 8.848ms
[2024-08-27T14:57:44.357+0000][info][gc,cpu         ] GC(868) User=0.20s Sys=0.00s Real=0.01s
[2024-08-27T14:57:44.359+0000][info][gc,start       ] GC(869) Pause Young (Normal) (G1 Preventive Collection)
[2024-08-27T14:57:44.359+0000][info][gc,task        ] GC(869) Using 24 workers of 68 for evacuation
[2024-08-27T14:57:44.367+0000][info][gc,phases      ] GC(869)   Pre Evacuate Collection Set: 0.2ms
[2024-08-27T14:57:44.367+0000][info][gc,phases      ] GC(869)   Merge Heap Roots: 0.4ms
[2024-08-27T14:57:44.367+0000][info][gc,phases      ] GC(869)   Evacuate Collection Set: 6.3ms
[2024-08-27T14:57:44.367+0000][info][gc,phases      ] GC(869)   Post Evacuate Collection Set: 0.7ms
[2024-08-27T14:57:44.367+0000][info][gc,phases      ] GC(869)   Other: 0.1ms
[2024-08-27T14:57:44.367+0000][info][gc,heap        ] GC(869) Eden regions: 2->0(47)
[2024-08-27T14:57:44.367+0000][info][gc,heap        ] GC(869) Survivor regions: 2->4(5)
[2024-08-27T14:57:44.367+0000][info][gc,heap        ] GC(869) Old regions: 1008->1008
[2024-08-27T14:57:44.367+0000][info][gc,heap        ] GC(869) Archive regions: 2->2
[2024-08-27T14:57:44.367+0000][info][gc,heap        ] GC(869) Humongous regions: 5->5
[2024-08-27T14:57:44.367+0000][info][gc,metaspace   ] GC(869) Metaspace: 100K(320K)->100K(320K) NonClass: 96K(192K)->96K(192K) Class: 4K(128K)->4K(128K)
[2024-08-27T14:57:44.367+0000][info][gc             ] GC(869) Pause Young (Normal) (G1 Preventive Collection) 1010M->1010M(1024M) 7.746ms
[2024-08-27T14:57:44.367+0000][info][gc,cpu         ] GC(869) User=0.17s Sys=0.00s Real=0.00s
[2024-08-27T14:57:44.368+0000][info][gc,start       ] GC(870) Pause Young (Normal) (G1 Preventive Collection)
[2024-08-27T14:57:44.368+0000][info][gc,task        ] GC(870) Using 24 workers of 68 for evacuation
[2024-08-27T14:57:44.376+0000][info][gc,phases      ] GC(870)   Pre Evacuate Collection Set: 0.1ms
[2024-08-27T14:57:44.376+0000][info][gc,phases      ] GC(870)   Merge Heap Roots: 0.4ms
[2024-08-27T14:57:44.376+0000][info][gc,phases      ] GC(870)   Evacuate Collection Set: 6.3ms
[2024-08-27T14:57:44.376+0000][info][gc,phases      ] GC(870)   Post Evacuate Collection Set: 0.7ms
[2024-08-27T14:57:44.376+0000][info][gc,phases      ] GC(870)   Other: 0.1ms
[2024-08-27T14:57:44.376+0000][info][gc,heap        ] GC(870) Eden regions: 1->0(47)
[2024-08-27T14:57:44.376+0000][info][gc,heap        ] GC(870) Survivor regions: 4->4(4)
[2024-08-27T14:57:44.376+0000][info][gc,heap        ] GC(870) Old regions: 1008->1008
[2024-08-27T14:57:44.376+0000][info][gc,heap        ] GC(870) Archive regions: 2->2
[2024-08-27T14:57:44.376+0000][info][gc,heap        ] GC(870) Humongous regions: 5->5
[2024-08-27T14:57:44.376+0000][info][gc,metaspace   ] GC(870) Metaspace: 100K(320K)->100K(320K) NonClass: 96K(192K)->96K(192K) Class: 4K(128K)->4K(128K)
[2024-08-27T14:57:44.376+0000][info][gc             ] GC(870) Pause Young (Normal) (G1 Preventive Collection) 1011M->1011M(1024M) 7.754ms
[2024-08-27T14:57:44.376+0000][info][gc,cpu         ] GC(870) User=0.17s Sys=0.00s Real=0.01s
[2024-08-27T14:57:44.378+0000][info][gc,start       ] GC(871) Pause Young (Normal) (G1 Preventive Collection)
[2024-08-27T14:57:44.378+0000][info][gc,task        ] GC(871) Using 24 workers of 68 for evacuation
[2024-08-27T14:57:44.386+0000][info][gc             ] GC(871) To-space exhausted
[2024-08-27T14:57:44.386+0000][info][gc,phases      ] GC(871)   Pre Evacuate Collection Set: 0.1ms
[2024-08-27T14:57:44.386+0000][info][gc,phases      ] GC(871)   Merge Heap Roots: 1.0ms
[2024-08-27T14:57:44.386+0000][info][gc,phases      ] GC(871)   Evacuate Collection Set: 6.4ms
[2024-08-27T14:57:44.386+0000][info][gc,phases      ] GC(871)   Post Evacuate Collection Set: 0.9ms
[2024-08-27T14:57:44.386+0000][info][gc,phases      ] GC(871)   Other: 0.1ms
[2024-08-27T14:57:44.386+0000][info][gc,heap        ] GC(871) Eden regions: 1->0(47)
[2024-08-27T14:57:44.386+0000][info][gc,heap        ] GC(871) Survivor regions: 4->4(4)
[2024-08-27T14:57:44.386+0000][info][gc,heap        ] GC(871) Old regions: 1008->1013
[2024-08-27T14:57:44.386+0000][info][gc,heap        ] GC(871) Archive regions: 2->2
[2024-08-27T14:57:44.386+0000][info][gc,heap        ] GC(871) Humongous regions: 5->5
[2024-08-27T14:57:44.386+0000][info][gc,metaspace   ] GC(871) Metaspace: 100K(320K)->100K(320K) NonClass: 96K(192K)->96K(192K) Class: 4K(128K)->4K(128K)
[2024-08-27T14:57:44.386+0000][info][gc             ] GC(871) Pause Young (Normal) (G1 Preventive Collection) 1012M->1016M(1024M) 8.679ms
[2024-08-27T14:57:44.386+0000][info][gc,cpu         ] GC(871) User=0.18s Sys=0.00s Real=0.00s
[2024-08-27T14:57:44.386+0000][info][gc,ergo        ] Attempting full compaction
[2024-08-27T14:57:44.386+0000][info][gc,task        ] GC(872) Using 24 workers of 68 for full compaction
[2024-08-27T14:57:44.387+0000][info][gc,start       ] GC(872) Pause Full (G1 Compaction Pause)
[2024-08-27T14:57:44.387+0000][info][gc,phases,start] GC(872) Phase 1: Mark live objects
[2024-08-27T14:57:44.403+0000][info][gc,phases      ] GC(872) Phase 1: Mark live objects 15.738ms
[2024-08-27T14:57:44.403+0000][info][gc,phases,start] GC(872) Phase 2: Prepare for compaction
[2024-08-27T14:57:44.411+0000][info][gc,phases      ] GC(872) Phase 2: Prepare for compaction 8.343ms
[2024-08-27T14:57:44.411+0000][info][gc,phases,start] GC(872) Phase 3: Adjust pointers
[2024-08-27T14:57:44.426+0000][info][gc,phases      ] GC(872) Phase 3: Adjust pointers 15.020ms
[2024-08-27T14:57:44.427+0000][info][gc,phases,start] GC(872) Phase 4: Compact heap
[2024-08-27T14:57:44.459+0000][info][gc,phases      ] GC(872) Phase 4: Compact heap 32.864ms
[2024-08-27T14:57:44.461+0000][info][gc,heap        ] GC(872) Eden regions: 0->0(149)
[2024-08-27T14:57:44.461+0000][info][gc,heap        ] GC(872) Survivor regions: 4->0(4)
[2024-08-27T14:57:44.461+0000][info][gc,heap        ] GC(872) Old regions: 1013->446
[2024-08-27T14:57:44.461+0000][info][gc,heap        ] GC(872) Archive regions: 2->2
[2024-08-27T14:57:44.461+0000][info][gc,heap        ] GC(872) Humongous regions: 5->5
[2024-08-27T14:57:44.461+0000][info][gc,metaspace   ] GC(872) Metaspace: 100K(320K)->100K(320K) NonClass: 96K(192K)->96K(192K) Class: 4K(128K)->4K(128K)
[2024-08-27T14:57:44.461+0000][info][gc             ] GC(872) Pause Full (G1 Compaction Pause) 1016M->437M(1024M) 74.862ms
[2024-08-27T14:57:44.462+0000][info][gc,cpu         ] GC(872) User=1.51s Sys=0.02s Real=0.08s
[2024-08-27T14:57:44.462+0000][info][gc,marking     ] GC(862) Concurrent Rebuild Remembered Sets 233.529ms
[2024-08-27T14:57:44.462+0000][info][gc,marking     ] GC(862) Concurrent Mark Abort
[2024-08-27T14:57:44.462+0000][info][gc             ] GC(862) Concurrent Mark Cycle 263.297ms
[2024-08-27T14:57:44.548+0000][info][gc,start       ] GC(873) Pause Young (Normal) (G1 Evacuation Pause)
[2024-08-27T14:57:44.548+0000][info][gc,task        ] GC(873) Using 24 workers of 68 for evacuation
[2024-08-27T14:57:44.608+0000][info][gc,phases      ] GC(873)   Pre Evacuate Collection Set: 0.2ms
[2024-08-27T14:57:44.608+0000][info][gc,phases      ] GC(873)   Merge Heap Roots: 0.6ms
[2024-08-27T14:57:44.608+0000][info][gc,phases      ] GC(873)   Evacuate Collection Set: 58.3ms
[2024-08-27T14:57:44.608+0000][info][gc,phases      ] GC(873)   Post Evacuate Collection Set: 0.4ms
[2024-08-27T14:57:44.608+0000][info][gc,phases      ] GC(873)   Other: 0.3ms
[2024-08-27T14:57:44.608+0000][info][gc,heap        ] GC(873) Eden regions: 149->0(103)
[2024-08-27T14:57:44.608+0000][info][gc,heap        ] GC(873) Survivor regions: 0->19(19)
[2024-08-27T14:57:44.608+0000][info][gc,heap        ] GC(873) Old regions: 446->571
[2024-08-27T14:57:44.608+0000][info][gc,heap        ] GC(873) Archive regions: 2->2
[2024-08-27T14:57:44.608+0000][info][gc,heap        ] GC(873) Humongous regions: 5->5
[2024-08-27T14:57:44.608+0000][info][gc,metaspace   ] GC(873) Metaspace: 100K(320K)->100K(320K) NonClass: 96K(192K)->96K(192K) Class: 4K(128K)->4K(128K)
[2024-08-27T14:57:44.608+0000][info][gc             ] GC(873) Pause Young (Normal) (G1 Evacuation Pause) 586M->581M(1024M) 59.767ms
[2024-08-27T14:57:44.608+0000][info][gc,cpu         ] GC(873) User=0.44s Sys=0.80s Real=0.06s
[2024-08-27T14:57:44.664+0000][info][gc,start       ] GC(874) Pause Young (Concurrent Start) (G1 Evacuation Pause)
[2024-08-27T14:57:44.664+0000][info][gc,task        ] GC(874) Using 24 workers of 68 for evacuation
[2024-08-27T14:57:44.684+0000][info][gc,phases      ] GC(874)   Pre Evacuate Collection Set: 0.2ms
[2024-08-27T14:57:44.684+0000][info][gc,phases      ] GC(874)   Merge Heap Roots: 0.4ms
[2024-08-27T14:57:44.684+0000][info][gc,phases      ] GC(874)   Evacuate Collection Set: 18.6ms
[2024-08-27T14:57:44.684+0000][info][gc,phases      ] GC(874)   Post Evacuate Collection Set: 0.3ms
[2024-08-27T14:57:44.684+0000][info][gc,phases      ] GC(874)   Other: 0.6ms
[2024-08-27T14:57:44.684+0000][info][gc,heap        ] GC(874) Eden regions: 103->0(70)
[2024-08-27T14:57:44.684+0000][info][gc,heap        ] GC(874) Survivor regions: 19->16(16)
[2024-08-27T14:57:44.684+0000][info][gc,heap        ] GC(874) Old regions: 571->677
[2024-08-27T14:57:44.684+0000][info][gc,heap        ] GC(874) Archive regions: 2->2
[2024-08-27T14:57:44.684+0000][info][gc,heap        ] GC(874) Humongous regions: 5->5
[2024-08-27T14:57:44.684+0000][info][gc,metaspace   ] GC(874) Metaspace: 100K(320K)->100K(320K) NonClass: 96K(192K)->96K(192K) Class: 4K(128K)->4K(128K)
[2024-08-27T14:57:44.684+0000][info][gc             ] GC(874) Pause Young (Concurrent Start) (G1 Evacuation Pause) 684M->684M(1024M) 20.207ms
[2024-08-27T14:57:44.685+0000][info][gc,cpu         ] GC(874) User=0.40s Sys=0.05s Real=0.02s
[2024-08-27T14:57:44.685+0000][info][gc             ] GC(875) Concurrent Mark Cycle
[2024-08-27T14:57:44.685+0000][info][gc,marking     ] GC(875) Concurrent Clear Claimed Marks
[2024-08-27T14:57:44.685+0000][info][gc,marking     ] GC(875) Concurrent Clear Claimed Marks 0.012ms
[2024-08-27T14:57:44.685+0000][info][gc,marking     ] GC(875) Concurrent Scan Root Regions
[2024-08-27T14:57:44.688+0000][info][gc,marking     ] GC(875) Concurrent Scan Root Regions 3.698ms
[2024-08-27T14:57:44.688+0000][info][gc,marking     ] GC(875) Concurrent Mark
[2024-08-27T14:57:44.688+0000][info][gc,marking     ] GC(875) Concurrent Mark From Roots
[2024-08-27T14:57:44.688+0000][info][gc,task        ] GC(875) Using 17 workers of 17 for marking
[2024-08-27T14:57:44.709+0000][info][gc,marking     ] GC(875) Concurrent Mark From Roots 21.098ms
[2024-08-27T14:57:44.710+0000][info][gc,marking     ] GC(875) Concurrent Preclean
[2024-08-27T14:57:44.710+0000][info][gc,marking     ] GC(875) Concurrent Preclean 0.718ms
[2024-08-27T14:57:44.711+0000][info][gc,start       ] GC(875) Pause Remark
[2024-08-27T14:57:44.712+0000][info][gc             ] GC(875) Pause Remark 715M->715M(1024M) 1.185ms
[2024-08-27T14:57:44.712+0000][info][gc,cpu         ] GC(875) User=0.01s Sys=0.00s Real=0.00s
[2024-08-27T14:57:44.712+0000][info][gc,marking     ] GC(875) Concurrent Mark 23.399ms
[2024-08-27T14:57:44.712+0000][info][gc,marking     ] GC(875) Concurrent Rebuild Remembered Sets
[2024-08-27T14:57:44.734+0000][info][gc,start       ] GC(876) Pause Young (Normal) (G1 Evacuation Pause)
[2024-08-27T14:57:44.734+0000][info][gc,task        ] GC(876) Using 24 workers of 68 for evacuation
[2024-08-27T14:57:44.751+0000][info][gc,phases      ] GC(876)   Pre Evacuate Collection Set: 0.1ms
[2024-08-27T14:57:44.751+0000][info][gc,phases      ] GC(876)   Merge Heap Roots: 0.4ms
[2024-08-27T14:57:44.751+0000][info][gc,phases      ] GC(876)   Evacuate Collection Set: 15.6ms
[2024-08-27T14:57:44.751+0000][info][gc,phases      ] GC(876)   Post Evacuate Collection Set: 0.5ms
[2024-08-27T14:57:44.751+0000][info][gc,phases      ] GC(876)   Other: 0.2ms
[2024-08-27T14:57:44.751+0000][info][gc,heap        ] GC(876) Eden regions: 70->0(46)
[2024-08-27T14:57:44.751+0000][info][gc,heap        ] GC(876) Survivor regions: 16->11(11)
[2024-08-27T14:57:44.751+0000][info][gc,heap        ] GC(876) Old regions: 676->755
[2024-08-27T14:57:44.751+0000][info][gc,heap        ] GC(876) Archive regions: 2->2
[2024-08-27T14:57:44.751+0000][info][gc,heap        ] GC(876) Humongous regions: 5->5
[2024-08-27T14:57:44.751+0000][info][gc,metaspace   ] GC(876) Metaspace: 100K(320K)->100K(320K) NonClass: 96K(192K)->96K(192K) Class: 4K(128K)->4K(128K)
[2024-08-27T14:57:44.751+0000][info][gc             ] GC(876) Pause Young (Normal) (G1 Evacuation Pause) 754M->758M(1024M) 16.874ms
[2024-08-27T14:57:44.751+0000][info][gc,cpu         ] GC(876) User=0.35s Sys=0.04s Real=0.02s
[2024-08-27T14:57:44.783+0000][info][gc,start       ] GC(877) Pause Young (Normal) (G1 Evacuation Pause)
[2024-08-27T14:57:44.783+0000][info][gc,task        ] GC(877) Using 24 workers of 68 for evacuation
[2024-08-27T14:57:44.803+0000][info][gc,phases      ] GC(877)   Pre Evacuate Collection Set: 0.2ms
[2024-08-27T14:57:44.803+0000][info][gc,phases      ] GC(877)   Merge Heap Roots: 0.5ms
[2024-08-27T14:57:44.803+0000][info][gc,phases      ] GC(877)   Evacuate Collection Set: 18.8ms
[2024-08-27T14:57:44.803+0000][info][gc,phases      ] GC(877)   Post Evacuate Collection Set: 0.6ms
[2024-08-27T14:57:44.803+0000][info][gc,phases      ] GC(877)   Other: 0.2ms
[2024-08-27T14:57:44.803+0000][info][gc,heap        ] GC(877) Eden regions: 46->0(43)
[2024-08-27T14:57:44.803+0000][info][gc,heap        ] GC(877) Survivor regions: 11->8(8)
[2024-08-27T14:57:44.803+0000][info][gc,heap        ] GC(877) Old regions: 755->808
[2024-08-27T14:57:44.803+0000][info][gc,heap        ] GC(877) Archive regions: 2->2
[2024-08-27T14:57:44.803+0000][info][gc,heap        ] GC(877) Humongous regions: 5->5
[2024-08-27T14:57:44.803+0000][info][gc,metaspace   ] GC(877) Metaspace: 100K(320K)->100K(320K) NonClass: 96K(192K)->96K(192K) Class: 4K(128K)->4K(128K)
[2024-08-27T14:57:44.803+0000][info][gc             ] GC(877) Pause Young (Normal) (G1 Evacuation Pause) 804M->808M(1024M) 20.342ms
[2024-08-27T14:57:44.803+0000][info][gc,cpu         ] GC(877) User=0.46s Sys=0.00s Real=0.02s
[2024-08-27T14:57:44.808+0000][info][gc,marking     ] GC(875) Concurrent Rebuild Remembered Sets 95.821ms
[2024-08-27T14:57:44.808+0000][info][gc,start       ] GC(875) Pause Cleanup
[2024-08-27T14:57:44.809+0000][info][gc             ] GC(875) Pause Cleanup 814M->814M(1024M) 1.075ms
[2024-08-27T14:57:44.809+0000][info][gc,cpu         ] GC(875) User=0.01s Sys=0.00s Real=0.00s
[2024-08-27T14:57:44.809+0000][info][gc,marking     ] GC(875) Concurrent Cleanup for Next Mark
[2024-08-27T14:57:44.810+0000][info][gc,marking     ] GC(875) Concurrent Cleanup for Next Mark 0.746ms
[2024-08-27T14:57:44.810+0000][info][gc             ] GC(875) Concurrent Mark Cycle 125.118ms
[2024-08-27T14:57:44.832+0000][info][gc,start       ] GC(878) Pause Young (Prepare Mixed) (G1 Evacuation Pause)
[2024-08-27T14:57:44.832+0000][info][gc,task        ] GC(878) Using 24 workers of 68 for evacuation
[2024-08-27T14:57:44.849+0000][info][gc,phases      ] GC(878)   Pre Evacuate Collection Set: 0.2ms
[2024-08-27T14:57:44.849+0000][info][gc,phases      ] GC(878)   Merge Heap Roots: 0.4ms
[2024-08-27T14:57:44.849+0000][info][gc,phases      ] GC(878)   Evacuate Collection Set: 16.4ms
[2024-08-27T14:57:44.849+0000][info][gc,phases      ] GC(878)   Post Evacuate Collection Set: 0.3ms
[2024-08-27T14:57:44.849+0000][info][gc,phases      ] GC(878)   Other: 0.2ms
[2024-08-27T14:57:44.849+0000][info][gc,heap        ] GC(878) Eden regions: 43->0(44)
[2024-08-27T14:57:44.849+0000][info][gc,heap        ] GC(878) Survivor regions: 8->7(7)
[2024-08-27T14:57:44.849+0000][info][gc,heap        ] GC(878) Old regions: 808->856
[2024-08-27T14:57:44.849+0000][info][gc,heap        ] GC(878) Archive regions: 2->2
[2024-08-27T14:57:44.849+0000][info][gc,heap        ] GC(878) Humongous regions: 5->5
[2024-08-27T14:57:44.849+0000][info][gc,metaspace   ] GC(878) Metaspace: 100K(320K)->100K(320K) NonClass: 96K(192K)->96K(192K) Class: 4K(128K)->4K(128K)
[2024-08-27T14:57:44.849+0000][info][gc             ] GC(878) Pause Young (Prepare Mixed) (G1 Evacuation Pause) 851M->855M(1024M) 17.509ms
[2024-08-27T14:57:44.850+0000][info][gc,cpu         ] GC(878) User=0.40s Sys=0.00s Real=0.02s
[2024-08-27T14:57:44.873+0000][info][gc,start       ] GC(879) Pause Young (Mixed) (G1 Evacuation Pause)
[2024-08-27T14:57:44.873+0000][info][gc,task        ] GC(879) Using 24 workers of 68 for evacuation
[2024-08-27T14:57:44.885+0000][info][gc,phases      ] GC(879)   Pre Evacuate Collection Set: 0.2ms
[2024-08-27T14:57:44.885+0000][info][gc,phases      ] GC(879)   Merge Heap Roots: 0.4ms
[2024-08-27T14:57:44.885+0000][info][gc,phases      ] GC(879)   Evacuate Collection Set: 10.6ms
[2024-08-27T14:57:44.885+0000][info][gc,phases      ] GC(879)   Post Evacuate Collection Set: 0.4ms
[2024-08-27T14:57:44.885+0000][info][gc,phases      ] GC(879)   Other: 0.2ms
[2024-08-27T14:57:44.885+0000][info][gc,heap        ] GC(879) Eden regions: 44->0(44)
[2024-08-27T14:57:44.885+0000][info][gc,heap        ] GC(879) Survivor regions: 7->7(7)
[2024-08-27T14:57:44.885+0000][info][gc,heap        ] GC(879) Old regions: 856->800
[2024-08-27T14:57:44.885+0000][info][gc,heap        ] GC(879) Archive regions: 2->2
[2024-08-27T14:57:44.885+0000][info][gc,heap        ] GC(879) Humongous regions: 5->5
[2024-08-27T14:57:44.885+0000][info][gc,metaspace   ] GC(879) Metaspace: 100K(320K)->100K(320K) NonClass: 96K(192K)->96K(192K) Class: 4K(128K)->4K(128K)
[2024-08-27T14:57:44.885+0000][info][gc             ] GC(879) Pause Young (Mixed) (G1 Evacuation Pause) 899M->804M(1024M) 11.895ms
[2024-08-27T14:57:44.885+0000][info][gc,cpu         ] GC(879) User=0.25s Sys=0.01s Real=0.01s
[2024-08-27T14:57:44.908+0000][info][gc,start       ] GC(880) Pause Young (Mixed) (G1 Evacuation Pause)
[2024-08-27T14:57:44.908+0000][info][gc,task        ] GC(880) Using 24 workers of 68 for evacuation
[2024-08-27T14:57:44.920+0000][info][gc,phases      ] GC(880)   Pre Evacuate Collection Set: 0.2ms
[2024-08-27T14:57:44.920+0000][info][gc,phases      ] GC(880)   Merge Heap Roots: 0.3ms
[2024-08-27T14:57:44.920+0000][info][gc,phases      ] GC(880)   Evacuate Collection Set: 10.6ms
[2024-08-27T14:57:44.920+0000][info][gc,phases      ] GC(880)   Post Evacuate Collection Set: 0.4ms
[2024-08-27T14:57:44.920+0000][info][gc,phases      ] GC(880)   Other: 0.2ms
[2024-08-27T14:57:44.920+0000][info][gc,heap        ] GC(880) Eden regions: 44->0(47)
[2024-08-27T14:57:44.920+0000][info][gc,heap        ] GC(880) Survivor regions: 7->7(7)
[2024-08-27T14:57:44.920+0000][info][gc,heap        ] GC(880) Old regions: 800->756
[2024-08-27T14:57:44.920+0000][info][gc,heap        ] GC(880) Archive regions: 2->2
[2024-08-27T14:57:44.920+0000][info][gc,heap        ] GC(880) Humongous regions: 5->5
[2024-08-27T14:57:44.920+0000][info][gc,metaspace   ] GC(880) Metaspace: 100K(320K)->100K(320K) NonClass: 96K(192K)->96K(192K) Class: 4K(128K)->4K(128K)
[2024-08-27T14:57:44.920+0000][info][gc             ] GC(880) Pause Young (Mixed) (G1 Evacuation Pause) 848M->764M(1024M) 11.829ms
[2024-08-27T14:57:44.920+0000][info][gc,cpu         ] GC(880) User=0.26s Sys=0.00s Real=0.02s
[2024-08-27T14:57:44.944+0000][info][gc,start       ] GC(881) Pause Young (Concurrent Start) (G1 Evacuation Pause)
[2024-08-27T14:57:44.944+0000][info][gc,task        ] GC(881) Using 24 workers of 68 for evacuation
[2024-08-27T14:57:44.955+0000][info][gc,phases      ] GC(881)   Pre Evacuate Collection Set: 0.2ms
[2024-08-27T14:57:44.955+0000][info][gc,phases      ] GC(881)   Merge Heap Roots: 0.2ms
[2024-08-27T14:57:44.955+0000][info][gc,phases      ] GC(881)   Evacuate Collection Set: 10.0ms
[2024-08-27T14:57:44.955+0000][info][gc,phases      ] GC(881)   Post Evacuate Collection Set: 0.3ms
[2024-08-27T14:57:44.955+0000][info][gc,phases      ] GC(881)   Other: 0.6ms
[2024-08-27T14:57:44.955+0000][info][gc,heap        ] GC(881) Eden regions: 47->0(44)
[2024-08-27T14:57:44.955+0000][info][gc,heap        ] GC(881) Survivor regions: 7->7(7)
[2024-08-27T14:57:44.955+0000][info][gc,heap        ] GC(881) Old regions: 756->806
[2024-08-27T14:57:44.955+0000][info][gc,heap        ] GC(881) Archive regions: 2->2
[2024-08-27T14:57:44.955+0000][info][gc,heap        ] GC(881) Humongous regions: 5->5
[2024-08-27T14:57:44.955+0000][info][gc,metaspace   ] GC(881) Metaspace: 100K(320K)->100K(320K) NonClass: 96K(192K)->96K(192K) Class: 4K(128K)->4K(128K)
[2024-08-27T14:57:44.955+0000][info][gc             ] GC(881) Pause Young (Concurrent Start) (G1 Evacuation Pause) 811M->814M(1024M) 11.361ms
[2024-08-27T14:57:44.955+0000][info][gc,cpu         ] GC(881) User=0.25s Sys=0.00s Real=0.01s
[2024-08-27T14:57:44.955+0000][info][gc             ] GC(882) Concurrent Mark Cycle
[2024-08-27T14:57:44.956+0000][info][gc,marking     ] GC(882) Concurrent Clear Claimed Marks
[2024-08-27T14:57:44.956+0000][info][gc,marking     ] GC(882) Concurrent Clear Claimed Marks 0.014ms
[2024-08-27T14:57:44.956+0000][info][gc,marking     ] GC(882) Concurrent Scan Root Regions
[2024-08-27T14:57:44.957+0000][info][gc,marking     ] GC(882) Concurrent Scan Root Regions 1.898ms
[2024-08-27T14:57:44.958+0000][info][gc,marking     ] GC(882) Concurrent Mark
[2024-08-27T14:57:44.958+0000][info][gc,marking     ] GC(882) Concurrent Mark From Roots
[2024-08-27T14:57:44.958+0000][info][gc,task        ] GC(882) Using 17 workers of 17 for marking
[2024-08-27T14:57:44.981+0000][info][gc,marking     ] GC(882) Concurrent Mark From Roots 23.788ms
[2024-08-27T14:57:44.981+0000][info][gc,marking     ] GC(882) Concurrent Preclean
[2024-08-27T14:57:44.982+0000][info][gc,marking     ] GC(882) Concurrent Preclean 0.516ms
[2024-08-27T14:57:44.982+0000][info][gc,start       ] GC(882) Pause Remark
[2024-08-27T14:57:44.983+0000][info][gc             ] GC(882) Pause Remark 848M->848M(1024M) 1.280ms
[2024-08-27T14:57:44.983+0000][info][gc,cpu         ] GC(882) User=0.00s Sys=0.00s Real=0.00s
[2024-08-27T14:57:44.983+0000][info][gc,marking     ] GC(882) Concurrent Mark 25.866ms
[2024-08-27T14:57:44.983+0000][info][gc,marking     ] GC(882) Concurrent Rebuild Remembered Sets
[2024-08-27T14:57:44.989+0000][info][gc,start       ] GC(883) Pause Young (Normal) (G1 Evacuation Pause)
[2024-08-27T14:57:44.989+0000][info][gc,task        ] GC(883) Using 24 workers of 68 for evacuation
[2024-08-27T14:57:45.000+0000][info][gc,phases      ] GC(883)   Pre Evacuate Collection Set: 0.2ms
[2024-08-27T14:57:45.000+0000][info][gc,phases      ] GC(883)   Merge Heap Roots: 0.4ms
[2024-08-27T14:57:45.000+0000][info][gc,phases      ] GC(883)   Evacuate Collection Set: 9.2ms
[2024-08-27T14:57:45.000+0000][info][gc,phases      ] GC(883)   Post Evacuate Collection Set: 0.4ms
[2024-08-27T14:57:45.000+0000][info][gc,phases      ] GC(883)   Other: 0.2ms
[2024-08-27T14:57:45.000+0000][info][gc,heap        ] GC(883) Eden regions: 44->0(44)
[2024-08-27T14:57:45.000+0000][info][gc,heap        ] GC(883) Survivor regions: 7->7(7)
[2024-08-27T14:57:45.000+0000][info][gc,heap        ] GC(883) Old regions: 806->853
[2024-08-27T14:57:45.000+0000][info][gc,heap        ] GC(883) Archive regions: 2->2
[2024-08-27T14:57:45.000+0000][info][gc,heap        ] GC(883) Humongous regions: 5->5
[2024-08-27T14:57:45.000+0000][info][gc,metaspace   ] GC(883) Metaspace: 100K(320K)->100K(320K) NonClass: 96K(192K)->96K(192K) Class: 4K(128K)->4K(128K)
[2024-08-27T14:57:45.000+0000][info][gc             ] GC(883) Pause Young (Normal) (G1 Evacuation Pause) 858M->860M(1024M) 10.379ms
[2024-08-27T14:57:45.000+0000][info][gc,cpu         ] GC(883) User=0.22s Sys=0.01s Real=0.02s
[2024-08-27T14:57:45.025+0000][info][gc,start       ] GC(884) Pause Young (Normal) (G1 Evacuation Pause)
[2024-08-27T14:57:45.025+0000][info][gc,task        ] GC(884) Using 24 workers of 68 for evacuation
[2024-08-27T14:57:45.039+0000][info][gc,phases      ] GC(884)   Pre Evacuate Collection Set: 0.2ms
[2024-08-27T14:57:45.039+0000][info][gc,phases      ] GC(884)   Merge Heap Roots: 0.3ms
[2024-08-27T14:57:45.039+0000][info][gc,phases      ] GC(884)   Evacuate Collection Set: 12.2ms
[2024-08-27T14:57:45.039+0000][info][gc,phases      ] GC(884)   Post Evacuate Collection Set: 0.5ms
[2024-08-27T14:57:45.039+0000][info][gc,phases      ] GC(884)   Other: 0.2ms
[2024-08-27T14:57:45.039+0000][info][gc,heap        ] GC(884) Eden regions: 44->0(44)
[2024-08-27T14:57:45.039+0000][info][gc,heap        ] GC(884) Survivor regions: 7->7(7)
[2024-08-27T14:57:45.039+0000][info][gc,heap        ] GC(884) Old regions: 853->899
[2024-08-27T14:57:45.039+0000][info][gc,heap        ] GC(884) Archive regions: 2->2
[2024-08-27T14:57:45.039+0000][info][gc,heap        ] GC(884) Humongous regions: 5->5
[2024-08-27T14:57:45.039+0000][info][gc,metaspace   ] GC(884) Metaspace: 100K(320K)->100K(320K) NonClass: 96K(192K)->96K(192K) Class: 4K(128K)->4K(128K)
[2024-08-27T14:57:45.039+0000][info][gc             ] GC(884) Pause Young (Normal) (G1 Evacuation Pause) 904M->907M(1024M) 13.498ms
[2024-08-27T14:57:45.039+0000][info][gc,cpu         ] GC(884) User=0.31s Sys=0.00s Real=0.02s
[2024-08-27T14:57:45.064+0000][info][gc,start       ] GC(885) Pause Young (Normal) (G1 Evacuation Pause)
[2024-08-27T14:57:45.064+0000][info][gc,task        ] GC(885) Using 24 workers of 68 for evacuation
[2024-08-27T14:57:45.080+0000][info][gc,phases      ] GC(885)   Pre Evacuate Collection Set: 0.1ms
[2024-08-27T14:57:45.080+0000][info][gc,phases      ] GC(885)   Merge Heap Roots: 0.6ms
[2024-08-27T14:57:45.080+0000][info][gc,phases      ] GC(885)   Evacuate Collection Set: 14.3ms
[2024-08-27T14:57:45.080+0000][info][gc,phases      ] GC(885)   Post Evacuate Collection Set: 0.6ms
[2024-08-27T14:57:45.080+0000][info][gc,phases      ] GC(885)   Other: 0.2ms
[2024-08-27T14:57:45.080+0000][info][gc,heap        ] GC(885) Eden regions: 44->0(44)
[2024-08-27T14:57:45.080+0000][info][gc,heap        ] GC(885) Survivor regions: 7->7(7)
[2024-08-27T14:57:45.080+0000][info][gc,heap        ] GC(885) Old regions: 899->946
[2024-08-27T14:57:45.080+0000][info][gc,heap        ] GC(885) Archive regions: 2->2
[2024-08-27T14:57:45.080+0000][info][gc,heap        ] GC(885) Humongous regions: 5->5
[2024-08-27T14:57:45.080+0000][info][gc,metaspace   ] GC(885) Metaspace: 100K(320K)->100K(320K) NonClass: 96K(192K)->96K(192K) Class: 4K(128K)->4K(128K)
[2024-08-27T14:57:45.080+0000][info][gc             ] GC(885) Pause Young (Normal) (G1 Evacuation Pause) 951M->953M(1024M) 15.848ms
[2024-08-27T14:57:45.080+0000][info][gc,cpu         ] GC(885) User=0.36s Sys=0.00s Real=0.02s
[2024-08-27T14:57:45.088+0000][info][gc,marking     ] GC(882) Concurrent Rebuild Remembered Sets 104.494ms
[2024-08-27T14:57:45.088+0000][info][gc,start       ] GC(882) Pause Cleanup
[2024-08-27T14:57:45.089+0000][info][gc             ] GC(882) Pause Cleanup 966M->966M(1024M) 1.314ms
[2024-08-27T14:57:45.089+0000][info][gc,cpu         ] GC(882) User=0.00s Sys=0.01s Real=0.01s
[2024-08-27T14:57:45.090+0000][info][gc,marking     ] GC(882) Concurrent Cleanup for Next Mark
[2024-08-27T14:57:45.090+0000][info][gc,marking     ] GC(882) Concurrent Cleanup for Next Mark 0.886ms
[2024-08-27T14:57:45.090+0000][info][gc             ] GC(882) Concurrent Mark Cycle 134.977ms
[2024-08-27T14:57:45.099+0000][info][gc,start       ] GC(886) Pause Young (Prepare Mixed) (G1 Preventive Collection)
[2024-08-27T14:57:45.099+0000][info][gc,task        ] GC(886) Using 24 workers of 68 for evacuation
[2024-08-27T14:57:45.115+0000][info][gc,phases      ] GC(886)   Pre Evacuate Collection Set: 0.1ms
[2024-08-27T14:57:45.115+0000][info][gc,phases      ] GC(886)   Merge Heap Roots: 0.6ms
[2024-08-27T14:57:45.115+0000][info][gc,phases      ] GC(886)   Evacuate Collection Set: 14.9ms
[2024-08-27T14:57:45.115+0000][info][gc,phases      ] GC(886)   Post Evacuate Collection Set: 0.3ms
[2024-08-27T14:57:45.115+0000][info][gc,phases      ] GC(886)   Other: 0.2ms
[2024-08-27T14:57:45.115+0000][info][gc,heap        ] GC(886) Eden regions: 27->0(44)
[2024-08-27T14:57:45.115+0000][info][gc,heap        ] GC(886) Survivor regions: 7->7(7)
[2024-08-27T14:57:45.115+0000][info][gc,heap        ] GC(886) Old regions: 946->975
[2024-08-27T14:57:45.115+0000][info][gc,heap        ] GC(886) Archive regions: 2->2
[2024-08-27T14:57:45.115+0000][info][gc,heap        ] GC(886) Humongous regions: 5->5
[2024-08-27T14:57:45.115+0000][info][gc,metaspace   ] GC(886) Metaspace: 100K(320K)->100K(320K) NonClass: 96K(192K)->96K(192K) Class: 4K(128K)->4K(128K)
[2024-08-27T14:57:45.115+0000][info][gc             ] GC(886) Pause Young (Prepare Mixed) (G1 Preventive Collection) 980M->983M(1024M) 16.212ms
[2024-08-27T14:57:45.115+0000][info][gc,cpu         ] GC(886) User=0.37s Sys=0.00s Real=0.01s
[2024-08-27T14:57:45.122+0000][info][gc,start       ] GC(887) Pause Young (Mixed) (G1 Preventive Collection)
[2024-08-27T14:57:45.122+0000][info][gc,task        ] GC(887) Using 24 workers of 68 for evacuation
[2024-08-27T14:57:45.127+0000][info][gc,phases      ] GC(887)   Pre Evacuate Collection Set: 0.1ms
[2024-08-27T14:57:45.127+0000][info][gc,phases      ] GC(887)   Merge Heap Roots: 0.2ms
[2024-08-27T14:57:45.127+0000][info][gc,phases      ] GC(887)   Evacuate Collection Set: 4.8ms
[2024-08-27T14:57:45.127+0000][info][gc,phases      ] GC(887)   Post Evacuate Collection Set: 0.3ms
[2024-08-27T14:57:45.127+0000][info][gc,phases      ] GC(887)   Other: 0.1ms
[2024-08-27T14:57:45.127+0000][info][gc,heap        ] GC(887) Eden regions: 12->0(44)
[2024-08-27T14:57:45.127+0000][info][gc,heap        ] GC(887) Survivor regions: 7->7(7)
[2024-08-27T14:57:45.127+0000][info][gc,heap        ] GC(887) Old regions: 975->887
[2024-08-27T14:57:45.127+0000][info][gc,heap        ] GC(887) Archive regions: 2->2
[2024-08-27T14:57:45.127+0000][info][gc,heap        ] GC(887) Humongous regions: 5->5
[2024-08-27T14:57:45.127+0000][info][gc,metaspace   ] GC(887) Metaspace: 100K(320K)->100K(320K) NonClass: 96K(192K)->96K(192K) Class: 4K(128K)->4K(128K)
[2024-08-27T14:57:45.128+0000][info][gc             ] GC(887) Pause Young (Mixed) (G1 Preventive Collection) 995M->898M(1024M) 5.708ms
[2024-08-27T14:57:45.128+0000][info][gc,cpu         ] GC(887) User=0.12s Sys=0.00s Real=0.00s
[2024-08-27T14:57:45.149+0000][info][gc,start       ] GC(888) Pause Young (Mixed) (G1 Evacuation Pause)
[2024-08-27T14:57:45.149+0000][info][gc,task        ] GC(888) Using 24 workers of 68 for evacuation
[2024-08-27T14:57:45.160+0000][info][gc,phases      ] GC(888)   Pre Evacuate Collection Set: 0.2ms
[2024-08-27T14:57:45.160+0000][info][gc,phases      ] GC(888)   Merge Heap Roots: 0.4ms
[2024-08-27T14:57:45.160+0000][info][gc,phases      ] GC(888)   Evacuate Collection Set: 9.8ms
[2024-08-27T14:57:45.160+0000][info][gc,phases      ] GC(888)   Post Evacuate Collection Set: 0.4ms
[2024-08-27T14:57:45.160+0000][info][gc,phases      ] GC(888)   Other: 0.2ms
[2024-08-27T14:57:45.160+0000][info][gc,heap        ] GC(888) Eden regions: 44->0(44)
[2024-08-27T14:57:45.160+0000][info][gc,heap        ] GC(888) Survivor regions: 7->7(7)
[2024-08-27T14:57:45.160+0000][info][gc,heap        ] GC(888) Old regions: 887->828
[2024-08-27T14:57:45.160+0000][info][gc,heap        ] GC(888) Archive regions: 2->2
[2024-08-27T14:57:45.160+0000][info][gc,heap        ] GC(888) Humongous regions: 5->5
[2024-08-27T14:57:45.160+0000][info][gc,metaspace   ] GC(888) Metaspace: 100K(320K)->100K(320K) NonClass: 96K(192K)->96K(192K) Class: 4K(128K)->4K(128K)
[2024-08-27T14:57:45.160+0000][info][gc             ] GC(888) Pause Young (Mixed) (G1 Evacuation Pause) 942M->840M(1024M) 11.161ms
[2024-08-27T14:57:45.160+0000][info][gc,cpu         ] GC(888) User=0.25s Sys=0.01s Real=0.02s
[2024-08-27T14:57:45.183+0000][info][gc,start       ] GC(889) Pause Young (Mixed) (G1 Evacuation Pause)
[2024-08-27T14:57:45.183+0000][info][gc,task        ] GC(889) Using 24 workers of 68 for evacuation
[2024-08-27T14:57:45.201+0000][info][gc,phases      ] GC(889)   Pre Evacuate Collection Set: 0.2ms
[2024-08-27T14:57:45.201+0000][info][gc,phases      ] GC(889)   Merge Heap Roots: 0.3ms
[2024-08-27T14:57:45.201+0000][info][gc,phases      ] GC(889)   Evacuate Collection Set: 17.6ms
[2024-08-27T14:57:45.202+0000][info][gc,phases      ] GC(889)   Post Evacuate Collection Set: 0.4ms
[2024-08-27T14:57:45.202+0000][info][gc,phases      ] GC(889)   Other: 0.2ms
[2024-08-27T14:57:45.202+0000][info][gc,heap        ] GC(889) Eden regions: 44->0(44)
[2024-08-27T14:57:45.202+0000][info][gc,heap        ] GC(889) Survivor regions: 7->7(7)
[2024-08-27T14:57:45.202+0000][info][gc,heap        ] GC(889) Old regions: 828->787
[2024-08-27T14:57:45.202+0000][info][gc,heap        ] GC(889) Archive regions: 2->2
[2024-08-27T14:57:45.202+0000][info][gc,heap        ] GC(889) Humongous regions: 5->5
[2024-08-27T14:57:45.202+0000][info][gc,metaspace   ] GC(889) Metaspace: 100K(320K)->100K(320K) NonClass: 96K(192K)->96K(192K) Class: 4K(128K)->4K(128K)
[2024-08-27T14:57:45.202+0000][info][gc             ] GC(889) Pause Young (Mixed) (G1 Evacuation Pause) 884M->799M(1024M) 18.820ms
[2024-08-27T14:57:45.202+0000][info][gc,cpu         ] GC(889) User=0.30s Sys=0.01s Real=0.02s
[2024-08-27T14:57:45.245+0000][info][gc,start       ] GC(890) Pause Young (Mixed) (G1 Evacuation Pause)
[2024-08-27T14:57:45.245+0000][info][gc,task        ] GC(890) Using 24 workers of 68 for evacuation
[2024-08-27T14:57:45.258+0000][info][gc,phases      ] GC(890)   Pre Evacuate Collection Set: 0.2ms
[2024-08-27T14:57:45.258+0000][info][gc,phases      ] GC(890)   Merge Heap Roots: 0.4ms
[2024-08-27T14:57:45.258+0000][info][gc,phases      ] GC(890)   Evacuate Collection Set: 11.5ms
[2024-08-27T14:57:45.258+0000][info][gc,phases      ] GC(890)   Post Evacuate Collection Set: 0.4ms
[2024-08-27T14:57:45.258+0000][info][gc,phases      ] GC(890)   Other: 0.2ms
[2024-08-27T14:57:45.258+0000][info][gc,heap        ] GC(890) Eden regions: 44->0(44)
[2024-08-27T14:57:45.258+0000][info][gc,heap        ] GC(890) Survivor regions: 7->7(7)
[2024-08-27T14:57:45.258+0000][info][gc,heap        ] GC(890) Old regions: 787->822
[2024-08-27T14:57:45.258+0000][info][gc,heap        ] GC(890) Archive regions: 2->2
[2024-08-27T14:57:45.258+0000][info][gc,heap        ] GC(890) Humongous regions: 5->5
[2024-08-27T14:57:45.258+0000][info][gc,metaspace   ] GC(890) Metaspace: 100K(320K)->100K(320K) NonClass: 96K(192K)->96K(192K) Class: 4K(128K)->4K(128K)
[2024-08-27T14:57:45.258+0000][info][gc             ] GC(890) Pause Young (Mixed) (G1 Evacuation Pause) 843M->834M(1024M) 12.766ms
[2024-08-27T14:57:45.258+0000][info][gc,cpu         ] GC(890) User=0.26s Sys=0.02s Real=0.02s
[2024-08-27T14:57:45.287+0000][info][gc,start       ] GC(891) Pause Young (Concurrent Start) (G1 Evacuation Pause)
[2024-08-27T14:57:45.287+0000][info][gc,task        ] GC(891) Using 24 workers of 68 for evacuation
[2024-08-27T14:57:45.298+0000][info][gc,phases      ] GC(891)   Pre Evacuate Collection Set: 0.2ms
[2024-08-27T14:57:45.298+0000][info][gc,phases      ] GC(891)   Merge Heap Roots: 0.4ms
[2024-08-27T14:57:45.298+0000][info][gc,phases      ] GC(891)   Evacuate Collection Set: 9.9ms
[2024-08-27T14:57:45.298+0000][info][gc,phases      ] GC(891)   Post Evacuate Collection Set: 0.3ms
[2024-08-27T14:57:45.298+0000][info][gc,phases      ] GC(891)   Other: 0.6ms
[2024-08-27T14:57:45.298+0000][info][gc,heap        ] GC(891) Eden regions: 44->0(44)
[2024-08-27T14:57:45.298+0000][info][gc,heap        ] GC(891) Survivor regions: 7->7(7)
[2024-08-27T14:57:45.298+0000][info][gc,heap        ] GC(891) Old regions: 822->868
[2024-08-27T14:57:45.298+0000][info][gc,heap        ] GC(891) Archive regions: 2->2
[2024-08-27T14:57:45.298+0000][info][gc,heap        ] GC(891) Humongous regions: 5->5
[2024-08-27T14:57:45.298+0000][info][gc,metaspace   ] GC(891) Metaspace: 100K(320K)->100K(320K) NonClass: 96K(192K)->96K(192K) Class: 4K(128K)->4K(128K)
[2024-08-27T14:57:45.298+0000][info][gc             ] GC(891) Pause Young (Concurrent Start) (G1 Evacuation Pause) 878M->880M(1024M) 11.552ms
[2024-08-27T14:57:45.298+0000][info][gc,cpu         ] GC(891) User=0.24s Sys=0.02s Real=0.02s
[2024-08-27T14:57:45.298+0000][info][gc             ] GC(892) Concurrent Mark Cycle
[2024-08-27T14:57:45.298+0000][info][gc,marking     ] GC(892) Concurrent Clear Claimed Marks
[2024-08-27T14:57:45.298+0000][info][gc,marking     ] GC(892) Concurrent Clear Claimed Marks 0.014ms
[2024-08-27T14:57:45.298+0000][info][gc,marking     ] GC(892) Concurrent Scan Root Regions
[2024-08-27T14:57:45.300+0000][info][gc,marking     ] GC(892) Concurrent Scan Root Regions 1.713ms
[2024-08-27T14:57:45.300+0000][info][gc,marking     ] GC(892) Concurrent Mark
[2024-08-27T14:57:45.300+0000][info][gc,marking     ] GC(892) Concurrent Mark From Roots
[2024-08-27T14:57:45.300+0000][info][gc,task        ] GC(892) Using 17 workers of 17 for marking
[2024-08-27T14:57:45.326+0000][info][gc,marking     ] GC(892) Concurrent Mark From Roots 26.096ms
[2024-08-27T14:57:45.326+0000][info][gc,marking     ] GC(892) Concurrent Preclean
[2024-08-27T14:57:45.327+0000][info][gc,marking     ] GC(892) Concurrent Preclean 1.106ms
[2024-08-27T14:57:45.328+0000][info][gc,start       ] GC(892) Pause Remark
[2024-08-27T14:57:45.329+0000][info][gc             ] GC(892) Pause Remark 914M->914M(1024M) 1.296ms
[2024-08-27T14:57:45.329+0000][info][gc,cpu         ] GC(892) User=0.01s Sys=0.00s Real=0.00s
[2024-08-27T14:57:45.329+0000][info][gc,marking     ] GC(892) Concurrent Mark 29.066ms
[2024-08-27T14:57:45.329+0000][info][gc,marking     ] GC(892) Concurrent Rebuild Remembered Sets
[2024-08-27T14:57:45.335+0000][info][gc,start       ] GC(893) Pause Young (Normal) (G1 Evacuation Pause)
[2024-08-27T14:57:45.335+0000][info][gc,task        ] GC(893) Using 24 workers of 68 for evacuation
[2024-08-27T14:57:45.346+0000][info][gc,phases      ] GC(893)   Pre Evacuate Collection Set: 0.2ms
[2024-08-27T14:57:45.346+0000][info][gc,phases      ] GC(893)   Merge Heap Roots: 0.4ms
[2024-08-27T14:57:45.346+0000][info][gc,phases      ] GC(893)   Evacuate Collection Set: 9.7ms
[2024-08-27T14:57:45.346+0000][info][gc,phases      ] GC(893)   Post Evacuate Collection Set: 0.4ms
[2024-08-27T14:57:45.346+0000][info][gc,phases      ] GC(893)   Other: 0.2ms
[2024-08-27T14:57:45.346+0000][info][gc,heap        ] GC(893) Eden regions: 44->0(44)
[2024-08-27T14:57:45.346+0000][info][gc,heap        ] GC(893) Survivor regions: 7->7(7)
[2024-08-27T14:57:45.346+0000][info][gc,heap        ] GC(893) Old regions: 868->914
[2024-08-27T14:57:45.346+0000][info][gc,heap        ] GC(893) Archive regions: 2->2
[2024-08-27T14:57:45.346+0000][info][gc,heap        ] GC(893) Humongous regions: 5->5
[2024-08-27T14:57:45.346+0000][info][gc,metaspace   ] GC(893) Metaspace: 100K(320K)->100K(320K) NonClass: 96K(192K)->96K(192K) Class: 4K(128K)->4K(128K)
[2024-08-27T14:57:45.346+0000][info][gc             ] GC(893) Pause Young (Normal) (G1 Evacuation Pause) 924M->926M(1024M) 10.903ms
[2024-08-27T14:57:45.346+0000][info][gc,cpu         ] GC(893) User=0.25s Sys=0.00s Real=0.01s
[2024-08-27T14:57:45.371+0000][info][gc,start       ] GC(894) Pause Young (Normal) (G1 Preventive Collection)
[2024-08-27T14:57:45.371+0000][info][gc,task        ] GC(894) Using 24 workers of 68 for evacuation
[2024-08-27T14:57:45.385+0000][info][gc,phases      ] GC(894)   Pre Evacuate Collection Set: 0.1ms
[2024-08-27T14:57:45.385+0000][info][gc,phases      ] GC(894)   Merge Heap Roots: 0.5ms
[2024-08-27T14:57:45.385+0000][info][gc,phases      ] GC(894)   Evacuate Collection Set: 12.6ms
[2024-08-27T14:57:45.385+0000][info][gc,phases      ] GC(894)   Post Evacuate Collection Set: 0.5ms
[2024-08-27T14:57:45.385+0000][info][gc,phases      ] GC(894)   Other: 0.2ms
[2024-08-27T14:57:45.385+0000][info][gc,heap        ] GC(894) Eden regions: 42->0(44)
[2024-08-27T14:57:45.385+0000][info][gc,heap        ] GC(894) Survivor regions: 7->7(7)
[2024-08-27T14:57:45.385+0000][info][gc,heap        ] GC(894) Old regions: 914->958
[2024-08-27T14:57:45.385+0000][info][gc,heap        ] GC(894) Archive regions: 2->2
[2024-08-27T14:57:45.385+0000][info][gc,heap        ] GC(894) Humongous regions: 5->5
[2024-08-27T14:57:45.385+0000][info][gc,metaspace   ] GC(894) Metaspace: 100K(320K)->100K(320K) NonClass: 96K(192K)->96K(192K) Class: 4K(128K)->4K(128K)
[2024-08-27T14:57:45.385+0000][info][gc             ] GC(894) Pause Young (Normal) (G1 Preventive Collection) 968M->970M(1024M) 14.054ms
[2024-08-27T14:57:45.385+0000][info][gc,cpu         ] GC(894) User=0.32s Sys=0.00s Real=0.01s
[2024-08-27T14:57:45.398+0000][info][gc,start       ] GC(895) Pause Young (Normal) (G1 Preventive Collection)
[2024-08-27T14:57:45.398+0000][info][gc,task        ] GC(895) Using 24 workers of 68 for evacuation
[2024-08-27T14:57:45.412+0000][info][gc             ] GC(895) To-space exhausted
[2024-08-27T14:57:45.412+0000][info][gc,phases      ] GC(895)   Pre Evacuate Collection Set: 0.2ms
[2024-08-27T14:57:45.412+0000][info][gc,phases      ] GC(895)   Merge Heap Roots: 0.5ms
[2024-08-27T14:57:45.412+0000][info][gc,phases      ] GC(895)   Evacuate Collection Set: 11.6ms
[2024-08-27T14:57:45.412+0000][info][gc,phases      ] GC(895)   Post Evacuate Collection Set: 1.1ms
[2024-08-27T14:57:45.412+0000][info][gc,phases      ] GC(895)   Other: 0.2ms
[2024-08-27T14:57:45.412+0000][info][gc,heap        ] GC(895) Eden regions: 21->0(44)
[2024-08-27T14:57:45.412+0000][info][gc,heap        ] GC(895) Survivor regions: 7->7(7)
[2024-08-27T14:57:45.412+0000][info][gc,heap        ] GC(895) Old regions: 958->1008
[2024-08-27T14:57:45.412+0000][info][gc,heap        ] GC(895) Archive regions: 2->2
[2024-08-27T14:57:45.412+0000][info][gc,heap        ] GC(895) Humongous regions: 5->5
[2024-08-27T14:57:45.412+0000][info][gc,metaspace   ] GC(895) Metaspace: 100K(320K)->100K(320K) NonClass: 96K(192K)->96K(192K) Class: 4K(128K)->4K(128K)
[2024-08-27T14:57:45.412+0000][info][gc             ] GC(895) Pause Young (Normal) (G1 Preventive Collection) 991M->1020M(1024M) 13.662ms
[2024-08-27T14:57:45.412+0000][info][gc,cpu         ] GC(895) User=0.30s Sys=0.00s Real=0.01s
[2024-08-27T14:57:45.413+0000][info][gc,start       ] GC(896) Pause Young (Normal) (G1 Preventive Collection)
[2024-08-27T14:57:45.413+0000][info][gc,task        ] GC(896) Using 24 workers of 68 for evacuation
[2024-08-27T14:57:45.422+0000][info][gc             ] GC(896) To-space exhausted
[2024-08-27T14:57:45.422+0000][info][gc,phases      ] GC(896)   Pre Evacuate Collection Set: 0.2ms
[2024-08-27T14:57:45.422+0000][info][gc,phases      ] GC(896)   Merge Heap Roots: 0.3ms
[2024-08-27T14:57:45.422+0000][info][gc,phases      ] GC(896)   Evacuate Collection Set: 7.3ms
[2024-08-27T14:57:45.422+0000][info][gc,phases      ] GC(896)   Post Evacuate Collection Set: 0.9ms
[2024-08-27T14:57:45.422+0000][info][gc,phases      ] GC(896)   Other: 0.2ms
[2024-08-27T14:57:45.422+0000][info][gc,heap        ] GC(896) Eden regions: 1->0(50)
[2024-08-27T14:57:45.422+0000][info][gc,heap        ] GC(896) Survivor regions: 7->1(1)
[2024-08-27T14:57:45.422+0000][info][gc,heap        ] GC(896) Old regions: 1008->1016
[2024-08-27T14:57:45.422+0000][info][gc,heap        ] GC(896) Archive regions: 2->2
[2024-08-27T14:57:45.422+0000][info][gc,heap        ] GC(896) Humongous regions: 5->5
[2024-08-27T14:57:45.422+0000][info][gc,metaspace   ] GC(896) Metaspace: 100K(320K)->100K(320K) NonClass: 96K(192K)->96K(192K) Class: 4K(128K)->4K(128K)
[2024-08-27T14:57:45.422+0000][info][gc             ] GC(896) Pause Young (Normal) (G1 Preventive Collection) 1021M->1022M(1024M) 8.941ms
[2024-08-27T14:57:45.422+0000][info][gc,cpu         ] GC(896) User=0.19s Sys=0.01s Real=0.01s
[2024-08-27T14:57:45.422+0000][info][gc,ergo        ] Attempting full compaction
[2024-08-27T14:57:45.422+0000][info][gc,task        ] GC(897) Using 24 workers of 68 for full compaction
[2024-08-27T14:57:45.423+0000][info][gc,start       ] GC(897) Pause Full (G1 Compaction Pause)
[2024-08-27T14:57:45.423+0000][info][gc,phases,start] GC(897) Phase 1: Mark live objects
[2024-08-27T14:57:45.439+0000][info][gc,phases      ] GC(897) Phase 1: Mark live objects 15.510ms
[2024-08-27T14:57:45.439+0000][info][gc,phases,start] GC(897) Phase 2: Prepare for compaction
[2024-08-27T14:57:45.448+0000][info][gc,phases      ] GC(897) Phase 2: Prepare for compaction 9.321ms
[2024-08-27T14:57:45.448+0000][info][gc,phases,start] GC(897) Phase 3: Adjust pointers
[2024-08-27T14:57:45.466+0000][info][gc,phases      ] GC(897) Phase 3: Adjust pointers 17.559ms
[2024-08-27T14:57:45.466+0000][info][gc,phases,start] GC(897) Phase 4: Compact heap
[2024-08-27T14:57:45.498+0000][info][gc,phases      ] GC(897) Phase 4: Compact heap 31.970ms
[2024-08-27T14:57:45.500+0000][info][gc,heap        ] GC(897) Eden regions: 0->0(151)
[2024-08-27T14:57:45.500+0000][info][gc,heap        ] GC(897) Survivor regions: 1->0(1)
[2024-08-27T14:57:45.500+0000][info][gc,heap        ] GC(897) Old regions: 1016->439
[2024-08-27T14:57:45.500+0000][info][gc,heap        ] GC(897) Archive regions: 2->2
[2024-08-27T14:57:45.500+0000][info][gc,heap        ] GC(897) Humongous regions: 5->5
[2024-08-27T14:57:45.500+0000][info][gc,metaspace   ] GC(897) Metaspace: 100K(320K)->100K(320K) NonClass: 96K(192K)->96K(192K) Class: 4K(128K)->4K(128K)
[2024-08-27T14:57:45.500+0000][info][gc             ] GC(897) Pause Full (G1 Compaction Pause) 1022M->435M(1024M) 77.062ms
[2024-08-27T14:57:45.500+0000][info][gc,cpu         ] GC(897) User=1.64s Sys=0.00s Real=0.08s
[2024-08-27T14:57:45.500+0000][info][gc,marking     ] GC(892) Concurrent Rebuild Remembered Sets 171.098ms
[2024-08-27T14:57:45.500+0000][info][gc,marking     ] GC(892) Concurrent Mark Abort
[2024-08-27T14:57:45.500+0000][info][gc             ] GC(892) Concurrent Mark Cycle 202.088ms
[2024-08-27T14:57:45.595+0000][info][gc,start       ] GC(898) Pause Young (Normal) (G1 Evacuation Pause)
[2024-08-27T14:57:45.595+0000][info][gc,task        ] GC(898) Using 24 workers of 68 for evacuation
[2024-08-27T14:57:45.618+0000][info][gc,phases      ] GC(898)   Pre Evacuate Collection Set: 0.2ms
[2024-08-27T14:57:45.618+0000][info][gc,phases      ] GC(898)   Merge Heap Roots: 0.4ms
[2024-08-27T14:57:45.618+0000][info][gc,phases      ] GC(898)   Evacuate Collection Set: 21.7ms
[2024-08-27T14:57:45.618+0000][info][gc,phases      ] GC(898)   Post Evacuate Collection Set: 0.4ms
[2024-08-27T14:57:45.618+0000][info][gc,phases      ] GC(898)   Other: 0.2ms
[2024-08-27T14:57:45.618+0000][info][gc,heap        ] GC(898) Eden regions: 151->0(104)
[2024-08-27T14:57:45.618+0000][info][gc,heap        ] GC(898) Survivor regions: 0->19(19)
[2024-08-27T14:57:45.618+0000][info][gc,heap        ] GC(898) Old regions: 439->567
[2024-08-27T14:57:45.618+0000][info][gc,heap        ] GC(898) Archive regions: 2->2
[2024-08-27T14:57:45.618+0000][info][gc,heap        ] GC(898) Humongous regions: 5->5
[2024-08-27T14:57:45.618+0000][info][gc,metaspace   ] GC(898) Metaspace: 100K(320K)->100K(320K) NonClass: 96K(192K)->96K(192K) Class: 4K(128K)->4K(128K)
[2024-08-27T14:57:45.618+0000][info][gc             ] GC(898) Pause Young (Normal) (G1 Evacuation Pause) 586M->581M(1024M) 23.018ms
[2024-08-27T14:57:45.618+0000][info][gc,cpu         ] GC(898) User=0.50s Sys=0.03s Real=0.03s
[2024-08-27T14:57:45.673+0000][info][gc,start       ] GC(899) Pause Young (Concurrent Start) (G1 Evacuation Pause)
[2024-08-27T14:57:45.673+0000][info][gc,task        ] GC(899) Using 24 workers of 68 for evacuation
[2024-08-27T14:57:45.693+0000][info][gc,phases      ] GC(899)   Pre Evacuate Collection Set: 0.2ms
[2024-08-27T14:57:45.693+0000][info][gc,phases      ] GC(899)   Merge Heap Roots: 0.3ms
[2024-08-27T14:57:45.693+0000][info][gc,phases      ] GC(899)   Evacuate Collection Set: 18.7ms
[2024-08-27T14:57:45.693+0000][info][gc,phases      ] GC(899)   Post Evacuate Collection Set: 0.3ms
[2024-08-27T14:57:45.693+0000][info][gc,phases      ] GC(899)   Other: 0.6ms
[2024-08-27T14:57:45.693+0000][info][gc,heap        ] GC(899) Eden regions: 104->0(70)
[2024-08-27T14:57:45.693+0000][info][gc,heap        ] GC(899) Survivor regions: 19->16(16)
[2024-08-27T14:57:45.693+0000][info][gc,heap        ] GC(899) Old regions: 567->675
[2024-08-27T14:57:45.693+0000][info][gc,heap        ] GC(899) Archive regions: 2->2
[2024-08-27T14:57:45.693+0000][info][gc,heap        ] GC(899) Humongous regions: 5->5
[2024-08-27T14:57:45.693+0000][info][gc,metaspace   ] GC(899) Metaspace: 100K(320K)->100K(320K) NonClass: 96K(192K)->96K(192K) Class: 4K(128K)->4K(128K)
[2024-08-27T14:57:45.693+0000][info][gc             ] GC(899) Pause Young (Concurrent Start) (G1 Evacuation Pause) 685M->687M(1024M) 20.271ms
[2024-08-27T14:57:45.693+0000][info][gc,cpu         ] GC(899) User=0.45s Sys=0.00s Real=0.02s
[2024-08-27T14:57:45.693+0000][info][gc             ] GC(900) Concurrent Mark Cycle
[2024-08-27T14:57:45.693+0000][info][gc,marking     ] GC(900) Concurrent Clear Claimed Marks
[2024-08-27T14:57:45.693+0000][info][gc,marking     ] GC(900) Concurrent Clear Claimed Marks 0.010ms
[2024-08-27T14:57:45.693+0000][info][gc,marking     ] GC(900) Concurrent Scan Root Regions
[2024-08-27T14:57:45.697+0000][info][gc,marking     ] GC(900) Concurrent Scan Root Regions 3.773ms
[2024-08-27T14:57:45.697+0000][info][gc,marking     ] GC(900) Concurrent Mark
[2024-08-27T14:57:45.697+0000][info][gc,marking     ] GC(900) Concurrent Mark From Roots
[2024-08-27T14:57:45.697+0000][info][gc,task        ] GC(900) Using 17 workers of 17 for marking
[2024-08-27T14:57:45.718+0000][info][gc,marking     ] GC(900) Concurrent Mark From Roots 21.037ms
[2024-08-27T14:57:45.718+0000][info][gc,marking     ] GC(900) Concurrent Preclean
[2024-08-27T14:57:45.719+0000][info][gc,marking     ] GC(900) Concurrent Preclean 0.659ms
[2024-08-27T14:57:45.719+0000][info][gc,start       ] GC(900) Pause Remark
[2024-08-27T14:57:45.720+0000][info][gc             ] GC(900) Pause Remark 718M->718M(1024M) 1.067ms
[2024-08-27T14:57:45.720+0000][info][gc,cpu         ] GC(900) User=0.01s Sys=0.00s Real=0.00s
[2024-08-27T14:57:45.720+0000][info][gc,marking     ] GC(900) Concurrent Mark 23.118ms
[2024-08-27T14:57:45.720+0000][info][gc,marking     ] GC(900) Concurrent Rebuild Remembered Sets
[2024-08-27T14:57:45.743+0000][info][gc,start       ] GC(901) Pause Young (Normal) (G1 Evacuation Pause)
[2024-08-27T14:57:45.743+0000][info][gc,task        ] GC(901) Using 24 workers of 68 for evacuation
[2024-08-27T14:57:45.759+0000][info][gc,phases      ] GC(901)   Pre Evacuate Collection Set: 0.1ms
[2024-08-27T14:57:45.759+0000][info][gc,phases      ] GC(901)   Merge Heap Roots: 0.4ms
[2024-08-27T14:57:45.759+0000][info][gc,phases      ] GC(901)   Evacuate Collection Set: 15.6ms
[2024-08-27T14:57:45.760+0000][info][gc,phases      ] GC(901)   Post Evacuate Collection Set: 0.5ms
[2024-08-27T14:57:45.760+0000][info][gc,phases      ] GC(901)   Other: 0.2ms
[2024-08-27T14:57:45.760+0000][info][gc,heap        ] GC(901) Eden regions: 70->0(47)
[2024-08-27T14:57:45.760+0000][info][gc,heap        ] GC(901) Survivor regions: 16->11(11)
[2024-08-27T14:57:45.760+0000][info][gc,heap        ] GC(901) Old regions: 675->753
[2024-08-27T14:57:45.760+0000][info][gc,heap        ] GC(901) Archive regions: 2->2
[2024-08-27T14:57:45.760+0000][info][gc,heap        ] GC(901) Humongous regions: 5->5
[2024-08-27T14:57:45.760+0000][info][gc,metaspace   ] GC(901) Metaspace: 100K(320K)->100K(320K) NonClass: 96K(192K)->96K(192K) Class: 4K(128K)->4K(128K)
[2024-08-27T14:57:45.760+0000][info][gc             ] GC(901) Pause Young (Normal) (G1 Evacuation Pause) 757M->760M(1024M) 16.911ms
[2024-08-27T14:57:45.760+0000][info][gc,cpu         ] GC(901) User=0.39s Sys=0.00s Real=0.02s
[2024-08-27T14:57:45.786+0000][info][gc,start       ] GC(902) Pause Young (Normal) (G1 Evacuation Pause)
[2024-08-27T14:57:45.786+0000][info][gc,task        ] GC(902) Using 24 workers of 68 for evacuation
[2024-08-27T14:57:45.806+0000][info][gc,phases      ] GC(902)   Pre Evacuate Collection Set: 0.2ms
[2024-08-27T14:57:45.806+0000][info][gc,phases      ] GC(902)   Merge Heap Roots: 0.3ms
[2024-08-27T14:57:45.806+0000][info][gc,phases      ] GC(902)   Evacuate Collection Set: 18.3ms
[2024-08-27T14:57:45.806+0000][info][gc,phases      ] GC(902)   Post Evacuate Collection Set: 0.6ms
[2024-08-27T14:57:45.806+0000][info][gc,phases      ] GC(902)   Other: 0.2ms
[2024-08-27T14:57:45.806+0000][info][gc,heap        ] GC(902) Eden regions: 47->0(43)
[2024-08-27T14:57:45.806+0000][info][gc,heap        ] GC(902) Survivor regions: 11->8(8)
[2024-08-27T14:57:45.806+0000][info][gc,heap        ] GC(902) Old regions: 753->808
[2024-08-27T14:57:45.806+0000][info][gc,heap        ] GC(902) Archive regions: 2->2
[2024-08-27T14:57:45.806+0000][info][gc,heap        ] GC(902) Humongous regions: 5->5
[2024-08-27T14:57:45.806+0000][info][gc,metaspace   ] GC(902) Metaspace: 100K(320K)->100K(320K) NonClass: 96K(192K)->96K(192K) Class: 4K(128K)->4K(128K)
[2024-08-27T14:57:45.806+0000][info][gc             ] GC(902) Pause Young (Normal) (G1 Evacuation Pause) 807M->812M(1024M) 19.737ms
[2024-08-27T14:57:45.806+0000][info][gc,cpu         ] GC(902) User=0.46s Sys=0.00s Real=0.02s
[2024-08-27T14:57:45.825+0000][info][gc,marking     ] GC(900) Concurrent Rebuild Remembered Sets 104.761ms
[2024-08-27T14:57:45.825+0000][info][gc,start       ] GC(900) Pause Cleanup
[2024-08-27T14:57:45.826+0000][info][gc             ] GC(900) Pause Cleanup 846M->846M(1024M) 1.041ms
[2024-08-27T14:57:45.826+0000][info][gc,cpu         ] GC(900) User=0.01s Sys=0.00s Real=0.00s
[2024-08-27T14:57:45.826+0000][info][gc,marking     ] GC(900) Concurrent Cleanup for Next Mark
[2024-08-27T14:57:45.827+0000][info][gc,marking     ] GC(900) Concurrent Cleanup for Next Mark 0.860ms
[2024-08-27T14:57:45.827+0000][info][gc             ] GC(900) Concurrent Mark Cycle 134.029ms
[2024-08-27T14:57:45.833+0000][info][gc,start       ] GC(903) Pause Young (Prepare Mixed) (G1 Evacuation Pause)
[2024-08-27T14:57:45.833+0000][info][gc,task        ] GC(903) Using 24 workers of 68 for evacuation
[2024-08-27T14:57:45.851+0000][info][gc,phases      ] GC(903)   Pre Evacuate Collection Set: 0.2ms
[2024-08-27T14:57:45.851+0000][info][gc,phases      ] GC(903)   Merge Heap Roots: 0.6ms
[2024-08-27T14:57:45.851+0000][info][gc,phases      ] GC(903)   Evacuate Collection Set: 16.2ms
[2024-08-27T14:57:45.851+0000][info][gc,phases      ] GC(903)   Post Evacuate Collection Set: 0.3ms
[2024-08-27T14:57:45.851+0000][info][gc,phases      ] GC(903)   Other: 0.2ms
[2024-08-27T14:57:45.851+0000][info][gc,heap        ] GC(903) Eden regions: 43->0(44)
[2024-08-27T14:57:45.851+0000][info][gc,heap        ] GC(903) Survivor regions: 8->7(7)
[2024-08-27T14:57:45.851+0000][info][gc,heap        ] GC(903) Old regions: 808->856
[2024-08-27T14:57:45.851+0000][info][gc,heap        ] GC(903) Archive regions: 2->2
[2024-08-27T14:57:45.851+0000][info][gc,heap        ] GC(903) Humongous regions: 5->5
[2024-08-27T14:57:45.851+0000][info][gc,metaspace   ] GC(903) Metaspace: 100K(320K)->100K(320K) NonClass: 96K(192K)->96K(192K) Class: 4K(128K)->4K(128K)
[2024-08-27T14:57:45.851+0000][info][gc             ] GC(903) Pause Young (Prepare Mixed) (G1 Evacuation Pause) 855M->859M(1024M) 17.465ms
[2024-08-27T14:57:45.851+0000][info][gc,cpu         ] GC(903) User=0.40s Sys=0.01s Real=0.02s
[2024-08-27T14:57:45.876+0000][info][gc,start       ] GC(904) Pause Young (Mixed) (G1 Evacuation Pause)
[2024-08-27T14:57:45.876+0000][info][gc,task        ] GC(904) Using 24 workers of 68 for evacuation
[2024-08-27T14:57:45.888+0000][info][gc,phases      ] GC(904)   Pre Evacuate Collection Set: 0.2ms
[2024-08-27T14:57:45.888+0000][info][gc,phases      ] GC(904)   Merge Heap Roots: 0.6ms
[2024-08-27T14:57:45.888+0000][info][gc,phases      ] GC(904)   Evacuate Collection Set: 11.1ms
[2024-08-27T14:57:45.888+0000][info][gc,phases      ] GC(904)   Post Evacuate Collection Set: 0.4ms
[2024-08-27T14:57:45.888+0000][info][gc,phases      ] GC(904)   Other: 0.2ms
[2024-08-27T14:57:45.888+0000][info][gc,heap        ] GC(904) Eden regions: 44->0(44)
[2024-08-27T14:57:45.888+0000][info][gc,heap        ] GC(904) Survivor regions: 7->7(7)
[2024-08-27T14:57:45.888+0000][info][gc,heap        ] GC(904) Old regions: 856->801
[2024-08-27T14:57:45.888+0000][info][gc,heap        ] GC(904) Archive regions: 2->2
[2024-08-27T14:57:45.888+0000][info][gc,heap        ] GC(904) Humongous regions: 5->5
[2024-08-27T14:57:45.888+0000][info][gc,metaspace   ] GC(904) Metaspace: 100K(320K)->100K(320K) NonClass: 96K(192K)->96K(192K) Class: 4K(128K)->4K(128K)
[2024-08-27T14:57:45.888+0000][info][gc             ] GC(904) Pause Young (Mixed) (G1 Evacuation Pause) 903M->808M(1024M) 12.606ms
[2024-08-27T14:57:45.888+0000][info][gc,cpu         ] GC(904) User=0.28s Sys=0.00s Real=0.01s
[2024-08-27T14:57:45.913+0000][info][gc,start       ] GC(905) Pause Young (Mixed) (G1 Evacuation Pause)
[2024-08-27T14:57:45.913+0000][info][gc,task        ] GC(905) Using 24 workers of 68 for evacuation
[2024-08-27T14:57:45.925+0000][info][gc,phases      ] GC(905)   Pre Evacuate Collection Set: 0.2ms
[2024-08-27T14:57:45.925+0000][info][gc,phases      ] GC(905)   Merge Heap Roots: 0.4ms
[2024-08-27T14:57:45.925+0000][info][gc,phases      ] GC(905)   Evacuate Collection Set: 11.5ms
[2024-08-27T14:57:45.925+0000][info][gc,phases      ] GC(905)   Post Evacuate Collection Set: 0.4ms
[2024-08-27T14:57:45.925+0000][info][gc,phases      ] GC(905)   Other: 0.2ms
[2024-08-27T14:57:45.925+0000][info][gc,heap        ] GC(905) Eden regions: 44->0(46)
[2024-08-27T14:57:45.925+0000][info][gc,heap        ] GC(905) Survivor regions: 7->7(7)
[2024-08-27T14:57:45.925+0000][info][gc,heap        ] GC(905) Old regions: 801->760
[2024-08-27T14:57:45.926+0000][info][gc,heap        ] GC(905) Archive regions: 2->2
[2024-08-27T14:57:45.926+0000][info][gc,heap        ] GC(905) Humongous regions: 5->5
[2024-08-27T14:57:45.926+0000][info][gc,metaspace   ] GC(905) Metaspace: 100K(320K)->100K(320K) NonClass: 96K(192K)->96K(192K) Class: 4K(128K)->4K(128K)
[2024-08-27T14:57:45.926+0000][info][gc             ] GC(905) Pause Young (Mixed) (G1 Evacuation Pause) 852M->769M(1024M) 12.855ms
[2024-08-27T14:57:45.926+0000][info][gc,cpu         ] GC(905) User=0.28s Sys=0.01s Real=0.01s
[2024-08-27T14:57:45.950+0000][info][gc,start       ] GC(906) Pause Young (Concurrent Start) (G1 Evacuation Pause)
[2024-08-27T14:57:45.950+0000][info][gc,task        ] GC(906) Using 24 workers of 68 for evacuation
[2024-08-27T14:57:45.962+0000][info][gc,phases      ] GC(906)   Pre Evacuate Collection Set: 0.1ms
[2024-08-27T14:57:45.962+0000][info][gc,phases      ] GC(906)   Merge Heap Roots: 0.4ms
[2024-08-27T14:57:45.962+0000][info][gc,phases      ] GC(906)   Evacuate Collection Set: 10.4ms
[2024-08-27T14:57:45.962+0000][info][gc,phases      ] GC(906)   Post Evacuate Collection Set: 0.3ms
[2024-08-27T14:57:45.962+0000][info][gc,phases      ] GC(906)   Other: 0.6ms
[2024-08-27T14:57:45.962+0000][info][gc,heap        ] GC(906) Eden regions: 46->0(44)
[2024-08-27T14:57:45.962+0000][info][gc,heap        ] GC(906) Survivor regions: 7->7(7)
[2024-08-27T14:57:45.962+0000][info][gc,heap        ] GC(906) Old regions: 760->809
[2024-08-27T14:57:45.962+0000][info][gc,heap        ] GC(906) Archive regions: 2->2
[2024-08-27T14:57:45.962+0000][info][gc,heap        ] GC(906) Humongous regions: 5->5
[2024-08-27T14:57:45.962+0000][info][gc,metaspace   ] GC(906) Metaspace: 100K(320K)->100K(320K) NonClass: 96K(192K)->96K(192K) Class: 4K(128K)->4K(128K)
[2024-08-27T14:57:45.962+0000][info][gc             ] GC(906) Pause Young (Concurrent Start) (G1 Evacuation Pause) 815M->818M(1024M) 11.847ms
[2024-08-27T14:57:45.962+0000][info][gc,cpu         ] GC(906) User=0.26s Sys=0.00s Real=0.01s
[2024-08-27T14:57:45.962+0000][info][gc             ] GC(907) Concurrent Mark Cycle
[2024-08-27T14:57:45.962+0000][info][gc,marking     ] GC(907) Concurrent Clear Claimed Marks
[2024-08-27T14:57:45.962+0000][info][gc,marking     ] GC(907) Concurrent Clear Claimed Marks 0.030ms
[2024-08-27T14:57:45.962+0000][info][gc,marking     ] GC(907) Concurrent Scan Root Regions
[2024-08-27T14:57:45.964+0000][info][gc,marking     ] GC(907) Concurrent Scan Root Regions 1.884ms
[2024-08-27T14:57:45.964+0000][info][gc,marking     ] GC(907) Concurrent Mark
[2024-08-27T14:57:45.964+0000][info][gc,marking     ] GC(907) Concurrent Mark From Roots
[2024-08-27T14:57:45.964+0000][info][gc,task        ] GC(907) Using 17 workers of 17 for marking
[2024-08-27T14:57:45.988+0000][info][gc,marking     ] GC(907) Concurrent Mark From Roots 23.956ms
[2024-08-27T14:57:45.988+0000][info][gc,marking     ] GC(907) Concurrent Preclean
[2024-08-27T14:57:45.988+0000][info][gc,marking     ] GC(907) Concurrent Preclean 0.502ms
[2024-08-27T14:57:45.989+0000][info][gc,start       ] GC(907) Pause Remark
[2024-08-27T14:57:45.990+0000][info][gc             ] GC(907) Pause Remark 852M->852M(1024M) 1.359ms
[2024-08-27T14:57:45.990+0000][info][gc,cpu         ] GC(907) User=0.01s Sys=0.00s Real=0.01s
[2024-08-27T14:57:45.990+0000][info][gc,marking     ] GC(907) Concurrent Mark 26.163ms
[2024-08-27T14:57:45.990+0000][info][gc,marking     ] GC(907) Concurrent Rebuild Remembered Sets
[2024-08-27T14:57:45.997+0000][info][gc,start       ] GC(908) Pause Young (Normal) (G1 Evacuation Pause)
[2024-08-27T14:57:45.997+0000][info][gc,task        ] GC(908) Using 24 workers of 68 for evacuation
[2024-08-27T14:57:46.008+0000][info][gc,phases      ] GC(908)   Pre Evacuate Collection Set: 0.1ms
[2024-08-27T14:57:46.008+0000][info][gc,phases      ] GC(908)   Merge Heap Roots: 0.3ms
[2024-08-27T14:57:46.008+0000][info][gc,phases      ] GC(908)   Evacuate Collection Set: 9.6ms
[2024-08-27T14:57:46.008+0000][info][gc,phases      ] GC(908)   Post Evacuate Collection Set: 0.5ms
[2024-08-27T14:57:46.008+0000][info][gc,phases      ] GC(908)   Other: 0.2ms
[2024-08-27T14:57:46.008+0000][info][gc,heap        ] GC(908) Eden regions: 44->0(44)
[2024-08-27T14:57:46.008+0000][info][gc,heap        ] GC(908) Survivor regions: 7->7(7)
[2024-08-27T14:57:46.008+0000][info][gc,heap        ] GC(908) Old regions: 809->856
[2024-08-27T14:57:46.008+0000][info][gc,heap        ] GC(908) Archive regions: 2->2
[2024-08-27T14:57:46.008+0000][info][gc,heap        ] GC(908) Humongous regions: 5->5
[2024-08-27T14:57:46.008+0000][info][gc,metaspace   ] GC(908) Metaspace: 100K(320K)->100K(320K) NonClass: 96K(192K)->96K(192K) Class: 4K(128K)->4K(128K)
[2024-08-27T14:57:46.008+0000][info][gc             ] GC(908) Pause Young (Normal) (G1 Evacuation Pause) 862M->865M(1024M) 10.772ms
[2024-08-27T14:57:46.008+0000][info][gc,cpu         ] GC(908) User=0.24s Sys=0.00s Real=0.01s
[2024-08-27T14:57:46.034+0000][info][gc,start       ] GC(909) Pause Young (Normal) (G1 Evacuation Pause)
[2024-08-27T14:57:46.034+0000][info][gc,task        ] GC(909) Using 24 workers of 68 for evacuation
[2024-08-27T14:57:46.049+0000][info][gc,phases      ] GC(909)   Pre Evacuate Collection Set: 0.1ms
[2024-08-27T14:57:46.049+0000][info][gc,phases      ] GC(909)   Merge Heap Roots: 0.4ms
[2024-08-27T14:57:46.049+0000][info][gc,phases      ] GC(909)   Evacuate Collection Set: 13.1ms
[2024-08-27T14:57:46.049+0000][info][gc,phases      ] GC(909)   Post Evacuate Collection Set: 0.6ms
[2024-08-27T14:57:46.049+0000][info][gc,phases      ] GC(909)   Other: 0.2ms
[2024-08-27T14:57:46.049+0000][info][gc,heap        ] GC(909) Eden regions: 44->0(44)
[2024-08-27T14:57:46.049+0000][info][gc,heap        ] GC(909) Survivor regions: 7->7(7)
[2024-08-27T14:57:46.049+0000][info][gc,heap        ] GC(909) Old regions: 856->902
[2024-08-27T14:57:46.049+0000][info][gc,heap        ] GC(909) Archive regions: 2->2
[2024-08-27T14:57:46.049+0000][info][gc,heap        ] GC(909) Humongous regions: 5->5
[2024-08-27T14:57:46.049+0000][info][gc,metaspace   ] GC(909) Metaspace: 100K(320K)->100K(320K) NonClass: 96K(192K)->96K(192K) Class: 4K(128K)->4K(128K)
[2024-08-27T14:57:46.049+0000][info][gc             ] GC(909) Pause Young (Normal) (G1 Evacuation Pause) 909M->911M(1024M) 14.562ms
[2024-08-27T14:57:46.049+0000][info][gc,cpu         ] GC(909) User=0.32s Sys=0.01s Real=0.01s
[2024-08-27T14:57:46.076+0000][info][gc,start       ] GC(910) Pause Young (Normal) (G1 Evacuation Pause)
[2024-08-27T14:57:46.077+0000][info][gc,task        ] GC(910) Using 24 workers of 68 for evacuation
[2024-08-27T14:57:46.093+0000][info][gc,phases      ] GC(910)   Pre Evacuate Collection Set: 0.1ms
[2024-08-27T14:57:46.093+0000][info][gc,phases      ] GC(910)   Merge Heap Roots: 0.4ms
[2024-08-27T14:57:46.093+0000][info][gc,phases      ] GC(910)   Evacuate Collection Set: 15.4ms
[2024-08-27T14:57:46.093+0000][info][gc,phases      ] GC(910)   Post Evacuate Collection Set: 0.7ms
[2024-08-27T14:57:46.093+0000][info][gc,phases      ] GC(910)   Other: 0.2ms
[2024-08-27T14:57:46.093+0000][info][gc,heap        ] GC(910) Eden regions: 44->0(44)
[2024-08-27T14:57:46.093+0000][info][gc,heap        ] GC(910) Survivor regions: 7->7(7)
[2024-08-27T14:57:46.093+0000][info][gc,heap        ] GC(910) Old regions: 902->948
[2024-08-27T14:57:46.093+0000][info][gc,heap        ] GC(910) Archive regions: 2->2
[2024-08-27T14:57:46.093+0000][info][gc,heap        ] GC(910) Humongous regions: 5->5
[2024-08-27T14:57:46.093+0000][info][gc,metaspace   ] GC(910) Metaspace: 100K(320K)->100K(320K) NonClass: 96K(192K)->96K(192K) Class: 4K(128K)->4K(128K)
[2024-08-27T14:57:46.093+0000][info][gc             ] GC(910) Pause Young (Normal) (G1 Evacuation Pause) 955M->957M(1024M) 16.953ms
[2024-08-27T14:57:46.093+0000][info][gc,cpu         ] GC(910) User=0.39s Sys=0.00s Real=0.02s
[2024-08-27T14:57:46.100+0000][info][gc,marking     ] GC(907) Concurrent Rebuild Remembered Sets 109.380ms
[2024-08-27T14:57:46.100+0000][info][gc,start       ] GC(907) Pause Cleanup
[2024-08-27T14:57:46.101+0000][info][gc             ] GC(907) Pause Cleanup 967M->967M(1024M) 1.370ms
[2024-08-27T14:57:46.101+0000][info][gc,cpu         ] GC(907) User=0.00s Sys=0.00s Real=0.00s
[2024-08-27T14:57:46.101+0000][info][gc,marking     ] GC(907) Concurrent Cleanup for Next Mark
[2024-08-27T14:57:46.102+0000][info][gc,marking     ] GC(907) Concurrent Cleanup for Next Mark 0.778ms
[2024-08-27T14:57:46.102+0000][info][gc             ] GC(907) Concurrent Mark Cycle 140.005ms
[2024-08-27T14:57:46.113+0000][info][gc,start       ] GC(911) Pause Young (Prepare Mixed) (G1 Preventive Collection)
[2024-08-27T14:57:46.113+0000][info][gc,task        ] GC(911) Using 24 workers of 68 for evacuation
[2024-08-27T14:57:46.130+0000][info][gc             ] GC(911) To-space exhausted
[2024-08-27T14:57:46.130+0000][info][gc,phases      ] GC(911)   Pre Evacuate Collection Set: 0.2ms
[2024-08-27T14:57:46.130+0000][info][gc,phases      ] GC(911)   Merge Heap Roots: 1.2ms
[2024-08-27T14:57:46.130+0000][info][gc,phases      ] GC(911)   Evacuate Collection Set: 15.1ms
[2024-08-27T14:57:46.130+0000][info][gc,phases      ] GC(911)   Post Evacuate Collection Set: 0.5ms
[2024-08-27T14:57:46.130+0000][info][gc,phases      ] GC(911)   Other: 0.2ms
[2024-08-27T14:57:46.130+0000][info][gc,heap        ] GC(911) Eden regions: 26->0(44)
[2024-08-27T14:57:46.130+0000][info][gc,heap        ] GC(911) Survivor regions: 7->7(7)
[2024-08-27T14:57:46.130+0000][info][gc,heap        ] GC(911) Old regions: 948->979
[2024-08-27T14:57:46.130+0000][info][gc,heap        ] GC(911) Archive regions: 2->2
[2024-08-27T14:57:46.130+0000][info][gc,heap        ] GC(911) Humongous regions: 5->5
[2024-08-27T14:57:46.130+0000][info][gc,metaspace   ] GC(911) Metaspace: 100K(320K)->100K(320K) NonClass: 96K(192K)->96K(192K) Class: 4K(128K)->4K(128K)
[2024-08-27T14:57:46.130+0000][info][gc             ] GC(911) Pause Young (Prepare Mixed) (G1 Preventive Collection) 983M->988M(1024M) 17.194ms
[2024-08-27T14:57:46.130+0000][info][gc,cpu         ] GC(911) User=0.40s Sys=0.00s Real=0.02s
[2024-08-27T14:57:46.136+0000][info][gc,start       ] GC(912) Pause Young (Mixed) (G1 Preventive Collection)
[2024-08-27T14:57:46.137+0000][info][gc,task        ] GC(912) Using 24 workers of 68 for evacuation
[2024-08-27T14:57:46.142+0000][info][gc,phases      ] GC(912)   Pre Evacuate Collection Set: 0.2ms
[2024-08-27T14:57:46.142+0000][info][gc,phases      ] GC(912)   Merge Heap Roots: 0.3ms
[2024-08-27T14:57:46.142+0000][info][gc,phases      ] GC(912)   Evacuate Collection Set: 4.7ms
[2024-08-27T14:57:46.142+0000][info][gc,phases      ] GC(912)   Post Evacuate Collection Set: 0.3ms
[2024-08-27T14:57:46.142+0000][info][gc,phases      ] GC(912)   Other: 0.2ms
[2024-08-27T14:57:46.142+0000][info][gc,heap        ] GC(912) Eden regions: 10->0(44)
[2024-08-27T14:57:46.142+0000][info][gc,heap        ] GC(912) Survivor regions: 7->7(7)
[2024-08-27T14:57:46.142+0000][info][gc,heap        ] GC(912) Old regions: 979->889
[2024-08-27T14:57:46.142+0000][info][gc,heap        ] GC(912) Archive regions: 2->2
[2024-08-27T14:57:46.142+0000][info][gc,heap        ] GC(912) Humongous regions: 5->5
[2024-08-27T14:57:46.142+0000][info][gc,metaspace   ] GC(912) Metaspace: 100K(320K)->100K(320K) NonClass: 96K(192K)->96K(192K) Class: 4K(128K)->4K(128K)
[2024-08-27T14:57:46.142+0000][info][gc             ] GC(912) Pause Young (Mixed) (G1 Preventive Collection) 998M->899M(1024M) 5.703ms
[2024-08-27T14:57:46.142+0000][info][gc,cpu         ] GC(912) User=0.12s Sys=0.00s Real=0.01s
[2024-08-27T14:57:46.166+0000][info][gc,start       ] GC(913) Pause Young (Mixed) (G1 Evacuation Pause)
[2024-08-27T14:57:46.166+0000][info][gc,task        ] GC(913) Using 24 workers of 68 for evacuation
[2024-08-27T14:57:46.177+0000][info][gc,phases      ] GC(913)   Pre Evacuate Collection Set: 0.2ms
[2024-08-27T14:57:46.177+0000][info][gc,phases      ] GC(913)   Merge Heap Roots: 0.6ms
[2024-08-27T14:57:46.177+0000][info][gc,phases      ] GC(913)   Evacuate Collection Set: 9.7ms
[2024-08-27T14:57:46.177+0000][info][gc,phases      ] GC(913)   Post Evacuate Collection Set: 0.5ms
[2024-08-27T14:57:46.177+0000][info][gc,phases      ] GC(913)   Other: 0.2ms
[2024-08-27T14:57:46.177+0000][info][gc,heap        ] GC(913) Eden regions: 44->0(44)
[2024-08-27T14:57:46.177+0000][info][gc,heap        ] GC(913) Survivor regions: 7->7(7)
[2024-08-27T14:57:46.177+0000][info][gc,heap        ] GC(913) Old regions: 889->831
[2024-08-27T14:57:46.177+0000][info][gc,heap        ] GC(913) Archive regions: 2->2
[2024-08-27T14:57:46.177+0000][info][gc,heap        ] GC(913) Humongous regions: 5->5
[2024-08-27T14:57:46.177+0000][info][gc,metaspace   ] GC(913) Metaspace: 100K(320K)->100K(320K) NonClass: 96K(192K)->96K(192K) Class: 4K(128K)->4K(128K)
[2024-08-27T14:57:46.177+0000][info][gc             ] GC(913) Pause Young (Mixed) (G1 Evacuation Pause) 943M->842M(1024M) 11.305ms
[2024-08-27T14:57:46.177+0000][info][gc,cpu         ] GC(913) User=0.24s Sys=0.00s Real=0.01s
[2024-08-27T14:57:46.201+0000][info][gc,start       ] GC(914) Pause Young (Mixed) (G1 Evacuation Pause)
[2024-08-27T14:57:46.201+0000][info][gc,task        ] GC(914) Using 24 workers of 68 for evacuation
[2024-08-27T14:57:46.215+0000][info][gc,phases      ] GC(914)   Pre Evacuate Collection Set: 0.2ms
[2024-08-27T14:57:46.215+0000][info][gc,phases      ] GC(914)   Merge Heap Roots: 0.5ms
[2024-08-27T14:57:46.215+0000][info][gc,phases      ] GC(914)   Evacuate Collection Set: 12.8ms
[2024-08-27T14:57:46.215+0000][info][gc,phases      ] GC(914)   Post Evacuate Collection Set: 0.4ms
[2024-08-27T14:57:46.215+0000][info][gc,phases      ] GC(914)   Other: 0.3ms
[2024-08-27T14:57:46.215+0000][info][gc,heap        ] GC(914) Eden regions: 44->0(44)
[2024-08-27T14:57:46.215+0000][info][gc,heap        ] GC(914) Survivor regions: 7->7(7)
[2024-08-27T14:57:46.215+0000][info][gc,heap        ] GC(914) Old regions: 831->790
[2024-08-27T14:57:46.215+0000][info][gc,heap        ] GC(914) Archive regions: 2->2
[2024-08-27T14:57:46.215+0000][info][gc,heap        ] GC(914) Humongous regions: 5->5
[2024-08-27T14:57:46.215+0000][info][gc,metaspace   ] GC(914) Metaspace: 100K(320K)->100K(320K) NonClass: 96K(192K)->96K(192K) Class: 4K(128K)->4K(128K)
[2024-08-27T14:57:46.215+0000][info][gc             ] GC(914) Pause Young (Mixed) (G1 Evacuation Pause) 886M->802M(1024M) 14.370ms
[2024-08-27T14:57:46.215+0000][info][gc,cpu         ] GC(914) User=0.32s Sys=0.00s Real=0.01s
[2024-08-27T14:57:46.240+0000][info][gc,start       ] GC(915) Pause Young (Mixed) (G1 Evacuation Pause)
[2024-08-27T14:57:46.240+0000][info][gc,task        ] GC(915) Using 24 workers of 68 for evacuation
[2024-08-27T14:57:46.253+0000][info][gc,phases      ] GC(915)   Pre Evacuate Collection Set: 0.2ms
[2024-08-27T14:57:46.253+0000][info][gc,phases      ] GC(915)   Merge Heap Roots: 0.5ms
[2024-08-27T14:57:46.253+0000][info][gc,phases      ] GC(915)   Evacuate Collection Set: 12.0ms
[2024-08-27T14:57:46.253+0000][info][gc,phases      ] GC(915)   Post Evacuate Collection Set: 0.3ms
[2024-08-27T14:57:46.253+0000][info][gc,phases      ] GC(915)   Other: 0.3ms
[2024-08-27T14:57:46.253+0000][info][gc,heap        ] GC(915) Eden regions: 44->0(44)
[2024-08-27T14:57:46.253+0000][info][gc,heap        ] GC(915) Survivor regions: 7->7(7)
[2024-08-27T14:57:46.253+0000][info][gc,heap        ] GC(915) Old regions: 790->819
[2024-08-27T14:57:46.253+0000][info][gc,heap        ] GC(915) Archive regions: 2->2
[2024-08-27T14:57:46.253+0000][info][gc,heap        ] GC(915) Humongous regions: 5->5
[2024-08-27T14:57:46.253+0000][info][gc,metaspace   ] GC(915) Metaspace: 100K(320K)->100K(320K) NonClass: 96K(192K)->96K(192K) Class: 4K(128K)->4K(128K)
[2024-08-27T14:57:46.253+0000][info][gc             ] GC(915) Pause Young (Mixed) (G1 Evacuation Pause) 846M->831M(1024M) 13.453ms
[2024-08-27T14:57:46.253+0000][info][gc,cpu         ] GC(915) User=0.31s Sys=0.00s Real=0.01s
[2024-08-27T14:57:46.277+0000][info][gc,start       ] GC(916) Pause Young (Concurrent Start) (G1 Evacuation Pause)
[2024-08-27T14:57:46.277+0000][info][gc,task        ] GC(916) Using 24 workers of 68 for evacuation
[2024-08-27T14:57:46.288+0000][info][gc,phases      ] GC(916)   Pre Evacuate Collection Set: 0.2ms
[2024-08-27T14:57:46.288+0000][info][gc,phases      ] GC(916)   Merge Heap Roots: 0.6ms
[2024-08-27T14:57:46.288+0000][info][gc,phases      ] GC(916)   Evacuate Collection Set: 9.9ms
[2024-08-27T14:57:46.288+0000][info][gc,phases      ] GC(916)   Post Evacuate Collection Set: 0.3ms
[2024-08-27T14:57:46.288+0000][info][gc,phases      ] GC(916)   Other: 0.6ms
[2024-08-27T14:57:46.288+0000][info][gc,heap        ] GC(916) Eden regions: 44->0(44)
[2024-08-27T14:57:46.288+0000][info][gc,heap        ] GC(916) Survivor regions: 7->7(7)
[2024-08-27T14:57:46.288+0000][info][gc,heap        ] GC(916) Old regions: 819->867
[2024-08-27T14:57:46.288+0000][info][gc,heap        ] GC(916) Archive regions: 2->2
[2024-08-27T14:57:46.288+0000][info][gc,heap        ] GC(916) Humongous regions: 5->5
[2024-08-27T14:57:46.288+0000][info][gc,metaspace   ] GC(916) Metaspace: 100K(320K)->100K(320K) NonClass: 96K(192K)->96K(192K) Class: 4K(128K)->4K(128K)
[2024-08-27T14:57:46.288+0000][info][gc             ] GC(916) Pause Young (Concurrent Start) (G1 Evacuation Pause) 875M->879M(1024M) 11.655ms
[2024-08-27T14:57:46.288+0000][info][gc,cpu         ] GC(916) User=0.25s Sys=0.00s Real=0.01s
[2024-08-27T14:57:46.288+0000][info][gc             ] GC(917) Concurrent Mark Cycle
[2024-08-27T14:57:46.288+0000][info][gc,marking     ] GC(917) Concurrent Clear Claimed Marks
[2024-08-27T14:57:46.288+0000][info][gc,marking     ] GC(917) Concurrent Clear Claimed Marks 0.011ms
[2024-08-27T14:57:46.288+0000][info][gc,marking     ] GC(917) Concurrent Scan Root Regions
[2024-08-27T14:57:46.290+0000][info][gc,marking     ] GC(917) Concurrent Scan Root Regions 1.611ms
[2024-08-27T14:57:46.290+0000][info][gc,marking     ] GC(917) Concurrent Mark
[2024-08-27T14:57:46.290+0000][info][gc,marking     ] GC(917) Concurrent Mark From Roots
[2024-08-27T14:57:46.290+0000][info][gc,task        ] GC(917) Using 17 workers of 17 for marking
[2024-08-27T14:57:46.315+0000][info][gc,marking     ] GC(917) Concurrent Mark From Roots 24.668ms
[2024-08-27T14:57:46.315+0000][info][gc,marking     ] GC(917) Concurrent Preclean
[2024-08-27T14:57:46.315+0000][info][gc,marking     ] GC(917) Concurrent Preclean 0.680ms
[2024-08-27T14:57:46.316+0000][info][gc,start       ] GC(917) Pause Remark
[2024-08-27T14:57:46.317+0000][info][gc             ] GC(917) Pause Remark 913M->913M(1024M) 1.336ms
[2024-08-27T14:57:46.317+0000][info][gc,cpu         ] GC(917) User=0.01s Sys=0.00s Real=0.00s
[2024-08-27T14:57:46.317+0000][info][gc,marking     ] GC(917) Concurrent Mark 27.082ms
[2024-08-27T14:57:46.317+0000][info][gc,marking     ] GC(917) Concurrent Rebuild Remembered Sets
[2024-08-27T14:57:46.324+0000][info][gc,start       ] GC(918) Pause Young (Normal) (G1 Evacuation Pause)
[2024-08-27T14:57:46.324+0000][info][gc,task        ] GC(918) Using 24 workers of 68 for evacuation
[2024-08-27T14:57:46.334+0000][info][gc,phases      ] GC(918)   Pre Evacuate Collection Set: 0.1ms
[2024-08-27T14:57:46.334+0000][info][gc,phases      ] GC(918)   Merge Heap Roots: 0.3ms
[2024-08-27T14:57:46.334+0000][info][gc,phases      ] GC(918)   Evacuate Collection Set: 9.4ms
[2024-08-27T14:57:46.334+0000][info][gc,phases      ] GC(918)   Post Evacuate Collection Set: 0.4ms
[2024-08-27T14:57:46.334+0000][info][gc,phases      ] GC(918)   Other: 0.2ms
[2024-08-27T14:57:46.334+0000][info][gc,heap        ] GC(918) Eden regions: 44->0(44)
[2024-08-27T14:57:46.334+0000][info][gc,heap        ] GC(918) Survivor regions: 7->7(7)
[2024-08-27T14:57:46.334+0000][info][gc,heap        ] GC(918) Old regions: 867->914
[2024-08-27T14:57:46.334+0000][info][gc,heap        ] GC(918) Archive regions: 2->2
[2024-08-27T14:57:46.334+0000][info][gc,heap        ] GC(918) Humongous regions: 5->5
[2024-08-27T14:57:46.334+0000][info][gc,metaspace   ] GC(918) Metaspace: 100K(320K)->100K(320K) NonClass: 96K(192K)->96K(192K) Class: 4K(128K)->4K(128K)
[2024-08-27T14:57:46.334+0000][info][gc             ] GC(918) Pause Young (Normal) (G1 Evacuation Pause) 923M->926M(1024M) 10.412ms
[2024-08-27T14:57:46.334+0000][info][gc,cpu         ] GC(918) User=0.24s Sys=0.00s Real=0.01s
[2024-08-27T14:57:46.359+0000][info][gc,start       ] GC(919) Pause Young (Normal) (G1 Preventive Collection)
[2024-08-27T14:57:46.359+0000][info][gc,task        ] GC(919) Using 24 workers of 68 for evacuation
[2024-08-27T14:57:46.373+0000][info][gc,phases      ] GC(919)   Pre Evacuate Collection Set: 0.2ms
[2024-08-27T14:57:46.373+0000][info][gc,phases      ] GC(919)   Merge Heap Roots: 0.5ms
[2024-08-27T14:57:46.373+0000][info][gc,phases      ] GC(919)   Evacuate Collection Set: 12.8ms
[2024-08-27T14:57:46.373+0000][info][gc,phases      ] GC(919)   Post Evacuate Collection Set: 0.5ms
[2024-08-27T14:57:46.373+0000][info][gc,phases      ] GC(919)   Other: 0.2ms
[2024-08-27T14:57:46.373+0000][info][gc,heap        ] GC(919) Eden regions: 42->0(44)
[2024-08-27T14:57:46.373+0000][info][gc,heap        ] GC(919) Survivor regions: 7->7(7)
[2024-08-27T14:57:46.373+0000][info][gc,heap        ] GC(919) Old regions: 914->958
[2024-08-27T14:57:46.373+0000][info][gc,heap        ] GC(919) Archive regions: 2->2
[2024-08-27T14:57:46.373+0000][info][gc,heap        ] GC(919) Humongous regions: 5->5
[2024-08-27T14:57:46.373+0000][info][gc,metaspace   ] GC(919) Metaspace: 100K(320K)->100K(320K) NonClass: 96K(192K)->96K(192K) Class: 4K(128K)->4K(128K)
[2024-08-27T14:57:46.373+0000][info][gc             ] GC(919) Pause Young (Normal) (G1 Preventive Collection) 968M->970M(1024M) 14.192ms
[2024-08-27T14:57:46.373+0000][info][gc,cpu         ] GC(919) User=0.32s Sys=0.00s Real=0.01s
[2024-08-27T14:57:46.387+0000][info][gc,start       ] GC(920) Pause Young (Normal) (G1 Preventive Collection)
[2024-08-27T14:57:46.387+0000][info][gc,task        ] GC(920) Using 24 workers of 68 for evacuation
[2024-08-27T14:57:46.400+0000][info][gc             ] GC(920) To-space exhausted
[2024-08-27T14:57:46.400+0000][info][gc,phases      ] GC(920)   Pre Evacuate Collection Set: 0.1ms
[2024-08-27T14:57:46.400+0000][info][gc,phases      ] GC(920)   Merge Heap Roots: 0.3ms
[2024-08-27T14:57:46.400+0000][info][gc,phases      ] GC(920)   Evacuate Collection Set: 11.0ms
[2024-08-27T14:57:46.400+0000][info][gc,phases      ] GC(920)   Post Evacuate Collection Set: 1.1ms
[2024-08-27T14:57:46.400+0000][info][gc,phases      ] GC(920)   Other: 0.2ms
[2024-08-27T14:57:46.400+0000][info][gc,heap        ] GC(920) Eden regions: 21->0(44)
[2024-08-27T14:57:46.400+0000][info][gc,heap        ] GC(920) Survivor regions: 7->7(7)
[2024-08-27T14:57:46.400+0000][info][gc,heap        ] GC(920) Old regions: 958->1007
[2024-08-27T14:57:46.400+0000][info][gc,heap        ] GC(920) Archive regions: 2->2
[2024-08-27T14:57:46.400+0000][info][gc,heap        ] GC(920) Humongous regions: 5->5
[2024-08-27T14:57:46.400+0000][info][gc,metaspace   ] GC(920) Metaspace: 100K(320K)->100K(320K) NonClass: 96K(192K)->96K(192K) Class: 4K(128K)->4K(128K)
[2024-08-27T14:57:46.400+0000][info][gc             ] GC(920) Pause Young (Normal) (G1 Preventive Collection) 991M->1019M(1024M) 12.765ms
[2024-08-27T14:57:46.400+0000][info][gc,cpu         ] GC(920) User=0.28s Sys=0.00s Real=0.02s
[2024-08-27T14:57:46.401+0000][info][gc,start       ] GC(921) Pause Young (Normal) (G1 Preventive Collection)
[2024-08-27T14:57:46.401+0000][info][gc,task        ] GC(921) Using 24 workers of 68 for evacuation
[2024-08-27T14:57:46.410+0000][info][gc             ] GC(921) To-space exhausted
[2024-08-27T14:57:46.410+0000][info][gc,phases      ] GC(921)   Pre Evacuate Collection Set: 0.1ms
[2024-08-27T14:57:46.410+0000][info][gc,phases      ] GC(921)   Merge Heap Roots: 0.6ms
[2024-08-27T14:57:46.410+0000][info][gc,phases      ] GC(921)   Evacuate Collection Set: 7.2ms
[2024-08-27T14:57:46.410+0000][info][gc,phases      ] GC(921)   Post Evacuate Collection Set: 0.9ms
[2024-08-27T14:57:46.410+0000][info][gc,phases      ] GC(921)   Other: 0.1ms
[2024-08-27T14:57:46.410+0000][info][gc,heap        ] GC(921) Eden regions: 1->0(51)
[2024-08-27T14:57:46.410+0000][info][gc,heap        ] GC(921) Survivor regions: 7->0(2)
[2024-08-27T14:57:46.410+0000][info][gc,heap        ] GC(921) Old regions: 1007->1017
[2024-08-27T14:57:46.410+0000][info][gc,heap        ] GC(921) Archive regions: 2->2
[2024-08-27T14:57:46.410+0000][info][gc,heap        ] GC(921) Humongous regions: 5->5
[2024-08-27T14:57:46.410+0000][info][gc,metaspace   ] GC(921) Metaspace: 100K(320K)->100K(320K) NonClass: 96K(192K)->96K(192K) Class: 4K(128K)->4K(128K)
[2024-08-27T14:57:46.410+0000][info][gc             ] GC(921) Pause Young (Normal) (G1 Preventive Collection) 1020M->1022M(1024M) 9.028ms
[2024-08-27T14:57:46.410+0000][info][gc,cpu         ] GC(921) User=0.19s Sys=0.00s Real=0.01s
[2024-08-27T14:57:46.410+0000][info][gc,ergo        ] Attempting full compaction
[2024-08-27T14:57:46.410+0000][info][gc,task        ] GC(922) Using 24 workers of 68 for full compaction
[2024-08-27T14:57:46.410+0000][info][gc,start       ] GC(922) Pause Full (G1 Compaction Pause)
[2024-08-27T14:57:46.411+0000][info][gc,phases,start] GC(922) Phase 1: Mark live objects
[2024-08-27T14:57:46.426+0000][info][gc,phases      ] GC(922) Phase 1: Mark live objects 15.195ms
[2024-08-27T14:57:46.426+0000][info][gc,phases,start] GC(922) Phase 2: Prepare for compaction
[2024-08-27T14:57:46.436+0000][info][gc,phases      ] GC(922) Phase 2: Prepare for compaction 9.436ms
[2024-08-27T14:57:46.436+0000][info][gc,phases,start] GC(922) Phase 3: Adjust pointers
[2024-08-27T14:57:46.453+0000][info][gc,phases      ] GC(922) Phase 3: Adjust pointers 17.567ms
[2024-08-27T14:57:46.453+0000][info][gc,phases,start] GC(922) Phase 4: Compact heap
[2024-08-27T14:57:46.488+0000][info][gc,phases      ] GC(922) Phase 4: Compact heap 34.495ms
[2024-08-27T14:57:46.489+0000][info][gc,heap        ] GC(922) Eden regions: 0->0(150)
[2024-08-27T14:57:46.489+0000][info][gc,heap        ] GC(922) Survivor regions: 0->0(2)
[2024-08-27T14:57:46.489+0000][info][gc,heap        ] GC(922) Old regions: 1017->442
[2024-08-27T14:57:46.489+0000][info][gc,heap        ] GC(922) Archive regions: 2->2
[2024-08-27T14:57:46.489+0000][info][gc,heap        ] GC(922) Humongous regions: 5->5
[2024-08-27T14:57:46.489+0000][info][gc,metaspace   ] GC(922) Metaspace: 100K(320K)->100K(320K) NonClass: 96K(192K)->96K(192K) Class: 4K(128K)->4K(128K)
[2024-08-27T14:57:46.489+0000][info][gc             ] GC(922) Pause Full (G1 Compaction Pause) 1022M->435M(1024M) 79.135ms
[2024-08-27T14:57:46.490+0000][info][gc,cpu         ] GC(922) User=1.64s Sys=0.00s Real=0.08s
[2024-08-27T14:57:46.490+0000][info][gc,marking     ] GC(917) Concurrent Rebuild Remembered Sets 172.722ms
[2024-08-27T14:57:46.490+0000][info][gc,marking     ] GC(917) Concurrent Mark Abort
[2024-08-27T14:57:46.490+0000][info][gc             ] GC(917) Concurrent Mark Cycle 201.598ms
[2024-08-27T14:57:46.574+0000][info][gc,start       ] GC(923) Pause Young (Normal) (G1 Evacuation Pause)
[2024-08-27T14:57:46.574+0000][info][gc,task        ] GC(923) Using 24 workers of 68 for evacuation
[2024-08-27T14:57:46.597+0000][info][gc,phases      ] GC(923)   Pre Evacuate Collection Set: 0.2ms
[2024-08-27T14:57:46.597+0000][info][gc,phases      ] GC(923)   Merge Heap Roots: 0.4ms
[2024-08-27T14:57:46.597+0000][info][gc,phases      ] GC(923)   Evacuate Collection Set: 21.5ms
[2024-08-27T14:57:46.597+0000][info][gc,phases      ] GC(923)   Post Evacuate Collection Set: 0.4ms
[2024-08-27T14:57:46.597+0000][info][gc,phases      ] GC(923)   Other: 0.3ms
[2024-08-27T14:57:46.597+0000][info][gc,heap        ] GC(923) Eden regions: 150->0(104)
[2024-08-27T14:57:46.597+0000][info][gc,heap        ] GC(923) Survivor regions: 0->19(19)
[2024-08-27T14:57:46.597+0000][info][gc,heap        ] GC(923) Old regions: 442->568
[2024-08-27T14:57:46.597+0000][info][gc,heap        ] GC(923) Archive regions: 2->2
[2024-08-27T14:57:46.597+0000][info][gc,heap        ] GC(923) Humongous regions: 5->5
[2024-08-27T14:57:46.597+0000][info][gc,metaspace   ] GC(923) Metaspace: 100K(320K)->100K(320K) NonClass: 96K(192K)->96K(192K) Class: 4K(128K)->4K(128K)
[2024-08-27T14:57:46.597+0000][info][gc             ] GC(923) Pause Young (Normal) (G1 Evacuation Pause) 585M->580M(1024M) 22.748ms
[2024-08-27T14:57:46.597+0000][info][gc,cpu         ] GC(923) User=0.52s Sys=0.01s Real=0.02s
[2024-08-27T14:57:46.651+0000][info][gc,start       ] GC(924) Pause Young (Concurrent Start) (G1 Evacuation Pause)
[2024-08-27T14:57:46.651+0000][info][gc,task        ] GC(924) Using 24 workers of 68 for evacuation
[2024-08-27T14:57:46.671+0000][info][gc,phases      ] GC(924)   Pre Evacuate Collection Set: 0.2ms
[2024-08-27T14:57:46.671+0000][info][gc,phases      ] GC(924)   Merge Heap Roots: 0.4ms
[2024-08-27T14:57:46.671+0000][info][gc,phases      ] GC(924)   Evacuate Collection Set: 18.9ms
[2024-08-27T14:57:46.671+0000][info][gc,phases      ] GC(924)   Post Evacuate Collection Set: 0.3ms
[2024-08-27T14:57:46.671+0000][info][gc,phases      ] GC(924)   Other: 0.6ms
[2024-08-27T14:57:46.671+0000][info][gc,heap        ] GC(924) Eden regions: 104->0(70)
[2024-08-27T14:57:46.671+0000][info][gc,heap        ] GC(924) Survivor regions: 19->16(16)
[2024-08-27T14:57:46.671+0000][info][gc,heap        ] GC(924) Old regions: 568->677
[2024-08-27T14:57:46.671+0000][info][gc,heap        ] GC(924) Archive regions: 2->2
[2024-08-27T14:57:46.671+0000][info][gc,heap        ] GC(924) Humongous regions: 5->5
[2024-08-27T14:57:46.671+0000][info][gc,metaspace   ] GC(924) Metaspace: 100K(320K)->100K(320K) NonClass: 96K(192K)->96K(192K) Class: 4K(128K)->4K(128K)
[2024-08-27T14:57:46.671+0000][info][gc             ] GC(924) Pause Young (Concurrent Start) (G1 Evacuation Pause) 684M->685M(1024M) 20.490ms
[2024-08-27T14:57:46.671+0000][info][gc,cpu         ] GC(924) User=0.46s Sys=0.00s Real=0.02s
[2024-08-27T14:57:46.671+0000][info][gc             ] GC(925) Concurrent Mark Cycle
[2024-08-27T14:57:46.671+0000][info][gc,marking     ] GC(925) Concurrent Clear Claimed Marks
[2024-08-27T14:57:46.671+0000][info][gc,marking     ] GC(925) Concurrent Clear Claimed Marks 0.010ms
[2024-08-27T14:57:46.671+0000][info][gc,marking     ] GC(925) Concurrent Scan Root Regions
[2024-08-27T14:57:46.675+0000][info][gc,marking     ] GC(925) Concurrent Scan Root Regions 3.605ms
[2024-08-27T14:57:46.675+0000][info][gc,marking     ] GC(925) Concurrent Mark
[2024-08-27T14:57:46.675+0000][info][gc,marking     ] GC(925) Concurrent Mark From Roots
[2024-08-27T14:57:46.675+0000][info][gc,task        ] GC(925) Using 17 workers of 17 for marking
[2024-08-27T14:57:46.696+0000][info][gc,marking     ] GC(925) Concurrent Mark From Roots 20.811ms
[2024-08-27T14:57:46.696+0000][info][gc,marking     ] GC(925) Concurrent Preclean
[2024-08-27T14:57:46.696+0000][info][gc,marking     ] GC(925) Concurrent Preclean 0.504ms
[2024-08-27T14:57:46.697+0000][info][gc,start       ] GC(925) Pause Remark
[2024-08-27T14:57:46.698+0000][info][gc             ] GC(925) Pause Remark 716M->716M(1024M) 1.089ms
[2024-08-27T14:57:46.698+0000][info][gc,cpu         ] GC(925) User=0.01s Sys=0.00s Real=0.01s
[2024-08-27T14:57:46.698+0000][info][gc,marking     ] GC(925) Concurrent Mark 22.742ms
[2024-08-27T14:57:46.698+0000][info][gc,marking     ] GC(925) Concurrent Rebuild Remembered Sets
[2024-08-27T14:57:46.721+0000][info][gc,start       ] GC(926) Pause Young (Normal) (G1 Evacuation Pause)
[2024-08-27T14:57:46.721+0000][info][gc,task        ] GC(926) Using 24 workers of 68 for evacuation
[2024-08-27T14:57:46.738+0000][info][gc,phases      ] GC(926)   Pre Evacuate Collection Set: 0.1ms
[2024-08-27T14:57:46.738+0000][info][gc,phases      ] GC(926)   Merge Heap Roots: 0.4ms
[2024-08-27T14:57:46.738+0000][info][gc,phases      ] GC(926)   Evacuate Collection Set: 15.6ms
[2024-08-27T14:57:46.738+0000][info][gc,phases      ] GC(926)   Post Evacuate Collection Set: 0.5ms
[2024-08-27T14:57:46.738+0000][info][gc,phases      ] GC(926)   Other: 0.2ms
[2024-08-27T14:57:46.738+0000][info][gc,heap        ] GC(926) Eden regions: 70->0(46)
[2024-08-27T14:57:46.738+0000][info][gc,heap        ] GC(926) Survivor regions: 16->11(11)
[2024-08-27T14:57:46.738+0000][info][gc,heap        ] GC(926) Old regions: 677->755
[2024-08-27T14:57:46.738+0000][info][gc,heap        ] GC(926) Archive regions: 2->2
[2024-08-27T14:57:46.738+0000][info][gc,heap        ] GC(926) Humongous regions: 5->5
[2024-08-27T14:57:46.738+0000][info][gc,metaspace   ] GC(926) Metaspace: 100K(320K)->100K(320K) NonClass: 96K(192K)->96K(192K) Class: 4K(128K)->4K(128K)
[2024-08-27T14:57:46.738+0000][info][gc             ] GC(926) Pause Young (Normal) (G1 Evacuation Pause) 755M->758M(1024M) 16.974ms
[2024-08-27T14:57:46.738+0000][info][gc,cpu         ] GC(926) User=0.35s Sys=0.04s Real=0.02s
[2024-08-27T14:57:46.764+0000][info][gc,start       ] GC(927) Pause Young (Normal) (G1 Evacuation Pause)
[2024-08-27T14:57:46.764+0000][info][gc,task        ] GC(927) Using 24 workers of 68 for evacuation
[2024-08-27T14:57:46.784+0000][info][gc,phases      ] GC(927)   Pre Evacuate Collection Set: 0.1ms
[2024-08-27T14:57:46.784+0000][info][gc,phases      ] GC(927)   Merge Heap Roots: 0.5ms
[2024-08-27T14:57:46.784+0000][info][gc,phases      ] GC(927)   Evacuate Collection Set: 18.3ms
[2024-08-27T14:57:46.784+0000][info][gc,phases      ] GC(927)   Post Evacuate Collection Set: 0.6ms
[2024-08-27T14:57:46.784+0000][info][gc,phases      ] GC(927)   Other: 0.2ms
[2024-08-27T14:57:46.784+0000][info][gc,heap        ] GC(927) Eden regions: 46->0(43)
[2024-08-27T14:57:46.784+0000][info][gc,heap        ] GC(927) Survivor regions: 11->8(8)
[2024-08-27T14:57:46.784+0000][info][gc,heap        ] GC(927) Old regions: 755->808
[2024-08-27T14:57:46.784+0000][info][gc,heap        ] GC(927) Archive regions: 2->2
[2024-08-27T14:57:46.784+0000][info][gc,heap        ] GC(927) Humongous regions: 5->5
[2024-08-27T14:57:46.784+0000][info][gc,metaspace   ] GC(927) Metaspace: 100K(320K)->100K(320K) NonClass: 96K(192K)->96K(192K) Class: 4K(128K)->4K(128K)
[2024-08-27T14:57:46.784+0000][info][gc             ] GC(927) Pause Young (Normal) (G1 Evacuation Pause) 804M->808M(1024M) 19.811ms
[2024-08-27T14:57:46.784+0000][info][gc,cpu         ] GC(927) User=0.45s Sys=0.00s Real=0.02s
[2024-08-27T14:57:46.802+0000][info][gc,marking     ] GC(925) Concurrent Rebuild Remembered Sets 103.925ms
[2024-08-27T14:57:46.802+0000][info][gc,start       ] GC(925) Pause Cleanup
[2024-08-27T14:57:46.803+0000][info][gc             ] GC(925) Pause Cleanup 839M->839M(1024M) 1.072ms
[2024-08-27T14:57:46.803+0000][info][gc,cpu         ] GC(925) User=0.01s Sys=0.00s Real=0.00s
[2024-08-27T14:57:46.803+0000][info][gc,marking     ] GC(925) Concurrent Cleanup for Next Mark
[2024-08-27T14:57:46.804+0000][info][gc,marking     ] GC(925) Concurrent Cleanup for Next Mark 0.822ms
[2024-08-27T14:57:46.804+0000][info][gc             ] GC(925) Concurrent Mark Cycle 132.614ms
[2024-08-27T14:57:46.811+0000][info][gc,start       ] GC(928) Pause Young (Prepare Mixed) (G1 Evacuation Pause)
[2024-08-27T14:57:46.811+0000][info][gc,task        ] GC(928) Using 24 workers of 68 for evacuation
[2024-08-27T14:57:46.828+0000][info][gc,phases      ] GC(928)   Pre Evacuate Collection Set: 0.2ms
[2024-08-27T14:57:46.828+0000][info][gc,phases      ] GC(928)   Merge Heap Roots: 0.5ms
[2024-08-27T14:57:46.828+0000][info][gc,phases      ] GC(928)   Evacuate Collection Set: 15.8ms
[2024-08-27T14:57:46.828+0000][info][gc,phases      ] GC(928)   Post Evacuate Collection Set: 0.3ms
[2024-08-27T14:57:46.828+0000][info][gc,phases      ] GC(928)   Other: 0.2ms
[2024-08-27T14:57:46.828+0000][info][gc,heap        ] GC(928) Eden regions: 43->0(44)
[2024-08-27T14:57:46.828+0000][info][gc,heap        ] GC(928) Survivor regions: 8->7(7)
[2024-08-27T14:57:46.828+0000][info][gc,heap        ] GC(928) Old regions: 808->855
[2024-08-27T14:57:46.828+0000][info][gc,heap        ] GC(928) Archive regions: 2->2
[2024-08-27T14:57:46.828+0000][info][gc,heap        ] GC(928) Humongous regions: 5->5
[2024-08-27T14:57:46.828+0000][info][gc,metaspace   ] GC(928) Metaspace: 100K(320K)->100K(320K) NonClass: 96K(192K)->96K(192K) Class: 4K(128K)->4K(128K)
[2024-08-27T14:57:46.828+0000][info][gc             ] GC(928) Pause Young (Prepare Mixed) (G1 Evacuation Pause) 851M->854M(1024M) 17.019ms
[2024-08-27T14:57:46.828+0000][info][gc,cpu         ] GC(928) User=0.39s Sys=0.00s Real=0.01s
[2024-08-27T14:57:46.852+0000][info][gc,start       ] GC(929) Pause Young (Mixed) (G1 Evacuation Pause)
[2024-08-27T14:57:46.852+0000][info][gc,task        ] GC(929) Using 24 workers of 68 for evacuation
[2024-08-27T14:57:46.864+0000][info][gc,phases      ] GC(929)   Pre Evacuate Collection Set: 0.2ms
[2024-08-27T14:57:46.864+0000][info][gc,phases      ] GC(929)   Merge Heap Roots: 0.5ms
[2024-08-27T14:57:46.864+0000][info][gc,phases      ] GC(929)   Evacuate Collection Set: 10.8ms
[2024-08-27T14:57:46.864+0000][info][gc,phases      ] GC(929)   Post Evacuate Collection Set: 0.4ms
[2024-08-27T14:57:46.864+0000][info][gc,phases      ] GC(929)   Other: 0.3ms
[2024-08-27T14:57:46.864+0000][info][gc,heap        ] GC(929) Eden regions: 44->0(44)
[2024-08-27T14:57:46.864+0000][info][gc,heap        ] GC(929) Survivor regions: 7->7(7)
[2024-08-27T14:57:46.864+0000][info][gc,heap        ] GC(929) Old regions: 855->799
[2024-08-27T14:57:46.864+0000][info][gc,heap        ] GC(929) Archive regions: 2->2
[2024-08-27T14:57:46.864+0000][info][gc,heap        ] GC(929) Humongous regions: 5->5
[2024-08-27T14:57:46.864+0000][info][gc,metaspace   ] GC(929) Metaspace: 100K(320K)->100K(320K) NonClass: 96K(192K)->96K(192K) Class: 4K(128K)->4K(128K)
[2024-08-27T14:57:46.864+0000][info][gc             ] GC(929) Pause Young (Mixed) (G1 Evacuation Pause) 898M->806M(1024M) 12.172ms
[2024-08-27T14:57:46.864+0000][info][gc,cpu         ] GC(929) User=0.27s Sys=0.00s Real=0.01s
[2024-08-27T14:57:46.887+0000][info][gc,start       ] GC(930) Pause Young (Mixed) (G1 Evacuation Pause)
[2024-08-27T14:57:46.887+0000][info][gc,task        ] GC(930) Using 24 workers of 68 for evacuation
[2024-08-27T14:57:46.900+0000][info][gc,phases      ] GC(930)   Pre Evacuate Collection Set: 0.2ms
[2024-08-27T14:57:46.900+0000][info][gc,phases      ] GC(930)   Merge Heap Roots: 0.4ms
[2024-08-27T14:57:46.900+0000][info][gc,phases      ] GC(930)   Evacuate Collection Set: 11.3ms
[2024-08-27T14:57:46.900+0000][info][gc,phases      ] GC(930)   Post Evacuate Collection Set: 0.4ms
[2024-08-27T14:57:46.900+0000][info][gc,phases      ] GC(930)   Other: 0.2ms
[2024-08-27T14:57:46.900+0000][info][gc,heap        ] GC(930) Eden regions: 44->0(47)
[2024-08-27T14:57:46.900+0000][info][gc,heap        ] GC(930) Survivor regions: 7->7(7)
[2024-08-27T14:57:46.900+0000][info][gc,heap        ] GC(930) Old regions: 799->757
[2024-08-27T14:57:46.900+0000][info][gc,heap        ] GC(930) Archive regions: 2->2
[2024-08-27T14:57:46.900+0000][info][gc,heap        ] GC(930) Humongous regions: 5->5
[2024-08-27T14:57:46.900+0000][info][gc,metaspace   ] GC(930) Metaspace: 100K(320K)->100K(320K) NonClass: 96K(192K)->96K(192K) Class: 4K(128K)->4K(128K)
[2024-08-27T14:57:46.900+0000][info][gc             ] GC(930) Pause Young (Mixed) (G1 Evacuation Pause) 850M->766M(1024M) 12.608ms
[2024-08-27T14:57:46.900+0000][info][gc,cpu         ] GC(930) User=0.28s Sys=0.00s Real=0.02s
[2024-08-27T14:57:46.923+0000][info][gc,start       ] GC(931) Pause Young (Concurrent Start) (G1 Evacuation Pause)
[2024-08-27T14:57:46.923+0000][info][gc,task        ] GC(931) Using 24 workers of 68 for evacuation
[2024-08-27T14:57:46.935+0000][info][gc,phases      ] GC(931)   Pre Evacuate Collection Set: 0.2ms
[2024-08-27T14:57:46.935+0000][info][gc,phases      ] GC(931)   Merge Heap Roots: 0.3ms
[2024-08-27T14:57:46.935+0000][info][gc,phases      ] GC(931)   Evacuate Collection Set: 10.0ms
[2024-08-27T14:57:46.935+0000][info][gc,phases      ] GC(931)   Post Evacuate Collection Set: 0.4ms
[2024-08-27T14:57:46.935+0000][info][gc,phases      ] GC(931)   Other: 0.7ms
[2024-08-27T14:57:46.935+0000][info][gc,heap        ] GC(931) Eden regions: 47->0(44)
[2024-08-27T14:57:46.935+0000][info][gc,heap        ] GC(931) Survivor regions: 7->7(7)
[2024-08-27T14:57:46.935+0000][info][gc,heap        ] GC(931) Old regions: 757->807
[2024-08-27T14:57:46.935+0000][info][gc,heap        ] GC(931) Archive regions: 2->2
[2024-08-27T14:57:46.935+0000][info][gc,heap        ] GC(931) Humongous regions: 5->5
[2024-08-27T14:57:46.935+0000][info][gc,metaspace   ] GC(931) Metaspace: 100K(320K)->100K(320K) NonClass: 96K(192K)->96K(192K) Class: 4K(128K)->4K(128K)
[2024-08-27T14:57:46.935+0000][info][gc             ] GC(931) Pause Young (Concurrent Start) (G1 Evacuation Pause) 813M->816M(1024M) 11.642ms
[2024-08-27T14:57:46.935+0000][info][gc,cpu         ] GC(931) User=0.24s Sys=0.00s Real=0.01s
[2024-08-27T14:57:46.935+0000][info][gc             ] GC(932) Concurrent Mark Cycle
[2024-08-27T14:57:46.935+0000][info][gc,marking     ] GC(932) Concurrent Clear Claimed Marks
[2024-08-27T14:57:46.935+0000][info][gc,marking     ] GC(932) Concurrent Clear Claimed Marks 0.013ms
[2024-08-27T14:57:46.935+0000][info][gc,marking     ] GC(932) Concurrent Scan Root Regions
[2024-08-27T14:57:46.937+0000][info][gc,marking     ] GC(932) Concurrent Scan Root Regions 1.964ms
[2024-08-27T14:57:46.937+0000][info][gc,marking     ] GC(932) Concurrent Mark
[2024-08-27T14:57:46.937+0000][info][gc,marking     ] GC(932) Concurrent Mark From Roots
[2024-08-27T14:57:46.937+0000][info][gc,task        ] GC(932) Using 17 workers of 17 for marking
[2024-08-27T14:57:46.960+0000][info][gc,marking     ] GC(932) Concurrent Mark From Roots 22.777ms
[2024-08-27T14:57:46.960+0000][info][gc,marking     ] GC(932) Concurrent Preclean
[2024-08-27T14:57:46.961+0000][info][gc,marking     ] GC(932) Concurrent Preclean 1.388ms
[2024-08-27T14:57:46.962+0000][info][gc,start       ] GC(932) Pause Remark
[2024-08-27T14:57:46.963+0000][info][gc             ] GC(932) Pause Remark 849M->849M(1024M) 1.309ms
[2024-08-27T14:57:46.963+0000][info][gc,cpu         ] GC(932) User=0.01s Sys=0.00s Real=0.00s
[2024-08-27T14:57:46.963+0000][info][gc,marking     ] GC(932) Concurrent Mark 25.907ms
[2024-08-27T14:57:46.963+0000][info][gc,marking     ] GC(932) Concurrent Rebuild Remembered Sets
[2024-08-27T14:57:46.970+0000][info][gc,start       ] GC(933) Pause Young (Normal) (G1 Evacuation Pause)
[2024-08-27T14:57:46.970+0000][info][gc,task        ] GC(933) Using 24 workers of 68 for evacuation
[2024-08-27T14:57:46.981+0000][info][gc,phases      ] GC(933)   Pre Evacuate Collection Set: 0.1ms
[2024-08-27T14:57:46.981+0000][info][gc,phases      ] GC(933)   Merge Heap Roots: 0.4ms
[2024-08-27T14:57:46.981+0000][info][gc,phases      ] GC(933)   Evacuate Collection Set: 9.2ms
[2024-08-27T14:57:46.981+0000][info][gc,phases      ] GC(933)   Post Evacuate Collection Set: 0.4ms
[2024-08-27T14:57:46.981+0000][info][gc,phases      ] GC(933)   Other: 0.2ms
[2024-08-27T14:57:46.981+0000][info][gc,heap        ] GC(933) Eden regions: 44->0(44)
[2024-08-27T14:57:46.981+0000][info][gc,heap        ] GC(933) Survivor regions: 7->7(7)
[2024-08-27T14:57:46.981+0000][info][gc,heap        ] GC(933) Old regions: 807->855
[2024-08-27T14:57:46.981+0000][info][gc,heap        ] GC(933) Archive regions: 2->2
[2024-08-27T14:57:46.981+0000][info][gc,heap        ] GC(933) Humongous regions: 5->5
[2024-08-27T14:57:46.981+0000][info][gc,metaspace   ] GC(933) Metaspace: 100K(320K)->100K(320K) NonClass: 96K(192K)->96K(192K) Class: 4K(128K)->4K(128K)
[2024-08-27T14:57:46.981+0000][info][gc             ] GC(933) Pause Young (Normal) (G1 Evacuation Pause) 860M->863M(1024M) 10.439ms
[2024-08-27T14:57:46.981+0000][info][gc,cpu         ] GC(933) User=0.23s Sys=0.00s Real=0.01s
[2024-08-27T14:57:47.007+0000][info][gc,start       ] GC(934) Pause Young (Normal) (G1 Evacuation Pause)
[2024-08-27T14:57:47.007+0000][info][gc,task        ] GC(934) Using 24 workers of 68 for evacuation
[2024-08-27T14:57:47.021+0000][info][gc,phases      ] GC(934)   Pre Evacuate Collection Set: 0.2ms
[2024-08-27T14:57:47.021+0000][info][gc,phases      ] GC(934)   Merge Heap Roots: 0.3ms
[2024-08-27T14:57:47.021+0000][info][gc,phases      ] GC(934)   Evacuate Collection Set: 13.0ms
[2024-08-27T14:57:47.021+0000][info][gc,phases      ] GC(934)   Post Evacuate Collection Set: 0.5ms
[2024-08-27T14:57:47.021+0000][info][gc,phases      ] GC(934)   Other: 0.2ms
[2024-08-27T14:57:47.021+0000][info][gc,heap        ] GC(934) Eden regions: 44->0(44)
[2024-08-27T14:57:47.021+0000][info][gc,heap        ] GC(934) Survivor regions: 7->7(7)
[2024-08-27T14:57:47.021+0000][info][gc,heap        ] GC(934) Old regions: 855->900
[2024-08-27T14:57:47.021+0000][info][gc,heap        ] GC(934) Archive regions: 2->2
[2024-08-27T14:57:47.021+0000][info][gc,heap        ] GC(934) Humongous regions: 5->5
[2024-08-27T14:57:47.021+0000][info][gc,metaspace   ] GC(934) Metaspace: 100K(320K)->100K(320K) NonClass: 96K(192K)->96K(192K) Class: 4K(128K)->4K(128K)
[2024-08-27T14:57:47.021+0000][info][gc             ] GC(934) Pause Young (Normal) (G1 Evacuation Pause) 907M->909M(1024M) 14.269ms
[2024-08-27T14:57:47.021+0000][info][gc,cpu         ] GC(934) User=0.33s Sys=0.00s Real=0.02s
[2024-08-27T14:57:47.046+0000][info][gc,start       ] GC(935) Pause Young (Normal) (G1 Evacuation Pause)
[2024-08-27T14:57:47.046+0000][info][gc,task        ] GC(935) Using 24 workers of 68 for evacuation
[2024-08-27T14:57:47.062+0000][info][gc,phases      ] GC(935)   Pre Evacuate Collection Set: 0.1ms
[2024-08-27T14:57:47.062+0000][info][gc,phases      ] GC(935)   Merge Heap Roots: 0.6ms
[2024-08-27T14:57:47.062+0000][info][gc,phases      ] GC(935)   Evacuate Collection Set: 14.6ms
[2024-08-27T14:57:47.062+0000][info][gc,phases      ] GC(935)   Post Evacuate Collection Set: 0.6ms
[2024-08-27T14:57:47.062+0000][info][gc,phases      ] GC(935)   Other: 0.2ms
[2024-08-27T14:57:47.062+0000][info][gc,heap        ] GC(935) Eden regions: 44->0(44)
[2024-08-27T14:57:47.062+0000][info][gc,heap        ] GC(935) Survivor regions: 7->7(7)
[2024-08-27T14:57:47.062+0000][info][gc,heap        ] GC(935) Old regions: 900->947
[2024-08-27T14:57:47.062+0000][info][gc,heap        ] GC(935) Archive regions: 2->2
[2024-08-27T14:57:47.062+0000][info][gc,heap        ] GC(935) Humongous regions: 5->5
[2024-08-27T14:57:47.062+0000][info][gc,metaspace   ] GC(935) Metaspace: 100K(320K)->100K(320K) NonClass: 96K(192K)->96K(192K) Class: 4K(128K)->4K(128K)
[2024-08-27T14:57:47.062+0000][info][gc             ] GC(935) Pause Young (Normal) (G1 Evacuation Pause) 953M->956M(1024M) 16.185ms
[2024-08-27T14:57:47.062+0000][info][gc,cpu         ] GC(935) User=0.37s Sys=0.00s Real=0.02s
[2024-08-27T14:57:47.072+0000][info][gc,marking     ] GC(932) Concurrent Rebuild Remembered Sets 109.453ms
[2024-08-27T14:57:47.073+0000][info][gc,start       ] GC(932) Pause Cleanup
[2024-08-27T14:57:47.074+0000][info][gc             ] GC(932) Pause Cleanup 973M->973M(1024M) 1.400ms
[2024-08-27T14:57:47.074+0000][info][gc,cpu         ] GC(932) User=0.00s Sys=0.00s Real=0.00s
[2024-08-27T14:57:47.074+0000][info][gc,marking     ] GC(932) Concurrent Cleanup for Next Mark
[2024-08-27T14:57:47.075+0000][info][gc,marking     ] GC(932) Concurrent Cleanup for Next Mark 0.920ms
[2024-08-27T14:57:47.075+0000][info][gc             ] GC(932) Concurrent Mark Cycle 140.104ms
[2024-08-27T14:57:47.081+0000][info][gc,start       ] GC(936) Pause Young (Prepare Mixed) (G1 Preventive Collection)
[2024-08-27T14:57:47.081+0000][info][gc,task        ] GC(936) Using 24 workers of 68 for evacuation
[2024-08-27T14:57:47.096+0000][info][gc,phases      ] GC(936)   Pre Evacuate Collection Set: 0.2ms
[2024-08-27T14:57:47.096+0000][info][gc,phases      ] GC(936)   Merge Heap Roots: 0.7ms
[2024-08-27T14:57:47.096+0000][info][gc,phases      ] GC(936)   Evacuate Collection Set: 14.1ms
[2024-08-27T14:57:47.096+0000][info][gc,phases      ] GC(936)   Post Evacuate Collection Set: 0.3ms
[2024-08-27T14:57:47.096+0000][info][gc,phases      ] GC(936)   Other: 0.2ms
[2024-08-27T14:57:47.096+0000][info][gc,heap        ] GC(936) Eden regions: 26->0(44)
[2024-08-27T14:57:47.096+0000][info][gc,heap        ] GC(936) Survivor regions: 7->7(7)
[2024-08-27T14:57:47.096+0000][info][gc,heap        ] GC(936) Old regions: 947->976
[2024-08-27T14:57:47.096+0000][info][gc,heap        ] GC(936) Archive regions: 2->2
[2024-08-27T14:57:47.096+0000][info][gc,heap        ] GC(936) Humongous regions: 5->5
[2024-08-27T14:57:47.096+0000][info][gc,metaspace   ] GC(936) Metaspace: 100K(320K)->100K(320K) NonClass: 96K(192K)->96K(192K) Class: 4K(128K)->4K(128K)
[2024-08-27T14:57:47.096+0000][info][gc             ] GC(936) Pause Young (Prepare Mixed) (G1 Preventive Collection) 982M->984M(1024M) 15.405ms
[2024-08-27T14:57:47.096+0000][info][gc,cpu         ] GC(936) User=0.36s Sys=0.00s Real=0.01s
[2024-08-27T14:57:47.103+0000][info][gc,start       ] GC(937) Pause Young (Mixed) (G1 Preventive Collection)
[2024-08-27T14:57:47.103+0000][info][gc,task        ] GC(937) Using 24 workers of 68 for evacuation
[2024-08-27T14:57:47.109+0000][info][gc,phases      ] GC(937)   Pre Evacuate Collection Set: 0.2ms
[2024-08-27T14:57:47.109+0000][info][gc,phases      ] GC(937)   Merge Heap Roots: 0.2ms
[2024-08-27T14:57:47.109+0000][info][gc,phases      ] GC(937)   Evacuate Collection Set: 5.1ms
[2024-08-27T14:57:47.109+0000][info][gc,phases      ] GC(937)   Post Evacuate Collection Set: 0.3ms
[2024-08-27T14:57:47.109+0000][info][gc,phases      ] GC(937)   Other: 0.2ms
[2024-08-27T14:57:47.109+0000][info][gc,heap        ] GC(937) Eden regions: 12->0(44)
[2024-08-27T14:57:47.109+0000][info][gc,heap        ] GC(937) Survivor regions: 7->7(7)
[2024-08-27T14:57:47.109+0000][info][gc,heap        ] GC(937) Old regions: 976->887
[2024-08-27T14:57:47.109+0000][info][gc,heap        ] GC(937) Archive regions: 2->2
[2024-08-27T14:57:47.109+0000][info][gc,heap        ] GC(937) Humongous regions: 5->5
[2024-08-27T14:57:47.109+0000][info][gc,metaspace   ] GC(937) Metaspace: 100K(320K)->100K(320K) NonClass: 96K(192K)->96K(192K) Class: 4K(128K)->4K(128K)
[2024-08-27T14:57:47.109+0000][info][gc             ] GC(937) Pause Young (Mixed) (G1 Preventive Collection) 996M->898M(1024M) 6.029ms
[2024-08-27T14:57:47.109+0000][info][gc,cpu         ] GC(937) User=0.12s Sys=0.00s Real=0.00s
[2024-08-27T14:57:47.131+0000][info][gc,start       ] GC(938) Pause Young (Mixed) (G1 Evacuation Pause)
[2024-08-27T14:57:47.131+0000][info][gc,task        ] GC(938) Using 24 workers of 68 for evacuation
[2024-08-27T14:57:47.142+0000][info][gc,phases      ] GC(938)   Pre Evacuate Collection Set: 0.2ms
[2024-08-27T14:57:47.142+0000][info][gc,phases      ] GC(938)   Merge Heap Roots: 0.4ms
[2024-08-27T14:57:47.142+0000][info][gc,phases      ] GC(938)   Evacuate Collection Set: 9.7ms
[2024-08-27T14:57:47.142+0000][info][gc,phases      ] GC(938)   Post Evacuate Collection Set: 0.4ms
[2024-08-27T14:57:47.142+0000][info][gc,phases      ] GC(938)   Other: 0.2ms
[2024-08-27T14:57:47.142+0000][info][gc,heap        ] GC(938) Eden regions: 44->0(44)
[2024-08-27T14:57:47.142+0000][info][gc,heap        ] GC(938) Survivor regions: 7->7(7)
[2024-08-27T14:57:47.142+0000][info][gc,heap        ] GC(938) Old regions: 887->828
[2024-08-27T14:57:47.142+0000][info][gc,heap        ] GC(938) Archive regions: 2->2
[2024-08-27T14:57:47.142+0000][info][gc,heap        ] GC(938) Humongous regions: 5->5
[2024-08-27T14:57:47.142+0000][info][gc,metaspace   ] GC(938) Metaspace: 100K(320K)->100K(320K) NonClass: 96K(192K)->96K(192K) Class: 4K(128K)->4K(128K)
[2024-08-27T14:57:47.142+0000][info][gc             ] GC(938) Pause Young (Mixed) (G1 Evacuation Pause) 942M->840M(1024M) 11.078ms
[2024-08-27T14:57:47.142+0000][info][gc,cpu         ] GC(938) User=0.24s Sys=0.00s Real=0.01s
[2024-08-27T14:57:47.164+0000][info][gc,start       ] GC(939) Pause Young (Mixed) (G1 Evacuation Pause)
[2024-08-27T14:57:47.164+0000][info][gc,task        ] GC(939) Using 24 workers of 68 for evacuation
[2024-08-27T14:57:47.178+0000][info][gc,phases      ] GC(939)   Pre Evacuate Collection Set: 0.2ms
[2024-08-27T14:57:47.178+0000][info][gc,phases      ] GC(939)   Merge Heap Roots: 0.4ms
[2024-08-27T14:57:47.178+0000][info][gc,phases      ] GC(939)   Evacuate Collection Set: 12.2ms
[2024-08-27T14:57:47.178+0000][info][gc,phases      ] GC(939)   Post Evacuate Collection Set: 0.4ms
[2024-08-27T14:57:47.178+0000][info][gc,phases      ] GC(939)   Other: 0.3ms
[2024-08-27T14:57:47.178+0000][info][gc,heap        ] GC(939) Eden regions: 44->0(44)
[2024-08-27T14:57:47.178+0000][info][gc,heap        ] GC(939) Survivor regions: 7->7(7)
[2024-08-27T14:57:47.178+0000][info][gc,heap        ] GC(939) Old regions: 828->789
[2024-08-27T14:57:47.178+0000][info][gc,heap        ] GC(939) Archive regions: 2->2
[2024-08-27T14:57:47.178+0000][info][gc,heap        ] GC(939) Humongous regions: 5->5
[2024-08-27T14:57:47.178+0000][info][gc,metaspace   ] GC(939) Metaspace: 100K(320K)->100K(320K) NonClass: 96K(192K)->96K(192K) Class: 4K(128K)->4K(128K)
[2024-08-27T14:57:47.178+0000][info][gc             ] GC(939) Pause Young (Mixed) (G1 Evacuation Pause) 884M->801M(1024M) 13.553ms
[2024-08-27T14:57:47.178+0000][info][gc,cpu         ] GC(939) User=0.30s Sys=0.00s Real=0.02s
[2024-08-27T14:57:47.200+0000][info][gc,start       ] GC(940) Pause Young (Mixed) (G1 Evacuation Pause)
[2024-08-27T14:57:47.200+0000][info][gc,task        ] GC(940) Using 24 workers of 68 for evacuation
[2024-08-27T14:57:47.213+0000][info][gc,phases      ] GC(940)   Pre Evacuate Collection Set: 0.2ms
[2024-08-27T14:57:47.213+0000][info][gc,phases      ] GC(940)   Merge Heap Roots: 0.4ms
[2024-08-27T14:57:47.213+0000][info][gc,phases      ] GC(940)   Evacuate Collection Set: 11.6ms
[2024-08-27T14:57:47.213+0000][info][gc,phases      ] GC(940)   Post Evacuate Collection Set: 0.4ms
[2024-08-27T14:57:47.213+0000][info][gc,phases      ] GC(940)   Other: 0.2ms
[2024-08-27T14:57:47.213+0000][info][gc,heap        ] GC(940) Eden regions: 44->0(44)
[2024-08-27T14:57:47.213+0000][info][gc,heap        ] GC(940) Survivor regions: 7->7(7)
[2024-08-27T14:57:47.213+0000][info][gc,heap        ] GC(940) Old regions: 789->821
[2024-08-27T14:57:47.213+0000][info][gc,heap        ] GC(940) Archive regions: 2->2
[2024-08-27T14:57:47.213+0000][info][gc,heap        ] GC(940) Humongous regions: 5->5
[2024-08-27T14:57:47.213+0000][info][gc,metaspace   ] GC(940) Metaspace: 100K(320K)->100K(320K) NonClass: 96K(192K)->96K(192K) Class: 4K(128K)->4K(128K)
[2024-08-27T14:57:47.213+0000][info][gc             ] GC(940) Pause Young (Mixed) (G1 Evacuation Pause) 845M->833M(1024M) 12.833ms
[2024-08-27T14:57:47.213+0000][info][gc,cpu         ] GC(940) User=0.29s Sys=0.00s Real=0.01s
[2024-08-27T14:57:47.235+0000][info][gc,start       ] GC(941) Pause Young (Concurrent Start) (G1 Evacuation Pause)
[2024-08-27T14:57:47.236+0000][info][gc,task        ] GC(941) Using 24 workers of 68 for evacuation
[2024-08-27T14:57:47.247+0000][info][gc,phases      ] GC(941)   Pre Evacuate Collection Set: 0.2ms
[2024-08-27T14:57:47.247+0000][info][gc,phases      ] GC(941)   Merge Heap Roots: 0.4ms
[2024-08-27T14:57:47.247+0000][info][gc,phases      ] GC(941)   Evacuate Collection Set: 9.9ms
[2024-08-27T14:57:47.247+0000][info][gc,phases      ] GC(941)   Post Evacuate Collection Set: 0.3ms
[2024-08-27T14:57:47.247+0000][info][gc,phases      ] GC(941)   Other: 0.8ms
[2024-08-27T14:57:47.247+0000][info][gc,heap        ] GC(941) Eden regions: 44->0(44)
[2024-08-27T14:57:47.247+0000][info][gc,heap        ] GC(941) Survivor regions: 7->7(7)
[2024-08-27T14:57:47.247+0000][info][gc,heap        ] GC(941) Old regions: 821->868
[2024-08-27T14:57:47.247+0000][info][gc,heap        ] GC(941) Archive regions: 2->2
[2024-08-27T14:57:47.247+0000][info][gc,heap        ] GC(941) Humongous regions: 5->5
[2024-08-27T14:57:47.247+0000][info][gc,metaspace   ] GC(941) Metaspace: 100K(320K)->100K(320K) NonClass: 96K(192K)->96K(192K) Class: 4K(128K)->4K(128K)
[2024-08-27T14:57:47.247+0000][info][gc             ] GC(941) Pause Young (Concurrent Start) (G1 Evacuation Pause) 877M->880M(1024M) 11.631ms
[2024-08-27T14:57:47.247+0000][info][gc,cpu         ] GC(941) User=0.24s Sys=0.00s Real=0.01s
[2024-08-27T14:57:47.247+0000][info][gc             ] GC(942) Concurrent Mark Cycle
[2024-08-27T14:57:47.247+0000][info][gc,marking     ] GC(942) Concurrent Clear Claimed Marks
[2024-08-27T14:57:47.247+0000][info][gc,marking     ] GC(942) Concurrent Clear Claimed Marks 0.015ms
[2024-08-27T14:57:47.247+0000][info][gc,marking     ] GC(942) Concurrent Scan Root Regions
[2024-08-27T14:57:47.249+0000][info][gc,marking     ] GC(942) Concurrent Scan Root Regions 1.723ms
[2024-08-27T14:57:47.249+0000][info][gc,marking     ] GC(942) Concurrent Mark
[2024-08-27T14:57:47.249+0000][info][gc,marking     ] GC(942) Concurrent Mark From Roots
[2024-08-27T14:57:47.249+0000][info][gc,task        ] GC(942) Using 17 workers of 17 for marking
[2024-08-27T14:57:47.274+0000][info][gc,marking     ] GC(942) Concurrent Mark From Roots 24.504ms
[2024-08-27T14:57:47.274+0000][info][gc,marking     ] GC(942) Concurrent Preclean
[2024-08-27T14:57:47.274+0000][info][gc,marking     ] GC(942) Concurrent Preclean 0.503ms
[2024-08-27T14:57:47.274+0000][info][gc,start       ] GC(942) Pause Remark
[2024-08-27T14:57:47.276+0000][info][gc             ] GC(942) Pause Remark 914M->914M(1024M) 1.374ms
[2024-08-27T14:57:47.276+0000][info][gc,cpu         ] GC(942) User=0.01s Sys=0.00s Real=0.00s
[2024-08-27T14:57:47.276+0000][info][gc,marking     ] GC(942) Concurrent Mark 26.736ms
[2024-08-27T14:57:47.276+0000][info][gc,marking     ] GC(942) Concurrent Rebuild Remembered Sets
[2024-08-27T14:57:47.282+0000][info][gc,start       ] GC(943) Pause Young (Normal) (G1 Evacuation Pause)
[2024-08-27T14:57:47.282+0000][info][gc,task        ] GC(943) Using 24 workers of 68 for evacuation
[2024-08-27T14:57:47.293+0000][info][gc,phases      ] GC(943)   Pre Evacuate Collection Set: 0.1ms
[2024-08-27T14:57:47.293+0000][info][gc,phases      ] GC(943)   Merge Heap Roots: 0.4ms
[2024-08-27T14:57:47.293+0000][info][gc,phases      ] GC(943)   Evacuate Collection Set: 9.5ms
[2024-08-27T14:57:47.293+0000][info][gc,phases      ] GC(943)   Post Evacuate Collection Set: 0.4ms
[2024-08-27T14:57:47.293+0000][info][gc,phases      ] GC(943)   Other: 0.2ms
[2024-08-27T14:57:47.293+0000][info][gc,heap        ] GC(943) Eden regions: 44->0(44)
[2024-08-27T14:57:47.293+0000][info][gc,heap        ] GC(943) Survivor regions: 7->7(7)
[2024-08-27T14:57:47.293+0000][info][gc,heap        ] GC(943) Old regions: 868->914
[2024-08-27T14:57:47.293+0000][info][gc,heap        ] GC(943) Archive regions: 2->2
[2024-08-27T14:57:47.293+0000][info][gc,heap        ] GC(943) Humongous regions: 5->5
[2024-08-27T14:57:47.293+0000][info][gc,metaspace   ] GC(943) Metaspace: 100K(320K)->100K(320K) NonClass: 96K(192K)->96K(192K) Class: 4K(128K)->4K(128K)
[2024-08-27T14:57:47.293+0000][info][gc             ] GC(943) Pause Young (Normal) (G1 Evacuation Pause) 924M->926M(1024M) 10.625ms
[2024-08-27T14:57:47.293+0000][info][gc,cpu         ] GC(943) User=0.24s Sys=0.01s Real=0.01s
[2024-08-27T14:57:47.317+0000][info][gc,start       ] GC(944) Pause Young (Normal) (G1 Preventive Collection)
[2024-08-27T14:57:47.317+0000][info][gc,task        ] GC(944) Using 24 workers of 68 for evacuation
[2024-08-27T14:57:47.331+0000][info][gc,phases      ] GC(944)   Pre Evacuate Collection Set: 0.1ms
[2024-08-27T14:57:47.331+0000][info][gc,phases      ] GC(944)   Merge Heap Roots: 0.5ms
[2024-08-27T14:57:47.331+0000][info][gc,phases      ] GC(944)   Evacuate Collection Set: 12.7ms
[2024-08-27T14:57:47.331+0000][info][gc,phases      ] GC(944)   Post Evacuate Collection Set: 0.5ms
[2024-08-27T14:57:47.331+0000][info][gc,phases      ] GC(944)   Other: 0.2ms
[2024-08-27T14:57:47.331+0000][info][gc,heap        ] GC(944) Eden regions: 42->0(44)
[2024-08-27T14:57:47.331+0000][info][gc,heap        ] GC(944) Survivor regions: 7->7(7)
[2024-08-27T14:57:47.331+0000][info][gc,heap        ] GC(944) Old regions: 914->959
[2024-08-27T14:57:47.331+0000][info][gc,heap        ] GC(944) Archive regions: 2->2
[2024-08-27T14:57:47.331+0000][info][gc,heap        ] GC(944) Humongous regions: 5->5
[2024-08-27T14:57:47.331+0000][info][gc,metaspace   ] GC(944) Metaspace: 100K(320K)->100K(320K) NonClass: 96K(192K)->96K(192K) Class: 4K(128K)->4K(128K)
[2024-08-27T14:57:47.331+0000][info][gc             ] GC(944) Pause Young (Normal) (G1 Preventive Collection) 968M->971M(1024M) 14.078ms
[2024-08-27T14:57:47.331+0000][info][gc,cpu         ] GC(944) User=0.31s Sys=0.00s Real=0.02s
[2024-08-27T14:57:47.343+0000][info][gc,start       ] GC(945) Pause Young (Normal) (G1 Preventive Collection)
[2024-08-27T14:57:47.343+0000][info][gc,task        ] GC(945) Using 24 workers of 68 for evacuation
[2024-08-27T14:57:47.356+0000][info][gc             ] GC(945) To-space exhausted
[2024-08-27T14:57:47.356+0000][info][gc,phases      ] GC(945)   Pre Evacuate Collection Set: 0.1ms
[2024-08-27T14:57:47.356+0000][info][gc,phases      ] GC(945)   Merge Heap Roots: 0.5ms
[2024-08-27T14:57:47.356+0000][info][gc,phases      ] GC(945)   Evacuate Collection Set: 11.5ms
[2024-08-27T14:57:47.356+0000][info][gc,phases      ] GC(945)   Post Evacuate Collection Set: 1.0ms
[2024-08-27T14:57:47.356+0000][info][gc,phases      ] GC(945)   Other: 0.2ms
[2024-08-27T14:57:47.356+0000][info][gc,heap        ] GC(945) Eden regions: 21->0(44)
[2024-08-27T14:57:47.356+0000][info][gc,heap        ] GC(945) Survivor regions: 7->7(7)
[2024-08-27T14:57:47.356+0000][info][gc,heap        ] GC(945) Old regions: 959->1009
[2024-08-27T14:57:47.356+0000][info][gc,heap        ] GC(945) Archive regions: 2->2
[2024-08-27T14:57:47.356+0000][info][gc,heap        ] GC(945) Humongous regions: 5->5
[2024-08-27T14:57:47.356+0000][info][gc,metaspace   ] GC(945) Metaspace: 100K(320K)->100K(320K) NonClass: 96K(192K)->96K(192K) Class: 4K(128K)->4K(128K)
[2024-08-27T14:57:47.356+0000][info][gc             ] GC(945) Pause Young (Normal) (G1 Preventive Collection) 992M->1021M(1024M) 13.413ms
[2024-08-27T14:57:47.356+0000][info][gc,cpu         ] GC(945) User=0.30s Sys=0.00s Real=0.01s
[2024-08-27T14:57:47.357+0000][info][gc,start       ] GC(946) Pause Young (Normal) (G1 Evacuation Pause)
[2024-08-27T14:57:47.358+0000][info][gc,task        ] GC(946) Using 24 workers of 68 for evacuation
[2024-08-27T14:57:47.366+0000][info][gc             ] GC(946) To-space exhausted
[2024-08-27T14:57:47.366+0000][info][gc,phases      ] GC(946)   Pre Evacuate Collection Set: 0.1ms
[2024-08-27T14:57:47.366+0000][info][gc,phases      ] GC(946)   Merge Heap Roots: 0.3ms
[2024-08-27T14:57:47.366+0000][info][gc,phases      ] GC(946)   Evacuate Collection Set: 6.9ms
[2024-08-27T14:57:47.366+0000][info][gc,phases      ] GC(946)   Post Evacuate Collection Set: 0.9ms
[2024-08-27T14:57:47.366+0000][info][gc,phases      ] GC(946)   Other: 0.2ms
[2024-08-27T14:57:47.366+0000][info][gc,heap        ] GC(946) Eden regions: 1->0(51)
[2024-08-27T14:57:47.366+0000][info][gc,heap        ] GC(946) Survivor regions: 7->0(0)
[2024-08-27T14:57:47.366+0000][info][gc,heap        ] GC(946) Old regions: 1009->1017
[2024-08-27T14:57:47.366+0000][info][gc,heap        ] GC(946) Archive regions: 2->2
[2024-08-27T14:57:47.366+0000][info][gc,heap        ] GC(946) Humongous regions: 5->5
[2024-08-27T14:57:47.366+0000][info][gc,metaspace   ] GC(946) Metaspace: 100K(320K)->100K(320K) NonClass: 96K(192K)->96K(192K) Class: 4K(128K)->4K(128K)
[2024-08-27T14:57:47.366+0000][info][gc             ] GC(946) Pause Young (Normal) (G1 Evacuation Pause) 1022M->1022M(1024M) 8.495ms
[2024-08-27T14:57:47.366+0000][info][gc,cpu         ] GC(946) User=0.19s Sys=0.00s Real=0.00s
[2024-08-27T14:57:47.366+0000][info][gc,ergo        ] Attempting full compaction
[2024-08-27T14:57:47.366+0000][info][gc,task        ] GC(947) Using 24 workers of 68 for full compaction
[2024-08-27T14:57:47.366+0000][info][gc,start       ] GC(947) Pause Full (G1 Compaction Pause)
[2024-08-27T14:57:47.367+0000][info][gc,phases,start] GC(947) Phase 1: Mark live objects
[2024-08-27T14:57:47.382+0000][info][gc,phases      ] GC(947) Phase 1: Mark live objects 15.194ms
[2024-08-27T14:57:47.382+0000][info][gc,phases,start] GC(947) Phase 2: Prepare for compaction
[2024-08-27T14:57:47.392+0000][info][gc,phases      ] GC(947) Phase 2: Prepare for compaction 9.745ms
[2024-08-27T14:57:47.392+0000][info][gc,phases,start] GC(947) Phase 3: Adjust pointers
[2024-08-27T14:57:47.410+0000][info][gc,phases      ] GC(947) Phase 3: Adjust pointers 17.820ms
[2024-08-27T14:57:47.410+0000][info][gc,phases,start] GC(947) Phase 4: Compact heap
[2024-08-27T14:57:47.444+0000][info][gc,phases      ] GC(947) Phase 4: Compact heap 33.771ms
[2024-08-27T14:57:47.445+0000][info][gc,heap        ] GC(947) Eden regions: 0->0(150)
[2024-08-27T14:57:47.445+0000][info][gc,heap        ] GC(947) Survivor regions: 0->0(0)
[2024-08-27T14:57:47.445+0000][info][gc,heap        ] GC(947) Old regions: 1017->442
[2024-08-27T14:57:47.445+0000][info][gc,heap        ] GC(947) Archive regions: 2->2
[2024-08-27T14:57:47.445+0000][info][gc,heap        ] GC(947) Humongous regions: 5->5
[2024-08-27T14:57:47.445+0000][info][gc,metaspace   ] GC(947) Metaspace: 100K(320K)->100K(320K) NonClass: 96K(192K)->96K(192K) Class: 4K(128K)->4K(128K)
[2024-08-27T14:57:47.445+0000][info][gc             ] GC(947) Pause Full (G1 Compaction Pause) 1022M->435M(1024M) 79.050ms
[2024-08-27T14:57:47.446+0000][info][gc,cpu         ] GC(947) User=1.66s Sys=0.01s Real=0.08s
[2024-08-27T14:57:47.446+0000][info][gc,marking     ] GC(942) Concurrent Rebuild Remembered Sets 169.986ms
[2024-08-27T14:57:47.446+0000][info][gc,marking     ] GC(942) Concurrent Mark Abort
[2024-08-27T14:57:47.446+0000][info][gc             ] GC(942) Concurrent Mark Cycle 198.650ms
[2024-08-27T14:57:47.531+0000][info][gc,start       ] GC(948) Pause Young (Normal) (G1 Evacuation Pause)
[2024-08-27T14:57:47.531+0000][info][gc,task        ] GC(948) Using 24 workers of 68 for evacuation
[2024-08-27T14:57:47.553+0000][info][gc,phases      ] GC(948)   Pre Evacuate Collection Set: 0.2ms
[2024-08-27T14:57:47.553+0000][info][gc,phases      ] GC(948)   Merge Heap Roots: 0.4ms
[2024-08-27T14:57:47.553+0000][info][gc,phases      ] GC(948)   Evacuate Collection Set: 21.4ms
[2024-08-27T14:57:47.553+0000][info][gc,phases      ] GC(948)   Post Evacuate Collection Set: 0.4ms
[2024-08-27T14:57:47.554+0000][info][gc,phases      ] GC(948)   Other: 0.3ms
[2024-08-27T14:57:47.554+0000][info][gc,heap        ] GC(948) Eden regions: 150->0(103)
[2024-08-27T14:57:47.554+0000][info][gc,heap        ] GC(948) Survivor regions: 0->19(19)
[2024-08-27T14:57:47.554+0000][info][gc,heap        ] GC(948) Old regions: 442->569
[2024-08-27T14:57:47.554+0000][info][gc,heap        ] GC(948) Archive regions: 2->2
[2024-08-27T14:57:47.554+0000][info][gc,heap        ] GC(948) Humongous regions: 5->5
[2024-08-27T14:57:47.554+0000][info][gc,metaspace   ] GC(948) Metaspace: 100K(320K)->100K(320K) NonClass: 96K(192K)->96K(192K) Class: 4K(128K)->4K(128K)
[2024-08-27T14:57:47.554+0000][info][gc             ] GC(948) Pause Young (Normal) (G1 Evacuation Pause) 585M->580M(1024M) 22.702ms
[2024-08-27T14:57:47.554+0000][info][gc,cpu         ] GC(948) User=0.51s Sys=0.00s Real=0.02s
[2024-08-27T14:57:47.611+0000][info][gc,start       ] GC(949) Pause Young (Concurrent Start) (G1 Evacuation Pause)
[2024-08-27T14:57:47.611+0000][info][gc,task        ] GC(949) Using 24 workers of 68 for evacuation
[2024-08-27T14:57:47.631+0000][info][gc,phases      ] GC(949)   Pre Evacuate Collection Set: 0.2ms
[2024-08-27T14:57:47.631+0000][info][gc,phases      ] GC(949)   Merge Heap Roots: 0.3ms
[2024-08-27T14:57:47.631+0000][info][gc,phases      ] GC(949)   Evacuate Collection Set: 19.1ms
[2024-08-27T14:57:47.631+0000][info][gc,phases      ] GC(949)   Post Evacuate Collection Set: 0.3ms
[2024-08-27T14:57:47.631+0000][info][gc,phases      ] GC(949)   Other: 0.6ms
[2024-08-27T14:57:47.631+0000][info][gc,heap        ] GC(949) Eden regions: 103->0(70)
[2024-08-27T14:57:47.631+0000][info][gc,heap        ] GC(949) Survivor regions: 19->16(16)
[2024-08-27T14:57:47.631+0000][info][gc,heap        ] GC(949) Old regions: 569->676
[2024-08-27T14:57:47.631+0000][info][gc,heap        ] GC(949) Archive regions: 2->2
[2024-08-27T14:57:47.631+0000][info][gc,heap        ] GC(949) Humongous regions: 5->5
[2024-08-27T14:57:47.631+0000][info][gc,metaspace   ] GC(949) Metaspace: 100K(320K)->100K(320K) NonClass: 96K(192K)->96K(192K) Class: 4K(128K)->4K(128K)
[2024-08-27T14:57:47.631+0000][info][gc             ] GC(949) Pause Young (Concurrent Start) (G1 Evacuation Pause) 683M->684M(1024M) 20.639ms
[2024-08-27T14:57:47.631+0000][info][gc,cpu         ] GC(949) User=0.47s Sys=0.00s Real=0.02s
[2024-08-27T14:57:47.632+0000][info][gc             ] GC(950) Concurrent Mark Cycle
[2024-08-27T14:57:47.632+0000][info][gc,marking     ] GC(950) Concurrent Clear Claimed Marks
[2024-08-27T14:57:47.632+0000][info][gc,marking     ] GC(950) Concurrent Clear Claimed Marks 0.011ms
[2024-08-27T14:57:47.632+0000][info][gc,marking     ] GC(950) Concurrent Scan Root Regions
[2024-08-27T14:57:47.635+0000][info][gc,marking     ] GC(950) Concurrent Scan Root Regions 3.649ms
[2024-08-27T14:57:47.635+0000][info][gc,marking     ] GC(950) Concurrent Mark
[2024-08-27T14:57:47.635+0000][info][gc,marking     ] GC(950) Concurrent Mark From Roots
[2024-08-27T14:57:47.635+0000][info][gc,task        ] GC(950) Using 17 workers of 17 for marking
[2024-08-27T14:57:47.657+0000][info][gc,marking     ] GC(950) Concurrent Mark From Roots 21.739ms
[2024-08-27T14:57:47.657+0000][info][gc,marking     ] GC(950) Concurrent Preclean
[2024-08-27T14:57:47.658+0000][info][gc,marking     ] GC(950) Concurrent Preclean 0.558ms
[2024-08-27T14:57:47.658+0000][info][gc,start       ] GC(950) Pause Remark
[2024-08-27T14:57:47.659+0000][info][gc             ] GC(950) Pause Remark 716M->716M(1024M) 1.136ms
[2024-08-27T14:57:47.659+0000][info][gc,cpu         ] GC(950) User=0.01s Sys=0.00s Real=0.00s
[2024-08-27T14:57:47.659+0000][info][gc,marking     ] GC(950) Concurrent Mark 23.786ms
[2024-08-27T14:57:47.659+0000][info][gc,marking     ] GC(950) Concurrent Rebuild Remembered Sets
[2024-08-27T14:57:47.682+0000][info][gc,start       ] GC(951) Pause Young (Normal) (G1 Evacuation Pause)
[2024-08-27T14:57:47.682+0000][info][gc,task        ] GC(951) Using 24 workers of 68 for evacuation
[2024-08-27T14:57:47.700+0000][info][gc,phases      ] GC(951)   Pre Evacuate Collection Set: 0.2ms
[2024-08-27T14:57:47.700+0000][info][gc,phases      ] GC(951)   Merge Heap Roots: 0.4ms
[2024-08-27T14:57:47.700+0000][info][gc,phases      ] GC(951)   Evacuate Collection Set: 16.3ms
[2024-08-27T14:57:47.700+0000][info][gc,phases      ] GC(951)   Post Evacuate Collection Set: 0.5ms
[2024-08-27T14:57:47.700+0000][info][gc,phases      ] GC(951)   Other: 0.2ms
[2024-08-27T14:57:47.700+0000][info][gc,heap        ] GC(951) Eden regions: 70->0(46)
[2024-08-27T14:57:47.700+0000][info][gc,heap        ] GC(951) Survivor regions: 16->11(11)
[2024-08-27T14:57:47.700+0000][info][gc,heap        ] GC(951) Old regions: 676->754
[2024-08-27T14:57:47.700+0000][info][gc,heap        ] GC(951) Archive regions: 2->2
[2024-08-27T14:57:47.700+0000][info][gc,heap        ] GC(951) Humongous regions: 5->5
[2024-08-27T14:57:47.700+0000][info][gc,metaspace   ] GC(951) Metaspace: 100K(320K)->100K(320K) NonClass: 96K(192K)->96K(192K) Class: 4K(128K)->4K(128K)
[2024-08-27T14:57:47.700+0000][info][gc             ] GC(951) Pause Young (Normal) (G1 Evacuation Pause) 754M->757M(1024M) 17.648ms
[2024-08-27T14:57:47.700+0000][info][gc,cpu         ] GC(951) User=0.40s Sys=0.00s Real=0.02s
[2024-08-27T14:57:47.728+0000][info][gc,start       ] GC(952) Pause Young (Normal) (G1 Evacuation Pause)
[2024-08-27T14:57:47.728+0000][info][gc,task        ] GC(952) Using 24 workers of 68 for evacuation
[2024-08-27T14:57:47.748+0000][info][gc,phases      ] GC(952)   Pre Evacuate Collection Set: 0.1ms
[2024-08-27T14:57:47.748+0000][info][gc,phases      ] GC(952)   Merge Heap Roots: 0.4ms
[2024-08-27T14:57:47.748+0000][info][gc,phases      ] GC(952)   Evacuate Collection Set: 18.4ms
[2024-08-27T14:57:47.748+0000][info][gc,phases      ] GC(952)   Post Evacuate Collection Set: 0.6ms
[2024-08-27T14:57:47.748+0000][info][gc,phases      ] GC(952)   Other: 0.2ms
[2024-08-27T14:57:47.748+0000][info][gc,heap        ] GC(952) Eden regions: 46->0(43)
[2024-08-27T14:57:47.748+0000][info][gc,heap        ] GC(952) Survivor regions: 11->8(8)
[2024-08-27T14:57:47.748+0000][info][gc,heap        ] GC(952) Old regions: 754->808
[2024-08-27T14:57:47.748+0000][info][gc,heap        ] GC(952) Archive regions: 2->2
[2024-08-27T14:57:47.748+0000][info][gc,heap        ] GC(952) Humongous regions: 5->5
[2024-08-27T14:57:47.748+0000][info][gc,metaspace   ] GC(952) Metaspace: 100K(320K)->100K(320K) NonClass: 96K(192K)->96K(192K) Class: 4K(128K)->4K(128K)
[2024-08-27T14:57:47.748+0000][info][gc             ] GC(952) Pause Young (Normal) (G1 Evacuation Pause) 803M->809M(1024M) 19.742ms
[2024-08-27T14:57:47.748+0000][info][gc,cpu         ] GC(952) User=0.46s Sys=0.00s Real=0.02s
[2024-08-27T14:57:47.765+0000][info][gc,marking     ] GC(950) Concurrent Rebuild Remembered Sets 105.820ms
[2024-08-27T14:57:47.765+0000][info][gc,start       ] GC(950) Pause Cleanup
[2024-08-27T14:57:47.766+0000][info][gc             ] GC(950) Pause Cleanup 836M->836M(1024M) 1.036ms
[2024-08-27T14:57:47.766+0000][info][gc,cpu         ] GC(950) User=0.00s Sys=0.00s Real=0.00s
[2024-08-27T14:57:47.766+0000][info][gc,marking     ] GC(950) Concurrent Cleanup for Next Mark
[2024-08-27T14:57:47.767+0000][info][gc,marking     ] GC(950) Concurrent Cleanup for Next Mark 0.844ms
[2024-08-27T14:57:47.767+0000][info][gc             ] GC(950) Concurrent Mark Cycle 135.596ms
[2024-08-27T14:57:47.776+0000][info][gc,start       ] GC(953) Pause Young (Prepare Mixed) (G1 Evacuation Pause)
[2024-08-27T14:57:47.777+0000][info][gc,task        ] GC(953) Using 24 workers of 68 for evacuation
[2024-08-27T14:57:47.794+0000][info][gc,phases      ] GC(953)   Pre Evacuate Collection Set: 0.2ms
[2024-08-27T14:57:47.794+0000][info][gc,phases      ] GC(953)   Merge Heap Roots: 0.5ms
[2024-08-27T14:57:47.794+0000][info][gc,phases      ] GC(953)   Evacuate Collection Set: 15.9ms
[2024-08-27T14:57:47.794+0000][info][gc,phases      ] GC(953)   Post Evacuate Collection Set: 0.4ms
[2024-08-27T14:57:47.794+0000][info][gc,phases      ] GC(953)   Other: 0.2ms
[2024-08-27T14:57:47.794+0000][info][gc,heap        ] GC(953) Eden regions: 43->0(44)
[2024-08-27T14:57:47.794+0000][info][gc,heap        ] GC(953) Survivor regions: 8->7(7)
[2024-08-27T14:57:47.794+0000][info][gc,heap        ] GC(953) Old regions: 808->856
[2024-08-27T14:57:47.794+0000][info][gc,heap        ] GC(953) Archive regions: 2->2
[2024-08-27T14:57:47.794+0000][info][gc,heap        ] GC(953) Humongous regions: 5->5
[2024-08-27T14:57:47.794+0000][info][gc,metaspace   ] GC(953) Metaspace: 100K(320K)->100K(320K) NonClass: 96K(192K)->96K(192K) Class: 4K(128K)->4K(128K)
[2024-08-27T14:57:47.794+0000][info][gc             ] GC(953) Pause Young (Prepare Mixed) (G1 Evacuation Pause) 852M->856M(1024M) 17.339ms
[2024-08-27T14:57:47.794+0000][info][gc,cpu         ] GC(953) User=0.39s Sys=0.01s Real=0.02s
[2024-08-27T14:57:47.815+0000][info][gc,start       ] GC(954) Pause Young (Mixed) (G1 Evacuation Pause)
[2024-08-27T14:57:47.815+0000][info][gc,task        ] GC(954) Using 24 workers of 68 for evacuation
[2024-08-27T14:57:47.827+0000][info][gc,phases      ] GC(954)   Pre Evacuate Collection Set: 0.3ms
[2024-08-27T14:57:47.827+0000][info][gc,phases      ] GC(954)   Merge Heap Roots: 0.4ms
[2024-08-27T14:57:47.827+0000][info][gc,phases      ] GC(954)   Evacuate Collection Set: 10.5ms
[2024-08-27T14:57:47.827+0000][info][gc,phases      ] GC(954)   Post Evacuate Collection Set: 0.5ms
[2024-08-27T14:57:47.827+0000][info][gc,phases      ] GC(954)   Other: 0.3ms
[2024-08-27T14:57:47.827+0000][info][gc,heap        ] GC(954) Eden regions: 44->0(44)
[2024-08-27T14:57:47.827+0000][info][gc,heap        ] GC(954) Survivor regions: 7->7(7)
[2024-08-27T14:57:47.827+0000][info][gc,heap        ] GC(954) Old regions: 856->800
[2024-08-27T14:57:47.827+0000][info][gc,heap        ] GC(954) Archive regions: 2->2
[2024-08-27T14:57:47.827+0000][info][gc,heap        ] GC(954) Humongous regions: 5->5
[2024-08-27T14:57:47.827+0000][info][gc,metaspace   ] GC(954) Metaspace: 100K(320K)->100K(320K) NonClass: 96K(192K)->96K(192K) Class: 4K(128K)->4K(128K)
[2024-08-27T14:57:47.827+0000][info][gc             ] GC(954) Pause Young (Mixed) (G1 Evacuation Pause) 900M->810M(1024M) 12.105ms
[2024-08-27T14:57:47.827+0000][info][gc,cpu         ] GC(954) User=0.26s Sys=0.00s Real=0.01s
[2024-08-27T14:57:47.848+0000][info][gc,start       ] GC(955) Pause Young (Mixed) (G1 Evacuation Pause)
[2024-08-27T14:57:47.848+0000][info][gc,task        ] GC(955) Using 24 workers of 68 for evacuation
[2024-08-27T14:57:47.859+0000][info][gc,phases      ] GC(955)   Pre Evacuate Collection Set: 0.3ms
[2024-08-27T14:57:47.859+0000][info][gc,phases      ] GC(955)   Merge Heap Roots: 0.4ms
[2024-08-27T14:57:47.859+0000][info][gc,phases      ] GC(955)   Evacuate Collection Set: 10.2ms
[2024-08-27T14:57:47.859+0000][info][gc,phases      ] GC(955)   Post Evacuate Collection Set: 0.4ms
[2024-08-27T14:57:47.859+0000][info][gc,phases      ] GC(955)   Other: 0.3ms
[2024-08-27T14:57:47.859+0000][info][gc,heap        ] GC(955) Eden regions: 44->0(45)
[2024-08-27T14:57:47.859+0000][info][gc,heap        ] GC(955) Survivor regions: 7->7(7)
[2024-08-27T14:57:47.859+0000][info][gc,heap        ] GC(955) Old regions: 800->761
[2024-08-27T14:57:47.859+0000][info][gc,heap        ] GC(955) Archive regions: 2->2
[2024-08-27T14:57:47.859+0000][info][gc,heap        ] GC(955) Humongous regions: 5->5
[2024-08-27T14:57:47.859+0000][info][gc,metaspace   ] GC(955) Metaspace: 100K(320K)->100K(320K) NonClass: 96K(192K)->96K(192K) Class: 4K(128K)->4K(128K)
[2024-08-27T14:57:47.859+0000][info][gc             ] GC(955) Pause Young (Mixed) (G1 Evacuation Pause) 854M->773M(1024M) 11.689ms
[2024-08-27T14:57:47.860+0000][info][gc,cpu         ] GC(955) User=0.26s Sys=0.00s Real=0.02s
[2024-08-27T14:57:47.880+0000][info][gc,start       ] GC(956) Pause Young (Concurrent Start) (G1 Evacuation Pause)
[2024-08-27T14:57:47.880+0000][info][gc,task        ] GC(956) Using 24 workers of 68 for evacuation
[2024-08-27T14:57:47.891+0000][info][gc,phases      ] GC(956)   Pre Evacuate Collection Set: 0.2ms
[2024-08-27T14:57:47.891+0000][info][gc,phases      ] GC(956)   Merge Heap Roots: 0.3ms
[2024-08-27T14:57:47.891+0000][info][gc,phases      ] GC(956)   Evacuate Collection Set: 9.1ms
[2024-08-27T14:57:47.891+0000][info][gc,phases      ] GC(956)   Post Evacuate Collection Set: 0.4ms
[2024-08-27T14:57:47.891+0000][info][gc,phases      ] GC(956)   Other: 1.0ms
[2024-08-27T14:57:47.891+0000][info][gc,heap        ] GC(956) Eden regions: 45->0(44)
[2024-08-27T14:57:47.891+0000][info][gc,heap        ] GC(956) Survivor regions: 7->7(7)
[2024-08-27T14:57:47.891+0000][info][gc,heap        ] GC(956) Old regions: 761->808
[2024-08-27T14:57:47.891+0000][info][gc,heap        ] GC(956) Archive regions: 2->2
[2024-08-27T14:57:47.891+0000][info][gc,heap        ] GC(956) Humongous regions: 5->5
[2024-08-27T14:57:47.891+0000][info][gc,metaspace   ] GC(956) Metaspace: 100K(320K)->100K(320K) NonClass: 96K(192K)->96K(192K) Class: 4K(128K)->4K(128K)
[2024-08-27T14:57:47.891+0000][info][gc             ] GC(956) Pause Young (Concurrent Start) (G1 Evacuation Pause) 818M->820M(1024M) 11.009ms
[2024-08-27T14:57:47.891+0000][info][gc,cpu         ] GC(956) User=0.22s Sys=0.00s Real=0.01s
[2024-08-27T14:57:47.891+0000][info][gc             ] GC(957) Concurrent Mark Cycle
[2024-08-27T14:57:47.891+0000][info][gc,marking     ] GC(957) Concurrent Clear Claimed Marks
[2024-08-27T14:57:47.891+0000][info][gc,marking     ] GC(957) Concurrent Clear Claimed Marks 0.016ms
[2024-08-27T14:57:47.891+0000][info][gc,marking     ] GC(957) Concurrent Scan Root Regions
[2024-08-27T14:57:47.893+0000][info][gc,marking     ] GC(957) Concurrent Scan Root Regions 1.541ms
[2024-08-27T14:57:47.893+0000][info][gc,marking     ] GC(957) Concurrent Mark
[2024-08-27T14:57:47.893+0000][info][gc,marking     ] GC(957) Concurrent Mark From Roots
[2024-08-27T14:57:47.893+0000][info][gc,task        ] GC(957) Using 17 workers of 17 for marking
[2024-08-27T14:57:47.914+0000][info][gc,marking     ] GC(957) Concurrent Mark From Roots 21.828ms
[2024-08-27T14:57:47.914+0000][info][gc,marking     ] GC(957) Concurrent Preclean
[2024-08-27T14:57:47.915+0000][info][gc,marking     ] GC(957) Concurrent Preclean 0.502ms
[2024-08-27T14:57:47.915+0000][info][gc,start       ] GC(957) Pause Remark
[2024-08-27T14:57:47.917+0000][info][gc             ] GC(957) Pause Remark 858M->858M(1024M) 1.824ms
[2024-08-27T14:57:47.917+0000][info][gc,cpu         ] GC(957) User=0.01s Sys=0.00s Real=0.00s
[2024-08-27T14:57:47.917+0000][info][gc,marking     ] GC(957) Concurrent Mark 24.653ms
[2024-08-27T14:57:47.917+0000][info][gc,marking     ] GC(957) Concurrent Rebuild Remembered Sets
[2024-08-27T14:57:47.921+0000][info][gc,start       ] GC(958) Pause Young (Normal) (G1 Evacuation Pause)
[2024-08-27T14:57:47.921+0000][info][gc,task        ] GC(958) Using 24 workers of 68 for evacuation
[2024-08-27T14:57:47.931+0000][info][gc,phases      ] GC(958)   Pre Evacuate Collection Set: 0.2ms
[2024-08-27T14:57:47.931+0000][info][gc,phases      ] GC(958)   Merge Heap Roots: 0.2ms
[2024-08-27T14:57:47.931+0000][info][gc,phases      ] GC(958)   Evacuate Collection Set: 8.9ms
[2024-08-27T14:57:47.931+0000][info][gc,phases      ] GC(958)   Post Evacuate Collection Set: 0.4ms
[2024-08-27T14:57:47.931+0000][info][gc,phases      ] GC(958)   Other: 0.3ms
[2024-08-27T14:57:47.931+0000][info][gc,heap        ] GC(958) Eden regions: 44->0(44)
[2024-08-27T14:57:47.931+0000][info][gc,heap        ] GC(958) Survivor regions: 7->7(7)
[2024-08-27T14:57:47.931+0000][info][gc,heap        ] GC(958) Old regions: 808->855
[2024-08-27T14:57:47.931+0000][info][gc,heap        ] GC(958) Archive regions: 2->2
[2024-08-27T14:57:47.931+0000][info][gc,heap        ] GC(958) Humongous regions: 5->5
[2024-08-27T14:57:47.931+0000][info][gc,metaspace   ] GC(958) Metaspace: 100K(320K)->100K(320K) NonClass: 96K(192K)->96K(192K) Class: 4K(128K)->4K(128K)
[2024-08-27T14:57:47.931+0000][info][gc             ] GC(958) Pause Young (Normal) (G1 Evacuation Pause) 864M->867M(1024M) 10.116ms
[2024-08-27T14:57:47.931+0000][info][gc,cpu         ] GC(958) User=0.22s Sys=0.00s Real=0.01s
[2024-08-27T14:57:47.954+0000][info][gc,start       ] GC(959) Pause Young (Normal) (G1 Evacuation Pause)
[2024-08-27T14:57:47.954+0000][info][gc,task        ] GC(959) Using 24 workers of 68 for evacuation
[2024-08-27T14:57:47.967+0000][info][gc,phases      ] GC(959)   Pre Evacuate Collection Set: 0.2ms
[2024-08-27T14:57:47.968+0000][info][gc,phases      ] GC(959)   Merge Heap Roots: 0.4ms
[2024-08-27T14:57:47.968+0000][info][gc,phases      ] GC(959)   Evacuate Collection Set: 12.7ms
[2024-08-27T14:57:47.968+0000][info][gc,phases      ] GC(959)   Post Evacuate Collection Set: 0.6ms
[2024-08-27T14:57:47.968+0000][info][gc,phases      ] GC(959)   Other: 0.3ms
[2024-08-27T14:57:47.968+0000][info][gc,heap        ] GC(959) Eden regions: 44->0(44)
[2024-08-27T14:57:47.968+0000][info][gc,heap        ] GC(959) Survivor regions: 7->7(7)
[2024-08-27T14:57:47.968+0000][info][gc,heap        ] GC(959) Old regions: 855->901
[2024-08-27T14:57:47.968+0000][info][gc,heap        ] GC(959) Archive regions: 2->2
[2024-08-27T14:57:47.968+0000][info][gc,heap        ] GC(959) Humongous regions: 5->5
[2024-08-27T14:57:47.968+0000][info][gc,metaspace   ] GC(959) Metaspace: 100K(320K)->100K(320K) NonClass: 96K(192K)->96K(192K) Class: 4K(128K)->4K(128K)
[2024-08-27T14:57:47.968+0000][info][gc             ] GC(959) Pause Young (Normal) (G1 Evacuation Pause) 911M->913M(1024M) 14.264ms
[2024-08-27T14:57:47.968+0000][info][gc,cpu         ] GC(959) User=0.32s Sys=0.00s Real=0.01s
[2024-08-27T14:57:47.990+0000][info][gc,start       ] GC(960) Pause Young (Normal) (G1 Evacuation Pause)
[2024-08-27T14:57:47.990+0000][info][gc,task        ] GC(960) Using 24 workers of 68 for evacuation
[2024-08-27T14:57:48.006+0000][info][gc,phases      ] GC(960)   Pre Evacuate Collection Set: 0.2ms
[2024-08-27T14:57:48.006+0000][info][gc,phases      ] GC(960)   Merge Heap Roots: 0.4ms
[2024-08-27T14:57:48.006+0000][info][gc,phases      ] GC(960)   Evacuate Collection Set: 14.4ms
[2024-08-27T14:57:48.006+0000][info][gc,phases      ] GC(960)   Post Evacuate Collection Set: 0.7ms
[2024-08-27T14:57:48.006+0000][info][gc,phases      ] GC(960)   Other: 0.3ms
[2024-08-27T14:57:48.006+0000][info][gc,heap        ] GC(960) Eden regions: 44->0(44)
[2024-08-27T14:57:48.006+0000][info][gc,heap        ] GC(960) Survivor regions: 7->7(7)
[2024-08-27T14:57:48.006+0000][info][gc,heap        ] GC(960) Old regions: 901->947
[2024-08-27T14:57:48.006+0000][info][gc,heap        ] GC(960) Archive regions: 2->2
[2024-08-27T14:57:48.006+0000][info][gc,heap        ] GC(960) Humongous regions: 5->5
[2024-08-27T14:57:48.006+0000][info][gc,metaspace   ] GC(960) Metaspace: 100K(320K)->100K(320K) NonClass: 96K(192K)->96K(192K) Class: 4K(128K)->4K(128K)
[2024-08-27T14:57:48.006+0000][info][gc             ] GC(960) Pause Young (Normal) (G1 Evacuation Pause) 957M->959M(1024M) 16.150ms
[2024-08-27T14:57:48.006+0000][info][gc,cpu         ] GC(960) User=0.36s Sys=0.00s Real=0.01s
[2024-08-27T14:57:48.020+0000][info][gc,start       ] GC(961) Pause Young (Normal) (G1 Preventive Collection)
[2024-08-27T14:57:48.021+0000][info][gc,task        ] GC(961) Using 24 workers of 68 for evacuation
[2024-08-27T14:57:48.035+0000][info][gc,phases      ] GC(961)   Pre Evacuate Collection Set: 0.2ms
[2024-08-27T14:57:48.035+0000][info][gc,phases      ] GC(961)   Merge Heap Roots: 0.5ms
[2024-08-27T14:57:48.035+0000][info][gc,phases      ] GC(961)   Evacuate Collection Set: 13.0ms
[2024-08-27T14:57:48.035+0000][info][gc,phases      ] GC(961)   Post Evacuate Collection Set: 0.7ms
[2024-08-27T14:57:48.035+0000][info][gc,phases      ] GC(961)   Other: 0.3ms
[2024-08-27T14:57:48.035+0000][info][gc,heap        ] GC(961) Eden regions: 26->0(44)
[2024-08-27T14:57:48.035+0000][info][gc,heap        ] GC(961) Survivor regions: 7->7(7)
[2024-08-27T14:57:48.035+0000][info][gc,heap        ] GC(961) Old regions: 947->977
[2024-08-27T14:57:48.035+0000][info][gc,heap        ] GC(961) Archive regions: 2->2
[2024-08-27T14:57:48.035+0000][info][gc,heap        ] GC(961) Humongous regions: 5->5
[2024-08-27T14:57:48.035+0000][info][gc,metaspace   ] GC(961) Metaspace: 100K(320K)->100K(320K) NonClass: 96K(192K)->96K(192K) Class: 4K(128K)->4K(128K)
[2024-08-27T14:57:48.035+0000][info][gc             ] GC(961) Pause Young (Normal) (G1 Preventive Collection) 985M->989M(1024M) 14.864ms
[2024-08-27T14:57:48.035+0000][info][gc,cpu         ] GC(961) User=0.33s Sys=0.00s Real=0.01s
[2024-08-27T14:57:48.041+0000][info][gc,marking     ] GC(957) Concurrent Rebuild Remembered Sets 123.867ms
[2024-08-27T14:57:48.041+0000][info][gc,start       ] GC(957) Pause Cleanup
[2024-08-27T14:57:48.044+0000][info][gc             ] GC(957) Pause Cleanup 1000M->1000M(1024M) 2.734ms
[2024-08-27T14:57:48.044+0000][info][gc,cpu         ] GC(957) User=0.01s Sys=0.00s Real=0.00s
[2024-08-27T14:57:48.044+0000][info][gc,marking     ] GC(957) Concurrent Cleanup for Next Mark
[2024-08-27T14:57:48.045+0000][info][gc,marking     ] GC(957) Concurrent Cleanup for Next Mark 0.707ms
[2024-08-27T14:57:48.045+0000][info][gc             ] GC(957) Concurrent Mark Cycle 154.027ms
[2024-08-27T14:57:48.045+0000][info][gc,start       ] GC(962) Pause Young (Prepare Mixed) (G1 Preventive Collection)
[2024-08-27T14:57:48.045+0000][info][gc,task        ] GC(962) Using 24 workers of 68 for evacuation
[2024-08-27T14:57:48.057+0000][info][gc,phases      ] GC(962)   Pre Evacuate Collection Set: 0.2ms
[2024-08-27T14:57:48.057+0000][info][gc,phases      ] GC(962)   Merge Heap Roots: 0.7ms
[2024-08-27T14:57:48.057+0000][info][gc,phases      ] GC(962)   Evacuate Collection Set: 10.5ms
[2024-08-27T14:57:48.057+0000][info][gc,phases      ] GC(962)   Post Evacuate Collection Set: 0.4ms
[2024-08-27T14:57:48.057+0000][info][gc,phases      ] GC(962)   Other: 0.2ms
[2024-08-27T14:57:48.057+0000][info][gc,heap        ] GC(962) Eden regions: 12->0(44)
[2024-08-27T14:57:48.057+0000][info][gc,heap        ] GC(962) Survivor regions: 7->7(7)
[2024-08-27T14:57:48.057+0000][info][gc,heap        ] GC(962) Old regions: 977->991
[2024-08-27T14:57:48.057+0000][info][gc,heap        ] GC(962) Archive regions: 2->2
[2024-08-27T14:57:48.057+0000][info][gc,heap        ] GC(962) Humongous regions: 5->5
[2024-08-27T14:57:48.057+0000][info][gc,metaspace   ] GC(962) Metaspace: 100K(320K)->100K(320K) NonClass: 96K(192K)->96K(192K) Class: 4K(128K)->4K(128K)
[2024-08-27T14:57:48.057+0000][info][gc             ] GC(962) Pause Young (Prepare Mixed) (G1 Preventive Collection) 1001M->1003M(1024M) 12.172ms
[2024-08-27T14:57:48.057+0000][info][gc,cpu         ] GC(962) User=0.27s Sys=0.00s Real=0.01s
[2024-08-27T14:57:48.061+0000][info][gc,start       ] GC(963) Pause Young (Mixed) (G1 Preventive Collection)
[2024-08-27T14:57:48.061+0000][info][gc,task        ] GC(963) Using 24 workers of 68 for evacuation
[2024-08-27T14:57:48.065+0000][info][gc,phases      ] GC(963)   Pre Evacuate Collection Set: 0.2ms
[2024-08-27T14:57:48.065+0000][info][gc,phases      ] GC(963)   Merge Heap Roots: 0.2ms
[2024-08-27T14:57:48.065+0000][info][gc,phases      ] GC(963)   Evacuate Collection Set: 3.3ms
[2024-08-27T14:57:48.065+0000][info][gc,phases      ] GC(963)   Post Evacuate Collection Set: 0.4ms
[2024-08-27T14:57:48.065+0000][info][gc,phases      ] GC(963)   Other: 0.3ms
[2024-08-27T14:57:48.065+0000][info][gc,heap        ] GC(963) Eden regions: 5->0(46)
[2024-08-27T14:57:48.065+0000][info][gc,heap        ] GC(963) Survivor regions: 7->5(7)
[2024-08-27T14:57:48.065+0000][info][gc,heap        ] GC(963) Old regions: 991->897
[2024-08-27T14:57:48.065+0000][info][gc,heap        ] GC(963) Archive regions: 2->2
[2024-08-27T14:57:48.065+0000][info][gc,heap        ] GC(963) Humongous regions: 5->5
[2024-08-27T14:57:48.065+0000][info][gc,metaspace   ] GC(963) Metaspace: 100K(320K)->100K(320K) NonClass: 96K(192K)->96K(192K) Class: 4K(128K)->4K(128K)
[2024-08-27T14:57:48.065+0000][info][gc             ] GC(963) Pause Young (Mixed) (G1 Preventive Collection) 1008M->907M(1024M) 4.461ms
[2024-08-27T14:57:48.065+0000][info][gc,cpu         ] GC(963) User=0.08s Sys=0.00s Real=0.00s
[2024-08-27T14:57:48.086+0000][info][gc,start       ] GC(964) Pause Young (Mixed) (G1 Evacuation Pause)
[2024-08-27T14:57:48.086+0000][info][gc,task        ] GC(964) Using 24 workers of 68 for evacuation
[2024-08-27T14:57:48.097+0000][info][gc,phases      ] GC(964)   Pre Evacuate Collection Set: 0.2ms
[2024-08-27T14:57:48.097+0000][info][gc,phases      ] GC(964)   Merge Heap Roots: 0.4ms
[2024-08-27T14:57:48.097+0000][info][gc,phases      ] GC(964)   Evacuate Collection Set: 9.1ms
[2024-08-27T14:57:48.097+0000][info][gc,phases      ] GC(964)   Post Evacuate Collection Set: 0.4ms
[2024-08-27T14:57:48.097+0000][info][gc,phases      ] GC(964)   Other: 0.3ms
[2024-08-27T14:57:48.097+0000][info][gc,heap        ] GC(964) Eden regions: 46->0(44)
[2024-08-27T14:57:48.097+0000][info][gc,heap        ] GC(964) Survivor regions: 5->7(7)
[2024-08-27T14:57:48.097+0000][info][gc,heap        ] GC(964) Old regions: 897->838
[2024-08-27T14:57:48.097+0000][info][gc,heap        ] GC(964) Archive regions: 2->2
[2024-08-27T14:57:48.097+0000][info][gc,heap        ] GC(964) Humongous regions: 5->5
[2024-08-27T14:57:48.097+0000][info][gc,metaspace   ] GC(964) Metaspace: 100K(320K)->100K(320K) NonClass: 96K(192K)->96K(192K) Class: 4K(128K)->4K(128K)
[2024-08-27T14:57:48.097+0000][info][gc             ] GC(964) Pause Young (Mixed) (G1 Evacuation Pause) 953M->850M(1024M) 10.670ms
[2024-08-27T14:57:48.097+0000][info][gc,cpu         ] GC(964) User=0.23s Sys=0.00s Real=0.01s
[2024-08-27T14:57:48.117+0000][info][gc,start       ] GC(965) Pause Young (Mixed) (G1 Evacuation Pause)
[2024-08-27T14:57:48.118+0000][info][gc,task        ] GC(965) Using 24 workers of 68 for evacuation
[2024-08-27T14:57:48.130+0000][info][gc,phases      ] GC(965)   Pre Evacuate Collection Set: 0.2ms
[2024-08-27T14:57:48.130+0000][info][gc,phases      ] GC(965)   Merge Heap Roots: 0.4ms
[2024-08-27T14:57:48.130+0000][info][gc,phases      ] GC(965)   Evacuate Collection Set: 11.4ms
[2024-08-27T14:57:48.130+0000][info][gc,phases      ] GC(965)   Post Evacuate Collection Set: 0.4ms
[2024-08-27T14:57:48.130+0000][info][gc,phases      ] GC(965)   Other: 0.3ms
[2024-08-27T14:57:48.130+0000][info][gc,heap        ] GC(965) Eden regions: 44->0(44)
[2024-08-27T14:57:48.130+0000][info][gc,heap        ] GC(965) Survivor regions: 7->7(7)
[2024-08-27T14:57:48.130+0000][info][gc,heap        ] GC(965) Old regions: 838->796
[2024-08-27T14:57:48.130+0000][info][gc,heap        ] GC(965) Archive regions: 2->2
[2024-08-27T14:57:48.130+0000][info][gc,heap        ] GC(965) Humongous regions: 5->5
[2024-08-27T14:57:48.130+0000][info][gc,metaspace   ] GC(965) Metaspace: 100K(320K)->100K(320K) NonClass: 96K(192K)->96K(192K) Class: 4K(128K)->4K(128K)
[2024-08-27T14:57:48.130+0000][info][gc             ] GC(965) Pause Young (Mixed) (G1 Evacuation Pause) 894M->808M(1024M) 12.993ms
[2024-08-27T14:57:48.130+0000][info][gc,cpu         ] GC(965) User=0.28s Sys=0.00s Real=0.02s
[2024-08-27T14:57:48.151+0000][info][gc,start       ] GC(966) Pause Young (Mixed) (G1 Evacuation Pause)
[2024-08-27T14:57:48.151+0000][info][gc,task        ] GC(966) Using 24 workers of 68 for evacuation
[2024-08-27T14:57:48.164+0000][info][gc,phases      ] GC(966)   Pre Evacuate Collection Set: 0.2ms
[2024-08-27T14:57:48.164+0000][info][gc,phases      ] GC(966)   Merge Heap Roots: 0.4ms
[2024-08-27T14:57:48.164+0000][info][gc,phases      ] GC(966)   Evacuate Collection Set: 11.3ms
[2024-08-27T14:57:48.164+0000][info][gc,phases      ] GC(966)   Post Evacuate Collection Set: 0.4ms
[2024-08-27T14:57:48.164+0000][info][gc,phases      ] GC(966)   Other: 0.3ms
[2024-08-27T14:57:48.164+0000][info][gc,heap        ] GC(966) Eden regions: 44->0(44)
[2024-08-27T14:57:48.164+0000][info][gc,heap        ] GC(966) Survivor regions: 7->7(7)
[2024-08-27T14:57:48.164+0000][info][gc,heap        ] GC(966) Old regions: 796->825
[2024-08-27T14:57:48.164+0000][info][gc,heap        ] GC(966) Archive regions: 2->2
[2024-08-27T14:57:48.164+0000][info][gc,heap        ] GC(966) Humongous regions: 5->5
[2024-08-27T14:57:48.164+0000][info][gc,metaspace   ] GC(966) Metaspace: 100K(320K)->100K(320K) NonClass: 96K(192K)->96K(192K) Class: 4K(128K)->4K(128K)
[2024-08-27T14:57:48.164+0000][info][gc             ] GC(966) Pause Young (Mixed) (G1 Evacuation Pause) 852M->837M(1024M) 12.801ms
[2024-08-27T14:57:48.164+0000][info][gc,cpu         ] GC(966) User=0.28s Sys=0.00s Real=0.01s
[2024-08-27T14:57:48.184+0000][info][gc,start       ] GC(967) Pause Young (Concurrent Start) (G1 Evacuation Pause)
[2024-08-27T14:57:48.184+0000][info][gc,task        ] GC(967) Using 24 workers of 68 for evacuation
[2024-08-27T14:57:48.196+0000][info][gc,phases      ] GC(967)   Pre Evacuate Collection Set: 0.2ms
[2024-08-27T14:57:48.196+0000][info][gc,phases      ] GC(967)   Merge Heap Roots: 0.4ms
[2024-08-27T14:57:48.196+0000][info][gc,phases      ] GC(967)   Evacuate Collection Set: 9.7ms
[2024-08-27T14:57:48.196+0000][info][gc,phases      ] GC(967)   Post Evacuate Collection Set: 0.4ms
[2024-08-27T14:57:48.196+0000][info][gc,phases      ] GC(967)   Other: 1.0ms
[2024-08-27T14:57:48.196+0000][info][gc,heap        ] GC(967) Eden regions: 44->0(44)
[2024-08-27T14:57:48.196+0000][info][gc,heap        ] GC(967) Survivor regions: 7->7(7)
[2024-08-27T14:57:48.196+0000][info][gc,heap        ] GC(967) Old regions: 825->872
[2024-08-27T14:57:48.196+0000][info][gc,heap        ] GC(967) Archive regions: 2->2
[2024-08-27T14:57:48.196+0000][info][gc,heap        ] GC(967) Humongous regions: 5->5
[2024-08-27T14:57:48.196+0000][info][gc,metaspace   ] GC(967) Metaspace: 100K(320K)->100K(320K) NonClass: 96K(192K)->96K(192K) Class: 4K(128K)->4K(128K)
[2024-08-27T14:57:48.196+0000][info][gc             ] GC(967) Pause Young (Concurrent Start) (G1 Evacuation Pause) 881M->884M(1024M) 11.834ms
[2024-08-27T14:57:48.196+0000][info][gc,cpu         ] GC(967) User=0.23s Sys=0.00s Real=0.01s
[2024-08-27T14:57:48.196+0000][info][gc             ] GC(968) Concurrent Mark Cycle
[2024-08-27T14:57:48.196+0000][info][gc,marking     ] GC(968) Concurrent Clear Claimed Marks
[2024-08-27T14:57:48.196+0000][info][gc,marking     ] GC(968) Concurrent Clear Claimed Marks 0.014ms
[2024-08-27T14:57:48.196+0000][info][gc,marking     ] GC(968) Concurrent Scan Root Regions
[2024-08-27T14:57:48.198+0000][info][gc,marking     ] GC(968) Concurrent Scan Root Regions 1.555ms
[2024-08-27T14:57:48.198+0000][info][gc,marking     ] GC(968) Concurrent Mark
[2024-08-27T14:57:48.198+0000][info][gc,marking     ] GC(968) Concurrent Mark From Roots
[2024-08-27T14:57:48.198+0000][info][gc,task        ] GC(968) Using 17 workers of 17 for marking
[2024-08-27T14:57:48.221+0000][info][gc,marking     ] GC(968) Concurrent Mark From Roots 23.478ms
[2024-08-27T14:57:48.221+0000][info][gc,marking     ] GC(968) Concurrent Preclean
[2024-08-27T14:57:48.222+0000][info][gc,marking     ] GC(968) Concurrent Preclean 0.885ms
[2024-08-27T14:57:48.223+0000][info][gc,start       ] GC(968) Pause Remark
[2024-08-27T14:57:48.225+0000][info][gc             ] GC(968) Pause Remark 921M->921M(1024M) 1.892ms
[2024-08-27T14:57:48.225+0000][info][gc,cpu         ] GC(968) User=0.01s Sys=0.00s Real=0.00s
[2024-08-27T14:57:48.225+0000][info][gc,marking     ] GC(968) Concurrent Mark 26.932ms
[2024-08-27T14:57:48.225+0000][info][gc,marking     ] GC(968) Concurrent Rebuild Remembered Sets
[2024-08-27T14:57:48.229+0000][info][gc,start       ] GC(969) Pause Young (Normal) (G1 Evacuation Pause)
[2024-08-27T14:57:48.229+0000][info][gc,task        ] GC(969) Using 24 workers of 68 for evacuation
[2024-08-27T14:57:48.239+0000][info][gc,phases      ] GC(969)   Pre Evacuate Collection Set: 0.2ms
[2024-08-27T14:57:48.239+0000][info][gc,phases      ] GC(969)   Merge Heap Roots: 0.3ms
[2024-08-27T14:57:48.239+0000][info][gc,phases      ] GC(969)   Evacuate Collection Set: 9.2ms
[2024-08-27T14:57:48.239+0000][info][gc,phases      ] GC(969)   Post Evacuate Collection Set: 0.5ms
[2024-08-27T14:57:48.239+0000][info][gc,phases      ] GC(969)   Other: 0.3ms
[2024-08-27T14:57:48.239+0000][info][gc,heap        ] GC(969) Eden regions: 44->0(44)
[2024-08-27T14:57:48.239+0000][info][gc,heap        ] GC(969) Survivor regions: 7->7(7)
[2024-08-27T14:57:48.239+0000][info][gc,heap        ] GC(969) Old regions: 872->919
[2024-08-27T14:57:48.239+0000][info][gc,heap        ] GC(969) Archive regions: 2->2
[2024-08-27T14:57:48.239+0000][info][gc,heap        ] GC(969) Humongous regions: 5->5
[2024-08-27T14:57:48.239+0000][info][gc,metaspace   ] GC(969) Metaspace: 100K(320K)->100K(320K) NonClass: 96K(192K)->96K(192K) Class: 4K(128K)->4K(128K)
[2024-08-27T14:57:48.239+0000][info][gc             ] GC(969) Pause Young (Normal) (G1 Evacuation Pause) 928M->931M(1024M) 10.532ms
[2024-08-27T14:57:48.239+0000][info][gc,cpu         ] GC(969) User=0.23s Sys=0.00s Real=0.02s
[2024-08-27T14:57:48.259+0000][info][gc,start       ] GC(970) Pause Young (Normal) (G1 Preventive Collection)
[2024-08-27T14:57:48.259+0000][info][gc,task        ] GC(970) Using 24 workers of 68 for evacuation
[2024-08-27T14:57:48.272+0000][info][gc,phases      ] GC(970)   Pre Evacuate Collection Set: 0.2ms
[2024-08-27T14:57:48.273+0000][info][gc,phases      ] GC(970)   Merge Heap Roots: 0.5ms
[2024-08-27T14:57:48.273+0000][info][gc,phases      ] GC(970)   Evacuate Collection Set: 11.8ms
[2024-08-27T14:57:48.273+0000][info][gc,phases      ] GC(970)   Post Evacuate Collection Set: 0.6ms
[2024-08-27T14:57:48.273+0000][info][gc,phases      ] GC(970)   Other: 0.3ms
[2024-08-27T14:57:48.273+0000][info][gc,heap        ] GC(970) Eden regions: 40->0(44)
[2024-08-27T14:57:48.273+0000][info][gc,heap        ] GC(970) Survivor regions: 7->7(7)
[2024-08-27T14:57:48.273+0000][info][gc,heap        ] GC(970) Old regions: 919->961
[2024-08-27T14:57:48.273+0000][info][gc,heap        ] GC(970) Archive regions: 2->2
[2024-08-27T14:57:48.273+0000][info][gc,heap        ] GC(970) Humongous regions: 5->5
[2024-08-27T14:57:48.273+0000][info][gc,metaspace   ] GC(970) Metaspace: 100K(320K)->100K(320K) NonClass: 96K(192K)->96K(192K) Class: 4K(128K)->4K(128K)
[2024-08-27T14:57:48.273+0000][info][gc             ] GC(970) Pause Young (Normal) (G1 Preventive Collection) 971M->973M(1024M) 13.468ms
[2024-08-27T14:57:48.273+0000][info][gc,cpu         ] GC(970) User=0.29s Sys=0.00s Real=0.01s
[2024-08-27T14:57:48.283+0000][info][gc,start       ] GC(971) Pause Young (Normal) (G1 Preventive Collection)
[2024-08-27T14:57:48.284+0000][info][gc,task        ] GC(971) Using 24 workers of 68 for evacuation
[2024-08-27T14:57:48.296+0000][info][gc             ] GC(971) To-space exhausted
[2024-08-27T14:57:48.296+0000][info][gc,phases      ] GC(971)   Pre Evacuate Collection Set: 0.2ms
[2024-08-27T14:57:48.296+0000][info][gc,phases      ] GC(971)   Merge Heap Roots: 0.4ms
[2024-08-27T14:57:48.296+0000][info][gc,phases      ] GC(971)   Evacuate Collection Set: 10.6ms
[2024-08-27T14:57:48.296+0000][info][gc,phases      ] GC(971)   Post Evacuate Collection Set: 1.0ms
[2024-08-27T14:57:48.296+0000][info][gc,phases      ] GC(971)   Other: 0.3ms
[2024-08-27T14:57:48.296+0000][info][gc,heap        ] GC(971) Eden regions: 20->0(44)
[2024-08-27T14:57:48.296+0000][info][gc,heap        ] GC(971) Survivor regions: 7->7(7)
[2024-08-27T14:57:48.296+0000][info][gc,heap        ] GC(971) Old regions: 961->1003
[2024-08-27T14:57:48.296+0000][info][gc,heap        ] GC(971) Archive regions: 2->2
[2024-08-27T14:57:48.296+0000][info][gc,heap        ] GC(971) Humongous regions: 5->5
[2024-08-27T14:57:48.296+0000][info][gc,metaspace   ] GC(971) Metaspace: 100K(320K)->100K(320K) NonClass: 96K(192K)->96K(192K) Class: 4K(128K)->4K(128K)
[2024-08-27T14:57:48.296+0000][info][gc             ] GC(971) Pause Young (Normal) (G1 Preventive Collection) 993M->1015M(1024M) 12.575ms
[2024-08-27T14:57:48.296+0000][info][gc,cpu         ] GC(971) User=0.27s Sys=0.00s Real=0.01s
[2024-08-27T14:57:48.297+0000][info][gc,start       ] GC(972) Pause Young (Normal) (G1 Preventive Collection)
[2024-08-27T14:57:48.297+0000][info][gc,task        ] GC(972) Using 24 workers of 68 for evacuation
[2024-08-27T14:57:48.306+0000][info][gc             ] GC(972) To-space exhausted
[2024-08-27T14:57:48.306+0000][info][gc,phases      ] GC(972)   Pre Evacuate Collection Set: 0.2ms
[2024-08-27T14:57:48.306+0000][info][gc,phases      ] GC(972)   Merge Heap Roots: 0.6ms
[2024-08-27T14:57:48.306+0000][info][gc,phases      ] GC(972)   Evacuate Collection Set: 6.6ms
[2024-08-27T14:57:48.306+0000][info][gc,phases      ] GC(972)   Post Evacuate Collection Set: 0.9ms
[2024-08-27T14:57:48.306+0000][info][gc,phases      ] GC(972)   Other: 0.3ms
[2024-08-27T14:57:48.306+0000][info][gc,heap        ] GC(972) Eden regions: 1->0(50)
[2024-08-27T14:57:48.306+0000][info][gc,heap        ] GC(972) Survivor regions: 7->1(6)
[2024-08-27T14:57:48.306+0000][info][gc,heap        ] GC(972) Old regions: 1003->1016
[2024-08-27T14:57:48.306+0000][info][gc,heap        ] GC(972) Archive regions: 2->2
[2024-08-27T14:57:48.306+0000][info][gc,heap        ] GC(972) Humongous regions: 5->5
[2024-08-27T14:57:48.306+0000][info][gc,metaspace   ] GC(972) Metaspace: 100K(320K)->100K(320K) NonClass: 96K(192K)->96K(192K) Class: 4K(128K)->4K(128K)
[2024-08-27T14:57:48.306+0000][info][gc             ] GC(972) Pause Young (Normal) (G1 Preventive Collection) 1016M->1022M(1024M) 8.686ms
[2024-08-27T14:57:48.306+0000][info][gc,cpu         ] GC(972) User=0.18s Sys=0.00s Real=0.01s
[2024-08-27T14:57:48.306+0000][info][gc,ergo        ] Attempting full compaction
[2024-08-27T14:57:48.306+0000][info][gc,task        ] GC(973) Using 24 workers of 68 for full compaction
[2024-08-27T14:57:48.306+0000][info][gc,start       ] GC(973) Pause Full (G1 Compaction Pause)
[2024-08-27T14:57:48.307+0000][info][gc,phases,start] GC(973) Phase 1: Mark live objects
[2024-08-27T14:57:48.321+0000][info][gc,phases      ] GC(973) Phase 1: Mark live objects 14.057ms
[2024-08-27T14:57:48.321+0000][info][gc,phases,start] GC(973) Phase 2: Prepare for compaction
[2024-08-27T14:57:48.330+0000][info][gc,phases      ] GC(973) Phase 2: Prepare for compaction 8.934ms
[2024-08-27T14:57:48.330+0000][info][gc,phases,start] GC(973) Phase 3: Adjust pointers
[2024-08-27T14:57:48.347+0000][info][gc,phases      ] GC(973) Phase 3: Adjust pointers 16.827ms
[2024-08-27T14:57:48.347+0000][info][gc,phases,start] GC(973) Phase 4: Compact heap
[2024-08-27T14:57:48.379+0000][info][gc,phases      ] GC(973) Phase 4: Compact heap 31.906ms
[2024-08-27T14:57:48.381+0000][info][gc,heap        ] GC(973) Eden regions: 0->0(150)
[2024-08-27T14:57:48.381+0000][info][gc,heap        ] GC(973) Survivor regions: 1->0(6)
[2024-08-27T14:57:48.381+0000][info][gc,heap        ] GC(973) Old regions: 1016->442
[2024-08-27T14:57:48.381+0000][info][gc,heap        ] GC(973) Archive regions: 2->2
[2024-08-27T14:57:48.381+0000][info][gc,heap        ] GC(973) Humongous regions: 5->5
[2024-08-27T14:57:48.381+0000][info][gc,metaspace   ] GC(973) Metaspace: 100K(320K)->100K(320K) NonClass: 96K(192K)->96K(192K) Class: 4K(128K)->4K(128K)
[2024-08-27T14:57:48.381+0000][info][gc             ] GC(973) Pause Full (G1 Compaction Pause) 1022M->435M(1024M) 74.744ms
[2024-08-27T14:57:48.381+0000][info][gc,cpu         ] GC(973) User=1.54s Sys=0.00s Real=0.08s
[2024-08-27T14:57:48.382+0000][info][gc,marking     ] GC(968) Concurrent Rebuild Remembered Sets 156.915ms
[2024-08-27T14:57:48.382+0000][info][gc,marking     ] GC(968) Concurrent Mark Abort
[2024-08-27T14:57:48.382+0000][info][gc             ] GC(968) Concurrent Mark Cycle 185.595ms
[2024-08-27T14:57:48.459+0000][info][gc,start       ] GC(974) Pause Young (Normal) (G1 Evacuation Pause)
[2024-08-27T14:57:48.459+0000][info][gc,task        ] GC(974) Using 24 workers of 68 for evacuation
[2024-08-27T14:57:48.482+0000][info][gc,phases      ] GC(974)   Pre Evacuate Collection Set: 0.2ms
[2024-08-27T14:57:48.482+0000][info][gc,phases      ] GC(974)   Merge Heap Roots: 0.4ms
[2024-08-27T14:57:48.482+0000][info][gc,phases      ] GC(974)   Evacuate Collection Set: 21.0ms
[2024-08-27T14:57:48.482+0000][info][gc,phases      ] GC(974)   Post Evacuate Collection Set: 0.5ms
[2024-08-27T14:57:48.482+0000][info][gc,phases      ] GC(974)   Other: 0.3ms
[2024-08-27T14:57:48.482+0000][info][gc,heap        ] GC(974) Eden regions: 150->0(104)
[2024-08-27T14:57:48.482+0000][info][gc,heap        ] GC(974) Survivor regions: 0->19(19)
[2024-08-27T14:57:48.482+0000][info][gc,heap        ] GC(974) Old regions: 442->568
[2024-08-27T14:57:48.482+0000][info][gc,heap        ] GC(974) Archive regions: 2->2
[2024-08-27T14:57:48.482+0000][info][gc,heap        ] GC(974) Humongous regions: 5->5
[2024-08-27T14:57:48.482+0000][info][gc,metaspace   ] GC(974) Metaspace: 100K(320K)->100K(320K) NonClass: 96K(192K)->96K(192K) Class: 4K(128K)->4K(128K)
[2024-08-27T14:57:48.482+0000][info][gc             ] GC(974) Pause Young (Normal) (G1 Evacuation Pause) 585M->580M(1024M) 22.562ms
[2024-08-27T14:57:48.482+0000][info][gc,cpu         ] GC(974) User=0.49s Sys=0.02s Real=0.02s
[2024-08-27T14:57:48.532+0000][info][gc,start       ] GC(975) Pause Young (Concurrent Start) (G1 Evacuation Pause)
[2024-08-27T14:57:48.532+0000][info][gc,task        ] GC(975) Using 24 workers of 68 for evacuation
[2024-08-27T14:57:48.552+0000][info][gc,phases      ] GC(975)   Pre Evacuate Collection Set: 0.2ms
[2024-08-27T14:57:48.553+0000][info][gc,phases      ] GC(975)   Merge Heap Roots: 0.4ms
[2024-08-27T14:57:48.553+0000][info][gc,phases      ] GC(975)   Evacuate Collection Set: 18.2ms
[2024-08-27T14:57:48.553+0000][info][gc,phases      ] GC(975)   Post Evacuate Collection Set: 0.4ms
[2024-08-27T14:57:48.553+0000][info][gc,phases      ] GC(975)   Other: 1.0ms
[2024-08-27T14:57:48.553+0000][info][gc,heap        ] GC(975) Eden regions: 104->0(70)
[2024-08-27T14:57:48.553+0000][info][gc,heap        ] GC(975) Survivor regions: 19->16(16)
[2024-08-27T14:57:48.553+0000][info][gc,heap        ] GC(975) Old regions: 568->675
[2024-08-27T14:57:48.553+0000][info][gc,heap        ] GC(975) Archive regions: 2->2
[2024-08-27T14:57:48.553+0000][info][gc,heap        ] GC(975) Humongous regions: 5->5
[2024-08-27T14:57:48.553+0000][info][gc,metaspace   ] GC(975) Metaspace: 100K(320K)->100K(320K) NonClass: 96K(192K)->96K(192K) Class: 4K(128K)->4K(128K)
[2024-08-27T14:57:48.553+0000][info][gc             ] GC(975) Pause Young (Concurrent Start) (G1 Evacuation Pause) 684M->684M(1024M) 20.502ms
[2024-08-27T14:57:48.553+0000][info][gc,cpu         ] GC(975) User=0.45s Sys=0.00s Real=0.02s
[2024-08-27T14:57:48.553+0000][info][gc             ] GC(976) Concurrent Mark Cycle
[2024-08-27T14:57:48.553+0000][info][gc,marking     ] GC(976) Concurrent Clear Claimed Marks
[2024-08-27T14:57:48.553+0000][info][gc,marking     ] GC(976) Concurrent Clear Claimed Marks 0.010ms
[2024-08-27T14:57:48.553+0000][info][gc,marking     ] GC(976) Concurrent Scan Root Regions
[2024-08-27T14:57:48.556+0000][info][gc,marking     ] GC(976) Concurrent Scan Root Regions 3.436ms
[2024-08-27T14:57:48.556+0000][info][gc,marking     ] GC(976) Concurrent Mark
[2024-08-27T14:57:48.556+0000][info][gc,marking     ] GC(976) Concurrent Mark From Roots
[2024-08-27T14:57:48.556+0000][info][gc,task        ] GC(976) Using 17 workers of 17 for marking
[2024-08-27T14:57:48.576+0000][info][gc,marking     ] GC(976) Concurrent Mark From Roots 19.413ms
[2024-08-27T14:57:48.576+0000][info][gc,marking     ] GC(976) Concurrent Preclean
[2024-08-27T14:57:48.578+0000][info][gc,marking     ] GC(976) Concurrent Preclean 1.805ms
[2024-08-27T14:57:48.578+0000][info][gc,start       ] GC(976) Pause Remark
[2024-08-27T14:57:48.580+0000][info][gc             ] GC(976) Pause Remark 720M->720M(1024M) 1.586ms
[2024-08-27T14:57:48.580+0000][info][gc,cpu         ] GC(976) User=0.00s Sys=0.00s Real=0.00s
[2024-08-27T14:57:48.580+0000][info][gc,marking     ] GC(976) Concurrent Mark 23.335ms
[2024-08-27T14:57:48.580+0000][info][gc,marking     ] GC(976) Concurrent Rebuild Remembered Sets
[2024-08-27T14:57:48.598+0000][info][gc,start       ] GC(977) Pause Young (Normal) (G1 Evacuation Pause)
[2024-08-27T14:57:48.598+0000][info][gc,task        ] GC(977) Using 24 workers of 68 for evacuation
[2024-08-27T14:57:48.615+0000][info][gc,phases      ] GC(977)   Pre Evacuate Collection Set: 0.2ms
[2024-08-27T14:57:48.615+0000][info][gc,phases      ] GC(977)   Merge Heap Roots: 0.4ms
[2024-08-27T14:57:48.615+0000][info][gc,phases      ] GC(977)   Evacuate Collection Set: 15.8ms
[2024-08-27T14:57:48.615+0000][info][gc,phases      ] GC(977)   Post Evacuate Collection Set: 1.1ms
[2024-08-27T14:57:48.615+0000][info][gc,phases      ] GC(977)   Other: 0.3ms
[2024-08-27T14:57:48.615+0000][info][gc,heap        ] GC(977) Eden regions: 70->0(47)
[2024-08-27T14:57:48.615+0000][info][gc,heap        ] GC(977) Survivor regions: 16->11(11)
[2024-08-27T14:57:48.615+0000][info][gc,heap        ] GC(977) Old regions: 673->751
[2024-08-27T14:57:48.615+0000][info][gc,heap        ] GC(977) Archive regions: 2->2
[2024-08-27T14:57:48.615+0000][info][gc,heap        ] GC(977) Humongous regions: 5->5
[2024-08-27T14:57:48.615+0000][info][gc,metaspace   ] GC(977) Metaspace: 100K(320K)->100K(320K) NonClass: 96K(192K)->96K(192K) Class: 4K(128K)->4K(128K)
[2024-08-27T14:57:48.615+0000][info][gc             ] GC(977) Pause Young (Normal) (G1 Evacuation Pause) 754M->757M(1024M) 17.920ms
[2024-08-27T14:57:48.616+0000][info][gc,cpu         ] GC(977) User=0.39s Sys=0.00s Real=0.01s
[2024-08-27T14:57:48.640+0000][info][gc,start       ] GC(978) Pause Young (Normal) (G1 Evacuation Pause)
[2024-08-27T14:57:48.640+0000][info][gc,task        ] GC(978) Using 24 workers of 68 for evacuation
[2024-08-27T14:57:48.659+0000][info][gc,phases      ] GC(978)   Pre Evacuate Collection Set: 0.3ms
[2024-08-27T14:57:48.659+0000][info][gc,phases      ] GC(978)   Merge Heap Roots: 0.5ms
[2024-08-27T14:57:48.659+0000][info][gc,phases      ] GC(978)   Evacuate Collection Set: 17.4ms
[2024-08-27T14:57:48.659+0000][info][gc,phases      ] GC(978)   Post Evacuate Collection Set: 0.7ms
[2024-08-27T14:57:48.659+0000][info][gc,phases      ] GC(978)   Other: 0.4ms
[2024-08-27T14:57:48.659+0000][info][gc,heap        ] GC(978) Eden regions: 47->0(43)
[2024-08-27T14:57:48.659+0000][info][gc,heap        ] GC(978) Survivor regions: 11->8(8)
[2024-08-27T14:57:48.659+0000][info][gc,heap        ] GC(978) Old regions: 751->806
[2024-08-27T14:57:48.659+0000][info][gc,heap        ] GC(978) Archive regions: 2->2
[2024-08-27T14:57:48.659+0000][info][gc,heap        ] GC(978) Humongous regions: 5->5
[2024-08-27T14:57:48.659+0000][info][gc,metaspace   ] GC(978) Metaspace: 100K(320K)->100K(320K) NonClass: 96K(192K)->96K(192K) Class: 4K(128K)->4K(128K)
[2024-08-27T14:57:48.659+0000][info][gc             ] GC(978) Pause Young (Normal) (G1 Evacuation Pause) 804M->809M(1024M) 19.454ms
[2024-08-27T14:57:48.659+0000][info][gc,cpu         ] GC(978) User=0.44s Sys=0.00s Real=0.02s
[2024-08-27T14:57:48.681+0000][info][gc,start       ] GC(979) Pause Young (Normal) (G1 Evacuation Pause)
[2024-08-27T14:57:48.681+0000][info][gc,task        ] GC(979) Using 24 workers of 68 for evacuation
[2024-08-27T14:57:48.698+0000][info][gc,phases      ] GC(979)   Pre Evacuate Collection Set: 0.2ms
[2024-08-27T14:57:48.698+0000][info][gc,phases      ] GC(979)   Merge Heap Roots: 0.6ms
[2024-08-27T14:57:48.698+0000][info][gc,phases      ] GC(979)   Evacuate Collection Set: 14.9ms
[2024-08-27T14:57:48.698+0000][info][gc,phases      ] GC(979)   Post Evacuate Collection Set: 0.8ms
[2024-08-27T14:57:48.698+0000][info][gc,phases      ] GC(979)   Other: 0.3ms
[2024-08-27T14:57:48.698+0000][info][gc,heap        ] GC(979) Eden regions: 43->0(44)
[2024-08-27T14:57:48.698+0000][info][gc,heap        ] GC(979) Survivor regions: 8->7(7)
[2024-08-27T14:57:48.698+0000][info][gc,heap        ] GC(979) Old regions: 806->854
[2024-08-27T14:57:48.698+0000][info][gc,heap        ] GC(979) Archive regions: 2->2
[2024-08-27T14:57:48.698+0000][info][gc,heap        ] GC(979) Humongous regions: 5->5
[2024-08-27T14:57:48.698+0000][info][gc,metaspace   ] GC(979) Metaspace: 100K(320K)->100K(320K) NonClass: 96K(192K)->96K(192K) Class: 4K(128K)->4K(128K)
[2024-08-27T14:57:48.698+0000][info][gc             ] GC(979) Pause Young (Normal) (G1 Evacuation Pause) 852M->856M(1024M) 16.943ms
[2024-08-27T14:57:48.698+0000][info][gc,cpu         ] GC(979) User=0.38s Sys=0.00s Real=0.02s
[2024-08-27T14:57:48.701+0000][info][gc,marking     ] GC(976) Concurrent Rebuild Remembered Sets 121.441ms
[2024-08-27T14:57:48.702+0000][info][gc,start       ] GC(976) Pause Cleanup
[2024-08-27T14:57:48.704+0000][info][gc             ] GC(976) Pause Cleanup 862M->862M(1024M) 2.247ms
[2024-08-27T14:57:48.704+0000][info][gc,cpu         ] GC(976) User=0.01s Sys=0.00s Real=0.00s
[2024-08-27T14:57:48.704+0000][info][gc,marking     ] GC(976) Concurrent Cleanup for Next Mark
[2024-08-27T14:57:48.705+0000][info][gc,marking     ] GC(976) Concurrent Cleanup for Next Mark 1.116ms
[2024-08-27T14:57:48.705+0000][info][gc             ] GC(976) Concurrent Mark Cycle 152.188ms
[2024-08-27T14:57:48.724+0000][info][gc,start       ] GC(980) Pause Young (Prepare Mixed) (G1 Evacuation Pause)
[2024-08-27T14:57:48.724+0000][info][gc,task        ] GC(980) Using 24 workers of 68 for evacuation
[2024-08-27T14:57:48.742+0000][info][gc,phases      ] GC(980)   Pre Evacuate Collection Set: 0.2ms
[2024-08-27T14:57:48.742+0000][info][gc,phases      ] GC(980)   Merge Heap Roots: 0.5ms
[2024-08-27T14:57:48.742+0000][info][gc,phases      ] GC(980)   Evacuate Collection Set: 16.6ms
[2024-08-27T14:57:48.742+0000][info][gc,phases      ] GC(980)   Post Evacuate Collection Set: 0.4ms
[2024-08-27T14:57:48.742+0000][info][gc,phases      ] GC(980)   Other: 0.3ms
[2024-08-27T14:57:48.742+0000][info][gc,heap        ] GC(980) Eden regions: 44->0(44)
[2024-08-27T14:57:48.742+0000][info][gc,heap        ] GC(980) Survivor regions: 7->7(7)
[2024-08-27T14:57:48.742+0000][info][gc,heap        ] GC(980) Old regions: 854->901
[2024-08-27T14:57:48.742+0000][info][gc,heap        ] GC(980) Archive regions: 2->2
[2024-08-27T14:57:48.742+0000][info][gc,heap        ] GC(980) Humongous regions: 5->5
[2024-08-27T14:57:48.742+0000][info][gc,metaspace   ] GC(980) Metaspace: 100K(320K)->100K(320K) NonClass: 96K(192K)->96K(192K) Class: 4K(128K)->4K(128K)
[2024-08-27T14:57:48.742+0000][info][gc             ] GC(980) Pause Young (Prepare Mixed) (G1 Evacuation Pause) 900M->903M(1024M) 18.162ms
[2024-08-27T14:57:48.743+0000][info][gc,cpu         ] GC(980) User=0.41s Sys=0.00s Real=0.02s
[2024-08-27T14:57:48.764+0000][info][gc,start       ] GC(981) Pause Young (Mixed) (G1 Evacuation Pause)
[2024-08-27T14:57:48.764+0000][info][gc,task        ] GC(981) Using 24 workers of 68 for evacuation
[2024-08-27T14:57:48.776+0000][info][gc,phases      ] GC(981)   Pre Evacuate Collection Set: 0.2ms
[2024-08-27T14:57:48.776+0000][info][gc,phases      ] GC(981)   Merge Heap Roots: 0.4ms
[2024-08-27T14:57:48.776+0000][info][gc,phases      ] GC(981)   Evacuate Collection Set: 10.4ms
[2024-08-27T14:57:48.776+0000][info][gc,phases      ] GC(981)   Post Evacuate Collection Set: 0.5ms
[2024-08-27T14:57:48.776+0000][info][gc,phases      ] GC(981)   Other: 0.3ms
[2024-08-27T14:57:48.776+0000][info][gc,heap        ] GC(981) Eden regions: 44->0(44)
[2024-08-27T14:57:48.776+0000][info][gc,heap        ] GC(981) Survivor regions: 7->7(7)
[2024-08-27T14:57:48.776+0000][info][gc,heap        ] GC(981) Old regions: 901->845
[2024-08-27T14:57:48.776+0000][info][gc,heap        ] GC(981) Archive regions: 2->2
[2024-08-27T14:57:48.776+0000][info][gc,heap        ] GC(981) Humongous regions: 5->5
[2024-08-27T14:57:48.776+0000][info][gc,metaspace   ] GC(981) Metaspace: 100K(320K)->100K(320K) NonClass: 96K(192K)->96K(192K) Class: 4K(128K)->4K(128K)
[2024-08-27T14:57:48.776+0000][info][gc             ] GC(981) Pause Young (Mixed) (G1 Evacuation Pause) 947M->855M(1024M) 11.979ms
[2024-08-27T14:57:48.776+0000][info][gc,cpu         ] GC(981) User=0.25s Sys=0.00s Real=0.01s
[2024-08-27T14:57:48.797+0000][info][gc,start       ] GC(982) Pause Young (Mixed) (G1 Evacuation Pause)
[2024-08-27T14:57:48.797+0000][info][gc,task        ] GC(982) Using 24 workers of 68 for evacuation
[2024-08-27T14:57:48.808+0000][info][gc,phases      ] GC(982)   Pre Evacuate Collection Set: 0.2ms
[2024-08-27T14:57:48.808+0000][info][gc,phases      ] GC(982)   Merge Heap Roots: 0.3ms
[2024-08-27T14:57:48.808+0000][info][gc,phases      ] GC(982)   Evacuate Collection Set: 10.4ms
[2024-08-27T14:57:48.808+0000][info][gc,phases      ] GC(982)   Post Evacuate Collection Set: 0.4ms
[2024-08-27T14:57:48.808+0000][info][gc,phases      ] GC(982)   Other: 0.3ms
[2024-08-27T14:57:48.808+0000][info][gc,heap        ] GC(982) Eden regions: 44->0(44)
[2024-08-27T14:57:48.808+0000][info][gc,heap        ] GC(982) Survivor regions: 7->7(7)
[2024-08-27T14:57:48.808+0000][info][gc,heap        ] GC(982) Old regions: 845->805
[2024-08-27T14:57:48.808+0000][info][gc,heap        ] GC(982) Archive regions: 2->2
[2024-08-27T14:57:48.809+0000][info][gc,heap        ] GC(982) Humongous regions: 5->5
[2024-08-27T14:57:48.809+0000][info][gc,metaspace   ] GC(982) Metaspace: 100K(320K)->100K(320K) NonClass: 96K(192K)->96K(192K) Class: 4K(128K)->4K(128K)
[2024-08-27T14:57:48.809+0000][info][gc             ] GC(982) Pause Young (Mixed) (G1 Evacuation Pause) 899M->817M(1024M) 11.919ms
[2024-08-27T14:57:48.809+0000][info][gc,cpu         ] GC(982) User=0.25s Sys=0.00s Real=0.01s
[2024-08-27T14:57:48.829+0000][info][gc,start       ] GC(983) Pause Young (Concurrent Start) (G1 Evacuation Pause)
[2024-08-27T14:57:48.829+0000][info][gc,task        ] GC(983) Using 24 workers of 68 for evacuation
[2024-08-27T14:57:48.840+0000][info][gc,phases      ] GC(983)   Pre Evacuate Collection Set: 0.2ms
[2024-08-27T14:57:48.840+0000][info][gc,phases      ] GC(983)   Merge Heap Roots: 0.2ms
[2024-08-27T14:57:48.840+0000][info][gc,phases      ] GC(983)   Evacuate Collection Set: 9.0ms
[2024-08-27T14:57:48.840+0000][info][gc,phases      ] GC(983)   Post Evacuate Collection Set: 0.4ms
[2024-08-27T14:57:48.840+0000][info][gc,phases      ] GC(983)   Other: 1.0ms
[2024-08-27T14:57:48.840+0000][info][gc,heap        ] GC(983) Eden regions: 44->0(44)
[2024-08-27T14:57:48.840+0000][info][gc,heap        ] GC(983) Survivor regions: 7->7(7)
[2024-08-27T14:57:48.840+0000][info][gc,heap        ] GC(983) Old regions: 805->851
[2024-08-27T14:57:48.840+0000][info][gc,heap        ] GC(983) Archive regions: 2->2
[2024-08-27T14:57:48.840+0000][info][gc,heap        ] GC(983) Humongous regions: 5->5
[2024-08-27T14:57:48.840+0000][info][gc,metaspace   ] GC(983) Metaspace: 100K(320K)->100K(320K) NonClass: 96K(192K)->96K(192K) Class: 4K(128K)->4K(128K)
[2024-08-27T14:57:48.840+0000][info][gc             ] GC(983) Pause Young (Concurrent Start) (G1 Evacuation Pause) 861M->863M(1024M) 10.964ms
[2024-08-27T14:57:48.840+0000][info][gc,cpu         ] GC(983) User=0.22s Sys=0.00s Real=0.02s
[2024-08-27T14:57:48.840+0000][info][gc             ] GC(984) Concurrent Mark Cycle
[2024-08-27T14:57:48.840+0000][info][gc,marking     ] GC(984) Concurrent Clear Claimed Marks
[2024-08-27T14:57:48.840+0000][info][gc,marking     ] GC(984) Concurrent Clear Claimed Marks 0.016ms
[2024-08-27T14:57:48.840+0000][info][gc,marking     ] GC(984) Concurrent Scan Root Regions
[2024-08-27T14:57:48.842+0000][info][gc,marking     ] GC(984) Concurrent Scan Root Regions 1.593ms
[2024-08-27T14:57:48.842+0000][info][gc,marking     ] GC(984) Concurrent Mark
[2024-08-27T14:57:48.842+0000][info][gc,marking     ] GC(984) Concurrent Mark From Roots
[2024-08-27T14:57:48.842+0000][info][gc,task        ] GC(984) Using 17 workers of 17 for marking
[2024-08-27T14:57:48.865+0000][info][gc,marking     ] GC(984) Concurrent Mark From Roots 23.174ms
[2024-08-27T14:57:48.865+0000][info][gc,marking     ] GC(984) Concurrent Preclean
[2024-08-27T14:57:48.866+0000][info][gc,marking     ] GC(984) Concurrent Preclean 0.720ms
[2024-08-27T14:57:48.866+0000][info][gc,start       ] GC(984) Pause Remark
[2024-08-27T14:57:48.868+0000][info][gc             ] GC(984) Pause Remark 901M->901M(1024M) 1.986ms
[2024-08-27T14:57:48.868+0000][info][gc,cpu         ] GC(984) User=0.01s Sys=0.00s Real=0.00s
[2024-08-27T14:57:48.868+0000][info][gc,marking     ] GC(984) Concurrent Mark 26.347ms
[2024-08-27T14:57:48.868+0000][info][gc,marking     ] GC(984) Concurrent Rebuild Remembered Sets
[2024-08-27T14:57:48.871+0000][info][gc,start       ] GC(985) Pause Young (Normal) (G1 Evacuation Pause)
[2024-08-27T14:57:48.872+0000][info][gc,task        ] GC(985) Using 24 workers of 68 for evacuation
[2024-08-27T14:57:48.882+0000][info][gc,phases      ] GC(985)   Pre Evacuate Collection Set: 0.2ms
[2024-08-27T14:57:48.882+0000][info][gc,phases      ] GC(985)   Merge Heap Roots: 0.4ms
[2024-08-27T14:57:48.882+0000][info][gc,phases      ] GC(985)   Evacuate Collection Set: 9.4ms
[2024-08-27T14:57:48.882+0000][info][gc,phases      ] GC(985)   Post Evacuate Collection Set: 0.5ms
[2024-08-27T14:57:48.882+0000][info][gc,phases      ] GC(985)   Other: 0.3ms
[2024-08-27T14:57:48.882+0000][info][gc,heap        ] GC(985) Eden regions: 44->0(44)
[2024-08-27T14:57:48.882+0000][info][gc,heap        ] GC(985) Survivor regions: 7->7(7)
[2024-08-27T14:57:48.882+0000][info][gc,heap        ] GC(985) Old regions: 851->898
[2024-08-27T14:57:48.882+0000][info][gc,heap        ] GC(985) Archive regions: 2->2
[2024-08-27T14:57:48.882+0000][info][gc,heap        ] GC(985) Humongous regions: 5->5
[2024-08-27T14:57:48.882+0000][info][gc,metaspace   ] GC(985) Metaspace: 100K(320K)->100K(320K) NonClass: 96K(192K)->96K(192K) Class: 4K(128K)->4K(128K)
[2024-08-27T14:57:48.882+0000][info][gc             ] GC(985) Pause Young (Normal) (G1 Evacuation Pause) 907M->910M(1024M) 10.849ms
[2024-08-27T14:57:48.882+0000][info][gc,cpu         ] GC(985) User=0.23s Sys=0.00s Real=0.01s
[2024-08-27T14:57:48.904+0000][info][gc,start       ] GC(986) Pause Young (Normal) (G1 Evacuation Pause)
[2024-08-27T14:57:48.905+0000][info][gc,task        ] GC(986) Using 24 workers of 68 for evacuation
[2024-08-27T14:57:48.918+0000][info][gc,phases      ] GC(986)   Pre Evacuate Collection Set: 0.2ms
[2024-08-27T14:57:48.918+0000][info][gc,phases      ] GC(986)   Merge Heap Roots: 0.3ms
[2024-08-27T14:57:48.918+0000][info][gc,phases      ] GC(986)   Evacuate Collection Set: 12.6ms
[2024-08-27T14:57:48.918+0000][info][gc,phases      ] GC(986)   Post Evacuate Collection Set: 0.6ms
[2024-08-27T14:57:48.918+0000][info][gc,phases      ] GC(986)   Other: 0.3ms
[2024-08-27T14:57:48.919+0000][info][gc,heap        ] GC(986) Eden regions: 44->0(44)
[2024-08-27T14:57:48.919+0000][info][gc,heap        ] GC(986) Survivor regions: 7->7(7)
[2024-08-27T14:57:48.919+0000][info][gc,heap        ] GC(986) Old regions: 898->944
[2024-08-27T14:57:48.919+0000][info][gc,heap        ] GC(986) Archive regions: 2->2
[2024-08-27T14:57:48.919+0000][info][gc,heap        ] GC(986) Humongous regions: 5->5
[2024-08-27T14:57:48.919+0000][info][gc,metaspace   ] GC(986) Metaspace: 100K(320K)->100K(320K) NonClass: 96K(192K)->96K(192K) Class: 4K(128K)->4K(128K)
[2024-08-27T14:57:48.919+0000][info][gc             ] GC(986) Pause Young (Normal) (G1 Evacuation Pause) 954M->956M(1024M) 14.139ms
[2024-08-27T14:57:48.919+0000][info][gc,cpu         ] GC(986) User=0.31s Sys=0.00s Real=0.02s
[2024-08-27T14:57:48.933+0000][info][gc,start       ] GC(987) Pause Young (Normal) (G1 Preventive Collection)
[2024-08-27T14:57:48.934+0000][info][gc,task        ] GC(987) Using 24 workers of 68 for evacuation
[2024-08-27T14:57:48.947+0000][info][gc,phases      ] GC(987)   Pre Evacuate Collection Set: 0.2ms
[2024-08-27T14:57:48.947+0000][info][gc,phases      ] GC(987)   Merge Heap Roots: 0.6ms
[2024-08-27T14:57:48.947+0000][info][gc,phases      ] GC(987)   Evacuate Collection Set: 11.9ms
[2024-08-27T14:57:48.947+0000][info][gc,phases      ] GC(987)   Post Evacuate Collection Set: 0.6ms
[2024-08-27T14:57:48.947+0000][info][gc,phases      ] GC(987)   Other: 0.3ms
[2024-08-27T14:57:48.947+0000][info][gc,heap        ] GC(987) Eden regions: 28->0(44)
[2024-08-27T14:57:48.947+0000][info][gc,heap        ] GC(987) Survivor regions: 7->7(7)
[2024-08-27T14:57:48.947+0000][info][gc,heap        ] GC(987) Old regions: 944->975
[2024-08-27T14:57:48.947+0000][info][gc,heap        ] GC(987) Archive regions: 2->2
[2024-08-27T14:57:48.947+0000][info][gc,heap        ] GC(987) Humongous regions: 5->5
[2024-08-27T14:57:48.947+0000][info][gc,metaspace   ] GC(987) Metaspace: 100K(320K)->100K(320K) NonClass: 96K(192K)->96K(192K) Class: 4K(128K)->4K(128K)
[2024-08-27T14:57:48.947+0000][info][gc             ] GC(987) Pause Young (Normal) (G1 Preventive Collection) 984M->987M(1024M) 13.754ms
[2024-08-27T14:57:48.947+0000][info][gc,cpu         ] GC(987) User=0.30s Sys=0.00s Real=0.01s
[2024-08-27T14:57:48.954+0000][info][gc,start       ] GC(988) Pause Young (Normal) (G1 Preventive Collection)
[2024-08-27T14:57:48.954+0000][info][gc,task        ] GC(988) Using 24 workers of 68 for evacuation
[2024-08-27T14:57:48.966+0000][info][gc             ] GC(988) To-space exhausted
[2024-08-27T14:57:48.966+0000][info][gc,phases      ] GC(988)   Pre Evacuate Collection Set: 0.2ms
[2024-08-27T14:57:48.966+0000][info][gc,phases      ] GC(988)   Merge Heap Roots: 0.4ms
[2024-08-27T14:57:48.966+0000][info][gc,phases      ] GC(988)   Evacuate Collection Set: 9.7ms
[2024-08-27T14:57:48.966+0000][info][gc,phases      ] GC(988)   Post Evacuate Collection Set: 1.0ms
[2024-08-27T14:57:48.966+0000][info][gc,phases      ] GC(988)   Other: 0.3ms
[2024-08-27T14:57:48.966+0000][info][gc,heap        ] GC(988) Eden regions: 13->0(44)
[2024-08-27T14:57:48.966+0000][info][gc,heap        ] GC(988) Survivor regions: 7->7(7)
[2024-08-27T14:57:48.966+0000][info][gc,heap        ] GC(988) Old regions: 975->997
[2024-08-27T14:57:48.966+0000][info][gc,heap        ] GC(988) Archive regions: 2->2
[2024-08-27T14:57:48.966+0000][info][gc,heap        ] GC(988) Humongous regions: 5->5
[2024-08-27T14:57:48.966+0000][info][gc,metaspace   ] GC(988) Metaspace: 100K(320K)->100K(320K) NonClass: 96K(192K)->96K(192K) Class: 4K(128K)->4K(128K)
[2024-08-27T14:57:48.966+0000][info][gc             ] GC(988) Pause Young (Normal) (G1 Preventive Collection) 1000M->1009M(1024M) 11.689ms
[2024-08-27T14:57:48.966+0000][info][gc,cpu         ] GC(988) User=0.25s Sys=0.00s Real=0.01s
[2024-08-27T14:57:48.968+0000][info][gc,start       ] GC(989) Pause Young (Normal) (G1 Preventive Collection)
[2024-08-27T14:57:48.968+0000][info][gc,task        ] GC(989) Using 24 workers of 68 for evacuation
[2024-08-27T14:57:48.976+0000][info][gc             ] GC(989) To-space exhausted
[2024-08-27T14:57:48.976+0000][info][gc,phases      ] GC(989)   Pre Evacuate Collection Set: 0.2ms
[2024-08-27T14:57:48.976+0000][info][gc,phases      ] GC(989)   Merge Heap Roots: 0.5ms
[2024-08-27T14:57:48.976+0000][info][gc,phases      ] GC(989)   Evacuate Collection Set: 7.1ms
[2024-08-27T14:57:48.976+0000][info][gc,phases      ] GC(989)   Post Evacuate Collection Set: 0.8ms
[2024-08-27T14:57:48.976+0000][info][gc,phases      ] GC(989)   Other: 0.3ms
[2024-08-27T14:57:48.977+0000][info][gc,heap        ] GC(989) Eden regions: 2->0(48)
[2024-08-27T14:57:48.977+0000][info][gc,heap        ] GC(989) Survivor regions: 7->3(7)
[2024-08-27T14:57:48.977+0000][info][gc,heap        ] GC(989) Old regions: 997->1012
[2024-08-27T14:57:48.977+0000][info][gc,heap        ] GC(989) Archive regions: 2->2
[2024-08-27T14:57:48.977+0000][info][gc,heap        ] GC(989) Humongous regions: 5->5
[2024-08-27T14:57:48.977+0000][info][gc,metaspace   ] GC(989) Metaspace: 100K(320K)->100K(320K) NonClass: 96K(192K)->96K(192K) Class: 4K(128K)->4K(128K)
[2024-08-27T14:57:48.977+0000][info][gc             ] GC(989) Pause Young (Normal) (G1 Preventive Collection) 1011M->1020M(1024M) 8.870ms
[2024-08-27T14:57:48.977+0000][info][gc,cpu         ] GC(989) User=0.19s Sys=0.00s Real=0.01s
[2024-08-27T14:57:48.978+0000][info][gc,start       ] GC(990) Pause Young (Normal) (G1 Preventive Collection)
[2024-08-27T14:57:48.978+0000][info][gc,task        ] GC(990) Using 24 workers of 68 for evacuation
[2024-08-27T14:57:48.985+0000][info][gc             ] GC(990) To-space exhausted
[2024-08-27T14:57:48.985+0000][info][gc,phases      ] GC(990)   Pre Evacuate Collection Set: 0.2ms
[2024-08-27T14:57:48.985+0000][info][gc,phases      ] GC(990)   Merge Heap Roots: 0.6ms
[2024-08-27T14:57:48.985+0000][info][gc,phases      ] GC(990)   Evacuate Collection Set: 5.8ms
[2024-08-27T14:57:48.985+0000][info][gc,phases      ] GC(990)   Post Evacuate Collection Set: 1.0ms
[2024-08-27T14:57:48.985+0000][info][gc,phases      ] GC(990)   Other: 0.3ms
[2024-08-27T14:57:48.985+0000][info][gc,heap        ] GC(990) Eden regions: 1->0(50)
[2024-08-27T14:57:48.985+0000][info][gc,heap        ] GC(990) Survivor regions: 3->1(1)
[2024-08-27T14:57:48.985+0000][info][gc,heap        ] GC(990) Old regions: 1012->1016
[2024-08-27T14:57:48.986+0000][info][gc,heap        ] GC(990) Archive regions: 2->2
[2024-08-27T14:57:48.986+0000][info][gc,heap        ] GC(990) Humongous regions: 5->5
[2024-08-27T14:57:48.986+0000][info][gc,metaspace   ] GC(990) Metaspace: 100K(320K)->100K(320K) NonClass: 96K(192K)->96K(192K) Class: 4K(128K)->4K(128K)
[2024-08-27T14:57:48.986+0000][info][gc             ] GC(990) Pause Young (Normal) (G1 Preventive Collection) 1021M->1022M(1024M) 7.920ms
[2024-08-27T14:57:48.986+0000][info][gc,cpu         ] GC(990) User=0.16s Sys=0.01s Real=0.00s
[2024-08-27T14:57:48.986+0000][info][gc,ergo        ] Attempting full compaction
[2024-08-27T14:57:48.986+0000][info][gc,task        ] GC(991) Using 24 workers of 68 for full compaction
[2024-08-27T14:57:48.986+0000][info][gc,start       ] GC(991) Pause Full (G1 Compaction Pause)
[2024-08-27T14:57:48.987+0000][info][gc,phases,start] GC(991) Phase 1: Mark live objects
[2024-08-27T14:57:49.001+0000][info][gc,phases      ] GC(991) Phase 1: Mark live objects 13.948ms
[2024-08-27T14:57:49.001+0000][info][gc,phases,start] GC(991) Phase 2: Prepare for compaction
[2024-08-27T14:57:49.010+0000][info][gc,phases      ] GC(991) Phase 2: Prepare for compaction 8.307ms
[2024-08-27T14:57:49.010+0000][info][gc,phases,start] GC(991) Phase 3: Adjust pointers
[2024-08-27T14:57:49.024+0000][info][gc,phases      ] GC(991) Phase 3: Adjust pointers 14.654ms
[2024-08-27T14:57:49.025+0000][info][gc,phases,start] GC(991) Phase 4: Compact heap
[2024-08-27T14:57:49.054+0000][info][gc,phases      ] GC(991) Phase 4: Compact heap 29.285ms
[2024-08-27T14:57:49.055+0000][info][gc,heap        ] GC(991) Eden regions: 0->0(151)
[2024-08-27T14:57:49.055+0000][info][gc,heap        ] GC(991) Survivor regions: 1->0(1)
[2024-08-27T14:57:49.055+0000][info][gc,heap        ] GC(991) Old regions: 1016->441
[2024-08-27T14:57:49.055+0000][info][gc,heap        ] GC(991) Archive regions: 2->2
[2024-08-27T14:57:49.055+0000][info][gc,heap        ] GC(991) Humongous regions: 5->5
[2024-08-27T14:57:49.055+0000][info][gc,metaspace   ] GC(991) Metaspace: 100K(320K)->100K(320K) NonClass: 96K(192K)->96K(192K) Class: 4K(128K)->4K(128K)
[2024-08-27T14:57:49.055+0000][info][gc             ] GC(991) Pause Full (G1 Compaction Pause) 1022M->436M(1024M) 68.974ms
[2024-08-27T14:57:49.056+0000][info][gc,cpu         ] GC(991) User=1.47s Sys=0.01s Real=0.07s
[2024-08-27T14:57:49.056+0000][info][gc,marking     ] GC(984) Concurrent Rebuild Remembered Sets 187.779ms
[2024-08-27T14:57:49.056+0000][info][gc,marking     ] GC(984) Concurrent Mark Abort
[2024-08-27T14:57:49.056+0000][info][gc             ] GC(984) Concurrent Mark Cycle 215.941ms
[2024-08-27T14:57:49.134+0000][info][gc,start       ] GC(992) Pause Young (Normal) (G1 Evacuation Pause)
[2024-08-27T14:57:49.134+0000][info][gc,task        ] GC(992) Using 24 workers of 68 for evacuation
[2024-08-27T14:57:49.156+0000][info][gc,phases      ] GC(992)   Pre Evacuate Collection Set: 0.2ms
[2024-08-27T14:57:49.156+0000][info][gc,phases      ] GC(992)   Merge Heap Roots: 0.4ms
[2024-08-27T14:57:49.156+0000][info][gc,phases      ] GC(992)   Evacuate Collection Set: 21.2ms
[2024-08-27T14:57:49.156+0000][info][gc,phases      ] GC(992)   Post Evacuate Collection Set: 0.4ms
[2024-08-27T14:57:49.156+0000][info][gc,phases      ] GC(992)   Other: 0.3ms
[2024-08-27T14:57:49.156+0000][info][gc,heap        ] GC(992) Eden regions: 151->0(103)
[2024-08-27T14:57:49.156+0000][info][gc,heap        ] GC(992) Survivor regions: 0->19(19)
[2024-08-27T14:57:49.156+0000][info][gc,heap        ] GC(992) Old regions: 441->569
[2024-08-27T14:57:49.156+0000][info][gc,heap        ] GC(992) Archive regions: 2->2
[2024-08-27T14:57:49.156+0000][info][gc,heap        ] GC(992) Humongous regions: 5->5
[2024-08-27T14:57:49.156+0000][info][gc,metaspace   ] GC(992) Metaspace: 100K(320K)->100K(320K) NonClass: 96K(192K)->96K(192K) Class: 4K(128K)->4K(128K)
[2024-08-27T14:57:49.157+0000][info][gc             ] GC(992) Pause Young (Normal) (G1 Evacuation Pause) 587M->583M(1024M) 22.501ms
[2024-08-27T14:57:49.157+0000][info][gc,cpu         ] GC(992) User=0.52s Sys=0.00s Real=0.02s
[2024-08-27T14:57:49.207+0000][info][gc,start       ] GC(993) Pause Young (Concurrent Start) (G1 Evacuation Pause)
[2024-08-27T14:57:49.207+0000][info][gc,task        ] GC(993) Using 24 workers of 68 for evacuation
[2024-08-27T14:57:49.226+0000][info][gc,phases      ] GC(993)   Pre Evacuate Collection Set: 0.2ms
[2024-08-27T14:57:49.226+0000][info][gc,phases      ] GC(993)   Merge Heap Roots: 0.3ms
[2024-08-27T14:57:49.226+0000][info][gc,phases      ] GC(993)   Evacuate Collection Set: 17.8ms
[2024-08-27T14:57:49.226+0000][info][gc,phases      ] GC(993)   Post Evacuate Collection Set: 0.3ms
[2024-08-27T14:57:49.226+0000][info][gc,phases      ] GC(993)   Other: 0.6ms
[2024-08-27T14:57:49.226+0000][info][gc,heap        ] GC(993) Eden regions: 103->0(70)
[2024-08-27T14:57:49.226+0000][info][gc,heap        ] GC(993) Survivor regions: 19->16(16)
[2024-08-27T14:57:49.226+0000][info][gc,heap        ] GC(993) Old regions: 569->676
[2024-08-27T14:57:49.226+0000][info][gc,heap        ] GC(993) Archive regions: 2->2
[2024-08-27T14:57:49.226+0000][info][gc,heap        ] GC(993) Humongous regions: 5->5
[2024-08-27T14:57:49.226+0000][info][gc,metaspace   ] GC(993) Metaspace: 100K(320K)->100K(320K) NonClass: 96K(192K)->96K(192K) Class: 4K(128K)->4K(128K)
[2024-08-27T14:57:49.226+0000][info][gc             ] GC(993) Pause Young (Concurrent Start) (G1 Evacuation Pause) 686M->687M(1024M) 19.310ms
[2024-08-27T14:57:49.226+0000][info][gc,cpu         ] GC(993) User=0.43s Sys=0.01s Real=0.02s
[2024-08-27T14:57:49.226+0000][info][gc             ] GC(994) Concurrent Mark Cycle
[2024-08-27T14:57:49.226+0000][info][gc,marking     ] GC(994) Concurrent Clear Claimed Marks
[2024-08-27T14:57:49.226+0000][info][gc,marking     ] GC(994) Concurrent Clear Claimed Marks 0.010ms
[2024-08-27T14:57:49.226+0000][info][gc,marking     ] GC(994) Concurrent Scan Root Regions
[2024-08-27T14:57:49.229+0000][info][gc,marking     ] GC(994) Concurrent Scan Root Regions 3.237ms
[2024-08-27T14:57:49.229+0000][info][gc,marking     ] GC(994) Concurrent Mark
[2024-08-27T14:57:49.229+0000][info][gc,marking     ] GC(994) Concurrent Mark From Roots
[2024-08-27T14:57:49.229+0000][info][gc,task        ] GC(994) Using 17 workers of 17 for marking
[2024-08-27T14:57:49.249+0000][info][gc,marking     ] GC(994) Concurrent Mark From Roots 19.046ms
[2024-08-27T14:57:49.249+0000][info][gc,marking     ] GC(994) Concurrent Preclean
[2024-08-27T14:57:49.251+0000][info][gc,marking     ] GC(994) Concurrent Preclean 2.410ms
[2024-08-27T14:57:49.251+0000][info][gc,start       ] GC(994) Pause Remark
[2024-08-27T14:57:49.252+0000][info][gc             ] GC(994) Pause Remark 723M->723M(1024M) 1.122ms
[2024-08-27T14:57:49.253+0000][info][gc,cpu         ] GC(994) User=0.01s Sys=0.00s Real=0.00s
[2024-08-27T14:57:49.253+0000][info][gc,marking     ] GC(994) Concurrent Mark 23.090ms
[2024-08-27T14:57:49.253+0000][info][gc,marking     ] GC(994) Concurrent Rebuild Remembered Sets
[2024-08-27T14:57:49.269+0000][info][gc,start       ] GC(995) Pause Young (Normal) (G1 Evacuation Pause)
[2024-08-27T14:57:49.269+0000][info][gc,task        ] GC(995) Using 24 workers of 68 for evacuation
[2024-08-27T14:57:49.285+0000][info][gc,phases      ] GC(995)   Pre Evacuate Collection Set: 0.2ms
[2024-08-27T14:57:49.285+0000][info][gc,phases      ] GC(995)   Merge Heap Roots: 0.4ms
[2024-08-27T14:57:49.285+0000][info][gc,phases      ] GC(995)   Evacuate Collection Set: 15.0ms
[2024-08-27T14:57:49.285+0000][info][gc,phases      ] GC(995)   Post Evacuate Collection Set: 0.5ms
[2024-08-27T14:57:49.285+0000][info][gc,phases      ] GC(995)   Other: 0.2ms
[2024-08-27T14:57:49.285+0000][info][gc,heap        ] GC(995) Eden regions: 70->0(46)
[2024-08-27T14:57:49.286+0000][info][gc,heap        ] GC(995) Survivor regions: 16->11(11)
[2024-08-27T14:57:49.286+0000][info][gc,heap        ] GC(995) Old regions: 676->755
[2024-08-27T14:57:49.286+0000][info][gc,heap        ] GC(995) Archive regions: 2->2
[2024-08-27T14:57:49.286+0000][info][gc,heap        ] GC(995) Humongous regions: 5->5
[2024-08-27T14:57:49.286+0000][info][gc,metaspace   ] GC(995) Metaspace: 100K(320K)->100K(320K) NonClass: 96K(192K)->96K(192K) Class: 4K(128K)->4K(128K)
[2024-08-27T14:57:49.286+0000][info][gc             ] GC(995) Pause Young (Normal) (G1 Evacuation Pause) 757M->761M(1024M) 16.319ms
[2024-08-27T14:57:49.286+0000][info][gc,cpu         ] GC(995) User=0.37s Sys=0.00s Real=0.02s
[2024-08-27T14:57:49.309+0000][info][gc,start       ] GC(996) Pause Young (Normal) (G1 Evacuation Pause)
[2024-08-27T14:57:49.309+0000][info][gc,task        ] GC(996) Using 24 workers of 68 for evacuation
[2024-08-27T14:57:49.328+0000][info][gc,phases      ] GC(996)   Pre Evacuate Collection Set: 0.2ms
[2024-08-27T14:57:49.328+0000][info][gc,phases      ] GC(996)   Merge Heap Roots: 0.4ms
[2024-08-27T14:57:49.328+0000][info][gc,phases      ] GC(996)   Evacuate Collection Set: 17.5ms
[2024-08-27T14:57:49.328+0000][info][gc,phases      ] GC(996)   Post Evacuate Collection Set: 0.6ms
[2024-08-27T14:57:49.328+0000][info][gc,phases      ] GC(996)   Other: 0.2ms
[2024-08-27T14:57:49.328+0000][info][gc,heap        ] GC(996) Eden regions: 46->0(43)
[2024-08-27T14:57:49.328+0000][info][gc,heap        ] GC(996) Survivor regions: 11->8(8)
[2024-08-27T14:57:49.328+0000][info][gc,heap        ] GC(996) Old regions: 755->809
[2024-08-27T14:57:49.328+0000][info][gc,heap        ] GC(996) Archive regions: 2->2
[2024-08-27T14:57:49.328+0000][info][gc,heap        ] GC(996) Humongous regions: 5->5
[2024-08-27T14:57:49.328+0000][info][gc,metaspace   ] GC(996) Metaspace: 100K(320K)->100K(320K) NonClass: 96K(192K)->96K(192K) Class: 4K(128K)->4K(128K)
[2024-08-27T14:57:49.328+0000][info][gc             ] GC(996) Pause Young (Normal) (G1 Evacuation Pause) 807M->812M(1024M) 18.983ms
[2024-08-27T14:57:49.328+0000][info][gc,cpu         ] GC(996) User=0.42s Sys=0.01s Real=0.02s
[2024-08-27T14:57:49.351+0000][info][gc,start       ] GC(997) Pause Young (Normal) (G1 Evacuation Pause)
[2024-08-27T14:57:49.351+0000][info][gc,task        ] GC(997) Using 24 workers of 68 for evacuation
[2024-08-27T14:57:49.368+0000][info][gc,phases      ] GC(997)   Pre Evacuate Collection Set: 0.2ms
[2024-08-27T14:57:49.368+0000][info][gc,phases      ] GC(997)   Merge Heap Roots: 1.1ms
[2024-08-27T14:57:49.368+0000][info][gc,phases      ] GC(997)   Evacuate Collection Set: 15.5ms
[2024-08-27T14:57:49.368+0000][info][gc,phases      ] GC(997)   Post Evacuate Collection Set: 0.7ms
[2024-08-27T14:57:49.368+0000][info][gc,phases      ] GC(997)   Other: 0.3ms
[2024-08-27T14:57:49.368+0000][info][gc,heap        ] GC(997) Eden regions: 43->0(44)
[2024-08-27T14:57:49.368+0000][info][gc,heap        ] GC(997) Survivor regions: 8->7(7)
[2024-08-27T14:57:49.368+0000][info][gc,heap        ] GC(997) Old regions: 809->858
[2024-08-27T14:57:49.368+0000][info][gc,heap        ] GC(997) Archive regions: 2->2
[2024-08-27T14:57:49.368+0000][info][gc,heap        ] GC(997) Humongous regions: 5->5
[2024-08-27T14:57:49.368+0000][info][gc,metaspace   ] GC(997) Metaspace: 100K(320K)->100K(320K) NonClass: 96K(192K)->96K(192K) Class: 4K(128K)->4K(128K)
[2024-08-27T14:57:49.368+0000][info][gc             ] GC(997) Pause Young (Normal) (G1 Evacuation Pause) 855M->860M(1024M) 17.823ms
[2024-08-27T14:57:49.368+0000][info][gc,cpu         ] GC(997) User=0.41s Sys=0.00s Real=0.01s
[2024-08-27T14:57:49.370+0000][info][gc,marking     ] GC(994) Concurrent Rebuild Remembered Sets 117.694ms
[2024-08-27T14:57:49.370+0000][info][gc,start       ] GC(994) Pause Cleanup
[2024-08-27T14:57:49.371+0000][info][gc             ] GC(994) Pause Cleanup 864M->864M(1024M) 1.025ms
[2024-08-27T14:57:49.372+0000][info][gc,cpu         ] GC(994) User=0.00s Sys=0.00s Real=0.00s
[2024-08-27T14:57:49.372+0000][info][gc,marking     ] GC(994) Concurrent Cleanup for Next Mark
[2024-08-27T14:57:49.372+0000][info][gc,marking     ] GC(994) Concurrent Cleanup for Next Mark 0.639ms
[2024-08-27T14:57:49.372+0000][info][gc             ] GC(994) Concurrent Mark Cycle 146.087ms
[2024-08-27T14:57:49.393+0000][info][gc,start       ] GC(998) Pause Young (Prepare Mixed) (G1 Evacuation Pause)
[2024-08-27T14:57:49.393+0000][info][gc,task        ] GC(998) Using 24 workers of 68 for evacuation
[2024-08-27T14:57:49.410+0000][info][gc,phases      ] GC(998)   Pre Evacuate Collection Set: 0.1ms
[2024-08-27T14:57:49.410+0000][info][gc,phases      ] GC(998)   Merge Heap Roots: 0.5ms
[2024-08-27T14:57:49.410+0000][info][gc,phases      ] GC(998)   Evacuate Collection Set: 15.9ms
[2024-08-27T14:57:49.410+0000][info][gc,phases      ] GC(998)   Post Evacuate Collection Set: 0.3ms
[2024-08-27T14:57:49.410+0000][info][gc,phases      ] GC(998)   Other: 0.2ms
[2024-08-27T14:57:49.410+0000][info][gc,heap        ] GC(998) Eden regions: 44->0(44)
[2024-08-27T14:57:49.410+0000][info][gc,heap        ] GC(998) Survivor regions: 7->7(7)
[2024-08-27T14:57:49.410+0000][info][gc,heap        ] GC(998) Old regions: 858->904
[2024-08-27T14:57:49.410+0000][info][gc,heap        ] GC(998) Archive regions: 2->2
[2024-08-27T14:57:49.410+0000][info][gc,heap        ] GC(998) Humongous regions: 5->5
[2024-08-27T14:57:49.410+0000][info][gc,metaspace   ] GC(998) Metaspace: 100K(320K)->100K(320K) NonClass: 96K(192K)->96K(192K) Class: 4K(128K)->4K(128K)
[2024-08-27T14:57:49.410+0000][info][gc             ] GC(998) Pause Young (Prepare Mixed) (G1 Evacuation Pause) 904M->906M(1024M) 17.160ms
[2024-08-27T14:57:49.410+0000][info][gc,cpu         ] GC(998) User=0.39s Sys=0.01s Real=0.02s
[2024-08-27T14:57:49.432+0000][info][gc,start       ] GC(999) Pause Young (Mixed) (G1 Evacuation Pause)
[2024-08-27T14:57:49.432+0000][info][gc,task        ] GC(999) Using 24 workers of 68 for evacuation
[2024-08-27T14:57:49.443+0000][info][gc,phases      ] GC(999)   Pre Evacuate Collection Set: 0.2ms
[2024-08-27T14:57:49.443+0000][info][gc,phases      ] GC(999)   Merge Heap Roots: 0.3ms
[2024-08-27T14:57:49.443+0000][info][gc,phases      ] GC(999)   Evacuate Collection Set: 10.4ms
[2024-08-27T14:57:49.443+0000][info][gc,phases      ] GC(999)   Post Evacuate Collection Set: 0.3ms
[2024-08-27T14:57:49.443+0000][info][gc,phases      ] GC(999)   Other: 0.2ms
[2024-08-27T14:57:49.443+0000][info][gc,heap        ] GC(999) Eden regions: 44->0(44)
[2024-08-27T14:57:49.443+0000][info][gc,heap        ] GC(999) Survivor regions: 7->7(7)
[2024-08-27T14:57:49.443+0000][info][gc,heap        ] GC(999) Old regions: 904->848
[2024-08-27T14:57:49.443+0000][info][gc,heap        ] GC(999) Archive regions: 2->2
[2024-08-27T14:57:49.443+0000][info][gc,heap        ] GC(999) Humongous regions: 5->5
[2024-08-27T14:57:49.443+0000][info][gc,metaspace   ] GC(999) Metaspace: 100K(320K)->100K(320K) NonClass: 96K(192K)->96K(192K) Class: 4K(128K)->4K(128K)
[2024-08-27T14:57:49.443+0000][info][gc             ] GC(999) Pause Young (Mixed) (G1 Evacuation Pause) 950M->850M(1024M) 11.471ms
[2024-08-27T14:57:49.443+0000][info][gc,cpu         ] GC(999) User=0.25s Sys=0.00s Real=0.01s
[2024-08-27T14:57:49.465+0000][info][gc,start       ] GC(1000) Pause Young (Mixed) (G1 Evacuation Pause)
[2024-08-27T14:57:49.465+0000][info][gc,task        ] GC(1000) Using 24 workers of 68 for evacuation
[2024-08-27T14:57:49.476+0000][info][gc,phases      ] GC(1000)   Pre Evacuate Collection Set: 0.2ms
[2024-08-27T14:57:49.476+0000][info][gc,phases      ] GC(1000)   Merge Heap Roots: 0.3ms
[2024-08-27T14:57:49.476+0000][info][gc,phases      ] GC(1000)   Evacuate Collection Set: 9.9ms
[2024-08-27T14:57:49.476+0000][info][gc,phases      ] GC(1000)   Post Evacuate Collection Set: 0.4ms
[2024-08-27T14:57:49.476+0000][info][gc,phases      ] GC(1000)   Other: 0.3ms
[2024-08-27T14:57:49.476+0000][info][gc,heap        ] GC(1000) Eden regions: 44->0(44)
[2024-08-27T14:57:49.476+0000][info][gc,heap        ] GC(1000) Survivor regions: 7->7(7)
[2024-08-27T14:57:49.476+0000][info][gc,heap        ] GC(1000) Old regions: 848->812
[2024-08-27T14:57:49.476+0000][info][gc,heap        ] GC(1000) Archive regions: 2->2
[2024-08-27T14:57:49.476+0000][info][gc,heap        ] GC(1000) Humongous regions: 5->5
[2024-08-27T14:57:49.476+0000][info][gc,metaspace   ] GC(1000) Metaspace: 100K(320K)->100K(320K) NonClass: 96K(192K)->96K(192K) Class: 4K(128K)->4K(128K)
[2024-08-27T14:57:49.476+0000][info][gc             ] GC(1000) Pause Young (Mixed) (G1 Evacuation Pause) 894M->814M(1024M) 11.133ms
[2024-08-27T14:57:49.476+0000][info][gc,cpu         ] GC(1000) User=0.24s Sys=0.00s Real=0.01s
[2024-08-27T14:57:49.496+0000][info][gc,start       ] GC(1001) Pause Young (Concurrent Start) (G1 Evacuation Pause)
[2024-08-27T14:57:49.496+0000][info][gc,task        ] GC(1001) Using 24 workers of 68 for evacuation
[2024-08-27T14:57:49.507+0000][info][gc,phases      ] GC(1001)   Pre Evacuate Collection Set: 0.2ms
[2024-08-27T14:57:49.507+0000][info][gc,phases      ] GC(1001)   Merge Heap Roots: 0.3ms
[2024-08-27T14:57:49.507+0000][info][gc,phases      ] GC(1001)   Evacuate Collection Set: 9.4ms
[2024-08-27T14:57:49.507+0000][info][gc,phases      ] GC(1001)   Post Evacuate Collection Set: 0.4ms
[2024-08-27T14:57:49.508+0000][info][gc,phases      ] GC(1001)   Other: 0.9ms
[2024-08-27T14:57:49.508+0000][info][gc,heap        ] GC(1001) Eden regions: 44->0(44)
[2024-08-27T14:57:49.508+0000][info][gc,heap        ] GC(1001) Survivor regions: 7->7(7)
[2024-08-27T14:57:49.508+0000][info][gc,heap        ] GC(1001) Old regions: 812->858
[2024-08-27T14:57:49.508+0000][info][gc,heap        ] GC(1001) Archive regions: 2->2
[2024-08-27T14:57:49.508+0000][info][gc,heap        ] GC(1001) Humongous regions: 5->5
[2024-08-27T14:57:49.508+0000][info][gc,metaspace   ] GC(1001) Metaspace: 100K(320K)->100K(320K) NonClass: 96K(192K)->96K(192K) Class: 4K(128K)->4K(128K)
[2024-08-27T14:57:49.508+0000][info][gc             ] GC(1001) Pause Young (Concurrent Start) (G1 Evacuation Pause) 858M->861M(1024M) 11.213ms
[2024-08-27T14:57:49.508+0000][info][gc,cpu         ] GC(1001) User=0.23s Sys=0.00s Real=0.01s
[2024-08-27T14:57:49.508+0000][info][gc             ] GC(1002) Concurrent Mark Cycle
[2024-08-27T14:57:49.508+0000][info][gc,marking     ] GC(1002) Concurrent Clear Claimed Marks
[2024-08-27T14:57:49.508+0000][info][gc,marking     ] GC(1002) Concurrent Clear Claimed Marks 0.015ms
[2024-08-27T14:57:49.508+0000][info][gc,marking     ] GC(1002) Concurrent Scan Root Regions
[2024-08-27T14:57:49.509+0000][info][gc,marking     ] GC(1002) Concurrent Scan Root Regions 1.644ms
[2024-08-27T14:57:49.509+0000][info][gc,marking     ] GC(1002) Concurrent Mark
[2024-08-27T14:57:49.509+0000][info][gc,marking     ] GC(1002) Concurrent Mark From Roots
[2024-08-27T14:57:49.509+0000][info][gc,task        ] GC(1002) Using 17 workers of 17 for marking
[2024-08-27T14:57:49.532+0000][info][gc,marking     ] GC(1002) Concurrent Mark From Roots 22.592ms
[2024-08-27T14:57:49.532+0000][info][gc,marking     ] GC(1002) Concurrent Preclean
[2024-08-27T14:57:49.533+0000][info][gc,marking     ] GC(1002) Concurrent Preclean 0.677ms
[2024-08-27T14:57:49.533+0000][info][gc,start       ] GC(1002) Pause Remark
[2024-08-27T14:57:49.535+0000][info][gc             ] GC(1002) Pause Remark 896M->896M(1024M) 1.638ms
[2024-08-27T14:57:49.535+0000][info][gc,cpu         ] GC(1002) User=0.01s Sys=0.00s Real=0.00s
[2024-08-27T14:57:49.535+0000][info][gc,marking     ] GC(1002) Concurrent Mark 25.368ms
[2024-08-27T14:57:49.535+0000][info][gc,marking     ] GC(1002) Concurrent Rebuild Remembered Sets
[2024-08-27T14:57:49.540+0000][info][gc,start       ] GC(1003) Pause Young (Normal) (G1 Evacuation Pause)
[2024-08-27T14:57:49.540+0000][info][gc,task        ] GC(1003) Using 24 workers of 68 for evacuation
[2024-08-27T14:57:49.551+0000][info][gc,phases      ] GC(1003)   Pre Evacuate Collection Set: 0.2ms
[2024-08-27T14:57:49.551+0000][info][gc,phases      ] GC(1003)   Merge Heap Roots: 0.4ms
[2024-08-27T14:57:49.551+0000][info][gc,phases      ] GC(1003)   Evacuate Collection Set: 9.2ms
[2024-08-27T14:57:49.551+0000][info][gc,phases      ] GC(1003)   Post Evacuate Collection Set: 0.4ms
[2024-08-27T14:57:49.551+0000][info][gc,phases      ] GC(1003)   Other: 0.2ms
[2024-08-27T14:57:49.551+0000][info][gc,heap        ] GC(1003) Eden regions: 44->0(44)
[2024-08-27T14:57:49.551+0000][info][gc,heap        ] GC(1003) Survivor regions: 7->7(7)
[2024-08-27T14:57:49.551+0000][info][gc,heap        ] GC(1003) Old regions: 858->905
[2024-08-27T14:57:49.551+0000][info][gc,heap        ] GC(1003) Archive regions: 2->2
[2024-08-27T14:57:49.551+0000][info][gc,heap        ] GC(1003) Humongous regions: 5->5
[2024-08-27T14:57:49.551+0000][info][gc,metaspace   ] GC(1003) Metaspace: 100K(320K)->100K(320K) NonClass: 96K(192K)->96K(192K) Class: 4K(128K)->4K(128K)
[2024-08-27T14:57:49.551+0000][info][gc             ] GC(1003) Pause Young (Normal) (G1 Evacuation Pause) 905M->908M(1024M) 10.431ms
[2024-08-27T14:57:49.551+0000][info][gc,cpu         ] GC(1003) User=0.23s Sys=0.00s Real=0.01s
[2024-08-27T14:57:49.574+0000][info][gc,start       ] GC(1004) Pause Young (Normal) (G1 Evacuation Pause)
[2024-08-27T14:57:49.574+0000][info][gc,task        ] GC(1004) Using 24 workers of 68 for evacuation
[2024-08-27T14:57:49.588+0000][info][gc,phases      ] GC(1004)   Pre Evacuate Collection Set: 0.1ms
[2024-08-27T14:57:49.588+0000][info][gc,phases      ] GC(1004)   Merge Heap Roots: 0.4ms
[2024-08-27T14:57:49.588+0000][info][gc,phases      ] GC(1004)   Evacuate Collection Set: 12.6ms
[2024-08-27T14:57:49.588+0000][info][gc,phases      ] GC(1004)   Post Evacuate Collection Set: 0.5ms
[2024-08-27T14:57:49.588+0000][info][gc,phases      ] GC(1004)   Other: 0.2ms
[2024-08-27T14:57:49.588+0000][info][gc,heap        ] GC(1004) Eden regions: 44->0(44)
[2024-08-27T14:57:49.588+0000][info][gc,heap        ] GC(1004) Survivor regions: 7->7(7)
[2024-08-27T14:57:49.588+0000][info][gc,heap        ] GC(1004) Old regions: 905->951
[2024-08-27T14:57:49.588+0000][info][gc,heap        ] GC(1004) Archive regions: 2->2
[2024-08-27T14:57:49.588+0000][info][gc,heap        ] GC(1004) Humongous regions: 5->5
[2024-08-27T14:57:49.588+0000][info][gc,metaspace   ] GC(1004) Metaspace: 100K(320K)->100K(320K) NonClass: 96K(192K)->96K(192K) Class: 4K(128K)->4K(128K)
[2024-08-27T14:57:49.588+0000][info][gc             ] GC(1004) Pause Young (Normal) (G1 Evacuation Pause) 952M->954M(1024M) 13.961ms
[2024-08-27T14:57:49.588+0000][info][gc,cpu         ] GC(1004) User=0.31s Sys=0.00s Real=0.01s
[2024-08-27T14:57:49.601+0000][info][gc,start       ] GC(1005) Pause Young (Normal) (G1 Preventive Collection)
[2024-08-27T14:57:49.601+0000][info][gc,task        ] GC(1005) Using 24 workers of 68 for evacuation
[2024-08-27T14:57:49.613+0000][info][gc,phases      ] GC(1005)   Pre Evacuate Collection Set: 0.2ms
[2024-08-27T14:57:49.613+0000][info][gc,phases      ] GC(1005)   Merge Heap Roots: 0.5ms
[2024-08-27T14:57:49.613+0000][info][gc,phases      ] GC(1005)   Evacuate Collection Set: 10.8ms
[2024-08-27T14:57:49.613+0000][info][gc,phases      ] GC(1005)   Post Evacuate Collection Set: 0.6ms
[2024-08-27T14:57:49.613+0000][info][gc,phases      ] GC(1005)   Other: 0.2ms
[2024-08-27T14:57:49.613+0000][info][gc,heap        ] GC(1005) Eden regions: 24->0(44)
[2024-08-27T14:57:49.613+0000][info][gc,heap        ] GC(1005) Survivor regions: 7->7(7)
[2024-08-27T14:57:49.613+0000][info][gc,heap        ] GC(1005) Old regions: 951->979
[2024-08-27T14:57:49.613+0000][info][gc,heap        ] GC(1005) Archive regions: 2->2
[2024-08-27T14:57:49.613+0000][info][gc,heap        ] GC(1005) Humongous regions: 5->5
[2024-08-27T14:57:49.613+0000][info][gc,metaspace   ] GC(1005) Metaspace: 100K(320K)->100K(320K) NonClass: 96K(192K)->96K(192K) Class: 4K(128K)->4K(128K)
[2024-08-27T14:57:49.613+0000][info][gc             ] GC(1005) Pause Young (Normal) (G1 Preventive Collection) 978M->981M(1024M) 12.363ms
[2024-08-27T14:57:49.613+0000][info][gc,cpu         ] GC(1005) User=0.28s Sys=0.00s Real=0.01s
[2024-08-27T14:57:49.619+0000][info][gc,start       ] GC(1006) Pause Young (Normal) (G1 Preventive Collection)
[2024-08-27T14:57:49.619+0000][info][gc,task        ] GC(1006) Using 24 workers of 68 for evacuation
[2024-08-27T14:57:49.629+0000][info][gc,phases      ] GC(1006)   Pre Evacuate Collection Set: 0.1ms
[2024-08-27T14:57:49.629+0000][info][gc,phases      ] GC(1006)   Merge Heap Roots: 0.4ms
[2024-08-27T14:57:49.629+0000][info][gc,phases      ] GC(1006)   Evacuate Collection Set: 8.7ms
[2024-08-27T14:57:49.629+0000][info][gc,phases      ] GC(1006)   Post Evacuate Collection Set: 0.6ms
[2024-08-27T14:57:49.629+0000][info][gc,phases      ] GC(1006)   Other: 0.1ms
[2024-08-27T14:57:49.629+0000][info][gc,heap        ] GC(1006) Eden regions: 11->0(44)
[2024-08-27T14:57:49.629+0000][info][gc,heap        ] GC(1006) Survivor regions: 7->7(7)
[2024-08-27T14:57:49.629+0000][info][gc,heap        ] GC(1006) Old regions: 979->992
[2024-08-27T14:57:49.629+0000][info][gc,heap        ] GC(1006) Archive regions: 2->2
[2024-08-27T14:57:49.629+0000][info][gc,heap        ] GC(1006) Humongous regions: 5->5
[2024-08-27T14:57:49.629+0000][info][gc,metaspace   ] GC(1006) Metaspace: 100K(320K)->100K(320K) NonClass: 96K(192K)->96K(192K) Class: 4K(128K)->4K(128K)
[2024-08-27T14:57:49.629+0000][info][gc             ] GC(1006) Pause Young (Normal) (G1 Preventive Collection) 992M->995M(1024M) 10.013ms
[2024-08-27T14:57:49.629+0000][info][gc,cpu         ] GC(1006) User=0.23s Sys=0.00s Real=0.00s
[2024-08-27T14:57:49.632+0000][info][gc,start       ] GC(1007) Pause Young (Normal) (G1 Preventive Collection)
[2024-08-27T14:57:49.632+0000][info][gc,task        ] GC(1007) Using 24 workers of 68 for evacuation
[2024-08-27T14:57:49.641+0000][info][gc             ] GC(1007) To-space exhausted
[2024-08-27T14:57:49.641+0000][info][gc,phases      ] GC(1007)   Pre Evacuate Collection Set: 0.2ms
[2024-08-27T14:57:49.641+0000][info][gc,phases      ] GC(1007)   Merge Heap Roots: 0.6ms
[2024-08-27T14:57:49.641+0000][info][gc,phases      ] GC(1007)   Evacuate Collection Set: 7.0ms
[2024-08-27T14:57:49.641+0000][info][gc,phases      ] GC(1007)   Post Evacuate Collection Set: 0.8ms
[2024-08-27T14:57:49.641+0000][info][gc,phases      ] GC(1007)   Other: 0.2ms
[2024-08-27T14:57:49.641+0000][info][gc,heap        ] GC(1007) Eden regions: 5->0(47)
[2024-08-27T14:57:49.641+0000][info][gc,heap        ] GC(1007) Survivor regions: 7->4(7)
[2024-08-27T14:57:49.641+0000][info][gc,heap        ] GC(1007) Old regions: 992->1013
[2024-08-27T14:57:49.641+0000][info][gc,heap        ] GC(1007) Archive regions: 2->2
[2024-08-27T14:57:49.641+0000][info][gc,heap        ] GC(1007) Humongous regions: 5->5
[2024-08-27T14:57:49.641+0000][info][gc,metaspace   ] GC(1007) Metaspace: 100K(320K)->100K(320K) NonClass: 96K(192K)->96K(192K) Class: 4K(128K)->4K(128K)
[2024-08-27T14:57:49.641+0000][info][gc             ] GC(1007) Pause Young (Normal) (G1 Preventive Collection) 1000M->1013M(1024M) 8.779ms
[2024-08-27T14:57:49.641+0000][info][gc,cpu         ] GC(1007) User=0.19s Sys=0.00s Real=0.01s
[2024-08-27T14:57:49.641+0000][info][gc,ergo        ] Attempting full compaction
[2024-08-27T14:57:49.641+0000][info][gc,task        ] GC(1008) Using 24 workers of 68 for full compaction
[2024-08-27T14:57:49.641+0000][info][gc,start       ] GC(1008) Pause Full (G1 Compaction Pause)
[2024-08-27T14:57:49.642+0000][info][gc,phases,start] GC(1008) Phase 1: Mark live objects
[2024-08-27T14:57:49.656+0000][info][gc,phases      ] GC(1008) Phase 1: Mark live objects 14.033ms
[2024-08-27T14:57:49.656+0000][info][gc,phases,start] GC(1008) Phase 2: Prepare for compaction
[2024-08-27T14:57:49.664+0000][info][gc,phases      ] GC(1008) Phase 2: Prepare for compaction 7.760ms
[2024-08-27T14:57:49.664+0000][info][gc,phases,start] GC(1008) Phase 3: Adjust pointers
[2024-08-27T14:57:49.678+0000][info][gc,phases      ] GC(1008) Phase 3: Adjust pointers 14.642ms
[2024-08-27T14:57:49.678+0000][info][gc,phases,start] GC(1008) Phase 4: Compact heap
[2024-08-27T14:57:49.706+0000][info][gc,phases      ] GC(1008) Phase 4: Compact heap 27.281ms
[2024-08-27T14:57:49.707+0000][info][gc,heap        ] GC(1008) Eden regions: 0->0(149)
[2024-08-27T14:57:49.707+0000][info][gc,heap        ] GC(1008) Survivor regions: 4->0(7)
[2024-08-27T14:57:49.707+0000][info][gc,heap        ] GC(1008) Old regions: 1013->446
[2024-08-27T14:57:49.707+0000][info][gc,heap        ] GC(1008) Archive regions: 2->2
[2024-08-27T14:57:49.707+0000][info][gc,heap        ] GC(1008) Humongous regions: 5->5
[2024-08-27T14:57:49.707+0000][info][gc,metaspace   ] GC(1008) Metaspace: 100K(320K)->100K(320K) NonClass: 96K(192K)->96K(192K) Class: 4K(128K)->4K(128K)
[2024-08-27T14:57:49.707+0000][info][gc             ] GC(1008) Pause Full (G1 Compaction Pause) 1013M->437M(1024M) 65.886ms
[2024-08-27T14:57:49.707+0000][info][gc,cpu         ] GC(1008) User=1.43s Sys=0.00s Real=0.06s
[2024-08-27T14:57:49.707+0000][info][gc,marking     ] GC(1002) Concurrent Rebuild Remembered Sets 172.585ms
[2024-08-27T14:57:49.707+0000][info][gc,marking     ] GC(1002) Concurrent Mark Abort
[2024-08-27T14:57:49.708+0000][info][gc             ] GC(1002) Concurrent Mark Cycle 199.800ms
[2024-08-27T14:57:49.785+0000][info][gc,start       ] GC(1009) Pause Young (Normal) (G1 Evacuation Pause)
[2024-08-27T14:57:49.785+0000][info][gc,task        ] GC(1009) Using 24 workers of 68 for evacuation
[2024-08-27T14:57:49.807+0000][info][gc,phases      ] GC(1009)   Pre Evacuate Collection Set: 0.2ms
[2024-08-27T14:57:49.807+0000][info][gc,phases      ] GC(1009)   Merge Heap Roots: 0.3ms
[2024-08-27T14:57:49.807+0000][info][gc,phases      ] GC(1009)   Evacuate Collection Set: 20.7ms
[2024-08-27T14:57:49.807+0000][info][gc,phases      ] GC(1009)   Post Evacuate Collection Set: 0.3ms
[2024-08-27T14:57:49.807+0000][info][gc,phases      ] GC(1009)   Other: 0.2ms
[2024-08-27T14:57:49.807+0000][info][gc,heap        ] GC(1009) Eden regions: 149->0(102)
[2024-08-27T14:57:49.807+0000][info][gc,heap        ] GC(1009) Survivor regions: 0->19(19)
[2024-08-27T14:57:49.807+0000][info][gc,heap        ] GC(1009) Old regions: 446->572
[2024-08-27T14:57:49.807+0000][info][gc,heap        ] GC(1009) Archive regions: 2->2
[2024-08-27T14:57:49.807+0000][info][gc,heap        ] GC(1009) Humongous regions: 5->5
[2024-08-27T14:57:49.807+0000][info][gc,metaspace   ] GC(1009) Metaspace: 100K(320K)->100K(320K) NonClass: 96K(192K)->96K(192K) Class: 4K(128K)->4K(128K)
[2024-08-27T14:57:49.807+0000][info][gc             ] GC(1009) Pause Young (Normal) (G1 Evacuation Pause) 586M->582M(1024M) 21.882ms
[2024-08-27T14:57:49.807+0000][info][gc,cpu         ] GC(1009) User=0.50s Sys=0.01s Real=0.02s
[2024-08-27T14:57:49.855+0000][info][gc,start       ] GC(1010) Pause Young (Concurrent Start) (G1 Evacuation Pause)
[2024-08-27T14:57:49.855+0000][info][gc,task        ] GC(1010) Using 24 workers of 68 for evacuation
[2024-08-27T14:57:49.875+0000][info][gc,phases      ] GC(1010)   Pre Evacuate Collection Set: 0.2ms
[2024-08-27T14:57:49.875+0000][info][gc,phases      ] GC(1010)   Merge Heap Roots: 0.4ms
[2024-08-27T14:57:49.875+0000][info][gc,phases      ] GC(1010)   Evacuate Collection Set: 18.3ms
[2024-08-27T14:57:49.875+0000][info][gc,phases      ] GC(1010)   Post Evacuate Collection Set: 0.3ms
[2024-08-27T14:57:49.875+0000][info][gc,phases      ] GC(1010)   Other: 0.6ms
[2024-08-27T14:57:49.875+0000][info][gc,heap        ] GC(1010) Eden regions: 102->0(69)
[2024-08-27T14:57:49.875+0000][info][gc,heap        ] GC(1010) Survivor regions: 19->16(16)
[2024-08-27T14:57:49.875+0000][info][gc,heap        ] GC(1010) Old regions: 572->679
[2024-08-27T14:57:49.875+0000][info][gc,heap        ] GC(1010) Archive regions: 2->2
[2024-08-27T14:57:49.875+0000][info][gc,heap        ] GC(1010) Humongous regions: 5->5
[2024-08-27T14:57:49.875+0000][info][gc,metaspace   ] GC(1010) Metaspace: 100K(320K)->100K(320K) NonClass: 96K(192K)->96K(192K) Class: 4K(128K)->4K(128K)
[2024-08-27T14:57:49.875+0000][info][gc             ] GC(1010) Pause Young (Concurrent Start) (G1 Evacuation Pause) 684M->686M(1024M) 19.867ms
[2024-08-27T14:57:49.875+0000][info][gc,cpu         ] GC(1010) User=0.45s Sys=0.00s Real=0.02s
[2024-08-27T14:57:49.875+0000][info][gc             ] GC(1011) Concurrent Mark Cycle
[2024-08-27T14:57:49.875+0000][info][gc,marking     ] GC(1011) Concurrent Clear Claimed Marks
[2024-08-27T14:57:49.875+0000][info][gc,marking     ] GC(1011) Concurrent Clear Claimed Marks 0.011ms
[2024-08-27T14:57:49.875+0000][info][gc,marking     ] GC(1011) Concurrent Scan Root Regions
[2024-08-27T14:57:49.879+0000][info][gc,marking     ] GC(1011) Concurrent Scan Root Regions 3.539ms
[2024-08-27T14:57:49.879+0000][info][gc,marking     ] GC(1011) Concurrent Mark
[2024-08-27T14:57:49.879+0000][info][gc,marking     ] GC(1011) Concurrent Mark From Roots
[2024-08-27T14:57:49.879+0000][info][gc,task        ] GC(1011) Using 17 workers of 17 for marking
[2024-08-27T14:57:49.898+0000][info][gc,marking     ] GC(1011) Concurrent Mark From Roots 19.653ms
[2024-08-27T14:57:49.898+0000][info][gc,marking     ] GC(1011) Concurrent Preclean
[2024-08-27T14:57:49.899+0000][info][gc,marking     ] GC(1011) Concurrent Preclean 0.494ms
[2024-08-27T14:57:49.899+0000][info][gc,start       ] GC(1011) Pause Remark
[2024-08-27T14:57:49.900+0000][info][gc             ] GC(1011) Pause Remark 718M->718M(1024M) 1.115ms
[2024-08-27T14:57:49.900+0000][info][gc,cpu         ] GC(1011) User=0.00s Sys=0.00s Real=0.00s
[2024-08-27T14:57:49.900+0000][info][gc,marking     ] GC(1011) Concurrent Mark 21.586ms
[2024-08-27T14:57:49.900+0000][info][gc,marking     ] GC(1011) Concurrent Rebuild Remembered Sets
[2024-08-27T14:57:49.914+0000][info][gc,marking     ] GC(1011) Concurrent Rebuild Remembered Sets 14.205ms
[2024-08-27T14:57:49.915+0000][info][gc,start       ] GC(1011) Pause Cleanup
[2024-08-27T14:57:49.916+0000][info][gc             ] GC(1011) Pause Cleanup 740M->740M(1024M) 1.377ms
[2024-08-27T14:57:49.916+0000][info][gc,cpu         ] GC(1011) User=0.01s Sys=0.00s Real=0.00s
[2024-08-27T14:57:49.916+0000][info][gc,marking     ] GC(1011) Concurrent Cleanup for Next Mark
[2024-08-27T14:57:49.917+0000][info][gc,marking     ] GC(1011) Concurrent Cleanup for Next Mark 0.618ms
[2024-08-27T14:57:49.917+0000][info][gc             ] GC(1011) Concurrent Mark Cycle 41.944ms
[2024-08-27T14:57:49.924+0000][info][gc,start       ] GC(1012) Pause Young (Prepare Mixed) (G1 Evacuation Pause)
[2024-08-27T14:57:49.924+0000][info][gc,task        ] GC(1012) Using 24 workers of 68 for evacuation
[2024-08-27T14:57:49.939+0000][info][gc,phases      ] GC(1012)   Pre Evacuate Collection Set: 0.2ms
[2024-08-27T14:57:49.940+0000][info][gc,phases      ] GC(1012)   Merge Heap Roots: 0.3ms
[2024-08-27T14:57:49.940+0000][info][gc,phases      ] GC(1012)   Evacuate Collection Set: 14.3ms
[2024-08-27T14:57:49.940+0000][info][gc,phases      ] GC(1012)   Post Evacuate Collection Set: 0.3ms
[2024-08-27T14:57:49.940+0000][info][gc,phases      ] GC(1012)   Other: 0.2ms
[2024-08-27T14:57:49.940+0000][info][gc,heap        ] GC(1012) Eden regions: 69->0(40)
[2024-08-27T14:57:49.940+0000][info][gc,heap        ] GC(1012) Survivor regions: 16->11(11)
[2024-08-27T14:57:49.940+0000][info][gc,heap        ] GC(1012) Old regions: 679->757
[2024-08-27T14:57:49.940+0000][info][gc,heap        ] GC(1012) Archive regions: 2->2
[2024-08-27T14:57:49.940+0000][info][gc,heap        ] GC(1012) Humongous regions: 5->5
[2024-08-27T14:57:49.940+0000][info][gc,metaspace   ] GC(1012) Metaspace: 100K(320K)->100K(320K) NonClass: 96K(192K)->96K(192K) Class: 4K(128K)->4K(128K)
[2024-08-27T14:57:49.940+0000][info][gc             ] GC(1012) Pause Young (Prepare Mixed) (G1 Evacuation Pause) 755M->759M(1024M) 15.448ms
[2024-08-27T14:57:49.940+0000][info][gc,cpu         ] GC(1012) User=0.36s Sys=0.00s Real=0.02s
[2024-08-27T14:57:49.958+0000][info][gc,start       ] GC(1013) Pause Young (Mixed) (G1 Evacuation Pause)
[2024-08-27T14:57:49.959+0000][info][gc,task        ] GC(1013) Using 24 workers of 68 for evacuation
[2024-08-27T14:57:49.971+0000][info][gc,phases      ] GC(1013)   Pre Evacuate Collection Set: 0.2ms
[2024-08-27T14:57:49.971+0000][info][gc,phases      ] GC(1013)   Merge Heap Roots: 0.3ms
[2024-08-27T14:57:49.971+0000][info][gc,phases      ] GC(1013)   Evacuate Collection Set: 11.5ms
[2024-08-27T14:57:49.971+0000][info][gc,phases      ] GC(1013)   Post Evacuate Collection Set: 0.4ms
[2024-08-27T14:57:49.971+0000][info][gc,phases      ] GC(1013)   Other: 0.2ms
[2024-08-27T14:57:49.971+0000][info][gc,heap        ] GC(1013) Eden regions: 40->0(44)
[2024-08-27T14:57:49.971+0000][info][gc,heap        ] GC(1013) Survivor regions: 11->7(7)
[2024-08-27T14:57:49.971+0000][info][gc,heap        ] GC(1013) Old regions: 757->703
[2024-08-27T14:57:49.971+0000][info][gc,heap        ] GC(1013) Archive regions: 2->2
[2024-08-27T14:57:49.971+0000][info][gc,heap        ] GC(1013) Humongous regions: 5->5
[2024-08-27T14:57:49.971+0000][info][gc,metaspace   ] GC(1013) Metaspace: 100K(320K)->100K(320K) NonClass: 96K(192K)->96K(192K) Class: 4K(128K)->4K(128K)
[2024-08-27T14:57:49.971+0000][info][gc             ] GC(1013) Pause Young (Mixed) (G1 Evacuation Pause) 799M->702M(1024M) 12.717ms
[2024-08-27T14:57:49.971+0000][info][gc,cpu         ] GC(1013) User=0.28s Sys=0.00s Real=0.01s
[2024-08-27T14:57:49.992+0000][info][gc,start       ] GC(1014) Pause Young (Mixed) (G1 Evacuation Pause)
[2024-08-27T14:57:49.992+0000][info][gc,task        ] GC(1014) Using 24 workers of 68 for evacuation
[2024-08-27T14:57:50.004+0000][info][gc,phases      ] GC(1014)   Pre Evacuate Collection Set: 0.2ms
[2024-08-27T14:57:50.004+0000][info][gc,phases      ] GC(1014)   Merge Heap Roots: 0.3ms
[2024-08-27T14:57:50.004+0000][info][gc,phases      ] GC(1014)   Evacuate Collection Set: 10.5ms
[2024-08-27T14:57:50.004+0000][info][gc,phases      ] GC(1014)   Post Evacuate Collection Set: 0.3ms
[2024-08-27T14:57:50.004+0000][info][gc,phases      ] GC(1014)   Other: 0.3ms
[2024-08-27T14:57:50.004+0000][info][gc,heap        ] GC(1014) Eden regions: 44->0(77)
[2024-08-27T14:57:50.004+0000][info][gc,heap        ] GC(1014) Survivor regions: 7->7(7)
[2024-08-27T14:57:50.004+0000][info][gc,heap        ] GC(1014) Old regions: 703->664
[2024-08-27T14:57:50.004+0000][info][gc,heap        ] GC(1014) Archive regions: 2->2
[2024-08-27T14:57:50.004+0000][info][gc,heap        ] GC(1014) Humongous regions: 5->5
[2024-08-27T14:57:50.004+0000][info][gc,metaspace   ] GC(1014) Metaspace: 100K(320K)->100K(320K) NonClass: 96K(192K)->96K(192K) Class: 4K(128K)->4K(128K)
[2024-08-27T14:57:50.004+0000][info][gc             ] GC(1014) Pause Young (Mixed) (G1 Evacuation Pause) 746M->662M(1024M) 11.786ms
[2024-08-27T14:57:50.004+0000][info][gc,cpu         ] GC(1014) User=0.26s Sys=0.00s Real=0.01s
[2024-08-27T14:57:50.039+0000][info][gc,start       ] GC(1015) Pause Young (Concurrent Start) (G1 Evacuation Pause)
[2024-08-27T14:57:50.039+0000][info][gc,task        ] GC(1015) Using 24 workers of 68 for evacuation
[2024-08-27T14:57:50.054+0000][info][gc,phases      ] GC(1015)   Pre Evacuate Collection Set: 0.2ms
[2024-08-27T14:57:50.054+0000][info][gc,phases      ] GC(1015)   Merge Heap Roots: 0.3ms
[2024-08-27T14:57:50.054+0000][info][gc,phases      ] GC(1015)   Evacuate Collection Set: 13.8ms
[2024-08-27T14:57:50.054+0000][info][gc,phases      ] GC(1015)   Post Evacuate Collection Set: 0.3ms
[2024-08-27T14:57:50.054+0000][info][gc,phases      ] GC(1015)   Other: 0.6ms
[2024-08-27T14:57:50.054+0000][info][gc,heap        ] GC(1015) Eden regions: 77->0(51)
[2024-08-27T14:57:50.054+0000][info][gc,heap        ] GC(1015) Survivor regions: 7->11(11)
[2024-08-27T14:57:50.054+0000][info][gc,heap        ] GC(1015) Old regions: 664->739
[2024-08-27T14:57:50.054+0000][info][gc,heap        ] GC(1015) Archive regions: 2->2
[2024-08-27T14:57:50.054+0000][info][gc,heap        ] GC(1015) Humongous regions: 5->5
[2024-08-27T14:57:50.054+0000][info][gc,metaspace   ] GC(1015) Metaspace: 100K(320K)->100K(320K) NonClass: 96K(192K)->96K(192K) Class: 4K(128K)->4K(128K)
[2024-08-27T14:57:50.054+0000][info][gc             ] GC(1015) Pause Young (Concurrent Start) (G1 Evacuation Pause) 739M->741M(1024M) 15.224ms
[2024-08-27T14:57:50.054+0000][info][gc,cpu         ] GC(1015) User=0.33s Sys=0.00s Real=0.01s
[2024-08-27T14:57:50.054+0000][info][gc             ] GC(1016) Concurrent Mark Cycle
[2024-08-27T14:57:50.054+0000][info][gc,marking     ] GC(1016) Concurrent Clear Claimed Marks
[2024-08-27T14:57:50.054+0000][info][gc,marking     ] GC(1016) Concurrent Clear Claimed Marks 0.011ms
[2024-08-27T14:57:50.054+0000][info][gc,marking     ] GC(1016) Concurrent Scan Root Regions
[2024-08-27T14:57:50.057+0000][info][gc,marking     ] GC(1016) Concurrent Scan Root Regions 2.429ms
[2024-08-27T14:57:50.057+0000][info][gc,marking     ] GC(1016) Concurrent Mark
[2024-08-27T14:57:50.057+0000][info][gc,marking     ] GC(1016) Concurrent Mark From Roots
[2024-08-27T14:57:50.057+0000][info][gc,task        ] GC(1016) Using 17 workers of 17 for marking
[2024-08-27T14:57:50.078+0000][info][gc,marking     ] GC(1016) Concurrent Mark From Roots 20.736ms
[2024-08-27T14:57:50.078+0000][info][gc,marking     ] GC(1016) Concurrent Preclean
[2024-08-27T14:57:50.078+0000][info][gc,marking     ] GC(1016) Concurrent Preclean 0.496ms
[2024-08-27T14:57:50.078+0000][info][gc,start       ] GC(1016) Pause Remark
[2024-08-27T14:57:50.080+0000][info][gc             ] GC(1016) Pause Remark 774M->774M(1024M) 1.344ms
[2024-08-27T14:57:50.080+0000][info][gc,cpu         ] GC(1016) User=0.00s Sys=0.00s Real=0.00s
[2024-08-27T14:57:50.080+0000][info][gc,marking     ] GC(1016) Concurrent Mark 22.916ms
[2024-08-27T14:57:50.080+0000][info][gc,marking     ] GC(1016) Concurrent Rebuild Remembered Sets
[2024-08-27T14:57:50.090+0000][info][gc,start       ] GC(1017) Pause Young (Normal) (G1 Evacuation Pause)
[2024-08-27T14:57:50.090+0000][info][gc,task        ] GC(1017) Using 24 workers of 68 for evacuation
[2024-08-27T14:57:50.102+0000][info][gc,phases      ] GC(1017)   Pre Evacuate Collection Set: 0.2ms
[2024-08-27T14:57:50.102+0000][info][gc,phases      ] GC(1017)   Merge Heap Roots: 0.4ms
[2024-08-27T14:57:50.102+0000][info][gc,phases      ] GC(1017)   Evacuate Collection Set: 11.0ms
[2024-08-27T14:57:50.102+0000][info][gc,phases      ] GC(1017)   Post Evacuate Collection Set: 0.5ms
[2024-08-27T14:57:50.102+0000][info][gc,phases      ] GC(1017)   Other: 0.3ms
[2024-08-27T14:57:50.102+0000][info][gc,heap        ] GC(1017) Eden regions: 51->0(43)
[2024-08-27T14:57:50.102+0000][info][gc,heap        ] GC(1017) Survivor regions: 11->8(8)
[2024-08-27T14:57:50.102+0000][info][gc,heap        ] GC(1017) Old regions: 739->797
[2024-08-27T14:57:50.102+0000][info][gc,heap        ] GC(1017) Archive regions: 2->2
[2024-08-27T14:57:50.102+0000][info][gc,heap        ] GC(1017) Humongous regions: 5->5
[2024-08-27T14:57:50.102+0000][info][gc,metaspace   ] GC(1017) Metaspace: 100K(320K)->100K(320K) NonClass: 96K(192K)->96K(192K) Class: 4K(128K)->4K(128K)
[2024-08-27T14:57:50.102+0000][info][gc             ] GC(1017) Pause Young (Normal) (G1 Evacuation Pause) 792M->796M(1024M) 12.379ms
[2024-08-27T14:57:50.102+0000][info][gc,cpu         ] GC(1017) User=0.28s Sys=0.00s Real=0.01s
[2024-08-27T14:57:50.124+0000][info][gc,start       ] GC(1018) Pause Young (Normal) (G1 Evacuation Pause)
[2024-08-27T14:57:50.124+0000][info][gc,task        ] GC(1018) Using 24 workers of 68 for evacuation
[2024-08-27T14:57:50.140+0000][info][gc,phases      ] GC(1018)   Pre Evacuate Collection Set: 0.1ms
[2024-08-27T14:57:50.140+0000][info][gc,phases      ] GC(1018)   Merge Heap Roots: 0.3ms
[2024-08-27T14:57:50.140+0000][info][gc,phases      ] GC(1018)   Evacuate Collection Set: 14.8ms
[2024-08-27T14:57:50.140+0000][info][gc,phases      ] GC(1018)   Post Evacuate Collection Set: 0.5ms
[2024-08-27T14:57:50.140+0000][info][gc,phases      ] GC(1018)   Other: 0.2ms
[2024-08-27T14:57:50.140+0000][info][gc,heap        ] GC(1018) Eden regions: 43->0(44)
[2024-08-27T14:57:50.140+0000][info][gc,heap        ] GC(1018) Survivor regions: 8->7(7)
[2024-08-27T14:57:50.140+0000][info][gc,heap        ] GC(1018) Old regions: 797->845
[2024-08-27T14:57:50.140+0000][info][gc,heap        ] GC(1018) Archive regions: 2->2
[2024-08-27T14:57:50.140+0000][info][gc,heap        ] GC(1018) Humongous regions: 5->5
[2024-08-27T14:57:50.140+0000][info][gc,metaspace   ] GC(1018) Metaspace: 100K(320K)->100K(320K) NonClass: 96K(192K)->96K(192K) Class: 4K(128K)->4K(128K)
[2024-08-27T14:57:50.140+0000][info][gc             ] GC(1018) Pause Young (Normal) (G1 Evacuation Pause) 839M->843M(1024M) 16.077ms
[2024-08-27T14:57:50.140+0000][info][gc,cpu         ] GC(1018) User=0.37s Sys=0.00s Real=0.02s
[2024-08-27T14:57:50.163+0000][info][gc,start       ] GC(1019) Pause Young (Normal) (G1 Evacuation Pause)
[2024-08-27T14:57:50.163+0000][info][gc,task        ] GC(1019) Using 24 workers of 68 for evacuation
[2024-08-27T14:57:50.180+0000][info][gc,phases      ] GC(1019)   Pre Evacuate Collection Set: 0.1ms
[2024-08-27T14:57:50.180+0000][info][gc,phases      ] GC(1019)   Merge Heap Roots: 0.5ms
[2024-08-27T14:57:50.180+0000][info][gc,phases      ] GC(1019)   Evacuate Collection Set: 15.0ms
[2024-08-27T14:57:50.180+0000][info][gc,phases      ] GC(1019)   Post Evacuate Collection Set: 0.6ms
[2024-08-27T14:57:50.180+0000][info][gc,phases      ] GC(1019)   Other: 0.2ms
[2024-08-27T14:57:50.180+0000][info][gc,heap        ] GC(1019) Eden regions: 44->0(44)
[2024-08-27T14:57:50.180+0000][info][gc,heap        ] GC(1019) Survivor regions: 7->7(7)
[2024-08-27T14:57:50.180+0000][info][gc,heap        ] GC(1019) Old regions: 845->891
[2024-08-27T14:57:50.180+0000][info][gc,heap        ] GC(1019) Archive regions: 2->2
[2024-08-27T14:57:50.180+0000][info][gc,heap        ] GC(1019) Humongous regions: 5->5
[2024-08-27T14:57:50.180+0000][info][gc,metaspace   ] GC(1019) Metaspace: 100K(320K)->100K(320K) NonClass: 96K(192K)->96K(192K) Class: 4K(128K)->4K(128K)
[2024-08-27T14:57:50.180+0000][info][gc             ] GC(1019) Pause Young (Normal) (G1 Evacuation Pause) 887M->890M(1024M) 16.659ms
[2024-08-27T14:57:50.180+0000][info][gc,cpu         ] GC(1019) User=0.38s Sys=0.00s Real=0.02s
[2024-08-27T14:57:50.193+0000][info][gc,marking     ] GC(1016) Concurrent Rebuild Remembered Sets 112.947ms
[2024-08-27T14:57:50.193+0000][info][gc,start       ] GC(1016) Pause Cleanup
[2024-08-27T14:57:50.194+0000][info][gc             ] GC(1016) Pause Cleanup 913M->913M(1024M) 1.021ms
[2024-08-27T14:57:50.194+0000][info][gc,cpu         ] GC(1016) User=0.00s Sys=0.00s Real=0.00s
[2024-08-27T14:57:50.194+0000][info][gc,marking     ] GC(1016) Concurrent Cleanup for Next Mark
[2024-08-27T14:57:50.195+0000][info][gc,marking     ] GC(1016) Concurrent Cleanup for Next Mark 0.779ms
[2024-08-27T14:57:50.195+0000][info][gc             ] GC(1016) Concurrent Mark Cycle 140.571ms
[2024-08-27T14:57:50.206+0000][info][gc,start       ] GC(1020) Pause Young (Prepare Mixed) (G1 Evacuation Pause)
[2024-08-27T14:57:50.206+0000][info][gc,task        ] GC(1020) Using 24 workers of 68 for evacuation
[2024-08-27T14:57:50.223+0000][info][gc,phases      ] GC(1020)   Pre Evacuate Collection Set: 0.2ms
[2024-08-27T14:57:50.223+0000][info][gc,phases      ] GC(1020)   Merge Heap Roots: 0.5ms
[2024-08-27T14:57:50.223+0000][info][gc,phases      ] GC(1020)   Evacuate Collection Set: 16.1ms
[2024-08-27T14:57:50.223+0000][info][gc,phases      ] GC(1020)   Post Evacuate Collection Set: 0.3ms
[2024-08-27T14:57:50.223+0000][info][gc,phases      ] GC(1020)   Other: 0.2ms
[2024-08-27T14:57:50.223+0000][info][gc,heap        ] GC(1020) Eden regions: 44->0(44)
[2024-08-27T14:57:50.223+0000][info][gc,heap        ] GC(1020) Survivor regions: 7->7(7)
[2024-08-27T14:57:50.223+0000][info][gc,heap        ] GC(1020) Old regions: 891->938
[2024-08-27T14:57:50.223+0000][info][gc,heap        ] GC(1020) Archive regions: 2->2
[2024-08-27T14:57:50.224+0000][info][gc,heap        ] GC(1020) Humongous regions: 5->5
[2024-08-27T14:57:50.224+0000][info][gc,metaspace   ] GC(1020) Metaspace: 100K(320K)->100K(320K) NonClass: 96K(192K)->96K(192K) Class: 4K(128K)->4K(128K)
[2024-08-27T14:57:50.224+0000][info][gc             ] GC(1020) Pause Young (Prepare Mixed) (G1 Evacuation Pause) 934M->936M(1024M) 17.274ms
[2024-08-27T14:57:50.224+0000][info][gc,cpu         ] GC(1020) User=0.39s Sys=0.00s Real=0.02s
[2024-08-27T14:57:50.239+0000][info][gc,start       ] GC(1021) Pause Young (Mixed) (G1 Preventive Collection)
[2024-08-27T14:57:50.239+0000][info][gc,task        ] GC(1021) Using 24 workers of 68 for evacuation
[2024-08-27T14:57:50.249+0000][info][gc,phases      ] GC(1021)   Pre Evacuate Collection Set: 0.2ms
[2024-08-27T14:57:50.249+0000][info][gc,phases      ] GC(1021)   Merge Heap Roots: 0.3ms
[2024-08-27T14:57:50.249+0000][info][gc,phases      ] GC(1021)   Evacuate Collection Set: 8.2ms
[2024-08-27T14:57:50.249+0000][info][gc,phases      ] GC(1021)   Post Evacuate Collection Set: 0.4ms
[2024-08-27T14:57:50.249+0000][info][gc,phases      ] GC(1021)   Other: 0.2ms
[2024-08-27T14:57:50.249+0000][info][gc,heap        ] GC(1021) Eden regions: 30->0(44)
[2024-08-27T14:57:50.249+0000][info][gc,heap        ] GC(1021) Survivor regions: 7->7(7)
[2024-08-27T14:57:50.249+0000][info][gc,heap        ] GC(1021) Old regions: 938->868
[2024-08-27T14:57:50.249+0000][info][gc,heap        ] GC(1021) Archive regions: 2->2
[2024-08-27T14:57:50.249+0000][info][gc,heap        ] GC(1021) Humongous regions: 5->5
[2024-08-27T14:57:50.249+0000][info][gc,metaspace   ] GC(1021) Metaspace: 100K(320K)->100K(320K) NonClass: 96K(192K)->96K(192K) Class: 4K(128K)->4K(128K)
[2024-08-27T14:57:50.249+0000][info][gc             ] GC(1021) Pause Young (Mixed) (G1 Preventive Collection) 966M->878M(1024M) 9.372ms
[2024-08-27T14:57:50.249+0000][info][gc,cpu         ] GC(1021) User=0.20s Sys=0.00s Real=0.00s
[2024-08-27T14:57:50.271+0000][info][gc,start       ] GC(1022) Pause Young (Mixed) (G1 Evacuation Pause)
[2024-08-27T14:57:50.271+0000][info][gc,task        ] GC(1022) Using 24 workers of 68 for evacuation
[2024-08-27T14:57:50.282+0000][info][gc,phases      ] GC(1022)   Pre Evacuate Collection Set: 0.2ms
[2024-08-27T14:57:50.282+0000][info][gc,phases      ] GC(1022)   Merge Heap Roots: 0.3ms
[2024-08-27T14:57:50.282+0000][info][gc,phases      ] GC(1022)   Evacuate Collection Set: 9.8ms
[2024-08-27T14:57:50.282+0000][info][gc,phases      ] GC(1022)   Post Evacuate Collection Set: 0.4ms
[2024-08-27T14:57:50.282+0000][info][gc,phases      ] GC(1022)   Other: 0.2ms
[2024-08-27T14:57:50.282+0000][info][gc,heap        ] GC(1022) Eden regions: 44->0(44)
[2024-08-27T14:57:50.282+0000][info][gc,heap        ] GC(1022) Survivor regions: 7->7(7)
[2024-08-27T14:57:50.282+0000][info][gc,heap        ] GC(1022) Old regions: 868->810
[2024-08-27T14:57:50.282+0000][info][gc,heap        ] GC(1022) Archive regions: 2->2
[2024-08-27T14:57:50.282+0000][info][gc,heap        ] GC(1022) Humongous regions: 5->5
[2024-08-27T14:57:50.282+0000][info][gc,metaspace   ] GC(1022) Metaspace: 100K(320K)->100K(320K) NonClass: 96K(192K)->96K(192K) Class: 4K(128K)->4K(128K)
[2024-08-27T14:57:50.282+0000][info][gc             ] GC(1022) Pause Young (Mixed) (G1 Evacuation Pause) 922M->821M(1024M) 11.020ms
[2024-08-27T14:57:50.282+0000][info][gc,cpu         ] GC(1022) User=0.24s Sys=0.00s Real=0.01s
[2024-08-27T14:57:50.304+0000][info][gc,start       ] GC(1023) Pause Young (Mixed) (G1 Evacuation Pause)
[2024-08-27T14:57:50.304+0000][info][gc,task        ] GC(1023) Using 24 workers of 68 for evacuation
[2024-08-27T14:57:50.315+0000][info][gc,phases      ] GC(1023)   Pre Evacuate Collection Set: 0.2ms
[2024-08-27T14:57:50.315+0000][info][gc,phases      ] GC(1023)   Merge Heap Roots: 0.3ms
[2024-08-27T14:57:50.315+0000][info][gc,phases      ] GC(1023)   Evacuate Collection Set: 9.4ms
[2024-08-27T14:57:50.315+0000][info][gc,phases      ] GC(1023)   Post Evacuate Collection Set: 0.4ms
[2024-08-27T14:57:50.315+0000][info][gc,phases      ] GC(1023)   Other: 0.3ms
[2024-08-27T14:57:50.315+0000][info][gc,heap        ] GC(1023) Eden regions: 44->0(44)
[2024-08-27T14:57:50.315+0000][info][gc,heap        ] GC(1023) Survivor regions: 7->7(7)
[2024-08-27T14:57:50.315+0000][info][gc,heap        ] GC(1023) Old regions: 810->834
[2024-08-27T14:57:50.315+0000][info][gc,heap        ] GC(1023) Archive regions: 2->2
[2024-08-27T14:57:50.315+0000][info][gc,heap        ] GC(1023) Humongous regions: 5->5
[2024-08-27T14:57:50.315+0000][info][gc,metaspace   ] GC(1023) Metaspace: 100K(320K)->100K(320K) NonClass: 96K(192K)->96K(192K) Class: 4K(128K)->4K(128K)
[2024-08-27T14:57:50.315+0000][info][gc             ] GC(1023) Pause Young (Mixed) (G1 Evacuation Pause) 865M->846M(1024M) 10.548ms
[2024-08-27T14:57:50.315+0000][info][gc,cpu         ] GC(1023) User=0.23s Sys=0.00s Real=0.01s
[2024-08-27T14:57:50.337+0000][info][gc,start       ] GC(1024) Pause Young (Concurrent Start) (G1 Evacuation Pause)
[2024-08-27T14:57:50.337+0000][info][gc,task        ] GC(1024) Using 24 workers of 68 for evacuation
[2024-08-27T14:57:50.347+0000][info][gc,phases      ] GC(1024)   Pre Evacuate Collection Set: 0.2ms
[2024-08-27T14:57:50.347+0000][info][gc,phases      ] GC(1024)   Merge Heap Roots: 0.3ms
[2024-08-27T14:57:50.347+0000][info][gc,phases      ] GC(1024)   Evacuate Collection Set: 9.3ms
[2024-08-27T14:57:50.347+0000][info][gc,phases      ] GC(1024)   Post Evacuate Collection Set: 0.3ms
[2024-08-27T14:57:50.347+0000][info][gc,phases      ] GC(1024)   Other: 0.8ms
[2024-08-27T14:57:50.347+0000][info][gc,heap        ] GC(1024) Eden regions: 44->0(44)
[2024-08-27T14:57:50.347+0000][info][gc,heap        ] GC(1024) Survivor regions: 7->7(7)
[2024-08-27T14:57:50.347+0000][info][gc,heap        ] GC(1024) Old regions: 834->881
[2024-08-27T14:57:50.347+0000][info][gc,heap        ] GC(1024) Archive regions: 2->2
[2024-08-27T14:57:50.347+0000][info][gc,heap        ] GC(1024) Humongous regions: 5->5
[2024-08-27T14:57:50.348+0000][info][gc,metaspace   ] GC(1024) Metaspace: 100K(320K)->100K(320K) NonClass: 96K(192K)->96K(192K) Class: 4K(128K)->4K(128K)
[2024-08-27T14:57:50.348+0000][info][gc             ] GC(1024) Pause Young (Concurrent Start) (G1 Evacuation Pause) 890M->892M(1024M) 10.923ms
[2024-08-27T14:57:50.348+0000][info][gc,cpu         ] GC(1024) User=0.23s Sys=0.00s Real=0.01s
[2024-08-27T14:57:50.348+0000][info][gc             ] GC(1025) Concurrent Mark Cycle
[2024-08-27T14:57:50.348+0000][info][gc,marking     ] GC(1025) Concurrent Clear Claimed Marks
[2024-08-27T14:57:50.348+0000][info][gc,marking     ] GC(1025) Concurrent Clear Claimed Marks 0.011ms
[2024-08-27T14:57:50.348+0000][info][gc,marking     ] GC(1025) Concurrent Scan Root Regions
[2024-08-27T14:57:50.349+0000][info][gc,marking     ] GC(1025) Concurrent Scan Root Regions 1.661ms
[2024-08-27T14:57:50.349+0000][info][gc,marking     ] GC(1025) Concurrent Mark
[2024-08-27T14:57:50.349+0000][info][gc,marking     ] GC(1025) Concurrent Mark From Roots
[2024-08-27T14:57:50.349+0000][info][gc,task        ] GC(1025) Using 17 workers of 17 for marking
[2024-08-27T14:57:50.374+0000][info][gc,marking     ] GC(1025) Concurrent Mark From Roots 24.883ms
[2024-08-27T14:57:50.374+0000][info][gc,marking     ] GC(1025) Concurrent Preclean
[2024-08-27T14:57:50.375+0000][info][gc,marking     ] GC(1025) Concurrent Preclean 0.667ms
[2024-08-27T14:57:50.375+0000][info][gc,start       ] GC(1025) Pause Remark
[2024-08-27T14:57:50.377+0000][info][gc             ] GC(1025) Pause Remark 928M->928M(1024M) 1.338ms
[2024-08-27T14:57:50.377+0000][info][gc,cpu         ] GC(1025) User=0.00s Sys=0.00s Real=0.00s
[2024-08-27T14:57:50.377+0000][info][gc,marking     ] GC(1025) Concurrent Mark 27.288ms
[2024-08-27T14:57:50.377+0000][info][gc,marking     ] GC(1025) Concurrent Rebuild Remembered Sets
[2024-08-27T14:57:50.382+0000][info][gc,start       ] GC(1026) Pause Young (Normal) (G1 Evacuation Pause)
[2024-08-27T14:57:50.382+0000][info][gc,task        ] GC(1026) Using 24 workers of 68 for evacuation
[2024-08-27T14:57:50.393+0000][info][gc,phases      ] GC(1026)   Pre Evacuate Collection Set: 0.2ms
[2024-08-27T14:57:50.393+0000][info][gc,phases      ] GC(1026)   Merge Heap Roots: 0.4ms
[2024-08-27T14:57:50.393+0000][info][gc,phases      ] GC(1026)   Evacuate Collection Set: 9.5ms
[2024-08-27T14:57:50.393+0000][info][gc,phases      ] GC(1026)   Post Evacuate Collection Set: 0.4ms
[2024-08-27T14:57:50.393+0000][info][gc,phases      ] GC(1026)   Other: 0.2ms
[2024-08-27T14:57:50.393+0000][info][gc,heap        ] GC(1026) Eden regions: 44->0(44)
[2024-08-27T14:57:50.393+0000][info][gc,heap        ] GC(1026) Survivor regions: 7->7(7)
[2024-08-27T14:57:50.393+0000][info][gc,heap        ] GC(1026) Old regions: 881->928
[2024-08-27T14:57:50.393+0000][info][gc,heap        ] GC(1026) Archive regions: 2->2
[2024-08-27T14:57:50.393+0000][info][gc,heap        ] GC(1026) Humongous regions: 5->5
[2024-08-27T14:57:50.393+0000][info][gc,metaspace   ] GC(1026) Metaspace: 100K(320K)->100K(320K) NonClass: 96K(192K)->96K(192K) Class: 4K(128K)->4K(128K)
[2024-08-27T14:57:50.393+0000][info][gc             ] GC(1026) Pause Young (Normal) (G1 Evacuation Pause) 936M->939M(1024M) 10.841ms
[2024-08-27T14:57:50.393+0000][info][gc,cpu         ] GC(1026) User=0.24s Sys=0.00s Real=0.01s
[2024-08-27T14:57:50.415+0000][info][gc,start       ] GC(1027) Pause Young (Normal) (G1 Preventive Collection)
[2024-08-27T14:57:50.415+0000][info][gc,task        ] GC(1027) Using 24 workers of 68 for evacuation
[2024-08-27T14:57:50.428+0000][info][gc,phases      ] GC(1027)   Pre Evacuate Collection Set: 0.2ms
[2024-08-27T14:57:50.428+0000][info][gc,phases      ] GC(1027)   Merge Heap Roots: 0.3ms
[2024-08-27T14:57:50.428+0000][info][gc,phases      ] GC(1027)   Evacuate Collection Set: 12.2ms
[2024-08-27T14:57:50.428+0000][info][gc,phases      ] GC(1027)   Post Evacuate Collection Set: 0.5ms
[2024-08-27T14:57:50.428+0000][info][gc,phases      ] GC(1027)   Other: 0.3ms
[2024-08-27T14:57:50.428+0000][info][gc,heap        ] GC(1027) Eden regions: 36->0(44)
[2024-08-27T14:57:50.428+0000][info][gc,heap        ] GC(1027) Survivor regions: 7->7(7)
[2024-08-27T14:57:50.428+0000][info][gc,heap        ] GC(1027) Old regions: 928->966
[2024-08-27T14:57:50.428+0000][info][gc,heap        ] GC(1027) Archive regions: 2->2
[2024-08-27T14:57:50.428+0000][info][gc,heap        ] GC(1027) Humongous regions: 5->5
[2024-08-27T14:57:50.428+0000][info][gc,metaspace   ] GC(1027) Metaspace: 100K(320K)->100K(320K) NonClass: 96K(192K)->96K(192K) Class: 4K(128K)->4K(128K)
[2024-08-27T14:57:50.428+0000][info][gc             ] GC(1027) Pause Young (Normal) (G1 Preventive Collection) 975M->978M(1024M) 13.621ms
[2024-08-27T14:57:50.428+0000][info][gc,cpu         ] GC(1027) User=0.31s Sys=0.00s Real=0.01s
[2024-08-27T14:57:50.438+0000][info][gc,start       ] GC(1028) Pause Young (Normal) (G1 Preventive Collection)
[2024-08-27T14:57:50.438+0000][info][gc,task        ] GC(1028) Using 24 workers of 68 for evacuation
[2024-08-27T14:57:50.449+0000][info][gc,phases      ] GC(1028)   Pre Evacuate Collection Set: 0.1ms
[2024-08-27T14:57:50.449+0000][info][gc,phases      ] GC(1028)   Merge Heap Roots: 0.5ms
[2024-08-27T14:57:50.449+0000][info][gc,phases      ] GC(1028)   Evacuate Collection Set: 9.6ms
[2024-08-27T14:57:50.449+0000][info][gc,phases      ] GC(1028)   Post Evacuate Collection Set: 0.5ms
[2024-08-27T14:57:50.449+0000][info][gc,phases      ] GC(1028)   Other: 0.2ms
[2024-08-27T14:57:50.449+0000][info][gc,heap        ] GC(1028) Eden regions: 17->0(44)
[2024-08-27T14:57:50.449+0000][info][gc,heap        ] GC(1028) Survivor regions: 7->7(7)
[2024-08-27T14:57:50.449+0000][info][gc,heap        ] GC(1028) Old regions: 966->986
[2024-08-27T14:57:50.449+0000][info][gc,heap        ] GC(1028) Archive regions: 2->2
[2024-08-27T14:57:50.449+0000][info][gc,heap        ] GC(1028) Humongous regions: 5->5
[2024-08-27T14:57:50.449+0000][info][gc,metaspace   ] GC(1028) Metaspace: 100K(320K)->100K(320K) NonClass: 96K(192K)->96K(192K) Class: 4K(128K)->4K(128K)
[2024-08-27T14:57:50.450+0000][info][gc             ] GC(1028) Pause Young (Normal) (G1 Preventive Collection) 995M->998M(1024M) 11.081ms
[2024-08-27T14:57:50.450+0000][info][gc,cpu         ] GC(1028) User=0.24s Sys=0.01s Real=0.01s
[2024-08-27T14:57:50.454+0000][info][gc,start       ] GC(1029) Pause Young (Normal) (G1 Preventive Collection)
[2024-08-27T14:57:50.454+0000][info][gc,task        ] GC(1029) Using 24 workers of 68 for evacuation
[2024-08-27T14:57:50.463+0000][info][gc             ] GC(1029) To-space exhausted
[2024-08-27T14:57:50.463+0000][info][gc,phases      ] GC(1029)   Pre Evacuate Collection Set: 0.1ms
[2024-08-27T14:57:50.463+0000][info][gc,phases      ] GC(1029)   Merge Heap Roots: 0.4ms
[2024-08-27T14:57:50.463+0000][info][gc,phases      ] GC(1029)   Evacuate Collection Set: 7.3ms
[2024-08-27T14:57:50.463+0000][info][gc,phases      ] GC(1029)   Post Evacuate Collection Set: 0.6ms
[2024-08-27T14:57:50.463+0000][info][gc,phases      ] GC(1029)   Other: 0.2ms
[2024-08-27T14:57:50.463+0000][info][gc,heap        ] GC(1029) Eden regions: 7->0(44)
[2024-08-27T14:57:50.463+0000][info][gc,heap        ] GC(1029) Survivor regions: 7->7(7)
[2024-08-27T14:57:50.463+0000][info][gc,heap        ] GC(1029) Old regions: 986->997
[2024-08-27T14:57:50.463+0000][info][gc,heap        ] GC(1029) Archive regions: 2->2
[2024-08-27T14:57:50.463+0000][info][gc,heap        ] GC(1029) Humongous regions: 5->5
[2024-08-27T14:57:50.463+0000][info][gc,metaspace   ] GC(1029) Metaspace: 100K(320K)->100K(320K) NonClass: 96K(192K)->96K(192K) Class: 4K(128K)->4K(128K)
[2024-08-27T14:57:50.463+0000][info][gc             ] GC(1029) Pause Young (Normal) (G1 Preventive Collection) 1005M->1009M(1024M) 8.647ms
[2024-08-27T14:57:50.463+0000][info][gc,cpu         ] GC(1029) User=0.19s Sys=0.00s Real=0.01s
[2024-08-27T14:57:50.464+0000][info][gc,start       ] GC(1030) Pause Young (Normal) (G1 Preventive Collection)
[2024-08-27T14:57:50.464+0000][info][gc,task        ] GC(1030) Using 24 workers of 68 for evacuation
[2024-08-27T14:57:50.472+0000][info][gc,phases      ] GC(1030)   Pre Evacuate Collection Set: 0.1ms
[2024-08-27T14:57:50.472+0000][info][gc,phases      ] GC(1030)   Merge Heap Roots: 0.4ms
[2024-08-27T14:57:50.472+0000][info][gc,phases      ] GC(1030)   Evacuate Collection Set: 5.9ms
[2024-08-27T14:57:50.472+0000][info][gc,phases      ] GC(1030)   Post Evacuate Collection Set: 0.5ms
[2024-08-27T14:57:50.472+0000][info][gc,phases      ] GC(1030)   Other: 0.1ms
[2024-08-27T14:57:50.472+0000][info][gc,heap        ] GC(1030) Eden regions: 2->0(48)
[2024-08-27T14:57:50.472+0000][info][gc,heap        ] GC(1030) Survivor regions: 7->3(7)
[2024-08-27T14:57:50.472+0000][info][gc,heap        ] GC(1030) Old regions: 997->1005
[2024-08-27T14:57:50.472+0000][info][gc,heap        ] GC(1030) Archive regions: 2->2
[2024-08-27T14:57:50.472+0000][info][gc,heap        ] GC(1030) Humongous regions: 5->5
[2024-08-27T14:57:50.472+0000][info][gc,metaspace   ] GC(1030) Metaspace: 100K(320K)->100K(320K) NonClass: 96K(192K)->96K(192K) Class: 4K(128K)->4K(128K)
[2024-08-27T14:57:50.472+0000][info][gc             ] GC(1030) Pause Young (Normal) (G1 Preventive Collection) 1011M->1012M(1024M) 7.198ms
[2024-08-27T14:57:50.472+0000][info][gc,cpu         ] GC(1030) User=0.16s Sys=0.00s Real=0.01s
[2024-08-27T14:57:50.473+0000][info][gc,start       ] GC(1031) Pause Young (Normal) (G1 Preventive Collection)
[2024-08-27T14:57:50.473+0000][info][gc,task        ] GC(1031) Using 24 workers of 68 for evacuation
[2024-08-27T14:57:50.480+0000][info][gc,phases      ] GC(1031)   Pre Evacuate Collection Set: 0.1ms
[2024-08-27T14:57:50.480+0000][info][gc,phases      ] GC(1031)   Merge Heap Roots: 0.4ms
[2024-08-27T14:57:50.480+0000][info][gc,phases      ] GC(1031)   Evacuate Collection Set: 5.3ms
[2024-08-27T14:57:50.480+0000][info][gc,phases      ] GC(1031)   Post Evacuate Collection Set: 0.5ms
[2024-08-27T14:57:50.480+0000][info][gc,phases      ] GC(1031)   Other: 0.1ms
[2024-08-27T14:57:50.480+0000][info][gc,heap        ] GC(1031) Eden regions: 2->0(46)
[2024-08-27T14:57:50.480+0000][info][gc,heap        ] GC(1031) Survivor regions: 3->5(7)
[2024-08-27T14:57:50.480+0000][info][gc,heap        ] GC(1031) Old regions: 1005->1005
[2024-08-27T14:57:50.480+0000][info][gc,heap        ] GC(1031) Archive regions: 2->2
[2024-08-27T14:57:50.480+0000][info][gc,heap        ] GC(1031) Humongous regions: 5->5
[2024-08-27T14:57:50.480+0000][info][gc,metaspace   ] GC(1031) Metaspace: 100K(320K)->100K(320K) NonClass: 96K(192K)->96K(192K) Class: 4K(128K)->4K(128K)
[2024-08-27T14:57:50.480+0000][info][gc             ] GC(1031) Pause Young (Normal) (G1 Preventive Collection) 1014M->1014M(1024M) 6.603ms
[2024-08-27T14:57:50.480+0000][info][gc,cpu         ] GC(1031) User=0.14s Sys=0.00s Real=0.01s
[2024-08-27T14:57:50.481+0000][info][gc,start       ] GC(1032) Pause Young (Normal) (G1 Preventive Collection)
[2024-08-27T14:57:50.481+0000][info][gc,task        ] GC(1032) Using 24 workers of 68 for evacuation
[2024-08-27T14:57:50.487+0000][info][gc,phases      ] GC(1032)   Pre Evacuate Collection Set: 0.1ms
[2024-08-27T14:57:50.487+0000][info][gc,phases      ] GC(1032)   Merge Heap Roots: 0.4ms
[2024-08-27T14:57:50.487+0000][info][gc,phases      ] GC(1032)   Evacuate Collection Set: 5.2ms
[2024-08-27T14:57:50.487+0000][info][gc,phases      ] GC(1032)   Post Evacuate Collection Set: 0.5ms
[2024-08-27T14:57:50.487+0000][info][gc,phases      ] GC(1032)   Other: 0.1ms
[2024-08-27T14:57:50.487+0000][info][gc,heap        ] GC(1032) Eden regions: 1->0(47)
[2024-08-27T14:57:50.487+0000][info][gc,heap        ] GC(1032) Survivor regions: 5->4(6)
[2024-08-27T14:57:50.487+0000][info][gc,heap        ] GC(1032) Old regions: 1005->1007
[2024-08-27T14:57:50.487+0000][info][gc,heap        ] GC(1032) Archive regions: 2->2
[2024-08-27T14:57:50.487+0000][info][gc,heap        ] GC(1032) Humongous regions: 5->5
[2024-08-27T14:57:50.487+0000][info][gc,metaspace   ] GC(1032) Metaspace: 100K(320K)->100K(320K) NonClass: 96K(192K)->96K(192K) Class: 4K(128K)->4K(128K)
[2024-08-27T14:57:50.487+0000][info][gc             ] GC(1032) Pause Young (Normal) (G1 Preventive Collection) 1015M->1015M(1024M) 6.488ms
[2024-08-27T14:57:50.487+0000][info][gc,cpu         ] GC(1032) User=0.14s Sys=0.00s Real=0.00s
[2024-08-27T14:57:50.488+0000][info][gc,start       ] GC(1033) Pause Young (Normal) (G1 Preventive Collection)
[2024-08-27T14:57:50.488+0000][info][gc,task        ] GC(1033) Using 24 workers of 68 for evacuation
[2024-08-27T14:57:50.494+0000][info][gc,phases      ] GC(1033)   Pre Evacuate Collection Set: 0.1ms
[2024-08-27T14:57:50.494+0000][info][gc,phases      ] GC(1033)   Merge Heap Roots: 0.4ms
[2024-08-27T14:57:50.494+0000][info][gc,phases      ] GC(1033)   Evacuate Collection Set: 5.1ms
[2024-08-27T14:57:50.494+0000][info][gc,phases      ] GC(1033)   Post Evacuate Collection Set: 0.5ms
[2024-08-27T14:57:50.494+0000][info][gc,phases      ] GC(1033)   Other: 0.1ms
[2024-08-27T14:57:50.494+0000][info][gc,heap        ] GC(1033) Eden regions: 1->0(46)
[2024-08-27T14:57:50.494+0000][info][gc,heap        ] GC(1033) Survivor regions: 4->5(5)
[2024-08-27T14:57:50.494+0000][info][gc,heap        ] GC(1033) Old regions: 1007->1007
[2024-08-27T14:57:50.494+0000][info][gc,heap        ] GC(1033) Archive regions: 2->2
[2024-08-27T14:57:50.494+0000][info][gc,heap        ] GC(1033) Humongous regions: 5->5
[2024-08-27T14:57:50.495+0000][info][gc,metaspace   ] GC(1033) Metaspace: 100K(320K)->100K(320K) NonClass: 96K(192K)->96K(192K) Class: 4K(128K)->4K(128K)
[2024-08-27T14:57:50.495+0000][info][gc             ] GC(1033) Pause Young (Normal) (G1 Preventive Collection) 1016M->1016M(1024M) 6.386ms
[2024-08-27T14:57:50.495+0000][info][gc,cpu         ] GC(1033) User=0.14s Sys=0.00s Real=0.01s
[2024-08-27T14:57:50.496+0000][info][gc,start       ] GC(1034) Pause Young (Normal) (G1 Preventive Collection)
[2024-08-27T14:57:50.496+0000][info][gc,task        ] GC(1034) Using 24 workers of 68 for evacuation
[2024-08-27T14:57:50.502+0000][info][gc             ] GC(1034) To-space exhausted
[2024-08-27T14:57:50.502+0000][info][gc,phases      ] GC(1034)   Pre Evacuate Collection Set: 0.1ms
[2024-08-27T14:57:50.502+0000][info][gc,phases      ] GC(1034)   Merge Heap Roots: 0.4ms
[2024-08-27T14:57:50.502+0000][info][gc,phases      ] GC(1034)   Evacuate Collection Set: 5.2ms
[2024-08-27T14:57:50.502+0000][info][gc,phases      ] GC(1034)   Post Evacuate Collection Set: 0.8ms
[2024-08-27T14:57:50.502+0000][info][gc,phases      ] GC(1034)   Other: 0.1ms
[2024-08-27T14:57:50.502+0000][info][gc,heap        ] GC(1034) Eden regions: 1->0(49)
[2024-08-27T14:57:50.502+0000][info][gc,heap        ] GC(1034) Survivor regions: 5->2(4)
[2024-08-27T14:57:50.502+0000][info][gc,heap        ] GC(1034) Old regions: 1007->1015
[2024-08-27T14:57:50.502+0000][info][gc,heap        ] GC(1034) Archive regions: 2->2
[2024-08-27T14:57:50.502+0000][info][gc,heap        ] GC(1034) Humongous regions: 5->5
[2024-08-27T14:57:50.502+0000][info][gc,metaspace   ] GC(1034) Metaspace: 100K(320K)->100K(320K) NonClass: 96K(192K)->96K(192K) Class: 4K(128K)->4K(128K)
[2024-08-27T14:57:50.502+0000][info][gc             ] GC(1034) Pause Young (Normal) (G1 Preventive Collection) 1017M->1021M(1024M) 6.726ms
[2024-08-27T14:57:50.502+0000][info][gc,cpu         ] GC(1034) User=0.14s Sys=0.00s Real=0.01s
[2024-08-27T14:57:50.502+0000][info][gc,ergo        ] Attempting full compaction
[2024-08-27T14:57:50.502+0000][info][gc,task        ] GC(1035) Using 24 workers of 68 for full compaction
[2024-08-27T14:57:50.503+0000][info][gc,start       ] GC(1035) Pause Full (G1 Compaction Pause)
[2024-08-27T14:57:50.503+0000][info][gc,phases,start] GC(1035) Phase 1: Mark live objects
[2024-08-27T14:57:50.518+0000][info][gc,phases      ] GC(1035) Phase 1: Mark live objects 15.009ms
[2024-08-27T14:57:50.518+0000][info][gc,phases,start] GC(1035) Phase 2: Prepare for compaction
[2024-08-27T14:57:50.526+0000][info][gc,phases      ] GC(1035) Phase 2: Prepare for compaction 7.865ms
[2024-08-27T14:57:50.526+0000][info][gc,phases,start] GC(1035) Phase 3: Adjust pointers
[2024-08-27T14:57:50.543+0000][info][gc,phases      ] GC(1035) Phase 3: Adjust pointers 16.233ms
[2024-08-27T14:57:50.543+0000][info][gc,phases,start] GC(1035) Phase 4: Compact heap
[2024-08-27T14:57:50.571+0000][info][gc,phases      ] GC(1035) Phase 4: Compact heap 27.993ms
[2024-08-27T14:57:50.572+0000][info][gc,heap        ] GC(1035) Eden regions: 0->0(151)
[2024-08-27T14:57:50.572+0000][info][gc,heap        ] GC(1035) Survivor regions: 2->0(4)
[2024-08-27T14:57:50.572+0000][info][gc,heap        ] GC(1035) Old regions: 1015->441
[2024-08-27T14:57:50.572+0000][info][gc,heap        ] GC(1035) Archive regions: 2->2
[2024-08-27T14:57:50.572+0000][info][gc,heap        ] GC(1035) Humongous regions: 5->5
[2024-08-27T14:57:50.572+0000][info][gc,metaspace   ] GC(1035) Metaspace: 100K(320K)->100K(320K) NonClass: 96K(192K)->96K(192K) Class: 4K(128K)->4K(128K)
[2024-08-27T14:57:50.572+0000][info][gc             ] GC(1035) Pause Full (G1 Compaction Pause) 1021M->437M(1024M) 69.646ms
[2024-08-27T14:57:50.572+0000][info][gc,cpu         ] GC(1035) User=1.48s Sys=0.00s Real=0.07s
[2024-08-27T14:57:50.573+0000][info][gc,marking     ] GC(1025) Concurrent Rebuild Remembered Sets 195.930ms
[2024-08-27T14:57:50.573+0000][info][gc,marking     ] GC(1025) Concurrent Mark Abort
[2024-08-27T14:57:50.573+0000][info][gc             ] GC(1025) Concurrent Mark Cycle 225.039ms
[2024-08-27T14:57:50.658+0000][info][gc,start       ] GC(1036) Pause Young (Normal) (G1 Evacuation Pause)
[2024-08-27T14:57:50.658+0000][info][gc,task        ] GC(1036) Using 24 workers of 68 for evacuation
[2024-08-27T14:57:50.712+0000][info][gc,phases      ] GC(1036)   Pre Evacuate Collection Set: 0.2ms
[2024-08-27T14:57:50.713+0000][info][gc,phases      ] GC(1036)   Merge Heap Roots: 0.4ms
[2024-08-27T14:57:50.713+0000][info][gc,phases      ] GC(1036)   Evacuate Collection Set: 53.7ms
[2024-08-27T14:57:50.713+0000][info][gc,phases      ] GC(1036)   Post Evacuate Collection Set: 0.4ms
[2024-08-27T14:57:50.713+0000][info][gc,phases      ] GC(1036)   Other: 0.2ms
[2024-08-27T14:57:50.713+0000][info][gc,heap        ] GC(1036) Eden regions: 151->0(104)
[2024-08-27T14:57:50.713+0000][info][gc,heap        ] GC(1036) Survivor regions: 0->19(19)
[2024-08-27T14:57:50.713+0000][info][gc,heap        ] GC(1036) Old regions: 441->568
[2024-08-27T14:57:50.713+0000][info][gc,heap        ] GC(1036) Archive regions: 2->2
[2024-08-27T14:57:50.713+0000][info][gc,heap        ] GC(1036) Humongous regions: 5->5
[2024-08-27T14:57:50.713+0000][info][gc,metaspace   ] GC(1036) Metaspace: 100K(320K)->100K(320K) NonClass: 96K(192K)->96K(192K) Class: 4K(128K)->4K(128K)
[2024-08-27T14:57:50.713+0000][info][gc             ] GC(1036) Pause Young (Normal) (G1 Evacuation Pause) 588M->583M(1024M) 54.944ms
[2024-08-27T14:57:50.713+0000][info][gc,cpu         ] GC(1036) User=0.46s Sys=0.66s Real=0.05s
[2024-08-27T14:57:50.768+0000][info][gc,start       ] GC(1037) Pause Young (Concurrent Start) (G1 Evacuation Pause)
[2024-08-27T14:57:50.768+0000][info][gc,task        ] GC(1037) Using 24 workers of 68 for evacuation
[2024-08-27T14:57:50.787+0000][info][gc,phases      ] GC(1037)   Pre Evacuate Collection Set: 0.2ms
[2024-08-27T14:57:50.787+0000][info][gc,phases      ] GC(1037)   Merge Heap Roots: 0.4ms
[2024-08-27T14:57:50.787+0000][info][gc,phases      ] GC(1037)   Evacuate Collection Set: 18.0ms
[2024-08-27T14:57:50.787+0000][info][gc,phases      ] GC(1037)   Post Evacuate Collection Set: 0.3ms
[2024-08-27T14:57:50.787+0000][info][gc,phases      ] GC(1037)   Other: 0.6ms
[2024-08-27T14:57:50.787+0000][info][gc,heap        ] GC(1037) Eden regions: 104->0(71)
[2024-08-27T14:57:50.787+0000][info][gc,heap        ] GC(1037) Survivor regions: 19->16(16)
[2024-08-27T14:57:50.787+0000][info][gc,heap        ] GC(1037) Old regions: 568->674
[2024-08-27T14:57:50.787+0000][info][gc,heap        ] GC(1037) Archive regions: 2->2
[2024-08-27T14:57:50.787+0000][info][gc,heap        ] GC(1037) Humongous regions: 5->5
[2024-08-27T14:57:50.787+0000][info][gc,metaspace   ] GC(1037) Metaspace: 100K(320K)->100K(320K) NonClass: 96K(192K)->96K(192K) Class: 4K(128K)->4K(128K)
[2024-08-27T14:57:50.787+0000][info][gc             ] GC(1037) Pause Young (Concurrent Start) (G1 Evacuation Pause) 687M->686M(1024M) 19.505ms
[2024-08-27T14:57:50.787+0000][info][gc,cpu         ] GC(1037) User=0.44s Sys=0.00s Real=0.02s
[2024-08-27T14:57:50.787+0000][info][gc             ] GC(1038) Concurrent Mark Cycle
[2024-08-27T14:57:50.787+0000][info][gc,marking     ] GC(1038) Concurrent Clear Claimed Marks
[2024-08-27T14:57:50.787+0000][info][gc,marking     ] GC(1038) Concurrent Clear Claimed Marks 0.012ms
[2024-08-27T14:57:50.787+0000][info][gc,marking     ] GC(1038) Concurrent Scan Root Regions
[2024-08-27T14:57:50.791+0000][info][gc,marking     ] GC(1038) Concurrent Scan Root Regions 3.505ms
[2024-08-27T14:57:50.791+0000][info][gc,marking     ] GC(1038) Concurrent Mark
[2024-08-27T14:57:50.791+0000][info][gc,marking     ] GC(1038) Concurrent Mark From Roots
[2024-08-27T14:57:50.791+0000][info][gc,task        ] GC(1038) Using 17 workers of 17 for marking
[2024-08-27T14:57:50.812+0000][info][gc,marking     ] GC(1038) Concurrent Mark From Roots 20.917ms
[2024-08-27T14:57:50.812+0000][info][gc,marking     ] GC(1038) Concurrent Preclean
[2024-08-27T14:57:50.812+0000][info][gc,marking     ] GC(1038) Concurrent Preclean 0.497ms
[2024-08-27T14:57:50.812+0000][info][gc,start       ] GC(1038) Pause Remark
[2024-08-27T14:57:50.814+0000][info][gc             ] GC(1038) Pause Remark 717M->717M(1024M) 1.159ms
[2024-08-27T14:57:50.814+0000][info][gc,cpu         ] GC(1038) User=0.00s Sys=0.00s Real=0.00s
[2024-08-27T14:57:50.814+0000][info][gc,marking     ] GC(1038) Concurrent Mark 22.980ms
[2024-08-27T14:57:50.814+0000][info][gc,marking     ] GC(1038) Concurrent Rebuild Remembered Sets
[2024-08-27T14:57:50.836+0000][info][gc,start       ] GC(1039) Pause Young (Normal) (G1 Evacuation Pause)
[2024-08-27T14:57:50.836+0000][info][gc,task        ] GC(1039) Using 24 workers of 68 for evacuation
[2024-08-27T14:57:50.853+0000][info][gc,phases      ] GC(1039)   Pre Evacuate Collection Set: 0.2ms
[2024-08-27T14:57:50.853+0000][info][gc,phases      ] GC(1039)   Merge Heap Roots: 0.4ms
[2024-08-27T14:57:50.853+0000][info][gc,phases      ] GC(1039)   Evacuate Collection Set: 15.1ms
[2024-08-27T14:57:50.853+0000][info][gc,phases      ] GC(1039)   Post Evacuate Collection Set: 0.5ms
[2024-08-27T14:57:50.853+0000][info][gc,phases      ] GC(1039)   Other: 0.2ms
[2024-08-27T14:57:50.853+0000][info][gc,heap        ] GC(1039) Eden regions: 71->0(47)
[2024-08-27T14:57:50.853+0000][info][gc,heap        ] GC(1039) Survivor regions: 16->11(11)
[2024-08-27T14:57:50.853+0000][info][gc,heap        ] GC(1039) Old regions: 674->752
[2024-08-27T14:57:50.853+0000][info][gc,heap        ] GC(1039) Archive regions: 2->2
[2024-08-27T14:57:50.853+0000][info][gc,heap        ] GC(1039) Humongous regions: 5->5
[2024-08-27T14:57:50.853+0000][info][gc,metaspace   ] GC(1039) Metaspace: 100K(320K)->100K(320K) NonClass: 96K(192K)->96K(192K) Class: 4K(128K)->4K(128K)
[2024-08-27T14:57:50.853+0000][info][gc             ] GC(1039) Pause Young (Normal) (G1 Evacuation Pause) 757M->759M(1024M) 16.498ms
[2024-08-27T14:57:50.853+0000][info][gc,cpu         ] GC(1039) User=0.38s Sys=0.00s Real=0.02s
[2024-08-27T14:57:50.880+0000][info][gc,start       ] GC(1040) Pause Young (Normal) (G1 Evacuation Pause)
[2024-08-27T14:57:50.880+0000][info][gc,task        ] GC(1040) Using 24 workers of 68 for evacuation
[2024-08-27T14:57:50.900+0000][info][gc,phases      ] GC(1040)   Pre Evacuate Collection Set: 0.2ms
[2024-08-27T14:57:50.900+0000][info][gc,phases      ] GC(1040)   Merge Heap Roots: 0.4ms
[2024-08-27T14:57:50.900+0000][info][gc,phases      ] GC(1040)   Evacuate Collection Set: 18.6ms
[2024-08-27T14:57:50.900+0000][info][gc,phases      ] GC(1040)   Post Evacuate Collection Set: 0.6ms
[2024-08-27T14:57:50.900+0000][info][gc,phases      ] GC(1040)   Other: 0.2ms
[2024-08-27T14:57:50.900+0000][info][gc,heap        ] GC(1040) Eden regions: 47->0(43)
[2024-08-27T14:57:50.900+0000][info][gc,heap        ] GC(1040) Survivor regions: 11->8(8)
[2024-08-27T14:57:50.900+0000][info][gc,heap        ] GC(1040) Old regions: 752->806
[2024-08-27T14:57:50.900+0000][info][gc,heap        ] GC(1040) Archive regions: 2->2
[2024-08-27T14:57:50.900+0000][info][gc,heap        ] GC(1040) Humongous regions: 5->5
[2024-08-27T14:57:50.900+0000][info][gc,metaspace   ] GC(1040) Metaspace: 100K(320K)->100K(320K) NonClass: 96K(192K)->96K(192K) Class: 4K(128K)->4K(128K)
[2024-08-27T14:57:50.901+0000][info][gc             ] GC(1040) Pause Young (Normal) (G1 Evacuation Pause) 806M->810M(1024M) 20.078ms
[2024-08-27T14:57:50.901+0000][info][gc,cpu         ] GC(1040) User=0.46s Sys=0.00s Real=0.02s
[2024-08-27T14:57:50.909+0000][info][gc,marking     ] GC(1038) Concurrent Rebuild Remembered Sets 95.164ms
[2024-08-27T14:57:50.909+0000][info][gc,start       ] GC(1038) Pause Cleanup
[2024-08-27T14:57:50.910+0000][info][gc             ] GC(1038) Pause Cleanup 825M->825M(1024M) 1.034ms
[2024-08-27T14:57:50.910+0000][info][gc,cpu         ] GC(1038) User=0.01s Sys=0.00s Real=0.01s
[2024-08-27T14:57:50.910+0000][info][gc,marking     ] GC(1038) Concurrent Cleanup for Next Mark
[2024-08-27T14:57:50.911+0000][info][gc,marking     ] GC(1038) Concurrent Cleanup for Next Mark 0.835ms
[2024-08-27T14:57:50.911+0000][info][gc             ] GC(1038) Concurrent Mark Cycle 123.931ms
[2024-08-27T14:57:50.928+0000][info][gc,start       ] GC(1041) Pause Young (Prepare Mixed) (G1 Evacuation Pause)
[2024-08-27T14:57:50.928+0000][info][gc,task        ] GC(1041) Using 24 workers of 68 for evacuation
[2024-08-27T14:57:50.946+0000][info][gc,phases      ] GC(1041)   Pre Evacuate Collection Set: 0.2ms
[2024-08-27T14:57:50.946+0000][info][gc,phases      ] GC(1041)   Merge Heap Roots: 0.4ms
[2024-08-27T14:57:50.946+0000][info][gc,phases      ] GC(1041)   Evacuate Collection Set: 17.2ms
[2024-08-27T14:57:50.946+0000][info][gc,phases      ] GC(1041)   Post Evacuate Collection Set: 0.3ms
[2024-08-27T14:57:50.946+0000][info][gc,phases      ] GC(1041)   Other: 0.2ms
[2024-08-27T14:57:50.946+0000][info][gc,heap        ] GC(1041) Eden regions: 43->0(44)
[2024-08-27T14:57:50.946+0000][info][gc,heap        ] GC(1041) Survivor regions: 8->7(7)
[2024-08-27T14:57:50.946+0000][info][gc,heap        ] GC(1041) Old regions: 806->853
[2024-08-27T14:57:50.946+0000][info][gc,heap        ] GC(1041) Archive regions: 2->2
[2024-08-27T14:57:50.946+0000][info][gc,heap        ] GC(1041) Humongous regions: 5->5
[2024-08-27T14:57:50.946+0000][info][gc,metaspace   ] GC(1041) Metaspace: 100K(320K)->100K(320K) NonClass: 96K(192K)->96K(192K) Class: 4K(128K)->4K(128K)
[2024-08-27T14:57:50.946+0000][info][gc             ] GC(1041) Pause Young (Prepare Mixed) (G1 Evacuation Pause) 853M->856M(1024M) 18.424ms
[2024-08-27T14:57:50.946+0000][info][gc,cpu         ] GC(1041) User=0.42s Sys=0.00s Real=0.02s
[2024-08-27T14:57:50.970+0000][info][gc,start       ] GC(1042) Pause Young (Mixed) (G1 Evacuation Pause)
[2024-08-27T14:57:50.970+0000][info][gc,task        ] GC(1042) Using 24 workers of 68 for evacuation
[2024-08-27T14:57:50.982+0000][info][gc,phases      ] GC(1042)   Pre Evacuate Collection Set: 0.2ms
[2024-08-27T14:57:50.982+0000][info][gc,phases      ] GC(1042)   Merge Heap Roots: 0.4ms
[2024-08-27T14:57:50.982+0000][info][gc,phases      ] GC(1042)   Evacuate Collection Set: 10.7ms
[2024-08-27T14:57:50.982+0000][info][gc,phases      ] GC(1042)   Post Evacuate Collection Set: 0.4ms
[2024-08-27T14:57:50.982+0000][info][gc,phases      ] GC(1042)   Other: 0.2ms
[2024-08-27T14:57:50.982+0000][info][gc,heap        ] GC(1042) Eden regions: 44->0(44)
[2024-08-27T14:57:50.982+0000][info][gc,heap        ] GC(1042) Survivor regions: 7->7(7)
[2024-08-27T14:57:50.982+0000][info][gc,heap        ] GC(1042) Old regions: 853->797
[2024-08-27T14:57:50.982+0000][info][gc,heap        ] GC(1042) Archive regions: 2->2
[2024-08-27T14:57:50.982+0000][info][gc,heap        ] GC(1042) Humongous regions: 5->5
[2024-08-27T14:57:50.982+0000][info][gc,metaspace   ] GC(1042) Metaspace: 100K(320K)->100K(320K) NonClass: 96K(192K)->96K(192K) Class: 4K(128K)->4K(128K)
[2024-08-27T14:57:50.982+0000][info][gc             ] GC(1042) Pause Young (Mixed) (G1 Evacuation Pause) 900M->800M(1024M) 11.976ms
[2024-08-27T14:57:50.982+0000][info][gc,cpu         ] GC(1042) User=0.26s Sys=0.01s Real=0.01s
[2024-08-27T14:57:51.004+0000][info][gc,start       ] GC(1043) Pause Young (Mixed) (G1 Evacuation Pause)
[2024-08-27T14:57:51.004+0000][info][gc,task        ] GC(1043) Using 24 workers of 68 for evacuation
[2024-08-27T14:57:51.016+0000][info][gc,phases      ] GC(1043)   Pre Evacuate Collection Set: 0.2ms
[2024-08-27T14:57:51.016+0000][info][gc,phases      ] GC(1043)   Merge Heap Roots: 0.3ms
[2024-08-27T14:57:51.016+0000][info][gc,phases      ] GC(1043)   Evacuate Collection Set: 10.7ms
[2024-08-27T14:57:51.016+0000][info][gc,phases      ] GC(1043)   Post Evacuate Collection Set: 0.4ms
[2024-08-27T14:57:51.016+0000][info][gc,phases      ] GC(1043)   Other: 0.2ms
[2024-08-27T14:57:51.016+0000][info][gc,heap        ] GC(1043) Eden regions: 44->0(47)
[2024-08-27T14:57:51.016+0000][info][gc,heap        ] GC(1043) Survivor regions: 7->7(7)
[2024-08-27T14:57:51.016+0000][info][gc,heap        ] GC(1043) Old regions: 797->756
[2024-08-27T14:57:51.016+0000][info][gc,heap        ] GC(1043) Archive regions: 2->2
[2024-08-27T14:57:51.016+0000][info][gc,heap        ] GC(1043) Humongous regions: 5->5
[2024-08-27T14:57:51.016+0000][info][gc,metaspace   ] GC(1043) Metaspace: 100K(320K)->100K(320K) NonClass: 96K(192K)->96K(192K) Class: 4K(128K)->4K(128K)
[2024-08-27T14:57:51.016+0000][info][gc             ] GC(1043) Pause Young (Mixed) (G1 Evacuation Pause) 844M->762M(1024M) 11.873ms
[2024-08-27T14:57:51.016+0000][info][gc,cpu         ] GC(1043) User=0.27s Sys=0.00s Real=0.01s
[2024-08-27T14:57:51.039+0000][info][gc,start       ] GC(1044) Pause Young (Concurrent Start) (G1 Evacuation Pause)
[2024-08-27T14:57:51.039+0000][info][gc,task        ] GC(1044) Using 24 workers of 68 for evacuation
[2024-08-27T14:57:51.050+0000][info][gc,phases      ] GC(1044)   Pre Evacuate Collection Set: 0.2ms
[2024-08-27T14:57:51.050+0000][info][gc,phases      ] GC(1044)   Merge Heap Roots: 0.2ms
[2024-08-27T14:57:51.050+0000][info][gc,phases      ] GC(1044)   Evacuate Collection Set: 9.9ms
[2024-08-27T14:57:51.050+0000][info][gc,phases      ] GC(1044)   Post Evacuate Collection Set: 0.3ms
[2024-08-27T14:57:51.050+0000][info][gc,phases      ] GC(1044)   Other: 0.6ms
[2024-08-27T14:57:51.050+0000][info][gc,heap        ] GC(1044) Eden regions: 47->0(44)
[2024-08-27T14:57:51.050+0000][info][gc,heap        ] GC(1044) Survivor regions: 7->7(7)
[2024-08-27T14:57:51.050+0000][info][gc,heap        ] GC(1044) Old regions: 756->806
[2024-08-27T14:57:51.050+0000][info][gc,heap        ] GC(1044) Archive regions: 2->2
[2024-08-27T14:57:51.050+0000][info][gc,heap        ] GC(1044) Humongous regions: 5->5
[2024-08-27T14:57:51.050+0000][info][gc,metaspace   ] GC(1044) Metaspace: 100K(320K)->100K(320K) NonClass: 96K(192K)->96K(192K) Class: 4K(128K)->4K(128K)
[2024-08-27T14:57:51.050+0000][info][gc             ] GC(1044) Pause Young (Concurrent Start) (G1 Evacuation Pause) 809M->812M(1024M) 11.330ms
[2024-08-27T14:57:51.050+0000][info][gc,cpu         ] GC(1044) User=0.24s Sys=0.00s Real=0.01s
[2024-08-27T14:57:51.050+0000][info][gc             ] GC(1045) Concurrent Mark Cycle
[2024-08-27T14:57:51.050+0000][info][gc,marking     ] GC(1045) Concurrent Clear Claimed Marks
[2024-08-27T14:57:51.050+0000][info][gc,marking     ] GC(1045) Concurrent Clear Claimed Marks 0.010ms
[2024-08-27T14:57:51.050+0000][info][gc,marking     ] GC(1045) Concurrent Scan Root Regions
[2024-08-27T14:57:51.052+0000][info][gc,marking     ] GC(1045) Concurrent Scan Root Regions 1.669ms
[2024-08-27T14:57:51.052+0000][info][gc,marking     ] GC(1045) Concurrent Mark
[2024-08-27T14:57:51.052+0000][info][gc,marking     ] GC(1045) Concurrent Mark From Roots
[2024-08-27T14:57:51.052+0000][info][gc,task        ] GC(1045) Using 17 workers of 17 for marking
[2024-08-27T14:57:51.076+0000][info][gc,marking     ] GC(1045) Concurrent Mark From Roots 23.869ms
[2024-08-27T14:57:51.076+0000][info][gc,marking     ] GC(1045) Concurrent Preclean
[2024-08-27T14:57:51.077+0000][info][gc,marking     ] GC(1045) Concurrent Preclean 1.043ms
[2024-08-27T14:57:51.077+0000][info][gc,start       ] GC(1045) Pause Remark
[2024-08-27T14:57:51.079+0000][info][gc             ] GC(1045) Pause Remark 847M->847M(1024M) 1.660ms
[2024-08-27T14:57:51.079+0000][info][gc,cpu         ] GC(1045) User=0.00s Sys=0.00s Real=0.01s
[2024-08-27T14:57:51.079+0000][info][gc,marking     ] GC(1045) Concurrent Mark 27.180ms
[2024-08-27T14:57:51.079+0000][info][gc,marking     ] GC(1045) Concurrent Rebuild Remembered Sets
[2024-08-27T14:57:51.085+0000][info][gc,start       ] GC(1046) Pause Young (Normal) (G1 Evacuation Pause)
[2024-08-27T14:57:51.085+0000][info][gc,task        ] GC(1046) Using 24 workers of 68 for evacuation
[2024-08-27T14:57:51.095+0000][info][gc,phases      ] GC(1046)   Pre Evacuate Collection Set: 0.2ms
[2024-08-27T14:57:51.096+0000][info][gc,phases      ] GC(1046)   Merge Heap Roots: 0.3ms
[2024-08-27T14:57:51.096+0000][info][gc,phases      ] GC(1046)   Evacuate Collection Set: 9.3ms
[2024-08-27T14:57:51.096+0000][info][gc,phases      ] GC(1046)   Post Evacuate Collection Set: 0.4ms
[2024-08-27T14:57:51.096+0000][info][gc,phases      ] GC(1046)   Other: 0.2ms
[2024-08-27T14:57:51.096+0000][info][gc,heap        ] GC(1046) Eden regions: 44->0(44)
[2024-08-27T14:57:51.096+0000][info][gc,heap        ] GC(1046) Survivor regions: 7->7(7)
[2024-08-27T14:57:51.096+0000][info][gc,heap        ] GC(1046) Old regions: 806->853
[2024-08-27T14:57:51.096+0000][info][gc,heap        ] GC(1046) Archive regions: 2->2
[2024-08-27T14:57:51.096+0000][info][gc,heap        ] GC(1046) Humongous regions: 5->5
[2024-08-27T14:57:51.096+0000][info][gc,metaspace   ] GC(1046) Metaspace: 100K(320K)->100K(320K) NonClass: 96K(192K)->96K(192K) Class: 4K(128K)->4K(128K)
[2024-08-27T14:57:51.096+0000][info][gc             ] GC(1046) Pause Young (Normal) (G1 Evacuation Pause) 856M->859M(1024M) 10.408ms
[2024-08-27T14:57:51.096+0000][info][gc,cpu         ] GC(1046) User=0.22s Sys=0.00s Real=0.01s
[2024-08-27T14:57:51.122+0000][info][gc,start       ] GC(1047) Pause Young (Normal) (G1 Evacuation Pause)
[2024-08-27T14:57:51.122+0000][info][gc,task        ] GC(1047) Using 24 workers of 68 for evacuation
[2024-08-27T14:57:51.136+0000][info][gc,phases      ] GC(1047)   Pre Evacuate Collection Set: 0.2ms
[2024-08-27T14:57:51.136+0000][info][gc,phases      ] GC(1047)   Merge Heap Roots: 0.3ms
[2024-08-27T14:57:51.136+0000][info][gc,phases      ] GC(1047)   Evacuate Collection Set: 12.8ms
[2024-08-27T14:57:51.136+0000][info][gc,phases      ] GC(1047)   Post Evacuate Collection Set: 0.5ms
[2024-08-27T14:57:51.136+0000][info][gc,phases      ] GC(1047)   Other: 0.3ms
[2024-08-27T14:57:51.136+0000][info][gc,heap        ] GC(1047) Eden regions: 44->0(44)
[2024-08-27T14:57:51.136+0000][info][gc,heap        ] GC(1047) Survivor regions: 7->7(7)
[2024-08-27T14:57:51.136+0000][info][gc,heap        ] GC(1047) Old regions: 853->900
[2024-08-27T14:57:51.136+0000][info][gc,heap        ] GC(1047) Archive regions: 2->2
[2024-08-27T14:57:51.136+0000][info][gc,heap        ] GC(1047) Humongous regions: 5->5
[2024-08-27T14:57:51.136+0000][info][gc,metaspace   ] GC(1047) Metaspace: 100K(320K)->100K(320K) NonClass: 96K(192K)->96K(192K) Class: 4K(128K)->4K(128K)
[2024-08-27T14:57:51.136+0000][info][gc             ] GC(1047) Pause Young (Normal) (G1 Evacuation Pause) 903M->906M(1024M) 14.149ms
[2024-08-27T14:57:51.136+0000][info][gc,cpu         ] GC(1047) User=0.32s Sys=0.01s Real=0.01s
[2024-08-27T14:57:51.161+0000][info][gc,start       ] GC(1048) Pause Young (Normal) (G1 Evacuation Pause)
[2024-08-27T14:57:51.162+0000][info][gc,task        ] GC(1048) Using 24 workers of 68 for evacuation
[2024-08-27T14:57:51.177+0000][info][gc,phases      ] GC(1048)   Pre Evacuate Collection Set: 0.2ms
[2024-08-27T14:57:51.177+0000][info][gc,phases      ] GC(1048)   Merge Heap Roots: 0.4ms
[2024-08-27T14:57:51.177+0000][info][gc,phases      ] GC(1048)   Evacuate Collection Set: 14.2ms
[2024-08-27T14:57:51.177+0000][info][gc,phases      ] GC(1048)   Post Evacuate Collection Set: 0.6ms
[2024-08-27T14:57:51.177+0000][info][gc,phases      ] GC(1048)   Other: 0.3ms
[2024-08-27T14:57:51.177+0000][info][gc,heap        ] GC(1048) Eden regions: 44->0(44)
[2024-08-27T14:57:51.177+0000][info][gc,heap        ] GC(1048) Survivor regions: 7->7(7)
[2024-08-27T14:57:51.177+0000][info][gc,heap        ] GC(1048) Old regions: 900->947
[2024-08-27T14:57:51.177+0000][info][gc,heap        ] GC(1048) Archive regions: 2->2
[2024-08-27T14:57:51.177+0000][info][gc,heap        ] GC(1048) Humongous regions: 5->5
[2024-08-27T14:57:51.177+0000][info][gc,metaspace   ] GC(1048) Metaspace: 100K(320K)->100K(320K) NonClass: 96K(192K)->96K(192K) Class: 4K(128K)->4K(128K)
[2024-08-27T14:57:51.177+0000][info][gc             ] GC(1048) Pause Young (Normal) (G1 Evacuation Pause) 950M->953M(1024M) 15.836ms
[2024-08-27T14:57:51.177+0000][info][gc,cpu         ] GC(1048) User=0.35s Sys=0.00s Real=0.01s
[2024-08-27T14:57:51.184+0000][info][gc,marking     ] GC(1045) Concurrent Rebuild Remembered Sets 104.772ms
[2024-08-27T14:57:51.184+0000][info][gc,start       ] GC(1045) Pause Cleanup
[2024-08-27T14:57:51.186+0000][info][gc             ] GC(1045) Pause Cleanup 964M->964M(1024M) 1.453ms
[2024-08-27T14:57:51.186+0000][info][gc,cpu         ] GC(1045) User=0.00s Sys=0.00s Real=0.00s
[2024-08-27T14:57:51.186+0000][info][gc,marking     ] GC(1045) Concurrent Cleanup for Next Mark
[2024-08-27T14:57:51.186+0000][info][gc,marking     ] GC(1045) Concurrent Cleanup for Next Mark 0.805ms
[2024-08-27T14:57:51.187+0000][info][gc             ] GC(1045) Concurrent Mark Cycle 136.316ms
[2024-08-27T14:57:51.196+0000][info][gc,start       ] GC(1049) Pause Young (Prepare Mixed) (G1 Preventive Collection)
[2024-08-27T14:57:51.196+0000][info][gc,task        ] GC(1049) Using 24 workers of 68 for evacuation
[2024-08-27T14:57:51.212+0000][info][gc,phases      ] GC(1049)   Pre Evacuate Collection Set: 0.2ms
[2024-08-27T14:57:51.212+0000][info][gc,phases      ] GC(1049)   Merge Heap Roots: 0.7ms
[2024-08-27T14:57:51.212+0000][info][gc,phases      ] GC(1049)   Evacuate Collection Set: 14.5ms
[2024-08-27T14:57:51.212+0000][info][gc,phases      ] GC(1049)   Post Evacuate Collection Set: 0.3ms
[2024-08-27T14:57:51.212+0000][info][gc,phases      ] GC(1049)   Other: 0.2ms
[2024-08-27T14:57:51.212+0000][info][gc,heap        ] GC(1049) Eden regions: 26->0(44)
[2024-08-27T14:57:51.212+0000][info][gc,heap        ] GC(1049) Survivor regions: 7->7(7)
[2024-08-27T14:57:51.212+0000][info][gc,heap        ] GC(1049) Old regions: 947->976
[2024-08-27T14:57:51.212+0000][info][gc,heap        ] GC(1049) Archive regions: 2->2
[2024-08-27T14:57:51.212+0000][info][gc,heap        ] GC(1049) Humongous regions: 5->5
[2024-08-27T14:57:51.212+0000][info][gc,metaspace   ] GC(1049) Metaspace: 100K(320K)->100K(320K) NonClass: 96K(192K)->96K(192K) Class: 4K(128K)->4K(128K)
[2024-08-27T14:57:51.212+0000][info][gc             ] GC(1049) Pause Young (Prepare Mixed) (G1 Preventive Collection) 979M->982M(1024M) 15.863ms
[2024-08-27T14:57:51.212+0000][info][gc,cpu         ] GC(1049) User=0.37s Sys=0.00s Real=0.02s
[2024-08-27T14:57:51.219+0000][info][gc,start       ] GC(1050) Pause Young (Mixed) (G1 Preventive Collection)
[2024-08-27T14:57:51.219+0000][info][gc,task        ] GC(1050) Using 24 workers of 68 for evacuation
[2024-08-27T14:57:51.225+0000][info][gc,phases      ] GC(1050)   Pre Evacuate Collection Set: 0.2ms
[2024-08-27T14:57:51.225+0000][info][gc,phases      ] GC(1050)   Merge Heap Roots: 0.2ms
[2024-08-27T14:57:51.225+0000][info][gc,phases      ] GC(1050)   Evacuate Collection Set: 4.9ms
[2024-08-27T14:57:51.225+0000][info][gc,phases      ] GC(1050)   Post Evacuate Collection Set: 0.3ms
[2024-08-27T14:57:51.225+0000][info][gc,phases      ] GC(1050)   Other: 0.2ms
[2024-08-27T14:57:51.225+0000][info][gc,heap        ] GC(1050) Eden regions: 12->0(44)
[2024-08-27T14:57:51.225+0000][info][gc,heap        ] GC(1050) Survivor regions: 7->7(7)
[2024-08-27T14:57:51.225+0000][info][gc,heap        ] GC(1050) Old regions: 976->887
[2024-08-27T14:57:51.225+0000][info][gc,heap        ] GC(1050) Archive regions: 2->2
[2024-08-27T14:57:51.225+0000][info][gc,heap        ] GC(1050) Humongous regions: 5->5
[2024-08-27T14:57:51.225+0000][info][gc,metaspace   ] GC(1050) Metaspace: 100K(320K)->100K(320K) NonClass: 96K(192K)->96K(192K) Class: 4K(128K)->4K(128K)
[2024-08-27T14:57:51.225+0000][info][gc             ] GC(1050) Pause Young (Mixed) (G1 Preventive Collection) 994M->896M(1024M) 5.865ms
[2024-08-27T14:57:51.225+0000][info][gc,cpu         ] GC(1050) User=0.13s Sys=0.00s Real=0.00s
[2024-08-27T14:57:51.247+0000][info][gc,start       ] GC(1051) Pause Young (Mixed) (G1 Evacuation Pause)
[2024-08-27T14:57:51.247+0000][info][gc,task        ] GC(1051) Using 24 workers of 68 for evacuation
[2024-08-27T14:57:51.258+0000][info][gc,phases      ] GC(1051)   Pre Evacuate Collection Set: 0.2ms
[2024-08-27T14:57:51.258+0000][info][gc,phases      ] GC(1051)   Merge Heap Roots: 0.5ms
[2024-08-27T14:57:51.258+0000][info][gc,phases      ] GC(1051)   Evacuate Collection Set: 9.6ms
[2024-08-27T14:57:51.258+0000][info][gc,phases      ] GC(1051)   Post Evacuate Collection Set: 0.4ms
[2024-08-27T14:57:51.258+0000][info][gc,phases      ] GC(1051)   Other: 0.2ms
[2024-08-27T14:57:51.258+0000][info][gc,heap        ] GC(1051) Eden regions: 44->0(44)
[2024-08-27T14:57:51.258+0000][info][gc,heap        ] GC(1051) Survivor regions: 7->7(7)
[2024-08-27T14:57:51.258+0000][info][gc,heap        ] GC(1051) Old regions: 887->828
[2024-08-27T14:57:51.258+0000][info][gc,heap        ] GC(1051) Archive regions: 2->2
[2024-08-27T14:57:51.258+0000][info][gc,heap        ] GC(1051) Humongous regions: 5->5
[2024-08-27T14:57:51.258+0000][info][gc,metaspace   ] GC(1051) Metaspace: 100K(320K)->100K(320K) NonClass: 96K(192K)->96K(192K) Class: 4K(128K)->4K(128K)
[2024-08-27T14:57:51.258+0000][info][gc             ] GC(1051) Pause Young (Mixed) (G1 Evacuation Pause) 940M->840M(1024M) 11.044ms
[2024-08-27T14:57:51.258+0000][info][gc,cpu         ] GC(1051) User=0.24s Sys=0.00s Real=0.02s
[2024-08-27T14:57:51.280+0000][info][gc,start       ] GC(1052) Pause Young (Mixed) (G1 Evacuation Pause)
[2024-08-27T14:57:51.281+0000][info][gc,task        ] GC(1052) Using 24 workers of 68 for evacuation
[2024-08-27T14:57:51.294+0000][info][gc,phases      ] GC(1052)   Pre Evacuate Collection Set: 0.2ms
[2024-08-27T14:57:51.294+0000][info][gc,phases      ] GC(1052)   Merge Heap Roots: 0.3ms
[2024-08-27T14:57:51.294+0000][info][gc,phases      ] GC(1052)   Evacuate Collection Set: 12.2ms
[2024-08-27T14:57:51.294+0000][info][gc,phases      ] GC(1052)   Post Evacuate Collection Set: 0.4ms
[2024-08-27T14:57:51.294+0000][info][gc,phases      ] GC(1052)   Other: 0.3ms
[2024-08-27T14:57:51.294+0000][info][gc,heap        ] GC(1052) Eden regions: 44->0(44)
[2024-08-27T14:57:51.294+0000][info][gc,heap        ] GC(1052) Survivor regions: 7->7(7)
[2024-08-27T14:57:51.294+0000][info][gc,heap        ] GC(1052) Old regions: 828->789
[2024-08-27T14:57:51.294+0000][info][gc,heap        ] GC(1052) Archive regions: 2->2
[2024-08-27T14:57:51.294+0000][info][gc,heap        ] GC(1052) Humongous regions: 5->5
[2024-08-27T14:57:51.294+0000][info][gc,metaspace   ] GC(1052) Metaspace: 100K(320K)->100K(320K) NonClass: 96K(192K)->96K(192K) Class: 4K(128K)->4K(128K)
[2024-08-27T14:57:51.294+0000][info][gc             ] GC(1052) Pause Young (Mixed) (G1 Evacuation Pause) 884M->801M(1024M) 13.482ms
[2024-08-27T14:57:51.294+0000][info][gc,cpu         ] GC(1052) User=0.30s Sys=0.00s Real=0.01s
[2024-08-27T14:57:51.317+0000][info][gc,start       ] GC(1053) Pause Young (Mixed) (G1 Evacuation Pause)
[2024-08-27T14:57:51.317+0000][info][gc,task        ] GC(1053) Using 24 workers of 68 for evacuation
[2024-08-27T14:57:51.328+0000][info][gc,phases      ] GC(1053)   Pre Evacuate Collection Set: 0.2ms
[2024-08-27T14:57:51.328+0000][info][gc,phases      ] GC(1053)   Merge Heap Roots: 0.4ms
[2024-08-27T14:57:51.328+0000][info][gc,phases      ] GC(1053)   Evacuate Collection Set: 10.9ms
[2024-08-27T14:57:51.329+0000][info][gc,phases      ] GC(1053)   Post Evacuate Collection Set: 0.3ms
[2024-08-27T14:57:51.329+0000][info][gc,phases      ] GC(1053)   Other: 0.2ms
[2024-08-27T14:57:51.329+0000][info][gc,heap        ] GC(1053) Eden regions: 44->0(44)
[2024-08-27T14:57:51.329+0000][info][gc,heap        ] GC(1053) Survivor regions: 7->7(7)
[2024-08-27T14:57:51.329+0000][info][gc,heap        ] GC(1053) Old regions: 789->824
[2024-08-27T14:57:51.329+0000][info][gc,heap        ] GC(1053) Archive regions: 2->2
[2024-08-27T14:57:51.329+0000][info][gc,heap        ] GC(1053) Humongous regions: 5->5
[2024-08-27T14:57:51.329+0000][info][gc,metaspace   ] GC(1053) Metaspace: 100K(320K)->100K(320K) NonClass: 96K(192K)->96K(192K) Class: 4K(128K)->4K(128K)
[2024-08-27T14:57:51.329+0000][info][gc             ] GC(1053) Pause Young (Mixed) (G1 Evacuation Pause) 845M->836M(1024M) 12.096ms
[2024-08-27T14:57:51.329+0000][info][gc,cpu         ] GC(1053) User=0.27s Sys=0.00s Real=0.01s
[2024-08-27T14:57:51.350+0000][info][gc,start       ] GC(1054) Pause Young (Concurrent Start) (G1 Evacuation Pause)
[2024-08-27T14:57:51.350+0000][info][gc,task        ] GC(1054) Using 24 workers of 68 for evacuation
[2024-08-27T14:57:51.361+0000][info][gc,phases      ] GC(1054)   Pre Evacuate Collection Set: 0.2ms
[2024-08-27T14:57:51.361+0000][info][gc,phases      ] GC(1054)   Merge Heap Roots: 0.4ms
[2024-08-27T14:57:51.361+0000][info][gc,phases      ] GC(1054)   Evacuate Collection Set: 9.7ms
[2024-08-27T14:57:51.361+0000][info][gc,phases      ] GC(1054)   Post Evacuate Collection Set: 0.3ms
[2024-08-27T14:57:51.361+0000][info][gc,phases      ] GC(1054)   Other: 0.6ms
[2024-08-27T14:57:51.361+0000][info][gc,heap        ] GC(1054) Eden regions: 44->0(44)
[2024-08-27T14:57:51.361+0000][info][gc,heap        ] GC(1054) Survivor regions: 7->7(7)
[2024-08-27T14:57:51.361+0000][info][gc,heap        ] GC(1054) Old regions: 824->871
[2024-08-27T14:57:51.361+0000][info][gc,heap        ] GC(1054) Archive regions: 2->2
[2024-08-27T14:57:51.361+0000][info][gc,heap        ] GC(1054) Humongous regions: 5->5
[2024-08-27T14:57:51.361+0000][info][gc,metaspace   ] GC(1054) Metaspace: 100K(320K)->100K(320K) NonClass: 96K(192K)->96K(192K) Class: 4K(128K)->4K(128K)
[2024-08-27T14:57:51.361+0000][info][gc             ] GC(1054) Pause Young (Concurrent Start) (G1 Evacuation Pause) 880M->883M(1024M) 11.357ms
[2024-08-27T14:57:51.361+0000][info][gc,cpu         ] GC(1054) User=0.25s Sys=0.00s Real=0.01s
[2024-08-27T14:57:51.362+0000][info][gc             ] GC(1055) Concurrent Mark Cycle
[2024-08-27T14:57:51.362+0000][info][gc,marking     ] GC(1055) Concurrent Clear Claimed Marks
[2024-08-27T14:57:51.362+0000][info][gc,marking     ] GC(1055) Concurrent Clear Claimed Marks 0.010ms
[2024-08-27T14:57:51.362+0000][info][gc,marking     ] GC(1055) Concurrent Scan Root Regions
[2024-08-27T14:57:51.363+0000][info][gc,marking     ] GC(1055) Concurrent Scan Root Regions 1.572ms
[2024-08-27T14:57:51.363+0000][info][gc,marking     ] GC(1055) Concurrent Mark
[2024-08-27T14:57:51.363+0000][info][gc,marking     ] GC(1055) Concurrent Mark From Roots
[2024-08-27T14:57:51.363+0000][info][gc,task        ] GC(1055) Using 17 workers of 17 for marking
[2024-08-27T14:57:51.388+0000][info][gc,marking     ] GC(1055) Concurrent Mark From Roots 24.429ms
[2024-08-27T14:57:51.388+0000][info][gc,marking     ] GC(1055) Concurrent Preclean
[2024-08-27T14:57:51.388+0000][info][gc,marking     ] GC(1055) Concurrent Preclean 0.497ms
[2024-08-27T14:57:51.388+0000][info][gc,start       ] GC(1055) Pause Remark
[2024-08-27T14:57:51.390+0000][info][gc             ] GC(1055) Pause Remark 918M->918M(1024M) 1.818ms
[2024-08-27T14:57:51.390+0000][info][gc,cpu         ] GC(1055) User=0.01s Sys=0.00s Real=0.01s
[2024-08-27T14:57:51.390+0000][info][gc,marking     ] GC(1055) Concurrent Mark 27.201ms
[2024-08-27T14:57:51.390+0000][info][gc,marking     ] GC(1055) Concurrent Rebuild Remembered Sets
[2024-08-27T14:57:51.396+0000][info][gc,start       ] GC(1056) Pause Young (Normal) (G1 Evacuation Pause)
[2024-08-27T14:57:51.396+0000][info][gc,task        ] GC(1056) Using 24 workers of 68 for evacuation
[2024-08-27T14:57:51.407+0000][info][gc,phases      ] GC(1056)   Pre Evacuate Collection Set: 0.2ms
[2024-08-27T14:57:51.407+0000][info][gc,phases      ] GC(1056)   Merge Heap Roots: 0.3ms
[2024-08-27T14:57:51.407+0000][info][gc,phases      ] GC(1056)   Evacuate Collection Set: 9.3ms
[2024-08-27T14:57:51.407+0000][info][gc,phases      ] GC(1056)   Post Evacuate Collection Set: 0.4ms
[2024-08-27T14:57:51.407+0000][info][gc,phases      ] GC(1056)   Other: 0.3ms
[2024-08-27T14:57:51.407+0000][info][gc,heap        ] GC(1056) Eden regions: 44->0(44)
[2024-08-27T14:57:51.407+0000][info][gc,heap        ] GC(1056) Survivor regions: 7->7(7)
[2024-08-27T14:57:51.407+0000][info][gc,heap        ] GC(1056) Old regions: 871->917
[2024-08-27T14:57:51.407+0000][info][gc,heap        ] GC(1056) Archive regions: 2->2
[2024-08-27T14:57:51.407+0000][info][gc,heap        ] GC(1056) Humongous regions: 5->5
[2024-08-27T14:57:51.407+0000][info][gc,metaspace   ] GC(1056) Metaspace: 100K(320K)->100K(320K) NonClass: 96K(192K)->96K(192K) Class: 4K(128K)->4K(128K)
[2024-08-27T14:57:51.407+0000][info][gc             ] GC(1056) Pause Young (Normal) (G1 Evacuation Pause) 927M->929M(1024M) 10.604ms
[2024-08-27T14:57:51.407+0000][info][gc,cpu         ] GC(1056) User=0.24s Sys=0.00s Real=0.01s
[2024-08-27T14:57:51.430+0000][info][gc,start       ] GC(1057) Pause Young (Normal) (G1 Preventive Collection)
[2024-08-27T14:57:51.430+0000][info][gc,task        ] GC(1057) Using 24 workers of 68 for evacuation
[2024-08-27T14:57:51.444+0000][info][gc,phases      ] GC(1057)   Pre Evacuate Collection Set: 0.2ms
[2024-08-27T14:57:51.444+0000][info][gc,phases      ] GC(1057)   Merge Heap Roots: 0.5ms
[2024-08-27T14:57:51.444+0000][info][gc,phases      ] GC(1057)   Evacuate Collection Set: 12.6ms
[2024-08-27T14:57:51.444+0000][info][gc,phases      ] GC(1057)   Post Evacuate Collection Set: 0.5ms
[2024-08-27T14:57:51.444+0000][info][gc,phases      ] GC(1057)   Other: 0.3ms
[2024-08-27T14:57:51.444+0000][info][gc,heap        ] GC(1057) Eden regions: 41->0(44)
[2024-08-27T14:57:51.444+0000][info][gc,heap        ] GC(1057) Survivor regions: 7->7(7)
[2024-08-27T14:57:51.444+0000][info][gc,heap        ] GC(1057) Old regions: 917->960
[2024-08-27T14:57:51.444+0000][info][gc,heap        ] GC(1057) Archive regions: 2->2
[2024-08-27T14:57:51.444+0000][info][gc,heap        ] GC(1057) Humongous regions: 5->5
[2024-08-27T14:57:51.444+0000][info][gc,metaspace   ] GC(1057) Metaspace: 100K(320K)->100K(320K) NonClass: 96K(192K)->96K(192K) Class: 4K(128K)->4K(128K)
[2024-08-27T14:57:51.445+0000][info][gc             ] GC(1057) Pause Young (Normal) (G1 Preventive Collection) 970M->972M(1024M) 14.102ms
[2024-08-27T14:57:51.445+0000][info][gc,cpu         ] GC(1057) User=0.31s Sys=0.00s Real=0.01s
[2024-08-27T14:57:51.456+0000][info][gc,start       ] GC(1058) Pause Young (Normal) (G1 Preventive Collection)
[2024-08-27T14:57:51.456+0000][info][gc,task        ] GC(1058) Using 24 workers of 68 for evacuation
[2024-08-27T14:57:51.469+0000][info][gc             ] GC(1058) To-space exhausted
[2024-08-27T14:57:51.469+0000][info][gc,phases      ] GC(1058)   Pre Evacuate Collection Set: 0.1ms
[2024-08-27T14:57:51.469+0000][info][gc,phases      ] GC(1058)   Merge Heap Roots: 0.4ms
[2024-08-27T14:57:51.469+0000][info][gc,phases      ] GC(1058)   Evacuate Collection Set: 11.3ms
[2024-08-27T14:57:51.469+0000][info][gc,phases      ] GC(1058)   Post Evacuate Collection Set: 1.0ms
[2024-08-27T14:57:51.469+0000][info][gc,phases      ] GC(1058)   Other: 0.2ms
[2024-08-27T14:57:51.469+0000][info][gc,heap        ] GC(1058) Eden regions: 20->0(44)
[2024-08-27T14:57:51.469+0000][info][gc,heap        ] GC(1058) Survivor regions: 7->7(7)
[2024-08-27T14:57:51.469+0000][info][gc,heap        ] GC(1058) Old regions: 960->1010
[2024-08-27T14:57:51.469+0000][info][gc,heap        ] GC(1058) Archive regions: 2->2
[2024-08-27T14:57:51.469+0000][info][gc,heap        ] GC(1058) Humongous regions: 5->5
[2024-08-27T14:57:51.469+0000][info][gc,metaspace   ] GC(1058) Metaspace: 100K(320K)->100K(320K) NonClass: 96K(192K)->96K(192K) Class: 4K(128K)->4K(128K)
[2024-08-27T14:57:51.469+0000][info][gc             ] GC(1058) Pause Young (Normal) (G1 Preventive Collection) 992M->1022M(1024M) 13.072ms
[2024-08-27T14:57:51.469+0000][info][gc,cpu         ] GC(1058) User=0.29s Sys=0.00s Real=0.02s
[2024-08-27T14:57:51.469+0000][info][gc,ergo        ] Attempting full compaction
[2024-08-27T14:57:51.470+0000][info][gc,task        ] GC(1059) Using 24 workers of 68 for full compaction
[2024-08-27T14:57:51.470+0000][info][gc,start       ] GC(1059) Pause Full (G1 Compaction Pause)
[2024-08-27T14:57:51.470+0000][info][gc,phases,start] GC(1059) Phase 1: Mark live objects
[2024-08-27T14:57:51.485+0000][info][gc,phases      ] GC(1059) Phase 1: Mark live objects 14.868ms
[2024-08-27T14:57:51.485+0000][info][gc,phases,start] GC(1059) Phase 2: Prepare for compaction
[2024-08-27T14:57:51.495+0000][info][gc,phases      ] GC(1059) Phase 2: Prepare for compaction 9.096ms
[2024-08-27T14:57:51.495+0000][info][gc,phases,start] GC(1059) Phase 3: Adjust pointers
[2024-08-27T14:57:51.512+0000][info][gc,phases      ] GC(1059) Phase 3: Adjust pointers 17.670ms
[2024-08-27T14:57:51.512+0000][info][gc,phases,start] GC(1059) Phase 4: Compact heap
[2024-08-27T14:57:51.544+0000][info][gc,phases      ] GC(1059) Phase 4: Compact heap 32.040ms
[2024-08-27T14:57:51.546+0000][info][gc,heap        ] GC(1059) Eden regions: 0->0(150)
[2024-08-27T14:57:51.546+0000][info][gc,heap        ] GC(1059) Survivor regions: 7->0(7)
[2024-08-27T14:57:51.546+0000][info][gc,heap        ] GC(1059) Old regions: 1010->441
[2024-08-27T14:57:51.546+0000][info][gc,heap        ] GC(1059) Archive regions: 2->2
[2024-08-27T14:57:51.546+0000][info][gc,heap        ] GC(1059) Humongous regions: 5->5
[2024-08-27T14:57:51.546+0000][info][gc,metaspace   ] GC(1059) Metaspace: 100K(320K)->100K(320K) NonClass: 96K(192K)->96K(192K) Class: 4K(128K)->4K(128K)
[2024-08-27T14:57:51.546+0000][info][gc             ] GC(1059) Pause Full (G1 Compaction Pause) 1022M->435M(1024M) 76.220ms
[2024-08-27T14:57:51.546+0000][info][gc,cpu         ] GC(1059) User=1.60s Sys=0.01s Real=0.07s
[2024-08-27T14:57:51.546+0000][info][gc,marking     ] GC(1055) Concurrent Rebuild Remembered Sets 156.055ms
[2024-08-27T14:57:51.547+0000][info][gc,marking     ] GC(1055) Concurrent Mark Abort
[2024-08-27T14:57:51.547+0000][info][gc             ] GC(1055) Concurrent Mark Cycle 185.016ms
[2024-08-27T14:57:51.630+0000][info][gc,start       ] GC(1060) Pause Young (Normal) (G1 Evacuation Pause)
[2024-08-27T14:57:51.630+0000][info][gc,task        ] GC(1060) Using 24 workers of 68 for evacuation
[2024-08-27T14:57:51.652+0000][info][gc,phases      ] GC(1060)   Pre Evacuate Collection Set: 0.2ms
[2024-08-27T14:57:51.652+0000][info][gc,phases      ] GC(1060)   Merge Heap Roots: 0.4ms
[2024-08-27T14:57:51.652+0000][info][gc,phases      ] GC(1060)   Evacuate Collection Set: 21.5ms
[2024-08-27T14:57:51.652+0000][info][gc,phases      ] GC(1060)   Post Evacuate Collection Set: 0.3ms
[2024-08-27T14:57:51.652+0000][info][gc,phases      ] GC(1060)   Other: 0.2ms
[2024-08-27T14:57:51.653+0000][info][gc,heap        ] GC(1060) Eden regions: 150->0(104)
[2024-08-27T14:57:51.653+0000][info][gc,heap        ] GC(1060) Survivor regions: 0->19(19)
[2024-08-27T14:57:51.653+0000][info][gc,heap        ] GC(1060) Old regions: 441->568
[2024-08-27T14:57:51.653+0000][info][gc,heap        ] GC(1060) Archive regions: 2->2
[2024-08-27T14:57:51.653+0000][info][gc,heap        ] GC(1060) Humongous regions: 5->5
[2024-08-27T14:57:51.653+0000][info][gc,metaspace   ] GC(1060) Metaspace: 100K(320K)->100K(320K) NonClass: 96K(192K)->96K(192K) Class: 4K(128K)->4K(128K)
[2024-08-27T14:57:51.653+0000][info][gc             ] GC(1060) Pause Young (Normal) (G1 Evacuation Pause) 585M->581M(1024M) 22.652ms
[2024-08-27T14:57:51.653+0000][info][gc,cpu         ] GC(1060) User=0.52s Sys=0.01s Real=0.02s
[2024-08-27T14:57:51.707+0000][info][gc,start       ] GC(1061) Pause Young (Concurrent Start) (G1 Evacuation Pause)
[2024-08-27T14:57:51.707+0000][info][gc,task        ] GC(1061) Using 24 workers of 68 for evacuation
[2024-08-27T14:57:51.729+0000][info][gc,phases      ] GC(1061)   Pre Evacuate Collection Set: 0.2ms
[2024-08-27T14:57:51.729+0000][info][gc,phases      ] GC(1061)   Merge Heap Roots: 0.3ms
[2024-08-27T14:57:51.729+0000][info][gc,phases      ] GC(1061)   Evacuate Collection Set: 20.2ms
[2024-08-27T14:57:51.729+0000][info][gc,phases      ] GC(1061)   Post Evacuate Collection Set: 0.4ms
[2024-08-27T14:57:51.729+0000][info][gc,phases      ] GC(1061)   Other: 0.6ms
[2024-08-27T14:57:51.729+0000][info][gc,heap        ] GC(1061) Eden regions: 104->0(69)
[2024-08-27T14:57:51.729+0000][info][gc,heap        ] GC(1061) Survivor regions: 19->16(16)
[2024-08-27T14:57:51.729+0000][info][gc,heap        ] GC(1061) Old regions: 568->678
[2024-08-27T14:57:51.729+0000][info][gc,heap        ] GC(1061) Archive regions: 2->2
[2024-08-27T14:57:51.729+0000][info][gc,heap        ] GC(1061) Humongous regions: 5->5
[2024-08-27T14:57:51.729+0000][info][gc,metaspace   ] GC(1061) Metaspace: 100K(320K)->100K(320K) NonClass: 96K(192K)->96K(192K) Class: 4K(128K)->4K(128K)
[2024-08-27T14:57:51.729+0000][info][gc             ] GC(1061) Pause Young (Concurrent Start) (G1 Evacuation Pause) 685M->688M(1024M) 21.785ms
[2024-08-27T14:57:51.729+0000][info][gc,cpu         ] GC(1061) User=0.49s Sys=0.00s Real=0.02s
[2024-08-27T14:57:51.729+0000][info][gc             ] GC(1062) Concurrent Mark Cycle
[2024-08-27T14:57:51.729+0000][info][gc,marking     ] GC(1062) Concurrent Clear Claimed Marks
[2024-08-27T14:57:51.729+0000][info][gc,marking     ] GC(1062) Concurrent Clear Claimed Marks 0.012ms
[2024-08-27T14:57:51.729+0000][info][gc,marking     ] GC(1062) Concurrent Scan Root Regions
[2024-08-27T14:57:51.733+0000][info][gc,marking     ] GC(1062) Concurrent Scan Root Regions 3.827ms
[2024-08-27T14:57:51.733+0000][info][gc,marking     ] GC(1062) Concurrent Mark
[2024-08-27T14:57:51.733+0000][info][gc,marking     ] GC(1062) Concurrent Mark From Roots
[2024-08-27T14:57:51.733+0000][info][gc,task        ] GC(1062) Using 17 workers of 17 for marking
[2024-08-27T14:57:51.754+0000][info][gc,marking     ] GC(1062) Concurrent Mark From Roots 21.339ms
[2024-08-27T14:57:51.754+0000][info][gc,marking     ] GC(1062) Concurrent Preclean
[2024-08-27T14:57:51.755+0000][info][gc,marking     ] GC(1062) Concurrent Preclean 0.496ms
[2024-08-27T14:57:51.755+0000][info][gc,start       ] GC(1062) Pause Remark
[2024-08-27T14:57:51.756+0000][info][gc             ] GC(1062) Pause Remark 719M->719M(1024M) 1.137ms
[2024-08-27T14:57:51.756+0000][info][gc,cpu         ] GC(1062) User=0.01s Sys=0.00s Real=0.00s
[2024-08-27T14:57:51.756+0000][info][gc,marking     ] GC(1062) Concurrent Mark 23.358ms
[2024-08-27T14:57:51.756+0000][info][gc,marking     ] GC(1062) Concurrent Rebuild Remembered Sets
[2024-08-27T14:57:51.772+0000][info][gc,marking     ] GC(1062) Concurrent Rebuild Remembered Sets 15.586ms
[2024-08-27T14:57:51.772+0000][info][gc,start       ] GC(1062) Pause Cleanup
[2024-08-27T14:57:51.773+0000][info][gc             ] GC(1062) Pause Cleanup 743M->743M(1024M) 1.342ms
[2024-08-27T14:57:51.773+0000][info][gc,cpu         ] GC(1062) User=0.00s Sys=0.01s Real=0.00s
[2024-08-27T14:57:51.774+0000][info][gc,marking     ] GC(1062) Concurrent Cleanup for Next Mark
[2024-08-27T14:57:51.774+0000][info][gc,marking     ] GC(1062) Concurrent Cleanup for Next Mark 0.705ms
[2024-08-27T14:57:51.774+0000][info][gc             ] GC(1062) Concurrent Mark Cycle 45.352ms
[2024-08-27T14:57:51.782+0000][info][gc,start       ] GC(1063) Pause Young (Prepare Mixed) (G1 Evacuation Pause)
[2024-08-27T14:57:51.782+0000][info][gc,task        ] GC(1063) Using 24 workers of 68 for evacuation
[2024-08-27T14:57:51.798+0000][info][gc,phases      ] GC(1063)   Pre Evacuate Collection Set: 0.2ms
[2024-08-27T14:57:51.798+0000][info][gc,phases      ] GC(1063)   Merge Heap Roots: 0.3ms
[2024-08-27T14:57:51.798+0000][info][gc,phases      ] GC(1063)   Evacuate Collection Set: 14.8ms
[2024-08-27T14:57:51.798+0000][info][gc,phases      ] GC(1063)   Post Evacuate Collection Set: 0.3ms
[2024-08-27T14:57:51.798+0000][info][gc,phases      ] GC(1063)   Other: 0.2ms
[2024-08-27T14:57:51.798+0000][info][gc,heap        ] GC(1063) Eden regions: 69->0(40)
[2024-08-27T14:57:51.798+0000][info][gc,heap        ] GC(1063) Survivor regions: 16->11(11)
[2024-08-27T14:57:51.798+0000][info][gc,heap        ] GC(1063) Old regions: 678->755
[2024-08-27T14:57:51.798+0000][info][gc,heap        ] GC(1063) Archive regions: 2->2
[2024-08-27T14:57:51.798+0000][info][gc,heap        ] GC(1063) Humongous regions: 5->5
[2024-08-27T14:57:51.798+0000][info][gc,metaspace   ] GC(1063) Metaspace: 100K(320K)->100K(320K) NonClass: 96K(192K)->96K(192K) Class: 4K(128K)->4K(128K)
[2024-08-27T14:57:51.798+0000][info][gc             ] GC(1063) Pause Young (Prepare Mixed) (G1 Evacuation Pause) 757M->760M(1024M) 15.890ms
[2024-08-27T14:57:51.798+0000][info][gc,cpu         ] GC(1063) User=0.36s Sys=0.00s Real=0.02s
[2024-08-27T14:57:51.819+0000][info][gc,start       ] GC(1064) Pause Young (Mixed) (G1 Evacuation Pause)
[2024-08-27T14:57:51.819+0000][info][gc,task        ] GC(1064) Using 24 workers of 68 for evacuation
[2024-08-27T14:57:51.833+0000][info][gc,phases      ] GC(1064)   Pre Evacuate Collection Set: 0.2ms
[2024-08-27T14:57:51.833+0000][info][gc,phases      ] GC(1064)   Merge Heap Roots: 0.3ms
[2024-08-27T14:57:51.833+0000][info][gc,phases      ] GC(1064)   Evacuate Collection Set: 12.5ms
[2024-08-27T14:57:51.833+0000][info][gc,phases      ] GC(1064)   Post Evacuate Collection Set: 0.4ms
[2024-08-27T14:57:51.833+0000][info][gc,phases      ] GC(1064)   Other: 0.2ms
[2024-08-27T14:57:51.833+0000][info][gc,heap        ] GC(1064) Eden regions: 40->0(44)
[2024-08-27T14:57:51.833+0000][info][gc,heap        ] GC(1064) Survivor regions: 11->7(7)
[2024-08-27T14:57:51.833+0000][info][gc,heap        ] GC(1064) Old regions: 755->702
[2024-08-27T14:57:51.833+0000][info][gc,heap        ] GC(1064) Archive regions: 2->2
[2024-08-27T14:57:51.833+0000][info][gc,heap        ] GC(1064) Humongous regions: 5->5
[2024-08-27T14:57:51.833+0000][info][gc,metaspace   ] GC(1064) Metaspace: 100K(320K)->100K(320K) NonClass: 96K(192K)->96K(192K) Class: 4K(128K)->4K(128K)
[2024-08-27T14:57:51.833+0000][info][gc             ] GC(1064) Pause Young (Mixed) (G1 Evacuation Pause) 800M->710M(1024M) 13.648ms
[2024-08-27T14:57:51.833+0000][info][gc,cpu         ] GC(1064) User=0.30s Sys=0.00s Real=0.01s
[2024-08-27T14:57:51.855+0000][info][gc,start       ] GC(1065) Pause Young (Mixed) (G1 Evacuation Pause)
[2024-08-27T14:57:51.855+0000][info][gc,task        ] GC(1065) Using 24 workers of 68 for evacuation
[2024-08-27T14:57:51.868+0000][info][gc,phases      ] GC(1065)   Pre Evacuate Collection Set: 0.2ms
[2024-08-27T14:57:51.868+0000][info][gc,phases      ] GC(1065)   Merge Heap Roots: 0.3ms
[2024-08-27T14:57:51.868+0000][info][gc,phases      ] GC(1065)   Evacuate Collection Set: 12.0ms
[2024-08-27T14:57:51.868+0000][info][gc,phases      ] GC(1065)   Post Evacuate Collection Set: 0.4ms
[2024-08-27T14:57:51.868+0000][info][gc,phases      ] GC(1065)   Other: 0.2ms
[2024-08-27T14:57:51.868+0000][info][gc,heap        ] GC(1065) Eden regions: 44->0(78)
[2024-08-27T14:57:51.868+0000][info][gc,heap        ] GC(1065) Survivor regions: 7->7(7)
[2024-08-27T14:57:51.868+0000][info][gc,heap        ] GC(1065) Old regions: 702->660
[2024-08-27T14:57:51.868+0000][info][gc,heap        ] GC(1065) Archive regions: 2->2
[2024-08-27T14:57:51.868+0000][info][gc,heap        ] GC(1065) Humongous regions: 5->5
[2024-08-27T14:57:51.868+0000][info][gc,metaspace   ] GC(1065) Metaspace: 100K(320K)->100K(320K) NonClass: 96K(192K)->96K(192K) Class: 4K(128K)->4K(128K)
[2024-08-27T14:57:51.868+0000][info][gc             ] GC(1065) Pause Young (Mixed) (G1 Evacuation Pause) 754M->669M(1024M) 13.137ms
[2024-08-27T14:57:51.868+0000][info][gc,cpu         ] GC(1065) User=0.29s Sys=0.00s Real=0.01s
[2024-08-27T14:57:51.907+0000][info][gc,start       ] GC(1066) Pause Young (Concurrent Start) (G1 Evacuation Pause)
[2024-08-27T14:57:51.907+0000][info][gc,task        ] GC(1066) Using 24 workers of 68 for evacuation
[2024-08-27T14:57:51.923+0000][info][gc,phases      ] GC(1066)   Pre Evacuate Collection Set: 0.2ms
[2024-08-27T14:57:51.923+0000][info][gc,phases      ] GC(1066)   Merge Heap Roots: 0.3ms
[2024-08-27T14:57:51.923+0000][info][gc,phases      ] GC(1066)   Evacuate Collection Set: 14.6ms
[2024-08-27T14:57:51.923+0000][info][gc,phases      ] GC(1066)   Post Evacuate Collection Set: 0.3ms
[2024-08-27T14:57:51.923+0000][info][gc,phases      ] GC(1066)   Other: 0.7ms
[2024-08-27T14:57:51.923+0000][info][gc,heap        ] GC(1066) Eden regions: 78->0(53)
[2024-08-27T14:57:51.923+0000][info][gc,heap        ] GC(1066) Survivor regions: 7->11(11)
[2024-08-27T14:57:51.923+0000][info][gc,heap        ] GC(1066) Old regions: 660->735
[2024-08-27T14:57:51.923+0000][info][gc,heap        ] GC(1066) Archive regions: 2->2
[2024-08-27T14:57:51.923+0000][info][gc,heap        ] GC(1066) Humongous regions: 5->5
[2024-08-27T14:57:51.923+0000][info][gc,metaspace   ] GC(1066) Metaspace: 100K(320K)->100K(320K) NonClass: 96K(192K)->96K(192K) Class: 4K(128K)->4K(128K)
[2024-08-27T14:57:51.923+0000][info][gc             ] GC(1066) Pause Young (Concurrent Start) (G1 Evacuation Pause) 747M->748M(1024M) 16.171ms
[2024-08-27T14:57:51.923+0000][info][gc,cpu         ] GC(1066) User=0.36s Sys=0.00s Real=0.02s
[2024-08-27T14:57:51.923+0000][info][gc             ] GC(1067) Concurrent Mark Cycle
[2024-08-27T14:57:51.923+0000][info][gc,marking     ] GC(1067) Concurrent Clear Claimed Marks
[2024-08-27T14:57:51.923+0000][info][gc,marking     ] GC(1067) Concurrent Clear Claimed Marks 0.012ms
[2024-08-27T14:57:51.923+0000][info][gc,marking     ] GC(1067) Concurrent Scan Root Regions
[2024-08-27T14:57:51.926+0000][info][gc,marking     ] GC(1067) Concurrent Scan Root Regions 2.518ms
[2024-08-27T14:57:51.926+0000][info][gc,marking     ] GC(1067) Concurrent Mark
[2024-08-27T14:57:51.926+0000][info][gc,marking     ] GC(1067) Concurrent Mark From Roots
[2024-08-27T14:57:51.926+0000][info][gc,task        ] GC(1067) Using 17 workers of 17 for marking
[2024-08-27T14:57:51.948+0000][info][gc,marking     ] GC(1067) Concurrent Mark From Roots 21.798ms
[2024-08-27T14:57:51.948+0000][info][gc,marking     ] GC(1067) Concurrent Preclean
[2024-08-27T14:57:51.948+0000][info][gc,marking     ] GC(1067) Concurrent Preclean 0.496ms
[2024-08-27T14:57:51.948+0000][info][gc,start       ] GC(1067) Pause Remark
[2024-08-27T14:57:51.950+0000][info][gc             ] GC(1067) Pause Remark 781M->781M(1024M) 1.242ms
[2024-08-27T14:57:51.950+0000][info][gc,cpu         ] GC(1067) User=0.01s Sys=0.00s Real=0.01s
[2024-08-27T14:57:51.950+0000][info][gc,marking     ] GC(1067) Concurrent Mark 23.996ms
[2024-08-27T14:57:51.950+0000][info][gc,marking     ] GC(1067) Concurrent Rebuild Remembered Sets
[2024-08-27T14:57:51.962+0000][info][gc,start       ] GC(1068) Pause Young (Normal) (G1 Evacuation Pause)
[2024-08-27T14:57:51.962+0000][info][gc,task        ] GC(1068) Using 24 workers of 68 for evacuation
[2024-08-27T14:57:51.975+0000][info][gc,phases      ] GC(1068)   Pre Evacuate Collection Set: 0.2ms
[2024-08-27T14:57:51.975+0000][info][gc,phases      ] GC(1068)   Merge Heap Roots: 0.3ms
[2024-08-27T14:57:51.975+0000][info][gc,phases      ] GC(1068)   Evacuate Collection Set: 11.8ms
[2024-08-27T14:57:51.975+0000][info][gc,phases      ] GC(1068)   Post Evacuate Collection Set: 0.5ms
[2024-08-27T14:57:51.975+0000][info][gc,phases      ] GC(1068)   Other: 0.3ms
[2024-08-27T14:57:51.975+0000][info][gc,heap        ] GC(1068) Eden regions: 53->0(43)
[2024-08-27T14:57:51.975+0000][info][gc,heap        ] GC(1068) Survivor regions: 11->8(8)
[2024-08-27T14:57:51.975+0000][info][gc,heap        ] GC(1068) Old regions: 735->797
[2024-08-27T14:57:51.975+0000][info][gc,heap        ] GC(1068) Archive regions: 2->2
[2024-08-27T14:57:51.975+0000][info][gc,heap        ] GC(1068) Humongous regions: 5->5
[2024-08-27T14:57:51.975+0000][info][gc,metaspace   ] GC(1068) Metaspace: 100K(320K)->100K(320K) NonClass: 96K(192K)->96K(192K) Class: 4K(128K)->4K(128K)
[2024-08-27T14:57:51.975+0000][info][gc             ] GC(1068) Pause Young (Normal) (G1 Evacuation Pause) 801M->807M(1024M) 13.026ms
[2024-08-27T14:57:51.975+0000][info][gc,cpu         ] GC(1068) User=0.29s Sys=0.00s Real=0.01s
[2024-08-27T14:57:51.999+0000][info][gc,start       ] GC(1069) Pause Young (Normal) (G1 Evacuation Pause)
[2024-08-27T14:57:51.999+0000][info][gc,task        ] GC(1069) Using 24 workers of 68 for evacuation
[2024-08-27T14:57:52.016+0000][info][gc,phases      ] GC(1069)   Pre Evacuate Collection Set: 0.2ms
[2024-08-27T14:57:52.016+0000][info][gc,phases      ] GC(1069)   Merge Heap Roots: 0.3ms
[2024-08-27T14:57:52.016+0000][info][gc,phases      ] GC(1069)   Evacuate Collection Set: 15.7ms
[2024-08-27T14:57:52.016+0000][info][gc,phases      ] GC(1069)   Post Evacuate Collection Set: 0.6ms
[2024-08-27T14:57:52.016+0000][info][gc,phases      ] GC(1069)   Other: 0.3ms
[2024-08-27T14:57:52.016+0000][info][gc,heap        ] GC(1069) Eden regions: 43->0(44)
[2024-08-27T14:57:52.016+0000][info][gc,heap        ] GC(1069) Survivor regions: 8->7(7)
[2024-08-27T14:57:52.016+0000][info][gc,heap        ] GC(1069) Old regions: 797->846
[2024-08-27T14:57:52.016+0000][info][gc,heap        ] GC(1069) Archive regions: 2->2
[2024-08-27T14:57:52.016+0000][info][gc,heap        ] GC(1069) Humongous regions: 5->5
[2024-08-27T14:57:52.016+0000][info][gc,metaspace   ] GC(1069) Metaspace: 100K(320K)->100K(320K) NonClass: 96K(192K)->96K(192K) Class: 4K(128K)->4K(128K)
[2024-08-27T14:57:52.016+0000][info][gc             ] GC(1069) Pause Young (Normal) (G1 Evacuation Pause) 850M->855M(1024M) 17.026ms
[2024-08-27T14:57:52.016+0000][info][gc,cpu         ] GC(1069) User=0.39s Sys=0.00s Real=0.01s
[2024-08-27T14:57:52.040+0000][info][gc,start       ] GC(1070) Pause Young (Normal) (G1 Evacuation Pause)
[2024-08-27T14:57:52.040+0000][info][gc,task        ] GC(1070) Using 24 workers of 68 for evacuation
[2024-08-27T14:57:52.057+0000][info][gc,phases      ] GC(1070)   Pre Evacuate Collection Set: 0.2ms
[2024-08-27T14:57:52.057+0000][info][gc,phases      ] GC(1070)   Merge Heap Roots: 0.4ms
[2024-08-27T14:57:52.057+0000][info][gc,phases      ] GC(1070)   Evacuate Collection Set: 15.7ms
[2024-08-27T14:57:52.057+0000][info][gc,phases      ] GC(1070)   Post Evacuate Collection Set: 0.7ms
[2024-08-27T14:57:52.057+0000][info][gc,phases      ] GC(1070)   Other: 0.2ms
[2024-08-27T14:57:52.057+0000][info][gc,heap        ] GC(1070) Eden regions: 44->0(44)
[2024-08-27T14:57:52.057+0000][info][gc,heap        ] GC(1070) Survivor regions: 7->7(7)
[2024-08-27T14:57:52.057+0000][info][gc,heap        ] GC(1070) Old regions: 846->892
[2024-08-27T14:57:52.057+0000][info][gc,heap        ] GC(1070) Archive regions: 2->2
[2024-08-27T14:57:52.057+0000][info][gc,heap        ] GC(1070) Humongous regions: 5->5
[2024-08-27T14:57:52.057+0000][info][gc,metaspace   ] GC(1070) Metaspace: 100K(320K)->100K(320K) NonClass: 96K(192K)->96K(192K) Class: 4K(128K)->4K(128K)
[2024-08-27T14:57:52.058+0000][info][gc             ] GC(1070) Pause Young (Normal) (G1 Evacuation Pause) 899M->901M(1024M) 17.256ms
[2024-08-27T14:57:52.058+0000][info][gc,cpu         ] GC(1070) User=0.39s Sys=0.00s Real=0.02s
[2024-08-27T14:57:52.066+0000][info][gc,marking     ] GC(1067) Concurrent Rebuild Remembered Sets 115.692ms
[2024-08-27T14:57:52.066+0000][info][gc,start       ] GC(1067) Pause Cleanup
[2024-08-27T14:57:52.072+0000][info][gc             ] GC(1067) Pause Cleanup 915M->915M(1024M) 6.473ms
[2024-08-27T14:57:52.072+0000][info][gc,cpu         ] GC(1067) User=0.00s Sys=0.00s Real=0.01s
[2024-08-27T14:57:52.072+0000][info][gc,marking     ] GC(1067) Concurrent Cleanup for Next Mark
[2024-08-27T14:57:52.073+0000][info][gc,marking     ] GC(1067) Concurrent Cleanup for Next Mark 0.649ms
[2024-08-27T14:57:52.073+0000][info][gc             ] GC(1067) Concurrent Mark Cycle 149.779ms
[2024-08-27T14:57:52.091+0000][info][gc,start       ] GC(1071) Pause Young (Prepare Mixed) (G1 Evacuation Pause)
[2024-08-27T14:57:52.091+0000][info][gc,task        ] GC(1071) Using 24 workers of 68 for evacuation
[2024-08-27T14:57:52.109+0000][info][gc,phases      ] GC(1071)   Pre Evacuate Collection Set: 0.2ms
[2024-08-27T14:57:52.109+0000][info][gc,phases      ] GC(1071)   Merge Heap Roots: 0.6ms
[2024-08-27T14:57:52.109+0000][info][gc,phases      ] GC(1071)   Evacuate Collection Set: 17.0ms
[2024-08-27T14:57:52.109+0000][info][gc,phases      ] GC(1071)   Post Evacuate Collection Set: 0.3ms
[2024-08-27T14:57:52.109+0000][info][gc,phases      ] GC(1071)   Other: 0.2ms
[2024-08-27T14:57:52.109+0000][info][gc,heap        ] GC(1071) Eden regions: 44->0(44)
[2024-08-27T14:57:52.109+0000][info][gc,heap        ] GC(1071) Survivor regions: 7->7(7)
[2024-08-27T14:57:52.109+0000][info][gc,heap        ] GC(1071) Old regions: 892->939
[2024-08-27T14:57:52.109+0000][info][gc,heap        ] GC(1071) Archive regions: 2->2
[2024-08-27T14:57:52.109+0000][info][gc,heap        ] GC(1071) Humongous regions: 5->5
[2024-08-27T14:57:52.109+0000][info][gc,metaspace   ] GC(1071) Metaspace: 100K(320K)->100K(320K) NonClass: 96K(192K)->96K(192K) Class: 4K(128K)->4K(128K)
[2024-08-27T14:57:52.109+0000][info][gc             ] GC(1071) Pause Young (Prepare Mixed) (G1 Evacuation Pause) 945M->948M(1024M) 18.307ms
[2024-08-27T14:57:52.109+0000][info][gc,cpu         ] GC(1071) User=0.42s Sys=0.00s Real=0.01s
[2024-08-27T14:57:52.126+0000][info][gc,start       ] GC(1072) Pause Young (Mixed) (G1 Preventive Collection)
[2024-08-27T14:57:52.126+0000][info][gc,task        ] GC(1072) Using 24 workers of 68 for evacuation
[2024-08-27T14:57:52.135+0000][info][gc,phases      ] GC(1072)   Pre Evacuate Collection Set: 0.2ms
[2024-08-27T14:57:52.135+0000][info][gc,phases      ] GC(1072)   Merge Heap Roots: 0.2ms
[2024-08-27T14:57:52.135+0000][info][gc,phases      ] GC(1072)   Evacuate Collection Set: 8.1ms
[2024-08-27T14:57:52.135+0000][info][gc,phases      ] GC(1072)   Post Evacuate Collection Set: 0.4ms
[2024-08-27T14:57:52.135+0000][info][gc,phases      ] GC(1072)   Other: 0.2ms
[2024-08-27T14:57:52.135+0000][info][gc,heap        ] GC(1072) Eden regions: 30->0(44)
[2024-08-27T14:57:52.135+0000][info][gc,heap        ] GC(1072) Survivor regions: 7->7(7)
[2024-08-27T14:57:52.135+0000][info][gc,heap        ] GC(1072) Old regions: 939->870
[2024-08-27T14:57:52.135+0000][info][gc,heap        ] GC(1072) Archive regions: 2->2
[2024-08-27T14:57:52.135+0000][info][gc,heap        ] GC(1072) Humongous regions: 5->5
[2024-08-27T14:57:52.135+0000][info][gc,metaspace   ] GC(1072) Metaspace: 100K(320K)->100K(320K) NonClass: 96K(192K)->96K(192K) Class: 4K(128K)->4K(128K)
[2024-08-27T14:57:52.135+0000][info][gc             ] GC(1072) Pause Young (Mixed) (G1 Preventive Collection) 978M->881M(1024M) 9.214ms
[2024-08-27T14:57:52.135+0000][info][gc,cpu         ] GC(1072) User=0.20s Sys=0.00s Real=0.01s
[2024-08-27T14:57:52.157+0000][info][gc,start       ] GC(1073) Pause Young (Mixed) (G1 Evacuation Pause)
[2024-08-27T14:57:52.157+0000][info][gc,task        ] GC(1073) Using 24 workers of 68 for evacuation
[2024-08-27T14:57:52.169+0000][info][gc,phases      ] GC(1073)   Pre Evacuate Collection Set: 0.2ms
[2024-08-27T14:57:52.169+0000][info][gc,phases      ] GC(1073)   Merge Heap Roots: 0.4ms
[2024-08-27T14:57:52.169+0000][info][gc,phases      ] GC(1073)   Evacuate Collection Set: 10.1ms
[2024-08-27T14:57:52.169+0000][info][gc,phases      ] GC(1073)   Post Evacuate Collection Set: 0.4ms
[2024-08-27T14:57:52.169+0000][info][gc,phases      ] GC(1073)   Other: 0.2ms
[2024-08-27T14:57:52.169+0000][info][gc,heap        ] GC(1073) Eden regions: 44->0(44)
[2024-08-27T14:57:52.169+0000][info][gc,heap        ] GC(1073) Survivor regions: 7->7(7)
[2024-08-27T14:57:52.169+0000][info][gc,heap        ] GC(1073) Old regions: 870->813
[2024-08-27T14:57:52.169+0000][info][gc,heap        ] GC(1073) Archive regions: 2->2
[2024-08-27T14:57:52.169+0000][info][gc,heap        ] GC(1073) Humongous regions: 5->5
[2024-08-27T14:57:52.169+0000][info][gc,metaspace   ] GC(1073) Metaspace: 100K(320K)->100K(320K) NonClass: 96K(192K)->96K(192K) Class: 4K(128K)->4K(128K)
[2024-08-27T14:57:52.169+0000][info][gc             ] GC(1073) Pause Young (Mixed) (G1 Evacuation Pause) 925M->824M(1024M) 11.520ms
[2024-08-27T14:57:52.169+0000][info][gc,cpu         ] GC(1073) User=0.25s Sys=0.01s Real=0.01s
[2024-08-27T14:57:52.192+0000][info][gc,start       ] GC(1074) Pause Young (Mixed) (G1 Evacuation Pause)
[2024-08-27T14:57:52.192+0000][info][gc,task        ] GC(1074) Using 24 workers of 68 for evacuation
[2024-08-27T14:57:52.203+0000][info][gc,phases      ] GC(1074)   Pre Evacuate Collection Set: 0.2ms
[2024-08-27T14:57:52.203+0000][info][gc,phases      ] GC(1074)   Merge Heap Roots: 0.3ms
[2024-08-27T14:57:52.203+0000][info][gc,phases      ] GC(1074)   Evacuate Collection Set: 9.9ms
[2024-08-27T14:57:52.203+0000][info][gc,phases      ] GC(1074)   Post Evacuate Collection Set: 0.3ms
[2024-08-27T14:57:52.203+0000][info][gc,phases      ] GC(1074)   Other: 0.2ms
[2024-08-27T14:57:52.203+0000][info][gc,heap        ] GC(1074) Eden regions: 44->0(44)
[2024-08-27T14:57:52.203+0000][info][gc,heap        ] GC(1074) Survivor regions: 7->7(7)
[2024-08-27T14:57:52.203+0000][info][gc,heap        ] GC(1074) Old regions: 813->844
[2024-08-27T14:57:52.203+0000][info][gc,heap        ] GC(1074) Archive regions: 2->2
[2024-08-27T14:57:52.203+0000][info][gc,heap        ] GC(1074) Humongous regions: 5->5
[2024-08-27T14:57:52.203+0000][info][gc,metaspace   ] GC(1074) Metaspace: 100K(320K)->100K(320K) NonClass: 96K(192K)->96K(192K) Class: 4K(128K)->4K(128K)
[2024-08-27T14:57:52.203+0000][info][gc             ] GC(1074) Pause Young (Mixed) (G1 Evacuation Pause) 868M->855M(1024M) 11.063ms
[2024-08-27T14:57:52.203+0000][info][gc,cpu         ] GC(1074) User=0.24s Sys=0.00s Real=0.01s
[2024-08-27T14:57:52.226+0000][info][gc,start       ] GC(1075) Pause Young (Concurrent Start) (G1 Evacuation Pause)
[2024-08-27T14:57:52.226+0000][info][gc,task        ] GC(1075) Using 24 workers of 68 for evacuation
[2024-08-27T14:57:52.238+0000][info][gc,phases      ] GC(1075)   Pre Evacuate Collection Set: 0.2ms
[2024-08-27T14:57:52.238+0000][info][gc,phases      ] GC(1075)   Merge Heap Roots: 0.3ms
[2024-08-27T14:57:52.238+0000][info][gc,phases      ] GC(1075)   Evacuate Collection Set: 10.3ms
[2024-08-27T14:57:52.238+0000][info][gc,phases      ] GC(1075)   Post Evacuate Collection Set: 0.4ms
[2024-08-27T14:57:52.238+0000][info][gc,phases      ] GC(1075)   Other: 0.7ms
[2024-08-27T14:57:52.238+0000][info][gc,heap        ] GC(1075) Eden regions: 44->0(44)
[2024-08-27T14:57:52.238+0000][info][gc,heap        ] GC(1075) Survivor regions: 7->7(7)
[2024-08-27T14:57:52.238+0000][info][gc,heap        ] GC(1075) Old regions: 844->890
[2024-08-27T14:57:52.238+0000][info][gc,heap        ] GC(1075) Archive regions: 2->2
[2024-08-27T14:57:52.238+0000][info][gc,heap        ] GC(1075) Humongous regions: 5->5
[2024-08-27T14:57:52.238+0000][info][gc,metaspace   ] GC(1075) Metaspace: 100K(320K)->100K(320K) NonClass: 96K(192K)->96K(192K) Class: 4K(128K)->4K(128K)
[2024-08-27T14:57:52.238+0000][info][gc             ] GC(1075) Pause Young (Concurrent Start) (G1 Evacuation Pause) 899M->901M(1024M) 12.012ms
[2024-08-27T14:57:52.238+0000][info][gc,cpu         ] GC(1075) User=0.25s Sys=0.00s Real=0.02s
[2024-08-27T14:57:52.238+0000][info][gc             ] GC(1076) Concurrent Mark Cycle
[2024-08-27T14:57:52.238+0000][info][gc,marking     ] GC(1076) Concurrent Clear Claimed Marks
[2024-08-27T14:57:52.238+0000][info][gc,marking     ] GC(1076) Concurrent Clear Claimed Marks 0.013ms
[2024-08-27T14:57:52.238+0000][info][gc,marking     ] GC(1076) Concurrent Scan Root Regions
[2024-08-27T14:57:52.240+0000][info][gc,marking     ] GC(1076) Concurrent Scan Root Regions 1.758ms
[2024-08-27T14:57:52.240+0000][info][gc,marking     ] GC(1076) Concurrent Mark
[2024-08-27T14:57:52.240+0000][info][gc,marking     ] GC(1076) Concurrent Mark From Roots
[2024-08-27T14:57:52.240+0000][info][gc,task        ] GC(1076) Using 17 workers of 17 for marking
[2024-08-27T14:57:52.265+0000][info][gc,marking     ] GC(1076) Concurrent Mark From Roots 25.094ms
[2024-08-27T14:57:52.265+0000][info][gc,marking     ] GC(1076) Concurrent Preclean
[2024-08-27T14:57:52.265+0000][info][gc,marking     ] GC(1076) Concurrent Preclean 0.506ms
[2024-08-27T14:57:52.266+0000][info][gc,start       ] GC(1076) Pause Remark
[2024-08-27T14:57:52.267+0000][info][gc             ] GC(1076) Pause Remark 938M->938M(1024M) 1.314ms
[2024-08-27T14:57:52.267+0000][info][gc,cpu         ] GC(1076) User=0.00s Sys=0.00s Real=0.00s
[2024-08-27T14:57:52.267+0000][info][gc,marking     ] GC(1076) Concurrent Mark 27.400ms
[2024-08-27T14:57:52.267+0000][info][gc,marking     ] GC(1076) Concurrent Rebuild Remembered Sets
[2024-08-27T14:57:52.273+0000][info][gc,start       ] GC(1077) Pause Young (Normal) (G1 Evacuation Pause)
[2024-08-27T14:57:52.273+0000][info][gc,task        ] GC(1077) Using 24 workers of 68 for evacuation
[2024-08-27T14:57:52.284+0000][info][gc,phases      ] GC(1077)   Pre Evacuate Collection Set: 0.2ms
[2024-08-27T14:57:52.284+0000][info][gc,phases      ] GC(1077)   Merge Heap Roots: 0.3ms
[2024-08-27T14:57:52.284+0000][info][gc,phases      ] GC(1077)   Evacuate Collection Set: 10.4ms
[2024-08-27T14:57:52.284+0000][info][gc,phases      ] GC(1077)   Post Evacuate Collection Set: 0.5ms
[2024-08-27T14:57:52.284+0000][info][gc,phases      ] GC(1077)   Other: 0.2ms
[2024-08-27T14:57:52.284+0000][info][gc,heap        ] GC(1077) Eden regions: 44->0(44)
[2024-08-27T14:57:52.284+0000][info][gc,heap        ] GC(1077) Survivor regions: 7->7(7)
[2024-08-27T14:57:52.284+0000][info][gc,heap        ] GC(1077) Old regions: 890->936
[2024-08-27T14:57:52.284+0000][info][gc,heap        ] GC(1077) Archive regions: 2->2
[2024-08-27T14:57:52.284+0000][info][gc,heap        ] GC(1077) Humongous regions: 5->5
[2024-08-27T14:57:52.284+0000][info][gc,metaspace   ] GC(1077) Metaspace: 100K(320K)->100K(320K) NonClass: 96K(192K)->96K(192K) Class: 4K(128K)->4K(128K)
[2024-08-27T14:57:52.284+0000][info][gc             ] GC(1077) Pause Young (Normal) (G1 Evacuation Pause) 945M->948M(1024M) 11.655ms
[2024-08-27T14:57:52.284+0000][info][gc,cpu         ] GC(1077) User=0.26s Sys=0.00s Real=0.01s
[2024-08-27T14:57:52.303+0000][info][gc,start       ] GC(1078) Pause Young (Normal) (G1 Preventive Collection)
[2024-08-27T14:57:52.303+0000][info][gc,task        ] GC(1078) Using 24 workers of 68 for evacuation
[2024-08-27T14:57:52.317+0000][info][gc,phases      ] GC(1078)   Pre Evacuate Collection Set: 0.1ms
[2024-08-27T14:57:52.317+0000][info][gc,phases      ] GC(1078)   Merge Heap Roots: 0.3ms
[2024-08-27T14:57:52.317+0000][info][gc,phases      ] GC(1078)   Evacuate Collection Set: 12.2ms
[2024-08-27T14:57:52.317+0000][info][gc,phases      ] GC(1078)   Post Evacuate Collection Set: 0.5ms
[2024-08-27T14:57:52.317+0000][info][gc,phases      ] GC(1078)   Other: 0.2ms
[2024-08-27T14:57:52.317+0000][info][gc,heap        ] GC(1078) Eden regions: 32->0(44)
[2024-08-27T14:57:52.317+0000][info][gc,heap        ] GC(1078) Survivor regions: 7->7(7)
[2024-08-27T14:57:52.317+0000][info][gc,heap        ] GC(1078) Old regions: 936->971
[2024-08-27T14:57:52.317+0000][info][gc,heap        ] GC(1078) Archive regions: 2->2
[2024-08-27T14:57:52.317+0000][info][gc,heap        ] GC(1078) Humongous regions: 5->5
[2024-08-27T14:57:52.317+0000][info][gc,metaspace   ] GC(1078) Metaspace: 100K(320K)->100K(320K) NonClass: 96K(192K)->96K(192K) Class: 4K(128K)->4K(128K)
[2024-08-27T14:57:52.317+0000][info][gc             ] GC(1078) Pause Young (Normal) (G1 Preventive Collection) 980M->982M(1024M) 13.469ms
[2024-08-27T14:57:52.317+0000][info][gc,cpu         ] GC(1078) User=0.31s Sys=0.00s Real=0.01s
[2024-08-27T14:57:52.326+0000][info][gc,start       ] GC(1079) Pause Young (Normal) (G1 Preventive Collection)
[2024-08-27T14:57:52.326+0000][info][gc,task        ] GC(1079) Using 24 workers of 68 for evacuation
[2024-08-27T14:57:52.339+0000][info][gc             ] GC(1079) To-space exhausted
[2024-08-27T14:57:52.339+0000][info][gc,phases      ] GC(1079)   Pre Evacuate Collection Set: 0.2ms
[2024-08-27T14:57:52.339+0000][info][gc,phases      ] GC(1079)   Merge Heap Roots: 0.5ms
[2024-08-27T14:57:52.339+0000][info][gc,phases      ] GC(1079)   Evacuate Collection Set: 10.7ms
[2024-08-27T14:57:52.339+0000][info][gc,phases      ] GC(1079)   Post Evacuate Collection Set: 1.0ms
[2024-08-27T14:57:52.339+0000][info][gc,phases      ] GC(1079)   Other: 0.2ms
[2024-08-27T14:57:52.339+0000][info][gc,heap        ] GC(1079) Eden regions: 15->0(44)
[2024-08-27T14:57:52.339+0000][info][gc,heap        ] GC(1079) Survivor regions: 7->7(7)
[2024-08-27T14:57:52.339+0000][info][gc,heap        ] GC(1079) Old regions: 971->1008
[2024-08-27T14:57:52.339+0000][info][gc,heap        ] GC(1079) Archive regions: 2->2
[2024-08-27T14:57:52.339+0000][info][gc,heap        ] GC(1079) Humongous regions: 5->5
[2024-08-27T14:57:52.339+0000][info][gc,metaspace   ] GC(1079) Metaspace: 100K(320K)->100K(320K) NonClass: 96K(192K)->96K(192K) Class: 4K(128K)->4K(128K)
[2024-08-27T14:57:52.339+0000][info][gc             ] GC(1079) Pause Young (Normal) (G1 Preventive Collection) 997M->1020M(1024M) 12.644ms
[2024-08-27T14:57:52.339+0000][info][gc,cpu         ] GC(1079) User=0.27s Sys=0.00s Real=0.02s
[2024-08-27T14:57:52.340+0000][info][gc,start       ] GC(1080) Pause Young (Normal) (G1 Preventive Collection)
[2024-08-27T14:57:52.340+0000][info][gc,task        ] GC(1080) Using 24 workers of 68 for evacuation
[2024-08-27T14:57:52.348+0000][info][gc             ] GC(1080) To-space exhausted
[2024-08-27T14:57:52.348+0000][info][gc,phases      ] GC(1080)   Pre Evacuate Collection Set: 0.1ms
[2024-08-27T14:57:52.348+0000][info][gc,phases      ] GC(1080)   Merge Heap Roots: 0.9ms
[2024-08-27T14:57:52.348+0000][info][gc,phases      ] GC(1080)   Evacuate Collection Set: 6.2ms
[2024-08-27T14:57:52.348+0000][info][gc,phases      ] GC(1080)   Post Evacuate Collection Set: 1.0ms
[2024-08-27T14:57:52.348+0000][info][gc,phases      ] GC(1080)   Other: 0.1ms
[2024-08-27T14:57:52.348+0000][info][gc,heap        ] GC(1080) Eden regions: 1->0(51)
[2024-08-27T14:57:52.348+0000][info][gc,heap        ] GC(1080) Survivor regions: 7->0(1)
[2024-08-27T14:57:52.348+0000][info][gc,heap        ] GC(1080) Old regions: 1008->1017
[2024-08-27T14:57:52.348+0000][info][gc,heap        ] GC(1080) Archive regions: 2->2
[2024-08-27T14:57:52.348+0000][info][gc,heap        ] GC(1080) Humongous regions: 5->5
[2024-08-27T14:57:52.348+0000][info][gc,metaspace   ] GC(1080) Metaspace: 100K(320K)->100K(320K) NonClass: 96K(192K)->96K(192K) Class: 4K(128K)->4K(128K)
[2024-08-27T14:57:52.348+0000][info][gc             ] GC(1080) Pause Young (Normal) (G1 Preventive Collection) 1021M->1022M(1024M) 8.486ms
[2024-08-27T14:57:52.348+0000][info][gc,cpu         ] GC(1080) User=0.18s Sys=0.00s Real=0.00s
[2024-08-27T14:57:52.348+0000][info][gc,ergo        ] Attempting full compaction
[2024-08-27T14:57:52.348+0000][info][gc,task        ] GC(1081) Using 24 workers of 68 for full compaction
[2024-08-27T14:57:52.349+0000][info][gc,start       ] GC(1081) Pause Full (G1 Compaction Pause)
[2024-08-27T14:57:52.349+0000][info][gc,phases,start] GC(1081) Phase 1: Mark live objects
[2024-08-27T14:57:52.366+0000][info][gc,phases      ] GC(1081) Phase 1: Mark live objects 16.862ms
[2024-08-27T14:57:52.366+0000][info][gc,phases,start] GC(1081) Phase 2: Prepare for compaction
[2024-08-27T14:57:52.375+0000][info][gc,phases      ] GC(1081) Phase 2: Prepare for compaction 8.400ms
[2024-08-27T14:57:52.375+0000][info][gc,phases,start] GC(1081) Phase 3: Adjust pointers
[2024-08-27T14:57:52.393+0000][info][gc,phases      ] GC(1081) Phase 3: Adjust pointers 17.748ms
[2024-08-27T14:57:52.393+0000][info][gc,phases,start] GC(1081) Phase 4: Compact heap
[2024-08-27T14:57:52.422+0000][info][gc,phases      ] GC(1081) Phase 4: Compact heap 29.006ms
[2024-08-27T14:57:52.423+0000][info][gc,heap        ] GC(1081) Eden regions: 0->0(150)
[2024-08-27T14:57:52.423+0000][info][gc,heap        ] GC(1081) Survivor regions: 0->0(1)
[2024-08-27T14:57:52.423+0000][info][gc,heap        ] GC(1081) Old regions: 1017->443
[2024-08-27T14:57:52.423+0000][info][gc,heap        ] GC(1081) Archive regions: 2->2
[2024-08-27T14:57:52.423+0000][info][gc,heap        ] GC(1081) Humongous regions: 5->5
[2024-08-27T14:57:52.423+0000][info][gc,metaspace   ] GC(1081) Metaspace: 100K(320K)->100K(320K) NonClass: 96K(192K)->96K(192K) Class: 4K(128K)->4K(128K)
[2024-08-27T14:57:52.423+0000][info][gc             ] GC(1081) Pause Full (G1 Compaction Pause) 1022M->437M(1024M) 74.806ms
[2024-08-27T14:57:52.424+0000][info][gc,cpu         ] GC(1081) User=1.57s Sys=0.01s Real=0.08s
[2024-08-27T14:57:52.424+0000][info][gc,marking     ] GC(1076) Concurrent Rebuild Remembered Sets 156.627ms
[2024-08-27T14:57:52.424+0000][info][gc,marking     ] GC(1076) Concurrent Mark Abort
[2024-08-27T14:57:52.424+0000][info][gc             ] GC(1076) Concurrent Mark Cycle 185.983ms
[2024-08-27T14:57:52.507+0000][info][gc,start       ] GC(1082) Pause Young (Normal) (G1 Evacuation Pause)
[2024-08-27T14:57:52.507+0000][info][gc,task        ] GC(1082) Using 24 workers of 68 for evacuation
[2024-08-27T14:57:52.531+0000][info][gc,phases      ] GC(1082)   Pre Evacuate Collection Set: 0.2ms
[2024-08-27T14:57:52.531+0000][info][gc,phases      ] GC(1082)   Merge Heap Roots: 0.4ms
[2024-08-27T14:57:52.531+0000][info][gc,phases      ] GC(1082)   Evacuate Collection Set: 22.4ms
[2024-08-27T14:57:52.531+0000][info][gc,phases      ] GC(1082)   Post Evacuate Collection Set: 0.4ms
[2024-08-27T14:57:52.531+0000][info][gc,phases      ] GC(1082)   Other: 0.3ms
[2024-08-27T14:57:52.531+0000][info][gc,heap        ] GC(1082) Eden regions: 150->0(103)
[2024-08-27T14:57:52.531+0000][info][gc,heap        ] GC(1082) Survivor regions: 0->19(19)
[2024-08-27T14:57:52.531+0000][info][gc,heap        ] GC(1082) Old regions: 443->570
[2024-08-27T14:57:52.531+0000][info][gc,heap        ] GC(1082) Archive regions: 2->2
[2024-08-27T14:57:52.531+0000][info][gc,heap        ] GC(1082) Humongous regions: 5->5
[2024-08-27T14:57:52.531+0000][info][gc,metaspace   ] GC(1082) Metaspace: 100K(320K)->100K(320K) NonClass: 96K(192K)->96K(192K) Class: 4K(128K)->4K(128K)
[2024-08-27T14:57:52.531+0000][info][gc             ] GC(1082) Pause Young (Normal) (G1 Evacuation Pause) 587M->582M(1024M) 23.705ms
[2024-08-27T14:57:52.531+0000][info][gc,cpu         ] GC(1082) User=0.54s Sys=0.00s Real=0.03s
[2024-08-27T14:57:52.586+0000][info][gc,start       ] GC(1083) Pause Young (Concurrent Start) (G1 Evacuation Pause)
[2024-08-27T14:57:52.586+0000][info][gc,task        ] GC(1083) Using 24 workers of 68 for evacuation
[2024-08-27T14:57:52.607+0000][info][gc,phases      ] GC(1083)   Pre Evacuate Collection Set: 0.2ms
[2024-08-27T14:57:52.607+0000][info][gc,phases      ] GC(1083)   Merge Heap Roots: 0.6ms
[2024-08-27T14:57:52.607+0000][info][gc,phases      ] GC(1083)   Evacuate Collection Set: 19.8ms
[2024-08-27T14:57:52.607+0000][info][gc,phases      ] GC(1083)   Post Evacuate Collection Set: 0.4ms
[2024-08-27T14:57:52.607+0000][info][gc,phases      ] GC(1083)   Other: 0.6ms
[2024-08-27T14:57:52.607+0000][info][gc,heap        ] GC(1083) Eden regions: 103->0(70)
[2024-08-27T14:57:52.607+0000][info][gc,heap        ] GC(1083) Survivor regions: 19->16(16)
[2024-08-27T14:57:52.607+0000][info][gc,heap        ] GC(1083) Old regions: 570->677
[2024-08-27T14:57:52.607+0000][info][gc,heap        ] GC(1083) Archive regions: 2->2
[2024-08-27T14:57:52.607+0000][info][gc,heap        ] GC(1083) Humongous regions: 5->5
[2024-08-27T14:57:52.607+0000][info][gc,metaspace   ] GC(1083) Metaspace: 100K(320K)->100K(320K) NonClass: 96K(192K)->96K(192K) Class: 4K(128K)->4K(128K)
[2024-08-27T14:57:52.607+0000][info][gc             ] GC(1083) Pause Young (Concurrent Start) (G1 Evacuation Pause) 685M->687M(1024M) 21.505ms
[2024-08-27T14:57:52.607+0000][info][gc,cpu         ] GC(1083) User=0.49s Sys=0.00s Real=0.02s
[2024-08-27T14:57:52.607+0000][info][gc             ] GC(1084) Concurrent Mark Cycle
[2024-08-27T14:57:52.607+0000][info][gc,marking     ] GC(1084) Concurrent Clear Claimed Marks
[2024-08-27T14:57:52.607+0000][info][gc,marking     ] GC(1084) Concurrent Clear Claimed Marks 0.011ms
[2024-08-27T14:57:52.607+0000][info][gc,marking     ] GC(1084) Concurrent Scan Root Regions
[2024-08-27T14:57:52.611+0000][info][gc,marking     ] GC(1084) Concurrent Scan Root Regions 3.699ms
[2024-08-27T14:57:52.611+0000][info][gc,marking     ] GC(1084) Concurrent Mark
[2024-08-27T14:57:52.611+0000][info][gc,marking     ] GC(1084) Concurrent Mark From Roots
[2024-08-27T14:57:52.611+0000][info][gc,task        ] GC(1084) Using 17 workers of 17 for marking
[2024-08-27T14:57:52.633+0000][info][gc,marking     ] GC(1084) Concurrent Mark From Roots 21.737ms
[2024-08-27T14:57:52.633+0000][info][gc,marking     ] GC(1084) Concurrent Preclean
[2024-08-27T14:57:52.634+0000][info][gc,marking     ] GC(1084) Concurrent Preclean 0.506ms
[2024-08-27T14:57:52.634+0000][info][gc,start       ] GC(1084) Pause Remark
[2024-08-27T14:57:52.635+0000][info][gc             ] GC(1084) Pause Remark 720M->720M(1024M) 1.391ms
[2024-08-27T14:57:52.635+0000][info][gc,cpu         ] GC(1084) User=0.00s Sys=0.00s Real=0.00s
[2024-08-27T14:57:52.635+0000][info][gc,marking     ] GC(1084) Concurrent Mark 24.103ms
[2024-08-27T14:57:52.635+0000][info][gc,marking     ] GC(1084) Concurrent Rebuild Remembered Sets
[2024-08-27T14:57:52.657+0000][info][gc,start       ] GC(1085) Pause Young (Normal) (G1 Evacuation Pause)
[2024-08-27T14:57:52.657+0000][info][gc,task        ] GC(1085) Using 24 workers of 68 for evacuation
[2024-08-27T14:57:52.675+0000][info][gc,phases      ] GC(1085)   Pre Evacuate Collection Set: 0.3ms
[2024-08-27T14:57:52.675+0000][info][gc,phases      ] GC(1085)   Merge Heap Roots: 0.3ms
[2024-08-27T14:57:52.675+0000][info][gc,phases      ] GC(1085)   Evacuate Collection Set: 16.5ms
[2024-08-27T14:57:52.675+0000][info][gc,phases      ] GC(1085)   Post Evacuate Collection Set: 0.6ms
[2024-08-27T14:57:52.675+0000][info][gc,phases      ] GC(1085)   Other: 0.3ms
[2024-08-27T14:57:52.675+0000][info][gc,heap        ] GC(1085) Eden regions: 70->0(46)
[2024-08-27T14:57:52.675+0000][info][gc,heap        ] GC(1085) Survivor regions: 16->11(11)
[2024-08-27T14:57:52.675+0000][info][gc,heap        ] GC(1085) Old regions: 677->756
[2024-08-27T14:57:52.675+0000][info][gc,heap        ] GC(1085) Archive regions: 2->2
[2024-08-27T14:57:52.675+0000][info][gc,heap        ] GC(1085) Humongous regions: 5->5
[2024-08-27T14:57:52.675+0000][info][gc,metaspace   ] GC(1085) Metaspace: 100K(320K)->100K(320K) NonClass: 96K(192K)->96K(192K) Class: 4K(128K)->4K(128K)
[2024-08-27T14:57:52.675+0000][info][gc             ] GC(1085) Pause Young (Normal) (G1 Evacuation Pause) 757M->761M(1024M) 18.044ms
[2024-08-27T14:57:52.675+0000][info][gc,cpu         ] GC(1085) User=0.41s Sys=0.00s Real=0.02s
[2024-08-27T14:57:52.702+0000][info][gc,start       ] GC(1086) Pause Young (Normal) (G1 Evacuation Pause)
[2024-08-27T14:57:52.703+0000][info][gc,task        ] GC(1086) Using 24 workers of 68 for evacuation
[2024-08-27T14:57:52.725+0000][info][gc,phases      ] GC(1086)   Pre Evacuate Collection Set: 0.2ms
[2024-08-27T14:57:52.725+0000][info][gc,phases      ] GC(1086)   Merge Heap Roots: 0.8ms
[2024-08-27T14:57:52.725+0000][info][gc,phases      ] GC(1086)   Evacuate Collection Set: 21.1ms
[2024-08-27T14:57:52.725+0000][info][gc,phases      ] GC(1086)   Post Evacuate Collection Set: 0.7ms
[2024-08-27T14:57:52.726+0000][info][gc,phases      ] GC(1086)   Other: 0.3ms
[2024-08-27T14:57:52.726+0000][info][gc,heap        ] GC(1086) Eden regions: 46->0(43)
[2024-08-27T14:57:52.726+0000][info][gc,heap        ] GC(1086) Survivor regions: 11->8(8)
[2024-08-27T14:57:52.726+0000][info][gc,heap        ] GC(1086) Old regions: 756->808
[2024-08-27T14:57:52.726+0000][info][gc,heap        ] GC(1086) Archive regions: 2->2
[2024-08-27T14:57:52.726+0000][info][gc,heap        ] GC(1086) Humongous regions: 5->5
[2024-08-27T14:57:52.726+0000][info][gc,metaspace   ] GC(1086) Metaspace: 100K(320K)->100K(320K) NonClass: 96K(192K)->96K(192K) Class: 4K(128K)->4K(128K)
[2024-08-27T14:57:52.726+0000][info][gc             ] GC(1086) Pause Young (Normal) (G1 Evacuation Pause) 807M->810M(1024M) 23.129ms
[2024-08-27T14:57:52.726+0000][info][gc,cpu         ] GC(1086) User=0.53s Sys=0.00s Real=0.02s
[2024-08-27T14:57:52.744+0000][info][gc,marking     ] GC(1084) Concurrent Rebuild Remembered Sets 108.598ms
[2024-08-27T14:57:52.744+0000][info][gc,start       ] GC(1084) Pause Cleanup
[2024-08-27T14:57:52.746+0000][info][gc             ] GC(1084) Pause Cleanup 840M->840M(1024M) 1.471ms
[2024-08-27T14:57:52.746+0000][info][gc,cpu         ] GC(1084) User=0.01s Sys=0.00s Real=0.00s
[2024-08-27T14:57:52.746+0000][info][gc,marking     ] GC(1084) Concurrent Cleanup for Next Mark
[2024-08-27T14:57:52.746+0000][info][gc,marking     ] GC(1084) Concurrent Cleanup for Next Mark 0.681ms
[2024-08-27T14:57:52.746+0000][info][gc             ] GC(1084) Concurrent Mark Cycle 139.027ms
[2024-08-27T14:57:52.755+0000][info][gc,start       ] GC(1087) Pause Young (Prepare Mixed) (G1 Evacuation Pause)
[2024-08-27T14:57:52.755+0000][info][gc,task        ] GC(1087) Using 24 workers of 68 for evacuation
[2024-08-27T14:57:52.775+0000][info][gc,phases      ] GC(1087)   Pre Evacuate Collection Set: 0.2ms
[2024-08-27T14:57:52.775+0000][info][gc,phases      ] GC(1087)   Merge Heap Roots: 0.6ms
[2024-08-27T14:57:52.775+0000][info][gc,phases      ] GC(1087)   Evacuate Collection Set: 18.7ms
[2024-08-27T14:57:52.775+0000][info][gc,phases      ] GC(1087)   Post Evacuate Collection Set: 0.3ms
[2024-08-27T14:57:52.775+0000][info][gc,phases      ] GC(1087)   Other: 0.2ms
[2024-08-27T14:57:52.775+0000][info][gc,heap        ] GC(1087) Eden regions: 43->0(44)
[2024-08-27T14:57:52.775+0000][info][gc,heap        ] GC(1087) Survivor regions: 8->7(7)
[2024-08-27T14:57:52.775+0000][info][gc,heap        ] GC(1087) Old regions: 808->856
[2024-08-27T14:57:52.775+0000][info][gc,heap        ] GC(1087) Archive regions: 2->2
[2024-08-27T14:57:52.775+0000][info][gc,heap        ] GC(1087) Humongous regions: 5->5
[2024-08-27T14:57:52.775+0000][info][gc,metaspace   ] GC(1087) Metaspace: 100K(320K)->100K(320K) NonClass: 96K(192K)->96K(192K) Class: 4K(128K)->4K(128K)
[2024-08-27T14:57:52.775+0000][info][gc             ] GC(1087) Pause Young (Prepare Mixed) (G1 Evacuation Pause) 853M->857M(1024M) 20.057ms
[2024-08-27T14:57:52.775+0000][info][gc,cpu         ] GC(1087) User=0.46s Sys=0.00s Real=0.02s
[2024-08-27T14:57:52.802+0000][info][gc,start       ] GC(1088) Pause Young (Mixed) (G1 Evacuation Pause)
[2024-08-27T14:57:52.802+0000][info][gc,task        ] GC(1088) Using 24 workers of 68 for evacuation
[2024-08-27T14:57:52.815+0000][info][gc,phases      ] GC(1088)   Pre Evacuate Collection Set: 0.2ms
[2024-08-27T14:57:52.815+0000][info][gc,phases      ] GC(1088)   Merge Heap Roots: 0.4ms
[2024-08-27T14:57:52.815+0000][info][gc,phases      ] GC(1088)   Evacuate Collection Set: 12.0ms
[2024-08-27T14:57:52.815+0000][info][gc,phases      ] GC(1088)   Post Evacuate Collection Set: 0.4ms
[2024-08-27T14:57:52.815+0000][info][gc,phases      ] GC(1088)   Other: 0.2ms
[2024-08-27T14:57:52.815+0000][info][gc,heap        ] GC(1088) Eden regions: 44->0(44)
[2024-08-27T14:57:52.815+0000][info][gc,heap        ] GC(1088) Survivor regions: 7->7(7)
[2024-08-27T14:57:52.815+0000][info][gc,heap        ] GC(1088) Old regions: 856->800
[2024-08-27T14:57:52.815+0000][info][gc,heap        ] GC(1088) Archive regions: 2->2
[2024-08-27T14:57:52.815+0000][info][gc,heap        ] GC(1088) Humongous regions: 5->5
[2024-08-27T14:57:52.815+0000][info][gc,metaspace   ] GC(1088) Metaspace: 100K(320K)->100K(320K) NonClass: 96K(192K)->96K(192K) Class: 4K(128K)->4K(128K)
[2024-08-27T14:57:52.815+0000][info][gc             ] GC(1088) Pause Young (Mixed) (G1 Evacuation Pause) 901M->802M(1024M) 13.325ms
[2024-08-27T14:57:52.815+0000][info][gc,cpu         ] GC(1088) User=0.30s Sys=0.00s Real=0.01s
[2024-08-27T14:57:52.840+0000][info][gc,start       ] GC(1089) Pause Young (Mixed) (G1 Evacuation Pause)
[2024-08-27T14:57:52.840+0000][info][gc,task        ] GC(1089) Using 24 workers of 68 for evacuation
[2024-08-27T14:57:52.853+0000][info][gc,phases      ] GC(1089)   Pre Evacuate Collection Set: 0.2ms
[2024-08-27T14:57:52.853+0000][info][gc,phases      ] GC(1089)   Merge Heap Roots: 0.4ms
[2024-08-27T14:57:52.853+0000][info][gc,phases      ] GC(1089)   Evacuate Collection Set: 11.9ms
[2024-08-27T14:57:52.853+0000][info][gc,phases      ] GC(1089)   Post Evacuate Collection Set: 0.3ms
[2024-08-27T14:57:52.853+0000][info][gc,phases      ] GC(1089)   Other: 0.3ms
[2024-08-27T14:57:52.853+0000][info][gc,heap        ] GC(1089) Eden regions: 44->0(46)
[2024-08-27T14:57:52.853+0000][info][gc,heap        ] GC(1089) Survivor regions: 7->7(7)
[2024-08-27T14:57:52.853+0000][info][gc,heap        ] GC(1089) Old regions: 800->758
[2024-08-27T14:57:52.853+0000][info][gc,heap        ] GC(1089) Archive regions: 2->2
[2024-08-27T14:57:52.853+0000][info][gc,heap        ] GC(1089) Humongous regions: 5->5
[2024-08-27T14:57:52.853+0000][info][gc,metaspace   ] GC(1089) Metaspace: 100K(320K)->100K(320K) NonClass: 96K(192K)->96K(192K) Class: 4K(128K)->4K(128K)
[2024-08-27T14:57:52.853+0000][info][gc             ] GC(1089) Pause Young (Mixed) (G1 Evacuation Pause) 846M->764M(1024M) 13.205ms
[2024-08-27T14:57:52.853+0000][info][gc,cpu         ] GC(1089) User=0.29s Sys=0.00s Real=0.01s
[2024-08-27T14:57:52.878+0000][info][gc,start       ] GC(1090) Pause Young (Concurrent Start) (G1 Evacuation Pause)
[2024-08-27T14:57:52.878+0000][info][gc,task        ] GC(1090) Using 24 workers of 68 for evacuation
[2024-08-27T14:57:52.890+0000][info][gc,phases      ] GC(1090)   Pre Evacuate Collection Set: 0.2ms
[2024-08-27T14:57:52.890+0000][info][gc,phases      ] GC(1090)   Merge Heap Roots: 0.4ms
[2024-08-27T14:57:52.890+0000][info][gc,phases      ] GC(1090)   Evacuate Collection Set: 10.4ms
[2024-08-27T14:57:52.890+0000][info][gc,phases      ] GC(1090)   Post Evacuate Collection Set: 0.3ms
[2024-08-27T14:57:52.890+0000][info][gc,phases      ] GC(1090)   Other: 0.6ms
[2024-08-27T14:57:52.890+0000][info][gc,heap        ] GC(1090) Eden regions: 46->0(44)
[2024-08-27T14:57:52.890+0000][info][gc,heap        ] GC(1090) Survivor regions: 7->7(7)
[2024-08-27T14:57:52.890+0000][info][gc,heap        ] GC(1090) Old regions: 758->808
[2024-08-27T14:57:52.890+0000][info][gc,heap        ] GC(1090) Archive regions: 2->2
[2024-08-27T14:57:52.890+0000][info][gc,heap        ] GC(1090) Humongous regions: 5->5
[2024-08-27T14:57:52.890+0000][info][gc,metaspace   ] GC(1090) Metaspace: 100K(320K)->100K(320K) NonClass: 96K(192K)->96K(192K) Class: 4K(128K)->4K(128K)
[2024-08-27T14:57:52.890+0000][info][gc             ] GC(1090) Pause Young (Concurrent Start) (G1 Evacuation Pause) 810M->814M(1024M) 12.010ms
[2024-08-27T14:57:52.890+0000][info][gc,cpu         ] GC(1090) User=0.26s Sys=0.00s Real=0.01s
[2024-08-27T14:57:52.890+0000][info][gc             ] GC(1091) Concurrent Mark Cycle
[2024-08-27T14:57:52.890+0000][info][gc,marking     ] GC(1091) Concurrent Clear Claimed Marks
[2024-08-27T14:57:52.890+0000][info][gc,marking     ] GC(1091) Concurrent Clear Claimed Marks 0.011ms
[2024-08-27T14:57:52.890+0000][info][gc,marking     ] GC(1091) Concurrent Scan Root Regions
[2024-08-27T14:57:52.892+0000][info][gc,marking     ] GC(1091) Concurrent Scan Root Regions 1.701ms
[2024-08-27T14:57:52.892+0000][info][gc,marking     ] GC(1091) Concurrent Mark
[2024-08-27T14:57:52.892+0000][info][gc,marking     ] GC(1091) Concurrent Mark From Roots
[2024-08-27T14:57:52.892+0000][info][gc,task        ] GC(1091) Using 17 workers of 17 for marking
[2024-08-27T14:57:52.918+0000][info][gc,marking     ] GC(1091) Concurrent Mark From Roots 25.895ms
[2024-08-27T14:57:52.918+0000][info][gc,marking     ] GC(1091) Concurrent Preclean
[2024-08-27T14:57:52.918+0000][info][gc,marking     ] GC(1091) Concurrent Preclean 0.499ms
[2024-08-27T14:57:52.918+0000][info][gc,start       ] GC(1091) Pause Remark
[2024-08-27T14:57:52.920+0000][info][gc             ] GC(1091) Pause Remark 851M->851M(1024M) 1.330ms
[2024-08-27T14:57:52.920+0000][info][gc,cpu         ] GC(1091) User=0.00s Sys=0.00s Real=0.00s
[2024-08-27T14:57:52.920+0000][info][gc,marking     ] GC(1091) Concurrent Mark 28.080ms
[2024-08-27T14:57:52.920+0000][info][gc,marking     ] GC(1091) Concurrent Rebuild Remembered Sets
[2024-08-27T14:57:52.926+0000][info][gc,start       ] GC(1092) Pause Young (Normal) (G1 Evacuation Pause)
[2024-08-27T14:57:52.926+0000][info][gc,task        ] GC(1092) Using 24 workers of 68 for evacuation
[2024-08-27T14:57:52.937+0000][info][gc,phases      ] GC(1092)   Pre Evacuate Collection Set: 0.1ms
[2024-08-27T14:57:52.937+0000][info][gc,phases      ] GC(1092)   Merge Heap Roots: 0.5ms
[2024-08-27T14:57:52.937+0000][info][gc,phases      ] GC(1092)   Evacuate Collection Set: 9.8ms
[2024-08-27T14:57:52.937+0000][info][gc,phases      ] GC(1092)   Post Evacuate Collection Set: 0.4ms
[2024-08-27T14:57:52.937+0000][info][gc,phases      ] GC(1092)   Other: 0.2ms
[2024-08-27T14:57:52.937+0000][info][gc,heap        ] GC(1092) Eden regions: 44->0(44)
[2024-08-27T14:57:52.937+0000][info][gc,heap        ] GC(1092) Survivor regions: 7->7(7)
[2024-08-27T14:57:52.937+0000][info][gc,heap        ] GC(1092) Old regions: 808->854
[2024-08-27T14:57:52.937+0000][info][gc,heap        ] GC(1092) Archive regions: 2->2
[2024-08-27T14:57:52.937+0000][info][gc,heap        ] GC(1092) Humongous regions: 5->5
[2024-08-27T14:57:52.937+0000][info][gc,metaspace   ] GC(1092) Metaspace: 100K(320K)->100K(320K) NonClass: 96K(192K)->96K(192K) Class: 4K(128K)->4K(128K)
[2024-08-27T14:57:52.937+0000][info][gc             ] GC(1092) Pause Young (Normal) (G1 Evacuation Pause) 858M->860M(1024M) 11.171ms
[2024-08-27T14:57:52.937+0000][info][gc,cpu         ] GC(1092) User=0.25s Sys=0.01s Real=0.01s
[2024-08-27T14:57:52.962+0000][info][gc,start       ] GC(1093) Pause Young (Normal) (G1 Evacuation Pause)
[2024-08-27T14:57:52.962+0000][info][gc,task        ] GC(1093) Using 24 workers of 68 for evacuation
[2024-08-27T14:57:52.978+0000][info][gc,phases      ] GC(1093)   Pre Evacuate Collection Set: 0.2ms
[2024-08-27T14:57:52.978+0000][info][gc,phases      ] GC(1093)   Merge Heap Roots: 0.4ms
[2024-08-27T14:57:52.978+0000][info][gc,phases      ] GC(1093)   Evacuate Collection Set: 14.4ms
[2024-08-27T14:57:52.978+0000][info][gc,phases      ] GC(1093)   Post Evacuate Collection Set: 0.6ms
[2024-08-27T14:57:52.978+0000][info][gc,phases      ] GC(1093)   Other: 0.2ms
[2024-08-27T14:57:52.978+0000][info][gc,heap        ] GC(1093) Eden regions: 44->0(44)
[2024-08-27T14:57:52.978+0000][info][gc,heap        ] GC(1093) Survivor regions: 7->7(7)
[2024-08-27T14:57:52.978+0000][info][gc,heap        ] GC(1093) Old regions: 854->900
[2024-08-27T14:57:52.978+0000][info][gc,heap        ] GC(1093) Archive regions: 2->2
[2024-08-27T14:57:52.978+0000][info][gc,heap        ] GC(1093) Humongous regions: 5->5
[2024-08-27T14:57:52.978+0000][info][gc,metaspace   ] GC(1093) Metaspace: 100K(320K)->100K(320K) NonClass: 96K(192K)->96K(192K) Class: 4K(128K)->4K(128K)
[2024-08-27T14:57:52.978+0000][info][gc             ] GC(1093) Pause Young (Normal) (G1 Evacuation Pause) 904M->906M(1024M) 15.845ms
[2024-08-27T14:57:52.978+0000][info][gc,cpu         ] GC(1093) User=0.36s Sys=0.00s Real=0.02s
[2024-08-27T14:57:53.003+0000][info][gc,start       ] GC(1094) Pause Young (Normal) (G1 Evacuation Pause)
[2024-08-27T14:57:53.003+0000][info][gc,task        ] GC(1094) Using 24 workers of 68 for evacuation
[2024-08-27T14:57:53.021+0000][info][gc,phases      ] GC(1094)   Pre Evacuate Collection Set: 0.2ms
[2024-08-27T14:57:53.021+0000][info][gc,phases      ] GC(1094)   Merge Heap Roots: 0.9ms
[2024-08-27T14:57:53.021+0000][info][gc,phases      ] GC(1094)   Evacuate Collection Set: 15.6ms
[2024-08-27T14:57:53.021+0000][info][gc,phases      ] GC(1094)   Post Evacuate Collection Set: 0.7ms
[2024-08-27T14:57:53.021+0000][info][gc,phases      ] GC(1094)   Other: 0.2ms
[2024-08-27T14:57:53.021+0000][info][gc,heap        ] GC(1094) Eden regions: 44->0(44)
[2024-08-27T14:57:53.021+0000][info][gc,heap        ] GC(1094) Survivor regions: 7->7(7)
[2024-08-27T14:57:53.021+0000][info][gc,heap        ] GC(1094) Old regions: 900->947
[2024-08-27T14:57:53.021+0000][info][gc,heap        ] GC(1094) Archive regions: 2->2
[2024-08-27T14:57:53.021+0000][info][gc,heap        ] GC(1094) Humongous regions: 5->5
[2024-08-27T14:57:53.021+0000][info][gc,metaspace   ] GC(1094) Metaspace: 100K(320K)->100K(320K) NonClass: 96K(192K)->96K(192K) Class: 4K(128K)->4K(128K)
[2024-08-27T14:57:53.021+0000][info][gc             ] GC(1094) Pause Young (Normal) (G1 Evacuation Pause) 950M->953M(1024M) 17.694ms
[2024-08-27T14:57:53.021+0000][info][gc,cpu         ] GC(1094) User=0.41s Sys=0.00s Real=0.02s
[2024-08-27T14:57:53.031+0000][info][gc,marking     ] GC(1091) Concurrent Rebuild Remembered Sets 111.073ms
[2024-08-27T14:57:53.031+0000][info][gc,start       ] GC(1091) Pause Cleanup
[2024-08-27T14:57:53.032+0000][info][gc             ] GC(1091) Pause Cleanup 969M->969M(1024M) 1.353ms
[2024-08-27T14:57:53.032+0000][info][gc,cpu         ] GC(1091) User=0.00s Sys=0.00s Real=0.00s
[2024-08-27T14:57:53.033+0000][info][gc,marking     ] GC(1091) Concurrent Cleanup for Next Mark
[2024-08-27T14:57:53.033+0000][info][gc,marking     ] GC(1091) Concurrent Cleanup for Next Mark 0.809ms
[2024-08-27T14:57:53.033+0000][info][gc             ] GC(1091) Concurrent Mark Cycle 143.442ms
[2024-08-27T14:57:53.039+0000][info][gc,start       ] GC(1095) Pause Young (Prepare Mixed) (G1 Preventive Collection)
[2024-08-27T14:57:53.039+0000][info][gc,task        ] GC(1095) Using 24 workers of 68 for evacuation
[2024-08-27T14:57:53.056+0000][info][gc,phases      ] GC(1095)   Pre Evacuate Collection Set: 0.2ms
[2024-08-27T14:57:53.056+0000][info][gc,phases      ] GC(1095)   Merge Heap Roots: 0.5ms
[2024-08-27T14:57:53.056+0000][info][gc,phases      ] GC(1095)   Evacuate Collection Set: 15.3ms
[2024-08-27T14:57:53.056+0000][info][gc,phases      ] GC(1095)   Post Evacuate Collection Set: 0.3ms
[2024-08-27T14:57:53.056+0000][info][gc,phases      ] GC(1095)   Other: 0.2ms
[2024-08-27T14:57:53.056+0000][info][gc,heap        ] GC(1095) Eden regions: 26->0(44)
[2024-08-27T14:57:53.056+0000][info][gc,heap        ] GC(1095) Survivor regions: 7->7(7)
[2024-08-27T14:57:53.056+0000][info][gc,heap        ] GC(1095) Old regions: 947->976
[2024-08-27T14:57:53.056+0000][info][gc,heap        ] GC(1095) Archive regions: 2->2
[2024-08-27T14:57:53.056+0000][info][gc,heap        ] GC(1095) Humongous regions: 5->5
[2024-08-27T14:57:53.056+0000][info][gc,metaspace   ] GC(1095) Metaspace: 100K(320K)->100K(320K) NonClass: 96K(192K)->96K(192K) Class: 4K(128K)->4K(128K)
[2024-08-27T14:57:53.056+0000][info][gc             ] GC(1095) Pause Young (Prepare Mixed) (G1 Preventive Collection) 979M->982M(1024M) 16.579ms
[2024-08-27T14:57:53.056+0000][info][gc,cpu         ] GC(1095) User=0.38s Sys=0.00s Real=0.01s
[2024-08-27T14:57:53.063+0000][info][gc,start       ] GC(1096) Pause Young (Mixed) (G1 Preventive Collection)
[2024-08-27T14:57:53.063+0000][info][gc,task        ] GC(1096) Using 24 workers of 68 for evacuation
[2024-08-27T14:57:53.070+0000][info][gc,phases      ] GC(1096)   Pre Evacuate Collection Set: 0.2ms
[2024-08-27T14:57:53.070+0000][info][gc,phases      ] GC(1096)   Merge Heap Roots: 0.3ms
[2024-08-27T14:57:53.070+0000][info][gc,phases      ] GC(1096)   Evacuate Collection Set: 5.6ms
[2024-08-27T14:57:53.070+0000][info][gc,phases      ] GC(1096)   Post Evacuate Collection Set: 0.4ms
[2024-08-27T14:57:53.070+0000][info][gc,phases      ] GC(1096)   Other: 0.2ms
[2024-08-27T14:57:53.070+0000][info][gc,heap        ] GC(1096) Eden regions: 12->0(44)
[2024-08-27T14:57:53.070+0000][info][gc,heap        ] GC(1096) Survivor regions: 7->7(7)
[2024-08-27T14:57:53.070+0000][info][gc,heap        ] GC(1096) Old regions: 976->887
[2024-08-27T14:57:53.070+0000][info][gc,heap        ] GC(1096) Archive regions: 2->2
[2024-08-27T14:57:53.070+0000][info][gc,heap        ] GC(1096) Humongous regions: 5->5
[2024-08-27T14:57:53.070+0000][info][gc,metaspace   ] GC(1096) Metaspace: 100K(320K)->100K(320K) NonClass: 96K(192K)->96K(192K) Class: 4K(128K)->4K(128K)
[2024-08-27T14:57:53.070+0000][info][gc             ] GC(1096) Pause Young (Mixed) (G1 Preventive Collection) 994M->899M(1024M) 6.721ms
[2024-08-27T14:57:53.070+0000][info][gc,cpu         ] GC(1096) User=0.14s Sys=0.00s Real=0.01s
[2024-08-27T14:57:53.093+0000][info][gc,start       ] GC(1097) Pause Young (Mixed) (G1 Evacuation Pause)
[2024-08-27T14:57:53.093+0000][info][gc,task        ] GC(1097) Using 24 workers of 68 for evacuation
[2024-08-27T14:57:53.104+0000][info][gc,phases      ] GC(1097)   Pre Evacuate Collection Set: 0.2ms
[2024-08-27T14:57:53.104+0000][info][gc,phases      ] GC(1097)   Merge Heap Roots: 0.4ms
[2024-08-27T14:57:53.104+0000][info][gc,phases      ] GC(1097)   Evacuate Collection Set: 10.0ms
[2024-08-27T14:57:53.104+0000][info][gc,phases      ] GC(1097)   Post Evacuate Collection Set: 0.4ms
[2024-08-27T14:57:53.104+0000][info][gc,phases      ] GC(1097)   Other: 0.2ms
[2024-08-27T14:57:53.104+0000][info][gc,heap        ] GC(1097) Eden regions: 44->0(44)
[2024-08-27T14:57:53.105+0000][info][gc,heap        ] GC(1097) Survivor regions: 7->7(7)
[2024-08-27T14:57:53.105+0000][info][gc,heap        ] GC(1097) Old regions: 887->829
[2024-08-27T14:57:53.105+0000][info][gc,heap        ] GC(1097) Archive regions: 2->2
[2024-08-27T14:57:53.105+0000][info][gc,heap        ] GC(1097) Humongous regions: 5->5
[2024-08-27T14:57:53.105+0000][info][gc,metaspace   ] GC(1097) Metaspace: 100K(320K)->100K(320K) NonClass: 96K(192K)->96K(192K) Class: 4K(128K)->4K(128K)
[2024-08-27T14:57:53.105+0000][info][gc             ] GC(1097) Pause Young (Mixed) (G1 Evacuation Pause) 943M->840M(1024M) 11.394ms
[2024-08-27T14:57:53.105+0000][info][gc,cpu         ] GC(1097) User=0.24s Sys=0.00s Real=0.01s
[2024-08-27T14:57:53.127+0000][info][gc,start       ] GC(1098) Pause Young (Mixed) (G1 Evacuation Pause)
[2024-08-27T14:57:53.127+0000][info][gc,task        ] GC(1098) Using 24 workers of 68 for evacuation
[2024-08-27T14:57:53.140+0000][info][gc,phases      ] GC(1098)   Pre Evacuate Collection Set: 0.2ms
[2024-08-27T14:57:53.140+0000][info][gc,phases      ] GC(1098)   Merge Heap Roots: 0.4ms
[2024-08-27T14:57:53.140+0000][info][gc,phases      ] GC(1098)   Evacuate Collection Set: 12.3ms
[2024-08-27T14:57:53.140+0000][info][gc,phases      ] GC(1098)   Post Evacuate Collection Set: 0.4ms
[2024-08-27T14:57:53.141+0000][info][gc,phases      ] GC(1098)   Other: 0.3ms
[2024-08-27T14:57:53.141+0000][info][gc,heap        ] GC(1098) Eden regions: 44->0(44)
[2024-08-27T14:57:53.141+0000][info][gc,heap        ] GC(1098) Survivor regions: 7->7(7)
[2024-08-27T14:57:53.141+0000][info][gc,heap        ] GC(1098) Old regions: 829->788
[2024-08-27T14:57:53.141+0000][info][gc,heap        ] GC(1098) Archive regions: 2->2
[2024-08-27T14:57:53.141+0000][info][gc,heap        ] GC(1098) Humongous regions: 5->5
[2024-08-27T14:57:53.141+0000][info][gc,metaspace   ] GC(1098) Metaspace: 100K(320K)->100K(320K) NonClass: 96K(192K)->96K(192K) Class: 4K(128K)->4K(128K)
[2024-08-27T14:57:53.141+0000][info][gc             ] GC(1098) Pause Young (Mixed) (G1 Evacuation Pause) 884M->800M(1024M) 13.622ms
[2024-08-27T14:57:53.141+0000][info][gc,cpu         ] GC(1098) User=0.30s Sys=0.00s Real=0.02s
[2024-08-27T14:57:53.164+0000][info][gc,start       ] GC(1099) Pause Young (Mixed) (G1 Evacuation Pause)
[2024-08-27T14:57:53.164+0000][info][gc,task        ] GC(1099) Using 24 workers of 68 for evacuation
[2024-08-27T14:57:53.177+0000][info][gc,phases      ] GC(1099)   Pre Evacuate Collection Set: 0.2ms
[2024-08-27T14:57:53.177+0000][info][gc,phases      ] GC(1099)   Merge Heap Roots: 0.3ms
[2024-08-27T14:57:53.177+0000][info][gc,phases      ] GC(1099)   Evacuate Collection Set: 12.0ms
[2024-08-27T14:57:53.177+0000][info][gc,phases      ] GC(1099)   Post Evacuate Collection Set: 0.4ms
[2024-08-27T14:57:53.177+0000][info][gc,phases      ] GC(1099)   Other: 0.2ms
[2024-08-27T14:57:53.177+0000][info][gc,heap        ] GC(1099) Eden regions: 44->0(44)
[2024-08-27T14:57:53.177+0000][info][gc,heap        ] GC(1099) Survivor regions: 7->7(7)
[2024-08-27T14:57:53.177+0000][info][gc,heap        ] GC(1099) Old regions: 788->820
[2024-08-27T14:57:53.177+0000][info][gc,heap        ] GC(1099) Archive regions: 2->2
[2024-08-27T14:57:53.177+0000][info][gc,heap        ] GC(1099) Humongous regions: 5->5
[2024-08-27T14:57:53.177+0000][info][gc,metaspace   ] GC(1099) Metaspace: 100K(320K)->100K(320K) NonClass: 96K(192K)->96K(192K) Class: 4K(128K)->4K(128K)
[2024-08-27T14:57:53.177+0000][info][gc             ] GC(1099) Pause Young (Mixed) (G1 Evacuation Pause) 844M->832M(1024M) 13.070ms
[2024-08-27T14:57:53.177+0000][info][gc,cpu         ] GC(1099) User=0.29s Sys=0.00s Real=0.01s
[2024-08-27T14:57:53.199+0000][info][gc,start       ] GC(1100) Pause Young (Concurrent Start) (G1 Evacuation Pause)
[2024-08-27T14:57:53.200+0000][info][gc,task        ] GC(1100) Using 24 workers of 68 for evacuation
[2024-08-27T14:57:53.212+0000][info][gc,phases      ] GC(1100)   Pre Evacuate Collection Set: 0.2ms
[2024-08-27T14:57:53.212+0000][info][gc,phases      ] GC(1100)   Merge Heap Roots: 0.4ms
[2024-08-27T14:57:53.212+0000][info][gc,phases      ] GC(1100)   Evacuate Collection Set: 10.5ms
[2024-08-27T14:57:53.212+0000][info][gc,phases      ] GC(1100)   Post Evacuate Collection Set: 0.4ms
[2024-08-27T14:57:53.212+0000][info][gc,phases      ] GC(1100)   Other: 0.7ms
[2024-08-27T14:57:53.212+0000][info][gc,heap        ] GC(1100) Eden regions: 44->0(44)
[2024-08-27T14:57:53.212+0000][info][gc,heap        ] GC(1100) Survivor regions: 7->7(7)
[2024-08-27T14:57:53.212+0000][info][gc,heap        ] GC(1100) Old regions: 820->868
[2024-08-27T14:57:53.212+0000][info][gc,heap        ] GC(1100) Archive regions: 2->2
[2024-08-27T14:57:53.212+0000][info][gc,heap        ] GC(1100) Humongous regions: 5->5
[2024-08-27T14:57:53.212+0000][info][gc,metaspace   ] GC(1100) Metaspace: 100K(320K)->100K(320K) NonClass: 96K(192K)->96K(192K) Class: 4K(128K)->4K(128K)
[2024-08-27T14:57:53.212+0000][info][gc             ] GC(1100) Pause Young (Concurrent Start) (G1 Evacuation Pause) 876M->880M(1024M) 12.182ms
[2024-08-27T14:57:53.212+0000][info][gc,cpu         ] GC(1100) User=0.26s Sys=0.00s Real=0.01s
[2024-08-27T14:57:53.212+0000][info][gc             ] GC(1101) Concurrent Mark Cycle
[2024-08-27T14:57:53.212+0000][info][gc,marking     ] GC(1101) Concurrent Clear Claimed Marks
[2024-08-27T14:57:53.212+0000][info][gc,marking     ] GC(1101) Concurrent Clear Claimed Marks 0.010ms
[2024-08-27T14:57:53.212+0000][info][gc,marking     ] GC(1101) Concurrent Scan Root Regions
[2024-08-27T14:57:53.213+0000][info][gc,marking     ] GC(1101) Concurrent Scan Root Regions 1.565ms
[2024-08-27T14:57:53.213+0000][info][gc,marking     ] GC(1101) Concurrent Mark
[2024-08-27T14:57:53.213+0000][info][gc,marking     ] GC(1101) Concurrent Mark From Roots
[2024-08-27T14:57:53.213+0000][info][gc,task        ] GC(1101) Using 17 workers of 17 for marking
[2024-08-27T14:57:53.240+0000][info][gc,marking     ] GC(1101) Concurrent Mark From Roots 26.223ms
[2024-08-27T14:57:53.240+0000][info][gc,marking     ] GC(1101) Concurrent Preclean
[2024-08-27T14:57:53.240+0000][info][gc,marking     ] GC(1101) Concurrent Preclean 0.679ms
[2024-08-27T14:57:53.241+0000][info][gc,start       ] GC(1101) Pause Remark
[2024-08-27T14:57:53.242+0000][info][gc             ] GC(1101) Pause Remark 918M->918M(1024M) 1.367ms
[2024-08-27T14:57:53.242+0000][info][gc,cpu         ] GC(1101) User=0.01s Sys=0.00s Real=0.00s
[2024-08-27T14:57:53.242+0000][info][gc,marking     ] GC(1101) Concurrent Mark 28.636ms
[2024-08-27T14:57:53.242+0000][info][gc,marking     ] GC(1101) Concurrent Rebuild Remembered Sets
[2024-08-27T14:57:53.247+0000][info][gc,start       ] GC(1102) Pause Young (Normal) (G1 Evacuation Pause)
[2024-08-27T14:57:53.247+0000][info][gc,task        ] GC(1102) Using 24 workers of 68 for evacuation
[2024-08-27T14:57:53.258+0000][info][gc,phases      ] GC(1102)   Pre Evacuate Collection Set: 0.2ms
[2024-08-27T14:57:53.258+0000][info][gc,phases      ] GC(1102)   Merge Heap Roots: 0.6ms
[2024-08-27T14:57:53.258+0000][info][gc,phases      ] GC(1102)   Evacuate Collection Set: 10.0ms
[2024-08-27T14:57:53.258+0000][info][gc,phases      ] GC(1102)   Post Evacuate Collection Set: 0.4ms
[2024-08-27T14:57:53.258+0000][info][gc,phases      ] GC(1102)   Other: 0.2ms
[2024-08-27T14:57:53.258+0000][info][gc,heap        ] GC(1102) Eden regions: 44->0(44)
[2024-08-27T14:57:53.258+0000][info][gc,heap        ] GC(1102) Survivor regions: 7->7(7)
[2024-08-27T14:57:53.258+0000][info][gc,heap        ] GC(1102) Old regions: 868->915
[2024-08-27T14:57:53.258+0000][info][gc,heap        ] GC(1102) Archive regions: 2->2
[2024-08-27T14:57:53.258+0000][info][gc,heap        ] GC(1102) Humongous regions: 5->5
[2024-08-27T14:57:53.258+0000][info][gc,metaspace   ] GC(1102) Metaspace: 100K(320K)->100K(320K) NonClass: 96K(192K)->96K(192K) Class: 4K(128K)->4K(128K)
[2024-08-27T14:57:53.258+0000][info][gc             ] GC(1102) Pause Young (Normal) (G1 Evacuation Pause) 924M->927M(1024M) 11.452ms
[2024-08-27T14:57:53.258+0000][info][gc,cpu         ] GC(1102) User=0.26s Sys=0.00s Real=0.02s
[2024-08-27T14:57:53.282+0000][info][gc,start       ] GC(1103) Pause Young (Normal) (G1 Preventive Collection)
[2024-08-27T14:57:53.282+0000][info][gc,task        ] GC(1103) Using 24 workers of 68 for evacuation
[2024-08-27T14:57:53.297+0000][info][gc,phases      ] GC(1103)   Pre Evacuate Collection Set: 0.1ms
[2024-08-27T14:57:53.297+0000][info][gc,phases      ] GC(1103)   Merge Heap Roots: 0.3ms
[2024-08-27T14:57:53.297+0000][info][gc,phases      ] GC(1103)   Evacuate Collection Set: 13.6ms
[2024-08-27T14:57:53.297+0000][info][gc,phases      ] GC(1103)   Post Evacuate Collection Set: 0.6ms
[2024-08-27T14:57:53.297+0000][info][gc,phases      ] GC(1103)   Other: 0.2ms
[2024-08-27T14:57:53.297+0000][info][gc,heap        ] GC(1103) Eden regions: 42->0(44)
[2024-08-27T14:57:53.297+0000][info][gc,heap        ] GC(1103) Survivor regions: 7->7(7)
[2024-08-27T14:57:53.297+0000][info][gc,heap        ] GC(1103) Old regions: 915->959
[2024-08-27T14:57:53.297+0000][info][gc,heap        ] GC(1103) Archive regions: 2->2
[2024-08-27T14:57:53.297+0000][info][gc,heap        ] GC(1103) Humongous regions: 5->5
[2024-08-27T14:57:53.297+0000][info][gc,metaspace   ] GC(1103) Metaspace: 100K(320K)->100K(320K) NonClass: 96K(192K)->96K(192K) Class: 4K(128K)->4K(128K)
[2024-08-27T14:57:53.297+0000][info][gc             ] GC(1103) Pause Young (Normal) (G1 Preventive Collection) 969M->971M(1024M) 14.895ms
[2024-08-27T14:57:53.297+0000][info][gc,cpu         ] GC(1103) User=0.33s Sys=0.00s Real=0.01s
[2024-08-27T14:57:53.309+0000][info][gc,start       ] GC(1104) Pause Young (Normal) (G1 Preventive Collection)
[2024-08-27T14:57:53.309+0000][info][gc,task        ] GC(1104) Using 24 workers of 68 for evacuation
[2024-08-27T14:57:53.323+0000][info][gc             ] GC(1104) To-space exhausted
[2024-08-27T14:57:53.323+0000][info][gc,phases      ] GC(1104)   Pre Evacuate Collection Set: 0.2ms
[2024-08-27T14:57:53.323+0000][info][gc,phases      ] GC(1104)   Merge Heap Roots: 0.9ms
[2024-08-27T14:57:53.323+0000][info][gc,phases      ] GC(1104)   Evacuate Collection Set: 12.3ms
[2024-08-27T14:57:53.323+0000][info][gc,phases      ] GC(1104)   Post Evacuate Collection Set: 1.2ms
[2024-08-27T14:57:53.323+0000][info][gc,phases      ] GC(1104)   Other: 0.2ms
[2024-08-27T14:57:53.323+0000][info][gc,heap        ] GC(1104) Eden regions: 21->0(44)
[2024-08-27T14:57:53.323+0000][info][gc,heap        ] GC(1104) Survivor regions: 7->7(7)
[2024-08-27T14:57:53.323+0000][info][gc,heap        ] GC(1104) Old regions: 959->1009
[2024-08-27T14:57:53.323+0000][info][gc,heap        ] GC(1104) Archive regions: 2->2
[2024-08-27T14:57:53.323+0000][info][gc,heap        ] GC(1104) Humongous regions: 5->5
[2024-08-27T14:57:53.324+0000][info][gc,metaspace   ] GC(1104) Metaspace: 100K(320K)->100K(320K) NonClass: 96K(192K)->96K(192K) Class: 4K(128K)->4K(128K)
[2024-08-27T14:57:53.324+0000][info][gc             ] GC(1104) Pause Young (Normal) (G1 Preventive Collection) 992M->1021M(1024M) 14.783ms
[2024-08-27T14:57:53.324+0000][info][gc,cpu         ] GC(1104) User=0.34s Sys=0.00s Real=0.02s
[2024-08-27T14:57:53.325+0000][info][gc,start       ] GC(1105) Pause Young (Normal) (G1 Evacuation Pause)
[2024-08-27T14:57:53.325+0000][info][gc,task        ] GC(1105) Using 24 workers of 68 for evacuation
[2024-08-27T14:57:53.334+0000][info][gc             ] GC(1105) To-space exhausted
[2024-08-27T14:57:53.334+0000][info][gc,phases      ] GC(1105)   Pre Evacuate Collection Set: 0.1ms
[2024-08-27T14:57:53.334+0000][info][gc,phases      ] GC(1105)   Merge Heap Roots: 0.6ms
[2024-08-27T14:57:53.334+0000][info][gc,phases      ] GC(1105)   Evacuate Collection Set: 7.3ms
[2024-08-27T14:57:53.334+0000][info][gc,phases      ] GC(1105)   Post Evacuate Collection Set: 1.0ms
[2024-08-27T14:57:53.334+0000][info][gc,phases      ] GC(1105)   Other: 0.2ms
[2024-08-27T14:57:53.334+0000][info][gc,heap        ] GC(1105) Eden regions: 1->0(51)
[2024-08-27T14:57:53.334+0000][info][gc,heap        ] GC(1105) Survivor regions: 7->0(0)
[2024-08-27T14:57:53.334+0000][info][gc,heap        ] GC(1105) Old regions: 1009->1017
[2024-08-27T14:57:53.334+0000][info][gc,heap        ] GC(1105) Archive regions: 2->2
[2024-08-27T14:57:53.334+0000][info][gc,heap        ] GC(1105) Humongous regions: 5->5
[2024-08-27T14:57:53.334+0000][info][gc,metaspace   ] GC(1105) Metaspace: 100K(320K)->100K(320K) NonClass: 96K(192K)->96K(192K) Class: 4K(128K)->4K(128K)
[2024-08-27T14:57:53.334+0000][info][gc             ] GC(1105) Pause Young (Normal) (G1 Evacuation Pause) 1022M->1022M(1024M) 9.237ms
[2024-08-27T14:57:53.334+0000][info][gc,cpu         ] GC(1105) User=0.20s Sys=0.00s Real=0.01s
[2024-08-27T14:57:53.334+0000][info][gc,ergo        ] Attempting full compaction
[2024-08-27T14:57:53.334+0000][info][gc,task        ] GC(1106) Using 24 workers of 68 for full compaction
[2024-08-27T14:57:53.334+0000][info][gc,start       ] GC(1106) Pause Full (G1 Compaction Pause)
[2024-08-27T14:57:53.335+0000][info][gc,phases,start] GC(1106) Phase 1: Mark live objects
[2024-08-27T14:57:53.351+0000][info][gc,phases      ] GC(1106) Phase 1: Mark live objects 16.085ms
[2024-08-27T14:57:53.351+0000][info][gc,phases,start] GC(1106) Phase 2: Prepare for compaction
[2024-08-27T14:57:53.361+0000][info][gc,phases      ] GC(1106) Phase 2: Prepare for compaction 9.700ms
[2024-08-27T14:57:53.361+0000][info][gc,phases,start] GC(1106) Phase 3: Adjust pointers
[2024-08-27T14:57:53.379+0000][info][gc,phases      ] GC(1106) Phase 3: Adjust pointers 18.393ms
[2024-08-27T14:57:53.379+0000][info][gc,phases,start] GC(1106) Phase 4: Compact heap
[2024-08-27T14:57:53.412+0000][info][gc,phases      ] GC(1106) Phase 4: Compact heap 33.016ms
[2024-08-27T14:57:53.414+0000][info][gc,heap        ] GC(1106) Eden regions: 0->0(151)
[2024-08-27T14:57:53.414+0000][info][gc,heap        ] GC(1106) Survivor regions: 0->0(0)
[2024-08-27T14:57:53.414+0000][info][gc,heap        ] GC(1106) Old regions: 1017->441
[2024-08-27T14:57:53.414+0000][info][gc,heap        ] GC(1106) Archive regions: 2->2
[2024-08-27T14:57:53.414+0000][info][gc,heap        ] GC(1106) Humongous regions: 5->5
[2024-08-27T14:57:53.414+0000][info][gc,metaspace   ] GC(1106) Metaspace: 100K(320K)->100K(320K) NonClass: 96K(192K)->96K(192K) Class: 4K(128K)->4K(128K)
[2024-08-27T14:57:53.414+0000][info][gc             ] GC(1106) Pause Full (G1 Compaction Pause) 1022M->435M(1024M) 80.073ms
[2024-08-27T14:57:53.414+0000][info][gc,cpu         ] GC(1106) User=1.66s Sys=0.00s Real=0.08s
[2024-08-27T14:57:53.415+0000][info][gc,marking     ] GC(1101) Concurrent Rebuild Remembered Sets 172.483ms
[2024-08-27T14:57:53.415+0000][info][gc,marking     ] GC(1101) Concurrent Mark Abort
[2024-08-27T14:57:53.415+0000][info][gc             ] GC(1101) Concurrent Mark Cycle 202.839ms
[2024-08-27T14:57:53.500+0000][info][gc,start       ] GC(1107) Pause Young (Normal) (G1 Evacuation Pause)
[2024-08-27T14:57:53.500+0000][info][gc,task        ] GC(1107) Using 24 workers of 68 for evacuation
[2024-08-27T14:57:53.523+0000][info][gc,phases      ] GC(1107)   Pre Evacuate Collection Set: 0.2ms
[2024-08-27T14:57:53.523+0000][info][gc,phases      ] GC(1107)   Merge Heap Roots: 0.4ms
[2024-08-27T14:57:53.523+0000][info][gc,phases      ] GC(1107)   Evacuate Collection Set: 22.4ms
[2024-08-27T14:57:53.523+0000][info][gc,phases      ] GC(1107)   Post Evacuate Collection Set: 0.4ms
[2024-08-27T14:57:53.523+0000][info][gc,phases      ] GC(1107)   Other: 0.2ms
[2024-08-27T14:57:53.523+0000][info][gc,heap        ] GC(1107) Eden regions: 151->0(104)
[2024-08-27T14:57:53.523+0000][info][gc,heap        ] GC(1107) Survivor regions: 0->19(19)
[2024-08-27T14:57:53.523+0000][info][gc,heap        ] GC(1107) Old regions: 441->568
[2024-08-27T14:57:53.523+0000][info][gc,heap        ] GC(1107) Archive regions: 2->2
[2024-08-27T14:57:53.523+0000][info][gc,heap        ] GC(1107) Humongous regions: 5->5
[2024-08-27T14:57:53.523+0000][info][gc,metaspace   ] GC(1107) Metaspace: 100K(320K)->100K(320K) NonClass: 96K(192K)->96K(192K) Class: 4K(128K)->4K(128K)
[2024-08-27T14:57:53.523+0000][info][gc             ] GC(1107) Pause Young (Normal) (G1 Evacuation Pause) 586M->581M(1024M) 23.735ms
[2024-08-27T14:57:53.523+0000][info][gc,cpu         ] GC(1107) User=0.55s Sys=0.00s Real=0.02s
[2024-08-27T14:57:53.578+0000][info][gc,start       ] GC(1108) Pause Young (Concurrent Start) (G1 Evacuation Pause)
[2024-08-27T14:57:53.578+0000][info][gc,task        ] GC(1108) Using 24 workers of 68 for evacuation
[2024-08-27T14:57:53.599+0000][info][gc,phases      ] GC(1108)   Pre Evacuate Collection Set: 0.2ms
[2024-08-27T14:57:53.599+0000][info][gc,phases      ] GC(1108)   Merge Heap Roots: 0.4ms
[2024-08-27T14:57:53.599+0000][info][gc,phases      ] GC(1108)   Evacuate Collection Set: 19.4ms
[2024-08-27T14:57:53.599+0000][info][gc,phases      ] GC(1108)   Post Evacuate Collection Set: 0.3ms
[2024-08-27T14:57:53.599+0000][info][gc,phases      ] GC(1108)   Other: 0.6ms
[2024-08-27T14:57:53.599+0000][info][gc,heap        ] GC(1108) Eden regions: 104->0(70)
[2024-08-27T14:57:53.599+0000][info][gc,heap        ] GC(1108) Survivor regions: 19->16(16)
[2024-08-27T14:57:53.599+0000][info][gc,heap        ] GC(1108) Old regions: 568->677
[2024-08-27T14:57:53.599+0000][info][gc,heap        ] GC(1108) Archive regions: 2->2
[2024-08-27T14:57:53.599+0000][info][gc,heap        ] GC(1108) Humongous regions: 5->5
[2024-08-27T14:57:53.599+0000][info][gc,metaspace   ] GC(1108) Metaspace: 100K(320K)->100K(320K) NonClass: 96K(192K)->96K(192K) Class: 4K(128K)->4K(128K)
[2024-08-27T14:57:53.599+0000][info][gc             ] GC(1108) Pause Young (Concurrent Start) (G1 Evacuation Pause) 685M->687M(1024M) 21.030ms
[2024-08-27T14:57:53.599+0000][info][gc,cpu         ] GC(1108) User=0.48s Sys=0.00s Real=0.02s
[2024-08-27T14:57:53.599+0000][info][gc             ] GC(1109) Concurrent Mark Cycle
[2024-08-27T14:57:53.599+0000][info][gc,marking     ] GC(1109) Concurrent Clear Claimed Marks
[2024-08-27T14:57:53.599+0000][info][gc,marking     ] GC(1109) Concurrent Clear Claimed Marks 0.011ms
[2024-08-27T14:57:53.599+0000][info][gc,marking     ] GC(1109) Concurrent Scan Root Regions
[2024-08-27T14:57:53.603+0000][info][gc,marking     ] GC(1109) Concurrent Scan Root Regions 3.735ms
[2024-08-27T14:57:53.603+0000][info][gc,marking     ] GC(1109) Concurrent Mark
[2024-08-27T14:57:53.603+0000][info][gc,marking     ] GC(1109) Concurrent Mark From Roots
[2024-08-27T14:57:53.603+0000][info][gc,task        ] GC(1109) Using 17 workers of 17 for marking
[2024-08-27T14:57:53.626+0000][info][gc,marking     ] GC(1109) Concurrent Mark From Roots 22.439ms
[2024-08-27T14:57:53.626+0000][info][gc,marking     ] GC(1109) Concurrent Preclean
[2024-08-27T14:57:53.626+0000][info][gc,marking     ] GC(1109) Concurrent Preclean 0.495ms
[2024-08-27T14:57:53.626+0000][info][gc,start       ] GC(1109) Pause Remark
[2024-08-27T14:57:53.628+0000][info][gc             ] GC(1109) Pause Remark 721M->721M(1024M) 1.184ms
[2024-08-27T14:57:53.628+0000][info][gc,cpu         ] GC(1109) User=0.01s Sys=0.00s Real=0.00s
[2024-08-27T14:57:53.628+0000][info][gc,marking     ] GC(1109) Concurrent Mark 24.475ms
[2024-08-27T14:57:53.628+0000][info][gc,marking     ] GC(1109) Concurrent Rebuild Remembered Sets
[2024-08-27T14:57:53.648+0000][info][gc,start       ] GC(1110) Pause Young (Normal) (G1 Evacuation Pause)
[2024-08-27T14:57:53.648+0000][info][gc,task        ] GC(1110) Using 24 workers of 68 for evacuation
[2024-08-27T14:57:53.666+0000][info][gc,phases      ] GC(1110)   Pre Evacuate Collection Set: 0.2ms
[2024-08-27T14:57:53.666+0000][info][gc,phases      ] GC(1110)   Merge Heap Roots: 0.3ms
[2024-08-27T14:57:53.666+0000][info][gc,phases      ] GC(1110)   Evacuate Collection Set: 16.4ms
[2024-08-27T14:57:53.666+0000][info][gc,phases      ] GC(1110)   Post Evacuate Collection Set: 0.6ms
[2024-08-27T14:57:53.666+0000][info][gc,phases      ] GC(1110)   Other: 0.2ms
[2024-08-27T14:57:53.666+0000][info][gc,heap        ] GC(1110) Eden regions: 70->0(46)
[2024-08-27T14:57:53.666+0000][info][gc,heap        ] GC(1110) Survivor regions: 16->11(11)
[2024-08-27T14:57:53.666+0000][info][gc,heap        ] GC(1110) Old regions: 676->755
[2024-08-27T14:57:53.666+0000][info][gc,heap        ] GC(1110) Archive regions: 2->2
[2024-08-27T14:57:53.666+0000][info][gc,heap        ] GC(1110) Humongous regions: 5->5
[2024-08-27T14:57:53.666+0000][info][gc,metaspace   ] GC(1110) Metaspace: 100K(320K)->100K(320K) NonClass: 96K(192K)->96K(192K) Class: 4K(128K)->4K(128K)
[2024-08-27T14:57:53.666+0000][info][gc             ] GC(1110) Pause Young (Normal) (G1 Evacuation Pause) 757M->761M(1024M) 17.731ms
[2024-08-27T14:57:53.666+0000][info][gc,cpu         ] GC(1110) User=0.40s Sys=0.00s Real=0.02s
[2024-08-27T14:57:53.692+0000][info][gc,start       ] GC(1111) Pause Young (Normal) (G1 Evacuation Pause)
[2024-08-27T14:57:53.692+0000][info][gc,task        ] GC(1111) Using 24 workers of 68 for evacuation
[2024-08-27T14:57:53.714+0000][info][gc,phases      ] GC(1111)   Pre Evacuate Collection Set: 0.2ms
[2024-08-27T14:57:53.714+0000][info][gc,phases      ] GC(1111)   Merge Heap Roots: 0.5ms
[2024-08-27T14:57:53.714+0000][info][gc,phases      ] GC(1111)   Evacuate Collection Set: 19.9ms
[2024-08-27T14:57:53.714+0000][info][gc,phases      ] GC(1111)   Post Evacuate Collection Set: 0.7ms
[2024-08-27T14:57:53.714+0000][info][gc,phases      ] GC(1111)   Other: 0.2ms
[2024-08-27T14:57:53.714+0000][info][gc,heap        ] GC(1111) Eden regions: 46->0(43)
[2024-08-27T14:57:53.714+0000][info][gc,heap        ] GC(1111) Survivor regions: 11->8(8)
[2024-08-27T14:57:53.714+0000][info][gc,heap        ] GC(1111) Old regions: 755->807
[2024-08-27T14:57:53.714+0000][info][gc,heap        ] GC(1111) Archive regions: 2->2
[2024-08-27T14:57:53.714+0000][info][gc,heap        ] GC(1111) Humongous regions: 5->5
[2024-08-27T14:57:53.714+0000][info][gc,metaspace   ] GC(1111) Metaspace: 100K(320K)->100K(320K) NonClass: 96K(192K)->96K(192K) Class: 4K(128K)->4K(128K)
[2024-08-27T14:57:53.714+0000][info][gc             ] GC(1111) Pause Young (Normal) (G1 Evacuation Pause) 807M->810M(1024M) 21.488ms
[2024-08-27T14:57:53.714+0000][info][gc,cpu         ] GC(1111) User=0.50s Sys=0.00s Real=0.02s
[2024-08-27T14:57:53.731+0000][info][gc,marking     ] GC(1109) Concurrent Rebuild Remembered Sets 103.740ms
[2024-08-27T14:57:53.732+0000][info][gc,start       ] GC(1109) Pause Cleanup
[2024-08-27T14:57:53.733+0000][info][gc             ] GC(1109) Pause Cleanup 840M->840M(1024M) 1.061ms
[2024-08-27T14:57:53.733+0000][info][gc,cpu         ] GC(1109) User=0.00s Sys=0.00s Real=0.00s
[2024-08-27T14:57:53.733+0000][info][gc,marking     ] GC(1109) Concurrent Cleanup for Next Mark
[2024-08-27T14:57:53.734+0000][info][gc,marking     ] GC(1109) Concurrent Cleanup for Next Mark 0.778ms
[2024-08-27T14:57:53.734+0000][info][gc             ] GC(1109) Concurrent Mark Cycle 134.209ms
[2024-08-27T14:57:53.742+0000][info][gc,start       ] GC(1112) Pause Young (Prepare Mixed) (G1 Evacuation Pause)
[2024-08-27T14:57:53.742+0000][info][gc,task        ] GC(1112) Using 24 workers of 68 for evacuation
[2024-08-27T14:57:53.759+0000][info][gc,phases      ] GC(1112)   Pre Evacuate Collection Set: 0.2ms
[2024-08-27T14:57:53.759+0000][info][gc,phases      ] GC(1112)   Merge Heap Roots: 0.6ms
[2024-08-27T14:57:53.759+0000][info][gc,phases      ] GC(1112)   Evacuate Collection Set: 16.2ms
[2024-08-27T14:57:53.759+0000][info][gc,phases      ] GC(1112)   Post Evacuate Collection Set: 0.3ms
[2024-08-27T14:57:53.759+0000][info][gc,phases      ] GC(1112)   Other: 0.2ms
[2024-08-27T14:57:53.759+0000][info][gc,heap        ] GC(1112) Eden regions: 43->0(44)
[2024-08-27T14:57:53.759+0000][info][gc,heap        ] GC(1112) Survivor regions: 8->7(7)
[2024-08-27T14:57:53.759+0000][info][gc,heap        ] GC(1112) Old regions: 807->855
[2024-08-27T14:57:53.759+0000][info][gc,heap        ] GC(1112) Archive regions: 2->2
[2024-08-27T14:57:53.759+0000][info][gc,heap        ] GC(1112) Humongous regions: 5->5
[2024-08-27T14:57:53.759+0000][info][gc,metaspace   ] GC(1112) Metaspace: 100K(320K)->100K(320K) NonClass: 96K(192K)->96K(192K) Class: 4K(128K)->4K(128K)
[2024-08-27T14:57:53.759+0000][info][gc             ] GC(1112) Pause Young (Prepare Mixed) (G1 Evacuation Pause) 853M->857M(1024M) 17.559ms
[2024-08-27T14:57:53.759+0000][info][gc,cpu         ] GC(1112) User=0.41s Sys=0.00s Real=0.02s
[2024-08-27T14:57:53.783+0000][info][gc,start       ] GC(1113) Pause Young (Mixed) (G1 Evacuation Pause)
[2024-08-27T14:57:53.783+0000][info][gc,task        ] GC(1113) Using 24 workers of 68 for evacuation
[2024-08-27T14:57:53.795+0000][info][gc,phases      ] GC(1113)   Pre Evacuate Collection Set: 0.2ms
[2024-08-27T14:57:53.795+0000][info][gc,phases      ] GC(1113)   Merge Heap Roots: 0.3ms
[2024-08-27T14:57:53.795+0000][info][gc,phases      ] GC(1113)   Evacuate Collection Set: 11.1ms
[2024-08-27T14:57:53.795+0000][info][gc,phases      ] GC(1113)   Post Evacuate Collection Set: 0.4ms
[2024-08-27T14:57:53.795+0000][info][gc,phases      ] GC(1113)   Other: 0.2ms
[2024-08-27T14:57:53.796+0000][info][gc,heap        ] GC(1113) Eden regions: 44->0(44)
[2024-08-27T14:57:53.796+0000][info][gc,heap        ] GC(1113) Survivor regions: 7->7(7)
[2024-08-27T14:57:53.796+0000][info][gc,heap        ] GC(1113) Old regions: 855->800
[2024-08-27T14:57:53.796+0000][info][gc,heap        ] GC(1113) Archive regions: 2->2
[2024-08-27T14:57:53.796+0000][info][gc,heap        ] GC(1113) Humongous regions: 5->5
[2024-08-27T14:57:53.796+0000][info][gc,metaspace   ] GC(1113) Metaspace: 100K(320K)->100K(320K) NonClass: 96K(192K)->96K(192K) Class: 4K(128K)->4K(128K)
[2024-08-27T14:57:53.796+0000][info][gc             ] GC(1113) Pause Young (Mixed) (G1 Evacuation Pause) 901M->807M(1024M) 12.243ms
[2024-08-27T14:57:53.796+0000][info][gc,cpu         ] GC(1113) User=0.28s Sys=0.00s Real=0.01s
[2024-08-27T14:57:53.820+0000][info][gc,start       ] GC(1114) Pause Young (Mixed) (G1 Evacuation Pause)
[2024-08-27T14:57:53.820+0000][info][gc,task        ] GC(1114) Using 24 workers of 68 for evacuation
[2024-08-27T14:57:53.832+0000][info][gc,phases      ] GC(1114)   Pre Evacuate Collection Set: 0.2ms
[2024-08-27T14:57:53.832+0000][info][gc,phases      ] GC(1114)   Merge Heap Roots: 0.4ms
[2024-08-27T14:57:53.832+0000][info][gc,phases      ] GC(1114)   Evacuate Collection Set: 11.0ms
[2024-08-27T14:57:53.832+0000][info][gc,phases      ] GC(1114)   Post Evacuate Collection Set: 0.4ms
[2024-08-27T14:57:53.832+0000][info][gc,phases      ] GC(1114)   Other: 0.2ms
[2024-08-27T14:57:53.832+0000][info][gc,heap        ] GC(1114) Eden regions: 44->0(47)
[2024-08-27T14:57:53.832+0000][info][gc,heap        ] GC(1114) Survivor regions: 7->7(7)
[2024-08-27T14:57:53.832+0000][info][gc,heap        ] GC(1114) Old regions: 800->756
[2024-08-27T14:57:53.832+0000][info][gc,heap        ] GC(1114) Archive regions: 2->2
[2024-08-27T14:57:53.832+0000][info][gc,heap        ] GC(1114) Humongous regions: 5->5
[2024-08-27T14:57:53.832+0000][info][gc,metaspace   ] GC(1114) Metaspace: 100K(320K)->100K(320K) NonClass: 96K(192K)->96K(192K) Class: 4K(128K)->4K(128K)
[2024-08-27T14:57:53.832+0000][info][gc             ] GC(1114) Pause Young (Mixed) (G1 Evacuation Pause) 851M->765M(1024M) 12.387ms
[2024-08-27T14:57:53.832+0000][info][gc,cpu         ] GC(1114) User=0.28s Sys=0.00s Real=0.01s
[2024-08-27T14:57:53.857+0000][info][gc,start       ] GC(1115) Pause Young (Concurrent Start) (G1 Evacuation Pause)
[2024-08-27T14:57:53.857+0000][info][gc,task        ] GC(1115) Using 24 workers of 68 for evacuation
[2024-08-27T14:57:53.869+0000][info][gc,phases      ] GC(1115)   Pre Evacuate Collection Set: 0.2ms
[2024-08-27T14:57:53.869+0000][info][gc,phases      ] GC(1115)   Merge Heap Roots: 0.4ms
[2024-08-27T14:57:53.869+0000][info][gc,phases      ] GC(1115)   Evacuate Collection Set: 10.3ms
[2024-08-27T14:57:53.869+0000][info][gc,phases      ] GC(1115)   Post Evacuate Collection Set: 0.4ms
[2024-08-27T14:57:53.869+0000][info][gc,phases      ] GC(1115)   Other: 0.8ms
[2024-08-27T14:57:53.869+0000][info][gc,heap        ] GC(1115) Eden regions: 47->0(44)
[2024-08-27T14:57:53.869+0000][info][gc,heap        ] GC(1115) Survivor regions: 7->7(7)
[2024-08-27T14:57:53.869+0000][info][gc,heap        ] GC(1115) Old regions: 756->806
[2024-08-27T14:57:53.869+0000][info][gc,heap        ] GC(1115) Archive regions: 2->2
[2024-08-27T14:57:53.869+0000][info][gc,heap        ] GC(1115) Humongous regions: 5->5
[2024-08-27T14:57:53.869+0000][info][gc,metaspace   ] GC(1115) Metaspace: 100K(320K)->100K(320K) NonClass: 96K(192K)->96K(192K) Class: 4K(128K)->4K(128K)
[2024-08-27T14:57:53.869+0000][info][gc             ] GC(1115) Pause Young (Concurrent Start) (G1 Evacuation Pause) 812M->815M(1024M) 12.082ms
[2024-08-27T14:57:53.869+0000][info][gc,cpu         ] GC(1115) User=0.25s Sys=0.01s Real=0.01s
[2024-08-27T14:57:53.869+0000][info][gc             ] GC(1116) Concurrent Mark Cycle
[2024-08-27T14:57:53.869+0000][info][gc,marking     ] GC(1116) Concurrent Clear Claimed Marks
[2024-08-27T14:57:53.869+0000][info][gc,marking     ] GC(1116) Concurrent Clear Claimed Marks 0.013ms
[2024-08-27T14:57:53.869+0000][info][gc,marking     ] GC(1116) Concurrent Scan Root Regions
[2024-08-27T14:57:53.871+0000][info][gc,marking     ] GC(1116) Concurrent Scan Root Regions 1.832ms
[2024-08-27T14:57:53.871+0000][info][gc,marking     ] GC(1116) Concurrent Mark
[2024-08-27T14:57:53.871+0000][info][gc,marking     ] GC(1116) Concurrent Mark From Roots
[2024-08-27T14:57:53.871+0000][info][gc,task        ] GC(1116) Using 17 workers of 17 for marking
[2024-08-27T14:57:53.896+0000][info][gc,marking     ] GC(1116) Concurrent Mark From Roots 24.969ms
[2024-08-27T14:57:53.896+0000][info][gc,marking     ] GC(1116) Concurrent Preclean
[2024-08-27T14:57:53.896+0000][info][gc,marking     ] GC(1116) Concurrent Preclean 0.498ms
[2024-08-27T14:57:53.896+0000][info][gc,start       ] GC(1116) Pause Remark
[2024-08-27T14:57:53.898+0000][info][gc             ] GC(1116) Pause Remark 851M->851M(1024M) 1.313ms
[2024-08-27T14:57:53.898+0000][info][gc,cpu         ] GC(1116) User=0.01s Sys=0.00s Real=0.01s
[2024-08-27T14:57:53.898+0000][info][gc,marking     ] GC(1116) Concurrent Mark 27.129ms
[2024-08-27T14:57:53.898+0000][info][gc,marking     ] GC(1116) Concurrent Rebuild Remembered Sets
[2024-08-27T14:57:53.903+0000][info][gc,start       ] GC(1117) Pause Young (Normal) (G1 Evacuation Pause)
[2024-08-27T14:57:53.903+0000][info][gc,task        ] GC(1117) Using 24 workers of 68 for evacuation
[2024-08-27T14:57:53.914+0000][info][gc,phases      ] GC(1117)   Pre Evacuate Collection Set: 0.2ms
[2024-08-27T14:57:53.914+0000][info][gc,phases      ] GC(1117)   Merge Heap Roots: 0.4ms
[2024-08-27T14:57:53.914+0000][info][gc,phases      ] GC(1117)   Evacuate Collection Set: 9.9ms
[2024-08-27T14:57:53.914+0000][info][gc,phases      ] GC(1117)   Post Evacuate Collection Set: 0.5ms
[2024-08-27T14:57:53.914+0000][info][gc,phases      ] GC(1117)   Other: 0.2ms
[2024-08-27T14:57:53.914+0000][info][gc,heap        ] GC(1117) Eden regions: 44->0(44)
[2024-08-27T14:57:53.914+0000][info][gc,heap        ] GC(1117) Survivor regions: 7->7(7)
[2024-08-27T14:57:53.914+0000][info][gc,heap        ] GC(1117) Old regions: 806->853
[2024-08-27T14:57:53.914+0000][info][gc,heap        ] GC(1117) Archive regions: 2->2
[2024-08-27T14:57:53.914+0000][info][gc,heap        ] GC(1117) Humongous regions: 5->5
[2024-08-27T14:57:53.914+0000][info][gc,metaspace   ] GC(1117) Metaspace: 100K(320K)->100K(320K) NonClass: 96K(192K)->96K(192K) Class: 4K(128K)->4K(128K)
[2024-08-27T14:57:53.914+0000][info][gc             ] GC(1117) Pause Young (Normal) (G1 Evacuation Pause) 859M->862M(1024M) 11.118ms
[2024-08-27T14:57:53.914+0000][info][gc,cpu         ] GC(1117) User=0.25s Sys=0.00s Real=0.01s
[2024-08-27T14:57:53.939+0000][info][gc,start       ] GC(1118) Pause Young (Normal) (G1 Evacuation Pause)
[2024-08-27T14:57:53.939+0000][info][gc,task        ] GC(1118) Using 24 workers of 68 for evacuation
[2024-08-27T14:57:53.953+0000][info][gc,phases      ] GC(1118)   Pre Evacuate Collection Set: 0.2ms
[2024-08-27T14:57:53.953+0000][info][gc,phases      ] GC(1118)   Merge Heap Roots: 0.4ms
[2024-08-27T14:57:53.953+0000][info][gc,phases      ] GC(1118)   Evacuate Collection Set: 13.1ms
[2024-08-27T14:57:53.953+0000][info][gc,phases      ] GC(1118)   Post Evacuate Collection Set: 0.6ms
[2024-08-27T14:57:53.953+0000][info][gc,phases      ] GC(1118)   Other: 0.2ms
[2024-08-27T14:57:53.953+0000][info][gc,heap        ] GC(1118) Eden regions: 44->0(44)
[2024-08-27T14:57:53.953+0000][info][gc,heap        ] GC(1118) Survivor regions: 7->7(7)
[2024-08-27T14:57:53.953+0000][info][gc,heap        ] GC(1118) Old regions: 853->900
[2024-08-27T14:57:53.953+0000][info][gc,heap        ] GC(1118) Archive regions: 2->2
[2024-08-27T14:57:53.953+0000][info][gc,heap        ] GC(1118) Humongous regions: 5->5
[2024-08-27T14:57:53.953+0000][info][gc,metaspace   ] GC(1118) Metaspace: 100K(320K)->100K(320K) NonClass: 96K(192K)->96K(192K) Class: 4K(128K)->4K(128K)
[2024-08-27T14:57:53.953+0000][info][gc             ] GC(1118) Pause Young (Normal) (G1 Evacuation Pause) 906M->909M(1024M) 14.532ms
[2024-08-27T14:57:53.953+0000][info][gc,cpu         ] GC(1118) User=0.33s Sys=0.00s Real=0.01s
[2024-08-27T14:57:53.979+0000][info][gc,start       ] GC(1119) Pause Young (Normal) (G1 Evacuation Pause)
[2024-08-27T14:57:53.979+0000][info][gc,task        ] GC(1119) Using 24 workers of 68 for evacuation
[2024-08-27T14:57:53.995+0000][info][gc,phases      ] GC(1119)   Pre Evacuate Collection Set: 0.1ms
[2024-08-27T14:57:53.995+0000][info][gc,phases      ] GC(1119)   Merge Heap Roots: 0.6ms
[2024-08-27T14:57:53.995+0000][info][gc,phases      ] GC(1119)   Evacuate Collection Set: 14.8ms
[2024-08-27T14:57:53.995+0000][info][gc,phases      ] GC(1119)   Post Evacuate Collection Set: 0.8ms
[2024-08-27T14:57:53.995+0000][info][gc,phases      ] GC(1119)   Other: 0.2ms
[2024-08-27T14:57:53.995+0000][info][gc,heap        ] GC(1119) Eden regions: 44->0(44)
[2024-08-27T14:57:53.995+0000][info][gc,heap        ] GC(1119) Survivor regions: 7->7(7)
[2024-08-27T14:57:53.995+0000][info][gc,heap        ] GC(1119) Old regions: 900->946
[2024-08-27T14:57:53.995+0000][info][gc,heap        ] GC(1119) Archive regions: 2->2
[2024-08-27T14:57:53.995+0000][info][gc,heap        ] GC(1119) Humongous regions: 5->5
[2024-08-27T14:57:53.995+0000][info][gc,metaspace   ] GC(1119) Metaspace: 100K(320K)->100K(320K) NonClass: 96K(192K)->96K(192K) Class: 4K(128K)->4K(128K)
[2024-08-27T14:57:53.995+0000][info][gc             ] GC(1119) Pause Young (Normal) (G1 Evacuation Pause) 953M->955M(1024M) 16.535ms
[2024-08-27T14:57:53.995+0000][info][gc,cpu         ] GC(1119) User=0.37s Sys=0.00s Real=0.01s
[2024-08-27T14:57:54.008+0000][info][gc,marking     ] GC(1116) Concurrent Rebuild Remembered Sets 110.467ms
[2024-08-27T14:57:54.009+0000][info][gc,start       ] GC(1116) Pause Cleanup
[2024-08-27T14:57:54.010+0000][info][gc             ] GC(1116) Pause Cleanup 978M->978M(1024M) 1.381ms
[2024-08-27T14:57:54.010+0000][info][gc,cpu         ] GC(1116) User=0.00s Sys=0.00s Real=0.01s
[2024-08-27T14:57:54.010+0000][info][gc,marking     ] GC(1116) Concurrent Cleanup for Next Mark
[2024-08-27T14:57:54.011+0000][info][gc,marking     ] GC(1116) Concurrent Cleanup for Next Mark 0.791ms
[2024-08-27T14:57:54.011+0000][info][gc             ] GC(1116) Concurrent Mark Cycle 142.032ms
[2024-08-27T14:57:54.014+0000][info][gc,start       ] GC(1120) Pause Young (Prepare Mixed) (G1 Preventive Collection)
[2024-08-27T14:57:54.014+0000][info][gc,task        ] GC(1120) Using 24 workers of 68 for evacuation
[2024-08-27T14:57:54.030+0000][info][gc,phases      ] GC(1120)   Pre Evacuate Collection Set: 0.2ms
[2024-08-27T14:57:54.030+0000][info][gc,phases      ] GC(1120)   Merge Heap Roots: 0.6ms
[2024-08-27T14:57:54.030+0000][info][gc,phases      ] GC(1120)   Evacuate Collection Set: 15.1ms
[2024-08-27T14:57:54.030+0000][info][gc,phases      ] GC(1120)   Post Evacuate Collection Set: 0.3ms
[2024-08-27T14:57:54.030+0000][info][gc,phases      ] GC(1120)   Other: 0.2ms
[2024-08-27T14:57:54.030+0000][info][gc,heap        ] GC(1120) Eden regions: 27->0(44)
[2024-08-27T14:57:54.030+0000][info][gc,heap        ] GC(1120) Survivor regions: 7->7(7)
[2024-08-27T14:57:54.030+0000][info][gc,heap        ] GC(1120) Old regions: 946->976
[2024-08-27T14:57:54.030+0000][info][gc,heap        ] GC(1120) Archive regions: 2->2
[2024-08-27T14:57:54.030+0000][info][gc,heap        ] GC(1120) Humongous regions: 5->5
[2024-08-27T14:57:54.030+0000][info][gc,metaspace   ] GC(1120) Metaspace: 100K(320K)->100K(320K) NonClass: 96K(192K)->96K(192K) Class: 4K(128K)->4K(128K)
[2024-08-27T14:57:54.030+0000][info][gc             ] GC(1120) Pause Young (Prepare Mixed) (G1 Preventive Collection) 982M->985M(1024M) 16.425ms
[2024-08-27T14:57:54.030+0000][info][gc,cpu         ] GC(1120) User=0.37s Sys=0.00s Real=0.02s
[2024-08-27T14:57:54.037+0000][info][gc,start       ] GC(1121) Pause Young (Mixed) (G1 Preventive Collection)
[2024-08-27T14:57:54.037+0000][info][gc,task        ] GC(1121) Using 24 workers of 68 for evacuation
[2024-08-27T14:57:54.044+0000][info][gc,phases      ] GC(1121)   Pre Evacuate Collection Set: 0.2ms
[2024-08-27T14:57:54.044+0000][info][gc,phases      ] GC(1121)   Merge Heap Roots: 0.3ms
[2024-08-27T14:57:54.044+0000][info][gc,phases      ] GC(1121)   Evacuate Collection Set: 5.2ms
[2024-08-27T14:57:54.044+0000][info][gc,phases      ] GC(1121)   Post Evacuate Collection Set: 0.3ms
[2024-08-27T14:57:54.044+0000][info][gc,phases      ] GC(1121)   Other: 0.2ms
[2024-08-27T14:57:54.044+0000][info][gc,heap        ] GC(1121) Eden regions: 12->0(44)
[2024-08-27T14:57:54.044+0000][info][gc,heap        ] GC(1121) Survivor regions: 7->7(7)
[2024-08-27T14:57:54.044+0000][info][gc,heap        ] GC(1121) Old regions: 976->888
[2024-08-27T14:57:54.044+0000][info][gc,heap        ] GC(1121) Archive regions: 2->2
[2024-08-27T14:57:54.044+0000][info][gc,heap        ] GC(1121) Humongous regions: 5->5
[2024-08-27T14:57:54.044+0000][info][gc,metaspace   ] GC(1121) Metaspace: 100K(320K)->100K(320K) NonClass: 96K(192K)->96K(192K) Class: 4K(128K)->4K(128K)
[2024-08-27T14:57:54.044+0000][info][gc             ] GC(1121) Pause Young (Mixed) (G1 Preventive Collection) 997M->898M(1024M) 6.260ms
[2024-08-27T14:57:54.044+0000][info][gc,cpu         ] GC(1121) User=0.13s Sys=0.00s Real=0.01s
[2024-08-27T14:57:54.067+0000][info][gc,start       ] GC(1122) Pause Young (Mixed) (G1 Evacuation Pause)
[2024-08-27T14:57:54.067+0000][info][gc,task        ] GC(1122) Using 24 workers of 68 for evacuation
[2024-08-27T14:57:54.078+0000][info][gc,phases      ] GC(1122)   Pre Evacuate Collection Set: 0.2ms
[2024-08-27T14:57:54.078+0000][info][gc,phases      ] GC(1122)   Merge Heap Roots: 0.3ms
[2024-08-27T14:57:54.078+0000][info][gc,phases      ] GC(1122)   Evacuate Collection Set: 9.9ms
[2024-08-27T14:57:54.078+0000][info][gc,phases      ] GC(1122)   Post Evacuate Collection Set: 0.4ms
[2024-08-27T14:57:54.078+0000][info][gc,phases      ] GC(1122)   Other: 0.2ms
[2024-08-27T14:57:54.078+0000][info][gc,heap        ] GC(1122) Eden regions: 44->0(44)
[2024-08-27T14:57:54.078+0000][info][gc,heap        ] GC(1122) Survivor regions: 7->7(7)
[2024-08-27T14:57:54.078+0000][info][gc,heap        ] GC(1122) Old regions: 888->830
[2024-08-27T14:57:54.078+0000][info][gc,heap        ] GC(1122) Archive regions: 2->2
[2024-08-27T14:57:54.078+0000][info][gc,heap        ] GC(1122) Humongous regions: 5->5
[2024-08-27T14:57:54.078+0000][info][gc,metaspace   ] GC(1122) Metaspace: 100K(320K)->100K(320K) NonClass: 96K(192K)->96K(192K) Class: 4K(128K)->4K(128K)
[2024-08-27T14:57:54.078+0000][info][gc             ] GC(1122) Pause Young (Mixed) (G1 Evacuation Pause) 942M->841M(1024M) 11.147ms
[2024-08-27T14:57:54.078+0000][info][gc,cpu         ] GC(1122) User=0.24s Sys=0.00s Real=0.02s
[2024-08-27T14:57:54.100+0000][info][gc,start       ] GC(1123) Pause Young (Mixed) (G1 Evacuation Pause)
[2024-08-27T14:57:54.101+0000][info][gc,task        ] GC(1123) Using 24 workers of 68 for evacuation
[2024-08-27T14:57:54.114+0000][info][gc,phases      ] GC(1123)   Pre Evacuate Collection Set: 0.2ms
[2024-08-27T14:57:54.114+0000][info][gc,phases      ] GC(1123)   Merge Heap Roots: 0.4ms
[2024-08-27T14:57:54.114+0000][info][gc,phases      ] GC(1123)   Evacuate Collection Set: 12.4ms
[2024-08-27T14:57:54.114+0000][info][gc,phases      ] GC(1123)   Post Evacuate Collection Set: 0.4ms
[2024-08-27T14:57:54.114+0000][info][gc,phases      ] GC(1123)   Other: 0.2ms
[2024-08-27T14:57:54.114+0000][info][gc,heap        ] GC(1123) Eden regions: 44->0(44)
[2024-08-27T14:57:54.114+0000][info][gc,heap        ] GC(1123) Survivor regions: 7->7(7)
[2024-08-27T14:57:54.114+0000][info][gc,heap        ] GC(1123) Old regions: 830->790
[2024-08-27T14:57:54.114+0000][info][gc,heap        ] GC(1123) Archive regions: 2->2
[2024-08-27T14:57:54.114+0000][info][gc,heap        ] GC(1123) Humongous regions: 5->5
[2024-08-27T14:57:54.114+0000][info][gc,metaspace   ] GC(1123) Metaspace: 100K(320K)->100K(320K) NonClass: 96K(192K)->96K(192K) Class: 4K(128K)->4K(128K)
[2024-08-27T14:57:54.114+0000][info][gc             ] GC(1123) Pause Young (Mixed) (G1 Evacuation Pause) 885M->802M(1024M) 13.704ms
[2024-08-27T14:57:54.114+0000][info][gc,cpu         ] GC(1123) User=0.30s Sys=0.00s Real=0.01s
[2024-08-27T14:57:54.137+0000][info][gc,start       ] GC(1124) Pause Young (Mixed) (G1 Evacuation Pause)
[2024-08-27T14:57:54.137+0000][info][gc,task        ] GC(1124) Using 24 workers of 68 for evacuation
[2024-08-27T14:57:54.149+0000][info][gc,phases      ] GC(1124)   Pre Evacuate Collection Set: 0.2ms
[2024-08-27T14:57:54.149+0000][info][gc,phases      ] GC(1124)   Merge Heap Roots: 0.3ms
[2024-08-27T14:57:54.149+0000][info][gc,phases      ] GC(1124)   Evacuate Collection Set: 11.1ms
[2024-08-27T14:57:54.149+0000][info][gc,phases      ] GC(1124)   Post Evacuate Collection Set: 0.3ms
[2024-08-27T14:57:54.149+0000][info][gc,phases      ] GC(1124)   Other: 0.2ms
[2024-08-27T14:57:54.149+0000][info][gc,heap        ] GC(1124) Eden regions: 44->0(44)
[2024-08-27T14:57:54.149+0000][info][gc,heap        ] GC(1124) Survivor regions: 7->7(7)
[2024-08-27T14:57:54.149+0000][info][gc,heap        ] GC(1124) Old regions: 790->826
[2024-08-27T14:57:54.149+0000][info][gc,heap        ] GC(1124) Archive regions: 2->2
[2024-08-27T14:57:54.149+0000][info][gc,heap        ] GC(1124) Humongous regions: 5->5
[2024-08-27T14:57:54.149+0000][info][gc,metaspace   ] GC(1124) Metaspace: 100K(320K)->100K(320K) NonClass: 96K(192K)->96K(192K) Class: 4K(128K)->4K(128K)
[2024-08-27T14:57:54.149+0000][info][gc             ] GC(1124) Pause Young (Mixed) (G1 Evacuation Pause) 846M->838M(1024M) 12.225ms
[2024-08-27T14:57:54.150+0000][info][gc,cpu         ] GC(1124) User=0.27s Sys=0.01s Real=0.02s
[2024-08-27T14:57:54.172+0000][info][gc,start       ] GC(1125) Pause Young (Concurrent Start) (G1 Evacuation Pause)
[2024-08-27T14:57:54.172+0000][info][gc,task        ] GC(1125) Using 24 workers of 68 for evacuation
[2024-08-27T14:57:54.184+0000][info][gc,phases      ] GC(1125)   Pre Evacuate Collection Set: 0.2ms
[2024-08-27T14:57:54.184+0000][info][gc,phases      ] GC(1125)   Merge Heap Roots: 0.3ms
[2024-08-27T14:57:54.184+0000][info][gc,phases      ] GC(1125)   Evacuate Collection Set: 10.5ms
[2024-08-27T14:57:54.184+0000][info][gc,phases      ] GC(1125)   Post Evacuate Collection Set: 0.3ms
[2024-08-27T14:57:54.184+0000][info][gc,phases      ] GC(1125)   Other: 0.6ms
[2024-08-27T14:57:54.184+0000][info][gc,heap        ] GC(1125) Eden regions: 44->0(44)
[2024-08-27T14:57:54.184+0000][info][gc,heap        ] GC(1125) Survivor regions: 7->7(7)
[2024-08-27T14:57:54.184+0000][info][gc,heap        ] GC(1125) Old regions: 826->873
[2024-08-27T14:57:54.184+0000][info][gc,heap        ] GC(1125) Archive regions: 2->2
[2024-08-27T14:57:54.184+0000][info][gc,heap        ] GC(1125) Humongous regions: 5->5
[2024-08-27T14:57:54.184+0000][info][gc,metaspace   ] GC(1125) Metaspace: 100K(320K)->100K(320K) NonClass: 96K(192K)->96K(192K) Class: 4K(128K)->4K(128K)
[2024-08-27T14:57:54.184+0000][info][gc             ] GC(1125) Pause Young (Concurrent Start) (G1 Evacuation Pause) 882M->885M(1024M) 11.955ms
[2024-08-27T14:57:54.184+0000][info][gc,cpu         ] GC(1125) User=0.26s Sys=0.00s Real=0.01s
[2024-08-27T14:57:54.184+0000][info][gc             ] GC(1126) Concurrent Mark Cycle
[2024-08-27T14:57:54.184+0000][info][gc,marking     ] GC(1126) Concurrent Clear Claimed Marks
[2024-08-27T14:57:54.184+0000][info][gc,marking     ] GC(1126) Concurrent Clear Claimed Marks 0.011ms
[2024-08-27T14:57:54.184+0000][info][gc,marking     ] GC(1126) Concurrent Scan Root Regions
[2024-08-27T14:57:54.186+0000][info][gc,marking     ] GC(1126) Concurrent Scan Root Regions 1.837ms
[2024-08-27T14:57:54.186+0000][info][gc,marking     ] GC(1126) Concurrent Mark
[2024-08-27T14:57:54.186+0000][info][gc,marking     ] GC(1126) Concurrent Mark From Roots
[2024-08-27T14:57:54.186+0000][info][gc,task        ] GC(1126) Using 17 workers of 17 for marking
[2024-08-27T14:57:54.213+0000][info][gc,marking     ] GC(1126) Concurrent Mark From Roots 26.144ms
[2024-08-27T14:57:54.213+0000][info][gc,marking     ] GC(1126) Concurrent Preclean
[2024-08-27T14:57:54.213+0000][info][gc,marking     ] GC(1126) Concurrent Preclean 0.499ms
[2024-08-27T14:57:54.213+0000][info][gc,start       ] GC(1126) Pause Remark
[2024-08-27T14:57:54.215+0000][info][gc             ] GC(1126) Pause Remark 923M->923M(1024M) 1.273ms
[2024-08-27T14:57:54.215+0000][info][gc,cpu         ] GC(1126) User=0.00s Sys=0.01s Real=0.00s
[2024-08-27T14:57:54.215+0000][info][gc,marking     ] GC(1126) Concurrent Mark 28.268ms
[2024-08-27T14:57:54.215+0000][info][gc,marking     ] GC(1126) Concurrent Rebuild Remembered Sets
[2024-08-27T14:57:54.218+0000][info][gc,start       ] GC(1127) Pause Young (Normal) (G1 Evacuation Pause)
[2024-08-27T14:57:54.218+0000][info][gc,task        ] GC(1127) Using 24 workers of 68 for evacuation
[2024-08-27T14:57:54.230+0000][info][gc,phases      ] GC(1127)   Pre Evacuate Collection Set: 0.1ms
[2024-08-27T14:57:54.230+0000][info][gc,phases      ] GC(1127)   Merge Heap Roots: 0.4ms
[2024-08-27T14:57:54.230+0000][info][gc,phases      ] GC(1127)   Evacuate Collection Set: 10.4ms
[2024-08-27T14:57:54.230+0000][info][gc,phases      ] GC(1127)   Post Evacuate Collection Set: 0.5ms
[2024-08-27T14:57:54.230+0000][info][gc,phases      ] GC(1127)   Other: 0.2ms
[2024-08-27T14:57:54.230+0000][info][gc,heap        ] GC(1127) Eden regions: 44->0(44)
[2024-08-27T14:57:54.230+0000][info][gc,heap        ] GC(1127) Survivor regions: 7->7(7)
[2024-08-27T14:57:54.230+0000][info][gc,heap        ] GC(1127) Old regions: 873->920
[2024-08-27T14:57:54.230+0000][info][gc,heap        ] GC(1127) Archive regions: 2->2
[2024-08-27T14:57:54.230+0000][info][gc,heap        ] GC(1127) Humongous regions: 5->5
[2024-08-27T14:57:54.230+0000][info][gc,metaspace   ] GC(1127) Metaspace: 100K(320K)->100K(320K) NonClass: 96K(192K)->96K(192K) Class: 4K(128K)->4K(128K)
[2024-08-27T14:57:54.230+0000][info][gc             ] GC(1127) Pause Young (Normal) (G1 Evacuation Pause) 929M->932M(1024M) 11.560ms
[2024-08-27T14:57:54.230+0000][info][gc,cpu         ] GC(1127) User=0.25s Sys=0.01s Real=0.01s
[2024-08-27T14:57:54.252+0000][info][gc,start       ] GC(1128) Pause Young (Normal) (G1 Preventive Collection)
[2024-08-27T14:57:54.252+0000][info][gc,task        ] GC(1128) Using 24 workers of 68 for evacuation
[2024-08-27T14:57:54.266+0000][info][gc,phases      ] GC(1128)   Pre Evacuate Collection Set: 0.2ms
[2024-08-27T14:57:54.266+0000][info][gc,phases      ] GC(1128)   Merge Heap Roots: 0.3ms
[2024-08-27T14:57:54.266+0000][info][gc,phases      ] GC(1128)   Evacuate Collection Set: 12.2ms
[2024-08-27T14:57:54.266+0000][info][gc,phases      ] GC(1128)   Post Evacuate Collection Set: 0.6ms
[2024-08-27T14:57:54.266+0000][info][gc,phases      ] GC(1128)   Other: 0.2ms
[2024-08-27T14:57:54.266+0000][info][gc,heap        ] GC(1128) Eden regions: 39->0(44)
[2024-08-27T14:57:54.266+0000][info][gc,heap        ] GC(1128) Survivor regions: 7->7(7)
[2024-08-27T14:57:54.266+0000][info][gc,heap        ] GC(1128) Old regions: 920->962
[2024-08-27T14:57:54.266+0000][info][gc,heap        ] GC(1128) Archive regions: 2->2
[2024-08-27T14:57:54.266+0000][info][gc,heap        ] GC(1128) Humongous regions: 5->5
[2024-08-27T14:57:54.266+0000][info][gc,metaspace   ] GC(1128) Metaspace: 100K(320K)->100K(320K) NonClass: 96K(192K)->96K(192K) Class: 4K(128K)->4K(128K)
[2024-08-27T14:57:54.266+0000][info][gc             ] GC(1128) Pause Young (Normal) (G1 Preventive Collection) 971M->974M(1024M) 13.584ms
[2024-08-27T14:57:54.266+0000][info][gc,cpu         ] GC(1128) User=0.31s Sys=0.00s Real=0.01s
[2024-08-27T14:57:54.277+0000][info][gc,start       ] GC(1129) Pause Young (Normal) (G1 Preventive Collection)
[2024-08-27T14:57:54.278+0000][info][gc,task        ] GC(1129) Using 24 workers of 68 for evacuation
[2024-08-27T14:57:54.290+0000][info][gc,phases      ] GC(1129)   Pre Evacuate Collection Set: 0.1ms
[2024-08-27T14:57:54.290+0000][info][gc,phases      ] GC(1129)   Merge Heap Roots: 0.5ms
[2024-08-27T14:57:54.290+0000][info][gc,phases      ] GC(1129)   Evacuate Collection Set: 11.2ms
[2024-08-27T14:57:54.290+0000][info][gc,phases      ] GC(1129)   Post Evacuate Collection Set: 0.6ms
[2024-08-27T14:57:54.290+0000][info][gc,phases      ] GC(1129)   Other: 0.2ms
[2024-08-27T14:57:54.290+0000][info][gc,heap        ] GC(1129) Eden regions: 19->0(44)
[2024-08-27T14:57:54.290+0000][info][gc,heap        ] GC(1129) Survivor regions: 7->7(7)
[2024-08-27T14:57:54.290+0000][info][gc,heap        ] GC(1129) Old regions: 962->984
[2024-08-27T14:57:54.290+0000][info][gc,heap        ] GC(1129) Archive regions: 2->2
[2024-08-27T14:57:54.290+0000][info][gc,heap        ] GC(1129) Humongous regions: 5->5
[2024-08-27T14:57:54.290+0000][info][gc,metaspace   ] GC(1129) Metaspace: 100K(320K)->100K(320K) NonClass: 96K(192K)->96K(192K) Class: 4K(128K)->4K(128K)
[2024-08-27T14:57:54.290+0000][info][gc             ] GC(1129) Pause Young (Normal) (G1 Preventive Collection) 993M->996M(1024M) 12.714ms
[2024-08-27T14:57:54.290+0000][info][gc,cpu         ] GC(1129) User=0.28s Sys=0.01s Real=0.01s
[2024-08-27T14:57:54.295+0000][info][gc,start       ] GC(1130) Pause Young (Normal) (G1 Preventive Collection)
[2024-08-27T14:57:54.295+0000][info][gc,task        ] GC(1130) Using 24 workers of 68 for evacuation
[2024-08-27T14:57:54.305+0000][info][gc,phases      ] GC(1130)   Pre Evacuate Collection Set: 0.1ms
[2024-08-27T14:57:54.305+0000][info][gc,phases      ] GC(1130)   Merge Heap Roots: 0.4ms
[2024-08-27T14:57:54.305+0000][info][gc,phases      ] GC(1130)   Evacuate Collection Set: 8.1ms
[2024-08-27T14:57:54.305+0000][info][gc,phases      ] GC(1130)   Post Evacuate Collection Set: 0.6ms
[2024-08-27T14:57:54.305+0000][info][gc,phases      ] GC(1130)   Other: 0.2ms
[2024-08-27T14:57:54.305+0000][info][gc,heap        ] GC(1130) Eden regions: 8->0(44)
[2024-08-27T14:57:54.305+0000][info][gc,heap        ] GC(1130) Survivor regions: 7->7(7)
[2024-08-27T14:57:54.305+0000][info][gc,heap        ] GC(1130) Old regions: 984->994
[2024-08-27T14:57:54.305+0000][info][gc,heap        ] GC(1130) Archive regions: 2->2
[2024-08-27T14:57:54.305+0000][info][gc,heap        ] GC(1130) Humongous regions: 5->5
[2024-08-27T14:57:54.305+0000][info][gc,metaspace   ] GC(1130) Metaspace: 100K(320K)->100K(320K) NonClass: 96K(192K)->96K(192K) Class: 4K(128K)->4K(128K)
[2024-08-27T14:57:54.305+0000][info][gc             ] GC(1130) Pause Young (Normal) (G1 Preventive Collection) 1004M->1006M(1024M) 9.465ms
[2024-08-27T14:57:54.305+0000][info][gc,cpu         ] GC(1130) User=0.21s Sys=0.00s Real=0.01s
[2024-08-27T14:57:54.307+0000][info][gc,start       ] GC(1131) Pause Young (Normal) (G1 Preventive Collection)
[2024-08-27T14:57:54.308+0000][info][gc,task        ] GC(1131) Using 24 workers of 68 for evacuation
[2024-08-27T14:57:54.316+0000][info][gc             ] GC(1131) To-space exhausted
[2024-08-27T14:57:54.316+0000][info][gc,phases      ] GC(1131)   Pre Evacuate Collection Set: 0.1ms
[2024-08-27T14:57:54.316+0000][info][gc,phases      ] GC(1131)   Merge Heap Roots: 0.6ms
[2024-08-27T14:57:54.316+0000][info][gc,phases      ] GC(1131)   Evacuate Collection Set: 6.8ms
[2024-08-27T14:57:54.316+0000][info][gc,phases      ] GC(1131)   Post Evacuate Collection Set: 0.8ms
[2024-08-27T14:57:54.316+0000][info][gc,phases      ] GC(1131)   Other: 0.2ms
[2024-08-27T14:57:54.316+0000][info][gc,heap        ] GC(1131) Eden regions: 4->0(47)
[2024-08-27T14:57:54.316+0000][info][gc,heap        ] GC(1131) Survivor regions: 7->4(7)
[2024-08-27T14:57:54.316+0000][info][gc,heap        ] GC(1131) Old regions: 994->1010
[2024-08-27T14:57:54.316+0000][info][gc,heap        ] GC(1131) Archive regions: 2->2
[2024-08-27T14:57:54.316+0000][info][gc,heap        ] GC(1131) Humongous regions: 5->5
[2024-08-27T14:57:54.316+0000][info][gc,metaspace   ] GC(1131) Metaspace: 100K(320K)->100K(320K) NonClass: 96K(192K)->96K(192K) Class: 4K(128K)->4K(128K)
[2024-08-27T14:57:54.316+0000][info][gc             ] GC(1131) Pause Young (Normal) (G1 Preventive Collection) 1010M->1019M(1024M) 8.580ms
[2024-08-27T14:57:54.316+0000][info][gc,cpu         ] GC(1131) User=0.18s Sys=0.00s Real=0.01s
[2024-08-27T14:57:54.317+0000][info][gc,start       ] GC(1132) Pause Young (Normal) (G1 Preventive Collection)
[2024-08-27T14:57:54.317+0000][info][gc,task        ] GC(1132) Using 24 workers of 68 for evacuation
[2024-08-27T14:57:54.325+0000][info][gc             ] GC(1132) To-space exhausted
[2024-08-27T14:57:54.325+0000][info][gc,phases      ] GC(1132)   Pre Evacuate Collection Set: 0.1ms
[2024-08-27T14:57:54.325+0000][info][gc,phases      ] GC(1132)   Merge Heap Roots: 1.1ms
[2024-08-27T14:57:54.325+0000][info][gc,phases      ] GC(1132)   Evacuate Collection Set: 5.7ms
[2024-08-27T14:57:54.325+0000][info][gc,phases      ] GC(1132)   Post Evacuate Collection Set: 1.0ms
[2024-08-27T14:57:54.325+0000][info][gc,phases      ] GC(1132)   Other: 0.1ms
[2024-08-27T14:57:54.325+0000][info][gc,heap        ] GC(1132) Eden regions: 1->0(50)
[2024-08-27T14:57:54.325+0000][info][gc,heap        ] GC(1132) Survivor regions: 4->1(2)
[2024-08-27T14:57:54.325+0000][info][gc,heap        ] GC(1132) Old regions: 1010->1016
[2024-08-27T14:57:54.325+0000][info][gc,heap        ] GC(1132) Archive regions: 2->2
[2024-08-27T14:57:54.325+0000][info][gc,heap        ] GC(1132) Humongous regions: 5->5
[2024-08-27T14:57:54.325+0000][info][gc,metaspace   ] GC(1132) Metaspace: 100K(320K)->100K(320K) NonClass: 96K(192K)->96K(192K) Class: 4K(128K)->4K(128K)
[2024-08-27T14:57:54.325+0000][info][gc             ] GC(1132) Pause Young (Normal) (G1 Preventive Collection) 1020M->1022M(1024M) 8.095ms
[2024-08-27T14:57:54.325+0000][info][gc,cpu         ] GC(1132) User=0.17s Sys=0.00s Real=0.01s
[2024-08-27T14:57:54.325+0000][info][gc,ergo        ] Attempting full compaction
[2024-08-27T14:57:54.325+0000][info][gc,task        ] GC(1133) Using 24 workers of 68 for full compaction
[2024-08-27T14:57:54.325+0000][info][gc,start       ] GC(1133) Pause Full (G1 Compaction Pause)
[2024-08-27T14:57:54.326+0000][info][gc,phases,start] GC(1133) Phase 1: Mark live objects
[2024-08-27T14:57:54.341+0000][info][gc,phases      ] GC(1133) Phase 1: Mark live objects 15.193ms
[2024-08-27T14:57:54.341+0000][info][gc,phases,start] GC(1133) Phase 2: Prepare for compaction
[2024-08-27T14:57:54.351+0000][info][gc,phases      ] GC(1133) Phase 2: Prepare for compaction 9.851ms
[2024-08-27T14:57:54.351+0000][info][gc,phases,start] GC(1133) Phase 3: Adjust pointers
[2024-08-27T14:57:54.369+0000][info][gc,phases      ] GC(1133) Phase 3: Adjust pointers 17.607ms
[2024-08-27T14:57:54.369+0000][info][gc,phases,start] GC(1133) Phase 4: Compact heap
[2024-08-27T14:57:54.401+0000][info][gc,phases      ] GC(1133) Phase 4: Compact heap 32.049ms
[2024-08-27T14:57:54.403+0000][info][gc,heap        ] GC(1133) Eden regions: 0->0(150)
[2024-08-27T14:57:54.403+0000][info][gc,heap        ] GC(1133) Survivor regions: 1->0(2)
[2024-08-27T14:57:54.403+0000][info][gc,heap        ] GC(1133) Old regions: 1016->442
[2024-08-27T14:57:54.403+0000][info][gc,heap        ] GC(1133) Archive regions: 2->2
[2024-08-27T14:57:54.403+0000][info][gc,heap        ] GC(1133) Humongous regions: 5->5
[2024-08-27T14:57:54.403+0000][info][gc,metaspace   ] GC(1133) Metaspace: 100K(320K)->100K(320K) NonClass: 96K(192K)->96K(192K) Class: 4K(128K)->4K(128K)
[2024-08-27T14:57:54.403+0000][info][gc             ] GC(1133) Pause Full (G1 Compaction Pause) 1022M->436M(1024M) 77.433ms
[2024-08-27T14:57:54.403+0000][info][gc,cpu         ] GC(1133) User=1.67s Sys=0.00s Real=0.08s
[2024-08-27T14:57:54.403+0000][info][gc,marking     ] GC(1126) Concurrent Rebuild Remembered Sets 188.661ms
[2024-08-27T14:57:54.403+0000][info][gc,marking     ] GC(1126) Concurrent Mark Abort
[2024-08-27T14:57:54.403+0000][info][gc             ] GC(1126) Concurrent Mark Cycle 218.971ms
[2024-08-27T14:57:54.488+0000][info][gc,start       ] GC(1134) Pause Young (Normal) (G1 Evacuation Pause)
[2024-08-27T14:57:54.488+0000][info][gc,task        ] GC(1134) Using 24 workers of 68 for evacuation
[2024-08-27T14:57:54.512+0000][info][gc,phases      ] GC(1134)   Pre Evacuate Collection Set: 0.2ms
[2024-08-27T14:57:54.512+0000][info][gc,phases      ] GC(1134)   Merge Heap Roots: 0.4ms
[2024-08-27T14:57:54.512+0000][info][gc,phases      ] GC(1134)   Evacuate Collection Set: 22.6ms
[2024-08-27T14:57:54.512+0000][info][gc,phases      ] GC(1134)   Post Evacuate Collection Set: 0.4ms
[2024-08-27T14:57:54.512+0000][info][gc,phases      ] GC(1134)   Other: 0.2ms
[2024-08-27T14:57:54.512+0000][info][gc,heap        ] GC(1134) Eden regions: 150->0(103)
[2024-08-27T14:57:54.512+0000][info][gc,heap        ] GC(1134) Survivor regions: 0->19(19)
[2024-08-27T14:57:54.512+0000][info][gc,heap        ] GC(1134) Old regions: 442->571
[2024-08-27T14:57:54.512+0000][info][gc,heap        ] GC(1134) Archive regions: 2->2
[2024-08-27T14:57:54.512+0000][info][gc,heap        ] GC(1134) Humongous regions: 5->5
[2024-08-27T14:57:54.512+0000][info][gc,metaspace   ] GC(1134) Metaspace: 100K(320K)->100K(320K) NonClass: 96K(192K)->96K(192K) Class: 4K(128K)->4K(128K)
[2024-08-27T14:57:54.512+0000][info][gc             ] GC(1134) Pause Young (Normal) (G1 Evacuation Pause) 586M->583M(1024M) 23.962ms
[2024-08-27T14:57:54.512+0000][info][gc,cpu         ] GC(1134) User=0.54s Sys=0.02s Real=0.03s
[2024-08-27T14:57:54.566+0000][info][gc,start       ] GC(1135) Pause Young (Concurrent Start) (G1 Evacuation Pause)
[2024-08-27T14:57:54.566+0000][info][gc,task        ] GC(1135) Using 24 workers of 68 for evacuation
[2024-08-27T14:57:54.586+0000][info][gc,phases      ] GC(1135)   Pre Evacuate Collection Set: 0.2ms
[2024-08-27T14:57:54.586+0000][info][gc,phases      ] GC(1135)   Merge Heap Roots: 0.5ms
[2024-08-27T14:57:54.586+0000][info][gc,phases      ] GC(1135)   Evacuate Collection Set: 17.4ms
[2024-08-27T14:57:54.586+0000][info][gc,phases      ] GC(1135)   Post Evacuate Collection Set: 0.4ms
[2024-08-27T14:57:54.586+0000][info][gc,phases      ] GC(1135)   Other: 0.7ms
[2024-08-27T14:57:54.586+0000][info][gc,heap        ] GC(1135) Eden regions: 103->0(69)
[2024-08-27T14:57:54.586+0000][info][gc,heap        ] GC(1135) Survivor regions: 19->16(16)
[2024-08-27T14:57:54.586+0000][info][gc,heap        ] GC(1135) Old regions: 571->678
[2024-08-27T14:57:54.586+0000][info][gc,heap        ] GC(1135) Archive regions: 2->2
[2024-08-27T14:57:54.586+0000][info][gc,heap        ] GC(1135) Humongous regions: 5->5
[2024-08-27T14:57:54.586+0000][info][gc,metaspace   ] GC(1135) Metaspace: 100K(320K)->100K(320K) NonClass: 96K(192K)->96K(192K) Class: 4K(128K)->4K(128K)
[2024-08-27T14:57:54.586+0000][info][gc             ] GC(1135) Pause Young (Concurrent Start) (G1 Evacuation Pause) 686M->688M(1024M) 19.312ms
[2024-08-27T14:57:54.586+0000][info][gc,cpu         ] GC(1135) User=0.43s Sys=0.00s Real=0.02s
[2024-08-27T14:57:54.586+0000][info][gc             ] GC(1136) Concurrent Mark Cycle
[2024-08-27T14:57:54.586+0000][info][gc,marking     ] GC(1136) Concurrent Clear Claimed Marks
[2024-08-27T14:57:54.586+0000][info][gc,marking     ] GC(1136) Concurrent Clear Claimed Marks 0.011ms
[2024-08-27T14:57:54.586+0000][info][gc,marking     ] GC(1136) Concurrent Scan Root Regions
[2024-08-27T14:57:54.589+0000][info][gc,marking     ] GC(1136) Concurrent Scan Root Regions 3.302ms
[2024-08-27T14:57:54.589+0000][info][gc,marking     ] GC(1136) Concurrent Mark
[2024-08-27T14:57:54.589+0000][info][gc,marking     ] GC(1136) Concurrent Mark From Roots
[2024-08-27T14:57:54.589+0000][info][gc,task        ] GC(1136) Using 17 workers of 17 for marking
[2024-08-27T14:57:54.609+0000][info][gc,marking     ] GC(1136) Concurrent Mark From Roots 19.987ms
[2024-08-27T14:57:54.609+0000][info][gc,marking     ] GC(1136) Concurrent Preclean
[2024-08-27T14:57:54.610+0000][info][gc,marking     ] GC(1136) Concurrent Preclean 0.507ms
[2024-08-27T14:57:54.610+0000][info][gc,start       ] GC(1136) Pause Remark
[2024-08-27T14:57:54.611+0000][info][gc             ] GC(1136) Pause Remark 726M->726M(1024M) 1.083ms
[2024-08-27T14:57:54.611+0000][info][gc,cpu         ] GC(1136) User=0.01s Sys=0.00s Real=0.00s
[2024-08-27T14:57:54.611+0000][info][gc,marking     ] GC(1136) Concurrent Mark 21.903ms
[2024-08-27T14:57:54.611+0000][info][gc,marking     ] GC(1136) Concurrent Rebuild Remembered Sets
[2024-08-27T14:57:54.626+0000][info][gc,start       ] GC(1137) Pause Young (Normal) (G1 Evacuation Pause)
[2024-08-27T14:57:54.626+0000][info][gc,task        ] GC(1137) Using 24 workers of 68 for evacuation
[2024-08-27T14:57:54.641+0000][info][gc,phases      ] GC(1137)   Pre Evacuate Collection Set: 0.1ms
[2024-08-27T14:57:54.641+0000][info][gc,phases      ] GC(1137)   Merge Heap Roots: 0.3ms
[2024-08-27T14:57:54.642+0000][info][gc,phases      ] GC(1137)   Evacuate Collection Set: 14.9ms
[2024-08-27T14:57:54.642+0000][info][gc,phases      ] GC(1137)   Post Evacuate Collection Set: 0.5ms
[2024-08-27T14:57:54.642+0000][info][gc,phases      ] GC(1137)   Other: 0.2ms
[2024-08-27T14:57:54.642+0000][info][gc,heap        ] GC(1137) Eden regions: 69->0(46)
[2024-08-27T14:57:54.642+0000][info][gc,heap        ] GC(1137) Survivor regions: 16->11(11)
[2024-08-27T14:57:54.642+0000][info][gc,heap        ] GC(1137) Old regions: 678->757
[2024-08-27T14:57:54.642+0000][info][gc,heap        ] GC(1137) Archive regions: 2->2
[2024-08-27T14:57:54.642+0000][info][gc,heap        ] GC(1137) Humongous regions: 5->5
[2024-08-27T14:57:54.642+0000][info][gc,metaspace   ] GC(1137) Metaspace: 100K(320K)->100K(320K) NonClass: 96K(192K)->96K(192K) Class: 4K(128K)->4K(128K)
[2024-08-27T14:57:54.642+0000][info][gc             ] GC(1137) Pause Young (Normal) (G1 Evacuation Pause) 757M->761M(1024M) 16.031ms
[2024-08-27T14:57:54.642+0000][info][gc,cpu         ] GC(1137) User=0.36s Sys=0.01s Real=0.02s
[2024-08-27T14:57:54.662+0000][info][gc,start       ] GC(1138) Pause Young (Normal) (G1 Evacuation Pause)
[2024-08-27T14:57:54.662+0000][info][gc,task        ] GC(1138) Using 24 workers of 68 for evacuation
[2024-08-27T14:57:54.680+0000][info][gc,phases      ] GC(1138)   Pre Evacuate Collection Set: 0.1ms
[2024-08-27T14:57:54.680+0000][info][gc,phases      ] GC(1138)   Merge Heap Roots: 0.5ms
[2024-08-27T14:57:54.680+0000][info][gc,phases      ] GC(1138)   Evacuate Collection Set: 16.5ms
[2024-08-27T14:57:54.680+0000][info][gc,phases      ] GC(1138)   Post Evacuate Collection Set: 0.6ms
[2024-08-27T14:57:54.680+0000][info][gc,phases      ] GC(1138)   Other: 0.2ms
[2024-08-27T14:57:54.680+0000][info][gc,heap        ] GC(1138) Eden regions: 46->0(43)
[2024-08-27T14:57:54.680+0000][info][gc,heap        ] GC(1138) Survivor regions: 11->8(8)
[2024-08-27T14:57:54.680+0000][info][gc,heap        ] GC(1138) Old regions: 757->809
[2024-08-27T14:57:54.680+0000][info][gc,heap        ] GC(1138) Archive regions: 2->2
[2024-08-27T14:57:54.680+0000][info][gc,heap        ] GC(1138) Humongous regions: 5->5
[2024-08-27T14:57:54.680+0000][info][gc,metaspace   ] GC(1138) Metaspace: 100K(320K)->100K(320K) NonClass: 96K(192K)->96K(192K) Class: 4K(128K)->4K(128K)
[2024-08-27T14:57:54.680+0000][info][gc             ] GC(1138) Pause Young (Normal) (G1 Evacuation Pause) 807M->811M(1024M) 17.969ms
[2024-08-27T14:57:54.680+0000][info][gc,cpu         ] GC(1138) User=0.41s Sys=0.00s Real=0.02s
[2024-08-27T14:57:54.700+0000][info][gc,start       ] GC(1139) Pause Young (Normal) (G1 Evacuation Pause)
[2024-08-27T14:57:54.700+0000][info][gc,task        ] GC(1139) Using 24 workers of 68 for evacuation
[2024-08-27T14:57:54.716+0000][info][gc,phases      ] GC(1139)   Pre Evacuate Collection Set: 0.1ms
[2024-08-27T14:57:54.716+0000][info][gc,phases      ] GC(1139)   Merge Heap Roots: 0.4ms
[2024-08-27T14:57:54.716+0000][info][gc,phases      ] GC(1139)   Evacuate Collection Set: 14.9ms
[2024-08-27T14:57:54.716+0000][info][gc,phases      ] GC(1139)   Post Evacuate Collection Set: 0.7ms
[2024-08-27T14:57:54.716+0000][info][gc,phases      ] GC(1139)   Other: 0.2ms
[2024-08-27T14:57:54.716+0000][info][gc,heap        ] GC(1139) Eden regions: 43->0(44)
[2024-08-27T14:57:54.716+0000][info][gc,heap        ] GC(1139) Survivor regions: 8->7(7)
[2024-08-27T14:57:54.716+0000][info][gc,heap        ] GC(1139) Old regions: 809->857
[2024-08-27T14:57:54.716+0000][info][gc,heap        ] GC(1139) Archive regions: 2->2
[2024-08-27T14:57:54.716+0000][info][gc,heap        ] GC(1139) Humongous regions: 5->5
[2024-08-27T14:57:54.716+0000][info][gc,metaspace   ] GC(1139) Metaspace: 100K(320K)->100K(320K) NonClass: 96K(192K)->96K(192K) Class: 4K(128K)->4K(128K)
[2024-08-27T14:57:54.716+0000][info][gc             ] GC(1139) Pause Young (Normal) (G1 Evacuation Pause) 854M->857M(1024M) 16.378ms
[2024-08-27T14:57:54.716+0000][info][gc,cpu         ] GC(1139) User=0.38s Sys=0.00s Real=0.01s
[2024-08-27T14:57:54.730+0000][info][gc,marking     ] GC(1136) Concurrent Rebuild Remembered Sets 118.496ms
[2024-08-27T14:57:54.730+0000][info][gc,start       ] GC(1136) Pause Cleanup
[2024-08-27T14:57:54.731+0000][info][gc             ] GC(1136) Pause Cleanup 890M->890M(1024M) 0.986ms
[2024-08-27T14:57:54.731+0000][info][gc,cpu         ] GC(1136) User=0.01s Sys=0.00s Real=0.00s
[2024-08-27T14:57:54.731+0000][info][gc,marking     ] GC(1136) Concurrent Cleanup for Next Mark
[2024-08-27T14:57:54.731+0000][info][gc,marking     ] GC(1136) Concurrent Cleanup for Next Mark 0.526ms
[2024-08-27T14:57:54.731+0000][info][gc             ] GC(1136) Concurrent Mark Cycle 145.603ms
[2024-08-27T14:57:54.737+0000][info][gc,start       ] GC(1140) Pause Young (Prepare Mixed) (G1 Evacuation Pause)
[2024-08-27T14:57:54.737+0000][info][gc,task        ] GC(1140) Using 24 workers of 68 for evacuation
[2024-08-27T14:57:54.753+0000][info][gc,phases      ] GC(1140)   Pre Evacuate Collection Set: 0.1ms
[2024-08-27T14:57:54.753+0000][info][gc,phases      ] GC(1140)   Merge Heap Roots: 0.5ms
[2024-08-27T14:57:54.753+0000][info][gc,phases      ] GC(1140)   Evacuate Collection Set: 15.2ms
[2024-08-27T14:57:54.753+0000][info][gc,phases      ] GC(1140)   Post Evacuate Collection Set: 0.3ms
[2024-08-27T14:57:54.753+0000][info][gc,phases      ] GC(1140)   Other: 0.2ms
[2024-08-27T14:57:54.753+0000][info][gc,heap        ] GC(1140) Eden regions: 44->0(44)
[2024-08-27T14:57:54.753+0000][info][gc,heap        ] GC(1140) Survivor regions: 7->7(7)
[2024-08-27T14:57:54.753+0000][info][gc,heap        ] GC(1140) Old regions: 857->903
[2024-08-27T14:57:54.753+0000][info][gc,heap        ] GC(1140) Archive regions: 2->2
[2024-08-27T14:57:54.753+0000][info][gc,heap        ] GC(1140) Humongous regions: 5->5
[2024-08-27T14:57:54.753+0000][info][gc,metaspace   ] GC(1140) Metaspace: 100K(320K)->100K(320K) NonClass: 96K(192K)->96K(192K) Class: 4K(128K)->4K(128K)
[2024-08-27T14:57:54.753+0000][info][gc             ] GC(1140) Pause Young (Prepare Mixed) (G1 Evacuation Pause) 901M->903M(1024M) 16.379ms
[2024-08-27T14:57:54.753+0000][info][gc,cpu         ] GC(1140) User=0.38s Sys=0.00s Real=0.02s
[2024-08-27T14:57:54.772+0000][info][gc,start       ] GC(1141) Pause Young (Mixed) (G1 Evacuation Pause)
[2024-08-27T14:57:54.772+0000][info][gc,task        ] GC(1141) Using 24 workers of 68 for evacuation
[2024-08-27T14:57:54.783+0000][info][gc,phases      ] GC(1141)   Pre Evacuate Collection Set: 0.2ms
[2024-08-27T14:57:54.783+0000][info][gc,phases      ] GC(1141)   Merge Heap Roots: 0.4ms
[2024-08-27T14:57:54.783+0000][info][gc,phases      ] GC(1141)   Evacuate Collection Set: 9.7ms
[2024-08-27T14:57:54.783+0000][info][gc,phases      ] GC(1141)   Post Evacuate Collection Set: 0.4ms
[2024-08-27T14:57:54.783+0000][info][gc,phases      ] GC(1141)   Other: 0.2ms
[2024-08-27T14:57:54.783+0000][info][gc,heap        ] GC(1141) Eden regions: 44->0(44)
[2024-08-27T14:57:54.783+0000][info][gc,heap        ] GC(1141) Survivor regions: 7->7(7)
[2024-08-27T14:57:54.783+0000][info][gc,heap        ] GC(1141) Old regions: 903->846
[2024-08-27T14:57:54.783+0000][info][gc,heap        ] GC(1141) Archive regions: 2->2
[2024-08-27T14:57:54.783+0000][info][gc,heap        ] GC(1141) Humongous regions: 5->5
[2024-08-27T14:57:54.783+0000][info][gc,metaspace   ] GC(1141) Metaspace: 100K(320K)->100K(320K) NonClass: 96K(192K)->96K(192K) Class: 4K(128K)->4K(128K)
[2024-08-27T14:57:54.783+0000][info][gc             ] GC(1141) Pause Young (Mixed) (G1 Evacuation Pause) 947M->849M(1024M) 11.022ms
[2024-08-27T14:57:54.783+0000][info][gc,cpu         ] GC(1141) User=0.24s Sys=0.00s Real=0.01s
[2024-08-27T14:57:54.801+0000][info][gc,start       ] GC(1142) Pause Young (Mixed) (G1 Evacuation Pause)
[2024-08-27T14:57:54.801+0000][info][gc,task        ] GC(1142) Using 24 workers of 68 for evacuation
[2024-08-27T14:57:54.813+0000][info][gc,phases      ] GC(1142)   Pre Evacuate Collection Set: 0.2ms
[2024-08-27T14:57:54.813+0000][info][gc,phases      ] GC(1142)   Merge Heap Roots: 0.3ms
[2024-08-27T14:57:54.813+0000][info][gc,phases      ] GC(1142)   Evacuate Collection Set: 10.4ms
[2024-08-27T14:57:54.813+0000][info][gc,phases      ] GC(1142)   Post Evacuate Collection Set: 0.4ms
[2024-08-27T14:57:54.813+0000][info][gc,phases      ] GC(1142)   Other: 0.2ms
[2024-08-27T14:57:54.813+0000][info][gc,heap        ] GC(1142) Eden regions: 44->0(44)
[2024-08-27T14:57:54.813+0000][info][gc,heap        ] GC(1142) Survivor regions: 7->7(7)
[2024-08-27T14:57:54.813+0000][info][gc,heap        ] GC(1142) Old regions: 846->808
[2024-08-27T14:57:54.813+0000][info][gc,heap        ] GC(1142) Archive regions: 2->2
[2024-08-27T14:57:54.813+0000][info][gc,heap        ] GC(1142) Humongous regions: 5->5
[2024-08-27T14:57:54.813+0000][info][gc,metaspace   ] GC(1142) Metaspace: 100K(320K)->100K(320K) NonClass: 96K(192K)->96K(192K) Class: 4K(128K)->4K(128K)
[2024-08-27T14:57:54.813+0000][info][gc             ] GC(1142) Pause Young (Mixed) (G1 Evacuation Pause) 893M->814M(1024M) 11.680ms
[2024-08-27T14:57:54.813+0000][info][gc,cpu         ] GC(1142) User=0.25s Sys=0.01s Real=0.01s
[2024-08-27T14:57:54.832+0000][info][gc,start       ] GC(1143) Pause Young (Concurrent Start) (G1 Evacuation Pause)
[2024-08-27T14:57:54.832+0000][info][gc,task        ] GC(1143) Using 24 workers of 68 for evacuation
[2024-08-27T14:57:54.842+0000][info][gc,phases      ] GC(1143)   Pre Evacuate Collection Set: 0.2ms
[2024-08-27T14:57:54.842+0000][info][gc,phases      ] GC(1143)   Merge Heap Roots: 0.2ms
[2024-08-27T14:57:54.842+0000][info][gc,phases      ] GC(1143)   Evacuate Collection Set: 9.2ms
[2024-08-27T14:57:54.842+0000][info][gc,phases      ] GC(1143)   Post Evacuate Collection Set: 0.3ms
[2024-08-27T14:57:54.842+0000][info][gc,phases      ] GC(1143)   Other: 0.6ms
[2024-08-27T14:57:54.842+0000][info][gc,heap        ] GC(1143) Eden regions: 44->0(44)
[2024-08-27T14:57:54.842+0000][info][gc,heap        ] GC(1143) Survivor regions: 7->7(7)
[2024-08-27T14:57:54.842+0000][info][gc,heap        ] GC(1143) Old regions: 808->854
[2024-08-27T14:57:54.842+0000][info][gc,heap        ] GC(1143) Archive regions: 2->2
[2024-08-27T14:57:54.842+0000][info][gc,heap        ] GC(1143) Humongous regions: 5->5
[2024-08-27T14:57:54.843+0000][info][gc,metaspace   ] GC(1143) Metaspace: 100K(320K)->100K(320K) NonClass: 96K(192K)->96K(192K) Class: 4K(128K)->4K(128K)
[2024-08-27T14:57:54.843+0000][info][gc             ] GC(1143) Pause Young (Concurrent Start) (G1 Evacuation Pause) 858M->860M(1024M) 10.612ms
[2024-08-27T14:57:54.843+0000][info][gc,cpu         ] GC(1143) User=0.23s Sys=0.00s Real=0.01s
[2024-08-27T14:57:54.843+0000][info][gc             ] GC(1144) Concurrent Mark Cycle
[2024-08-27T14:57:54.843+0000][info][gc,marking     ] GC(1144) Concurrent Clear Claimed Marks
[2024-08-27T14:57:54.843+0000][info][gc,marking     ] GC(1144) Concurrent Clear Claimed Marks 0.014ms
[2024-08-27T14:57:54.843+0000][info][gc,marking     ] GC(1144) Concurrent Scan Root Regions
[2024-08-27T14:57:54.844+0000][info][gc,marking     ] GC(1144) Concurrent Scan Root Regions 1.562ms
[2024-08-27T14:57:54.844+0000][info][gc,marking     ] GC(1144) Concurrent Mark
[2024-08-27T14:57:54.844+0000][info][gc,marking     ] GC(1144) Concurrent Mark From Roots
[2024-08-27T14:57:54.844+0000][info][gc,task        ] GC(1144) Using 17 workers of 17 for marking
[2024-08-27T14:57:54.866+0000][info][gc,marking     ] GC(1144) Concurrent Mark From Roots 21.472ms
[2024-08-27T14:57:54.866+0000][info][gc,marking     ] GC(1144) Concurrent Preclean
[2024-08-27T14:57:54.866+0000][info][gc,marking     ] GC(1144) Concurrent Preclean 0.497ms
[2024-08-27T14:57:54.867+0000][info][gc,start       ] GC(1144) Pause Remark
[2024-08-27T14:57:54.868+0000][info][gc             ] GC(1144) Pause Remark 900M->900M(1024M) 1.156ms
[2024-08-27T14:57:54.868+0000][info][gc,cpu         ] GC(1144) User=0.01s Sys=0.00s Real=0.00s
[2024-08-27T14:57:54.868+0000][info][gc,marking     ] GC(1144) Concurrent Mark 23.476ms
[2024-08-27T14:57:54.868+0000][info][gc,marking     ] GC(1144) Concurrent Rebuild Remembered Sets
[2024-08-27T14:57:54.870+0000][info][gc,start       ] GC(1145) Pause Young (Normal) (G1 Evacuation Pause)
[2024-08-27T14:57:54.870+0000][info][gc,task        ] GC(1145) Using 24 workers of 68 for evacuation
[2024-08-27T14:57:54.880+0000][info][gc,phases      ] GC(1145)   Pre Evacuate Collection Set: 0.1ms
[2024-08-27T14:57:54.880+0000][info][gc,phases      ] GC(1145)   Merge Heap Roots: 0.2ms
[2024-08-27T14:57:54.880+0000][info][gc,phases      ] GC(1145)   Evacuate Collection Set: 8.9ms
[2024-08-27T14:57:54.880+0000][info][gc,phases      ] GC(1145)   Post Evacuate Collection Set: 0.4ms
[2024-08-27T14:57:54.880+0000][info][gc,phases      ] GC(1145)   Other: 0.2ms
[2024-08-27T14:57:54.880+0000][info][gc,heap        ] GC(1145) Eden regions: 44->0(44)
[2024-08-27T14:57:54.880+0000][info][gc,heap        ] GC(1145) Survivor regions: 7->7(7)
[2024-08-27T14:57:54.880+0000][info][gc,heap        ] GC(1145) Old regions: 854->901
[2024-08-27T14:57:54.880+0000][info][gc,heap        ] GC(1145) Archive regions: 2->2
[2024-08-27T14:57:54.880+0000][info][gc,heap        ] GC(1145) Humongous regions: 5->5
[2024-08-27T14:57:54.880+0000][info][gc,metaspace   ] GC(1145) Metaspace: 100K(320K)->100K(320K) NonClass: 96K(192K)->96K(192K) Class: 4K(128K)->4K(128K)
[2024-08-27T14:57:54.880+0000][info][gc             ] GC(1145) Pause Young (Normal) (G1 Evacuation Pause) 904M->907M(1024M) 9.913ms
[2024-08-27T14:57:54.880+0000][info][gc,cpu         ] GC(1145) User=0.22s Sys=0.00s Real=0.01s
[2024-08-27T14:57:54.900+0000][info][gc,start       ] GC(1146) Pause Young (Normal) (G1 Evacuation Pause)
[2024-08-27T14:57:54.900+0000][info][gc,task        ] GC(1146) Using 24 workers of 68 for evacuation
[2024-08-27T14:57:54.913+0000][info][gc,phases      ] GC(1146)   Pre Evacuate Collection Set: 0.2ms
[2024-08-27T14:57:54.913+0000][info][gc,phases      ] GC(1146)   Merge Heap Roots: 0.4ms
[2024-08-27T14:57:54.913+0000][info][gc,phases      ] GC(1146)   Evacuate Collection Set: 12.1ms
[2024-08-27T14:57:54.913+0000][info][gc,phases      ] GC(1146)   Post Evacuate Collection Set: 0.5ms
[2024-08-27T14:57:54.913+0000][info][gc,phases      ] GC(1146)   Other: 0.2ms
[2024-08-27T14:57:54.913+0000][info][gc,heap        ] GC(1146) Eden regions: 44->0(44)
[2024-08-27T14:57:54.913+0000][info][gc,heap        ] GC(1146) Survivor regions: 7->7(7)
[2024-08-27T14:57:54.913+0000][info][gc,heap        ] GC(1146) Old regions: 901->947
[2024-08-27T14:57:54.913+0000][info][gc,heap        ] GC(1146) Archive regions: 2->2
[2024-08-27T14:57:54.913+0000][info][gc,heap        ] GC(1146) Humongous regions: 5->5
[2024-08-27T14:57:54.913+0000][info][gc,metaspace   ] GC(1146) Metaspace: 100K(320K)->100K(320K) NonClass: 96K(192K)->96K(192K) Class: 4K(128K)->4K(128K)
[2024-08-27T14:57:54.913+0000][info][gc             ] GC(1146) Pause Young (Normal) (G1 Evacuation Pause) 951M->953M(1024M) 13.378ms
[2024-08-27T14:57:54.913+0000][info][gc,cpu         ] GC(1146) User=0.30s Sys=0.00s Real=0.01s
[2024-08-27T14:57:54.925+0000][info][gc,start       ] GC(1147) Pause Young (Normal) (G1 Preventive Collection)
[2024-08-27T14:57:54.925+0000][info][gc,task        ] GC(1147) Using 24 workers of 68 for evacuation
[2024-08-27T14:57:54.937+0000][info][gc,phases      ] GC(1147)   Pre Evacuate Collection Set: 0.1ms
[2024-08-27T14:57:54.937+0000][info][gc,phases      ] GC(1147)   Merge Heap Roots: 0.3ms
[2024-08-27T14:57:54.937+0000][info][gc,phases      ] GC(1147)   Evacuate Collection Set: 11.6ms
[2024-08-27T14:57:54.937+0000][info][gc,phases      ] GC(1147)   Post Evacuate Collection Set: 0.6ms
[2024-08-27T14:57:54.937+0000][info][gc,phases      ] GC(1147)   Other: 0.2ms
[2024-08-27T14:57:54.937+0000][info][gc,heap        ] GC(1147) Eden regions: 26->0(44)
[2024-08-27T14:57:54.937+0000][info][gc,heap        ] GC(1147) Survivor regions: 7->7(7)
[2024-08-27T14:57:54.937+0000][info][gc,heap        ] GC(1147) Old regions: 947->977
[2024-08-27T14:57:54.937+0000][info][gc,heap        ] GC(1147) Archive regions: 2->2
[2024-08-27T14:57:54.937+0000][info][gc,heap        ] GC(1147) Humongous regions: 5->5
[2024-08-27T14:57:54.937+0000][info][gc,metaspace   ] GC(1147) Metaspace: 100K(320K)->100K(320K) NonClass: 96K(192K)->96K(192K) Class: 4K(128K)->4K(128K)
[2024-08-27T14:57:54.937+0000][info][gc             ] GC(1147) Pause Young (Normal) (G1 Preventive Collection) 979M->983M(1024M) 12.874ms
[2024-08-27T14:57:54.937+0000][info][gc,cpu         ] GC(1147) User=0.29s Sys=0.00s Real=0.01s
[2024-08-27T14:57:54.943+0000][info][gc,start       ] GC(1148) Pause Young (Normal) (G1 Preventive Collection)
[2024-08-27T14:57:54.943+0000][info][gc,task        ] GC(1148) Using 24 workers of 68 for evacuation
[2024-08-27T14:57:54.953+0000][info][gc,phases      ] GC(1148)   Pre Evacuate Collection Set: 0.1ms
[2024-08-27T14:57:54.953+0000][info][gc,phases      ] GC(1148)   Merge Heap Roots: 0.4ms
[2024-08-27T14:57:54.953+0000][info][gc,phases      ] GC(1148)   Evacuate Collection Set: 8.8ms
[2024-08-27T14:57:54.953+0000][info][gc,phases      ] GC(1148)   Post Evacuate Collection Set: 0.5ms
[2024-08-27T14:57:54.953+0000][info][gc,phases      ] GC(1148)   Other: 0.1ms
[2024-08-27T14:57:54.953+0000][info][gc,heap        ] GC(1148) Eden regions: 12->0(44)
[2024-08-27T14:57:54.953+0000][info][gc,heap        ] GC(1148) Survivor regions: 7->7(7)
[2024-08-27T14:57:54.953+0000][info][gc,heap        ] GC(1148) Old regions: 977->991
[2024-08-27T14:57:54.953+0000][info][gc,heap        ] GC(1148) Archive regions: 2->2
[2024-08-27T14:57:54.953+0000][info][gc,heap        ] GC(1148) Humongous regions: 5->5
[2024-08-27T14:57:54.953+0000][info][gc,metaspace   ] GC(1148) Metaspace: 100K(320K)->100K(320K) NonClass: 96K(192K)->96K(192K) Class: 4K(128K)->4K(128K)
[2024-08-27T14:57:54.953+0000][info][gc             ] GC(1148) Pause Young (Normal) (G1 Preventive Collection) 995M->997M(1024M) 10.069ms
[2024-08-27T14:57:54.953+0000][info][gc,cpu         ] GC(1148) User=0.22s Sys=0.00s Real=0.01s
[2024-08-27T14:57:54.956+0000][info][gc,start       ] GC(1149) Pause Young (Normal) (G1 Preventive Collection)
[2024-08-27T14:57:54.956+0000][info][gc,task        ] GC(1149) Using 24 workers of 68 for evacuation
[2024-08-27T14:57:54.964+0000][info][gc,phases      ] GC(1149)   Pre Evacuate Collection Set: 0.1ms
[2024-08-27T14:57:54.964+0000][info][gc,phases      ] GC(1149)   Merge Heap Roots: 0.4ms
[2024-08-27T14:57:54.964+0000][info][gc,phases      ] GC(1149)   Evacuate Collection Set: 6.7ms
[2024-08-27T14:57:54.964+0000][info][gc,phases      ] GC(1149)   Post Evacuate Collection Set: 0.6ms
[2024-08-27T14:57:54.964+0000][info][gc,phases      ] GC(1149)   Other: 0.1ms
[2024-08-27T14:57:54.964+0000][info][gc,heap        ] GC(1149) Eden regions: 5->0(46)
[2024-08-27T14:57:54.964+0000][info][gc,heap        ] GC(1149) Survivor regions: 7->5(7)
[2024-08-27T14:57:54.964+0000][info][gc,heap        ] GC(1149) Old regions: 991->1000
[2024-08-27T14:57:54.964+0000][info][gc,heap        ] GC(1149) Archive regions: 2->2
[2024-08-27T14:57:54.964+0000][info][gc,heap        ] GC(1149) Humongous regions: 5->5
[2024-08-27T14:57:54.964+0000][info][gc,metaspace   ] GC(1149) Metaspace: 100K(320K)->100K(320K) NonClass: 96K(192K)->96K(192K) Class: 4K(128K)->4K(128K)
[2024-08-27T14:57:54.964+0000][info][gc             ] GC(1149) Pause Young (Normal) (G1 Preventive Collection) 1002M->1004M(1024M) 7.942ms
[2024-08-27T14:57:54.964+0000][info][gc,cpu         ] GC(1149) User=0.18s Sys=0.00s Real=0.01s
[2024-08-27T14:57:54.965+0000][info][gc,start       ] GC(1150) Pause Young (Normal) (G1 Preventive Collection)
[2024-08-27T14:57:54.966+0000][info][gc,task        ] GC(1150) Using 24 workers of 68 for evacuation
[2024-08-27T14:57:54.973+0000][info][gc,phases      ] GC(1150)   Pre Evacuate Collection Set: 0.1ms
[2024-08-27T14:57:54.973+0000][info][gc,phases      ] GC(1150)   Merge Heap Roots: 0.5ms
[2024-08-27T14:57:54.973+0000][info][gc,phases      ] GC(1150)   Evacuate Collection Set: 6.1ms
[2024-08-27T14:57:54.973+0000][info][gc,phases      ] GC(1150)   Post Evacuate Collection Set: 0.6ms
[2024-08-27T14:57:54.973+0000][info][gc,phases      ] GC(1150)   Other: 0.2ms
[2024-08-27T14:57:54.973+0000][info][gc,heap        ] GC(1150) Eden regions: 3->0(48)
[2024-08-27T14:57:54.973+0000][info][gc,heap        ] GC(1150) Survivor regions: 5->3(7)
[2024-08-27T14:57:54.973+0000][info][gc,heap        ] GC(1150) Old regions: 1000->1006
[2024-08-27T14:57:54.973+0000][info][gc,heap        ] GC(1150) Archive regions: 2->2
[2024-08-27T14:57:54.973+0000][info][gc,heap        ] GC(1150) Humongous regions: 5->5
[2024-08-27T14:57:54.973+0000][info][gc,metaspace   ] GC(1150) Metaspace: 100K(320K)->100K(320K) NonClass: 96K(192K)->96K(192K) Class: 4K(128K)->4K(128K)
[2024-08-27T14:57:54.973+0000][info][gc             ] GC(1150) Pause Young (Normal) (G1 Preventive Collection) 1007M->1008M(1024M) 7.477ms
[2024-08-27T14:57:54.973+0000][info][gc,cpu         ] GC(1150) User=0.16s Sys=0.00s Real=0.01s
[2024-08-27T14:57:54.974+0000][info][gc,start       ] GC(1151) Pause Young (Normal) (G1 Preventive Collection)
[2024-08-27T14:57:54.974+0000][info][gc,task        ] GC(1151) Using 24 workers of 68 for evacuation
[2024-08-27T14:57:54.981+0000][info][gc,phases      ] GC(1151)   Pre Evacuate Collection Set: 0.1ms
[2024-08-27T14:57:54.981+0000][info][gc,phases      ] GC(1151)   Merge Heap Roots: 0.4ms
[2024-08-27T14:57:54.981+0000][info][gc,phases      ] GC(1151)   Evacuate Collection Set: 5.7ms
[2024-08-27T14:57:54.981+0000][info][gc,phases      ] GC(1151)   Post Evacuate Collection Set: 0.6ms
[2024-08-27T14:57:54.981+0000][info][gc,phases      ] GC(1151)   Other: 0.1ms
[2024-08-27T14:57:54.981+0000][info][gc,heap        ] GC(1151) Eden regions: 2->0(45)
[2024-08-27T14:57:54.981+0000][info][gc,heap        ] GC(1151) Survivor regions: 3->6(6)
[2024-08-27T14:57:54.981+0000][info][gc,heap        ] GC(1151) Old regions: 1006->1006
[2024-08-27T14:57:54.981+0000][info][gc,heap        ] GC(1151) Archive regions: 2->2
[2024-08-27T14:57:54.981+0000][info][gc,heap        ] GC(1151) Humongous regions: 5->5
[2024-08-27T14:57:54.981+0000][info][gc,metaspace   ] GC(1151) Metaspace: 100K(320K)->100K(320K) NonClass: 96K(192K)->96K(192K) Class: 4K(128K)->4K(128K)
[2024-08-27T14:57:54.981+0000][info][gc             ] GC(1151) Pause Young (Normal) (G1 Preventive Collection) 1010M->1010M(1024M) 6.899ms
[2024-08-27T14:57:54.981+0000][info][gc,cpu         ] GC(1151) User=0.15s Sys=0.00s Real=0.01s
[2024-08-27T14:57:54.982+0000][info][gc,start       ] GC(1152) Pause Young (Normal) (G1 Preventive Collection)
[2024-08-27T14:57:54.982+0000][info][gc,task        ] GC(1152) Using 24 workers of 68 for evacuation
[2024-08-27T14:57:54.989+0000][info][gc             ] GC(1152) To-space exhausted
[2024-08-27T14:57:54.989+0000][info][gc,phases      ] GC(1152)   Pre Evacuate Collection Set: 0.1ms
[2024-08-27T14:57:54.990+0000][info][gc,phases      ] GC(1152)   Merge Heap Roots: 0.5ms
[2024-08-27T14:57:54.990+0000][info][gc,phases      ] GC(1152)   Evacuate Collection Set: 5.6ms
[2024-08-27T14:57:54.990+0000][info][gc,phases      ] GC(1152)   Post Evacuate Collection Set: 0.9ms
[2024-08-27T14:57:54.990+0000][info][gc,phases      ] GC(1152)   Other: 0.2ms
[2024-08-27T14:57:54.990+0000][info][gc,heap        ] GC(1152) Eden regions: 1->0(49)
[2024-08-27T14:57:54.990+0000][info][gc,heap        ] GC(1152) Survivor regions: 6->2(4)
[2024-08-27T14:57:54.990+0000][info][gc,heap        ] GC(1152) Old regions: 1006->1015
[2024-08-27T14:57:54.990+0000][info][gc,heap        ] GC(1152) Archive regions: 2->2
[2024-08-27T14:57:54.990+0000][info][gc,heap        ] GC(1152) Humongous regions: 5->5
[2024-08-27T14:57:54.990+0000][info][gc,metaspace   ] GC(1152) Metaspace: 100K(320K)->100K(320K) NonClass: 96K(192K)->96K(192K) Class: 4K(128K)->4K(128K)
[2024-08-27T14:57:54.990+0000][info][gc             ] GC(1152) Pause Young (Normal) (G1 Preventive Collection) 1011M->1015M(1024M) 7.365ms
[2024-08-27T14:57:54.990+0000][info][gc,cpu         ] GC(1152) User=0.15s Sys=0.01s Real=0.01s
[2024-08-27T14:57:54.990+0000][info][gc,ergo        ] Attempting full compaction
[2024-08-27T14:57:54.990+0000][info][gc,task        ] GC(1153) Using 24 workers of 68 for full compaction
[2024-08-27T14:57:54.990+0000][info][gc,start       ] GC(1153) Pause Full (G1 Compaction Pause)
[2024-08-27T14:57:54.990+0000][info][gc,phases,start] GC(1153) Phase 1: Mark live objects
[2024-08-27T14:57:55.004+0000][info][gc,phases      ] GC(1153) Phase 1: Mark live objects 13.509ms
[2024-08-27T14:57:55.004+0000][info][gc,phases,start] GC(1153) Phase 2: Prepare for compaction
[2024-08-27T14:57:55.012+0000][info][gc,phases      ] GC(1153) Phase 2: Prepare for compaction 7.953ms
[2024-08-27T14:57:55.012+0000][info][gc,phases,start] GC(1153) Phase 3: Adjust pointers
[2024-08-27T14:57:55.025+0000][info][gc,phases      ] GC(1153) Phase 3: Adjust pointers 13.438ms
[2024-08-27T14:57:55.026+0000][info][gc,phases,start] GC(1153) Phase 4: Compact heap
[2024-08-27T14:57:55.054+0000][info][gc,phases      ] GC(1153) Phase 4: Compact heap 28.043ms
[2024-08-27T14:57:55.055+0000][info][gc,heap        ] GC(1153) Eden regions: 0->0(150)
[2024-08-27T14:57:55.055+0000][info][gc,heap        ] GC(1153) Survivor regions: 2->0(4)
[2024-08-27T14:57:55.055+0000][info][gc,heap        ] GC(1153) Old regions: 1015->442
[2024-08-27T14:57:55.055+0000][info][gc,heap        ] GC(1153) Archive regions: 2->2
[2024-08-27T14:57:55.055+0000][info][gc,heap        ] GC(1153) Humongous regions: 5->5
[2024-08-27T14:57:55.055+0000][info][gc,metaspace   ] GC(1153) Metaspace: 100K(320K)->100K(320K) NonClass: 96K(192K)->96K(192K) Class: 4K(128K)->4K(128K)
[2024-08-27T14:57:55.055+0000][info][gc             ] GC(1153) Pause Full (G1 Compaction Pause) 1015M->436M(1024M) 65.042ms
[2024-08-27T14:57:55.055+0000][info][gc,cpu         ] GC(1153) User=1.39s Sys=0.01s Real=0.06s
[2024-08-27T14:57:55.055+0000][info][gc,marking     ] GC(1144) Concurrent Rebuild Remembered Sets 187.575ms
[2024-08-27T14:57:55.055+0000][info][gc,marking     ] GC(1144) Concurrent Mark Abort
[2024-08-27T14:57:55.055+0000][info][gc             ] GC(1144) Concurrent Mark Cycle 212.788ms
[2024-08-27T14:57:55.123+0000][info][gc,start       ] GC(1154) Pause Young (Normal) (G1 Evacuation Pause)
[2024-08-27T14:57:55.123+0000][info][gc,task        ] GC(1154) Using 24 workers of 68 for evacuation
[2024-08-27T14:57:55.145+0000][info][gc,phases      ] GC(1154)   Pre Evacuate Collection Set: 0.2ms
[2024-08-27T14:57:55.145+0000][info][gc,phases      ] GC(1154)   Merge Heap Roots: 0.3ms
[2024-08-27T14:57:55.145+0000][info][gc,phases      ] GC(1154)   Evacuate Collection Set: 20.7ms
[2024-08-27T14:57:55.145+0000][info][gc,phases      ] GC(1154)   Post Evacuate Collection Set: 0.3ms
[2024-08-27T14:57:55.145+0000][info][gc,phases      ] GC(1154)   Other: 0.2ms
[2024-08-27T14:57:55.145+0000][info][gc,heap        ] GC(1154) Eden regions: 150->0(102)
[2024-08-27T14:57:55.145+0000][info][gc,heap        ] GC(1154) Survivor regions: 0->19(19)
[2024-08-27T14:57:55.145+0000][info][gc,heap        ] GC(1154) Old regions: 442->574
[2024-08-27T14:57:55.145+0000][info][gc,heap        ] GC(1154) Archive regions: 2->2
[2024-08-27T14:57:55.145+0000][info][gc,heap        ] GC(1154) Humongous regions: 5->5
[2024-08-27T14:57:55.145+0000][info][gc,metaspace   ] GC(1154) Metaspace: 100K(320K)->100K(320K) NonClass: 96K(192K)->96K(192K) Class: 4K(128K)->4K(128K)
[2024-08-27T14:57:55.145+0000][info][gc             ] GC(1154) Pause Young (Normal) (G1 Evacuation Pause) 586M->587M(1024M) 21.830ms
[2024-08-27T14:57:55.145+0000][info][gc,cpu         ] GC(1154) User=0.49s Sys=0.01s Real=0.02s
[2024-08-27T14:57:55.190+0000][info][gc,start       ] GC(1155) Pause Young (Concurrent Start) (G1 Evacuation Pause)
[2024-08-27T14:57:55.190+0000][info][gc,task        ] GC(1155) Using 24 workers of 68 for evacuation
[2024-08-27T14:57:55.209+0000][info][gc,phases      ] GC(1155)   Pre Evacuate Collection Set: 0.2ms
[2024-08-27T14:57:55.209+0000][info][gc,phases      ] GC(1155)   Merge Heap Roots: 0.4ms
[2024-08-27T14:57:55.209+0000][info][gc,phases      ] GC(1155)   Evacuate Collection Set: 17.3ms
[2024-08-27T14:57:55.209+0000][info][gc,phases      ] GC(1155)   Post Evacuate Collection Set: 0.3ms
[2024-08-27T14:57:55.209+0000][info][gc,phases      ] GC(1155)   Other: 0.6ms
[2024-08-27T14:57:55.209+0000][info][gc,heap        ] GC(1155) Eden regions: 102->0(69)
[2024-08-27T14:57:55.209+0000][info][gc,heap        ] GC(1155) Survivor regions: 19->16(16)
[2024-08-27T14:57:55.209+0000][info][gc,heap        ] GC(1155) Old regions: 574->679
[2024-08-27T14:57:55.209+0000][info][gc,heap        ] GC(1155) Archive regions: 2->2
[2024-08-27T14:57:55.209+0000][info][gc,heap        ] GC(1155) Humongous regions: 5->5
[2024-08-27T14:57:55.209+0000][info][gc,metaspace   ] GC(1155) Metaspace: 100K(320K)->100K(320K) NonClass: 96K(192K)->96K(192K) Class: 4K(128K)->4K(128K)
[2024-08-27T14:57:55.209+0000][info][gc             ] GC(1155) Pause Young (Concurrent Start) (G1 Evacuation Pause) 689M->689M(1024M) 18.769ms
[2024-08-27T14:57:55.209+0000][info][gc,cpu         ] GC(1155) User=0.42s Sys=0.00s Real=0.01s
[2024-08-27T14:57:55.209+0000][info][gc             ] GC(1156) Concurrent Mark Cycle
[2024-08-27T14:57:55.209+0000][info][gc,marking     ] GC(1156) Concurrent Clear Claimed Marks
[2024-08-27T14:57:55.209+0000][info][gc,marking     ] GC(1156) Concurrent Clear Claimed Marks 0.011ms
[2024-08-27T14:57:55.209+0000][info][gc,marking     ] GC(1156) Concurrent Scan Root Regions
[2024-08-27T14:57:55.212+0000][info][gc,marking     ] GC(1156) Concurrent Scan Root Regions 3.172ms
[2024-08-27T14:57:55.212+0000][info][gc,marking     ] GC(1156) Concurrent Mark
[2024-08-27T14:57:55.212+0000][info][gc,marking     ] GC(1156) Concurrent Mark From Roots
[2024-08-27T14:57:55.212+0000][info][gc,task        ] GC(1156) Using 17 workers of 17 for marking
[2024-08-27T14:57:55.231+0000][info][gc,marking     ] GC(1156) Concurrent Mark From Roots 19.072ms
[2024-08-27T14:57:55.231+0000][info][gc,marking     ] GC(1156) Concurrent Preclean
[2024-08-27T14:57:55.233+0000][info][gc,marking     ] GC(1156) Concurrent Preclean 1.776ms
[2024-08-27T14:57:55.233+0000][info][gc,start       ] GC(1156) Pause Remark
[2024-08-27T14:57:55.235+0000][info][gc             ] GC(1156) Pause Remark 728M->728M(1024M) 1.246ms
[2024-08-27T14:57:55.235+0000][info][gc,cpu         ] GC(1156) User=0.00s Sys=0.00s Real=0.00s
[2024-08-27T14:57:55.235+0000][info][gc,marking     ] GC(1156) Concurrent Mark 22.569ms
[2024-08-27T14:57:55.235+0000][info][gc,marking     ] GC(1156) Concurrent Rebuild Remembered Sets
[2024-08-27T14:57:55.248+0000][info][gc,start       ] GC(1157) Pause Young (Normal) (G1 Evacuation Pause)
[2024-08-27T14:57:55.248+0000][info][gc,task        ] GC(1157) Using 24 workers of 68 for evacuation
[2024-08-27T14:57:55.263+0000][info][gc,phases      ] GC(1157)   Pre Evacuate Collection Set: 0.1ms
[2024-08-27T14:57:55.264+0000][info][gc,phases      ] GC(1157)   Merge Heap Roots: 0.3ms
[2024-08-27T14:57:55.264+0000][info][gc,phases      ] GC(1157)   Evacuate Collection Set: 14.8ms
[2024-08-27T14:57:55.264+0000][info][gc,phases      ] GC(1157)   Post Evacuate Collection Set: 0.5ms
[2024-08-27T14:57:55.264+0000][info][gc,phases      ] GC(1157)   Other: 0.2ms
[2024-08-27T14:57:55.264+0000][info][gc,heap        ] GC(1157) Eden regions: 69->0(45)
[2024-08-27T14:57:55.264+0000][info][gc,heap        ] GC(1157) Survivor regions: 16->11(11)
[2024-08-27T14:57:55.264+0000][info][gc,heap        ] GC(1157) Old regions: 679->757
[2024-08-27T14:57:55.264+0000][info][gc,heap        ] GC(1157) Archive regions: 2->2
[2024-08-27T14:57:55.264+0000][info][gc,heap        ] GC(1157) Humongous regions: 5->5
[2024-08-27T14:57:55.264+0000][info][gc,metaspace   ] GC(1157) Metaspace: 100K(320K)->100K(320K) NonClass: 96K(192K)->96K(192K) Class: 4K(128K)->4K(128K)
[2024-08-27T14:57:55.264+0000][info][gc             ] GC(1157) Pause Young (Normal) (G1 Evacuation Pause) 758M->762M(1024M) 16.017ms
[2024-08-27T14:57:55.264+0000][info][gc,cpu         ] GC(1157) User=0.36s Sys=0.00s Real=0.02s
[2024-08-27T14:57:55.283+0000][info][gc,start       ] GC(1158) Pause Young (Normal) (G1 Evacuation Pause)
[2024-08-27T14:57:55.284+0000][info][gc,task        ] GC(1158) Using 24 workers of 68 for evacuation
[2024-08-27T14:57:55.303+0000][info][gc,phases      ] GC(1158)   Pre Evacuate Collection Set: 0.1ms
[2024-08-27T14:57:55.303+0000][info][gc,phases      ] GC(1158)   Merge Heap Roots: 0.3ms
[2024-08-27T14:57:55.303+0000][info][gc,phases      ] GC(1158)   Evacuate Collection Set: 18.1ms
[2024-08-27T14:57:55.303+0000][info][gc,phases      ] GC(1158)   Post Evacuate Collection Set: 0.6ms
[2024-08-27T14:57:55.303+0000][info][gc,phases      ] GC(1158)   Other: 0.2ms
[2024-08-27T14:57:55.303+0000][info][gc,heap        ] GC(1158) Eden regions: 45->0(44)
[2024-08-27T14:57:55.303+0000][info][gc,heap        ] GC(1158) Survivor regions: 11->7(7)
[2024-08-27T14:57:55.303+0000][info][gc,heap        ] GC(1158) Old regions: 757->809
[2024-08-27T14:57:55.303+0000][info][gc,heap        ] GC(1158) Archive regions: 2->2
[2024-08-27T14:57:55.303+0000][info][gc,heap        ] GC(1158) Humongous regions: 5->5
[2024-08-27T14:57:55.303+0000][info][gc,metaspace   ] GC(1158) Metaspace: 100K(320K)->100K(320K) NonClass: 96K(192K)->96K(192K) Class: 4K(128K)->4K(128K)
[2024-08-27T14:57:55.303+0000][info][gc             ] GC(1158) Pause Young (Normal) (G1 Evacuation Pause) 807M->810M(1024M) 19.415ms
[2024-08-27T14:57:55.303+0000][info][gc,cpu         ] GC(1158) User=0.45s Sys=0.00s Real=0.02s
[2024-08-27T14:57:55.323+0000][info][gc,start       ] GC(1159) Pause Young (Normal) (G1 Evacuation Pause)
[2024-08-27T14:57:55.323+0000][info][gc,task        ] GC(1159) Using 24 workers of 68 for evacuation
[2024-08-27T14:57:55.341+0000][info][gc,phases      ] GC(1159)   Pre Evacuate Collection Set: 0.1ms
[2024-08-27T14:57:55.341+0000][info][gc,phases      ] GC(1159)   Merge Heap Roots: 0.5ms
[2024-08-27T14:57:55.341+0000][info][gc,phases      ] GC(1159)   Evacuate Collection Set: 16.4ms
[2024-08-27T14:57:55.341+0000][info][gc,phases      ] GC(1159)   Post Evacuate Collection Set: 0.7ms
[2024-08-27T14:57:55.341+0000][info][gc,phases      ] GC(1159)   Other: 0.2ms
[2024-08-27T14:57:55.341+0000][info][gc,heap        ] GC(1159) Eden regions: 44->0(44)
[2024-08-27T14:57:55.341+0000][info][gc,heap        ] GC(1159) Survivor regions: 7->7(7)
[2024-08-27T14:57:55.341+0000][info][gc,heap        ] GC(1159) Old regions: 809->857
[2024-08-27T14:57:55.341+0000][info][gc,heap        ] GC(1159) Archive regions: 2->2
[2024-08-27T14:57:55.341+0000][info][gc,heap        ] GC(1159) Humongous regions: 5->5
[2024-08-27T14:57:55.341+0000][info][gc,metaspace   ] GC(1159) Metaspace: 100K(320K)->100K(320K) NonClass: 96K(192K)->96K(192K) Class: 4K(128K)->4K(128K)
[2024-08-27T14:57:55.341+0000][info][gc             ] GC(1159) Pause Young (Normal) (G1 Evacuation Pause) 854M->858M(1024M) 17.940ms
[2024-08-27T14:57:55.341+0000][info][gc,cpu         ] GC(1159) User=0.41s Sys=0.00s Real=0.02s
[2024-08-27T14:57:55.353+0000][info][gc,marking     ] GC(1156) Concurrent Rebuild Remembered Sets 118.374ms
[2024-08-27T14:57:55.353+0000][info][gc,start       ] GC(1156) Pause Cleanup
[2024-08-27T14:57:55.354+0000][info][gc             ] GC(1156) Pause Cleanup 885M->885M(1024M) 1.052ms
[2024-08-27T14:57:55.354+0000][info][gc,cpu         ] GC(1156) User=0.00s Sys=0.00s Real=0.00s
[2024-08-27T14:57:55.354+0000][info][gc,marking     ] GC(1156) Concurrent Cleanup for Next Mark
[2024-08-27T14:57:55.355+0000][info][gc,marking     ] GC(1156) Concurrent Cleanup for Next Mark 0.546ms
[2024-08-27T14:57:55.355+0000][info][gc             ] GC(1156) Concurrent Mark Cycle 146.119ms
[2024-08-27T14:57:55.363+0000][info][gc,start       ] GC(1160) Pause Young (Prepare Mixed) (G1 Evacuation Pause)
[2024-08-27T14:57:55.363+0000][info][gc,task        ] GC(1160) Using 24 workers of 68 for evacuation
[2024-08-27T14:57:55.381+0000][info][gc,phases      ] GC(1160)   Pre Evacuate Collection Set: 0.2ms
[2024-08-27T14:57:55.381+0000][info][gc,phases      ] GC(1160)   Merge Heap Roots: 0.8ms
[2024-08-27T14:57:55.381+0000][info][gc,phases      ] GC(1160)   Evacuate Collection Set: 16.6ms
[2024-08-27T14:57:55.381+0000][info][gc,phases      ] GC(1160)   Post Evacuate Collection Set: 0.3ms
[2024-08-27T14:57:55.381+0000][info][gc,phases      ] GC(1160)   Other: 0.2ms
[2024-08-27T14:57:55.381+0000][info][gc,heap        ] GC(1160) Eden regions: 44->0(44)
[2024-08-27T14:57:55.381+0000][info][gc,heap        ] GC(1160) Survivor regions: 7->7(7)
[2024-08-27T14:57:55.381+0000][info][gc,heap        ] GC(1160) Old regions: 857->903
[2024-08-27T14:57:55.381+0000][info][gc,heap        ] GC(1160) Archive regions: 2->2
[2024-08-27T14:57:55.381+0000][info][gc,heap        ] GC(1160) Humongous regions: 5->5
[2024-08-27T14:57:55.381+0000][info][gc,metaspace   ] GC(1160) Metaspace: 100K(320K)->100K(320K) NonClass: 96K(192K)->96K(192K) Class: 4K(128K)->4K(128K)
[2024-08-27T14:57:55.381+0000][info][gc             ] GC(1160) Pause Young (Prepare Mixed) (G1 Evacuation Pause) 902M->904M(1024M) 18.098ms
[2024-08-27T14:57:55.381+0000][info][gc,cpu         ] GC(1160) User=0.41s Sys=0.00s Real=0.02s
[2024-08-27T14:57:55.402+0000][info][gc,start       ] GC(1161) Pause Young (Mixed) (G1 Evacuation Pause)
[2024-08-27T14:57:55.402+0000][info][gc,task        ] GC(1161) Using 24 workers of 68 for evacuation
[2024-08-27T14:57:55.413+0000][info][gc,phases      ] GC(1161)   Pre Evacuate Collection Set: 0.2ms
[2024-08-27T14:57:55.413+0000][info][gc,phases      ] GC(1161)   Merge Heap Roots: 0.3ms
[2024-08-27T14:57:55.413+0000][info][gc,phases      ] GC(1161)   Evacuate Collection Set: 10.1ms
[2024-08-27T14:57:55.413+0000][info][gc,phases      ] GC(1161)   Post Evacuate Collection Set: 0.4ms
[2024-08-27T14:57:55.413+0000][info][gc,phases      ] GC(1161)   Other: 0.2ms
[2024-08-27T14:57:55.413+0000][info][gc,heap        ] GC(1161) Eden regions: 44->0(44)
[2024-08-27T14:57:55.413+0000][info][gc,heap        ] GC(1161) Survivor regions: 7->7(7)
[2024-08-27T14:57:55.413+0000][info][gc,heap        ] GC(1161) Old regions: 903->847
[2024-08-27T14:57:55.413+0000][info][gc,heap        ] GC(1161) Archive regions: 2->2
[2024-08-27T14:57:55.413+0000][info][gc,heap        ] GC(1161) Humongous regions: 5->5
[2024-08-27T14:57:55.413+0000][info][gc,metaspace   ] GC(1161) Metaspace: 100K(320K)->100K(320K) NonClass: 96K(192K)->96K(192K) Class: 4K(128K)->4K(128K)
[2024-08-27T14:57:55.413+0000][info][gc             ] GC(1161) Pause Young (Mixed) (G1 Evacuation Pause) 948M->848M(1024M) 11.267ms
[2024-08-27T14:57:55.413+0000][info][gc,cpu         ] GC(1161) User=0.24s Sys=0.00s Real=0.01s
[2024-08-27T14:57:55.433+0000][info][gc,start       ] GC(1162) Pause Young (Mixed) (G1 Evacuation Pause)
[2024-08-27T14:57:55.433+0000][info][gc,task        ] GC(1162) Using 24 workers of 68 for evacuation
[2024-08-27T14:57:55.444+0000][info][gc,phases      ] GC(1162)   Pre Evacuate Collection Set: 0.2ms
[2024-08-27T14:57:55.444+0000][info][gc,phases      ] GC(1162)   Merge Heap Roots: 0.4ms
[2024-08-27T14:57:55.444+0000][info][gc,phases      ] GC(1162)   Evacuate Collection Set: 9.9ms
[2024-08-27T14:57:55.444+0000][info][gc,phases      ] GC(1162)   Post Evacuate Collection Set: 0.3ms
[2024-08-27T14:57:55.444+0000][info][gc,phases      ] GC(1162)   Other: 0.3ms
[2024-08-27T14:57:55.444+0000][info][gc,heap        ] GC(1162) Eden regions: 44->0(44)
[2024-08-27T14:57:55.444+0000][info][gc,heap        ] GC(1162) Survivor regions: 7->7(7)
[2024-08-27T14:57:55.444+0000][info][gc,heap        ] GC(1162) Old regions: 847->809
[2024-08-27T14:57:55.444+0000][info][gc,heap        ] GC(1162) Archive regions: 2->2
[2024-08-27T14:57:55.444+0000][info][gc,heap        ] GC(1162) Humongous regions: 5->5
[2024-08-27T14:57:55.444+0000][info][gc,metaspace   ] GC(1162) Metaspace: 100K(320K)->100K(320K) NonClass: 96K(192K)->96K(192K) Class: 4K(128K)->4K(128K)
[2024-08-27T14:57:55.444+0000][info][gc             ] GC(1162) Pause Young (Mixed) (G1 Evacuation Pause) 892M->811M(1024M) 11.246ms
[2024-08-27T14:57:55.445+0000][info][gc,cpu         ] GC(1162) User=0.24s Sys=0.00s Real=0.01s
[2024-08-27T14:57:55.464+0000][info][gc,start       ] GC(1163) Pause Young (Concurrent Start) (G1 Evacuation Pause)
[2024-08-27T14:57:55.464+0000][info][gc,task        ] GC(1163) Using 24 workers of 68 for evacuation
[2024-08-27T14:57:55.475+0000][info][gc,phases      ] GC(1163)   Pre Evacuate Collection Set: 0.2ms
[2024-08-27T14:57:55.475+0000][info][gc,phases      ] GC(1163)   Merge Heap Roots: 0.4ms
[2024-08-27T14:57:55.475+0000][info][gc,phases      ] GC(1163)   Evacuate Collection Set: 9.3ms
[2024-08-27T14:57:55.475+0000][info][gc,phases      ] GC(1163)   Post Evacuate Collection Set: 0.3ms
[2024-08-27T14:57:55.475+0000][info][gc,phases      ] GC(1163)   Other: 0.6ms
[2024-08-27T14:57:55.475+0000][info][gc,heap        ] GC(1163) Eden regions: 44->0(44)
[2024-08-27T14:57:55.475+0000][info][gc,heap        ] GC(1163) Survivor regions: 7->7(7)
[2024-08-27T14:57:55.475+0000][info][gc,heap        ] GC(1163) Old regions: 809->855
[2024-08-27T14:57:55.475+0000][info][gc,heap        ] GC(1163) Archive regions: 2->2
[2024-08-27T14:57:55.475+0000][info][gc,heap        ] GC(1163) Humongous regions: 5->5
[2024-08-27T14:57:55.475+0000][info][gc,metaspace   ] GC(1163) Metaspace: 100K(320K)->100K(320K) NonClass: 96K(192K)->96K(192K) Class: 4K(128K)->4K(128K)
[2024-08-27T14:57:55.475+0000][info][gc             ] GC(1163) Pause Young (Concurrent Start) (G1 Evacuation Pause) 855M->857M(1024M) 10.876ms
[2024-08-27T14:57:55.475+0000][info][gc,cpu         ] GC(1163) User=0.23s Sys=0.00s Real=0.01s
[2024-08-27T14:57:55.475+0000][info][gc             ] GC(1164) Concurrent Mark Cycle
[2024-08-27T14:57:55.475+0000][info][gc,marking     ] GC(1164) Concurrent Clear Claimed Marks
[2024-08-27T14:57:55.475+0000][info][gc,marking     ] GC(1164) Concurrent Clear Claimed Marks 0.013ms
[2024-08-27T14:57:55.475+0000][info][gc,marking     ] GC(1164) Concurrent Scan Root Regions
[2024-08-27T14:57:55.477+0000][info][gc,marking     ] GC(1164) Concurrent Scan Root Regions 1.427ms
[2024-08-27T14:57:55.477+0000][info][gc,marking     ] GC(1164) Concurrent Mark
[2024-08-27T14:57:55.477+0000][info][gc,marking     ] GC(1164) Concurrent Mark From Roots
[2024-08-27T14:57:55.477+0000][info][gc,task        ] GC(1164) Using 17 workers of 17 for marking
[2024-08-27T14:57:55.499+0000][info][gc,marking     ] GC(1164) Concurrent Mark From Roots 21.965ms
[2024-08-27T14:57:55.499+0000][info][gc,marking     ] GC(1164) Concurrent Preclean
[2024-08-27T14:57:55.499+0000][info][gc,marking     ] GC(1164) Concurrent Preclean 0.498ms
[2024-08-27T14:57:55.499+0000][info][gc,start       ] GC(1164) Pause Remark
[2024-08-27T14:57:55.501+0000][info][gc             ] GC(1164) Pause Remark 897M->897M(1024M) 1.283ms
[2024-08-27T14:57:55.501+0000][info][gc,cpu         ] GC(1164) User=0.01s Sys=0.00s Real=0.00s
[2024-08-27T14:57:55.501+0000][info][gc,marking     ] GC(1164) Concurrent Mark 24.097ms
[2024-08-27T14:57:55.501+0000][info][gc,marking     ] GC(1164) Concurrent Rebuild Remembered Sets
[2024-08-27T14:57:55.503+0000][info][gc,start       ] GC(1165) Pause Young (Normal) (G1 Evacuation Pause)
[2024-08-27T14:57:55.503+0000][info][gc,task        ] GC(1165) Using 24 workers of 68 for evacuation
[2024-08-27T14:57:55.513+0000][info][gc,phases      ] GC(1165)   Pre Evacuate Collection Set: 0.1ms
[2024-08-27T14:57:55.513+0000][info][gc,phases      ] GC(1165)   Merge Heap Roots: 0.3ms
[2024-08-27T14:57:55.513+0000][info][gc,phases      ] GC(1165)   Evacuate Collection Set: 9.0ms
[2024-08-27T14:57:55.513+0000][info][gc,phases      ] GC(1165)   Post Evacuate Collection Set: 0.4ms
[2024-08-27T14:57:55.513+0000][info][gc,phases      ] GC(1165)   Other: 0.2ms
[2024-08-27T14:57:55.513+0000][info][gc,heap        ] GC(1165) Eden regions: 44->0(44)
[2024-08-27T14:57:55.513+0000][info][gc,heap        ] GC(1165) Survivor regions: 7->7(7)
[2024-08-27T14:57:55.513+0000][info][gc,heap        ] GC(1165) Old regions: 855->901
[2024-08-27T14:57:55.513+0000][info][gc,heap        ] GC(1165) Archive regions: 2->2
[2024-08-27T14:57:55.513+0000][info][gc,heap        ] GC(1165) Humongous regions: 5->5
[2024-08-27T14:57:55.513+0000][info][gc,metaspace   ] GC(1165) Metaspace: 100K(320K)->100K(320K) NonClass: 96K(192K)->96K(192K) Class: 4K(128K)->4K(128K)
[2024-08-27T14:57:55.513+0000][info][gc             ] GC(1165) Pause Young (Normal) (G1 Evacuation Pause) 901M->903M(1024M) 9.987ms
[2024-08-27T14:57:55.513+0000][info][gc,cpu         ] GC(1165) User=0.22s Sys=0.00s Real=0.01s
[2024-08-27T14:57:55.532+0000][info][gc,start       ] GC(1166) Pause Young (Normal) (G1 Evacuation Pause)
[2024-08-27T14:57:55.532+0000][info][gc,task        ] GC(1166) Using 24 workers of 68 for evacuation
[2024-08-27T14:57:55.546+0000][info][gc,phases      ] GC(1166)   Pre Evacuate Collection Set: 0.1ms
[2024-08-27T14:57:55.546+0000][info][gc,phases      ] GC(1166)   Merge Heap Roots: 0.5ms
[2024-08-27T14:57:55.546+0000][info][gc,phases      ] GC(1166)   Evacuate Collection Set: 12.4ms
[2024-08-27T14:57:55.546+0000][info][gc,phases      ] GC(1166)   Post Evacuate Collection Set: 0.5ms
[2024-08-27T14:57:55.546+0000][info][gc,phases      ] GC(1166)   Other: 0.2ms
[2024-08-27T14:57:55.546+0000][info][gc,heap        ] GC(1166) Eden regions: 44->0(44)
[2024-08-27T14:57:55.546+0000][info][gc,heap        ] GC(1166) Survivor regions: 7->7(7)
[2024-08-27T14:57:55.546+0000][info][gc,heap        ] GC(1166) Old regions: 901->948
[2024-08-27T14:57:55.546+0000][info][gc,heap        ] GC(1166) Archive regions: 2->2
[2024-08-27T14:57:55.546+0000][info][gc,heap        ] GC(1166) Humongous regions: 5->5
[2024-08-27T14:57:55.546+0000][info][gc,metaspace   ] GC(1166) Metaspace: 100K(320K)->100K(320K) NonClass: 96K(192K)->96K(192K) Class: 4K(128K)->4K(128K)
[2024-08-27T14:57:55.546+0000][info][gc             ] GC(1166) Pause Young (Normal) (G1 Evacuation Pause) 947M->950M(1024M) 13.799ms
[2024-08-27T14:57:55.546+0000][info][gc,cpu         ] GC(1166) User=0.32s Sys=0.00s Real=0.01s
[2024-08-27T14:57:55.558+0000][info][gc,start       ] GC(1167) Pause Young (Normal) (G1 Preventive Collection)
[2024-08-27T14:57:55.558+0000][info][gc,task        ] GC(1167) Using 24 workers of 68 for evacuation
[2024-08-27T14:57:55.570+0000][info][gc,phases      ] GC(1167)   Pre Evacuate Collection Set: 0.1ms
[2024-08-27T14:57:55.571+0000][info][gc,phases      ] GC(1167)   Merge Heap Roots: 0.4ms
[2024-08-27T14:57:55.571+0000][info][gc,phases      ] GC(1167)   Evacuate Collection Set: 11.5ms
[2024-08-27T14:57:55.571+0000][info][gc,phases      ] GC(1167)   Post Evacuate Collection Set: 0.6ms
[2024-08-27T14:57:55.571+0000][info][gc,phases      ] GC(1167)   Other: 0.2ms
[2024-08-27T14:57:55.571+0000][info][gc,heap        ] GC(1167) Eden regions: 26->0(44)
[2024-08-27T14:57:55.571+0000][info][gc,heap        ] GC(1167) Survivor regions: 7->7(7)
[2024-08-27T14:57:55.571+0000][info][gc,heap        ] GC(1167) Old regions: 948->977
[2024-08-27T14:57:55.571+0000][info][gc,heap        ] GC(1167) Archive regions: 2->2
[2024-08-27T14:57:55.571+0000][info][gc,heap        ] GC(1167) Humongous regions: 5->5
[2024-08-27T14:57:55.571+0000][info][gc,metaspace   ] GC(1167) Metaspace: 100K(320K)->100K(320K) NonClass: 96K(192K)->96K(192K) Class: 4K(128K)->4K(128K)
[2024-08-27T14:57:55.571+0000][info][gc             ] GC(1167) Pause Young (Normal) (G1 Preventive Collection) 976M->979M(1024M) 12.849ms
[2024-08-27T14:57:55.571+0000][info][gc,cpu         ] GC(1167) User=0.29s Sys=0.00s Real=0.01s
[2024-08-27T14:57:55.576+0000][info][gc,start       ] GC(1168) Pause Young (Normal) (G1 Preventive Collection)
[2024-08-27T14:57:55.576+0000][info][gc,task        ] GC(1168) Using 24 workers of 68 for evacuation
[2024-08-27T14:57:55.587+0000][info][gc             ] GC(1168) To-space exhausted
[2024-08-27T14:57:55.587+0000][info][gc,phases      ] GC(1168)   Pre Evacuate Collection Set: 0.1ms
[2024-08-27T14:57:55.587+0000][info][gc,phases      ] GC(1168)   Merge Heap Roots: 0.6ms
[2024-08-27T14:57:55.587+0000][info][gc,phases      ] GC(1168)   Evacuate Collection Set: 9.2ms
[2024-08-27T14:57:55.587+0000][info][gc,phases      ] GC(1168)   Post Evacuate Collection Set: 0.8ms
[2024-08-27T14:57:55.587+0000][info][gc,phases      ] GC(1168)   Other: 0.2ms
[2024-08-27T14:57:55.587+0000][info][gc,heap        ] GC(1168) Eden regions: 12->0(44)
[2024-08-27T14:57:55.587+0000][info][gc,heap        ] GC(1168) Survivor regions: 7->7(7)
[2024-08-27T14:57:55.587+0000][info][gc,heap        ] GC(1168) Old regions: 977->1008
[2024-08-27T14:57:55.587+0000][info][gc,heap        ] GC(1168) Archive regions: 2->2
[2024-08-27T14:57:55.587+0000][info][gc,heap        ] GC(1168) Humongous regions: 5->5
[2024-08-27T14:57:55.587+0000][info][gc,metaspace   ] GC(1168) Metaspace: 100K(320K)->100K(320K) NonClass: 96K(192K)->96K(192K) Class: 4K(128K)->4K(128K)
[2024-08-27T14:57:55.587+0000][info][gc             ] GC(1168) Pause Young (Normal) (G1 Preventive Collection) 991M->1010M(1024M) 10.942ms
[2024-08-27T14:57:55.587+0000][info][gc,cpu         ] GC(1168) User=0.24s Sys=0.00s Real=0.01s
[2024-08-27T14:57:55.588+0000][info][gc,start       ] GC(1169) Pause Young (Normal) (G1 Preventive Collection)
[2024-08-27T14:57:55.588+0000][info][gc,task        ] GC(1169) Using 24 workers of 68 for evacuation
[2024-08-27T14:57:55.596+0000][info][gc             ] GC(1169) To-space exhausted
[2024-08-27T14:57:55.596+0000][info][gc,phases      ] GC(1169)   Pre Evacuate Collection Set: 0.1ms
[2024-08-27T14:57:55.596+0000][info][gc,phases      ] GC(1169)   Merge Heap Roots: 0.3ms
[2024-08-27T14:57:55.596+0000][info][gc,phases      ] GC(1169)   Evacuate Collection Set: 6.1ms
[2024-08-27T14:57:55.596+0000][info][gc,phases      ] GC(1169)   Post Evacuate Collection Set: 0.9ms
[2024-08-27T14:57:55.596+0000][info][gc,phases      ] GC(1169)   Other: 0.1ms
[2024-08-27T14:57:55.596+0000][info][gc,heap        ] GC(1169) Eden regions: 1->0(51)
[2024-08-27T14:57:55.596+0000][info][gc,heap        ] GC(1169) Survivor regions: 7->0(1)
[2024-08-27T14:57:55.596+0000][info][gc,heap        ] GC(1169) Old regions: 1008->1017
[2024-08-27T14:57:55.596+0000][info][gc,heap        ] GC(1169) Archive regions: 2->2
[2024-08-27T14:57:55.596+0000][info][gc,heap        ] GC(1169) Humongous regions: 5->5
[2024-08-27T14:57:55.596+0000][info][gc,metaspace   ] GC(1169) Metaspace: 100K(320K)->100K(320K) NonClass: 96K(192K)->96K(192K) Class: 4K(128K)->4K(128K)
[2024-08-27T14:57:55.596+0000][info][gc             ] GC(1169) Pause Young (Normal) (G1 Preventive Collection) 1011M->1012M(1024M) 7.753ms
[2024-08-27T14:57:55.596+0000][info][gc,cpu         ] GC(1169) User=0.17s Sys=0.00s Real=0.01s
[2024-08-27T14:57:55.596+0000][info][gc,ergo        ] Attempting full compaction
[2024-08-27T14:57:55.596+0000][info][gc,task        ] GC(1170) Using 24 workers of 68 for full compaction
[2024-08-27T14:57:55.596+0000][info][gc,start       ] GC(1170) Pause Full (G1 Compaction Pause)
[2024-08-27T14:57:55.597+0000][info][gc,phases,start] GC(1170) Phase 1: Mark live objects
[2024-08-27T14:57:55.610+0000][info][gc,phases      ] GC(1170) Phase 1: Mark live objects 13.335ms
[2024-08-27T14:57:55.610+0000][info][gc,phases,start] GC(1170) Phase 2: Prepare for compaction
[2024-08-27T14:57:55.618+0000][info][gc,phases      ] GC(1170) Phase 2: Prepare for compaction 7.446ms
[2024-08-27T14:57:55.618+0000][info][gc,phases,start] GC(1170) Phase 3: Adjust pointers
[2024-08-27T14:57:55.632+0000][info][gc,phases      ] GC(1170) Phase 3: Adjust pointers 13.691ms
[2024-08-27T14:57:55.632+0000][info][gc,phases,start] GC(1170) Phase 4: Compact heap
[2024-08-27T14:57:55.658+0000][info][gc,phases      ] GC(1170) Phase 4: Compact heap 26.686ms
[2024-08-27T14:57:55.660+0000][info][gc,heap        ] GC(1170) Eden regions: 0->0(149)
[2024-08-27T14:57:55.660+0000][info][gc,heap        ] GC(1170) Survivor regions: 0->0(1)
[2024-08-27T14:57:55.660+0000][info][gc,heap        ] GC(1170) Old regions: 1017->444
[2024-08-27T14:57:55.660+0000][info][gc,heap        ] GC(1170) Archive regions: 2->2
[2024-08-27T14:57:55.660+0000][info][gc,heap        ] GC(1170) Humongous regions: 5->5
[2024-08-27T14:57:55.660+0000][info][gc,metaspace   ] GC(1170) Metaspace: 100K(320K)->100K(320K) NonClass: 96K(192K)->96K(192K) Class: 4K(128K)->4K(128K)
[2024-08-27T14:57:55.660+0000][info][gc             ] GC(1170) Pause Full (G1 Compaction Pause) 1012M->437M(1024M) 63.304ms
[2024-08-27T14:57:55.660+0000][info][gc,cpu         ] GC(1170) User=1.36s Sys=0.00s Real=0.07s
[2024-08-27T14:57:55.660+0000][info][gc,marking     ] GC(1164) Concurrent Rebuild Remembered Sets 159.379ms
[2024-08-27T14:57:55.660+0000][info][gc,marking     ] GC(1164) Concurrent Mark Abort
[2024-08-27T14:57:55.660+0000][info][gc             ] GC(1164) Concurrent Mark Cycle 185.077ms
[2024-08-27T14:57:55.732+0000][info][gc,start       ] GC(1171) Pause Young (Normal) (G1 Evacuation Pause)
[2024-08-27T14:57:55.732+0000][info][gc,task        ] GC(1171) Using 24 workers of 68 for evacuation
[2024-08-27T14:57:55.753+0000][info][gc,phases      ] GC(1171)   Pre Evacuate Collection Set: 0.2ms
[2024-08-27T14:57:55.753+0000][info][gc,phases      ] GC(1171)   Merge Heap Roots: 0.3ms
[2024-08-27T14:57:55.754+0000][info][gc,phases      ] GC(1171)   Evacuate Collection Set: 20.4ms
[2024-08-27T14:57:55.754+0000][info][gc,phases      ] GC(1171)   Post Evacuate Collection Set: 0.3ms
[2024-08-27T14:57:55.754+0000][info][gc,phases      ] GC(1171)   Other: 0.2ms
[2024-08-27T14:57:55.754+0000][info][gc,heap        ] GC(1171) Eden regions: 149->0(103)
[2024-08-27T14:57:55.754+0000][info][gc,heap        ] GC(1171) Survivor regions: 0->19(19)
[2024-08-27T14:57:55.754+0000][info][gc,heap        ] GC(1171) Old regions: 444->570
[2024-08-27T14:57:55.754+0000][info][gc,heap        ] GC(1171) Archive regions: 2->2
[2024-08-27T14:57:55.754+0000][info][gc,heap        ] GC(1171) Humongous regions: 5->5
[2024-08-27T14:57:55.754+0000][info][gc,metaspace   ] GC(1171) Metaspace: 100K(320K)->100K(320K) NonClass: 96K(192K)->96K(192K) Class: 4K(128K)->4K(128K)
[2024-08-27T14:57:55.754+0000][info][gc             ] GC(1171) Pause Young (Normal) (G1 Evacuation Pause) 586M->582M(1024M) 21.576ms
[2024-08-27T14:57:55.754+0000][info][gc,cpu         ] GC(1171) User=0.49s Sys=0.00s Real=0.02s
[2024-08-27T14:57:55.800+0000][info][gc,start       ] GC(1172) Pause Young (Concurrent Start) (G1 Evacuation Pause)
[2024-08-27T14:57:55.800+0000][info][gc,task        ] GC(1172) Using 24 workers of 68 for evacuation
[2024-08-27T14:57:55.819+0000][info][gc,phases      ] GC(1172)   Pre Evacuate Collection Set: 0.2ms
[2024-08-27T14:57:55.819+0000][info][gc,phases      ] GC(1172)   Merge Heap Roots: 0.3ms
[2024-08-27T14:57:55.819+0000][info][gc,phases      ] GC(1172)   Evacuate Collection Set: 17.9ms
[2024-08-27T14:57:55.819+0000][info][gc,phases      ] GC(1172)   Post Evacuate Collection Set: 0.3ms
[2024-08-27T14:57:55.819+0000][info][gc,phases      ] GC(1172)   Other: 0.6ms
[2024-08-27T14:57:55.819+0000][info][gc,heap        ] GC(1172) Eden regions: 103->0(70)
[2024-08-27T14:57:55.819+0000][info][gc,heap        ] GC(1172) Survivor regions: 19->16(16)
[2024-08-27T14:57:55.819+0000][info][gc,heap        ] GC(1172) Old regions: 570->676
[2024-08-27T14:57:55.819+0000][info][gc,heap        ] GC(1172) Archive regions: 2->2
[2024-08-27T14:57:55.819+0000][info][gc,heap        ] GC(1172) Humongous regions: 5->5
[2024-08-27T14:57:55.819+0000][info][gc,metaspace   ] GC(1172) Metaspace: 100K(320K)->100K(320K) NonClass: 96K(192K)->96K(192K) Class: 4K(128K)->4K(128K)
[2024-08-27T14:57:55.819+0000][info][gc             ] GC(1172) Pause Young (Concurrent Start) (G1 Evacuation Pause) 685M->685M(1024M) 19.333ms
[2024-08-27T14:57:55.819+0000][info][gc,cpu         ] GC(1172) User=0.44s Sys=0.00s Real=0.02s
[2024-08-27T14:57:55.819+0000][info][gc             ] GC(1173) Concurrent Mark Cycle
[2024-08-27T14:57:55.819+0000][info][gc,marking     ] GC(1173) Concurrent Clear Claimed Marks
[2024-08-27T14:57:55.819+0000][info][gc,marking     ] GC(1173) Concurrent Clear Claimed Marks 0.010ms
[2024-08-27T14:57:55.819+0000][info][gc,marking     ] GC(1173) Concurrent Scan Root Regions
[2024-08-27T14:57:55.823+0000][info][gc,marking     ] GC(1173) Concurrent Scan Root Regions 3.574ms
[2024-08-27T14:57:55.823+0000][info][gc,marking     ] GC(1173) Concurrent Mark
[2024-08-27T14:57:55.823+0000][info][gc,marking     ] GC(1173) Concurrent Mark From Roots
[2024-08-27T14:57:55.823+0000][info][gc,task        ] GC(1173) Using 17 workers of 17 for marking
[2024-08-27T14:57:55.842+0000][info][gc,marking     ] GC(1173) Concurrent Mark From Roots 19.057ms
[2024-08-27T14:57:55.842+0000][info][gc,marking     ] GC(1173) Concurrent Preclean
[2024-08-27T14:57:55.844+0000][info][gc,marking     ] GC(1173) Concurrent Preclean 1.858ms
[2024-08-27T14:57:55.844+0000][info][gc,start       ] GC(1173) Pause Remark
[2024-08-27T14:57:55.845+0000][info][gc             ] GC(1173) Pause Remark 725M->725M(1024M) 1.040ms
[2024-08-27T14:57:55.845+0000][info][gc,cpu         ] GC(1173) User=0.00s Sys=0.00s Real=0.00s
[2024-08-27T14:57:55.845+0000][info][gc,marking     ] GC(1173) Concurrent Mark 22.409ms
[2024-08-27T14:57:55.845+0000][info][gc,marking     ] GC(1173) Concurrent Rebuild Remembered Sets
[2024-08-27T14:57:55.858+0000][info][gc,marking     ] GC(1173) Concurrent Rebuild Remembered Sets 13.129ms
[2024-08-27T14:57:55.859+0000][info][gc,start       ] GC(1173) Pause Cleanup
[2024-08-27T14:57:55.860+0000][info][gc             ] GC(1173) Pause Cleanup 750M->750M(1024M) 1.011ms
[2024-08-27T14:57:55.860+0000][info][gc,cpu         ] GC(1173) User=0.00s Sys=0.00s Real=0.00s
[2024-08-27T14:57:55.860+0000][info][gc,marking     ] GC(1173) Concurrent Cleanup for Next Mark
[2024-08-27T14:57:55.860+0000][info][gc,marking     ] GC(1173) Concurrent Cleanup for Next Mark 0.505ms
[2024-08-27T14:57:55.860+0000][info][gc             ] GC(1173) Concurrent Mark Cycle 41.086ms
[2024-08-27T14:57:55.863+0000][info][gc,start       ] GC(1174) Pause Young (Prepare Mixed) (G1 Evacuation Pause)
[2024-08-27T14:57:55.863+0000][info][gc,task        ] GC(1174) Using 24 workers of 68 for evacuation
[2024-08-27T14:57:55.878+0000][info][gc,phases      ] GC(1174)   Pre Evacuate Collection Set: 0.1ms
[2024-08-27T14:57:55.878+0000][info][gc,phases      ] GC(1174)   Merge Heap Roots: 0.3ms
[2024-08-27T14:57:55.878+0000][info][gc,phases      ] GC(1174)   Evacuate Collection Set: 14.0ms
[2024-08-27T14:57:55.878+0000][info][gc,phases      ] GC(1174)   Post Evacuate Collection Set: 0.3ms
[2024-08-27T14:57:55.878+0000][info][gc,phases      ] GC(1174)   Other: 0.2ms
[2024-08-27T14:57:55.878+0000][info][gc,heap        ] GC(1174) Eden regions: 70->0(40)
[2024-08-27T14:57:55.878+0000][info][gc,heap        ] GC(1174) Survivor regions: 16->11(11)
[2024-08-27T14:57:55.878+0000][info][gc,heap        ] GC(1174) Old regions: 676->754
[2024-08-27T14:57:55.878+0000][info][gc,heap        ] GC(1174) Archive regions: 2->2
[2024-08-27T14:57:55.878+0000][info][gc,heap        ] GC(1174) Humongous regions: 5->5
[2024-08-27T14:57:55.878+0000][info][gc,metaspace   ] GC(1174) Metaspace: 100K(320K)->100K(320K) NonClass: 96K(192K)->96K(192K) Class: 4K(128K)->4K(128K)
[2024-08-27T14:57:55.878+0000][info][gc             ] GC(1174) Pause Young (Prepare Mixed) (G1 Evacuation Pause) 755M->758M(1024M) 15.097ms
[2024-08-27T14:57:55.878+0000][info][gc,cpu         ] GC(1174) User=0.35s Sys=0.00s Real=0.02s
[2024-08-27T14:57:55.895+0000][info][gc,start       ] GC(1175) Pause Young (Mixed) (G1 Evacuation Pause)
[2024-08-27T14:57:55.895+0000][info][gc,task        ] GC(1175) Using 24 workers of 68 for evacuation
[2024-08-27T14:57:55.907+0000][info][gc,phases      ] GC(1175)   Pre Evacuate Collection Set: 0.2ms
[2024-08-27T14:57:55.908+0000][info][gc,phases      ] GC(1175)   Merge Heap Roots: 0.3ms
[2024-08-27T14:57:55.908+0000][info][gc,phases      ] GC(1175)   Evacuate Collection Set: 11.3ms
[2024-08-27T14:57:55.908+0000][info][gc,phases      ] GC(1175)   Post Evacuate Collection Set: 0.4ms
[2024-08-27T14:57:55.908+0000][info][gc,phases      ] GC(1175)   Other: 0.2ms
[2024-08-27T14:57:55.908+0000][info][gc,heap        ] GC(1175) Eden regions: 40->0(44)
[2024-08-27T14:57:55.908+0000][info][gc,heap        ] GC(1175) Survivor regions: 11->7(7)
[2024-08-27T14:57:55.908+0000][info][gc,heap        ] GC(1175) Old regions: 754->699
[2024-08-27T14:57:55.908+0000][info][gc,heap        ] GC(1175) Archive regions: 2->2
[2024-08-27T14:57:55.908+0000][info][gc,heap        ] GC(1175) Humongous regions: 5->5
[2024-08-27T14:57:55.908+0000][info][gc,metaspace   ] GC(1175) Metaspace: 100K(320K)->100K(320K) NonClass: 96K(192K)->96K(192K) Class: 4K(128K)->4K(128K)
[2024-08-27T14:57:55.908+0000][info][gc             ] GC(1175) Pause Young (Mixed) (G1 Evacuation Pause) 798M->699M(1024M) 12.327ms
[2024-08-27T14:57:55.908+0000][info][gc,cpu         ] GC(1175) User=0.27s Sys=0.00s Real=0.01s
[2024-08-27T14:57:55.927+0000][info][gc,start       ] GC(1176) Pause Young (Mixed) (G1 Evacuation Pause)
[2024-08-27T14:57:55.927+0000][info][gc,task        ] GC(1176) Using 24 workers of 68 for evacuation
[2024-08-27T14:57:55.938+0000][info][gc,phases      ] GC(1176)   Pre Evacuate Collection Set: 0.2ms
[2024-08-27T14:57:55.938+0000][info][gc,phases      ] GC(1176)   Merge Heap Roots: 0.3ms
[2024-08-27T14:57:55.938+0000][info][gc,phases      ] GC(1176)   Evacuate Collection Set: 10.3ms
[2024-08-27T14:57:55.938+0000][info][gc,phases      ] GC(1176)   Post Evacuate Collection Set: 0.4ms
[2024-08-27T14:57:55.938+0000][info][gc,phases      ] GC(1176)   Other: 0.2ms
[2024-08-27T14:57:55.938+0000][info][gc,heap        ] GC(1176) Eden regions: 44->0(78)
[2024-08-27T14:57:55.938+0000][info][gc,heap        ] GC(1176) Survivor regions: 7->7(7)
[2024-08-27T14:57:55.938+0000][info][gc,heap        ] GC(1176) Old regions: 699->661
[2024-08-27T14:57:55.938+0000][info][gc,heap        ] GC(1176) Archive regions: 2->2
[2024-08-27T14:57:55.938+0000][info][gc,heap        ] GC(1176) Humongous regions: 5->5
[2024-08-27T14:57:55.938+0000][info][gc,metaspace   ] GC(1176) Metaspace: 100K(320K)->100K(320K) NonClass: 96K(192K)->96K(192K) Class: 4K(128K)->4K(128K)
[2024-08-27T14:57:55.938+0000][info][gc             ] GC(1176) Pause Young (Mixed) (G1 Evacuation Pause) 743M->662M(1024M) 11.423ms
[2024-08-27T14:57:55.939+0000][info][gc,cpu         ] GC(1176) User=0.26s Sys=0.00s Real=0.02s
[2024-08-27T14:57:55.972+0000][info][gc,start       ] GC(1177) Pause Young (Concurrent Start) (G1 Evacuation Pause)
[2024-08-27T14:57:55.972+0000][info][gc,task        ] GC(1177) Using 24 workers of 68 for evacuation
[2024-08-27T14:57:55.987+0000][info][gc,phases      ] GC(1177)   Pre Evacuate Collection Set: 0.2ms
[2024-08-27T14:57:55.987+0000][info][gc,phases      ] GC(1177)   Merge Heap Roots: 0.3ms
[2024-08-27T14:57:55.987+0000][info][gc,phases      ] GC(1177)   Evacuate Collection Set: 13.8ms
[2024-08-27T14:57:55.987+0000][info][gc,phases      ] GC(1177)   Post Evacuate Collection Set: 0.3ms
[2024-08-27T14:57:55.987+0000][info][gc,phases      ] GC(1177)   Other: 0.6ms
[2024-08-27T14:57:55.987+0000][info][gc,heap        ] GC(1177) Eden regions: 78->0(52)
[2024-08-27T14:57:55.987+0000][info][gc,heap        ] GC(1177) Survivor regions: 7->11(11)
[2024-08-27T14:57:55.987+0000][info][gc,heap        ] GC(1177) Old regions: 661->737
[2024-08-27T14:57:55.987+0000][info][gc,heap        ] GC(1177) Archive regions: 2->2
[2024-08-27T14:57:55.987+0000][info][gc,heap        ] GC(1177) Humongous regions: 5->5
[2024-08-27T14:57:55.987+0000][info][gc,metaspace   ] GC(1177) Metaspace: 100K(320K)->100K(320K) NonClass: 96K(192K)->96K(192K) Class: 4K(128K)->4K(128K)
[2024-08-27T14:57:55.987+0000][info][gc             ] GC(1177) Pause Young (Concurrent Start) (G1 Evacuation Pause) 740M->742M(1024M) 15.260ms
[2024-08-27T14:57:55.987+0000][info][gc,cpu         ] GC(1177) User=0.34s Sys=0.00s Real=0.01s
[2024-08-27T14:57:55.988+0000][info][gc             ] GC(1178) Concurrent Mark Cycle
[2024-08-27T14:57:55.988+0000][info][gc,marking     ] GC(1178) Concurrent Clear Claimed Marks
[2024-08-27T14:57:55.988+0000][info][gc,marking     ] GC(1178) Concurrent Clear Claimed Marks 0.010ms
[2024-08-27T14:57:55.988+0000][info][gc,marking     ] GC(1178) Concurrent Scan Root Regions
[2024-08-27T14:57:55.990+0000][info][gc,marking     ] GC(1178) Concurrent Scan Root Regions 2.421ms
[2024-08-27T14:57:55.990+0000][info][gc,marking     ] GC(1178) Concurrent Mark
[2024-08-27T14:57:55.990+0000][info][gc,marking     ] GC(1178) Concurrent Mark From Roots
[2024-08-27T14:57:55.990+0000][info][gc,task        ] GC(1178) Using 17 workers of 17 for marking
[2024-08-27T14:57:56.009+0000][info][gc,marking     ] GC(1178) Concurrent Mark From Roots 19.202ms
[2024-08-27T14:57:56.009+0000][info][gc,marking     ] GC(1178) Concurrent Preclean
[2024-08-27T14:57:56.010+0000][info][gc,marking     ] GC(1178) Concurrent Preclean 0.668ms
[2024-08-27T14:57:56.010+0000][info][gc,start       ] GC(1178) Pause Remark
[2024-08-27T14:57:56.011+0000][info][gc             ] GC(1178) Pause Remark 778M->778M(1024M) 1.134ms
[2024-08-27T14:57:56.011+0000][info][gc,cpu         ] GC(1178) User=0.01s Sys=0.00s Real=0.00s
[2024-08-27T14:57:56.011+0000][info][gc,marking     ] GC(1178) Concurrent Mark 21.364ms
[2024-08-27T14:57:56.011+0000][info][gc,marking     ] GC(1178) Concurrent Rebuild Remembered Sets
[2024-08-27T14:57:56.019+0000][info][gc,start       ] GC(1179) Pause Young (Normal) (G1 Evacuation Pause)
[2024-08-27T14:57:56.019+0000][info][gc,task        ] GC(1179) Using 24 workers of 68 for evacuation
[2024-08-27T14:57:56.030+0000][info][gc,phases      ] GC(1179)   Pre Evacuate Collection Set: 0.1ms
[2024-08-27T14:57:56.030+0000][info][gc,phases      ] GC(1179)   Merge Heap Roots: 0.2ms
[2024-08-27T14:57:56.030+0000][info][gc,phases      ] GC(1179)   Evacuate Collection Set: 10.7ms
[2024-08-27T14:57:56.030+0000][info][gc,phases      ] GC(1179)   Post Evacuate Collection Set: 0.4ms
[2024-08-27T14:57:56.030+0000][info][gc,phases      ] GC(1179)   Other: 0.2ms
[2024-08-27T14:57:56.030+0000][info][gc,heap        ] GC(1179) Eden regions: 52->0(43)
[2024-08-27T14:57:56.030+0000][info][gc,heap        ] GC(1179) Survivor regions: 11->8(8)
[2024-08-27T14:57:56.030+0000][info][gc,heap        ] GC(1179) Old regions: 737->797
[2024-08-27T14:57:56.030+0000][info][gc,heap        ] GC(1179) Archive regions: 2->2
[2024-08-27T14:57:56.030+0000][info][gc,heap        ] GC(1179) Humongous regions: 5->5
[2024-08-27T14:57:56.030+0000][info][gc,metaspace   ] GC(1179) Metaspace: 100K(320K)->100K(320K) NonClass: 96K(192K)->96K(192K) Class: 4K(128K)->4K(128K)
[2024-08-27T14:57:56.030+0000][info][gc             ] GC(1179) Pause Young (Normal) (G1 Evacuation Pause) 794M->799M(1024M) 11.711ms
[2024-08-27T14:57:56.030+0000][info][gc,cpu         ] GC(1179) User=0.27s Sys=0.00s Real=0.01s
[2024-08-27T14:57:56.049+0000][info][gc,start       ] GC(1180) Pause Young (Normal) (G1 Evacuation Pause)
[2024-08-27T14:57:56.049+0000][info][gc,task        ] GC(1180) Using 24 workers of 68 for evacuation
[2024-08-27T14:57:56.065+0000][info][gc,phases      ] GC(1180)   Pre Evacuate Collection Set: 0.1ms
[2024-08-27T14:57:56.065+0000][info][gc,phases      ] GC(1180)   Merge Heap Roots: 0.3ms
[2024-08-27T14:57:56.065+0000][info][gc,phases      ] GC(1180)   Evacuate Collection Set: 14.4ms
[2024-08-27T14:57:56.065+0000][info][gc,phases      ] GC(1180)   Post Evacuate Collection Set: 0.5ms
[2024-08-27T14:57:56.065+0000][info][gc,phases      ] GC(1180)   Other: 0.2ms
[2024-08-27T14:57:56.065+0000][info][gc,heap        ] GC(1180) Eden regions: 43->0(44)
[2024-08-27T14:57:56.065+0000][info][gc,heap        ] GC(1180) Survivor regions: 8->7(7)
[2024-08-27T14:57:56.065+0000][info][gc,heap        ] GC(1180) Old regions: 797->844
[2024-08-27T14:57:56.065+0000][info][gc,heap        ] GC(1180) Archive regions: 2->2
[2024-08-27T14:57:56.065+0000][info][gc,heap        ] GC(1180) Humongous regions: 5->5
[2024-08-27T14:57:56.065+0000][info][gc,metaspace   ] GC(1180) Metaspace: 100K(320K)->100K(320K) NonClass: 96K(192K)->96K(192K) Class: 4K(128K)->4K(128K)
[2024-08-27T14:57:56.065+0000][info][gc             ] GC(1180) Pause Young (Normal) (G1 Evacuation Pause) 842M->845M(1024M) 15.665ms
[2024-08-27T14:57:56.065+0000][info][gc,cpu         ] GC(1180) User=0.36s Sys=0.00s Real=0.02s
[2024-08-27T14:57:56.085+0000][info][gc,start       ] GC(1181) Pause Young (Normal) (G1 Evacuation Pause)
[2024-08-27T14:57:56.085+0000][info][gc,task        ] GC(1181) Using 24 workers of 68 for evacuation
[2024-08-27T14:57:56.100+0000][info][gc,phases      ] GC(1181)   Pre Evacuate Collection Set: 0.2ms
[2024-08-27T14:57:56.100+0000][info][gc,phases      ] GC(1181)   Merge Heap Roots: 0.4ms
[2024-08-27T14:57:56.100+0000][info][gc,phases      ] GC(1181)   Evacuate Collection Set: 14.0ms
[2024-08-27T14:57:56.100+0000][info][gc,phases      ] GC(1181)   Post Evacuate Collection Set: 0.7ms
[2024-08-27T14:57:56.100+0000][info][gc,phases      ] GC(1181)   Other: 0.2ms
[2024-08-27T14:57:56.100+0000][info][gc,heap        ] GC(1181) Eden regions: 44->0(44)
[2024-08-27T14:57:56.100+0000][info][gc,heap        ] GC(1181) Survivor regions: 7->7(7)
[2024-08-27T14:57:56.100+0000][info][gc,heap        ] GC(1181) Old regions: 844->891
[2024-08-27T14:57:56.100+0000][info][gc,heap        ] GC(1181) Archive regions: 2->2
[2024-08-27T14:57:56.100+0000][info][gc,heap        ] GC(1181) Humongous regions: 5->5
[2024-08-27T14:57:56.100+0000][info][gc,metaspace   ] GC(1181) Metaspace: 100K(320K)->100K(320K) NonClass: 96K(192K)->96K(192K) Class: 4K(128K)->4K(128K)
[2024-08-27T14:57:56.100+0000][info][gc             ] GC(1181) Pause Young (Normal) (G1 Evacuation Pause) 889M->892M(1024M) 15.427ms
[2024-08-27T14:57:56.100+0000][info][gc,cpu         ] GC(1181) User=0.35s Sys=0.00s Real=0.02s
[2024-08-27T14:57:56.120+0000][info][gc,marking     ] GC(1178) Concurrent Rebuild Remembered Sets 108.175ms
[2024-08-27T14:57:56.120+0000][info][gc,start       ] GC(1178) Pause Cleanup
[2024-08-27T14:57:56.121+0000][info][gc             ] GC(1178) Pause Cleanup 934M->934M(1024M) 1.002ms
[2024-08-27T14:57:56.121+0000][info][gc,cpu         ] GC(1178) User=0.00s Sys=0.00s Real=0.00s
[2024-08-27T14:57:56.121+0000][info][gc,marking     ] GC(1178) Concurrent Cleanup for Next Mark
[2024-08-27T14:57:56.121+0000][info][gc,marking     ] GC(1178) Concurrent Cleanup for Next Mark 0.593ms
[2024-08-27T14:57:56.122+0000][info][gc             ] GC(1178) Concurrent Mark Cycle 133.996ms
[2024-08-27T14:57:56.122+0000][info][gc,start       ] GC(1182) Pause Young (Prepare Mixed) (G1 Evacuation Pause)
[2024-08-27T14:57:56.122+0000][info][gc,task        ] GC(1182) Using 24 workers of 68 for evacuation
[2024-08-27T14:57:56.138+0000][info][gc,phases      ] GC(1182)   Pre Evacuate Collection Set: 0.2ms
[2024-08-27T14:57:56.138+0000][info][gc,phases      ] GC(1182)   Merge Heap Roots: 0.5ms
[2024-08-27T14:57:56.139+0000][info][gc,phases      ] GC(1182)   Evacuate Collection Set: 15.3ms
[2024-08-27T14:57:56.139+0000][info][gc,phases      ] GC(1182)   Post Evacuate Collection Set: 0.3ms
[2024-08-27T14:57:56.139+0000][info][gc,phases      ] GC(1182)   Other: 0.1ms
[2024-08-27T14:57:56.139+0000][info][gc,heap        ] GC(1182) Eden regions: 44->0(44)
[2024-08-27T14:57:56.139+0000][info][gc,heap        ] GC(1182) Survivor regions: 7->7(7)
[2024-08-27T14:57:56.139+0000][info][gc,heap        ] GC(1182) Old regions: 891->937
[2024-08-27T14:57:56.139+0000][info][gc,heap        ] GC(1182) Archive regions: 2->2
[2024-08-27T14:57:56.139+0000][info][gc,heap        ] GC(1182) Humongous regions: 5->5
[2024-08-27T14:57:56.139+0000][info][gc,metaspace   ] GC(1182) Metaspace: 100K(320K)->100K(320K) NonClass: 96K(192K)->96K(192K) Class: 4K(128K)->4K(128K)
[2024-08-27T14:57:56.139+0000][info][gc             ] GC(1182) Pause Young (Prepare Mixed) (G1 Evacuation Pause) 936M->938M(1024M) 16.497ms
[2024-08-27T14:57:56.139+0000][info][gc,cpu         ] GC(1182) User=0.38s Sys=0.00s Real=0.02s
[2024-08-27T14:57:56.153+0000][info][gc,start       ] GC(1183) Pause Young (Mixed) (G1 Preventive Collection)
[2024-08-27T14:57:56.154+0000][info][gc,task        ] GC(1183) Using 24 workers of 68 for evacuation
[2024-08-27T14:57:56.162+0000][info][gc,phases      ] GC(1183)   Pre Evacuate Collection Set: 0.2ms
[2024-08-27T14:57:56.162+0000][info][gc,phases      ] GC(1183)   Merge Heap Roots: 0.3ms
[2024-08-27T14:57:56.162+0000][info][gc,phases      ] GC(1183)   Evacuate Collection Set: 7.9ms
[2024-08-27T14:57:56.162+0000][info][gc,phases      ] GC(1183)   Post Evacuate Collection Set: 0.4ms
[2024-08-27T14:57:56.162+0000][info][gc,phases      ] GC(1183)   Other: 0.2ms
[2024-08-27T14:57:56.162+0000][info][gc,heap        ] GC(1183) Eden regions: 31->0(44)
[2024-08-27T14:57:56.162+0000][info][gc,heap        ] GC(1183) Survivor regions: 7->7(7)
[2024-08-27T14:57:56.162+0000][info][gc,heap        ] GC(1183) Old regions: 937->868
[2024-08-27T14:57:56.162+0000][info][gc,heap        ] GC(1183) Archive regions: 2->2
[2024-08-27T14:57:56.162+0000][info][gc,heap        ] GC(1183) Humongous regions: 5->5
[2024-08-27T14:57:56.162+0000][info][gc,metaspace   ] GC(1183) Metaspace: 100K(320K)->100K(320K) NonClass: 96K(192K)->96K(192K) Class: 4K(128K)->4K(128K)
[2024-08-27T14:57:56.162+0000][info][gc             ] GC(1183) Pause Young (Mixed) (G1 Preventive Collection) 969M->878M(1024M) 9.026ms
[2024-08-27T14:57:56.162+0000][info][gc,cpu         ] GC(1183) User=0.19s Sys=0.00s Real=0.01s
[2024-08-27T14:57:56.182+0000][info][gc,start       ] GC(1184) Pause Young (Mixed) (G1 Evacuation Pause)
[2024-08-27T14:57:56.182+0000][info][gc,task        ] GC(1184) Using 24 workers of 68 for evacuation
[2024-08-27T14:57:56.193+0000][info][gc,phases      ] GC(1184)   Pre Evacuate Collection Set: 0.2ms
[2024-08-27T14:57:56.193+0000][info][gc,phases      ] GC(1184)   Merge Heap Roots: 0.3ms
[2024-08-27T14:57:56.193+0000][info][gc,phases      ] GC(1184)   Evacuate Collection Set: 9.6ms
[2024-08-27T14:57:56.193+0000][info][gc,phases      ] GC(1184)   Post Evacuate Collection Set: 0.4ms
[2024-08-27T14:57:56.193+0000][info][gc,phases      ] GC(1184)   Other: 0.2ms
[2024-08-27T14:57:56.193+0000][info][gc,heap        ] GC(1184) Eden regions: 44->0(44)
[2024-08-27T14:57:56.193+0000][info][gc,heap        ] GC(1184) Survivor regions: 7->7(7)
[2024-08-27T14:57:56.193+0000][info][gc,heap        ] GC(1184) Old regions: 868->810
[2024-08-27T14:57:56.193+0000][info][gc,heap        ] GC(1184) Archive regions: 2->2
[2024-08-27T14:57:56.193+0000][info][gc,heap        ] GC(1184) Humongous regions: 5->5
[2024-08-27T14:57:56.193+0000][info][gc,metaspace   ] GC(1184) Metaspace: 100K(320K)->100K(320K) NonClass: 96K(192K)->96K(192K) Class: 4K(128K)->4K(128K)
[2024-08-27T14:57:56.193+0000][info][gc             ] GC(1184) Pause Young (Mixed) (G1 Evacuation Pause) 922M->821M(1024M) 10.918ms
[2024-08-27T14:57:56.193+0000][info][gc,cpu         ] GC(1184) User=0.24s Sys=0.00s Real=0.01s
[2024-08-27T14:57:56.212+0000][info][gc,start       ] GC(1185) Pause Young (Mixed) (G1 Evacuation Pause)
[2024-08-27T14:57:56.212+0000][info][gc,task        ] GC(1185) Using 24 workers of 68 for evacuation
[2024-08-27T14:57:56.222+0000][info][gc,phases      ] GC(1185)   Pre Evacuate Collection Set: 0.2ms
[2024-08-27T14:57:56.222+0000][info][gc,phases      ] GC(1185)   Merge Heap Roots: 0.3ms
[2024-08-27T14:57:56.222+0000][info][gc,phases      ] GC(1185)   Evacuate Collection Set: 9.0ms
[2024-08-27T14:57:56.222+0000][info][gc,phases      ] GC(1185)   Post Evacuate Collection Set: 0.3ms
[2024-08-27T14:57:56.222+0000][info][gc,phases      ] GC(1185)   Other: 0.2ms
[2024-08-27T14:57:56.222+0000][info][gc,heap        ] GC(1185) Eden regions: 44->0(44)
[2024-08-27T14:57:56.222+0000][info][gc,heap        ] GC(1185) Survivor regions: 7->7(7)
[2024-08-27T14:57:56.222+0000][info][gc,heap        ] GC(1185) Old regions: 810->839
[2024-08-27T14:57:56.222+0000][info][gc,heap        ] GC(1185) Archive regions: 2->2
[2024-08-27T14:57:56.222+0000][info][gc,heap        ] GC(1185) Humongous regions: 5->5
[2024-08-27T14:57:56.222+0000][info][gc,metaspace   ] GC(1185) Metaspace: 100K(320K)->100K(320K) NonClass: 96K(192K)->96K(192K) Class: 4K(128K)->4K(128K)
[2024-08-27T14:57:56.222+0000][info][gc             ] GC(1185) Pause Young (Mixed) (G1 Evacuation Pause) 865M->851M(1024M) 10.132ms
[2024-08-27T14:57:56.222+0000][info][gc,cpu         ] GC(1185) User=0.22s Sys=0.00s Real=0.01s
[2024-08-27T14:57:56.241+0000][info][gc,start       ] GC(1186) Pause Young (Concurrent Start) (G1 Evacuation Pause)
[2024-08-27T14:57:56.241+0000][info][gc,task        ] GC(1186) Using 24 workers of 68 for evacuation
[2024-08-27T14:57:56.252+0000][info][gc,phases      ] GC(1186)   Pre Evacuate Collection Set: 0.2ms
[2024-08-27T14:57:56.252+0000][info][gc,phases      ] GC(1186)   Merge Heap Roots: 0.3ms
[2024-08-27T14:57:56.252+0000][info][gc,phases      ] GC(1186)   Evacuate Collection Set: 8.8ms
[2024-08-27T14:57:56.252+0000][info][gc,phases      ] GC(1186)   Post Evacuate Collection Set: 0.4ms
[2024-08-27T14:57:56.252+0000][info][gc,phases      ] GC(1186)   Other: 0.6ms
[2024-08-27T14:57:56.252+0000][info][gc,heap        ] GC(1186) Eden regions: 44->0(44)
[2024-08-27T14:57:56.252+0000][info][gc,heap        ] GC(1186) Survivor regions: 7->7(7)
[2024-08-27T14:57:56.252+0000][info][gc,heap        ] GC(1186) Old regions: 839->886
[2024-08-27T14:57:56.252+0000][info][gc,heap        ] GC(1186) Archive regions: 2->2
[2024-08-27T14:57:56.252+0000][info][gc,heap        ] GC(1186) Humongous regions: 5->5
[2024-08-27T14:57:56.252+0000][info][gc,metaspace   ] GC(1186) Metaspace: 100K(320K)->100K(320K) NonClass: 96K(192K)->96K(192K) Class: 4K(128K)->4K(128K)
[2024-08-27T14:57:56.252+0000][info][gc             ] GC(1186) Pause Young (Concurrent Start) (G1 Evacuation Pause) 895M->898M(1024M) 10.305ms
[2024-08-27T14:57:56.252+0000][info][gc,cpu         ] GC(1186) User=0.22s Sys=0.00s Real=0.01s
[2024-08-27T14:57:56.252+0000][info][gc             ] GC(1187) Concurrent Mark Cycle
[2024-08-27T14:57:56.252+0000][info][gc,marking     ] GC(1187) Concurrent Clear Claimed Marks
[2024-08-27T14:57:56.252+0000][info][gc,marking     ] GC(1187) Concurrent Clear Claimed Marks 0.013ms
[2024-08-27T14:57:56.252+0000][info][gc,marking     ] GC(1187) Concurrent Scan Root Regions
[2024-08-27T14:57:56.253+0000][info][gc,marking     ] GC(1187) Concurrent Scan Root Regions 1.520ms
[2024-08-27T14:57:56.253+0000][info][gc,marking     ] GC(1187) Concurrent Mark
[2024-08-27T14:57:56.253+0000][info][gc,marking     ] GC(1187) Concurrent Mark From Roots
[2024-08-27T14:57:56.253+0000][info][gc,task        ] GC(1187) Using 17 workers of 17 for marking
[2024-08-27T14:57:56.276+0000][info][gc,marking     ] GC(1187) Concurrent Mark From Roots 22.198ms
[2024-08-27T14:57:56.276+0000][info][gc,marking     ] GC(1187) Concurrent Preclean
[2024-08-27T14:57:56.277+0000][info][gc,marking     ] GC(1187) Concurrent Preclean 1.324ms
[2024-08-27T14:57:56.277+0000][info][gc,start       ] GC(1187) Pause Remark
[2024-08-27T14:57:56.279+0000][info][gc             ] GC(1187) Pause Remark 940M->940M(1024M) 1.319ms
[2024-08-27T14:57:56.279+0000][info][gc,cpu         ] GC(1187) User=0.00s Sys=0.00s Real=0.01s
[2024-08-27T14:57:56.279+0000][info][gc,marking     ] GC(1187) Concurrent Mark 25.244ms
[2024-08-27T14:57:56.279+0000][info][gc,marking     ] GC(1187) Concurrent Rebuild Remembered Sets
[2024-08-27T14:57:56.280+0000][info][gc,start       ] GC(1188) Pause Young (Normal) (G1 Evacuation Pause)
[2024-08-27T14:57:56.280+0000][info][gc,task        ] GC(1188) Using 24 workers of 68 for evacuation
[2024-08-27T14:57:56.289+0000][info][gc,phases      ] GC(1188)   Pre Evacuate Collection Set: 0.1ms
[2024-08-27T14:57:56.289+0000][info][gc,phases      ] GC(1188)   Merge Heap Roots: 0.2ms
[2024-08-27T14:57:56.290+0000][info][gc,phases      ] GC(1188)   Evacuate Collection Set: 8.9ms
[2024-08-27T14:57:56.290+0000][info][gc,phases      ] GC(1188)   Post Evacuate Collection Set: 0.4ms
[2024-08-27T14:57:56.290+0000][info][gc,phases      ] GC(1188)   Other: 0.1ms
[2024-08-27T14:57:56.290+0000][info][gc,heap        ] GC(1188) Eden regions: 44->0(44)
[2024-08-27T14:57:56.290+0000][info][gc,heap        ] GC(1188) Survivor regions: 7->7(7)
[2024-08-27T14:57:56.290+0000][info][gc,heap        ] GC(1188) Old regions: 886->932
[2024-08-27T14:57:56.290+0000][info][gc,heap        ] GC(1188) Archive regions: 2->2
[2024-08-27T14:57:56.290+0000][info][gc,heap        ] GC(1188) Humongous regions: 5->5
[2024-08-27T14:57:56.290+0000][info][gc,metaspace   ] GC(1188) Metaspace: 100K(320K)->100K(320K) NonClass: 96K(192K)->96K(192K) Class: 4K(128K)->4K(128K)
[2024-08-27T14:57:56.290+0000][info][gc             ] GC(1188) Pause Young (Normal) (G1 Evacuation Pause) 942M->944M(1024M) 9.866ms
[2024-08-27T14:57:56.290+0000][info][gc,cpu         ] GC(1188) User=0.22s Sys=0.00s Real=0.01s
[2024-08-27T14:57:56.305+0000][info][gc,start       ] GC(1189) Pause Young (Normal) (G1 Preventive Collection)
[2024-08-27T14:57:56.305+0000][info][gc,task        ] GC(1189) Using 24 workers of 68 for evacuation
[2024-08-27T14:57:56.318+0000][info][gc             ] GC(1189) To-space exhausted
[2024-08-27T14:57:56.318+0000][info][gc,phases      ] GC(1189)   Pre Evacuate Collection Set: 0.1ms
[2024-08-27T14:57:56.318+0000][info][gc,phases      ] GC(1189)   Merge Heap Roots: 0.3ms
[2024-08-27T14:57:56.318+0000][info][gc,phases      ] GC(1189)   Evacuate Collection Set: 11.0ms
[2024-08-27T14:57:56.318+0000][info][gc,phases      ] GC(1189)   Post Evacuate Collection Set: 1.0ms
[2024-08-27T14:57:56.318+0000][info][gc,phases      ] GC(1189)   Other: 0.2ms
[2024-08-27T14:57:56.318+0000][info][gc,heap        ] GC(1189) Eden regions: 34->0(44)
[2024-08-27T14:57:56.318+0000][info][gc,heap        ] GC(1189) Survivor regions: 7->7(7)
[2024-08-27T14:57:56.318+0000][info][gc,heap        ] GC(1189) Old regions: 932->994
[2024-08-27T14:57:56.318+0000][info][gc,heap        ] GC(1189) Archive regions: 2->2
[2024-08-27T14:57:56.318+0000][info][gc,heap        ] GC(1189) Humongous regions: 5->5
[2024-08-27T14:57:56.318+0000][info][gc,metaspace   ] GC(1189) Metaspace: 100K(320K)->100K(320K) NonClass: 96K(192K)->96K(192K) Class: 4K(128K)->4K(128K)
[2024-08-27T14:57:56.318+0000][info][gc             ] GC(1189) Pause Young (Normal) (G1 Preventive Collection) 978M->1006M(1024M) 12.655ms
[2024-08-27T14:57:56.318+0000][info][gc,cpu         ] GC(1189) User=0.28s Sys=0.01s Real=0.02s
[2024-08-27T14:57:56.320+0000][info][gc,start       ] GC(1190) Pause Young (Normal) (G1 Preventive Collection)
[2024-08-27T14:57:56.320+0000][info][gc,task        ] GC(1190) Using 24 workers of 68 for evacuation
[2024-08-27T14:57:56.329+0000][info][gc             ] GC(1190) To-space exhausted
[2024-08-27T14:57:56.329+0000][info][gc,phases      ] GC(1190)   Pre Evacuate Collection Set: 0.1ms
[2024-08-27T14:57:56.329+0000][info][gc,phases      ] GC(1190)   Merge Heap Roots: 0.5ms
[2024-08-27T14:57:56.329+0000][info][gc,phases      ] GC(1190)   Evacuate Collection Set: 7.6ms
[2024-08-27T14:57:56.329+0000][info][gc,phases      ] GC(1190)   Post Evacuate Collection Set: 0.7ms
[2024-08-27T14:57:56.329+0000][info][gc,phases      ] GC(1190)   Other: 0.2ms
[2024-08-27T14:57:56.329+0000][info][gc,heap        ] GC(1190) Eden regions: 4->0(47)
[2024-08-27T14:57:56.329+0000][info][gc,heap        ] GC(1190) Survivor regions: 7->4(7)
[2024-08-27T14:57:56.329+0000][info][gc,heap        ] GC(1190) Old regions: 994->1013
[2024-08-27T14:57:56.329+0000][info][gc,heap        ] GC(1190) Archive regions: 2->2
[2024-08-27T14:57:56.329+0000][info][gc,heap        ] GC(1190) Humongous regions: 5->5
[2024-08-27T14:57:56.329+0000][info][gc,metaspace   ] GC(1190) Metaspace: 100K(320K)->100K(320K) NonClass: 96K(192K)->96K(192K) Class: 4K(128K)->4K(128K)
[2024-08-27T14:57:56.329+0000][info][gc             ] GC(1190) Pause Young (Normal) (G1 Preventive Collection) 1010M->1022M(1024M) 9.100ms
[2024-08-27T14:57:56.329+0000][info][gc,cpu         ] GC(1190) User=0.20s Sys=0.00s Real=0.00s
[2024-08-27T14:57:56.329+0000][info][gc,ergo        ] Attempting full compaction
[2024-08-27T14:57:56.329+0000][info][gc,task        ] GC(1191) Using 24 workers of 68 for full compaction
[2024-08-27T14:57:56.329+0000][info][gc,start       ] GC(1191) Pause Full (G1 Compaction Pause)
[2024-08-27T14:57:56.330+0000][info][gc,phases,start] GC(1191) Phase 1: Mark live objects
[2024-08-27T14:57:56.343+0000][info][gc,phases      ] GC(1191) Phase 1: Mark live objects 13.275ms
[2024-08-27T14:57:56.343+0000][info][gc,phases,start] GC(1191) Phase 2: Prepare for compaction
[2024-08-27T14:57:56.350+0000][info][gc,phases      ] GC(1191) Phase 2: Prepare for compaction 7.067ms
[2024-08-27T14:57:56.350+0000][info][gc,phases,start] GC(1191) Phase 3: Adjust pointers
[2024-08-27T14:57:56.365+0000][info][gc,phases      ] GC(1191) Phase 3: Adjust pointers 14.811ms
[2024-08-27T14:57:56.365+0000][info][gc,phases,start] GC(1191) Phase 4: Compact heap
[2024-08-27T14:57:56.389+0000][info][gc,phases      ] GC(1191) Phase 4: Compact heap 24.259ms
[2024-08-27T14:57:56.391+0000][info][gc,heap        ] GC(1191) Eden regions: 0->0(150)
[2024-08-27T14:57:56.391+0000][info][gc,heap        ] GC(1191) Survivor regions: 4->0(7)
[2024-08-27T14:57:56.391+0000][info][gc,heap        ] GC(1191) Old regions: 1013->444
[2024-08-27T14:57:56.391+0000][info][gc,heap        ] GC(1191) Archive regions: 2->2
[2024-08-27T14:57:56.391+0000][info][gc,heap        ] GC(1191) Humongous regions: 5->5
[2024-08-27T14:57:56.391+0000][info][gc,metaspace   ] GC(1191) Metaspace: 100K(320K)->100K(320K) NonClass: 96K(192K)->96K(192K) Class: 4K(128K)->4K(128K)
[2024-08-27T14:57:56.391+0000][info][gc             ] GC(1191) Pause Full (G1 Compaction Pause) 1022M->438M(1024M) 61.468ms
[2024-08-27T14:57:56.391+0000][info][gc,cpu         ] GC(1191) User=1.30s Sys=0.00s Real=0.07s
[2024-08-27T14:57:56.391+0000][info][gc,marking     ] GC(1187) Concurrent Rebuild Remembered Sets 112.432ms
[2024-08-27T14:57:56.391+0000][info][gc,marking     ] GC(1187) Concurrent Mark Abort
[2024-08-27T14:57:56.391+0000][info][gc             ] GC(1187) Concurrent Mark Cycle 139.378ms
[2024-08-27T14:57:56.463+0000][info][gc,start       ] GC(1192) Pause Young (Normal) (G1 Evacuation Pause)
[2024-08-27T14:57:56.463+0000][info][gc,task        ] GC(1192) Using 24 workers of 68 for evacuation
[2024-08-27T14:57:56.485+0000][info][gc,phases      ] GC(1192)   Pre Evacuate Collection Set: 0.2ms
[2024-08-27T14:57:56.485+0000][info][gc,phases      ] GC(1192)   Merge Heap Roots: 0.3ms
[2024-08-27T14:57:56.485+0000][info][gc,phases      ] GC(1192)   Evacuate Collection Set: 20.5ms
[2024-08-27T14:57:56.485+0000][info][gc,phases      ] GC(1192)   Post Evacuate Collection Set: 0.3ms
[2024-08-27T14:57:56.485+0000][info][gc,phases      ] GC(1192)   Other: 0.2ms
[2024-08-27T14:57:56.485+0000][info][gc,heap        ] GC(1192) Eden regions: 150->0(103)
[2024-08-27T14:57:56.485+0000][info][gc,heap        ] GC(1192) Survivor regions: 0->19(19)
[2024-08-27T14:57:56.485+0000][info][gc,heap        ] GC(1192) Old regions: 444->571
[2024-08-27T14:57:56.485+0000][info][gc,heap        ] GC(1192) Archive regions: 2->2
[2024-08-27T14:57:56.485+0000][info][gc,heap        ] GC(1192) Humongous regions: 5->5
[2024-08-27T14:57:56.485+0000][info][gc,metaspace   ] GC(1192) Metaspace: 100K(320K)->100K(320K) NonClass: 96K(192K)->96K(192K) Class: 4K(128K)->4K(128K)
[2024-08-27T14:57:56.485+0000][info][gc             ] GC(1192) Pause Young (Normal) (G1 Evacuation Pause) 588M->583M(1024M) 21.650ms
[2024-08-27T14:57:56.485+0000][info][gc,cpu         ] GC(1192) User=0.50s Sys=0.00s Real=0.02s
[2024-08-27T14:57:56.532+0000][info][gc,start       ] GC(1193) Pause Young (Concurrent Start) (G1 Evacuation Pause)
[2024-08-27T14:57:56.532+0000][info][gc,task        ] GC(1193) Using 24 workers of 68 for evacuation
[2024-08-27T14:57:56.551+0000][info][gc,phases      ] GC(1193)   Pre Evacuate Collection Set: 0.2ms
[2024-08-27T14:57:56.551+0000][info][gc,phases      ] GC(1193)   Merge Heap Roots: 0.4ms
[2024-08-27T14:57:56.551+0000][info][gc,phases      ] GC(1193)   Evacuate Collection Set: 18.1ms
[2024-08-27T14:57:56.551+0000][info][gc,phases      ] GC(1193)   Post Evacuate Collection Set: 0.3ms
[2024-08-27T14:57:56.551+0000][info][gc,phases      ] GC(1193)   Other: 0.6ms
[2024-08-27T14:57:56.551+0000][info][gc,heap        ] GC(1193) Eden regions: 103->0(70)
[2024-08-27T14:57:56.552+0000][info][gc,heap        ] GC(1193) Survivor regions: 19->16(16)
[2024-08-27T14:57:56.552+0000][info][gc,heap        ] GC(1193) Old regions: 571->677
[2024-08-27T14:57:56.552+0000][info][gc,heap        ] GC(1193) Archive regions: 2->2
[2024-08-27T14:57:56.552+0000][info][gc,heap        ] GC(1193) Humongous regions: 5->5
[2024-08-27T14:57:56.552+0000][info][gc,metaspace   ] GC(1193) Metaspace: 100K(320K)->100K(320K) NonClass: 96K(192K)->96K(192K) Class: 4K(128K)->4K(128K)
[2024-08-27T14:57:56.552+0000][info][gc             ] GC(1193) Pause Young (Concurrent Start) (G1 Evacuation Pause) 686M->687M(1024M) 19.692ms
[2024-08-27T14:57:56.552+0000][info][gc,cpu         ] GC(1193) User=0.45s Sys=0.00s Real=0.02s
[2024-08-27T14:57:56.552+0000][info][gc             ] GC(1194) Concurrent Mark Cycle
[2024-08-27T14:57:56.552+0000][info][gc,marking     ] GC(1194) Concurrent Clear Claimed Marks
[2024-08-27T14:57:56.552+0000][info][gc,marking     ] GC(1194) Concurrent Clear Claimed Marks 0.010ms
[2024-08-27T14:57:56.552+0000][info][gc,marking     ] GC(1194) Concurrent Scan Root Regions
[2024-08-27T14:57:56.555+0000][info][gc,marking     ] GC(1194) Concurrent Scan Root Regions 3.226ms
[2024-08-27T14:57:56.555+0000][info][gc,marking     ] GC(1194) Concurrent Mark
[2024-08-27T14:57:56.555+0000][info][gc,marking     ] GC(1194) Concurrent Mark From Roots
[2024-08-27T14:57:56.555+0000][info][gc,task        ] GC(1194) Using 17 workers of 17 for marking
[2024-08-27T14:57:56.574+0000][info][gc,marking     ] GC(1194) Concurrent Mark From Roots 18.988ms
[2024-08-27T14:57:56.574+0000][info][gc,marking     ] GC(1194) Concurrent Preclean
[2024-08-27T14:57:56.576+0000][info][gc,marking     ] GC(1194) Concurrent Preclean 1.698ms
[2024-08-27T14:57:56.576+0000][info][gc,start       ] GC(1194) Pause Remark
[2024-08-27T14:57:56.577+0000][info][gc             ] GC(1194) Pause Remark 725M->725M(1024M) 1.173ms
[2024-08-27T14:57:56.577+0000][info][gc,cpu         ] GC(1194) User=0.01s Sys=0.00s Real=0.00s
[2024-08-27T14:57:56.577+0000][info][gc,marking     ] GC(1194) Concurrent Mark 22.202ms
[2024-08-27T14:57:56.577+0000][info][gc,marking     ] GC(1194) Concurrent Rebuild Remembered Sets
[2024-08-27T14:57:56.591+0000][info][gc,start       ] GC(1195) Pause Young (Normal) (G1 Evacuation Pause)
[2024-08-27T14:57:56.591+0000][info][gc,task        ] GC(1195) Using 24 workers of 68 for evacuation
[2024-08-27T14:57:56.607+0000][info][gc,phases      ] GC(1195)   Pre Evacuate Collection Set: 0.2ms
[2024-08-27T14:57:56.607+0000][info][gc,phases      ] GC(1195)   Merge Heap Roots: 0.3ms
[2024-08-27T14:57:56.607+0000][info][gc,phases      ] GC(1195)   Evacuate Collection Set: 14.9ms
[2024-08-27T14:57:56.607+0000][info][gc,phases      ] GC(1195)   Post Evacuate Collection Set: 0.5ms
[2024-08-27T14:57:56.607+0000][info][gc,phases      ] GC(1195)   Other: 0.2ms
[2024-08-27T14:57:56.607+0000][info][gc,heap        ] GC(1195) Eden regions: 70->0(46)
[2024-08-27T14:57:56.607+0000][info][gc,heap        ] GC(1195) Survivor regions: 16->11(11)
[2024-08-27T14:57:56.607+0000][info][gc,heap        ] GC(1195) Old regions: 677->755
[2024-08-27T14:57:56.607+0000][info][gc,heap        ] GC(1195) Archive regions: 2->2
[2024-08-27T14:57:56.607+0000][info][gc,heap        ] GC(1195) Humongous regions: 5->5
[2024-08-27T14:57:56.607+0000][info][gc,metaspace   ] GC(1195) Metaspace: 100K(320K)->100K(320K) NonClass: 96K(192K)->96K(192K) Class: 4K(128K)->4K(128K)
[2024-08-27T14:57:56.607+0000][info][gc             ] GC(1195) Pause Young (Normal) (G1 Evacuation Pause) 757M->760M(1024M) 16.037ms
[2024-08-27T14:57:56.607+0000][info][gc,cpu         ] GC(1195) User=0.37s Sys=0.00s Real=0.01s
[2024-08-27T14:57:56.628+0000][info][gc,start       ] GC(1196) Pause Young (Normal) (G1 Evacuation Pause)
[2024-08-27T14:57:56.628+0000][info][gc,task        ] GC(1196) Using 24 workers of 68 for evacuation
[2024-08-27T14:57:56.646+0000][info][gc,phases      ] GC(1196)   Pre Evacuate Collection Set: 0.1ms
[2024-08-27T14:57:56.646+0000][info][gc,phases      ] GC(1196)   Merge Heap Roots: 0.5ms
[2024-08-27T14:57:56.646+0000][info][gc,phases      ] GC(1196)   Evacuate Collection Set: 16.9ms
[2024-08-27T14:57:56.646+0000][info][gc,phases      ] GC(1196)   Post Evacuate Collection Set: 0.6ms
[2024-08-27T14:57:56.646+0000][info][gc,phases      ] GC(1196)   Other: 0.2ms
[2024-08-27T14:57:56.646+0000][info][gc,heap        ] GC(1196) Eden regions: 46->0(43)
[2024-08-27T14:57:56.646+0000][info][gc,heap        ] GC(1196) Survivor regions: 11->8(8)
[2024-08-27T14:57:56.646+0000][info][gc,heap        ] GC(1196) Old regions: 755->809
[2024-08-27T14:57:56.646+0000][info][gc,heap        ] GC(1196) Archive regions: 2->2
[2024-08-27T14:57:56.646+0000][info][gc,heap        ] GC(1196) Humongous regions: 5->5
[2024-08-27T14:57:56.646+0000][info][gc,metaspace   ] GC(1196) Metaspace: 100K(320K)->100K(320K) NonClass: 96K(192K)->96K(192K) Class: 4K(128K)->4K(128K)
[2024-08-27T14:57:56.646+0000][info][gc             ] GC(1196) Pause Young (Normal) (G1 Evacuation Pause) 806M->810M(1024M) 18.452ms
[2024-08-27T14:57:56.646+0000][info][gc,cpu         ] GC(1196) User=0.42s Sys=0.00s Real=0.02s
[2024-08-27T14:57:56.665+0000][info][gc,start       ] GC(1197) Pause Young (Normal) (G1 Evacuation Pause)
[2024-08-27T14:57:56.665+0000][info][gc,task        ] GC(1197) Using 24 workers of 68 for evacuation
[2024-08-27T14:57:56.682+0000][info][gc,phases      ] GC(1197)   Pre Evacuate Collection Set: 0.2ms
[2024-08-27T14:57:56.682+0000][info][gc,phases      ] GC(1197)   Merge Heap Roots: 0.4ms
[2024-08-27T14:57:56.682+0000][info][gc,phases      ] GC(1197)   Evacuate Collection Set: 15.6ms
[2024-08-27T14:57:56.682+0000][info][gc,phases      ] GC(1197)   Post Evacuate Collection Set: 0.7ms
[2024-08-27T14:57:56.682+0000][info][gc,phases      ] GC(1197)   Other: 0.2ms
[2024-08-27T14:57:56.682+0000][info][gc,heap        ] GC(1197) Eden regions: 43->0(44)
[2024-08-27T14:57:56.682+0000][info][gc,heap        ] GC(1197) Survivor regions: 8->7(7)
[2024-08-27T14:57:56.682+0000][info][gc,heap        ] GC(1197) Old regions: 809->857
[2024-08-27T14:57:56.682+0000][info][gc,heap        ] GC(1197) Archive regions: 2->2
[2024-08-27T14:57:56.682+0000][info][gc,heap        ] GC(1197) Humongous regions: 5->5
[2024-08-27T14:57:56.682+0000][info][gc,metaspace   ] GC(1197) Metaspace: 100K(320K)->100K(320K) NonClass: 96K(192K)->96K(192K) Class: 4K(128K)->4K(128K)
[2024-08-27T14:57:56.682+0000][info][gc             ] GC(1197) Pause Young (Normal) (G1 Evacuation Pause) 853M->858M(1024M) 17.120ms
[2024-08-27T14:57:56.682+0000][info][gc,cpu         ] GC(1197) User=0.38s Sys=0.02s Real=0.02s
[2024-08-27T14:57:56.695+0000][info][gc,marking     ] GC(1194) Concurrent Rebuild Remembered Sets 117.830ms
[2024-08-27T14:57:56.695+0000][info][gc,start       ] GC(1194) Pause Cleanup
[2024-08-27T14:57:56.696+0000][info][gc             ] GC(1194) Pause Cleanup 886M->886M(1024M) 1.004ms
[2024-08-27T14:57:56.696+0000][info][gc,cpu         ] GC(1194) User=0.00s Sys=0.00s Real=0.00s
[2024-08-27T14:57:56.696+0000][info][gc,marking     ] GC(1194) Concurrent Cleanup for Next Mark
[2024-08-27T14:57:56.697+0000][info][gc,marking     ] GC(1194) Concurrent Cleanup for Next Mark 0.545ms
[2024-08-27T14:57:56.697+0000][info][gc             ] GC(1194) Concurrent Mark Cycle 145.221ms
[2024-08-27T14:57:56.705+0000][info][gc,start       ] GC(1198) Pause Young (Prepare Mixed) (G1 Evacuation Pause)
[2024-08-27T14:57:56.705+0000][info][gc,task        ] GC(1198) Using 24 workers of 68 for evacuation
[2024-08-27T14:57:56.722+0000][info][gc,phases      ] GC(1198)   Pre Evacuate Collection Set: 0.2ms
[2024-08-27T14:57:56.722+0000][info][gc,phases      ] GC(1198)   Merge Heap Roots: 0.6ms
[2024-08-27T14:57:56.722+0000][info][gc,phases      ] GC(1198)   Evacuate Collection Set: 15.9ms
[2024-08-27T14:57:56.722+0000][info][gc,phases      ] GC(1198)   Post Evacuate Collection Set: 0.3ms
[2024-08-27T14:57:56.722+0000][info][gc,phases      ] GC(1198)   Other: 0.2ms
[2024-08-27T14:57:56.722+0000][info][gc,heap        ] GC(1198) Eden regions: 44->0(44)
[2024-08-27T14:57:56.722+0000][info][gc,heap        ] GC(1198) Survivor regions: 7->7(7)
[2024-08-27T14:57:56.722+0000][info][gc,heap        ] GC(1198) Old regions: 857->904
[2024-08-27T14:57:56.722+0000][info][gc,heap        ] GC(1198) Archive regions: 2->2
[2024-08-27T14:57:56.722+0000][info][gc,heap        ] GC(1198) Humongous regions: 5->5
[2024-08-27T14:57:56.722+0000][info][gc,metaspace   ] GC(1198) Metaspace: 100K(320K)->100K(320K) NonClass: 96K(192K)->96K(192K) Class: 4K(128K)->4K(128K)
[2024-08-27T14:57:56.722+0000][info][gc             ] GC(1198) Pause Young (Prepare Mixed) (G1 Evacuation Pause) 902M->904M(1024M) 17.221ms
[2024-08-27T14:57:56.722+0000][info][gc,cpu         ] GC(1198) User=0.39s Sys=0.00s Real=0.02s
[2024-08-27T14:57:56.743+0000][info][gc,start       ] GC(1199) Pause Young (Mixed) (G1 Evacuation Pause)
[2024-08-27T14:57:56.743+0000][info][gc,task        ] GC(1199) Using 24 workers of 68 for evacuation
[2024-08-27T14:57:56.754+0000][info][gc,phases      ] GC(1199)   Pre Evacuate Collection Set: 0.2ms
[2024-08-27T14:57:56.754+0000][info][gc,phases      ] GC(1199)   Merge Heap Roots: 0.4ms
[2024-08-27T14:57:56.754+0000][info][gc,phases      ] GC(1199)   Evacuate Collection Set: 9.8ms
[2024-08-27T14:57:56.754+0000][info][gc,phases      ] GC(1199)   Post Evacuate Collection Set: 0.4ms
[2024-08-27T14:57:56.754+0000][info][gc,phases      ] GC(1199)   Other: 0.2ms
[2024-08-27T14:57:56.754+0000][info][gc,heap        ] GC(1199) Eden regions: 44->0(44)
[2024-08-27T14:57:56.754+0000][info][gc,heap        ] GC(1199) Survivor regions: 7->7(7)
[2024-08-27T14:57:56.754+0000][info][gc,heap        ] GC(1199) Old regions: 904->848
[2024-08-27T14:57:56.754+0000][info][gc,heap        ] GC(1199) Archive regions: 2->2
[2024-08-27T14:57:56.754+0000][info][gc,heap        ] GC(1199) Humongous regions: 5->5
[2024-08-27T14:57:56.754+0000][info][gc,metaspace   ] GC(1199) Metaspace: 100K(320K)->100K(320K) NonClass: 96K(192K)->96K(192K) Class: 4K(128K)->4K(128K)
[2024-08-27T14:57:56.754+0000][info][gc             ] GC(1199) Pause Young (Mixed) (G1 Evacuation Pause) 948M->853M(1024M) 11.124ms
[2024-08-27T14:57:56.754+0000][info][gc,cpu         ] GC(1199) User=0.25s Sys=0.00s Real=0.01s
[2024-08-27T14:57:56.774+0000][info][gc,start       ] GC(1200) Pause Young (Mixed) (G1 Evacuation Pause)
[2024-08-27T14:57:56.774+0000][info][gc,task        ] GC(1200) Using 24 workers of 68 for evacuation
[2024-08-27T14:57:56.785+0000][info][gc,phases      ] GC(1200)   Pre Evacuate Collection Set: 0.2ms
[2024-08-27T14:57:56.785+0000][info][gc,phases      ] GC(1200)   Merge Heap Roots: 0.3ms
[2024-08-27T14:57:56.785+0000][info][gc,phases      ] GC(1200)   Evacuate Collection Set: 9.6ms
[2024-08-27T14:57:56.785+0000][info][gc,phases      ] GC(1200)   Post Evacuate Collection Set: 0.4ms
[2024-08-27T14:57:56.785+0000][info][gc,phases      ] GC(1200)   Other: 0.2ms
[2024-08-27T14:57:56.785+0000][info][gc,heap        ] GC(1200) Eden regions: 44->0(44)
[2024-08-27T14:57:56.785+0000][info][gc,heap        ] GC(1200) Survivor regions: 7->7(7)
[2024-08-27T14:57:56.785+0000][info][gc,heap        ] GC(1200) Old regions: 848->808
[2024-08-27T14:57:56.785+0000][info][gc,heap        ] GC(1200) Archive regions: 2->2
[2024-08-27T14:57:56.785+0000][info][gc,heap        ] GC(1200) Humongous regions: 5->5
[2024-08-27T14:57:56.785+0000][info][gc,metaspace   ] GC(1200) Metaspace: 100K(320K)->100K(320K) NonClass: 96K(192K)->96K(192K) Class: 4K(128K)->4K(128K)
[2024-08-27T14:57:56.785+0000][info][gc             ] GC(1200) Pause Young (Mixed) (G1 Evacuation Pause) 897M->817M(1024M) 10.853ms
[2024-08-27T14:57:56.785+0000][info][gc,cpu         ] GC(1200) User=0.24s Sys=0.00s Real=0.01s
[2024-08-27T14:57:56.804+0000][info][gc,start       ] GC(1201) Pause Young (Concurrent Start) (G1 Evacuation Pause)
[2024-08-27T14:57:56.804+0000][info][gc,task        ] GC(1201) Using 24 workers of 68 for evacuation
[2024-08-27T14:57:56.814+0000][info][gc,phases      ] GC(1201)   Pre Evacuate Collection Set: 0.2ms
[2024-08-27T14:57:56.815+0000][info][gc,phases      ] GC(1201)   Merge Heap Roots: 0.3ms
[2024-08-27T14:57:56.815+0000][info][gc,phases      ] GC(1201)   Evacuate Collection Set: 9.0ms
[2024-08-27T14:57:56.815+0000][info][gc,phases      ] GC(1201)   Post Evacuate Collection Set: 0.3ms
[2024-08-27T14:57:56.815+0000][info][gc,phases      ] GC(1201)   Other: 0.6ms
[2024-08-27T14:57:56.815+0000][info][gc,heap        ] GC(1201) Eden regions: 44->0(44)
[2024-08-27T14:57:56.815+0000][info][gc,heap        ] GC(1201) Survivor regions: 7->7(7)
[2024-08-27T14:57:56.815+0000][info][gc,heap        ] GC(1201) Old regions: 808->854
[2024-08-27T14:57:56.815+0000][info][gc,heap        ] GC(1201) Archive regions: 2->2
[2024-08-27T14:57:56.815+0000][info][gc,heap        ] GC(1201) Humongous regions: 5->5
[2024-08-27T14:57:56.815+0000][info][gc,metaspace   ] GC(1201) Metaspace: 100K(320K)->100K(320K) NonClass: 96K(192K)->96K(192K) Class: 4K(128K)->4K(128K)
[2024-08-27T14:57:56.815+0000][info][gc             ] GC(1201) Pause Young (Concurrent Start) (G1 Evacuation Pause) 861M->863M(1024M) 10.430ms
[2024-08-27T14:57:56.815+0000][info][gc,cpu         ] GC(1201) User=0.22s Sys=0.00s Real=0.01s
[2024-08-27T14:57:56.815+0000][info][gc             ] GC(1202) Concurrent Mark Cycle
[2024-08-27T14:57:56.815+0000][info][gc,marking     ] GC(1202) Concurrent Clear Claimed Marks
[2024-08-27T14:57:56.815+0000][info][gc,marking     ] GC(1202) Concurrent Clear Claimed Marks 0.013ms
[2024-08-27T14:57:56.815+0000][info][gc,marking     ] GC(1202) Concurrent Scan Root Regions
[2024-08-27T14:57:56.816+0000][info][gc,marking     ] GC(1202) Concurrent Scan Root Regions 1.466ms
[2024-08-27T14:57:56.816+0000][info][gc,marking     ] GC(1202) Concurrent Mark
[2024-08-27T14:57:56.816+0000][info][gc,marking     ] GC(1202) Concurrent Mark From Roots
[2024-08-27T14:57:56.816+0000][info][gc,task        ] GC(1202) Using 17 workers of 17 for marking
[2024-08-27T14:57:56.838+0000][info][gc,marking     ] GC(1202) Concurrent Mark From Roots 21.828ms
[2024-08-27T14:57:56.838+0000][info][gc,marking     ] GC(1202) Concurrent Preclean
[2024-08-27T14:57:56.839+0000][info][gc,marking     ] GC(1202) Concurrent Preclean 0.494ms
[2024-08-27T14:57:56.839+0000][info][gc,start       ] GC(1202) Pause Remark
[2024-08-27T14:57:56.840+0000][info][gc             ] GC(1202) Pause Remark 902M->902M(1024M) 1.236ms
[2024-08-27T14:57:56.840+0000][info][gc,cpu         ] GC(1202) User=0.01s Sys=0.00s Real=0.00s
[2024-08-27T14:57:56.840+0000][info][gc,marking     ] GC(1202) Concurrent Mark 23.907ms
[2024-08-27T14:57:56.840+0000][info][gc,marking     ] GC(1202) Concurrent Rebuild Remembered Sets
[2024-08-27T14:57:56.843+0000][info][gc,start       ] GC(1203) Pause Young (Normal) (G1 Evacuation Pause)
[2024-08-27T14:57:56.843+0000][info][gc,task        ] GC(1203) Using 24 workers of 68 for evacuation
[2024-08-27T14:57:56.853+0000][info][gc,phases      ] GC(1203)   Pre Evacuate Collection Set: 0.2ms
[2024-08-27T14:57:56.853+0000][info][gc,phases      ] GC(1203)   Merge Heap Roots: 0.2ms
[2024-08-27T14:57:56.853+0000][info][gc,phases      ] GC(1203)   Evacuate Collection Set: 9.0ms
[2024-08-27T14:57:56.853+0000][info][gc,phases      ] GC(1203)   Post Evacuate Collection Set: 0.4ms
[2024-08-27T14:57:56.853+0000][info][gc,phases      ] GC(1203)   Other: 0.2ms
[2024-08-27T14:57:56.853+0000][info][gc,heap        ] GC(1203) Eden regions: 44->0(44)
[2024-08-27T14:57:56.853+0000][info][gc,heap        ] GC(1203) Survivor regions: 7->7(7)
[2024-08-27T14:57:56.853+0000][info][gc,heap        ] GC(1203) Old regions: 854->902
[2024-08-27T14:57:56.853+0000][info][gc,heap        ] GC(1203) Archive regions: 2->2
[2024-08-27T14:57:56.853+0000][info][gc,heap        ] GC(1203) Humongous regions: 5->5
[2024-08-27T14:57:56.853+0000][info][gc,metaspace   ] GC(1203) Metaspace: 100K(320K)->100K(320K) NonClass: 96K(192K)->96K(192K) Class: 4K(128K)->4K(128K)
[2024-08-27T14:57:56.853+0000][info][gc             ] GC(1203) Pause Young (Normal) (G1 Evacuation Pause) 907M->910M(1024M) 10.073ms
[2024-08-27T14:57:56.853+0000][info][gc,cpu         ] GC(1203) User=0.22s Sys=0.00s Real=0.01s
[2024-08-27T14:57:56.872+0000][info][gc,start       ] GC(1204) Pause Young (Normal) (G1 Evacuation Pause)
[2024-08-27T14:57:56.872+0000][info][gc,task        ] GC(1204) Using 24 workers of 68 for evacuation
[2024-08-27T14:57:56.885+0000][info][gc,phases      ] GC(1204)   Pre Evacuate Collection Set: 0.2ms
[2024-08-27T14:57:56.886+0000][info][gc,phases      ] GC(1204)   Merge Heap Roots: 0.3ms
[2024-08-27T14:57:56.886+0000][info][gc,phases      ] GC(1204)   Evacuate Collection Set: 12.0ms
[2024-08-27T14:57:56.886+0000][info][gc,phases      ] GC(1204)   Post Evacuate Collection Set: 0.5ms
[2024-08-27T14:57:56.886+0000][info][gc,phases      ] GC(1204)   Other: 0.2ms
[2024-08-27T14:57:56.886+0000][info][gc,heap        ] GC(1204) Eden regions: 44->0(44)
[2024-08-27T14:57:56.886+0000][info][gc,heap        ] GC(1204) Survivor regions: 7->7(7)
[2024-08-27T14:57:56.886+0000][info][gc,heap        ] GC(1204) Old regions: 902->949
[2024-08-27T14:57:56.886+0000][info][gc,heap        ] GC(1204) Archive regions: 2->2
[2024-08-27T14:57:56.886+0000][info][gc,heap        ] GC(1204) Humongous regions: 5->5
[2024-08-27T14:57:56.886+0000][info][gc,metaspace   ] GC(1204) Metaspace: 100K(320K)->100K(320K) NonClass: 96K(192K)->96K(192K) Class: 4K(128K)->4K(128K)
[2024-08-27T14:57:56.886+0000][info][gc             ] GC(1204) Pause Young (Normal) (G1 Evacuation Pause) 954M->957M(1024M) 13.298ms
[2024-08-27T14:57:56.886+0000][info][gc,cpu         ] GC(1204) User=0.30s Sys=0.00s Real=0.01s
[2024-08-27T14:57:56.897+0000][info][gc,start       ] GC(1205) Pause Young (Normal) (G1 Preventive Collection)
[2024-08-27T14:57:56.897+0000][info][gc,task        ] GC(1205) Using 24 workers of 68 for evacuation
[2024-08-27T14:57:56.910+0000][info][gc,phases      ] GC(1205)   Pre Evacuate Collection Set: 0.1ms
[2024-08-27T14:57:56.910+0000][info][gc,phases      ] GC(1205)   Merge Heap Roots: 0.3ms
[2024-08-27T14:57:56.910+0000][info][gc,phases      ] GC(1205)   Evacuate Collection Set: 11.4ms
[2024-08-27T14:57:56.910+0000][info][gc,phases      ] GC(1205)   Post Evacuate Collection Set: 0.6ms
[2024-08-27T14:57:56.910+0000][info][gc,phases      ] GC(1205)   Other: 0.2ms
[2024-08-27T14:57:56.910+0000][info][gc,heap        ] GC(1205) Eden regions: 25->0(44)
[2024-08-27T14:57:56.910+0000][info][gc,heap        ] GC(1205) Survivor regions: 7->7(7)
[2024-08-27T14:57:56.910+0000][info][gc,heap        ] GC(1205) Old regions: 949->977
[2024-08-27T14:57:56.910+0000][info][gc,heap        ] GC(1205) Archive regions: 2->2
[2024-08-27T14:57:56.910+0000][info][gc,heap        ] GC(1205) Humongous regions: 5->5
[2024-08-27T14:57:56.910+0000][info][gc,metaspace   ] GC(1205) Metaspace: 100K(320K)->100K(320K) NonClass: 96K(192K)->96K(192K) Class: 4K(128K)->4K(128K)
[2024-08-27T14:57:56.910+0000][info][gc             ] GC(1205) Pause Young (Normal) (G1 Preventive Collection) 982M->985M(1024M) 12.703ms
[2024-08-27T14:57:56.910+0000][info][gc,cpu         ] GC(1205) User=0.29s Sys=0.00s Real=0.02s
[2024-08-27T14:57:56.916+0000][info][gc,start       ] GC(1206) Pause Young (Normal) (G1 Preventive Collection)
[2024-08-27T14:57:56.916+0000][info][gc,task        ] GC(1206) Using 24 workers of 68 for evacuation
[2024-08-27T14:57:56.925+0000][info][gc,phases      ] GC(1206)   Pre Evacuate Collection Set: 0.1ms
[2024-08-27T14:57:56.925+0000][info][gc,phases      ] GC(1206)   Merge Heap Roots: 0.4ms
[2024-08-27T14:57:56.925+0000][info][gc,phases      ] GC(1206)   Evacuate Collection Set: 8.4ms
[2024-08-27T14:57:56.925+0000][info][gc,phases      ] GC(1206)   Post Evacuate Collection Set: 0.6ms
[2024-08-27T14:57:56.925+0000][info][gc,phases      ] GC(1206)   Other: 0.1ms
[2024-08-27T14:57:56.925+0000][info][gc,heap        ] GC(1206) Eden regions: 12->0(44)
[2024-08-27T14:57:56.925+0000][info][gc,heap        ] GC(1206) Survivor regions: 7->7(7)
[2024-08-27T14:57:56.925+0000][info][gc,heap        ] GC(1206) Old regions: 977->991
[2024-08-27T14:57:56.925+0000][info][gc,heap        ] GC(1206) Archive regions: 2->2
[2024-08-27T14:57:56.925+0000][info][gc,heap        ] GC(1206) Humongous regions: 5->5
[2024-08-27T14:57:56.925+0000][info][gc,metaspace   ] GC(1206) Metaspace: 100K(320K)->100K(320K) NonClass: 96K(192K)->96K(192K) Class: 4K(128K)->4K(128K)
[2024-08-27T14:57:56.925+0000][info][gc             ] GC(1206) Pause Young (Normal) (G1 Preventive Collection) 997M->1000M(1024M) 9.737ms
[2024-08-27T14:57:56.925+0000][info][gc,cpu         ] GC(1206) User=0.22s Sys=0.01s Real=0.01s
[2024-08-27T14:57:56.928+0000][info][gc,start       ] GC(1207) Pause Young (Normal) (G1 Preventive Collection)
[2024-08-27T14:57:56.928+0000][info][gc,task        ] GC(1207) Using 24 workers of 68 for evacuation
[2024-08-27T14:57:56.936+0000][info][gc             ] GC(1207) To-space exhausted
[2024-08-27T14:57:56.936+0000][info][gc,phases      ] GC(1207)   Pre Evacuate Collection Set: 0.1ms
[2024-08-27T14:57:56.936+0000][info][gc,phases      ] GC(1207)   Merge Heap Roots: 0.3ms
[2024-08-27T14:57:56.936+0000][info][gc,phases      ] GC(1207)   Evacuate Collection Set: 6.8ms
[2024-08-27T14:57:56.936+0000][info][gc,phases      ] GC(1207)   Post Evacuate Collection Set: 0.8ms
[2024-08-27T14:57:56.936+0000][info][gc,phases      ] GC(1207)   Other: 0.2ms
[2024-08-27T14:57:56.936+0000][info][gc,heap        ] GC(1207) Eden regions: 5->0(46)
[2024-08-27T14:57:56.936+0000][info][gc,heap        ] GC(1207) Survivor regions: 7->5(7)
[2024-08-27T14:57:56.936+0000][info][gc,heap        ] GC(1207) Old regions: 991->1011
[2024-08-27T14:57:56.936+0000][info][gc,heap        ] GC(1207) Archive regions: 2->2
[2024-08-27T14:57:56.936+0000][info][gc,heap        ] GC(1207) Humongous regions: 5->5
[2024-08-27T14:57:56.936+0000][info][gc,metaspace   ] GC(1207) Metaspace: 100K(320K)->100K(320K) NonClass: 96K(192K)->96K(192K) Class: 4K(128K)->4K(128K)
[2024-08-27T14:57:56.936+0000][info][gc             ] GC(1207) Pause Young (Normal) (G1 Preventive Collection) 1005M->1018M(1024M) 8.310ms
[2024-08-27T14:57:56.936+0000][info][gc,cpu         ] GC(1207) User=0.18s Sys=0.00s Real=0.01s
[2024-08-27T14:57:56.937+0000][info][gc,start       ] GC(1208) Pause Young (Normal) (G1 Evacuation Pause)
[2024-08-27T14:57:56.937+0000][info][gc,task        ] GC(1208) Using 24 workers of 68 for evacuation
[2024-08-27T14:57:56.944+0000][info][gc             ] GC(1208) To-space exhausted
[2024-08-27T14:57:56.944+0000][info][gc,phases      ] GC(1208)   Pre Evacuate Collection Set: 0.1ms
[2024-08-27T14:57:56.944+0000][info][gc,phases      ] GC(1208)   Merge Heap Roots: 0.5ms
[2024-08-27T14:57:56.944+0000][info][gc,phases      ] GC(1208)   Evacuate Collection Set: 5.4ms
[2024-08-27T14:57:56.944+0000][info][gc,phases      ] GC(1208)   Post Evacuate Collection Set: 1.0ms
[2024-08-27T14:57:56.944+0000][info][gc,phases      ] GC(1208)   Other: 0.1ms
[2024-08-27T14:57:56.944+0000][info][gc,heap        ] GC(1208) Eden regions: 1->0(51)
[2024-08-27T14:57:56.944+0000][info][gc,heap        ] GC(1208) Survivor regions: 5->0(0)
[2024-08-27T14:57:56.944+0000][info][gc,heap        ] GC(1208) Old regions: 1011->1017
[2024-08-27T14:57:56.944+0000][info][gc,heap        ] GC(1208) Archive regions: 2->2
[2024-08-27T14:57:56.944+0000][info][gc,heap        ] GC(1208) Humongous regions: 5->5
[2024-08-27T14:57:56.945+0000][info][gc,metaspace   ] GC(1208) Metaspace: 100K(320K)->100K(320K) NonClass: 96K(192K)->96K(192K) Class: 4K(128K)->4K(128K)
[2024-08-27T14:57:56.945+0000][info][gc             ] GC(1208) Pause Young (Normal) (G1 Evacuation Pause) 1019M->1019M(1024M) 7.124ms
[2024-08-27T14:57:56.945+0000][info][gc,cpu         ] GC(1208) User=0.15s Sys=0.00s Real=0.01s
[2024-08-27T14:57:56.945+0000][info][gc,ergo        ] Attempting full compaction
[2024-08-27T14:57:56.945+0000][info][gc,task        ] GC(1209) Using 24 workers of 68 for full compaction
[2024-08-27T14:57:56.945+0000][info][gc,start       ] GC(1209) Pause Full (G1 Compaction Pause)
[2024-08-27T14:57:56.945+0000][info][gc,phases,start] GC(1209) Phase 1: Mark live objects
[2024-08-27T14:57:56.959+0000][info][gc,phases      ] GC(1209) Phase 1: Mark live objects 13.133ms
[2024-08-27T14:57:56.959+0000][info][gc,phases,start] GC(1209) Phase 2: Prepare for compaction
[2024-08-27T14:57:56.966+0000][info][gc,phases      ] GC(1209) Phase 2: Prepare for compaction 7.865ms
[2024-08-27T14:57:56.966+0000][info][gc,phases,start] GC(1209) Phase 3: Adjust pointers
[2024-08-27T14:57:56.981+0000][info][gc,phases      ] GC(1209) Phase 3: Adjust pointers 14.110ms
[2024-08-27T14:57:56.981+0000][info][gc,phases,start] GC(1209) Phase 4: Compact heap
[2024-08-27T14:57:57.008+0000][info][gc,phases      ] GC(1209) Phase 4: Compact heap 27.348ms
[2024-08-27T14:57:57.009+0000][info][gc,heap        ] GC(1209) Eden regions: 0->0(150)
[2024-08-27T14:57:57.009+0000][info][gc,heap        ] GC(1209) Survivor regions: 0->0(0)
[2024-08-27T14:57:57.009+0000][info][gc,heap        ] GC(1209) Old regions: 1017->442
[2024-08-27T14:57:57.009+0000][info][gc,heap        ] GC(1209) Archive regions: 2->2
[2024-08-27T14:57:57.009+0000][info][gc,heap        ] GC(1209) Humongous regions: 5->5
[2024-08-27T14:57:57.009+0000][info][gc,metaspace   ] GC(1209) Metaspace: 100K(320K)->100K(320K) NonClass: 96K(192K)->96K(192K) Class: 4K(128K)->4K(128K)
[2024-08-27T14:57:57.009+0000][info][gc             ] GC(1209) Pause Full (G1 Compaction Pause) 1019M->437M(1024M) 64.573ms
[2024-08-27T14:57:57.010+0000][info][gc,cpu         ] GC(1209) User=1.40s Sys=0.01s Real=0.07s
[2024-08-27T14:57:57.010+0000][info][gc,marking     ] GC(1202) Concurrent Rebuild Remembered Sets 169.552ms
[2024-08-27T14:57:57.010+0000][info][gc,marking     ] GC(1202) Concurrent Mark Abort
[2024-08-27T14:57:57.010+0000][info][gc             ] GC(1202) Concurrent Mark Cycle 195.100ms
[2024-08-27T14:57:57.082+0000][info][gc,start       ] GC(1210) Pause Young (Normal) (G1 Evacuation Pause)
[2024-08-27T14:57:57.082+0000][info][gc,task        ] GC(1210) Using 24 workers of 68 for evacuation
[2024-08-27T14:57:57.104+0000][info][gc,phases      ] GC(1210)   Pre Evacuate Collection Set: 0.3ms
[2024-08-27T14:57:57.104+0000][info][gc,phases      ] GC(1210)   Merge Heap Roots: 0.4ms
[2024-08-27T14:57:57.104+0000][info][gc,phases      ] GC(1210)   Evacuate Collection Set: 20.6ms
[2024-08-27T14:57:57.104+0000][info][gc,phases      ] GC(1210)   Post Evacuate Collection Set: 0.3ms
[2024-08-27T14:57:57.104+0000][info][gc,phases      ] GC(1210)   Other: 1.2ms
[2024-08-27T14:57:57.104+0000][info][gc,heap        ] GC(1210) Eden regions: 150->0(102)
[2024-08-27T14:57:57.104+0000][info][gc,heap        ] GC(1210) Survivor regions: 0->19(19)
[2024-08-27T14:57:57.104+0000][info][gc,heap        ] GC(1210) Old regions: 442->573
[2024-08-27T14:57:57.104+0000][info][gc,heap        ] GC(1210) Archive regions: 2->2
[2024-08-27T14:57:57.104+0000][info][gc,heap        ] GC(1210) Humongous regions: 5->5
[2024-08-27T14:57:57.104+0000][info][gc,metaspace   ] GC(1210) Metaspace: 100K(320K)->100K(320K) NonClass: 96K(192K)->96K(192K) Class: 4K(128K)->4K(128K)
[2024-08-27T14:57:57.104+0000][info][gc             ] GC(1210) Pause Young (Normal) (G1 Evacuation Pause) 587M->587M(1024M) 22.829ms
[2024-08-27T14:57:57.104+0000][info][gc,cpu         ] GC(1210) User=0.50s Sys=0.00s Real=0.02s
[2024-08-27T14:57:57.150+0000][info][gc,start       ] GC(1211) Pause Young (Concurrent Start) (G1 Evacuation Pause)
[2024-08-27T14:57:57.150+0000][info][gc,task        ] GC(1211) Using 24 workers of 68 for evacuation
[2024-08-27T14:57:57.169+0000][info][gc,phases      ] GC(1211)   Pre Evacuate Collection Set: 0.2ms
[2024-08-27T14:57:57.169+0000][info][gc,phases      ] GC(1211)   Merge Heap Roots: 0.3ms
[2024-08-27T14:57:57.169+0000][info][gc,phases      ] GC(1211)   Evacuate Collection Set: 16.9ms
[2024-08-27T14:57:57.169+0000][info][gc,phases      ] GC(1211)   Post Evacuate Collection Set: 0.3ms
[2024-08-27T14:57:57.169+0000][info][gc,phases      ] GC(1211)   Other: 0.6ms
[2024-08-27T14:57:57.169+0000][info][gc,heap        ] GC(1211) Eden regions: 102->0(69)
[2024-08-27T14:57:57.169+0000][info][gc,heap        ] GC(1211) Survivor regions: 19->16(16)
[2024-08-27T14:57:57.169+0000][info][gc,heap        ] GC(1211) Old regions: 573->678
[2024-08-27T14:57:57.169+0000][info][gc,heap        ] GC(1211) Archive regions: 2->2
[2024-08-27T14:57:57.169+0000][info][gc,heap        ] GC(1211) Humongous regions: 5->5
[2024-08-27T14:57:57.169+0000][info][gc,metaspace   ] GC(1211) Metaspace: 100K(320K)->100K(320K) NonClass: 96K(192K)->96K(192K) Class: 4K(128K)->4K(128K)
[2024-08-27T14:57:57.169+0000][info][gc             ] GC(1211) Pause Young (Concurrent Start) (G1 Evacuation Pause) 689M->689M(1024M) 18.466ms
[2024-08-27T14:57:57.169+0000][info][gc,cpu         ] GC(1211) User=0.42s Sys=0.00s Real=0.01s
[2024-08-27T14:57:57.169+0000][info][gc             ] GC(1212) Concurrent Mark Cycle
[2024-08-27T14:57:57.169+0000][info][gc,marking     ] GC(1212) Concurrent Clear Claimed Marks
[2024-08-27T14:57:57.169+0000][info][gc,marking     ] GC(1212) Concurrent Clear Claimed Marks 0.011ms
[2024-08-27T14:57:57.169+0000][info][gc,marking     ] GC(1212) Concurrent Scan Root Regions
[2024-08-27T14:57:57.172+0000][info][gc,marking     ] GC(1212) Concurrent Scan Root Regions 3.093ms
[2024-08-27T14:57:57.172+0000][info][gc,marking     ] GC(1212) Concurrent Mark
[2024-08-27T14:57:57.172+0000][info][gc,marking     ] GC(1212) Concurrent Mark From Roots
[2024-08-27T14:57:57.172+0000][info][gc,task        ] GC(1212) Using 17 workers of 17 for marking
[2024-08-27T14:57:57.192+0000][info][gc,marking     ] GC(1212) Concurrent Mark From Roots 19.916ms
[2024-08-27T14:57:57.192+0000][info][gc,marking     ] GC(1212) Concurrent Preclean
[2024-08-27T14:57:57.193+0000][info][gc,marking     ] GC(1212) Concurrent Preclean 0.496ms
[2024-08-27T14:57:57.193+0000][info][gc,start       ] GC(1212) Pause Remark
[2024-08-27T14:57:57.194+0000][info][gc             ] GC(1212) Pause Remark 727M->727M(1024M) 1.200ms
[2024-08-27T14:57:57.194+0000][info][gc,cpu         ] GC(1212) User=0.01s Sys=0.00s Real=0.00s
[2024-08-27T14:57:57.194+0000][info][gc,marking     ] GC(1212) Concurrent Mark 21.888ms
[2024-08-27T14:57:57.194+0000][info][gc,marking     ] GC(1212) Concurrent Rebuild Remembered Sets
[2024-08-27T14:57:57.209+0000][info][gc,marking     ] GC(1212) Concurrent Rebuild Remembered Sets 14.652ms
[2024-08-27T14:57:57.209+0000][info][gc,start       ] GC(1212) Pause Cleanup
[2024-08-27T14:57:57.210+0000][info][gc             ] GC(1212) Pause Cleanup 755M->755M(1024M) 1.018ms
[2024-08-27T14:57:57.210+0000][info][gc,cpu         ] GC(1212) User=0.00s Sys=0.01s Real=0.01s
[2024-08-27T14:57:57.210+0000][info][gc,marking     ] GC(1212) Concurrent Cleanup for Next Mark
[2024-08-27T14:57:57.210+0000][info][gc,marking     ] GC(1212) Concurrent Cleanup for Next Mark 0.482ms
[2024-08-27T14:57:57.211+0000][info][gc             ] GC(1212) Concurrent Mark Cycle 41.604ms
[2024-08-27T14:57:57.212+0000][info][gc,start       ] GC(1213) Pause Young (Prepare Mixed) (G1 Evacuation Pause)
[2024-08-27T14:57:57.212+0000][info][gc,task        ] GC(1213) Using 24 workers of 68 for evacuation
[2024-08-27T14:57:57.227+0000][info][gc,phases      ] GC(1213)   Pre Evacuate Collection Set: 0.1ms
[2024-08-27T14:57:57.227+0000][info][gc,phases      ] GC(1213)   Merge Heap Roots: 0.4ms
[2024-08-27T14:57:57.227+0000][info][gc,phases      ] GC(1213)   Evacuate Collection Set: 13.8ms
[2024-08-27T14:57:57.227+0000][info][gc,phases      ] GC(1213)   Post Evacuate Collection Set: 0.3ms
[2024-08-27T14:57:57.227+0000][info][gc,phases      ] GC(1213)   Other: 0.2ms
[2024-08-27T14:57:57.227+0000][info][gc,heap        ] GC(1213) Eden regions: 69->0(40)
[2024-08-27T14:57:57.227+0000][info][gc,heap        ] GC(1213) Survivor regions: 16->11(11)
[2024-08-27T14:57:57.227+0000][info][gc,heap        ] GC(1213) Old regions: 678->756
[2024-08-27T14:57:57.227+0000][info][gc,heap        ] GC(1213) Archive regions: 2->2
[2024-08-27T14:57:57.227+0000][info][gc,heap        ] GC(1213) Humongous regions: 5->5
[2024-08-27T14:57:57.227+0000][info][gc,metaspace   ] GC(1213) Metaspace: 100K(320K)->100K(320K) NonClass: 96K(192K)->96K(192K) Class: 4K(128K)->4K(128K)
[2024-08-27T14:57:57.227+0000][info][gc             ] GC(1213) Pause Young (Prepare Mixed) (G1 Evacuation Pause) 758M->762M(1024M) 14.917ms
[2024-08-27T14:57:57.227+0000][info][gc,cpu         ] GC(1213) User=0.34s Sys=0.00s Real=0.01s
[2024-08-27T14:57:57.245+0000][info][gc,start       ] GC(1214) Pause Young (Mixed) (G1 Evacuation Pause)
[2024-08-27T14:57:57.245+0000][info][gc,task        ] GC(1214) Using 24 workers of 68 for evacuation
[2024-08-27T14:57:57.257+0000][info][gc,phases      ] GC(1214)   Pre Evacuate Collection Set: 0.2ms
[2024-08-27T14:57:57.257+0000][info][gc,phases      ] GC(1214)   Merge Heap Roots: 0.3ms
[2024-08-27T14:57:57.257+0000][info][gc,phases      ] GC(1214)   Evacuate Collection Set: 11.4ms
[2024-08-27T14:57:57.257+0000][info][gc,phases      ] GC(1214)   Post Evacuate Collection Set: 0.4ms
[2024-08-27T14:57:57.257+0000][info][gc,phases      ] GC(1214)   Other: 0.2ms
[2024-08-27T14:57:57.257+0000][info][gc,heap        ] GC(1214) Eden regions: 40->0(44)
[2024-08-27T14:57:57.257+0000][info][gc,heap        ] GC(1214) Survivor regions: 11->7(7)
[2024-08-27T14:57:57.257+0000][info][gc,heap        ] GC(1214) Old regions: 756->701
[2024-08-27T14:57:57.257+0000][info][gc,heap        ] GC(1214) Archive regions: 2->2
[2024-08-27T14:57:57.257+0000][info][gc,heap        ] GC(1214) Humongous regions: 5->5
[2024-08-27T14:57:57.257+0000][info][gc,metaspace   ] GC(1214) Metaspace: 100K(320K)->100K(320K) NonClass: 96K(192K)->96K(192K) Class: 4K(128K)->4K(128K)
[2024-08-27T14:57:57.257+0000][info][gc             ] GC(1214) Pause Young (Mixed) (G1 Evacuation Pause) 802M->704M(1024M) 12.490ms
[2024-08-27T14:57:57.257+0000][info][gc,cpu         ] GC(1214) User=0.27s Sys=0.00s Real=0.01s
[2024-08-27T14:57:57.277+0000][info][gc,start       ] GC(1215) Pause Young (Mixed) (G1 Evacuation Pause)
[2024-08-27T14:57:57.277+0000][info][gc,task        ] GC(1215) Using 24 workers of 68 for evacuation
[2024-08-27T14:57:57.288+0000][info][gc,phases      ] GC(1215)   Pre Evacuate Collection Set: 0.2ms
[2024-08-27T14:57:57.288+0000][info][gc,phases      ] GC(1215)   Merge Heap Roots: 0.4ms
[2024-08-27T14:57:57.288+0000][info][gc,phases      ] GC(1215)   Evacuate Collection Set: 10.4ms
[2024-08-27T14:57:57.288+0000][info][gc,phases      ] GC(1215)   Post Evacuate Collection Set: 0.4ms
[2024-08-27T14:57:57.288+0000][info][gc,phases      ] GC(1215)   Other: 0.2ms
[2024-08-27T14:57:57.288+0000][info][gc,heap        ] GC(1215) Eden regions: 44->0(76)
[2024-08-27T14:57:57.288+0000][info][gc,heap        ] GC(1215) Survivor regions: 7->7(7)
[2024-08-27T14:57:57.288+0000][info][gc,heap        ] GC(1215) Old regions: 701->666
[2024-08-27T14:57:57.288+0000][info][gc,heap        ] GC(1215) Archive regions: 2->2
[2024-08-27T14:57:57.288+0000][info][gc,heap        ] GC(1215) Humongous regions: 5->5
[2024-08-27T14:57:57.288+0000][info][gc,metaspace   ] GC(1215) Metaspace: 100K(320K)->100K(320K) NonClass: 96K(192K)->96K(192K) Class: 4K(128K)->4K(128K)
[2024-08-27T14:57:57.288+0000][info][gc             ] GC(1215) Pause Young (Mixed) (G1 Evacuation Pause) 748M->669M(1024M) 11.672ms
[2024-08-27T14:57:57.288+0000][info][gc,cpu         ] GC(1215) User=0.26s Sys=0.00s Real=0.01s
[2024-08-27T14:57:57.321+0000][info][gc,start       ] GC(1216) Pause Young (Concurrent Start) (G1 Evacuation Pause)
[2024-08-27T14:57:57.321+0000][info][gc,task        ] GC(1216) Using 24 workers of 68 for evacuation
[2024-08-27T14:57:57.337+0000][info][gc,phases      ] GC(1216)   Pre Evacuate Collection Set: 0.2ms
[2024-08-27T14:57:57.337+0000][info][gc,phases      ] GC(1216)   Merge Heap Roots: 0.4ms
[2024-08-27T14:57:57.337+0000][info][gc,phases      ] GC(1216)   Evacuate Collection Set: 13.6ms
[2024-08-27T14:57:57.337+0000][info][gc,phases      ] GC(1216)   Post Evacuate Collection Set: 0.4ms
[2024-08-27T14:57:57.337+0000][info][gc,phases      ] GC(1216)   Other: 0.8ms
[2024-08-27T14:57:57.337+0000][info][gc,heap        ] GC(1216) Eden regions: 76->0(52)
[2024-08-27T14:57:57.337+0000][info][gc,heap        ] GC(1216) Survivor regions: 7->11(11)
[2024-08-27T14:57:57.337+0000][info][gc,heap        ] GC(1216) Old regions: 666->738
[2024-08-27T14:57:57.337+0000][info][gc,heap        ] GC(1216) Archive regions: 2->2
[2024-08-27T14:57:57.337+0000][info][gc,heap        ] GC(1216) Humongous regions: 5->5
[2024-08-27T14:57:57.337+0000][info][gc,metaspace   ] GC(1216) Metaspace: 100K(320K)->100K(320K) NonClass: 96K(192K)->96K(192K) Class: 4K(128K)->4K(128K)
[2024-08-27T14:57:57.337+0000][info][gc             ] GC(1216) Pause Young (Concurrent Start) (G1 Evacuation Pause) 745M->746M(1024M) 15.449ms
[2024-08-27T14:57:57.337+0000][info][gc,cpu         ] GC(1216) User=0.33s Sys=0.00s Real=0.01s
[2024-08-27T14:57:57.337+0000][info][gc             ] GC(1217) Concurrent Mark Cycle
[2024-08-27T14:57:57.337+0000][info][gc,marking     ] GC(1217) Concurrent Clear Claimed Marks
[2024-08-27T14:57:57.337+0000][info][gc,marking     ] GC(1217) Concurrent Clear Claimed Marks 0.010ms
[2024-08-27T14:57:57.337+0000][info][gc,marking     ] GC(1217) Concurrent Scan Root Regions
[2024-08-27T14:57:57.339+0000][info][gc,marking     ] GC(1217) Concurrent Scan Root Regions 2.204ms
[2024-08-27T14:57:57.339+0000][info][gc,marking     ] GC(1217) Concurrent Mark
[2024-08-27T14:57:57.339+0000][info][gc,marking     ] GC(1217) Concurrent Mark From Roots
[2024-08-27T14:57:57.339+0000][info][gc,task        ] GC(1217) Using 17 workers of 17 for marking
[2024-08-27T14:57:57.360+0000][info][gc,marking     ] GC(1217) Concurrent Mark From Roots 20.403ms
[2024-08-27T14:57:57.360+0000][info][gc,marking     ] GC(1217) Concurrent Preclean
[2024-08-27T14:57:57.360+0000][info][gc,marking     ] GC(1217) Concurrent Preclean 0.494ms
[2024-08-27T14:57:57.360+0000][info][gc,start       ] GC(1217) Pause Remark
[2024-08-27T14:57:57.362+0000][info][gc             ] GC(1217) Pause Remark 784M->784M(1024M) 1.193ms
[2024-08-27T14:57:57.362+0000][info][gc,cpu         ] GC(1217) User=0.00s Sys=0.00s Real=0.00s
[2024-08-27T14:57:57.362+0000][info][gc,marking     ] GC(1217) Concurrent Mark 22.429ms
[2024-08-27T14:57:57.362+0000][info][gc,marking     ] GC(1217) Concurrent Rebuild Remembered Sets
[2024-08-27T14:57:57.368+0000][info][gc,start       ] GC(1218) Pause Young (Normal) (G1 Evacuation Pause)
[2024-08-27T14:57:57.368+0000][info][gc,task        ] GC(1218) Using 24 workers of 68 for evacuation
[2024-08-27T14:57:57.380+0000][info][gc,phases      ] GC(1218)   Pre Evacuate Collection Set: 0.1ms
[2024-08-27T14:57:57.380+0000][info][gc,phases      ] GC(1218)   Merge Heap Roots: 0.3ms
[2024-08-27T14:57:57.380+0000][info][gc,phases      ] GC(1218)   Evacuate Collection Set: 10.6ms
[2024-08-27T14:57:57.380+0000][info][gc,phases      ] GC(1218)   Post Evacuate Collection Set: 0.4ms
[2024-08-27T14:57:57.380+0000][info][gc,phases      ] GC(1218)   Other: 0.2ms
[2024-08-27T14:57:57.380+0000][info][gc,heap        ] GC(1218) Eden regions: 52->0(43)
[2024-08-27T14:57:57.380+0000][info][gc,heap        ] GC(1218) Survivor regions: 11->8(8)
[2024-08-27T14:57:57.380+0000][info][gc,heap        ] GC(1218) Old regions: 738->797
[2024-08-27T14:57:57.380+0000][info][gc,heap        ] GC(1218) Archive regions: 2->2
[2024-08-27T14:57:57.380+0000][info][gc,heap        ] GC(1218) Humongous regions: 5->5
[2024-08-27T14:57:57.380+0000][info][gc,metaspace   ] GC(1218) Metaspace: 100K(320K)->100K(320K) NonClass: 96K(192K)->96K(192K) Class: 4K(128K)->4K(128K)
[2024-08-27T14:57:57.380+0000][info][gc             ] GC(1218) Pause Young (Normal) (G1 Evacuation Pause) 798M->802M(1024M) 11.712ms
[2024-08-27T14:57:57.380+0000][info][gc,cpu         ] GC(1218) User=0.26s Sys=0.00s Real=0.02s
[2024-08-27T14:57:57.399+0000][info][gc,start       ] GC(1219) Pause Young (Normal) (G1 Evacuation Pause)
[2024-08-27T14:57:57.399+0000][info][gc,task        ] GC(1219) Using 24 workers of 68 for evacuation
[2024-08-27T14:57:57.414+0000][info][gc,phases      ] GC(1219)   Pre Evacuate Collection Set: 0.1ms
[2024-08-27T14:57:57.414+0000][info][gc,phases      ] GC(1219)   Merge Heap Roots: 0.4ms
[2024-08-27T14:57:57.414+0000][info][gc,phases      ] GC(1219)   Evacuate Collection Set: 14.0ms
[2024-08-27T14:57:57.414+0000][info][gc,phases      ] GC(1219)   Post Evacuate Collection Set: 0.5ms
[2024-08-27T14:57:57.414+0000][info][gc,phases      ] GC(1219)   Other: 0.2ms
[2024-08-27T14:57:57.414+0000][info][gc,heap        ] GC(1219) Eden regions: 43->0(44)
[2024-08-27T14:57:57.414+0000][info][gc,heap        ] GC(1219) Survivor regions: 8->7(7)
[2024-08-27T14:57:57.414+0000][info][gc,heap        ] GC(1219) Old regions: 797->845
[2024-08-27T14:57:57.414+0000][info][gc,heap        ] GC(1219) Archive regions: 2->2
[2024-08-27T14:57:57.414+0000][info][gc,heap        ] GC(1219) Humongous regions: 5->5
[2024-08-27T14:57:57.414+0000][info][gc,metaspace   ] GC(1219) Metaspace: 100K(320K)->100K(320K) NonClass: 96K(192K)->96K(192K) Class: 4K(128K)->4K(128K)
[2024-08-27T14:57:57.414+0000][info][gc             ] GC(1219) Pause Young (Normal) (G1 Evacuation Pause) 845M->849M(1024M) 15.445ms
[2024-08-27T14:57:57.414+0000][info][gc,cpu         ] GC(1219) User=0.36s Sys=0.00s Real=0.01s
[2024-08-27T14:57:57.434+0000][info][gc,start       ] GC(1220) Pause Young (Normal) (G1 Evacuation Pause)
[2024-08-27T14:57:57.434+0000][info][gc,task        ] GC(1220) Using 24 workers of 68 for evacuation
[2024-08-27T14:57:57.449+0000][info][gc,phases      ] GC(1220)   Pre Evacuate Collection Set: 0.1ms
[2024-08-27T14:57:57.449+0000][info][gc,phases      ] GC(1220)   Merge Heap Roots: 0.4ms
[2024-08-27T14:57:57.449+0000][info][gc,phases      ] GC(1220)   Evacuate Collection Set: 14.4ms
[2024-08-27T14:57:57.450+0000][info][gc,phases      ] GC(1220)   Post Evacuate Collection Set: 0.6ms
[2024-08-27T14:57:57.450+0000][info][gc,phases      ] GC(1220)   Other: 0.2ms
[2024-08-27T14:57:57.450+0000][info][gc,heap        ] GC(1220) Eden regions: 44->0(44)
[2024-08-27T14:57:57.450+0000][info][gc,heap        ] GC(1220) Survivor regions: 7->7(7)
[2024-08-27T14:57:57.450+0000][info][gc,heap        ] GC(1220) Old regions: 845->892
[2024-08-27T14:57:57.450+0000][info][gc,heap        ] GC(1220) Archive regions: 2->2
[2024-08-27T14:57:57.450+0000][info][gc,heap        ] GC(1220) Humongous regions: 5->5
[2024-08-27T14:57:57.450+0000][info][gc,metaspace   ] GC(1220) Metaspace: 100K(320K)->100K(320K) NonClass: 96K(192K)->96K(192K) Class: 4K(128K)->4K(128K)
[2024-08-27T14:57:57.450+0000][info][gc             ] GC(1220) Pause Young (Normal) (G1 Evacuation Pause) 893M->896M(1024M) 15.912ms
[2024-08-27T14:57:57.450+0000][info][gc,cpu         ] GC(1220) User=0.35s Sys=0.01s Real=0.02s
[2024-08-27T14:57:57.470+0000][info][gc,start       ] GC(1221) Pause Young (Normal) (G1 Evacuation Pause)
[2024-08-27T14:57:57.470+0000][info][gc,task        ] GC(1221) Using 24 workers of 68 for evacuation
[2024-08-27T14:57:57.487+0000][info][gc,phases      ] GC(1221)   Pre Evacuate Collection Set: 0.1ms
[2024-08-27T14:57:57.487+0000][info][gc,phases      ] GC(1221)   Merge Heap Roots: 0.6ms
[2024-08-27T14:57:57.487+0000][info][gc,phases      ] GC(1221)   Evacuate Collection Set: 15.4ms
[2024-08-27T14:57:57.487+0000][info][gc,phases      ] GC(1221)   Post Evacuate Collection Set: 0.8ms
[2024-08-27T14:57:57.487+0000][info][gc,phases      ] GC(1221)   Other: 0.2ms
[2024-08-27T14:57:57.487+0000][info][gc,heap        ] GC(1221) Eden regions: 44->0(44)
[2024-08-27T14:57:57.487+0000][info][gc,heap        ] GC(1221) Survivor regions: 7->7(7)
[2024-08-27T14:57:57.487+0000][info][gc,heap        ] GC(1221) Old regions: 892->939
[2024-08-27T14:57:57.487+0000][info][gc,heap        ] GC(1221) Archive regions: 2->2
[2024-08-27T14:57:57.487+0000][info][gc,heap        ] GC(1221) Humongous regions: 5->5
[2024-08-27T14:57:57.487+0000][info][gc,metaspace   ] GC(1221) Metaspace: 100K(320K)->100K(320K) NonClass: 96K(192K)->96K(192K) Class: 4K(128K)->4K(128K)
[2024-08-27T14:57:57.487+0000][info][gc             ] GC(1221) Pause Young (Normal) (G1 Evacuation Pause) 940M->942M(1024M) 17.249ms
[2024-08-27T14:57:57.487+0000][info][gc,cpu         ] GC(1221) User=0.39s Sys=0.00s Real=0.01s
[2024-08-27T14:57:57.488+0000][info][gc,marking     ] GC(1217) Concurrent Rebuild Remembered Sets 126.750ms
[2024-08-27T14:57:57.489+0000][info][gc,start       ] GC(1217) Pause Cleanup
[2024-08-27T14:57:57.490+0000][info][gc             ] GC(1217) Pause Cleanup 945M->945M(1024M) 1.026ms
[2024-08-27T14:57:57.490+0000][info][gc,cpu         ] GC(1217) User=0.00s Sys=0.00s Real=0.01s
[2024-08-27T14:57:57.490+0000][info][gc,marking     ] GC(1217) Concurrent Cleanup for Next Mark
[2024-08-27T14:57:57.490+0000][info][gc,marking     ] GC(1217) Concurrent Cleanup for Next Mark 0.508ms
[2024-08-27T14:57:57.490+0000][info][gc             ] GC(1217) Concurrent Mark Cycle 153.300ms
[2024-08-27T14:57:57.504+0000][info][gc,start       ] GC(1222) Pause Young (Prepare Mixed) (G1 Preventive Collection)
[2024-08-27T14:57:57.504+0000][info][gc,task        ] GC(1222) Using 24 workers of 68 for evacuation
[2024-08-27T14:57:57.520+0000][info][gc,phases      ] GC(1222)   Pre Evacuate Collection Set: 0.2ms
[2024-08-27T14:57:57.520+0000][info][gc,phases      ] GC(1222)   Merge Heap Roots: 0.6ms
[2024-08-27T14:57:57.520+0000][info][gc,phases      ] GC(1222)   Evacuate Collection Set: 14.5ms
[2024-08-27T14:57:57.520+0000][info][gc,phases      ] GC(1222)   Post Evacuate Collection Set: 0.3ms
[2024-08-27T14:57:57.520+0000][info][gc,phases      ] GC(1222)   Other: 0.2ms
[2024-08-27T14:57:57.520+0000][info][gc,heap        ] GC(1222) Eden regions: 30->0(44)
[2024-08-27T14:57:57.520+0000][info][gc,heap        ] GC(1222) Survivor regions: 7->7(7)
[2024-08-27T14:57:57.520+0000][info][gc,heap        ] GC(1222) Old regions: 939->972
[2024-08-27T14:57:57.520+0000][info][gc,heap        ] GC(1222) Archive regions: 2->2
[2024-08-27T14:57:57.520+0000][info][gc,heap        ] GC(1222) Humongous regions: 5->5
[2024-08-27T14:57:57.520+0000][info][gc,metaspace   ] GC(1222) Metaspace: 100K(320K)->100K(320K) NonClass: 96K(192K)->96K(192K) Class: 4K(128K)->4K(128K)
[2024-08-27T14:57:57.520+0000][info][gc             ] GC(1222) Pause Young (Prepare Mixed) (G1 Preventive Collection) 972M->976M(1024M) 15.760ms
[2024-08-27T14:57:57.520+0000][info][gc,cpu         ] GC(1222) User=0.36s Sys=0.00s Real=0.02s
[2024-08-27T14:57:57.527+0000][info][gc,start       ] GC(1223) Pause Young (Mixed) (G1 Preventive Collection)
[2024-08-27T14:57:57.527+0000][info][gc,task        ] GC(1223) Using 24 workers of 68 for evacuation
[2024-08-27T14:57:57.532+0000][info][gc,phases      ] GC(1223)   Pre Evacuate Collection Set: 0.2ms
[2024-08-27T14:57:57.532+0000][info][gc,phases      ] GC(1223)   Merge Heap Roots: 0.2ms
[2024-08-27T14:57:57.532+0000][info][gc,phases      ] GC(1223)   Evacuate Collection Set: 4.6ms
[2024-08-27T14:57:57.532+0000][info][gc,phases      ] GC(1223)   Post Evacuate Collection Set: 0.3ms
[2024-08-27T14:57:57.532+0000][info][gc,phases      ] GC(1223)   Other: 0.2ms
[2024-08-27T14:57:57.532+0000][info][gc,heap        ] GC(1223) Eden regions: 14->0(44)
[2024-08-27T14:57:57.533+0000][info][gc,heap        ] GC(1223) Survivor regions: 7->7(7)
[2024-08-27T14:57:57.533+0000][info][gc,heap        ] GC(1223) Old regions: 972->886
[2024-08-27T14:57:57.533+0000][info][gc,heap        ] GC(1223) Archive regions: 2->2
[2024-08-27T14:57:57.533+0000][info][gc,heap        ] GC(1223) Humongous regions: 5->5
[2024-08-27T14:57:57.533+0000][info][gc,metaspace   ] GC(1223) Metaspace: 100K(320K)->100K(320K) NonClass: 96K(192K)->96K(192K) Class: 4K(128K)->4K(128K)
[2024-08-27T14:57:57.533+0000][info][gc             ] GC(1223) Pause Young (Mixed) (G1 Preventive Collection) 990M->896M(1024M) 5.620ms
[2024-08-27T14:57:57.533+0000][info][gc,cpu         ] GC(1223) User=0.12s Sys=0.00s Real=0.01s
[2024-08-27T14:57:57.552+0000][info][gc,start       ] GC(1224) Pause Young (Mixed) (G1 Evacuation Pause)
[2024-08-27T14:57:57.552+0000][info][gc,task        ] GC(1224) Using 24 workers of 68 for evacuation
[2024-08-27T14:57:57.562+0000][info][gc,phases      ] GC(1224)   Pre Evacuate Collection Set: 0.2ms
[2024-08-27T14:57:57.562+0000][info][gc,phases      ] GC(1224)   Merge Heap Roots: 0.3ms
[2024-08-27T14:57:57.562+0000][info][gc,phases      ] GC(1224)   Evacuate Collection Set: 8.9ms
[2024-08-27T14:57:57.562+0000][info][gc,phases      ] GC(1224)   Post Evacuate Collection Set: 0.5ms
[2024-08-27T14:57:57.562+0000][info][gc,phases      ] GC(1224)   Other: 0.2ms
[2024-08-27T14:57:57.562+0000][info][gc,heap        ] GC(1224) Eden regions: 44->0(44)
[2024-08-27T14:57:57.562+0000][info][gc,heap        ] GC(1224) Survivor regions: 7->7(7)
[2024-08-27T14:57:57.562+0000][info][gc,heap        ] GC(1224) Old regions: 886->828
[2024-08-27T14:57:57.562+0000][info][gc,heap        ] GC(1224) Archive regions: 2->2
[2024-08-27T14:57:57.562+0000][info][gc,heap        ] GC(1224) Humongous regions: 5->5
[2024-08-27T14:57:57.562+0000][info][gc,metaspace   ] GC(1224) Metaspace: 100K(320K)->100K(320K) NonClass: 96K(192K)->96K(192K) Class: 4K(128K)->4K(128K)
[2024-08-27T14:57:57.562+0000][info][gc             ] GC(1224) Pause Young (Mixed) (G1 Evacuation Pause) 940M->839M(1024M) 10.225ms
[2024-08-27T14:57:57.562+0000][info][gc,cpu         ] GC(1224) User=0.22s Sys=0.00s Real=0.01s
[2024-08-27T14:57:57.582+0000][info][gc,start       ] GC(1225) Pause Young (Mixed) (G1 Evacuation Pause)
[2024-08-27T14:57:57.582+0000][info][gc,task        ] GC(1225) Using 24 workers of 68 for evacuation
[2024-08-27T14:57:57.592+0000][info][gc,phases      ] GC(1225)   Pre Evacuate Collection Set: 0.2ms
[2024-08-27T14:57:57.592+0000][info][gc,phases      ] GC(1225)   Merge Heap Roots: 0.3ms
[2024-08-27T14:57:57.592+0000][info][gc,phases      ] GC(1225)   Evacuate Collection Set: 9.0ms
[2024-08-27T14:57:57.592+0000][info][gc,phases      ] GC(1225)   Post Evacuate Collection Set: 0.3ms
[2024-08-27T14:57:57.592+0000][info][gc,phases      ] GC(1225)   Other: 0.3ms
[2024-08-27T14:57:57.592+0000][info][gc,heap        ] GC(1225) Eden regions: 44->0(44)
[2024-08-27T14:57:57.592+0000][info][gc,heap        ] GC(1225) Survivor regions: 7->7(7)
[2024-08-27T14:57:57.592+0000][info][gc,heap        ] GC(1225) Old regions: 828->853
[2024-08-27T14:57:57.592+0000][info][gc,heap        ] GC(1225) Archive regions: 2->2
[2024-08-27T14:57:57.592+0000][info][gc,heap        ] GC(1225) Humongous regions: 5->5
[2024-08-27T14:57:57.592+0000][info][gc,metaspace   ] GC(1225) Metaspace: 100K(320K)->100K(320K) NonClass: 96K(192K)->96K(192K) Class: 4K(128K)->4K(128K)
[2024-08-27T14:57:57.592+0000][info][gc             ] GC(1225) Pause Young (Mixed) (G1 Evacuation Pause) 883M->864M(1024M) 10.286ms
[2024-08-27T14:57:57.592+0000][info][gc,cpu         ] GC(1225) User=0.22s Sys=0.00s Real=0.01s
[2024-08-27T14:57:57.612+0000][info][gc,start       ] GC(1226) Pause Young (Concurrent Start) (G1 Evacuation Pause)
[2024-08-27T14:57:57.612+0000][info][gc,task        ] GC(1226) Using 24 workers of 68 for evacuation
[2024-08-27T14:57:57.622+0000][info][gc,phases      ] GC(1226)   Pre Evacuate Collection Set: 0.2ms
[2024-08-27T14:57:57.622+0000][info][gc,phases      ] GC(1226)   Merge Heap Roots: 0.3ms
[2024-08-27T14:57:57.622+0000][info][gc,phases      ] GC(1226)   Evacuate Collection Set: 8.8ms
[2024-08-27T14:57:57.622+0000][info][gc,phases      ] GC(1226)   Post Evacuate Collection Set: 0.4ms
[2024-08-27T14:57:57.622+0000][info][gc,phases      ] GC(1226)   Other: 0.6ms
[2024-08-27T14:57:57.622+0000][info][gc,heap        ] GC(1226) Eden regions: 44->0(44)
[2024-08-27T14:57:57.622+0000][info][gc,heap        ] GC(1226) Survivor regions: 7->7(7)
[2024-08-27T14:57:57.622+0000][info][gc,heap        ] GC(1226) Old regions: 853->899
[2024-08-27T14:57:57.622+0000][info][gc,heap        ] GC(1226) Archive regions: 2->2
[2024-08-27T14:57:57.622+0000][info][gc,heap        ] GC(1226) Humongous regions: 5->5
[2024-08-27T14:57:57.622+0000][info][gc,metaspace   ] GC(1226) Metaspace: 100K(320K)->100K(320K) NonClass: 96K(192K)->96K(192K) Class: 4K(128K)->4K(128K)
[2024-08-27T14:57:57.622+0000][info][gc             ] GC(1226) Pause Young (Concurrent Start) (G1 Evacuation Pause) 908M->910M(1024M) 10.272ms
[2024-08-27T14:57:57.622+0000][info][gc,cpu         ] GC(1226) User=0.22s Sys=0.01s Real=0.01s
[2024-08-27T14:57:57.622+0000][info][gc             ] GC(1227) Concurrent Mark Cycle
[2024-08-27T14:57:57.622+0000][info][gc,marking     ] GC(1227) Concurrent Clear Claimed Marks
[2024-08-27T14:57:57.622+0000][info][gc,marking     ] GC(1227) Concurrent Clear Claimed Marks 0.013ms
[2024-08-27T14:57:57.622+0000][info][gc,marking     ] GC(1227) Concurrent Scan Root Regions
[2024-08-27T14:57:57.624+0000][info][gc,marking     ] GC(1227) Concurrent Scan Root Regions 1.476ms
[2024-08-27T14:57:57.624+0000][info][gc,marking     ] GC(1227) Concurrent Mark
[2024-08-27T14:57:57.624+0000][info][gc,marking     ] GC(1227) Concurrent Mark From Roots
[2024-08-27T14:57:57.624+0000][info][gc,task        ] GC(1227) Using 17 workers of 17 for marking
[2024-08-27T14:57:57.646+0000][info][gc,marking     ] GC(1227) Concurrent Mark From Roots 21.892ms
[2024-08-27T14:57:57.646+0000][info][gc,marking     ] GC(1227) Concurrent Preclean
[2024-08-27T14:57:57.646+0000][info][gc,marking     ] GC(1227) Concurrent Preclean 0.511ms
[2024-08-27T14:57:57.646+0000][info][gc,start       ] GC(1227) Pause Remark
[2024-08-27T14:57:57.648+0000][info][gc             ] GC(1227) Pause Remark 949M->949M(1024M) 1.237ms
[2024-08-27T14:57:57.648+0000][info][gc,cpu         ] GC(1227) User=0.00s Sys=0.00s Real=0.00s
[2024-08-27T14:57:57.648+0000][info][gc,marking     ] GC(1227) Concurrent Mark 23.963ms
[2024-08-27T14:57:57.648+0000][info][gc,marking     ] GC(1227) Concurrent Rebuild Remembered Sets
[2024-08-27T14:57:57.650+0000][info][gc,start       ] GC(1228) Pause Young (Normal) (G1 Evacuation Pause)
[2024-08-27T14:57:57.650+0000][info][gc,task        ] GC(1228) Using 24 workers of 68 for evacuation
[2024-08-27T14:57:57.661+0000][info][gc,phases      ] GC(1228)   Pre Evacuate Collection Set: 0.2ms
[2024-08-27T14:57:57.661+0000][info][gc,phases      ] GC(1228)   Merge Heap Roots: 0.4ms
[2024-08-27T14:57:57.661+0000][info][gc,phases      ] GC(1228)   Evacuate Collection Set: 9.6ms
[2024-08-27T14:57:57.661+0000][info][gc,phases      ] GC(1228)   Post Evacuate Collection Set: 0.4ms
[2024-08-27T14:57:57.661+0000][info][gc,phases      ] GC(1228)   Other: 0.1ms
[2024-08-27T14:57:57.661+0000][info][gc,heap        ] GC(1228) Eden regions: 44->0(44)
[2024-08-27T14:57:57.661+0000][info][gc,heap        ] GC(1228) Survivor regions: 7->7(7)
[2024-08-27T14:57:57.661+0000][info][gc,heap        ] GC(1228) Old regions: 899->945
[2024-08-27T14:57:57.661+0000][info][gc,heap        ] GC(1228) Archive regions: 2->2
[2024-08-27T14:57:57.661+0000][info][gc,heap        ] GC(1228) Humongous regions: 5->5
[2024-08-27T14:57:57.661+0000][info][gc,metaspace   ] GC(1228) Metaspace: 100K(320K)->100K(320K) NonClass: 96K(192K)->96K(192K) Class: 4K(128K)->4K(128K)
[2024-08-27T14:57:57.661+0000][info][gc             ] GC(1228) Pause Young (Normal) (G1 Evacuation Pause) 954M->956M(1024M) 10.859ms
[2024-08-27T14:57:57.661+0000][info][gc,cpu         ] GC(1228) User=0.24s Sys=0.00s Real=0.01s
[2024-08-27T14:57:57.681+0000][info][gc,start       ] GC(1229) Pause Young (Normal) (G1 Preventive Collection)
[2024-08-27T14:57:57.681+0000][info][gc,task        ] GC(1229) Using 24 workers of 68 for evacuation
[2024-08-27T14:57:57.692+0000][info][gc,phases      ] GC(1229)   Pre Evacuate Collection Set: 0.2ms
[2024-08-27T14:57:57.692+0000][info][gc,phases      ] GC(1229)   Merge Heap Roots: 0.4ms
[2024-08-27T14:57:57.692+0000][info][gc,phases      ] GC(1229)   Evacuate Collection Set: 10.4ms
[2024-08-27T14:57:57.692+0000][info][gc,phases      ] GC(1229)   Post Evacuate Collection Set: 0.4ms
[2024-08-27T14:57:57.692+0000][info][gc,phases      ] GC(1229)   Other: 0.2ms
[2024-08-27T14:57:57.692+0000][info][gc,heap        ] GC(1229) Eden regions: 27->0(44)
[2024-08-27T14:57:57.692+0000][info][gc,heap        ] GC(1229) Survivor regions: 7->7(7)
[2024-08-27T14:57:57.692+0000][info][gc,heap        ] GC(1229) Old regions: 945->976
[2024-08-27T14:57:57.692+0000][info][gc,heap        ] GC(1229) Archive regions: 2->2
[2024-08-27T14:57:57.692+0000][info][gc,heap        ] GC(1229) Humongous regions: 5->5
[2024-08-27T14:57:57.692+0000][info][gc,metaspace   ] GC(1229) Metaspace: 100K(320K)->100K(320K) NonClass: 96K(192K)->96K(192K) Class: 4K(128K)->4K(128K)
[2024-08-27T14:57:57.692+0000][info][gc             ] GC(1229) Pause Young (Normal) (G1 Preventive Collection) 983M->986M(1024M) 11.631ms
[2024-08-27T14:57:57.692+0000][info][gc,cpu         ] GC(1229) User=0.25s Sys=0.01s Real=0.01s
[2024-08-27T14:57:57.702+0000][info][gc,start       ] GC(1230) Pause Young (Normal) (G1 Preventive Collection)
[2024-08-27T14:57:57.702+0000][info][gc,task        ] GC(1230) Using 24 workers of 68 for evacuation
[2024-08-27T14:57:57.711+0000][info][gc,phases      ] GC(1230)   Pre Evacuate Collection Set: 0.2ms
[2024-08-27T14:57:57.711+0000][info][gc,phases      ] GC(1230)   Merge Heap Roots: 0.5ms
[2024-08-27T14:57:57.711+0000][info][gc,phases      ] GC(1230)   Evacuate Collection Set: 8.0ms
[2024-08-27T14:57:57.711+0000][info][gc,phases      ] GC(1230)   Post Evacuate Collection Set: 0.5ms
[2024-08-27T14:57:57.711+0000][info][gc,phases      ] GC(1230)   Other: 0.2ms
[2024-08-27T14:57:57.711+0000][info][gc,heap        ] GC(1230) Eden regions: 12->0(44)
[2024-08-27T14:57:57.711+0000][info][gc,heap        ] GC(1230) Survivor regions: 7->7(7)
[2024-08-27T14:57:57.711+0000][info][gc,heap        ] GC(1230) Old regions: 976->991
[2024-08-27T14:57:57.711+0000][info][gc,heap        ] GC(1230) Archive regions: 2->2
[2024-08-27T14:57:57.711+0000][info][gc,heap        ] GC(1230) Humongous regions: 5->5
[2024-08-27T14:57:57.711+0000][info][gc,metaspace   ] GC(1230) Metaspace: 100K(320K)->100K(320K) NonClass: 96K(192K)->96K(192K) Class: 4K(128K)->4K(128K)
[2024-08-27T14:57:57.711+0000][info][gc             ] GC(1230) Pause Young (Normal) (G1 Preventive Collection) 998M->1001M(1024M) 9.340ms
[2024-08-27T14:57:57.711+0000][info][gc,cpu         ] GC(1230) User=0.20s Sys=0.00s Real=0.01s
[2024-08-27T14:57:57.716+0000][info][gc,start       ] GC(1231) Pause Young (Normal) (G1 Preventive Collection)
[2024-08-27T14:57:57.716+0000][info][gc,task        ] GC(1231) Using 24 workers of 68 for evacuation
[2024-08-27T14:57:57.723+0000][info][gc             ] GC(1231) To-space exhausted
[2024-08-27T14:57:57.723+0000][info][gc,phases      ] GC(1231)   Pre Evacuate Collection Set: 0.1ms
[2024-08-27T14:57:57.723+0000][info][gc,phases      ] GC(1231)   Merge Heap Roots: 0.4ms
[2024-08-27T14:57:57.723+0000][info][gc,phases      ] GC(1231)   Evacuate Collection Set: 5.8ms
[2024-08-27T14:57:57.723+0000][info][gc,phases      ] GC(1231)   Post Evacuate Collection Set: 0.5ms
[2024-08-27T14:57:57.723+0000][info][gc,phases      ] GC(1231)   Other: 0.2ms
[2024-08-27T14:57:57.723+0000][info][gc,heap        ] GC(1231) Eden regions: 5->0(45)
[2024-08-27T14:57:57.723+0000][info][gc,heap        ] GC(1231) Survivor regions: 7->6(7)
[2024-08-27T14:57:57.723+0000][info][gc,heap        ] GC(1231) Old regions: 991->1000
[2024-08-27T14:57:57.723+0000][info][gc,heap        ] GC(1231) Archive regions: 2->2
[2024-08-27T14:57:57.723+0000][info][gc,heap        ] GC(1231) Humongous regions: 5->5
[2024-08-27T14:57:57.723+0000][info][gc,metaspace   ] GC(1231) Metaspace: 100K(320K)->100K(320K) NonClass: 96K(192K)->96K(192K) Class: 4K(128K)->4K(128K)
[2024-08-27T14:57:57.723+0000][info][gc             ] GC(1231) Pause Young (Normal) (G1 Preventive Collection) 1006M->1010M(1024M) 7.109ms
[2024-08-27T14:57:57.723+0000][info][gc,cpu         ] GC(1231) User=0.15s Sys=0.00s Real=0.01s
[2024-08-27T14:57:57.725+0000][info][gc,start       ] GC(1232) Pause Young (Normal) (G1 Preventive Collection)
[2024-08-27T14:57:57.725+0000][info][gc,task        ] GC(1232) Using 24 workers of 68 for evacuation
[2024-08-27T14:57:57.731+0000][info][gc,phases      ] GC(1232)   Pre Evacuate Collection Set: 0.1ms
[2024-08-27T14:57:57.731+0000][info][gc,phases      ] GC(1232)   Merge Heap Roots: 0.3ms
[2024-08-27T14:57:57.731+0000][info][gc,phases      ] GC(1232)   Evacuate Collection Set: 4.9ms
[2024-08-27T14:57:57.731+0000][info][gc,phases      ] GC(1232)   Post Evacuate Collection Set: 0.5ms
[2024-08-27T14:57:57.731+0000][info][gc,phases      ] GC(1232)   Other: 0.1ms
[2024-08-27T14:57:57.731+0000][info][gc,heap        ] GC(1232) Eden regions: 2->0(48)
[2024-08-27T14:57:57.731+0000][info][gc,heap        ] GC(1232) Survivor regions: 6->3(7)
[2024-08-27T14:57:57.731+0000][info][gc,heap        ] GC(1232) Old regions: 1000->1006
[2024-08-27T14:57:57.731+0000][info][gc,heap        ] GC(1232) Archive regions: 2->2
[2024-08-27T14:57:57.731+0000][info][gc,heap        ] GC(1232) Humongous regions: 5->5
[2024-08-27T14:57:57.731+0000][info][gc,metaspace   ] GC(1232) Metaspace: 100K(320K)->100K(320K) NonClass: 96K(192K)->96K(192K) Class: 4K(128K)->4K(128K)
[2024-08-27T14:57:57.731+0000][info][gc             ] GC(1232) Pause Young (Normal) (G1 Preventive Collection) 1012M->1012M(1024M) 5.961ms
[2024-08-27T14:57:57.731+0000][info][gc,cpu         ] GC(1232) User=0.13s Sys=0.00s Real=0.01s
[2024-08-27T14:57:57.733+0000][info][gc,start       ] GC(1233) Pause Young (Normal) (G1 Preventive Collection)
[2024-08-27T14:57:57.733+0000][info][gc,task        ] GC(1233) Using 24 workers of 68 for evacuation
[2024-08-27T14:57:57.738+0000][info][gc,phases      ] GC(1233)   Pre Evacuate Collection Set: 0.1ms
[2024-08-27T14:57:57.739+0000][info][gc,phases      ] GC(1233)   Merge Heap Roots: 0.4ms
[2024-08-27T14:57:57.739+0000][info][gc,phases      ] GC(1233)   Evacuate Collection Set: 4.6ms
[2024-08-27T14:57:57.739+0000][info][gc,phases      ] GC(1233)   Post Evacuate Collection Set: 0.5ms
[2024-08-27T14:57:57.739+0000][info][gc,phases      ] GC(1233)   Other: 0.1ms
[2024-08-27T14:57:57.739+0000][info][gc,heap        ] GC(1233) Eden regions: 2->0(46)
[2024-08-27T14:57:57.739+0000][info][gc,heap        ] GC(1233) Survivor regions: 3->5(6)
[2024-08-27T14:57:57.739+0000][info][gc,heap        ] GC(1233) Old regions: 1006->1006
[2024-08-27T14:57:57.739+0000][info][gc,heap        ] GC(1233) Archive regions: 2->2
[2024-08-27T14:57:57.739+0000][info][gc,heap        ] GC(1233) Humongous regions: 5->5
[2024-08-27T14:57:57.739+0000][info][gc,metaspace   ] GC(1233) Metaspace: 100K(320K)->100K(320K) NonClass: 96K(192K)->96K(192K) Class: 4K(128K)->4K(128K)
[2024-08-27T14:57:57.739+0000][info][gc             ] GC(1233) Pause Young (Normal) (G1 Preventive Collection) 1014M->1014M(1024M) 5.754ms
[2024-08-27T14:57:57.739+0000][info][gc,cpu         ] GC(1233) User=0.13s Sys=0.00s Real=0.01s
[2024-08-27T14:57:57.740+0000][info][gc,start       ] GC(1234) Pause Young (Normal) (G1 Preventive Collection)
[2024-08-27T14:57:57.740+0000][info][gc,task        ] GC(1234) Using 24 workers of 68 for evacuation
[2024-08-27T14:57:57.745+0000][info][gc             ] GC(1234) To-space exhausted
[2024-08-27T14:57:57.745+0000][info][gc,phases      ] GC(1234)   Pre Evacuate Collection Set: 0.1ms
[2024-08-27T14:57:57.745+0000][info][gc,phases      ] GC(1234)   Merge Heap Roots: 0.3ms
[2024-08-27T14:57:57.745+0000][info][gc,phases      ] GC(1234)   Evacuate Collection Set: 4.4ms
[2024-08-27T14:57:57.745+0000][info][gc,phases      ] GC(1234)   Post Evacuate Collection Set: 0.6ms
[2024-08-27T14:57:57.745+0000][info][gc,phases      ] GC(1234)   Other: 0.1ms
[2024-08-27T14:57:57.745+0000][info][gc,heap        ] GC(1234) Eden regions: 1->0(48)
[2024-08-27T14:57:57.745+0000][info][gc,heap        ] GC(1234) Survivor regions: 5->3(5)
[2024-08-27T14:57:57.745+0000][info][gc,heap        ] GC(1234) Old regions: 1006->1010
[2024-08-27T14:57:57.745+0000][info][gc,heap        ] GC(1234) Archive regions: 2->2
[2024-08-27T14:57:57.745+0000][info][gc,heap        ] GC(1234) Humongous regions: 5->5
[2024-08-27T14:57:57.745+0000][info][gc,metaspace   ] GC(1234) Metaspace: 100K(320K)->100K(320K) NonClass: 96K(192K)->96K(192K) Class: 4K(128K)->4K(128K)
[2024-08-27T14:57:57.746+0000][info][gc             ] GC(1234) Pause Young (Normal) (G1 Preventive Collection) 1015M->1017M(1024M) 5.625ms
[2024-08-27T14:57:57.746+0000][info][gc,cpu         ] GC(1234) User=0.12s Sys=0.01s Real=0.00s
[2024-08-27T14:57:57.747+0000][info][gc,start       ] GC(1235) Pause Young (Normal) (G1 Preventive Collection)
[2024-08-27T14:57:57.747+0000][info][gc,task        ] GC(1235) Using 24 workers of 68 for evacuation
[2024-08-27T14:57:57.753+0000][info][gc             ] GC(1235) To-space exhausted
[2024-08-27T14:57:57.753+0000][info][gc,phases      ] GC(1235)   Pre Evacuate Collection Set: 0.1ms
[2024-08-27T14:57:57.753+0000][info][gc,phases      ] GC(1235)   Merge Heap Roots: 0.4ms
[2024-08-27T14:57:57.753+0000][info][gc,phases      ] GC(1235)   Evacuate Collection Set: 4.6ms
[2024-08-27T14:57:57.753+0000][info][gc,phases      ] GC(1235)   Post Evacuate Collection Set: 0.8ms
[2024-08-27T14:57:57.753+0000][info][gc,phases      ] GC(1235)   Other: 0.1ms
[2024-08-27T14:57:57.753+0000][info][gc,heap        ] GC(1235) Eden regions: 1->0(48)
[2024-08-27T14:57:57.753+0000][info][gc,heap        ] GC(1235) Survivor regions: 3->3(3)
[2024-08-27T14:57:57.753+0000][info][gc,heap        ] GC(1235) Old regions: 1010->1014
[2024-08-27T14:57:57.753+0000][info][gc,heap        ] GC(1235) Archive regions: 2->2
[2024-08-27T14:57:57.753+0000][info][gc,heap        ] GC(1235) Humongous regions: 5->5
[2024-08-27T14:57:57.753+0000][info][gc,metaspace   ] GC(1235) Metaspace: 100K(320K)->100K(320K) NonClass: 96K(192K)->96K(192K) Class: 4K(128K)->4K(128K)
[2024-08-27T14:57:57.753+0000][info][gc             ] GC(1235) Pause Young (Normal) (G1 Preventive Collection) 1018M->1021M(1024M) 6.055ms
[2024-08-27T14:57:57.753+0000][info][gc,cpu         ] GC(1235) User=0.12s Sys=0.00s Real=0.01s
[2024-08-27T14:57:57.753+0000][info][gc,ergo        ] Attempting full compaction
[2024-08-27T14:57:57.753+0000][info][gc,task        ] GC(1236) Using 24 workers of 68 for full compaction
[2024-08-27T14:57:57.753+0000][info][gc,start       ] GC(1236) Pause Full (G1 Compaction Pause)
[2024-08-27T14:57:57.754+0000][info][gc,phases,start] GC(1236) Phase 1: Mark live objects
[2024-08-27T14:57:57.768+0000][info][gc,phases      ] GC(1236) Phase 1: Mark live objects 13.705ms
[2024-08-27T14:57:57.768+0000][info][gc,phases,start] GC(1236) Phase 2: Prepare for compaction
[2024-08-27T14:57:57.776+0000][info][gc,phases      ] GC(1236) Phase 2: Prepare for compaction 7.969ms
[2024-08-27T14:57:57.776+0000][info][gc,phases,start] GC(1236) Phase 3: Adjust pointers
[2024-08-27T14:57:57.790+0000][info][gc,phases      ] GC(1236) Phase 3: Adjust pointers 14.753ms
[2024-08-27T14:57:57.790+0000][info][gc,phases,start] GC(1236) Phase 4: Compact heap
[2024-08-27T14:57:57.819+0000][info][gc,phases      ] GC(1236) Phase 4: Compact heap 28.160ms
[2024-08-27T14:57:57.820+0000][info][gc,heap        ] GC(1236) Eden regions: 0->0(149)
[2024-08-27T14:57:57.820+0000][info][gc,heap        ] GC(1236) Survivor regions: 3->0(3)
[2024-08-27T14:57:57.820+0000][info][gc,heap        ] GC(1236) Old regions: 1014->444
[2024-08-27T14:57:57.820+0000][info][gc,heap        ] GC(1236) Archive regions: 2->2
[2024-08-27T14:57:57.820+0000][info][gc,heap        ] GC(1236) Humongous regions: 5->5
[2024-08-27T14:57:57.820+0000][info][gc,metaspace   ] GC(1236) Metaspace: 100K(320K)->100K(320K) NonClass: 96K(192K)->96K(192K) Class: 4K(128K)->4K(128K)
[2024-08-27T14:57:57.820+0000][info][gc             ] GC(1236) Pause Full (G1 Compaction Pause) 1021M->437M(1024M) 66.686ms
[2024-08-27T14:57:57.820+0000][info][gc,cpu         ] GC(1236) User=1.42s Sys=0.00s Real=0.07s
[2024-08-27T14:57:57.820+0000][info][gc,marking     ] GC(1227) Concurrent Rebuild Remembered Sets 172.697ms
[2024-08-27T14:57:57.820+0000][info][gc,marking     ] GC(1227) Concurrent Mark Abort
[2024-08-27T14:57:57.820+0000][info][gc             ] GC(1227) Concurrent Mark Cycle 198.307ms
[2024-08-27T14:57:57.893+0000][info][gc,start       ] GC(1237) Pause Young (Normal) (G1 Evacuation Pause)
[2024-08-27T14:57:57.893+0000][info][gc,task        ] GC(1237) Using 24 workers of 68 for evacuation
[2024-08-27T14:57:57.960+0000][info][gc,phases      ] GC(1237)   Pre Evacuate Collection Set: 0.2ms
[2024-08-27T14:57:57.961+0000][info][gc,phases      ] GC(1237)   Merge Heap Roots: 0.3ms
[2024-08-27T14:57:57.961+0000][info][gc,phases      ] GC(1237)   Evacuate Collection Set: 66.3ms
[2024-08-27T14:57:57.961+0000][info][gc,phases      ] GC(1237)   Post Evacuate Collection Set: 0.3ms
[2024-08-27T14:57:57.961+0000][info][gc,phases      ] GC(1237)   Other: 0.2ms
[2024-08-27T14:57:57.961+0000][info][gc,heap        ] GC(1237) Eden regions: 149->0(104)
[2024-08-27T14:57:57.961+0000][info][gc,heap        ] GC(1237) Survivor regions: 0->19(19)
[2024-08-27T14:57:57.961+0000][info][gc,heap        ] GC(1237) Old regions: 444->568
[2024-08-27T14:57:57.961+0000][info][gc,heap        ] GC(1237) Archive regions: 2->2
[2024-08-27T14:57:57.961+0000][info][gc,heap        ] GC(1237) Humongous regions: 5->5
[2024-08-27T14:57:57.961+0000][info][gc,metaspace   ] GC(1237) Metaspace: 100K(320K)->100K(320K) NonClass: 96K(192K)->96K(192K) Class: 4K(128K)->4K(128K)
[2024-08-27T14:57:57.961+0000][info][gc             ] GC(1237) Pause Young (Normal) (G1 Evacuation Pause) 586M->580M(1024M) 67.455ms
[2024-08-27T14:57:57.961+0000][info][gc,cpu         ] GC(1237) User=0.42s Sys=0.96s Real=0.07s
[2024-08-27T14:57:58.008+0000][info][gc,start       ] GC(1238) Pause Young (Concurrent Start) (G1 Evacuation Pause)
[2024-08-27T14:57:58.008+0000][info][gc,task        ] GC(1238) Using 24 workers of 68 for evacuation
[2024-08-27T14:57:58.027+0000][info][gc,phases      ] GC(1238)   Pre Evacuate Collection Set: 0.2ms
[2024-08-27T14:57:58.027+0000][info][gc,phases      ] GC(1238)   Merge Heap Roots: 0.3ms
[2024-08-27T14:57:58.027+0000][info][gc,phases      ] GC(1238)   Evacuate Collection Set: 17.2ms
[2024-08-27T14:57:58.027+0000][info][gc,phases      ] GC(1238)   Post Evacuate Collection Set: 0.3ms
[2024-08-27T14:57:58.027+0000][info][gc,phases      ] GC(1238)   Other: 0.7ms
[2024-08-27T14:57:58.027+0000][info][gc,heap        ] GC(1238) Eden regions: 104->0(71)
[2024-08-27T14:57:58.027+0000][info][gc,heap        ] GC(1238) Survivor regions: 19->16(16)
[2024-08-27T14:57:58.027+0000][info][gc,heap        ] GC(1238) Old regions: 568->673
[2024-08-27T14:57:58.027+0000][info][gc,heap        ] GC(1238) Archive regions: 2->2
[2024-08-27T14:57:58.027+0000][info][gc,heap        ] GC(1238) Humongous regions: 5->5
[2024-08-27T14:57:58.027+0000][info][gc,metaspace   ] GC(1238) Metaspace: 100K(320K)->100K(320K) NonClass: 96K(192K)->96K(192K) Class: 4K(128K)->4K(128K)
[2024-08-27T14:57:58.027+0000][info][gc             ] GC(1238) Pause Young (Concurrent Start) (G1 Evacuation Pause) 684M->681M(1024M) 18.832ms
[2024-08-27T14:57:58.027+0000][info][gc,cpu         ] GC(1238) User=0.42s Sys=0.00s Real=0.02s
[2024-08-27T14:57:58.027+0000][info][gc             ] GC(1239) Concurrent Mark Cycle
[2024-08-27T14:57:58.027+0000][info][gc,marking     ] GC(1239) Concurrent Clear Claimed Marks
[2024-08-27T14:57:58.027+0000][info][gc,marking     ] GC(1239) Concurrent Clear Claimed Marks 0.011ms
[2024-08-27T14:57:58.027+0000][info][gc,marking     ] GC(1239) Concurrent Scan Root Regions
[2024-08-27T14:57:58.031+0000][info][gc,marking     ] GC(1239) Concurrent Scan Root Regions 3.725ms
[2024-08-27T14:57:58.031+0000][info][gc,marking     ] GC(1239) Concurrent Mark
[2024-08-27T14:57:58.031+0000][info][gc,marking     ] GC(1239) Concurrent Mark From Roots
[2024-08-27T14:57:58.031+0000][info][gc,task        ] GC(1239) Using 17 workers of 17 for marking
[2024-08-27T14:57:58.049+0000][info][gc,marking     ] GC(1239) Concurrent Mark From Roots 18.874ms
[2024-08-27T14:57:58.050+0000][info][gc,marking     ] GC(1239) Concurrent Preclean
[2024-08-27T14:57:58.051+0000][info][gc,marking     ] GC(1239) Concurrent Preclean 1.336ms
[2024-08-27T14:57:58.051+0000][info][gc,start       ] GC(1239) Pause Remark
[2024-08-27T14:57:58.052+0000][info][gc             ] GC(1239) Pause Remark 711M->711M(1024M) 1.152ms
[2024-08-27T14:57:58.052+0000][info][gc,cpu         ] GC(1239) User=0.01s Sys=0.00s Real=0.00s
[2024-08-27T14:57:58.052+0000][info][gc,marking     ] GC(1239) Concurrent Mark 21.762ms
[2024-08-27T14:57:58.052+0000][info][gc,marking     ] GC(1239) Concurrent Rebuild Remembered Sets
[2024-08-27T14:57:58.077+0000][info][gc,start       ] GC(1240) Pause Young (Normal) (G1 Evacuation Pause)
[2024-08-27T14:57:58.077+0000][info][gc,task        ] GC(1240) Using 24 workers of 68 for evacuation
[2024-08-27T14:57:58.092+0000][info][gc,phases      ] GC(1240)   Pre Evacuate Collection Set: 0.1ms
[2024-08-27T14:57:58.092+0000][info][gc,phases      ] GC(1240)   Merge Heap Roots: 0.3ms
[2024-08-27T14:57:58.092+0000][info][gc,phases      ] GC(1240)   Evacuate Collection Set: 13.7ms
[2024-08-27T14:57:58.092+0000][info][gc,phases      ] GC(1240)   Post Evacuate Collection Set: 0.5ms
[2024-08-27T14:57:58.092+0000][info][gc,phases      ] GC(1240)   Other: 0.2ms
[2024-08-27T14:57:58.092+0000][info][gc,heap        ] GC(1240) Eden regions: 71->0(47)
[2024-08-27T14:57:58.092+0000][info][gc,heap        ] GC(1240) Survivor regions: 16->11(11)
[2024-08-27T14:57:58.092+0000][info][gc,heap        ] GC(1240) Old regions: 673->751
[2024-08-27T14:57:58.092+0000][info][gc,heap        ] GC(1240) Archive regions: 2->2
[2024-08-27T14:57:58.092+0000][info][gc,heap        ] GC(1240) Humongous regions: 5->5
[2024-08-27T14:57:58.092+0000][info][gc,metaspace   ] GC(1240) Metaspace: 100K(320K)->100K(320K) NonClass: 96K(192K)->96K(192K) Class: 4K(128K)->4K(128K)
[2024-08-27T14:57:58.092+0000][info][gc             ] GC(1240) Pause Young (Normal) (G1 Evacuation Pause) 752M->755M(1024M) 14.973ms
[2024-08-27T14:57:58.092+0000][info][gc,cpu         ] GC(1240) User=0.34s Sys=0.00s Real=0.02s
[2024-08-27T14:57:58.117+0000][info][gc,marking     ] GC(1239) Concurrent Rebuild Remembered Sets 64.921ms
[2024-08-27T14:57:58.118+0000][info][gc,start       ] GC(1239) Pause Cleanup
[2024-08-27T14:57:58.119+0000][info][gc             ] GC(1239) Pause Cleanup 792M->792M(1024M) 1.086ms
[2024-08-27T14:57:58.119+0000][info][gc,cpu         ] GC(1239) User=0.00s Sys=0.00s Real=0.00s
[2024-08-27T14:57:58.119+0000][info][gc,marking     ] GC(1239) Concurrent Cleanup for Next Mark
[2024-08-27T14:57:58.119+0000][info][gc,marking     ] GC(1239) Concurrent Cleanup for Next Mark 0.548ms
[2024-08-27T14:57:58.119+0000][info][gc             ] GC(1239) Concurrent Mark Cycle 92.476ms
[2024-08-27T14:57:58.125+0000][info][gc,start       ] GC(1241) Pause Young (Prepare Mixed) (G1 Evacuation Pause)
[2024-08-27T14:57:58.125+0000][info][gc,task        ] GC(1241) Using 24 workers of 68 for evacuation
[2024-08-27T14:57:58.143+0000][info][gc,phases      ] GC(1241)   Pre Evacuate Collection Set: 0.2ms
[2024-08-27T14:57:58.143+0000][info][gc,phases      ] GC(1241)   Merge Heap Roots: 0.6ms
[2024-08-27T14:57:58.143+0000][info][gc,phases      ] GC(1241)   Evacuate Collection Set: 17.5ms
[2024-08-27T14:57:58.143+0000][info][gc,phases      ] GC(1241)   Post Evacuate Collection Set: 0.3ms
[2024-08-27T14:57:58.143+0000][info][gc,phases      ] GC(1241)   Other: 0.2ms
[2024-08-27T14:57:58.143+0000][info][gc,heap        ] GC(1241) Eden regions: 47->0(43)
[2024-08-27T14:57:58.143+0000][info][gc,heap        ] GC(1241) Survivor regions: 11->8(8)
[2024-08-27T14:57:58.143+0000][info][gc,heap        ] GC(1241) Old regions: 751->806
[2024-08-27T14:57:58.143+0000][info][gc,heap        ] GC(1241) Archive regions: 2->2
[2024-08-27T14:57:58.143+0000][info][gc,heap        ] GC(1241) Humongous regions: 5->5
[2024-08-27T14:57:58.144+0000][info][gc,metaspace   ] GC(1241) Metaspace: 100K(320K)->100K(320K) NonClass: 96K(192K)->96K(192K) Class: 4K(128K)->4K(128K)
[2024-08-27T14:57:58.144+0000][info][gc             ] GC(1241) Pause Young (Prepare Mixed) (G1 Evacuation Pause) 802M->807M(1024M) 18.747ms
[2024-08-27T14:57:58.144+0000][info][gc,cpu         ] GC(1241) User=0.44s Sys=0.00s Real=0.02s
[2024-08-27T14:57:58.164+0000][info][gc,start       ] GC(1242) Pause Young (Mixed) (G1 Evacuation Pause)
[2024-08-27T14:57:58.164+0000][info][gc,task        ] GC(1242) Using 24 workers of 68 for evacuation
[2024-08-27T14:57:58.176+0000][info][gc,phases      ] GC(1242)   Pre Evacuate Collection Set: 0.2ms
[2024-08-27T14:57:58.176+0000][info][gc,phases      ] GC(1242)   Merge Heap Roots: 0.3ms
[2024-08-27T14:57:58.176+0000][info][gc,phases      ] GC(1242)   Evacuate Collection Set: 10.7ms
[2024-08-27T14:57:58.176+0000][info][gc,phases      ] GC(1242)   Post Evacuate Collection Set: 0.4ms
[2024-08-27T14:57:58.176+0000][info][gc,phases      ] GC(1242)   Other: 0.2ms
[2024-08-27T14:57:58.176+0000][info][gc,heap        ] GC(1242) Eden regions: 43->0(44)
[2024-08-27T14:57:58.176+0000][info][gc,heap        ] GC(1242) Survivor regions: 8->7(7)
[2024-08-27T14:57:58.176+0000][info][gc,heap        ] GC(1242) Old regions: 806->750
[2024-08-27T14:57:58.176+0000][info][gc,heap        ] GC(1242) Archive regions: 2->2
[2024-08-27T14:57:58.176+0000][info][gc,heap        ] GC(1242) Humongous regions: 5->5
[2024-08-27T14:57:58.176+0000][info][gc,metaspace   ] GC(1242) Metaspace: 100K(320K)->100K(320K) NonClass: 96K(192K)->96K(192K) Class: 4K(128K)->4K(128K)
[2024-08-27T14:57:58.176+0000][info][gc             ] GC(1242) Pause Young (Mixed) (G1 Evacuation Pause) 850M->754M(1024M) 11.849ms
[2024-08-27T14:57:58.176+0000][info][gc,cpu         ] GC(1242) User=0.26s Sys=0.00s Real=0.01s
[2024-08-27T14:57:58.196+0000][info][gc,start       ] GC(1243) Pause Young (Mixed) (G1 Evacuation Pause)
[2024-08-27T14:57:58.196+0000][info][gc,task        ] GC(1243) Using 24 workers of 68 for evacuation
[2024-08-27T14:57:58.207+0000][info][gc,phases      ] GC(1243)   Pre Evacuate Collection Set: 0.2ms
[2024-08-27T14:57:58.207+0000][info][gc,phases      ] GC(1243)   Merge Heap Roots: 0.4ms
[2024-08-27T14:57:58.207+0000][info][gc,phases      ] GC(1243)   Evacuate Collection Set: 10.2ms
[2024-08-27T14:57:58.207+0000][info][gc,phases      ] GC(1243)   Post Evacuate Collection Set: 0.3ms
[2024-08-27T14:57:58.207+0000][info][gc,phases      ] GC(1243)   Other: 0.3ms
[2024-08-27T14:57:58.207+0000][info][gc,heap        ] GC(1243) Eden regions: 44->0(62)
[2024-08-27T14:57:58.207+0000][info][gc,heap        ] GC(1243) Survivor regions: 7->7(7)
[2024-08-27T14:57:58.207+0000][info][gc,heap        ] GC(1243) Old regions: 750->710
[2024-08-27T14:57:58.207+0000][info][gc,heap        ] GC(1243) Archive regions: 2->2
[2024-08-27T14:57:58.207+0000][info][gc,heap        ] GC(1243) Humongous regions: 5->5
[2024-08-27T14:57:58.207+0000][info][gc,metaspace   ] GC(1243) Metaspace: 100K(320K)->100K(320K) NonClass: 96K(192K)->96K(192K) Class: 4K(128K)->4K(128K)
[2024-08-27T14:57:58.207+0000][info][gc             ] GC(1243) Pause Young (Mixed) (G1 Evacuation Pause) 798M->718M(1024M) 11.536ms
[2024-08-27T14:57:58.207+0000][info][gc,cpu         ] GC(1243) User=0.26s Sys=0.00s Real=0.01s
[2024-08-27T14:57:58.234+0000][info][gc,start       ] GC(1244) Pause Young (Concurrent Start) (G1 Evacuation Pause)
[2024-08-27T14:57:58.234+0000][info][gc,task        ] GC(1244) Using 24 workers of 68 for evacuation
[2024-08-27T14:57:58.246+0000][info][gc,phases      ] GC(1244)   Pre Evacuate Collection Set: 0.2ms
[2024-08-27T14:57:58.247+0000][info][gc,phases      ] GC(1244)   Merge Heap Roots: 0.3ms
[2024-08-27T14:57:58.247+0000][info][gc,phases      ] GC(1244)   Evacuate Collection Set: 11.3ms
[2024-08-27T14:57:58.247+0000][info][gc,phases      ] GC(1244)   Post Evacuate Collection Set: 0.3ms
[2024-08-27T14:57:58.247+0000][info][gc,phases      ] GC(1244)   Other: 0.6ms
[2024-08-27T14:57:58.247+0000][info][gc,heap        ] GC(1244) Eden regions: 62->0(42)
[2024-08-27T14:57:58.247+0000][info][gc,heap        ] GC(1244) Survivor regions: 7->9(9)
[2024-08-27T14:57:58.247+0000][info][gc,heap        ] GC(1244) Old regions: 710->772
[2024-08-27T14:57:58.247+0000][info][gc,heap        ] GC(1244) Archive regions: 2->2
[2024-08-27T14:57:58.247+0000][info][gc,heap        ] GC(1244) Humongous regions: 5->5
[2024-08-27T14:57:58.247+0000][info][gc,metaspace   ] GC(1244) Metaspace: 100K(320K)->100K(320K) NonClass: 96K(192K)->96K(192K) Class: 4K(128K)->4K(128K)
[2024-08-27T14:57:58.247+0000][info][gc             ] GC(1244) Pause Young (Concurrent Start) (G1 Evacuation Pause) 780M->782M(1024M) 12.856ms
[2024-08-27T14:57:58.247+0000][info][gc,cpu         ] GC(1244) User=0.28s Sys=0.00s Real=0.01s
[2024-08-27T14:57:58.247+0000][info][gc             ] GC(1245) Concurrent Mark Cycle
[2024-08-27T14:57:58.247+0000][info][gc,marking     ] GC(1245) Concurrent Clear Claimed Marks
[2024-08-27T14:57:58.247+0000][info][gc,marking     ] GC(1245) Concurrent Clear Claimed Marks 0.014ms
[2024-08-27T14:57:58.247+0000][info][gc,marking     ] GC(1245) Concurrent Scan Root Regions
[2024-08-27T14:57:58.249+0000][info][gc,marking     ] GC(1245) Concurrent Scan Root Regions 2.068ms
[2024-08-27T14:57:58.249+0000][info][gc,marking     ] GC(1245) Concurrent Mark
[2024-08-27T14:57:58.249+0000][info][gc,marking     ] GC(1245) Concurrent Mark From Roots
[2024-08-27T14:57:58.249+0000][info][gc,task        ] GC(1245) Using 17 workers of 17 for marking
[2024-08-27T14:57:58.270+0000][info][gc,marking     ] GC(1245) Concurrent Mark From Roots 20.680ms
[2024-08-27T14:57:58.270+0000][info][gc,marking     ] GC(1245) Concurrent Preclean
[2024-08-27T14:57:58.270+0000][info][gc,marking     ] GC(1245) Concurrent Preclean 0.494ms
[2024-08-27T14:57:58.270+0000][info][gc,start       ] GC(1245) Pause Remark
[2024-08-27T14:57:58.272+0000][info][gc             ] GC(1245) Pause Remark 813M->813M(1024M) 1.288ms
[2024-08-27T14:57:58.272+0000][info][gc,cpu         ] GC(1245) User=0.00s Sys=0.00s Real=0.00s
[2024-08-27T14:57:58.272+0000][info][gc,marking     ] GC(1245) Concurrent Mark 22.817ms
[2024-08-27T14:57:58.272+0000][info][gc,marking     ] GC(1245) Concurrent Rebuild Remembered Sets
[2024-08-27T14:57:58.281+0000][info][gc,start       ] GC(1246) Pause Young (Normal) (G1 Evacuation Pause)
[2024-08-27T14:57:58.281+0000][info][gc,task        ] GC(1246) Using 24 workers of 68 for evacuation
[2024-08-27T14:57:58.291+0000][info][gc,phases      ] GC(1246)   Pre Evacuate Collection Set: 0.2ms
[2024-08-27T14:57:58.291+0000][info][gc,phases      ] GC(1246)   Merge Heap Roots: 0.2ms
[2024-08-27T14:57:58.291+0000][info][gc,phases      ] GC(1246)   Evacuate Collection Set: 8.8ms
[2024-08-27T14:57:58.291+0000][info][gc,phases      ] GC(1246)   Post Evacuate Collection Set: 0.4ms
[2024-08-27T14:57:58.291+0000][info][gc,phases      ] GC(1246)   Other: 0.2ms
[2024-08-27T14:57:58.291+0000][info][gc,heap        ] GC(1246) Eden regions: 42->0(44)
[2024-08-27T14:57:58.291+0000][info][gc,heap        ] GC(1246) Survivor regions: 9->7(7)
[2024-08-27T14:57:58.291+0000][info][gc,heap        ] GC(1246) Old regions: 772->820
[2024-08-27T14:57:58.291+0000][info][gc,heap        ] GC(1246) Archive regions: 2->2
[2024-08-27T14:57:58.291+0000][info][gc,heap        ] GC(1246) Humongous regions: 5->5
[2024-08-27T14:57:58.291+0000][info][gc,metaspace   ] GC(1246) Metaspace: 100K(320K)->100K(320K) NonClass: 96K(192K)->96K(192K) Class: 4K(128K)->4K(128K)
[2024-08-27T14:57:58.291+0000][info][gc             ] GC(1246) Pause Young (Normal) (G1 Evacuation Pause) 824M->828M(1024M) 9.860ms
[2024-08-27T14:57:58.291+0000][info][gc,cpu         ] GC(1246) User=0.22s Sys=0.00s Real=0.01s
[2024-08-27T14:57:58.320+0000][info][gc,start       ] GC(1247) Pause Young (Normal) (G1 Evacuation Pause)
[2024-08-27T14:57:58.320+0000][info][gc,task        ] GC(1247) Using 24 workers of 68 for evacuation
[2024-08-27T14:57:58.333+0000][info][gc,phases      ] GC(1247)   Pre Evacuate Collection Set: 0.2ms
[2024-08-27T14:57:58.333+0000][info][gc,phases      ] GC(1247)   Merge Heap Roots: 0.4ms
[2024-08-27T14:57:58.333+0000][info][gc,phases      ] GC(1247)   Evacuate Collection Set: 12.1ms
[2024-08-27T14:57:58.333+0000][info][gc,phases      ] GC(1247)   Post Evacuate Collection Set: 0.4ms
[2024-08-27T14:57:58.333+0000][info][gc,phases      ] GC(1247)   Other: 0.2ms
[2024-08-27T14:57:58.334+0000][info][gc,heap        ] GC(1247) Eden regions: 44->0(44)
[2024-08-27T14:57:58.334+0000][info][gc,heap        ] GC(1247) Survivor regions: 7->7(7)
[2024-08-27T14:57:58.334+0000][info][gc,heap        ] GC(1247) Old regions: 820->866
[2024-08-27T14:57:58.334+0000][info][gc,heap        ] GC(1247) Archive regions: 2->2
[2024-08-27T14:57:58.334+0000][info][gc,heap        ] GC(1247) Humongous regions: 5->5
[2024-08-27T14:57:58.334+0000][info][gc,metaspace   ] GC(1247) Metaspace: 100K(320K)->100K(320K) NonClass: 96K(192K)->96K(192K) Class: 4K(128K)->4K(128K)
[2024-08-27T14:57:58.334+0000][info][gc             ] GC(1247) Pause Young (Normal) (G1 Evacuation Pause) 872M->874M(1024M) 13.324ms
[2024-08-27T14:57:58.334+0000][info][gc,cpu         ] GC(1247) User=0.30s Sys=0.00s Real=0.01s
[2024-08-27T14:57:58.350+0000][info][gc,marking     ] GC(1245) Concurrent Rebuild Remembered Sets 78.570ms
[2024-08-27T14:57:58.351+0000][info][gc,start       ] GC(1245) Pause Cleanup
[2024-08-27T14:57:58.352+0000][info][gc             ] GC(1245) Pause Cleanup 899M->899M(1024M) 1.350ms
[2024-08-27T14:57:58.352+0000][info][gc,cpu         ] GC(1245) User=0.00s Sys=0.00s Real=0.00s
[2024-08-27T14:57:58.352+0000][info][gc,marking     ] GC(1245) Concurrent Cleanup for Next Mark
[2024-08-27T14:57:58.353+0000][info][gc,marking     ] GC(1245) Concurrent Cleanup for Next Mark 0.604ms
[2024-08-27T14:57:58.353+0000][info][gc             ] GC(1245) Concurrent Mark Cycle 105.849ms
[2024-08-27T14:57:58.363+0000][info][gc,start       ] GC(1248) Pause Young (Prepare Mixed) (G1 Evacuation Pause)
[2024-08-27T14:57:58.363+0000][info][gc,task        ] GC(1248) Using 24 workers of 68 for evacuation
[2024-08-27T14:57:58.377+0000][info][gc,phases      ] GC(1248)   Pre Evacuate Collection Set: 0.2ms
[2024-08-27T14:57:58.377+0000][info][gc,phases      ] GC(1248)   Merge Heap Roots: 0.3ms
[2024-08-27T14:57:58.377+0000][info][gc,phases      ] GC(1248)   Evacuate Collection Set: 13.6ms
[2024-08-27T14:57:58.377+0000][info][gc,phases      ] GC(1248)   Post Evacuate Collection Set: 0.3ms
[2024-08-27T14:57:58.377+0000][info][gc,phases      ] GC(1248)   Other: 0.2ms
[2024-08-27T14:57:58.377+0000][info][gc,heap        ] GC(1248) Eden regions: 44->0(44)
[2024-08-27T14:57:58.377+0000][info][gc,heap        ] GC(1248) Survivor regions: 7->7(7)
[2024-08-27T14:57:58.377+0000][info][gc,heap        ] GC(1248) Old regions: 866->913
[2024-08-27T14:57:58.377+0000][info][gc,heap        ] GC(1248) Archive regions: 2->2
[2024-08-27T14:57:58.377+0000][info][gc,heap        ] GC(1248) Humongous regions: 5->5
[2024-08-27T14:57:58.377+0000][info][gc,metaspace   ] GC(1248) Metaspace: 100K(320K)->100K(320K) NonClass: 96K(192K)->96K(192K) Class: 4K(128K)->4K(128K)
[2024-08-27T14:57:58.377+0000][info][gc             ] GC(1248) Pause Young (Prepare Mixed) (G1 Evacuation Pause) 918M->921M(1024M) 14.656ms
[2024-08-27T14:57:58.377+0000][info][gc,cpu         ] GC(1248) User=0.34s Sys=0.00s Real=0.01s
[2024-08-27T14:57:58.397+0000][info][gc,start       ] GC(1249) Pause Young (Mixed) (G1 Preventive Collection)
[2024-08-27T14:57:58.397+0000][info][gc,task        ] GC(1249) Using 24 workers of 68 for evacuation
[2024-08-27T14:57:58.408+0000][info][gc,phases      ] GC(1249)   Pre Evacuate Collection Set: 0.2ms
[2024-08-27T14:57:58.408+0000][info][gc,phases      ] GC(1249)   Merge Heap Roots: 0.3ms
[2024-08-27T14:57:58.408+0000][info][gc,phases      ] GC(1249)   Evacuate Collection Set: 9.9ms
[2024-08-27T14:57:58.408+0000][info][gc,phases      ] GC(1249)   Post Evacuate Collection Set: 0.4ms
[2024-08-27T14:57:58.408+0000][info][gc,phases      ] GC(1249)   Other: 0.2ms
[2024-08-27T14:57:58.408+0000][info][gc,heap        ] GC(1249) Eden regions: 42->0(44)
[2024-08-27T14:57:58.408+0000][info][gc,heap        ] GC(1249) Survivor regions: 7->7(7)
[2024-08-27T14:57:58.408+0000][info][gc,heap        ] GC(1249) Old regions: 913->855
[2024-08-27T14:57:58.408+0000][info][gc,heap        ] GC(1249) Archive regions: 2->2
[2024-08-27T14:57:58.408+0000][info][gc,heap        ] GC(1249) Humongous regions: 5->5
[2024-08-27T14:57:58.408+0000][info][gc,metaspace   ] GC(1249) Metaspace: 100K(320K)->100K(320K) NonClass: 96K(192K)->96K(192K) Class: 4K(128K)->4K(128K)
[2024-08-27T14:57:58.408+0000][info][gc             ] GC(1249) Pause Young (Mixed) (G1 Preventive Collection) 963M->866M(1024M) 11.083ms
[2024-08-27T14:57:58.408+0000][info][gc,cpu         ] GC(1249) User=0.24s Sys=0.00s Real=0.01s
[2024-08-27T14:57:58.428+0000][info][gc,start       ] GC(1250) Pause Young (Mixed) (G1 Evacuation Pause)
[2024-08-27T14:57:58.428+0000][info][gc,task        ] GC(1250) Using 24 workers of 68 for evacuation
[2024-08-27T14:57:58.440+0000][info][gc,phases      ] GC(1250)   Pre Evacuate Collection Set: 0.2ms
[2024-08-27T14:57:58.440+0000][info][gc,phases      ] GC(1250)   Merge Heap Roots: 0.3ms
[2024-08-27T14:57:58.440+0000][info][gc,phases      ] GC(1250)   Evacuate Collection Set: 10.5ms
[2024-08-27T14:57:58.440+0000][info][gc,phases      ] GC(1250)   Post Evacuate Collection Set: 0.4ms
[2024-08-27T14:57:58.440+0000][info][gc,phases      ] GC(1250)   Other: 0.3ms
[2024-08-27T14:57:58.440+0000][info][gc,heap        ] GC(1250) Eden regions: 44->0(44)
[2024-08-27T14:57:58.440+0000][info][gc,heap        ] GC(1250) Survivor regions: 7->7(7)
[2024-08-27T14:57:58.440+0000][info][gc,heap        ] GC(1250) Old regions: 855->799
[2024-08-27T14:57:58.440+0000][info][gc,heap        ] GC(1250) Archive regions: 2->2
[2024-08-27T14:57:58.440+0000][info][gc,heap        ] GC(1250) Humongous regions: 5->5
[2024-08-27T14:57:58.440+0000][info][gc,metaspace   ] GC(1250) Metaspace: 100K(320K)->100K(320K) NonClass: 96K(192K)->96K(192K) Class: 4K(128K)->4K(128K)
[2024-08-27T14:57:58.440+0000][info][gc             ] GC(1250) Pause Young (Mixed) (G1 Evacuation Pause) 910M->811M(1024M) 11.876ms
[2024-08-27T14:57:58.440+0000][info][gc,cpu         ] GC(1250) User=0.26s Sys=0.00s Real=0.02s
[2024-08-27T14:57:58.459+0000][info][gc,start       ] GC(1251) Pause Young (Mixed) (G1 Evacuation Pause)
[2024-08-27T14:57:58.459+0000][info][gc,task        ] GC(1251) Using 24 workers of 68 for evacuation
[2024-08-27T14:57:58.472+0000][info][gc,phases      ] GC(1251)   Pre Evacuate Collection Set: 0.2ms
[2024-08-27T14:57:58.472+0000][info][gc,phases      ] GC(1251)   Merge Heap Roots: 0.3ms
[2024-08-27T14:57:58.472+0000][info][gc,phases      ] GC(1251)   Evacuate Collection Set: 11.8ms
[2024-08-27T14:57:58.472+0000][info][gc,phases      ] GC(1251)   Post Evacuate Collection Set: 0.4ms
[2024-08-27T14:57:58.472+0000][info][gc,phases      ] GC(1251)   Other: 0.2ms
[2024-08-27T14:57:58.472+0000][info][gc,heap        ] GC(1251) Eden regions: 44->0(44)
[2024-08-27T14:57:58.472+0000][info][gc,heap        ] GC(1251) Survivor regions: 7->7(7)
[2024-08-27T14:57:58.472+0000][info][gc,heap        ] GC(1251) Old regions: 799->774
[2024-08-27T14:57:58.472+0000][info][gc,heap        ] GC(1251) Archive regions: 2->2
[2024-08-27T14:57:58.472+0000][info][gc,heap        ] GC(1251) Humongous regions: 5->5
[2024-08-27T14:57:58.472+0000][info][gc,metaspace   ] GC(1251) Metaspace: 100K(320K)->100K(320K) NonClass: 96K(192K)->96K(192K) Class: 4K(128K)->4K(128K)
[2024-08-27T14:57:58.472+0000][info][gc             ] GC(1251) Pause Young (Mixed) (G1 Evacuation Pause) 855M->786M(1024M) 12.955ms
[2024-08-27T14:57:58.472+0000][info][gc,cpu         ] GC(1251) User=0.29s Sys=0.00s Real=0.01s
[2024-08-27T14:57:58.491+0000][info][gc,start       ] GC(1252) Pause Young (Concurrent Start) (G1 Evacuation Pause)
[2024-08-27T14:57:58.491+0000][info][gc,task        ] GC(1252) Using 24 workers of 68 for evacuation
[2024-08-27T14:57:58.502+0000][info][gc,phases      ] GC(1252)   Pre Evacuate Collection Set: 0.2ms
[2024-08-27T14:57:58.502+0000][info][gc,phases      ] GC(1252)   Merge Heap Roots: 0.3ms
[2024-08-27T14:57:58.502+0000][info][gc,phases      ] GC(1252)   Evacuate Collection Set: 9.6ms
[2024-08-27T14:57:58.502+0000][info][gc,phases      ] GC(1252)   Post Evacuate Collection Set: 0.3ms
[2024-08-27T14:57:58.502+0000][info][gc,phases      ] GC(1252)   Other: 0.7ms
[2024-08-27T14:57:58.502+0000][info][gc,heap        ] GC(1252) Eden regions: 44->0(44)
[2024-08-27T14:57:58.502+0000][info][gc,heap        ] GC(1252) Survivor regions: 7->7(7)
[2024-08-27T14:57:58.502+0000][info][gc,heap        ] GC(1252) Old regions: 774->822
[2024-08-27T14:57:58.502+0000][info][gc,heap        ] GC(1252) Archive regions: 2->2
[2024-08-27T14:57:58.502+0000][info][gc,heap        ] GC(1252) Humongous regions: 5->5
[2024-08-27T14:57:58.502+0000][info][gc,metaspace   ] GC(1252) Metaspace: 100K(320K)->100K(320K) NonClass: 96K(192K)->96K(192K) Class: 4K(128K)->4K(128K)
[2024-08-27T14:57:58.502+0000][info][gc             ] GC(1252) Pause Young (Concurrent Start) (G1 Evacuation Pause) 830M->834M(1024M) 11.080ms
[2024-08-27T14:57:58.503+0000][info][gc,cpu         ] GC(1252) User=0.24s Sys=0.00s Real=0.01s
[2024-08-27T14:57:58.503+0000][info][gc             ] GC(1253) Concurrent Mark Cycle
[2024-08-27T14:57:58.503+0000][info][gc,marking     ] GC(1253) Concurrent Clear Claimed Marks
[2024-08-27T14:57:58.503+0000][info][gc,marking     ] GC(1253) Concurrent Clear Claimed Marks 0.013ms
[2024-08-27T14:57:58.503+0000][info][gc,marking     ] GC(1253) Concurrent Scan Root Regions
[2024-08-27T14:57:58.504+0000][info][gc,marking     ] GC(1253) Concurrent Scan Root Regions 1.488ms
[2024-08-27T14:57:58.504+0000][info][gc,marking     ] GC(1253) Concurrent Mark
[2024-08-27T14:57:58.504+0000][info][gc,marking     ] GC(1253) Concurrent Mark From Roots
[2024-08-27T14:57:58.504+0000][info][gc,task        ] GC(1253) Using 17 workers of 17 for marking
[2024-08-27T14:57:58.526+0000][info][gc,marking     ] GC(1253) Concurrent Mark From Roots 21.418ms
[2024-08-27T14:57:58.526+0000][info][gc,marking     ] GC(1253) Concurrent Preclean
[2024-08-27T14:57:58.526+0000][info][gc,marking     ] GC(1253) Concurrent Preclean 0.496ms
[2024-08-27T14:57:58.526+0000][info][gc,start       ] GC(1253) Pause Remark
[2024-08-27T14:57:58.528+0000][info][gc             ] GC(1253) Pause Remark 863M->863M(1024M) 1.298ms
[2024-08-27T14:57:58.528+0000][info][gc,cpu         ] GC(1253) User=0.01s Sys=0.00s Real=0.00s
[2024-08-27T14:57:58.528+0000][info][gc,marking     ] GC(1253) Concurrent Mark 23.562ms
[2024-08-27T14:57:58.528+0000][info][gc,marking     ] GC(1253) Concurrent Rebuild Remembered Sets
[2024-08-27T14:57:58.539+0000][info][gc,start       ] GC(1254) Pause Young (Normal) (G1 Evacuation Pause)
[2024-08-27T14:57:58.539+0000][info][gc,task        ] GC(1254) Using 24 workers of 68 for evacuation
[2024-08-27T14:57:58.550+0000][info][gc,phases      ] GC(1254)   Pre Evacuate Collection Set: 0.1ms
[2024-08-27T14:57:58.550+0000][info][gc,phases      ] GC(1254)   Merge Heap Roots: 0.4ms
[2024-08-27T14:57:58.550+0000][info][gc,phases      ] GC(1254)   Evacuate Collection Set: 9.0ms
[2024-08-27T14:57:58.550+0000][info][gc,phases      ] GC(1254)   Post Evacuate Collection Set: 0.5ms
[2024-08-27T14:57:58.550+0000][info][gc,phases      ] GC(1254)   Other: 0.2ms
[2024-08-27T14:57:58.550+0000][info][gc,heap        ] GC(1254) Eden regions: 44->0(44)
[2024-08-27T14:57:58.550+0000][info][gc,heap        ] GC(1254) Survivor regions: 7->7(7)
[2024-08-27T14:57:58.550+0000][info][gc,heap        ] GC(1254) Old regions: 822->869
[2024-08-27T14:57:58.550+0000][info][gc,heap        ] GC(1254) Archive regions: 2->2
[2024-08-27T14:57:58.550+0000][info][gc,heap        ] GC(1254) Humongous regions: 5->5
[2024-08-27T14:57:58.550+0000][info][gc,metaspace   ] GC(1254) Metaspace: 100K(320K)->100K(320K) NonClass: 96K(192K)->96K(192K) Class: 4K(128K)->4K(128K)
[2024-08-27T14:57:58.550+0000][info][gc             ] GC(1254) Pause Young (Normal) (G1 Evacuation Pause) 878M->881M(1024M) 10.174ms
[2024-08-27T14:57:58.550+0000][info][gc,cpu         ] GC(1254) User=0.22s Sys=0.00s Real=0.01s
[2024-08-27T14:57:58.580+0000][info][gc,start       ] GC(1255) Pause Young (Normal) (G1 Evacuation Pause)
[2024-08-27T14:57:58.581+0000][info][gc,task        ] GC(1255) Using 24 workers of 68 for evacuation
[2024-08-27T14:57:58.595+0000][info][gc,phases      ] GC(1255)   Pre Evacuate Collection Set: 0.2ms
[2024-08-27T14:57:58.595+0000][info][gc,phases      ] GC(1255)   Merge Heap Roots: 0.4ms
[2024-08-27T14:57:58.595+0000][info][gc,phases      ] GC(1255)   Evacuate Collection Set: 12.9ms
[2024-08-27T14:57:58.595+0000][info][gc,phases      ] GC(1255)   Post Evacuate Collection Set: 0.5ms
[2024-08-27T14:57:58.595+0000][info][gc,phases      ] GC(1255)   Other: 0.2ms
[2024-08-27T14:57:58.595+0000][info][gc,heap        ] GC(1255) Eden regions: 44->0(44)
[2024-08-27T14:57:58.595+0000][info][gc,heap        ] GC(1255) Survivor regions: 7->7(7)
[2024-08-27T14:57:58.595+0000][info][gc,heap        ] GC(1255) Old regions: 869->917
[2024-08-27T14:57:58.595+0000][info][gc,heap        ] GC(1255) Archive regions: 2->2
[2024-08-27T14:57:58.595+0000][info][gc,heap        ] GC(1255) Humongous regions: 5->5
[2024-08-27T14:57:58.595+0000][info][gc,metaspace   ] GC(1255) Metaspace: 100K(320K)->100K(320K) NonClass: 96K(192K)->96K(192K) Class: 4K(128K)->4K(128K)
[2024-08-27T14:57:58.595+0000][info][gc             ] GC(1255) Pause Young (Normal) (G1 Evacuation Pause) 925M->929M(1024M) 14.201ms
[2024-08-27T14:57:58.595+0000][info][gc,cpu         ] GC(1255) User=0.32s Sys=0.00s Real=0.01s
[2024-08-27T14:57:58.616+0000][info][gc,marking     ] GC(1253) Concurrent Rebuild Remembered Sets 88.684ms
[2024-08-27T14:57:58.617+0000][info][gc,start       ] GC(1253) Pause Cleanup
[2024-08-27T14:57:58.618+0000][info][gc             ] GC(1253) Pause Cleanup 961M->961M(1024M) 1.279ms
[2024-08-27T14:57:58.618+0000][info][gc,cpu         ] GC(1253) User=0.01s Sys=0.00s Real=0.01s
[2024-08-27T14:57:58.618+0000][info][gc,marking     ] GC(1253) Concurrent Cleanup for Next Mark
[2024-08-27T14:57:58.619+0000][info][gc,marking     ] GC(1253) Concurrent Cleanup for Next Mark 0.553ms
[2024-08-27T14:57:58.619+0000][info][gc             ] GC(1253) Concurrent Mark Cycle 116.088ms
[2024-08-27T14:57:58.624+0000][info][gc,start       ] GC(1256) Pause Young (Prepare Mixed) (G1 Preventive Collection)
[2024-08-27T14:57:58.624+0000][info][gc,task        ] GC(1256) Using 24 workers of 68 for evacuation
[2024-08-27T14:57:58.638+0000][info][gc,phases      ] GC(1256)   Pre Evacuate Collection Set: 0.2ms
[2024-08-27T14:57:58.638+0000][info][gc,phases      ] GC(1256)   Merge Heap Roots: 0.4ms
[2024-08-27T14:57:58.638+0000][info][gc,phases      ] GC(1256)   Evacuate Collection Set: 13.3ms
[2024-08-27T14:57:58.638+0000][info][gc,phases      ] GC(1256)   Post Evacuate Collection Set: 0.3ms
[2024-08-27T14:57:58.638+0000][info][gc,phases      ] GC(1256)   Other: 0.2ms
[2024-08-27T14:57:58.638+0000][info][gc,heap        ] GC(1256) Eden regions: 41->0(44)
[2024-08-27T14:57:58.638+0000][info][gc,heap        ] GC(1256) Survivor regions: 7->7(7)
[2024-08-27T14:57:58.638+0000][info][gc,heap        ] GC(1256) Old regions: 917->961
[2024-08-27T14:57:58.638+0000][info][gc,heap        ] GC(1256) Archive regions: 2->2
[2024-08-27T14:57:58.638+0000][info][gc,heap        ] GC(1256) Humongous regions: 5->5
[2024-08-27T14:57:58.638+0000][info][gc,metaspace   ] GC(1256) Metaspace: 100K(320K)->100K(320K) NonClass: 96K(192K)->96K(192K) Class: 4K(128K)->4K(128K)
[2024-08-27T14:57:58.638+0000][info][gc             ] GC(1256) Pause Young (Prepare Mixed) (G1 Preventive Collection) 970M->973M(1024M) 14.388ms
[2024-08-27T14:57:58.638+0000][info][gc,cpu         ] GC(1256) User=0.33s Sys=0.01s Real=0.02s
[2024-08-27T14:57:58.647+0000][info][gc,start       ] GC(1257) Pause Young (Mixed) (G1 Preventive Collection)
[2024-08-27T14:57:58.647+0000][info][gc,task        ] GC(1257) Using 24 workers of 68 for evacuation
[2024-08-27T14:57:58.654+0000][info][gc,phases      ] GC(1257)   Pre Evacuate Collection Set: 0.2ms
[2024-08-27T14:57:58.654+0000][info][gc,phases      ] GC(1257)   Merge Heap Roots: 0.3ms
[2024-08-27T14:57:58.654+0000][info][gc,phases      ] GC(1257)   Evacuate Collection Set: 5.8ms
[2024-08-27T14:57:58.654+0000][info][gc,phases      ] GC(1257)   Post Evacuate Collection Set: 0.4ms
[2024-08-27T14:57:58.654+0000][info][gc,phases      ] GC(1257)   Other: 0.2ms
[2024-08-27T14:57:58.654+0000][info][gc,heap        ] GC(1257) Eden regions: 19->0(44)
[2024-08-27T14:57:58.654+0000][info][gc,heap        ] GC(1257) Survivor regions: 7->7(7)
[2024-08-27T14:57:58.654+0000][info][gc,heap        ] GC(1257) Old regions: 961->880
[2024-08-27T14:57:58.654+0000][info][gc,heap        ] GC(1257) Archive regions: 2->2
[2024-08-27T14:57:58.654+0000][info][gc,heap        ] GC(1257) Humongous regions: 5->5
[2024-08-27T14:57:58.654+0000][info][gc,metaspace   ] GC(1257) Metaspace: 100K(320K)->100K(320K) NonClass: 96K(192K)->96K(192K) Class: 4K(128K)->4K(128K)
[2024-08-27T14:57:58.654+0000][info][gc             ] GC(1257) Pause Young (Mixed) (G1 Preventive Collection) 992M->892M(1024M) 6.925ms
[2024-08-27T14:57:58.654+0000][info][gc,cpu         ] GC(1257) User=0.14s Sys=0.00s Real=0.01s
[2024-08-27T14:57:58.673+0000][info][gc,start       ] GC(1258) Pause Young (Mixed) (G1 Evacuation Pause)
[2024-08-27T14:57:58.673+0000][info][gc,task        ] GC(1258) Using 24 workers of 68 for evacuation
[2024-08-27T14:57:58.684+0000][info][gc,phases      ] GC(1258)   Pre Evacuate Collection Set: 0.2ms
[2024-08-27T14:57:58.684+0000][info][gc,phases      ] GC(1258)   Merge Heap Roots: 0.3ms
[2024-08-27T14:57:58.684+0000][info][gc,phases      ] GC(1258)   Evacuate Collection Set: 9.5ms
[2024-08-27T14:57:58.684+0000][info][gc,phases      ] GC(1258)   Post Evacuate Collection Set: 0.4ms
[2024-08-27T14:57:58.684+0000][info][gc,phases      ] GC(1258)   Other: 0.2ms
[2024-08-27T14:57:58.684+0000][info][gc,heap        ] GC(1258) Eden regions: 44->0(44)
[2024-08-27T14:57:58.684+0000][info][gc,heap        ] GC(1258) Survivor regions: 7->7(7)
[2024-08-27T14:57:58.684+0000][info][gc,heap        ] GC(1258) Old regions: 880->823
[2024-08-27T14:57:58.684+0000][info][gc,heap        ] GC(1258) Archive regions: 2->2
[2024-08-27T14:57:58.684+0000][info][gc,heap        ] GC(1258) Humongous regions: 5->5
[2024-08-27T14:57:58.684+0000][info][gc,metaspace   ] GC(1258) Metaspace: 100K(320K)->100K(320K) NonClass: 96K(192K)->96K(192K) Class: 4K(128K)->4K(128K)
[2024-08-27T14:57:58.684+0000][info][gc             ] GC(1258) Pause Young (Mixed) (G1 Evacuation Pause) 936M->835M(1024M) 10.821ms
[2024-08-27T14:57:58.684+0000][info][gc,cpu         ] GC(1258) User=0.24s Sys=0.00s Real=0.01s
[2024-08-27T14:57:58.703+0000][info][gc,start       ] GC(1259) Pause Young (Mixed) (G1 Evacuation Pause)
[2024-08-27T14:57:58.703+0000][info][gc,task        ] GC(1259) Using 24 workers of 68 for evacuation
[2024-08-27T14:57:58.714+0000][info][gc,phases      ] GC(1259)   Pre Evacuate Collection Set: 0.2ms
[2024-08-27T14:57:58.714+0000][info][gc,phases      ] GC(1259)   Merge Heap Roots: 0.4ms
[2024-08-27T14:57:58.714+0000][info][gc,phases      ] GC(1259)   Evacuate Collection Set: 9.6ms
[2024-08-27T14:57:58.714+0000][info][gc,phases      ] GC(1259)   Post Evacuate Collection Set: 0.4ms
[2024-08-27T14:57:58.714+0000][info][gc,phases      ] GC(1259)   Other: 0.2ms
[2024-08-27T14:57:58.714+0000][info][gc,heap        ] GC(1259) Eden regions: 44->0(44)
[2024-08-27T14:57:58.714+0000][info][gc,heap        ] GC(1259) Survivor regions: 7->7(7)
[2024-08-27T14:57:58.714+0000][info][gc,heap        ] GC(1259) Old regions: 823->768
[2024-08-27T14:57:58.714+0000][info][gc,heap        ] GC(1259) Archive regions: 2->2
[2024-08-27T14:57:58.714+0000][info][gc,heap        ] GC(1259) Humongous regions: 5->5
[2024-08-27T14:57:58.714+0000][info][gc,metaspace   ] GC(1259) Metaspace: 100K(320K)->100K(320K) NonClass: 96K(192K)->96K(192K) Class: 4K(128K)->4K(128K)
[2024-08-27T14:57:58.714+0000][info][gc             ] GC(1259) Pause Young (Mixed) (G1 Evacuation Pause) 879M->780M(1024M) 10.848ms
[2024-08-27T14:57:58.714+0000][info][gc,cpu         ] GC(1259) User=0.19s Sys=0.04s Real=0.01s
[2024-08-27T14:57:58.733+0000][info][gc,start       ] GC(1260) Pause Young (Mixed) (G1 Evacuation Pause)
[2024-08-27T14:57:58.733+0000][info][gc,task        ] GC(1260) Using 24 workers of 68 for evacuation
[2024-08-27T14:57:58.743+0000][info][gc,phases      ] GC(1260)   Pre Evacuate Collection Set: 0.2ms
[2024-08-27T14:57:58.743+0000][info][gc,phases      ] GC(1260)   Merge Heap Roots: 0.2ms
[2024-08-27T14:57:58.743+0000][info][gc,phases      ] GC(1260)   Evacuate Collection Set: 9.1ms
[2024-08-27T14:57:58.743+0000][info][gc,phases      ] GC(1260)   Post Evacuate Collection Set: 0.3ms
[2024-08-27T14:57:58.743+0000][info][gc,phases      ] GC(1260)   Other: 0.2ms
[2024-08-27T14:57:58.743+0000][info][gc,heap        ] GC(1260) Eden regions: 44->0(44)
[2024-08-27T14:57:58.743+0000][info][gc,heap        ] GC(1260) Survivor regions: 7->7(7)
[2024-08-27T14:57:58.743+0000][info][gc,heap        ] GC(1260) Old regions: 768->805
[2024-08-27T14:57:58.743+0000][info][gc,heap        ] GC(1260) Archive regions: 2->2
[2024-08-27T14:57:58.743+0000][info][gc,heap        ] GC(1260) Humongous regions: 5->5
[2024-08-27T14:57:58.743+0000][info][gc,metaspace   ] GC(1260) Metaspace: 100K(320K)->100K(320K) NonClass: 96K(192K)->96K(192K) Class: 4K(128K)->4K(128K)
[2024-08-27T14:57:58.743+0000][info][gc             ] GC(1260) Pause Young (Mixed) (G1 Evacuation Pause) 824M->817M(1024M) 10.151ms
[2024-08-27T14:57:58.743+0000][info][gc,cpu         ] GC(1260) User=0.22s Sys=0.01s Real=0.01s
[2024-08-27T14:57:58.762+0000][info][gc,start       ] GC(1261) Pause Young (Concurrent Start) (G1 Evacuation Pause)
[2024-08-27T14:57:58.762+0000][info][gc,task        ] GC(1261) Using 24 workers of 68 for evacuation
[2024-08-27T14:57:58.772+0000][info][gc,phases      ] GC(1261)   Pre Evacuate Collection Set: 0.2ms
[2024-08-27T14:57:58.772+0000][info][gc,phases      ] GC(1261)   Merge Heap Roots: 0.2ms
[2024-08-27T14:57:58.772+0000][info][gc,phases      ] GC(1261)   Evacuate Collection Set: 8.9ms
[2024-08-27T14:57:58.772+0000][info][gc,phases      ] GC(1261)   Post Evacuate Collection Set: 0.3ms
[2024-08-27T14:57:58.772+0000][info][gc,phases      ] GC(1261)   Other: 0.7ms
[2024-08-27T14:57:58.772+0000][info][gc,heap        ] GC(1261) Eden regions: 44->0(44)
[2024-08-27T14:57:58.773+0000][info][gc,heap        ] GC(1261) Survivor regions: 7->7(7)
[2024-08-27T14:57:58.773+0000][info][gc,heap        ] GC(1261) Old regions: 805->851
[2024-08-27T14:57:58.773+0000][info][gc,heap        ] GC(1261) Archive regions: 2->2
[2024-08-27T14:57:58.773+0000][info][gc,heap        ] GC(1261) Humongous regions: 5->5
[2024-08-27T14:57:58.773+0000][info][gc,metaspace   ] GC(1261) Metaspace: 100K(320K)->100K(320K) NonClass: 96K(192K)->96K(192K) Class: 4K(128K)->4K(128K)
[2024-08-27T14:57:58.773+0000][info][gc             ] GC(1261) Pause Young (Concurrent Start) (G1 Evacuation Pause) 861M->863M(1024M) 10.448ms
[2024-08-27T14:57:58.773+0000][info][gc,cpu         ] GC(1261) User=0.22s Sys=0.00s Real=0.01s
[2024-08-27T14:57:58.773+0000][info][gc             ] GC(1262) Concurrent Mark Cycle
[2024-08-27T14:57:58.773+0000][info][gc,marking     ] GC(1262) Concurrent Clear Claimed Marks
[2024-08-27T14:57:58.773+0000][info][gc,marking     ] GC(1262) Concurrent Clear Claimed Marks 0.011ms
[2024-08-27T14:57:58.773+0000][info][gc,marking     ] GC(1262) Concurrent Scan Root Regions
[2024-08-27T14:57:58.774+0000][info][gc,marking     ] GC(1262) Concurrent Scan Root Regions 1.481ms
[2024-08-27T14:57:58.774+0000][info][gc,marking     ] GC(1262) Concurrent Mark
[2024-08-27T14:57:58.774+0000][info][gc,marking     ] GC(1262) Concurrent Mark From Roots
[2024-08-27T14:57:58.774+0000][info][gc,task        ] GC(1262) Using 17 workers of 17 for marking
[2024-08-27T14:57:58.797+0000][info][gc,marking     ] GC(1262) Concurrent Mark From Roots 22.283ms
[2024-08-27T14:57:58.797+0000][info][gc,marking     ] GC(1262) Concurrent Preclean
[2024-08-27T14:57:58.797+0000][info][gc,marking     ] GC(1262) Concurrent Preclean 0.495ms
[2024-08-27T14:57:58.797+0000][info][gc,start       ] GC(1262) Pause Remark
[2024-08-27T14:57:58.798+0000][info][gc             ] GC(1262) Pause Remark 894M->894M(1024M) 1.220ms
[2024-08-27T14:57:58.799+0000][info][gc,cpu         ] GC(1262) User=0.00s Sys=0.00s Real=0.01s
[2024-08-27T14:57:58.799+0000][info][gc,marking     ] GC(1262) Concurrent Mark 24.328ms
[2024-08-27T14:57:58.799+0000][info][gc,marking     ] GC(1262) Concurrent Rebuild Remembered Sets
[2024-08-27T14:57:58.810+0000][info][gc,start       ] GC(1263) Pause Young (Normal) (G1 Evacuation Pause)
[2024-08-27T14:57:58.810+0000][info][gc,task        ] GC(1263) Using 24 workers of 68 for evacuation
[2024-08-27T14:57:58.820+0000][info][gc,phases      ] GC(1263)   Pre Evacuate Collection Set: 0.1ms
[2024-08-27T14:57:58.820+0000][info][gc,phases      ] GC(1263)   Merge Heap Roots: 0.3ms
[2024-08-27T14:57:58.820+0000][info][gc,phases      ] GC(1263)   Evacuate Collection Set: 9.1ms
[2024-08-27T14:57:58.820+0000][info][gc,phases      ] GC(1263)   Post Evacuate Collection Set: 0.4ms
[2024-08-27T14:57:58.820+0000][info][gc,phases      ] GC(1263)   Other: 0.2ms
[2024-08-27T14:57:58.820+0000][info][gc,heap        ] GC(1263) Eden regions: 44->0(44)
[2024-08-27T14:57:58.820+0000][info][gc,heap        ] GC(1263) Survivor regions: 7->7(7)
[2024-08-27T14:57:58.820+0000][info][gc,heap        ] GC(1263) Old regions: 851->898
[2024-08-27T14:57:58.820+0000][info][gc,heap        ] GC(1263) Archive regions: 2->2
[2024-08-27T14:57:58.820+0000][info][gc,heap        ] GC(1263) Humongous regions: 5->5
[2024-08-27T14:57:58.820+0000][info][gc,metaspace   ] GC(1263) Metaspace: 100K(320K)->100K(320K) NonClass: 96K(192K)->96K(192K) Class: 4K(128K)->4K(128K)
[2024-08-27T14:57:58.820+0000][info][gc             ] GC(1263) Pause Young (Normal) (G1 Evacuation Pause) 907M->910M(1024M) 10.211ms
[2024-08-27T14:57:58.820+0000][info][gc,cpu         ] GC(1263) User=0.23s Sys=0.00s Real=0.01s
[2024-08-27T14:57:58.851+0000][info][gc,start       ] GC(1264) Pause Young (Normal) (G1 Evacuation Pause)
[2024-08-27T14:57:58.851+0000][info][gc,task        ] GC(1264) Using 24 workers of 68 for evacuation
[2024-08-27T14:57:58.864+0000][info][gc,phases      ] GC(1264)   Pre Evacuate Collection Set: 0.2ms
[2024-08-27T14:57:58.864+0000][info][gc,phases      ] GC(1264)   Merge Heap Roots: 0.3ms
[2024-08-27T14:57:58.864+0000][info][gc,phases      ] GC(1264)   Evacuate Collection Set: 12.3ms
[2024-08-27T14:57:58.864+0000][info][gc,phases      ] GC(1264)   Post Evacuate Collection Set: 0.6ms
[2024-08-27T14:57:58.864+0000][info][gc,phases      ] GC(1264)   Other: 0.2ms
[2024-08-27T14:57:58.864+0000][info][gc,heap        ] GC(1264) Eden regions: 44->0(44)
[2024-08-27T14:57:58.864+0000][info][gc,heap        ] GC(1264) Survivor regions: 7->7(7)
[2024-08-27T14:57:58.864+0000][info][gc,heap        ] GC(1264) Old regions: 898->945
[2024-08-27T14:57:58.864+0000][info][gc,heap        ] GC(1264) Archive regions: 2->2
[2024-08-27T14:57:58.864+0000][info][gc,heap        ] GC(1264) Humongous regions: 5->5
[2024-08-27T14:57:58.864+0000][info][gc,metaspace   ] GC(1264) Metaspace: 100K(320K)->100K(320K) NonClass: 96K(192K)->96K(192K) Class: 4K(128K)->4K(128K)
[2024-08-27T14:57:58.864+0000][info][gc             ] GC(1264) Pause Young (Normal) (G1 Evacuation Pause) 954M->957M(1024M) 13.607ms
[2024-08-27T14:57:58.864+0000][info][gc,cpu         ] GC(1264) User=0.31s Sys=0.00s Real=0.01s
[2024-08-27T14:57:58.884+0000][info][gc,start       ] GC(1265) Pause Young (Normal) (G1 Preventive Collection)
[2024-08-27T14:57:58.884+0000][info][gc,task        ] GC(1265) Using 24 workers of 68 for evacuation
[2024-08-27T14:57:58.897+0000][info][gc,phases      ] GC(1265)   Pre Evacuate Collection Set: 0.2ms
[2024-08-27T14:57:58.898+0000][info][gc,phases      ] GC(1265)   Merge Heap Roots: 0.4ms
[2024-08-27T14:57:58.898+0000][info][gc,phases      ] GC(1265)   Evacuate Collection Set: 11.9ms
[2024-08-27T14:57:58.898+0000][info][gc,phases      ] GC(1265)   Post Evacuate Collection Set: 0.6ms
[2024-08-27T14:57:58.898+0000][info][gc,phases      ] GC(1265)   Other: 0.2ms
[2024-08-27T14:57:58.898+0000][info][gc,heap        ] GC(1265) Eden regions: 27->0(44)
[2024-08-27T14:57:58.898+0000][info][gc,heap        ] GC(1265) Survivor regions: 7->7(7)
[2024-08-27T14:57:58.898+0000][info][gc,heap        ] GC(1265) Old regions: 945->975
[2024-08-27T14:57:58.898+0000][info][gc,heap        ] GC(1265) Archive regions: 2->2
[2024-08-27T14:57:58.898+0000][info][gc,heap        ] GC(1265) Humongous regions: 5->5
[2024-08-27T14:57:58.898+0000][info][gc,metaspace   ] GC(1265) Metaspace: 100K(320K)->100K(320K) NonClass: 96K(192K)->96K(192K) Class: 4K(128K)->4K(128K)
[2024-08-27T14:57:58.898+0000][info][gc             ] GC(1265) Pause Young (Normal) (G1 Preventive Collection) 984M->987M(1024M) 13.369ms
[2024-08-27T14:57:58.898+0000][info][gc,cpu         ] GC(1265) User=0.31s Sys=0.00s Real=0.02s
[2024-08-27T14:57:58.898+0000][info][gc,marking     ] GC(1262) Concurrent Rebuild Remembered Sets 99.309ms
[2024-08-27T14:57:58.898+0000][info][gc,start       ] GC(1262) Pause Cleanup
[2024-08-27T14:57:58.899+0000][info][gc             ] GC(1262) Pause Cleanup 988M->988M(1024M) 1.327ms
[2024-08-27T14:57:58.899+0000][info][gc,cpu         ] GC(1262) User=0.00s Sys=0.00s Real=0.00s
[2024-08-27T14:57:58.899+0000][info][gc,marking     ] GC(1262) Concurrent Cleanup for Next Mark
[2024-08-27T14:57:58.900+0000][info][gc,marking     ] GC(1262) Concurrent Cleanup for Next Mark 0.546ms
[2024-08-27T14:57:58.900+0000][info][gc             ] GC(1262) Concurrent Mark Cycle 127.368ms
[2024-08-27T14:57:58.906+0000][info][gc,start       ] GC(1266) Pause Young (Prepare Mixed) (G1 Preventive Collection)
[2024-08-27T14:57:58.906+0000][info][gc,task        ] GC(1266) Using 24 workers of 68 for evacuation
[2024-08-27T14:57:58.917+0000][info][gc             ] GC(1266) To-space exhausted
[2024-08-27T14:57:58.918+0000][info][gc,phases      ] GC(1266)   Pre Evacuate Collection Set: 0.2ms
[2024-08-27T14:57:58.918+0000][info][gc,phases      ] GC(1266)   Merge Heap Roots: 0.6ms
[2024-08-27T14:57:58.918+0000][info][gc,phases      ] GC(1266)   Evacuate Collection Set: 9.7ms
[2024-08-27T14:57:58.918+0000][info][gc,phases      ] GC(1266)   Post Evacuate Collection Set: 0.6ms
[2024-08-27T14:57:58.918+0000][info][gc,phases      ] GC(1266)   Other: 0.2ms
[2024-08-27T14:57:58.918+0000][info][gc,heap        ] GC(1266) Eden regions: 13->0(44)
[2024-08-27T14:57:58.918+0000][info][gc,heap        ] GC(1266) Survivor regions: 7->7(7)
[2024-08-27T14:57:58.918+0000][info][gc,heap        ] GC(1266) Old regions: 975->1006
[2024-08-27T14:57:58.918+0000][info][gc,heap        ] GC(1266) Archive regions: 2->2
[2024-08-27T14:57:58.918+0000][info][gc,heap        ] GC(1266) Humongous regions: 5->5
[2024-08-27T14:57:58.918+0000][info][gc,metaspace   ] GC(1266) Metaspace: 100K(320K)->100K(320K) NonClass: 96K(192K)->96K(192K) Class: 4K(128K)->4K(128K)
[2024-08-27T14:57:58.918+0000][info][gc             ] GC(1266) Pause Young (Prepare Mixed) (G1 Preventive Collection) 1000M->1018M(1024M) 11.254ms
[2024-08-27T14:57:58.918+0000][info][gc,cpu         ] GC(1266) User=0.24s Sys=0.00s Real=0.02s
[2024-08-27T14:57:58.918+0000][info][gc,start       ] GC(1267) Pause Young (Mixed) (G1 Preventive Collection)
[2024-08-27T14:57:58.918+0000][info][gc,task        ] GC(1267) Using 24 workers of 68 for evacuation
[2024-08-27T14:57:58.922+0000][info][gc             ] GC(1267) To-space exhausted
[2024-08-27T14:57:58.922+0000][info][gc,phases      ] GC(1267)   Pre Evacuate Collection Set: 0.2ms
[2024-08-27T14:57:58.922+0000][info][gc,phases      ] GC(1267)   Merge Heap Roots: 0.3ms
[2024-08-27T14:57:58.922+0000][info][gc,phases      ] GC(1267)   Evacuate Collection Set: 2.1ms
[2024-08-27T14:57:58.922+0000][info][gc,phases      ] GC(1267)   Post Evacuate Collection Set: 0.7ms
[2024-08-27T14:57:58.922+0000][info][gc,phases      ] GC(1267)   Other: 0.1ms
[2024-08-27T14:57:58.922+0000][info][gc,heap        ] GC(1267) Eden regions: 1->0(50)
[2024-08-27T14:57:58.922+0000][info][gc,heap        ] GC(1267) Survivor regions: 7->1(3)
[2024-08-27T14:57:58.922+0000][info][gc,heap        ] GC(1267) Old regions: 1006->1016
[2024-08-27T14:57:58.922+0000][info][gc,heap        ] GC(1267) Archive regions: 2->2
[2024-08-27T14:57:58.922+0000][info][gc,heap        ] GC(1267) Humongous regions: 5->5
[2024-08-27T14:57:58.922+0000][info][gc,metaspace   ] GC(1267) Metaspace: 100K(320K)->100K(320K) NonClass: 96K(192K)->96K(192K) Class: 4K(128K)->4K(128K)
[2024-08-27T14:57:58.922+0000][info][gc             ] GC(1267) Pause Young (Mixed) (G1 Preventive Collection) 1019M->1022M(1024M) 3.485ms
[2024-08-27T14:57:58.922+0000][info][gc,cpu         ] GC(1267) User=0.00s Sys=0.06s Real=0.00s
[2024-08-27T14:57:58.922+0000][info][gc,ergo        ] Attempting full compaction
[2024-08-27T14:57:58.922+0000][info][gc,task        ] GC(1268) Using 24 workers of 68 for full compaction
[2024-08-27T14:57:58.922+0000][info][gc,start       ] GC(1268) Pause Full (G1 Compaction Pause)
[2024-08-27T14:57:58.922+0000][info][gc,phases,start] GC(1268) Phase 1: Mark live objects
[2024-08-27T14:57:58.936+0000][info][gc,phases      ] GC(1268) Phase 1: Mark live objects 13.507ms
[2024-08-27T14:57:58.936+0000][info][gc,phases,start] GC(1268) Phase 2: Prepare for compaction
[2024-08-27T14:57:58.944+0000][info][gc,phases      ] GC(1268) Phase 2: Prepare for compaction 8.293ms
[2024-08-27T14:57:58.944+0000][info][gc,phases,start] GC(1268) Phase 3: Adjust pointers
[2024-08-27T14:57:58.958+0000][info][gc,phases      ] GC(1268) Phase 3: Adjust pointers 13.907ms
[2024-08-27T14:57:58.958+0000][info][gc,phases,start] GC(1268) Phase 4: Compact heap
[2024-08-27T14:57:58.988+0000][info][gc,phases      ] GC(1268) Phase 4: Compact heap 30.104ms
[2024-08-27T14:57:58.989+0000][info][gc,heap        ] GC(1268) Eden regions: 0->0(150)
[2024-08-27T14:57:58.989+0000][info][gc,heap        ] GC(1268) Survivor regions: 1->0(3)
[2024-08-27T14:57:58.989+0000][info][gc,heap        ] GC(1268) Old regions: 1016->442
[2024-08-27T14:57:58.989+0000][info][gc,heap        ] GC(1268) Archive regions: 2->2
[2024-08-27T14:57:58.989+0000][info][gc,heap        ] GC(1268) Humongous regions: 5->5
[2024-08-27T14:57:58.989+0000][info][gc,metaspace   ] GC(1268) Metaspace: 100K(320K)->100K(320K) NonClass: 96K(192K)->96K(192K) Class: 4K(128K)->4K(128K)
[2024-08-27T14:57:58.989+0000][info][gc             ] GC(1268) Pause Full (G1 Compaction Pause) 1022M->436M(1024M) 67.163ms
[2024-08-27T14:57:58.989+0000][info][gc,cpu         ] GC(1268) User=1.44s Sys=0.03s Real=0.06s
[2024-08-27T14:57:59.061+0000][info][gc,start       ] GC(1269) Pause Young (Normal) (G1 Evacuation Pause)
[2024-08-27T14:57:59.062+0000][info][gc,task        ] GC(1269) Using 24 workers of 68 for evacuation
[2024-08-27T14:57:59.083+0000][info][gc,phases      ] GC(1269)   Pre Evacuate Collection Set: 0.2ms
[2024-08-27T14:57:59.083+0000][info][gc,phases      ] GC(1269)   Merge Heap Roots: 0.4ms
[2024-08-27T14:57:59.083+0000][info][gc,phases      ] GC(1269)   Evacuate Collection Set: 20.5ms
[2024-08-27T14:57:59.083+0000][info][gc,phases      ] GC(1269)   Post Evacuate Collection Set: 0.3ms
[2024-08-27T14:57:59.083+0000][info][gc,phases      ] GC(1269)   Other: 0.3ms
[2024-08-27T14:57:59.083+0000][info][gc,heap        ] GC(1269) Eden regions: 150->0(103)
[2024-08-27T14:57:59.083+0000][info][gc,heap        ] GC(1269) Survivor regions: 0->19(19)
[2024-08-27T14:57:59.083+0000][info][gc,heap        ] GC(1269) Old regions: 442->569
[2024-08-27T14:57:59.083+0000][info][gc,heap        ] GC(1269) Archive regions: 2->2
[2024-08-27T14:57:59.083+0000][info][gc,heap        ] GC(1269) Humongous regions: 5->5
[2024-08-27T14:57:59.083+0000][info][gc,metaspace   ] GC(1269) Metaspace: 100K(320K)->100K(320K) NonClass: 96K(192K)->96K(192K) Class: 4K(128K)->4K(128K)
[2024-08-27T14:57:59.083+0000][info][gc             ] GC(1269) Pause Young (Normal) (G1 Evacuation Pause) 586M->582M(1024M) 21.829ms
[2024-08-27T14:57:59.083+0000][info][gc,cpu         ] GC(1269) User=0.50s Sys=0.00s Real=0.02s
[2024-08-27T14:57:59.130+0000][info][gc,start       ] GC(1270) Pause Young (Normal) (G1 Evacuation Pause)
[2024-08-27T14:57:59.130+0000][info][gc,task        ] GC(1270) Using 24 workers of 68 for evacuation
[2024-08-27T14:57:59.149+0000][info][gc,phases      ] GC(1270)   Pre Evacuate Collection Set: 0.2ms
[2024-08-27T14:57:59.149+0000][info][gc,phases      ] GC(1270)   Merge Heap Roots: 0.3ms
[2024-08-27T14:57:59.149+0000][info][gc,phases      ] GC(1270)   Evacuate Collection Set: 17.6ms
[2024-08-27T14:57:59.149+0000][info][gc,phases      ] GC(1270)   Post Evacuate Collection Set: 0.3ms
[2024-08-27T14:57:59.149+0000][info][gc,phases      ] GC(1270)   Other: 0.3ms
[2024-08-27T14:57:59.149+0000][info][gc,heap        ] GC(1270) Eden regions: 103->0(70)
[2024-08-27T14:57:59.149+0000][info][gc,heap        ] GC(1270) Survivor regions: 19->16(16)
[2024-08-27T14:57:59.149+0000][info][gc,heap        ] GC(1270) Old regions: 569->676
[2024-08-27T14:57:59.149+0000][info][gc,heap        ] GC(1270) Archive regions: 2->2
[2024-08-27T14:57:59.149+0000][info][gc,heap        ] GC(1270) Humongous regions: 5->5
[2024-08-27T14:57:59.149+0000][info][gc,metaspace   ] GC(1270) Metaspace: 100K(320K)->100K(320K) NonClass: 96K(192K)->96K(192K) Class: 4K(128K)->4K(128K)
[2024-08-27T14:57:59.149+0000][info][gc             ] GC(1270) Pause Young (Normal) (G1 Evacuation Pause) 685M->686M(1024M) 18.742ms
[2024-08-27T14:57:59.149+0000][info][gc,cpu         ] GC(1270) User=0.43s Sys=0.00s Real=0.01s
[2024-08-27T14:57:59.181+0000][info][gc,start       ] GC(1271) Pause Young (Concurrent Start) (G1 Evacuation Pause)
[2024-08-27T14:57:59.181+0000][info][gc,task        ] GC(1271) Using 24 workers of 68 for evacuation
[2024-08-27T14:57:59.197+0000][info][gc,phases      ] GC(1271)   Pre Evacuate Collection Set: 0.2ms
[2024-08-27T14:57:59.197+0000][info][gc,phases      ] GC(1271)   Merge Heap Roots: 0.4ms
[2024-08-27T14:57:59.197+0000][info][gc,phases      ] GC(1271)   Evacuate Collection Set: 14.5ms
[2024-08-27T14:57:59.197+0000][info][gc,phases      ] GC(1271)   Post Evacuate Collection Set: 0.3ms
[2024-08-27T14:57:59.197+0000][info][gc,phases      ] GC(1271)   Other: 0.6ms
[2024-08-27T14:57:59.197+0000][info][gc,heap        ] GC(1271) Eden regions: 70->0(46)
[2024-08-27T14:57:59.197+0000][info][gc,heap        ] GC(1271) Survivor regions: 16->11(11)
[2024-08-27T14:57:59.197+0000][info][gc,heap        ] GC(1271) Old regions: 676->755
[2024-08-27T14:57:59.197+0000][info][gc,heap        ] GC(1271) Archive regions: 2->2
[2024-08-27T14:57:59.197+0000][info][gc,heap        ] GC(1271) Humongous regions: 5->5
[2024-08-27T14:57:59.197+0000][info][gc,metaspace   ] GC(1271) Metaspace: 100K(320K)->100K(320K) NonClass: 96K(192K)->96K(192K) Class: 4K(128K)->4K(128K)
[2024-08-27T14:57:59.197+0000][info][gc             ] GC(1271) Pause Young (Concurrent Start) (G1 Evacuation Pause) 756M->760M(1024M) 16.085ms
[2024-08-27T14:57:59.197+0000][info][gc,cpu         ] GC(1271) User=0.36s Sys=0.00s Real=0.01s
[2024-08-27T14:57:59.197+0000][info][gc             ] GC(1272) Concurrent Mark Cycle
[2024-08-27T14:57:59.197+0000][info][gc,marking     ] GC(1272) Concurrent Clear Claimed Marks
[2024-08-27T14:57:59.197+0000][info][gc,marking     ] GC(1272) Concurrent Clear Claimed Marks 0.011ms
[2024-08-27T14:57:59.197+0000][info][gc,marking     ] GC(1272) Concurrent Scan Root Regions
[2024-08-27T14:57:59.199+0000][info][gc,marking     ] GC(1272) Concurrent Scan Root Regions 2.284ms
[2024-08-27T14:57:59.199+0000][info][gc,marking     ] GC(1272) Concurrent Mark
[2024-08-27T14:57:59.199+0000][info][gc,marking     ] GC(1272) Concurrent Mark From Roots
[2024-08-27T14:57:59.199+0000][info][gc,task        ] GC(1272) Using 17 workers of 17 for marking
[2024-08-27T14:57:59.219+0000][info][gc,marking     ] GC(1272) Concurrent Mark From Roots 19.587ms
[2024-08-27T14:57:59.219+0000][info][gc,marking     ] GC(1272) Concurrent Preclean
[2024-08-27T14:57:59.220+0000][info][gc,marking     ] GC(1272) Concurrent Preclean 0.497ms
[2024-08-27T14:57:59.220+0000][info][gc,start       ] GC(1272) Pause Remark
[2024-08-27T14:57:59.221+0000][info][gc             ] GC(1272) Pause Remark 788M->788M(1024M) 1.152ms
[2024-08-27T14:57:59.221+0000][info][gc,cpu         ] GC(1272) User=0.00s Sys=0.00s Real=0.00s
[2024-08-27T14:57:59.221+0000][info][gc,marking     ] GC(1272) Concurrent Mark 21.582ms
[2024-08-27T14:57:59.221+0000][info][gc,marking     ] GC(1272) Concurrent Rebuild Remembered Sets
[2024-08-27T14:57:59.235+0000][info][gc,start       ] GC(1273) Pause Young (Normal) (G1 Evacuation Pause)
[2024-08-27T14:57:59.235+0000][info][gc,task        ] GC(1273) Using 24 workers of 68 for evacuation
[2024-08-27T14:57:59.246+0000][info][gc,phases      ] GC(1273)   Pre Evacuate Collection Set: 0.1ms
[2024-08-27T14:57:59.246+0000][info][gc,phases      ] GC(1273)   Merge Heap Roots: 0.3ms
[2024-08-27T14:57:59.246+0000][info][gc,phases      ] GC(1273)   Evacuate Collection Set: 10.1ms
[2024-08-27T14:57:59.246+0000][info][gc,phases      ] GC(1273)   Post Evacuate Collection Set: 0.4ms
[2024-08-27T14:57:59.246+0000][info][gc,phases      ] GC(1273)   Other: 0.2ms
[2024-08-27T14:57:59.246+0000][info][gc,heap        ] GC(1273) Eden regions: 46->0(43)
[2024-08-27T14:57:59.246+0000][info][gc,heap        ] GC(1273) Survivor regions: 11->8(8)
[2024-08-27T14:57:59.246+0000][info][gc,heap        ] GC(1273) Old regions: 755->807
[2024-08-27T14:57:59.246+0000][info][gc,heap        ] GC(1273) Archive regions: 2->2
[2024-08-27T14:57:59.246+0000][info][gc,heap        ] GC(1273) Humongous regions: 5->5
[2024-08-27T14:57:59.246+0000][info][gc,metaspace   ] GC(1273) Metaspace: 100K(320K)->100K(320K) NonClass: 96K(192K)->96K(192K) Class: 4K(128K)->4K(128K)
[2024-08-27T14:57:59.246+0000][info][gc             ] GC(1273) Pause Young (Normal) (G1 Evacuation Pause) 806M->809M(1024M) 11.221ms
[2024-08-27T14:57:59.246+0000][info][gc,cpu         ] GC(1273) User=0.25s Sys=0.00s Real=0.01s
[2024-08-27T14:57:59.278+0000][info][gc,start       ] GC(1274) Pause Young (Normal) (G1 Evacuation Pause)
[2024-08-27T14:57:59.278+0000][info][gc,task        ] GC(1274) Using 24 workers of 68 for evacuation
[2024-08-27T14:57:59.292+0000][info][gc,phases      ] GC(1274)   Pre Evacuate Collection Set: 0.2ms
[2024-08-27T14:57:59.292+0000][info][gc,phases      ] GC(1274)   Merge Heap Roots: 0.5ms
[2024-08-27T14:57:59.292+0000][info][gc,phases      ] GC(1274)   Evacuate Collection Set: 13.2ms
[2024-08-27T14:57:59.292+0000][info][gc,phases      ] GC(1274)   Post Evacuate Collection Set: 0.5ms
[2024-08-27T14:57:59.292+0000][info][gc,phases      ] GC(1274)   Other: 0.2ms
[2024-08-27T14:57:59.292+0000][info][gc,heap        ] GC(1274) Eden regions: 43->0(44)
[2024-08-27T14:57:59.292+0000][info][gc,heap        ] GC(1274) Survivor regions: 8->7(7)
[2024-08-27T14:57:59.292+0000][info][gc,heap        ] GC(1274) Old regions: 807->856
[2024-08-27T14:57:59.292+0000][info][gc,heap        ] GC(1274) Archive regions: 2->2
[2024-08-27T14:57:59.292+0000][info][gc,heap        ] GC(1274) Humongous regions: 5->5
[2024-08-27T14:57:59.292+0000][info][gc,metaspace   ] GC(1274) Metaspace: 100K(320K)->100K(320K) NonClass: 96K(192K)->96K(192K) Class: 4K(128K)->4K(128K)
[2024-08-27T14:57:59.292+0000][info][gc             ] GC(1274) Pause Young (Normal) (G1 Evacuation Pause) 852M->857M(1024M) 14.605ms
[2024-08-27T14:57:59.292+0000][info][gc,cpu         ] GC(1274) User=0.33s Sys=0.01s Real=0.01s
[2024-08-27T14:57:59.313+0000][info][gc,marking     ] GC(1272) Concurrent Rebuild Remembered Sets 92.363ms
[2024-08-27T14:57:59.314+0000][info][gc,start       ] GC(1272) Pause Cleanup
[2024-08-27T14:57:59.315+0000][info][gc             ] GC(1272) Pause Cleanup 886M->886M(1024M) 1.109ms
[2024-08-27T14:57:59.315+0000][info][gc,cpu         ] GC(1272) User=0.00s Sys=0.00s Real=0.00s
[2024-08-27T14:57:59.315+0000][info][gc,marking     ] GC(1272) Concurrent Cleanup for Next Mark
[2024-08-27T14:57:59.315+0000][info][gc,marking     ] GC(1272) Concurrent Cleanup for Next Mark 0.496ms
[2024-08-27T14:57:59.315+0000][info][gc             ] GC(1272) Concurrent Mark Cycle 118.238ms
[2024-08-27T14:57:59.323+0000][info][gc,start       ] GC(1275) Pause Young (Prepare Mixed) (G1 Evacuation Pause)
[2024-08-27T14:57:59.323+0000][info][gc,task        ] GC(1275) Using 24 workers of 68 for evacuation
[2024-08-27T14:57:59.338+0000][info][gc,phases      ] GC(1275)   Pre Evacuate Collection Set: 0.1ms
[2024-08-27T14:57:59.338+0000][info][gc,phases      ] GC(1275)   Merge Heap Roots: 0.4ms
[2024-08-27T14:57:59.338+0000][info][gc,phases      ] GC(1275)   Evacuate Collection Set: 14.3ms
[2024-08-27T14:57:59.338+0000][info][gc,phases      ] GC(1275)   Post Evacuate Collection Set: 0.3ms
[2024-08-27T14:57:59.338+0000][info][gc,phases      ] GC(1275)   Other: 0.2ms
[2024-08-27T14:57:59.338+0000][info][gc,heap        ] GC(1275) Eden regions: 44->0(44)
[2024-08-27T14:57:59.338+0000][info][gc,heap        ] GC(1275) Survivor regions: 7->7(7)
[2024-08-27T14:57:59.338+0000][info][gc,heap        ] GC(1275) Old regions: 856->902
[2024-08-27T14:57:59.338+0000][info][gc,heap        ] GC(1275) Archive regions: 2->2
[2024-08-27T14:57:59.338+0000][info][gc,heap        ] GC(1275) Humongous regions: 5->5
[2024-08-27T14:57:59.338+0000][info][gc,metaspace   ] GC(1275) Metaspace: 100K(320K)->100K(320K) NonClass: 96K(192K)->96K(192K) Class: 4K(128K)->4K(128K)
[2024-08-27T14:57:59.338+0000][info][gc             ] GC(1275) Pause Young (Prepare Mixed) (G1 Evacuation Pause) 901M->903M(1024M) 15.415ms
[2024-08-27T14:57:59.338+0000][info][gc,cpu         ] GC(1275) User=0.34s Sys=0.01s Real=0.02s
[2024-08-27T14:57:59.359+0000][info][gc,start       ] GC(1276) Pause Young (Mixed) (G1 Evacuation Pause)
[2024-08-27T14:57:59.359+0000][info][gc,task        ] GC(1276) Using 24 workers of 68 for evacuation
[2024-08-27T14:57:59.370+0000][info][gc,phases      ] GC(1276)   Pre Evacuate Collection Set: 0.2ms
[2024-08-27T14:57:59.370+0000][info][gc,phases      ] GC(1276)   Merge Heap Roots: 0.3ms
[2024-08-27T14:57:59.370+0000][info][gc,phases      ] GC(1276)   Evacuate Collection Set: 10.0ms
[2024-08-27T14:57:59.370+0000][info][gc,phases      ] GC(1276)   Post Evacuate Collection Set: 0.4ms
[2024-08-27T14:57:59.370+0000][info][gc,phases      ] GC(1276)   Other: 0.2ms
[2024-08-27T14:57:59.370+0000][info][gc,heap        ] GC(1276) Eden regions: 44->0(44)
[2024-08-27T14:57:59.370+0000][info][gc,heap        ] GC(1276) Survivor regions: 7->7(7)
[2024-08-27T14:57:59.370+0000][info][gc,heap        ] GC(1276) Old regions: 902->846
[2024-08-27T14:57:59.370+0000][info][gc,heap        ] GC(1276) Archive regions: 2->2
[2024-08-27T14:57:59.370+0000][info][gc,heap        ] GC(1276) Humongous regions: 5->5
[2024-08-27T14:57:59.370+0000][info][gc,metaspace   ] GC(1276) Metaspace: 100K(320K)->100K(320K) NonClass: 96K(192K)->96K(192K) Class: 4K(128K)->4K(128K)
[2024-08-27T14:57:59.370+0000][info][gc             ] GC(1276) Pause Young (Mixed) (G1 Evacuation Pause) 947M->851M(1024M) 11.239ms
[2024-08-27T14:57:59.370+0000][info][gc,cpu         ] GC(1276) User=0.24s Sys=0.01s Real=0.01s
[2024-08-27T14:57:59.390+0000][info][gc,start       ] GC(1277) Pause Young (Mixed) (G1 Evacuation Pause)
[2024-08-27T14:57:59.390+0000][info][gc,task        ] GC(1277) Using 24 workers of 68 for evacuation
[2024-08-27T14:57:59.401+0000][info][gc,phases      ] GC(1277)   Pre Evacuate Collection Set: 0.2ms
[2024-08-27T14:57:59.401+0000][info][gc,phases      ] GC(1277)   Merge Heap Roots: 0.3ms
[2024-08-27T14:57:59.401+0000][info][gc,phases      ] GC(1277)   Evacuate Collection Set: 10.0ms
[2024-08-27T14:57:59.401+0000][info][gc,phases      ] GC(1277)   Post Evacuate Collection Set: 0.4ms
[2024-08-27T14:57:59.401+0000][info][gc,phases      ] GC(1277)   Other: 0.2ms
[2024-08-27T14:57:59.401+0000][info][gc,heap        ] GC(1277) Eden regions: 44->0(44)
[2024-08-27T14:57:59.401+0000][info][gc,heap        ] GC(1277) Survivor regions: 7->7(7)
[2024-08-27T14:57:59.401+0000][info][gc,heap        ] GC(1277) Old regions: 846->790
[2024-08-27T14:57:59.401+0000][info][gc,heap        ] GC(1277) Archive regions: 2->2
[2024-08-27T14:57:59.401+0000][info][gc,heap        ] GC(1277) Humongous regions: 5->5
[2024-08-27T14:57:59.401+0000][info][gc,metaspace   ] GC(1277) Metaspace: 100K(320K)->100K(320K) NonClass: 96K(192K)->96K(192K) Class: 4K(128K)->4K(128K)
[2024-08-27T14:57:59.401+0000][info][gc             ] GC(1277) Pause Young (Mixed) (G1 Evacuation Pause) 895M->796M(1024M) 11.154ms
[2024-08-27T14:57:59.401+0000][info][gc,cpu         ] GC(1277) User=0.24s Sys=0.00s Real=0.01s
[2024-08-27T14:57:59.420+0000][info][gc,start       ] GC(1278) Pause Young (Mixed) (G1 Evacuation Pause)
[2024-08-27T14:57:59.420+0000][info][gc,task        ] GC(1278) Using 24 workers of 68 for evacuation
[2024-08-27T14:57:59.431+0000][info][gc,phases      ] GC(1278)   Pre Evacuate Collection Set: 0.2ms
[2024-08-27T14:57:59.431+0000][info][gc,phases      ] GC(1278)   Merge Heap Roots: 0.3ms
[2024-08-27T14:57:59.431+0000][info][gc,phases      ] GC(1278)   Evacuate Collection Set: 10.0ms
[2024-08-27T14:57:59.431+0000][info][gc,phases      ] GC(1278)   Post Evacuate Collection Set: 0.3ms
[2024-08-27T14:57:59.431+0000][info][gc,phases      ] GC(1278)   Other: 0.2ms
[2024-08-27T14:57:59.431+0000][info][gc,heap        ] GC(1278) Eden regions: 44->0(44)
[2024-08-27T14:57:59.431+0000][info][gc,heap        ] GC(1278) Survivor regions: 7->7(7)
[2024-08-27T14:57:59.431+0000][info][gc,heap        ] GC(1278) Old regions: 790->780
[2024-08-27T14:57:59.431+0000][info][gc,heap        ] GC(1278) Archive regions: 2->2
[2024-08-27T14:57:59.431+0000][info][gc,heap        ] GC(1278) Humongous regions: 5->5
[2024-08-27T14:57:59.431+0000][info][gc,metaspace   ] GC(1278) Metaspace: 100K(320K)->100K(320K) NonClass: 96K(192K)->96K(192K) Class: 4K(128K)->4K(128K)
[2024-08-27T14:57:59.431+0000][info][gc             ] GC(1278) Pause Young (Mixed) (G1 Evacuation Pause) 840M->786M(1024M) 11.089ms
[2024-08-27T14:57:59.431+0000][info][gc,cpu         ] GC(1278) User=0.25s Sys=0.00s Real=0.01s
[2024-08-27T14:57:59.450+0000][info][gc,start       ] GC(1279) Pause Young (Concurrent Start) (G1 Evacuation Pause)
[2024-08-27T14:57:59.450+0000][info][gc,task        ] GC(1279) Using 24 workers of 68 for evacuation
[2024-08-27T14:57:59.461+0000][info][gc,phases      ] GC(1279)   Pre Evacuate Collection Set: 0.2ms
[2024-08-27T14:57:59.461+0000][info][gc,phases      ] GC(1279)   Merge Heap Roots: 0.3ms
[2024-08-27T14:57:59.461+0000][info][gc,phases      ] GC(1279)   Evacuate Collection Set: 9.1ms
[2024-08-27T14:57:59.461+0000][info][gc,phases      ] GC(1279)   Post Evacuate Collection Set: 0.3ms
[2024-08-27T14:57:59.461+0000][info][gc,phases      ] GC(1279)   Other: 0.5ms
[2024-08-27T14:57:59.461+0000][info][gc,heap        ] GC(1279) Eden regions: 44->0(44)
[2024-08-27T14:57:59.461+0000][info][gc,heap        ] GC(1279) Survivor regions: 7->7(7)
[2024-08-27T14:57:59.461+0000][info][gc,heap        ] GC(1279) Old regions: 780->828
[2024-08-27T14:57:59.461+0000][info][gc,heap        ] GC(1279) Archive regions: 2->2
[2024-08-27T14:57:59.461+0000][info][gc,heap        ] GC(1279) Humongous regions: 5->5
[2024-08-27T14:57:59.461+0000][info][gc,metaspace   ] GC(1279) Metaspace: 100K(320K)->100K(320K) NonClass: 96K(192K)->96K(192K) Class: 4K(128K)->4K(128K)
[2024-08-27T14:57:59.461+0000][info][gc             ] GC(1279) Pause Young (Concurrent Start) (G1 Evacuation Pause) 830M->834M(1024M) 10.559ms
[2024-08-27T14:57:59.461+0000][info][gc,cpu         ] GC(1279) User=0.22s Sys=0.00s Real=0.01s
[2024-08-27T14:57:59.461+0000][info][gc             ] GC(1280) Concurrent Mark Cycle
