[2024-08-27T13:49:58.752+0000][info][gc] Using G1
[2024-08-27T13:49:58.783+0000][info][gc,init] Version: 17.0.7+7-Ubuntu-0ubuntu118.04 (release)
[2024-08-27T13:49:58.783+0000][info][gc,init] CPUs: 104 total, 104 available
[2024-08-27T13:49:58.783+0000][info][gc,init] Memory: 251G
[2024-08-27T13:49:58.783+0000][info][gc,init] Large Page Support: Disabled
[2024-08-27T13:49:58.783+0000][info][gc,init] NUMA Support: Disabled
[2024-08-27T13:49:58.783+0000][info][gc,init] Compressed Oops: Enabled (32-bit)
[2024-08-27T13:49:58.783+0000][info][gc,init] Heap Region Size: 1M
[2024-08-27T13:49:58.783+0000][info][gc,init] Heap Min Capacity: 8M
[2024-08-27T13:49:58.783+0000][info][gc,init] Heap Initial Capacity: 2G
[2024-08-27T13:49:58.783+0000][info][gc,init] Heap Max Capacity: 2G
[2024-08-27T13:49:58.783+0000][info][gc,init] Pre-touch: Disabled
[2024-08-27T13:49:58.783+0000][info][gc,init] Parallel Workers: 68
[2024-08-27T13:49:58.783+0000][info][gc,init] Concurrent Workers: 17
[2024-08-27T13:49:58.783+0000][info][gc,init] Concurrent Refinement Workers: 68
[2024-08-27T13:49:58.783+0000][info][gc,init] Periodic GC: Disabled
[2024-08-27T13:49:58.783+0000][info][gc,metaspace] CDS archive(s) mapped at: [0x0000000800000000-0x0000000800be2000-0x0000000800be2000), size 12460032, SharedBaseAddress: 0x0000000800000000, ArchiveRelocationMode: 0.
[2024-08-27T13:49:58.783+0000][info][gc,metaspace] Compressed class space mapped at: 0x0000000801000000-0x0000000841000000, reserved size: 1073741824
[2024-08-27T13:49:58.783+0000][info][gc,metaspace] Narrow klass base: 0x0000000800000000, Narrow klass shift: 0, Narrow klass range: 0x100000000
[2024-08-27T13:49:58.909+0000][info][gc,start    ] GC(0) Pause Young (Normal) (G1 Evacuation Pause)
[2024-08-27T13:49:58.919+0000][info][gc,task     ] GC(0) Using 49 workers of 68 for evacuation
[2024-08-27T13:49:58.938+0000][info][gc,phases   ] GC(0)   Pre Evacuate Collection Set: 0.7ms
[2024-08-27T13:49:58.938+0000][info][gc,phases   ] GC(0)   Merge Heap Roots: 0.4ms
[2024-08-27T13:49:58.938+0000][info][gc,phases   ] GC(0)   Evacuate Collection Set: 17.2ms
[2024-08-27T13:49:58.938+0000][info][gc,phases   ] GC(0)   Post Evacuate Collection Set: 0.9ms
[2024-08-27T13:49:58.938+0000][info][gc,phases   ] GC(0)   Other: 9.4ms
[2024-08-27T13:49:58.938+0000][info][gc,heap     ] GC(0) Eden regions: 102->0(89)
[2024-08-27T13:49:58.938+0000][info][gc,heap     ] GC(0) Survivor regions: 0->13(13)
[2024-08-27T13:49:58.938+0000][info][gc,heap     ] GC(0) Old regions: 0->91
[2024-08-27T13:49:58.938+0000][info][gc,heap     ] GC(0) Archive regions: 2->2
[2024-08-27T13:49:58.938+0000][info][gc,heap     ] GC(0) Humongous regions: 1->1
[2024-08-27T13:49:58.938+0000][info][gc,metaspace] GC(0) Metaspace: 97K(320K)->97K(320K) NonClass: 93K(192K)->93K(192K) Class: 4K(128K)->4K(128K)
[2024-08-27T13:49:58.938+0000][info][gc          ] GC(0) Pause Young (Normal) (G1 Evacuation Pause) 103M->105M(2048M) 28.613ms
[2024-08-27T13:49:58.938+0000][info][gc,cpu      ] GC(0) User=0.16s Sys=0.72s Real=0.04s
[2024-08-27T13:49:58.971+0000][info][gc,start    ] GC(1) Pause Young (Normal) (G1 Evacuation Pause)
[2024-08-27T13:49:58.971+0000][info][gc,task     ] GC(1) Using 49 workers of 68 for evacuation
[2024-08-27T13:49:58.984+0000][info][gc,phases   ] GC(1)   Pre Evacuate Collection Set: 0.3ms
[2024-08-27T13:49:58.984+0000][info][gc,phases   ] GC(1)   Merge Heap Roots: 0.6ms
[2024-08-27T13:49:58.984+0000][info][gc,phases   ] GC(1)   Evacuate Collection Set: 11.8ms
[2024-08-27T13:49:58.984+0000][info][gc,phases   ] GC(1)   Post Evacuate Collection Set: 0.5ms
[2024-08-27T13:49:58.984+0000][info][gc,phases   ] GC(1)   Other: 0.2ms
[2024-08-27T13:49:58.984+0000][info][gc,heap     ] GC(1) Eden regions: 89->0(89)
[2024-08-27T13:49:58.984+0000][info][gc,heap     ] GC(1) Survivor regions: 13->13(13)
[2024-08-27T13:49:58.984+0000][info][gc,heap     ] GC(1) Old regions: 91->185
[2024-08-27T13:49:58.984+0000][info][gc,heap     ] GC(1) Archive regions: 2->2
[2024-08-27T13:49:58.984+0000][info][gc,heap     ] GC(1) Humongous regions: 3->3
[2024-08-27T13:49:58.984+0000][info][gc,metaspace] GC(1) Metaspace: 97K(320K)->97K(320K) NonClass: 93K(192K)->93K(192K) Class: 4K(128K)->4K(128K)
[2024-08-27T13:49:58.984+0000][info][gc          ] GC(1) Pause Young (Normal) (G1 Evacuation Pause) 196M->201M(2048M) 13.612ms
[2024-08-27T13:49:58.984+0000][info][gc,cpu      ] GC(1) User=0.22s Sys=0.36s Real=0.01s
[2024-08-27T13:49:59.017+0000][info][gc,start    ] GC(2) Pause Young (Normal) (G1 Evacuation Pause)
[2024-08-27T13:49:59.017+0000][info][gc,task     ] GC(2) Using 49 workers of 68 for evacuation
[2024-08-27T13:49:59.030+0000][info][gc,phases   ] GC(2)   Pre Evacuate Collection Set: 0.4ms
[2024-08-27T13:49:59.030+0000][info][gc,phases   ] GC(2)   Merge Heap Roots: 0.2ms
[2024-08-27T13:49:59.030+0000][info][gc,phases   ] GC(2)   Evacuate Collection Set: 11.7ms
[2024-08-27T13:49:59.030+0000][info][gc,phases   ] GC(2)   Post Evacuate Collection Set: 0.5ms
[2024-08-27T13:49:59.030+0000][info][gc,phases   ] GC(2)   Other: 0.2ms
[2024-08-27T13:49:59.030+0000][info][gc,heap     ] GC(2) Eden regions: 89->0(89)
[2024-08-27T13:49:59.030+0000][info][gc,heap     ] GC(2) Survivor regions: 13->13(13)
[2024-08-27T13:49:59.030+0000][info][gc,heap     ] GC(2) Old regions: 185->281
[2024-08-27T13:49:59.030+0000][info][gc,heap     ] GC(2) Archive regions: 2->2
[2024-08-27T13:49:59.030+0000][info][gc,heap     ] GC(2) Humongous regions: 6->6
[2024-08-27T13:49:59.030+0000][info][gc,metaspace] GC(2) Metaspace: 97K(320K)->97K(320K) NonClass: 93K(192K)->93K(192K) Class: 4K(128K)->4K(128K)
[2024-08-27T13:49:59.030+0000][info][gc          ] GC(2) Pause Young (Normal) (G1 Evacuation Pause) 293M->300M(2048M) 13.083ms
[2024-08-27T13:49:59.030+0000][info][gc,cpu      ] GC(2) User=0.22s Sys=0.35s Real=0.02s
[2024-08-27T13:49:59.056+0000][info][gc,start    ] GC(3) Pause Young (Normal) (G1 Evacuation Pause)
[2024-08-27T13:49:59.056+0000][info][gc,task     ] GC(3) Using 49 workers of 68 for evacuation
[2024-08-27T13:49:59.069+0000][info][gc,phases   ] GC(3)   Pre Evacuate Collection Set: 0.4ms
[2024-08-27T13:49:59.069+0000][info][gc,phases   ] GC(3)   Merge Heap Roots: 0.2ms
[2024-08-27T13:49:59.069+0000][info][gc,phases   ] GC(3)   Evacuate Collection Set: 11.9ms
[2024-08-27T13:49:59.069+0000][info][gc,phases   ] GC(3)   Post Evacuate Collection Set: 0.5ms
[2024-08-27T13:49:59.070+0000][info][gc,phases   ] GC(3)   Other: 0.2ms
[2024-08-27T13:49:59.070+0000][info][gc,heap     ] GC(3) Eden regions: 89->0(89)
[2024-08-27T13:49:59.070+0000][info][gc,heap     ] GC(3) Survivor regions: 13->13(13)
[2024-08-27T13:49:59.070+0000][info][gc,heap     ] GC(3) Old regions: 281->375
[2024-08-27T13:49:59.070+0000][info][gc,heap     ] GC(3) Archive regions: 2->2
[2024-08-27T13:49:59.070+0000][info][gc,heap     ] GC(3) Humongous regions: 6->6
[2024-08-27T13:49:59.070+0000][info][gc,metaspace] GC(3) Metaspace: 97K(320K)->97K(320K) NonClass: 93K(192K)->93K(192K) Class: 4K(128K)->4K(128K)
[2024-08-27T13:49:59.070+0000][info][gc          ] GC(3) Pause Young (Normal) (G1 Evacuation Pause) 389M->394M(2048M) 13.233ms
[2024-08-27T13:49:59.070+0000][info][gc,cpu      ] GC(3) User=0.31s Sys=0.27s Real=0.02s
[2024-08-27T13:49:59.138+0000][info][gc,start    ] GC(4) Pause Young (Normal) (G1 Evacuation Pause)
[2024-08-27T13:49:59.138+0000][info][gc,task     ] GC(4) Using 49 workers of 68 for evacuation
[2024-08-27T13:49:59.152+0000][info][gc,phases   ] GC(4)   Pre Evacuate Collection Set: 0.4ms
[2024-08-27T13:49:59.152+0000][info][gc,phases   ] GC(4)   Merge Heap Roots: 0.3ms
[2024-08-27T13:49:59.152+0000][info][gc,phases   ] GC(4)   Evacuate Collection Set: 12.0ms
[2024-08-27T13:49:59.152+0000][info][gc,phases   ] GC(4)   Post Evacuate Collection Set: 0.5ms
[2024-08-27T13:49:59.152+0000][info][gc,phases   ] GC(4)   Other: 0.2ms
[2024-08-27T13:49:59.152+0000][info][gc,heap     ] GC(4) Eden regions: 89->0(89)
[2024-08-27T13:49:59.152+0000][info][gc,heap     ] GC(4) Survivor regions: 13->13(13)
[2024-08-27T13:49:59.152+0000][info][gc,heap     ] GC(4) Old regions: 375->471
[2024-08-27T13:49:59.152+0000][info][gc,heap     ] GC(4) Archive regions: 2->2
[2024-08-27T13:49:59.152+0000][info][gc,heap     ] GC(4) Humongous regions: 11->11
[2024-08-27T13:49:59.152+0000][info][gc,metaspace] GC(4) Metaspace: 100K(320K)->100K(320K) NonClass: 96K(192K)->96K(192K) Class: 4K(128K)->4K(128K)
[2024-08-27T13:49:59.152+0000][info][gc          ] GC(4) Pause Young (Normal) (G1 Evacuation Pause) 488M->495M(2048M) 13.460ms
[2024-08-27T13:49:59.152+0000][info][gc,cpu      ] GC(4) User=0.30s Sys=0.30s Real=0.01s
[2024-08-27T13:49:59.212+0000][info][gc,start    ] GC(5) Pause Young (Normal) (G1 Evacuation Pause)
[2024-08-27T13:49:59.212+0000][info][gc,task     ] GC(5) Using 49 workers of 68 for evacuation
[2024-08-27T13:49:59.226+0000][info][gc,phases   ] GC(5)   Pre Evacuate Collection Set: 0.4ms
[2024-08-27T13:49:59.226+0000][info][gc,phases   ] GC(5)   Merge Heap Roots: 0.3ms
[2024-08-27T13:49:59.226+0000][info][gc,phases   ] GC(5)   Evacuate Collection Set: 12.2ms
[2024-08-27T13:49:59.226+0000][info][gc,phases   ] GC(5)   Post Evacuate Collection Set: 0.5ms
[2024-08-27T13:49:59.226+0000][info][gc,phases   ] GC(5)   Other: 0.2ms
[2024-08-27T13:49:59.226+0000][info][gc,heap     ] GC(5) Eden regions: 89->0(89)
[2024-08-27T13:49:59.226+0000][info][gc,heap     ] GC(5) Survivor regions: 13->13(13)
[2024-08-27T13:49:59.226+0000][info][gc,heap     ] GC(5) Old regions: 471->565
[2024-08-27T13:49:59.226+0000][info][gc,heap     ] GC(5) Archive regions: 2->2
[2024-08-27T13:49:59.226+0000][info][gc,heap     ] GC(5) Humongous regions: 11->11
[2024-08-27T13:49:59.226+0000][info][gc,metaspace] GC(5) Metaspace: 100K(320K)->100K(320K) NonClass: 96K(192K)->96K(192K) Class: 4K(128K)->4K(128K)
[2024-08-27T13:49:59.226+0000][info][gc          ] GC(5) Pause Young (Normal) (G1 Evacuation Pause) 584M->589M(2048M) 13.702ms
[2024-08-27T13:49:59.226+0000][info][gc,cpu      ] GC(5) User=0.37s Sys=0.23s Real=0.01s
[2024-08-27T13:49:59.274+0000][info][gc,start    ] GC(6) Pause Young (Normal) (G1 Evacuation Pause)
[2024-08-27T13:49:59.274+0000][info][gc,task     ] GC(6) Using 49 workers of 68 for evacuation
[2024-08-27T13:49:59.288+0000][info][gc,phases   ] GC(6)   Pre Evacuate Collection Set: 0.3ms
[2024-08-27T13:49:59.288+0000][info][gc,phases   ] GC(6)   Merge Heap Roots: 0.3ms
[2024-08-27T13:49:59.288+0000][info][gc,phases   ] GC(6)   Evacuate Collection Set: 11.9ms
[2024-08-27T13:49:59.288+0000][info][gc,phases   ] GC(6)   Post Evacuate Collection Set: 0.5ms
[2024-08-27T13:49:59.288+0000][info][gc,phases   ] GC(6)   Other: 0.2ms
[2024-08-27T13:49:59.288+0000][info][gc,heap     ] GC(6) Eden regions: 89->0(89)
[2024-08-27T13:49:59.288+0000][info][gc,heap     ] GC(6) Survivor regions: 13->13(13)
[2024-08-27T13:49:59.288+0000][info][gc,heap     ] GC(6) Old regions: 565->660
[2024-08-27T13:49:59.288+0000][info][gc,heap     ] GC(6) Archive regions: 2->2
[2024-08-27T13:49:59.288+0000][info][gc,heap     ] GC(6) Humongous regions: 11->11
[2024-08-27T13:49:59.288+0000][info][gc,metaspace] GC(6) Metaspace: 100K(320K)->100K(320K) NonClass: 96K(192K)->96K(192K) Class: 4K(128K)->4K(128K)
[2024-08-27T13:49:59.288+0000][info][gc          ] GC(6) Pause Young (Normal) (G1 Evacuation Pause) 678M->684M(2048M) 13.326ms
[2024-08-27T13:49:59.288+0000][info][gc,cpu      ] GC(6) User=0.36s Sys=0.23s Real=0.01s
[2024-08-27T13:49:59.345+0000][info][gc,start    ] GC(7) Pause Young (Normal) (G1 Evacuation Pause)
[2024-08-27T13:49:59.345+0000][info][gc,task     ] GC(7) Using 49 workers of 68 for evacuation
[2024-08-27T13:49:59.359+0000][info][gc,phases   ] GC(7)   Pre Evacuate Collection Set: 0.3ms
[2024-08-27T13:49:59.359+0000][info][gc,phases   ] GC(7)   Merge Heap Roots: 0.3ms
[2024-08-27T13:49:59.359+0000][info][gc,phases   ] GC(7)   Evacuate Collection Set: 12.1ms
[2024-08-27T13:49:59.359+0000][info][gc,phases   ] GC(7)   Post Evacuate Collection Set: 0.5ms
[2024-08-27T13:49:59.359+0000][info][gc,phases   ] GC(7)   Other: 0.2ms
[2024-08-27T13:49:59.359+0000][info][gc,heap     ] GC(7) Eden regions: 89->0(89)
[2024-08-27T13:49:59.359+0000][info][gc,heap     ] GC(7) Survivor regions: 13->13(13)
[2024-08-27T13:49:59.359+0000][info][gc,heap     ] GC(7) Old regions: 660->754
[2024-08-27T13:49:59.359+0000][info][gc,heap     ] GC(7) Archive regions: 2->2
[2024-08-27T13:49:59.359+0000][info][gc,heap     ] GC(7) Humongous regions: 11->11
[2024-08-27T13:49:59.359+0000][info][gc,metaspace] GC(7) Metaspace: 100K(320K)->100K(320K) NonClass: 96K(192K)->96K(192K) Class: 4K(128K)->4K(128K)
[2024-08-27T13:49:59.359+0000][info][gc          ] GC(7) Pause Young (Normal) (G1 Evacuation Pause) 773M->778M(2048M) 13.598ms
[2024-08-27T13:49:59.359+0000][info][gc,cpu      ] GC(7) User=0.42s Sys=0.18s Real=0.02s
[2024-08-27T13:49:59.407+0000][info][gc,start    ] GC(8) Pause Young (Normal) (G1 Evacuation Pause)
[2024-08-27T13:49:59.407+0000][info][gc,task     ] GC(8) Using 49 workers of 68 for evacuation
[2024-08-27T13:49:59.421+0000][info][gc,phases   ] GC(8)   Pre Evacuate Collection Set: 0.5ms
[2024-08-27T13:49:59.421+0000][info][gc,phases   ] GC(8)   Merge Heap Roots: 0.3ms
[2024-08-27T13:49:59.421+0000][info][gc,phases   ] GC(8)   Evacuate Collection Set: 12.2ms
[2024-08-27T13:49:59.421+0000][info][gc,phases   ] GC(8)   Post Evacuate Collection Set: 0.5ms
[2024-08-27T13:49:59.421+0000][info][gc,phases   ] GC(8)   Other: 0.2ms
[2024-08-27T13:49:59.421+0000][info][gc,heap     ] GC(8) Eden regions: 89->0(89)
[2024-08-27T13:49:59.421+0000][info][gc,heap     ] GC(8) Survivor regions: 13->13(13)
[2024-08-27T13:49:59.421+0000][info][gc,heap     ] GC(8) Old regions: 754->849
[2024-08-27T13:49:59.421+0000][info][gc,heap     ] GC(8) Archive regions: 2->2
[2024-08-27T13:49:59.421+0000][info][gc,heap     ] GC(8) Humongous regions: 11->11
[2024-08-27T13:49:59.421+0000][info][gc,metaspace] GC(8) Metaspace: 100K(320K)->100K(320K) NonClass: 96K(192K)->96K(192K) Class: 4K(128K)->4K(128K)
[2024-08-27T13:49:59.421+0000][info][gc          ] GC(8) Pause Young (Normal) (G1 Evacuation Pause) 867M->873M(2048M) 13.688ms
[2024-08-27T13:49:59.421+0000][info][gc,cpu      ] GC(8) User=0.33s Sys=0.26s Real=0.02s
[2024-08-27T13:49:59.468+0000][info][gc,start    ] GC(9) Pause Young (Normal) (G1 Evacuation Pause)
[2024-08-27T13:49:59.468+0000][info][gc,task     ] GC(9) Using 49 workers of 68 for evacuation
[2024-08-27T13:49:59.482+0000][info][gc,phases   ] GC(9)   Pre Evacuate Collection Set: 0.4ms
[2024-08-27T13:49:59.482+0000][info][gc,phases   ] GC(9)   Merge Heap Roots: 0.4ms
[2024-08-27T13:49:59.482+0000][info][gc,phases   ] GC(9)   Evacuate Collection Set: 12.2ms
[2024-08-27T13:49:59.482+0000][info][gc,phases   ] GC(9)   Post Evacuate Collection Set: 0.5ms
[2024-08-27T13:49:59.482+0000][info][gc,phases   ] GC(9)   Other: 0.2ms
[2024-08-27T13:49:59.482+0000][info][gc,heap     ] GC(9) Eden regions: 89->0(125)
[2024-08-27T13:49:59.482+0000][info][gc,heap     ] GC(9) Survivor regions: 13->13(13)
[2024-08-27T13:49:59.482+0000][info][gc,heap     ] GC(9) Old regions: 849->942
[2024-08-27T13:49:59.482+0000][info][gc,heap     ] GC(9) Archive regions: 2->2
[2024-08-27T13:49:59.482+0000][info][gc,heap     ] GC(9) Humongous regions: 11->11
[2024-08-27T13:49:59.482+0000][info][gc,metaspace] GC(9) Metaspace: 100K(320K)->100K(320K) NonClass: 96K(192K)->96K(192K) Class: 4K(128K)->4K(128K)
[2024-08-27T13:49:59.482+0000][info][gc          ] GC(9) Pause Young (Normal) (G1 Evacuation Pause) 962M->966M(2048M) 13.739ms
[2024-08-27T13:49:59.482+0000][info][gc,cpu      ] GC(9) User=0.35s Sys=0.25s Real=0.02s
[2024-08-27T13:49:59.562+0000][info][gc,start    ] GC(10) Pause Young (Concurrent Start) (G1 Evacuation Pause)
[2024-08-27T13:49:59.563+0000][info][gc,task     ] GC(10) Using 49 workers of 68 for evacuation
[2024-08-27T13:49:59.581+0000][info][gc,phases   ] GC(10)   Pre Evacuate Collection Set: 0.4ms
[2024-08-27T13:49:59.581+0000][info][gc,phases   ] GC(10)   Merge Heap Roots: 0.4ms
[2024-08-27T13:49:59.581+0000][info][gc,phases   ] GC(10)   Evacuate Collection Set: 16.4ms
[2024-08-27T13:49:59.581+0000][info][gc,phases   ] GC(10)   Post Evacuate Collection Set: 0.5ms
[2024-08-27T13:49:59.581+0000][info][gc,phases   ] GC(10)   Other: 1.2ms
[2024-08-27T13:49:59.581+0000][info][gc,heap     ] GC(10) Eden regions: 125->0(143)
[2024-08-27T13:49:59.581+0000][info][gc,heap     ] GC(10) Survivor regions: 13->18(18)
[2024-08-27T13:49:59.581+0000][info][gc,heap     ] GC(10) Old regions: 942->1064
[2024-08-27T13:49:59.581+0000][info][gc,heap     ] GC(10) Archive regions: 2->2
[2024-08-27T13:49:59.581+0000][info][gc,heap     ] GC(10) Humongous regions: 11->11
[2024-08-27T13:49:59.581+0000][info][gc,metaspace] GC(10) Metaspace: 100K(320K)->100K(320K) NonClass: 96K(192K)->96K(192K) Class: 4K(128K)->4K(128K)
[2024-08-27T13:49:59.581+0000][info][gc          ] GC(10) Pause Young (Concurrent Start) (G1 Evacuation Pause) 1091M->1093M(2048M) 18.994ms
[2024-08-27T13:49:59.582+0000][info][gc,cpu      ] GC(10) User=0.28s Sys=0.54s Real=0.02s
[2024-08-27T13:49:59.582+0000][info][gc          ] GC(11) Concurrent Mark Cycle
[2024-08-27T13:49:59.582+0000][info][gc,marking  ] GC(11) Concurrent Clear Claimed Marks
[2024-08-27T13:49:59.582+0000][info][gc,marking  ] GC(11) Concurrent Clear Claimed Marks 0.010ms
[2024-08-27T13:49:59.582+0000][info][gc,marking  ] GC(11) Concurrent Scan Root Regions
[2024-08-27T13:49:59.590+0000][info][gc,marking  ] GC(11) Concurrent Scan Root Regions 8.196ms
[2024-08-27T13:49:59.590+0000][info][gc,marking  ] GC(11) Concurrent Mark
[2024-08-27T13:49:59.590+0000][info][gc,marking  ] GC(11) Concurrent Mark From Roots
[2024-08-27T13:49:59.590+0000][info][gc,task     ] GC(11) Using 17 workers of 17 for marking
[2024-08-27T13:49:59.612+0000][info][gc,marking  ] GC(11) Concurrent Mark From Roots 22.107ms
[2024-08-27T13:49:59.612+0000][info][gc,marking  ] GC(11) Concurrent Preclean
[2024-08-27T13:49:59.613+0000][info][gc,marking  ] GC(11) Concurrent Preclean 0.549ms
[2024-08-27T13:49:59.613+0000][info][gc,start    ] GC(11) Pause Remark
[2024-08-27T13:49:59.615+0000][info][gc          ] GC(11) Pause Remark 1128M->1119M(2048M) 1.783ms
[2024-08-27T13:49:59.615+0000][info][gc,cpu      ] GC(11) User=0.02s Sys=0.01s Real=0.00s
[2024-08-27T13:49:59.615+0000][info][gc,marking  ] GC(11) Concurrent Mark 24.939ms
[2024-08-27T13:49:59.615+0000][info][gc,marking  ] GC(11) Concurrent Rebuild Remembered Sets
[2024-08-27T13:49:59.657+0000][info][gc,marking  ] GC(11) Concurrent Rebuild Remembered Sets 42.329ms
[2024-08-27T13:49:59.658+0000][info][gc,start    ] GC(11) Pause Cleanup
[2024-08-27T13:49:59.660+0000][info][gc          ] GC(11) Pause Cleanup 1198M->1198M(2048M) 2.399ms
[2024-08-27T13:49:59.660+0000][info][gc,cpu      ] GC(11) User=0.01s Sys=0.00s Real=0.00s
[2024-08-27T13:49:59.660+0000][info][gc,marking  ] GC(11) Concurrent Cleanup for Next Mark
[2024-08-27T13:49:59.663+0000][info][gc,marking  ] GC(11) Concurrent Cleanup for Next Mark 2.446ms
[2024-08-27T13:49:59.663+0000][info][gc          ] GC(11) Concurrent Mark Cycle 81.040ms
[2024-08-27T13:49:59.681+0000][info][gc,start    ] GC(12) Pause Young (Prepare Mixed) (G1 Evacuation Pause)
[2024-08-27T13:49:59.681+0000][info][gc,task     ] GC(12) Using 49 workers of 68 for evacuation
[2024-08-27T13:49:59.701+0000][info][gc,phases   ] GC(12)   Pre Evacuate Collection Set: 0.4ms
[2024-08-27T13:49:59.701+0000][info][gc,phases   ] GC(12)   Merge Heap Roots: 0.5ms
[2024-08-27T13:49:59.701+0000][info][gc,phases   ] GC(12)   Evacuate Collection Set: 18.5ms
[2024-08-27T13:49:59.701+0000][info][gc,phases   ] GC(12)   Post Evacuate Collection Set: 0.5ms
[2024-08-27T13:49:59.701+0000][info][gc,phases   ] GC(12)   Other: 0.2ms
[2024-08-27T13:49:59.701+0000][info][gc,heap     ] GC(12) Eden regions: 143->0(81)
[2024-08-27T13:49:59.701+0000][info][gc,heap     ] GC(12) Survivor regions: 18->21(21)
[2024-08-27T13:49:59.701+0000][info][gc,heap     ] GC(12) Old regions: 1061->1204
[2024-08-27T13:49:59.701+0000][info][gc,heap     ] GC(12) Archive regions: 2->2
[2024-08-27T13:49:59.701+0000][info][gc,heap     ] GC(12) Humongous regions: 5->5
[2024-08-27T13:49:59.701+0000][info][gc,metaspace] GC(12) Metaspace: 100K(320K)->100K(320K) NonClass: 96K(192K)->96K(192K) Class: 4K(128K)->4K(128K)
[2024-08-27T13:49:59.701+0000][info][gc          ] GC(12) Pause Young (Prepare Mixed) (G1 Evacuation Pause) 1227M->1230M(2048M) 20.219ms
[2024-08-27T13:49:59.701+0000][info][gc,cpu      ] GC(12) User=0.51s Sys=0.41s Real=0.02s
[2024-08-27T13:49:59.744+0000][info][gc,start    ] GC(13) Pause Young (Mixed) (G1 Evacuation Pause)
[2024-08-27T13:49:59.744+0000][info][gc,task     ] GC(13) Using 49 workers of 68 for evacuation
[2024-08-27T13:49:59.760+0000][info][gc,phases   ] GC(13)   Pre Evacuate Collection Set: 0.4ms
[2024-08-27T13:49:59.760+0000][info][gc,phases   ] GC(13)   Merge Heap Roots: 0.4ms
[2024-08-27T13:49:59.760+0000][info][gc,phases   ] GC(13)   Evacuate Collection Set: 12.5ms
[2024-08-27T13:49:59.760+0000][info][gc,phases   ] GC(13)   Merge Optional Heap Roots: 0.1ms
[2024-08-27T13:49:59.760+0000][info][gc,phases   ] GC(13)   Evacuate Optional Collection Set: 1.0ms
[2024-08-27T13:49:59.760+0000][info][gc,phases   ] GC(13)   Post Evacuate Collection Set: 0.7ms
[2024-08-27T13:49:59.760+0000][info][gc,phases   ] GC(13)   Other: 0.2ms
[2024-08-27T13:49:59.760+0000][info][gc,heap     ] GC(13) Eden regions: 81->0(89)
[2024-08-27T13:49:59.760+0000][info][gc,heap     ] GC(13) Survivor regions: 21->13(13)
[2024-08-27T13:49:59.760+0000][info][gc,heap     ] GC(13) Old regions: 1204->1138
[2024-08-27T13:49:59.760+0000][info][gc,heap     ] GC(13) Archive regions: 2->2
[2024-08-27T13:49:59.760+0000][info][gc,heap     ] GC(13) Humongous regions: 5->5
[2024-08-27T13:49:59.760+0000][info][gc,metaspace] GC(13) Metaspace: 100K(320K)->100K(320K) NonClass: 96K(192K)->96K(192K) Class: 4K(128K)->4K(128K)
[2024-08-27T13:49:59.760+0000][info][gc          ] GC(13) Pause Young (Mixed) (G1 Evacuation Pause) 1311M->1156M(2048M) 15.463ms
[2024-08-27T13:49:59.760+0000][info][gc,cpu      ] GC(13) User=0.38s Sys=0.27s Real=0.02s
[2024-08-27T13:49:59.804+0000][info][gc,start    ] GC(14) Pause Young (Mixed) (G1 Evacuation Pause)
[2024-08-27T13:49:59.804+0000][info][gc,task     ] GC(14) Using 49 workers of 68 for evacuation
[2024-08-27T13:49:59.819+0000][info][gc,phases   ] GC(14)   Pre Evacuate Collection Set: 0.4ms
[2024-08-27T13:49:59.819+0000][info][gc,phases   ] GC(14)   Merge Heap Roots: 0.5ms
[2024-08-27T13:49:59.819+0000][info][gc,phases   ] GC(14)   Evacuate Collection Set: 13.0ms
[2024-08-27T13:49:59.819+0000][info][gc,phases   ] GC(14)   Post Evacuate Collection Set: 0.5ms
[2024-08-27T13:49:59.819+0000][info][gc,phases   ] GC(14)   Other: 0.2ms
[2024-08-27T13:49:59.819+0000][info][gc,heap     ] GC(14) Eden regions: 89->0(89)
[2024-08-27T13:49:59.819+0000][info][gc,heap     ] GC(14) Survivor regions: 13->13(13)
[2024-08-27T13:49:59.819+0000][info][gc,heap     ] GC(14) Old regions: 1138->1027
[2024-08-27T13:49:59.819+0000][info][gc,heap     ] GC(14) Archive regions: 2->2
[2024-08-27T13:49:59.819+0000][info][gc,heap     ] GC(14) Humongous regions: 5->5
[2024-08-27T13:49:59.819+0000][info][gc,metaspace] GC(14) Metaspace: 100K(320K)->100K(320K) NonClass: 96K(192K)->96K(192K) Class: 4K(128K)->4K(128K)
[2024-08-27T13:49:59.819+0000][info][gc          ] GC(14) Pause Young (Mixed) (G1 Evacuation Pause) 1245M->1045M(2048M) 14.690ms
[2024-08-27T13:49:59.819+0000][info][gc,cpu      ] GC(14) User=0.66s Sys=0.00s Real=0.02s
[2024-08-27T13:49:59.865+0000][info][gc,start    ] GC(15) Pause Young (Mixed) (G1 Evacuation Pause)
[2024-08-27T13:49:59.865+0000][info][gc,task     ] GC(15) Using 49 workers of 68 for evacuation
[2024-08-27T13:49:59.880+0000][info][gc,phases   ] GC(15)   Pre Evacuate Collection Set: 0.4ms
[2024-08-27T13:49:59.880+0000][info][gc,phases   ] GC(15)   Merge Heap Roots: 0.6ms
[2024-08-27T13:49:59.880+0000][info][gc,phases   ] GC(15)   Evacuate Collection Set: 13.6ms
[2024-08-27T13:49:59.880+0000][info][gc,phases   ] GC(15)   Post Evacuate Collection Set: 0.6ms
[2024-08-27T13:49:59.880+0000][info][gc,phases   ] GC(15)   Other: 0.2ms
[2024-08-27T13:49:59.880+0000][info][gc,heap     ] GC(15) Eden regions: 89->0(271)
[2024-08-27T13:49:59.880+0000][info][gc,heap     ] GC(15) Survivor regions: 13->13(13)
[2024-08-27T13:49:59.880+0000][info][gc,heap     ] GC(15) Old regions: 1027->961
[2024-08-27T13:49:59.880+0000][info][gc,heap     ] GC(15) Archive regions: 2->2
[2024-08-27T13:49:59.880+0000][info][gc,heap     ] GC(15) Humongous regions: 5->5
[2024-08-27T13:49:59.880+0000][info][gc,metaspace] GC(15) Metaspace: 100K(320K)->100K(320K) NonClass: 96K(192K)->96K(192K) Class: 4K(128K)->4K(128K)
[2024-08-27T13:49:59.880+0000][info][gc          ] GC(15) Pause Young (Mixed) (G1 Evacuation Pause) 1134M->979M(2048M) 15.446ms
[2024-08-27T13:49:59.880+0000][info][gc,cpu      ] GC(15) User=0.68s Sys=0.00s Real=0.02s
[2024-08-27T13:50:00.098+0000][info][gc,start    ] GC(16) Pause Young (Concurrent Start) (G1 Evacuation Pause)
[2024-08-27T13:50:00.098+0000][info][gc,task     ] GC(16) Using 49 workers of 68 for evacuation
[2024-08-27T13:50:00.136+0000][info][gc,phases   ] GC(16)   Pre Evacuate Collection Set: 0.5ms
[2024-08-27T13:50:00.136+0000][info][gc,phases   ] GC(16)   Merge Heap Roots: 0.8ms
[2024-08-27T13:50:00.136+0000][info][gc,phases   ] GC(16)   Evacuate Collection Set: 34.9ms
[2024-08-27T13:50:00.136+0000][info][gc,phases   ] GC(16)   Post Evacuate Collection Set: 0.7ms
[2024-08-27T13:50:00.136+0000][info][gc,phases   ] GC(16)   Other: 0.9ms
[2024-08-27T13:50:00.136+0000][info][gc,heap     ] GC(16) Eden regions: 271->0(189)
[2024-08-27T13:50:00.136+0000][info][gc,heap     ] GC(16) Survivor regions: 13->36(36)
[2024-08-27T13:50:00.136+0000][info][gc,heap     ] GC(16) Old regions: 961->1199
[2024-08-27T13:50:00.136+0000][info][gc,heap     ] GC(16) Archive regions: 2->2
[2024-08-27T13:50:00.136+0000][info][gc,heap     ] GC(16) Humongous regions: 5->5
[2024-08-27T13:50:00.136+0000][info][gc,metaspace] GC(16) Metaspace: 100K(320K)->100K(320K) NonClass: 96K(192K)->96K(192K) Class: 4K(128K)->4K(128K)
[2024-08-27T13:50:00.136+0000][info][gc          ] GC(16) Pause Young (Concurrent Start) (G1 Evacuation Pause) 1250M->1240M(2048M) 37.857ms
[2024-08-27T13:50:00.136+0000][info][gc,cpu      ] GC(16) User=1.35s Sys=0.40s Real=0.03s
[2024-08-27T13:50:00.136+0000][info][gc          ] GC(17) Concurrent Mark Cycle
[2024-08-27T13:50:00.136+0000][info][gc,marking  ] GC(17) Concurrent Clear Claimed Marks
[2024-08-27T13:50:00.136+0000][info][gc,marking  ] GC(17) Concurrent Clear Claimed Marks 0.011ms
[2024-08-27T13:50:00.136+0000][info][gc,marking  ] GC(17) Concurrent Scan Root Regions
[2024-08-27T13:50:00.143+0000][info][gc,marking  ] GC(17) Concurrent Scan Root Regions 7.118ms
[2024-08-27T13:50:00.144+0000][info][gc,marking  ] GC(17) Concurrent Mark
[2024-08-27T13:50:00.144+0000][info][gc,marking  ] GC(17) Concurrent Mark From Roots
[2024-08-27T13:50:00.144+0000][info][gc,task     ] GC(17) Using 17 workers of 17 for marking
[2024-08-27T13:50:00.159+0000][info][gc,marking  ] GC(17) Concurrent Mark From Roots 15.745ms
[2024-08-27T13:50:00.159+0000][info][gc,marking  ] GC(17) Concurrent Preclean
[2024-08-27T13:50:00.160+0000][info][gc,marking  ] GC(17) Concurrent Preclean 1.059ms
[2024-08-27T13:50:00.161+0000][info][gc,start    ] GC(17) Pause Remark
[2024-08-27T13:50:00.162+0000][info][gc          ] GC(17) Pause Remark 1261M->1244M(2048M) 1.501ms
[2024-08-27T13:50:00.162+0000][info][gc,cpu      ] GC(17) User=0.01s Sys=0.01s Real=0.00s
[2024-08-27T13:50:00.162+0000][info][gc,marking  ] GC(17) Concurrent Mark 18.924ms
[2024-08-27T13:50:00.162+0000][info][gc,marking  ] GC(17) Concurrent Rebuild Remembered Sets
[2024-08-27T13:50:00.209+0000][info][gc,marking  ] GC(17) Concurrent Rebuild Remembered Sets 46.131ms
[2024-08-27T13:50:00.209+0000][info][gc,start    ] GC(17) Pause Cleanup
[2024-08-27T13:50:00.211+0000][info][gc          ] GC(17) Pause Cleanup 1298M->1298M(2048M) 2.384ms
[2024-08-27T13:50:00.211+0000][info][gc,cpu      ] GC(17) User=0.01s Sys=0.00s Real=0.01s
[2024-08-27T13:50:00.211+0000][info][gc,marking  ] GC(17) Concurrent Cleanup for Next Mark
[2024-08-27T13:50:00.214+0000][info][gc,marking  ] GC(17) Concurrent Cleanup for Next Mark 2.305ms
[2024-08-27T13:50:00.214+0000][info][gc          ] GC(17) Concurrent Mark Cycle 77.535ms
[2024-08-27T13:50:00.269+0000][info][gc,start    ] GC(18) Pause Young (Prepare Mixed) (G1 Evacuation Pause)
[2024-08-27T13:50:00.269+0000][info][gc,task     ] GC(18) Using 49 workers of 68 for evacuation
[2024-08-27T13:50:00.297+0000][info][gc,phases   ] GC(18)   Pre Evacuate Collection Set: 0.3ms
[2024-08-27T13:50:00.297+0000][info][gc,phases   ] GC(18)   Merge Heap Roots: 0.5ms
[2024-08-27T13:50:00.297+0000][info][gc,phases   ] GC(18)   Evacuate Collection Set: 26.0ms
[2024-08-27T13:50:00.297+0000][info][gc,phases   ] GC(18)   Post Evacuate Collection Set: 0.7ms
[2024-08-27T13:50:00.297+0000][info][gc,phases   ] GC(18)   Other: 0.3ms
[2024-08-27T13:50:00.297+0000][info][gc,heap     ] GC(18) Eden regions: 189->0(73)
[2024-08-27T13:50:00.297+0000][info][gc,heap     ] GC(18) Survivor regions: 36->29(29)
[2024-08-27T13:50:00.297+0000][info][gc,heap     ] GC(18) Old regions: 1182->1379
[2024-08-27T13:50:00.297+0000][info][gc,heap     ] GC(18) Archive regions: 2->2
[2024-08-27T13:50:00.297+0000][info][gc,heap     ] GC(18) Humongous regions: 5->5
[2024-08-27T13:50:00.297+0000][info][gc,metaspace] GC(18) Metaspace: 100K(320K)->100K(320K) NonClass: 96K(192K)->96K(192K) Class: 4K(128K)->4K(128K)
[2024-08-27T13:50:00.297+0000][info][gc          ] GC(18) Pause Young (Prepare Mixed) (G1 Evacuation Pause) 1412M->1413M(2048M) 27.748ms
[2024-08-27T13:50:00.297+0000][info][gc,cpu      ] GC(18) User=1.04s Sys=0.25s Real=0.03s
[2024-08-27T13:50:00.334+0000][info][gc,start    ] GC(19) Pause Young (Mixed) (G1 Evacuation Pause)
[2024-08-27T13:50:00.334+0000][info][gc,task     ] GC(19) Using 49 workers of 68 for evacuation
[2024-08-27T13:50:00.350+0000][info][gc,phases   ] GC(19)   Pre Evacuate Collection Set: 0.4ms
[2024-08-27T13:50:00.350+0000][info][gc,phases   ] GC(19)   Merge Heap Roots: 0.6ms
[2024-08-27T13:50:00.350+0000][info][gc,phases   ] GC(19)   Evacuate Collection Set: 14.7ms
[2024-08-27T13:50:00.350+0000][info][gc,phases   ] GC(19)   Post Evacuate Collection Set: 0.6ms
[2024-08-27T13:50:00.350+0000][info][gc,phases   ] GC(19)   Other: 0.2ms
[2024-08-27T13:50:00.350+0000][info][gc,heap     ] GC(19) Eden regions: 73->0(89)
[2024-08-27T13:50:00.350+0000][info][gc,heap     ] GC(19) Survivor regions: 29->13(13)
[2024-08-27T13:50:00.350+0000][info][gc,heap     ] GC(19) Old regions: 1379->1272
[2024-08-27T13:50:00.350+0000][info][gc,heap     ] GC(19) Archive regions: 2->2
[2024-08-27T13:50:00.351+0000][info][gc,heap     ] GC(19) Humongous regions: 5->5
[2024-08-27T13:50:00.351+0000][info][gc,metaspace] GC(19) Metaspace: 100K(320K)->100K(320K) NonClass: 96K(192K)->96K(192K) Class: 4K(128K)->4K(128K)
[2024-08-27T13:50:00.351+0000][info][gc          ] GC(19) Pause Young (Mixed) (G1 Evacuation Pause) 1486M->1290M(2048M) 16.659ms
[2024-08-27T13:50:00.351+0000][info][gc,cpu      ] GC(19) User=0.31s Sys=0.44s Real=0.02s
[2024-08-27T13:50:00.397+0000][info][gc,start    ] GC(20) Pause Young (Mixed) (G1 Evacuation Pause)
[2024-08-27T13:50:00.397+0000][info][gc,task     ] GC(20) Using 49 workers of 68 for evacuation
[2024-08-27T13:50:00.413+0000][info][gc,phases   ] GC(20)   Pre Evacuate Collection Set: 0.3ms
[2024-08-27T13:50:00.413+0000][info][gc,phases   ] GC(20)   Merge Heap Roots: 0.5ms
[2024-08-27T13:50:00.413+0000][info][gc,phases   ] GC(20)   Evacuate Collection Set: 14.0ms
[2024-08-27T13:50:00.413+0000][info][gc,phases   ] GC(20)   Post Evacuate Collection Set: 0.7ms
[2024-08-27T13:50:00.413+0000][info][gc,phases   ] GC(20)   Other: 0.3ms
[2024-08-27T13:50:00.413+0000][info][gc,heap     ] GC(20) Eden regions: 89->0(89)
[2024-08-27T13:50:00.413+0000][info][gc,heap     ] GC(20) Survivor regions: 13->13(13)
[2024-08-27T13:50:00.413+0000][info][gc,heap     ] GC(20) Old regions: 1272->1163
[2024-08-27T13:50:00.413+0000][info][gc,heap     ] GC(20) Archive regions: 2->2
[2024-08-27T13:50:00.413+0000][info][gc,heap     ] GC(20) Humongous regions: 5->5
[2024-08-27T13:50:00.413+0000][info][gc,metaspace] GC(20) Metaspace: 100K(320K)->100K(320K) NonClass: 96K(192K)->96K(192K) Class: 4K(128K)->4K(128K)
[2024-08-27T13:50:00.413+0000][info][gc          ] GC(20) Pause Young (Mixed) (G1 Evacuation Pause) 1379M->1181M(2048M) 15.871ms
[2024-08-27T13:50:00.413+0000][info][gc,cpu      ] GC(20) User=0.68s Sys=0.02s Real=0.02s
[2024-08-27T13:50:00.455+0000][info][gc,start    ] GC(21) Pause Young (Mixed) (G1 Evacuation Pause)
[2024-08-27T13:50:00.456+0000][info][gc,task     ] GC(21) Using 49 workers of 68 for evacuation
[2024-08-27T13:50:00.472+0000][info][gc,phases   ] GC(21)   Pre Evacuate Collection Set: 0.3ms
[2024-08-27T13:50:00.472+0000][info][gc,phases   ] GC(21)   Merge Heap Roots: 0.8ms
[2024-08-27T13:50:00.472+0000][info][gc,phases   ] GC(21)   Evacuate Collection Set: 15.0ms
[2024-08-27T13:50:00.472+0000][info][gc,phases   ] GC(21)   Post Evacuate Collection Set: 0.6ms
[2024-08-27T13:50:00.472+0000][info][gc,phases   ] GC(21)   Other: 0.3ms
[2024-08-27T13:50:00.472+0000][info][gc,heap     ] GC(21) Eden regions: 89->0(89)
[2024-08-27T13:50:00.472+0000][info][gc,heap     ] GC(21) Survivor regions: 13->13(13)
[2024-08-27T13:50:00.472+0000][info][gc,heap     ] GC(21) Old regions: 1163->1052
[2024-08-27T13:50:00.472+0000][info][gc,heap     ] GC(21) Archive regions: 2->2
[2024-08-27T13:50:00.472+0000][info][gc,heap     ] GC(21) Humongous regions: 5->5
[2024-08-27T13:50:00.472+0000][info][gc,metaspace] GC(21) Metaspace: 100K(320K)->100K(320K) NonClass: 96K(192K)->96K(192K) Class: 4K(128K)->4K(128K)
[2024-08-27T13:50:00.472+0000][info][gc          ] GC(21) Pause Young (Mixed) (G1 Evacuation Pause) 1270M->1070M(2048M) 17.020ms
[2024-08-27T13:50:00.473+0000][info][gc,cpu      ] GC(21) User=0.77s Sys=0.00s Real=0.02s
[2024-08-27T13:50:00.516+0000][info][gc,start    ] GC(22) Pause Young (Mixed) (G1 Evacuation Pause)
[2024-08-27T13:50:00.516+0000][info][gc,task     ] GC(22) Using 49 workers of 68 for evacuation
[2024-08-27T13:50:00.533+0000][info][gc,phases   ] GC(22)   Pre Evacuate Collection Set: 0.3ms
[2024-08-27T13:50:00.533+0000][info][gc,phases   ] GC(22)   Merge Heap Roots: 0.4ms
[2024-08-27T13:50:00.533+0000][info][gc,phases   ] GC(22)   Evacuate Collection Set: 15.4ms
[2024-08-27T13:50:00.533+0000][info][gc,phases   ] GC(22)   Post Evacuate Collection Set: 0.5ms
[2024-08-27T13:50:00.533+0000][info][gc,phases   ] GC(22)   Other: 0.3ms
[2024-08-27T13:50:00.533+0000][info][gc,heap     ] GC(22) Eden regions: 89->0(231)
[2024-08-27T13:50:00.533+0000][info][gc,heap     ] GC(22) Survivor regions: 13->13(13)
[2024-08-27T13:50:00.533+0000][info][gc,heap     ] GC(22) Old regions: 1052->1088
[2024-08-27T13:50:00.533+0000][info][gc,heap     ] GC(22) Archive regions: 2->2
[2024-08-27T13:50:00.533+0000][info][gc,heap     ] GC(22) Humongous regions: 5->5
[2024-08-27T13:50:00.533+0000][info][gc,metaspace] GC(22) Metaspace: 100K(320K)->100K(320K) NonClass: 96K(192K)->96K(192K) Class: 4K(128K)->4K(128K)
[2024-08-27T13:50:00.533+0000][info][gc          ] GC(22) Pause Young (Mixed) (G1 Evacuation Pause) 1159M->1106M(2048M) 16.942ms
[2024-08-27T13:50:00.533+0000][info][gc,cpu      ] GC(22) User=0.74s Sys=0.03s Real=0.02s
[2024-08-27T13:50:00.643+0000][info][gc,start    ] GC(23) Pause Young (Concurrent Start) (G1 Evacuation Pause)
[2024-08-27T13:50:00.643+0000][info][gc,task     ] GC(23) Using 49 workers of 68 for evacuation
[2024-08-27T13:50:00.675+0000][info][gc,phases   ] GC(23)   Pre Evacuate Collection Set: 0.4ms
[2024-08-27T13:50:00.675+0000][info][gc,phases   ] GC(23)   Merge Heap Roots: 0.5ms
[2024-08-27T13:50:00.675+0000][info][gc,phases   ] GC(23)   Evacuate Collection Set: 29.7ms
[2024-08-27T13:50:00.675+0000][info][gc,phases   ] GC(23)   Post Evacuate Collection Set: 0.6ms
[2024-08-27T13:50:00.675+0000][info][gc,phases   ] GC(23)   Other: 0.7ms
[2024-08-27T13:50:00.675+0000][info][gc,heap     ] GC(23) Eden regions: 231->0(161)
[2024-08-27T13:50:00.675+0000][info][gc,heap     ] GC(23) Survivor regions: 13->31(31)
[2024-08-27T13:50:00.675+0000][info][gc,heap     ] GC(23) Old regions: 1088->1298
[2024-08-27T13:50:00.675+0000][info][gc,heap     ] GC(23) Archive regions: 2->2
[2024-08-27T13:50:00.675+0000][info][gc,heap     ] GC(23) Humongous regions: 5->5
[2024-08-27T13:50:00.675+0000][info][gc,metaspace] GC(23) Metaspace: 100K(320K)->100K(320K) NonClass: 96K(192K)->96K(192K) Class: 4K(128K)->4K(128K)
[2024-08-27T13:50:00.675+0000][info][gc          ] GC(23) Pause Young (Concurrent Start) (G1 Evacuation Pause) 1337M->1334M(2048M) 31.960ms
[2024-08-27T13:50:00.675+0000][info][gc,cpu      ] GC(23) User=1.43s Sys=0.03s Real=0.03s
[2024-08-27T13:50:00.675+0000][info][gc          ] GC(24) Concurrent Mark Cycle
[2024-08-27T13:50:00.675+0000][info][gc,marking  ] GC(24) Concurrent Clear Claimed Marks
[2024-08-27T13:50:00.675+0000][info][gc,marking  ] GC(24) Concurrent Clear Claimed Marks 0.010ms
[2024-08-27T13:50:00.675+0000][info][gc,marking  ] GC(24) Concurrent Scan Root Regions
[2024-08-27T13:50:00.681+0000][info][gc,marking  ] GC(24) Concurrent Scan Root Regions 5.951ms
[2024-08-27T13:50:00.681+0000][info][gc,marking  ] GC(24) Concurrent Mark
[2024-08-27T13:50:00.681+0000][info][gc,marking  ] GC(24) Concurrent Mark From Roots
[2024-08-27T13:50:00.681+0000][info][gc,task     ] GC(24) Using 17 workers of 17 for marking
[2024-08-27T13:50:00.696+0000][info][gc,marking  ] GC(24) Concurrent Mark From Roots 14.975ms
[2024-08-27T13:50:00.696+0000][info][gc,marking  ] GC(24) Concurrent Preclean
[2024-08-27T13:50:00.697+0000][info][gc,marking  ] GC(24) Concurrent Preclean 0.497ms
[2024-08-27T13:50:00.697+0000][info][gc,start    ] GC(24) Pause Remark
[2024-08-27T13:50:00.699+0000][info][gc          ] GC(24) Pause Remark 1355M->1296M(2048M) 1.710ms
[2024-08-27T13:50:00.699+0000][info][gc,cpu      ] GC(24) User=0.01s Sys=0.01s Real=0.01s
[2024-08-27T13:50:00.699+0000][info][gc,marking  ] GC(24) Concurrent Mark 17.599ms
[2024-08-27T13:50:00.699+0000][info][gc,marking  ] GC(24) Concurrent Rebuild Remembered Sets
[2024-08-27T13:50:00.745+0000][info][gc,marking  ] GC(24) Concurrent Rebuild Remembered Sets 46.434ms
[2024-08-27T13:50:00.746+0000][info][gc,start    ] GC(24) Pause Cleanup
[2024-08-27T13:50:00.748+0000][info][gc          ] GC(24) Pause Cleanup 1358M->1358M(2048M) 2.652ms
[2024-08-27T13:50:00.748+0000][info][gc,cpu      ] GC(24) User=0.01s Sys=0.00s Real=0.00s
[2024-08-27T13:50:00.749+0000][info][gc,marking  ] GC(24) Concurrent Cleanup for Next Mark
[2024-08-27T13:50:00.750+0000][info][gc,marking  ] GC(24) Concurrent Cleanup for Next Mark 1.353ms
[2024-08-27T13:50:00.750+0000][info][gc          ] GC(24) Concurrent Mark Cycle 74.652ms
[2024-08-27T13:50:00.789+0000][info][gc,start    ] GC(25) Pause Young (Prepare Mixed) (G1 Evacuation Pause)
[2024-08-27T13:50:00.789+0000][info][gc,task     ] GC(25) Using 49 workers of 68 for evacuation
[2024-08-27T13:50:00.817+0000][info][gc,phases   ] GC(25)   Pre Evacuate Collection Set: 0.3ms
[2024-08-27T13:50:00.817+0000][info][gc,phases   ] GC(25)   Merge Heap Roots: 1.0ms
[2024-08-27T13:50:00.817+0000][info][gc,phases   ] GC(25)   Evacuate Collection Set: 25.3ms
[2024-08-27T13:50:00.817+0000][info][gc,phases   ] GC(25)   Post Evacuate Collection Set: 0.6ms
[2024-08-27T13:50:00.817+0000][info][gc,phases   ] GC(25)   Other: 0.3ms
[2024-08-27T13:50:00.817+0000][info][gc,heap     ] GC(25) Eden regions: 161->0(78)
[2024-08-27T13:50:00.817+0000][info][gc,heap     ] GC(25) Survivor regions: 31->24(24)
[2024-08-27T13:50:00.817+0000][info][gc,heap     ] GC(25) Old regions: 1239->1407
[2024-08-27T13:50:00.817+0000][info][gc,heap     ] GC(25) Archive regions: 2->2
[2024-08-27T13:50:00.817+0000][info][gc,heap     ] GC(25) Humongous regions: 5->5
[2024-08-27T13:50:00.817+0000][info][gc,metaspace] GC(25) Metaspace: 100K(320K)->100K(320K) NonClass: 96K(192K)->96K(192K) Class: 4K(128K)->4K(128K)
[2024-08-27T13:50:00.817+0000][info][gc          ] GC(25) Pause Young (Prepare Mixed) (G1 Evacuation Pause) 1436M->1436M(2048M) 27.513ms
[2024-08-27T13:50:00.817+0000][info][gc,cpu      ] GC(25) User=1.22s Sys=0.06s Real=0.03s
[2024-08-27T13:50:00.855+0000][info][gc,start    ] GC(26) Pause Young (Mixed) (G1 Evacuation Pause)
[2024-08-27T13:50:00.855+0000][info][gc,task     ] GC(26) Using 49 workers of 68 for evacuation
[2024-08-27T13:50:00.874+0000][info][gc,phases   ] GC(26)   Pre Evacuate Collection Set: 0.4ms
[2024-08-27T13:50:00.874+0000][info][gc,phases   ] GC(26)   Merge Heap Roots: 0.8ms
[2024-08-27T13:50:00.874+0000][info][gc,phases   ] GC(26)   Evacuate Collection Set: 17.0ms
[2024-08-27T13:50:00.874+0000][info][gc,phases   ] GC(26)   Post Evacuate Collection Set: 0.6ms
[2024-08-27T13:50:00.874+0000][info][gc,phases   ] GC(26)   Other: 0.2ms
[2024-08-27T13:50:00.874+0000][info][gc,heap     ] GC(26) Eden regions: 78->0(89)
[2024-08-27T13:50:00.874+0000][info][gc,heap     ] GC(26) Survivor regions: 24->13(13)
[2024-08-27T13:50:00.874+0000][info][gc,heap     ] GC(26) Old regions: 1407->1300
[2024-08-27T13:50:00.874+0000][info][gc,heap     ] GC(26) Archive regions: 2->2
[2024-08-27T13:50:00.874+0000][info][gc,heap     ] GC(26) Humongous regions: 5->5
[2024-08-27T13:50:00.874+0000][info][gc,metaspace] GC(26) Metaspace: 100K(320K)->100K(320K) NonClass: 96K(192K)->96K(192K) Class: 4K(128K)->4K(128K)
[2024-08-27T13:50:00.874+0000][info][gc          ] GC(26) Pause Young (Mixed) (G1 Evacuation Pause) 1514M->1318M(2048M) 19.064ms
[2024-08-27T13:50:00.874+0000][info][gc,cpu      ] GC(26) User=0.80s Sys=0.06s Real=0.02s
[2024-08-27T13:50:00.921+0000][info][gc,start    ] GC(27) Pause Young (Mixed) (G1 Evacuation Pause)
[2024-08-27T13:50:00.921+0000][info][gc,task     ] GC(27) Using 49 workers of 68 for evacuation
[2024-08-27T13:50:00.939+0000][info][gc,phases   ] GC(27)   Pre Evacuate Collection Set: 0.5ms
[2024-08-27T13:50:00.939+0000][info][gc,phases   ] GC(27)   Merge Heap Roots: 0.8ms
[2024-08-27T13:50:00.939+0000][info][gc,phases   ] GC(27)   Evacuate Collection Set: 15.9ms
[2024-08-27T13:50:00.939+0000][info][gc,phases   ] GC(27)   Post Evacuate Collection Set: 0.6ms
[2024-08-27T13:50:00.939+0000][info][gc,phases   ] GC(27)   Other: 0.3ms
[2024-08-27T13:50:00.939+0000][info][gc,heap     ] GC(27) Eden regions: 89->0(89)
[2024-08-27T13:50:00.939+0000][info][gc,heap     ] GC(27) Survivor regions: 13->13(13)
[2024-08-27T13:50:00.939+0000][info][gc,heap     ] GC(27) Old regions: 1300->1189
[2024-08-27T13:50:00.939+0000][info][gc,heap     ] GC(27) Archive regions: 2->2
[2024-08-27T13:50:00.939+0000][info][gc,heap     ] GC(27) Humongous regions: 5->5
[2024-08-27T13:50:00.939+0000][info][gc,metaspace] GC(27) Metaspace: 100K(320K)->100K(320K) NonClass: 96K(192K)->96K(192K) Class: 4K(128K)->4K(128K)
[2024-08-27T13:50:00.939+0000][info][gc          ] GC(27) Pause Young (Mixed) (G1 Evacuation Pause) 1407M->1207M(2048M) 18.053ms
[2024-08-27T13:50:00.939+0000][info][gc,cpu      ] GC(27) User=0.81s Sys=0.00s Real=0.02s
[2024-08-27T13:50:00.981+0000][info][gc,start    ] GC(28) Pause Young (Mixed) (G1 Evacuation Pause)
[2024-08-27T13:50:00.982+0000][info][gc,task     ] GC(28) Using 49 workers of 68 for evacuation
[2024-08-27T13:50:00.999+0000][info][gc,phases   ] GC(28)   Pre Evacuate Collection Set: 0.4ms
[2024-08-27T13:50:00.999+0000][info][gc,phases   ] GC(28)   Merge Heap Roots: 0.8ms
[2024-08-27T13:50:00.999+0000][info][gc,phases   ] GC(28)   Evacuate Collection Set: 15.9ms
[2024-08-27T13:50:00.999+0000][info][gc,phases   ] GC(28)   Post Evacuate Collection Set: 0.6ms
[2024-08-27T13:50:00.999+0000][info][gc,phases   ] GC(28)   Other: 0.3ms
[2024-08-27T13:50:00.999+0000][info][gc,heap     ] GC(28) Eden regions: 89->0(89)
[2024-08-27T13:50:00.999+0000][info][gc,heap     ] GC(28) Survivor regions: 13->13(13)
[2024-08-27T13:50:00.999+0000][info][gc,heap     ] GC(28) Old regions: 1189->1078
[2024-08-27T13:50:00.999+0000][info][gc,heap     ] GC(28) Archive regions: 2->2
[2024-08-27T13:50:00.999+0000][info][gc,heap     ] GC(28) Humongous regions: 5->5
[2024-08-27T13:50:00.999+0000][info][gc,metaspace] GC(28) Metaspace: 100K(320K)->100K(320K) NonClass: 96K(192K)->96K(192K) Class: 4K(128K)->4K(128K)
[2024-08-27T13:50:00.999+0000][info][gc          ] GC(28) Pause Young (Mixed) (G1 Evacuation Pause) 1296M->1096M(2048M) 18.048ms
[2024-08-27T13:50:01.000+0000][info][gc,cpu      ] GC(28) User=0.81s Sys=0.00s Real=0.02s
[2024-08-27T13:50:01.042+0000][info][gc,start    ] GC(29) Pause Young (Mixed) (G1 Evacuation Pause)
[2024-08-27T13:50:01.042+0000][info][gc,task     ] GC(29) Using 49 workers of 68 for evacuation
[2024-08-27T13:50:01.064+0000][info][gc,phases   ] GC(29)   Pre Evacuate Collection Set: 0.3ms
[2024-08-27T13:50:01.064+0000][info][gc,phases   ] GC(29)   Merge Heap Roots: 0.7ms
[2024-08-27T13:50:01.064+0000][info][gc,phases   ] GC(29)   Evacuate Collection Set: 19.6ms
[2024-08-27T13:50:01.064+0000][info][gc,phases   ] GC(29)   Post Evacuate Collection Set: 0.5ms
[2024-08-27T13:50:01.064+0000][info][gc,phases   ] GC(29)   Other: 0.2ms
[2024-08-27T13:50:01.064+0000][info][gc,heap     ] GC(29) Eden regions: 89->0(240)
[2024-08-27T13:50:01.064+0000][info][gc,heap     ] GC(29) Survivor regions: 13->13(13)
[2024-08-27T13:50:01.064+0000][info][gc,heap     ] GC(29) Old regions: 1078->1065
[2024-08-27T13:50:01.064+0000][info][gc,heap     ] GC(29) Archive regions: 2->2
[2024-08-27T13:50:01.064+0000][info][gc,heap     ] GC(29) Humongous regions: 5->5
[2024-08-27T13:50:01.064+0000][info][gc,metaspace] GC(29) Metaspace: 100K(320K)->100K(320K) NonClass: 96K(192K)->96K(192K) Class: 4K(128K)->4K(128K)
[2024-08-27T13:50:01.064+0000][info][gc          ] GC(29) Pause Young (Mixed) (G1 Evacuation Pause) 1185M->1083M(2048M) 21.515ms
[2024-08-27T13:50:01.064+0000][info][gc,cpu      ] GC(29) User=0.75s Sys=0.09s Real=0.02s
[2024-08-27T13:50:01.179+0000][info][gc,start    ] GC(30) Pause Young (Normal) (G1 Evacuation Pause)
[2024-08-27T13:50:01.179+0000][info][gc,task     ] GC(30) Using 49 workers of 68 for evacuation
[2024-08-27T13:50:01.213+0000][info][gc,phases   ] GC(30)   Pre Evacuate Collection Set: 0.3ms
[2024-08-27T13:50:01.213+0000][info][gc,phases   ] GC(30)   Merge Heap Roots: 0.8ms
[2024-08-27T13:50:01.213+0000][info][gc,phases   ] GC(30)   Evacuate Collection Set: 32.8ms
[2024-08-27T13:50:01.213+0000][info][gc,phases   ] GC(30)   Post Evacuate Collection Set: 0.6ms
[2024-08-27T13:50:01.213+0000][info][gc,phases   ] GC(30)   Other: 0.2ms
[2024-08-27T13:50:01.213+0000][info][gc,heap     ] GC(30) Eden regions: 240->0(167)
[2024-08-27T13:50:01.214+0000][info][gc,heap     ] GC(30) Survivor regions: 13->32(32)
[2024-08-27T13:50:01.214+0000][info][gc,heap     ] GC(30) Old regions: 1065->1281
[2024-08-27T13:50:01.214+0000][info][gc,heap     ] GC(30) Archive regions: 2->2
[2024-08-27T13:50:01.214+0000][info][gc,heap     ] GC(30) Humongous regions: 5->5
[2024-08-27T13:50:01.214+0000][info][gc,metaspace] GC(30) Metaspace: 100K(320K)->100K(320K) NonClass: 96K(192K)->96K(192K) Class: 4K(128K)->4K(128K)
[2024-08-27T13:50:01.214+0000][info][gc          ] GC(30) Pause Young (Normal) (G1 Evacuation Pause) 1323M->1318M(2048M) 34.868ms
[2024-08-27T13:50:01.214+0000][info][gc,cpu      ] GC(30) User=1.21s Sys=0.42s Real=0.03s
[2024-08-27T13:50:01.294+0000][info][gc,start    ] GC(31) Pause Young (Normal) (G1 Evacuation Pause)
[2024-08-27T13:50:01.294+0000][info][gc,task     ] GC(31) Using 49 workers of 68 for evacuation
[2024-08-27T13:50:01.322+0000][info][gc,phases   ] GC(31)   Pre Evacuate Collection Set: 0.3ms
[2024-08-27T13:50:01.322+0000][info][gc,phases   ] GC(31)   Merge Heap Roots: 0.6ms
[2024-08-27T13:50:01.322+0000][info][gc,phases   ] GC(31)   Evacuate Collection Set: 25.9ms
[2024-08-27T13:50:01.322+0000][info][gc,phases   ] GC(31)   Post Evacuate Collection Set: 0.6ms
[2024-08-27T13:50:01.322+0000][info][gc,phases   ] GC(31)   Other: 0.2ms
[2024-08-27T13:50:01.322+0000][info][gc,heap     ] GC(31) Eden regions: 167->0(113)
[2024-08-27T13:50:01.322+0000][info][gc,heap     ] GC(31) Survivor regions: 32->25(25)
[2024-08-27T13:50:01.322+0000][info][gc,heap     ] GC(31) Old regions: 1281->1457
[2024-08-27T13:50:01.322+0000][info][gc,heap     ] GC(31) Archive regions: 2->2
[2024-08-27T13:50:01.322+0000][info][gc,heap     ] GC(31) Humongous regions: 5->5
[2024-08-27T13:50:01.322+0000][info][gc,metaspace] GC(31) Metaspace: 100K(320K)->100K(320K) NonClass: 96K(192K)->96K(192K) Class: 4K(128K)->4K(128K)
[2024-08-27T13:50:01.322+0000][info][gc          ] GC(31) Pause Young (Normal) (G1 Evacuation Pause) 1485M->1487M(2048M) 27.756ms
[2024-08-27T13:50:01.322+0000][info][gc,cpu      ] GC(31) User=1.22s Sys=0.08s Real=0.03s
[2024-08-27T13:50:01.376+0000][info][gc,start    ] GC(32) Pause Young (Concurrent Start) (G1 Evacuation Pause)
[2024-08-27T13:50:01.376+0000][info][gc,task     ] GC(32) Using 49 workers of 68 for evacuation
[2024-08-27T13:50:01.399+0000][info][gc,phases   ] GC(32)   Pre Evacuate Collection Set: 0.3ms
[2024-08-27T13:50:01.399+0000][info][gc,phases   ] GC(32)   Merge Heap Roots: 0.9ms
[2024-08-27T13:50:01.399+0000][info][gc,phases   ] GC(32)   Evacuate Collection Set: 20.2ms
[2024-08-27T13:50:01.399+0000][info][gc,phases   ] GC(32)   Post Evacuate Collection Set: 0.7ms
[2024-08-27T13:50:01.399+0000][info][gc,phases   ] GC(32)   Other: 0.7ms
[2024-08-27T13:50:01.399+0000][info][gc,heap     ] GC(32) Eden regions: 113->0(84)
[2024-08-27T13:50:01.399+0000][info][gc,heap     ] GC(32) Survivor regions: 25->18(18)
[2024-08-27T13:50:01.399+0000][info][gc,heap     ] GC(32) Old regions: 1457->1584
[2024-08-27T13:50:01.399+0000][info][gc,heap     ] GC(32) Archive regions: 2->2
[2024-08-27T13:50:01.399+0000][info][gc,heap     ] GC(32) Humongous regions: 5->5
[2024-08-27T13:50:01.399+0000][info][gc,metaspace] GC(32) Metaspace: 100K(320K)->100K(320K) NonClass: 96K(192K)->96K(192K) Class: 4K(128K)->4K(128K)
[2024-08-27T13:50:01.399+0000][info][gc          ] GC(32) Pause Young (Concurrent Start) (G1 Evacuation Pause) 1600M->1607M(2048M) 22.988ms
[2024-08-27T13:50:01.399+0000][info][gc,cpu      ] GC(32) User=0.85s Sys=0.18s Real=0.03s
[2024-08-27T13:50:01.399+0000][info][gc          ] GC(33) Concurrent Mark Cycle
[2024-08-27T13:50:01.399+0000][info][gc,marking  ] GC(33) Concurrent Clear Claimed Marks
[2024-08-27T13:50:01.399+0000][info][gc,marking  ] GC(33) Concurrent Clear Claimed Marks 0.010ms
[2024-08-27T13:50:01.399+0000][info][gc,marking  ] GC(33) Concurrent Scan Root Regions
[2024-08-27T13:50:01.402+0000][info][gc,marking  ] GC(33) Concurrent Scan Root Regions 3.324ms
[2024-08-27T13:50:01.402+0000][info][gc,marking  ] GC(33) Concurrent Mark
[2024-08-27T13:50:01.402+0000][info][gc,marking  ] GC(33) Concurrent Mark From Roots
[2024-08-27T13:50:01.402+0000][info][gc,task     ] GC(33) Using 17 workers of 17 for marking
[2024-08-27T13:50:01.422+0000][info][gc,marking  ] GC(33) Concurrent Mark From Roots 19.679ms
[2024-08-27T13:50:01.422+0000][info][gc,marking  ] GC(33) Concurrent Preclean
[2024-08-27T13:50:01.423+0000][info][gc,marking  ] GC(33) Concurrent Preclean 0.554ms
[2024-08-27T13:50:01.423+0000][info][gc,start    ] GC(33) Pause Remark
[2024-08-27T13:50:01.426+0000][info][gc          ] GC(33) Pause Remark 1630M->1376M(2048M) 2.780ms
[2024-08-27T13:50:01.426+0000][info][gc,cpu      ] GC(33) User=0.00s Sys=0.02s Real=0.00s
[2024-08-27T13:50:01.426+0000][info][gc,marking  ] GC(33) Concurrent Mark 23.551ms
[2024-08-27T13:50:01.426+0000][info][gc,marking  ] GC(33) Concurrent Rebuild Remembered Sets
[2024-08-27T13:50:01.472+0000][info][gc,start    ] GC(34) Pause Young (Normal) (G1 Evacuation Pause)
[2024-08-27T13:50:01.472+0000][info][gc,task     ] GC(34) Using 49 workers of 68 for evacuation
[2024-08-27T13:50:01.489+0000][info][gc,phases   ] GC(34)   Pre Evacuate Collection Set: 0.3ms
[2024-08-27T13:50:01.490+0000][info][gc,phases   ] GC(34)   Merge Heap Roots: 0.4ms
[2024-08-27T13:50:01.490+0000][info][gc,phases   ] GC(34)   Evacuate Collection Set: 15.2ms
[2024-08-27T13:50:01.490+0000][info][gc,phases   ] GC(34)   Post Evacuate Collection Set: 0.9ms
[2024-08-27T13:50:01.490+0000][info][gc,phases   ] GC(34)   Other: 0.4ms
[2024-08-27T13:50:01.490+0000][info][gc,heap     ] GC(34) Eden regions: 84->0(125)
[2024-08-27T13:50:01.490+0000][info][gc,heap     ] GC(34) Survivor regions: 18->13(13)
[2024-08-27T13:50:01.490+0000][info][gc,heap     ] GC(34) Old regions: 1330->1429
[2024-08-27T13:50:01.490+0000][info][gc,heap     ] GC(34) Archive regions: 2->2
[2024-08-27T13:50:01.490+0000][info][gc,heap     ] GC(34) Humongous regions: 5->5
[2024-08-27T13:50:01.490+0000][info][gc,metaspace] GC(34) Metaspace: 100K(320K)->100K(320K) NonClass: 96K(192K)->96K(192K) Class: 4K(128K)->4K(128K)
[2024-08-27T13:50:01.490+0000][info][gc          ] GC(34) Pause Young (Normal) (G1 Evacuation Pause) 1437M->1447M(2048M) 17.348ms
[2024-08-27T13:50:01.490+0000][info][gc,cpu      ] GC(34) User=0.75s Sys=0.02s Real=0.02s
[2024-08-27T13:50:01.494+0000][info][gc,marking  ] GC(33) Concurrent Rebuild Remembered Sets 68.115ms
[2024-08-27T13:50:01.495+0000][info][gc,start    ] GC(33) Pause Cleanup
[2024-08-27T13:50:01.500+0000][info][gc          ] GC(33) Pause Cleanup 1453M->1453M(2048M) 5.554ms
[2024-08-27T13:50:01.500+0000][info][gc,cpu      ] GC(33) User=0.02s Sys=0.00s Real=0.01s
[2024-08-27T13:50:01.500+0000][info][gc,marking  ] GC(33) Concurrent Cleanup for Next Mark
[2024-08-27T13:50:01.502+0000][info][gc,marking  ] GC(33) Concurrent Cleanup for Next Mark 1.354ms
[2024-08-27T13:50:01.502+0000][info][gc          ] GC(33) Concurrent Mark Cycle 102.804ms
[2024-08-27T13:50:01.569+0000][info][gc,start    ] GC(35) Pause Young (Prepare Mixed) (G1 Evacuation Pause)
[2024-08-27T13:50:01.569+0000][info][gc,task     ] GC(35) Using 49 workers of 68 for evacuation
[2024-08-27T13:50:01.596+0000][info][gc,phases   ] GC(35)   Pre Evacuate Collection Set: 0.3ms
[2024-08-27T13:50:01.596+0000][info][gc,phases   ] GC(35)   Merge Heap Roots: 1.1ms
[2024-08-27T13:50:01.596+0000][info][gc,phases   ] GC(35)   Evacuate Collection Set: 25.0ms
[2024-08-27T13:50:01.596+0000][info][gc,phases   ] GC(35)   Post Evacuate Collection Set: 0.7ms
[2024-08-27T13:50:01.596+0000][info][gc,phases   ] GC(35)   Other: 0.4ms
[2024-08-27T13:50:01.596+0000][info][gc,heap     ] GC(35) Eden regions: 125->0(84)
[2024-08-27T13:50:01.596+0000][info][gc,heap     ] GC(35) Survivor regions: 13->18(18)
[2024-08-27T13:50:01.596+0000][info][gc,heap     ] GC(35) Old regions: 1429->1553
[2024-08-27T13:50:01.596+0000][info][gc,heap     ] GC(35) Archive regions: 2->2
[2024-08-27T13:50:01.596+0000][info][gc,heap     ] GC(35) Humongous regions: 5->5
[2024-08-27T13:50:01.596+0000][info][gc,metaspace] GC(35) Metaspace: 100K(320K)->100K(320K) NonClass: 96K(192K)->96K(192K) Class: 4K(128K)->4K(128K)
[2024-08-27T13:50:01.596+0000][info][gc          ] GC(35) Pause Young (Prepare Mixed) (G1 Evacuation Pause) 1572M->1576M(2048M) 27.657ms
[2024-08-27T13:50:01.596+0000][info][gc,cpu      ] GC(35) User=0.79s Sys=0.45s Real=0.03s
[2024-08-27T13:50:01.640+0000][info][gc,start    ] GC(36) Pause Young (Mixed) (G1 Evacuation Pause)
[2024-08-27T13:50:01.640+0000][info][gc,task     ] GC(36) Using 49 workers of 68 for evacuation
[2024-08-27T13:50:01.658+0000][info][gc,phases   ] GC(36)   Pre Evacuate Collection Set: 0.4ms
[2024-08-27T13:50:01.658+0000][info][gc,phases   ] GC(36)   Merge Heap Roots: 0.8ms
[2024-08-27T13:50:01.658+0000][info][gc,phases   ] GC(36)   Evacuate Collection Set: 16.3ms
[2024-08-27T13:50:01.658+0000][info][gc,phases   ] GC(36)   Post Evacuate Collection Set: 0.7ms
[2024-08-27T13:50:01.659+0000][info][gc,phases   ] GC(36)   Other: 0.4ms
[2024-08-27T13:50:01.659+0000][info][gc,heap     ] GC(36) Eden regions: 84->0(89)
[2024-08-27T13:50:01.659+0000][info][gc,heap     ] GC(36) Survivor regions: 18->13(13)
[2024-08-27T13:50:01.659+0000][info][gc,heap     ] GC(36) Old regions: 1553->1444
[2024-08-27T13:50:01.659+0000][info][gc,heap     ] GC(36) Archive regions: 2->2
[2024-08-27T13:50:01.659+0000][info][gc,heap     ] GC(36) Humongous regions: 5->5
[2024-08-27T13:50:01.659+0000][info][gc,metaspace] GC(36) Metaspace: 100K(320K)->100K(320K) NonClass: 96K(192K)->96K(192K) Class: 4K(128K)->4K(128K)
[2024-08-27T13:50:01.659+0000][info][gc          ] GC(36) Pause Young (Mixed) (G1 Evacuation Pause) 1660M->1462M(2048M) 18.831ms
[2024-08-27T13:50:01.659+0000][info][gc,cpu      ] GC(36) User=0.64s Sys=0.18s Real=0.02s
[2024-08-27T13:50:01.706+0000][info][gc,start    ] GC(37) Pause Young (Mixed) (G1 Evacuation Pause)
[2024-08-27T13:50:01.706+0000][info][gc,task     ] GC(37) Using 49 workers of 68 for evacuation
[2024-08-27T13:50:01.724+0000][info][gc,phases   ] GC(37)   Pre Evacuate Collection Set: 0.5ms
[2024-08-27T13:50:01.724+0000][info][gc,phases   ] GC(37)   Merge Heap Roots: 0.8ms
[2024-08-27T13:50:01.724+0000][info][gc,phases   ] GC(37)   Evacuate Collection Set: 16.3ms
[2024-08-27T13:50:01.724+0000][info][gc,phases   ] GC(37)   Post Evacuate Collection Set: 0.7ms
[2024-08-27T13:50:01.724+0000][info][gc,phases   ] GC(37)   Other: 0.4ms
[2024-08-27T13:50:01.724+0000][info][gc,heap     ] GC(37) Eden regions: 89->0(89)
[2024-08-27T13:50:01.724+0000][info][gc,heap     ] GC(37) Survivor regions: 13->13(13)
[2024-08-27T13:50:01.724+0000][info][gc,heap     ] GC(37) Old regions: 1444->1333
[2024-08-27T13:50:01.724+0000][info][gc,heap     ] GC(37) Archive regions: 2->2
[2024-08-27T13:50:01.724+0000][info][gc,heap     ] GC(37) Humongous regions: 5->5
[2024-08-27T13:50:01.724+0000][info][gc,metaspace] GC(37) Metaspace: 100K(320K)->100K(320K) NonClass: 96K(192K)->96K(192K) Class: 4K(128K)->4K(128K)
[2024-08-27T13:50:01.725+0000][info][gc          ] GC(37) Pause Young (Mixed) (G1 Evacuation Pause) 1551M->1351M(2048M) 18.774ms
[2024-08-27T13:50:01.725+0000][info][gc,cpu      ] GC(37) User=0.74s Sys=0.09s Real=0.02s
[2024-08-27T13:50:01.770+0000][info][gc,start    ] GC(38) Pause Young (Mixed) (G1 Evacuation Pause)
[2024-08-27T13:50:01.770+0000][info][gc,task     ] GC(38) Using 49 workers of 68 for evacuation
[2024-08-27T13:50:01.788+0000][info][gc,phases   ] GC(38)   Pre Evacuate Collection Set: 0.5ms
[2024-08-27T13:50:01.788+0000][info][gc,phases   ] GC(38)   Merge Heap Roots: 0.9ms
[2024-08-27T13:50:01.788+0000][info][gc,phases   ] GC(38)   Evacuate Collection Set: 16.0ms
[2024-08-27T13:50:01.788+0000][info][gc,phases   ] GC(38)   Post Evacuate Collection Set: 0.7ms
[2024-08-27T13:50:01.788+0000][info][gc,phases   ] GC(38)   Other: 0.4ms
[2024-08-27T13:50:01.788+0000][info][gc,heap     ] GC(38) Eden regions: 89->0(89)
[2024-08-27T13:50:01.788+0000][info][gc,heap     ] GC(38) Survivor regions: 13->13(13)
[2024-08-27T13:50:01.788+0000][info][gc,heap     ] GC(38) Old regions: 1333->1222
[2024-08-27T13:50:01.788+0000][info][gc,heap     ] GC(38) Archive regions: 2->2
[2024-08-27T13:50:01.788+0000][info][gc,heap     ] GC(38) Humongous regions: 5->5
[2024-08-27T13:50:01.788+0000][info][gc,metaspace] GC(38) Metaspace: 100K(320K)->100K(320K) NonClass: 96K(192K)->96K(192K) Class: 4K(128K)->4K(128K)
[2024-08-27T13:50:01.788+0000][info][gc          ] GC(38) Pause Young (Mixed) (G1 Evacuation Pause) 1440M->1240M(2048M) 18.603ms
[2024-08-27T13:50:01.788+0000][info][gc,cpu      ] GC(38) User=0.81s Sys=0.02s Real=0.01s
[2024-08-27T13:50:01.833+0000][info][gc,start    ] GC(39) Pause Young (Mixed) (G1 Evacuation Pause)
[2024-08-27T13:50:01.833+0000][info][gc,task     ] GC(39) Using 49 workers of 68 for evacuation
[2024-08-27T13:50:01.852+0000][info][gc,phases   ] GC(39)   Pre Evacuate Collection Set: 0.5ms
[2024-08-27T13:50:01.852+0000][info][gc,phases   ] GC(39)   Merge Heap Roots: 0.9ms
[2024-08-27T13:50:01.852+0000][info][gc,phases   ] GC(39)   Evacuate Collection Set: 16.2ms
[2024-08-27T13:50:01.852+0000][info][gc,phases   ] GC(39)   Post Evacuate Collection Set: 0.7ms
[2024-08-27T13:50:01.852+0000][info][gc,phases   ] GC(39)   Other: 0.4ms
[2024-08-27T13:50:01.852+0000][info][gc,heap     ] GC(39) Eden regions: 89->0(221)
[2024-08-27T13:50:01.852+0000][info][gc,heap     ] GC(39) Survivor regions: 13->13(13)
[2024-08-27T13:50:01.852+0000][info][gc,heap     ] GC(39) Old regions: 1222->1134
[2024-08-27T13:50:01.852+0000][info][gc,heap     ] GC(39) Archive regions: 2->2
[2024-08-27T13:50:01.852+0000][info][gc,heap     ] GC(39) Humongous regions: 5->5
[2024-08-27T13:50:01.852+0000][info][gc,metaspace] GC(39) Metaspace: 100K(320K)->100K(320K) NonClass: 96K(192K)->96K(192K) Class: 4K(128K)->4K(128K)
[2024-08-27T13:50:01.852+0000][info][gc          ] GC(39) Pause Young (Mixed) (G1 Evacuation Pause) 1329M->1152M(2048M) 18.923ms
[2024-08-27T13:50:01.852+0000][info][gc,cpu      ] GC(39) User=0.82s Sys=0.02s Real=0.02s
[2024-08-27T13:50:01.958+0000][info][gc,start    ] GC(40) Pause Young (Normal) (G1 Evacuation Pause)
[2024-08-27T13:50:01.959+0000][info][gc,task     ] GC(40) Using 49 workers of 68 for evacuation
[2024-08-27T13:50:01.993+0000][info][gc,phases   ] GC(40)   Pre Evacuate Collection Set: 0.3ms
[2024-08-27T13:50:01.993+0000][info][gc,phases   ] GC(40)   Merge Heap Roots: 1.2ms
[2024-08-27T13:50:01.993+0000][info][gc,phases   ] GC(40)   Evacuate Collection Set: 31.8ms
[2024-08-27T13:50:01.993+0000][info][gc,phases   ] GC(40)   Post Evacuate Collection Set: 0.8ms
[2024-08-27T13:50:01.993+0000][info][gc,phases   ] GC(40)   Other: 0.4ms
[2024-08-27T13:50:01.993+0000][info][gc,heap     ] GC(40) Eden regions: 221->0(151)
[2024-08-27T13:50:01.993+0000][info][gc,heap     ] GC(40) Survivor regions: 13->30(30)
[2024-08-27T13:50:01.993+0000][info][gc,heap     ] GC(40) Old regions: 1134->1334
[2024-08-27T13:50:01.993+0000][info][gc,heap     ] GC(40) Archive regions: 2->2
[2024-08-27T13:50:01.993+0000][info][gc,heap     ] GC(40) Humongous regions: 5->5
[2024-08-27T13:50:01.993+0000][info][gc,metaspace] GC(40) Metaspace: 100K(320K)->100K(320K) NonClass: 96K(192K)->96K(192K) Class: 4K(128K)->4K(128K)
[2024-08-27T13:50:01.993+0000][info][gc          ] GC(40) Pause Young (Normal) (G1 Evacuation Pause) 1373M->1369M(2048M) 34.567ms
[2024-08-27T13:50:01.993+0000][info][gc,cpu      ] GC(40) User=1.57s Sys=0.02s Real=0.03s
[2024-08-27T13:50:02.068+0000][info][gc,start    ] GC(41) Pause Young (Normal) (G1 Evacuation Pause)
[2024-08-27T13:50:02.068+0000][info][gc,task     ] GC(41) Using 49 workers of 68 for evacuation
[2024-08-27T13:50:02.098+0000][info][gc,phases   ] GC(41)   Pre Evacuate Collection Set: 0.3ms
[2024-08-27T13:50:02.098+0000][info][gc,phases   ] GC(41)   Merge Heap Roots: 0.7ms
[2024-08-27T13:50:02.098+0000][info][gc,phases   ] GC(41)   Evacuate Collection Set: 28.7ms
[2024-08-27T13:50:02.098+0000][info][gc,phases   ] GC(41)   Post Evacuate Collection Set: 0.6ms
[2024-08-27T13:50:02.098+0000][info][gc,phases   ] GC(41)   Other: 0.4ms
[2024-08-27T13:50:02.098+0000][info][gc,heap     ] GC(41) Eden regions: 151->0(100)
[2024-08-27T13:50:02.098+0000][info][gc,heap     ] GC(41) Survivor regions: 30->23(23)
[2024-08-27T13:50:02.098+0000][info][gc,heap     ] GC(41) Old regions: 1334->1497
[2024-08-27T13:50:02.098+0000][info][gc,heap     ] GC(41) Archive regions: 2->2
[2024-08-27T13:50:02.098+0000][info][gc,heap     ] GC(41) Humongous regions: 5->5
[2024-08-27T13:50:02.098+0000][info][gc,metaspace] GC(41) Metaspace: 100K(320K)->100K(320K) NonClass: 96K(192K)->96K(192K) Class: 4K(128K)->4K(128K)
[2024-08-27T13:50:02.098+0000][info][gc          ] GC(41) Pause Young (Normal) (G1 Evacuation Pause) 1520M->1525M(2048M) 30.726ms
[2024-08-27T13:50:02.098+0000][info][gc,cpu      ] GC(41) User=1.41s Sys=0.01s Real=0.04s
[2024-08-27T13:50:02.149+0000][info][gc,start    ] GC(42) Pause Young (Concurrent Start) (G1 Evacuation Pause)
[2024-08-27T13:50:02.149+0000][info][gc,task     ] GC(42) Using 49 workers of 68 for evacuation
[2024-08-27T13:50:02.172+0000][info][gc,phases   ] GC(42)   Pre Evacuate Collection Set: 0.3ms
[2024-08-27T13:50:02.172+0000][info][gc,phases   ] GC(42)   Merge Heap Roots: 0.9ms
[2024-08-27T13:50:02.172+0000][info][gc,phases   ] GC(42)   Evacuate Collection Set: 20.4ms
[2024-08-27T13:50:02.172+0000][info][gc,phases   ] GC(42)   Post Evacuate Collection Set: 0.6ms
[2024-08-27T13:50:02.172+0000][info][gc,phases   ] GC(42)   Other: 0.9ms
[2024-08-27T13:50:02.172+0000][info][gc,heap     ] GC(42) Eden regions: 100->0(86)
[2024-08-27T13:50:02.172+0000][info][gc,heap     ] GC(42) Survivor regions: 23->16(16)
[2024-08-27T13:50:02.172+0000][info][gc,heap     ] GC(42) Old regions: 1497->1613
[2024-08-27T13:50:02.172+0000][info][gc,heap     ] GC(42) Archive regions: 2->2
[2024-08-27T13:50:02.172+0000][info][gc,heap     ] GC(42) Humongous regions: 5->5
[2024-08-27T13:50:02.172+0000][info][gc,metaspace] GC(42) Metaspace: 100K(320K)->100K(320K) NonClass: 96K(192K)->96K(192K) Class: 4K(128K)->4K(128K)
[2024-08-27T13:50:02.172+0000][info][gc          ] GC(42) Pause Young (Concurrent Start) (G1 Evacuation Pause) 1625M->1634M(2048M) 23.323ms
[2024-08-27T13:50:02.172+0000][info][gc,cpu      ] GC(42) User=1.03s Sys=0.01s Real=0.03s
[2024-08-27T13:50:02.172+0000][info][gc          ] GC(43) Concurrent Mark Cycle
[2024-08-27T13:50:02.172+0000][info][gc,marking  ] GC(43) Concurrent Clear Claimed Marks
[2024-08-27T13:50:02.172+0000][info][gc,marking  ] GC(43) Concurrent Clear Claimed Marks 0.011ms
[2024-08-27T13:50:02.172+0000][info][gc,marking  ] GC(43) Concurrent Scan Root Regions
[2024-08-27T13:50:02.176+0000][info][gc,marking  ] GC(43) Concurrent Scan Root Regions 3.183ms
[2024-08-27T13:50:02.176+0000][info][gc,marking  ] GC(43) Concurrent Mark
[2024-08-27T13:50:02.176+0000][info][gc,marking  ] GC(43) Concurrent Mark From Roots
[2024-08-27T13:50:02.176+0000][info][gc,task     ] GC(43) Using 17 workers of 17 for marking
[2024-08-27T13:50:02.196+0000][info][gc,marking  ] GC(43) Concurrent Mark From Roots 20.395ms
[2024-08-27T13:50:02.196+0000][info][gc,marking  ] GC(43) Concurrent Preclean
[2024-08-27T13:50:02.197+0000][info][gc,marking  ] GC(43) Concurrent Preclean 0.501ms
[2024-08-27T13:50:02.197+0000][info][gc,start    ] GC(43) Pause Remark
[2024-08-27T13:50:02.200+0000][info][gc          ] GC(43) Pause Remark 1658M->1399M(2048M) 2.908ms
[2024-08-27T13:50:02.200+0000][info][gc,cpu      ] GC(43) User=0.01s Sys=0.02s Real=0.01s
[2024-08-27T13:50:02.200+0000][info][gc,marking  ] GC(43) Concurrent Mark 24.404ms
[2024-08-27T13:50:02.200+0000][info][gc,marking  ] GC(43) Concurrent Rebuild Remembered Sets
[2024-08-27T13:50:02.250+0000][info][gc,marking  ] GC(43) Concurrent Rebuild Remembered Sets 49.508ms
[2024-08-27T13:50:02.250+0000][info][gc,start    ] GC(43) Pause Cleanup
[2024-08-27T13:50:02.255+0000][info][gc          ] GC(43) Pause Cleanup 1458M->1458M(2048M) 5.320ms
[2024-08-27T13:50:02.255+0000][info][gc,cpu      ] GC(43) User=0.01s Sys=0.00s Real=0.00s
[2024-08-27T13:50:02.256+0000][info][gc,marking  ] GC(43) Concurrent Cleanup for Next Mark
[2024-08-27T13:50:02.257+0000][info][gc,marking  ] GC(43) Concurrent Cleanup for Next Mark 1.432ms
[2024-08-27T13:50:02.257+0000][info][gc          ] GC(43) Concurrent Mark Cycle 84.871ms
[2024-08-27T13:50:02.259+0000][info][gc,start    ] GC(44) Pause Young (Prepare Mixed) (G1 Evacuation Pause)
[2024-08-27T13:50:02.259+0000][info][gc,task     ] GC(44) Using 49 workers of 68 for evacuation
[2024-08-27T13:50:02.278+0000][info][gc,phases   ] GC(44)   Pre Evacuate Collection Set: 0.3ms
[2024-08-27T13:50:02.278+0000][info][gc,phases   ] GC(44)   Merge Heap Roots: 1.0ms
[2024-08-27T13:50:02.278+0000][info][gc,phases   ] GC(44)   Evacuate Collection Set: 17.5ms
[2024-08-27T13:50:02.278+0000][info][gc,phases   ] GC(44)   Post Evacuate Collection Set: 0.6ms
[2024-08-27T13:50:02.278+0000][info][gc,phases   ] GC(44)   Other: 0.3ms
[2024-08-27T13:50:02.278+0000][info][gc,heap     ] GC(44) Eden regions: 86->0(89)
[2024-08-27T13:50:02.278+0000][info][gc,heap     ] GC(44) Survivor regions: 16->13(13)
[2024-08-27T13:50:02.278+0000][info][gc,heap     ] GC(44) Old regions: 1354->1450
[2024-08-27T13:50:02.278+0000][info][gc,heap     ] GC(44) Archive regions: 2->2
[2024-08-27T13:50:02.278+0000][info][gc,heap     ] GC(44) Humongous regions: 5->5
[2024-08-27T13:50:02.278+0000][info][gc,metaspace] GC(44) Metaspace: 100K(320K)->100K(320K) NonClass: 96K(192K)->96K(192K) Class: 4K(128K)->4K(128K)
[2024-08-27T13:50:02.279+0000][info][gc          ] GC(44) Pause Young (Prepare Mixed) (G1 Evacuation Pause) 1461M->1468M(2048M) 19.917ms
[2024-08-27T13:50:02.279+0000][info][gc,cpu      ] GC(44) User=0.86s Sys=0.02s Real=0.02s
[2024-08-27T13:50:02.324+0000][info][gc,start    ] GC(45) Pause Young (Mixed) (G1 Evacuation Pause)
[2024-08-27T13:50:02.324+0000][info][gc,task     ] GC(45) Using 49 workers of 68 for evacuation
[2024-08-27T13:50:02.344+0000][info][gc,phases   ] GC(45)   Pre Evacuate Collection Set: 0.5ms
[2024-08-27T13:50:02.344+0000][info][gc,phases   ] GC(45)   Merge Heap Roots: 0.6ms
[2024-08-27T13:50:02.344+0000][info][gc,phases   ] GC(45)   Evacuate Collection Set: 18.4ms
[2024-08-27T13:50:02.344+0000][info][gc,phases   ] GC(45)   Post Evacuate Collection Set: 0.7ms
[2024-08-27T13:50:02.344+0000][info][gc,phases   ] GC(45)   Other: 0.4ms
[2024-08-27T13:50:02.344+0000][info][gc,heap     ] GC(45) Eden regions: 89->0(89)
[2024-08-27T13:50:02.344+0000][info][gc,heap     ] GC(45) Survivor regions: 13->13(13)
[2024-08-27T13:50:02.344+0000][info][gc,heap     ] GC(45) Old regions: 1450->1340
[2024-08-27T13:50:02.344+0000][info][gc,heap     ] GC(45) Archive regions: 2->2
[2024-08-27T13:50:02.344+0000][info][gc,heap     ] GC(45) Humongous regions: 5->5
[2024-08-27T13:50:02.344+0000][info][gc,metaspace] GC(45) Metaspace: 100K(320K)->100K(320K) NonClass: 96K(192K)->96K(192K) Class: 4K(128K)->4K(128K)
[2024-08-27T13:50:02.345+0000][info][gc          ] GC(45) Pause Young (Mixed) (G1 Evacuation Pause) 1557M->1358M(2048M) 20.841ms
[2024-08-27T13:50:02.345+0000][info][gc,cpu      ] GC(45) User=0.90s Sys=0.02s Real=0.02s
[2024-08-27T13:50:02.391+0000][info][gc,start    ] GC(46) Pause Young (Mixed) (G1 Evacuation Pause)
[2024-08-27T13:50:02.391+0000][info][gc,task     ] GC(46) Using 49 workers of 68 for evacuation
[2024-08-27T13:50:02.412+0000][info][gc,phases   ] GC(46)   Pre Evacuate Collection Set: 0.5ms
[2024-08-27T13:50:02.412+0000][info][gc,phases   ] GC(46)   Merge Heap Roots: 0.8ms
[2024-08-27T13:50:02.412+0000][info][gc,phases   ] GC(46)   Evacuate Collection Set: 18.4ms
[2024-08-27T13:50:02.412+0000][info][gc,phases   ] GC(46)   Post Evacuate Collection Set: 0.7ms
[2024-08-27T13:50:02.412+0000][info][gc,phases   ] GC(46)   Other: 0.4ms
[2024-08-27T13:50:02.412+0000][info][gc,heap     ] GC(46) Eden regions: 89->0(89)
[2024-08-27T13:50:02.412+0000][info][gc,heap     ] GC(46) Survivor regions: 13->13(13)
[2024-08-27T13:50:02.412+0000][info][gc,heap     ] GC(46) Old regions: 1340->1229
[2024-08-27T13:50:02.412+0000][info][gc,heap     ] GC(46) Archive regions: 2->2
[2024-08-27T13:50:02.412+0000][info][gc,heap     ] GC(46) Humongous regions: 5->5
[2024-08-27T13:50:02.412+0000][info][gc,metaspace] GC(46) Metaspace: 100K(320K)->100K(320K) NonClass: 96K(192K)->96K(192K) Class: 4K(128K)->4K(128K)
[2024-08-27T13:50:02.412+0000][info][gc          ] GC(46) Pause Young (Mixed) (G1 Evacuation Pause) 1447M->1247M(2048M) 20.970ms
[2024-08-27T13:50:02.412+0000][info][gc,cpu      ] GC(46) User=0.89s Sys=0.04s Real=0.02s
[2024-08-27T13:50:02.459+0000][info][gc,start    ] GC(47) Pause Young (Mixed) (G1 Evacuation Pause)
[2024-08-27T13:50:02.459+0000][info][gc,task     ] GC(47) Using 49 workers of 68 for evacuation
[2024-08-27T13:50:02.480+0000][info][gc,phases   ] GC(47)   Pre Evacuate Collection Set: 0.4ms
[2024-08-27T13:50:02.480+0000][info][gc,phases   ] GC(47)   Merge Heap Roots: 0.7ms
[2024-08-27T13:50:02.480+0000][info][gc,phases   ] GC(47)   Evacuate Collection Set: 19.0ms
[2024-08-27T13:50:02.480+0000][info][gc,phases   ] GC(47)   Post Evacuate Collection Set: 0.9ms
[2024-08-27T13:50:02.480+0000][info][gc,phases   ] GC(47)   Other: 0.4ms
[2024-08-27T13:50:02.480+0000][info][gc,heap     ] GC(47) Eden regions: 89->0(89)
[2024-08-27T13:50:02.480+0000][info][gc,heap     ] GC(47) Survivor regions: 13->13(13)
[2024-08-27T13:50:02.480+0000][info][gc,heap     ] GC(47) Old regions: 1229->1117
[2024-08-27T13:50:02.480+0000][info][gc,heap     ] GC(47) Archive regions: 2->2
[2024-08-27T13:50:02.480+0000][info][gc,heap     ] GC(47) Humongous regions: 5->5
[2024-08-27T13:50:02.480+0000][info][gc,metaspace] GC(47) Metaspace: 100K(320K)->100K(320K) NonClass: 96K(192K)->96K(192K) Class: 4K(128K)->4K(128K)
[2024-08-27T13:50:02.481+0000][info][gc          ] GC(47) Pause Young (Mixed) (G1 Evacuation Pause) 1336M->1135M(2048M) 21.600ms
[2024-08-27T13:50:02.481+0000][info][gc,cpu      ] GC(47) User=0.92s Sys=0.03s Real=0.02s
[2024-08-27T13:50:02.528+0000][info][gc,start    ] GC(48) Pause Young (Mixed) (G1 Evacuation Pause)
[2024-08-27T13:50:02.529+0000][info][gc,task     ] GC(48) Using 49 workers of 68 for evacuation
[2024-08-27T13:50:02.557+0000][info][gc,phases   ] GC(48)   Pre Evacuate Collection Set: 0.4ms
[2024-08-27T13:50:02.557+0000][info][gc,phases   ] GC(48)   Merge Heap Roots: 6.4ms
[2024-08-27T13:50:02.557+0000][info][gc,phases   ] GC(48)   Evacuate Collection Set: 20.6ms
[2024-08-27T13:50:02.557+0000][info][gc,phases   ] GC(48)   Post Evacuate Collection Set: 0.7ms
[2024-08-27T13:50:02.557+0000][info][gc,phases   ] GC(48)   Other: 0.4ms
[2024-08-27T13:50:02.557+0000][info][gc,heap     ] GC(48) Eden regions: 89->0(259)
[2024-08-27T13:50:02.557+0000][info][gc,heap     ] GC(48) Survivor regions: 13->13(13)
[2024-08-27T13:50:02.557+0000][info][gc,heap     ] GC(48) Old regions: 1117->1016
[2024-08-27T13:50:02.557+0000][info][gc,heap     ] GC(48) Archive regions: 2->2
[2024-08-27T13:50:02.557+0000][info][gc,heap     ] GC(48) Humongous regions: 5->5
[2024-08-27T13:50:02.557+0000][info][gc,metaspace] GC(48) Metaspace: 100K(320K)->100K(320K) NonClass: 96K(192K)->96K(192K) Class: 4K(128K)->4K(128K)
[2024-08-27T13:50:02.557+0000][info][gc          ] GC(48) Pause Young (Mixed) (G1 Evacuation Pause) 1224M->1034M(2048M) 28.778ms
[2024-08-27T13:50:02.557+0000][info][gc,cpu      ] GC(48) User=0.89s Sys=0.17s Real=0.03s
[2024-08-27T13:50:02.689+0000][info][gc,start    ] GC(49) Pause Young (Normal) (G1 Evacuation Pause)
[2024-08-27T13:50:02.689+0000][info][gc,task     ] GC(49) Using 49 workers of 68 for evacuation
[2024-08-27T13:50:02.743+0000][info][gc,phases   ] GC(49)   Pre Evacuate Collection Set: 0.3ms
[2024-08-27T13:50:02.743+0000][info][gc,phases   ] GC(49)   Merge Heap Roots: 8.7ms
[2024-08-27T13:50:02.744+0000][info][gc,phases   ] GC(49)   Evacuate Collection Set: 44.5ms
[2024-08-27T13:50:02.744+0000][info][gc,phases   ] GC(49)   Post Evacuate Collection Set: 0.9ms
[2024-08-27T13:50:02.744+0000][info][gc,phases   ] GC(49)   Other: 0.4ms
[2024-08-27T13:50:02.744+0000][info][gc,heap     ] GC(49) Eden regions: 259->0(178)
[2024-08-27T13:50:02.744+0000][info][gc,heap     ] GC(49) Survivor regions: 13->34(34)
[2024-08-27T13:50:02.744+0000][info][gc,heap     ] GC(49) Old regions: 1016->1247
[2024-08-27T13:50:02.744+0000][info][gc,heap     ] GC(49) Archive regions: 2->2
[2024-08-27T13:50:02.744+0000][info][gc,heap     ] GC(49) Humongous regions: 5->5
[2024-08-27T13:50:02.744+0000][info][gc,metaspace] GC(49) Metaspace: 100K(320K)->100K(320K) NonClass: 96K(192K)->96K(192K) Class: 4K(128K)->4K(128K)
[2024-08-27T13:50:02.744+0000][info][gc          ] GC(49) Pause Young (Normal) (G1 Evacuation Pause) 1293M->1286M(2048M) 54.928ms
[2024-08-27T13:50:02.744+0000][info][gc,cpu      ] GC(49) User=1.67s Sys=0.57s Real=0.06s
[2024-08-27T13:50:02.836+0000][info][gc,start    ] GC(50) Pause Young (Normal) (G1 Evacuation Pause)
[2024-08-27T13:50:02.836+0000][info][gc,task     ] GC(50) Using 49 workers of 68 for evacuation
[2024-08-27T13:50:02.874+0000][info][gc,phases   ] GC(50)   Pre Evacuate Collection Set: 0.3ms
[2024-08-27T13:50:02.874+0000][info][gc,phases   ] GC(50)   Merge Heap Roots: 1.0ms
[2024-08-27T13:50:02.874+0000][info][gc,phases   ] GC(50)   Evacuate Collection Set: 36.2ms
[2024-08-27T13:50:02.875+0000][info][gc,phases   ] GC(50)   Post Evacuate Collection Set: 0.7ms
[2024-08-27T13:50:02.875+0000][info][gc,phases   ] GC(50)   Other: 0.3ms
[2024-08-27T13:50:02.875+0000][info][gc,heap     ] GC(50) Eden regions: 178->0(119)
[2024-08-27T13:50:02.875+0000][info][gc,heap     ] GC(50) Survivor regions: 34->27(27)
[2024-08-27T13:50:02.875+0000][info][gc,heap     ] GC(50) Old regions: 1247->1435
[2024-08-27T13:50:02.875+0000][info][gc,heap     ] GC(50) Archive regions: 2->2
[2024-08-27T13:50:02.875+0000][info][gc,heap     ] GC(50) Humongous regions: 5->5
[2024-08-27T13:50:02.875+0000][info][gc,metaspace] GC(50) Metaspace: 100K(320K)->100K(320K) NonClass: 96K(192K)->96K(192K) Class: 4K(128K)->4K(128K)
[2024-08-27T13:50:02.875+0000][info][gc          ] GC(50) Pause Young (Normal) (G1 Evacuation Pause) 1464M->1467M(2048M) 38.616ms
[2024-08-27T13:50:02.875+0000][info][gc,cpu      ] GC(50) User=1.57s Sys=0.26s Real=0.04s
[2024-08-27T13:50:02.946+0000][info][gc,start    ] GC(51) Pause Young (Concurrent Start) (G1 Evacuation Pause)
[2024-08-27T13:50:02.946+0000][info][gc,task     ] GC(51) Using 49 workers of 68 for evacuation
[2024-08-27T13:50:02.991+0000][info][gc,phases   ] GC(51)   Pre Evacuate Collection Set: 0.3ms
[2024-08-27T13:50:02.991+0000][info][gc,phases   ] GC(51)   Merge Heap Roots: 1.0ms
[2024-08-27T13:50:02.991+0000][info][gc,phases   ] GC(51)   Evacuate Collection Set: 42.5ms
[2024-08-27T13:50:02.991+0000][info][gc,phases   ] GC(51)   Post Evacuate Collection Set: 0.7ms
[2024-08-27T13:50:02.991+0000][info][gc,phases   ] GC(51)   Other: 1.0ms
[2024-08-27T13:50:02.991+0000][info][gc,heap     ] GC(51) Eden regions: 119->0(83)
[2024-08-27T13:50:02.991+0000][info][gc,heap     ] GC(51) Survivor regions: 27->19(19)
[2024-08-27T13:50:02.991+0000][info][gc,heap     ] GC(51) Old regions: 1435->1570
[2024-08-27T13:50:02.991+0000][info][gc,heap     ] GC(51) Archive regions: 2->2
[2024-08-27T13:50:02.991+0000][info][gc,heap     ] GC(51) Humongous regions: 5->5
[2024-08-27T13:50:02.991+0000][info][gc,metaspace] GC(51) Metaspace: 100K(320K)->100K(320K) NonClass: 96K(192K)->96K(192K) Class: 4K(128K)->4K(128K)
[2024-08-27T13:50:02.991+0000][info][gc          ] GC(51) Pause Young (Concurrent Start) (G1 Evacuation Pause) 1586M->1594M(2048M) 45.659ms
[2024-08-27T13:50:02.991+0000][info][gc,cpu      ] GC(51) User=0.92s Sys=1.18s Real=0.05s
[2024-08-27T13:50:02.992+0000][info][gc          ] GC(52) Concurrent Mark Cycle
[2024-08-27T13:50:02.992+0000][info][gc,marking  ] GC(52) Concurrent Clear Claimed Marks
[2024-08-27T13:50:02.992+0000][info][gc,marking  ] GC(52) Concurrent Clear Claimed Marks 0.011ms
[2024-08-27T13:50:02.992+0000][info][gc,marking  ] GC(52) Concurrent Scan Root Regions
[2024-08-27T13:50:02.995+0000][info][gc,marking  ] GC(52) Concurrent Scan Root Regions 3.595ms
[2024-08-27T13:50:02.995+0000][info][gc,marking  ] GC(52) Concurrent Mark
[2024-08-27T13:50:02.995+0000][info][gc,marking  ] GC(52) Concurrent Mark From Roots
[2024-08-27T13:50:02.995+0000][info][gc,task     ] GC(52) Using 17 workers of 17 for marking
[2024-08-27T13:50:03.015+0000][info][gc,marking  ] GC(52) Concurrent Mark From Roots 19.233ms
[2024-08-27T13:50:03.015+0000][info][gc,marking  ] GC(52) Concurrent Preclean
[2024-08-27T13:50:03.015+0000][info][gc,marking  ] GC(52) Concurrent Preclean 0.523ms
[2024-08-27T13:50:03.015+0000][info][gc,start    ] GC(52) Pause Remark
[2024-08-27T13:50:03.018+0000][info][gc          ] GC(52) Pause Remark 1609M->1371M(2048M) 2.871ms
[2024-08-27T13:50:03.018+0000][info][gc,cpu      ] GC(52) User=0.02s Sys=0.00s Real=0.01s
[2024-08-27T13:50:03.018+0000][info][gc,marking  ] GC(52) Concurrent Mark 23.198ms
[2024-08-27T13:50:03.018+0000][info][gc,marking  ] GC(52) Concurrent Rebuild Remembered Sets
[2024-08-27T13:50:03.070+0000][info][gc,marking  ] GC(52) Concurrent Rebuild Remembered Sets 51.375ms
[2024-08-27T13:50:03.070+0000][info][gc,start    ] GC(52) Pause Cleanup
[2024-08-27T13:50:03.077+0000][info][gc          ] GC(52) Pause Cleanup 1435M->1435M(2048M) 6.568ms
[2024-08-27T13:50:03.077+0000][info][gc,cpu      ] GC(52) User=0.01s Sys=0.00s Real=0.00s
[2024-08-27T13:50:03.077+0000][info][gc,marking  ] GC(52) Concurrent Cleanup for Next Mark
[2024-08-27T13:50:03.079+0000][info][gc,marking  ] GC(52) Concurrent Cleanup for Next Mark 1.500ms
[2024-08-27T13:50:03.079+0000][info][gc          ] GC(52) Concurrent Mark Cycle 87.220ms
[2024-08-27T13:50:03.081+0000][info][gc,start    ] GC(53) Pause Young (Prepare Mixed) (G1 Evacuation Pause)
[2024-08-27T13:50:03.081+0000][info][gc,task     ] GC(53) Using 49 workers of 68 for evacuation
[2024-08-27T13:50:03.101+0000][info][gc,phases   ] GC(53)   Pre Evacuate Collection Set: 0.3ms
[2024-08-27T13:50:03.101+0000][info][gc,phases   ] GC(53)   Merge Heap Roots: 0.6ms
[2024-08-27T13:50:03.101+0000][info][gc,phases   ] GC(53)   Evacuate Collection Set: 18.0ms
[2024-08-27T13:50:03.101+0000][info][gc,phases   ] GC(53)   Post Evacuate Collection Set: 0.6ms
[2024-08-27T13:50:03.101+0000][info][gc,phases   ] GC(53)   Other: 0.2ms
[2024-08-27T13:50:03.101+0000][info][gc,heap     ] GC(53) Eden regions: 83->0(89)
[2024-08-27T13:50:03.101+0000][info][gc,heap     ] GC(53) Survivor regions: 19->13(13)
[2024-08-27T13:50:03.101+0000][info][gc,heap     ] GC(53) Old regions: 1332->1431
[2024-08-27T13:50:03.101+0000][info][gc,heap     ] GC(53) Archive regions: 2->2
[2024-08-27T13:50:03.101+0000][info][gc,heap     ] GC(53) Humongous regions: 5->5
[2024-08-27T13:50:03.101+0000][info][gc,metaspace] GC(53) Metaspace: 100K(320K)->100K(320K) NonClass: 96K(192K)->96K(192K) Class: 4K(128K)->4K(128K)
[2024-08-27T13:50:03.101+0000][info][gc          ] GC(53) Pause Young (Prepare Mixed) (G1 Evacuation Pause) 1439M->1449M(2048M) 19.939ms
[2024-08-27T13:50:03.101+0000][info][gc,cpu      ] GC(53) User=0.90s Sys=0.00s Real=0.02s
[2024-08-27T13:50:03.146+0000][info][gc,start    ] GC(54) Pause Young (Mixed) (G1 Evacuation Pause)
[2024-08-27T13:50:03.146+0000][info][gc,task     ] GC(54) Using 49 workers of 68 for evacuation
[2024-08-27T13:50:03.166+0000][info][gc,phases   ] GC(54)   Pre Evacuate Collection Set: 0.4ms
[2024-08-27T13:50:03.166+0000][info][gc,phases   ] GC(54)   Merge Heap Roots: 0.8ms
[2024-08-27T13:50:03.166+0000][info][gc,phases   ] GC(54)   Evacuate Collection Set: 18.0ms
[2024-08-27T13:50:03.166+0000][info][gc,phases   ] GC(54)   Post Evacuate Collection Set: 0.7ms
[2024-08-27T13:50:03.166+0000][info][gc,phases   ] GC(54)   Other: 0.3ms
[2024-08-27T13:50:03.166+0000][info][gc,heap     ] GC(54) Eden regions: 89->0(89)
[2024-08-27T13:50:03.166+0000][info][gc,heap     ] GC(54) Survivor regions: 13->13(13)
[2024-08-27T13:50:03.166+0000][info][gc,heap     ] GC(54) Old regions: 1431->1320
[2024-08-27T13:50:03.166+0000][info][gc,heap     ] GC(54) Archive regions: 2->2
[2024-08-27T13:50:03.166+0000][info][gc,heap     ] GC(54) Humongous regions: 5->5
[2024-08-27T13:50:03.166+0000][info][gc,metaspace] GC(54) Metaspace: 100K(320K)->100K(320K) NonClass: 96K(192K)->96K(192K) Class: 4K(128K)->4K(128K)
[2024-08-27T13:50:03.166+0000][info][gc          ] GC(54) Pause Young (Mixed) (G1 Evacuation Pause) 1538M->1338M(2048M) 20.345ms
[2024-08-27T13:50:03.166+0000][info][gc,cpu      ] GC(54) User=0.85s Sys=0.06s Real=0.02s
[2024-08-27T13:50:03.212+0000][info][gc,start    ] GC(55) Pause Young (Mixed) (G1 Evacuation Pause)
[2024-08-27T13:50:03.212+0000][info][gc,task     ] GC(55) Using 49 workers of 68 for evacuation
[2024-08-27T13:50:03.232+0000][info][gc,phases   ] GC(55)   Pre Evacuate Collection Set: 0.4ms
[2024-08-27T13:50:03.232+0000][info][gc,phases   ] GC(55)   Merge Heap Roots: 0.6ms
[2024-08-27T13:50:03.232+0000][info][gc,phases   ] GC(55)   Evacuate Collection Set: 17.8ms
[2024-08-27T13:50:03.232+0000][info][gc,phases   ] GC(55)   Post Evacuate Collection Set: 0.7ms
[2024-08-27T13:50:03.232+0000][info][gc,phases   ] GC(55)   Other: 0.4ms
[2024-08-27T13:50:03.232+0000][info][gc,heap     ] GC(55) Eden regions: 89->0(89)
[2024-08-27T13:50:03.232+0000][info][gc,heap     ] GC(55) Survivor regions: 13->13(13)
[2024-08-27T13:50:03.232+0000][info][gc,heap     ] GC(55) Old regions: 1320->1209
[2024-08-27T13:50:03.232+0000][info][gc,heap     ] GC(55) Archive regions: 2->2
[2024-08-27T13:50:03.232+0000][info][gc,heap     ] GC(55) Humongous regions: 5->5
[2024-08-27T13:50:03.232+0000][info][gc,metaspace] GC(55) Metaspace: 100K(320K)->100K(320K) NonClass: 96K(192K)->96K(192K) Class: 4K(128K)->4K(128K)
[2024-08-27T13:50:03.232+0000][info][gc          ] GC(55) Pause Young (Mixed) (G1 Evacuation Pause) 1427M->1227M(2048M) 20.138ms
[2024-08-27T13:50:03.232+0000][info][gc,cpu      ] GC(55) User=0.90s Sys=0.00s Real=0.02s
[2024-08-27T13:50:03.277+0000][info][gc,start    ] GC(56) Pause Young (Mixed) (G1 Evacuation Pause)
[2024-08-27T13:50:03.277+0000][info][gc,task     ] GC(56) Using 49 workers of 68 for evacuation
[2024-08-27T13:50:03.298+0000][info][gc,phases   ] GC(56)   Pre Evacuate Collection Set: 0.4ms
[2024-08-27T13:50:03.298+0000][info][gc,phases   ] GC(56)   Merge Heap Roots: 0.9ms
[2024-08-27T13:50:03.298+0000][info][gc,phases   ] GC(56)   Evacuate Collection Set: 17.9ms
[2024-08-27T13:50:03.298+0000][info][gc,phases   ] GC(56)   Post Evacuate Collection Set: 0.8ms
[2024-08-27T13:50:03.298+0000][info][gc,phases   ] GC(56)   Other: 0.3ms
[2024-08-27T13:50:03.298+0000][info][gc,heap     ] GC(56) Eden regions: 89->0(89)
[2024-08-27T13:50:03.298+0000][info][gc,heap     ] GC(56) Survivor regions: 13->13(13)
[2024-08-27T13:50:03.298+0000][info][gc,heap     ] GC(56) Old regions: 1209->1099
[2024-08-27T13:50:03.298+0000][info][gc,heap     ] GC(56) Archive regions: 2->2
[2024-08-27T13:50:03.298+0000][info][gc,heap     ] GC(56) Humongous regions: 5->5
[2024-08-27T13:50:03.298+0000][info][gc,metaspace] GC(56) Metaspace: 100K(320K)->100K(320K) NonClass: 96K(192K)->96K(192K) Class: 4K(128K)->4K(128K)
[2024-08-27T13:50:03.298+0000][info][gc          ] GC(56) Pause Young (Mixed) (G1 Evacuation Pause) 1316M->1117M(2048M) 20.441ms
[2024-08-27T13:50:03.298+0000][info][gc,cpu      ] GC(56) User=0.91s Sys=0.01s Real=0.03s
[2024-08-27T13:50:03.343+0000][info][gc,start    ] GC(57) Pause Young (Mixed) (G1 Evacuation Pause)
[2024-08-27T13:50:03.343+0000][info][gc,task     ] GC(57) Using 49 workers of 68 for evacuation
[2024-08-27T13:50:03.364+0000][info][gc,phases   ] GC(57)   Pre Evacuate Collection Set: 0.4ms
[2024-08-27T13:50:03.364+0000][info][gc,phases   ] GC(57)   Merge Heap Roots: 0.7ms
[2024-08-27T13:50:03.364+0000][info][gc,phases   ] GC(57)   Evacuate Collection Set: 18.7ms
[2024-08-27T13:50:03.364+0000][info][gc,phases   ] GC(57)   Post Evacuate Collection Set: 0.7ms
[2024-08-27T13:50:03.364+0000][info][gc,phases   ] GC(57)   Other: 0.4ms
[2024-08-27T13:50:03.364+0000][info][gc,heap     ] GC(57) Eden regions: 89->0(262)
[2024-08-27T13:50:03.364+0000][info][gc,heap     ] GC(57) Survivor regions: 13->13(13)
[2024-08-27T13:50:03.364+0000][info][gc,heap     ] GC(57) Old regions: 1099->1006
[2024-08-27T13:50:03.364+0000][info][gc,heap     ] GC(57) Archive regions: 2->2
[2024-08-27T13:50:03.364+0000][info][gc,heap     ] GC(57) Humongous regions: 5->5
[2024-08-27T13:50:03.364+0000][info][gc,metaspace] GC(57) Metaspace: 100K(320K)->100K(320K) NonClass: 96K(192K)->96K(192K) Class: 4K(128K)->4K(128K)
[2024-08-27T13:50:03.364+0000][info][gc          ] GC(57) Pause Young (Mixed) (G1 Evacuation Pause) 1206M->1024M(2048M) 21.024ms
[2024-08-27T13:50:03.364+0000][info][gc,cpu      ] GC(57) User=0.94s Sys=0.00s Real=0.02s
[2024-08-27T13:50:03.501+0000][info][gc,start    ] GC(58) Pause Young (Normal) (G1 Evacuation Pause)
[2024-08-27T13:50:03.501+0000][info][gc,task     ] GC(58) Using 49 workers of 68 for evacuation
[2024-08-27T13:50:03.544+0000][info][gc,phases   ] GC(58)   Pre Evacuate Collection Set: 0.3ms
[2024-08-27T13:50:03.544+0000][info][gc,phases   ] GC(58)   Merge Heap Roots: 0.9ms
[2024-08-27T13:50:03.544+0000][info][gc,phases   ] GC(58)   Evacuate Collection Set: 41.2ms
[2024-08-27T13:50:03.544+0000][info][gc,phases   ] GC(58)   Post Evacuate Collection Set: 0.9ms
[2024-08-27T13:50:03.544+0000][info][gc,phases   ] GC(58)   Other: 0.3ms
[2024-08-27T13:50:03.544+0000][info][gc,heap     ] GC(58) Eden regions: 262->0(180)
[2024-08-27T13:50:03.544+0000][info][gc,heap     ] GC(58) Survivor regions: 13->35(35)
[2024-08-27T13:50:03.544+0000][info][gc,heap     ] GC(58) Old regions: 1006->1239
[2024-08-27T13:50:03.544+0000][info][gc,heap     ] GC(58) Archive regions: 2->2
[2024-08-27T13:50:03.544+0000][info][gc,heap     ] GC(58) Humongous regions: 5->5
[2024-08-27T13:50:03.544+0000][info][gc,metaspace] GC(58) Metaspace: 100K(320K)->100K(320K) NonClass: 96K(192K)->96K(192K) Class: 4K(128K)->4K(128K)
[2024-08-27T13:50:03.544+0000][info][gc          ] GC(58) Pause Young (Normal) (G1 Evacuation Pause) 1286M->1279M(2048M) 43.807ms
[2024-08-27T13:50:03.545+0000][info][gc,cpu      ] GC(58) User=1.75s Sys=0.30s Real=0.04s
[2024-08-27T13:50:03.635+0000][info][gc,start    ] GC(59) Pause Young (Normal) (G1 Evacuation Pause)
[2024-08-27T13:50:03.635+0000][info][gc,task     ] GC(59) Using 49 workers of 68 for evacuation
[2024-08-27T13:50:03.676+0000][info][gc,phases   ] GC(59)   Pre Evacuate Collection Set: 0.3ms
[2024-08-27T13:50:03.676+0000][info][gc,phases   ] GC(59)   Merge Heap Roots: 1.1ms
[2024-08-27T13:50:03.676+0000][info][gc,phases   ] GC(59)   Evacuate Collection Set: 38.1ms
[2024-08-27T13:50:03.676+0000][info][gc,phases   ] GC(59)   Post Evacuate Collection Set: 0.7ms
[2024-08-27T13:50:03.676+0000][info][gc,phases   ] GC(59)   Other: 0.4ms
[2024-08-27T13:50:03.676+0000][info][gc,heap     ] GC(59) Eden regions: 180->0(121)
[2024-08-27T13:50:03.676+0000][info][gc,heap     ] GC(59) Survivor regions: 35->27(27)
[2024-08-27T13:50:03.676+0000][info][gc,heap     ] GC(59) Old regions: 1239->1429
[2024-08-27T13:50:03.676+0000][info][gc,heap     ] GC(59) Archive regions: 2->2
[2024-08-27T13:50:03.676+0000][info][gc,heap     ] GC(59) Humongous regions: 5->5
[2024-08-27T13:50:03.676+0000][info][gc,metaspace] GC(59) Metaspace: 100K(320K)->100K(320K) NonClass: 96K(192K)->96K(192K) Class: 4K(128K)->4K(128K)
[2024-08-27T13:50:03.676+0000][info][gc          ] GC(59) Pause Young (Normal) (G1 Evacuation Pause) 1459M->1461M(2048M) 40.707ms
[2024-08-27T13:50:03.676+0000][info][gc,cpu      ] GC(59) User=1.51s Sys=0.39s Real=0.04s
[2024-08-27T13:50:03.737+0000][info][gc,start    ] GC(60) Pause Young (Concurrent Start) (G1 Evacuation Pause)
[2024-08-27T13:50:03.737+0000][info][gc,task     ] GC(60) Using 49 workers of 68 for evacuation
[2024-08-27T13:50:03.769+0000][info][gc,phases   ] GC(60)   Pre Evacuate Collection Set: 0.3ms
[2024-08-27T13:50:03.769+0000][info][gc,phases   ] GC(60)   Merge Heap Roots: 0.7ms
[2024-08-27T13:50:03.769+0000][info][gc,phases   ] GC(60)   Evacuate Collection Set: 29.0ms
[2024-08-27T13:50:03.769+0000][info][gc,phases   ] GC(60)   Post Evacuate Collection Set: 0.7ms
[2024-08-27T13:50:03.769+0000][info][gc,phases   ] GC(60)   Other: 1.2ms
[2024-08-27T13:50:03.769+0000][info][gc,heap     ] GC(60) Eden regions: 121->0(83)
[2024-08-27T13:50:03.769+0000][info][gc,heap     ] GC(60) Survivor regions: 27->19(19)
[2024-08-27T13:50:03.769+0000][info][gc,heap     ] GC(60) Old regions: 1429->1565
[2024-08-27T13:50:03.769+0000][info][gc,heap     ] GC(60) Archive regions: 2->2
[2024-08-27T13:50:03.769+0000][info][gc,heap     ] GC(60) Humongous regions: 5->5
[2024-08-27T13:50:03.769+0000][info][gc,metaspace] GC(60) Metaspace: 100K(320K)->100K(320K) NonClass: 96K(192K)->96K(192K) Class: 4K(128K)->4K(128K)
[2024-08-27T13:50:03.769+0000][info][gc          ] GC(60) Pause Young (Concurrent Start) (G1 Evacuation Pause) 1582M->1589M(2048M) 32.029ms
[2024-08-27T13:50:03.769+0000][info][gc,cpu      ] GC(60) User=1.06s Sys=0.38s Real=0.03s
[2024-08-27T13:50:03.769+0000][info][gc          ] GC(61) Concurrent Mark Cycle
[2024-08-27T13:50:03.769+0000][info][gc,marking  ] GC(61) Concurrent Clear Claimed Marks
[2024-08-27T13:50:03.769+0000][info][gc,marking  ] GC(61) Concurrent Clear Claimed Marks 0.012ms
[2024-08-27T13:50:03.769+0000][info][gc,marking  ] GC(61) Concurrent Scan Root Regions
[2024-08-27T13:50:03.773+0000][info][gc,marking  ] GC(61) Concurrent Scan Root Regions 3.804ms
[2024-08-27T13:50:03.773+0000][info][gc,marking  ] GC(61) Concurrent Mark
[2024-08-27T13:50:03.773+0000][info][gc,marking  ] GC(61) Concurrent Mark From Roots
[2024-08-27T13:50:03.773+0000][info][gc,task     ] GC(61) Using 17 workers of 17 for marking
[2024-08-27T13:50:03.792+0000][info][gc,marking  ] GC(61) Concurrent Mark From Roots 18.809ms
[2024-08-27T13:50:03.792+0000][info][gc,marking  ] GC(61) Concurrent Preclean
[2024-08-27T13:50:03.794+0000][info][gc,marking  ] GC(61) Concurrent Preclean 1.597ms
[2024-08-27T13:50:03.794+0000][info][gc,start    ] GC(61) Pause Remark
[2024-08-27T13:50:03.797+0000][info][gc          ] GC(61) Pause Remark 1614M->1384M(2048M) 2.902ms
[2024-08-27T13:50:03.797+0000][info][gc,cpu      ] GC(61) User=0.01s Sys=0.01s Real=0.00s
[2024-08-27T13:50:03.797+0000][info][gc,marking  ] GC(61) Concurrent Mark 24.007ms
[2024-08-27T13:50:03.797+0000][info][gc,marking  ] GC(61) Concurrent Rebuild Remembered Sets
[2024-08-27T13:50:03.847+0000][info][gc,start    ] GC(62) Pause Young (Normal) (G1 Evacuation Pause)
[2024-08-27T13:50:03.847+0000][info][gc,task     ] GC(62) Using 49 workers of 68 for evacuation
[2024-08-27T13:50:03.867+0000][info][gc,phases   ] GC(62)   Pre Evacuate Collection Set: 0.3ms
[2024-08-27T13:50:03.867+0000][info][gc,phases   ] GC(62)   Merge Heap Roots: 1.0ms
[2024-08-27T13:50:03.867+0000][info][gc,phases   ] GC(62)   Evacuate Collection Set: 17.8ms
[2024-08-27T13:50:03.867+0000][info][gc,phases   ] GC(62)   Post Evacuate Collection Set: 0.9ms
[2024-08-27T13:50:03.867+0000][info][gc,phases   ] GC(62)   Other: 0.4ms
[2024-08-27T13:50:03.867+0000][info][gc,heap     ] GC(62) Eden regions: 83->0(125)
[2024-08-27T13:50:03.867+0000][info][gc,heap     ] GC(62) Survivor regions: 19->13(13)
[2024-08-27T13:50:03.867+0000][info][gc,heap     ] GC(62) Old regions: 1335->1431
[2024-08-27T13:50:03.867+0000][info][gc,heap     ] GC(62) Archive regions: 2->2
[2024-08-27T13:50:03.867+0000][info][gc,heap     ] GC(62) Humongous regions: 5->5
[2024-08-27T13:50:03.867+0000][info][gc,metaspace] GC(62) Metaspace: 100K(320K)->100K(320K) NonClass: 96K(192K)->96K(192K) Class: 4K(128K)->4K(128K)
[2024-08-27T13:50:03.867+0000][info][gc          ] GC(62) Pause Young (Normal) (G1 Evacuation Pause) 1442M->1449M(2048M) 20.477ms
[2024-08-27T13:50:03.867+0000][info][gc,cpu      ] GC(62) User=0.90s Sys=0.01s Real=0.02s
[2024-08-27T13:50:03.869+0000][info][gc,marking  ] GC(61) Concurrent Rebuild Remembered Sets 71.617ms
[2024-08-27T13:50:03.869+0000][info][gc,start    ] GC(61) Pause Cleanup
[2024-08-27T13:50:03.876+0000][info][gc          ] GC(61) Pause Cleanup 1451M->1451M(2048M) 6.562ms
[2024-08-27T13:50:03.876+0000][info][gc,cpu      ] GC(61) User=0.02s Sys=0.00s Real=0.01s
[2024-08-27T13:50:03.876+0000][info][gc,marking  ] GC(61) Concurrent Cleanup for Next Mark
[2024-08-27T13:50:03.877+0000][info][gc,marking  ] GC(61) Concurrent Cleanup for Next Mark 1.359ms
[2024-08-27T13:50:03.877+0000][info][gc          ] GC(61) Concurrent Mark Cycle 108.053ms
[2024-08-27T13:50:03.942+0000][info][gc,start    ] GC(63) Pause Young (Prepare Mixed) (G1 Evacuation Pause)
[2024-08-27T13:50:03.942+0000][info][gc,task     ] GC(63) Using 49 workers of 68 for evacuation
[2024-08-27T13:50:03.968+0000][info][gc,phases   ] GC(63)   Pre Evacuate Collection Set: 0.3ms
[2024-08-27T13:50:03.968+0000][info][gc,phases   ] GC(63)   Merge Heap Roots: 1.2ms
[2024-08-27T13:50:03.968+0000][info][gc,phases   ] GC(63)   Evacuate Collection Set: 23.8ms
[2024-08-27T13:50:03.968+0000][info][gc,phases   ] GC(63)   Post Evacuate Collection Set: 0.7ms
[2024-08-27T13:50:03.968+0000][info][gc,phases   ] GC(63)   Other: 0.4ms
[2024-08-27T13:50:03.968+0000][info][gc,heap     ] GC(63) Eden regions: 125->0(84)
[2024-08-27T13:50:03.968+0000][info][gc,heap     ] GC(63) Survivor regions: 13->18(18)
[2024-08-27T13:50:03.968+0000][info][gc,heap     ] GC(63) Old regions: 1431->1556
[2024-08-27T13:50:03.969+0000][info][gc,heap     ] GC(63) Archive regions: 2->2
[2024-08-27T13:50:03.969+0000][info][gc,heap     ] GC(63) Humongous regions: 5->5
[2024-08-27T13:50:03.969+0000][info][gc,metaspace] GC(63) Metaspace: 100K(320K)->100K(320K) NonClass: 96K(192K)->96K(192K) Class: 4K(128K)->4K(128K)
[2024-08-27T13:50:03.969+0000][info][gc          ] GC(63) Pause Young (Prepare Mixed) (G1 Evacuation Pause) 1574M->1579M(2048M) 26.450ms
[2024-08-27T13:50:03.969+0000][info][gc,cpu      ] GC(63) User=1.19s Sys=0.02s Real=0.02s
[2024-08-27T13:50:04.012+0000][info][gc,start    ] GC(64) Pause Young (Mixed) (G1 Evacuation Pause)
[2024-08-27T13:50:04.012+0000][info][gc,task     ] GC(64) Using 49 workers of 68 for evacuation
[2024-08-27T13:50:04.040+0000][info][gc,phases   ] GC(64)   Pre Evacuate Collection Set: 0.4ms
[2024-08-27T13:50:04.040+0000][info][gc,phases   ] GC(64)   Merge Heap Roots: 0.6ms
[2024-08-27T13:50:04.040+0000][info][gc,phases   ] GC(64)   Evacuate Collection Set: 25.6ms
[2024-08-27T13:50:04.040+0000][info][gc,phases   ] GC(64)   Post Evacuate Collection Set: 0.7ms
[2024-08-27T13:50:04.040+0000][info][gc,phases   ] GC(64)   Other: 0.4ms
[2024-08-27T13:50:04.040+0000][info][gc,heap     ] GC(64) Eden regions: 84->0(89)
[2024-08-27T13:50:04.040+0000][info][gc,heap     ] GC(64) Survivor regions: 18->13(13)
[2024-08-27T13:50:04.040+0000][info][gc,heap     ] GC(64) Old regions: 1556->1446
[2024-08-27T13:50:04.040+0000][info][gc,heap     ] GC(64) Archive regions: 2->2
[2024-08-27T13:50:04.040+0000][info][gc,heap     ] GC(64) Humongous regions: 5->5
[2024-08-27T13:50:04.040+0000][info][gc,metaspace] GC(64) Metaspace: 100K(320K)->100K(320K) NonClass: 96K(192K)->96K(192K) Class: 4K(128K)->4K(128K)
[2024-08-27T13:50:04.040+0000][info][gc          ] GC(64) Pause Young (Mixed) (G1 Evacuation Pause) 1663M->1464M(2048M) 27.911ms
[2024-08-27T13:50:04.040+0000][info][gc,cpu      ] GC(64) User=0.76s Sys=0.36s Real=0.03s
[2024-08-27T13:50:04.106+0000][info][gc,start    ] GC(65) Pause Young (Mixed) (G1 Evacuation Pause)
[2024-08-27T13:50:04.106+0000][info][gc,task     ] GC(65) Using 49 workers of 68 for evacuation
[2024-08-27T13:50:04.127+0000][info][gc,phases   ] GC(65)   Pre Evacuate Collection Set: 0.5ms
[2024-08-27T13:50:04.127+0000][info][gc,phases   ] GC(65)   Merge Heap Roots: 0.9ms
[2024-08-27T13:50:04.127+0000][info][gc,phases   ] GC(65)   Evacuate Collection Set: 19.1ms
[2024-08-27T13:50:04.127+0000][info][gc,phases   ] GC(65)   Post Evacuate Collection Set: 0.7ms
[2024-08-27T13:50:04.127+0000][info][gc,phases   ] GC(65)   Other: 0.4ms
[2024-08-27T13:50:04.127+0000][info][gc,heap     ] GC(65) Eden regions: 89->0(89)
[2024-08-27T13:50:04.127+0000][info][gc,heap     ] GC(65) Survivor regions: 13->13(13)
[2024-08-27T13:50:04.127+0000][info][gc,heap     ] GC(65) Old regions: 1446->1334
[2024-08-27T13:50:04.127+0000][info][gc,heap     ] GC(65) Archive regions: 2->2
[2024-08-27T13:50:04.127+0000][info][gc,heap     ] GC(65) Humongous regions: 5->5
[2024-08-27T13:50:04.127+0000][info][gc,metaspace] GC(65) Metaspace: 100K(320K)->100K(320K) NonClass: 96K(192K)->96K(192K) Class: 4K(128K)->4K(128K)
[2024-08-27T13:50:04.127+0000][info][gc          ] GC(65) Pause Young (Mixed) (G1 Evacuation Pause) 1553M->1352M(2048M) 21.686ms
[2024-08-27T13:50:04.127+0000][info][gc,cpu      ] GC(65) User=0.76s Sys=0.22s Real=0.02s
[2024-08-27T13:50:04.173+0000][info][gc,start    ] GC(66) Pause Young (Mixed) (G1 Evacuation Pause)
[2024-08-27T13:50:04.173+0000][info][gc,task     ] GC(66) Using 49 workers of 68 for evacuation
[2024-08-27T13:50:04.196+0000][info][gc,phases   ] GC(66)   Pre Evacuate Collection Set: 0.5ms
[2024-08-27T13:50:04.196+0000][info][gc,phases   ] GC(66)   Merge Heap Roots: 0.7ms
[2024-08-27T13:50:04.196+0000][info][gc,phases   ] GC(66)   Evacuate Collection Set: 19.4ms
[2024-08-27T13:50:04.196+0000][info][gc,phases   ] GC(66)   Post Evacuate Collection Set: 1.6ms
[2024-08-27T13:50:04.196+0000][info][gc,phases   ] GC(66)   Other: 0.5ms
[2024-08-27T13:50:04.196+0000][info][gc,heap     ] GC(66) Eden regions: 89->0(89)
[2024-08-27T13:50:04.196+0000][info][gc,heap     ] GC(66) Survivor regions: 13->13(13)
[2024-08-27T13:50:04.196+0000][info][gc,heap     ] GC(66) Old regions: 1334->1223
[2024-08-27T13:50:04.196+0000][info][gc,heap     ] GC(66) Archive regions: 2->2
[2024-08-27T13:50:04.196+0000][info][gc,heap     ] GC(66) Humongous regions: 5->5
[2024-08-27T13:50:04.196+0000][info][gc,metaspace] GC(66) Metaspace: 100K(320K)->100K(320K) NonClass: 96K(192K)->96K(192K) Class: 4K(128K)->4K(128K)
[2024-08-27T13:50:04.196+0000][info][gc          ] GC(66) Pause Young (Mixed) (G1 Evacuation Pause) 1441M->1241M(2048M) 22.866ms
[2024-08-27T13:50:04.196+0000][info][gc,cpu      ] GC(66) User=0.92s Sys=0.03s Real=0.02s
[2024-08-27T13:50:04.242+0000][info][gc,start    ] GC(67) Pause Young (Mixed) (G1 Evacuation Pause)
[2024-08-27T13:50:04.242+0000][info][gc,task     ] GC(67) Using 49 workers of 68 for evacuation
[2024-08-27T13:50:04.266+0000][info][gc,phases   ] GC(67)   Pre Evacuate Collection Set: 1.0ms
[2024-08-27T13:50:04.266+0000][info][gc,phases   ] GC(67)   Merge Heap Roots: 1.1ms
[2024-08-27T13:50:04.266+0000][info][gc,phases   ] GC(67)   Evacuate Collection Set: 19.8ms
[2024-08-27T13:50:04.266+0000][info][gc,phases   ] GC(67)   Post Evacuate Collection Set: 1.0ms
[2024-08-27T13:50:04.266+0000][info][gc,phases   ] GC(67)   Other: 0.8ms
[2024-08-27T13:50:04.266+0000][info][gc,heap     ] GC(67) Eden regions: 89->0(223)
[2024-08-27T13:50:04.266+0000][info][gc,heap     ] GC(67) Survivor regions: 13->13(13)
[2024-08-27T13:50:04.266+0000][info][gc,heap     ] GC(67) Old regions: 1223->1127
[2024-08-27T13:50:04.266+0000][info][gc,heap     ] GC(67) Archive regions: 2->2
[2024-08-27T13:50:04.266+0000][info][gc,heap     ] GC(67) Humongous regions: 5->5
[2024-08-27T13:50:04.266+0000][info][gc,metaspace] GC(67) Metaspace: 100K(320K)->100K(320K) NonClass: 96K(192K)->96K(192K) Class: 4K(128K)->4K(128K)
[2024-08-27T13:50:04.266+0000][info][gc          ] GC(67) Pause Young (Mixed) (G1 Evacuation Pause) 1330M->1145M(2048M) 23.830ms
[2024-08-27T13:50:04.266+0000][info][gc,cpu      ] GC(67) User=1.00s Sys=0.02s Real=0.02s
[2024-08-27T13:50:04.405+0000][info][gc,start    ] GC(68) Pause Young (Normal) (G1 Evacuation Pause)
[2024-08-27T13:50:04.405+0000][info][gc,task     ] GC(68) Using 49 workers of 68 for evacuation
[2024-08-27T13:50:04.445+0000][info][gc,phases   ] GC(68)   Pre Evacuate Collection Set: 0.3ms
[2024-08-27T13:50:04.445+0000][info][gc,phases   ] GC(68)   Merge Heap Roots: 1.1ms
[2024-08-27T13:50:04.445+0000][info][gc,phases   ] GC(68)   Evacuate Collection Set: 37.5ms
[2024-08-27T13:50:04.445+0000][info][gc,phases   ] GC(68)   Post Evacuate Collection Set: 0.8ms
[2024-08-27T13:50:04.445+0000][info][gc,phases   ] GC(68)   Other: 0.4ms
[2024-08-27T13:50:04.445+0000][info][gc,heap     ] GC(68) Eden regions: 223->0(152)
[2024-08-27T13:50:04.445+0000][info][gc,heap     ] GC(68) Survivor regions: 13->30(30)
[2024-08-27T13:50:04.445+0000][info][gc,heap     ] GC(68) Old regions: 1127->1330
[2024-08-27T13:50:04.445+0000][info][gc,heap     ] GC(68) Archive regions: 2->2
[2024-08-27T13:50:04.445+0000][info][gc,heap     ] GC(68) Humongous regions: 5->5
[2024-08-27T13:50:04.445+0000][info][gc,metaspace] GC(68) Metaspace: 100K(320K)->100K(320K) NonClass: 96K(192K)->96K(192K) Class: 4K(128K)->4K(128K)
[2024-08-27T13:50:04.445+0000][info][gc          ] GC(68) Pause Young (Normal) (G1 Evacuation Pause) 1368M->1365M(2048M) 40.253ms
[2024-08-27T13:50:04.445+0000][info][gc,cpu      ] GC(68) User=1.77s Sys=0.09s Real=0.04s
[2024-08-27T13:50:04.523+0000][info][gc,start    ] GC(69) Pause Young (Normal) (G1 Evacuation Pause)
[2024-08-27T13:50:04.523+0000][info][gc,task     ] GC(69) Using 49 workers of 68 for evacuation
[2024-08-27T13:50:04.558+0000][info][gc,phases   ] GC(69)   Pre Evacuate Collection Set: 0.3ms
[2024-08-27T13:50:04.558+0000][info][gc,phases   ] GC(69)   Merge Heap Roots: 1.0ms
[2024-08-27T13:50:04.558+0000][info][gc,phases   ] GC(69)   Evacuate Collection Set: 32.0ms
[2024-08-27T13:50:04.558+0000][info][gc,phases   ] GC(69)   Post Evacuate Collection Set: 1.2ms
[2024-08-27T13:50:04.558+0000][info][gc,phases   ] GC(69)   Other: 0.5ms
[2024-08-27T13:50:04.558+0000][info][gc,heap     ] GC(69) Eden regions: 152->0(102)
[2024-08-27T13:50:04.558+0000][info][gc,heap     ] GC(69) Survivor regions: 30->23(23)
[2024-08-27T13:50:04.558+0000][info][gc,heap     ] GC(69) Old regions: 1330->1493
[2024-08-27T13:50:04.558+0000][info][gc,heap     ] GC(69) Archive regions: 2->2
[2024-08-27T13:50:04.558+0000][info][gc,heap     ] GC(69) Humongous regions: 5->5
[2024-08-27T13:50:04.558+0000][info][gc,metaspace] GC(69) Metaspace: 100K(320K)->100K(320K) NonClass: 96K(192K)->96K(192K) Class: 4K(128K)->4K(128K)
[2024-08-27T13:50:04.558+0000][info][gc          ] GC(69) Pause Young (Normal) (G1 Evacuation Pause) 1517M->1521M(2048M) 35.318ms
[2024-08-27T13:50:04.558+0000][info][gc,cpu      ] GC(69) User=1.50s Sys=0.11s Real=0.04s
[2024-08-27T13:50:04.612+0000][info][gc,start    ] GC(70) Pause Young (Concurrent Start) (G1 Evacuation Pause)
[2024-08-27T13:50:04.612+0000][info][gc,task     ] GC(70) Using 49 workers of 68 for evacuation
[2024-08-27T13:50:04.639+0000][info][gc,phases   ] GC(70)   Pre Evacuate Collection Set: 0.3ms
[2024-08-27T13:50:04.639+0000][info][gc,phases   ] GC(70)   Merge Heap Roots: 1.0ms
[2024-08-27T13:50:04.639+0000][info][gc,phases   ] GC(70)   Evacuate Collection Set: 21.1ms
[2024-08-27T13:50:04.639+0000][info][gc,phases   ] GC(70)   Post Evacuate Collection Set: 0.7ms
[2024-08-27T13:50:04.639+0000][info][gc,phases   ] GC(70)   Other: 4.0ms
[2024-08-27T13:50:04.639+0000][info][gc,heap     ] GC(70) Eden regions: 102->0(86)
[2024-08-27T13:50:04.639+0000][info][gc,heap     ] GC(70) Survivor regions: 23->16(16)
[2024-08-27T13:50:04.639+0000][info][gc,heap     ] GC(70) Old regions: 1493->1610
[2024-08-27T13:50:04.639+0000][info][gc,heap     ] GC(70) Archive regions: 2->2
[2024-08-27T13:50:04.639+0000][info][gc,heap     ] GC(70) Humongous regions: 5->5
[2024-08-27T13:50:04.639+0000][info][gc,metaspace] GC(70) Metaspace: 100K(320K)->100K(320K) NonClass: 96K(192K)->96K(192K) Class: 4K(128K)->4K(128K)
[2024-08-27T13:50:04.639+0000][info][gc          ] GC(70) Pause Young (Concurrent Start) (G1 Evacuation Pause) 1623M->1631M(2048M) 27.323ms
[2024-08-27T13:50:04.639+0000][info][gc,cpu      ] GC(70) User=1.03s Sys=0.04s Real=0.03s
[2024-08-27T13:50:04.639+0000][info][gc          ] GC(71) Concurrent Mark Cycle
[2024-08-27T13:50:04.639+0000][info][gc,marking  ] GC(71) Concurrent Clear Claimed Marks
[2024-08-27T13:50:04.639+0000][info][gc,marking  ] GC(71) Concurrent Clear Claimed Marks 0.012ms
[2024-08-27T13:50:04.639+0000][info][gc,marking  ] GC(71) Concurrent Scan Root Regions
[2024-08-27T13:50:04.643+0000][info][gc,marking  ] GC(71) Concurrent Scan Root Regions 3.262ms
[2024-08-27T13:50:04.643+0000][info][gc,marking  ] GC(71) Concurrent Mark
[2024-08-27T13:50:04.643+0000][info][gc,marking  ] GC(71) Concurrent Mark From Roots
[2024-08-27T13:50:04.643+0000][info][gc,task     ] GC(71) Using 17 workers of 17 for marking
[2024-08-27T13:50:04.663+0000][info][gc,marking  ] GC(71) Concurrent Mark From Roots 20.355ms
[2024-08-27T13:50:04.663+0000][info][gc,marking  ] GC(71) Concurrent Preclean
[2024-08-27T13:50:04.664+0000][info][gc,marking  ] GC(71) Concurrent Preclean 0.503ms
[2024-08-27T13:50:04.664+0000][info][gc,start    ] GC(71) Pause Remark
[2024-08-27T13:50:04.668+0000][info][gc          ] GC(71) Pause Remark 1655M->1385M(2048M) 3.914ms
[2024-08-27T13:50:04.668+0000][info][gc,cpu      ] GC(71) User=0.04s Sys=0.00s Real=0.00s
[2024-08-27T13:50:04.668+0000][info][gc,marking  ] GC(71) Concurrent Mark 25.394ms
[2024-08-27T13:50:04.668+0000][info][gc,marking  ] GC(71) Concurrent Rebuild Remembered Sets
[2024-08-27T13:50:04.717+0000][info][gc,marking  ] GC(71) Concurrent Rebuild Remembered Sets 48.799ms
[2024-08-27T13:50:04.717+0000][info][gc,start    ] GC(71) Pause Cleanup
[2024-08-27T13:50:04.723+0000][info][gc          ] GC(71) Pause Cleanup 1445M->1445M(2048M) 6.070ms
[2024-08-27T13:50:04.724+0000][info][gc,cpu      ] GC(71) User=0.02s Sys=0.01s Real=0.01s
[2024-08-27T13:50:04.724+0000][info][gc,marking  ] GC(71) Concurrent Cleanup for Next Mark
[2024-08-27T13:50:04.726+0000][info][gc,marking  ] GC(71) Concurrent Cleanup for Next Mark 2.605ms
[2024-08-27T13:50:04.726+0000][info][gc          ] GC(71) Concurrent Mark Cycle 87.111ms
[2024-08-27T13:50:04.727+0000][info][gc,start    ] GC(72) Pause Young (Prepare Mixed) (G1 Evacuation Pause)
[2024-08-27T13:50:04.727+0000][info][gc,task     ] GC(72) Using 49 workers of 68 for evacuation
[2024-08-27T13:50:04.744+0000][info][gc,phases   ] GC(72)   Pre Evacuate Collection Set: 0.3ms
[2024-08-27T13:50:04.744+0000][info][gc,phases   ] GC(72)   Merge Heap Roots: 0.5ms
[2024-08-27T13:50:04.744+0000][info][gc,phases   ] GC(72)   Evacuate Collection Set: 15.8ms
[2024-08-27T13:50:04.744+0000][info][gc,phases   ] GC(72)   Post Evacuate Collection Set: 0.6ms
[2024-08-27T13:50:04.744+0000][info][gc,phases   ] GC(72)   Other: 0.3ms
[2024-08-27T13:50:04.744+0000][info][gc,heap     ] GC(72) Eden regions: 86->0(89)
[2024-08-27T13:50:04.744+0000][info][gc,heap     ] GC(72) Survivor regions: 16->13(13)
[2024-08-27T13:50:04.744+0000][info][gc,heap     ] GC(72) Old regions: 1340->1436
[2024-08-27T13:50:04.744+0000][info][gc,heap     ] GC(72) Archive regions: 2->2
[2024-08-27T13:50:04.744+0000][info][gc,heap     ] GC(72) Humongous regions: 5->5
[2024-08-27T13:50:04.744+0000][info][gc,metaspace] GC(72) Metaspace: 100K(320K)->100K(320K) NonClass: 96K(192K)->96K(192K) Class: 4K(128K)->4K(128K)
[2024-08-27T13:50:04.744+0000][info][gc          ] GC(72) Pause Young (Prepare Mixed) (G1 Evacuation Pause) 1447M->1454M(2048M) 17.730ms
[2024-08-27T13:50:04.745+0000][info][gc,cpu      ] GC(72) User=0.78s Sys=0.00s Real=0.02s
[2024-08-27T13:50:04.789+0000][info][gc,start    ] GC(73) Pause Young (Mixed) (G1 Evacuation Pause)
[2024-08-27T13:50:04.789+0000][info][gc,task     ] GC(73) Using 49 workers of 68 for evacuation
[2024-08-27T13:50:04.807+0000][info][gc,phases   ] GC(73)   Pre Evacuate Collection Set: 0.4ms
[2024-08-27T13:50:04.807+0000][info][gc,phases   ] GC(73)   Merge Heap Roots: 0.8ms
[2024-08-27T13:50:04.807+0000][info][gc,phases   ] GC(73)   Evacuate Collection Set: 16.0ms
[2024-08-27T13:50:04.807+0000][info][gc,phases   ] GC(73)   Post Evacuate Collection Set: 0.8ms
[2024-08-27T13:50:04.807+0000][info][gc,phases   ] GC(73)   Other: 0.4ms
[2024-08-27T13:50:04.807+0000][info][gc,heap     ] GC(73) Eden regions: 89->0(89)
[2024-08-27T13:50:04.807+0000][info][gc,heap     ] GC(73) Survivor regions: 13->13(13)
[2024-08-27T13:50:04.807+0000][info][gc,heap     ] GC(73) Old regions: 1436->1326
[2024-08-27T13:50:04.807+0000][info][gc,heap     ] GC(73) Archive regions: 2->2
[2024-08-27T13:50:04.807+0000][info][gc,heap     ] GC(73) Humongous regions: 5->5
[2024-08-27T13:50:04.807+0000][info][gc,metaspace] GC(73) Metaspace: 100K(320K)->100K(320K) NonClass: 96K(192K)->96K(192K) Class: 4K(128K)->4K(128K)
[2024-08-27T13:50:04.807+0000][info][gc          ] GC(73) Pause Young (Mixed) (G1 Evacuation Pause) 1543M->1344M(2048M) 18.514ms
[2024-08-27T13:50:04.807+0000][info][gc,cpu      ] GC(73) User=0.81s Sys=0.00s Real=0.02s
[2024-08-27T13:50:04.852+0000][info][gc,start    ] GC(74) Pause Young (Mixed) (G1 Evacuation Pause)
[2024-08-27T13:50:04.852+0000][info][gc,task     ] GC(74) Using 49 workers of 68 for evacuation
[2024-08-27T13:50:04.870+0000][info][gc,phases   ] GC(74)   Pre Evacuate Collection Set: 0.4ms
[2024-08-27T13:50:04.870+0000][info][gc,phases   ] GC(74)   Merge Heap Roots: 0.5ms
[2024-08-27T13:50:04.870+0000][info][gc,phases   ] GC(74)   Evacuate Collection Set: 15.9ms
[2024-08-27T13:50:04.870+0000][info][gc,phases   ] GC(74)   Post Evacuate Collection Set: 0.7ms
[2024-08-27T13:50:04.870+0000][info][gc,phases   ] GC(74)   Other: 0.4ms
[2024-08-27T13:50:04.870+0000][info][gc,heap     ] GC(74) Eden regions: 89->0(89)
[2024-08-27T13:50:04.870+0000][info][gc,heap     ] GC(74) Survivor regions: 13->13(13)
[2024-08-27T13:50:04.870+0000][info][gc,heap     ] GC(74) Old regions: 1326->1215
[2024-08-27T13:50:04.870+0000][info][gc,heap     ] GC(74) Archive regions: 2->2
[2024-08-27T13:50:04.870+0000][info][gc,heap     ] GC(74) Humongous regions: 5->5
[2024-08-27T13:50:04.870+0000][info][gc,metaspace] GC(74) Metaspace: 100K(320K)->100K(320K) NonClass: 96K(192K)->96K(192K) Class: 4K(128K)->4K(128K)
[2024-08-27T13:50:04.870+0000][info][gc          ] GC(74) Pause Young (Mixed) (G1 Evacuation Pause) 1433M->1233M(2048M) 18.154ms
[2024-08-27T13:50:04.870+0000][info][gc,cpu      ] GC(74) User=0.80s Sys=0.00s Real=0.02s
[2024-08-27T13:50:04.915+0000][info][gc,start    ] GC(75) Pause Young (Mixed) (G1 Evacuation Pause)
[2024-08-27T13:50:04.915+0000][info][gc,task     ] GC(75) Using 49 workers of 68 for evacuation
[2024-08-27T13:50:04.933+0000][info][gc,phases   ] GC(75)   Pre Evacuate Collection Set: 0.4ms
[2024-08-27T13:50:04.933+0000][info][gc,phases   ] GC(75)   Merge Heap Roots: 0.8ms
[2024-08-27T13:50:04.933+0000][info][gc,phases   ] GC(75)   Evacuate Collection Set: 15.5ms
[2024-08-27T13:50:04.933+0000][info][gc,phases   ] GC(75)   Post Evacuate Collection Set: 0.8ms
[2024-08-27T13:50:04.933+0000][info][gc,phases   ] GC(75)   Other: 0.4ms
[2024-08-27T13:50:04.933+0000][info][gc,heap     ] GC(75) Eden regions: 89->0(89)
[2024-08-27T13:50:04.933+0000][info][gc,heap     ] GC(75) Survivor regions: 13->13(13)
[2024-08-27T13:50:04.933+0000][info][gc,heap     ] GC(75) Old regions: 1215->1104
[2024-08-27T13:50:04.933+0000][info][gc,heap     ] GC(75) Archive regions: 2->2
[2024-08-27T13:50:04.933+0000][info][gc,heap     ] GC(75) Humongous regions: 5->5
[2024-08-27T13:50:04.933+0000][info][gc,metaspace] GC(75) Metaspace: 100K(320K)->100K(320K) NonClass: 96K(192K)->96K(192K) Class: 4K(128K)->4K(128K)
[2024-08-27T13:50:04.933+0000][info][gc          ] GC(75) Pause Young (Mixed) (G1 Evacuation Pause) 1322M->1122M(2048M) 18.140ms
[2024-08-27T13:50:04.934+0000][info][gc,cpu      ] GC(75) User=0.79s Sys=0.00s Real=0.02s
[2024-08-27T13:50:04.978+0000][info][gc,start    ] GC(76) Pause Young (Mixed) (G1 Evacuation Pause)
[2024-08-27T13:50:04.979+0000][info][gc,task     ] GC(76) Using 49 workers of 68 for evacuation
[2024-08-27T13:50:04.996+0000][info][gc,phases   ] GC(76)   Pre Evacuate Collection Set: 0.4ms
[2024-08-27T13:50:04.996+0000][info][gc,phases   ] GC(76)   Merge Heap Roots: 0.6ms
[2024-08-27T13:50:04.996+0000][info][gc,phases   ] GC(76)   Evacuate Collection Set: 15.6ms
[2024-08-27T13:50:04.996+0000][info][gc,phases   ] GC(76)   Post Evacuate Collection Set: 0.7ms
[2024-08-27T13:50:04.996+0000][info][gc,phases   ] GC(76)   Other: 0.4ms
[2024-08-27T13:50:04.996+0000][info][gc,heap     ] GC(76) Eden regions: 89->0(259)
[2024-08-27T13:50:04.996+0000][info][gc,heap     ] GC(76) Survivor regions: 13->13(13)
[2024-08-27T13:50:04.996+0000][info][gc,heap     ] GC(76) Old regions: 1104->1014
[2024-08-27T13:50:04.996+0000][info][gc,heap     ] GC(76) Archive regions: 2->2
[2024-08-27T13:50:04.996+0000][info][gc,heap     ] GC(76) Humongous regions: 5->5
[2024-08-27T13:50:04.996+0000][info][gc,metaspace] GC(76) Metaspace: 100K(320K)->100K(320K) NonClass: 96K(192K)->96K(192K) Class: 4K(128K)->4K(128K)
[2024-08-27T13:50:04.996+0000][info][gc          ] GC(76) Pause Young (Mixed) (G1 Evacuation Pause) 1211M->1032M(2048M) 17.773ms
[2024-08-27T13:50:04.996+0000][info][gc,cpu      ] GC(76) User=0.78s Sys=0.00s Real=0.01s
[2024-08-27T13:50:05.126+0000][info][gc,start    ] GC(77) Pause Young (Normal) (G1 Evacuation Pause)
[2024-08-27T13:50:05.126+0000][info][gc,task     ] GC(77) Using 49 workers of 68 for evacuation
[2024-08-27T13:50:05.164+0000][info][gc,phases   ] GC(77)   Pre Evacuate Collection Set: 0.3ms
[2024-08-27T13:50:05.164+0000][info][gc,phases   ] GC(77)   Merge Heap Roots: 0.8ms
[2024-08-27T13:50:05.164+0000][info][gc,phases   ] GC(77)   Evacuate Collection Set: 36.1ms
[2024-08-27T13:50:05.164+0000][info][gc,phases   ] GC(77)   Post Evacuate Collection Set: 0.7ms
[2024-08-27T13:50:05.164+0000][info][gc,phases   ] GC(77)   Other: 0.4ms
[2024-08-27T13:50:05.164+0000][info][gc,heap     ] GC(77) Eden regions: 259->0(178)
[2024-08-27T13:50:05.164+0000][info][gc,heap     ] GC(77) Survivor regions: 13->34(34)
[2024-08-27T13:50:05.164+0000][info][gc,heap     ] GC(77) Old regions: 1014->1246
[2024-08-27T13:50:05.164+0000][info][gc,heap     ] GC(77) Archive regions: 2->2
[2024-08-27T13:50:05.164+0000][info][gc,heap     ] GC(77) Humongous regions: 5->5
[2024-08-27T13:50:05.164+0000][info][gc,metaspace] GC(77) Metaspace: 100K(320K)->100K(320K) NonClass: 96K(192K)->96K(192K) Class: 4K(128K)->4K(128K)
[2024-08-27T13:50:05.164+0000][info][gc          ] GC(77) Pause Young (Normal) (G1 Evacuation Pause) 1291M->1285M(2048M) 38.531ms
[2024-08-27T13:50:05.164+0000][info][gc,cpu      ] GC(77) User=1.77s Sys=0.00s Real=0.04s
[2024-08-27T13:50:05.251+0000][info][gc,start    ] GC(78) Pause Young (Normal) (G1 Evacuation Pause)
[2024-08-27T13:50:05.251+0000][info][gc,task     ] GC(78) Using 49 workers of 68 for evacuation
[2024-08-27T13:50:05.283+0000][info][gc,phases   ] GC(78)   Pre Evacuate Collection Set: 0.3ms
[2024-08-27T13:50:05.283+0000][info][gc,phases   ] GC(78)   Merge Heap Roots: 1.1ms
[2024-08-27T13:50:05.283+0000][info][gc,phases   ] GC(78)   Evacuate Collection Set: 29.9ms
[2024-08-27T13:50:05.283+0000][info][gc,phases   ] GC(78)   Post Evacuate Collection Set: 0.7ms
[2024-08-27T13:50:05.283+0000][info][gc,phases   ] GC(78)   Other: 0.4ms
[2024-08-27T13:50:05.283+0000][info][gc,heap     ] GC(78) Eden regions: 178->0(120)
[2024-08-27T13:50:05.283+0000][info][gc,heap     ] GC(78) Survivor regions: 34->27(27)
[2024-08-27T13:50:05.283+0000][info][gc,heap     ] GC(78) Old regions: 1246->1433
[2024-08-27T13:50:05.283+0000][info][gc,heap     ] GC(78) Archive regions: 2->2
[2024-08-27T13:50:05.283+0000][info][gc,heap     ] GC(78) Humongous regions: 5->5
[2024-08-27T13:50:05.283+0000][info][gc,metaspace] GC(78) Metaspace: 100K(320K)->100K(320K) NonClass: 96K(192K)->96K(192K) Class: 4K(128K)->4K(128K)
[2024-08-27T13:50:05.283+0000][info][gc          ] GC(78) Pause Young (Normal) (G1 Evacuation Pause) 1463M->1465M(2048M) 32.482ms
[2024-08-27T13:50:05.283+0000][info][gc,cpu      ] GC(78) User=1.51s Sys=0.00s Real=0.03s
[2024-08-27T13:50:05.344+0000][info][gc,start    ] GC(79) Pause Young (Concurrent Start) (G1 Evacuation Pause)
[2024-08-27T13:50:05.344+0000][info][gc,task     ] GC(79) Using 49 workers of 68 for evacuation
[2024-08-27T13:50:05.370+0000][info][gc,phases   ] GC(79)   Pre Evacuate Collection Set: 0.3ms
[2024-08-27T13:50:05.370+0000][info][gc,phases   ] GC(79)   Merge Heap Roots: 0.6ms
[2024-08-27T13:50:05.370+0000][info][gc,phases   ] GC(79)   Evacuate Collection Set: 24.0ms
[2024-08-27T13:50:05.370+0000][info][gc,phases   ] GC(79)   Post Evacuate Collection Set: 0.7ms
[2024-08-27T13:50:05.370+0000][info][gc,phases   ] GC(79)   Other: 1.2ms
[2024-08-27T13:50:05.370+0000][info][gc,heap     ] GC(79) Eden regions: 120->0(83)
[2024-08-27T13:50:05.370+0000][info][gc,heap     ] GC(79) Survivor regions: 27->19(19)
[2024-08-27T13:50:05.370+0000][info][gc,heap     ] GC(79) Old regions: 1433->1569
[2024-08-27T13:50:05.370+0000][info][gc,heap     ] GC(79) Archive regions: 2->2
[2024-08-27T13:50:05.370+0000][info][gc,heap     ] GC(79) Humongous regions: 5->5
[2024-08-27T13:50:05.370+0000][info][gc,metaspace] GC(79) Metaspace: 100K(320K)->100K(320K) NonClass: 96K(192K)->96K(192K) Class: 4K(128K)->4K(128K)
[2024-08-27T13:50:05.370+0000][info][gc          ] GC(79) Pause Young (Concurrent Start) (G1 Evacuation Pause) 1585M->1593M(2048M) 26.813ms
[2024-08-27T13:50:05.370+0000][info][gc,cpu      ] GC(79) User=1.13s Sys=0.06s Real=0.03s
[2024-08-27T13:50:05.370+0000][info][gc          ] GC(80) Concurrent Mark Cycle
[2024-08-27T13:50:05.371+0000][info][gc,marking  ] GC(80) Concurrent Clear Claimed Marks
[2024-08-27T13:50:05.371+0000][info][gc,marking  ] GC(80) Concurrent Clear Claimed Marks 0.011ms
[2024-08-27T13:50:05.371+0000][info][gc,marking  ] GC(80) Concurrent Scan Root Regions
[2024-08-27T13:50:05.374+0000][info][gc,marking  ] GC(80) Concurrent Scan Root Regions 3.661ms
[2024-08-27T13:50:05.374+0000][info][gc,marking  ] GC(80) Concurrent Mark
[2024-08-27T13:50:05.374+0000][info][gc,marking  ] GC(80) Concurrent Mark From Roots
[2024-08-27T13:50:05.374+0000][info][gc,task     ] GC(80) Using 17 workers of 17 for marking
[2024-08-27T13:50:05.393+0000][info][gc,marking  ] GC(80) Concurrent Mark From Roots 18.509ms
[2024-08-27T13:50:05.393+0000][info][gc,marking  ] GC(80) Concurrent Preclean
[2024-08-27T13:50:05.394+0000][info][gc,marking  ] GC(80) Concurrent Preclean 1.539ms
[2024-08-27T13:50:05.395+0000][info][gc,start    ] GC(80) Pause Remark
[2024-08-27T13:50:05.398+0000][info][gc          ] GC(80) Pause Remark 1618M->1357M(2048M) 2.987ms
[2024-08-27T13:50:05.398+0000][info][gc,cpu      ] GC(80) User=0.03s Sys=0.00s Real=0.01s
[2024-08-27T13:50:05.398+0000][info][gc,marking  ] GC(80) Concurrent Mark 23.692ms
[2024-08-27T13:50:05.398+0000][info][gc,marking  ] GC(80) Concurrent Rebuild Remembered Sets
[2024-08-27T13:50:05.445+0000][info][gc,start    ] GC(81) Pause Young (Normal) (G1 Evacuation Pause)
[2024-08-27T13:50:05.445+0000][info][gc,task     ] GC(81) Using 49 workers of 68 for evacuation
[2024-08-27T13:50:05.463+0000][info][gc,phases   ] GC(81)   Pre Evacuate Collection Set: 0.3ms
[2024-08-27T13:50:05.463+0000][info][gc,phases   ] GC(81)   Merge Heap Roots: 0.9ms
[2024-08-27T13:50:05.463+0000][info][gc,phases   ] GC(81)   Evacuate Collection Set: 15.7ms
[2024-08-27T13:50:05.464+0000][info][gc,phases   ] GC(81)   Post Evacuate Collection Set: 0.9ms
[2024-08-27T13:50:05.464+0000][info][gc,phases   ] GC(81)   Other: 0.4ms
[2024-08-27T13:50:05.464+0000][info][gc,heap     ] GC(81) Eden regions: 83->0(133)
[2024-08-27T13:50:05.464+0000][info][gc,heap     ] GC(81) Survivor regions: 19->13(13)
[2024-08-27T13:50:05.464+0000][info][gc,heap     ] GC(81) Old regions: 1308->1406
[2024-08-27T13:50:05.464+0000][info][gc,heap     ] GC(81) Archive regions: 2->2
[2024-08-27T13:50:05.464+0000][info][gc,heap     ] GC(81) Humongous regions: 5->5
[2024-08-27T13:50:05.464+0000][info][gc,metaspace] GC(81) Metaspace: 100K(320K)->100K(320K) NonClass: 96K(192K)->96K(192K) Class: 4K(128K)->4K(128K)
[2024-08-27T13:50:05.464+0000][info][gc          ] GC(81) Pause Young (Normal) (G1 Evacuation Pause) 1415M->1424M(2048M) 18.418ms
[2024-08-27T13:50:05.464+0000][info][gc,cpu      ] GC(81) User=0.81s Sys=0.01s Real=0.02s
[2024-08-27T13:50:05.466+0000][info][gc,marking  ] GC(80) Concurrent Rebuild Remembered Sets 68.352ms
[2024-08-27T13:50:05.467+0000][info][gc,start    ] GC(80) Pause Cleanup
[2024-08-27T13:50:05.473+0000][info][gc          ] GC(80) Pause Cleanup 1427M->1427M(2048M) 6.449ms
[2024-08-27T13:50:05.473+0000][info][gc,cpu      ] GC(80) User=0.02s Sys=0.00s Real=0.01s
[2024-08-27T13:50:05.473+0000][info][gc,marking  ] GC(80) Concurrent Cleanup for Next Mark
[2024-08-27T13:50:05.475+0000][info][gc,marking  ] GC(80) Concurrent Cleanup for Next Mark 1.714ms
[2024-08-27T13:50:05.475+0000][info][gc          ] GC(80) Concurrent Mark Cycle 104.668ms
[2024-08-27T13:50:05.541+0000][info][gc,start    ] GC(82) Pause Young (Prepare Mixed) (G1 Evacuation Pause)
[2024-08-27T13:50:05.541+0000][info][gc,task     ] GC(82) Using 49 workers of 68 for evacuation
[2024-08-27T13:50:05.568+0000][info][gc,phases   ] GC(82)   Pre Evacuate Collection Set: 0.3ms
[2024-08-27T13:50:05.568+0000][info][gc,phases   ] GC(82)   Merge Heap Roots: 1.4ms
[2024-08-27T13:50:05.568+0000][info][gc,phases   ] GC(82)   Evacuate Collection Set: 24.0ms
[2024-08-27T13:50:05.568+0000][info][gc,phases   ] GC(82)   Post Evacuate Collection Set: 0.6ms
[2024-08-27T13:50:05.568+0000][info][gc,phases   ] GC(82)   Other: 0.3ms
[2024-08-27T13:50:05.568+0000][info][gc,heap     ] GC(82) Eden regions: 133->0(83)
[2024-08-27T13:50:05.568+0000][info][gc,heap     ] GC(82) Survivor regions: 13->19(19)
[2024-08-27T13:50:05.568+0000][info][gc,heap     ] GC(82) Old regions: 1406->1535
[2024-08-27T13:50:05.568+0000][info][gc,heap     ] GC(82) Archive regions: 2->2
[2024-08-27T13:50:05.568+0000][info][gc,heap     ] GC(82) Humongous regions: 5->5
[2024-08-27T13:50:05.568+0000][info][gc,metaspace] GC(82) Metaspace: 100K(320K)->100K(320K) NonClass: 96K(192K)->96K(192K) Class: 4K(128K)->4K(128K)
[2024-08-27T13:50:05.568+0000][info][gc          ] GC(82) Pause Young (Prepare Mixed) (G1 Evacuation Pause) 1557M->1559M(2048M) 26.816ms
[2024-08-27T13:50:05.568+0000][info][gc,cpu      ] GC(82) User=1.23s Sys=0.00s Real=0.02s
[2024-08-27T13:50:05.610+0000][info][gc,start    ] GC(83) Pause Young (Mixed) (G1 Evacuation Pause)
[2024-08-27T13:50:05.610+0000][info][gc,task     ] GC(83) Using 49 workers of 68 for evacuation
[2024-08-27T13:50:05.628+0000][info][gc,phases   ] GC(83)   Pre Evacuate Collection Set: 0.4ms
[2024-08-27T13:50:05.628+0000][info][gc,phases   ] GC(83)   Merge Heap Roots: 0.5ms
[2024-08-27T13:50:05.628+0000][info][gc,phases   ] GC(83)   Evacuate Collection Set: 16.4ms
[2024-08-27T13:50:05.628+0000][info][gc,phases   ] GC(83)   Post Evacuate Collection Set: 0.7ms
[2024-08-27T13:50:05.628+0000][info][gc,phases   ] GC(83)   Other: 0.4ms
[2024-08-27T13:50:05.628+0000][info][gc,heap     ] GC(83) Eden regions: 83->0(89)
[2024-08-27T13:50:05.628+0000][info][gc,heap     ] GC(83) Survivor regions: 19->13(13)
[2024-08-27T13:50:05.628+0000][info][gc,heap     ] GC(83) Old regions: 1535->1425
[2024-08-27T13:50:05.628+0000][info][gc,heap     ] GC(83) Archive regions: 2->2
[2024-08-27T13:50:05.628+0000][info][gc,heap     ] GC(83) Humongous regions: 5->5
[2024-08-27T13:50:05.628+0000][info][gc,metaspace] GC(83) Metaspace: 100K(320K)->100K(320K) NonClass: 96K(192K)->96K(192K) Class: 4K(128K)->4K(128K)
[2024-08-27T13:50:05.628+0000][info][gc          ] GC(83) Pause Young (Mixed) (G1 Evacuation Pause) 1642M->1443M(2048M) 18.518ms
[2024-08-27T13:50:05.628+0000][info][gc,cpu      ] GC(83) User=0.82s Sys=0.00s Real=0.01s
[2024-08-27T13:50:05.673+0000][info][gc,start    ] GC(84) Pause Young (Mixed) (G1 Evacuation Pause)
[2024-08-27T13:50:05.673+0000][info][gc,task     ] GC(84) Using 49 workers of 68 for evacuation
[2024-08-27T13:50:05.692+0000][info][gc,phases   ] GC(84)   Pre Evacuate Collection Set: 0.4ms
[2024-08-27T13:50:05.692+0000][info][gc,phases   ] GC(84)   Merge Heap Roots: 0.8ms
[2024-08-27T13:50:05.692+0000][info][gc,phases   ] GC(84)   Evacuate Collection Set: 15.9ms
[2024-08-27T13:50:05.692+0000][info][gc,phases   ] GC(84)   Post Evacuate Collection Set: 0.7ms
[2024-08-27T13:50:05.692+0000][info][gc,phases   ] GC(84)   Other: 0.4ms
[2024-08-27T13:50:05.692+0000][info][gc,heap     ] GC(84) Eden regions: 89->0(89)
[2024-08-27T13:50:05.692+0000][info][gc,heap     ] GC(84) Survivor regions: 13->13(13)
[2024-08-27T13:50:05.692+0000][info][gc,heap     ] GC(84) Old regions: 1425->1313
[2024-08-27T13:50:05.692+0000][info][gc,heap     ] GC(84) Archive regions: 2->2
[2024-08-27T13:50:05.692+0000][info][gc,heap     ] GC(84) Humongous regions: 5->5
[2024-08-27T13:50:05.692+0000][info][gc,metaspace] GC(84) Metaspace: 100K(320K)->100K(320K) NonClass: 96K(192K)->96K(192K) Class: 4K(128K)->4K(128K)
[2024-08-27T13:50:05.692+0000][info][gc          ] GC(84) Pause Young (Mixed) (G1 Evacuation Pause) 1532M->1331M(2048M) 18.401ms
[2024-08-27T13:50:05.692+0000][info][gc,cpu      ] GC(84) User=0.80s Sys=0.02s Real=0.02s
[2024-08-27T13:50:05.736+0000][info][gc,start    ] GC(85) Pause Young (Mixed) (G1 Evacuation Pause)
[2024-08-27T13:50:05.736+0000][info][gc,task     ] GC(85) Using 49 workers of 68 for evacuation
[2024-08-27T13:50:05.753+0000][info][gc,phases   ] GC(85)   Pre Evacuate Collection Set: 0.4ms
[2024-08-27T13:50:05.753+0000][info][gc,phases   ] GC(85)   Merge Heap Roots: 0.6ms
[2024-08-27T13:50:05.753+0000][info][gc,phases   ] GC(85)   Evacuate Collection Set: 15.5ms
[2024-08-27T13:50:05.753+0000][info][gc,phases   ] GC(85)   Post Evacuate Collection Set: 0.7ms
[2024-08-27T13:50:05.753+0000][info][gc,phases   ] GC(85)   Other: 0.4ms
[2024-08-27T13:50:05.753+0000][info][gc,heap     ] GC(85) Eden regions: 89->0(89)
[2024-08-27T13:50:05.753+0000][info][gc,heap     ] GC(85) Survivor regions: 13->13(13)
[2024-08-27T13:50:05.753+0000][info][gc,heap     ] GC(85) Old regions: 1313->1201
[2024-08-27T13:50:05.754+0000][info][gc,heap     ] GC(85) Archive regions: 2->2
[2024-08-27T13:50:05.754+0000][info][gc,heap     ] GC(85) Humongous regions: 5->5
[2024-08-27T13:50:05.754+0000][info][gc,metaspace] GC(85) Metaspace: 100K(320K)->100K(320K) NonClass: 96K(192K)->96K(192K) Class: 4K(128K)->4K(128K)
[2024-08-27T13:50:05.754+0000][info][gc          ] GC(85) Pause Young (Mixed) (G1 Evacuation Pause) 1420M->1219M(2048M) 17.790ms
[2024-08-27T13:50:05.754+0000][info][gc,cpu      ] GC(85) User=0.78s Sys=0.00s Real=0.02s
[2024-08-27T13:50:05.798+0000][info][gc,start    ] GC(86) Pause Young (Mixed) (G1 Evacuation Pause)
[2024-08-27T13:50:05.798+0000][info][gc,task     ] GC(86) Using 49 workers of 68 for evacuation
[2024-08-27T13:50:05.816+0000][info][gc,phases   ] GC(86)   Pre Evacuate Collection Set: 0.4ms
[2024-08-27T13:50:05.816+0000][info][gc,phases   ] GC(86)   Merge Heap Roots: 0.9ms
[2024-08-27T13:50:05.816+0000][info][gc,phases   ] GC(86)   Evacuate Collection Set: 16.4ms
[2024-08-27T13:50:05.816+0000][info][gc,phases   ] GC(86)   Post Evacuate Collection Set: 0.7ms
[2024-08-27T13:50:05.816+0000][info][gc,phases   ] GC(86)   Other: 0.4ms
[2024-08-27T13:50:05.816+0000][info][gc,heap     ] GC(86) Eden regions: 89->0(221)
[2024-08-27T13:50:05.817+0000][info][gc,heap     ] GC(86) Survivor regions: 13->13(13)
[2024-08-27T13:50:05.817+0000][info][gc,heap     ] GC(86) Old regions: 1201->1133
[2024-08-27T13:50:05.817+0000][info][gc,heap     ] GC(86) Archive regions: 2->2
[2024-08-27T13:50:05.817+0000][info][gc,heap     ] GC(86) Humongous regions: 5->5
[2024-08-27T13:50:05.817+0000][info][gc,metaspace] GC(86) Metaspace: 100K(320K)->100K(320K) NonClass: 96K(192K)->96K(192K) Class: 4K(128K)->4K(128K)
[2024-08-27T13:50:05.817+0000][info][gc          ] GC(86) Pause Young (Mixed) (G1 Evacuation Pause) 1308M->1151M(2048M) 18.998ms
[2024-08-27T13:50:05.817+0000][info][gc,cpu      ] GC(86) User=0.83s Sys=0.01s Real=0.01s
[2024-08-27T13:50:05.923+0000][info][gc,start    ] GC(87) Pause Young (Normal) (G1 Evacuation Pause)
[2024-08-27T13:50:05.923+0000][info][gc,task     ] GC(87) Using 49 workers of 68 for evacuation
[2024-08-27T13:50:05.958+0000][info][gc,phases   ] GC(87)   Pre Evacuate Collection Set: 0.3ms
[2024-08-27T13:50:05.958+0000][info][gc,phases   ] GC(87)   Merge Heap Roots: 1.1ms
[2024-08-27T13:50:05.958+0000][info][gc,phases   ] GC(87)   Evacuate Collection Set: 31.9ms
[2024-08-27T13:50:05.958+0000][info][gc,phases   ] GC(87)   Post Evacuate Collection Set: 0.7ms
[2024-08-27T13:50:05.958+0000][info][gc,phases   ] GC(87)   Other: 0.4ms
[2024-08-27T13:50:05.958+0000][info][gc,heap     ] GC(87) Eden regions: 221->0(151)
[2024-08-27T13:50:05.958+0000][info][gc,heap     ] GC(87) Survivor regions: 13->30(30)
[2024-08-27T13:50:05.958+0000][info][gc,heap     ] GC(87) Old regions: 1133->1334
[2024-08-27T13:50:05.958+0000][info][gc,heap     ] GC(87) Archive regions: 2->2
[2024-08-27T13:50:05.958+0000][info][gc,heap     ] GC(87) Humongous regions: 5->5
[2024-08-27T13:50:05.958+0000][info][gc,metaspace] GC(87) Metaspace: 100K(320K)->100K(320K) NonClass: 96K(192K)->96K(192K) Class: 4K(128K)->4K(128K)
[2024-08-27T13:50:05.958+0000][info][gc          ] GC(87) Pause Young (Normal) (G1 Evacuation Pause) 1372M->1369M(2048M) 34.554ms
[2024-08-27T13:50:05.958+0000][info][gc,cpu      ] GC(87) User=1.57s Sys=0.01s Real=0.04s
[2024-08-27T13:50:06.031+0000][info][gc,start    ] GC(88) Pause Young (Normal) (G1 Evacuation Pause)
[2024-08-27T13:50:06.031+0000][info][gc,task     ] GC(88) Using 49 workers of 68 for evacuation
[2024-08-27T13:50:06.059+0000][info][gc,phases   ] GC(88)   Pre Evacuate Collection Set: 0.3ms
[2024-08-27T13:50:06.059+0000][info][gc,phases   ] GC(88)   Merge Heap Roots: 1.0ms
[2024-08-27T13:50:06.059+0000][info][gc,phases   ] GC(88)   Evacuate Collection Set: 25.9ms
[2024-08-27T13:50:06.059+0000][info][gc,phases   ] GC(88)   Post Evacuate Collection Set: 0.7ms
[2024-08-27T13:50:06.059+0000][info][gc,phases   ] GC(88)   Other: 0.4ms
[2024-08-27T13:50:06.059+0000][info][gc,heap     ] GC(88) Eden regions: 151->0(101)
[2024-08-27T13:50:06.059+0000][info][gc,heap     ] GC(88) Survivor regions: 30->23(23)
[2024-08-27T13:50:06.059+0000][info][gc,heap     ] GC(88) Old regions: 1334->1495
[2024-08-27T13:50:06.060+0000][info][gc,heap     ] GC(88) Archive regions: 2->2
[2024-08-27T13:50:06.060+0000][info][gc,heap     ] GC(88) Humongous regions: 5->5
[2024-08-27T13:50:06.060+0000][info][gc,metaspace] GC(88) Metaspace: 100K(320K)->100K(320K) NonClass: 96K(192K)->96K(192K) Class: 4K(128K)->4K(128K)
[2024-08-27T13:50:06.060+0000][info][gc          ] GC(88) Pause Young (Normal) (G1 Evacuation Pause) 1520M->1523M(2048M) 28.343ms
[2024-08-27T13:50:06.060+0000][info][gc,cpu      ] GC(88) User=1.30s Sys=0.00s Real=0.03s
[2024-08-27T13:50:06.110+0000][info][gc,start    ] GC(89) Pause Young (Concurrent Start) (G1 Evacuation Pause)
[2024-08-27T13:50:06.110+0000][info][gc,task     ] GC(89) Using 49 workers of 68 for evacuation
[2024-08-27T13:50:06.133+0000][info][gc,phases   ] GC(89)   Pre Evacuate Collection Set: 0.3ms
[2024-08-27T13:50:06.133+0000][info][gc,phases   ] GC(89)   Merge Heap Roots: 0.9ms
[2024-08-27T13:50:06.133+0000][info][gc,phases   ] GC(89)   Evacuate Collection Set: 19.5ms
[2024-08-27T13:50:06.133+0000][info][gc,phases   ] GC(89)   Post Evacuate Collection Set: 0.6ms
[2024-08-27T13:50:06.133+0000][info][gc,phases   ] GC(89)   Other: 1.2ms
[2024-08-27T13:50:06.133+0000][info][gc,heap     ] GC(89) Eden regions: 101->0(86)
[2024-08-27T13:50:06.133+0000][info][gc,heap     ] GC(89) Survivor regions: 23->16(16)
[2024-08-27T13:50:06.133+0000][info][gc,heap     ] GC(89) Old regions: 1495->1612
[2024-08-27T13:50:06.133+0000][info][gc,heap     ] GC(89) Archive regions: 2->2
[2024-08-27T13:50:06.133+0000][info][gc,heap     ] GC(89) Humongous regions: 5->5
[2024-08-27T13:50:06.133+0000][info][gc,metaspace] GC(89) Metaspace: 100K(320K)->100K(320K) NonClass: 96K(192K)->96K(192K) Class: 4K(128K)->4K(128K)
[2024-08-27T13:50:06.133+0000][info][gc          ] GC(89) Pause Young (Concurrent Start) (G1 Evacuation Pause) 1624M->1633M(2048M) 22.644ms
[2024-08-27T13:50:06.133+0000][info][gc,cpu      ] GC(89) User=0.98s Sys=0.00s Real=0.02s
[2024-08-27T13:50:06.133+0000][info][gc          ] GC(90) Concurrent Mark Cycle
[2024-08-27T13:50:06.133+0000][info][gc,marking  ] GC(90) Concurrent Clear Claimed Marks
[2024-08-27T13:50:06.133+0000][info][gc,marking  ] GC(90) Concurrent Clear Claimed Marks 0.011ms
[2024-08-27T13:50:06.133+0000][info][gc,marking  ] GC(90) Concurrent Scan Root Regions
[2024-08-27T13:50:06.136+0000][info][gc,marking  ] GC(90) Concurrent Scan Root Regions 3.067ms
[2024-08-27T13:50:06.136+0000][info][gc,marking  ] GC(90) Concurrent Mark
[2024-08-27T13:50:06.136+0000][info][gc,marking  ] GC(90) Concurrent Mark From Roots
[2024-08-27T13:50:06.136+0000][info][gc,task     ] GC(90) Using 17 workers of 17 for marking
[2024-08-27T13:50:06.156+0000][info][gc,marking  ] GC(90) Concurrent Mark From Roots 20.105ms
[2024-08-27T13:50:06.156+0000][info][gc,marking  ] GC(90) Concurrent Preclean
[2024-08-27T13:50:06.157+0000][info][gc,marking  ] GC(90) Concurrent Preclean 0.500ms
[2024-08-27T13:50:06.157+0000][info][gc,start    ] GC(90) Pause Remark
[2024-08-27T13:50:06.160+0000][info][gc          ] GC(90) Pause Remark 1658M->1378M(2048M) 2.966ms
[2024-08-27T13:50:06.160+0000][info][gc,cpu      ] GC(90) User=0.00s Sys=0.02s Real=0.01s
[2024-08-27T13:50:06.160+0000][info][gc,marking  ] GC(90) Concurrent Mark 24.163ms
[2024-08-27T13:50:06.160+0000][info][gc,marking  ] GC(90) Concurrent Rebuild Remembered Sets
[2024-08-27T13:50:06.210+0000][info][gc,start    ] GC(91) Pause Young (Normal) (G1 Evacuation Pause)
[2024-08-27T13:50:06.210+0000][info][gc,task     ] GC(91) Using 49 workers of 68 for evacuation
[2024-08-27T13:50:06.228+0000][info][gc,phases   ] GC(91)   Pre Evacuate Collection Set: 0.3ms
[2024-08-27T13:50:06.228+0000][info][gc,phases   ] GC(91)   Merge Heap Roots: 0.9ms
[2024-08-27T13:50:06.228+0000][info][gc,phases   ] GC(91)   Evacuate Collection Set: 15.6ms
[2024-08-27T13:50:06.228+0000][info][gc,phases   ] GC(91)   Post Evacuate Collection Set: 1.0ms
[2024-08-27T13:50:06.228+0000][info][gc,phases   ] GC(91)   Other: 0.4ms
[2024-08-27T13:50:06.228+0000][info][gc,heap     ] GC(91) Eden regions: 86->0(125)
[2024-08-27T13:50:06.228+0000][info][gc,heap     ] GC(91) Survivor regions: 16->13(13)
[2024-08-27T13:50:06.228+0000][info][gc,heap     ] GC(91) Old regions: 1332->1430
[2024-08-27T13:50:06.228+0000][info][gc,heap     ] GC(91) Archive regions: 2->2
[2024-08-27T13:50:06.228+0000][info][gc,heap     ] GC(91) Humongous regions: 5->5
[2024-08-27T13:50:06.228+0000][info][gc,metaspace] GC(91) Metaspace: 100K(320K)->100K(320K) NonClass: 96K(192K)->96K(192K) Class: 4K(128K)->4K(128K)
[2024-08-27T13:50:06.228+0000][info][gc          ] GC(91) Pause Young (Normal) (G1 Evacuation Pause) 1439M->1448M(2048M) 18.317ms
[2024-08-27T13:50:06.228+0000][info][gc,cpu      ] GC(91) User=0.80s Sys=0.01s Real=0.01s
[2024-08-27T13:50:06.228+0000][info][gc,marking  ] GC(90) Concurrent Rebuild Remembered Sets 67.904ms
[2024-08-27T13:50:06.229+0000][info][gc,start    ] GC(90) Pause Cleanup
[2024-08-27T13:50:06.234+0000][info][gc          ] GC(90) Pause Cleanup 1449M->1449M(2048M) 5.541ms
[2024-08-27T13:50:06.234+0000][info][gc,cpu      ] GC(90) User=0.01s Sys=0.01s Real=0.01s
[2024-08-27T13:50:06.234+0000][info][gc,marking  ] GC(90) Concurrent Cleanup for Next Mark
[2024-08-27T13:50:06.236+0000][info][gc,marking  ] GC(90) Concurrent Cleanup for Next Mark 1.341ms
[2024-08-27T13:50:06.236+0000][info][gc          ] GC(90) Concurrent Mark Cycle 102.710ms
[2024-08-27T13:50:06.299+0000][info][gc,start    ] GC(92) Pause Young (Prepare Mixed) (G1 Evacuation Pause)
[2024-08-27T13:50:06.300+0000][info][gc,task     ] GC(92) Using 49 workers of 68 for evacuation
[2024-08-27T13:50:06.325+0000][info][gc,phases   ] GC(92)   Pre Evacuate Collection Set: 0.3ms
[2024-08-27T13:50:06.325+0000][info][gc,phases   ] GC(92)   Merge Heap Roots: 0.9ms
[2024-08-27T13:50:06.325+0000][info][gc,phases   ] GC(92)   Evacuate Collection Set: 23.6ms
[2024-08-27T13:50:06.325+0000][info][gc,phases   ] GC(92)   Post Evacuate Collection Set: 0.6ms
[2024-08-27T13:50:06.325+0000][info][gc,phases   ] GC(92)   Other: 0.4ms
[2024-08-27T13:50:06.325+0000][info][gc,heap     ] GC(92) Eden regions: 125->0(84)
[2024-08-27T13:50:06.325+0000][info][gc,heap     ] GC(92) Survivor regions: 13->18(18)
[2024-08-27T13:50:06.325+0000][info][gc,heap     ] GC(92) Old regions: 1430->1553
[2024-08-27T13:50:06.325+0000][info][gc,heap     ] GC(92) Archive regions: 2->2
[2024-08-27T13:50:06.325+0000][info][gc,heap     ] GC(92) Humongous regions: 5->5
[2024-08-27T13:50:06.325+0000][info][gc,metaspace] GC(92) Metaspace: 100K(320K)->100K(320K) NonClass: 96K(192K)->96K(192K) Class: 4K(128K)->4K(128K)
[2024-08-27T13:50:06.325+0000][info][gc          ] GC(92) Pause Young (Prepare Mixed) (G1 Evacuation Pause) 1573M->1576M(2048M) 25.939ms
[2024-08-27T13:50:06.325+0000][info][gc,cpu      ] GC(92) User=1.18s Sys=0.00s Real=0.02s
[2024-08-27T13:50:06.369+0000][info][gc,start    ] GC(93) Pause Young (Mixed) (G1 Evacuation Pause)
[2024-08-27T13:50:06.369+0000][info][gc,task     ] GC(93) Using 49 workers of 68 for evacuation
[2024-08-27T13:50:06.387+0000][info][gc,phases   ] GC(93)   Pre Evacuate Collection Set: 0.4ms
[2024-08-27T13:50:06.387+0000][info][gc,phases   ] GC(93)   Merge Heap Roots: 0.9ms
[2024-08-27T13:50:06.387+0000][info][gc,phases   ] GC(93)   Evacuate Collection Set: 16.2ms
[2024-08-27T13:50:06.387+0000][info][gc,phases   ] GC(93)   Post Evacuate Collection Set: 0.7ms
[2024-08-27T13:50:06.387+0000][info][gc,phases   ] GC(93)   Other: 0.4ms
[2024-08-27T13:50:06.387+0000][info][gc,heap     ] GC(93) Eden regions: 84->0(89)
[2024-08-27T13:50:06.387+0000][info][gc,heap     ] GC(93) Survivor regions: 18->13(13)
[2024-08-27T13:50:06.387+0000][info][gc,heap     ] GC(93) Old regions: 1553->1442
[2024-08-27T13:50:06.387+0000][info][gc,heap     ] GC(93) Archive regions: 2->2
[2024-08-27T13:50:06.387+0000][info][gc,heap     ] GC(93) Humongous regions: 5->5
[2024-08-27T13:50:06.387+0000][info][gc,metaspace] GC(93) Metaspace: 100K(320K)->100K(320K) NonClass: 96K(192K)->96K(192K) Class: 4K(128K)->4K(128K)
[2024-08-27T13:50:06.387+0000][info][gc          ] GC(93) Pause Young (Mixed) (G1 Evacuation Pause) 1660M->1460M(2048M) 18.720ms
[2024-08-27T13:50:06.387+0000][info][gc,cpu      ] GC(93) User=0.83s Sys=0.00s Real=0.02s
[2024-08-27T13:50:06.433+0000][info][gc,start    ] GC(94) Pause Young (Mixed) (G1 Evacuation Pause)
[2024-08-27T13:50:06.433+0000][info][gc,task     ] GC(94) Using 49 workers of 68 for evacuation
[2024-08-27T13:50:06.451+0000][info][gc,phases   ] GC(94)   Pre Evacuate Collection Set: 0.6ms
[2024-08-27T13:50:06.451+0000][info][gc,phases   ] GC(94)   Merge Heap Roots: 0.6ms
[2024-08-27T13:50:06.451+0000][info][gc,phases   ] GC(94)   Evacuate Collection Set: 16.0ms
[2024-08-27T13:50:06.451+0000][info][gc,phases   ] GC(94)   Post Evacuate Collection Set: 0.7ms
[2024-08-27T13:50:06.451+0000][info][gc,phases   ] GC(94)   Other: 0.4ms
[2024-08-27T13:50:06.451+0000][info][gc,heap     ] GC(94) Eden regions: 89->0(89)
[2024-08-27T13:50:06.451+0000][info][gc,heap     ] GC(94) Survivor regions: 13->13(13)
[2024-08-27T13:50:06.451+0000][info][gc,heap     ] GC(94) Old regions: 1442->1331
[2024-08-27T13:50:06.451+0000][info][gc,heap     ] GC(94) Archive regions: 2->2
[2024-08-27T13:50:06.451+0000][info][gc,heap     ] GC(94) Humongous regions: 5->5
[2024-08-27T13:50:06.452+0000][info][gc,metaspace] GC(94) Metaspace: 100K(320K)->100K(320K) NonClass: 96K(192K)->96K(192K) Class: 4K(128K)->4K(128K)
[2024-08-27T13:50:06.452+0000][info][gc          ] GC(94) Pause Young (Mixed) (G1 Evacuation Pause) 1549M->1349M(2048M) 18.432ms
[2024-08-27T13:50:06.452+0000][info][gc,cpu      ] GC(94) User=0.81s Sys=0.00s Real=0.02s
[2024-08-27T13:50:06.496+0000][info][gc,start    ] GC(95) Pause Young (Mixed) (G1 Evacuation Pause)
[2024-08-27T13:50:06.496+0000][info][gc,task     ] GC(95) Using 49 workers of 68 for evacuation
[2024-08-27T13:50:06.515+0000][info][gc,phases   ] GC(95)   Pre Evacuate Collection Set: 0.4ms
[2024-08-27T13:50:06.515+0000][info][gc,phases   ] GC(95)   Merge Heap Roots: 0.9ms
[2024-08-27T13:50:06.515+0000][info][gc,phases   ] GC(95)   Evacuate Collection Set: 16.1ms
[2024-08-27T13:50:06.515+0000][info][gc,phases   ] GC(95)   Post Evacuate Collection Set: 0.7ms
[2024-08-27T13:50:06.515+0000][info][gc,phases   ] GC(95)   Other: 0.4ms
[2024-08-27T13:50:06.515+0000][info][gc,heap     ] GC(95) Eden regions: 89->0(89)
[2024-08-27T13:50:06.515+0000][info][gc,heap     ] GC(95) Survivor regions: 13->13(13)
[2024-08-27T13:50:06.515+0000][info][gc,heap     ] GC(95) Old regions: 1331->1219
[2024-08-27T13:50:06.515+0000][info][gc,heap     ] GC(95) Archive regions: 2->2
[2024-08-27T13:50:06.515+0000][info][gc,heap     ] GC(95) Humongous regions: 5->5
[2024-08-27T13:50:06.515+0000][info][gc,metaspace] GC(95) Metaspace: 100K(320K)->100K(320K) NonClass: 96K(192K)->96K(192K) Class: 4K(128K)->4K(128K)
[2024-08-27T13:50:06.515+0000][info][gc          ] GC(95) Pause Young (Mixed) (G1 Evacuation Pause) 1438M->1237M(2048M) 18.727ms
[2024-08-27T13:50:06.515+0000][info][gc,cpu      ] GC(95) User=0.83s Sys=0.00s Real=0.02s
[2024-08-27T13:50:06.559+0000][info][gc,start    ] GC(96) Pause Young (Mixed) (G1 Evacuation Pause)
[2024-08-27T13:50:06.559+0000][info][gc,task     ] GC(96) Using 49 workers of 68 for evacuation
[2024-08-27T13:50:06.577+0000][info][gc,phases   ] GC(96)   Pre Evacuate Collection Set: 0.4ms
[2024-08-27T13:50:06.577+0000][info][gc,phases   ] GC(96)   Merge Heap Roots: 0.6ms
[2024-08-27T13:50:06.577+0000][info][gc,phases   ] GC(96)   Evacuate Collection Set: 16.1ms
[2024-08-27T13:50:06.577+0000][info][gc,phases   ] GC(96)   Post Evacuate Collection Set: 0.7ms
[2024-08-27T13:50:06.577+0000][info][gc,phases   ] GC(96)   Other: 0.4ms
[2024-08-27T13:50:06.577+0000][info][gc,heap     ] GC(96) Eden regions: 89->0(219)
[2024-08-27T13:50:06.577+0000][info][gc,heap     ] GC(96) Survivor regions: 13->13(13)
[2024-08-27T13:50:06.577+0000][info][gc,heap     ] GC(96) Old regions: 1219->1141
[2024-08-27T13:50:06.577+0000][info][gc,heap     ] GC(96) Archive regions: 2->2
[2024-08-27T13:50:06.577+0000][info][gc,heap     ] GC(96) Humongous regions: 5->5
[2024-08-27T13:50:06.577+0000][info][gc,metaspace] GC(96) Metaspace: 100K(320K)->100K(320K) NonClass: 96K(192K)->96K(192K) Class: 4K(128K)->4K(128K)
[2024-08-27T13:50:06.577+0000][info][gc          ] GC(96) Pause Young (Mixed) (G1 Evacuation Pause) 1326M->1159M(2048M) 18.363ms
[2024-08-27T13:50:06.577+0000][info][gc,cpu      ] GC(96) User=0.82s Sys=0.00s Real=0.01s
[2024-08-27T13:50:06.686+0000][info][gc,start    ] GC(97) Pause Young (Normal) (G1 Evacuation Pause)
[2024-08-27T13:50:06.686+0000][info][gc,task     ] GC(97) Using 49 workers of 68 for evacuation
[2024-08-27T13:50:06.722+0000][info][gc,phases   ] GC(97)   Pre Evacuate Collection Set: 0.4ms
[2024-08-27T13:50:06.722+0000][info][gc,phases   ] GC(97)   Merge Heap Roots: 0.9ms
[2024-08-27T13:50:06.722+0000][info][gc,phases   ] GC(97)   Evacuate Collection Set: 33.2ms
[2024-08-27T13:50:06.722+0000][info][gc,phases   ] GC(97)   Post Evacuate Collection Set: 0.7ms
[2024-08-27T13:50:06.722+0000][info][gc,phases   ] GC(97)   Other: 0.4ms
[2024-08-27T13:50:06.722+0000][info][gc,heap     ] GC(97) Eden regions: 219->0(149)
[2024-08-27T13:50:06.722+0000][info][gc,heap     ] GC(97) Survivor regions: 13->29(29)
[2024-08-27T13:50:06.722+0000][info][gc,heap     ] GC(97) Old regions: 1141->1341
[2024-08-27T13:50:06.722+0000][info][gc,heap     ] GC(97) Archive regions: 2->2
[2024-08-27T13:50:06.722+0000][info][gc,heap     ] GC(97) Humongous regions: 5->5
[2024-08-27T13:50:06.722+0000][info][gc,metaspace] GC(97) Metaspace: 100K(320K)->100K(320K) NonClass: 96K(192K)->96K(192K) Class: 4K(128K)->4K(128K)
[2024-08-27T13:50:06.722+0000][info][gc          ] GC(97) Pause Young (Normal) (G1 Evacuation Pause) 1378M->1375M(2048M) 35.680ms
[2024-08-27T13:50:06.722+0000][info][gc,cpu      ] GC(97) User=1.62s Sys=0.01s Real=0.04s
[2024-08-27T13:50:06.804+0000][info][gc,start    ] GC(98) Pause Young (Normal) (G1 Evacuation Pause)
[2024-08-27T13:50:06.804+0000][info][gc,task     ] GC(98) Using 49 workers of 68 for evacuation
[2024-08-27T13:50:06.833+0000][info][gc,phases   ] GC(98)   Pre Evacuate Collection Set: 0.4ms
[2024-08-27T13:50:06.834+0000][info][gc,phases   ] GC(98)   Merge Heap Roots: 1.1ms
[2024-08-27T13:50:06.834+0000][info][gc,phases   ] GC(98)   Evacuate Collection Set: 27.2ms
[2024-08-27T13:50:06.834+0000][info][gc,phases   ] GC(98)   Post Evacuate Collection Set: 0.5ms
[2024-08-27T13:50:06.834+0000][info][gc,phases   ] GC(98)   Other: 0.3ms
[2024-08-27T13:50:06.834+0000][info][gc,heap     ] GC(98) Eden regions: 149->0(99)
[2024-08-27T13:50:06.834+0000][info][gc,heap     ] GC(98) Survivor regions: 29->23(23)
[2024-08-27T13:50:06.834+0000][info][gc,heap     ] GC(98) Old regions: 1341->1501
[2024-08-27T13:50:06.834+0000][info][gc,heap     ] GC(98) Archive regions: 2->2
[2024-08-27T13:50:06.834+0000][info][gc,heap     ] GC(98) Humongous regions: 5->5
[2024-08-27T13:50:06.834+0000][info][gc,metaspace] GC(98) Metaspace: 100K(320K)->100K(320K) NonClass: 96K(192K)->96K(192K) Class: 4K(128K)->4K(128K)
[2024-08-27T13:50:06.834+0000][info][gc          ] GC(98) Pause Young (Normal) (G1 Evacuation Pause) 1524M->1529M(2048M) 29.541ms
[2024-08-27T13:50:06.834+0000][info][gc,cpu      ] GC(98) User=1.25s Sys=0.08s Real=0.03s
[2024-08-27T13:50:06.889+0000][info][gc,start    ] GC(99) Pause Young (Concurrent Start) (G1 Evacuation Pause)
[2024-08-27T13:50:06.889+0000][info][gc,task     ] GC(99) Using 49 workers of 68 for evacuation
[2024-08-27T13:50:06.911+0000][info][gc,phases   ] GC(99)   Pre Evacuate Collection Set: 0.6ms
[2024-08-27T13:50:06.911+0000][info][gc,phases   ] GC(99)   Merge Heap Roots: 0.5ms
[2024-08-27T13:50:06.911+0000][info][gc,phases   ] GC(99)   Evacuate Collection Set: 19.5ms
[2024-08-27T13:50:06.911+0000][info][gc,phases   ] GC(99)   Post Evacuate Collection Set: 0.6ms
[2024-08-27T13:50:06.911+0000][info][gc,phases   ] GC(99)   Other: 0.7ms
[2024-08-27T13:50:06.911+0000][info][gc,heap     ] GC(99) Eden regions: 99->0(86)
[2024-08-27T13:50:06.911+0000][info][gc,heap     ] GC(99) Survivor regions: 23->16(16)
[2024-08-27T13:50:06.911+0000][info][gc,heap     ] GC(99) Old regions: 1501->1615
[2024-08-27T13:50:06.911+0000][info][gc,heap     ] GC(99) Archive regions: 2->2
[2024-08-27T13:50:06.911+0000][info][gc,heap     ] GC(99) Humongous regions: 5->5
[2024-08-27T13:50:06.911+0000][info][gc,metaspace] GC(99) Metaspace: 100K(320K)->100K(320K) NonClass: 96K(192K)->96K(192K) Class: 4K(128K)->4K(128K)
[2024-08-27T13:50:06.911+0000][info][gc          ] GC(99) Pause Young (Concurrent Start) (G1 Evacuation Pause) 1628M->1636M(2048M) 21.883ms
[2024-08-27T13:50:06.911+0000][info][gc,cpu      ] GC(99) User=0.92s Sys=0.04s Real=0.03s
[2024-08-27T13:50:06.911+0000][info][gc          ] GC(100) Concurrent Mark Cycle
[2024-08-27T13:50:06.911+0000][info][gc,marking  ] GC(100) Concurrent Clear Claimed Marks
[2024-08-27T13:50:06.911+0000][info][gc,marking  ] GC(100) Concurrent Clear Claimed Marks 0.012ms
[2024-08-27T13:50:06.911+0000][info][gc,marking  ] GC(100) Concurrent Scan Root Regions
[2024-08-27T13:50:06.914+0000][info][gc,marking  ] GC(100) Concurrent Scan Root Regions 3.149ms
[2024-08-27T13:50:06.914+0000][info][gc,marking  ] GC(100) Concurrent Mark
[2024-08-27T13:50:06.914+0000][info][gc,marking  ] GC(100) Concurrent Mark From Roots
[2024-08-27T13:50:06.914+0000][info][gc,task     ] GC(100) Using 17 workers of 17 for marking
[2024-08-27T13:50:06.935+0000][info][gc,marking  ] GC(100) Concurrent Mark From Roots 21.104ms
[2024-08-27T13:50:06.935+0000][info][gc,marking  ] GC(100) Concurrent Preclean
[2024-08-27T13:50:06.936+0000][info][gc,marking  ] GC(100) Concurrent Preclean 0.592ms
[2024-08-27T13:50:06.936+0000][info][gc,start    ] GC(100) Pause Remark
[2024-08-27T13:50:06.939+0000][info][gc          ] GC(100) Pause Remark 1661M->1392M(2048M) 2.725ms
[2024-08-27T13:50:06.939+0000][info][gc,cpu      ] GC(100) User=0.01s Sys=0.00s Real=0.01s
[2024-08-27T13:50:06.939+0000][info][gc,marking  ] GC(100) Concurrent Mark 24.889ms
[2024-08-27T13:50:06.939+0000][info][gc,marking  ] GC(100) Concurrent Rebuild Remembered Sets
[2024-08-27T13:50:06.987+0000][info][gc,marking  ] GC(100) Concurrent Rebuild Remembered Sets 47.998ms
[2024-08-27T13:50:06.987+0000][info][gc,start    ] GC(101) Pause Young (Normal) (G1 Evacuation Pause)
[2024-08-27T13:50:06.987+0000][info][gc,task     ] GC(101) Using 49 workers of 68 for evacuation
[2024-08-27T13:50:07.010+0000][info][gc,phases   ] GC(101)   Pre Evacuate Collection Set: 0.4ms
[2024-08-27T13:50:07.010+0000][info][gc,phases   ] GC(101)   Merge Heap Roots: 0.9ms
[2024-08-27T13:50:07.010+0000][info][gc,phases   ] GC(101)   Evacuate Collection Set: 20.4ms
[2024-08-27T13:50:07.010+0000][info][gc,phases   ] GC(101)   Post Evacuate Collection Set: 0.9ms
[2024-08-27T13:50:07.010+0000][info][gc,phases   ] GC(101)   Other: 0.2ms
[2024-08-27T13:50:07.010+0000][info][gc,heap     ] GC(101) Eden regions: 86->0(121)
[2024-08-27T13:50:07.010+0000][info][gc,heap     ] GC(101) Survivor regions: 16->13(13)
[2024-08-27T13:50:07.010+0000][info][gc,heap     ] GC(101) Old regions: 1346->1442
[2024-08-27T13:50:07.010+0000][info][gc,heap     ] GC(101) Archive regions: 2->2
[2024-08-27T13:50:07.010+0000][info][gc,heap     ] GC(101) Humongous regions: 5->5
[2024-08-27T13:50:07.010+0000][info][gc,metaspace] GC(101) Metaspace: 100K(320K)->100K(320K) NonClass: 96K(192K)->96K(192K) Class: 4K(128K)->4K(128K)
[2024-08-27T13:50:07.010+0000][info][gc          ] GC(101) Pause Young (Normal) (G1 Evacuation Pause) 1453M->1460M(2048M) 22.972ms
[2024-08-27T13:50:07.010+0000][info][gc,cpu      ] GC(101) User=0.72s Sys=0.14s Real=0.03s
[2024-08-27T13:50:07.010+0000][info][gc,start    ] GC(100) Pause Cleanup
[2024-08-27T13:50:07.013+0000][info][gc          ] GC(100) Pause Cleanup 1461M->1461M(2048M) 2.845ms
[2024-08-27T13:50:07.013+0000][info][gc,cpu      ] GC(100) User=0.01s Sys=0.00s Real=0.00s
[2024-08-27T13:50:07.013+0000][info][gc,marking  ] GC(100) Concurrent Cleanup for Next Mark
[2024-08-27T13:50:07.015+0000][info][gc,marking  ] GC(100) Concurrent Cleanup for Next Mark 1.371ms
[2024-08-27T13:50:07.015+0000][info][gc          ] GC(100) Concurrent Mark Cycle 103.994ms
[2024-08-27T13:50:07.088+0000][info][gc,start    ] GC(102) Pause Young (Prepare Mixed) (G1 Evacuation Pause)
[2024-08-27T13:50:07.088+0000][info][gc,task     ] GC(102) Using 49 workers of 68 for evacuation
[2024-08-27T13:50:07.115+0000][info][gc,phases   ] GC(102)   Pre Evacuate Collection Set: 0.4ms
[2024-08-27T13:50:07.115+0000][info][gc,phases   ] GC(102)   Merge Heap Roots: 1.5ms
[2024-08-27T13:50:07.115+0000][info][gc,phases   ] GC(102)   Evacuate Collection Set: 24.2ms
[2024-08-27T13:50:07.115+0000][info][gc,phases   ] GC(102)   Post Evacuate Collection Set: 0.5ms
[2024-08-27T13:50:07.115+0000][info][gc,phases   ] GC(102)   Other: 0.3ms
[2024-08-27T13:50:07.115+0000][info][gc,heap     ] GC(102) Eden regions: 121->0(85)
[2024-08-27T13:50:07.115+0000][info][gc,heap     ] GC(102) Survivor regions: 13->17(17)
[2024-08-27T13:50:07.115+0000][info][gc,heap     ] GC(102) Old regions: 1442->1562
[2024-08-27T13:50:07.115+0000][info][gc,heap     ] GC(102) Archive regions: 2->2
[2024-08-27T13:50:07.115+0000][info][gc,heap     ] GC(102) Humongous regions: 5->5
[2024-08-27T13:50:07.115+0000][info][gc,metaspace] GC(102) Metaspace: 100K(320K)->100K(320K) NonClass: 96K(192K)->96K(192K) Class: 4K(128K)->4K(128K)
[2024-08-27T13:50:07.115+0000][info][gc          ] GC(102) Pause Young (Prepare Mixed) (G1 Evacuation Pause) 1581M->1584M(2048M) 26.948ms
[2024-08-27T13:50:07.115+0000][info][gc,cpu      ] GC(102) User=1.26s Sys=0.00s Real=0.03s
[2024-08-27T13:50:07.160+0000][info][gc,start    ] GC(103) Pause Young (Mixed) (G1 Evacuation Pause)
[2024-08-27T13:50:07.160+0000][info][gc,task     ] GC(103) Using 49 workers of 68 for evacuation
[2024-08-27T13:50:07.183+0000][info][gc,phases   ] GC(103)   Pre Evacuate Collection Set: 0.4ms
[2024-08-27T13:50:07.184+0000][info][gc,phases   ] GC(103)   Merge Heap Roots: 0.6ms
[2024-08-27T13:50:07.184+0000][info][gc,phases   ] GC(103)   Evacuate Collection Set: 21.5ms
[2024-08-27T13:50:07.184+0000][info][gc,phases   ] GC(103)   Post Evacuate Collection Set: 0.7ms
[2024-08-27T13:50:07.184+0000][info][gc,phases   ] GC(103)   Other: 0.2ms
[2024-08-27T13:50:07.184+0000][info][gc,heap     ] GC(103) Eden regions: 85->0(89)
[2024-08-27T13:50:07.184+0000][info][gc,heap     ] GC(103) Survivor regions: 17->13(13)
[2024-08-27T13:50:07.184+0000][info][gc,heap     ] GC(103) Old regions: 1562->1451
[2024-08-27T13:50:07.184+0000][info][gc,heap     ] GC(103) Archive regions: 2->2
[2024-08-27T13:50:07.184+0000][info][gc,heap     ] GC(103) Humongous regions: 5->5
[2024-08-27T13:50:07.184+0000][info][gc,metaspace] GC(103) Metaspace: 100K(320K)->100K(320K) NonClass: 96K(192K)->96K(192K) Class: 4K(128K)->4K(128K)
[2024-08-27T13:50:07.184+0000][info][gc          ] GC(103) Pause Young (Mixed) (G1 Evacuation Pause) 1669M->1469M(2048M) 23.528ms
[2024-08-27T13:50:07.184+0000][info][gc,cpu      ] GC(103) User=0.80s Sys=0.03s Real=0.02s
[2024-08-27T13:50:07.237+0000][info][gc,start    ] GC(104) Pause Young (Mixed) (G1 Evacuation Pause)
[2024-08-27T13:50:07.237+0000][info][gc,task     ] GC(104) Using 49 workers of 68 for evacuation
[2024-08-27T13:50:07.256+0000][info][gc,phases   ] GC(104)   Pre Evacuate Collection Set: 0.4ms
[2024-08-27T13:50:07.256+0000][info][gc,phases   ] GC(104)   Merge Heap Roots: 0.8ms
[2024-08-27T13:50:07.256+0000][info][gc,phases   ] GC(104)   Evacuate Collection Set: 16.8ms
[2024-08-27T13:50:07.256+0000][info][gc,phases   ] GC(104)   Post Evacuate Collection Set: 0.6ms
[2024-08-27T13:50:07.256+0000][info][gc,phases   ] GC(104)   Other: 0.2ms
[2024-08-27T13:50:07.256+0000][info][gc,heap     ] GC(104) Eden regions: 89->0(89)
[2024-08-27T13:50:07.256+0000][info][gc,heap     ] GC(104) Survivor regions: 13->13(13)
[2024-08-27T13:50:07.256+0000][info][gc,heap     ] GC(104) Old regions: 1451->1341
[2024-08-27T13:50:07.256+0000][info][gc,heap     ] GC(104) Archive regions: 2->2
[2024-08-27T13:50:07.256+0000][info][gc,heap     ] GC(104) Humongous regions: 5->5
[2024-08-27T13:50:07.256+0000][info][gc,metaspace] GC(104) Metaspace: 100K(320K)->100K(320K) NonClass: 96K(192K)->96K(192K) Class: 4K(128K)->4K(128K)
[2024-08-27T13:50:07.256+0000][info][gc          ] GC(104) Pause Young (Mixed) (G1 Evacuation Pause) 1558M->1359M(2048M) 18.986ms
[2024-08-27T13:50:07.256+0000][info][gc,cpu      ] GC(104) User=0.70s Sys=0.16s Real=0.02s
[2024-08-27T13:50:07.305+0000][info][gc,start    ] GC(105) Pause Young (Mixed) (G1 Evacuation Pause)
[2024-08-27T13:50:07.305+0000][info][gc,task     ] GC(105) Using 49 workers of 68 for evacuation
[2024-08-27T13:50:07.328+0000][info][gc,phases   ] GC(105)   Pre Evacuate Collection Set: 0.5ms
[2024-08-27T13:50:07.328+0000][info][gc,phases   ] GC(105)   Merge Heap Roots: 0.6ms
[2024-08-27T13:50:07.328+0000][info][gc,phases   ] GC(105)   Evacuate Collection Set: 21.1ms
[2024-08-27T13:50:07.329+0000][info][gc,phases   ] GC(105)   Post Evacuate Collection Set: 0.7ms
[2024-08-27T13:50:07.329+0000][info][gc,phases   ] GC(105)   Other: 0.4ms
[2024-08-27T13:50:07.329+0000][info][gc,heap     ] GC(105) Eden regions: 89->0(89)
[2024-08-27T13:50:07.329+0000][info][gc,heap     ] GC(105) Survivor regions: 13->13(13)
[2024-08-27T13:50:07.329+0000][info][gc,heap     ] GC(105) Old regions: 1341->1229
[2024-08-27T13:50:07.329+0000][info][gc,heap     ] GC(105) Archive regions: 2->2
[2024-08-27T13:50:07.329+0000][info][gc,heap     ] GC(105) Humongous regions: 5->5
[2024-08-27T13:50:07.329+0000][info][gc,metaspace] GC(105) Metaspace: 100K(320K)->100K(320K) NonClass: 96K(192K)->96K(192K) Class: 4K(128K)->4K(128K)
[2024-08-27T13:50:07.329+0000][info][gc          ] GC(105) Pause Young (Mixed) (G1 Evacuation Pause) 1448M->1247M(2048M) 23.510ms
[2024-08-27T13:50:07.329+0000][info][gc,cpu      ] GC(105) User=0.75s Sys=0.13s Real=0.02s
[2024-08-27T13:50:07.385+0000][info][gc,start    ] GC(106) Pause Young (Mixed) (G1 Evacuation Pause)
[2024-08-27T13:50:07.385+0000][info][gc,task     ] GC(106) Using 49 workers of 68 for evacuation
[2024-08-27T13:50:07.404+0000][info][gc,phases   ] GC(106)   Pre Evacuate Collection Set: 0.4ms
[2024-08-27T13:50:07.404+0000][info][gc,phases   ] GC(106)   Merge Heap Roots: 1.0ms
[2024-08-27T13:50:07.404+0000][info][gc,phases   ] GC(106)   Evacuate Collection Set: 16.8ms
[2024-08-27T13:50:07.404+0000][info][gc,phases   ] GC(106)   Post Evacuate Collection Set: 0.7ms
[2024-08-27T13:50:07.404+0000][info][gc,phases   ] GC(106)   Other: 0.4ms
[2024-08-27T13:50:07.404+0000][info][gc,heap     ] GC(106) Eden regions: 89->0(221)
[2024-08-27T13:50:07.404+0000][info][gc,heap     ] GC(106) Survivor regions: 13->13(13)
[2024-08-27T13:50:07.404+0000][info][gc,heap     ] GC(106) Old regions: 1229->1135
[2024-08-27T13:50:07.404+0000][info][gc,heap     ] GC(106) Archive regions: 2->2
[2024-08-27T13:50:07.404+0000][info][gc,heap     ] GC(106) Humongous regions: 5->5
[2024-08-27T13:50:07.404+0000][info][gc,metaspace] GC(106) Metaspace: 100K(320K)->100K(320K) NonClass: 96K(192K)->96K(192K) Class: 4K(128K)->4K(128K)
[2024-08-27T13:50:07.404+0000][info][gc          ] GC(106) Pause Young (Mixed) (G1 Evacuation Pause) 1336M->1153M(2048M) 19.518ms
[2024-08-27T13:50:07.404+0000][info][gc,cpu      ] GC(106) User=0.82s Sys=0.04s Real=0.02s
[2024-08-27T13:50:07.531+0000][info][gc,start    ] GC(107) Pause Young (Normal) (G1 Evacuation Pause)
[2024-08-27T13:50:07.532+0000][info][gc,task     ] GC(107) Using 49 workers of 68 for evacuation
[2024-08-27T13:50:07.567+0000][info][gc,phases   ] GC(107)   Pre Evacuate Collection Set: 0.3ms
[2024-08-27T13:50:07.567+0000][info][gc,phases   ] GC(107)   Merge Heap Roots: 1.1ms
[2024-08-27T13:50:07.567+0000][info][gc,phases   ] GC(107)   Evacuate Collection Set: 33.3ms
[2024-08-27T13:50:07.567+0000][info][gc,phases   ] GC(107)   Post Evacuate Collection Set: 0.7ms
[2024-08-27T13:50:07.567+0000][info][gc,phases   ] GC(107)   Other: 0.4ms
[2024-08-27T13:50:07.567+0000][info][gc,heap     ] GC(107) Eden regions: 221->0(150)
[2024-08-27T13:50:07.567+0000][info][gc,heap     ] GC(107) Survivor regions: 13->30(30)
[2024-08-27T13:50:07.567+0000][info][gc,heap     ] GC(107) Old regions: 1135->1336
[2024-08-27T13:50:07.567+0000][info][gc,heap     ] GC(107) Archive regions: 2->2
[2024-08-27T13:50:07.567+0000][info][gc,heap     ] GC(107) Humongous regions: 5->5
[2024-08-27T13:50:07.567+0000][info][gc,metaspace] GC(107) Metaspace: 100K(320K)->100K(320K) NonClass: 96K(192K)->96K(192K) Class: 4K(128K)->4K(128K)
[2024-08-27T13:50:07.567+0000][info][gc          ] GC(107) Pause Young (Normal) (G1 Evacuation Pause) 1374M->1371M(2048M) 35.953ms
[2024-08-27T13:50:07.567+0000][info][gc,cpu      ] GC(107) User=1.42s Sys=0.22s Real=0.03s
[2024-08-27T13:50:07.643+0000][info][gc,start    ] GC(108) Pause Young (Normal) (G1 Evacuation Pause)
[2024-08-27T13:50:07.643+0000][info][gc,task     ] GC(108) Using 49 workers of 68 for evacuation
[2024-08-27T13:50:07.676+0000][info][gc,phases   ] GC(108)   Pre Evacuate Collection Set: 0.3ms
[2024-08-27T13:50:07.676+0000][info][gc,phases   ] GC(108)   Merge Heap Roots: 1.0ms
[2024-08-27T13:50:07.676+0000][info][gc,phases   ] GC(108)   Evacuate Collection Set: 30.8ms
[2024-08-27T13:50:07.676+0000][info][gc,phases   ] GC(108)   Post Evacuate Collection Set: 0.7ms
[2024-08-27T13:50:07.676+0000][info][gc,phases   ] GC(108)   Other: 0.4ms
[2024-08-27T13:50:07.676+0000][info][gc,heap     ] GC(108) Eden regions: 150->0(100)
[2024-08-27T13:50:07.676+0000][info][gc,heap     ] GC(108) Survivor regions: 30->23(23)
[2024-08-27T13:50:07.676+0000][info][gc,heap     ] GC(108) Old regions: 1336->1497
[2024-08-27T13:50:07.676+0000][info][gc,heap     ] GC(108) Archive regions: 2->2
[2024-08-27T13:50:07.676+0000][info][gc,heap     ] GC(108) Humongous regions: 5->5
[2024-08-27T13:50:07.676+0000][info][gc,metaspace] GC(108) Metaspace: 100K(320K)->100K(320K) NonClass: 96K(192K)->96K(192K) Class: 4K(128K)->4K(128K)
[2024-08-27T13:50:07.676+0000][info][gc          ] GC(108) Pause Young (Normal) (G1 Evacuation Pause) 1521M->1525M(2048M) 33.290ms
[2024-08-27T13:50:07.676+0000][info][gc,cpu      ] GC(108) User=1.09s Sys=0.33s Real=0.03s
[2024-08-27T13:50:07.727+0000][info][gc,start    ] GC(109) Pause Young (Concurrent Start) (G1 Evacuation Pause)
[2024-08-27T13:50:07.727+0000][info][gc,task     ] GC(109) Using 49 workers of 68 for evacuation
[2024-08-27T13:50:07.750+0000][info][gc,phases   ] GC(109)   Pre Evacuate Collection Set: 0.3ms
[2024-08-27T13:50:07.750+0000][info][gc,phases   ] GC(109)   Merge Heap Roots: 0.9ms
[2024-08-27T13:50:07.750+0000][info][gc,phases   ] GC(109)   Evacuate Collection Set: 19.9ms
[2024-08-27T13:50:07.750+0000][info][gc,phases   ] GC(109)   Post Evacuate Collection Set: 0.6ms
[2024-08-27T13:50:07.750+0000][info][gc,phases   ] GC(109)   Other: 1.2ms
[2024-08-27T13:50:07.750+0000][info][gc,heap     ] GC(109) Eden regions: 100->0(86)
[2024-08-27T13:50:07.750+0000][info][gc,heap     ] GC(109) Survivor regions: 23->16(16)
[2024-08-27T13:50:07.750+0000][info][gc,heap     ] GC(109) Old regions: 1497->1611
[2024-08-27T13:50:07.750+0000][info][gc,heap     ] GC(109) Archive regions: 2->2
[2024-08-27T13:50:07.750+0000][info][gc,heap     ] GC(109) Humongous regions: 5->5
[2024-08-27T13:50:07.750+0000][info][gc,metaspace] GC(109) Metaspace: 100K(320K)->100K(320K) NonClass: 96K(192K)->96K(192K) Class: 4K(128K)->4K(128K)
[2024-08-27T13:50:07.750+0000][info][gc          ] GC(109) Pause Young (Concurrent Start) (G1 Evacuation Pause) 1625M->1632M(2048M) 23.118ms
[2024-08-27T13:50:07.750+0000][info][gc,cpu      ] GC(109) User=0.78s Sys=0.23s Real=0.03s
[2024-08-27T13:50:07.750+0000][info][gc          ] GC(110) Concurrent Mark Cycle
[2024-08-27T13:50:07.750+0000][info][gc,marking  ] GC(110) Concurrent Clear Claimed Marks
[2024-08-27T13:50:07.750+0000][info][gc,marking  ] GC(110) Concurrent Clear Claimed Marks 0.011ms
[2024-08-27T13:50:07.750+0000][info][gc,marking  ] GC(110) Concurrent Scan Root Regions
[2024-08-27T13:50:07.753+0000][info][gc,marking  ] GC(110) Concurrent Scan Root Regions 3.121ms
[2024-08-27T13:50:07.753+0000][info][gc,marking  ] GC(110) Concurrent Mark
[2024-08-27T13:50:07.753+0000][info][gc,marking  ] GC(110) Concurrent Mark From Roots
[2024-08-27T13:50:07.753+0000][info][gc,task     ] GC(110) Using 17 workers of 17 for marking
[2024-08-27T13:50:07.774+0000][info][gc,marking  ] GC(110) Concurrent Mark From Roots 20.597ms
[2024-08-27T13:50:07.774+0000][info][gc,marking  ] GC(110) Concurrent Preclean
[2024-08-27T13:50:07.775+0000][info][gc,marking  ] GC(110) Concurrent Preclean 0.501ms
[2024-08-27T13:50:07.775+0000][info][gc,start    ] GC(110) Pause Remark
[2024-08-27T13:50:07.778+0000][info][gc          ] GC(110) Pause Remark 1657M->1386M(2048M) 2.926ms
[2024-08-27T13:50:07.778+0000][info][gc,cpu      ] GC(110) User=0.01s Sys=0.00s Real=0.01s
[2024-08-27T13:50:07.778+0000][info][gc,marking  ] GC(110) Concurrent Mark 24.642ms
[2024-08-27T13:50:07.778+0000][info][gc,marking  ] GC(110) Concurrent Rebuild Remembered Sets
[2024-08-27T13:50:07.823+0000][info][gc,marking  ] GC(110) Concurrent Rebuild Remembered Sets 45.388ms
[2024-08-27T13:50:07.824+0000][info][gc,start    ] GC(110) Pause Cleanup
[2024-08-27T13:50:07.830+0000][info][gc          ] GC(110) Pause Cleanup 1444M->1444M(2048M) 5.735ms
[2024-08-27T13:50:07.830+0000][info][gc,cpu      ] GC(110) User=0.01s Sys=0.01s Real=0.01s
[2024-08-27T13:50:07.830+0000][info][gc,marking  ] GC(110) Concurrent Cleanup for Next Mark
[2024-08-27T13:50:07.831+0000][info][gc,marking  ] GC(110) Concurrent Cleanup for Next Mark 1.504ms
[2024-08-27T13:50:07.831+0000][info][gc          ] GC(110) Concurrent Mark Cycle 81.381ms
[2024-08-27T13:50:07.833+0000][info][gc,start    ] GC(111) Pause Young (Prepare Mixed) (G1 Evacuation Pause)
[2024-08-27T13:50:07.833+0000][info][gc,task     ] GC(111) Using 49 workers of 68 for evacuation
[2024-08-27T13:50:07.853+0000][info][gc,phases   ] GC(111)   Pre Evacuate Collection Set: 0.3ms
[2024-08-27T13:50:07.853+0000][info][gc,phases   ] GC(111)   Merge Heap Roots: 0.5ms
[2024-08-27T13:50:07.853+0000][info][gc,phases   ] GC(111)   Evacuate Collection Set: 18.4ms
[2024-08-27T13:50:07.853+0000][info][gc,phases   ] GC(111)   Post Evacuate Collection Set: 0.6ms
[2024-08-27T13:50:07.853+0000][info][gc,phases   ] GC(111)   Other: 0.3ms
[2024-08-27T13:50:07.853+0000][info][gc,heap     ] GC(111) Eden regions: 86->0(89)
[2024-08-27T13:50:07.853+0000][info][gc,heap     ] GC(111) Survivor regions: 16->13(13)
[2024-08-27T13:50:07.853+0000][info][gc,heap     ] GC(111) Old regions: 1340->1438
[2024-08-27T13:50:07.853+0000][info][gc,heap     ] GC(111) Archive regions: 2->2
[2024-08-27T13:50:07.853+0000][info][gc,heap     ] GC(111) Humongous regions: 5->5
[2024-08-27T13:50:07.853+0000][info][gc,metaspace] GC(111) Metaspace: 100K(320K)->100K(320K) NonClass: 96K(192K)->96K(192K) Class: 4K(128K)->4K(128K)
[2024-08-27T13:50:07.853+0000][info][gc          ] GC(111) Pause Young (Prepare Mixed) (G1 Evacuation Pause) 1447M->1456M(2048M) 20.299ms
[2024-08-27T13:50:07.853+0000][info][gc,cpu      ] GC(111) User=0.76s Sys=0.04s Real=0.02s
[2024-08-27T13:50:07.899+0000][info][gc,start    ] GC(112) Pause Young (Mixed) (G1 Evacuation Pause)
[2024-08-27T13:50:07.899+0000][info][gc,task     ] GC(112) Using 49 workers of 68 for evacuation
[2024-08-27T13:50:07.916+0000][info][gc,phases   ] GC(112)   Pre Evacuate Collection Set: 0.4ms
[2024-08-27T13:50:07.916+0000][info][gc,phases   ] GC(112)   Merge Heap Roots: 0.8ms
[2024-08-27T13:50:07.917+0000][info][gc,phases   ] GC(112)   Evacuate Collection Set: 15.7ms
[2024-08-27T13:50:07.917+0000][info][gc,phases   ] GC(112)   Post Evacuate Collection Set: 0.7ms
[2024-08-27T13:50:07.917+0000][info][gc,phases   ] GC(112)   Other: 0.4ms
[2024-08-27T13:50:07.917+0000][info][gc,heap     ] GC(112) Eden regions: 89->0(89)
[2024-08-27T13:50:07.917+0000][info][gc,heap     ] GC(112) Survivor regions: 13->13(13)
[2024-08-27T13:50:07.917+0000][info][gc,heap     ] GC(112) Old regions: 1438->1328
[2024-08-27T13:50:07.917+0000][info][gc,heap     ] GC(112) Archive regions: 2->2
[2024-08-27T13:50:07.917+0000][info][gc,heap     ] GC(112) Humongous regions: 5->5
[2024-08-27T13:50:07.917+0000][info][gc,metaspace] GC(112) Metaspace: 100K(320K)->100K(320K) NonClass: 96K(192K)->96K(192K) Class: 4K(128K)->4K(128K)
[2024-08-27T13:50:07.917+0000][info][gc          ] GC(112) Pause Young (Mixed) (G1 Evacuation Pause) 1545M->1346M(2048M) 18.149ms
[2024-08-27T13:50:07.917+0000][info][gc,cpu      ] GC(112) User=0.79s Sys=0.01s Real=0.01s
[2024-08-27T13:50:07.961+0000][info][gc,start    ] GC(113) Pause Young (Mixed) (G1 Evacuation Pause)
[2024-08-27T13:50:07.961+0000][info][gc,task     ] GC(113) Using 49 workers of 68 for evacuation
[2024-08-27T13:50:07.985+0000][info][gc,phases   ] GC(113)   Pre Evacuate Collection Set: 0.5ms
[2024-08-27T13:50:07.985+0000][info][gc,phases   ] GC(113)   Merge Heap Roots: 0.5ms
[2024-08-27T13:50:07.985+0000][info][gc,phases   ] GC(113)   Evacuate Collection Set: 22.2ms
[2024-08-27T13:50:07.986+0000][info][gc,phases   ] GC(113)   Post Evacuate Collection Set: 0.7ms
[2024-08-27T13:50:07.986+0000][info][gc,phases   ] GC(113)   Other: 0.4ms
[2024-08-27T13:50:07.986+0000][info][gc,heap     ] GC(113) Eden regions: 89->0(89)
[2024-08-27T13:50:07.986+0000][info][gc,heap     ] GC(113) Survivor regions: 13->13(13)
[2024-08-27T13:50:07.986+0000][info][gc,heap     ] GC(113) Old regions: 1328->1217
[2024-08-27T13:50:07.986+0000][info][gc,heap     ] GC(113) Archive regions: 2->2
[2024-08-27T13:50:07.986+0000][info][gc,heap     ] GC(113) Humongous regions: 5->5
[2024-08-27T13:50:07.986+0000][info][gc,metaspace] GC(113) Metaspace: 100K(320K)->100K(320K) NonClass: 96K(192K)->96K(192K) Class: 4K(128K)->4K(128K)
[2024-08-27T13:50:07.986+0000][info][gc          ] GC(113) Pause Young (Mixed) (G1 Evacuation Pause) 1435M->1235M(2048M) 24.454ms
[2024-08-27T13:50:07.986+0000][info][gc,cpu      ] GC(113) User=0.77s Sys=0.04s Real=0.02s
[2024-08-27T13:50:08.050+0000][info][gc,start    ] GC(114) Pause Young (Mixed) (G1 Evacuation Pause)
[2024-08-27T13:50:08.050+0000][info][gc,task     ] GC(114) Using 49 workers of 68 for evacuation
[2024-08-27T13:50:08.069+0000][info][gc,phases   ] GC(114)   Pre Evacuate Collection Set: 0.4ms
[2024-08-27T13:50:08.069+0000][info][gc,phases   ] GC(114)   Merge Heap Roots: 0.8ms
[2024-08-27T13:50:08.069+0000][info][gc,phases   ] GC(114)   Evacuate Collection Set: 16.4ms
[2024-08-27T13:50:08.069+0000][info][gc,phases   ] GC(114)   Post Evacuate Collection Set: 0.7ms
[2024-08-27T13:50:08.069+0000][info][gc,phases   ] GC(114)   Other: 0.4ms
[2024-08-27T13:50:08.069+0000][info][gc,heap     ] GC(114) Eden regions: 89->0(89)
[2024-08-27T13:50:08.069+0000][info][gc,heap     ] GC(114) Survivor regions: 13->13(13)
[2024-08-27T13:50:08.069+0000][info][gc,heap     ] GC(114) Old regions: 1217->1106
[2024-08-27T13:50:08.069+0000][info][gc,heap     ] GC(114) Archive regions: 2->2
[2024-08-27T13:50:08.069+0000][info][gc,heap     ] GC(114) Humongous regions: 5->5
[2024-08-27T13:50:08.069+0000][info][gc,metaspace] GC(114) Metaspace: 100K(320K)->100K(320K) NonClass: 96K(192K)->96K(192K) Class: 4K(128K)->4K(128K)
[2024-08-27T13:50:08.069+0000][info][gc          ] GC(114) Pause Young (Mixed) (G1 Evacuation Pause) 1324M->1124M(2048M) 18.937ms
[2024-08-27T13:50:08.069+0000][info][gc,cpu      ] GC(114) User=0.67s Sys=0.17s Real=0.01s
[2024-08-27T13:50:08.114+0000][info][gc,start    ] GC(115) Pause Young (Mixed) (G1 Evacuation Pause)
[2024-08-27T13:50:08.114+0000][info][gc,task     ] GC(115) Using 49 workers of 68 for evacuation
[2024-08-27T13:50:08.133+0000][info][gc,phases   ] GC(115)   Pre Evacuate Collection Set: 0.4ms
[2024-08-27T13:50:08.133+0000][info][gc,phases   ] GC(115)   Merge Heap Roots: 0.6ms
[2024-08-27T13:50:08.133+0000][info][gc,phases   ] GC(115)   Evacuate Collection Set: 16.6ms
[2024-08-27T13:50:08.133+0000][info][gc,phases   ] GC(115)   Post Evacuate Collection Set: 1.1ms
[2024-08-27T13:50:08.133+0000][info][gc,phases   ] GC(115)   Other: 0.4ms
[2024-08-27T13:50:08.133+0000][info][gc,heap     ] GC(115) Eden regions: 89->0(259)
[2024-08-27T13:50:08.133+0000][info][gc,heap     ] GC(115) Survivor regions: 13->13(13)
[2024-08-27T13:50:08.133+0000][info][gc,heap     ] GC(115) Old regions: 1106->1017
[2024-08-27T13:50:08.133+0000][info][gc,heap     ] GC(115) Archive regions: 2->2
[2024-08-27T13:50:08.133+0000][info][gc,heap     ] GC(115) Humongous regions: 5->5
[2024-08-27T13:50:08.133+0000][info][gc,metaspace] GC(115) Metaspace: 100K(320K)->100K(320K) NonClass: 96K(192K)->96K(192K) Class: 4K(128K)->4K(128K)
[2024-08-27T13:50:08.133+0000][info][gc          ] GC(115) Pause Young (Mixed) (G1 Evacuation Pause) 1213M->1035M(2048M) 19.261ms
[2024-08-27T13:50:08.133+0000][info][gc,cpu      ] GC(115) User=0.82s Sys=0.02s Real=0.02s
[2024-08-27T13:50:08.294+0000][info][gc,start    ] GC(116) Pause Young (Normal) (G1 Evacuation Pause)
[2024-08-27T13:50:08.294+0000][info][gc,task     ] GC(116) Using 49 workers of 68 for evacuation
[2024-08-27T13:50:08.336+0000][info][gc,phases   ] GC(116)   Pre Evacuate Collection Set: 0.5ms
[2024-08-27T13:50:08.336+0000][info][gc,phases   ] GC(116)   Merge Heap Roots: 0.9ms
[2024-08-27T13:50:08.336+0000][info][gc,phases   ] GC(116)   Evacuate Collection Set: 39.3ms
[2024-08-27T13:50:08.336+0000][info][gc,phases   ] GC(116)   Post Evacuate Collection Set: 1.1ms
[2024-08-27T13:50:08.336+0000][info][gc,phases   ] GC(116)   Other: 0.5ms
[2024-08-27T13:50:08.336+0000][info][gc,heap     ] GC(116) Eden regions: 259->0(177)
[2024-08-27T13:50:08.336+0000][info][gc,heap     ] GC(116) Survivor regions: 13->34(34)
[2024-08-27T13:50:08.336+0000][info][gc,heap     ] GC(116) Old regions: 1017->1249
[2024-08-27T13:50:08.336+0000][info][gc,heap     ] GC(116) Archive regions: 2->2
[2024-08-27T13:50:08.336+0000][info][gc,heap     ] GC(116) Humongous regions: 5->5
[2024-08-27T13:50:08.336+0000][info][gc,metaspace] GC(116) Metaspace: 100K(320K)->100K(320K) NonClass: 96K(192K)->96K(192K) Class: 4K(128K)->4K(128K)
[2024-08-27T13:50:08.336+0000][info][gc          ] GC(116) Pause Young (Normal) (G1 Evacuation Pause) 1294M->1288M(2048M) 42.530ms
[2024-08-27T13:50:08.336+0000][info][gc,cpu      ] GC(116) User=1.60s Sys=0.35s Real=0.04s
[2024-08-27T13:50:08.423+0000][info][gc,start    ] GC(117) Pause Young (Normal) (G1 Evacuation Pause)
[2024-08-27T13:50:08.423+0000][info][gc,task     ] GC(117) Using 49 workers of 68 for evacuation
[2024-08-27T13:50:08.454+0000][info][gc,phases   ] GC(117)   Pre Evacuate Collection Set: 0.3ms
[2024-08-27T13:50:08.454+0000][info][gc,phases   ] GC(117)   Merge Heap Roots: 1.1ms
[2024-08-27T13:50:08.454+0000][info][gc,phases   ] GC(117)   Evacuate Collection Set: 28.7ms
[2024-08-27T13:50:08.454+0000][info][gc,phases   ] GC(117)   Post Evacuate Collection Set: 0.7ms
[2024-08-27T13:50:08.454+0000][info][gc,phases   ] GC(117)   Other: 0.4ms
[2024-08-27T13:50:08.454+0000][info][gc,heap     ] GC(117) Eden regions: 177->0(119)
[2024-08-27T13:50:08.454+0000][info][gc,heap     ] GC(117) Survivor regions: 34->27(27)
[2024-08-27T13:50:08.454+0000][info][gc,heap     ] GC(117) Old regions: 1249->1436
[2024-08-27T13:50:08.454+0000][info][gc,heap     ] GC(117) Archive regions: 2->2
[2024-08-27T13:50:08.454+0000][info][gc,heap     ] GC(117) Humongous regions: 5->5
[2024-08-27T13:50:08.454+0000][info][gc,metaspace] GC(117) Metaspace: 100K(320K)->100K(320K) NonClass: 96K(192K)->96K(192K) Class: 4K(128K)->4K(128K)
[2024-08-27T13:50:08.454+0000][info][gc          ] GC(117) Pause Young (Normal) (G1 Evacuation Pause) 1465M->1468M(2048M) 31.259ms
[2024-08-27T13:50:08.454+0000][info][gc,cpu      ] GC(117) User=1.30s Sys=0.14s Real=0.03s
[2024-08-27T13:50:08.512+0000][info][gc,start    ] GC(118) Pause Young (Concurrent Start) (G1 Evacuation Pause)
[2024-08-27T13:50:08.512+0000][info][gc,task     ] GC(118) Using 49 workers of 68 for evacuation
[2024-08-27T13:50:08.537+0000][info][gc,phases   ] GC(118)   Pre Evacuate Collection Set: 0.3ms
[2024-08-27T13:50:08.537+0000][info][gc,phases   ] GC(118)   Merge Heap Roots: 0.5ms
[2024-08-27T13:50:08.537+0000][info][gc,phases   ] GC(118)   Evacuate Collection Set: 22.1ms
[2024-08-27T13:50:08.537+0000][info][gc,phases   ] GC(118)   Post Evacuate Collection Set: 0.7ms
[2024-08-27T13:50:08.537+0000][info][gc,phases   ] GC(118)   Other: 1.9ms
[2024-08-27T13:50:08.537+0000][info][gc,heap     ] GC(118) Eden regions: 119->0(83)
[2024-08-27T13:50:08.537+0000][info][gc,heap     ] GC(118) Survivor regions: 27->19(19)
[2024-08-27T13:50:08.537+0000][info][gc,heap     ] GC(118) Old regions: 1436->1570
[2024-08-27T13:50:08.537+0000][info][gc,heap     ] GC(118) Archive regions: 2->2
[2024-08-27T13:50:08.537+0000][info][gc,heap     ] GC(118) Humongous regions: 5->5
[2024-08-27T13:50:08.537+0000][info][gc,metaspace] GC(118) Metaspace: 100K(320K)->100K(320K) NonClass: 96K(192K)->96K(192K) Class: 4K(128K)->4K(128K)
[2024-08-27T13:50:08.537+0000][info][gc          ] GC(118) Pause Young (Concurrent Start) (G1 Evacuation Pause) 1587M->1594M(2048M) 25.588ms
[2024-08-27T13:50:08.537+0000][info][gc,cpu      ] GC(118) User=0.98s Sys=0.12s Real=0.03s
[2024-08-27T13:50:08.538+0000][info][gc          ] GC(119) Concurrent Mark Cycle
[2024-08-27T13:50:08.538+0000][info][gc,marking  ] GC(119) Concurrent Clear Claimed Marks
[2024-08-27T13:50:08.538+0000][info][gc,marking  ] GC(119) Concurrent Clear Claimed Marks 0.013ms
[2024-08-27T13:50:08.538+0000][info][gc,marking  ] GC(119) Concurrent Scan Root Regions
[2024-08-27T13:50:08.541+0000][info][gc,marking  ] GC(119) Concurrent Scan Root Regions 3.768ms
[2024-08-27T13:50:08.541+0000][info][gc,marking  ] GC(119) Concurrent Mark
[2024-08-27T13:50:08.541+0000][info][gc,marking  ] GC(119) Concurrent Mark From Roots
[2024-08-27T13:50:08.541+0000][info][gc,task     ] GC(119) Using 17 workers of 17 for marking
[2024-08-27T13:50:08.562+0000][info][gc,marking  ] GC(119) Concurrent Mark From Roots 20.506ms
[2024-08-27T13:50:08.562+0000][info][gc,marking  ] GC(119) Concurrent Preclean
[2024-08-27T13:50:08.563+0000][info][gc,marking  ] GC(119) Concurrent Preclean 0.504ms
[2024-08-27T13:50:08.563+0000][info][gc,start    ] GC(119) Pause Remark
[2024-08-27T13:50:08.566+0000][info][gc          ] GC(119) Pause Remark 1620M->1377M(2048M) 3.122ms
[2024-08-27T13:50:08.566+0000][info][gc,cpu      ] GC(119) User=0.00s Sys=0.03s Real=0.00s
[2024-08-27T13:50:08.566+0000][info][gc,marking  ] GC(119) Concurrent Mark 24.748ms
[2024-08-27T13:50:08.566+0000][info][gc,marking  ] GC(119) Concurrent Rebuild Remembered Sets
[2024-08-27T13:50:08.610+0000][info][gc,start    ] GC(120) Pause Young (Normal) (G1 Evacuation Pause)
[2024-08-27T13:50:08.610+0000][info][gc,task     ] GC(120) Using 49 workers of 68 for evacuation
[2024-08-27T13:50:08.627+0000][info][gc,phases   ] GC(120)   Pre Evacuate Collection Set: 0.3ms
[2024-08-27T13:50:08.627+0000][info][gc,phases   ] GC(120)   Merge Heap Roots: 0.5ms
[2024-08-27T13:50:08.627+0000][info][gc,phases   ] GC(120)   Evacuate Collection Set: 15.3ms
[2024-08-27T13:50:08.627+0000][info][gc,phases   ] GC(120)   Post Evacuate Collection Set: 0.9ms
[2024-08-27T13:50:08.627+0000][info][gc,phases   ] GC(120)   Other: 0.4ms
[2024-08-27T13:50:08.627+0000][info][gc,heap     ] GC(120) Eden regions: 83->0(127)
[2024-08-27T13:50:08.627+0000][info][gc,heap     ] GC(120) Survivor regions: 19->13(13)
[2024-08-27T13:50:08.627+0000][info][gc,heap     ] GC(120) Old regions: 1327->1425
[2024-08-27T13:50:08.627+0000][info][gc,heap     ] GC(120) Archive regions: 2->2
[2024-08-27T13:50:08.627+0000][info][gc,heap     ] GC(120) Humongous regions: 5->5
[2024-08-27T13:50:08.627+0000][info][gc,metaspace] GC(120) Metaspace: 100K(320K)->100K(320K) NonClass: 96K(192K)->96K(192K) Class: 4K(128K)->4K(128K)
[2024-08-27T13:50:08.627+0000][info][gc          ] GC(120) Pause Young (Normal) (G1 Evacuation Pause) 1434M->1443M(2048M) 17.539ms
[2024-08-27T13:50:08.627+0000][info][gc,cpu      ] GC(120) User=0.77s Sys=0.00s Real=0.01s
[2024-08-27T13:50:08.631+0000][info][gc,marking  ] GC(119) Concurrent Rebuild Remembered Sets 64.382ms
[2024-08-27T13:50:08.631+0000][info][gc,start    ] GC(119) Pause Cleanup
[2024-08-27T13:50:08.638+0000][info][gc          ] GC(119) Pause Cleanup 1448M->1448M(2048M) 6.635ms
[2024-08-27T13:50:08.638+0000][info][gc,cpu      ] GC(119) User=0.01s Sys=0.00s Real=0.01s
[2024-08-27T13:50:08.638+0000][info][gc,marking  ] GC(119) Concurrent Cleanup for Next Mark
[2024-08-27T13:50:08.640+0000][info][gc,marking  ] GC(119) Concurrent Cleanup for Next Mark 2.143ms
[2024-08-27T13:50:08.640+0000][info][gc          ] GC(119) Concurrent Mark Cycle 102.592ms
[2024-08-27T13:50:08.700+0000][info][gc,start    ] GC(121) Pause Young (Prepare Mixed) (G1 Evacuation Pause)
[2024-08-27T13:50:08.701+0000][info][gc,task     ] GC(121) Using 49 workers of 68 for evacuation
[2024-08-27T13:50:08.728+0000][info][gc,phases   ] GC(121)   Pre Evacuate Collection Set: 0.3ms
[2024-08-27T13:50:08.728+0000][info][gc,phases   ] GC(121)   Merge Heap Roots: 0.8ms
[2024-08-27T13:50:08.728+0000][info][gc,phases   ] GC(121)   Evacuate Collection Set: 25.2ms
[2024-08-27T13:50:08.728+0000][info][gc,phases   ] GC(121)   Post Evacuate Collection Set: 0.7ms
[2024-08-27T13:50:08.728+0000][info][gc,phases   ] GC(121)   Other: 0.3ms
[2024-08-27T13:50:08.728+0000][info][gc,heap     ] GC(121) Eden regions: 127->0(84)
[2024-08-27T13:50:08.728+0000][info][gc,heap     ] GC(121) Survivor regions: 13->18(18)
[2024-08-27T13:50:08.728+0000][info][gc,heap     ] GC(121) Old regions: 1425->1549
[2024-08-27T13:50:08.728+0000][info][gc,heap     ] GC(121) Archive regions: 2->2
[2024-08-27T13:50:08.728+0000][info][gc,heap     ] GC(121) Humongous regions: 5->5
[2024-08-27T13:50:08.728+0000][info][gc,metaspace] GC(121) Metaspace: 100K(320K)->100K(320K) NonClass: 96K(192K)->96K(192K) Class: 4K(128K)->4K(128K)
[2024-08-27T13:50:08.728+0000][info][gc          ] GC(121) Pause Young (Prepare Mixed) (G1 Evacuation Pause) 1570M->1572M(2048M) 27.465ms
[2024-08-27T13:50:08.728+0000][info][gc,cpu      ] GC(121) User=1.21s Sys=0.01s Real=0.02s
[2024-08-27T13:50:08.772+0000][info][gc,start    ] GC(122) Pause Young (Mixed) (G1 Evacuation Pause)
[2024-08-27T13:50:08.772+0000][info][gc,task     ] GC(122) Using 49 workers of 68 for evacuation
[2024-08-27T13:50:08.790+0000][info][gc,phases   ] GC(122)   Pre Evacuate Collection Set: 0.4ms
[2024-08-27T13:50:08.790+0000][info][gc,phases   ] GC(122)   Merge Heap Roots: 0.5ms
[2024-08-27T13:50:08.790+0000][info][gc,phases   ] GC(122)   Evacuate Collection Set: 15.8ms
[2024-08-27T13:50:08.790+0000][info][gc,phases   ] GC(122)   Post Evacuate Collection Set: 0.7ms
[2024-08-27T13:50:08.790+0000][info][gc,phases   ] GC(122)   Other: 0.4ms
[2024-08-27T13:50:08.790+0000][info][gc,heap     ] GC(122) Eden regions: 84->0(89)
[2024-08-27T13:50:08.790+0000][info][gc,heap     ] GC(122) Survivor regions: 18->13(13)
[2024-08-27T13:50:08.790+0000][info][gc,heap     ] GC(122) Old regions: 1549->1440
[2024-08-27T13:50:08.790+0000][info][gc,heap     ] GC(122) Archive regions: 2->2
[2024-08-27T13:50:08.790+0000][info][gc,heap     ] GC(122) Humongous regions: 5->5
[2024-08-27T13:50:08.790+0000][info][gc,metaspace] GC(122) Metaspace: 100K(320K)->100K(320K) NonClass: 96K(192K)->96K(192K) Class: 4K(128K)->4K(128K)
[2024-08-27T13:50:08.790+0000][info][gc          ] GC(122) Pause Young (Mixed) (G1 Evacuation Pause) 1656M->1458M(2048M) 17.986ms
[2024-08-27T13:50:08.790+0000][info][gc,cpu      ] GC(122) User=0.66s Sys=0.11s Real=0.02s
[2024-08-27T13:50:08.837+0000][info][gc,start    ] GC(123) Pause Young (Mixed) (G1 Evacuation Pause)
[2024-08-27T13:50:08.837+0000][info][gc,task     ] GC(123) Using 49 workers of 68 for evacuation
[2024-08-27T13:50:08.854+0000][info][gc,phases   ] GC(123)   Pre Evacuate Collection Set: 0.4ms
[2024-08-27T13:50:08.854+0000][info][gc,phases   ] GC(123)   Merge Heap Roots: 0.6ms
[2024-08-27T13:50:08.854+0000][info][gc,phases   ] GC(123)   Evacuate Collection Set: 14.8ms
[2024-08-27T13:50:08.854+0000][info][gc,phases   ] GC(123)   Post Evacuate Collection Set: 0.7ms
[2024-08-27T13:50:08.854+0000][info][gc,phases   ] GC(123)   Other: 0.4ms
[2024-08-27T13:50:08.854+0000][info][gc,heap     ] GC(123) Eden regions: 89->0(89)
[2024-08-27T13:50:08.854+0000][info][gc,heap     ] GC(123) Survivor regions: 13->13(13)
[2024-08-27T13:50:08.854+0000][info][gc,heap     ] GC(123) Old regions: 1440->1329
[2024-08-27T13:50:08.854+0000][info][gc,heap     ] GC(123) Archive regions: 2->2
[2024-08-27T13:50:08.854+0000][info][gc,heap     ] GC(123) Humongous regions: 5->5
[2024-08-27T13:50:08.854+0000][info][gc,metaspace] GC(123) Metaspace: 100K(320K)->100K(320K) NonClass: 96K(192K)->96K(192K) Class: 4K(128K)->4K(128K)
[2024-08-27T13:50:08.854+0000][info][gc          ] GC(123) Pause Young (Mixed) (G1 Evacuation Pause) 1547M->1347M(2048M) 17.046ms
[2024-08-27T13:50:08.854+0000][info][gc,cpu      ] GC(123) User=0.69s Sys=0.05s Real=0.02s
[2024-08-27T13:50:08.900+0000][info][gc,start    ] GC(124) Pause Young (Mixed) (G1 Evacuation Pause)
[2024-08-27T13:50:08.900+0000][info][gc,task     ] GC(124) Using 49 workers of 68 for evacuation
[2024-08-27T13:50:08.921+0000][info][gc,phases   ] GC(124)   Pre Evacuate Collection Set: 0.4ms
[2024-08-27T13:50:08.921+0000][info][gc,phases   ] GC(124)   Merge Heap Roots: 0.5ms
[2024-08-27T13:50:08.921+0000][info][gc,phases   ] GC(124)   Evacuate Collection Set: 18.9ms
[2024-08-27T13:50:08.921+0000][info][gc,phases   ] GC(124)   Post Evacuate Collection Set: 0.7ms
[2024-08-27T13:50:08.921+0000][info][gc,phases   ] GC(124)   Other: 0.4ms
[2024-08-27T13:50:08.921+0000][info][gc,heap     ] GC(124) Eden regions: 89->0(89)
[2024-08-27T13:50:08.921+0000][info][gc,heap     ] GC(124) Survivor regions: 13->13(13)
[2024-08-27T13:50:08.921+0000][info][gc,heap     ] GC(124) Old regions: 1329->1218
[2024-08-27T13:50:08.921+0000][info][gc,heap     ] GC(124) Archive regions: 2->2
[2024-08-27T13:50:08.921+0000][info][gc,heap     ] GC(124) Humongous regions: 5->5
[2024-08-27T13:50:08.921+0000][info][gc,metaspace] GC(124) Metaspace: 100K(320K)->100K(320K) NonClass: 96K(192K)->96K(192K) Class: 4K(128K)->4K(128K)
[2024-08-27T13:50:08.921+0000][info][gc          ] GC(124) Pause Young (Mixed) (G1 Evacuation Pause) 1436M->1236M(2048M) 21.104ms
[2024-08-27T13:50:08.921+0000][info][gc,cpu      ] GC(124) User=0.74s Sys=0.08s Real=0.02s
[2024-08-27T13:50:08.980+0000][info][gc,start    ] GC(125) Pause Young (Mixed) (G1 Evacuation Pause)
[2024-08-27T13:50:08.980+0000][info][gc,task     ] GC(125) Using 49 workers of 68 for evacuation
[2024-08-27T13:50:08.999+0000][info][gc,phases   ] GC(125)   Pre Evacuate Collection Set: 0.4ms
[2024-08-27T13:50:09.000+0000][info][gc,phases   ] GC(125)   Merge Heap Roots: 0.6ms
[2024-08-27T13:50:09.000+0000][info][gc,phases   ] GC(125)   Evacuate Collection Set: 17.9ms
[2024-08-27T13:50:09.000+0000][info][gc,phases   ] GC(125)   Post Evacuate Collection Set: 0.7ms
[2024-08-27T13:50:09.000+0000][info][gc,phases   ] GC(125)   Other: 0.4ms
[2024-08-27T13:50:09.000+0000][info][gc,heap     ] GC(125) Eden regions: 89->0(223)
[2024-08-27T13:50:09.000+0000][info][gc,heap     ] GC(125) Survivor regions: 13->13(13)
[2024-08-27T13:50:09.000+0000][info][gc,heap     ] GC(125) Old regions: 1218->1130
[2024-08-27T13:50:09.000+0000][info][gc,heap     ] GC(125) Archive regions: 2->2
[2024-08-27T13:50:09.000+0000][info][gc,heap     ] GC(125) Humongous regions: 5->5
[2024-08-27T13:50:09.000+0000][info][gc,metaspace] GC(125) Metaspace: 100K(320K)->100K(320K) NonClass: 96K(192K)->96K(192K) Class: 4K(128K)->4K(128K)
[2024-08-27T13:50:09.000+0000][info][gc          ] GC(125) Pause Young (Mixed) (G1 Evacuation Pause) 1325M->1148M(2048M) 20.187ms
[2024-08-27T13:50:09.000+0000][info][gc,cpu      ] GC(125) User=0.58s Sys=0.31s Real=0.02s
[2024-08-27T13:50:09.113+0000][info][gc,start    ] GC(126) Pause Young (Normal) (G1 Evacuation Pause)
[2024-08-27T13:50:09.113+0000][info][gc,task     ] GC(126) Using 49 workers of 68 for evacuation
[2024-08-27T13:50:09.146+0000][info][gc,phases   ] GC(126)   Pre Evacuate Collection Set: 0.3ms
[2024-08-27T13:50:09.146+0000][info][gc,phases   ] GC(126)   Merge Heap Roots: 0.8ms
[2024-08-27T13:50:09.146+0000][info][gc,phases   ] GC(126)   Evacuate Collection Set: 30.7ms
[2024-08-27T13:50:09.146+0000][info][gc,phases   ] GC(126)   Post Evacuate Collection Set: 0.8ms
[2024-08-27T13:50:09.146+0000][info][gc,phases   ] GC(126)   Other: 0.4ms
[2024-08-27T13:50:09.146+0000][info][gc,heap     ] GC(126) Eden regions: 223->0(151)
[2024-08-27T13:50:09.146+0000][info][gc,heap     ] GC(126) Survivor regions: 13->30(30)
[2024-08-27T13:50:09.146+0000][info][gc,heap     ] GC(126) Old regions: 1130->1333
[2024-08-27T13:50:09.146+0000][info][gc,heap     ] GC(126) Archive regions: 2->2
[2024-08-27T13:50:09.146+0000][info][gc,heap     ] GC(126) Humongous regions: 5->5
[2024-08-27T13:50:09.146+0000][info][gc,metaspace] GC(126) Metaspace: 100K(320K)->100K(320K) NonClass: 96K(192K)->96K(192K) Class: 4K(128K)->4K(128K)
[2024-08-27T13:50:09.146+0000][info][gc          ] GC(126) Pause Young (Normal) (G1 Evacuation Pause) 1371M->1368M(2048M) 33.144ms
[2024-08-27T13:50:09.146+0000][info][gc,cpu      ] GC(126) User=1.46s Sys=0.05s Real=0.03s
[2024-08-27T13:50:09.220+0000][info][gc,start    ] GC(127) Pause Young (Normal) (G1 Evacuation Pause)
[2024-08-27T13:50:09.220+0000][info][gc,task     ] GC(127) Using 49 workers of 68 for evacuation
[2024-08-27T13:50:09.252+0000][info][gc,phases   ] GC(127)   Pre Evacuate Collection Set: 0.3ms
[2024-08-27T13:50:09.252+0000][info][gc,phases   ] GC(127)   Merge Heap Roots: 0.9ms
[2024-08-27T13:50:09.252+0000][info][gc,phases   ] GC(127)   Evacuate Collection Set: 30.5ms
[2024-08-27T13:50:09.252+0000][info][gc,phases   ] GC(127)   Post Evacuate Collection Set: 0.7ms
[2024-08-27T13:50:09.252+0000][info][gc,phases   ] GC(127)   Other: 0.4ms
[2024-08-27T13:50:09.252+0000][info][gc,heap     ] GC(127) Eden regions: 151->0(100)
[2024-08-27T13:50:09.252+0000][info][gc,heap     ] GC(127) Survivor regions: 30->23(23)
[2024-08-27T13:50:09.252+0000][info][gc,heap     ] GC(127) Old regions: 1333->1497
[2024-08-27T13:50:09.252+0000][info][gc,heap     ] GC(127) Archive regions: 2->2
[2024-08-27T13:50:09.252+0000][info][gc,heap     ] GC(127) Humongous regions: 5->5
[2024-08-27T13:50:09.252+0000][info][gc,metaspace] GC(127) Metaspace: 100K(320K)->100K(320K) NonClass: 96K(192K)->96K(192K) Class: 4K(128K)->4K(128K)
[2024-08-27T13:50:09.253+0000][info][gc          ] GC(127) Pause Young (Normal) (G1 Evacuation Pause) 1519M->1525M(2048M) 32.918ms
[2024-08-27T13:50:09.253+0000][info][gc,cpu      ] GC(127) User=1.28s Sys=0.00s Real=0.03s
[2024-08-27T13:50:09.321+0000][info][gc,start    ] GC(128) Pause Young (Concurrent Start) (G1 Evacuation Pause)
[2024-08-27T13:50:09.321+0000][info][gc,task     ] GC(128) Using 49 workers of 68 for evacuation
[2024-08-27T13:50:09.344+0000][info][gc,phases   ] GC(128)   Pre Evacuate Collection Set: 0.3ms
[2024-08-27T13:50:09.344+0000][info][gc,phases   ] GC(128)   Merge Heap Roots: 0.9ms
[2024-08-27T13:50:09.344+0000][info][gc,phases   ] GC(128)   Evacuate Collection Set: 20.2ms
[2024-08-27T13:50:09.344+0000][info][gc,phases   ] GC(128)   Post Evacuate Collection Set: 0.6ms
[2024-08-27T13:50:09.344+0000][info][gc,phases   ] GC(128)   Other: 1.2ms
[2024-08-27T13:50:09.344+0000][info][gc,heap     ] GC(128) Eden regions: 100->0(86)
[2024-08-27T13:50:09.344+0000][info][gc,heap     ] GC(128) Survivor regions: 23->16(16)
[2024-08-27T13:50:09.344+0000][info][gc,heap     ] GC(128) Old regions: 1497->1610
[2024-08-27T13:50:09.344+0000][info][gc,heap     ] GC(128) Archive regions: 2->2
[2024-08-27T13:50:09.344+0000][info][gc,heap     ] GC(128) Humongous regions: 5->5
[2024-08-27T13:50:09.344+0000][info][gc,metaspace] GC(128) Metaspace: 100K(320K)->100K(320K) NonClass: 96K(192K)->96K(192K) Class: 4K(128K)->4K(128K)
[2024-08-27T13:50:09.344+0000][info][gc          ] GC(128) Pause Young (Concurrent Start) (G1 Evacuation Pause) 1625M->1631M(2048M) 23.365ms
[2024-08-27T13:50:09.344+0000][info][gc,cpu      ] GC(128) User=0.82s Sys=0.20s Real=0.02s
[2024-08-27T13:50:09.344+0000][info][gc          ] GC(129) Concurrent Mark Cycle
[2024-08-27T13:50:09.344+0000][info][gc,marking  ] GC(129) Concurrent Clear Claimed Marks
[2024-08-27T13:50:09.344+0000][info][gc,marking  ] GC(129) Concurrent Clear Claimed Marks 0.011ms
[2024-08-27T13:50:09.344+0000][info][gc,marking  ] GC(129) Concurrent Scan Root Regions
[2024-08-27T13:50:09.348+0000][info][gc,marking  ] GC(129) Concurrent Scan Root Regions 3.232ms
[2024-08-27T13:50:09.348+0000][info][gc,marking  ] GC(129) Concurrent Mark
[2024-08-27T13:50:09.348+0000][info][gc,marking  ] GC(129) Concurrent Mark From Roots
[2024-08-27T13:50:09.348+0000][info][gc,task     ] GC(129) Using 17 workers of 17 for marking
[2024-08-27T13:50:09.371+0000][info][gc,marking  ] GC(129) Concurrent Mark From Roots 22.897ms
[2024-08-27T13:50:09.371+0000][info][gc,marking  ] GC(129) Concurrent Preclean
[2024-08-27T13:50:09.371+0000][info][gc,marking  ] GC(129) Concurrent Preclean 0.501ms
[2024-08-27T13:50:09.371+0000][info][gc,start    ] GC(129) Pause Remark
[2024-08-27T13:50:09.374+0000][info][gc          ] GC(129) Pause Remark 1657M->1396M(2048M) 2.735ms
[2024-08-27T13:50:09.374+0000][info][gc,cpu      ] GC(129) User=0.02s Sys=0.01s Real=0.00s
[2024-08-27T13:50:09.374+0000][info][gc,marking  ] GC(129) Concurrent Mark 26.729ms
[2024-08-27T13:50:09.374+0000][info][gc,marking  ] GC(129) Concurrent Rebuild Remembered Sets
[2024-08-27T13:50:09.421+0000][info][gc,marking  ] GC(129) Concurrent Rebuild Remembered Sets 46.959ms
[2024-08-27T13:50:09.422+0000][info][gc,start    ] GC(129) Pause Cleanup
[2024-08-27T13:50:09.428+0000][info][gc          ] GC(129) Pause Cleanup 1454M->1454M(2048M) 5.852ms
[2024-08-27T13:50:09.428+0000][info][gc,cpu      ] GC(129) User=0.02s Sys=0.00s Real=0.00s
[2024-08-27T13:50:09.428+0000][info][gc,marking  ] GC(129) Concurrent Cleanup for Next Mark
[2024-08-27T13:50:09.430+0000][info][gc,marking  ] GC(129) Concurrent Cleanup for Next Mark 1.880ms
[2024-08-27T13:50:09.430+0000][info][gc          ] GC(129) Concurrent Mark Cycle 85.636ms
[2024-08-27T13:50:09.431+0000][info][gc,start    ] GC(130) Pause Young (Prepare Mixed) (G1 Evacuation Pause)
[2024-08-27T13:50:09.431+0000][info][gc,task     ] GC(130) Using 49 workers of 68 for evacuation
[2024-08-27T13:50:09.452+0000][info][gc,phases   ] GC(130)   Pre Evacuate Collection Set: 0.3ms
[2024-08-27T13:50:09.452+0000][info][gc,phases   ] GC(130)   Merge Heap Roots: 0.5ms
[2024-08-27T13:50:09.452+0000][info][gc,phases   ] GC(130)   Evacuate Collection Set: 20.1ms
[2024-08-27T13:50:09.452+0000][info][gc,phases   ] GC(130)   Post Evacuate Collection Set: 0.6ms
[2024-08-27T13:50:09.453+0000][info][gc,phases   ] GC(130)   Other: 0.3ms
[2024-08-27T13:50:09.453+0000][info][gc,heap     ] GC(130) Eden regions: 86->0(89)
[2024-08-27T13:50:09.453+0000][info][gc,heap     ] GC(130) Survivor regions: 16->13(13)
[2024-08-27T13:50:09.453+0000][info][gc,heap     ] GC(130) Old regions: 1349->1447
[2024-08-27T13:50:09.453+0000][info][gc,heap     ] GC(130) Archive regions: 2->2
[2024-08-27T13:50:09.453+0000][info][gc,heap     ] GC(130) Humongous regions: 5->5
[2024-08-27T13:50:09.453+0000][info][gc,metaspace] GC(130) Metaspace: 100K(320K)->100K(320K) NonClass: 96K(192K)->96K(192K) Class: 4K(128K)->4K(128K)
[2024-08-27T13:50:09.453+0000][info][gc          ] GC(130) Pause Young (Prepare Mixed) (G1 Evacuation Pause) 1456M->1465M(2048M) 22.022ms
[2024-08-27T13:50:09.453+0000][info][gc,cpu      ] GC(130) User=0.75s Sys=0.06s Real=0.02s
[2024-08-27T13:50:09.499+0000][info][gc,start    ] GC(131) Pause Young (Mixed) (G1 Evacuation Pause)
[2024-08-27T13:50:09.499+0000][info][gc,task     ] GC(131) Using 49 workers of 68 for evacuation
[2024-08-27T13:50:09.518+0000][info][gc,phases   ] GC(131)   Pre Evacuate Collection Set: 0.4ms
[2024-08-27T13:50:09.518+0000][info][gc,phases   ] GC(131)   Merge Heap Roots: 0.8ms
[2024-08-27T13:50:09.518+0000][info][gc,phases   ] GC(131)   Evacuate Collection Set: 17.1ms
[2024-08-27T13:50:09.518+0000][info][gc,phases   ] GC(131)   Post Evacuate Collection Set: 0.7ms
[2024-08-27T13:50:09.518+0000][info][gc,phases   ] GC(131)   Other: 0.4ms
[2024-08-27T13:50:09.518+0000][info][gc,heap     ] GC(131) Eden regions: 89->0(89)
[2024-08-27T13:50:09.518+0000][info][gc,heap     ] GC(131) Survivor regions: 13->13(13)
[2024-08-27T13:50:09.518+0000][info][gc,heap     ] GC(131) Old regions: 1447->1336
[2024-08-27T13:50:09.518+0000][info][gc,heap     ] GC(131) Archive regions: 2->2
[2024-08-27T13:50:09.518+0000][info][gc,heap     ] GC(131) Humongous regions: 5->5
[2024-08-27T13:50:09.518+0000][info][gc,metaspace] GC(131) Metaspace: 100K(320K)->100K(320K) NonClass: 96K(192K)->96K(192K) Class: 4K(128K)->4K(128K)
[2024-08-27T13:50:09.518+0000][info][gc          ] GC(131) Pause Young (Mixed) (G1 Evacuation Pause) 1554M->1354M(2048M) 19.508ms
[2024-08-27T13:50:09.518+0000][info][gc,cpu      ] GC(131) User=0.68s Sys=0.18s Real=0.02s
[2024-08-27T13:50:09.566+0000][info][gc,start    ] GC(132) Pause Young (Mixed) (G1 Evacuation Pause)
[2024-08-27T13:50:09.566+0000][info][gc,task     ] GC(132) Using 49 workers of 68 for evacuation
[2024-08-27T13:50:09.584+0000][info][gc,phases   ] GC(132)   Pre Evacuate Collection Set: 0.4ms
[2024-08-27T13:50:09.584+0000][info][gc,phases   ] GC(132)   Merge Heap Roots: 0.5ms
[2024-08-27T13:50:09.584+0000][info][gc,phases   ] GC(132)   Evacuate Collection Set: 16.3ms
[2024-08-27T13:50:09.584+0000][info][gc,phases   ] GC(132)   Post Evacuate Collection Set: 0.7ms
[2024-08-27T13:50:09.584+0000][info][gc,phases   ] GC(132)   Other: 0.4ms
[2024-08-27T13:50:09.584+0000][info][gc,heap     ] GC(132) Eden regions: 89->0(89)
[2024-08-27T13:50:09.584+0000][info][gc,heap     ] GC(132) Survivor regions: 13->13(13)
[2024-08-27T13:50:09.584+0000][info][gc,heap     ] GC(132) Old regions: 1336->1225
[2024-08-27T13:50:09.584+0000][info][gc,heap     ] GC(132) Archive regions: 2->2
[2024-08-27T13:50:09.584+0000][info][gc,heap     ] GC(132) Humongous regions: 5->5
[2024-08-27T13:50:09.584+0000][info][gc,metaspace] GC(132) Metaspace: 100K(320K)->100K(320K) NonClass: 96K(192K)->96K(192K) Class: 4K(128K)->4K(128K)
[2024-08-27T13:50:09.584+0000][info][gc          ] GC(132) Pause Young (Mixed) (G1 Evacuation Pause) 1443M->1243M(2048M) 18.473ms
[2024-08-27T13:50:09.584+0000][info][gc,cpu      ] GC(132) User=0.70s Sys=0.11s Real=0.02s
[2024-08-27T13:50:09.631+0000][info][gc,start    ] GC(133) Pause Young (Mixed) (G1 Evacuation Pause)
[2024-08-27T13:50:09.631+0000][info][gc,task     ] GC(133) Using 49 workers of 68 for evacuation
[2024-08-27T13:50:09.650+0000][info][gc,phases   ] GC(133)   Pre Evacuate Collection Set: 0.4ms
[2024-08-27T13:50:09.650+0000][info][gc,phases   ] GC(133)   Merge Heap Roots: 0.8ms
[2024-08-27T13:50:09.650+0000][info][gc,phases   ] GC(133)   Evacuate Collection Set: 16.5ms
[2024-08-27T13:50:09.650+0000][info][gc,phases   ] GC(133)   Post Evacuate Collection Set: 0.7ms
[2024-08-27T13:50:09.650+0000][info][gc,phases   ] GC(133)   Other: 0.4ms
[2024-08-27T13:50:09.650+0000][info][gc,heap     ] GC(133) Eden regions: 89->0(89)
[2024-08-27T13:50:09.650+0000][info][gc,heap     ] GC(133) Survivor regions: 13->13(13)
[2024-08-27T13:50:09.650+0000][info][gc,heap     ] GC(133) Old regions: 1225->1113
[2024-08-27T13:50:09.650+0000][info][gc,heap     ] GC(133) Archive regions: 2->2
[2024-08-27T13:50:09.650+0000][info][gc,heap     ] GC(133) Humongous regions: 5->5
[2024-08-27T13:50:09.650+0000][info][gc,metaspace] GC(133) Metaspace: 100K(320K)->100K(320K) NonClass: 96K(192K)->96K(192K) Class: 4K(128K)->4K(128K)
[2024-08-27T13:50:09.650+0000][info][gc          ] GC(133) Pause Young (Mixed) (G1 Evacuation Pause) 1332M->1131M(2048M) 19.077ms
[2024-08-27T13:50:09.650+0000][info][gc,cpu      ] GC(133) User=0.77s Sys=0.05s Real=0.02s
[2024-08-27T13:50:09.694+0000][info][gc,start    ] GC(134) Pause Young (Mixed) (G1 Evacuation Pause)
[2024-08-27T13:50:09.694+0000][info][gc,task     ] GC(134) Using 49 workers of 68 for evacuation
[2024-08-27T13:50:09.715+0000][info][gc,phases   ] GC(134)   Pre Evacuate Collection Set: 0.4ms
[2024-08-27T13:50:09.715+0000][info][gc,phases   ] GC(134)   Merge Heap Roots: 0.6ms
[2024-08-27T13:50:09.715+0000][info][gc,phases   ] GC(134)   Evacuate Collection Set: 19.8ms
[2024-08-27T13:50:09.715+0000][info][gc,phases   ] GC(134)   Post Evacuate Collection Set: 0.7ms
[2024-08-27T13:50:09.716+0000][info][gc,phases   ] GC(134)   Other: 0.4ms
[2024-08-27T13:50:09.716+0000][info][gc,heap     ] GC(134) Eden regions: 89->0(259)
[2024-08-27T13:50:09.716+0000][info][gc,heap     ] GC(134) Survivor regions: 13->13(13)
[2024-08-27T13:50:09.716+0000][info][gc,heap     ] GC(134) Old regions: 1113->1016
[2024-08-27T13:50:09.716+0000][info][gc,heap     ] GC(134) Archive regions: 2->2
[2024-08-27T13:50:09.716+0000][info][gc,heap     ] GC(134) Humongous regions: 5->5
[2024-08-27T13:50:09.716+0000][info][gc,metaspace] GC(134) Metaspace: 100K(320K)->100K(320K) NonClass: 96K(192K)->96K(192K) Class: 4K(128K)->4K(128K)
[2024-08-27T13:50:09.716+0000][info][gc          ] GC(134) Pause Young (Mixed) (G1 Evacuation Pause) 1220M->1034M(2048M) 22.054ms
[2024-08-27T13:50:09.716+0000][info][gc,cpu      ] GC(134) User=0.72s Sys=0.10s Real=0.02s
[2024-08-27T13:50:09.847+0000][info][gc,start    ] GC(135) Pause Young (Normal) (G1 Evacuation Pause)
[2024-08-27T13:50:09.847+0000][info][gc,task     ] GC(135) Using 49 workers of 68 for evacuation
[2024-08-27T13:50:09.890+0000][info][gc,phases   ] GC(135)   Pre Evacuate Collection Set: 0.3ms
[2024-08-27T13:50:09.890+0000][info][gc,phases   ] GC(135)   Merge Heap Roots: 0.9ms
[2024-08-27T13:50:09.890+0000][info][gc,phases   ] GC(135)   Evacuate Collection Set: 41.0ms
[2024-08-27T13:50:09.890+0000][info][gc,phases   ] GC(135)   Post Evacuate Collection Set: 0.8ms
[2024-08-27T13:50:09.890+0000][info][gc,phases   ] GC(135)   Other: 0.4ms
[2024-08-27T13:50:09.890+0000][info][gc,heap     ] GC(135) Eden regions: 259->0(178)
[2024-08-27T13:50:09.890+0000][info][gc,heap     ] GC(135) Survivor regions: 13->34(34)
[2024-08-27T13:50:09.890+0000][info][gc,heap     ] GC(135) Old regions: 1016->1247
[2024-08-27T13:50:09.890+0000][info][gc,heap     ] GC(135) Archive regions: 2->2
[2024-08-27T13:50:09.890+0000][info][gc,heap     ] GC(135) Humongous regions: 5->5
[2024-08-27T13:50:09.890+0000][info][gc,metaspace] GC(135) Metaspace: 100K(320K)->100K(320K) NonClass: 96K(192K)->96K(192K) Class: 4K(128K)->4K(128K)
[2024-08-27T13:50:09.890+0000][info][gc          ] GC(135) Pause Young (Normal) (G1 Evacuation Pause) 1293M->1286M(2048M) 43.499ms
[2024-08-27T13:50:09.890+0000][info][gc,cpu      ] GC(135) User=1.70s Sys=0.18s Real=0.05s
[2024-08-27T13:50:09.981+0000][info][gc,start    ] GC(136) Pause Young (Normal) (G1 Evacuation Pause)
[2024-08-27T13:50:09.981+0000][info][gc,task     ] GC(136) Using 49 workers of 68 for evacuation
[2024-08-27T13:50:10.020+0000][info][gc,phases   ] GC(136)   Pre Evacuate Collection Set: 0.3ms
[2024-08-27T13:50:10.020+0000][info][gc,phases   ] GC(136)   Merge Heap Roots: 1.0ms
[2024-08-27T13:50:10.020+0000][info][gc,phases   ] GC(136)   Evacuate Collection Set: 36.7ms
[2024-08-27T13:50:10.020+0000][info][gc,phases   ] GC(136)   Post Evacuate Collection Set: 0.7ms
[2024-08-27T13:50:10.020+0000][info][gc,phases   ] GC(136)   Other: 0.4ms
[2024-08-27T13:50:10.020+0000][info][gc,heap     ] GC(136) Eden regions: 178->0(119)
[2024-08-27T13:50:10.020+0000][info][gc,heap     ] GC(136) Survivor regions: 34->27(27)
[2024-08-27T13:50:10.020+0000][info][gc,heap     ] GC(136) Old regions: 1247->1434
[2024-08-27T13:50:10.020+0000][info][gc,heap     ] GC(136) Archive regions: 2->2
[2024-08-27T13:50:10.020+0000][info][gc,heap     ] GC(136) Humongous regions: 5->5
[2024-08-27T13:50:10.020+0000][info][gc,metaspace] GC(136) Metaspace: 100K(320K)->100K(320K) NonClass: 96K(192K)->96K(192K) Class: 4K(128K)->4K(128K)
[2024-08-27T13:50:10.020+0000][info][gc          ] GC(136) Pause Young (Normal) (G1 Evacuation Pause) 1464M->1466M(2048M) 39.288ms
[2024-08-27T13:50:10.021+0000][info][gc,cpu      ] GC(136) User=1.27s Sys=0.43s Real=0.04s
[2024-08-27T13:50:10.079+0000][info][gc,start    ] GC(137) Pause Young (Concurrent Start) (G1 Evacuation Pause)
[2024-08-27T13:50:10.079+0000][info][gc,task     ] GC(137) Using 49 workers of 68 for evacuation
[2024-08-27T13:50:10.107+0000][info][gc,phases   ] GC(137)   Pre Evacuate Collection Set: 0.3ms
[2024-08-27T13:50:10.107+0000][info][gc,phases   ] GC(137)   Merge Heap Roots: 0.6ms
[2024-08-27T13:50:10.107+0000][info][gc,phases   ] GC(137)   Evacuate Collection Set: 25.5ms
[2024-08-27T13:50:10.107+0000][info][gc,phases   ] GC(137)   Post Evacuate Collection Set: 0.7ms
[2024-08-27T13:50:10.107+0000][info][gc,phases   ] GC(137)   Other: 1.2ms
[2024-08-27T13:50:10.107+0000][info][gc,heap     ] GC(137) Eden regions: 119->0(83)
[2024-08-27T13:50:10.107+0000][info][gc,heap     ] GC(137) Survivor regions: 27->19(19)
[2024-08-27T13:50:10.107+0000][info][gc,heap     ] GC(137) Old regions: 1434->1569
[2024-08-27T13:50:10.107+0000][info][gc,heap     ] GC(137) Archive regions: 2->2
[2024-08-27T13:50:10.107+0000][info][gc,heap     ] GC(137) Humongous regions: 5->5
[2024-08-27T13:50:10.107+0000][info][gc,metaspace] GC(137) Metaspace: 100K(320K)->100K(320K) NonClass: 96K(192K)->96K(192K) Class: 4K(128K)->4K(128K)
[2024-08-27T13:50:10.107+0000][info][gc          ] GC(137) Pause Young (Concurrent Start) (G1 Evacuation Pause) 1585M->1593M(2048M) 28.362ms
[2024-08-27T13:50:10.108+0000][info][gc,cpu      ] GC(137) User=0.95s Sys=0.32s Real=0.02s
[2024-08-27T13:50:10.108+0000][info][gc          ] GC(138) Concurrent Mark Cycle
[2024-08-27T13:50:10.108+0000][info][gc,marking  ] GC(138) Concurrent Clear Claimed Marks
[2024-08-27T13:50:10.108+0000][info][gc,marking  ] GC(138) Concurrent Clear Claimed Marks 0.012ms
[2024-08-27T13:50:10.108+0000][info][gc,marking  ] GC(138) Concurrent Scan Root Regions
[2024-08-27T13:50:10.111+0000][info][gc,marking  ] GC(138) Concurrent Scan Root Regions 3.722ms
[2024-08-27T13:50:10.111+0000][info][gc,marking  ] GC(138) Concurrent Mark
[2024-08-27T13:50:10.111+0000][info][gc,marking  ] GC(138) Concurrent Mark From Roots
[2024-08-27T13:50:10.111+0000][info][gc,task     ] GC(138) Using 17 workers of 17 for marking
[2024-08-27T13:50:10.132+0000][info][gc,marking  ] GC(138) Concurrent Mark From Roots 20.337ms
[2024-08-27T13:50:10.132+0000][info][gc,marking  ] GC(138) Concurrent Preclean
[2024-08-27T13:50:10.132+0000][info][gc,marking  ] GC(138) Concurrent Preclean 0.499ms
[2024-08-27T13:50:10.133+0000][info][gc,start    ] GC(138) Pause Remark
[2024-08-27T13:50:10.136+0000][info][gc          ] GC(138) Pause Remark 1618M->1395M(2048M) 2.894ms
[2024-08-27T13:50:10.136+0000][info][gc,cpu      ] GC(138) User=0.01s Sys=0.01s Real=0.00s
[2024-08-27T13:50:10.136+0000][info][gc,marking  ] GC(138) Concurrent Mark 24.371ms
[2024-08-27T13:50:10.136+0000][info][gc,marking  ] GC(138) Concurrent Rebuild Remembered Sets
[2024-08-27T13:50:10.182+0000][info][gc,start    ] GC(139) Pause Young (Normal) (G1 Evacuation Pause)
[2024-08-27T13:50:10.182+0000][info][gc,task     ] GC(139) Using 49 workers of 68 for evacuation
[2024-08-27T13:50:10.200+0000][info][gc,phases   ] GC(139)   Pre Evacuate Collection Set: 0.3ms
[2024-08-27T13:50:10.200+0000][info][gc,phases   ] GC(139)   Merge Heap Roots: 0.9ms
[2024-08-27T13:50:10.200+0000][info][gc,phases   ] GC(139)   Evacuate Collection Set: 16.0ms
[2024-08-27T13:50:10.200+0000][info][gc,phases   ] GC(139)   Post Evacuate Collection Set: 0.9ms
[2024-08-27T13:50:10.200+0000][info][gc,phases   ] GC(139)   Other: 0.4ms
[2024-08-27T13:50:10.200+0000][info][gc,heap     ] GC(139) Eden regions: 83->0(121)
[2024-08-27T13:50:10.200+0000][info][gc,heap     ] GC(139) Survivor regions: 19->13(13)
[2024-08-27T13:50:10.200+0000][info][gc,heap     ] GC(139) Old regions: 1346->1443
[2024-08-27T13:50:10.200+0000][info][gc,heap     ] GC(139) Archive regions: 2->2
[2024-08-27T13:50:10.200+0000][info][gc,heap     ] GC(139) Humongous regions: 5->5
[2024-08-27T13:50:10.200+0000][info][gc,metaspace] GC(139) Metaspace: 100K(320K)->100K(320K) NonClass: 96K(192K)->96K(192K) Class: 4K(128K)->4K(128K)
[2024-08-27T13:50:10.200+0000][info][gc          ] GC(139) Pause Young (Normal) (G1 Evacuation Pause) 1453M->1461M(2048M) 18.665ms
[2024-08-27T13:50:10.200+0000][info][gc,cpu      ] GC(139) User=0.82s Sys=0.01s Real=0.02s
[2024-08-27T13:50:10.203+0000][info][gc,marking  ] GC(138) Concurrent Rebuild Remembered Sets 67.270ms
[2024-08-27T13:50:10.204+0000][info][gc,start    ] GC(138) Pause Cleanup
[2024-08-27T13:50:10.210+0000][info][gc          ] GC(138) Pause Cleanup 1464M->1464M(2048M) 6.448ms
[2024-08-27T13:50:10.210+0000][info][gc,cpu      ] GC(138) User=0.02s Sys=0.00s Real=0.01s
[2024-08-27T13:50:10.210+0000][info][gc,marking  ] GC(138) Concurrent Cleanup for Next Mark
[2024-08-27T13:50:10.212+0000][info][gc,marking  ] GC(138) Concurrent Cleanup for Next Mark 1.400ms
[2024-08-27T13:50:10.212+0000][info][gc          ] GC(138) Concurrent Mark Cycle 104.019ms
[2024-08-27T13:50:10.287+0000][info][gc,start    ] GC(140) Pause Young (Prepare Mixed) (G1 Evacuation Pause)
[2024-08-27T13:50:10.287+0000][info][gc,task     ] GC(140) Using 49 workers of 68 for evacuation
[2024-08-27T13:50:10.315+0000][info][gc,phases   ] GC(140)   Pre Evacuate Collection Set: 0.3ms
[2024-08-27T13:50:10.315+0000][info][gc,phases   ] GC(140)   Merge Heap Roots: 1.3ms
[2024-08-27T13:50:10.315+0000][info][gc,phases   ] GC(140)   Evacuate Collection Set: 25.9ms
[2024-08-27T13:50:10.315+0000][info][gc,phases   ] GC(140)   Post Evacuate Collection Set: 0.6ms
[2024-08-27T13:50:10.315+0000][info][gc,phases   ] GC(140)   Other: 0.3ms
[2024-08-27T13:50:10.315+0000][info][gc,heap     ] GC(140) Eden regions: 121->0(85)
[2024-08-27T13:50:10.315+0000][info][gc,heap     ] GC(140) Survivor regions: 13->17(17)
[2024-08-27T13:50:10.315+0000][info][gc,heap     ] GC(140) Old regions: 1443->1563
[2024-08-27T13:50:10.315+0000][info][gc,heap     ] GC(140) Archive regions: 2->2
[2024-08-27T13:50:10.316+0000][info][gc,heap     ] GC(140) Humongous regions: 5->5
[2024-08-27T13:50:10.316+0000][info][gc,metaspace] GC(140) Metaspace: 100K(320K)->100K(320K) NonClass: 96K(192K)->96K(192K) Class: 4K(128K)->4K(128K)
[2024-08-27T13:50:10.316+0000][info][gc          ] GC(140) Pause Young (Prepare Mixed) (G1 Evacuation Pause) 1582M->1585M(2048M) 28.441ms
[2024-08-27T13:50:10.316+0000][info][gc,cpu      ] GC(140) User=1.23s Sys=0.08s Real=0.03s
[2024-08-27T13:50:10.358+0000][info][gc,start    ] GC(141) Pause Young (Mixed) (G1 Evacuation Pause)
[2024-08-27T13:50:10.359+0000][info][gc,task     ] GC(141) Using 49 workers of 68 for evacuation
[2024-08-27T13:50:10.379+0000][info][gc,phases   ] GC(141)   Pre Evacuate Collection Set: 0.4ms
[2024-08-27T13:50:10.379+0000][info][gc,phases   ] GC(141)   Merge Heap Roots: 0.5ms
[2024-08-27T13:50:10.379+0000][info][gc,phases   ] GC(141)   Evacuate Collection Set: 18.8ms
[2024-08-27T13:50:10.379+0000][info][gc,phases   ] GC(141)   Post Evacuate Collection Set: 0.7ms
[2024-08-27T13:50:10.379+0000][info][gc,phases   ] GC(141)   Other: 0.3ms
[2024-08-27T13:50:10.379+0000][info][gc,heap     ] GC(141) Eden regions: 85->0(89)
[2024-08-27T13:50:10.379+0000][info][gc,heap     ] GC(141) Survivor regions: 17->13(13)
[2024-08-27T13:50:10.379+0000][info][gc,heap     ] GC(141) Old regions: 1563->1453
[2024-08-27T13:50:10.379+0000][info][gc,heap     ] GC(141) Archive regions: 2->2
[2024-08-27T13:50:10.379+0000][info][gc,heap     ] GC(141) Humongous regions: 5->5
[2024-08-27T13:50:10.379+0000][info][gc,metaspace] GC(141) Metaspace: 100K(320K)->100K(320K) NonClass: 96K(192K)->96K(192K) Class: 4K(128K)->4K(128K)
[2024-08-27T13:50:10.379+0000][info][gc          ] GC(141) Pause Young (Mixed) (G1 Evacuation Pause) 1670M->1471M(2048M) 20.804ms
[2024-08-27T13:50:10.379+0000][info][gc,cpu      ] GC(141) User=0.79s Sys=0.14s Real=0.02s
[2024-08-27T13:50:10.424+0000][info][gc,start    ] GC(142) Pause Young (Mixed) (G1 Evacuation Pause)
[2024-08-27T13:50:10.424+0000][info][gc,task     ] GC(142) Using 49 workers of 68 for evacuation
[2024-08-27T13:50:10.445+0000][info][gc,phases   ] GC(142)   Pre Evacuate Collection Set: 0.5ms
[2024-08-27T13:50:10.445+0000][info][gc,phases   ] GC(142)   Merge Heap Roots: 0.9ms
[2024-08-27T13:50:10.445+0000][info][gc,phases   ] GC(142)   Evacuate Collection Set: 18.1ms
[2024-08-27T13:50:10.445+0000][info][gc,phases   ] GC(142)   Post Evacuate Collection Set: 0.7ms
[2024-08-27T13:50:10.445+0000][info][gc,phases   ] GC(142)   Other: 0.4ms
[2024-08-27T13:50:10.445+0000][info][gc,heap     ] GC(142) Eden regions: 89->0(89)
[2024-08-27T13:50:10.445+0000][info][gc,heap     ] GC(142) Survivor regions: 13->13(13)
[2024-08-27T13:50:10.445+0000][info][gc,heap     ] GC(142) Old regions: 1453->1342
[2024-08-27T13:50:10.445+0000][info][gc,heap     ] GC(142) Archive regions: 2->2
[2024-08-27T13:50:10.445+0000][info][gc,heap     ] GC(142) Humongous regions: 5->5
[2024-08-27T13:50:10.445+0000][info][gc,metaspace] GC(142) Metaspace: 100K(320K)->100K(320K) NonClass: 96K(192K)->96K(192K) Class: 4K(128K)->4K(128K)
[2024-08-27T13:50:10.445+0000][info][gc          ] GC(142) Pause Young (Mixed) (G1 Evacuation Pause) 1560M->1360M(2048M) 20.807ms
[2024-08-27T13:50:10.445+0000][info][gc,cpu      ] GC(142) User=0.86s Sys=0.02s Real=0.02s
[2024-08-27T13:50:10.490+0000][info][gc,start    ] GC(143) Pause Young (Mixed) (G1 Evacuation Pause)
[2024-08-27T13:50:10.490+0000][info][gc,task     ] GC(143) Using 49 workers of 68 for evacuation
[2024-08-27T13:50:10.509+0000][info][gc,phases   ] GC(143)   Pre Evacuate Collection Set: 0.5ms
[2024-08-27T13:50:10.509+0000][info][gc,phases   ] GC(143)   Merge Heap Roots: 0.6ms
[2024-08-27T13:50:10.509+0000][info][gc,phases   ] GC(143)   Evacuate Collection Set: 17.1ms
[2024-08-27T13:50:10.509+0000][info][gc,phases   ] GC(143)   Post Evacuate Collection Set: 0.8ms
[2024-08-27T13:50:10.509+0000][info][gc,phases   ] GC(143)   Other: 0.4ms
[2024-08-27T13:50:10.509+0000][info][gc,heap     ] GC(143) Eden regions: 89->0(89)
[2024-08-27T13:50:10.509+0000][info][gc,heap     ] GC(143) Survivor regions: 13->13(13)
[2024-08-27T13:50:10.509+0000][info][gc,heap     ] GC(143) Old regions: 1342->1231
[2024-08-27T13:50:10.509+0000][info][gc,heap     ] GC(143) Archive regions: 2->2
[2024-08-27T13:50:10.509+0000][info][gc,heap     ] GC(143) Humongous regions: 5->5
[2024-08-27T13:50:10.509+0000][info][gc,metaspace] GC(143) Metaspace: 100K(320K)->100K(320K) NonClass: 96K(192K)->96K(192K) Class: 4K(128K)->4K(128K)
[2024-08-27T13:50:10.509+0000][info][gc          ] GC(143) Pause Young (Mixed) (G1 Evacuation Pause) 1449M->1249M(2048M) 19.434ms
[2024-08-27T13:50:10.509+0000][info][gc,cpu      ] GC(143) User=0.83s Sys=0.03s Real=0.01s
[2024-08-27T13:50:10.553+0000][info][gc,start    ] GC(144) Pause Young (Mixed) (G1 Evacuation Pause)
[2024-08-27T13:50:10.553+0000][info][gc,task     ] GC(144) Using 49 workers of 68 for evacuation
[2024-08-27T13:50:10.573+0000][info][gc,phases   ] GC(144)   Pre Evacuate Collection Set: 0.5ms
[2024-08-27T13:50:10.573+0000][info][gc,phases   ] GC(144)   Merge Heap Roots: 0.9ms
[2024-08-27T13:50:10.573+0000][info][gc,phases   ] GC(144)   Evacuate Collection Set: 17.6ms
[2024-08-27T13:50:10.573+0000][info][gc,phases   ] GC(144)   Post Evacuate Collection Set: 0.8ms
[2024-08-27T13:50:10.573+0000][info][gc,phases   ] GC(144)   Other: 0.4ms
[2024-08-27T13:50:10.574+0000][info][gc,heap     ] GC(144) Eden regions: 89->0(89)
[2024-08-27T13:50:10.574+0000][info][gc,heap     ] GC(144) Survivor regions: 13->13(13)
[2024-08-27T13:50:10.574+0000][info][gc,heap     ] GC(144) Old regions: 1231->1126
[2024-08-27T13:50:10.574+0000][info][gc,heap     ] GC(144) Archive regions: 2->2
[2024-08-27T13:50:10.574+0000][info][gc,heap     ] GC(144) Humongous regions: 5->5
[2024-08-27T13:50:10.574+0000][info][gc,metaspace] GC(144) Metaspace: 100K(320K)->100K(320K) NonClass: 96K(192K)->96K(192K) Class: 4K(128K)->4K(128K)
[2024-08-27T13:50:10.574+0000][info][gc          ] GC(144) Pause Young (Mixed) (G1 Evacuation Pause) 1338M->1144M(2048M) 20.567ms
[2024-08-27T13:50:10.574+0000][info][gc,cpu      ] GC(144) User=0.88s Sys=0.02s Real=0.02s
[2024-08-27T13:50:10.621+0000][info][gc,start    ] GC(145) Pause Young (Mixed) (G1 Evacuation Pause)
[2024-08-27T13:50:10.621+0000][info][gc,task     ] GC(145) Using 49 workers of 68 for evacuation
[2024-08-27T13:50:10.639+0000][info][gc,phases   ] GC(145)   Pre Evacuate Collection Set: 0.3ms
[2024-08-27T13:50:10.639+0000][info][gc,phases   ] GC(145)   Merge Heap Roots: 0.5ms
[2024-08-27T13:50:10.639+0000][info][gc,phases   ] GC(145)   Evacuate Collection Set: 16.3ms
[2024-08-27T13:50:10.639+0000][info][gc,phases   ] GC(145)   Post Evacuate Collection Set: 0.6ms
[2024-08-27T13:50:10.639+0000][info][gc,phases   ] GC(145)   Other: 0.3ms
[2024-08-27T13:50:10.639+0000][info][gc,heap     ] GC(145) Eden regions: 89->0(193)
[2024-08-27T13:50:10.639+0000][info][gc,heap     ] GC(145) Survivor regions: 13->13(13)
[2024-08-27T13:50:10.639+0000][info][gc,heap     ] GC(145) Old regions: 1126->1220
[2024-08-27T13:50:10.639+0000][info][gc,heap     ] GC(145) Archive regions: 2->2
[2024-08-27T13:50:10.639+0000][info][gc,heap     ] GC(145) Humongous regions: 5->5
[2024-08-27T13:50:10.639+0000][info][gc,metaspace] GC(145) Metaspace: 100K(320K)->100K(320K) NonClass: 96K(192K)->96K(192K) Class: 4K(128K)->4K(128K)
[2024-08-27T13:50:10.639+0000][info][gc          ] GC(145) Pause Young (Mixed) (G1 Evacuation Pause) 1233M->1238M(2048M) 18.037ms
[2024-08-27T13:50:10.639+0000][info][gc,cpu      ] GC(145) User=0.80s Sys=0.00s Real=0.02s
[2024-08-27T13:50:10.749+0000][info][gc,start    ] GC(146) Pause Young (Normal) (G1 Evacuation Pause)
[2024-08-27T13:50:10.749+0000][info][gc,task     ] GC(146) Using 49 workers of 68 for evacuation
[2024-08-27T13:50:10.782+0000][info][gc,phases   ] GC(146)   Pre Evacuate Collection Set: 0.3ms
[2024-08-27T13:50:10.782+0000][info][gc,phases   ] GC(146)   Merge Heap Roots: 0.8ms
[2024-08-27T13:50:10.782+0000][info][gc,phases   ] GC(146)   Evacuate Collection Set: 30.7ms
[2024-08-27T13:50:10.782+0000][info][gc,phases   ] GC(146)   Post Evacuate Collection Set: 0.7ms
[2024-08-27T13:50:10.782+0000][info][gc,phases   ] GC(146)   Other: 0.3ms
[2024-08-27T13:50:10.782+0000][info][gc,heap     ] GC(146) Eden regions: 193->0(131)
[2024-08-27T13:50:10.782+0000][info][gc,heap     ] GC(146) Survivor regions: 13->26(26)
[2024-08-27T13:50:10.782+0000][info][gc,heap     ] GC(146) Old regions: 1220->1398
[2024-08-27T13:50:10.782+0000][info][gc,heap     ] GC(146) Archive regions: 2->2
[2024-08-27T13:50:10.782+0000][info][gc,heap     ] GC(146) Humongous regions: 5->5
[2024-08-27T13:50:10.782+0000][info][gc,metaspace] GC(146) Metaspace: 100K(320K)->100K(320K) NonClass: 96K(192K)->96K(192K) Class: 4K(128K)->4K(128K)
[2024-08-27T13:50:10.782+0000][info][gc          ] GC(146) Pause Young (Normal) (G1 Evacuation Pause) 1431M->1429M(2048M) 32.880ms
[2024-08-27T13:50:10.782+0000][info][gc,cpu      ] GC(146) User=1.28s Sys=0.25s Real=0.04s
[2024-08-27T13:50:10.851+0000][info][gc,start    ] GC(147) Pause Young (Normal) (G1 Evacuation Pause)
[2024-08-27T13:50:10.852+0000][info][gc,task     ] GC(147) Using 49 workers of 68 for evacuation
[2024-08-27T13:50:10.880+0000][info][gc,phases   ] GC(147)   Pre Evacuate Collection Set: 0.3ms
[2024-08-27T13:50:10.880+0000][info][gc,phases   ] GC(147)   Merge Heap Roots: 0.9ms
[2024-08-27T13:50:10.880+0000][info][gc,phases   ] GC(147)   Evacuate Collection Set: 26.2ms
[2024-08-27T13:50:10.880+0000][info][gc,phases   ] GC(147)   Post Evacuate Collection Set: 0.7ms
[2024-08-27T13:50:10.880+0000][info][gc,phases   ] GC(147)   Other: 0.4ms
[2024-08-27T13:50:10.880+0000][info][gc,heap     ] GC(147) Eden regions: 131->0(87)
[2024-08-27T13:50:10.880+0000][info][gc,heap     ] GC(147) Survivor regions: 26->20(20)
[2024-08-27T13:50:10.880+0000][info][gc,heap     ] GC(147) Old regions: 1398->1540
[2024-08-27T13:50:10.880+0000][info][gc,heap     ] GC(147) Archive regions: 2->2
[2024-08-27T13:50:10.880+0000][info][gc,heap     ] GC(147) Humongous regions: 5->5
[2024-08-27T13:50:10.880+0000][info][gc,metaspace] GC(147) Metaspace: 100K(320K)->100K(320K) NonClass: 96K(192K)->96K(192K) Class: 4K(128K)->4K(128K)
[2024-08-27T13:50:10.880+0000][info][gc          ] GC(147) Pause Young (Normal) (G1 Evacuation Pause) 1560M->1565M(2048M) 28.620ms
[2024-08-27T13:50:10.880+0000][info][gc,cpu      ] GC(147) User=1.19s Sys=0.12s Real=0.03s
[2024-08-27T13:50:10.927+0000][info][gc,start    ] GC(148) Pause Young (Concurrent Start) (G1 Evacuation Pause)
[2024-08-27T13:50:10.928+0000][info][gc,task     ] GC(148) Using 49 workers of 68 for evacuation
[2024-08-27T13:50:10.948+0000][info][gc,phases   ] GC(148)   Pre Evacuate Collection Set: 0.3ms
[2024-08-27T13:50:10.949+0000][info][gc,phases   ] GC(148)   Merge Heap Roots: 0.5ms
[2024-08-27T13:50:10.949+0000][info][gc,phases   ] GC(148)   Evacuate Collection Set: 18.5ms
[2024-08-27T13:50:10.949+0000][info][gc,phases   ] GC(148)   Post Evacuate Collection Set: 0.6ms
[2024-08-27T13:50:10.949+0000][info][gc,phases   ] GC(148)   Other: 1.2ms
[2024-08-27T13:50:10.949+0000][info][gc,heap     ] GC(148) Eden regions: 87->0(88)
[2024-08-27T13:50:10.949+0000][info][gc,heap     ] GC(148) Survivor regions: 20->14(14)
[2024-08-27T13:50:10.949+0000][info][gc,heap     ] GC(148) Old regions: 1540->1642
[2024-08-27T13:50:10.949+0000][info][gc,heap     ] GC(148) Archive regions: 2->2
[2024-08-27T13:50:10.949+0000][info][gc,heap     ] GC(148) Humongous regions: 5->5
[2024-08-27T13:50:10.949+0000][info][gc,metaspace] GC(148) Metaspace: 100K(320K)->100K(320K) NonClass: 96K(192K)->96K(192K) Class: 4K(128K)->4K(128K)
[2024-08-27T13:50:10.949+0000][info][gc          ] GC(148) Pause Young (Concurrent Start) (G1 Evacuation Pause) 1652M->1661M(2048M) 21.254ms
[2024-08-27T13:50:10.949+0000][info][gc,cpu      ] GC(148) User=0.84s Sys=0.07s Real=0.02s
[2024-08-27T13:50:10.949+0000][info][gc          ] GC(149) Concurrent Mark Cycle
[2024-08-27T13:50:10.949+0000][info][gc,marking  ] GC(149) Concurrent Clear Claimed Marks
[2024-08-27T13:50:10.949+0000][info][gc,marking  ] GC(149) Concurrent Clear Claimed Marks 0.011ms
[2024-08-27T13:50:10.949+0000][info][gc,marking  ] GC(149) Concurrent Scan Root Regions
[2024-08-27T13:50:10.952+0000][info][gc,marking  ] GC(149) Concurrent Scan Root Regions 3.082ms
[2024-08-27T13:50:10.952+0000][info][gc,marking  ] GC(149) Concurrent Mark
[2024-08-27T13:50:10.952+0000][info][gc,marking  ] GC(149) Concurrent Mark From Roots
[2024-08-27T13:50:10.952+0000][info][gc,task     ] GC(149) Using 17 workers of 17 for marking
[2024-08-27T13:50:10.974+0000][info][gc,marking  ] GC(149) Concurrent Mark From Roots 22.262ms
[2024-08-27T13:50:10.974+0000][info][gc,marking  ] GC(149) Concurrent Preclean
[2024-08-27T13:50:10.975+0000][info][gc,marking  ] GC(149) Concurrent Preclean 0.502ms
[2024-08-27T13:50:10.975+0000][info][gc,start    ] GC(149) Pause Remark
[2024-08-27T13:50:10.978+0000][info][gc          ] GC(149) Pause Remark 1685M->1370M(2048M) 3.155ms
[2024-08-27T13:50:10.979+0000][info][gc,cpu      ] GC(149) User=0.02s Sys=0.01s Real=0.01s
[2024-08-27T13:50:10.979+0000][info][gc,marking  ] GC(149) Concurrent Mark 26.491ms
[2024-08-27T13:50:10.979+0000][info][gc,marking  ] GC(149) Concurrent Rebuild Remembered Sets
[2024-08-27T13:50:11.026+0000][info][gc,marking  ] GC(149) Concurrent Rebuild Remembered Sets 47.309ms
[2024-08-27T13:50:11.026+0000][info][gc,start    ] GC(149) Pause Cleanup
[2024-08-27T13:50:11.032+0000][info][gc          ] GC(149) Pause Cleanup 1426M->1426M(2048M) 5.628ms
[2024-08-27T13:50:11.032+0000][info][gc,cpu      ] GC(149) User=0.01s Sys=0.00s Real=0.01s
[2024-08-27T13:50:11.032+0000][info][gc,marking  ] GC(149) Concurrent Cleanup for Next Mark
[2024-08-27T13:50:11.034+0000][info][gc,marking  ] GC(149) Concurrent Cleanup for Next Mark 1.634ms
[2024-08-27T13:50:11.034+0000][info][gc          ] GC(149) Concurrent Mark Cycle 85.183ms
[2024-08-27T13:50:11.039+0000][info][gc,start    ] GC(150) Pause Young (Prepare Mixed) (G1 Evacuation Pause)
[2024-08-27T13:50:11.039+0000][info][gc,task     ] GC(150) Using 49 workers of 68 for evacuation
[2024-08-27T13:50:11.057+0000][info][gc,phases   ] GC(150)   Pre Evacuate Collection Set: 0.3ms
[2024-08-27T13:50:11.057+0000][info][gc,phases   ] GC(150)   Merge Heap Roots: 1.0ms
[2024-08-27T13:50:11.057+0000][info][gc,phases   ] GC(150)   Evacuate Collection Set: 16.4ms
[2024-08-27T13:50:11.057+0000][info][gc,phases   ] GC(150)   Post Evacuate Collection Set: 0.6ms
[2024-08-27T13:50:11.057+0000][info][gc,phases   ] GC(150)   Other: 0.3ms
[2024-08-27T13:50:11.057+0000][info][gc,heap     ] GC(150) Eden regions: 88->0(89)
[2024-08-27T13:50:11.057+0000][info][gc,heap     ] GC(150) Survivor regions: 14->13(13)
[2024-08-27T13:50:11.057+0000][info][gc,heap     ] GC(150) Old regions: 1327->1422
[2024-08-27T13:50:11.057+0000][info][gc,heap     ] GC(150) Archive regions: 2->2
[2024-08-27T13:50:11.057+0000][info][gc,heap     ] GC(150) Humongous regions: 5->5
[2024-08-27T13:50:11.057+0000][info][gc,metaspace] GC(150) Metaspace: 100K(320K)->100K(320K) NonClass: 96K(192K)->96K(192K) Class: 4K(128K)->4K(128K)
[2024-08-27T13:50:11.057+0000][info][gc          ] GC(150) Pause Young (Prepare Mixed) (G1 Evacuation Pause) 1434M->1440M(2048M) 18.656ms
[2024-08-27T13:50:11.057+0000][info][gc,cpu      ] GC(150) User=0.83s Sys=0.00s Real=0.01s
[2024-08-27T13:50:11.105+0000][info][gc,start    ] GC(151) Pause Young (Mixed) (G1 Evacuation Pause)
[2024-08-27T13:50:11.105+0000][info][gc,task     ] GC(151) Using 49 workers of 68 for evacuation
[2024-08-27T13:50:11.123+0000][info][gc,phases   ] GC(151)   Pre Evacuate Collection Set: 0.4ms
[2024-08-27T13:50:11.124+0000][info][gc,phases   ] GC(151)   Merge Heap Roots: 0.8ms
[2024-08-27T13:50:11.124+0000][info][gc,phases   ] GC(151)   Evacuate Collection Set: 16.6ms
[2024-08-27T13:50:11.124+0000][info][gc,phases   ] GC(151)   Post Evacuate Collection Set: 0.8ms
[2024-08-27T13:50:11.124+0000][info][gc,phases   ] GC(151)   Other: 0.4ms
[2024-08-27T13:50:11.124+0000][info][gc,heap     ] GC(151) Eden regions: 89->0(89)
[2024-08-27T13:50:11.124+0000][info][gc,heap     ] GC(151) Survivor regions: 13->13(13)
[2024-08-27T13:50:11.124+0000][info][gc,heap     ] GC(151) Old regions: 1422->1311
[2024-08-27T13:50:11.124+0000][info][gc,heap     ] GC(151) Archive regions: 2->2
[2024-08-27T13:50:11.124+0000][info][gc,heap     ] GC(151) Humongous regions: 5->5
[2024-08-27T13:50:11.124+0000][info][gc,metaspace] GC(151) Metaspace: 100K(320K)->100K(320K) NonClass: 96K(192K)->96K(192K) Class: 4K(128K)->4K(128K)
[2024-08-27T13:50:11.124+0000][info][gc          ] GC(151) Pause Young (Mixed) (G1 Evacuation Pause) 1529M->1329M(2048M) 19.123ms
[2024-08-27T13:50:11.124+0000][info][gc,cpu      ] GC(151) User=0.84s Sys=0.00s Real=0.02s
[2024-08-27T13:50:11.171+0000][info][gc,start    ] GC(152) Pause Young (Mixed) (G1 Evacuation Pause)
[2024-08-27T13:50:11.171+0000][info][gc,task     ] GC(152) Using 49 workers of 68 for evacuation
[2024-08-27T13:50:11.190+0000][info][gc,phases   ] GC(152)   Pre Evacuate Collection Set: 0.4ms
[2024-08-27T13:50:11.190+0000][info][gc,phases   ] GC(152)   Merge Heap Roots: 0.8ms
[2024-08-27T13:50:11.190+0000][info][gc,phases   ] GC(152)   Evacuate Collection Set: 16.7ms
[2024-08-27T13:50:11.190+0000][info][gc,phases   ] GC(152)   Post Evacuate Collection Set: 0.7ms
[2024-08-27T13:50:11.190+0000][info][gc,phases   ] GC(152)   Other: 0.3ms
[2024-08-27T13:50:11.190+0000][info][gc,heap     ] GC(152) Eden regions: 89->0(89)
[2024-08-27T13:50:11.190+0000][info][gc,heap     ] GC(152) Survivor regions: 13->13(13)
[2024-08-27T13:50:11.190+0000][info][gc,heap     ] GC(152) Old regions: 1311->1199
[2024-08-27T13:50:11.190+0000][info][gc,heap     ] GC(152) Archive regions: 2->2
[2024-08-27T13:50:11.190+0000][info][gc,heap     ] GC(152) Humongous regions: 5->5
[2024-08-27T13:50:11.190+0000][info][gc,metaspace] GC(152) Metaspace: 100K(320K)->100K(320K) NonClass: 96K(192K)->96K(192K) Class: 4K(128K)->4K(128K)
[2024-08-27T13:50:11.190+0000][info][gc          ] GC(152) Pause Young (Mixed) (G1 Evacuation Pause) 1418M->1217M(2048M) 19.044ms
[2024-08-27T13:50:11.190+0000][info][gc,cpu      ] GC(152) User=0.85s Sys=0.00s Real=0.02s
[2024-08-27T13:50:11.237+0000][info][gc,start    ] GC(153) Pause Young (Mixed) (G1 Evacuation Pause)
[2024-08-27T13:50:11.237+0000][info][gc,task     ] GC(153) Using 49 workers of 68 for evacuation
[2024-08-27T13:50:11.256+0000][info][gc,phases   ] GC(153)   Pre Evacuate Collection Set: 0.5ms
[2024-08-27T13:50:11.256+0000][info][gc,phases   ] GC(153)   Merge Heap Roots: 0.8ms
[2024-08-27T13:50:11.256+0000][info][gc,phases   ] GC(153)   Evacuate Collection Set: 16.5ms
[2024-08-27T13:50:11.256+0000][info][gc,phases   ] GC(153)   Post Evacuate Collection Set: 0.7ms
[2024-08-27T13:50:11.256+0000][info][gc,phases   ] GC(153)   Other: 0.3ms
[2024-08-27T13:50:11.256+0000][info][gc,heap     ] GC(153) Eden regions: 89->0(89)
[2024-08-27T13:50:11.256+0000][info][gc,heap     ] GC(153) Survivor regions: 13->13(13)
[2024-08-27T13:50:11.256+0000][info][gc,heap     ] GC(153) Old regions: 1199->1088
[2024-08-27T13:50:11.256+0000][info][gc,heap     ] GC(153) Archive regions: 2->2
[2024-08-27T13:50:11.256+0000][info][gc,heap     ] GC(153) Humongous regions: 5->5
[2024-08-27T13:50:11.256+0000][info][gc,metaspace] GC(153) Metaspace: 100K(320K)->100K(320K) NonClass: 96K(192K)->96K(192K) Class: 4K(128K)->4K(128K)
[2024-08-27T13:50:11.256+0000][info][gc          ] GC(153) Pause Young (Mixed) (G1 Evacuation Pause) 1306M->1106M(2048M) 18.873ms
[2024-08-27T13:50:11.256+0000][info][gc,cpu      ] GC(153) User=0.84s Sys=0.00s Real=0.02s
[2024-08-27T13:50:11.302+0000][info][gc,start    ] GC(154) Pause Young (Mixed) (G1 Evacuation Pause)
[2024-08-27T13:50:11.302+0000][info][gc,task     ] GC(154) Using 49 workers of 68 for evacuation
[2024-08-27T13:50:11.321+0000][info][gc,phases   ] GC(154)   Pre Evacuate Collection Set: 0.4ms
[2024-08-27T13:50:11.321+0000][info][gc,phases   ] GC(154)   Merge Heap Roots: 0.9ms
[2024-08-27T13:50:11.321+0000][info][gc,phases   ] GC(154)   Evacuate Collection Set: 16.7ms
[2024-08-27T13:50:11.321+0000][info][gc,phases   ] GC(154)   Post Evacuate Collection Set: 0.7ms
[2024-08-27T13:50:11.321+0000][info][gc,phases   ] GC(154)   Other: 0.4ms
[2024-08-27T13:50:11.321+0000][info][gc,heap     ] GC(154) Eden regions: 89->0(260)
[2024-08-27T13:50:11.321+0000][info][gc,heap     ] GC(154) Survivor regions: 13->13(13)
[2024-08-27T13:50:11.321+0000][info][gc,heap     ] GC(154) Old regions: 1088->1013
[2024-08-27T13:50:11.321+0000][info][gc,heap     ] GC(154) Archive regions: 2->2
[2024-08-27T13:50:11.321+0000][info][gc,heap     ] GC(154) Humongous regions: 5->5
[2024-08-27T13:50:11.321+0000][info][gc,metaspace] GC(154) Metaspace: 100K(320K)->100K(320K) NonClass: 96K(192K)->96K(192K) Class: 4K(128K)->4K(128K)
[2024-08-27T13:50:11.321+0000][info][gc          ] GC(154) Pause Young (Mixed) (G1 Evacuation Pause) 1195M->1031M(2048M) 19.211ms
[2024-08-27T13:50:11.322+0000][info][gc,cpu      ] GC(154) User=0.84s Sys=0.01s Real=0.02s
[2024-08-27T13:50:11.462+0000][info][gc,start    ] GC(155) Pause Young (Normal) (G1 Evacuation Pause)
[2024-08-27T13:50:11.462+0000][info][gc,task     ] GC(155) Using 49 workers of 68 for evacuation
[2024-08-27T13:50:11.502+0000][info][gc,phases   ] GC(155)   Pre Evacuate Collection Set: 0.2ms
[2024-08-27T13:50:11.502+0000][info][gc,phases   ] GC(155)   Merge Heap Roots: 1.1ms
[2024-08-27T13:50:11.502+0000][info][gc,phases   ] GC(155)   Evacuate Collection Set: 38.4ms
[2024-08-27T13:50:11.502+0000][info][gc,phases   ] GC(155)   Post Evacuate Collection Set: 0.7ms
[2024-08-27T13:50:11.502+0000][info][gc,phases   ] GC(155)   Other: 0.3ms
[2024-08-27T13:50:11.502+0000][info][gc,heap     ] GC(155) Eden regions: 260->0(178)
[2024-08-27T13:50:11.502+0000][info][gc,heap     ] GC(155) Survivor regions: 13->35(35)
[2024-08-27T13:50:11.502+0000][info][gc,heap     ] GC(155) Old regions: 1013->1245
[2024-08-27T13:50:11.502+0000][info][gc,heap     ] GC(155) Archive regions: 2->2
[2024-08-27T13:50:11.502+0000][info][gc,heap     ] GC(155) Humongous regions: 5->5
[2024-08-27T13:50:11.502+0000][info][gc,metaspace] GC(155) Metaspace: 100K(320K)->100K(320K) NonClass: 96K(192K)->96K(192K) Class: 4K(128K)->4K(128K)
[2024-08-27T13:50:11.502+0000][info][gc          ] GC(155) Pause Young (Normal) (G1 Evacuation Pause) 1291M->1285M(2048M) 40.630ms
[2024-08-27T13:50:11.502+0000][info][gc,cpu      ] GC(155) User=1.69s Sys=0.14s Real=0.04s
[2024-08-27T13:50:11.584+0000][info][gc,start    ] GC(156) Pause Young (Normal) (G1 Evacuation Pause)
[2024-08-27T13:50:11.584+0000][info][gc,task     ] GC(156) Using 49 workers of 68 for evacuation
[2024-08-27T13:50:11.615+0000][info][gc,phases   ] GC(156)   Pre Evacuate Collection Set: 0.4ms
[2024-08-27T13:50:11.615+0000][info][gc,phases   ] GC(156)   Merge Heap Roots: 0.6ms
[2024-08-27T13:50:11.615+0000][info][gc,phases   ] GC(156)   Evacuate Collection Set: 29.5ms
[2024-08-27T13:50:11.615+0000][info][gc,phases   ] GC(156)   Post Evacuate Collection Set: 0.5ms
[2024-08-27T13:50:11.615+0000][info][gc,phases   ] GC(156)   Other: 0.2ms
[2024-08-27T13:50:11.615+0000][info][gc,heap     ] GC(156) Eden regions: 178->0(120)
[2024-08-27T13:50:11.615+0000][info][gc,heap     ] GC(156) Survivor regions: 35->27(27)
[2024-08-27T13:50:11.615+0000][info][gc,heap     ] GC(156) Old regions: 1245->1433
[2024-08-27T13:50:11.615+0000][info][gc,heap     ] GC(156) Archive regions: 2->2
[2024-08-27T13:50:11.615+0000][info][gc,heap     ] GC(156) Humongous regions: 5->5
[2024-08-27T13:50:11.616+0000][info][gc,metaspace] GC(156) Metaspace: 100K(320K)->100K(320K) NonClass: 96K(192K)->96K(192K) Class: 4K(128K)->4K(128K)
[2024-08-27T13:50:11.616+0000][info][gc          ] GC(156) Pause Young (Normal) (G1 Evacuation Pause) 1463M->1465M(2048M) 31.223ms
[2024-08-27T13:50:11.616+0000][info][gc,cpu      ] GC(156) User=1.44s Sys=0.03s Real=0.03s
[2024-08-27T13:50:11.669+0000][info][gc,start    ] GC(157) Pause Young (Concurrent Start) (G1 Evacuation Pause)
[2024-08-27T13:50:11.669+0000][info][gc,task     ] GC(157) Using 49 workers of 68 for evacuation
[2024-08-27T13:50:11.693+0000][info][gc,phases   ] GC(157)   Pre Evacuate Collection Set: 0.4ms
[2024-08-27T13:50:11.693+0000][info][gc,phases   ] GC(157)   Merge Heap Roots: 0.5ms
[2024-08-27T13:50:11.693+0000][info][gc,phases   ] GC(157)   Evacuate Collection Set: 21.7ms
[2024-08-27T13:50:11.693+0000][info][gc,phases   ] GC(157)   Post Evacuate Collection Set: 0.5ms
[2024-08-27T13:50:11.693+0000][info][gc,phases   ] GC(157)   Other: 0.5ms
[2024-08-27T13:50:11.693+0000][info][gc,heap     ] GC(157) Eden regions: 120->0(83)
[2024-08-27T13:50:11.693+0000][info][gc,heap     ] GC(157) Survivor regions: 27->19(19)
[2024-08-27T13:50:11.693+0000][info][gc,heap     ] GC(157) Old regions: 1433->1568
[2024-08-27T13:50:11.693+0000][info][gc,heap     ] GC(157) Archive regions: 2->2
[2024-08-27T13:50:11.693+0000][info][gc,heap     ] GC(157) Humongous regions: 5->5
[2024-08-27T13:50:11.693+0000][info][gc,metaspace] GC(157) Metaspace: 100K(320K)->100K(320K) NonClass: 96K(192K)->96K(192K) Class: 4K(128K)->4K(128K)
[2024-08-27T13:50:11.693+0000][info][gc          ] GC(157) Pause Young (Concurrent Start) (G1 Evacuation Pause) 1585M->1592M(2048M) 23.664ms
[2024-08-27T13:50:11.693+0000][info][gc,cpu      ] GC(157) User=1.06s Sys=0.02s Real=0.03s
[2024-08-27T13:50:11.693+0000][info][gc          ] GC(158) Concurrent Mark Cycle
[2024-08-27T13:50:11.693+0000][info][gc,marking  ] GC(158) Concurrent Clear Claimed Marks
[2024-08-27T13:50:11.693+0000][info][gc,marking  ] GC(158) Concurrent Clear Claimed Marks 0.010ms
[2024-08-27T13:50:11.693+0000][info][gc,marking  ] GC(158) Concurrent Scan Root Regions
[2024-08-27T13:50:11.697+0000][info][gc,marking  ] GC(158) Concurrent Scan Root Regions 3.718ms
[2024-08-27T13:50:11.697+0000][info][gc,marking  ] GC(158) Concurrent Mark
[2024-08-27T13:50:11.697+0000][info][gc,marking  ] GC(158) Concurrent Mark From Roots
[2024-08-27T13:50:11.697+0000][info][gc,task     ] GC(158) Using 17 workers of 17 for marking
[2024-08-27T13:50:11.715+0000][info][gc,marking  ] GC(158) Concurrent Mark From Roots 18.393ms
[2024-08-27T13:50:11.715+0000][info][gc,marking  ] GC(158) Concurrent Preclean
[2024-08-27T13:50:11.716+0000][info][gc,marking  ] GC(158) Concurrent Preclean 0.500ms
[2024-08-27T13:50:11.716+0000][info][gc,start    ] GC(158) Pause Remark
[2024-08-27T13:50:11.718+0000][info][gc          ] GC(158) Pause Remark 1621M->1363M(2048M) 1.901ms
[2024-08-27T13:50:11.718+0000][info][gc,cpu      ] GC(158) User=0.02s Sys=0.00s Real=0.01s
[2024-08-27T13:50:11.718+0000][info][gc,marking  ] GC(158) Concurrent Mark 21.198ms
[2024-08-27T13:50:11.718+0000][info][gc,marking  ] GC(158) Concurrent Rebuild Remembered Sets
[2024-08-27T13:50:11.746+0000][info][gc,start    ] GC(159) Pause Young (Normal) (G1 Evacuation Pause)
[2024-08-27T13:50:11.746+0000][info][gc,task     ] GC(159) Using 49 workers of 68 for evacuation
[2024-08-27T13:50:11.765+0000][info][gc,phases   ] GC(159)   Pre Evacuate Collection Set: 0.4ms
[2024-08-27T13:50:11.765+0000][info][gc,phases   ] GC(159)   Merge Heap Roots: 0.4ms
[2024-08-27T13:50:11.765+0000][info][gc,phases   ] GC(159)   Evacuate Collection Set: 16.4ms
[2024-08-27T13:50:11.765+0000][info][gc,phases   ] GC(159)   Post Evacuate Collection Set: 1.3ms
[2024-08-27T13:50:11.765+0000][info][gc,phases   ] GC(159)   Other: 0.3ms
[2024-08-27T13:50:11.765+0000][info][gc,heap     ] GC(159) Eden regions: 83->0(132)
[2024-08-27T13:50:11.765+0000][info][gc,heap     ] GC(159) Survivor regions: 19->13(13)
[2024-08-27T13:50:11.765+0000][info][gc,heap     ] GC(159) Old regions: 1310->1410
[2024-08-27T13:50:11.765+0000][info][gc,heap     ] GC(159) Archive regions: 2->2
[2024-08-27T13:50:11.765+0000][info][gc,heap     ] GC(159) Humongous regions: 5->5
[2024-08-27T13:50:11.765+0000][info][gc,metaspace] GC(159) Metaspace: 100K(320K)->100K(320K) NonClass: 96K(192K)->96K(192K) Class: 4K(128K)->4K(128K)
[2024-08-27T13:50:11.765+0000][info][gc          ] GC(159) Pause Young (Normal) (G1 Evacuation Pause) 1417M->1428M(2048M) 18.851ms
[2024-08-27T13:50:11.765+0000][info][gc,cpu      ] GC(159) User=0.81s Sys=0.01s Real=0.02s
[2024-08-27T13:50:11.786+0000][info][gc,marking  ] GC(158) Concurrent Rebuild Remembered Sets 67.804ms
[2024-08-27T13:50:11.786+0000][info][gc,start    ] GC(158) Pause Cleanup
[2024-08-27T13:50:11.793+0000][info][gc          ] GC(158) Pause Cleanup 1465M->1465M(2048M) 6.324ms
[2024-08-27T13:50:11.793+0000][info][gc,cpu      ] GC(158) User=0.02s Sys=0.00s Real=0.01s
[2024-08-27T13:50:11.793+0000][info][gc,marking  ] GC(158) Concurrent Cleanup for Next Mark
[2024-08-27T13:50:11.794+0000][info][gc,marking  ] GC(158) Concurrent Cleanup for Next Mark 1.498ms
[2024-08-27T13:50:11.794+0000][info][gc          ] GC(158) Concurrent Mark Cycle 101.383ms
[2024-08-27T13:50:11.845+0000][info][gc,start    ] GC(160) Pause Young (Prepare Mixed) (G1 Evacuation Pause)
[2024-08-27T13:50:11.845+0000][info][gc,task     ] GC(160) Using 49 workers of 68 for evacuation
[2024-08-27T13:50:11.871+0000][info][gc,phases   ] GC(160)   Pre Evacuate Collection Set: 0.5ms
[2024-08-27T13:50:11.871+0000][info][gc,phases   ] GC(160)   Merge Heap Roots: 0.9ms
[2024-08-27T13:50:11.871+0000][info][gc,phases   ] GC(160)   Evacuate Collection Set: 23.5ms
[2024-08-27T13:50:11.871+0000][info][gc,phases   ] GC(160)   Post Evacuate Collection Set: 0.7ms
[2024-08-27T13:50:11.871+0000][info][gc,phases   ] GC(160)   Other: 0.3ms
[2024-08-27T13:50:11.871+0000][info][gc,heap     ] GC(160) Eden regions: 132->0(83)
[2024-08-27T13:50:11.871+0000][info][gc,heap     ] GC(160) Survivor regions: 13->19(19)
[2024-08-27T13:50:11.871+0000][info][gc,heap     ] GC(160) Old regions: 1410->1539
[2024-08-27T13:50:11.871+0000][info][gc,heap     ] GC(160) Archive regions: 2->2
[2024-08-27T13:50:11.871+0000][info][gc,heap     ] GC(160) Humongous regions: 5->5
[2024-08-27T13:50:11.871+0000][info][gc,metaspace] GC(160) Metaspace: 100K(320K)->100K(320K) NonClass: 96K(192K)->96K(192K) Class: 4K(128K)->4K(128K)
[2024-08-27T13:50:11.871+0000][info][gc          ] GC(160) Pause Young (Prepare Mixed) (G1 Evacuation Pause) 1560M->1563M(2048M) 26.131ms
[2024-08-27T13:50:11.871+0000][info][gc,cpu      ] GC(160) User=1.19s Sys=0.00s Real=0.03s
[2024-08-27T13:50:11.917+0000][info][gc,start    ] GC(161) Pause Young (Mixed) (G1 Evacuation Pause)
[2024-08-27T13:50:11.917+0000][info][gc,task     ] GC(161) Using 49 workers of 68 for evacuation
[2024-08-27T13:50:11.934+0000][info][gc,phases   ] GC(161)   Pre Evacuate Collection Set: 0.4ms
[2024-08-27T13:50:11.934+0000][info][gc,phases   ] GC(161)   Merge Heap Roots: 0.6ms
[2024-08-27T13:50:11.934+0000][info][gc,phases   ] GC(161)   Evacuate Collection Set: 15.1ms
[2024-08-27T13:50:11.934+0000][info][gc,phases   ] GC(161)   Post Evacuate Collection Set: 0.6ms
[2024-08-27T13:50:11.934+0000][info][gc,phases   ] GC(161)   Other: 0.4ms
[2024-08-27T13:50:11.934+0000][info][gc,heap     ] GC(161) Eden regions: 83->0(89)
[2024-08-27T13:50:11.934+0000][info][gc,heap     ] GC(161) Survivor regions: 19->13(13)
[2024-08-27T13:50:11.934+0000][info][gc,heap     ] GC(161) Old regions: 1539->1430
[2024-08-27T13:50:11.934+0000][info][gc,heap     ] GC(161) Archive regions: 2->2
[2024-08-27T13:50:11.934+0000][info][gc,heap     ] GC(161) Humongous regions: 5->5
[2024-08-27T13:50:11.934+0000][info][gc,metaspace] GC(161) Metaspace: 100K(320K)->100K(320K) NonClass: 96K(192K)->96K(192K) Class: 4K(128K)->4K(128K)
[2024-08-27T13:50:11.934+0000][info][gc          ] GC(161) Pause Young (Mixed) (G1 Evacuation Pause) 1646M->1448M(2048M) 17.327ms
[2024-08-27T13:50:11.934+0000][info][gc,cpu      ] GC(161) User=0.74s Sys=0.02s Real=0.02s
[2024-08-27T13:50:11.982+0000][info][gc,start    ] GC(162) Pause Young (Mixed) (G1 Evacuation Pause)
[2024-08-27T13:50:11.982+0000][info][gc,task     ] GC(162) Using 49 workers of 68 for evacuation
[2024-08-27T13:50:12.001+0000][info][gc,phases   ] GC(162)   Pre Evacuate Collection Set: 0.4ms
[2024-08-27T13:50:12.001+0000][info][gc,phases   ] GC(162)   Merge Heap Roots: 0.6ms
[2024-08-27T13:50:12.001+0000][info][gc,phases   ] GC(162)   Evacuate Collection Set: 16.4ms
[2024-08-27T13:50:12.001+0000][info][gc,phases   ] GC(162)   Post Evacuate Collection Set: 1.6ms
[2024-08-27T13:50:12.001+0000][info][gc,phases   ] GC(162)   Other: 0.3ms
[2024-08-27T13:50:12.001+0000][info][gc,heap     ] GC(162) Eden regions: 89->0(89)
[2024-08-27T13:50:12.001+0000][info][gc,heap     ] GC(162) Survivor regions: 13->13(13)
[2024-08-27T13:50:12.001+0000][info][gc,heap     ] GC(162) Old regions: 1430->1318
[2024-08-27T13:50:12.001+0000][info][gc,heap     ] GC(162) Archive regions: 2->2
[2024-08-27T13:50:12.001+0000][info][gc,heap     ] GC(162) Humongous regions: 5->5
[2024-08-27T13:50:12.001+0000][info][gc,metaspace] GC(162) Metaspace: 100K(320K)->100K(320K) NonClass: 96K(192K)->96K(192K) Class: 4K(128K)->4K(128K)
[2024-08-27T13:50:12.001+0000][info][gc          ] GC(162) Pause Young (Mixed) (G1 Evacuation Pause) 1537M->1336M(2048M) 19.520ms
[2024-08-27T13:50:12.001+0000][info][gc,cpu      ] GC(162) User=0.81s Sys=0.01s Real=0.02s
[2024-08-27T13:50:12.047+0000][info][gc,start    ] GC(163) Pause Young (Mixed) (G1 Evacuation Pause)
[2024-08-27T13:50:12.047+0000][info][gc,task     ] GC(163) Using 49 workers of 68 for evacuation
[2024-08-27T13:50:12.064+0000][info][gc,phases   ] GC(163)   Pre Evacuate Collection Set: 0.4ms
[2024-08-27T13:50:12.064+0000][info][gc,phases   ] GC(163)   Merge Heap Roots: 0.7ms
[2024-08-27T13:50:12.064+0000][info][gc,phases   ] GC(163)   Evacuate Collection Set: 15.2ms
[2024-08-27T13:50:12.064+0000][info][gc,phases   ] GC(163)   Post Evacuate Collection Set: 0.7ms
[2024-08-27T13:50:12.064+0000][info][gc,phases   ] GC(163)   Other: 0.3ms
[2024-08-27T13:50:12.064+0000][info][gc,heap     ] GC(163) Eden regions: 89->0(89)
[2024-08-27T13:50:12.064+0000][info][gc,heap     ] GC(163) Survivor regions: 13->13(13)
[2024-08-27T13:50:12.064+0000][info][gc,heap     ] GC(163) Old regions: 1318->1207
[2024-08-27T13:50:12.064+0000][info][gc,heap     ] GC(163) Archive regions: 2->2
[2024-08-27T13:50:12.064+0000][info][gc,heap     ] GC(163) Humongous regions: 5->5
[2024-08-27T13:50:12.064+0000][info][gc,metaspace] GC(163) Metaspace: 100K(320K)->100K(320K) NonClass: 96K(192K)->96K(192K) Class: 4K(128K)->4K(128K)
[2024-08-27T13:50:12.064+0000][info][gc          ] GC(163) Pause Young (Mixed) (G1 Evacuation Pause) 1425M->1225M(2048M) 17.443ms
[2024-08-27T13:50:12.064+0000][info][gc,cpu      ] GC(163) User=0.76s Sys=0.00s Real=0.02s
[2024-08-27T13:50:12.107+0000][info][gc,start    ] GC(164) Pause Young (Mixed) (G1 Evacuation Pause)
[2024-08-27T13:50:12.107+0000][info][gc,task     ] GC(164) Using 49 workers of 68 for evacuation
[2024-08-27T13:50:12.124+0000][info][gc,phases   ] GC(164)   Pre Evacuate Collection Set: 0.4ms
[2024-08-27T13:50:12.125+0000][info][gc,phases   ] GC(164)   Merge Heap Roots: 0.6ms
[2024-08-27T13:50:12.125+0000][info][gc,phases   ] GC(164)   Evacuate Collection Set: 15.8ms
[2024-08-27T13:50:12.125+0000][info][gc,phases   ] GC(164)   Post Evacuate Collection Set: 0.7ms
[2024-08-27T13:50:12.125+0000][info][gc,phases   ] GC(164)   Other: 0.4ms
[2024-08-27T13:50:12.125+0000][info][gc,heap     ] GC(164) Eden regions: 89->0(220)
[2024-08-27T13:50:12.125+0000][info][gc,heap     ] GC(164) Survivor regions: 13->13(13)
[2024-08-27T13:50:12.125+0000][info][gc,heap     ] GC(164) Old regions: 1207->1138
[2024-08-27T13:50:12.125+0000][info][gc,heap     ] GC(164) Archive regions: 2->2
[2024-08-27T13:50:12.125+0000][info][gc,heap     ] GC(164) Humongous regions: 5->5
[2024-08-27T13:50:12.125+0000][info][gc,metaspace] GC(164) Metaspace: 100K(320K)->100K(320K) NonClass: 96K(192K)->96K(192K) Class: 4K(128K)->4K(128K)
[2024-08-27T13:50:12.125+0000][info][gc          ] GC(164) Pause Young (Mixed) (G1 Evacuation Pause) 1314M->1156M(2048M) 17.935ms
[2024-08-27T13:50:12.125+0000][info][gc,cpu      ] GC(164) User=0.79s Sys=0.00s Real=0.02s
[2024-08-27T13:50:12.229+0000][info][gc,start    ] GC(165) Pause Young (Normal) (G1 Evacuation Pause)
[2024-08-27T13:50:12.229+0000][info][gc,task     ] GC(165) Using 49 workers of 68 for evacuation
[2024-08-27T13:50:12.262+0000][info][gc,phases   ] GC(165)   Pre Evacuate Collection Set: 0.4ms
[2024-08-27T13:50:12.262+0000][info][gc,phases   ] GC(165)   Merge Heap Roots: 1.0ms
[2024-08-27T13:50:12.262+0000][info][gc,phases   ] GC(165)   Evacuate Collection Set: 31.1ms
[2024-08-27T13:50:12.262+0000][info][gc,phases   ] GC(165)   Post Evacuate Collection Set: 0.7ms
[2024-08-27T13:50:12.262+0000][info][gc,phases   ] GC(165)   Other: 0.3ms
[2024-08-27T13:50:12.262+0000][info][gc,heap     ] GC(165) Eden regions: 220->0(150)
[2024-08-27T13:50:12.262+0000][info][gc,heap     ] GC(165) Survivor regions: 13->30(30)
[2024-08-27T13:50:12.262+0000][info][gc,heap     ] GC(165) Old regions: 1138->1338
[2024-08-27T13:50:12.262+0000][info][gc,heap     ] GC(165) Archive regions: 2->2
[2024-08-27T13:50:12.262+0000][info][gc,heap     ] GC(165) Humongous regions: 5->5
[2024-08-27T13:50:12.262+0000][info][gc,metaspace] GC(165) Metaspace: 100K(320K)->100K(320K) NonClass: 96K(192K)->96K(192K) Class: 4K(128K)->4K(128K)
[2024-08-27T13:50:12.263+0000][info][gc          ] GC(165) Pause Young (Normal) (G1 Evacuation Pause) 1376M->1373M(2048M) 33.665ms
[2024-08-27T13:50:12.263+0000][info][gc,cpu      ] GC(165) User=1.49s Sys=0.02s Real=0.04s
[2024-08-27T13:50:12.334+0000][info][gc,start    ] GC(166) Pause Young (Normal) (G1 Evacuation Pause)
[2024-08-27T13:50:12.334+0000][info][gc,task     ] GC(166) Using 49 workers of 68 for evacuation
[2024-08-27T13:50:12.361+0000][info][gc,phases   ] GC(166)   Pre Evacuate Collection Set: 0.4ms
[2024-08-27T13:50:12.361+0000][info][gc,phases   ] GC(166)   Merge Heap Roots: 0.6ms
[2024-08-27T13:50:12.361+0000][info][gc,phases   ] GC(166)   Evacuate Collection Set: 25.7ms
[2024-08-27T13:50:12.361+0000][info][gc,phases   ] GC(166)   Post Evacuate Collection Set: 0.6ms
[2024-08-27T13:50:12.361+0000][info][gc,phases   ] GC(166)   Other: 0.4ms
[2024-08-27T13:50:12.361+0000][info][gc,heap     ] GC(166) Eden regions: 150->0(99)
[2024-08-27T13:50:12.361+0000][info][gc,heap     ] GC(166) Survivor regions: 30->23(23)
[2024-08-27T13:50:12.361+0000][info][gc,heap     ] GC(166) Old regions: 1338->1500
[2024-08-27T13:50:12.361+0000][info][gc,heap     ] GC(166) Archive regions: 2->2
[2024-08-27T13:50:12.361+0000][info][gc,heap     ] GC(166) Humongous regions: 5->5
[2024-08-27T13:50:12.361+0000][info][gc,metaspace] GC(166) Metaspace: 100K(320K)->100K(320K) NonClass: 96K(192K)->96K(192K) Class: 4K(128K)->4K(128K)
[2024-08-27T13:50:12.361+0000][info][gc          ] GC(166) Pause Young (Normal) (G1 Evacuation Pause) 1523M->1528M(2048M) 27.748ms
[2024-08-27T13:50:12.361+0000][info][gc,cpu      ] GC(166) User=1.24s Sys=0.03s Real=0.03s
[2024-08-27T13:50:12.410+0000][info][gc,start    ] GC(167) Pause Young (Concurrent Start) (G1 Evacuation Pause)
[2024-08-27T13:50:12.410+0000][info][gc,task     ] GC(167) Using 49 workers of 68 for evacuation
[2024-08-27T13:50:12.433+0000][info][gc,phases   ] GC(167)   Pre Evacuate Collection Set: 0.3ms
[2024-08-27T13:50:12.433+0000][info][gc,phases   ] GC(167)   Merge Heap Roots: 0.7ms
[2024-08-27T13:50:12.433+0000][info][gc,phases   ] GC(167)   Evacuate Collection Set: 19.3ms
[2024-08-27T13:50:12.433+0000][info][gc,phases   ] GC(167)   Post Evacuate Collection Set: 0.6ms
[2024-08-27T13:50:12.433+0000][info][gc,phases   ] GC(167)   Other: 1.8ms
[2024-08-27T13:50:12.433+0000][info][gc,heap     ] GC(167) Eden regions: 99->0(86)
[2024-08-27T13:50:12.433+0000][info][gc,heap     ] GC(167) Survivor regions: 23->16(16)
[2024-08-27T13:50:12.433+0000][info][gc,heap     ] GC(167) Old regions: 1500->1613
[2024-08-27T13:50:12.433+0000][info][gc,heap     ] GC(167) Archive regions: 2->2
[2024-08-27T13:50:12.433+0000][info][gc,heap     ] GC(167) Humongous regions: 5->5
[2024-08-27T13:50:12.433+0000][info][gc,metaspace] GC(167) Metaspace: 100K(320K)->100K(320K) NonClass: 96K(192K)->96K(192K) Class: 4K(128K)->4K(128K)
[2024-08-27T13:50:12.433+0000][info][gc          ] GC(167) Pause Young (Concurrent Start) (G1 Evacuation Pause) 1627M->1634M(2048M) 22.927ms
[2024-08-27T13:50:12.433+0000][info][gc,cpu      ] GC(167) User=0.94s Sys=0.03s Real=0.02s
[2024-08-27T13:50:12.433+0000][info][gc          ] GC(168) Concurrent Mark Cycle
[2024-08-27T13:50:12.433+0000][info][gc,marking  ] GC(168) Concurrent Clear Claimed Marks
[2024-08-27T13:50:12.433+0000][info][gc,marking  ] GC(168) Concurrent Clear Claimed Marks 0.011ms
[2024-08-27T13:50:12.433+0000][info][gc,marking  ] GC(168) Concurrent Scan Root Regions
[2024-08-27T13:50:12.436+0000][info][gc,marking  ] GC(168) Concurrent Scan Root Regions 3.380ms
[2024-08-27T13:50:12.437+0000][info][gc,marking  ] GC(168) Concurrent Mark
[2024-08-27T13:50:12.437+0000][info][gc,marking  ] GC(168) Concurrent Mark From Roots
[2024-08-27T13:50:12.437+0000][info][gc,task     ] GC(168) Using 17 workers of 17 for marking
[2024-08-27T13:50:12.457+0000][info][gc,marking  ] GC(168) Concurrent Mark From Roots 20.341ms
[2024-08-27T13:50:12.457+0000][info][gc,marking  ] GC(168) Concurrent Preclean
[2024-08-27T13:50:12.457+0000][info][gc,marking  ] GC(168) Concurrent Preclean 0.507ms
[2024-08-27T13:50:12.458+0000][info][gc,start    ] GC(168) Pause Remark
[2024-08-27T13:50:12.461+0000][info][gc          ] GC(168) Pause Remark 1667M->1387M(2048M) 3.105ms
[2024-08-27T13:50:12.461+0000][info][gc,cpu      ] GC(168) User=0.03s Sys=0.00s Real=0.00s
[2024-08-27T13:50:12.461+0000][info][gc,marking  ] GC(168) Concurrent Mark 24.584ms
[2024-08-27T13:50:12.461+0000][info][gc,marking  ] GC(168) Concurrent Rebuild Remembered Sets
[2024-08-27T13:50:12.488+0000][info][gc,start    ] GC(169) Pause Young (Normal) (G1 Evacuation Pause)
[2024-08-27T13:50:12.488+0000][info][gc,task     ] GC(169) Using 49 workers of 68 for evacuation
[2024-08-27T13:50:12.506+0000][info][gc,phases   ] GC(169)   Pre Evacuate Collection Set: 0.3ms
[2024-08-27T13:50:12.506+0000][info][gc,phases   ] GC(169)   Merge Heap Roots: 0.4ms
[2024-08-27T13:50:12.506+0000][info][gc,phases   ] GC(169)   Evacuate Collection Set: 15.6ms
[2024-08-27T13:50:12.506+0000][info][gc,phases   ] GC(169)   Post Evacuate Collection Set: 0.9ms
[2024-08-27T13:50:12.506+0000][info][gc,phases   ] GC(169)   Other: 0.4ms
[2024-08-27T13:50:12.506+0000][info][gc,heap     ] GC(169) Eden regions: 86->0(125)
[2024-08-27T13:50:12.506+0000][info][gc,heap     ] GC(169) Survivor regions: 16->13(13)
[2024-08-27T13:50:12.506+0000][info][gc,heap     ] GC(169) Old regions: 1333->1430
[2024-08-27T13:50:12.506+0000][info][gc,heap     ] GC(169) Archive regions: 2->2
[2024-08-27T13:50:12.506+0000][info][gc,heap     ] GC(169) Humongous regions: 5->5
[2024-08-27T13:50:12.506+0000][info][gc,metaspace] GC(169) Metaspace: 100K(320K)->100K(320K) NonClass: 96K(192K)->96K(192K) Class: 4K(128K)->4K(128K)
[2024-08-27T13:50:12.506+0000][info][gc          ] GC(169) Pause Young (Normal) (G1 Evacuation Pause) 1440M->1448M(2048M) 17.614ms
[2024-08-27T13:50:12.506+0000][info][gc,cpu      ] GC(169) User=0.79s Sys=0.00s Real=0.02s
[2024-08-27T13:50:12.525+0000][info][gc,marking  ] GC(168) Concurrent Rebuild Remembered Sets 63.510ms
[2024-08-27T13:50:12.525+0000][info][gc,start    ] GC(168) Pause Cleanup
[2024-08-27T13:50:12.530+0000][info][gc          ] GC(168) Pause Cleanup 1484M->1484M(2048M) 5.429ms
[2024-08-27T13:50:12.531+0000][info][gc,cpu      ] GC(168) User=0.01s Sys=0.00s Real=0.01s
[2024-08-27T13:50:12.531+0000][info][gc,marking  ] GC(168) Concurrent Cleanup for Next Mark
[2024-08-27T13:50:12.533+0000][info][gc,marking  ] GC(168) Concurrent Cleanup for Next Mark 1.866ms
[2024-08-27T13:50:12.533+0000][info][gc          ] GC(168) Concurrent Mark Cycle 99.556ms
[2024-08-27T13:50:12.577+0000][info][gc,start    ] GC(170) Pause Young (Prepare Mixed) (G1 Evacuation Pause)
[2024-08-27T13:50:12.577+0000][info][gc,task     ] GC(170) Using 49 workers of 68 for evacuation
[2024-08-27T13:50:12.602+0000][info][gc,phases   ] GC(170)   Pre Evacuate Collection Set: 0.3ms
[2024-08-27T13:50:12.602+0000][info][gc,phases   ] GC(170)   Merge Heap Roots: 1.2ms
[2024-08-27T13:50:12.602+0000][info][gc,phases   ] GC(170)   Evacuate Collection Set: 22.8ms
[2024-08-27T13:50:12.602+0000][info][gc,phases   ] GC(170)   Post Evacuate Collection Set: 0.6ms
[2024-08-27T13:50:12.602+0000][info][gc,phases   ] GC(170)   Other: 0.4ms
[2024-08-27T13:50:12.602+0000][info][gc,heap     ] GC(170) Eden regions: 125->0(84)
[2024-08-27T13:50:12.602+0000][info][gc,heap     ] GC(170) Survivor regions: 13->18(18)
[2024-08-27T13:50:12.602+0000][info][gc,heap     ] GC(170) Old regions: 1430->1554
[2024-08-27T13:50:12.602+0000][info][gc,heap     ] GC(170) Archive regions: 2->2
[2024-08-27T13:50:12.602+0000][info][gc,heap     ] GC(170) Humongous regions: 5->5
[2024-08-27T13:50:12.602+0000][info][gc,metaspace] GC(170) Metaspace: 100K(320K)->100K(320K) NonClass: 96K(192K)->96K(192K) Class: 4K(128K)->4K(128K)
[2024-08-27T13:50:12.602+0000][info][gc          ] GC(170) Pause Young (Prepare Mixed) (G1 Evacuation Pause) 1573M->1577M(2048M) 25.461ms
[2024-08-27T13:50:12.602+0000][info][gc,cpu      ] GC(170) User=1.14s Sys=0.02s Real=0.03s
[2024-08-27T13:50:12.644+0000][info][gc,start    ] GC(171) Pause Young (Mixed) (G1 Evacuation Pause)
[2024-08-27T13:50:12.644+0000][info][gc,task     ] GC(171) Using 49 workers of 68 for evacuation
[2024-08-27T13:50:12.663+0000][info][gc,phases   ] GC(171)   Pre Evacuate Collection Set: 0.4ms
[2024-08-27T13:50:12.663+0000][info][gc,phases   ] GC(171)   Merge Heap Roots: 0.8ms
[2024-08-27T13:50:12.663+0000][info][gc,phases   ] GC(171)   Evacuate Collection Set: 16.3ms
[2024-08-27T13:50:12.663+0000][info][gc,phases   ] GC(171)   Post Evacuate Collection Set: 0.8ms
[2024-08-27T13:50:12.663+0000][info][gc,phases   ] GC(171)   Other: 0.4ms
[2024-08-27T13:50:12.663+0000][info][gc,heap     ] GC(171) Eden regions: 84->0(89)
[2024-08-27T13:50:12.663+0000][info][gc,heap     ] GC(171) Survivor regions: 18->13(13)
[2024-08-27T13:50:12.663+0000][info][gc,heap     ] GC(171) Old regions: 1554->1446
[2024-08-27T13:50:12.663+0000][info][gc,heap     ] GC(171) Archive regions: 2->2
[2024-08-27T13:50:12.663+0000][info][gc,heap     ] GC(171) Humongous regions: 5->5
[2024-08-27T13:50:12.663+0000][info][gc,metaspace] GC(171) Metaspace: 100K(320K)->100K(320K) NonClass: 96K(192K)->96K(192K) Class: 4K(128K)->4K(128K)
[2024-08-27T13:50:12.663+0000][info][gc          ] GC(171) Pause Young (Mixed) (G1 Evacuation Pause) 1661M->1464M(2048M) 18.854ms
[2024-08-27T13:50:12.663+0000][info][gc,cpu      ] GC(171) User=0.71s Sys=0.09s Real=0.02s
[2024-08-27T13:50:12.707+0000][info][gc,start    ] GC(172) Pause Young (Mixed) (G1 Evacuation Pause)
[2024-08-27T13:50:12.707+0000][info][gc,task     ] GC(172) Using 49 workers of 68 for evacuation
[2024-08-27T13:50:12.725+0000][info][gc,phases   ] GC(172)   Pre Evacuate Collection Set: 0.5ms
[2024-08-27T13:50:12.725+0000][info][gc,phases   ] GC(172)   Merge Heap Roots: 0.8ms
[2024-08-27T13:50:12.725+0000][info][gc,phases   ] GC(172)   Evacuate Collection Set: 15.6ms
[2024-08-27T13:50:12.725+0000][info][gc,phases   ] GC(172)   Post Evacuate Collection Set: 0.7ms
[2024-08-27T13:50:12.725+0000][info][gc,phases   ] GC(172)   Other: 0.4ms
[2024-08-27T13:50:12.725+0000][info][gc,heap     ] GC(172) Eden regions: 89->0(89)
[2024-08-27T13:50:12.725+0000][info][gc,heap     ] GC(172) Survivor regions: 13->13(13)
[2024-08-27T13:50:12.725+0000][info][gc,heap     ] GC(172) Old regions: 1446->1334
[2024-08-27T13:50:12.725+0000][info][gc,heap     ] GC(172) Archive regions: 2->2
[2024-08-27T13:50:12.725+0000][info][gc,heap     ] GC(172) Humongous regions: 5->5
[2024-08-27T13:50:12.725+0000][info][gc,metaspace] GC(172) Metaspace: 100K(320K)->100K(320K) NonClass: 96K(192K)->96K(192K) Class: 4K(128K)->4K(128K)
[2024-08-27T13:50:12.725+0000][info][gc          ] GC(172) Pause Young (Mixed) (G1 Evacuation Pause) 1553M->1352M(2048M) 18.124ms
[2024-08-27T13:50:12.725+0000][info][gc,cpu      ] GC(172) User=0.80s Sys=0.01s Real=0.02s
[2024-08-27T13:50:12.769+0000][info][gc,start    ] GC(173) Pause Young (Mixed) (G1 Evacuation Pause)
[2024-08-27T13:50:12.769+0000][info][gc,task     ] GC(173) Using 49 workers of 68 for evacuation
[2024-08-27T13:50:12.787+0000][info][gc,phases   ] GC(173)   Pre Evacuate Collection Set: 0.5ms
[2024-08-27T13:50:12.787+0000][info][gc,phases   ] GC(173)   Merge Heap Roots: 0.8ms
[2024-08-27T13:50:12.787+0000][info][gc,phases   ] GC(173)   Evacuate Collection Set: 15.8ms
[2024-08-27T13:50:12.787+0000][info][gc,phases   ] GC(173)   Post Evacuate Collection Set: 0.7ms
[2024-08-27T13:50:12.787+0000][info][gc,phases   ] GC(173)   Other: 0.4ms
[2024-08-27T13:50:12.787+0000][info][gc,heap     ] GC(173) Eden regions: 89->0(89)
[2024-08-27T13:50:12.787+0000][info][gc,heap     ] GC(173) Survivor regions: 13->13(13)
[2024-08-27T13:50:12.787+0000][info][gc,heap     ] GC(173) Old regions: 1334->1223
[2024-08-27T13:50:12.787+0000][info][gc,heap     ] GC(173) Archive regions: 2->2
[2024-08-27T13:50:12.787+0000][info][gc,heap     ] GC(173) Humongous regions: 5->5
[2024-08-27T13:50:12.787+0000][info][gc,metaspace] GC(173) Metaspace: 100K(320K)->100K(320K) NonClass: 96K(192K)->96K(192K) Class: 4K(128K)->4K(128K)
[2024-08-27T13:50:12.787+0000][info][gc          ] GC(173) Pause Young (Mixed) (G1 Evacuation Pause) 1441M->1241M(2048M) 18.304ms
[2024-08-27T13:50:12.787+0000][info][gc,cpu      ] GC(173) User=0.80s Sys=0.01s Real=0.02s
[2024-08-27T13:50:12.830+0000][info][gc,start    ] GC(174) Pause Young (Mixed) (G1 Evacuation Pause)
[2024-08-27T13:50:12.830+0000][info][gc,task     ] GC(174) Using 49 workers of 68 for evacuation
[2024-08-27T13:50:12.848+0000][info][gc,phases   ] GC(174)   Pre Evacuate Collection Set: 0.5ms
[2024-08-27T13:50:12.848+0000][info][gc,phases   ] GC(174)   Merge Heap Roots: 0.8ms
[2024-08-27T13:50:12.848+0000][info][gc,phases   ] GC(174)   Evacuate Collection Set: 15.6ms
[2024-08-27T13:50:12.848+0000][info][gc,phases   ] GC(174)   Post Evacuate Collection Set: 0.7ms
[2024-08-27T13:50:12.848+0000][info][gc,phases   ] GC(174)   Other: 0.4ms
[2024-08-27T13:50:12.848+0000][info][gc,heap     ] GC(174) Eden regions: 89->0(218)
[2024-08-27T13:50:12.848+0000][info][gc,heap     ] GC(174) Survivor regions: 13->13(13)
[2024-08-27T13:50:12.848+0000][info][gc,heap     ] GC(174) Old regions: 1223->1143
[2024-08-27T13:50:12.848+0000][info][gc,heap     ] GC(174) Archive regions: 2->2
[2024-08-27T13:50:12.848+0000][info][gc,heap     ] GC(174) Humongous regions: 5->5
[2024-08-27T13:50:12.848+0000][info][gc,metaspace] GC(174) Metaspace: 100K(320K)->100K(320K) NonClass: 96K(192K)->96K(192K) Class: 4K(128K)->4K(128K)
[2024-08-27T13:50:12.848+0000][info][gc          ] GC(174) Pause Young (Mixed) (G1 Evacuation Pause) 1330M->1161M(2048M) 18.076ms
[2024-08-27T13:50:12.848+0000][info][gc,cpu      ] GC(174) User=0.80s Sys=0.00s Real=0.01s
[2024-08-27T13:50:12.951+0000][info][gc,start    ] GC(175) Pause Young (Normal) (G1 Evacuation Pause)
[2024-08-27T13:50:12.951+0000][info][gc,task     ] GC(175) Using 49 workers of 68 for evacuation
[2024-08-27T13:50:12.985+0000][info][gc,phases   ] GC(175)   Pre Evacuate Collection Set: 0.3ms
[2024-08-27T13:50:12.985+0000][info][gc,phases   ] GC(175)   Merge Heap Roots: 1.1ms
[2024-08-27T13:50:12.985+0000][info][gc,phases   ] GC(175)   Evacuate Collection Set: 31.8ms
[2024-08-27T13:50:12.985+0000][info][gc,phases   ] GC(175)   Post Evacuate Collection Set: 0.7ms
[2024-08-27T13:50:12.985+0000][info][gc,phases   ] GC(175)   Other: 0.4ms
[2024-08-27T13:50:12.985+0000][info][gc,heap     ] GC(175) Eden regions: 218->0(149)
[2024-08-27T13:50:12.985+0000][info][gc,heap     ] GC(175) Survivor regions: 13->29(29)
[2024-08-27T13:50:12.985+0000][info][gc,heap     ] GC(175) Old regions: 1143->1342
[2024-08-27T13:50:12.986+0000][info][gc,heap     ] GC(175) Archive regions: 2->2
[2024-08-27T13:50:12.986+0000][info][gc,heap     ] GC(175) Humongous regions: 5->5
[2024-08-27T13:50:12.986+0000][info][gc,metaspace] GC(175) Metaspace: 100K(320K)->100K(320K) NonClass: 96K(192K)->96K(192K) Class: 4K(128K)->4K(128K)
[2024-08-27T13:50:12.986+0000][info][gc          ] GC(175) Pause Young (Normal) (G1 Evacuation Pause) 1379M->1376M(2048M) 34.362ms
[2024-08-27T13:50:12.986+0000][info][gc,cpu      ] GC(175) User=1.59s Sys=0.00s Real=0.03s
[2024-08-27T13:50:13.057+0000][info][gc,start    ] GC(176) Pause Young (Normal) (G1 Evacuation Pause)
[2024-08-27T13:50:13.057+0000][info][gc,task     ] GC(176) Using 49 workers of 68 for evacuation
[2024-08-27T13:50:13.086+0000][info][gc,phases   ] GC(176)   Pre Evacuate Collection Set: 0.4ms
[2024-08-27T13:50:13.087+0000][info][gc,phases   ] GC(176)   Merge Heap Roots: 0.6ms
[2024-08-27T13:50:13.087+0000][info][gc,phases   ] GC(176)   Evacuate Collection Set: 27.6ms
[2024-08-27T13:50:13.087+0000][info][gc,phases   ] GC(176)   Post Evacuate Collection Set: 0.7ms
[2024-08-27T13:50:13.087+0000][info][gc,phases   ] GC(176)   Other: 0.4ms
[2024-08-27T13:50:13.087+0000][info][gc,heap     ] GC(176) Eden regions: 149->0(99)
[2024-08-27T13:50:13.087+0000][info][gc,heap     ] GC(176) Survivor regions: 29->23(23)
[2024-08-27T13:50:13.087+0000][info][gc,heap     ] GC(176) Old regions: 1342->1502
[2024-08-27T13:50:13.087+0000][info][gc,heap     ] GC(176) Archive regions: 2->2
[2024-08-27T13:50:13.087+0000][info][gc,heap     ] GC(176) Humongous regions: 5->5
[2024-08-27T13:50:13.087+0000][info][gc,metaspace] GC(176) Metaspace: 100K(320K)->100K(320K) NonClass: 96K(192K)->96K(192K) Class: 4K(128K)->4K(128K)
[2024-08-27T13:50:13.087+0000][info][gc          ] GC(176) Pause Young (Normal) (G1 Evacuation Pause) 1525M->1530M(2048M) 29.749ms
[2024-08-27T13:50:13.087+0000][info][gc,cpu      ] GC(176) User=1.32s Sys=0.04s Real=0.03s
[2024-08-27T13:50:13.136+0000][info][gc,start    ] GC(177) Pause Young (Concurrent Start) (G1 Evacuation Pause)
[2024-08-27T13:50:13.136+0000][info][gc,task     ] GC(177) Using 49 workers of 68 for evacuation
[2024-08-27T13:50:13.159+0000][info][gc,phases   ] GC(177)   Pre Evacuate Collection Set: 0.3ms
[2024-08-27T13:50:13.159+0000][info][gc,phases   ] GC(177)   Merge Heap Roots: 0.9ms
[2024-08-27T13:50:13.159+0000][info][gc,phases   ] GC(177)   Evacuate Collection Set: 19.8ms
[2024-08-27T13:50:13.159+0000][info][gc,phases   ] GC(177)   Post Evacuate Collection Set: 0.7ms
[2024-08-27T13:50:13.159+0000][info][gc,phases   ] GC(177)   Other: 1.2ms
[2024-08-27T13:50:13.159+0000][info][gc,heap     ] GC(177) Eden regions: 99->0(86)
[2024-08-27T13:50:13.159+0000][info][gc,heap     ] GC(177) Survivor regions: 23->16(16)
[2024-08-27T13:50:13.159+0000][info][gc,heap     ] GC(177) Old regions: 1502->1615
[2024-08-27T13:50:13.159+0000][info][gc,heap     ] GC(177) Archive regions: 2->2
[2024-08-27T13:50:13.159+0000][info][gc,heap     ] GC(177) Humongous regions: 5->5
[2024-08-27T13:50:13.159+0000][info][gc,metaspace] GC(177) Metaspace: 100K(320K)->100K(320K) NonClass: 96K(192K)->96K(192K) Class: 4K(128K)->4K(128K)
[2024-08-27T13:50:13.159+0000][info][gc          ] GC(177) Pause Young (Concurrent Start) (G1 Evacuation Pause) 1629M->1636M(2048M) 23.077ms
[2024-08-27T13:50:13.159+0000][info][gc,cpu      ] GC(177) User=0.99s Sys=0.02s Real=0.03s
[2024-08-27T13:50:13.159+0000][info][gc          ] GC(178) Concurrent Mark Cycle
[2024-08-27T13:50:13.159+0000][info][gc,marking  ] GC(178) Concurrent Clear Claimed Marks
[2024-08-27T13:50:13.159+0000][info][gc,marking  ] GC(178) Concurrent Clear Claimed Marks 0.011ms
[2024-08-27T13:50:13.159+0000][info][gc,marking  ] GC(178) Concurrent Scan Root Regions
[2024-08-27T13:50:13.163+0000][info][gc,marking  ] GC(178) Concurrent Scan Root Regions 3.219ms
[2024-08-27T13:50:13.163+0000][info][gc,marking  ] GC(178) Concurrent Mark
[2024-08-27T13:50:13.163+0000][info][gc,marking  ] GC(178) Concurrent Mark From Roots
[2024-08-27T13:50:13.163+0000][info][gc,task     ] GC(178) Using 17 workers of 17 for marking
[2024-08-27T13:50:13.183+0000][info][gc,marking  ] GC(178) Concurrent Mark From Roots 20.666ms
[2024-08-27T13:50:13.183+0000][info][gc,marking  ] GC(178) Concurrent Preclean
[2024-08-27T13:50:13.184+0000][info][gc,marking  ] GC(178) Concurrent Preclean 0.498ms
[2024-08-27T13:50:13.184+0000][info][gc,start    ] GC(178) Pause Remark
[2024-08-27T13:50:13.187+0000][info][gc          ] GC(178) Pause Remark 1669M->1375M(2048M) 2.882ms
[2024-08-27T13:50:13.187+0000][info][gc,cpu      ] GC(178) User=0.02s Sys=0.00s Real=0.00s
[2024-08-27T13:50:13.187+0000][info][gc,marking  ] GC(178) Concurrent Mark 24.639ms
[2024-08-27T13:50:13.187+0000][info][gc,marking  ] GC(178) Concurrent Rebuild Remembered Sets
[2024-08-27T13:50:13.216+0000][info][gc,start    ] GC(179) Pause Young (Normal) (G1 Evacuation Pause)
[2024-08-27T13:50:13.216+0000][info][gc,task     ] GC(179) Using 49 workers of 68 for evacuation
[2024-08-27T13:50:13.235+0000][info][gc,phases   ] GC(179)   Pre Evacuate Collection Set: 0.3ms
[2024-08-27T13:50:13.235+0000][info][gc,phases   ] GC(179)   Merge Heap Roots: 0.5ms
[2024-08-27T13:50:13.235+0000][info][gc,phases   ] GC(179)   Evacuate Collection Set: 17.2ms
[2024-08-27T13:50:13.235+0000][info][gc,phases   ] GC(179)   Post Evacuate Collection Set: 1.0ms
[2024-08-27T13:50:13.235+0000][info][gc,phases   ] GC(179)   Other: 0.4ms
[2024-08-27T13:50:13.235+0000][info][gc,heap     ] GC(179) Eden regions: 86->0(129)
[2024-08-27T13:50:13.235+0000][info][gc,heap     ] GC(179) Survivor regions: 16->13(13)
[2024-08-27T13:50:13.235+0000][info][gc,heap     ] GC(179) Old regions: 1321->1418
[2024-08-27T13:50:13.235+0000][info][gc,heap     ] GC(179) Archive regions: 2->2
[2024-08-27T13:50:13.235+0000][info][gc,heap     ] GC(179) Humongous regions: 5->5
[2024-08-27T13:50:13.235+0000][info][gc,metaspace] GC(179) Metaspace: 100K(320K)->100K(320K) NonClass: 96K(192K)->96K(192K) Class: 4K(128K)->4K(128K)
[2024-08-27T13:50:13.235+0000][info][gc          ] GC(179) Pause Young (Normal) (G1 Evacuation Pause) 1428M->1436M(2048M) 19.397ms
[2024-08-27T13:50:13.235+0000][info][gc,cpu      ] GC(179) User=0.86s Sys=0.02s Real=0.02s
[2024-08-27T13:50:13.253+0000][info][gc,marking  ] GC(178) Concurrent Rebuild Remembered Sets 65.879ms
[2024-08-27T13:50:13.254+0000][info][gc,start    ] GC(178) Pause Cleanup
[2024-08-27T13:50:13.259+0000][info][gc          ] GC(178) Pause Cleanup 1470M->1470M(2048M) 5.346ms
[2024-08-27T13:50:13.259+0000][info][gc,cpu      ] GC(178) User=0.02s Sys=0.00s Real=0.01s
[2024-08-27T13:50:13.259+0000][info][gc,marking  ] GC(178) Concurrent Cleanup for Next Mark
[2024-08-27T13:50:13.261+0000][info][gc,marking  ] GC(178) Concurrent Cleanup for Next Mark 1.763ms
[2024-08-27T13:50:13.261+0000][info][gc          ] GC(178) Concurrent Mark Cycle 101.727ms
[2024-08-27T13:50:13.308+0000][info][gc,start    ] GC(180) Pause Young (Prepare Mixed) (G1 Evacuation Pause)
[2024-08-27T13:50:13.308+0000][info][gc,task     ] GC(180) Using 49 workers of 68 for evacuation
[2024-08-27T13:50:13.336+0000][info][gc,phases   ] GC(180)   Pre Evacuate Collection Set: 0.3ms
[2024-08-27T13:50:13.336+0000][info][gc,phases   ] GC(180)   Merge Heap Roots: 1.2ms
[2024-08-27T13:50:13.336+0000][info][gc,phases   ] GC(180)   Evacuate Collection Set: 25.8ms
[2024-08-27T13:50:13.336+0000][info][gc,phases   ] GC(180)   Post Evacuate Collection Set: 0.7ms
[2024-08-27T13:50:13.336+0000][info][gc,phases   ] GC(180)   Other: 0.4ms
[2024-08-27T13:50:13.336+0000][info][gc,heap     ] GC(180) Eden regions: 129->0(84)
[2024-08-27T13:50:13.336+0000][info][gc,heap     ] GC(180) Survivor regions: 13->18(18)
[2024-08-27T13:50:13.336+0000][info][gc,heap     ] GC(180) Old regions: 1418->1544
[2024-08-27T13:50:13.336+0000][info][gc,heap     ] GC(180) Archive regions: 2->2
[2024-08-27T13:50:13.336+0000][info][gc,heap     ] GC(180) Humongous regions: 5->5
[2024-08-27T13:50:13.336+0000][info][gc,metaspace] GC(180) Metaspace: 100K(320K)->100K(320K) NonClass: 96K(192K)->96K(192K) Class: 4K(128K)->4K(128K)
[2024-08-27T13:50:13.336+0000][info][gc          ] GC(180) Pause Young (Prepare Mixed) (G1 Evacuation Pause) 1565M->1567M(2048M) 28.494ms
[2024-08-27T13:50:13.336+0000][info][gc,cpu      ] GC(180) User=1.31s Sys=0.00s Real=0.03s
[2024-08-27T13:50:13.379+0000][info][gc,start    ] GC(181) Pause Young (Mixed) (G1 Evacuation Pause)
[2024-08-27T13:50:13.379+0000][info][gc,task     ] GC(181) Using 49 workers of 68 for evacuation
[2024-08-27T13:50:13.398+0000][info][gc,phases   ] GC(181)   Pre Evacuate Collection Set: 0.4ms
[2024-08-27T13:50:13.398+0000][info][gc,phases   ] GC(181)   Merge Heap Roots: 0.8ms
[2024-08-27T13:50:13.398+0000][info][gc,phases   ] GC(181)   Evacuate Collection Set: 16.9ms
[2024-08-27T13:50:13.398+0000][info][gc,phases   ] GC(181)   Post Evacuate Collection Set: 0.7ms
[2024-08-27T13:50:13.398+0000][info][gc,phases   ] GC(181)   Other: 0.4ms
[2024-08-27T13:50:13.398+0000][info][gc,heap     ] GC(181) Eden regions: 84->0(89)
[2024-08-27T13:50:13.399+0000][info][gc,heap     ] GC(181) Survivor regions: 18->13(13)
[2024-08-27T13:50:13.399+0000][info][gc,heap     ] GC(181) Old regions: 1544->1435
[2024-08-27T13:50:13.399+0000][info][gc,heap     ] GC(181) Archive regions: 2->2
[2024-08-27T13:50:13.399+0000][info][gc,heap     ] GC(181) Humongous regions: 5->5
[2024-08-27T13:50:13.399+0000][info][gc,metaspace] GC(181) Metaspace: 100K(320K)->100K(320K) NonClass: 96K(192K)->96K(192K) Class: 4K(128K)->4K(128K)
[2024-08-27T13:50:13.399+0000][info][gc          ] GC(181) Pause Young (Mixed) (G1 Evacuation Pause) 1651M->1453M(2048M) 19.427ms
[2024-08-27T13:50:13.399+0000][info][gc,cpu      ] GC(181) User=0.85s Sys=0.01s Real=0.02s
[2024-08-27T13:50:13.443+0000][info][gc,start    ] GC(182) Pause Young (Mixed) (G1 Evacuation Pause)
[2024-08-27T13:50:13.444+0000][info][gc,task     ] GC(182) Using 49 workers of 68 for evacuation
[2024-08-27T13:50:13.462+0000][info][gc,phases   ] GC(182)   Pre Evacuate Collection Set: 0.4ms
[2024-08-27T13:50:13.462+0000][info][gc,phases   ] GC(182)   Merge Heap Roots: 0.8ms
[2024-08-27T13:50:13.462+0000][info][gc,phases   ] GC(182)   Evacuate Collection Set: 16.6ms
[2024-08-27T13:50:13.462+0000][info][gc,phases   ] GC(182)   Post Evacuate Collection Set: 0.7ms
[2024-08-27T13:50:13.462+0000][info][gc,phases   ] GC(182)   Other: 0.4ms
[2024-08-27T13:50:13.462+0000][info][gc,heap     ] GC(182) Eden regions: 89->0(89)
[2024-08-27T13:50:13.462+0000][info][gc,heap     ] GC(182) Survivor regions: 13->13(13)
[2024-08-27T13:50:13.462+0000][info][gc,heap     ] GC(182) Old regions: 1435->1325
[2024-08-27T13:50:13.462+0000][info][gc,heap     ] GC(182) Archive regions: 2->2
[2024-08-27T13:50:13.462+0000][info][gc,heap     ] GC(182) Humongous regions: 5->5
[2024-08-27T13:50:13.462+0000][info][gc,metaspace] GC(182) Metaspace: 100K(320K)->100K(320K) NonClass: 96K(192K)->96K(192K) Class: 4K(128K)->4K(128K)
[2024-08-27T13:50:13.463+0000][info][gc          ] GC(182) Pause Young (Mixed) (G1 Evacuation Pause) 1542M->1343M(2048M) 19.076ms
[2024-08-27T13:50:13.463+0000][info][gc,cpu      ] GC(182) User=0.84s Sys=0.01s Real=0.02s
[2024-08-27T13:50:13.506+0000][info][gc,start    ] GC(183) Pause Young (Mixed) (G1 Evacuation Pause)
[2024-08-27T13:50:13.506+0000][info][gc,task     ] GC(183) Using 49 workers of 68 for evacuation
[2024-08-27T13:50:13.525+0000][info][gc,phases   ] GC(183)   Pre Evacuate Collection Set: 0.4ms
[2024-08-27T13:50:13.525+0000][info][gc,phases   ] GC(183)   Merge Heap Roots: 0.9ms
[2024-08-27T13:50:13.525+0000][info][gc,phases   ] GC(183)   Evacuate Collection Set: 16.6ms
[2024-08-27T13:50:13.525+0000][info][gc,phases   ] GC(183)   Post Evacuate Collection Set: 0.7ms
[2024-08-27T13:50:13.525+0000][info][gc,phases   ] GC(183)   Other: 0.4ms
[2024-08-27T13:50:13.525+0000][info][gc,heap     ] GC(183) Eden regions: 89->0(89)
[2024-08-27T13:50:13.525+0000][info][gc,heap     ] GC(183) Survivor regions: 13->13(13)
[2024-08-27T13:50:13.525+0000][info][gc,heap     ] GC(183) Old regions: 1325->1213
[2024-08-27T13:50:13.525+0000][info][gc,heap     ] GC(183) Archive regions: 2->2
[2024-08-27T13:50:13.525+0000][info][gc,heap     ] GC(183) Humongous regions: 5->5
[2024-08-27T13:50:13.525+0000][info][gc,metaspace] GC(183) Metaspace: 100K(320K)->100K(320K) NonClass: 96K(192K)->96K(192K) Class: 4K(128K)->4K(128K)
[2024-08-27T13:50:13.525+0000][info][gc          ] GC(183) Pause Young (Mixed) (G1 Evacuation Pause) 1432M->1231M(2048M) 19.159ms
[2024-08-27T13:50:13.525+0000][info][gc,cpu      ] GC(183) User=0.84s Sys=0.01s Real=0.02s
[2024-08-27T13:50:13.570+0000][info][gc,start    ] GC(184) Pause Young (Mixed) (G1 Evacuation Pause)
[2024-08-27T13:50:13.570+0000][info][gc,task     ] GC(184) Using 49 workers of 68 for evacuation
[2024-08-27T13:50:13.589+0000][info][gc,phases   ] GC(184)   Pre Evacuate Collection Set: 0.4ms
[2024-08-27T13:50:13.589+0000][info][gc,phases   ] GC(184)   Merge Heap Roots: 0.9ms
[2024-08-27T13:50:13.589+0000][info][gc,phases   ] GC(184)   Evacuate Collection Set: 17.0ms
[2024-08-27T13:50:13.589+0000][info][gc,phases   ] GC(184)   Post Evacuate Collection Set: 0.7ms
[2024-08-27T13:50:13.589+0000][info][gc,phases   ] GC(184)   Other: 0.4ms
[2024-08-27T13:50:13.589+0000][info][gc,heap     ] GC(184) Eden regions: 89->0(219)
[2024-08-27T13:50:13.589+0000][info][gc,heap     ] GC(184) Survivor regions: 13->13(13)
[2024-08-27T13:50:13.589+0000][info][gc,heap     ] GC(184) Old regions: 1213->1142
[2024-08-27T13:50:13.589+0000][info][gc,heap     ] GC(184) Archive regions: 2->2
[2024-08-27T13:50:13.589+0000][info][gc,heap     ] GC(184) Humongous regions: 5->5
[2024-08-27T13:50:13.589+0000][info][gc,metaspace] GC(184) Metaspace: 100K(320K)->100K(320K) NonClass: 96K(192K)->96K(192K) Class: 4K(128K)->4K(128K)
[2024-08-27T13:50:13.590+0000][info][gc          ] GC(184) Pause Young (Mixed) (G1 Evacuation Pause) 1320M->1160M(2048M) 19.519ms
[2024-08-27T13:50:13.590+0000][info][gc,cpu      ] GC(184) User=0.86s Sys=0.01s Real=0.02s
[2024-08-27T13:50:13.697+0000][info][gc,start    ] GC(185) Pause Young (Normal) (G1 Evacuation Pause)
[2024-08-27T13:50:13.697+0000][info][gc,task     ] GC(185) Using 49 workers of 68 for evacuation
[2024-08-27T13:50:13.733+0000][info][gc,phases   ] GC(185)   Pre Evacuate Collection Set: 0.3ms
[2024-08-27T13:50:13.733+0000][info][gc,phases   ] GC(185)   Merge Heap Roots: 1.1ms
[2024-08-27T13:50:13.733+0000][info][gc,phases   ] GC(185)   Evacuate Collection Set: 33.8ms
[2024-08-27T13:50:13.733+0000][info][gc,phases   ] GC(185)   Post Evacuate Collection Set: 0.7ms
[2024-08-27T13:50:13.733+0000][info][gc,phases   ] GC(185)   Other: 0.4ms
[2024-08-27T13:50:13.733+0000][info][gc,heap     ] GC(185) Eden regions: 219->0(148)
[2024-08-27T13:50:13.733+0000][info][gc,heap     ] GC(185) Survivor regions: 13->29(29)
[2024-08-27T13:50:13.733+0000][info][gc,heap     ] GC(185) Old regions: 1142->1342
[2024-08-27T13:50:13.733+0000][info][gc,heap     ] GC(185) Archive regions: 2->2
[2024-08-27T13:50:13.733+0000][info][gc,heap     ] GC(185) Humongous regions: 5->5
[2024-08-27T13:50:13.733+0000][info][gc,metaspace] GC(185) Metaspace: 100K(320K)->100K(320K) NonClass: 96K(192K)->96K(192K) Class: 4K(128K)->4K(128K)
[2024-08-27T13:50:13.733+0000][info][gc          ] GC(185) Pause Young (Normal) (G1 Evacuation Pause) 1379M->1376M(2048M) 36.451ms
[2024-08-27T13:50:13.734+0000][info][gc,cpu      ] GC(185) User=1.66s Sys=0.04s Real=0.04s
[2024-08-27T13:50:13.806+0000][info][gc,start    ] GC(186) Pause Young (Normal) (G1 Evacuation Pause)
[2024-08-27T13:50:13.806+0000][info][gc,task     ] GC(186) Using 49 workers of 68 for evacuation
[2024-08-27T13:50:13.837+0000][info][gc,phases   ] GC(186)   Pre Evacuate Collection Set: 0.3ms
[2024-08-27T13:50:13.837+0000][info][gc,phases   ] GC(186)   Merge Heap Roots: 0.6ms
[2024-08-27T13:50:13.837+0000][info][gc,phases   ] GC(186)   Evacuate Collection Set: 28.7ms
[2024-08-27T13:50:13.837+0000][info][gc,phases   ] GC(186)   Post Evacuate Collection Set: 0.6ms
[2024-08-27T13:50:13.837+0000][info][gc,phases   ] GC(186)   Other: 0.4ms
[2024-08-27T13:50:13.837+0000][info][gc,heap     ] GC(186) Eden regions: 148->0(99)
[2024-08-27T13:50:13.837+0000][info][gc,heap     ] GC(186) Survivor regions: 29->23(23)
[2024-08-27T13:50:13.837+0000][info][gc,heap     ] GC(186) Old regions: 1342->1501
[2024-08-27T13:50:13.837+0000][info][gc,heap     ] GC(186) Archive regions: 2->2
[2024-08-27T13:50:13.837+0000][info][gc,heap     ] GC(186) Humongous regions: 5->5
[2024-08-27T13:50:13.837+0000][info][gc,metaspace] GC(186) Metaspace: 100K(320K)->100K(320K) NonClass: 96K(192K)->96K(192K) Class: 4K(128K)->4K(128K)
[2024-08-27T13:50:13.837+0000][info][gc          ] GC(186) Pause Young (Normal) (G1 Evacuation Pause) 1524M->1529M(2048M) 30.807ms
[2024-08-27T13:50:13.837+0000][info][gc,cpu      ] GC(186) User=1.42s Sys=0.01s Real=0.03s
[2024-08-27T13:50:13.893+0000][info][gc,start    ] GC(187) Pause Young (Concurrent Start) (G1 Evacuation Pause)
[2024-08-27T13:50:13.893+0000][info][gc,task     ] GC(187) Using 49 workers of 68 for evacuation
[2024-08-27T13:50:13.917+0000][info][gc,phases   ] GC(187)   Pre Evacuate Collection Set: 0.3ms
[2024-08-27T13:50:13.917+0000][info][gc,phases   ] GC(187)   Merge Heap Roots: 0.9ms
[2024-08-27T13:50:13.917+0000][info][gc,phases   ] GC(187)   Evacuate Collection Set: 20.4ms
[2024-08-27T13:50:13.917+0000][info][gc,phases   ] GC(187)   Post Evacuate Collection Set: 0.6ms
[2024-08-27T13:50:13.917+0000][info][gc,phases   ] GC(187)   Other: 1.2ms
[2024-08-27T13:50:13.917+0000][info][gc,heap     ] GC(187) Eden regions: 99->0(86)
[2024-08-27T13:50:13.917+0000][info][gc,heap     ] GC(187) Survivor regions: 23->16(16)
[2024-08-27T13:50:13.917+0000][info][gc,heap     ] GC(187) Old regions: 1501->1614
[2024-08-27T13:50:13.917+0000][info][gc,heap     ] GC(187) Archive regions: 2->2
[2024-08-27T13:50:13.917+0000][info][gc,heap     ] GC(187) Humongous regions: 5->5
[2024-08-27T13:50:13.917+0000][info][gc,metaspace] GC(187) Metaspace: 100K(320K)->100K(320K) NonClass: 96K(192K)->96K(192K) Class: 4K(128K)->4K(128K)
[2024-08-27T13:50:13.917+0000][info][gc          ] GC(187) Pause Young (Concurrent Start) (G1 Evacuation Pause) 1628M->1635M(2048M) 23.620ms
[2024-08-27T13:50:13.917+0000][info][gc,cpu      ] GC(187) User=1.02s Sys=0.01s Real=0.02s
[2024-08-27T13:50:13.917+0000][info][gc          ] GC(188) Concurrent Mark Cycle
[2024-08-27T13:50:13.917+0000][info][gc,marking  ] GC(188) Concurrent Clear Claimed Marks
[2024-08-27T13:50:13.917+0000][info][gc,marking  ] GC(188) Concurrent Clear Claimed Marks 0.011ms
[2024-08-27T13:50:13.917+0000][info][gc,marking  ] GC(188) Concurrent Scan Root Regions
[2024-08-27T13:50:13.920+0000][info][gc,marking  ] GC(188) Concurrent Scan Root Regions 3.302ms
[2024-08-27T13:50:13.920+0000][info][gc,marking  ] GC(188) Concurrent Mark
[2024-08-27T13:50:13.920+0000][info][gc,marking  ] GC(188) Concurrent Mark From Roots
[2024-08-27T13:50:13.920+0000][info][gc,task     ] GC(188) Using 17 workers of 17 for marking
[2024-08-27T13:50:13.941+0000][info][gc,marking  ] GC(188) Concurrent Mark From Roots 20.617ms
[2024-08-27T13:50:13.941+0000][info][gc,marking  ] GC(188) Concurrent Preclean
[2024-08-27T13:50:13.942+0000][info][gc,marking  ] GC(188) Concurrent Preclean 0.703ms
[2024-08-27T13:50:13.942+0000][info][gc,start    ] GC(188) Pause Remark
[2024-08-27T13:50:13.945+0000][info][gc          ] GC(188) Pause Remark 1659M->1386M(2048M) 2.893ms
[2024-08-27T13:50:13.945+0000][info][gc,cpu      ] GC(188) User=0.01s Sys=0.00s Real=0.00s
[2024-08-27T13:50:13.945+0000][info][gc,marking  ] GC(188) Concurrent Mark 24.873ms
[2024-08-27T13:50:13.945+0000][info][gc,marking  ] GC(188) Concurrent Rebuild Remembered Sets
[2024-08-27T13:50:13.990+0000][info][gc,start    ] GC(189) Pause Young (Normal) (G1 Evacuation Pause)
[2024-08-27T13:50:13.990+0000][info][gc,task     ] GC(189) Using 49 workers of 68 for evacuation
[2024-08-27T13:50:14.012+0000][info][gc,phases   ] GC(189)   Pre Evacuate Collection Set: 0.4ms
[2024-08-27T13:50:14.012+0000][info][gc,phases   ] GC(189)   Merge Heap Roots: 0.5ms
[2024-08-27T13:50:14.012+0000][info][gc,phases   ] GC(189)   Evacuate Collection Set: 19.6ms
[2024-08-27T13:50:14.012+0000][info][gc,phases   ] GC(189)   Post Evacuate Collection Set: 1.0ms
[2024-08-27T13:50:14.012+0000][info][gc,phases   ] GC(189)   Other: 0.4ms
[2024-08-27T13:50:14.012+0000][info][gc,heap     ] GC(189) Eden regions: 86->0(123)
[2024-08-27T13:50:14.012+0000][info][gc,heap     ] GC(189) Survivor regions: 16->13(13)
[2024-08-27T13:50:14.012+0000][info][gc,heap     ] GC(189) Old regions: 1341->1438
[2024-08-27T13:50:14.012+0000][info][gc,heap     ] GC(189) Archive regions: 2->2
[2024-08-27T13:50:14.012+0000][info][gc,heap     ] GC(189) Humongous regions: 5->5
[2024-08-27T13:50:14.012+0000][info][gc,metaspace] GC(189) Metaspace: 100K(320K)->100K(320K) NonClass: 96K(192K)->96K(192K) Class: 4K(128K)->4K(128K)
[2024-08-27T13:50:14.012+0000][info][gc          ] GC(189) Pause Young (Normal) (G1 Evacuation Pause) 1448M->1456M(2048M) 21.997ms
[2024-08-27T13:50:14.012+0000][info][gc,cpu      ] GC(189) User=0.84s Sys=0.01s Real=0.02s
[2024-08-27T13:50:14.013+0000][info][gc,marking  ] GC(188) Concurrent Rebuild Remembered Sets 67.421ms
[2024-08-27T13:50:14.013+0000][info][gc,start    ] GC(188) Pause Cleanup
[2024-08-27T13:50:14.018+0000][info][gc          ] GC(188) Pause Cleanup 1458M->1458M(2048M) 5.337ms
[2024-08-27T13:50:14.019+0000][info][gc,cpu      ] GC(188) User=0.01s Sys=0.00s Real=0.01s
[2024-08-27T13:50:14.019+0000][info][gc,marking  ] GC(188) Concurrent Cleanup for Next Mark
[2024-08-27T13:50:14.020+0000][info][gc,marking  ] GC(188) Concurrent Cleanup for Next Mark 1.440ms
[2024-08-27T13:50:14.020+0000][info][gc          ] GC(188) Concurrent Mark Cycle 103.195ms
[2024-08-27T13:50:14.086+0000][info][gc,start    ] GC(190) Pause Young (Prepare Mixed) (G1 Evacuation Pause)
[2024-08-27T13:50:14.086+0000][info][gc,task     ] GC(190) Using 49 workers of 68 for evacuation
[2024-08-27T13:50:14.116+0000][info][gc,phases   ] GC(190)   Pre Evacuate Collection Set: 0.3ms
[2024-08-27T13:50:14.116+0000][info][gc,phases   ] GC(190)   Merge Heap Roots: 1.5ms
[2024-08-27T13:50:14.116+0000][info][gc,phases   ] GC(190)   Evacuate Collection Set: 27.1ms
[2024-08-27T13:50:14.116+0000][info][gc,phases   ] GC(190)   Post Evacuate Collection Set: 0.6ms
[2024-08-27T13:50:14.116+0000][info][gc,phases   ] GC(190)   Other: 0.3ms
[2024-08-27T13:50:14.116+0000][info][gc,heap     ] GC(190) Eden regions: 123->0(85)
[2024-08-27T13:50:14.116+0000][info][gc,heap     ] GC(190) Survivor regions: 13->17(17)
[2024-08-27T13:50:14.116+0000][info][gc,heap     ] GC(190) Old regions: 1438->1561
[2024-08-27T13:50:14.116+0000][info][gc,heap     ] GC(190) Archive regions: 2->2
[2024-08-27T13:50:14.116+0000][info][gc,heap     ] GC(190) Humongous regions: 5->5
[2024-08-27T13:50:14.116+0000][info][gc,metaspace] GC(190) Metaspace: 100K(320K)->100K(320K) NonClass: 96K(192K)->96K(192K) Class: 4K(128K)->4K(128K)
[2024-08-27T13:50:14.116+0000][info][gc          ] GC(190) Pause Young (Prepare Mixed) (G1 Evacuation Pause) 1579M->1583M(2048M) 29.883ms
[2024-08-27T13:50:14.116+0000][info][gc,cpu      ] GC(190) User=1.38s Sys=0.00s Real=0.03s
[2024-08-27T13:50:14.160+0000][info][gc,start    ] GC(191) Pause Young (Mixed) (G1 Evacuation Pause)
[2024-08-27T13:50:14.161+0000][info][gc,task     ] GC(191) Using 49 workers of 68 for evacuation
[2024-08-27T13:50:14.181+0000][info][gc,phases   ] GC(191)   Pre Evacuate Collection Set: 0.4ms
[2024-08-27T13:50:14.181+0000][info][gc,phases   ] GC(191)   Merge Heap Roots: 0.9ms
[2024-08-27T13:50:14.181+0000][info][gc,phases   ] GC(191)   Evacuate Collection Set: 17.9ms
[2024-08-27T13:50:14.181+0000][info][gc,phases   ] GC(191)   Post Evacuate Collection Set: 0.7ms
[2024-08-27T13:50:14.181+0000][info][gc,phases   ] GC(191)   Other: 0.4ms
[2024-08-27T13:50:14.181+0000][info][gc,heap     ] GC(191) Eden regions: 85->0(89)
[2024-08-27T13:50:14.181+0000][info][gc,heap     ] GC(191) Survivor regions: 17->13(13)
[2024-08-27T13:50:14.181+0000][info][gc,heap     ] GC(191) Old regions: 1561->1453
[2024-08-27T13:50:14.181+0000][info][gc,heap     ] GC(191) Archive regions: 2->2
[2024-08-27T13:50:14.181+0000][info][gc,heap     ] GC(191) Humongous regions: 5->5
[2024-08-27T13:50:14.181+0000][info][gc,metaspace] GC(191) Metaspace: 100K(320K)->100K(320K) NonClass: 96K(192K)->96K(192K) Class: 4K(128K)->4K(128K)
[2024-08-27T13:50:14.181+0000][info][gc          ] GC(191) Pause Young (Mixed) (G1 Evacuation Pause) 1668M->1471M(2048M) 20.470ms
[2024-08-27T13:50:14.181+0000][info][gc,cpu      ] GC(191) User=0.91s Sys=0.00s Real=0.02s
[2024-08-27T13:50:14.226+0000][info][gc,start    ] GC(192) Pause Young (Mixed) (G1 Evacuation Pause)
[2024-08-27T13:50:14.226+0000][info][gc,task     ] GC(192) Using 49 workers of 68 for evacuation
[2024-08-27T13:50:14.246+0000][info][gc,phases   ] GC(192)   Pre Evacuate Collection Set: 0.4ms
[2024-08-27T13:50:14.246+0000][info][gc,phases   ] GC(192)   Merge Heap Roots: 0.8ms
[2024-08-27T13:50:14.246+0000][info][gc,phases   ] GC(192)   Evacuate Collection Set: 17.5ms
[2024-08-27T13:50:14.246+0000][info][gc,phases   ] GC(192)   Post Evacuate Collection Set: 0.8ms
[2024-08-27T13:50:14.246+0000][info][gc,phases   ] GC(192)   Other: 0.4ms
[2024-08-27T13:50:14.246+0000][info][gc,heap     ] GC(192) Eden regions: 89->0(89)
[2024-08-27T13:50:14.246+0000][info][gc,heap     ] GC(192) Survivor regions: 13->13(13)
[2024-08-27T13:50:14.246+0000][info][gc,heap     ] GC(192) Old regions: 1453->1342
[2024-08-27T13:50:14.246+0000][info][gc,heap     ] GC(192) Archive regions: 2->2
[2024-08-27T13:50:14.246+0000][info][gc,heap     ] GC(192) Humongous regions: 5->5
[2024-08-27T13:50:14.246+0000][info][gc,metaspace] GC(192) Metaspace: 100K(320K)->100K(320K) NonClass: 96K(192K)->96K(192K) Class: 4K(128K)->4K(128K)
[2024-08-27T13:50:14.247+0000][info][gc          ] GC(192) Pause Young (Mixed) (G1 Evacuation Pause) 1560M->1360M(2048M) 20.105ms
[2024-08-27T13:50:14.247+0000][info][gc,cpu      ] GC(192) User=0.88s Sys=0.01s Real=0.02s
[2024-08-27T13:50:14.292+0000][info][gc,start    ] GC(193) Pause Young (Mixed) (G1 Evacuation Pause)
[2024-08-27T13:50:14.292+0000][info][gc,task     ] GC(193) Using 49 workers of 68 for evacuation
[2024-08-27T13:50:14.313+0000][info][gc,phases   ] GC(193)   Pre Evacuate Collection Set: 0.4ms
[2024-08-27T13:50:14.313+0000][info][gc,phases   ] GC(193)   Merge Heap Roots: 0.9ms
[2024-08-27T13:50:14.313+0000][info][gc,phases   ] GC(193)   Evacuate Collection Set: 17.9ms
[2024-08-27T13:50:14.313+0000][info][gc,phases   ] GC(193)   Post Evacuate Collection Set: 0.7ms
[2024-08-27T13:50:14.313+0000][info][gc,phases   ] GC(193)   Other: 0.4ms
[2024-08-27T13:50:14.313+0000][info][gc,heap     ] GC(193) Eden regions: 89->0(89)
[2024-08-27T13:50:14.313+0000][info][gc,heap     ] GC(193) Survivor regions: 13->13(13)
[2024-08-27T13:50:14.313+0000][info][gc,heap     ] GC(193) Old regions: 1342->1230
[2024-08-27T13:50:14.313+0000][info][gc,heap     ] GC(193) Archive regions: 2->2
[2024-08-27T13:50:14.313+0000][info][gc,heap     ] GC(193) Humongous regions: 5->5
[2024-08-27T13:50:14.313+0000][info][gc,metaspace] GC(193) Metaspace: 100K(320K)->100K(320K) NonClass: 96K(192K)->96K(192K) Class: 4K(128K)->4K(128K)
[2024-08-27T13:50:14.313+0000][info][gc          ] GC(193) Pause Young (Mixed) (G1 Evacuation Pause) 1449M->1248M(2048M) 20.569ms
[2024-08-27T13:50:14.313+0000][info][gc,cpu      ] GC(193) User=0.92s Sys=0.00s Real=0.02s
[2024-08-27T13:50:14.359+0000][info][gc,start    ] GC(194) Pause Young (Mixed) (G1 Evacuation Pause)
[2024-08-27T13:50:14.359+0000][info][gc,task     ] GC(194) Using 49 workers of 68 for evacuation
[2024-08-27T13:50:14.379+0000][info][gc,phases   ] GC(194)   Pre Evacuate Collection Set: 0.4ms
[2024-08-27T13:50:14.379+0000][info][gc,phases   ] GC(194)   Merge Heap Roots: 1.0ms
[2024-08-27T13:50:14.379+0000][info][gc,phases   ] GC(194)   Evacuate Collection Set: 18.3ms
[2024-08-27T13:50:14.379+0000][info][gc,phases   ] GC(194)   Post Evacuate Collection Set: 0.7ms
[2024-08-27T13:50:14.379+0000][info][gc,phases   ] GC(194)   Other: 0.4ms
[2024-08-27T13:50:14.379+0000][info][gc,heap     ] GC(194) Eden regions: 89->0(219)
[2024-08-27T13:50:14.379+0000][info][gc,heap     ] GC(194) Survivor regions: 13->13(13)
[2024-08-27T13:50:14.379+0000][info][gc,heap     ] GC(194) Old regions: 1230->1141
[2024-08-27T13:50:14.379+0000][info][gc,heap     ] GC(194) Archive regions: 2->2
[2024-08-27T13:50:14.379+0000][info][gc,heap     ] GC(194) Humongous regions: 5->5
[2024-08-27T13:50:14.379+0000][info][gc,metaspace] GC(194) Metaspace: 100K(320K)->100K(320K) NonClass: 96K(192K)->96K(192K) Class: 4K(128K)->4K(128K)
[2024-08-27T13:50:14.380+0000][info][gc          ] GC(194) Pause Young (Mixed) (G1 Evacuation Pause) 1337M->1159M(2048M) 20.949ms
[2024-08-27T13:50:14.380+0000][info][gc,cpu      ] GC(194) User=0.94s Sys=0.00s Real=0.02s
[2024-08-27T13:50:14.489+0000][info][gc,start    ] GC(195) Pause Young (Normal) (G1 Evacuation Pause)
[2024-08-27T13:50:14.489+0000][info][gc,task     ] GC(195) Using 49 workers of 68 for evacuation
[2024-08-27T13:50:14.529+0000][info][gc,phases   ] GC(195)   Pre Evacuate Collection Set: 0.3ms
[2024-08-27T13:50:14.529+0000][info][gc,phases   ] GC(195)   Merge Heap Roots: 1.1ms
[2024-08-27T13:50:14.529+0000][info][gc,phases   ] GC(195)   Evacuate Collection Set: 36.8ms
[2024-08-27T13:50:14.529+0000][info][gc,phases   ] GC(195)   Post Evacuate Collection Set: 0.7ms
[2024-08-27T13:50:14.529+0000][info][gc,phases   ] GC(195)   Other: 0.4ms
[2024-08-27T13:50:14.529+0000][info][gc,heap     ] GC(195) Eden regions: 219->0(149)
[2024-08-27T13:50:14.529+0000][info][gc,heap     ] GC(195) Survivor regions: 13->29(29)
[2024-08-27T13:50:14.529+0000][info][gc,heap     ] GC(195) Old regions: 1141->1340
[2024-08-27T13:50:14.529+0000][info][gc,heap     ] GC(195) Archive regions: 2->2
[2024-08-27T13:50:14.529+0000][info][gc,heap     ] GC(195) Humongous regions: 5->5
[2024-08-27T13:50:14.529+0000][info][gc,metaspace] GC(195) Metaspace: 100K(320K)->100K(320K) NonClass: 96K(192K)->96K(192K) Class: 4K(128K)->4K(128K)
[2024-08-27T13:50:14.529+0000][info][gc          ] GC(195) Pause Young (Normal) (G1 Evacuation Pause) 1378M->1374M(2048M) 39.509ms
[2024-08-27T13:50:14.529+0000][info][gc,cpu      ] GC(195) User=1.83s Sys=0.00s Real=0.04s
[2024-08-27T13:50:14.603+0000][info][gc,start    ] GC(196) Pause Young (Normal) (G1 Evacuation Pause)
[2024-08-27T13:50:14.603+0000][info][gc,task     ] GC(196) Using 49 workers of 68 for evacuation
[2024-08-27T13:50:14.635+0000][info][gc,phases   ] GC(196)   Pre Evacuate Collection Set: 0.3ms
[2024-08-27T13:50:14.635+0000][info][gc,phases   ] GC(196)   Merge Heap Roots: 0.7ms
[2024-08-27T13:50:14.635+0000][info][gc,phases   ] GC(196)   Evacuate Collection Set: 30.5ms
[2024-08-27T13:50:14.635+0000][info][gc,phases   ] GC(196)   Post Evacuate Collection Set: 0.7ms
[2024-08-27T13:50:14.635+0000][info][gc,phases   ] GC(196)   Other: 0.4ms
[2024-08-27T13:50:14.636+0000][info][gc,heap     ] GC(196) Eden regions: 149->0(100)
[2024-08-27T13:50:14.636+0000][info][gc,heap     ] GC(196) Survivor regions: 29->23(23)
[2024-08-27T13:50:14.636+0000][info][gc,heap     ] GC(196) Old regions: 1340->1499
[2024-08-27T13:50:14.636+0000][info][gc,heap     ] GC(196) Archive regions: 2->2
[2024-08-27T13:50:14.636+0000][info][gc,heap     ] GC(196) Humongous regions: 5->5
[2024-08-27T13:50:14.636+0000][info][gc,metaspace] GC(196) Metaspace: 100K(320K)->100K(320K) NonClass: 96K(192K)->96K(192K) Class: 4K(128K)->4K(128K)
[2024-08-27T13:50:14.636+0000][info][gc          ] GC(196) Pause Young (Normal) (G1 Evacuation Pause) 1523M->1527M(2048M) 32.743ms
[2024-08-27T13:50:14.636+0000][info][gc,cpu      ] GC(196) User=1.51s Sys=0.00s Real=0.03s
[2024-08-27T13:50:14.688+0000][info][gc,start    ] GC(197) Pause Young (Concurrent Start) (G1 Evacuation Pause)
[2024-08-27T13:50:14.688+0000][info][gc,task     ] GC(197) Using 49 workers of 68 for evacuation
[2024-08-27T13:50:14.712+0000][info][gc,phases   ] GC(197)   Pre Evacuate Collection Set: 0.3ms
[2024-08-27T13:50:14.713+0000][info][gc,phases   ] GC(197)   Merge Heap Roots: 0.9ms
[2024-08-27T13:50:14.713+0000][info][gc,phases   ] GC(197)   Evacuate Collection Set: 21.6ms
[2024-08-27T13:50:14.713+0000][info][gc,phases   ] GC(197)   Post Evacuate Collection Set: 0.7ms
[2024-08-27T13:50:14.713+0000][info][gc,phases   ] GC(197)   Other: 1.2ms
[2024-08-27T13:50:14.713+0000][info][gc,heap     ] GC(197) Eden regions: 100->0(86)
[2024-08-27T13:50:14.713+0000][info][gc,heap     ] GC(197) Survivor regions: 23->16(16)
[2024-08-27T13:50:14.713+0000][info][gc,heap     ] GC(197) Old regions: 1499->1613
[2024-08-27T13:50:14.713+0000][info][gc,heap     ] GC(197) Archive regions: 2->2
[2024-08-27T13:50:14.713+0000][info][gc,heap     ] GC(197) Humongous regions: 5->5
[2024-08-27T13:50:14.713+0000][info][gc,metaspace] GC(197) Metaspace: 100K(320K)->100K(320K) NonClass: 96K(192K)->96K(192K) Class: 4K(128K)->4K(128K)
[2024-08-27T13:50:14.713+0000][info][gc          ] GC(197) Pause Young (Concurrent Start) (G1 Evacuation Pause) 1627M->1634M(2048M) 24.747ms
[2024-08-27T13:50:14.713+0000][info][gc,cpu      ] GC(197) User=1.09s Sys=0.00s Real=0.03s
[2024-08-27T13:50:14.713+0000][info][gc          ] GC(198) Concurrent Mark Cycle
[2024-08-27T13:50:14.713+0000][info][gc,marking  ] GC(198) Concurrent Clear Claimed Marks
[2024-08-27T13:50:14.713+0000][info][gc,marking  ] GC(198) Concurrent Clear Claimed Marks 0.010ms
[2024-08-27T13:50:14.713+0000][info][gc,marking  ] GC(198) Concurrent Scan Root Regions
[2024-08-27T13:50:14.716+0000][info][gc,marking  ] GC(198) Concurrent Scan Root Regions 3.222ms
[2024-08-27T13:50:14.716+0000][info][gc,marking  ] GC(198) Concurrent Mark
[2024-08-27T13:50:14.716+0000][info][gc,marking  ] GC(198) Concurrent Mark From Roots
[2024-08-27T13:50:14.716+0000][info][gc,task     ] GC(198) Using 17 workers of 17 for marking
[2024-08-27T13:50:14.737+0000][info][gc,marking  ] GC(198) Concurrent Mark From Roots 20.515ms
[2024-08-27T13:50:14.737+0000][info][gc,marking  ] GC(198) Concurrent Preclean
[2024-08-27T13:50:14.737+0000][info][gc,marking  ] GC(198) Concurrent Preclean 0.500ms
[2024-08-27T13:50:14.738+0000][info][gc,start    ] GC(198) Pause Remark
[2024-08-27T13:50:14.741+0000][info][gc          ] GC(198) Pause Remark 1666M->1392M(2048M) 2.941ms
[2024-08-27T13:50:14.741+0000][info][gc,cpu      ] GC(198) User=0.02s Sys=0.00s Real=0.00s
[2024-08-27T13:50:14.741+0000][info][gc,marking  ] GC(198) Concurrent Mark 24.593ms
[2024-08-27T13:50:14.741+0000][info][gc,marking  ] GC(198) Concurrent Rebuild Remembered Sets
[2024-08-27T13:50:14.769+0000][info][gc,start    ] GC(199) Pause Young (Normal) (G1 Evacuation Pause)
[2024-08-27T13:50:14.769+0000][info][gc,task     ] GC(199) Using 49 workers of 68 for evacuation
[2024-08-27T13:50:14.790+0000][info][gc,phases   ] GC(199)   Pre Evacuate Collection Set: 0.3ms
[2024-08-27T13:50:14.790+0000][info][gc,phases   ] GC(199)   Merge Heap Roots: 0.5ms
[2024-08-27T13:50:14.790+0000][info][gc,phases   ] GC(199)   Evacuate Collection Set: 18.7ms
[2024-08-27T13:50:14.790+0000][info][gc,phases   ] GC(199)   Post Evacuate Collection Set: 1.0ms
[2024-08-27T13:50:14.790+0000][info][gc,phases   ] GC(199)   Other: 0.3ms
[2024-08-27T13:50:14.790+0000][info][gc,heap     ] GC(199) Eden regions: 86->0(123)
[2024-08-27T13:50:14.790+0000][info][gc,heap     ] GC(199) Survivor regions: 16->13(13)
[2024-08-27T13:50:14.790+0000][info][gc,heap     ] GC(199) Old regions: 1339->1436
[2024-08-27T13:50:14.790+0000][info][gc,heap     ] GC(199) Archive regions: 2->2
[2024-08-27T13:50:14.790+0000][info][gc,heap     ] GC(199) Humongous regions: 5->5
[2024-08-27T13:50:14.790+0000][info][gc,metaspace] GC(199) Metaspace: 100K(320K)->100K(320K) NonClass: 96K(192K)->96K(192K) Class: 4K(128K)->4K(128K)
[2024-08-27T13:50:14.790+0000][info][gc          ] GC(199) Pause Young (Normal) (G1 Evacuation Pause) 1446M->1454M(2048M) 21.073ms
[2024-08-27T13:50:14.790+0000][info][gc,cpu      ] GC(199) User=0.93s Sys=0.01s Real=0.03s
[2024-08-27T13:50:14.805+0000][info][gc,marking  ] GC(198) Concurrent Rebuild Remembered Sets 64.249ms
[2024-08-27T13:50:14.806+0000][info][gc,start    ] GC(198) Pause Cleanup
[2024-08-27T13:50:14.811+0000][info][gc          ] GC(198) Pause Cleanup 1480M->1480M(2048M) 5.592ms
[2024-08-27T13:50:14.811+0000][info][gc,cpu      ] GC(198) User=0.02s Sys=0.00s Real=0.01s
[2024-08-27T13:50:14.811+0000][info][gc,marking  ] GC(198) Concurrent Cleanup for Next Mark
[2024-08-27T13:50:14.813+0000][info][gc,marking  ] GC(198) Concurrent Cleanup for Next Mark 1.397ms
[2024-08-27T13:50:14.813+0000][info][gc          ] GC(198) Concurrent Mark Cycle 99.995ms
[2024-08-27T13:50:14.862+0000][info][gc,start    ] GC(200) Pause Young (Prepare Mixed) (G1 Evacuation Pause)
[2024-08-27T13:50:14.862+0000][info][gc,task     ] GC(200) Using 49 workers of 68 for evacuation
[2024-08-27T13:50:14.891+0000][info][gc,phases   ] GC(200)   Pre Evacuate Collection Set: 0.2ms
[2024-08-27T13:50:14.891+0000][info][gc,phases   ] GC(200)   Merge Heap Roots: 1.4ms
[2024-08-27T13:50:14.891+0000][info][gc,phases   ] GC(200)   Evacuate Collection Set: 26.3ms
[2024-08-27T13:50:14.891+0000][info][gc,phases   ] GC(200)   Post Evacuate Collection Set: 0.7ms
[2024-08-27T13:50:14.891+0000][info][gc,phases   ] GC(200)   Other: 0.3ms
[2024-08-27T13:50:14.891+0000][info][gc,heap     ] GC(200) Eden regions: 123->0(85)
[2024-08-27T13:50:14.891+0000][info][gc,heap     ] GC(200) Survivor regions: 13->17(17)
[2024-08-27T13:50:14.891+0000][info][gc,heap     ] GC(200) Old regions: 1436->1558
[2024-08-27T13:50:14.891+0000][info][gc,heap     ] GC(200) Archive regions: 2->2
[2024-08-27T13:50:14.891+0000][info][gc,heap     ] GC(200) Humongous regions: 5->5
[2024-08-27T13:50:14.891+0000][info][gc,metaspace] GC(200) Metaspace: 100K(320K)->100K(320K) NonClass: 96K(192K)->96K(192K) Class: 4K(128K)->4K(128K)
[2024-08-27T13:50:14.891+0000][info][gc          ] GC(200) Pause Young (Prepare Mixed) (G1 Evacuation Pause) 1577M->1580M(2048M) 28.915ms
[2024-08-27T13:50:14.891+0000][info][gc,cpu      ] GC(200) User=1.34s Sys=0.00s Real=0.03s
[2024-08-27T13:50:14.935+0000][info][gc,start    ] GC(201) Pause Young (Mixed) (G1 Evacuation Pause)
[2024-08-27T13:50:14.935+0000][info][gc,task     ] GC(201) Using 49 workers of 68 for evacuation
[2024-08-27T13:50:14.956+0000][info][gc,phases   ] GC(201)   Pre Evacuate Collection Set: 0.4ms
[2024-08-27T13:50:14.956+0000][info][gc,phases   ] GC(201)   Merge Heap Roots: 0.8ms
[2024-08-27T13:50:14.956+0000][info][gc,phases   ] GC(201)   Evacuate Collection Set: 18.3ms
[2024-08-27T13:50:14.956+0000][info][gc,phases   ] GC(201)   Post Evacuate Collection Set: 0.7ms
[2024-08-27T13:50:14.956+0000][info][gc,phases   ] GC(201)   Other: 0.4ms
[2024-08-27T13:50:14.956+0000][info][gc,heap     ] GC(201) Eden regions: 85->0(89)
[2024-08-27T13:50:14.956+0000][info][gc,heap     ] GC(201) Survivor regions: 17->13(13)
[2024-08-27T13:50:14.956+0000][info][gc,heap     ] GC(201) Old regions: 1558->1449
[2024-08-27T13:50:14.956+0000][info][gc,heap     ] GC(201) Archive regions: 2->2
[2024-08-27T13:50:14.956+0000][info][gc,heap     ] GC(201) Humongous regions: 5->5
[2024-08-27T13:50:14.956+0000][info][gc,metaspace] GC(201) Metaspace: 100K(320K)->100K(320K) NonClass: 96K(192K)->96K(192K) Class: 4K(128K)->4K(128K)
[2024-08-27T13:50:14.956+0000][info][gc          ] GC(201) Pause Young (Mixed) (G1 Evacuation Pause) 1665M->1467M(2048M) 20.878ms
[2024-08-27T13:50:14.956+0000][info][gc,cpu      ] GC(201) User=0.93s Sys=0.00s Real=0.02s
[2024-08-27T13:50:15.003+0000][info][gc,start    ] GC(202) Pause Young (Mixed) (G1 Evacuation Pause)
[2024-08-27T13:50:15.003+0000][info][gc,task     ] GC(202) Using 49 workers of 68 for evacuation
[2024-08-27T13:50:15.024+0000][info][gc,phases   ] GC(202)   Pre Evacuate Collection Set: 0.4ms
[2024-08-27T13:50:15.024+0000][info][gc,phases   ] GC(202)   Merge Heap Roots: 0.8ms
[2024-08-27T13:50:15.024+0000][info][gc,phases   ] GC(202)   Evacuate Collection Set: 18.4ms
[2024-08-27T13:50:15.024+0000][info][gc,phases   ] GC(202)   Post Evacuate Collection Set: 0.8ms
[2024-08-27T13:50:15.024+0000][info][gc,phases   ] GC(202)   Other: 0.4ms
[2024-08-27T13:50:15.024+0000][info][gc,heap     ] GC(202) Eden regions: 89->0(89)
[2024-08-27T13:50:15.024+0000][info][gc,heap     ] GC(202) Survivor regions: 13->13(13)
[2024-08-27T13:50:15.024+0000][info][gc,heap     ] GC(202) Old regions: 1449->1338
[2024-08-27T13:50:15.024+0000][info][gc,heap     ] GC(202) Archive regions: 2->2
[2024-08-27T13:50:15.024+0000][info][gc,heap     ] GC(202) Humongous regions: 5->5
[2024-08-27T13:50:15.024+0000][info][gc,metaspace] GC(202) Metaspace: 100K(320K)->100K(320K) NonClass: 96K(192K)->96K(192K) Class: 4K(128K)->4K(128K)
[2024-08-27T13:50:15.024+0000][info][gc          ] GC(202) Pause Young (Mixed) (G1 Evacuation Pause) 1556M->1356M(2048M) 21.045ms
[2024-08-27T13:50:15.024+0000][info][gc,cpu      ] GC(202) User=0.93s Sys=0.00s Real=0.02s
[2024-08-27T13:50:15.071+0000][info][gc,start    ] GC(203) Pause Young (Mixed) (G1 Evacuation Pause)
[2024-08-27T13:50:15.071+0000][info][gc,task     ] GC(203) Using 49 workers of 68 for evacuation
[2024-08-27T13:50:15.092+0000][info][gc,phases   ] GC(203)   Pre Evacuate Collection Set: 0.4ms
[2024-08-27T13:50:15.092+0000][info][gc,phases   ] GC(203)   Merge Heap Roots: 0.9ms
[2024-08-27T13:50:15.092+0000][info][gc,phases   ] GC(203)   Evacuate Collection Set: 18.6ms
[2024-08-27T13:50:15.092+0000][info][gc,phases   ] GC(203)   Post Evacuate Collection Set: 0.8ms
[2024-08-27T13:50:15.092+0000][info][gc,phases   ] GC(203)   Other: 0.4ms
[2024-08-27T13:50:15.092+0000][info][gc,heap     ] GC(203) Eden regions: 89->0(89)
[2024-08-27T13:50:15.092+0000][info][gc,heap     ] GC(203) Survivor regions: 13->13(13)
[2024-08-27T13:50:15.092+0000][info][gc,heap     ] GC(203) Old regions: 1338->1227
[2024-08-27T13:50:15.092+0000][info][gc,heap     ] GC(203) Archive regions: 2->2
[2024-08-27T13:50:15.092+0000][info][gc,heap     ] GC(203) Humongous regions: 5->5
[2024-08-27T13:50:15.092+0000][info][gc,metaspace] GC(203) Metaspace: 100K(320K)->100K(320K) NonClass: 96K(192K)->96K(192K) Class: 4K(128K)->4K(128K)
[2024-08-27T13:50:15.092+0000][info][gc          ] GC(203) Pause Young (Mixed) (G1 Evacuation Pause) 1445M->1245M(2048M) 21.207ms
[2024-08-27T13:50:15.092+0000][info][gc,cpu      ] GC(203) User=0.94s Sys=0.00s Real=0.02s
[2024-08-27T13:50:15.139+0000][info][gc,start    ] GC(204) Pause Young (Mixed) (G1 Evacuation Pause)
[2024-08-27T13:50:15.139+0000][info][gc,task     ] GC(204) Using 49 workers of 68 for evacuation
[2024-08-27T13:50:15.160+0000][info][gc,phases   ] GC(204)   Pre Evacuate Collection Set: 0.4ms
[2024-08-27T13:50:15.161+0000][info][gc,phases   ] GC(204)   Merge Heap Roots: 1.0ms
[2024-08-27T13:50:15.161+0000][info][gc,phases   ] GC(204)   Evacuate Collection Set: 18.9ms
[2024-08-27T13:50:15.161+0000][info][gc,phases   ] GC(204)   Post Evacuate Collection Set: 0.7ms
[2024-08-27T13:50:15.161+0000][info][gc,phases   ] GC(204)   Other: 0.4ms
[2024-08-27T13:50:15.161+0000][info][gc,heap     ] GC(204) Eden regions: 89->0(220)
[2024-08-27T13:50:15.161+0000][info][gc,heap     ] GC(204) Survivor regions: 13->13(13)
[2024-08-27T13:50:15.161+0000][info][gc,heap     ] GC(204) Old regions: 1227->1139
[2024-08-27T13:50:15.161+0000][info][gc,heap     ] GC(204) Archive regions: 2->2
[2024-08-27T13:50:15.161+0000][info][gc,heap     ] GC(204) Humongous regions: 5->5
[2024-08-27T13:50:15.161+0000][info][gc,metaspace] GC(204) Metaspace: 100K(320K)->100K(320K) NonClass: 96K(192K)->96K(192K) Class: 4K(128K)->4K(128K)
[2024-08-27T13:50:15.161+0000][info][gc          ] GC(204) Pause Young (Mixed) (G1 Evacuation Pause) 1334M->1157M(2048M) 21.633ms
[2024-08-27T13:50:15.161+0000][info][gc,cpu      ] GC(204) User=0.96s Sys=0.00s Real=0.02s
[2024-08-27T13:50:15.278+0000][info][gc,start    ] GC(205) Pause Young (Normal) (G1 Evacuation Pause)
[2024-08-27T13:50:15.278+0000][info][gc,task     ] GC(205) Using 49 workers of 68 for evacuation
[2024-08-27T13:50:15.319+0000][info][gc,phases   ] GC(205)   Pre Evacuate Collection Set: 0.4ms
[2024-08-27T13:50:15.319+0000][info][gc,phases   ] GC(205)   Merge Heap Roots: 1.1ms
[2024-08-27T13:50:15.319+0000][info][gc,phases   ] GC(205)   Evacuate Collection Set: 38.0ms
[2024-08-27T13:50:15.319+0000][info][gc,phases   ] GC(205)   Post Evacuate Collection Set: 0.8ms
[2024-08-27T13:50:15.319+0000][info][gc,phases   ] GC(205)   Other: 0.4ms
[2024-08-27T13:50:15.319+0000][info][gc,heap     ] GC(205) Eden regions: 220->0(149)
[2024-08-27T13:50:15.319+0000][info][gc,heap     ] GC(205) Survivor regions: 13->30(30)
[2024-08-27T13:50:15.319+0000][info][gc,heap     ] GC(205) Old regions: 1139->1340
[2024-08-27T13:50:15.319+0000][info][gc,heap     ] GC(205) Archive regions: 2->2
[2024-08-27T13:50:15.319+0000][info][gc,heap     ] GC(205) Humongous regions: 5->5
[2024-08-27T13:50:15.319+0000][info][gc,metaspace] GC(205) Metaspace: 100K(320K)->100K(320K) NonClass: 96K(192K)->96K(192K) Class: 4K(128K)->4K(128K)
[2024-08-27T13:50:15.319+0000][info][gc          ] GC(205) Pause Young (Normal) (G1 Evacuation Pause) 1377M->1375M(2048M) 40.813ms
[2024-08-27T13:50:15.319+0000][info][gc,cpu      ] GC(205) User=1.89s Sys=0.00s Real=0.04s
[2024-08-27T13:50:15.396+0000][info][gc,start    ] GC(206) Pause Young (Normal) (G1 Evacuation Pause)
[2024-08-27T13:50:15.396+0000][info][gc,task     ] GC(206) Using 49 workers of 68 for evacuation
[2024-08-27T13:50:15.428+0000][info][gc,phases   ] GC(206)   Pre Evacuate Collection Set: 0.4ms
[2024-08-27T13:50:15.428+0000][info][gc,phases   ] GC(206)   Merge Heap Roots: 0.7ms
[2024-08-27T13:50:15.428+0000][info][gc,phases   ] GC(206)   Evacuate Collection Set: 30.2ms
[2024-08-27T13:50:15.428+0000][info][gc,phases   ] GC(206)   Post Evacuate Collection Set: 0.7ms
[2024-08-27T13:50:15.428+0000][info][gc,phases   ] GC(206)   Other: 0.4ms
[2024-08-27T13:50:15.428+0000][info][gc,heap     ] GC(206) Eden regions: 149->0(99)
[2024-08-27T13:50:15.428+0000][info][gc,heap     ] GC(206) Survivor regions: 30->23(23)
[2024-08-27T13:50:15.428+0000][info][gc,heap     ] GC(206) Old regions: 1340->1501
[2024-08-27T13:50:15.428+0000][info][gc,heap     ] GC(206) Archive regions: 2->2
[2024-08-27T13:50:15.428+0000][info][gc,heap     ] GC(206) Humongous regions: 5->5
[2024-08-27T13:50:15.428+0000][info][gc,metaspace] GC(206) Metaspace: 100K(320K)->100K(320K) NonClass: 96K(192K)->96K(192K) Class: 4K(128K)->4K(128K)
[2024-08-27T13:50:15.428+0000][info][gc          ] GC(206) Pause Young (Normal) (G1 Evacuation Pause) 1524M->1529M(2048M) 32.486ms
[2024-08-27T13:50:15.429+0000][info][gc,cpu      ] GC(206) User=1.50s Sys=0.00s Real=0.03s
[2024-08-27T13:50:15.479+0000][info][gc,start    ] GC(207) Pause Young (Concurrent Start) (G1 Evacuation Pause)
[2024-08-27T13:50:15.480+0000][info][gc,task     ] GC(207) Using 49 workers of 68 for evacuation
[2024-08-27T13:50:15.505+0000][info][gc,phases   ] GC(207)   Pre Evacuate Collection Set: 0.3ms
[2024-08-27T13:50:15.505+0000][info][gc,phases   ] GC(207)   Merge Heap Roots: 0.9ms
[2024-08-27T13:50:15.505+0000][info][gc,phases   ] GC(207)   Evacuate Collection Set: 22.1ms
[2024-08-27T13:50:15.505+0000][info][gc,phases   ] GC(207)   Post Evacuate Collection Set: 0.7ms
[2024-08-27T13:50:15.505+0000][info][gc,phases   ] GC(207)   Other: 1.2ms
[2024-08-27T13:50:15.505+0000][info][gc,heap     ] GC(207) Eden regions: 99->0(86)
[2024-08-27T13:50:15.505+0000][info][gc,heap     ] GC(207) Survivor regions: 23->16(16)
[2024-08-27T13:50:15.505+0000][info][gc,heap     ] GC(207) Old regions: 1501->1614
[2024-08-27T13:50:15.505+0000][info][gc,heap     ] GC(207) Archive regions: 2->2
[2024-08-27T13:50:15.505+0000][info][gc,heap     ] GC(207) Humongous regions: 5->5
[2024-08-27T13:50:15.505+0000][info][gc,metaspace] GC(207) Metaspace: 100K(320K)->100K(320K) NonClass: 96K(192K)->96K(192K) Class: 4K(128K)->4K(128K)
[2024-08-27T13:50:15.505+0000][info][gc          ] GC(207) Pause Young (Concurrent Start) (G1 Evacuation Pause) 1628M->1635M(2048M) 25.318ms
[2024-08-27T13:50:15.505+0000][info][gc,cpu      ] GC(207) User=1.12s Sys=0.00s Real=0.02s
[2024-08-27T13:50:15.505+0000][info][gc          ] GC(208) Concurrent Mark Cycle
[2024-08-27T13:50:15.505+0000][info][gc,marking  ] GC(208) Concurrent Clear Claimed Marks
[2024-08-27T13:50:15.505+0000][info][gc,marking  ] GC(208) Concurrent Clear Claimed Marks 0.011ms
[2024-08-27T13:50:15.505+0000][info][gc,marking  ] GC(208) Concurrent Scan Root Regions
[2024-08-27T13:50:15.508+0000][info][gc,marking  ] GC(208) Concurrent Scan Root Regions 3.307ms
[2024-08-27T13:50:15.508+0000][info][gc,marking  ] GC(208) Concurrent Mark
[2024-08-27T13:50:15.508+0000][info][gc,marking  ] GC(208) Concurrent Mark From Roots
[2024-08-27T13:50:15.508+0000][info][gc,task     ] GC(208) Using 17 workers of 17 for marking
[2024-08-27T13:50:15.529+0000][info][gc,marking  ] GC(208) Concurrent Mark From Roots 20.973ms
[2024-08-27T13:50:15.529+0000][info][gc,marking  ] GC(208) Concurrent Preclean
[2024-08-27T13:50:15.530+0000][info][gc,marking  ] GC(208) Concurrent Preclean 0.512ms
[2024-08-27T13:50:15.530+0000][info][gc,start    ] GC(208) Pause Remark
[2024-08-27T13:50:15.534+0000][info][gc          ] GC(208) Pause Remark 1667M->1379M(2048M) 3.130ms
[2024-08-27T13:50:15.534+0000][info][gc,cpu      ] GC(208) User=0.02s Sys=0.00s Real=0.00s
[2024-08-27T13:50:15.534+0000][info][gc,marking  ] GC(208) Concurrent Mark 25.273ms
[2024-08-27T13:50:15.534+0000][info][gc,marking  ] GC(208) Concurrent Rebuild Remembered Sets
[2024-08-27T13:50:15.562+0000][info][gc,start    ] GC(209) Pause Young (Normal) (G1 Evacuation Pause)
[2024-08-27T13:50:15.563+0000][info][gc,task     ] GC(209) Using 49 workers of 68 for evacuation
[2024-08-27T13:50:15.583+0000][info][gc,phases   ] GC(209)   Pre Evacuate Collection Set: 0.3ms
[2024-08-27T13:50:15.583+0000][info][gc,phases   ] GC(209)   Merge Heap Roots: 0.5ms
[2024-08-27T13:50:15.583+0000][info][gc,phases   ] GC(209)   Evacuate Collection Set: 18.6ms
[2024-08-27T13:50:15.583+0000][info][gc,phases   ] GC(209)   Post Evacuate Collection Set: 1.0ms
[2024-08-27T13:50:15.583+0000][info][gc,phases   ] GC(209)   Other: 0.4ms
[2024-08-27T13:50:15.583+0000][info][gc,heap     ] GC(209) Eden regions: 86->0(127)
[2024-08-27T13:50:15.583+0000][info][gc,heap     ] GC(209) Survivor regions: 16->13(13)
[2024-08-27T13:50:15.583+0000][info][gc,heap     ] GC(209) Old regions: 1326->1423
[2024-08-27T13:50:15.583+0000][info][gc,heap     ] GC(209) Archive regions: 2->2
[2024-08-27T13:50:15.583+0000][info][gc,heap     ] GC(209) Humongous regions: 5->5
[2024-08-27T13:50:15.583+0000][info][gc,metaspace] GC(209) Metaspace: 100K(320K)->100K(320K) NonClass: 96K(192K)->96K(192K) Class: 4K(128K)->4K(128K)
[2024-08-27T13:50:15.583+0000][info][gc          ] GC(209) Pause Young (Normal) (G1 Evacuation Pause) 1433M->1441M(2048M) 20.965ms
[2024-08-27T13:50:15.583+0000][info][gc,cpu      ] GC(209) User=0.94s Sys=0.00s Real=0.02s
[2024-08-27T13:50:15.600+0000][info][gc,marking  ] GC(208) Concurrent Rebuild Remembered Sets 66.592ms
[2024-08-27T13:50:15.601+0000][info][gc,start    ] GC(208) Pause Cleanup
[2024-08-27T13:50:15.606+0000][info][gc          ] GC(208) Pause Cleanup 1471M->1471M(2048M) 5.449ms
[2024-08-27T13:50:15.606+0000][info][gc,cpu      ] GC(208) User=0.01s Sys=0.00s Real=0.00s
[2024-08-27T13:50:15.607+0000][info][gc,marking  ] GC(208) Concurrent Cleanup for Next Mark
[2024-08-27T13:50:15.608+0000][info][gc,marking  ] GC(208) Concurrent Cleanup for Next Mark 1.493ms
[2024-08-27T13:50:15.608+0000][info][gc          ] GC(208) Concurrent Mark Cycle 103.152ms
[2024-08-27T13:50:15.658+0000][info][gc,start    ] GC(210) Pause Young (Prepare Mixed) (G1 Evacuation Pause)
[2024-08-27T13:50:15.658+0000][info][gc,task     ] GC(210) Using 49 workers of 68 for evacuation
[2024-08-27T13:50:15.689+0000][info][gc,phases   ] GC(210)   Pre Evacuate Collection Set: 0.3ms
[2024-08-27T13:50:15.689+0000][info][gc,phases   ] GC(210)   Merge Heap Roots: 1.2ms
[2024-08-27T13:50:15.689+0000][info][gc,phases   ] GC(210)   Evacuate Collection Set: 29.0ms
[2024-08-27T13:50:15.689+0000][info][gc,phases   ] GC(210)   Post Evacuate Collection Set: 0.7ms
[2024-08-27T13:50:15.689+0000][info][gc,phases   ] GC(210)   Other: 0.4ms
[2024-08-27T13:50:15.689+0000][info][gc,heap     ] GC(210) Eden regions: 127->0(84)
[2024-08-27T13:50:15.689+0000][info][gc,heap     ] GC(210) Survivor regions: 13->18(18)
[2024-08-27T13:50:15.689+0000][info][gc,heap     ] GC(210) Old regions: 1423->1547
[2024-08-27T13:50:15.689+0000][info][gc,heap     ] GC(210) Archive regions: 2->2
[2024-08-27T13:50:15.689+0000][info][gc,heap     ] GC(210) Humongous regions: 5->5
[2024-08-27T13:50:15.689+0000][info][gc,metaspace] GC(210) Metaspace: 100K(320K)->100K(320K) NonClass: 96K(192K)->96K(192K) Class: 4K(128K)->4K(128K)
[2024-08-27T13:50:15.690+0000][info][gc          ] GC(210) Pause Young (Prepare Mixed) (G1 Evacuation Pause) 1568M->1570M(2048M) 31.753ms
[2024-08-27T13:50:15.690+0000][info][gc,cpu      ] GC(210) User=1.45s Sys=0.02s Real=0.03s
[2024-08-27T13:50:15.735+0000][info][gc,start    ] GC(211) Pause Young (Mixed) (G1 Evacuation Pause)
[2024-08-27T13:50:15.735+0000][info][gc,task     ] GC(211) Using 49 workers of 68 for evacuation
[2024-08-27T13:50:15.755+0000][info][gc,phases   ] GC(211)   Pre Evacuate Collection Set: 0.4ms
[2024-08-27T13:50:15.755+0000][info][gc,phases   ] GC(211)   Merge Heap Roots: 0.8ms
[2024-08-27T13:50:15.755+0000][info][gc,phases   ] GC(211)   Evacuate Collection Set: 18.0ms
[2024-08-27T13:50:15.755+0000][info][gc,phases   ] GC(211)   Post Evacuate Collection Set: 0.7ms
[2024-08-27T13:50:15.755+0000][info][gc,phases   ] GC(211)   Other: 0.4ms
[2024-08-27T13:50:15.755+0000][info][gc,heap     ] GC(211) Eden regions: 84->0(89)
[2024-08-27T13:50:15.755+0000][info][gc,heap     ] GC(211) Survivor regions: 18->13(13)
[2024-08-27T13:50:15.755+0000][info][gc,heap     ] GC(211) Old regions: 1547->1437
[2024-08-27T13:50:15.755+0000][info][gc,heap     ] GC(211) Archive regions: 2->2
[2024-08-27T13:50:15.755+0000][info][gc,heap     ] GC(211) Humongous regions: 5->5
[2024-08-27T13:50:15.755+0000][info][gc,metaspace] GC(211) Metaspace: 100K(320K)->100K(320K) NonClass: 96K(192K)->96K(192K) Class: 4K(128K)->4K(128K)
[2024-08-27T13:50:15.755+0000][info][gc          ] GC(211) Pause Young (Mixed) (G1 Evacuation Pause) 1654M->1455M(2048M) 20.464ms
[2024-08-27T13:50:15.755+0000][info][gc,cpu      ] GC(211) User=0.91s Sys=0.00s Real=0.02s
[2024-08-27T13:50:15.801+0000][info][gc,start    ] GC(212) Pause Young (Mixed) (G1 Evacuation Pause)
[2024-08-27T13:50:15.801+0000][info][gc,task     ] GC(212) Using 49 workers of 68 for evacuation
[2024-08-27T13:50:15.821+0000][info][gc,phases   ] GC(212)   Pre Evacuate Collection Set: 0.5ms
[2024-08-27T13:50:15.821+0000][info][gc,phases   ] GC(212)   Merge Heap Roots: 0.8ms
[2024-08-27T13:50:15.821+0000][info][gc,phases   ] GC(212)   Evacuate Collection Set: 18.0ms
[2024-08-27T13:50:15.822+0000][info][gc,phases   ] GC(212)   Post Evacuate Collection Set: 0.7ms
[2024-08-27T13:50:15.822+0000][info][gc,phases   ] GC(212)   Other: 0.4ms
[2024-08-27T13:50:15.822+0000][info][gc,heap     ] GC(212) Eden regions: 89->0(89)
[2024-08-27T13:50:15.822+0000][info][gc,heap     ] GC(212) Survivor regions: 13->13(13)
[2024-08-27T13:50:15.822+0000][info][gc,heap     ] GC(212) Old regions: 1437->1326
[2024-08-27T13:50:15.822+0000][info][gc,heap     ] GC(212) Archive regions: 2->2
[2024-08-27T13:50:15.822+0000][info][gc,heap     ] GC(212) Humongous regions: 5->5
[2024-08-27T13:50:15.822+0000][info][gc,metaspace] GC(212) Metaspace: 100K(320K)->100K(320K) NonClass: 96K(192K)->96K(192K) Class: 4K(128K)->4K(128K)
[2024-08-27T13:50:15.822+0000][info][gc          ] GC(212) Pause Young (Mixed) (G1 Evacuation Pause) 1544M->1344M(2048M) 20.544ms
[2024-08-27T13:50:15.822+0000][info][gc,cpu      ] GC(212) User=0.90s Sys=0.01s Real=0.02s
[2024-08-27T13:50:15.868+0000][info][gc,start    ] GC(213) Pause Young (Mixed) (G1 Evacuation Pause)
[2024-08-27T13:50:15.868+0000][info][gc,task     ] GC(213) Using 49 workers of 68 for evacuation
[2024-08-27T13:50:15.888+0000][info][gc,phases   ] GC(213)   Pre Evacuate Collection Set: 0.4ms
[2024-08-27T13:50:15.888+0000][info][gc,phases   ] GC(213)   Merge Heap Roots: 0.9ms
[2024-08-27T13:50:15.888+0000][info][gc,phases   ] GC(213)   Evacuate Collection Set: 18.1ms
[2024-08-27T13:50:15.888+0000][info][gc,phases   ] GC(213)   Post Evacuate Collection Set: 0.8ms
[2024-08-27T13:50:15.888+0000][info][gc,phases   ] GC(213)   Other: 0.4ms
[2024-08-27T13:50:15.888+0000][info][gc,heap     ] GC(213) Eden regions: 89->0(89)
[2024-08-27T13:50:15.888+0000][info][gc,heap     ] GC(213) Survivor regions: 13->13(13)
[2024-08-27T13:50:15.888+0000][info][gc,heap     ] GC(213) Old regions: 1326->1215
[2024-08-27T13:50:15.888+0000][info][gc,heap     ] GC(213) Archive regions: 2->2
[2024-08-27T13:50:15.888+0000][info][gc,heap     ] GC(213) Humongous regions: 5->5
[2024-08-27T13:50:15.888+0000][info][gc,metaspace] GC(213) Metaspace: 100K(320K)->100K(320K) NonClass: 96K(192K)->96K(192K) Class: 4K(128K)->4K(128K)
[2024-08-27T13:50:15.888+0000][info][gc          ] GC(213) Pause Young (Mixed) (G1 Evacuation Pause) 1433M->1233M(2048M) 20.704ms
[2024-08-27T13:50:15.888+0000][info][gc,cpu      ] GC(213) User=0.92s Sys=0.00s Real=0.02s
[2024-08-27T13:50:15.933+0000][info][gc,start    ] GC(214) Pause Young (Mixed) (G1 Evacuation Pause)
[2024-08-27T13:50:15.934+0000][info][gc,task     ] GC(214) Using 49 workers of 68 for evacuation
[2024-08-27T13:50:15.955+0000][info][gc,phases   ] GC(214)   Pre Evacuate Collection Set: 0.4ms
[2024-08-27T13:50:15.955+0000][info][gc,phases   ] GC(214)   Merge Heap Roots: 1.0ms
[2024-08-27T13:50:15.955+0000][info][gc,phases   ] GC(214)   Evacuate Collection Set: 18.7ms
[2024-08-27T13:50:15.955+0000][info][gc,phases   ] GC(214)   Post Evacuate Collection Set: 0.7ms
[2024-08-27T13:50:15.955+0000][info][gc,phases   ] GC(214)   Other: 0.4ms
[2024-08-27T13:50:15.955+0000][info][gc,heap     ] GC(214) Eden regions: 89->0(219)
[2024-08-27T13:50:15.955+0000][info][gc,heap     ] GC(214) Survivor regions: 13->13(13)
[2024-08-27T13:50:15.955+0000][info][gc,heap     ] GC(214) Old regions: 1215->1140
[2024-08-27T13:50:15.955+0000][info][gc,heap     ] GC(214) Archive regions: 2->2
[2024-08-27T13:50:15.955+0000][info][gc,heap     ] GC(214) Humongous regions: 5->5
[2024-08-27T13:50:15.955+0000][info][gc,metaspace] GC(214) Metaspace: 100K(320K)->100K(320K) NonClass: 96K(192K)->96K(192K) Class: 4K(128K)->4K(128K)
[2024-08-27T13:50:15.955+0000][info][gc          ] GC(214) Pause Young (Mixed) (G1 Evacuation Pause) 1322M->1158M(2048M) 21.382ms
[2024-08-27T13:50:15.955+0000][info][gc,cpu      ] GC(214) User=0.81s Sys=0.14s Real=0.02s
[2024-08-27T13:50:16.065+0000][info][gc,start    ] GC(215) Pause Young (Normal) (G1 Evacuation Pause)
[2024-08-27T13:50:16.065+0000][info][gc,task     ] GC(215) Using 49 workers of 68 for evacuation
[2024-08-27T13:50:16.105+0000][info][gc,phases   ] GC(215)   Pre Evacuate Collection Set: 0.4ms
[2024-08-27T13:50:16.106+0000][info][gc,phases   ] GC(215)   Merge Heap Roots: 1.1ms
[2024-08-27T13:50:16.106+0000][info][gc,phases   ] GC(215)   Evacuate Collection Set: 37.7ms
[2024-08-27T13:50:16.106+0000][info][gc,phases   ] GC(215)   Post Evacuate Collection Set: 0.7ms
[2024-08-27T13:50:16.106+0000][info][gc,phases   ] GC(215)   Other: 0.4ms
[2024-08-27T13:50:16.106+0000][info][gc,heap     ] GC(215) Eden regions: 219->0(149)
[2024-08-27T13:50:16.106+0000][info][gc,heap     ] GC(215) Survivor regions: 13->29(29)
[2024-08-27T13:50:16.106+0000][info][gc,heap     ] GC(215) Old regions: 1140->1340
[2024-08-27T13:50:16.106+0000][info][gc,heap     ] GC(215) Archive regions: 2->2
[2024-08-27T13:50:16.106+0000][info][gc,heap     ] GC(215) Humongous regions: 5->5
[2024-08-27T13:50:16.106+0000][info][gc,metaspace] GC(215) Metaspace: 100K(320K)->100K(320K) NonClass: 96K(192K)->96K(192K) Class: 4K(128K)->4K(128K)
[2024-08-27T13:50:16.106+0000][info][gc          ] GC(215) Pause Young (Normal) (G1 Evacuation Pause) 1377M->1374M(2048M) 40.425ms
[2024-08-27T13:50:16.106+0000][info][gc,cpu      ] GC(215) User=1.86s Sys=0.01s Real=0.04s
[2024-08-27T13:50:16.182+0000][info][gc,start    ] GC(216) Pause Young (Normal) (G1 Evacuation Pause)
[2024-08-27T13:50:16.182+0000][info][gc,task     ] GC(216) Using 49 workers of 68 for evacuation
[2024-08-27T13:50:16.214+0000][info][gc,phases   ] GC(216)   Pre Evacuate Collection Set: 0.3ms
[2024-08-27T13:50:16.215+0000][info][gc,phases   ] GC(216)   Merge Heap Roots: 0.7ms
[2024-08-27T13:50:16.215+0000][info][gc,phases   ] GC(216)   Evacuate Collection Set: 31.2ms
[2024-08-27T13:50:16.215+0000][info][gc,phases   ] GC(216)   Post Evacuate Collection Set: 0.6ms
[2024-08-27T13:50:16.215+0000][info][gc,phases   ] GC(216)   Other: 0.3ms
[2024-08-27T13:50:16.215+0000][info][gc,heap     ] GC(216) Eden regions: 149->0(100)
[2024-08-27T13:50:16.215+0000][info][gc,heap     ] GC(216) Survivor regions: 29->23(23)
[2024-08-27T13:50:16.215+0000][info][gc,heap     ] GC(216) Old regions: 1340->1499
[2024-08-27T13:50:16.215+0000][info][gc,heap     ] GC(216) Archive regions: 2->2
[2024-08-27T13:50:16.215+0000][info][gc,heap     ] GC(216) Humongous regions: 5->5
[2024-08-27T13:50:16.215+0000][info][gc,metaspace] GC(216) Metaspace: 100K(320K)->100K(320K) NonClass: 96K(192K)->96K(192K) Class: 4K(128K)->4K(128K)
[2024-08-27T13:50:16.215+0000][info][gc          ] GC(216) Pause Young (Normal) (G1 Evacuation Pause) 1523M->1527M(2048M) 33.185ms
[2024-08-27T13:50:16.215+0000][info][gc,cpu      ] GC(216) User=1.55s Sys=0.00s Real=0.03s
[2024-08-27T13:50:16.267+0000][info][gc,start    ] GC(217) Pause Young (Concurrent Start) (G1 Evacuation Pause)
[2024-08-27T13:50:16.267+0000][info][gc,task     ] GC(217) Using 49 workers of 68 for evacuation
[2024-08-27T13:50:16.292+0000][info][gc,phases   ] GC(217)   Pre Evacuate Collection Set: 0.3ms
[2024-08-27T13:50:16.292+0000][info][gc,phases   ] GC(217)   Merge Heap Roots: 0.9ms
[2024-08-27T13:50:16.292+0000][info][gc,phases   ] GC(217)   Evacuate Collection Set: 22.2ms
[2024-08-27T13:50:16.292+0000][info][gc,phases   ] GC(217)   Post Evacuate Collection Set: 0.6ms
[2024-08-27T13:50:16.292+0000][info][gc,phases   ] GC(217)   Other: 1.1ms
[2024-08-27T13:50:16.292+0000][info][gc,heap     ] GC(217) Eden regions: 100->0(86)
[2024-08-27T13:50:16.292+0000][info][gc,heap     ] GC(217) Survivor regions: 23->16(16)
[2024-08-27T13:50:16.292+0000][info][gc,heap     ] GC(217) Old regions: 1499->1613
[2024-08-27T13:50:16.292+0000][info][gc,heap     ] GC(217) Archive regions: 2->2
[2024-08-27T13:50:16.292+0000][info][gc,heap     ] GC(217) Humongous regions: 5->5
[2024-08-27T13:50:16.292+0000][info][gc,metaspace] GC(217) Metaspace: 100K(320K)->100K(320K) NonClass: 96K(192K)->96K(192K) Class: 4K(128K)->4K(128K)
[2024-08-27T13:50:16.292+0000][info][gc          ] GC(217) Pause Young (Concurrent Start) (G1 Evacuation Pause) 1627M->1634M(2048M) 25.187ms
[2024-08-27T13:50:16.292+0000][info][gc,cpu      ] GC(217) User=1.12s Sys=0.00s Real=0.03s
[2024-08-27T13:50:16.292+0000][info][gc          ] GC(218) Concurrent Mark Cycle
[2024-08-27T13:50:16.292+0000][info][gc,marking  ] GC(218) Concurrent Clear Claimed Marks
[2024-08-27T13:50:16.292+0000][info][gc,marking  ] GC(218) Concurrent Clear Claimed Marks 0.011ms
[2024-08-27T13:50:16.292+0000][info][gc,marking  ] GC(218) Concurrent Scan Root Regions
[2024-08-27T13:50:16.295+0000][info][gc,marking  ] GC(218) Concurrent Scan Root Regions 3.260ms
[2024-08-27T13:50:16.295+0000][info][gc,marking  ] GC(218) Concurrent Mark
[2024-08-27T13:50:16.295+0000][info][gc,marking  ] GC(218) Concurrent Mark From Roots
[2024-08-27T13:50:16.296+0000][info][gc,task     ] GC(218) Using 17 workers of 17 for marking
[2024-08-27T13:50:16.316+0000][info][gc,marking  ] GC(218) Concurrent Mark From Roots 20.559ms
[2024-08-27T13:50:16.316+0000][info][gc,marking  ] GC(218) Concurrent Preclean
[2024-08-27T13:50:16.317+0000][info][gc,marking  ] GC(218) Concurrent Preclean 0.497ms
[2024-08-27T13:50:16.317+0000][info][gc,start    ] GC(218) Pause Remark
[2024-08-27T13:50:16.320+0000][info][gc          ] GC(218) Pause Remark 1666M->1388M(2048M) 2.785ms
[2024-08-27T13:50:16.320+0000][info][gc,cpu      ] GC(218) User=0.01s Sys=0.00s Real=0.01s
[2024-08-27T13:50:16.320+0000][info][gc,marking  ] GC(218) Concurrent Mark 24.408ms
[2024-08-27T13:50:16.320+0000][info][gc,marking  ] GC(218) Concurrent Rebuild Remembered Sets
[2024-08-27T13:50:16.350+0000][info][gc,start    ] GC(219) Pause Young (Normal) (G1 Evacuation Pause)
[2024-08-27T13:50:16.350+0000][info][gc,task     ] GC(219) Using 49 workers of 68 for evacuation
[2024-08-27T13:50:16.371+0000][info][gc,phases   ] GC(219)   Pre Evacuate Collection Set: 0.3ms
[2024-08-27T13:50:16.371+0000][info][gc,phases   ] GC(219)   Merge Heap Roots: 0.5ms
[2024-08-27T13:50:16.371+0000][info][gc,phases   ] GC(219)   Evacuate Collection Set: 18.8ms
[2024-08-27T13:50:16.371+0000][info][gc,phases   ] GC(219)   Post Evacuate Collection Set: 1.1ms
[2024-08-27T13:50:16.371+0000][info][gc,phases   ] GC(219)   Other: 0.4ms
[2024-08-27T13:50:16.371+0000][info][gc,heap     ] GC(219) Eden regions: 86->0(125)
[2024-08-27T13:50:16.371+0000][info][gc,heap     ] GC(219) Survivor regions: 16->13(13)
[2024-08-27T13:50:16.371+0000][info][gc,heap     ] GC(219) Old regions: 1335->1431
[2024-08-27T13:50:16.371+0000][info][gc,heap     ] GC(219) Archive regions: 2->2
[2024-08-27T13:50:16.371+0000][info][gc,heap     ] GC(219) Humongous regions: 5->5
[2024-08-27T13:50:16.371+0000][info][gc,metaspace] GC(219) Metaspace: 100K(320K)->100K(320K) NonClass: 96K(192K)->96K(192K) Class: 4K(128K)->4K(128K)
[2024-08-27T13:50:16.371+0000][info][gc          ] GC(219) Pause Young (Normal) (G1 Evacuation Pause) 1442M->1449M(2048M) 21.210ms
[2024-08-27T13:50:16.371+0000][info][gc,cpu      ] GC(219) User=0.94s Sys=0.02s Real=0.02s
[2024-08-27T13:50:16.388+0000][info][gc,marking  ] GC(218) Concurrent Rebuild Remembered Sets 68.301ms
[2024-08-27T13:50:16.389+0000][info][gc,start    ] GC(218) Pause Cleanup
[2024-08-27T13:50:16.394+0000][info][gc          ] GC(218) Pause Cleanup 1480M->1480M(2048M) 5.312ms
[2024-08-27T13:50:16.394+0000][info][gc,cpu      ] GC(218) User=0.02s Sys=0.00s Real=0.01s
[2024-08-27T13:50:16.394+0000][info][gc,marking  ] GC(218) Concurrent Cleanup for Next Mark
[2024-08-27T13:50:16.396+0000][info][gc,marking  ] GC(218) Concurrent Cleanup for Next Mark 1.468ms
[2024-08-27T13:50:16.396+0000][info][gc          ] GC(218) Concurrent Mark Cycle 103.527ms
[2024-08-27T13:50:16.444+0000][info][gc,start    ] GC(220) Pause Young (Prepare Mixed) (G1 Evacuation Pause)
[2024-08-27T13:50:16.444+0000][info][gc,task     ] GC(220) Using 49 workers of 68 for evacuation
[2024-08-27T13:50:16.474+0000][info][gc,phases   ] GC(220)   Pre Evacuate Collection Set: 0.4ms
[2024-08-27T13:50:16.474+0000][info][gc,phases   ] GC(220)   Merge Heap Roots: 1.4ms
[2024-08-27T13:50:16.474+0000][info][gc,phases   ] GC(220)   Evacuate Collection Set: 27.6ms
[2024-08-27T13:50:16.474+0000][info][gc,phases   ] GC(220)   Post Evacuate Collection Set: 0.7ms
[2024-08-27T13:50:16.474+0000][info][gc,phases   ] GC(220)   Other: 0.4ms
[2024-08-27T13:50:16.474+0000][info][gc,heap     ] GC(220) Eden regions: 125->0(84)
[2024-08-27T13:50:16.474+0000][info][gc,heap     ] GC(220) Survivor regions: 13->18(18)
[2024-08-27T13:50:16.474+0000][info][gc,heap     ] GC(220) Old regions: 1431->1553
[2024-08-27T13:50:16.474+0000][info][gc,heap     ] GC(220) Archive regions: 2->2
[2024-08-27T13:50:16.474+0000][info][gc,heap     ] GC(220) Humongous regions: 5->5
[2024-08-27T13:50:16.474+0000][info][gc,metaspace] GC(220) Metaspace: 100K(320K)->100K(320K) NonClass: 96K(192K)->96K(192K) Class: 4K(128K)->4K(128K)
[2024-08-27T13:50:16.474+0000][info][gc          ] GC(220) Pause Young (Prepare Mixed) (G1 Evacuation Pause) 1574M->1576M(2048M) 30.514ms
[2024-08-27T13:50:16.475+0000][info][gc,cpu      ] GC(220) User=1.40s Sys=0.00s Real=0.03s
[2024-08-27T13:50:16.518+0000][info][gc,start    ] GC(221) Pause Young (Mixed) (G1 Evacuation Pause)
[2024-08-27T13:50:16.518+0000][info][gc,task     ] GC(221) Using 49 workers of 68 for evacuation
[2024-08-27T13:50:16.539+0000][info][gc,phases   ] GC(221)   Pre Evacuate Collection Set: 0.4ms
[2024-08-27T13:50:16.539+0000][info][gc,phases   ] GC(221)   Merge Heap Roots: 0.9ms
[2024-08-27T13:50:16.539+0000][info][gc,phases   ] GC(221)   Evacuate Collection Set: 18.9ms
[2024-08-27T13:50:16.539+0000][info][gc,phases   ] GC(221)   Post Evacuate Collection Set: 0.7ms
[2024-08-27T13:50:16.539+0000][info][gc,phases   ] GC(221)   Other: 0.4ms
[2024-08-27T13:50:16.539+0000][info][gc,heap     ] GC(221) Eden regions: 84->0(89)
[2024-08-27T13:50:16.539+0000][info][gc,heap     ] GC(221) Survivor regions: 18->13(13)
[2024-08-27T13:50:16.539+0000][info][gc,heap     ] GC(221) Old regions: 1553->1444
[2024-08-27T13:50:16.539+0000][info][gc,heap     ] GC(221) Archive regions: 2->2
[2024-08-27T13:50:16.539+0000][info][gc,heap     ] GC(221) Humongous regions: 5->5
[2024-08-27T13:50:16.539+0000][info][gc,metaspace] GC(221) Metaspace: 100K(320K)->100K(320K) NonClass: 96K(192K)->96K(192K) Class: 4K(128K)->4K(128K)
[2024-08-27T13:50:16.539+0000][info][gc          ] GC(221) Pause Young (Mixed) (G1 Evacuation Pause) 1660M->1462M(2048M) 21.343ms
[2024-08-27T13:50:16.539+0000][info][gc,cpu      ] GC(221) User=0.96s Sys=0.00s Real=0.02s
[2024-08-27T13:50:16.586+0000][info][gc,start    ] GC(222) Pause Young (Mixed) (G1 Evacuation Pause)
[2024-08-27T13:50:16.586+0000][info][gc,task     ] GC(222) Using 49 workers of 68 for evacuation
[2024-08-27T13:50:16.607+0000][info][gc,phases   ] GC(222)   Pre Evacuate Collection Set: 0.4ms
[2024-08-27T13:50:16.607+0000][info][gc,phases   ] GC(222)   Merge Heap Roots: 0.8ms
[2024-08-27T13:50:16.607+0000][info][gc,phases   ] GC(222)   Evacuate Collection Set: 18.5ms
[2024-08-27T13:50:16.607+0000][info][gc,phases   ] GC(222)   Post Evacuate Collection Set: 0.7ms
[2024-08-27T13:50:16.607+0000][info][gc,phases   ] GC(222)   Other: 0.4ms
[2024-08-27T13:50:16.607+0000][info][gc,heap     ] GC(222) Eden regions: 89->0(89)
[2024-08-27T13:50:16.607+0000][info][gc,heap     ] GC(222) Survivor regions: 13->13(13)
[2024-08-27T13:50:16.607+0000][info][gc,heap     ] GC(222) Old regions: 1444->1333
[2024-08-27T13:50:16.607+0000][info][gc,heap     ] GC(222) Archive regions: 2->2
[2024-08-27T13:50:16.607+0000][info][gc,heap     ] GC(222) Humongous regions: 5->5
[2024-08-27T13:50:16.607+0000][info][gc,metaspace] GC(222) Metaspace: 100K(320K)->100K(320K) NonClass: 96K(192K)->96K(192K) Class: 4K(128K)->4K(128K)
[2024-08-27T13:50:16.607+0000][info][gc          ] GC(222) Pause Young (Mixed) (G1 Evacuation Pause) 1551M->1351M(2048M) 20.988ms
[2024-08-27T13:50:16.607+0000][info][gc,cpu      ] GC(222) User=0.94s Sys=0.00s Real=0.02s
[2024-08-27T13:50:16.654+0000][info][gc,start    ] GC(223) Pause Young (Mixed) (G1 Evacuation Pause)
[2024-08-27T13:50:16.654+0000][info][gc,task     ] GC(223) Using 49 workers of 68 for evacuation
[2024-08-27T13:50:16.675+0000][info][gc,phases   ] GC(223)   Pre Evacuate Collection Set: 0.4ms
[2024-08-27T13:50:16.675+0000][info][gc,phases   ] GC(223)   Merge Heap Roots: 0.9ms
[2024-08-27T13:50:16.675+0000][info][gc,phases   ] GC(223)   Evacuate Collection Set: 19.0ms
[2024-08-27T13:50:16.675+0000][info][gc,phases   ] GC(223)   Post Evacuate Collection Set: 0.8ms
[2024-08-27T13:50:16.675+0000][info][gc,phases   ] GC(223)   Other: 0.4ms
[2024-08-27T13:50:16.675+0000][info][gc,heap     ] GC(223) Eden regions: 89->0(89)
[2024-08-27T13:50:16.675+0000][info][gc,heap     ] GC(223) Survivor regions: 13->13(13)
[2024-08-27T13:50:16.675+0000][info][gc,heap     ] GC(223) Old regions: 1333->1222
[2024-08-27T13:50:16.675+0000][info][gc,heap     ] GC(223) Archive regions: 2->2
[2024-08-27T13:50:16.675+0000][info][gc,heap     ] GC(223) Humongous regions: 5->5
[2024-08-27T13:50:16.675+0000][info][gc,metaspace] GC(223) Metaspace: 100K(320K)->100K(320K) NonClass: 96K(192K)->96K(192K) Class: 4K(128K)->4K(128K)
[2024-08-27T13:50:16.675+0000][info][gc          ] GC(223) Pause Young (Mixed) (G1 Evacuation Pause) 1440M->1240M(2048M) 21.691ms
[2024-08-27T13:50:16.676+0000][info][gc,cpu      ] GC(223) User=0.96s Sys=0.00s Real=0.02s
[2024-08-27T13:50:16.724+0000][info][gc,start    ] GC(224) Pause Young (Mixed) (G1 Evacuation Pause)
[2024-08-27T13:50:16.724+0000][info][gc,task     ] GC(224) Using 49 workers of 68 for evacuation
[2024-08-27T13:50:16.745+0000][info][gc,phases   ] GC(224)   Pre Evacuate Collection Set: 0.4ms
[2024-08-27T13:50:16.745+0000][info][gc,phases   ] GC(224)   Merge Heap Roots: 1.0ms
[2024-08-27T13:50:16.745+0000][info][gc,phases   ] GC(224)   Evacuate Collection Set: 18.7ms
[2024-08-27T13:50:16.745+0000][info][gc,phases   ] GC(224)   Post Evacuate Collection Set: 0.7ms
[2024-08-27T13:50:16.745+0000][info][gc,phases   ] GC(224)   Other: 0.4ms
[2024-08-27T13:50:16.745+0000][info][gc,heap     ] GC(224) Eden regions: 89->0(220)
[2024-08-27T13:50:16.745+0000][info][gc,heap     ] GC(224) Survivor regions: 13->13(13)
[2024-08-27T13:50:16.745+0000][info][gc,heap     ] GC(224) Old regions: 1222->1138
[2024-08-27T13:50:16.745+0000][info][gc,heap     ] GC(224) Archive regions: 2->2
[2024-08-27T13:50:16.745+0000][info][gc,heap     ] GC(224) Humongous regions: 5->5
[2024-08-27T13:50:16.745+0000][info][gc,metaspace] GC(224) Metaspace: 100K(320K)->100K(320K) NonClass: 96K(192K)->96K(192K) Class: 4K(128K)->4K(128K)
[2024-08-27T13:50:16.746+0000][info][gc          ] GC(224) Pause Young (Mixed) (G1 Evacuation Pause) 1329M->1156M(2048M) 21.309ms
[2024-08-27T13:50:16.746+0000][info][gc,cpu      ] GC(224) User=0.96s Sys=0.00s Real=0.02s
[2024-08-27T13:50:16.858+0000][info][gc,start    ] GC(225) Pause Young (Normal) (G1 Evacuation Pause)
[2024-08-27T13:50:16.858+0000][info][gc,task     ] GC(225) Using 49 workers of 68 for evacuation
[2024-08-27T13:50:16.898+0000][info][gc,phases   ] GC(225)   Pre Evacuate Collection Set: 0.3ms
[2024-08-27T13:50:16.898+0000][info][gc,phases   ] GC(225)   Merge Heap Roots: 1.0ms
[2024-08-27T13:50:16.898+0000][info][gc,phases   ] GC(225)   Evacuate Collection Set: 38.4ms
[2024-08-27T13:50:16.898+0000][info][gc,phases   ] GC(225)   Post Evacuate Collection Set: 0.7ms
[2024-08-27T13:50:16.898+0000][info][gc,phases   ] GC(225)   Other: 0.3ms
[2024-08-27T13:50:16.898+0000][info][gc,heap     ] GC(225) Eden regions: 220->0(149)
[2024-08-27T13:50:16.898+0000][info][gc,heap     ] GC(225) Survivor regions: 13->30(30)
[2024-08-27T13:50:16.898+0000][info][gc,heap     ] GC(225) Old regions: 1138->1338
[2024-08-27T13:50:16.898+0000][info][gc,heap     ] GC(225) Archive regions: 2->2
[2024-08-27T13:50:16.898+0000][info][gc,heap     ] GC(225) Humongous regions: 5->5
[2024-08-27T13:50:16.898+0000][info][gc,metaspace] GC(225) Metaspace: 100K(320K)->100K(320K) NonClass: 96K(192K)->96K(192K) Class: 4K(128K)->4K(128K)
[2024-08-27T13:50:16.898+0000][info][gc          ] GC(225) Pause Young (Normal) (G1 Evacuation Pause) 1376M->1373M(2048M) 40.838ms
[2024-08-27T13:50:16.899+0000][info][gc,cpu      ] GC(225) User=1.87s Sys=0.03s Real=0.04s
[2024-08-27T13:50:16.974+0000][info][gc,start    ] GC(226) Pause Young (Normal) (G1 Evacuation Pause)
[2024-08-27T13:50:16.974+0000][info][gc,task     ] GC(226) Using 49 workers of 68 for evacuation
[2024-08-27T13:50:17.007+0000][info][gc,phases   ] GC(226)   Pre Evacuate Collection Set: 0.3ms
[2024-08-27T13:50:17.007+0000][info][gc,phases   ] GC(226)   Merge Heap Roots: 0.6ms
[2024-08-27T13:50:17.007+0000][info][gc,phases   ] GC(226)   Evacuate Collection Set: 30.9ms
[2024-08-27T13:50:17.007+0000][info][gc,phases   ] GC(226)   Post Evacuate Collection Set: 0.7ms
[2024-08-27T13:50:17.007+0000][info][gc,phases   ] GC(226)   Other: 0.3ms
[2024-08-27T13:50:17.007+0000][info][gc,heap     ] GC(226) Eden regions: 149->0(99)
[2024-08-27T13:50:17.007+0000][info][gc,heap     ] GC(226) Survivor regions: 30->23(23)
[2024-08-27T13:50:17.007+0000][info][gc,heap     ] GC(226) Old regions: 1338->1500
[2024-08-27T13:50:17.007+0000][info][gc,heap     ] GC(226) Archive regions: 2->2
[2024-08-27T13:50:17.007+0000][info][gc,heap     ] GC(226) Humongous regions: 5->5
[2024-08-27T13:50:17.007+0000][info][gc,metaspace] GC(226) Metaspace: 100K(320K)->100K(320K) NonClass: 96K(192K)->96K(192K) Class: 4K(128K)->4K(128K)
[2024-08-27T13:50:17.007+0000][info][gc          ] GC(226) Pause Young (Normal) (G1 Evacuation Pause) 1522M->1528M(2048M) 32.970ms
[2024-08-27T13:50:17.007+0000][info][gc,cpu      ] GC(226) User=1.54s Sys=0.01s Real=0.03s
[2024-08-27T13:50:17.060+0000][info][gc,start    ] GC(227) Pause Young (Concurrent Start) (G1 Evacuation Pause)
[2024-08-27T13:50:17.060+0000][info][gc,task     ] GC(227) Using 49 workers of 68 for evacuation
[2024-08-27T13:50:17.085+0000][info][gc,phases   ] GC(227)   Pre Evacuate Collection Set: 0.3ms
[2024-08-27T13:50:17.085+0000][info][gc,phases   ] GC(227)   Merge Heap Roots: 0.9ms
[2024-08-27T13:50:17.085+0000][info][gc,phases   ] GC(227)   Evacuate Collection Set: 22.5ms
[2024-08-27T13:50:17.085+0000][info][gc,phases   ] GC(227)   Post Evacuate Collection Set: 0.7ms
[2024-08-27T13:50:17.085+0000][info][gc,phases   ] GC(227)   Other: 1.1ms
[2024-08-27T13:50:17.085+0000][info][gc,heap     ] GC(227) Eden regions: 99->0(86)
[2024-08-27T13:50:17.085+0000][info][gc,heap     ] GC(227) Survivor regions: 23->16(16)
[2024-08-27T13:50:17.085+0000][info][gc,heap     ] GC(227) Old regions: 1500->1613
[2024-08-27T13:50:17.085+0000][info][gc,heap     ] GC(227) Archive regions: 2->2
[2024-08-27T13:50:17.085+0000][info][gc,heap     ] GC(227) Humongous regions: 5->5
[2024-08-27T13:50:17.085+0000][info][gc,metaspace] GC(227) Metaspace: 100K(320K)->100K(320K) NonClass: 96K(192K)->96K(192K) Class: 4K(128K)->4K(128K)
[2024-08-27T13:50:17.085+0000][info][gc          ] GC(227) Pause Young (Concurrent Start) (G1 Evacuation Pause) 1627M->1634M(2048M) 25.617ms
[2024-08-27T13:50:17.085+0000][info][gc,cpu      ] GC(227) User=1.13s Sys=0.00s Real=0.02s
[2024-08-27T13:50:17.085+0000][info][gc          ] GC(228) Concurrent Mark Cycle
[2024-08-27T13:50:17.085+0000][info][gc,marking  ] GC(228) Concurrent Clear Claimed Marks
[2024-08-27T13:50:17.085+0000][info][gc,marking  ] GC(228) Concurrent Clear Claimed Marks 0.012ms
[2024-08-27T13:50:17.085+0000][info][gc,marking  ] GC(228) Concurrent Scan Root Regions
[2024-08-27T13:50:17.089+0000][info][gc,marking  ] GC(228) Concurrent Scan Root Regions 3.244ms
[2024-08-27T13:50:17.089+0000][info][gc,marking  ] GC(228) Concurrent Mark
[2024-08-27T13:50:17.089+0000][info][gc,marking  ] GC(228) Concurrent Mark From Roots
[2024-08-27T13:50:17.089+0000][info][gc,task     ] GC(228) Using 17 workers of 17 for marking
[2024-08-27T13:50:17.109+0000][info][gc,marking  ] GC(228) Concurrent Mark From Roots 20.664ms
[2024-08-27T13:50:17.109+0000][info][gc,marking  ] GC(228) Concurrent Preclean
[2024-08-27T13:50:17.110+0000][info][gc,marking  ] GC(228) Concurrent Preclean 0.525ms
[2024-08-27T13:50:17.110+0000][info][gc,start    ] GC(228) Pause Remark
[2024-08-27T13:50:17.113+0000][info][gc          ] GC(228) Pause Remark 1666M->1376M(2048M) 3.122ms
[2024-08-27T13:50:17.114+0000][info][gc,cpu      ] GC(228) User=0.02s Sys=0.00s Real=0.00s
[2024-08-27T13:50:17.114+0000][info][gc,marking  ] GC(228) Concurrent Mark 24.937ms
[2024-08-27T13:50:17.114+0000][info][gc,marking  ] GC(228) Concurrent Rebuild Remembered Sets
[2024-08-27T13:50:17.142+0000][info][gc,start    ] GC(229) Pause Young (Normal) (G1 Evacuation Pause)
[2024-08-27T13:50:17.143+0000][info][gc,task     ] GC(229) Using 49 workers of 68 for evacuation
[2024-08-27T13:50:17.164+0000][info][gc,phases   ] GC(229)   Pre Evacuate Collection Set: 0.3ms
[2024-08-27T13:50:17.164+0000][info][gc,phases   ] GC(229)   Merge Heap Roots: 0.5ms
[2024-08-27T13:50:17.164+0000][info][gc,phases   ] GC(229)   Evacuate Collection Set: 19.1ms
[2024-08-27T13:50:17.164+0000][info][gc,phases   ] GC(229)   Post Evacuate Collection Set: 1.0ms
[2024-08-27T13:50:17.164+0000][info][gc,phases   ] GC(229)   Other: 0.4ms
[2024-08-27T13:50:17.164+0000][info][gc,heap     ] GC(229) Eden regions: 86->0(129)
[2024-08-27T13:50:17.164+0000][info][gc,heap     ] GC(229) Survivor regions: 16->13(13)
[2024-08-27T13:50:17.164+0000][info][gc,heap     ] GC(229) Old regions: 1323->1419
[2024-08-27T13:50:17.164+0000][info][gc,heap     ] GC(229) Archive regions: 2->2
[2024-08-27T13:50:17.164+0000][info][gc,heap     ] GC(229) Humongous regions: 5->5
[2024-08-27T13:50:17.164+0000][info][gc,metaspace] GC(229) Metaspace: 100K(320K)->100K(320K) NonClass: 96K(192K)->96K(192K) Class: 4K(128K)->4K(128K)
[2024-08-27T13:50:17.164+0000][info][gc          ] GC(229) Pause Young (Normal) (G1 Evacuation Pause) 1430M->1437M(2048M) 21.502ms
[2024-08-27T13:50:17.164+0000][info][gc,cpu      ] GC(229) User=0.94s Sys=0.03s Real=0.02s
[2024-08-27T13:50:17.180+0000][info][gc,marking  ] GC(228) Concurrent Rebuild Remembered Sets 66.828ms
[2024-08-27T13:50:17.181+0000][info][gc,start    ] GC(228) Pause Cleanup
[2024-08-27T13:50:17.186+0000][info][gc          ] GC(228) Pause Cleanup 1465M->1465M(2048M) 5.437ms
[2024-08-27T13:50:17.186+0000][info][gc,cpu      ] GC(228) User=0.01s Sys=0.00s Real=0.00s
[2024-08-27T13:50:17.186+0000][info][gc,marking  ] GC(228) Concurrent Cleanup for Next Mark
[2024-08-27T13:50:17.188+0000][info][gc,marking  ] GC(228) Concurrent Cleanup for Next Mark 1.415ms
[2024-08-27T13:50:17.188+0000][info][gc          ] GC(228) Concurrent Mark Cycle 102.648ms
[2024-08-27T13:50:17.240+0000][info][gc,start    ] GC(230) Pause Young (Prepare Mixed) (G1 Evacuation Pause)
[2024-08-27T13:50:17.240+0000][info][gc,task     ] GC(230) Using 49 workers of 68 for evacuation
[2024-08-27T13:50:17.272+0000][info][gc,phases   ] GC(230)   Pre Evacuate Collection Set: 0.4ms
[2024-08-27T13:50:17.272+0000][info][gc,phases   ] GC(230)   Merge Heap Roots: 1.3ms
[2024-08-27T13:50:17.272+0000][info][gc,phases   ] GC(230)   Evacuate Collection Set: 29.2ms
[2024-08-27T13:50:17.272+0000][info][gc,phases   ] GC(230)   Post Evacuate Collection Set: 0.6ms
[2024-08-27T13:50:17.272+0000][info][gc,phases   ] GC(230)   Other: 0.4ms
[2024-08-27T13:50:17.272+0000][info][gc,heap     ] GC(230) Eden regions: 129->0(84)
[2024-08-27T13:50:17.272+0000][info][gc,heap     ] GC(230) Survivor regions: 13->18(18)
[2024-08-27T13:50:17.272+0000][info][gc,heap     ] GC(230) Old regions: 1419->1545
[2024-08-27T13:50:17.272+0000][info][gc,heap     ] GC(230) Archive regions: 2->2
[2024-08-27T13:50:17.272+0000][info][gc,heap     ] GC(230) Humongous regions: 5->5
[2024-08-27T13:50:17.272+0000][info][gc,metaspace] GC(230) Metaspace: 100K(320K)->100K(320K) NonClass: 96K(192K)->96K(192K) Class: 4K(128K)->4K(128K)
[2024-08-27T13:50:17.272+0000][info][gc          ] GC(230) Pause Young (Prepare Mixed) (G1 Evacuation Pause) 1566M->1568M(2048M) 31.912ms
[2024-08-27T13:50:17.272+0000][info][gc,cpu      ] GC(230) User=1.48s Sys=0.00s Real=0.03s
[2024-08-27T13:50:17.316+0000][info][gc,start    ] GC(231) Pause Young (Mixed) (G1 Evacuation Pause)
[2024-08-27T13:50:17.317+0000][info][gc,task     ] GC(231) Using 49 workers of 68 for evacuation
[2024-08-27T13:50:17.338+0000][info][gc,phases   ] GC(231)   Pre Evacuate Collection Set: 0.4ms
[2024-08-27T13:50:17.338+0000][info][gc,phases   ] GC(231)   Merge Heap Roots: 0.8ms
[2024-08-27T13:50:17.338+0000][info][gc,phases   ] GC(231)   Evacuate Collection Set: 19.2ms
[2024-08-27T13:50:17.338+0000][info][gc,phases   ] GC(231)   Post Evacuate Collection Set: 0.8ms
[2024-08-27T13:50:17.338+0000][info][gc,phases   ] GC(231)   Other: 0.3ms
[2024-08-27T13:50:17.338+0000][info][gc,heap     ] GC(231) Eden regions: 84->0(89)
[2024-08-27T13:50:17.338+0000][info][gc,heap     ] GC(231) Survivor regions: 18->13(13)
[2024-08-27T13:50:17.338+0000][info][gc,heap     ] GC(231) Old regions: 1545->1436
[2024-08-27T13:50:17.338+0000][info][gc,heap     ] GC(231) Archive regions: 2->2
[2024-08-27T13:50:17.338+0000][info][gc,heap     ] GC(231) Humongous regions: 5->5
[2024-08-27T13:50:17.338+0000][info][gc,metaspace] GC(231) Metaspace: 100K(320K)->100K(320K) NonClass: 96K(192K)->96K(192K) Class: 4K(128K)->4K(128K)
[2024-08-27T13:50:17.338+0000][info][gc          ] GC(231) Pause Young (Mixed) (G1 Evacuation Pause) 1652M->1454M(2048M) 21.715ms
[2024-08-27T13:50:17.338+0000][info][gc,cpu      ] GC(231) User=0.98s Sys=0.00s Real=0.03s
[2024-08-27T13:50:17.386+0000][info][gc,start    ] GC(232) Pause Young (Mixed) (G1 Evacuation Pause)
[2024-08-27T13:50:17.386+0000][info][gc,task     ] GC(232) Using 49 workers of 68 for evacuation
[2024-08-27T13:50:17.407+0000][info][gc,phases   ] GC(232)   Pre Evacuate Collection Set: 0.4ms
[2024-08-27T13:50:17.408+0000][info][gc,phases   ] GC(232)   Merge Heap Roots: 0.8ms
[2024-08-27T13:50:17.408+0000][info][gc,phases   ] GC(232)   Evacuate Collection Set: 19.0ms
[2024-08-27T13:50:17.408+0000][info][gc,phases   ] GC(232)   Post Evacuate Collection Set: 0.7ms
[2024-08-27T13:50:17.408+0000][info][gc,phases   ] GC(232)   Other: 0.4ms
[2024-08-27T13:50:17.408+0000][info][gc,heap     ] GC(232) Eden regions: 89->0(89)
[2024-08-27T13:50:17.408+0000][info][gc,heap     ] GC(232) Survivor regions: 13->13(13)
[2024-08-27T13:50:17.408+0000][info][gc,heap     ] GC(232) Old regions: 1436->1325
[2024-08-27T13:50:17.408+0000][info][gc,heap     ] GC(232) Archive regions: 2->2
[2024-08-27T13:50:17.408+0000][info][gc,heap     ] GC(232) Humongous regions: 5->5
[2024-08-27T13:50:17.408+0000][info][gc,metaspace] GC(232) Metaspace: 100K(320K)->100K(320K) NonClass: 96K(192K)->96K(192K) Class: 4K(128K)->4K(128K)
[2024-08-27T13:50:17.408+0000][info][gc          ] GC(232) Pause Young (Mixed) (G1 Evacuation Pause) 1543M->1343M(2048M) 21.517ms
[2024-08-27T13:50:17.408+0000][info][gc,cpu      ] GC(232) User=0.96s Sys=0.00s Real=0.02s
[2024-08-27T13:50:17.455+0000][info][gc,start    ] GC(233) Pause Young (Mixed) (G1 Evacuation Pause)
[2024-08-27T13:50:17.455+0000][info][gc,task     ] GC(233) Using 49 workers of 68 for evacuation
[2024-08-27T13:50:17.477+0000][info][gc,phases   ] GC(233)   Pre Evacuate Collection Set: 0.5ms
[2024-08-27T13:50:17.477+0000][info][gc,phases   ] GC(233)   Merge Heap Roots: 0.9ms
[2024-08-27T13:50:17.477+0000][info][gc,phases   ] GC(233)   Evacuate Collection Set: 19.4ms
[2024-08-27T13:50:17.477+0000][info][gc,phases   ] GC(233)   Post Evacuate Collection Set: 0.8ms
[2024-08-27T13:50:17.477+0000][info][gc,phases   ] GC(233)   Other: 0.3ms
[2024-08-27T13:50:17.477+0000][info][gc,heap     ] GC(233) Eden regions: 89->0(89)
[2024-08-27T13:50:17.477+0000][info][gc,heap     ] GC(233) Survivor regions: 13->13(13)
[2024-08-27T13:50:17.477+0000][info][gc,heap     ] GC(233) Old regions: 1325->1213
[2024-08-27T13:50:17.477+0000][info][gc,heap     ] GC(233) Archive regions: 2->2
[2024-08-27T13:50:17.477+0000][info][gc,heap     ] GC(233) Humongous regions: 5->5
[2024-08-27T13:50:17.477+0000][info][gc,metaspace] GC(233) Metaspace: 100K(320K)->100K(320K) NonClass: 96K(192K)->96K(192K) Class: 4K(128K)->4K(128K)
[2024-08-27T13:50:17.477+0000][info][gc          ] GC(233) Pause Young (Mixed) (G1 Evacuation Pause) 1432M->1231M(2048M) 22.108ms
[2024-08-27T13:50:17.477+0000][info][gc,cpu      ] GC(233) User=0.99s Sys=0.00s Real=0.02s
[2024-08-27T13:50:17.526+0000][info][gc,start    ] GC(234) Pause Young (Mixed) (G1 Evacuation Pause)
[2024-08-27T13:50:17.526+0000][info][gc,task     ] GC(234) Using 49 workers of 68 for evacuation
[2024-08-27T13:50:17.548+0000][info][gc,phases   ] GC(234)   Pre Evacuate Collection Set: 0.4ms
[2024-08-27T13:50:17.548+0000][info][gc,phases   ] GC(234)   Merge Heap Roots: 1.0ms
[2024-08-27T13:50:17.548+0000][info][gc,phases   ] GC(234)   Evacuate Collection Set: 19.0ms
[2024-08-27T13:50:17.548+0000][info][gc,phases   ] GC(234)   Post Evacuate Collection Set: 0.7ms
[2024-08-27T13:50:17.548+0000][info][gc,phases   ] GC(234)   Other: 0.4ms
[2024-08-27T13:50:17.548+0000][info][gc,heap     ] GC(234) Eden regions: 89->0(218)
[2024-08-27T13:50:17.548+0000][info][gc,heap     ] GC(234) Survivor regions: 13->13(13)
[2024-08-27T13:50:17.548+0000][info][gc,heap     ] GC(234) Old regions: 1213->1143
[2024-08-27T13:50:17.548+0000][info][gc,heap     ] GC(234) Archive regions: 2->2
[2024-08-27T13:50:17.548+0000][info][gc,heap     ] GC(234) Humongous regions: 5->5
[2024-08-27T13:50:17.548+0000][info][gc,metaspace] GC(234) Metaspace: 100K(320K)->100K(320K) NonClass: 96K(192K)->96K(192K) Class: 4K(128K)->4K(128K)
[2024-08-27T13:50:17.548+0000][info][gc          ] GC(234) Pause Young (Mixed) (G1 Evacuation Pause) 1320M->1161M(2048M) 21.698ms
[2024-08-27T13:50:17.548+0000][info][gc,cpu      ] GC(234) User=0.98s Sys=0.00s Real=0.02s
[2024-08-27T13:50:17.658+0000][info][gc,start    ] GC(235) Pause Young (Normal) (G1 Evacuation Pause)
[2024-08-27T13:50:17.658+0000][info][gc,task     ] GC(235) Using 49 workers of 68 for evacuation
[2024-08-27T13:50:17.698+0000][info][gc,phases   ] GC(235)   Pre Evacuate Collection Set: 0.3ms
[2024-08-27T13:50:17.698+0000][info][gc,phases   ] GC(235)   Merge Heap Roots: 1.1ms
[2024-08-27T13:50:17.698+0000][info][gc,phases   ] GC(235)   Evacuate Collection Set: 37.9ms
[2024-08-27T13:50:17.698+0000][info][gc,phases   ] GC(235)   Post Evacuate Collection Set: 0.7ms
[2024-08-27T13:50:17.698+0000][info][gc,phases   ] GC(235)   Other: 0.4ms
[2024-08-27T13:50:17.698+0000][info][gc,heap     ] GC(235) Eden regions: 218->0(149)
[2024-08-27T13:50:17.698+0000][info][gc,heap     ] GC(235) Survivor regions: 13->29(29)
[2024-08-27T13:50:17.699+0000][info][gc,heap     ] GC(235) Old regions: 1143->1341
[2024-08-27T13:50:17.699+0000][info][gc,heap     ] GC(235) Archive regions: 2->2
[2024-08-27T13:50:17.699+0000][info][gc,heap     ] GC(235) Humongous regions: 5->5
[2024-08-27T13:50:17.699+0000][info][gc,metaspace] GC(235) Metaspace: 100K(320K)->100K(320K) NonClass: 96K(192K)->96K(192K) Class: 4K(128K)->4K(128K)
[2024-08-27T13:50:17.699+0000][info][gc          ] GC(235) Pause Young (Normal) (G1 Evacuation Pause) 1379M->1375M(2048M) 40.470ms
[2024-08-27T13:50:17.699+0000][info][gc,cpu      ] GC(235) User=1.87s Sys=0.02s Real=0.04s
[2024-08-27T13:50:17.776+0000][info][gc,start    ] GC(236) Pause Young (Normal) (G1 Evacuation Pause)
[2024-08-27T13:50:17.776+0000][info][gc,task     ] GC(236) Using 49 workers of 68 for evacuation
[2024-08-27T13:50:17.808+0000][info][gc,phases   ] GC(236)   Pre Evacuate Collection Set: 0.3ms
[2024-08-27T13:50:17.808+0000][info][gc,phases   ] GC(236)   Merge Heap Roots: 0.7ms
[2024-08-27T13:50:17.808+0000][info][gc,phases   ] GC(236)   Evacuate Collection Set: 30.8ms
[2024-08-27T13:50:17.808+0000][info][gc,phases   ] GC(236)   Post Evacuate Collection Set: 0.6ms
[2024-08-27T13:50:17.808+0000][info][gc,phases   ] GC(236)   Other: 0.3ms
[2024-08-27T13:50:17.808+0000][info][gc,heap     ] GC(236) Eden regions: 149->0(99)
[2024-08-27T13:50:17.808+0000][info][gc,heap     ] GC(236) Survivor regions: 29->23(23)
[2024-08-27T13:50:17.808+0000][info][gc,heap     ] GC(236) Old regions: 1341->1501
[2024-08-27T13:50:17.808+0000][info][gc,heap     ] GC(236) Archive regions: 2->2
[2024-08-27T13:50:17.808+0000][info][gc,heap     ] GC(236) Humongous regions: 5->5
[2024-08-27T13:50:17.808+0000][info][gc,metaspace] GC(236) Metaspace: 100K(320K)->100K(320K) NonClass: 96K(192K)->96K(192K) Class: 4K(128K)->4K(128K)
[2024-08-27T13:50:17.808+0000][info][gc          ] GC(236) Pause Young (Normal) (G1 Evacuation Pause) 1524M->1529M(2048M) 32.873ms
[2024-08-27T13:50:17.808+0000][info][gc,cpu      ] GC(236) User=1.52s Sys=0.00s Real=0.03s
[2024-08-27T13:50:17.860+0000][info][gc,start    ] GC(237) Pause Young (Concurrent Start) (G1 Evacuation Pause)
[2024-08-27T13:50:17.860+0000][info][gc,task     ] GC(237) Using 49 workers of 68 for evacuation
[2024-08-27T13:50:17.885+0000][info][gc,phases   ] GC(237)   Pre Evacuate Collection Set: 0.3ms
[2024-08-27T13:50:17.886+0000][info][gc,phases   ] GC(237)   Merge Heap Roots: 1.0ms
[2024-08-27T13:50:17.886+0000][info][gc,phases   ] GC(237)   Evacuate Collection Set: 22.7ms
[2024-08-27T13:50:17.886+0000][info][gc,phases   ] GC(237)   Post Evacuate Collection Set: 0.6ms
[2024-08-27T13:50:17.886+0000][info][gc,phases   ] GC(237)   Other: 1.1ms
[2024-08-27T13:50:17.886+0000][info][gc,heap     ] GC(237) Eden regions: 99->0(86)
[2024-08-27T13:50:17.886+0000][info][gc,heap     ] GC(237) Survivor regions: 23->16(16)
[2024-08-27T13:50:17.886+0000][info][gc,heap     ] GC(237) Old regions: 1501->1613
[2024-08-27T13:50:17.886+0000][info][gc,heap     ] GC(237) Archive regions: 2->2
[2024-08-27T13:50:17.886+0000][info][gc,heap     ] GC(237) Humongous regions: 5->5
[2024-08-27T13:50:17.886+0000][info][gc,metaspace] GC(237) Metaspace: 100K(320K)->100K(320K) NonClass: 96K(192K)->96K(192K) Class: 4K(128K)->4K(128K)
[2024-08-27T13:50:17.886+0000][info][gc          ] GC(237) Pause Young (Concurrent Start) (G1 Evacuation Pause) 1628M->1634M(2048M) 25.852ms
[2024-08-27T13:50:17.886+0000][info][gc,cpu      ] GC(237) User=1.14s Sys=0.00s Real=0.02s
[2024-08-27T13:50:17.886+0000][info][gc          ] GC(238) Concurrent Mark Cycle
[2024-08-27T13:50:17.886+0000][info][gc,marking  ] GC(238) Concurrent Clear Claimed Marks
[2024-08-27T13:50:17.886+0000][info][gc,marking  ] GC(238) Concurrent Clear Claimed Marks 0.011ms
[2024-08-27T13:50:17.886+0000][info][gc,marking  ] GC(238) Concurrent Scan Root Regions
[2024-08-27T13:50:17.889+0000][info][gc,marking  ] GC(238) Concurrent Scan Root Regions 3.322ms
[2024-08-27T13:50:17.889+0000][info][gc,marking  ] GC(238) Concurrent Mark
[2024-08-27T13:50:17.889+0000][info][gc,marking  ] GC(238) Concurrent Mark From Roots
[2024-08-27T13:50:17.889+0000][info][gc,task     ] GC(238) Using 17 workers of 17 for marking
[2024-08-27T13:50:17.910+0000][info][gc,marking  ] GC(238) Concurrent Mark From Roots 21.002ms
[2024-08-27T13:50:17.910+0000][info][gc,marking  ] GC(238) Concurrent Preclean
[2024-08-27T13:50:17.911+0000][info][gc,marking  ] GC(238) Concurrent Preclean 0.498ms
[2024-08-27T13:50:17.911+0000][info][gc,start    ] GC(238) Pause Remark
[2024-08-27T13:50:17.914+0000][info][gc          ] GC(238) Pause Remark 1666M->1372M(2048M) 2.897ms
[2024-08-27T13:50:17.914+0000][info][gc,cpu      ] GC(238) User=0.00s Sys=0.02s Real=0.00s
[2024-08-27T13:50:17.914+0000][info][gc,marking  ] GC(238) Concurrent Mark 25.003ms
[2024-08-27T13:50:17.914+0000][info][gc,marking  ] GC(238) Concurrent Rebuild Remembered Sets
[2024-08-27T13:50:17.943+0000][info][gc,start    ] GC(239) Pause Young (Normal) (G1 Evacuation Pause)
[2024-08-27T13:50:17.943+0000][info][gc,task     ] GC(239) Using 49 workers of 68 for evacuation
[2024-08-27T13:50:17.964+0000][info][gc,phases   ] GC(239)   Pre Evacuate Collection Set: 0.3ms
[2024-08-27T13:50:17.965+0000][info][gc,phases   ] GC(239)   Merge Heap Roots: 0.5ms
[2024-08-27T13:50:17.965+0000][info][gc,phases   ] GC(239)   Evacuate Collection Set: 19.1ms
[2024-08-27T13:50:17.965+0000][info][gc,phases   ] GC(239)   Post Evacuate Collection Set: 1.0ms
[2024-08-27T13:50:17.965+0000][info][gc,phases   ] GC(239)   Other: 0.3ms
[2024-08-27T13:50:17.965+0000][info][gc,heap     ] GC(239) Eden regions: 86->0(130)
[2024-08-27T13:50:17.965+0000][info][gc,heap     ] GC(239) Survivor regions: 16->13(13)
[2024-08-27T13:50:17.965+0000][info][gc,heap     ] GC(239) Old regions: 1319->1416
[2024-08-27T13:50:17.965+0000][info][gc,heap     ] GC(239) Archive regions: 2->2
[2024-08-27T13:50:17.965+0000][info][gc,heap     ] GC(239) Humongous regions: 5->5
[2024-08-27T13:50:17.965+0000][info][gc,metaspace] GC(239) Metaspace: 100K(320K)->100K(320K) NonClass: 96K(192K)->96K(192K) Class: 4K(128K)->4K(128K)
[2024-08-27T13:50:17.965+0000][info][gc          ] GC(239) Pause Young (Normal) (G1 Evacuation Pause) 1426M->1434M(2048M) 21.449ms
[2024-08-27T13:50:17.965+0000][info][gc,cpu      ] GC(239) User=0.97s Sys=0.00s Real=0.02s
[2024-08-27T13:50:17.982+0000][info][gc,marking  ] GC(238) Concurrent Rebuild Remembered Sets 67.361ms
[2024-08-27T13:50:17.982+0000][info][gc,start    ] GC(238) Pause Cleanup
[2024-08-27T13:50:17.988+0000][info][gc          ] GC(238) Pause Cleanup 1464M->1464M(2048M) 5.407ms
[2024-08-27T13:50:17.988+0000][info][gc,cpu      ] GC(238) User=0.02s Sys=0.00s Real=0.00s
[2024-08-27T13:50:17.988+0000][info][gc,marking  ] GC(238) Concurrent Cleanup for Next Mark
[2024-08-27T13:50:17.989+0000][info][gc,marking  ] GC(238) Concurrent Cleanup for Next Mark 1.482ms
[2024-08-27T13:50:17.989+0000][info][gc          ] GC(238) Concurrent Mark Cycle 103.474ms
[2024-08-27T13:50:18.040+0000][info][gc,start    ] GC(240) Pause Young (Prepare Mixed) (G1 Evacuation Pause)
[2024-08-27T13:50:18.040+0000][info][gc,task     ] GC(240) Using 49 workers of 68 for evacuation
[2024-08-27T13:50:18.071+0000][info][gc,phases   ] GC(240)   Pre Evacuate Collection Set: 0.3ms
[2024-08-27T13:50:18.071+0000][info][gc,phases   ] GC(240)   Merge Heap Roots: 1.2ms
[2024-08-27T13:50:18.071+0000][info][gc,phases   ] GC(240)   Evacuate Collection Set: 28.0ms
[2024-08-27T13:50:18.071+0000][info][gc,phases   ] GC(240)   Post Evacuate Collection Set: 0.7ms
[2024-08-27T13:50:18.071+0000][info][gc,phases   ] GC(240)   Other: 0.3ms
[2024-08-27T13:50:18.071+0000][info][gc,heap     ] GC(240) Eden regions: 130->0(84)
[2024-08-27T13:50:18.071+0000][info][gc,heap     ] GC(240) Survivor regions: 13->18(18)
[2024-08-27T13:50:18.071+0000][info][gc,heap     ] GC(240) Old regions: 1416->1544
[2024-08-27T13:50:18.071+0000][info][gc,heap     ] GC(240) Archive regions: 2->2
[2024-08-27T13:50:18.071+0000][info][gc,heap     ] GC(240) Humongous regions: 5->5
[2024-08-27T13:50:18.071+0000][info][gc,metaspace] GC(240) Metaspace: 100K(320K)->100K(320K) NonClass: 96K(192K)->96K(192K) Class: 4K(128K)->4K(128K)
[2024-08-27T13:50:18.071+0000][info][gc          ] GC(240) Pause Young (Prepare Mixed) (G1 Evacuation Pause) 1564M->1567M(2048M) 30.716ms
[2024-08-27T13:50:18.071+0000][info][gc,cpu      ] GC(240) User=1.29s Sys=0.13s Real=0.03s
[2024-08-27T13:50:18.114+0000][info][gc,start    ] GC(241) Pause Young (Mixed) (G1 Evacuation Pause)
[2024-08-27T13:50:18.114+0000][info][gc,task     ] GC(241) Using 49 workers of 68 for evacuation
[2024-08-27T13:50:18.135+0000][info][gc,phases   ] GC(241)   Pre Evacuate Collection Set: 0.5ms
[2024-08-27T13:50:18.136+0000][info][gc,phases   ] GC(241)   Merge Heap Roots: 0.9ms
[2024-08-27T13:50:18.136+0000][info][gc,phases   ] GC(241)   Evacuate Collection Set: 19.4ms
[2024-08-27T13:50:18.136+0000][info][gc,phases   ] GC(241)   Post Evacuate Collection Set: 0.7ms
[2024-08-27T13:50:18.136+0000][info][gc,phases   ] GC(241)   Other: 0.4ms
[2024-08-27T13:50:18.136+0000][info][gc,heap     ] GC(241) Eden regions: 84->0(89)
[2024-08-27T13:50:18.136+0000][info][gc,heap     ] GC(241) Survivor regions: 18->13(13)
[2024-08-27T13:50:18.136+0000][info][gc,heap     ] GC(241) Old regions: 1544->1433
[2024-08-27T13:50:18.136+0000][info][gc,heap     ] GC(241) Archive regions: 2->2
[2024-08-27T13:50:18.136+0000][info][gc,heap     ] GC(241) Humongous regions: 5->5
[2024-08-27T13:50:18.136+0000][info][gc,metaspace] GC(241) Metaspace: 100K(320K)->100K(320K) NonClass: 96K(192K)->96K(192K) Class: 4K(128K)->4K(128K)
[2024-08-27T13:50:18.136+0000][info][gc          ] GC(241) Pause Young (Mixed) (G1 Evacuation Pause) 1651M->1451M(2048M) 21.967ms
[2024-08-27T13:50:18.136+0000][info][gc,cpu      ] GC(241) User=0.97s Sys=0.00s Real=0.02s
[2024-08-27T13:50:18.182+0000][info][gc,start    ] GC(242) Pause Young (Mixed) (G1 Evacuation Pause)
[2024-08-27T13:50:18.182+0000][info][gc,task     ] GC(242) Using 49 workers of 68 for evacuation
[2024-08-27T13:50:18.203+0000][info][gc,phases   ] GC(242)   Pre Evacuate Collection Set: 0.4ms
[2024-08-27T13:50:18.203+0000][info][gc,phases   ] GC(242)   Merge Heap Roots: 0.8ms
[2024-08-27T13:50:18.203+0000][info][gc,phases   ] GC(242)   Evacuate Collection Set: 18.9ms
[2024-08-27T13:50:18.203+0000][info][gc,phases   ] GC(242)   Post Evacuate Collection Set: 0.7ms
[2024-08-27T13:50:18.203+0000][info][gc,phases   ] GC(242)   Other: 0.3ms
[2024-08-27T13:50:18.203+0000][info][gc,heap     ] GC(242) Eden regions: 89->0(89)
[2024-08-27T13:50:18.203+0000][info][gc,heap     ] GC(242) Survivor regions: 13->13(13)
[2024-08-27T13:50:18.203+0000][info][gc,heap     ] GC(242) Old regions: 1433->1322
[2024-08-27T13:50:18.203+0000][info][gc,heap     ] GC(242) Archive regions: 2->2
[2024-08-27T13:50:18.203+0000][info][gc,heap     ] GC(242) Humongous regions: 5->5
[2024-08-27T13:50:18.204+0000][info][gc,metaspace] GC(242) Metaspace: 100K(320K)->100K(320K) NonClass: 96K(192K)->96K(192K) Class: 4K(128K)->4K(128K)
[2024-08-27T13:50:18.204+0000][info][gc          ] GC(242) Pause Young (Mixed) (G1 Evacuation Pause) 1540M->1340M(2048M) 21.321ms
[2024-08-27T13:50:18.204+0000][info][gc,cpu      ] GC(242) User=0.96s Sys=0.00s Real=0.02s
[2024-08-27T13:50:18.250+0000][info][gc,start    ] GC(243) Pause Young (Mixed) (G1 Evacuation Pause)
[2024-08-27T13:50:18.250+0000][info][gc,task     ] GC(243) Using 49 workers of 68 for evacuation
[2024-08-27T13:50:18.272+0000][info][gc,phases   ] GC(243)   Pre Evacuate Collection Set: 0.4ms
[2024-08-27T13:50:18.272+0000][info][gc,phases   ] GC(243)   Merge Heap Roots: 0.9ms
[2024-08-27T13:50:18.272+0000][info][gc,phases   ] GC(243)   Evacuate Collection Set: 19.2ms
[2024-08-27T13:50:18.272+0000][info][gc,phases   ] GC(243)   Post Evacuate Collection Set: 0.8ms
[2024-08-27T13:50:18.272+0000][info][gc,phases   ] GC(243)   Other: 0.4ms
[2024-08-27T13:50:18.272+0000][info][gc,heap     ] GC(243) Eden regions: 89->0(89)
[2024-08-27T13:50:18.272+0000][info][gc,heap     ] GC(243) Survivor regions: 13->13(13)
[2024-08-27T13:50:18.272+0000][info][gc,heap     ] GC(243) Old regions: 1322->1211
[2024-08-27T13:50:18.272+0000][info][gc,heap     ] GC(243) Archive regions: 2->2
[2024-08-27T13:50:18.272+0000][info][gc,heap     ] GC(243) Humongous regions: 5->5
[2024-08-27T13:50:18.272+0000][info][gc,metaspace] GC(243) Metaspace: 100K(320K)->100K(320K) NonClass: 96K(192K)->96K(192K) Class: 4K(128K)->4K(128K)
[2024-08-27T13:50:18.272+0000][info][gc          ] GC(243) Pause Young (Mixed) (G1 Evacuation Pause) 1429M->1229M(2048M) 21.890ms
[2024-08-27T13:50:18.272+0000][info][gc,cpu      ] GC(243) User=0.98s Sys=0.00s Real=0.02s
[2024-08-27T13:50:18.319+0000][info][gc,start    ] GC(244) Pause Young (Mixed) (G1 Evacuation Pause)
[2024-08-27T13:50:18.319+0000][info][gc,task     ] GC(244) Using 49 workers of 68 for evacuation
[2024-08-27T13:50:18.340+0000][info][gc,phases   ] GC(244)   Pre Evacuate Collection Set: 0.4ms
[2024-08-27T13:50:18.340+0000][info][gc,phases   ] GC(244)   Merge Heap Roots: 1.0ms
[2024-08-27T13:50:18.340+0000][info][gc,phases   ] GC(244)   Evacuate Collection Set: 19.2ms
[2024-08-27T13:50:18.340+0000][info][gc,phases   ] GC(244)   Post Evacuate Collection Set: 0.7ms
[2024-08-27T13:50:18.340+0000][info][gc,phases   ] GC(244)   Other: 0.3ms
[2024-08-27T13:50:18.340+0000][info][gc,heap     ] GC(244) Eden regions: 89->0(218)
[2024-08-27T13:50:18.340+0000][info][gc,heap     ] GC(244) Survivor regions: 13->13(13)
[2024-08-27T13:50:18.340+0000][info][gc,heap     ] GC(244) Old regions: 1211->1143
[2024-08-27T13:50:18.340+0000][info][gc,heap     ] GC(244) Archive regions: 2->2
[2024-08-27T13:50:18.341+0000][info][gc,heap     ] GC(244) Humongous regions: 5->5
[2024-08-27T13:50:18.341+0000][info][gc,metaspace] GC(244) Metaspace: 100K(320K)->100K(320K) NonClass: 96K(192K)->96K(192K) Class: 4K(128K)->4K(128K)
[2024-08-27T13:50:18.341+0000][info][gc          ] GC(244) Pause Young (Mixed) (G1 Evacuation Pause) 1318M->1161M(2048M) 21.833ms
[2024-08-27T13:50:18.341+0000][info][gc,cpu      ] GC(244) User=0.99s Sys=0.00s Real=0.02s
[2024-08-27T13:50:18.453+0000][info][gc,start    ] GC(245) Pause Young (Normal) (G1 Evacuation Pause)
[2024-08-27T13:50:18.453+0000][info][gc,task     ] GC(245) Using 49 workers of 68 for evacuation
[2024-08-27T13:50:18.494+0000][info][gc,phases   ] GC(245)   Pre Evacuate Collection Set: 0.3ms
[2024-08-27T13:50:18.494+0000][info][gc,phases   ] GC(245)   Merge Heap Roots: 1.0ms
[2024-08-27T13:50:18.494+0000][info][gc,phases   ] GC(245)   Evacuate Collection Set: 38.3ms
[2024-08-27T13:50:18.494+0000][info][gc,phases   ] GC(245)   Post Evacuate Collection Set: 0.7ms
[2024-08-27T13:50:18.494+0000][info][gc,phases   ] GC(245)   Other: 0.3ms
[2024-08-27T13:50:18.494+0000][info][gc,heap     ] GC(245) Eden regions: 218->0(149)
[2024-08-27T13:50:18.494+0000][info][gc,heap     ] GC(245) Survivor regions: 13->29(29)
[2024-08-27T13:50:18.494+0000][info][gc,heap     ] GC(245) Old regions: 1143->1342
[2024-08-27T13:50:18.494+0000][info][gc,heap     ] GC(245) Archive regions: 2->2
[2024-08-27T13:50:18.494+0000][info][gc,heap     ] GC(245) Humongous regions: 5->5
[2024-08-27T13:50:18.494+0000][info][gc,metaspace] GC(245) Metaspace: 100K(320K)->100K(320K) NonClass: 96K(192K)->96K(192K) Class: 4K(128K)->4K(128K)
[2024-08-27T13:50:18.494+0000][info][gc          ] GC(245) Pause Young (Normal) (G1 Evacuation Pause) 1379M->1376M(2048M) 40.789ms
[2024-08-27T13:50:18.494+0000][info][gc,cpu      ] GC(245) User=1.89s Sys=0.02s Real=0.04s
[2024-08-27T13:50:18.570+0000][info][gc,start    ] GC(246) Pause Young (Normal) (G1 Evacuation Pause)
[2024-08-27T13:50:18.570+0000][info][gc,task     ] GC(246) Using 49 workers of 68 for evacuation
[2024-08-27T13:50:18.603+0000][info][gc,phases   ] GC(246)   Pre Evacuate Collection Set: 0.3ms
[2024-08-27T13:50:18.604+0000][info][gc,phases   ] GC(246)   Merge Heap Roots: 0.6ms
[2024-08-27T13:50:18.604+0000][info][gc,phases   ] GC(246)   Evacuate Collection Set: 31.3ms
[2024-08-27T13:50:18.604+0000][info][gc,phases   ] GC(246)   Post Evacuate Collection Set: 0.6ms
[2024-08-27T13:50:18.604+0000][info][gc,phases   ] GC(246)   Other: 0.3ms
[2024-08-27T13:50:18.604+0000][info][gc,heap     ] GC(246) Eden regions: 149->0(98)
[2024-08-27T13:50:18.604+0000][info][gc,heap     ] GC(246) Survivor regions: 29->23(23)
[2024-08-27T13:50:18.604+0000][info][gc,heap     ] GC(246) Old regions: 1342->1503
[2024-08-27T13:50:18.604+0000][info][gc,heap     ] GC(246) Archive regions: 2->2
[2024-08-27T13:50:18.604+0000][info][gc,heap     ] GC(246) Humongous regions: 5->5
[2024-08-27T13:50:18.604+0000][info][gc,metaspace] GC(246) Metaspace: 100K(320K)->100K(320K) NonClass: 96K(192K)->96K(192K) Class: 4K(128K)->4K(128K)
[2024-08-27T13:50:18.604+0000][info][gc          ] GC(246) Pause Young (Normal) (G1 Evacuation Pause) 1525M->1531M(2048M) 33.370ms
[2024-08-27T13:50:18.604+0000][info][gc,cpu      ] GC(246) User=1.54s Sys=0.00s Real=0.03s
[2024-08-27T13:50:18.655+0000][info][gc,start    ] GC(247) Pause Young (Concurrent Start) (G1 Evacuation Pause)
[2024-08-27T13:50:18.655+0000][info][gc,task     ] GC(247) Using 49 workers of 68 for evacuation
[2024-08-27T13:50:18.685+0000][info][gc,phases   ] GC(247)   Pre Evacuate Collection Set: 0.3ms
[2024-08-27T13:50:18.685+0000][info][gc,phases   ] GC(247)   Merge Heap Roots: 0.9ms
[2024-08-27T13:50:18.685+0000][info][gc,phases   ] GC(247)   Evacuate Collection Set: 27.1ms
[2024-08-27T13:50:18.685+0000][info][gc,phases   ] GC(247)   Post Evacuate Collection Set: 0.6ms
[2024-08-27T13:50:18.685+0000][info][gc,phases   ] GC(247)   Other: 1.1ms
[2024-08-27T13:50:18.685+0000][info][gc,heap     ] GC(247) Eden regions: 98->0(86)
[2024-08-27T13:50:18.685+0000][info][gc,heap     ] GC(247) Survivor regions: 23->16(16)
[2024-08-27T13:50:18.685+0000][info][gc,heap     ] GC(247) Old regions: 1503->1617
[2024-08-27T13:50:18.685+0000][info][gc,heap     ] GC(247) Archive regions: 2->2
[2024-08-27T13:50:18.685+0000][info][gc,heap     ] GC(247) Humongous regions: 5->5
[2024-08-27T13:50:18.685+0000][info][gc,metaspace] GC(247) Metaspace: 100K(320K)->100K(320K) NonClass: 96K(192K)->96K(192K) Class: 4K(128K)->4K(128K)
[2024-08-27T13:50:18.685+0000][info][gc          ] GC(247) Pause Young (Concurrent Start) (G1 Evacuation Pause) 1629M->1638M(2048M) 30.060ms
[2024-08-27T13:50:18.685+0000][info][gc,cpu      ] GC(247) User=1.16s Sys=0.01s Real=0.03s
[2024-08-27T13:50:18.685+0000][info][gc          ] GC(248) Concurrent Mark Cycle
[2024-08-27T13:50:18.685+0000][info][gc,marking  ] GC(248) Concurrent Clear Claimed Marks
[2024-08-27T13:50:18.685+0000][info][gc,marking  ] GC(248) Concurrent Clear Claimed Marks 0.011ms
[2024-08-27T13:50:18.685+0000][info][gc,marking  ] GC(248) Concurrent Scan Root Regions
[2024-08-27T13:50:18.689+0000][info][gc,marking  ] GC(248) Concurrent Scan Root Regions 3.359ms
[2024-08-27T13:50:18.689+0000][info][gc,marking  ] GC(248) Concurrent Mark
[2024-08-27T13:50:18.689+0000][info][gc,marking  ] GC(248) Concurrent Mark From Roots
[2024-08-27T13:50:18.689+0000][info][gc,task     ] GC(248) Using 17 workers of 17 for marking
[2024-08-27T13:50:18.711+0000][info][gc,marking  ] GC(248) Concurrent Mark From Roots 22.392ms
[2024-08-27T13:50:18.711+0000][info][gc,marking  ] GC(248) Concurrent Preclean
[2024-08-27T13:50:18.712+0000][info][gc,marking  ] GC(248) Concurrent Preclean 0.500ms
[2024-08-27T13:50:18.712+0000][info][gc,start    ] GC(248) Pause Remark
[2024-08-27T13:50:18.715+0000][info][gc          ] GC(248) Pause Remark 1671M->1401M(2048M) 3.050ms
[2024-08-27T13:50:18.715+0000][info][gc,cpu      ] GC(248) User=0.03s Sys=0.00s Real=0.00s
[2024-08-27T13:50:18.715+0000][info][gc,marking  ] GC(248) Concurrent Mark 26.524ms
[2024-08-27T13:50:18.715+0000][info][gc,marking  ] GC(248) Concurrent Rebuild Remembered Sets
[2024-08-27T13:50:18.744+0000][info][gc,start    ] GC(249) Pause Young (Normal) (G1 Evacuation Pause)
[2024-08-27T13:50:18.744+0000][info][gc,task     ] GC(249) Using 49 workers of 68 for evacuation
[2024-08-27T13:50:18.767+0000][info][gc,phases   ] GC(249)   Pre Evacuate Collection Set: 0.3ms
[2024-08-27T13:50:18.767+0000][info][gc,phases   ] GC(249)   Merge Heap Roots: 0.5ms
[2024-08-27T13:50:18.767+0000][info][gc,phases   ] GC(249)   Evacuate Collection Set: 21.4ms
[2024-08-27T13:50:18.767+0000][info][gc,phases   ] GC(249)   Post Evacuate Collection Set: 1.0ms
[2024-08-27T13:50:18.767+0000][info][gc,phases   ] GC(249)   Other: 0.3ms
[2024-08-27T13:50:18.767+0000][info][gc,heap     ] GC(249) Eden regions: 86->0(121)
[2024-08-27T13:50:18.767+0000][info][gc,heap     ] GC(249) Survivor regions: 16->13(13)
[2024-08-27T13:50:18.767+0000][info][gc,heap     ] GC(249) Old regions: 1347->1443
[2024-08-27T13:50:18.767+0000][info][gc,heap     ] GC(249) Archive regions: 2->2
[2024-08-27T13:50:18.767+0000][info][gc,heap     ] GC(249) Humongous regions: 5->5
[2024-08-27T13:50:18.767+0000][info][gc,metaspace] GC(249) Metaspace: 100K(320K)->100K(320K) NonClass: 96K(192K)->96K(192K) Class: 4K(128K)->4K(128K)
[2024-08-27T13:50:18.767+0000][info][gc          ] GC(249) Pause Young (Normal) (G1 Evacuation Pause) 1454M->1461M(2048M) 23.658ms
[2024-08-27T13:50:18.767+0000][info][gc,cpu      ] GC(249) User=0.89s Sys=0.19s Real=0.02s
[2024-08-27T13:50:18.784+0000][info][gc,marking  ] GC(248) Concurrent Rebuild Remembered Sets 69.062ms
[2024-08-27T13:50:18.785+0000][info][gc,start    ] GC(248) Pause Cleanup
[2024-08-27T13:50:18.790+0000][info][gc          ] GC(248) Pause Cleanup 1490M->1490M(2048M) 5.035ms
[2024-08-27T13:50:18.790+0000][info][gc,cpu      ] GC(248) User=0.02s Sys=0.00s Real=0.01s
[2024-08-27T13:50:18.790+0000][info][gc,marking  ] GC(248) Concurrent Cleanup for Next Mark
[2024-08-27T13:50:18.791+0000][info][gc,marking  ] GC(248) Concurrent Cleanup for Next Mark 1.391ms
[2024-08-27T13:50:18.791+0000][info][gc          ] GC(248) Concurrent Mark Cycle 106.085ms
[2024-08-27T13:50:18.840+0000][info][gc,start    ] GC(250) Pause Young (Prepare Mixed) (G1 Evacuation Pause)
[2024-08-27T13:50:18.840+0000][info][gc,task     ] GC(250) Using 49 workers of 68 for evacuation
[2024-08-27T13:50:18.869+0000][info][gc,phases   ] GC(250)   Pre Evacuate Collection Set: 0.3ms
[2024-08-27T13:50:18.869+0000][info][gc,phases   ] GC(250)   Merge Heap Roots: 1.3ms
[2024-08-27T13:50:18.869+0000][info][gc,phases   ] GC(250)   Evacuate Collection Set: 26.9ms
[2024-08-27T13:50:18.869+0000][info][gc,phases   ] GC(250)   Post Evacuate Collection Set: 0.6ms
[2024-08-27T13:50:18.870+0000][info][gc,phases   ] GC(250)   Other: 0.4ms
[2024-08-27T13:50:18.870+0000][info][gc,heap     ] GC(250) Eden regions: 121->0(85)
[2024-08-27T13:50:18.870+0000][info][gc,heap     ] GC(250) Survivor regions: 13->17(17)
[2024-08-27T13:50:18.870+0000][info][gc,heap     ] GC(250) Old regions: 1443->1562
[2024-08-27T13:50:18.870+0000][info][gc,heap     ] GC(250) Archive regions: 2->2
[2024-08-27T13:50:18.870+0000][info][gc,heap     ] GC(250) Humongous regions: 5->5
[2024-08-27T13:50:18.870+0000][info][gc,metaspace] GC(250) Metaspace: 100K(320K)->100K(320K) NonClass: 96K(192K)->96K(192K) Class: 4K(128K)->4K(128K)
[2024-08-27T13:50:18.870+0000][info][gc          ] GC(250) Pause Young (Prepare Mixed) (G1 Evacuation Pause) 1582M->1584M(2048M) 29.687ms
[2024-08-27T13:50:18.870+0000][info][gc,cpu      ] GC(250) User=1.36s Sys=0.00s Real=0.03s
[2024-08-27T13:50:18.914+0000][info][gc,start    ] GC(251) Pause Young (Mixed) (G1 Evacuation Pause)
[2024-08-27T13:50:18.914+0000][info][gc,task     ] GC(251) Using 49 workers of 68 for evacuation
[2024-08-27T13:50:18.939+0000][info][gc,phases   ] GC(251)   Pre Evacuate Collection Set: 0.4ms
[2024-08-27T13:50:18.939+0000][info][gc,phases   ] GC(251)   Merge Heap Roots: 0.8ms
[2024-08-27T13:50:18.939+0000][info][gc,phases   ] GC(251)   Evacuate Collection Set: 22.7ms
[2024-08-27T13:50:18.939+0000][info][gc,phases   ] GC(251)   Post Evacuate Collection Set: 0.7ms
[2024-08-27T13:50:18.939+0000][info][gc,phases   ] GC(251)   Other: 0.3ms
[2024-08-27T13:50:18.939+0000][info][gc,heap     ] GC(251) Eden regions: 85->0(89)
[2024-08-27T13:50:18.939+0000][info][gc,heap     ] GC(251) Survivor regions: 17->13(13)
[2024-08-27T13:50:18.939+0000][info][gc,heap     ] GC(251) Old regions: 1562->1452
[2024-08-27T13:50:18.939+0000][info][gc,heap     ] GC(251) Archive regions: 2->2
[2024-08-27T13:50:18.939+0000][info][gc,heap     ] GC(251) Humongous regions: 5->5
[2024-08-27T13:50:18.939+0000][info][gc,metaspace] GC(251) Metaspace: 100K(320K)->100K(320K) NonClass: 96K(192K)->96K(192K) Class: 4K(128K)->4K(128K)
[2024-08-27T13:50:18.939+0000][info][gc          ] GC(251) Pause Young (Mixed) (G1 Evacuation Pause) 1669M->1470M(2048M) 25.069ms
[2024-08-27T13:50:18.939+0000][info][gc,cpu      ] GC(251) User=0.95s Sys=0.03s Real=0.03s
[2024-08-27T13:50:18.990+0000][info][gc,start    ] GC(252) Pause Young (Mixed) (G1 Evacuation Pause)
[2024-08-27T13:50:18.990+0000][info][gc,task     ] GC(252) Using 49 workers of 68 for evacuation
[2024-08-27T13:50:19.013+0000][info][gc,phases   ] GC(252)   Pre Evacuate Collection Set: 0.4ms
[2024-08-27T13:50:19.013+0000][info][gc,phases   ] GC(252)   Merge Heap Roots: 0.9ms
[2024-08-27T13:50:19.013+0000][info][gc,phases   ] GC(252)   Evacuate Collection Set: 20.5ms
[2024-08-27T13:50:19.013+0000][info][gc,phases   ] GC(252)   Post Evacuate Collection Set: 0.7ms
[2024-08-27T13:50:19.013+0000][info][gc,phases   ] GC(252)   Other: 0.3ms
[2024-08-27T13:50:19.013+0000][info][gc,heap     ] GC(252) Eden regions: 89->0(89)
[2024-08-27T13:50:19.013+0000][info][gc,heap     ] GC(252) Survivor regions: 13->13(13)
[2024-08-27T13:50:19.013+0000][info][gc,heap     ] GC(252) Old regions: 1452->1342
[2024-08-27T13:50:19.013+0000][info][gc,heap     ] GC(252) Archive regions: 2->2
[2024-08-27T13:50:19.013+0000][info][gc,heap     ] GC(252) Humongous regions: 5->5
[2024-08-27T13:50:19.013+0000][info][gc,metaspace] GC(252) Metaspace: 100K(320K)->100K(320K) NonClass: 96K(192K)->96K(192K) Class: 4K(128K)->4K(128K)
[2024-08-27T13:50:19.013+0000][info][gc          ] GC(252) Pause Young (Mixed) (G1 Evacuation Pause) 1559M->1360M(2048M) 22.879ms
[2024-08-27T13:50:19.013+0000][info][gc,cpu      ] GC(252) User=0.89s Sys=0.15s Real=0.02s
[2024-08-27T13:50:19.063+0000][info][gc,start    ] GC(253) Pause Young (Mixed) (G1 Evacuation Pause)
[2024-08-27T13:50:19.063+0000][info][gc,task     ] GC(253) Using 49 workers of 68 for evacuation
[2024-08-27T13:50:19.087+0000][info][gc,phases   ] GC(253)   Pre Evacuate Collection Set: 0.4ms
[2024-08-27T13:50:19.087+0000][info][gc,phases   ] GC(253)   Merge Heap Roots: 0.9ms
[2024-08-27T13:50:19.087+0000][info][gc,phases   ] GC(253)   Evacuate Collection Set: 21.2ms
[2024-08-27T13:50:19.087+0000][info][gc,phases   ] GC(253)   Post Evacuate Collection Set: 0.8ms
[2024-08-27T13:50:19.087+0000][info][gc,phases   ] GC(253)   Other: 0.3ms
[2024-08-27T13:50:19.087+0000][info][gc,heap     ] GC(253) Eden regions: 89->0(89)
[2024-08-27T13:50:19.087+0000][info][gc,heap     ] GC(253) Survivor regions: 13->13(13)
[2024-08-27T13:50:19.087+0000][info][gc,heap     ] GC(253) Old regions: 1342->1231
[2024-08-27T13:50:19.087+0000][info][gc,heap     ] GC(253) Archive regions: 2->2
[2024-08-27T13:50:19.087+0000][info][gc,heap     ] GC(253) Humongous regions: 5->5
[2024-08-27T13:50:19.087+0000][info][gc,metaspace] GC(253) Metaspace: 100K(320K)->100K(320K) NonClass: 96K(192K)->96K(192K) Class: 4K(128K)->4K(128K)
[2024-08-27T13:50:19.087+0000][info][gc          ] GC(253) Pause Young (Mixed) (G1 Evacuation Pause) 1449M->1249M(2048M) 23.799ms
[2024-08-27T13:50:19.087+0000][info][gc,cpu      ] GC(253) User=0.92s Sys=0.16s Real=0.02s
[2024-08-27T13:50:19.138+0000][info][gc,start    ] GC(254) Pause Young (Mixed) (G1 Evacuation Pause)
[2024-08-27T13:50:19.138+0000][info][gc,task     ] GC(254) Using 49 workers of 68 for evacuation
[2024-08-27T13:50:19.161+0000][info][gc,phases   ] GC(254)   Pre Evacuate Collection Set: 0.4ms
[2024-08-27T13:50:19.161+0000][info][gc,phases   ] GC(254)   Merge Heap Roots: 1.1ms
[2024-08-27T13:50:19.161+0000][info][gc,phases   ] GC(254)   Evacuate Collection Set: 19.9ms
[2024-08-27T13:50:19.161+0000][info][gc,phases   ] GC(254)   Post Evacuate Collection Set: 0.7ms
[2024-08-27T13:50:19.161+0000][info][gc,phases   ] GC(254)   Other: 0.3ms
[2024-08-27T13:50:19.161+0000][info][gc,heap     ] GC(254) Eden regions: 89->0(221)
[2024-08-27T13:50:19.161+0000][info][gc,heap     ] GC(254) Survivor regions: 13->13(13)
[2024-08-27T13:50:19.161+0000][info][gc,heap     ] GC(254) Old regions: 1231->1136
[2024-08-27T13:50:19.161+0000][info][gc,heap     ] GC(254) Archive regions: 2->2
[2024-08-27T13:50:19.161+0000][info][gc,heap     ] GC(254) Humongous regions: 5->5
[2024-08-27T13:50:19.161+0000][info][gc,metaspace] GC(254) Metaspace: 100K(320K)->100K(320K) NonClass: 96K(192K)->96K(192K) Class: 4K(128K)->4K(128K)
[2024-08-27T13:50:19.161+0000][info][gc          ] GC(254) Pause Young (Mixed) (G1 Evacuation Pause) 1338M->1154M(2048M) 22.536ms
[2024-08-27T13:50:19.161+0000][info][gc,cpu      ] GC(254) User=0.95s Sys=0.07s Real=0.02s
[2024-08-27T13:50:19.277+0000][info][gc,start    ] GC(255) Pause Young (Normal) (G1 Evacuation Pause)
[2024-08-27T13:50:19.277+0000][info][gc,task     ] GC(255) Using 49 workers of 68 for evacuation
[2024-08-27T13:50:19.321+0000][info][gc,phases   ] GC(255)   Pre Evacuate Collection Set: 0.3ms
[2024-08-27T13:50:19.321+0000][info][gc,phases   ] GC(255)   Merge Heap Roots: 1.1ms
[2024-08-27T13:50:19.321+0000][info][gc,phases   ] GC(255)   Evacuate Collection Set: 41.1ms
[2024-08-27T13:50:19.321+0000][info][gc,phases   ] GC(255)   Post Evacuate Collection Set: 0.7ms
[2024-08-27T13:50:19.321+0000][info][gc,phases   ] GC(255)   Other: 0.3ms
[2024-08-27T13:50:19.321+0000][info][gc,heap     ] GC(255) Eden regions: 221->0(151)
[2024-08-27T13:50:19.321+0000][info][gc,heap     ] GC(255) Survivor regions: 13->30(30)
[2024-08-27T13:50:19.321+0000][info][gc,heap     ] GC(255) Old regions: 1136->1335
[2024-08-27T13:50:19.321+0000][info][gc,heap     ] GC(255) Archive regions: 2->2
[2024-08-27T13:50:19.321+0000][info][gc,heap     ] GC(255) Humongous regions: 5->5
[2024-08-27T13:50:19.321+0000][info][gc,metaspace] GC(255) Metaspace: 100K(320K)->100K(320K) NonClass: 96K(192K)->96K(192K) Class: 4K(128K)->4K(128K)
[2024-08-27T13:50:19.321+0000][info][gc          ] GC(255) Pause Young (Normal) (G1 Evacuation Pause) 1375M->1370M(2048M) 43.600ms
[2024-08-27T13:50:19.321+0000][info][gc,cpu      ] GC(255) User=1.57s Sys=0.47s Real=0.05s
[2024-08-27T13:50:19.399+0000][info][gc,start    ] GC(256) Pause Young (Normal) (G1 Evacuation Pause)
[2024-08-27T13:50:19.399+0000][info][gc,task     ] GC(256) Using 49 workers of 68 for evacuation
[2024-08-27T13:50:19.433+0000][info][gc,phases   ] GC(256)   Pre Evacuate Collection Set: 0.3ms
[2024-08-27T13:50:19.433+0000][info][gc,phases   ] GC(256)   Merge Heap Roots: 0.7ms
[2024-08-27T13:50:19.433+0000][info][gc,phases   ] GC(256)   Evacuate Collection Set: 32.0ms
[2024-08-27T13:50:19.433+0000][info][gc,phases   ] GC(256)   Post Evacuate Collection Set: 0.7ms
[2024-08-27T13:50:19.433+0000][info][gc,phases   ] GC(256)   Other: 0.3ms
[2024-08-27T13:50:19.433+0000][info][gc,heap     ] GC(256) Eden regions: 151->0(100)
[2024-08-27T13:50:19.433+0000][info][gc,heap     ] GC(256) Survivor regions: 30->23(23)
[2024-08-27T13:50:19.433+0000][info][gc,heap     ] GC(256) Old regions: 1335->1497
[2024-08-27T13:50:19.433+0000][info][gc,heap     ] GC(256) Archive regions: 2->2
[2024-08-27T13:50:19.433+0000][info][gc,heap     ] GC(256) Humongous regions: 5->5
[2024-08-27T13:50:19.433+0000][info][gc,metaspace] GC(256) Metaspace: 100K(320K)->100K(320K) NonClass: 96K(192K)->96K(192K) Class: 4K(128K)->4K(128K)
[2024-08-27T13:50:19.433+0000][info][gc          ] GC(256) Pause Young (Normal) (G1 Evacuation Pause) 1521M->1525M(2048M) 34.049ms
[2024-08-27T13:50:19.433+0000][info][gc,cpu      ] GC(256) User=1.59s Sys=0.01s Real=0.03s
[2024-08-27T13:50:19.486+0000][info][gc,start    ] GC(257) Pause Young (Concurrent Start) (G1 Evacuation Pause)
[2024-08-27T13:50:19.486+0000][info][gc,task     ] GC(257) Using 49 workers of 68 for evacuation
[2024-08-27T13:50:19.513+0000][info][gc,phases   ] GC(257)   Pre Evacuate Collection Set: 0.3ms
[2024-08-27T13:50:19.514+0000][info][gc,phases   ] GC(257)   Merge Heap Roots: 0.9ms
[2024-08-27T13:50:19.514+0000][info][gc,phases   ] GC(257)   Evacuate Collection Set: 25.0ms
[2024-08-27T13:50:19.514+0000][info][gc,phases   ] GC(257)   Post Evacuate Collection Set: 0.6ms
[2024-08-27T13:50:19.514+0000][info][gc,phases   ] GC(257)   Other: 0.9ms
[2024-08-27T13:50:19.514+0000][info][gc,heap     ] GC(257) Eden regions: 100->0(86)
[2024-08-27T13:50:19.514+0000][info][gc,heap     ] GC(257) Survivor regions: 23->16(16)
[2024-08-27T13:50:19.514+0000][info][gc,heap     ] GC(257) Old regions: 1497->1612
[2024-08-27T13:50:19.514+0000][info][gc,heap     ] GC(257) Archive regions: 2->2
[2024-08-27T13:50:19.514+0000][info][gc,heap     ] GC(257) Humongous regions: 5->5
[2024-08-27T13:50:19.514+0000][info][gc,metaspace] GC(257) Metaspace: 100K(320K)->100K(320K) NonClass: 96K(192K)->96K(192K) Class: 4K(128K)->4K(128K)
[2024-08-27T13:50:19.514+0000][info][gc          ] GC(257) Pause Young (Concurrent Start) (G1 Evacuation Pause) 1625M->1633M(2048M) 27.743ms
[2024-08-27T13:50:19.514+0000][info][gc,cpu      ] GC(257) User=1.19s Sys=0.04s Real=0.03s
[2024-08-27T13:50:19.514+0000][info][gc          ] GC(258) Concurrent Mark Cycle
[2024-08-27T13:50:19.514+0000][info][gc,marking  ] GC(258) Concurrent Clear Claimed Marks
[2024-08-27T13:50:19.514+0000][info][gc,marking  ] GC(258) Concurrent Clear Claimed Marks 0.012ms
[2024-08-27T13:50:19.514+0000][info][gc,marking  ] GC(258) Concurrent Scan Root Regions
[2024-08-27T13:50:19.517+0000][info][gc,marking  ] GC(258) Concurrent Scan Root Regions 3.377ms
[2024-08-27T13:50:19.517+0000][info][gc,marking  ] GC(258) Concurrent Mark
[2024-08-27T13:50:19.517+0000][info][gc,marking  ] GC(258) Concurrent Mark From Roots
[2024-08-27T13:50:19.517+0000][info][gc,task     ] GC(258) Using 17 workers of 17 for marking
[2024-08-27T13:50:19.540+0000][info][gc,marking  ] GC(258) Concurrent Mark From Roots 22.605ms
[2024-08-27T13:50:19.540+0000][info][gc,marking  ] GC(258) Concurrent Preclean
[2024-08-27T13:50:19.540+0000][info][gc,marking  ] GC(258) Concurrent Preclean 0.501ms
[2024-08-27T13:50:19.541+0000][info][gc,start    ] GC(258) Pause Remark
[2024-08-27T13:50:19.544+0000][info][gc          ] GC(258) Pause Remark 1664M->1393M(2048M) 3.344ms
[2024-08-27T13:50:19.544+0000][info][gc,cpu      ] GC(258) User=0.01s Sys=0.01s Real=0.00s
[2024-08-27T13:50:19.544+0000][info][gc,marking  ] GC(258) Concurrent Mark 27.049ms
[2024-08-27T13:50:19.544+0000][info][gc,marking  ] GC(258) Concurrent Rebuild Remembered Sets
[2024-08-27T13:50:19.574+0000][info][gc,start    ] GC(259) Pause Young (Normal) (G1 Evacuation Pause)
[2024-08-27T13:50:19.574+0000][info][gc,task     ] GC(259) Using 49 workers of 68 for evacuation
[2024-08-27T13:50:19.596+0000][info][gc,phases   ] GC(259)   Pre Evacuate Collection Set: 0.3ms
[2024-08-27T13:50:19.596+0000][info][gc,phases   ] GC(259)   Merge Heap Roots: 0.5ms
[2024-08-27T13:50:19.596+0000][info][gc,phases   ] GC(259)   Evacuate Collection Set: 20.2ms
[2024-08-27T13:50:19.596+0000][info][gc,phases   ] GC(259)   Post Evacuate Collection Set: 1.0ms
[2024-08-27T13:50:19.596+0000][info][gc,phases   ] GC(259)   Other: 0.3ms
[2024-08-27T13:50:19.596+0000][info][gc,heap     ] GC(259) Eden regions: 86->0(123)
[2024-08-27T13:50:19.596+0000][info][gc,heap     ] GC(259) Survivor regions: 16->13(13)
[2024-08-27T13:50:19.596+0000][info][gc,heap     ] GC(259) Old regions: 1341->1437
[2024-08-27T13:50:19.596+0000][info][gc,heap     ] GC(259) Archive regions: 2->2
[2024-08-27T13:50:19.596+0000][info][gc,heap     ] GC(259) Humongous regions: 5->5
[2024-08-27T13:50:19.596+0000][info][gc,metaspace] GC(259) Metaspace: 100K(320K)->100K(320K) NonClass: 96K(192K)->96K(192K) Class: 4K(128K)->4K(128K)
[2024-08-27T13:50:19.596+0000][info][gc          ] GC(259) Pause Young (Normal) (G1 Evacuation Pause) 1448M->1455M(2048M) 22.556ms
[2024-08-27T13:50:19.596+0000][info][gc,cpu      ] GC(259) User=0.99s Sys=0.04s Real=0.02s
[2024-08-27T13:50:19.614+0000][info][gc,marking  ] GC(258) Concurrent Rebuild Remembered Sets 69.169ms
[2024-08-27T13:50:19.614+0000][info][gc,start    ] GC(258) Pause Cleanup
[2024-08-27T13:50:19.619+0000][info][gc          ] GC(258) Pause Cleanup 1485M->1485M(2048M) 4.795ms
[2024-08-27T13:50:19.619+0000][info][gc,cpu      ] GC(258) User=0.02s Sys=0.00s Real=0.01s
[2024-08-27T13:50:19.619+0000][info][gc,marking  ] GC(258) Concurrent Cleanup for Next Mark
[2024-08-27T13:50:19.621+0000][info][gc,marking  ] GC(258) Concurrent Cleanup for Next Mark 1.428ms
[2024-08-27T13:50:19.621+0000][info][gc          ] GC(258) Concurrent Mark Cycle 106.747ms
[2024-08-27T13:50:19.669+0000][info][gc,start    ] GC(260) Pause Young (Prepare Mixed) (G1 Evacuation Pause)
[2024-08-27T13:50:19.669+0000][info][gc,task     ] GC(260) Using 49 workers of 68 for evacuation
[2024-08-27T13:50:19.700+0000][info][gc,phases   ] GC(260)   Pre Evacuate Collection Set: 0.3ms
[2024-08-27T13:50:19.700+0000][info][gc,phases   ] GC(260)   Merge Heap Roots: 1.2ms
[2024-08-27T13:50:19.700+0000][info][gc,phases   ] GC(260)   Evacuate Collection Set: 28.0ms
[2024-08-27T13:50:19.700+0000][info][gc,phases   ] GC(260)   Post Evacuate Collection Set: 0.6ms
[2024-08-27T13:50:19.700+0000][info][gc,phases   ] GC(260)   Other: 0.4ms
[2024-08-27T13:50:19.700+0000][info][gc,heap     ] GC(260) Eden regions: 123->0(85)
[2024-08-27T13:50:19.700+0000][info][gc,heap     ] GC(260) Survivor regions: 13->17(17)
[2024-08-27T13:50:19.700+0000][info][gc,heap     ] GC(260) Old regions: 1437->1559
[2024-08-27T13:50:19.700+0000][info][gc,heap     ] GC(260) Archive regions: 2->2
[2024-08-27T13:50:19.700+0000][info][gc,heap     ] GC(260) Humongous regions: 5->5
[2024-08-27T13:50:19.700+0000][info][gc,metaspace] GC(260) Metaspace: 100K(320K)->100K(320K) NonClass: 96K(192K)->96K(192K) Class: 4K(128K)->4K(128K)
[2024-08-27T13:50:19.700+0000][info][gc          ] GC(260) Pause Young (Prepare Mixed) (G1 Evacuation Pause) 1578M->1581M(2048M) 30.657ms
[2024-08-27T13:50:19.700+0000][info][gc,cpu      ] GC(260) User=1.24s Sys=0.18s Real=0.04s
[2024-08-27T13:50:19.744+0000][info][gc,start    ] GC(261) Pause Young (Mixed) (G1 Evacuation Pause)
[2024-08-27T13:50:19.744+0000][info][gc,task     ] GC(261) Using 49 workers of 68 for evacuation
[2024-08-27T13:50:19.765+0000][info][gc,phases   ] GC(261)   Pre Evacuate Collection Set: 0.4ms
[2024-08-27T13:50:19.765+0000][info][gc,phases   ] GC(261)   Merge Heap Roots: 0.9ms
[2024-08-27T13:50:19.765+0000][info][gc,phases   ] GC(261)   Evacuate Collection Set: 18.7ms
[2024-08-27T13:50:19.765+0000][info][gc,phases   ] GC(261)   Post Evacuate Collection Set: 0.7ms
[2024-08-27T13:50:19.765+0000][info][gc,phases   ] GC(261)   Other: 0.4ms
[2024-08-27T13:50:19.765+0000][info][gc,heap     ] GC(261) Eden regions: 85->0(89)
[2024-08-27T13:50:19.765+0000][info][gc,heap     ] GC(261) Survivor regions: 17->13(13)
[2024-08-27T13:50:19.765+0000][info][gc,heap     ] GC(261) Old regions: 1559->1450
[2024-08-27T13:50:19.765+0000][info][gc,heap     ] GC(261) Archive regions: 2->2
[2024-08-27T13:50:19.765+0000][info][gc,heap     ] GC(261) Humongous regions: 5->5
[2024-08-27T13:50:19.765+0000][info][gc,metaspace] GC(261) Metaspace: 100K(320K)->100K(320K) NonClass: 96K(192K)->96K(192K) Class: 4K(128K)->4K(128K)
[2024-08-27T13:50:19.765+0000][info][gc          ] GC(261) Pause Young (Mixed) (G1 Evacuation Pause) 1666M->1468M(2048M) 21.212ms
[2024-08-27T13:50:19.766+0000][info][gc,cpu      ] GC(261) User=0.95s Sys=0.00s Real=0.02s
[2024-08-27T13:50:19.813+0000][info][gc,start    ] GC(262) Pause Young (Mixed) (G1 Evacuation Pause)
[2024-08-27T13:50:19.813+0000][info][gc,task     ] GC(262) Using 49 workers of 68 for evacuation
[2024-08-27T13:50:19.835+0000][info][gc,phases   ] GC(262)   Pre Evacuate Collection Set: 0.5ms
[2024-08-27T13:50:19.835+0000][info][gc,phases   ] GC(262)   Merge Heap Roots: 0.8ms
[2024-08-27T13:50:19.835+0000][info][gc,phases   ] GC(262)   Evacuate Collection Set: 19.9ms
[2024-08-27T13:50:19.835+0000][info][gc,phases   ] GC(262)   Post Evacuate Collection Set: 0.7ms
[2024-08-27T13:50:19.836+0000][info][gc,phases   ] GC(262)   Other: 0.4ms
[2024-08-27T13:50:19.836+0000][info][gc,heap     ] GC(262) Eden regions: 89->0(89)
[2024-08-27T13:50:19.836+0000][info][gc,heap     ] GC(262) Survivor regions: 13->13(13)
[2024-08-27T13:50:19.836+0000][info][gc,heap     ] GC(262) Old regions: 1450->1339
[2024-08-27T13:50:19.836+0000][info][gc,heap     ] GC(262) Archive regions: 2->2
[2024-08-27T13:50:19.836+0000][info][gc,heap     ] GC(262) Humongous regions: 5->5
[2024-08-27T13:50:19.836+0000][info][gc,metaspace] GC(262) Metaspace: 100K(320K)->100K(320K) NonClass: 96K(192K)->96K(192K) Class: 4K(128K)->4K(128K)
[2024-08-27T13:50:19.836+0000][info][gc          ] GC(262) Pause Young (Mixed) (G1 Evacuation Pause) 1557M->1357M(2048M) 22.386ms
[2024-08-27T13:50:19.836+0000][info][gc,cpu      ] GC(262) User=0.96s Sys=0.05s Real=0.02s
[2024-08-27T13:50:19.883+0000][info][gc,start    ] GC(263) Pause Young (Mixed) (G1 Evacuation Pause)
[2024-08-27T13:50:19.883+0000][info][gc,task     ] GC(263) Using 49 workers of 68 for evacuation
[2024-08-27T13:50:19.904+0000][info][gc,phases   ] GC(263)   Pre Evacuate Collection Set: 0.4ms
[2024-08-27T13:50:19.904+0000][info][gc,phases   ] GC(263)   Merge Heap Roots: 0.9ms
[2024-08-27T13:50:19.904+0000][info][gc,phases   ] GC(263)   Evacuate Collection Set: 19.5ms
[2024-08-27T13:50:19.905+0000][info][gc,phases   ] GC(263)   Post Evacuate Collection Set: 0.7ms
[2024-08-27T13:50:19.905+0000][info][gc,phases   ] GC(263)   Other: 0.3ms
[2024-08-27T13:50:19.905+0000][info][gc,heap     ] GC(263) Eden regions: 89->0(89)
[2024-08-27T13:50:19.905+0000][info][gc,heap     ] GC(263) Survivor regions: 13->13(13)
[2024-08-27T13:50:19.905+0000][info][gc,heap     ] GC(263) Old regions: 1339->1227
[2024-08-27T13:50:19.905+0000][info][gc,heap     ] GC(263) Archive regions: 2->2
[2024-08-27T13:50:19.905+0000][info][gc,heap     ] GC(263) Humongous regions: 5->5
[2024-08-27T13:50:19.905+0000][info][gc,metaspace] GC(263) Metaspace: 100K(320K)->100K(320K) NonClass: 96K(192K)->96K(192K) Class: 4K(128K)->4K(128K)
[2024-08-27T13:50:19.905+0000][info][gc          ] GC(263) Pause Young (Mixed) (G1 Evacuation Pause) 1446M->1245M(2048M) 21.897ms
[2024-08-27T13:50:19.905+0000][info][gc,cpu      ] GC(263) User=0.98s Sys=0.01s Real=0.02s
[2024-08-27T13:50:19.952+0000][info][gc,start    ] GC(264) Pause Young (Mixed) (G1 Evacuation Pause)
[2024-08-27T13:50:19.952+0000][info][gc,task     ] GC(264) Using 49 workers of 68 for evacuation
[2024-08-27T13:50:19.974+0000][info][gc,phases   ] GC(264)   Pre Evacuate Collection Set: 0.4ms
[2024-08-27T13:50:19.974+0000][info][gc,phases   ] GC(264)   Merge Heap Roots: 1.0ms
[2024-08-27T13:50:19.974+0000][info][gc,phases   ] GC(264)   Evacuate Collection Set: 19.4ms
[2024-08-27T13:50:19.974+0000][info][gc,phases   ] GC(264)   Post Evacuate Collection Set: 0.8ms
[2024-08-27T13:50:19.974+0000][info][gc,phases   ] GC(264)   Other: 0.3ms
[2024-08-27T13:50:19.974+0000][info][gc,heap     ] GC(264) Eden regions: 89->0(219)
[2024-08-27T13:50:19.974+0000][info][gc,heap     ] GC(264) Survivor regions: 13->13(13)
[2024-08-27T13:50:19.974+0000][info][gc,heap     ] GC(264) Old regions: 1227->1139
[2024-08-27T13:50:19.974+0000][info][gc,heap     ] GC(264) Archive regions: 2->2
[2024-08-27T13:50:19.974+0000][info][gc,heap     ] GC(264) Humongous regions: 5->5
[2024-08-27T13:50:19.974+0000][info][gc,metaspace] GC(264) Metaspace: 100K(320K)->100K(320K) NonClass: 96K(192K)->96K(192K) Class: 4K(128K)->4K(128K)
[2024-08-27T13:50:19.974+0000][info][gc          ] GC(264) Pause Young (Mixed) (G1 Evacuation Pause) 1334M->1157M(2048M) 22.045ms
[2024-08-27T13:50:19.974+0000][info][gc,cpu      ] GC(264) User=0.86s Sys=0.14s Real=0.02s
[2024-08-27T13:50:20.086+0000][info][gc,start    ] GC(265) Pause Young (Normal) (G1 Evacuation Pause)
[2024-08-27T13:50:20.087+0000][info][gc,task     ] GC(265) Using 49 workers of 68 for evacuation
[2024-08-27T13:50:20.127+0000][info][gc,phases   ] GC(265)   Pre Evacuate Collection Set: 0.3ms
[2024-08-27T13:50:20.128+0000][info][gc,phases   ] GC(265)   Merge Heap Roots: 1.0ms
[2024-08-27T13:50:20.128+0000][info][gc,phases   ] GC(265)   Evacuate Collection Set: 38.7ms
[2024-08-27T13:50:20.128+0000][info][gc,phases   ] GC(265)   Post Evacuate Collection Set: 0.7ms
[2024-08-27T13:50:20.128+0000][info][gc,phases   ] GC(265)   Other: 0.3ms
[2024-08-27T13:50:20.128+0000][info][gc,heap     ] GC(265) Eden regions: 219->0(149)
[2024-08-27T13:50:20.128+0000][info][gc,heap     ] GC(265) Survivor regions: 13->29(29)
[2024-08-27T13:50:20.128+0000][info][gc,heap     ] GC(265) Old regions: 1139->1340
[2024-08-27T13:50:20.128+0000][info][gc,heap     ] GC(265) Archive regions: 2->2
[2024-08-27T13:50:20.128+0000][info][gc,heap     ] GC(265) Humongous regions: 5->5
[2024-08-27T13:50:20.128+0000][info][gc,metaspace] GC(265) Metaspace: 100K(320K)->100K(320K) NonClass: 96K(192K)->96K(192K) Class: 4K(128K)->4K(128K)
[2024-08-27T13:50:20.128+0000][info][gc          ] GC(265) Pause Young (Normal) (G1 Evacuation Pause) 1376M->1374M(2048M) 41.188ms
[2024-08-27T13:50:20.128+0000][info][gc,cpu      ] GC(265) User=1.89s Sys=0.03s Real=0.04s
[2024-08-27T13:50:20.204+0000][info][gc,start    ] GC(266) Pause Young (Normal) (G1 Evacuation Pause)
[2024-08-27T13:50:20.204+0000][info][gc,task     ] GC(266) Using 49 workers of 68 for evacuation
[2024-08-27T13:50:20.237+0000][info][gc,phases   ] GC(266)   Pre Evacuate Collection Set: 0.3ms
[2024-08-27T13:50:20.237+0000][info][gc,phases   ] GC(266)   Merge Heap Roots: 0.6ms
[2024-08-27T13:50:20.237+0000][info][gc,phases   ] GC(266)   Evacuate Collection Set: 30.9ms
[2024-08-27T13:50:20.237+0000][info][gc,phases   ] GC(266)   Post Evacuate Collection Set: 0.6ms
[2024-08-27T13:50:20.237+0000][info][gc,phases   ] GC(266)   Other: 0.2ms
[2024-08-27T13:50:20.237+0000][info][gc,heap     ] GC(266) Eden regions: 149->0(99)
[2024-08-27T13:50:20.237+0000][info][gc,heap     ] GC(266) Survivor regions: 29->23(23)
[2024-08-27T13:50:20.237+0000][info][gc,heap     ] GC(266) Old regions: 1340->1501
[2024-08-27T13:50:20.237+0000][info][gc,heap     ] GC(266) Archive regions: 2->2
[2024-08-27T13:50:20.237+0000][info][gc,heap     ] GC(266) Humongous regions: 5->5
[2024-08-27T13:50:20.237+0000][info][gc,metaspace] GC(266) Metaspace: 100K(320K)->100K(320K) NonClass: 96K(192K)->96K(192K) Class: 4K(128K)->4K(128K)
[2024-08-27T13:50:20.237+0000][info][gc          ] GC(266) Pause Young (Normal) (G1 Evacuation Pause) 1523M->1529M(2048M) 32.714ms
[2024-08-27T13:50:20.237+0000][info][gc,cpu      ] GC(266) User=1.53s Sys=0.00s Real=0.03s
[2024-08-27T13:50:20.289+0000][info][gc,start    ] GC(267) Pause Young (Concurrent Start) (G1 Evacuation Pause)
[2024-08-27T13:50:20.289+0000][info][gc,task     ] GC(267) Using 49 workers of 68 for evacuation
[2024-08-27T13:50:20.315+0000][info][gc,phases   ] GC(267)   Pre Evacuate Collection Set: 0.3ms
[2024-08-27T13:50:20.315+0000][info][gc,phases   ] GC(267)   Merge Heap Roots: 0.9ms
[2024-08-27T13:50:20.315+0000][info][gc,phases   ] GC(267)   Evacuate Collection Set: 23.3ms
[2024-08-27T13:50:20.315+0000][info][gc,phases   ] GC(267)   Post Evacuate Collection Set: 0.7ms
[2024-08-27T13:50:20.315+0000][info][gc,phases   ] GC(267)   Other: 1.0ms
[2024-08-27T13:50:20.315+0000][info][gc,heap     ] GC(267) Eden regions: 99->0(86)
[2024-08-27T13:50:20.315+0000][info][gc,heap     ] GC(267) Survivor regions: 23->16(16)
[2024-08-27T13:50:20.315+0000][info][gc,heap     ] GC(267) Old regions: 1501->1616
[2024-08-27T13:50:20.315+0000][info][gc,heap     ] GC(267) Archive regions: 2->2
[2024-08-27T13:50:20.315+0000][info][gc,heap     ] GC(267) Humongous regions: 5->5
[2024-08-27T13:50:20.315+0000][info][gc,metaspace] GC(267) Metaspace: 100K(320K)->100K(320K) NonClass: 96K(192K)->96K(192K) Class: 4K(128K)->4K(128K)
[2024-08-27T13:50:20.315+0000][info][gc          ] GC(267) Pause Young (Concurrent Start) (G1 Evacuation Pause) 1628M->1637M(2048M) 26.415ms
[2024-08-27T13:50:20.315+0000][info][gc,cpu      ] GC(267) User=1.18s Sys=0.00s Real=0.03s
[2024-08-27T13:50:20.315+0000][info][gc          ] GC(268) Concurrent Mark Cycle
[2024-08-27T13:50:20.315+0000][info][gc,marking  ] GC(268) Concurrent Clear Claimed Marks
[2024-08-27T13:50:20.315+0000][info][gc,marking  ] GC(268) Concurrent Clear Claimed Marks 0.011ms
[2024-08-27T13:50:20.315+0000][info][gc,marking  ] GC(268) Concurrent Scan Root Regions
[2024-08-27T13:50:20.319+0000][info][gc,marking  ] GC(268) Concurrent Scan Root Regions 3.444ms
[2024-08-27T13:50:20.319+0000][info][gc,marking  ] GC(268) Concurrent Mark
[2024-08-27T13:50:20.319+0000][info][gc,marking  ] GC(268) Concurrent Mark From Roots
[2024-08-27T13:50:20.319+0000][info][gc,task     ] GC(268) Using 17 workers of 17 for marking
[2024-08-27T13:50:20.340+0000][info][gc,marking  ] GC(268) Concurrent Mark From Roots 21.368ms
[2024-08-27T13:50:20.340+0000][info][gc,marking  ] GC(268) Concurrent Preclean
[2024-08-27T13:50:20.341+0000][info][gc,marking  ] GC(268) Concurrent Preclean 0.498ms
[2024-08-27T13:50:20.341+0000][info][gc,start    ] GC(268) Pause Remark
[2024-08-27T13:50:20.345+0000][info][gc          ] GC(268) Pause Remark 1669M->1384M(2048M) 3.243ms
[2024-08-27T13:50:20.345+0000][info][gc,cpu      ] GC(268) User=0.00s Sys=0.02s Real=0.00s
[2024-08-27T13:50:20.345+0000][info][gc,marking  ] GC(268) Concurrent Mark 25.733ms
[2024-08-27T13:50:20.345+0000][info][gc,marking  ] GC(268) Concurrent Rebuild Remembered Sets
[2024-08-27T13:50:20.374+0000][info][gc,start    ] GC(269) Pause Young (Normal) (G1 Evacuation Pause)
[2024-08-27T13:50:20.374+0000][info][gc,task     ] GC(269) Using 49 workers of 68 for evacuation
[2024-08-27T13:50:20.396+0000][info][gc,phases   ] GC(269)   Pre Evacuate Collection Set: 0.4ms
[2024-08-27T13:50:20.396+0000][info][gc,phases   ] GC(269)   Merge Heap Roots: 0.5ms
[2024-08-27T13:50:20.396+0000][info][gc,phases   ] GC(269)   Evacuate Collection Set: 20.1ms
[2024-08-27T13:50:20.396+0000][info][gc,phases   ] GC(269)   Post Evacuate Collection Set: 1.0ms
[2024-08-27T13:50:20.396+0000][info][gc,phases   ] GC(269)   Other: 0.3ms
[2024-08-27T13:50:20.396+0000][info][gc,heap     ] GC(269) Eden regions: 86->0(126)
[2024-08-27T13:50:20.396+0000][info][gc,heap     ] GC(269) Survivor regions: 16->13(13)
[2024-08-27T13:50:20.396+0000][info][gc,heap     ] GC(269) Old regions: 1331->1426
[2024-08-27T13:50:20.396+0000][info][gc,heap     ] GC(269) Archive regions: 2->2
[2024-08-27T13:50:20.396+0000][info][gc,heap     ] GC(269) Humongous regions: 5->5
[2024-08-27T13:50:20.396+0000][info][gc,metaspace] GC(269) Metaspace: 100K(320K)->100K(320K) NonClass: 96K(192K)->96K(192K) Class: 4K(128K)->4K(128K)
[2024-08-27T13:50:20.396+0000][info][gc          ] GC(269) Pause Young (Normal) (G1 Evacuation Pause) 1438M->1444M(2048M) 22.599ms
[2024-08-27T13:50:20.396+0000][info][gc,cpu      ] GC(269) User=1.01s Sys=0.01s Real=0.02s
[2024-08-27T13:50:20.412+0000][info][gc,marking  ] GC(268) Concurrent Rebuild Remembered Sets 67.184ms
[2024-08-27T13:50:20.412+0000][info][gc,start    ] GC(268) Pause Cleanup
[2024-08-27T13:50:20.418+0000][info][gc          ] GC(268) Pause Cleanup 1470M->1470M(2048M) 5.398ms
[2024-08-27T13:50:20.418+0000][info][gc,cpu      ] GC(268) User=0.02s Sys=0.00s Real=0.01s
[2024-08-27T13:50:20.418+0000][info][gc,marking  ] GC(268) Concurrent Cleanup for Next Mark
[2024-08-27T13:50:20.419+0000][info][gc,marking  ] GC(268) Concurrent Cleanup for Next Mark 1.455ms
[2024-08-27T13:50:20.420+0000][info][gc          ] GC(268) Concurrent Mark Cycle 104.224ms
[2024-08-27T13:50:20.481+0000][info][gc,start    ] GC(270) Pause Young (Prepare Mixed) (G1 Evacuation Pause)
[2024-08-27T13:50:20.481+0000][info][gc,task     ] GC(270) Using 49 workers of 68 for evacuation
[2024-08-27T13:50:20.514+0000][info][gc,phases   ] GC(270)   Pre Evacuate Collection Set: 0.4ms
[2024-08-27T13:50:20.514+0000][info][gc,phases   ] GC(270)   Merge Heap Roots: 1.3ms
[2024-08-27T13:50:20.514+0000][info][gc,phases   ] GC(270)   Evacuate Collection Set: 30.2ms
[2024-08-27T13:50:20.514+0000][info][gc,phases   ] GC(270)   Post Evacuate Collection Set: 0.7ms
[2024-08-27T13:50:20.514+0000][info][gc,phases   ] GC(270)   Other: 0.4ms
[2024-08-27T13:50:20.514+0000][info][gc,heap     ] GC(270) Eden regions: 126->0(84)
[2024-08-27T13:50:20.514+0000][info][gc,heap     ] GC(270) Survivor regions: 13->18(18)
[2024-08-27T13:50:20.514+0000][info][gc,heap     ] GC(270) Old regions: 1426->1550
[2024-08-27T13:50:20.514+0000][info][gc,heap     ] GC(270) Archive regions: 2->2
[2024-08-27T13:50:20.514+0000][info][gc,heap     ] GC(270) Humongous regions: 5->5
[2024-08-27T13:50:20.514+0000][info][gc,metaspace] GC(270) Metaspace: 100K(320K)->100K(320K) NonClass: 96K(192K)->96K(192K) Class: 4K(128K)->4K(128K)
[2024-08-27T13:50:20.514+0000][info][gc          ] GC(270) Pause Young (Prepare Mixed) (G1 Evacuation Pause) 1570M->1573M(2048M) 33.101ms
[2024-08-27T13:50:20.514+0000][info][gc,cpu      ] GC(270) User=1.45s Sys=0.07s Real=0.03s
[2024-08-27T13:50:20.561+0000][info][gc,start    ] GC(271) Pause Young (Mixed) (G1 Evacuation Pause)
[2024-08-27T13:50:20.561+0000][info][gc,task     ] GC(271) Using 49 workers of 68 for evacuation
[2024-08-27T13:50:20.586+0000][info][gc,phases   ] GC(271)   Pre Evacuate Collection Set: 0.5ms
[2024-08-27T13:50:20.586+0000][info][gc,phases   ] GC(271)   Merge Heap Roots: 0.9ms
[2024-08-27T13:50:20.586+0000][info][gc,phases   ] GC(271)   Evacuate Collection Set: 22.9ms
[2024-08-27T13:50:20.586+0000][info][gc,phases   ] GC(271)   Post Evacuate Collection Set: 0.9ms
[2024-08-27T13:50:20.586+0000][info][gc,phases   ] GC(271)   Other: 0.4ms
[2024-08-27T13:50:20.586+0000][info][gc,heap     ] GC(271) Eden regions: 84->0(89)
[2024-08-27T13:50:20.586+0000][info][gc,heap     ] GC(271) Survivor regions: 18->13(13)
[2024-08-27T13:50:20.586+0000][info][gc,heap     ] GC(271) Old regions: 1550->1441
[2024-08-27T13:50:20.586+0000][info][gc,heap     ] GC(271) Archive regions: 2->2
[2024-08-27T13:50:20.586+0000][info][gc,heap     ] GC(271) Humongous regions: 5->5
[2024-08-27T13:50:20.586+0000][info][gc,metaspace] GC(271) Metaspace: 100K(320K)->100K(320K) NonClass: 96K(192K)->96K(192K) Class: 4K(128K)->4K(128K)
[2024-08-27T13:50:20.586+0000][info][gc          ] GC(271) Pause Young (Mixed) (G1 Evacuation Pause) 1657M->1459M(2048M) 25.520ms
[2024-08-27T13:50:20.586+0000][info][gc,cpu      ] GC(271) User=0.86s Sys=0.09s Real=0.02s
[2024-08-27T13:50:20.634+0000][info][gc,start    ] GC(272) Pause Young (Mixed) (G1 Evacuation Pause)
[2024-08-27T13:50:20.634+0000][info][gc,task     ] GC(272) Using 49 workers of 68 for evacuation
[2024-08-27T13:50:20.654+0000][info][gc,phases   ] GC(272)   Pre Evacuate Collection Set: 0.4ms
[2024-08-27T13:50:20.654+0000][info][gc,phases   ] GC(272)   Merge Heap Roots: 0.8ms
[2024-08-27T13:50:20.654+0000][info][gc,phases   ] GC(272)   Evacuate Collection Set: 17.4ms
[2024-08-27T13:50:20.654+0000][info][gc,phases   ] GC(272)   Post Evacuate Collection Set: 0.6ms
[2024-08-27T13:50:20.654+0000][info][gc,phases   ] GC(272)   Other: 0.3ms
[2024-08-27T13:50:20.654+0000][info][gc,heap     ] GC(272) Eden regions: 89->0(89)
[2024-08-27T13:50:20.654+0000][info][gc,heap     ] GC(272) Survivor regions: 13->13(13)
[2024-08-27T13:50:20.654+0000][info][gc,heap     ] GC(272) Old regions: 1441->1330
[2024-08-27T13:50:20.654+0000][info][gc,heap     ] GC(272) Archive regions: 2->2
[2024-08-27T13:50:20.654+0000][info][gc,heap     ] GC(272) Humongous regions: 5->5
[2024-08-27T13:50:20.654+0000][info][gc,metaspace] GC(272) Metaspace: 100K(320K)->100K(320K) NonClass: 96K(192K)->96K(192K) Class: 4K(128K)->4K(128K)
[2024-08-27T13:50:20.654+0000][info][gc          ] GC(272) Pause Young (Mixed) (G1 Evacuation Pause) 1548M->1348M(2048M) 19.447ms
[2024-08-27T13:50:20.654+0000][info][gc,cpu      ] GC(272) User=0.87s Sys=0.02s Real=0.02s
[2024-08-27T13:50:20.698+0000][info][gc,start    ] GC(273) Pause Young (Mixed) (G1 Evacuation Pause)
[2024-08-27T13:50:20.699+0000][info][gc,task     ] GC(273) Using 49 workers of 68 for evacuation
[2024-08-27T13:50:20.718+0000][info][gc,phases   ] GC(273)   Pre Evacuate Collection Set: 0.3ms
[2024-08-27T13:50:20.718+0000][info][gc,phases   ] GC(273)   Merge Heap Roots: 0.8ms
[2024-08-27T13:50:20.718+0000][info][gc,phases   ] GC(273)   Evacuate Collection Set: 17.1ms
[2024-08-27T13:50:20.718+0000][info][gc,phases   ] GC(273)   Post Evacuate Collection Set: 0.7ms
[2024-08-27T13:50:20.718+0000][info][gc,phases   ] GC(273)   Other: 0.2ms
[2024-08-27T13:50:20.718+0000][info][gc,heap     ] GC(273) Eden regions: 89->0(89)
[2024-08-27T13:50:20.718+0000][info][gc,heap     ] GC(273) Survivor regions: 13->13(13)
[2024-08-27T13:50:20.718+0000][info][gc,heap     ] GC(273) Old regions: 1330->1219
[2024-08-27T13:50:20.718+0000][info][gc,heap     ] GC(273) Archive regions: 2->2
[2024-08-27T13:50:20.718+0000][info][gc,heap     ] GC(273) Humongous regions: 5->5
[2024-08-27T13:50:20.718+0000][info][gc,metaspace] GC(273) Metaspace: 100K(320K)->100K(320K) NonClass: 96K(192K)->96K(192K) Class: 4K(128K)->4K(128K)
[2024-08-27T13:50:20.718+0000][info][gc          ] GC(273) Pause Young (Mixed) (G1 Evacuation Pause) 1437M->1237M(2048M) 19.144ms
[2024-08-27T13:50:20.718+0000][info][gc,cpu      ] GC(273) User=0.86s Sys=0.02s Real=0.02s
[2024-08-27T13:50:20.761+0000][info][gc,start    ] GC(274) Pause Young (Mixed) (G1 Evacuation Pause)
[2024-08-27T13:50:20.761+0000][info][gc,task     ] GC(274) Using 49 workers of 68 for evacuation
[2024-08-27T13:50:20.781+0000][info][gc,phases   ] GC(274)   Pre Evacuate Collection Set: 0.3ms
[2024-08-27T13:50:20.781+0000][info][gc,phases   ] GC(274)   Merge Heap Roots: 1.0ms
[2024-08-27T13:50:20.781+0000][info][gc,phases   ] GC(274)   Evacuate Collection Set: 17.3ms
[2024-08-27T13:50:20.781+0000][info][gc,phases   ] GC(274)   Post Evacuate Collection Set: 0.6ms
[2024-08-27T13:50:20.781+0000][info][gc,phases   ] GC(274)   Other: 0.2ms
[2024-08-27T13:50:20.781+0000][info][gc,heap     ] GC(274) Eden regions: 89->0(218)
[2024-08-27T13:50:20.781+0000][info][gc,heap     ] GC(274) Survivor regions: 13->13(13)
[2024-08-27T13:50:20.781+0000][info][gc,heap     ] GC(274) Old regions: 1219->1143
[2024-08-27T13:50:20.781+0000][info][gc,heap     ] GC(274) Archive regions: 2->2
[2024-08-27T13:50:20.781+0000][info][gc,heap     ] GC(274) Humongous regions: 5->5
[2024-08-27T13:50:20.781+0000][info][gc,metaspace] GC(274) Metaspace: 100K(320K)->100K(320K) NonClass: 96K(192K)->96K(192K) Class: 4K(128K)->4K(128K)
[2024-08-27T13:50:20.781+0000][info][gc          ] GC(274) Pause Young (Mixed) (G1 Evacuation Pause) 1326M->1161M(2048M) 19.423ms
[2024-08-27T13:50:20.781+0000][info][gc,cpu      ] GC(274) User=0.84s Sys=0.04s Real=0.02s
[2024-08-27T13:50:20.889+0000][info][gc,start    ] GC(275) Pause Young (Normal) (G1 Evacuation Pause)
[2024-08-27T13:50:20.889+0000][info][gc,task     ] GC(275) Using 49 workers of 68 for evacuation
[2024-08-27T13:50:20.926+0000][info][gc,phases   ] GC(275)   Pre Evacuate Collection Set: 0.2ms
[2024-08-27T13:50:20.926+0000][info][gc,phases   ] GC(275)   Merge Heap Roots: 1.1ms
[2024-08-27T13:50:20.926+0000][info][gc,phases   ] GC(275)   Evacuate Collection Set: 35.6ms
[2024-08-27T13:50:20.926+0000][info][gc,phases   ] GC(275)   Post Evacuate Collection Set: 0.6ms
[2024-08-27T13:50:20.926+0000][info][gc,phases   ] GC(275)   Other: 0.2ms
[2024-08-27T13:50:20.926+0000][info][gc,heap     ] GC(275) Eden regions: 218->0(149)
[2024-08-27T13:50:20.926+0000][info][gc,heap     ] GC(275) Survivor regions: 13->29(29)
[2024-08-27T13:50:20.926+0000][info][gc,heap     ] GC(275) Old regions: 1143->1340
[2024-08-27T13:50:20.926+0000][info][gc,heap     ] GC(275) Archive regions: 2->2
[2024-08-27T13:50:20.926+0000][info][gc,heap     ] GC(275) Humongous regions: 5->5
[2024-08-27T13:50:20.926+0000][info][gc,metaspace] GC(275) Metaspace: 100K(320K)->100K(320K) NonClass: 96K(192K)->96K(192K) Class: 4K(128K)->4K(128K)
[2024-08-27T13:50:20.926+0000][info][gc          ] GC(275) Pause Young (Normal) (G1 Evacuation Pause) 1379M->1374M(2048M) 37.808ms
[2024-08-27T13:50:20.926+0000][info][gc,cpu      ] GC(275) User=1.73s Sys=0.04s Real=0.04s
[2024-08-27T13:50:21.000+0000][info][gc,start    ] GC(276) Pause Young (Normal) (G1 Evacuation Pause)
[2024-08-27T13:50:21.000+0000][info][gc,task     ] GC(276) Using 49 workers of 68 for evacuation
[2024-08-27T13:50:21.030+0000][info][gc,phases   ] GC(276)   Pre Evacuate Collection Set: 0.3ms
[2024-08-27T13:50:21.030+0000][info][gc,phases   ] GC(276)   Merge Heap Roots: 0.6ms
[2024-08-27T13:50:21.030+0000][info][gc,phases   ] GC(276)   Evacuate Collection Set: 28.2ms
[2024-08-27T13:50:21.030+0000][info][gc,phases   ] GC(276)   Post Evacuate Collection Set: 0.6ms
[2024-08-27T13:50:21.030+0000][info][gc,phases   ] GC(276)   Other: 0.2ms
[2024-08-27T13:50:21.030+0000][info][gc,heap     ] GC(276) Eden regions: 149->0(100)
[2024-08-27T13:50:21.030+0000][info][gc,heap     ] GC(276) Survivor regions: 29->23(23)
[2024-08-27T13:50:21.030+0000][info][gc,heap     ] GC(276) Old regions: 1340->1498
[2024-08-27T13:50:21.030+0000][info][gc,heap     ] GC(276) Archive regions: 2->2
[2024-08-27T13:50:21.030+0000][info][gc,heap     ] GC(276) Humongous regions: 5->5
[2024-08-27T13:50:21.030+0000][info][gc,metaspace] GC(276) Metaspace: 100K(320K)->100K(320K) NonClass: 96K(192K)->96K(192K) Class: 4K(128K)->4K(128K)
[2024-08-27T13:50:21.030+0000][info][gc          ] GC(276) Pause Young (Normal) (G1 Evacuation Pause) 1523M->1526M(2048M) 29.974ms
[2024-08-27T13:50:21.030+0000][info][gc,cpu      ] GC(276) User=1.39s Sys=0.02s Real=0.03s
[2024-08-27T13:50:21.080+0000][info][gc,start    ] GC(277) Pause Young (Concurrent Start) (G1 Evacuation Pause)
[2024-08-27T13:50:21.080+0000][info][gc,task     ] GC(277) Using 49 workers of 68 for evacuation
[2024-08-27T13:50:21.103+0000][info][gc,phases   ] GC(277)   Pre Evacuate Collection Set: 0.2ms
[2024-08-27T13:50:21.103+0000][info][gc,phases   ] GC(277)   Merge Heap Roots: 0.9ms
[2024-08-27T13:50:21.103+0000][info][gc,phases   ] GC(277)   Evacuate Collection Set: 20.9ms
[2024-08-27T13:50:21.103+0000][info][gc,phases   ] GC(277)   Post Evacuate Collection Set: 0.5ms
[2024-08-27T13:50:21.103+0000][info][gc,phases   ] GC(277)   Other: 0.6ms
[2024-08-27T13:50:21.103+0000][info][gc,heap     ] GC(277) Eden regions: 100->0(86)
[2024-08-27T13:50:21.103+0000][info][gc,heap     ] GC(277) Survivor regions: 23->16(16)
[2024-08-27T13:50:21.103+0000][info][gc,heap     ] GC(277) Old regions: 1498->1614
[2024-08-27T13:50:21.103+0000][info][gc,heap     ] GC(277) Archive regions: 2->2
[2024-08-27T13:50:21.103+0000][info][gc,heap     ] GC(277) Humongous regions: 5->5
[2024-08-27T13:50:21.103+0000][info][gc,metaspace] GC(277) Metaspace: 100K(320K)->100K(320K) NonClass: 96K(192K)->96K(192K) Class: 4K(128K)->4K(128K)
[2024-08-27T13:50:21.103+0000][info][gc          ] GC(277) Pause Young (Concurrent Start) (G1 Evacuation Pause) 1626M->1635M(2048M) 23.198ms
[2024-08-27T13:50:21.104+0000][info][gc,cpu      ] GC(277) User=1.06s Sys=0.00s Real=0.02s
[2024-08-27T13:50:21.104+0000][info][gc          ] GC(278) Concurrent Mark Cycle
[2024-08-27T13:50:21.104+0000][info][gc,marking  ] GC(278) Concurrent Clear Claimed Marks
[2024-08-27T13:50:21.104+0000][info][gc,marking  ] GC(278) Concurrent Clear Claimed Marks 0.011ms
[2024-08-27T13:50:21.104+0000][info][gc,marking  ] GC(278) Concurrent Scan Root Regions
[2024-08-27T13:50:21.107+0000][info][gc,marking  ] GC(278) Concurrent Scan Root Regions 3.218ms
[2024-08-27T13:50:21.107+0000][info][gc,marking  ] GC(278) Concurrent Mark
[2024-08-27T13:50:21.107+0000][info][gc,marking  ] GC(278) Concurrent Mark From Roots
[2024-08-27T13:50:21.107+0000][info][gc,task     ] GC(278) Using 17 workers of 17 for marking
[2024-08-27T13:50:21.127+0000][info][gc,marking  ] GC(278) Concurrent Mark From Roots 20.368ms
[2024-08-27T13:50:21.127+0000][info][gc,marking  ] GC(278) Concurrent Preclean
[2024-08-27T13:50:21.128+0000][info][gc,marking  ] GC(278) Concurrent Preclean 0.574ms
[2024-08-27T13:50:21.128+0000][info][gc,start    ] GC(278) Pause Remark
[2024-08-27T13:50:21.130+0000][info][gc          ] GC(278) Pause Remark 1667M->1384M(2048M) 2.105ms
[2024-08-27T13:50:21.130+0000][info][gc,cpu      ] GC(278) User=0.01s Sys=0.00s Real=0.01s
[2024-08-27T13:50:21.130+0000][info][gc,marking  ] GC(278) Concurrent Mark 23.566ms
[2024-08-27T13:50:21.130+0000][info][gc,marking  ] GC(278) Concurrent Rebuild Remembered Sets
[2024-08-27T13:50:21.158+0000][info][gc,start    ] GC(279) Pause Young (Normal) (G1 Evacuation Pause)
[2024-08-27T13:50:21.158+0000][info][gc,task     ] GC(279) Using 49 workers of 68 for evacuation
[2024-08-27T13:50:21.178+0000][info][gc,phases   ] GC(279)   Pre Evacuate Collection Set: 0.2ms
[2024-08-27T13:50:21.178+0000][info][gc,phases   ] GC(279)   Merge Heap Roots: 0.5ms
[2024-08-27T13:50:21.178+0000][info][gc,phases   ] GC(279)   Evacuate Collection Set: 18.2ms
[2024-08-27T13:50:21.178+0000][info][gc,phases   ] GC(279)   Post Evacuate Collection Set: 0.9ms
[2024-08-27T13:50:21.178+0000][info][gc,phases   ] GC(279)   Other: 0.2ms
[2024-08-27T13:50:21.178+0000][info][gc,heap     ] GC(279) Eden regions: 86->0(126)
[2024-08-27T13:50:21.178+0000][info][gc,heap     ] GC(279) Survivor regions: 16->13(13)
[2024-08-27T13:50:21.178+0000][info][gc,heap     ] GC(279) Old regions: 1331->1428
[2024-08-27T13:50:21.178+0000][info][gc,heap     ] GC(279) Archive regions: 2->2
[2024-08-27T13:50:21.178+0000][info][gc,heap     ] GC(279) Humongous regions: 5->5
[2024-08-27T13:50:21.178+0000][info][gc,metaspace] GC(279) Metaspace: 100K(320K)->100K(320K) NonClass: 96K(192K)->96K(192K) Class: 4K(128K)->4K(128K)
[2024-08-27T13:50:21.178+0000][info][gc          ] GC(279) Pause Young (Normal) (G1 Evacuation Pause) 1438M->1446M(2048M) 20.131ms
[2024-08-27T13:50:21.178+0000][info][gc,cpu      ] GC(279) User=0.94s Sys=0.00s Real=0.02s
[2024-08-27T13:50:21.196+0000][info][gc,marking  ] GC(278) Concurrent Rebuild Remembered Sets 65.296ms
[2024-08-27T13:50:21.196+0000][info][gc,start    ] GC(278) Pause Cleanup
[2024-08-27T13:50:21.199+0000][info][gc          ] GC(278) Pause Cleanup 1478M->1478M(2048M) 2.367ms
[2024-08-27T13:50:21.199+0000][info][gc,cpu      ] GC(278) User=0.01s Sys=0.00s Real=0.01s
[2024-08-27T13:50:21.199+0000][info][gc,marking  ] GC(278) Concurrent Cleanup for Next Mark
[2024-08-27T13:50:21.200+0000][info][gc,marking  ] GC(278) Concurrent Cleanup for Next Mark 1.390ms
[2024-08-27T13:50:21.200+0000][info][gc          ] GC(278) Concurrent Mark Cycle 96.497ms
[2024-08-27T13:50:21.247+0000][info][gc,start    ] GC(280) Pause Young (Prepare Mixed) (G1 Evacuation Pause)
[2024-08-27T13:50:21.247+0000][info][gc,task     ] GC(280) Using 49 workers of 68 for evacuation
[2024-08-27T13:50:21.276+0000][info][gc,phases   ] GC(280)   Pre Evacuate Collection Set: 0.2ms
[2024-08-27T13:50:21.276+0000][info][gc,phases   ] GC(280)   Merge Heap Roots: 1.2ms
[2024-08-27T13:50:21.276+0000][info][gc,phases   ] GC(280)   Evacuate Collection Set: 26.6ms
[2024-08-27T13:50:21.276+0000][info][gc,phases   ] GC(280)   Post Evacuate Collection Set: 0.5ms
[2024-08-27T13:50:21.276+0000][info][gc,phases   ] GC(280)   Other: 0.2ms
[2024-08-27T13:50:21.276+0000][info][gc,heap     ] GC(280) Eden regions: 126->0(84)
[2024-08-27T13:50:21.276+0000][info][gc,heap     ] GC(280) Survivor regions: 13->18(18)
[2024-08-27T13:50:21.276+0000][info][gc,heap     ] GC(280) Old regions: 1428->1551
[2024-08-27T13:50:21.276+0000][info][gc,heap     ] GC(280) Archive regions: 2->2
[2024-08-27T13:50:21.276+0000][info][gc,heap     ] GC(280) Humongous regions: 5->5
[2024-08-27T13:50:21.276+0000][info][gc,metaspace] GC(280) Metaspace: 100K(320K)->100K(320K) NonClass: 96K(192K)->96K(192K) Class: 4K(128K)->4K(128K)
[2024-08-27T13:50:21.276+0000][info][gc          ] GC(280) Pause Young (Prepare Mixed) (G1 Evacuation Pause) 1572M->1574M(2048M) 28.878ms
[2024-08-27T13:50:21.276+0000][info][gc,cpu      ] GC(280) User=1.34s Sys=0.02s Real=0.03s
[2024-08-27T13:50:21.318+0000][info][gc,start    ] GC(281) Pause Young (Mixed) (G1 Evacuation Pause)
[2024-08-27T13:50:21.319+0000][info][gc,task     ] GC(281) Using 49 workers of 68 for evacuation
[2024-08-27T13:50:21.338+0000][info][gc,phases   ] GC(281)   Pre Evacuate Collection Set: 0.3ms
[2024-08-27T13:50:21.338+0000][info][gc,phases   ] GC(281)   Merge Heap Roots: 0.8ms
[2024-08-27T13:50:21.338+0000][info][gc,phases   ] GC(281)   Evacuate Collection Set: 17.3ms
[2024-08-27T13:50:21.338+0000][info][gc,phases   ] GC(281)   Post Evacuate Collection Set: 0.6ms
[2024-08-27T13:50:21.338+0000][info][gc,phases   ] GC(281)   Other: 0.2ms
[2024-08-27T13:50:21.338+0000][info][gc,heap     ] GC(281) Eden regions: 84->0(89)
[2024-08-27T13:50:21.338+0000][info][gc,heap     ] GC(281) Survivor regions: 18->13(13)
[2024-08-27T13:50:21.338+0000][info][gc,heap     ] GC(281) Old regions: 1551->1441
[2024-08-27T13:50:21.338+0000][info][gc,heap     ] GC(281) Archive regions: 2->2
[2024-08-27T13:50:21.338+0000][info][gc,heap     ] GC(281) Humongous regions: 5->5
[2024-08-27T13:50:21.338+0000][info][gc,metaspace] GC(281) Metaspace: 100K(320K)->100K(320K) NonClass: 96K(192K)->96K(192K) Class: 4K(128K)->4K(128K)
[2024-08-27T13:50:21.338+0000][info][gc          ] GC(281) Pause Young (Mixed) (G1 Evacuation Pause) 1658M->1459M(2048M) 19.300ms
[2024-08-27T13:50:21.338+0000][info][gc,cpu      ] GC(281) User=0.87s Sys=0.02s Real=0.02s
[2024-08-27T13:50:21.383+0000][info][gc,start    ] GC(282) Pause Young (Mixed) (G1 Evacuation Pause)
[2024-08-27T13:50:21.383+0000][info][gc,task     ] GC(282) Using 49 workers of 68 for evacuation
[2024-08-27T13:50:21.402+0000][info][gc,phases   ] GC(282)   Pre Evacuate Collection Set: 0.3ms
[2024-08-27T13:50:21.402+0000][info][gc,phases   ] GC(282)   Merge Heap Roots: 0.8ms
[2024-08-27T13:50:21.402+0000][info][gc,phases   ] GC(282)   Evacuate Collection Set: 17.5ms
[2024-08-27T13:50:21.402+0000][info][gc,phases   ] GC(282)   Post Evacuate Collection Set: 0.6ms
[2024-08-27T13:50:21.402+0000][info][gc,phases   ] GC(282)   Other: 0.2ms
[2024-08-27T13:50:21.402+0000][info][gc,heap     ] GC(282) Eden regions: 89->0(89)
[2024-08-27T13:50:21.402+0000][info][gc,heap     ] GC(282) Survivor regions: 13->13(13)
[2024-08-27T13:50:21.402+0000][info][gc,heap     ] GC(282) Old regions: 1441->1329
[2024-08-27T13:50:21.402+0000][info][gc,heap     ] GC(282) Archive regions: 2->2
[2024-08-27T13:50:21.402+0000][info][gc,heap     ] GC(282) Humongous regions: 5->5
[2024-08-27T13:50:21.402+0000][info][gc,metaspace] GC(282) Metaspace: 100K(320K)->100K(320K) NonClass: 96K(192K)->96K(192K) Class: 4K(128K)->4K(128K)
[2024-08-27T13:50:21.402+0000][info][gc          ] GC(282) Pause Young (Mixed) (G1 Evacuation Pause) 1548M->1347M(2048M) 19.465ms
[2024-08-27T13:50:21.402+0000][info][gc,cpu      ] GC(282) User=0.88s Sys=0.01s Real=0.02s
[2024-08-27T13:50:21.447+0000][info][gc,start    ] GC(283) Pause Young (Mixed) (G1 Evacuation Pause)
[2024-08-27T13:50:21.447+0000][info][gc,task     ] GC(283) Using 49 workers of 68 for evacuation
[2024-08-27T13:50:21.466+0000][info][gc,phases   ] GC(283)   Pre Evacuate Collection Set: 0.3ms
[2024-08-27T13:50:21.467+0000][info][gc,phases   ] GC(283)   Merge Heap Roots: 0.9ms
[2024-08-27T13:50:21.467+0000][info][gc,phases   ] GC(283)   Evacuate Collection Set: 17.1ms
[2024-08-27T13:50:21.467+0000][info][gc,phases   ] GC(283)   Post Evacuate Collection Set: 0.6ms
[2024-08-27T13:50:21.467+0000][info][gc,phases   ] GC(283)   Other: 0.2ms
[2024-08-27T13:50:21.467+0000][info][gc,heap     ] GC(283) Eden regions: 89->0(89)
[2024-08-27T13:50:21.467+0000][info][gc,heap     ] GC(283) Survivor regions: 13->13(13)
[2024-08-27T13:50:21.467+0000][info][gc,heap     ] GC(283) Old regions: 1329->1217
[2024-08-27T13:50:21.467+0000][info][gc,heap     ] GC(283) Archive regions: 2->2
[2024-08-27T13:50:21.467+0000][info][gc,heap     ] GC(283) Humongous regions: 5->5
[2024-08-27T13:50:21.467+0000][info][gc,metaspace] GC(283) Metaspace: 100K(320K)->100K(320K) NonClass: 96K(192K)->96K(192K) Class: 4K(128K)->4K(128K)
[2024-08-27T13:50:21.467+0000][info][gc          ] GC(283) Pause Young (Mixed) (G1 Evacuation Pause) 1436M->1235M(2048M) 19.215ms
[2024-08-27T13:50:21.467+0000][info][gc,cpu      ] GC(283) User=0.87s Sys=0.00s Real=0.02s
[2024-08-27T13:50:21.512+0000][info][gc,start    ] GC(284) Pause Young (Mixed) (G1 Evacuation Pause)
[2024-08-27T13:50:21.512+0000][info][gc,task     ] GC(284) Using 49 workers of 68 for evacuation
[2024-08-27T13:50:21.531+0000][info][gc,phases   ] GC(284)   Pre Evacuate Collection Set: 0.3ms
[2024-08-27T13:50:21.531+0000][info][gc,phases   ] GC(284)   Merge Heap Roots: 1.0ms
[2024-08-27T13:50:21.531+0000][info][gc,phases   ] GC(284)   Evacuate Collection Set: 17.4ms
[2024-08-27T13:50:21.531+0000][info][gc,phases   ] GC(284)   Post Evacuate Collection Set: 0.6ms
[2024-08-27T13:50:21.531+0000][info][gc,phases   ] GC(284)   Other: 0.2ms
[2024-08-27T13:50:21.531+0000][info][gc,heap     ] GC(284) Eden regions: 89->0(219)
[2024-08-27T13:50:21.531+0000][info][gc,heap     ] GC(284) Survivor regions: 13->13(13)
[2024-08-27T13:50:21.531+0000][info][gc,heap     ] GC(284) Old regions: 1217->1141
[2024-08-27T13:50:21.531+0000][info][gc,heap     ] GC(284) Archive regions: 2->2
[2024-08-27T13:50:21.531+0000][info][gc,heap     ] GC(284) Humongous regions: 5->5
[2024-08-27T13:50:21.531+0000][info][gc,metaspace] GC(284) Metaspace: 100K(320K)->100K(320K) NonClass: 96K(192K)->96K(192K) Class: 4K(128K)->4K(128K)
[2024-08-27T13:50:21.531+0000][info][gc          ] GC(284) Pause Young (Mixed) (G1 Evacuation Pause) 1324M->1159M(2048M) 19.524ms
[2024-08-27T13:50:21.531+0000][info][gc,cpu      ] GC(284) User=0.89s Sys=0.00s Real=0.02s
[2024-08-27T13:50:21.639+0000][info][gc,start    ] GC(285) Pause Young (Normal) (G1 Evacuation Pause)
[2024-08-27T13:50:21.639+0000][info][gc,task     ] GC(285) Using 49 workers of 68 for evacuation
[2024-08-27T13:50:21.676+0000][info][gc,phases   ] GC(285)   Pre Evacuate Collection Set: 0.3ms
[2024-08-27T13:50:21.676+0000][info][gc,phases   ] GC(285)   Merge Heap Roots: 1.1ms
[2024-08-27T13:50:21.676+0000][info][gc,phases   ] GC(285)   Evacuate Collection Set: 34.8ms
[2024-08-27T13:50:21.676+0000][info][gc,phases   ] GC(285)   Post Evacuate Collection Set: 0.6ms
[2024-08-27T13:50:21.676+0000][info][gc,phases   ] GC(285)   Other: 0.3ms
[2024-08-27T13:50:21.676+0000][info][gc,heap     ] GC(285) Eden regions: 219->0(149)
[2024-08-27T13:50:21.676+0000][info][gc,heap     ] GC(285) Survivor regions: 13->29(29)
[2024-08-27T13:50:21.676+0000][info][gc,heap     ] GC(285) Old regions: 1141->1339
[2024-08-27T13:50:21.676+0000][info][gc,heap     ] GC(285) Archive regions: 2->2
[2024-08-27T13:50:21.676+0000][info][gc,heap     ] GC(285) Humongous regions: 5->5
[2024-08-27T13:50:21.676+0000][info][gc,metaspace] GC(285) Metaspace: 100K(320K)->100K(320K) NonClass: 96K(192K)->96K(192K) Class: 4K(128K)->4K(128K)
[2024-08-27T13:50:21.676+0000][info][gc          ] GC(285) Pause Young (Normal) (G1 Evacuation Pause) 1378M->1373M(2048M) 37.072ms
[2024-08-27T13:50:21.676+0000][info][gc,cpu      ] GC(285) User=1.74s Sys=0.00s Real=0.03s
[2024-08-27T13:50:21.750+0000][info][gc,start    ] GC(286) Pause Young (Normal) (G1 Evacuation Pause)
[2024-08-27T13:50:21.750+0000][info][gc,task     ] GC(286) Using 49 workers of 68 for evacuation
[2024-08-27T13:50:21.780+0000][info][gc,phases   ] GC(286)   Pre Evacuate Collection Set: 0.3ms
[2024-08-27T13:50:21.780+0000][info][gc,phases   ] GC(286)   Merge Heap Roots: 0.6ms
[2024-08-27T13:50:21.780+0000][info][gc,phases   ] GC(286)   Evacuate Collection Set: 28.5ms
[2024-08-27T13:50:21.780+0000][info][gc,phases   ] GC(286)   Post Evacuate Collection Set: 0.6ms
[2024-08-27T13:50:21.780+0000][info][gc,phases   ] GC(286)   Other: 0.2ms
[2024-08-27T13:50:21.780+0000][info][gc,heap     ] GC(286) Eden regions: 149->0(100)
[2024-08-27T13:50:21.780+0000][info][gc,heap     ] GC(286) Survivor regions: 29->23(23)
[2024-08-27T13:50:21.780+0000][info][gc,heap     ] GC(286) Old regions: 1339->1499
[2024-08-27T13:50:21.780+0000][info][gc,heap     ] GC(286) Archive regions: 2->2
[2024-08-27T13:50:21.780+0000][info][gc,heap     ] GC(286) Humongous regions: 5->5
[2024-08-27T13:50:21.780+0000][info][gc,metaspace] GC(286) Metaspace: 100K(320K)->100K(320K) NonClass: 96K(192K)->96K(192K) Class: 4K(128K)->4K(128K)
[2024-08-27T13:50:21.780+0000][info][gc          ] GC(286) Pause Young (Normal) (G1 Evacuation Pause) 1522M->1527M(2048M) 30.251ms
[2024-08-27T13:50:21.780+0000][info][gc,cpu      ] GC(286) User=1.40s Sys=0.03s Real=0.03s
[2024-08-27T13:50:21.831+0000][info][gc,start    ] GC(287) Pause Young (Concurrent Start) (G1 Evacuation Pause)
[2024-08-27T13:50:21.831+0000][info][gc,task     ] GC(287) Using 49 workers of 68 for evacuation
[2024-08-27T13:50:21.853+0000][info][gc,phases   ] GC(287)   Pre Evacuate Collection Set: 0.2ms
[2024-08-27T13:50:21.853+0000][info][gc,phases   ] GC(287)   Merge Heap Roots: 0.8ms
[2024-08-27T13:50:21.853+0000][info][gc,phases   ] GC(287)   Evacuate Collection Set: 20.4ms
[2024-08-27T13:50:21.853+0000][info][gc,phases   ] GC(287)   Post Evacuate Collection Set: 0.5ms
[2024-08-27T13:50:21.853+0000][info][gc,phases   ] GC(287)   Other: 0.6ms
[2024-08-27T13:50:21.853+0000][info][gc,heap     ] GC(287) Eden regions: 100->0(86)
[2024-08-27T13:50:21.853+0000][info][gc,heap     ] GC(287) Survivor regions: 23->16(16)
[2024-08-27T13:50:21.853+0000][info][gc,heap     ] GC(287) Old regions: 1499->1615
[2024-08-27T13:50:21.853+0000][info][gc,heap     ] GC(287) Archive regions: 2->2
[2024-08-27T13:50:21.853+0000][info][gc,heap     ] GC(287) Humongous regions: 5->5
[2024-08-27T13:50:21.853+0000][info][gc,metaspace] GC(287) Metaspace: 100K(320K)->100K(320K) NonClass: 96K(192K)->96K(192K) Class: 4K(128K)->4K(128K)
[2024-08-27T13:50:21.853+0000][info][gc          ] GC(287) Pause Young (Concurrent Start) (G1 Evacuation Pause) 1627M->1636M(2048M) 22.613ms
[2024-08-27T13:50:21.853+0000][info][gc,cpu      ] GC(287) User=1.02s Sys=0.01s Real=0.02s
[2024-08-27T13:50:21.853+0000][info][gc          ] GC(288) Concurrent Mark Cycle
[2024-08-27T13:50:21.853+0000][info][gc,marking  ] GC(288) Concurrent Clear Claimed Marks
[2024-08-27T13:50:21.853+0000][info][gc,marking  ] GC(288) Concurrent Clear Claimed Marks 0.011ms
[2024-08-27T13:50:21.853+0000][info][gc,marking  ] GC(288) Concurrent Scan Root Regions
[2024-08-27T13:50:21.857+0000][info][gc,marking  ] GC(288) Concurrent Scan Root Regions 3.275ms
[2024-08-27T13:50:21.857+0000][info][gc,marking  ] GC(288) Concurrent Mark
[2024-08-27T13:50:21.857+0000][info][gc,marking  ] GC(288) Concurrent Mark From Roots
[2024-08-27T13:50:21.857+0000][info][gc,task     ] GC(288) Using 17 workers of 17 for marking
[2024-08-27T13:50:21.877+0000][info][gc,marking  ] GC(288) Concurrent Mark From Roots 20.527ms
[2024-08-27T13:50:21.877+0000][info][gc,marking  ] GC(288) Concurrent Preclean
[2024-08-27T13:50:21.878+0000][info][gc,marking  ] GC(288) Concurrent Preclean 0.622ms
[2024-08-27T13:50:21.878+0000][info][gc,start    ] GC(288) Pause Remark
[2024-08-27T13:50:21.881+0000][info][gc          ] GC(288) Pause Remark 1669M->1386M(2048M) 2.287ms
[2024-08-27T13:50:21.881+0000][info][gc,cpu      ] GC(288) User=0.02s Sys=0.01s Real=0.00s
[2024-08-27T13:50:21.881+0000][info][gc,marking  ] GC(288) Concurrent Mark 23.965ms
[2024-08-27T13:50:21.881+0000][info][gc,marking  ] GC(288) Concurrent Rebuild Remembered Sets
[2024-08-27T13:50:21.908+0000][info][gc,start    ] GC(289) Pause Young (Normal) (G1 Evacuation Pause)
[2024-08-27T13:50:21.908+0000][info][gc,task     ] GC(289) Using 49 workers of 68 for evacuation
[2024-08-27T13:50:21.928+0000][info][gc,phases   ] GC(289)   Pre Evacuate Collection Set: 0.2ms
[2024-08-27T13:50:21.928+0000][info][gc,phases   ] GC(289)   Merge Heap Roots: 0.5ms
[2024-08-27T13:50:21.928+0000][info][gc,phases   ] GC(289)   Evacuate Collection Set: 17.8ms
[2024-08-27T13:50:21.928+0000][info][gc,phases   ] GC(289)   Post Evacuate Collection Set: 0.9ms
[2024-08-27T13:50:21.928+0000][info][gc,phases   ] GC(289)   Other: 0.3ms
[2024-08-27T13:50:21.928+0000][info][gc,heap     ] GC(289) Eden regions: 86->0(126)
[2024-08-27T13:50:21.928+0000][info][gc,heap     ] GC(289) Survivor regions: 16->13(13)
[2024-08-27T13:50:21.928+0000][info][gc,heap     ] GC(289) Old regions: 1332->1429
[2024-08-27T13:50:21.928+0000][info][gc,heap     ] GC(289) Archive regions: 2->2
[2024-08-27T13:50:21.928+0000][info][gc,heap     ] GC(289) Humongous regions: 5->5
[2024-08-27T13:50:21.928+0000][info][gc,metaspace] GC(289) Metaspace: 100K(320K)->100K(320K) NonClass: 96K(192K)->96K(192K) Class: 4K(128K)->4K(128K)
[2024-08-27T13:50:21.928+0000][info][gc          ] GC(289) Pause Young (Normal) (G1 Evacuation Pause) 1439M->1447M(2048M) 19.765ms
[2024-08-27T13:50:21.928+0000][info][gc,cpu      ] GC(289) User=0.91s Sys=0.00s Real=0.02s
[2024-08-27T13:50:21.949+0000][info][gc,marking  ] GC(288) Concurrent Rebuild Remembered Sets 68.065ms
[2024-08-27T13:50:21.949+0000][info][gc,start    ] GC(288) Pause Cleanup
[2024-08-27T13:50:21.952+0000][info][gc          ] GC(288) Pause Cleanup 1486M->1486M(2048M) 2.271ms
[2024-08-27T13:50:21.952+0000][info][gc,cpu      ] GC(288) User=0.01s Sys=0.00s Real=0.01s
[2024-08-27T13:50:21.952+0000][info][gc,marking  ] GC(288) Concurrent Cleanup for Next Mark
[2024-08-27T13:50:21.953+0000][info][gc,marking  ] GC(288) Concurrent Cleanup for Next Mark 1.419ms
[2024-08-27T13:50:21.953+0000][info][gc          ] GC(288) Concurrent Mark Cycle 99.686ms
[2024-08-27T13:50:21.998+0000][info][gc,start    ] GC(290) Pause Young (Prepare Mixed) (G1 Evacuation Pause)
[2024-08-27T13:50:21.998+0000][info][gc,task     ] GC(290) Using 49 workers of 68 for evacuation
[2024-08-27T13:50:22.026+0000][info][gc,phases   ] GC(290)   Pre Evacuate Collection Set: 0.3ms
[2024-08-27T13:50:22.026+0000][info][gc,phases   ] GC(290)   Merge Heap Roots: 1.2ms
[2024-08-27T13:50:22.026+0000][info][gc,phases   ] GC(290)   Evacuate Collection Set: 26.3ms
[2024-08-27T13:50:22.026+0000][info][gc,phases   ] GC(290)   Post Evacuate Collection Set: 0.5ms
[2024-08-27T13:50:22.026+0000][info][gc,phases   ] GC(290)   Other: 0.2ms
[2024-08-27T13:50:22.026+0000][info][gc,heap     ] GC(290) Eden regions: 126->0(84)
[2024-08-27T13:50:22.026+0000][info][gc,heap     ] GC(290) Survivor regions: 13->18(18)
[2024-08-27T13:50:22.026+0000][info][gc,heap     ] GC(290) Old regions: 1429->1553
[2024-08-27T13:50:22.026+0000][info][gc,heap     ] GC(290) Archive regions: 2->2
[2024-08-27T13:50:22.026+0000][info][gc,heap     ] GC(290) Humongous regions: 5->5
[2024-08-27T13:50:22.026+0000][info][gc,metaspace] GC(290) Metaspace: 100K(320K)->100K(320K) NonClass: 96K(192K)->96K(192K) Class: 4K(128K)->4K(128K)
[2024-08-27T13:50:22.026+0000][info][gc          ] GC(290) Pause Young (Prepare Mixed) (G1 Evacuation Pause) 1573M->1576M(2048M) 28.610ms
[2024-08-27T13:50:22.026+0000][info][gc,cpu      ] GC(290) User=1.31s Sys=0.04s Real=0.02s
[2024-08-27T13:50:22.069+0000][info][gc,start    ] GC(291) Pause Young (Mixed) (G1 Evacuation Pause)
[2024-08-27T13:50:22.069+0000][info][gc,task     ] GC(291) Using 49 workers of 68 for evacuation
[2024-08-27T13:50:22.088+0000][info][gc,phases   ] GC(291)   Pre Evacuate Collection Set: 0.4ms
[2024-08-27T13:50:22.088+0000][info][gc,phases   ] GC(291)   Merge Heap Roots: 0.8ms
[2024-08-27T13:50:22.088+0000][info][gc,phases   ] GC(291)   Evacuate Collection Set: 16.7ms
[2024-08-27T13:50:22.088+0000][info][gc,phases   ] GC(291)   Post Evacuate Collection Set: 0.6ms
[2024-08-27T13:50:22.088+0000][info][gc,phases   ] GC(291)   Other: 0.2ms
[2024-08-27T13:50:22.088+0000][info][gc,heap     ] GC(291) Eden regions: 84->0(89)
[2024-08-27T13:50:22.088+0000][info][gc,heap     ] GC(291) Survivor regions: 18->13(13)
[2024-08-27T13:50:22.088+0000][info][gc,heap     ] GC(291) Old regions: 1553->1443
[2024-08-27T13:50:22.088+0000][info][gc,heap     ] GC(291) Archive regions: 2->2
[2024-08-27T13:50:22.088+0000][info][gc,heap     ] GC(291) Humongous regions: 5->5
[2024-08-27T13:50:22.088+0000][info][gc,metaspace] GC(291) Metaspace: 100K(320K)->100K(320K) NonClass: 96K(192K)->96K(192K) Class: 4K(128K)->4K(128K)
[2024-08-27T13:50:22.088+0000][info][gc          ] GC(291) Pause Young (Mixed) (G1 Evacuation Pause) 1660M->1461M(2048M) 18.777ms
[2024-08-27T13:50:22.088+0000][info][gc,cpu      ] GC(291) User=0.84s Sys=0.01s Real=0.02s
[2024-08-27T13:50:22.133+0000][info][gc,start    ] GC(292) Pause Young (Mixed) (G1 Evacuation Pause)
[2024-08-27T13:50:22.133+0000][info][gc,task     ] GC(292) Using 49 workers of 68 for evacuation
[2024-08-27T13:50:22.152+0000][info][gc,phases   ] GC(292)   Pre Evacuate Collection Set: 0.3ms
[2024-08-27T13:50:22.152+0000][info][gc,phases   ] GC(292)   Merge Heap Roots: 0.8ms
[2024-08-27T13:50:22.152+0000][info][gc,phases   ] GC(292)   Evacuate Collection Set: 17.1ms
[2024-08-27T13:50:22.152+0000][info][gc,phases   ] GC(292)   Post Evacuate Collection Set: 0.6ms
[2024-08-27T13:50:22.152+0000][info][gc,phases   ] GC(292)   Other: 0.2ms
[2024-08-27T13:50:22.152+0000][info][gc,heap     ] GC(292) Eden regions: 89->0(89)
[2024-08-27T13:50:22.152+0000][info][gc,heap     ] GC(292) Survivor regions: 13->13(13)
[2024-08-27T13:50:22.152+0000][info][gc,heap     ] GC(292) Old regions: 1443->1333
[2024-08-27T13:50:22.152+0000][info][gc,heap     ] GC(292) Archive regions: 2->2
[2024-08-27T13:50:22.152+0000][info][gc,heap     ] GC(292) Humongous regions: 5->5
[2024-08-27T13:50:22.152+0000][info][gc,metaspace] GC(292) Metaspace: 100K(320K)->100K(320K) NonClass: 96K(192K)->96K(192K) Class: 4K(128K)->4K(128K)
[2024-08-27T13:50:22.152+0000][info][gc          ] GC(292) Pause Young (Mixed) (G1 Evacuation Pause) 1550M->1351M(2048M) 19.059ms
[2024-08-27T13:50:22.152+0000][info][gc,cpu      ] GC(292) User=0.85s Sys=0.02s Real=0.02s
[2024-08-27T13:50:22.197+0000][info][gc,start    ] GC(293) Pause Young (Mixed) (G1 Evacuation Pause)
[2024-08-27T13:50:22.197+0000][info][gc,task     ] GC(293) Using 49 workers of 68 for evacuation
[2024-08-27T13:50:22.216+0000][info][gc,phases   ] GC(293)   Pre Evacuate Collection Set: 0.3ms
[2024-08-27T13:50:22.216+0000][info][gc,phases   ] GC(293)   Merge Heap Roots: 0.9ms
[2024-08-27T13:50:22.216+0000][info][gc,phases   ] GC(293)   Evacuate Collection Set: 17.4ms
[2024-08-27T13:50:22.216+0000][info][gc,phases   ] GC(293)   Post Evacuate Collection Set: 0.7ms
[2024-08-27T13:50:22.216+0000][info][gc,phases   ] GC(293)   Other: 0.2ms
[2024-08-27T13:50:22.216+0000][info][gc,heap     ] GC(293) Eden regions: 89->0(89)
[2024-08-27T13:50:22.216+0000][info][gc,heap     ] GC(293) Survivor regions: 13->13(13)
[2024-08-27T13:50:22.216+0000][info][gc,heap     ] GC(293) Old regions: 1333->1222
[2024-08-27T13:50:22.216+0000][info][gc,heap     ] GC(293) Archive regions: 2->2
[2024-08-27T13:50:22.216+0000][info][gc,heap     ] GC(293) Humongous regions: 5->5
[2024-08-27T13:50:22.216+0000][info][gc,metaspace] GC(293) Metaspace: 100K(320K)->100K(320K) NonClass: 96K(192K)->96K(192K) Class: 4K(128K)->4K(128K)
[2024-08-27T13:50:22.216+0000][info][gc          ] GC(293) Pause Young (Mixed) (G1 Evacuation Pause) 1440M->1240M(2048M) 19.534ms
[2024-08-27T13:50:22.216+0000][info][gc,cpu      ] GC(293) User=0.89s Sys=0.00s Real=0.02s
[2024-08-27T13:50:22.263+0000][info][gc,start    ] GC(294) Pause Young (Mixed) (G1 Evacuation Pause)
[2024-08-27T13:50:22.263+0000][info][gc,task     ] GC(294) Using 49 workers of 68 for evacuation
[2024-08-27T13:50:22.283+0000][info][gc,phases   ] GC(294)   Pre Evacuate Collection Set: 0.3ms
[2024-08-27T13:50:22.283+0000][info][gc,phases   ] GC(294)   Merge Heap Roots: 1.0ms
[2024-08-27T13:50:22.283+0000][info][gc,phases   ] GC(294)   Evacuate Collection Set: 18.1ms
[2024-08-27T13:50:22.283+0000][info][gc,phases   ] GC(294)   Post Evacuate Collection Set: 0.7ms
[2024-08-27T13:50:22.283+0000][info][gc,phases   ] GC(294)   Other: 0.2ms
[2024-08-27T13:50:22.283+0000][info][gc,heap     ] GC(294) Eden regions: 89->0(218)
[2024-08-27T13:50:22.283+0000][info][gc,heap     ] GC(294) Survivor regions: 13->13(13)
[2024-08-27T13:50:22.283+0000][info][gc,heap     ] GC(294) Old regions: 1222->1143
[2024-08-27T13:50:22.283+0000][info][gc,heap     ] GC(294) Archive regions: 2->2
[2024-08-27T13:50:22.283+0000][info][gc,heap     ] GC(294) Humongous regions: 5->5
[2024-08-27T13:50:22.283+0000][info][gc,metaspace] GC(294) Metaspace: 100K(320K)->100K(320K) NonClass: 96K(192K)->96K(192K) Class: 4K(128K)->4K(128K)
[2024-08-27T13:50:22.283+0000][info][gc          ] GC(294) Pause Young (Mixed) (G1 Evacuation Pause) 1329M->1161M(2048M) 20.335ms
[2024-08-27T13:50:22.283+0000][info][gc,cpu      ] GC(294) User=0.92s Sys=0.00s Real=0.02s
[2024-08-27T13:50:22.395+0000][info][gc,start    ] GC(295) Pause Young (Normal) (G1 Evacuation Pause)
[2024-08-27T13:50:22.395+0000][info][gc,task     ] GC(295) Using 49 workers of 68 for evacuation
[2024-08-27T13:50:22.439+0000][info][gc,phases   ] GC(295)   Pre Evacuate Collection Set: 0.3ms
[2024-08-27T13:50:22.439+0000][info][gc,phases   ] GC(295)   Merge Heap Roots: 1.1ms
[2024-08-27T13:50:22.439+0000][info][gc,phases   ] GC(295)   Evacuate Collection Set: 42.2ms
[2024-08-27T13:50:22.439+0000][info][gc,phases   ] GC(295)   Post Evacuate Collection Set: 0.6ms
[2024-08-27T13:50:22.439+0000][info][gc,phases   ] GC(295)   Other: 0.2ms
[2024-08-27T13:50:22.439+0000][info][gc,heap     ] GC(295) Eden regions: 218->0(149)
[2024-08-27T13:50:22.439+0000][info][gc,heap     ] GC(295) Survivor regions: 13->29(29)
[2024-08-27T13:50:22.439+0000][info][gc,heap     ] GC(295) Old regions: 1143->1342
[2024-08-27T13:50:22.439+0000][info][gc,heap     ] GC(295) Archive regions: 2->2
[2024-08-27T13:50:22.439+0000][info][gc,heap     ] GC(295) Humongous regions: 5->5
[2024-08-27T13:50:22.440+0000][info][gc,metaspace] GC(295) Metaspace: 100K(320K)->100K(320K) NonClass: 96K(192K)->96K(192K) Class: 4K(128K)->4K(128K)
[2024-08-27T13:50:22.440+0000][info][gc          ] GC(295) Pause Young (Normal) (G1 Evacuation Pause) 1379M->1376M(2048M) 44.441ms
[2024-08-27T13:50:22.440+0000][info][gc,cpu      ] GC(295) User=1.73s Sys=0.13s Real=0.05s
[2024-08-27T13:50:22.518+0000][info][gc,start    ] GC(296) Pause Young (Normal) (G1 Evacuation Pause)
[2024-08-27T13:50:22.518+0000][info][gc,task     ] GC(296) Using 49 workers of 68 for evacuation
[2024-08-27T13:50:22.552+0000][info][gc,phases   ] GC(296)   Pre Evacuate Collection Set: 0.3ms
[2024-08-27T13:50:22.552+0000][info][gc,phases   ] GC(296)   Merge Heap Roots: 0.6ms
[2024-08-27T13:50:22.552+0000][info][gc,phases   ] GC(296)   Evacuate Collection Set: 32.7ms
[2024-08-27T13:50:22.552+0000][info][gc,phases   ] GC(296)   Post Evacuate Collection Set: 0.6ms
[2024-08-27T13:50:22.552+0000][info][gc,phases   ] GC(296)   Other: 0.2ms
[2024-08-27T13:50:22.552+0000][info][gc,heap     ] GC(296) Eden regions: 149->0(98)
[2024-08-27T13:50:22.552+0000][info][gc,heap     ] GC(296) Survivor regions: 29->23(23)
[2024-08-27T13:50:22.552+0000][info][gc,heap     ] GC(296) Old regions: 1342->1503
[2024-08-27T13:50:22.552+0000][info][gc,heap     ] GC(296) Archive regions: 2->2
[2024-08-27T13:50:22.552+0000][info][gc,heap     ] GC(296) Humongous regions: 5->5
[2024-08-27T13:50:22.552+0000][info][gc,metaspace] GC(296) Metaspace: 100K(320K)->100K(320K) NonClass: 96K(192K)->96K(192K) Class: 4K(128K)->4K(128K)
[2024-08-27T13:50:22.552+0000][info][gc          ] GC(296) Pause Young (Normal) (G1 Evacuation Pause) 1525M->1531M(2048M) 34.512ms
[2024-08-27T13:50:22.552+0000][info][gc,cpu      ] GC(296) User=1.15s Sys=0.48s Real=0.03s
[2024-08-27T13:50:22.604+0000][info][gc,start    ] GC(297) Pause Young (Concurrent Start) (G1 Evacuation Pause)
[2024-08-27T13:50:22.604+0000][info][gc,task     ] GC(297) Using 49 workers of 68 for evacuation
[2024-08-27T13:50:22.631+0000][info][gc,phases   ] GC(297)   Pre Evacuate Collection Set: 0.2ms
[2024-08-27T13:50:22.631+0000][info][gc,phases   ] GC(297)   Merge Heap Roots: 0.9ms
[2024-08-27T13:50:22.631+0000][info][gc,phases   ] GC(297)   Evacuate Collection Set: 25.3ms
[2024-08-27T13:50:22.631+0000][info][gc,phases   ] GC(297)   Post Evacuate Collection Set: 0.5ms
[2024-08-27T13:50:22.631+0000][info][gc,phases   ] GC(297)   Other: 0.6ms
[2024-08-27T13:50:22.631+0000][info][gc,heap     ] GC(297) Eden regions: 98->0(86)
[2024-08-27T13:50:22.631+0000][info][gc,heap     ] GC(297) Survivor regions: 23->16(16)
[2024-08-27T13:50:22.631+0000][info][gc,heap     ] GC(297) Old regions: 1503->1616
[2024-08-27T13:50:22.631+0000][info][gc,heap     ] GC(297) Archive regions: 2->2
[2024-08-27T13:50:22.631+0000][info][gc,heap     ] GC(297) Humongous regions: 5->5
[2024-08-27T13:50:22.631+0000][info][gc,metaspace] GC(297) Metaspace: 100K(320K)->100K(320K) NonClass: 96K(192K)->96K(192K) Class: 4K(128K)->4K(128K)
[2024-08-27T13:50:22.631+0000][info][gc          ] GC(297) Pause Young (Concurrent Start) (G1 Evacuation Pause) 1629M->1637M(2048M) 27.575ms
[2024-08-27T13:50:22.631+0000][info][gc,cpu      ] GC(297) User=1.09s Sys=0.04s Real=0.03s
[2024-08-27T13:50:22.631+0000][info][gc          ] GC(298) Concurrent Mark Cycle
[2024-08-27T13:50:22.631+0000][info][gc,marking  ] GC(298) Concurrent Clear Claimed Marks
[2024-08-27T13:50:22.631+0000][info][gc,marking  ] GC(298) Concurrent Clear Claimed Marks 0.010ms
[2024-08-27T13:50:22.631+0000][info][gc,marking  ] GC(298) Concurrent Scan Root Regions
[2024-08-27T13:50:22.637+0000][info][gc,marking  ] GC(298) Concurrent Scan Root Regions 5.237ms
[2024-08-27T13:50:22.637+0000][info][gc,marking  ] GC(298) Concurrent Mark
[2024-08-27T13:50:22.637+0000][info][gc,marking  ] GC(298) Concurrent Mark From Roots
[2024-08-27T13:50:22.637+0000][info][gc,task     ] GC(298) Using 17 workers of 17 for marking
[2024-08-27T13:50:22.658+0000][info][gc,marking  ] GC(298) Concurrent Mark From Roots 21.249ms
[2024-08-27T13:50:22.658+0000][info][gc,marking  ] GC(298) Concurrent Preclean
[2024-08-27T13:50:22.658+0000][info][gc,marking  ] GC(298) Concurrent Preclean 0.501ms
[2024-08-27T13:50:22.659+0000][info][gc,start    ] GC(298) Pause Remark
[2024-08-27T13:50:22.661+0000][info][gc          ] GC(298) Pause Remark 1672M->1402M(2048M) 2.222ms
[2024-08-27T13:50:22.661+0000][info][gc,cpu      ] GC(298) User=0.02s Sys=0.01s Real=0.00s
[2024-08-27T13:50:22.661+0000][info][gc,marking  ] GC(298) Concurrent Mark 24.497ms
[2024-08-27T13:50:22.661+0000][info][gc,marking  ] GC(298) Concurrent Rebuild Remembered Sets
[2024-08-27T13:50:22.688+0000][info][gc,start    ] GC(299) Pause Young (Normal) (G1 Evacuation Pause)
[2024-08-27T13:50:22.688+0000][info][gc,task     ] GC(299) Using 49 workers of 68 for evacuation
[2024-08-27T13:50:22.707+0000][info][gc,phases   ] GC(299)   Pre Evacuate Collection Set: 0.2ms
[2024-08-27T13:50:22.707+0000][info][gc,phases   ] GC(299)   Merge Heap Roots: 0.5ms
[2024-08-27T13:50:22.707+0000][info][gc,phases   ] GC(299)   Evacuate Collection Set: 17.7ms
[2024-08-27T13:50:22.707+0000][info][gc,phases   ] GC(299)   Post Evacuate Collection Set: 0.9ms
[2024-08-27T13:50:22.707+0000][info][gc,phases   ] GC(299)   Other: 0.2ms
[2024-08-27T13:50:22.707+0000][info][gc,heap     ] GC(299) Eden regions: 86->0(121)
[2024-08-27T13:50:22.707+0000][info][gc,heap     ] GC(299) Survivor regions: 16->13(13)
[2024-08-27T13:50:22.707+0000][info][gc,heap     ] GC(299) Old regions: 1346->1442
[2024-08-27T13:50:22.707+0000][info][gc,heap     ] GC(299) Archive regions: 2->2
[2024-08-27T13:50:22.707+0000][info][gc,heap     ] GC(299) Humongous regions: 5->5
[2024-08-27T13:50:22.707+0000][info][gc,metaspace] GC(299) Metaspace: 100K(320K)->100K(320K) NonClass: 96K(192K)->96K(192K) Class: 4K(128K)->4K(128K)
[2024-08-27T13:50:22.707+0000][info][gc          ] GC(299) Pause Young (Normal) (G1 Evacuation Pause) 1453M->1460M(2048M) 19.524ms
[2024-08-27T13:50:22.707+0000][info][gc,cpu      ] GC(299) User=0.90s Sys=0.00s Real=0.02s
[2024-08-27T13:50:22.727+0000][info][gc,marking  ] GC(298) Concurrent Rebuild Remembered Sets 65.868ms
[2024-08-27T13:50:22.728+0000][info][gc,start    ] GC(298) Pause Cleanup
[2024-08-27T13:50:22.730+0000][info][gc          ] GC(298) Pause Cleanup 1496M->1496M(2048M) 2.421ms
[2024-08-27T13:50:22.730+0000][info][gc,cpu      ] GC(298) User=0.02s Sys=0.00s Real=0.01s
[2024-08-27T13:50:22.730+0000][info][gc,marking  ] GC(298) Concurrent Cleanup for Next Mark
[2024-08-27T13:50:22.731+0000][info][gc,marking  ] GC(298) Concurrent Cleanup for Next Mark 1.330ms
[2024-08-27T13:50:22.731+0000][info][gc          ] GC(298) Concurrent Mark Cycle 100.138ms
[2024-08-27T13:50:22.774+0000][info][gc,start    ] GC(300) Pause Young (Prepare Mixed) (G1 Evacuation Pause)
[2024-08-27T13:50:22.774+0000][info][gc,task     ] GC(300) Using 49 workers of 68 for evacuation
[2024-08-27T13:50:22.802+0000][info][gc,phases   ] GC(300)   Pre Evacuate Collection Set: 0.3ms
[2024-08-27T13:50:22.802+0000][info][gc,phases   ] GC(300)   Merge Heap Roots: 1.3ms
[2024-08-27T13:50:22.802+0000][info][gc,phases   ] GC(300)   Evacuate Collection Set: 25.5ms
[2024-08-27T13:50:22.802+0000][info][gc,phases   ] GC(300)   Post Evacuate Collection Set: 0.6ms
[2024-08-27T13:50:22.802+0000][info][gc,phases   ] GC(300)   Other: 0.2ms
[2024-08-27T13:50:22.802+0000][info][gc,heap     ] GC(300) Eden regions: 121->0(85)
[2024-08-27T13:50:22.802+0000][info][gc,heap     ] GC(300) Survivor regions: 13->17(17)
[2024-08-27T13:50:22.802+0000][info][gc,heap     ] GC(300) Old regions: 1442->1562
[2024-08-27T13:50:22.802+0000][info][gc,heap     ] GC(300) Archive regions: 2->2
[2024-08-27T13:50:22.802+0000][info][gc,heap     ] GC(300) Humongous regions: 5->5
[2024-08-27T13:50:22.802+0000][info][gc,metaspace] GC(300) Metaspace: 100K(320K)->100K(320K) NonClass: 96K(192K)->96K(192K) Class: 4K(128K)->4K(128K)
[2024-08-27T13:50:22.802+0000][info][gc          ] GC(300) Pause Young (Prepare Mixed) (G1 Evacuation Pause) 1581M->1584M(2048M) 27.905ms
[2024-08-27T13:50:22.802+0000][info][gc,cpu      ] GC(300) User=1.30s Sys=0.00s Real=0.03s
[2024-08-27T13:50:22.845+0000][info][gc,start    ] GC(301) Pause Young (Mixed) (G1 Evacuation Pause)
[2024-08-27T13:50:22.845+0000][info][gc,task     ] GC(301) Using 49 workers of 68 for evacuation
[2024-08-27T13:50:22.866+0000][info][gc,phases   ] GC(301)   Pre Evacuate Collection Set: 0.3ms
[2024-08-27T13:50:22.866+0000][info][gc,phases   ] GC(301)   Merge Heap Roots: 0.8ms
[2024-08-27T13:50:22.866+0000][info][gc,phases   ] GC(301)   Evacuate Collection Set: 18.7ms
[2024-08-27T13:50:22.866+0000][info][gc,phases   ] GC(301)   Post Evacuate Collection Set: 0.6ms
[2024-08-27T13:50:22.866+0000][info][gc,phases   ] GC(301)   Other: 0.2ms
[2024-08-27T13:50:22.866+0000][info][gc,heap     ] GC(301) Eden regions: 85->0(89)
[2024-08-27T13:50:22.866+0000][info][gc,heap     ] GC(301) Survivor regions: 17->13(13)
[2024-08-27T13:50:22.866+0000][info][gc,heap     ] GC(301) Old regions: 1562->1453
[2024-08-27T13:50:22.866+0000][info][gc,heap     ] GC(301) Archive regions: 2->2
[2024-08-27T13:50:22.866+0000][info][gc,heap     ] GC(301) Humongous regions: 5->5
[2024-08-27T13:50:22.866+0000][info][gc,metaspace] GC(301) Metaspace: 100K(320K)->100K(320K) NonClass: 96K(192K)->96K(192K) Class: 4K(128K)->4K(128K)
[2024-08-27T13:50:22.866+0000][info][gc          ] GC(301) Pause Young (Mixed) (G1 Evacuation Pause) 1669M->1471M(2048M) 20.801ms
[2024-08-27T13:50:22.866+0000][info][gc,cpu      ] GC(301) User=0.77s Sys=0.19s Real=0.02s
[2024-08-27T13:50:22.911+0000][info][gc,start    ] GC(302) Pause Young (Mixed) (G1 Evacuation Pause)
[2024-08-27T13:50:22.911+0000][info][gc,task     ] GC(302) Using 49 workers of 68 for evacuation
[2024-08-27T13:50:22.930+0000][info][gc,phases   ] GC(302)   Pre Evacuate Collection Set: 0.3ms
[2024-08-27T13:50:22.930+0000][info][gc,phases   ] GC(302)   Merge Heap Roots: 0.8ms
[2024-08-27T13:50:22.930+0000][info][gc,phases   ] GC(302)   Evacuate Collection Set: 17.3ms
[2024-08-27T13:50:22.930+0000][info][gc,phases   ] GC(302)   Post Evacuate Collection Set: 0.7ms
[2024-08-27T13:50:22.930+0000][info][gc,phases   ] GC(302)   Other: 0.2ms
[2024-08-27T13:50:22.930+0000][info][gc,heap     ] GC(302) Eden regions: 89->0(89)
[2024-08-27T13:50:22.930+0000][info][gc,heap     ] GC(302) Survivor regions: 13->13(13)
[2024-08-27T13:50:22.930+0000][info][gc,heap     ] GC(302) Old regions: 1453->1341
[2024-08-27T13:50:22.930+0000][info][gc,heap     ] GC(302) Archive regions: 2->2
[2024-08-27T13:50:22.930+0000][info][gc,heap     ] GC(302) Humongous regions: 5->5
[2024-08-27T13:50:22.930+0000][info][gc,metaspace] GC(302) Metaspace: 100K(320K)->100K(320K) NonClass: 96K(192K)->96K(192K) Class: 4K(128K)->4K(128K)
[2024-08-27T13:50:22.930+0000][info][gc          ] GC(302) Pause Young (Mixed) (G1 Evacuation Pause) 1560M->1359M(2048M) 19.413ms
[2024-08-27T13:50:22.930+0000][info][gc,cpu      ] GC(302) User=0.88s Sys=0.01s Real=0.02s
[2024-08-27T13:50:22.976+0000][info][gc,start    ] GC(303) Pause Young (Mixed) (G1 Evacuation Pause)
[2024-08-27T13:50:22.976+0000][info][gc,task     ] GC(303) Using 49 workers of 68 for evacuation
[2024-08-27T13:50:22.996+0000][info][gc,phases   ] GC(303)   Pre Evacuate Collection Set: 0.4ms
[2024-08-27T13:50:22.996+0000][info][gc,phases   ] GC(303)   Merge Heap Roots: 0.9ms
[2024-08-27T13:50:22.996+0000][info][gc,phases   ] GC(303)   Evacuate Collection Set: 17.7ms
[2024-08-27T13:50:22.996+0000][info][gc,phases   ] GC(303)   Post Evacuate Collection Set: 0.7ms
[2024-08-27T13:50:22.996+0000][info][gc,phases   ] GC(303)   Other: 0.2ms
[2024-08-27T13:50:22.996+0000][info][gc,heap     ] GC(303) Eden regions: 89->0(89)
[2024-08-27T13:50:22.996+0000][info][gc,heap     ] GC(303) Survivor regions: 13->13(13)
[2024-08-27T13:50:22.996+0000][info][gc,heap     ] GC(303) Old regions: 1341->1230
[2024-08-27T13:50:22.996+0000][info][gc,heap     ] GC(303) Archive regions: 2->2
[2024-08-27T13:50:22.996+0000][info][gc,heap     ] GC(303) Humongous regions: 5->5
[2024-08-27T13:50:22.996+0000][info][gc,metaspace] GC(303) Metaspace: 100K(320K)->100K(320K) NonClass: 96K(192K)->96K(192K) Class: 4K(128K)->4K(128K)
[2024-08-27T13:50:22.996+0000][info][gc          ] GC(303) Pause Young (Mixed) (G1 Evacuation Pause) 1448M->1248M(2048M) 19.804ms
[2024-08-27T13:50:22.996+0000][info][gc,cpu      ] GC(303) User=0.89s Sys=0.01s Real=0.02s
[2024-08-27T13:50:23.041+0000][info][gc,start    ] GC(304) Pause Young (Mixed) (G1 Evacuation Pause)
[2024-08-27T13:50:23.041+0000][info][gc,task     ] GC(304) Using 49 workers of 68 for evacuation
[2024-08-27T13:50:23.061+0000][info][gc,phases   ] GC(304)   Pre Evacuate Collection Set: 0.4ms
[2024-08-27T13:50:23.061+0000][info][gc,phases   ] GC(304)   Merge Heap Roots: 1.0ms
[2024-08-27T13:50:23.061+0000][info][gc,phases   ] GC(304)   Evacuate Collection Set: 18.1ms
[2024-08-27T13:50:23.061+0000][info][gc,phases   ] GC(304)   Post Evacuate Collection Set: 0.6ms
[2024-08-27T13:50:23.061+0000][info][gc,phases   ] GC(304)   Other: 0.2ms
[2024-08-27T13:50:23.061+0000][info][gc,heap     ] GC(304) Eden regions: 89->0(220)
[2024-08-27T13:50:23.061+0000][info][gc,heap     ] GC(304) Survivor regions: 13->13(13)
[2024-08-27T13:50:23.061+0000][info][gc,heap     ] GC(304) Old regions: 1230->1137
[2024-08-27T13:50:23.061+0000][info][gc,heap     ] GC(304) Archive regions: 2->2
[2024-08-27T13:50:23.061+0000][info][gc,heap     ] GC(304) Humongous regions: 5->5
[2024-08-27T13:50:23.062+0000][info][gc,metaspace] GC(304) Metaspace: 100K(320K)->100K(320K) NonClass: 96K(192K)->96K(192K) Class: 4K(128K)->4K(128K)
[2024-08-27T13:50:23.062+0000][info][gc          ] GC(304) Pause Young (Mixed) (G1 Evacuation Pause) 1337M->1155M(2048M) 20.240ms
[2024-08-27T13:50:23.062+0000][info][gc,cpu      ] GC(304) User=0.92s Sys=0.01s Real=0.02s
[2024-08-27T13:50:23.172+0000][info][gc,start    ] GC(305) Pause Young (Normal) (G1 Evacuation Pause)
[2024-08-27T13:50:23.172+0000][info][gc,task     ] GC(305) Using 49 workers of 68 for evacuation
[2024-08-27T13:50:23.212+0000][info][gc,phases   ] GC(305)   Pre Evacuate Collection Set: 0.2ms
[2024-08-27T13:50:23.212+0000][info][gc,phases   ] GC(305)   Merge Heap Roots: 1.1ms
[2024-08-27T13:50:23.212+0000][info][gc,phases   ] GC(305)   Evacuate Collection Set: 37.4ms
[2024-08-27T13:50:23.212+0000][info][gc,phases   ] GC(305)   Post Evacuate Collection Set: 0.6ms
[2024-08-27T13:50:23.212+0000][info][gc,phases   ] GC(305)   Other: 0.2ms
[2024-08-27T13:50:23.212+0000][info][gc,heap     ] GC(305) Eden regions: 220->0(150)
[2024-08-27T13:50:23.212+0000][info][gc,heap     ] GC(305) Survivor regions: 13->30(30)
[2024-08-27T13:50:23.212+0000][info][gc,heap     ] GC(305) Old regions: 1137->1336
[2024-08-27T13:50:23.212+0000][info][gc,heap     ] GC(305) Archive regions: 2->2
[2024-08-27T13:50:23.212+0000][info][gc,heap     ] GC(305) Humongous regions: 5->5
[2024-08-27T13:50:23.212+0000][info][gc,metaspace] GC(305) Metaspace: 100K(320K)->100K(320K) NonClass: 96K(192K)->96K(192K) Class: 4K(128K)->4K(128K)
[2024-08-27T13:50:23.212+0000][info][gc          ] GC(305) Pause Young (Normal) (G1 Evacuation Pause) 1375M->1371M(2048M) 39.609ms
[2024-08-27T13:50:23.212+0000][info][gc,cpu      ] GC(305) User=1.85s Sys=0.01s Real=0.04s
[2024-08-27T13:50:23.287+0000][info][gc,start    ] GC(306) Pause Young (Normal) (G1 Evacuation Pause)
[2024-08-27T13:50:23.287+0000][info][gc,task     ] GC(306) Using 49 workers of 68 for evacuation
[2024-08-27T13:50:23.320+0000][info][gc,phases   ] GC(306)   Pre Evacuate Collection Set: 0.3ms
[2024-08-27T13:50:23.320+0000][info][gc,phases   ] GC(306)   Merge Heap Roots: 0.6ms
[2024-08-27T13:50:23.320+0000][info][gc,phases   ] GC(306)   Evacuate Collection Set: 31.5ms
[2024-08-27T13:50:23.320+0000][info][gc,phases   ] GC(306)   Post Evacuate Collection Set: 0.6ms
[2024-08-27T13:50:23.320+0000][info][gc,phases   ] GC(306)   Other: 0.2ms
[2024-08-27T13:50:23.320+0000][info][gc,heap     ] GC(306) Eden regions: 150->0(100)
[2024-08-27T13:50:23.320+0000][info][gc,heap     ] GC(306) Survivor regions: 30->23(23)
[2024-08-27T13:50:23.320+0000][info][gc,heap     ] GC(306) Old regions: 1336->1499
[2024-08-27T13:50:23.320+0000][info][gc,heap     ] GC(306) Archive regions: 2->2
[2024-08-27T13:50:23.320+0000][info][gc,heap     ] GC(306) Humongous regions: 5->5
[2024-08-27T13:50:23.320+0000][info][gc,metaspace] GC(306) Metaspace: 100K(320K)->100K(320K) NonClass: 96K(192K)->96K(192K) Class: 4K(128K)->4K(128K)
[2024-08-27T13:50:23.320+0000][info][gc          ] GC(306) Pause Young (Normal) (G1 Evacuation Pause) 1521M->1527M(2048M) 33.263ms
[2024-08-27T13:50:23.320+0000][info][gc,cpu      ] GC(306) User=1.33s Sys=0.23s Real=0.04s
[2024-08-27T13:50:23.372+0000][info][gc,start    ] GC(307) Pause Young (Concurrent Start) (G1 Evacuation Pause)
[2024-08-27T13:50:23.372+0000][info][gc,task     ] GC(307) Using 49 workers of 68 for evacuation
[2024-08-27T13:50:23.399+0000][info][gc,phases   ] GC(307)   Pre Evacuate Collection Set: 0.3ms
[2024-08-27T13:50:23.399+0000][info][gc,phases   ] GC(307)   Merge Heap Roots: 0.9ms
[2024-08-27T13:50:23.399+0000][info][gc,phases   ] GC(307)   Evacuate Collection Set: 24.9ms
[2024-08-27T13:50:23.399+0000][info][gc,phases   ] GC(307)   Post Evacuate Collection Set: 0.6ms
[2024-08-27T13:50:23.399+0000][info][gc,phases   ] GC(307)   Other: 0.6ms
[2024-08-27T13:50:23.399+0000][info][gc,heap     ] GC(307) Eden regions: 100->0(86)
[2024-08-27T13:50:23.399+0000][info][gc,heap     ] GC(307) Survivor regions: 23->16(16)
[2024-08-27T13:50:23.399+0000][info][gc,heap     ] GC(307) Old regions: 1499->1612
[2024-08-27T13:50:23.399+0000][info][gc,heap     ] GC(307) Archive regions: 2->2
[2024-08-27T13:50:23.399+0000][info][gc,heap     ] GC(307) Humongous regions: 5->5
[2024-08-27T13:50:23.399+0000][info][gc,metaspace] GC(307) Metaspace: 100K(320K)->100K(320K) NonClass: 96K(192K)->96K(192K) Class: 4K(128K)->4K(128K)
[2024-08-27T13:50:23.399+0000][info][gc          ] GC(307) Pause Young (Concurrent Start) (G1 Evacuation Pause) 1627M->1633M(2048M) 27.169ms
[2024-08-27T13:50:23.399+0000][info][gc,cpu      ] GC(307) User=0.99s Sys=0.26s Real=0.03s
[2024-08-27T13:50:23.399+0000][info][gc          ] GC(308) Concurrent Mark Cycle
[2024-08-27T13:50:23.399+0000][info][gc,marking  ] GC(308) Concurrent Clear Claimed Marks
[2024-08-27T13:50:23.399+0000][info][gc,marking  ] GC(308) Concurrent Clear Claimed Marks 0.010ms
[2024-08-27T13:50:23.399+0000][info][gc,marking  ] GC(308) Concurrent Scan Root Regions
[2024-08-27T13:50:23.402+0000][info][gc,marking  ] GC(308) Concurrent Scan Root Regions 3.299ms
[2024-08-27T13:50:23.402+0000][info][gc,marking  ] GC(308) Concurrent Mark
[2024-08-27T13:50:23.402+0000][info][gc,marking  ] GC(308) Concurrent Mark From Roots
[2024-08-27T13:50:23.402+0000][info][gc,task     ] GC(308) Using 17 workers of 17 for marking
[2024-08-27T13:50:23.423+0000][info][gc,marking  ] GC(308) Concurrent Mark From Roots 20.285ms
[2024-08-27T13:50:23.423+0000][info][gc,marking  ] GC(308) Concurrent Preclean
[2024-08-27T13:50:23.423+0000][info][gc,marking  ] GC(308) Concurrent Preclean 0.501ms
[2024-08-27T13:50:23.423+0000][info][gc,start    ] GC(308) Pause Remark
[2024-08-27T13:50:23.426+0000][info][gc          ] GC(308) Pause Remark 1665M->1382M(2048M) 2.283ms
[2024-08-27T13:50:23.426+0000][info][gc,cpu      ] GC(308) User=0.02s Sys=0.00s Real=0.00s
[2024-08-27T13:50:23.426+0000][info][gc,marking  ] GC(308) Concurrent Mark 23.618ms
[2024-08-27T13:50:23.426+0000][info][gc,marking  ] GC(308) Concurrent Rebuild Remembered Sets
[2024-08-27T13:50:23.454+0000][info][gc,start    ] GC(309) Pause Young (Normal) (G1 Evacuation Pause)
[2024-08-27T13:50:23.454+0000][info][gc,task     ] GC(309) Using 49 workers of 68 for evacuation
[2024-08-27T13:50:23.475+0000][info][gc,phases   ] GC(309)   Pre Evacuate Collection Set: 0.2ms
[2024-08-27T13:50:23.475+0000][info][gc,phases   ] GC(309)   Merge Heap Roots: 0.5ms
[2024-08-27T13:50:23.475+0000][info][gc,phases   ] GC(309)   Evacuate Collection Set: 18.3ms
[2024-08-27T13:50:23.475+0000][info][gc,phases   ] GC(309)   Post Evacuate Collection Set: 0.9ms
[2024-08-27T13:50:23.475+0000][info][gc,phases   ] GC(309)   Other: 0.2ms
[2024-08-27T13:50:23.475+0000][info][gc,heap     ] GC(309) Eden regions: 86->0(127)
[2024-08-27T13:50:23.475+0000][info][gc,heap     ] GC(309) Survivor regions: 16->13(13)
[2024-08-27T13:50:23.475+0000][info][gc,heap     ] GC(309) Old regions: 1329->1425
[2024-08-27T13:50:23.475+0000][info][gc,heap     ] GC(309) Archive regions: 2->2
[2024-08-27T13:50:23.475+0000][info][gc,heap     ] GC(309) Humongous regions: 5->5
[2024-08-27T13:50:23.475+0000][info][gc,metaspace] GC(309) Metaspace: 100K(320K)->100K(320K) NonClass: 96K(192K)->96K(192K) Class: 4K(128K)->4K(128K)
[2024-08-27T13:50:23.475+0000][info][gc          ] GC(309) Pause Young (Normal) (G1 Evacuation Pause) 1436M->1443M(2048M) 20.208ms
[2024-08-27T13:50:23.475+0000][info][gc,cpu      ] GC(309) User=0.91s Sys=0.02s Real=0.02s
[2024-08-27T13:50:23.493+0000][info][gc,marking  ] GC(308) Concurrent Rebuild Remembered Sets 67.466ms
[2024-08-27T13:50:23.494+0000][info][gc,start    ] GC(308) Pause Cleanup
[2024-08-27T13:50:23.496+0000][info][gc          ] GC(308) Pause Cleanup 1477M->1477M(2048M) 2.401ms
[2024-08-27T13:50:23.496+0000][info][gc,cpu      ] GC(308) User=0.01s Sys=0.01s Real=0.00s
[2024-08-27T13:50:23.496+0000][info][gc,marking  ] GC(308) Concurrent Cleanup for Next Mark
[2024-08-27T13:50:23.498+0000][info][gc,marking  ] GC(308) Concurrent Cleanup for Next Mark 1.379ms
[2024-08-27T13:50:23.498+0000][info][gc          ] GC(308) Concurrent Mark Cycle 98.908ms
[2024-08-27T13:50:23.545+0000][info][gc,start    ] GC(310) Pause Young (Prepare Mixed) (G1 Evacuation Pause)
[2024-08-27T13:50:23.545+0000][info][gc,task     ] GC(310) Using 49 workers of 68 for evacuation
[2024-08-27T13:50:23.573+0000][info][gc,phases   ] GC(310)   Pre Evacuate Collection Set: 0.3ms
[2024-08-27T13:50:23.573+0000][info][gc,phases   ] GC(310)   Merge Heap Roots: 1.3ms
[2024-08-27T13:50:23.573+0000][info][gc,phases   ] GC(310)   Evacuate Collection Set: 26.3ms
[2024-08-27T13:50:23.573+0000][info][gc,phases   ] GC(310)   Post Evacuate Collection Set: 0.6ms
[2024-08-27T13:50:23.573+0000][info][gc,phases   ] GC(310)   Other: 0.2ms
[2024-08-27T13:50:23.573+0000][info][gc,heap     ] GC(310) Eden regions: 127->0(84)
[2024-08-27T13:50:23.573+0000][info][gc,heap     ] GC(310) Survivor regions: 13->18(18)
[2024-08-27T13:50:23.573+0000][info][gc,heap     ] GC(310) Old regions: 1425->1551
[2024-08-27T13:50:23.573+0000][info][gc,heap     ] GC(310) Archive regions: 2->2
[2024-08-27T13:50:23.573+0000][info][gc,heap     ] GC(310) Humongous regions: 5->5
[2024-08-27T13:50:23.573+0000][info][gc,metaspace] GC(310) Metaspace: 100K(320K)->100K(320K) NonClass: 96K(192K)->96K(192K) Class: 4K(128K)->4K(128K)
[2024-08-27T13:50:23.573+0000][info][gc          ] GC(310) Pause Young (Prepare Mixed) (G1 Evacuation Pause) 1570M->1574M(2048M) 28.724ms
[2024-08-27T13:50:23.573+0000][info][gc,cpu      ] GC(310) User=1.35s Sys=0.00s Real=0.03s
[2024-08-27T13:50:23.617+0000][info][gc,start    ] GC(311) Pause Young (Mixed) (G1 Evacuation Pause)
[2024-08-27T13:50:23.617+0000][info][gc,task     ] GC(311) Using 49 workers of 68 for evacuation
[2024-08-27T13:50:23.637+0000][info][gc,phases   ] GC(311)   Pre Evacuate Collection Set: 0.3ms
[2024-08-27T13:50:23.637+0000][info][gc,phases   ] GC(311)   Merge Heap Roots: 0.8ms
[2024-08-27T13:50:23.637+0000][info][gc,phases   ] GC(311)   Evacuate Collection Set: 17.9ms
[2024-08-27T13:50:23.637+0000][info][gc,phases   ] GC(311)   Post Evacuate Collection Set: 0.6ms
[2024-08-27T13:50:23.637+0000][info][gc,phases   ] GC(311)   Other: 0.2ms
[2024-08-27T13:50:23.637+0000][info][gc,heap     ] GC(311) Eden regions: 84->0(89)
[2024-08-27T13:50:23.637+0000][info][gc,heap     ] GC(311) Survivor regions: 18->13(13)
[2024-08-27T13:50:23.637+0000][info][gc,heap     ] GC(311) Old regions: 1551->1443
[2024-08-27T13:50:23.637+0000][info][gc,heap     ] GC(311) Archive regions: 2->2
[2024-08-27T13:50:23.637+0000][info][gc,heap     ] GC(311) Humongous regions: 5->5
[2024-08-27T13:50:23.637+0000][info][gc,metaspace] GC(311) Metaspace: 100K(320K)->100K(320K) NonClass: 96K(192K)->96K(192K) Class: 4K(128K)->4K(128K)
[2024-08-27T13:50:23.637+0000][info][gc          ] GC(311) Pause Young (Mixed) (G1 Evacuation Pause) 1658M->1461M(2048M) 19.848ms
[2024-08-27T13:50:23.637+0000][info][gc,cpu      ] GC(311) User=0.91s Sys=0.00s Real=0.02s
[2024-08-27T13:50:23.683+0000][info][gc,start    ] GC(312) Pause Young (Mixed) (G1 Evacuation Pause)
[2024-08-27T13:50:23.683+0000][info][gc,task     ] GC(312) Using 49 workers of 68 for evacuation
[2024-08-27T13:50:23.702+0000][info][gc,phases   ] GC(312)   Pre Evacuate Collection Set: 0.4ms
[2024-08-27T13:50:23.702+0000][info][gc,phases   ] GC(312)   Merge Heap Roots: 0.8ms
[2024-08-27T13:50:23.702+0000][info][gc,phases   ] GC(312)   Evacuate Collection Set: 17.4ms
[2024-08-27T13:50:23.702+0000][info][gc,phases   ] GC(312)   Post Evacuate Collection Set: 0.6ms
[2024-08-27T13:50:23.702+0000][info][gc,phases   ] GC(312)   Other: 0.2ms
[2024-08-27T13:50:23.702+0000][info][gc,heap     ] GC(312) Eden regions: 89->0(89)
[2024-08-27T13:50:23.702+0000][info][gc,heap     ] GC(312) Survivor regions: 13->13(13)
[2024-08-27T13:50:23.702+0000][info][gc,heap     ] GC(312) Old regions: 1443->1333
[2024-08-27T13:50:23.702+0000][info][gc,heap     ] GC(312) Archive regions: 2->2
[2024-08-27T13:50:23.702+0000][info][gc,heap     ] GC(312) Humongous regions: 5->5
[2024-08-27T13:50:23.702+0000][info][gc,metaspace] GC(312) Metaspace: 100K(320K)->100K(320K) NonClass: 96K(192K)->96K(192K) Class: 4K(128K)->4K(128K)
[2024-08-27T13:50:23.702+0000][info][gc          ] GC(312) Pause Young (Mixed) (G1 Evacuation Pause) 1550M->1351M(2048M) 19.540ms
[2024-08-27T13:50:23.702+0000][info][gc,cpu      ] GC(312) User=0.88s Sys=0.01s Real=0.02s
[2024-08-27T13:50:23.748+0000][info][gc,start    ] GC(313) Pause Young (Mixed) (G1 Evacuation Pause)
[2024-08-27T13:50:23.748+0000][info][gc,task     ] GC(313) Using 49 workers of 68 for evacuation
[2024-08-27T13:50:23.768+0000][info][gc,phases   ] GC(313)   Pre Evacuate Collection Set: 0.3ms
[2024-08-27T13:50:23.768+0000][info][gc,phases   ] GC(313)   Merge Heap Roots: 0.9ms
[2024-08-27T13:50:23.768+0000][info][gc,phases   ] GC(313)   Evacuate Collection Set: 18.0ms
[2024-08-27T13:50:23.768+0000][info][gc,phases   ] GC(313)   Post Evacuate Collection Set: 0.6ms
[2024-08-27T13:50:23.768+0000][info][gc,phases   ] GC(313)   Other: 0.2ms
[2024-08-27T13:50:23.768+0000][info][gc,heap     ] GC(313) Eden regions: 89->0(89)
[2024-08-27T13:50:23.768+0000][info][gc,heap     ] GC(313) Survivor regions: 13->13(13)
[2024-08-27T13:50:23.768+0000][info][gc,heap     ] GC(313) Old regions: 1333->1222
[2024-08-27T13:50:23.768+0000][info][gc,heap     ] GC(313) Archive regions: 2->2
[2024-08-27T13:50:23.768+0000][info][gc,heap     ] GC(313) Humongous regions: 5->5
[2024-08-27T13:50:23.768+0000][info][gc,metaspace] GC(313) Metaspace: 100K(320K)->100K(320K) NonClass: 96K(192K)->96K(192K) Class: 4K(128K)->4K(128K)
[2024-08-27T13:50:23.768+0000][info][gc          ] GC(313) Pause Young (Mixed) (G1 Evacuation Pause) 1440M->1240M(2048M) 20.132ms
[2024-08-27T13:50:23.768+0000][info][gc,cpu      ] GC(313) User=0.92s Sys=0.00s Real=0.02s
[2024-08-27T13:50:23.813+0000][info][gc,start    ] GC(314) Pause Young (Mixed) (G1 Evacuation Pause)
[2024-08-27T13:50:23.813+0000][info][gc,task     ] GC(314) Using 49 workers of 68 for evacuation
[2024-08-27T13:50:23.833+0000][info][gc,phases   ] GC(314)   Pre Evacuate Collection Set: 0.3ms
[2024-08-27T13:50:23.833+0000][info][gc,phases   ] GC(314)   Merge Heap Roots: 1.0ms
[2024-08-27T13:50:23.833+0000][info][gc,phases   ] GC(314)   Evacuate Collection Set: 17.9ms
[2024-08-27T13:50:23.833+0000][info][gc,phases   ] GC(314)   Post Evacuate Collection Set: 0.6ms
[2024-08-27T13:50:23.833+0000][info][gc,phases   ] GC(314)   Other: 0.2ms
[2024-08-27T13:50:23.833+0000][info][gc,heap     ] GC(314) Eden regions: 89->0(218)
[2024-08-27T13:50:23.833+0000][info][gc,heap     ] GC(314) Survivor regions: 13->13(13)
[2024-08-27T13:50:23.833+0000][info][gc,heap     ] GC(314) Old regions: 1222->1144
[2024-08-27T13:50:23.833+0000][info][gc,heap     ] GC(314) Archive regions: 2->2
[2024-08-27T13:50:23.833+0000][info][gc,heap     ] GC(314) Humongous regions: 5->5
[2024-08-27T13:50:23.833+0000][info][gc,metaspace] GC(314) Metaspace: 100K(320K)->100K(320K) NonClass: 96K(192K)->96K(192K) Class: 4K(128K)->4K(128K)
[2024-08-27T13:50:23.833+0000][info][gc          ] GC(314) Pause Young (Mixed) (G1 Evacuation Pause) 1329M->1162M(2048M) 20.054ms
[2024-08-27T13:50:23.833+0000][info][gc,cpu      ] GC(314) User=0.91s Sys=0.00s Real=0.02s
[2024-08-27T13:50:23.941+0000][info][gc,start    ] GC(315) Pause Young (Normal) (G1 Evacuation Pause)
[2024-08-27T13:50:23.941+0000][info][gc,task     ] GC(315) Using 49 workers of 68 for evacuation
[2024-08-27T13:50:23.979+0000][info][gc,phases   ] GC(315)   Pre Evacuate Collection Set: 0.3ms
[2024-08-27T13:50:23.979+0000][info][gc,phases   ] GC(315)   Merge Heap Roots: 1.1ms
[2024-08-27T13:50:23.979+0000][info][gc,phases   ] GC(315)   Evacuate Collection Set: 35.9ms
[2024-08-27T13:50:23.979+0000][info][gc,phases   ] GC(315)   Post Evacuate Collection Set: 0.6ms
[2024-08-27T13:50:23.979+0000][info][gc,phases   ] GC(315)   Other: 0.2ms
[2024-08-27T13:50:23.979+0000][info][gc,heap     ] GC(315) Eden regions: 218->0(148)
[2024-08-27T13:50:23.979+0000][info][gc,heap     ] GC(315) Survivor regions: 13->29(29)
[2024-08-27T13:50:23.979+0000][info][gc,heap     ] GC(315) Old regions: 1144->1343
[2024-08-27T13:50:23.979+0000][info][gc,heap     ] GC(315) Archive regions: 2->2
[2024-08-27T13:50:23.979+0000][info][gc,heap     ] GC(315) Humongous regions: 5->5
[2024-08-27T13:50:23.979+0000][info][gc,metaspace] GC(315) Metaspace: 100K(320K)->100K(320K) NonClass: 96K(192K)->96K(192K) Class: 4K(128K)->4K(128K)
[2024-08-27T13:50:23.979+0000][info][gc          ] GC(315) Pause Young (Normal) (G1 Evacuation Pause) 1380M->1377M(2048M) 38.107ms
[2024-08-27T13:50:23.979+0000][info][gc,cpu      ] GC(315) User=1.79s Sys=0.00s Real=0.04s
[2024-08-27T13:50:24.054+0000][info][gc,start    ] GC(316) Pause Young (Normal) (G1 Evacuation Pause)
[2024-08-27T13:50:24.054+0000][info][gc,task     ] GC(316) Using 49 workers of 68 for evacuation
[2024-08-27T13:50:24.085+0000][info][gc,phases   ] GC(316)   Pre Evacuate Collection Set: 0.3ms
[2024-08-27T13:50:24.085+0000][info][gc,phases   ] GC(316)   Merge Heap Roots: 0.7ms
[2024-08-27T13:50:24.085+0000][info][gc,phases   ] GC(316)   Evacuate Collection Set: 29.7ms
[2024-08-27T13:50:24.085+0000][info][gc,phases   ] GC(316)   Post Evacuate Collection Set: 0.5ms
[2024-08-27T13:50:24.085+0000][info][gc,phases   ] GC(316)   Other: 0.2ms
[2024-08-27T13:50:24.085+0000][info][gc,heap     ] GC(316) Eden regions: 148->0(99)
[2024-08-27T13:50:24.085+0000][info][gc,heap     ] GC(316) Survivor regions: 29->23(23)
[2024-08-27T13:50:24.085+0000][info][gc,heap     ] GC(316) Old regions: 1343->1501
[2024-08-27T13:50:24.085+0000][info][gc,heap     ] GC(316) Archive regions: 2->2
[2024-08-27T13:50:24.085+0000][info][gc,heap     ] GC(316) Humongous regions: 5->5
[2024-08-27T13:50:24.085+0000][info][gc,metaspace] GC(316) Metaspace: 100K(320K)->100K(320K) NonClass: 96K(192K)->96K(192K) Class: 4K(128K)->4K(128K)
[2024-08-27T13:50:24.085+0000][info][gc          ] GC(316) Pause Young (Normal) (G1 Evacuation Pause) 1525M->1529M(2048M) 31.418ms
[2024-08-27T13:50:24.085+0000][info][gc,cpu      ] GC(316) User=1.45s Sys=0.02s Real=0.03s
[2024-08-27T13:50:24.136+0000][info][gc,start    ] GC(317) Pause Young (Concurrent Start) (G1 Evacuation Pause)
[2024-08-27T13:50:24.136+0000][info][gc,task     ] GC(317) Using 49 workers of 68 for evacuation
[2024-08-27T13:50:24.159+0000][info][gc,phases   ] GC(317)   Pre Evacuate Collection Set: 0.2ms
[2024-08-27T13:50:24.159+0000][info][gc,phases   ] GC(317)   Merge Heap Roots: 0.9ms
[2024-08-27T13:50:24.159+0000][info][gc,phases   ] GC(317)   Evacuate Collection Set: 21.1ms
[2024-08-27T13:50:24.159+0000][info][gc,phases   ] GC(317)   Post Evacuate Collection Set: 0.5ms
[2024-08-27T13:50:24.159+0000][info][gc,phases   ] GC(317)   Other: 0.6ms
[2024-08-27T13:50:24.159+0000][info][gc,heap     ] GC(317) Eden regions: 99->0(86)
[2024-08-27T13:50:24.159+0000][info][gc,heap     ] GC(317) Survivor regions: 23->16(16)
[2024-08-27T13:50:24.159+0000][info][gc,heap     ] GC(317) Old regions: 1501->1616
[2024-08-27T13:50:24.159+0000][info][gc,heap     ] GC(317) Archive regions: 2->2
[2024-08-27T13:50:24.159+0000][info][gc,heap     ] GC(317) Humongous regions: 5->5
[2024-08-27T13:50:24.159+0000][info][gc,metaspace] GC(317) Metaspace: 100K(320K)->100K(320K) NonClass: 96K(192K)->96K(192K) Class: 4K(128K)->4K(128K)
[2024-08-27T13:50:24.159+0000][info][gc          ] GC(317) Pause Young (Concurrent Start) (G1 Evacuation Pause) 1628M->1637M(2048M) 23.359ms
[2024-08-27T13:50:24.159+0000][info][gc,cpu      ] GC(317) User=1.07s Sys=0.00s Real=0.03s
[2024-08-27T13:50:24.159+0000][info][gc          ] GC(318) Concurrent Mark Cycle
[2024-08-27T13:50:24.160+0000][info][gc,marking  ] GC(318) Concurrent Clear Claimed Marks
[2024-08-27T13:50:24.160+0000][info][gc,marking  ] GC(318) Concurrent Clear Claimed Marks 0.010ms
[2024-08-27T13:50:24.160+0000][info][gc,marking  ] GC(318) Concurrent Scan Root Regions
[2024-08-27T13:50:24.163+0000][info][gc,marking  ] GC(318) Concurrent Scan Root Regions 3.373ms
[2024-08-27T13:50:24.163+0000][info][gc,marking  ] GC(318) Concurrent Mark
[2024-08-27T13:50:24.163+0000][info][gc,marking  ] GC(318) Concurrent Mark From Roots
[2024-08-27T13:50:24.163+0000][info][gc,task     ] GC(318) Using 17 workers of 17 for marking
[2024-08-27T13:50:24.184+0000][info][gc,marking  ] GC(318) Concurrent Mark From Roots 20.868ms
[2024-08-27T13:50:24.184+0000][info][gc,marking  ] GC(318) Concurrent Preclean
[2024-08-27T13:50:24.184+0000][info][gc,marking  ] GC(318) Concurrent Preclean 0.497ms
[2024-08-27T13:50:24.185+0000][info][gc,start    ] GC(318) Pause Remark
[2024-08-27T13:50:24.187+0000][info][gc          ] GC(318) Pause Remark 1669M->1385M(2048M) 2.022ms
[2024-08-27T13:50:24.187+0000][info][gc,cpu      ] GC(318) User=0.02s Sys=0.00s Real=0.00s
[2024-08-27T13:50:24.187+0000][info][gc,marking  ] GC(318) Concurrent Mark 23.886ms
[2024-08-27T13:50:24.187+0000][info][gc,marking  ] GC(318) Concurrent Rebuild Remembered Sets
[2024-08-27T13:50:24.215+0000][info][gc,start    ] GC(319) Pause Young (Normal) (G1 Evacuation Pause)
[2024-08-27T13:50:24.215+0000][info][gc,task     ] GC(319) Using 49 workers of 68 for evacuation
[2024-08-27T13:50:24.235+0000][info][gc,phases   ] GC(319)   Pre Evacuate Collection Set: 0.2ms
[2024-08-27T13:50:24.235+0000][info][gc,phases   ] GC(319)   Merge Heap Roots: 0.5ms
[2024-08-27T13:50:24.235+0000][info][gc,phases   ] GC(319)   Evacuate Collection Set: 18.4ms
[2024-08-27T13:50:24.235+0000][info][gc,phases   ] GC(319)   Post Evacuate Collection Set: 0.9ms
[2024-08-27T13:50:24.235+0000][info][gc,phases   ] GC(319)   Other: 0.2ms
[2024-08-27T13:50:24.235+0000][info][gc,heap     ] GC(319) Eden regions: 86->0(126)
[2024-08-27T13:50:24.235+0000][info][gc,heap     ] GC(319) Survivor regions: 16->13(13)
[2024-08-27T13:50:24.235+0000][info][gc,heap     ] GC(319) Old regions: 1332->1429
[2024-08-27T13:50:24.235+0000][info][gc,heap     ] GC(319) Archive regions: 2->2
[2024-08-27T13:50:24.235+0000][info][gc,heap     ] GC(319) Humongous regions: 5->5
[2024-08-27T13:50:24.235+0000][info][gc,metaspace] GC(319) Metaspace: 100K(320K)->100K(320K) NonClass: 96K(192K)->96K(192K) Class: 4K(128K)->4K(128K)
[2024-08-27T13:50:24.235+0000][info][gc          ] GC(319) Pause Young (Normal) (G1 Evacuation Pause) 1439M->1447M(2048M) 20.302ms
[2024-08-27T13:50:24.235+0000][info][gc,cpu      ] GC(319) User=0.92s Sys=0.01s Real=0.02s
[2024-08-27T13:50:24.254+0000][info][gc,marking  ] GC(318) Concurrent Rebuild Remembered Sets 66.745ms
[2024-08-27T13:50:24.254+0000][info][gc,start    ] GC(318) Pause Cleanup
[2024-08-27T13:50:24.256+0000][info][gc          ] GC(318) Pause Cleanup 1480M->1480M(2048M) 2.206ms
[2024-08-27T13:50:24.256+0000][info][gc,cpu      ] GC(318) User=0.01s Sys=0.00s Real=0.00s
[2024-08-27T13:50:24.256+0000][info][gc,marking  ] GC(318) Concurrent Cleanup for Next Mark
[2024-08-27T13:50:24.258+0000][info][gc,marking  ] GC(318) Concurrent Cleanup for Next Mark 1.374ms
[2024-08-27T13:50:24.258+0000][info][gc          ] GC(318) Concurrent Mark Cycle 98.285ms
[2024-08-27T13:50:24.305+0000][info][gc,start    ] GC(320) Pause Young (Prepare Mixed) (G1 Evacuation Pause)
[2024-08-27T13:50:24.305+0000][info][gc,task     ] GC(320) Using 49 workers of 68 for evacuation
[2024-08-27T13:50:24.334+0000][info][gc,phases   ] GC(320)   Pre Evacuate Collection Set: 0.3ms
[2024-08-27T13:50:24.334+0000][info][gc,phases   ] GC(320)   Merge Heap Roots: 1.2ms
[2024-08-27T13:50:24.334+0000][info][gc,phases   ] GC(320)   Evacuate Collection Set: 27.0ms
[2024-08-27T13:50:24.334+0000][info][gc,phases   ] GC(320)   Post Evacuate Collection Set: 0.6ms
[2024-08-27T13:50:24.334+0000][info][gc,phases   ] GC(320)   Other: 0.2ms
[2024-08-27T13:50:24.334+0000][info][gc,heap     ] GC(320) Eden regions: 126->0(84)
[2024-08-27T13:50:24.334+0000][info][gc,heap     ] GC(320) Survivor regions: 13->18(18)
[2024-08-27T13:50:24.334+0000][info][gc,heap     ] GC(320) Old regions: 1429->1553
[2024-08-27T13:50:24.334+0000][info][gc,heap     ] GC(320) Archive regions: 2->2
[2024-08-27T13:50:24.334+0000][info][gc,heap     ] GC(320) Humongous regions: 5->5
[2024-08-27T13:50:24.334+0000][info][gc,metaspace] GC(320) Metaspace: 100K(320K)->100K(320K) NonClass: 96K(192K)->96K(192K) Class: 4K(128K)->4K(128K)
[2024-08-27T13:50:24.334+0000][info][gc          ] GC(320) Pause Young (Prepare Mixed) (G1 Evacuation Pause) 1573M->1576M(2048M) 29.302ms
[2024-08-27T13:50:24.334+0000][info][gc,cpu      ] GC(320) User=1.37s Sys=0.00s Real=0.03s
[2024-08-27T13:50:24.377+0000][info][gc,start    ] GC(321) Pause Young (Mixed) (G1 Evacuation Pause)
[2024-08-27T13:50:24.377+0000][info][gc,task     ] GC(321) Using 49 workers of 68 for evacuation
[2024-08-27T13:50:24.397+0000][info][gc,phases   ] GC(321)   Pre Evacuate Collection Set: 0.3ms
[2024-08-27T13:50:24.397+0000][info][gc,phases   ] GC(321)   Merge Heap Roots: 0.9ms
[2024-08-27T13:50:24.397+0000][info][gc,phases   ] GC(321)   Evacuate Collection Set: 17.9ms
[2024-08-27T13:50:24.397+0000][info][gc,phases   ] GC(321)   Post Evacuate Collection Set: 0.6ms
[2024-08-27T13:50:24.397+0000][info][gc,phases   ] GC(321)   Other: 0.2ms
[2024-08-27T13:50:24.397+0000][info][gc,heap     ] GC(321) Eden regions: 84->0(89)
[2024-08-27T13:50:24.397+0000][info][gc,heap     ] GC(321) Survivor regions: 18->13(13)
[2024-08-27T13:50:24.397+0000][info][gc,heap     ] GC(321) Old regions: 1553->1444
[2024-08-27T13:50:24.397+0000][info][gc,heap     ] GC(321) Archive regions: 2->2
[2024-08-27T13:50:24.397+0000][info][gc,heap     ] GC(321) Humongous regions: 5->5
[2024-08-27T13:50:24.397+0000][info][gc,metaspace] GC(321) Metaspace: 100K(320K)->100K(320K) NonClass: 96K(192K)->96K(192K) Class: 4K(128K)->4K(128K)
[2024-08-27T13:50:24.397+0000][info][gc          ] GC(321) Pause Young (Mixed) (G1 Evacuation Pause) 1660M->1462M(2048M) 20.021ms
[2024-08-27T13:50:24.397+0000][info][gc,cpu      ] GC(321) User=0.90s Sys=0.01s Real=0.02s
[2024-08-27T13:50:24.443+0000][info][gc,start    ] GC(322) Pause Young (Mixed) (G1 Evacuation Pause)
[2024-08-27T13:50:24.443+0000][info][gc,task     ] GC(322) Using 49 workers of 68 for evacuation
[2024-08-27T13:50:24.466+0000][info][gc,phases   ] GC(322)   Pre Evacuate Collection Set: 0.3ms
[2024-08-27T13:50:24.466+0000][info][gc,phases   ] GC(322)   Merge Heap Roots: 0.8ms
[2024-08-27T13:50:24.466+0000][info][gc,phases   ] GC(322)   Evacuate Collection Set: 21.1ms
[2024-08-27T13:50:24.466+0000][info][gc,phases   ] GC(322)   Post Evacuate Collection Set: 0.7ms
[2024-08-27T13:50:24.466+0000][info][gc,phases   ] GC(322)   Other: 0.2ms
[2024-08-27T13:50:24.466+0000][info][gc,heap     ] GC(322) Eden regions: 89->0(89)
[2024-08-27T13:50:24.466+0000][info][gc,heap     ] GC(322) Survivor regions: 13->13(13)
[2024-08-27T13:50:24.466+0000][info][gc,heap     ] GC(322) Old regions: 1444->1332
[2024-08-27T13:50:24.466+0000][info][gc,heap     ] GC(322) Archive regions: 2->2
[2024-08-27T13:50:24.466+0000][info][gc,heap     ] GC(322) Humongous regions: 5->5
[2024-08-27T13:50:24.466+0000][info][gc,metaspace] GC(322) Metaspace: 100K(320K)->100K(320K) NonClass: 96K(192K)->96K(192K) Class: 4K(128K)->4K(128K)
[2024-08-27T13:50:24.466+0000][info][gc          ] GC(322) Pause Young (Mixed) (G1 Evacuation Pause) 1551M->1350M(2048M) 23.192ms
[2024-08-27T13:50:24.466+0000][info][gc,cpu      ] GC(322) User=0.79s Sys=0.20s Real=0.02s
[2024-08-27T13:50:24.518+0000][info][gc,start    ] GC(323) Pause Young (Mixed) (G1 Evacuation Pause)
[2024-08-27T13:50:24.518+0000][info][gc,task     ] GC(323) Using 49 workers of 68 for evacuation
[2024-08-27T13:50:24.537+0000][info][gc,phases   ] GC(323)   Pre Evacuate Collection Set: 0.4ms
[2024-08-27T13:50:24.538+0000][info][gc,phases   ] GC(323)   Merge Heap Roots: 0.9ms
[2024-08-27T13:50:24.538+0000][info][gc,phases   ] GC(323)   Evacuate Collection Set: 17.8ms
[2024-08-27T13:50:24.538+0000][info][gc,phases   ] GC(323)   Post Evacuate Collection Set: 0.7ms
[2024-08-27T13:50:24.538+0000][info][gc,phases   ] GC(323)   Other: 0.2ms
[2024-08-27T13:50:24.538+0000][info][gc,heap     ] GC(323) Eden regions: 89->0(89)
[2024-08-27T13:50:24.538+0000][info][gc,heap     ] GC(323) Survivor regions: 13->13(13)
[2024-08-27T13:50:24.538+0000][info][gc,heap     ] GC(323) Old regions: 1332->1220
[2024-08-27T13:50:24.538+0000][info][gc,heap     ] GC(323) Archive regions: 2->2
[2024-08-27T13:50:24.538+0000][info][gc,heap     ] GC(323) Humongous regions: 5->5
[2024-08-27T13:50:24.538+0000][info][gc,metaspace] GC(323) Metaspace: 100K(320K)->100K(320K) NonClass: 96K(192K)->96K(192K) Class: 4K(128K)->4K(128K)
[2024-08-27T13:50:24.538+0000][info][gc          ] GC(323) Pause Young (Mixed) (G1 Evacuation Pause) 1439M->1238M(2048M) 20.093ms
[2024-08-27T13:50:24.538+0000][info][gc,cpu      ] GC(323) User=0.90s Sys=0.01s Real=0.02s
[2024-08-27T13:50:24.583+0000][info][gc,start    ] GC(324) Pause Young (Mixed) (G1 Evacuation Pause)
[2024-08-27T13:50:24.583+0000][info][gc,task     ] GC(324) Using 49 workers of 68 for evacuation
[2024-08-27T13:50:24.603+0000][info][gc,phases   ] GC(324)   Pre Evacuate Collection Set: 0.3ms
[2024-08-27T13:50:24.603+0000][info][gc,phases   ] GC(324)   Merge Heap Roots: 0.9ms
[2024-08-27T13:50:24.603+0000][info][gc,phases   ] GC(324)   Evacuate Collection Set: 17.9ms
[2024-08-27T13:50:24.603+0000][info][gc,phases   ] GC(324)   Post Evacuate Collection Set: 0.6ms
[2024-08-27T13:50:24.603+0000][info][gc,phases   ] GC(324)   Other: 0.2ms
[2024-08-27T13:50:24.603+0000][info][gc,heap     ] GC(324) Eden regions: 89->0(219)
[2024-08-27T13:50:24.603+0000][info][gc,heap     ] GC(324) Survivor regions: 13->13(13)
[2024-08-27T13:50:24.603+0000][info][gc,heap     ] GC(324) Old regions: 1220->1140
[2024-08-27T13:50:24.603+0000][info][gc,heap     ] GC(324) Archive regions: 2->2
[2024-08-27T13:50:24.603+0000][info][gc,heap     ] GC(324) Humongous regions: 5->5
[2024-08-27T13:50:24.603+0000][info][gc,metaspace] GC(324) Metaspace: 100K(320K)->100K(320K) NonClass: 96K(192K)->96K(192K) Class: 4K(128K)->4K(128K)
[2024-08-27T13:50:24.603+0000][info][gc          ] GC(324) Pause Young (Mixed) (G1 Evacuation Pause) 1327M->1158M(2048M) 20.092ms
[2024-08-27T13:50:24.603+0000][info][gc,cpu      ] GC(324) User=0.92s Sys=0.00s Real=0.02s
[2024-08-27T13:50:24.714+0000][info][gc,start    ] GC(325) Pause Young (Normal) (G1 Evacuation Pause)
[2024-08-27T13:50:24.715+0000][info][gc,task     ] GC(325) Using 49 workers of 68 for evacuation
[2024-08-27T13:50:24.753+0000][info][gc,phases   ] GC(325)   Pre Evacuate Collection Set: 0.3ms
[2024-08-27T13:50:24.753+0000][info][gc,phases   ] GC(325)   Merge Heap Roots: 1.0ms
[2024-08-27T13:50:24.753+0000][info][gc,phases   ] GC(325)   Evacuate Collection Set: 36.2ms
[2024-08-27T13:50:24.753+0000][info][gc,phases   ] GC(325)   Post Evacuate Collection Set: 0.6ms
[2024-08-27T13:50:24.753+0000][info][gc,phases   ] GC(325)   Other: 0.2ms
[2024-08-27T13:50:24.753+0000][info][gc,heap     ] GC(325) Eden regions: 219->0(150)
[2024-08-27T13:50:24.753+0000][info][gc,heap     ] GC(325) Survivor regions: 13->29(29)
[2024-08-27T13:50:24.753+0000][info][gc,heap     ] GC(325) Old regions: 1140->1338
[2024-08-27T13:50:24.753+0000][info][gc,heap     ] GC(325) Archive regions: 2->2
[2024-08-27T13:50:24.753+0000][info][gc,heap     ] GC(325) Humongous regions: 5->5
[2024-08-27T13:50:24.753+0000][info][gc,metaspace] GC(325) Metaspace: 100K(320K)->100K(320K) NonClass: 96K(192K)->96K(192K) Class: 4K(128K)->4K(128K)
[2024-08-27T13:50:24.753+0000][info][gc          ] GC(325) Pause Young (Normal) (G1 Evacuation Pause) 1377M->1372M(2048M) 38.321ms
[2024-08-27T13:50:24.753+0000][info][gc,cpu      ] GC(325) User=1.79s Sys=0.02s Real=0.04s
[2024-08-27T13:50:24.827+0000][info][gc,start    ] GC(326) Pause Young (Normal) (G1 Evacuation Pause)
[2024-08-27T13:50:24.828+0000][info][gc,task     ] GC(326) Using 49 workers of 68 for evacuation
[2024-08-27T13:50:24.859+0000][info][gc,phases   ] GC(326)   Pre Evacuate Collection Set: 0.3ms
[2024-08-27T13:50:24.859+0000][info][gc,phases   ] GC(326)   Merge Heap Roots: 0.6ms
[2024-08-27T13:50:24.859+0000][info][gc,phases   ] GC(326)   Evacuate Collection Set: 29.6ms
[2024-08-27T13:50:24.859+0000][info][gc,phases   ] GC(326)   Post Evacuate Collection Set: 0.6ms
[2024-08-27T13:50:24.859+0000][info][gc,phases   ] GC(326)   Other: 0.2ms
[2024-08-27T13:50:24.859+0000][info][gc,heap     ] GC(326) Eden regions: 150->0(100)
[2024-08-27T13:50:24.859+0000][info][gc,heap     ] GC(326) Survivor regions: 29->23(23)
[2024-08-27T13:50:24.859+0000][info][gc,heap     ] GC(326) Old regions: 1338->1498
[2024-08-27T13:50:24.859+0000][info][gc,heap     ] GC(326) Archive regions: 2->2
[2024-08-27T13:50:24.859+0000][info][gc,heap     ] GC(326) Humongous regions: 5->5
[2024-08-27T13:50:24.859+0000][info][gc,metaspace] GC(326) Metaspace: 100K(320K)->100K(320K) NonClass: 96K(192K)->96K(192K) Class: 4K(128K)->4K(128K)
[2024-08-27T13:50:24.859+0000][info][gc          ] GC(326) Pause Young (Normal) (G1 Evacuation Pause) 1522M->1526M(2048M) 31.273ms
[2024-08-27T13:50:24.859+0000][info][gc,cpu      ] GC(326) User=1.48s Sys=0.00s Real=0.04s
[2024-08-27T13:50:24.911+0000][info][gc,start    ] GC(327) Pause Young (Concurrent Start) (G1 Evacuation Pause)
[2024-08-27T13:50:24.911+0000][info][gc,task     ] GC(327) Using 49 workers of 68 for evacuation
[2024-08-27T13:50:24.935+0000][info][gc,phases   ] GC(327)   Pre Evacuate Collection Set: 0.3ms
[2024-08-27T13:50:24.935+0000][info][gc,phases   ] GC(327)   Merge Heap Roots: 0.9ms
[2024-08-27T13:50:24.936+0000][info][gc,phases   ] GC(327)   Evacuate Collection Set: 21.9ms
[2024-08-27T13:50:24.936+0000][info][gc,phases   ] GC(327)   Post Evacuate Collection Set: 0.6ms
[2024-08-27T13:50:24.936+0000][info][gc,phases   ] GC(327)   Other: 1.2ms
[2024-08-27T13:50:24.936+0000][info][gc,heap     ] GC(327) Eden regions: 100->0(86)
[2024-08-27T13:50:24.936+0000][info][gc,heap     ] GC(327) Survivor regions: 23->16(16)
[2024-08-27T13:50:24.936+0000][info][gc,heap     ] GC(327) Old regions: 1498->1613
[2024-08-27T13:50:24.936+0000][info][gc,heap     ] GC(327) Archive regions: 2->2
[2024-08-27T13:50:24.936+0000][info][gc,heap     ] GC(327) Humongous regions: 5->5
[2024-08-27T13:50:24.936+0000][info][gc,metaspace] GC(327) Metaspace: 100K(320K)->100K(320K) NonClass: 96K(192K)->96K(192K) Class: 4K(128K)->4K(128K)
[2024-08-27T13:50:24.936+0000][info][gc          ] GC(327) Pause Young (Concurrent Start) (G1 Evacuation Pause) 1626M->1634M(2048M) 25.259ms
[2024-08-27T13:50:24.936+0000][info][gc,cpu      ] GC(327) User=1.10s Sys=0.00s Real=0.02s
[2024-08-27T13:50:24.936+0000][info][gc          ] GC(328) Concurrent Mark Cycle
[2024-08-27T13:50:24.936+0000][info][gc,marking  ] GC(328) Concurrent Clear Claimed Marks
[2024-08-27T13:50:24.936+0000][info][gc,marking  ] GC(328) Concurrent Clear Claimed Marks 0.010ms
[2024-08-27T13:50:24.936+0000][info][gc,marking  ] GC(328) Concurrent Scan Root Regions
[2024-08-27T13:50:24.939+0000][info][gc,marking  ] GC(328) Concurrent Scan Root Regions 3.279ms
[2024-08-27T13:50:24.939+0000][info][gc,marking  ] GC(328) Concurrent Mark
[2024-08-27T13:50:24.939+0000][info][gc,marking  ] GC(328) Concurrent Mark From Roots
[2024-08-27T13:50:24.939+0000][info][gc,task     ] GC(328) Using 17 workers of 17 for marking
[2024-08-27T13:50:24.960+0000][info][gc,marking  ] GC(328) Concurrent Mark From Roots 20.252ms
[2024-08-27T13:50:24.960+0000][info][gc,marking  ] GC(328) Concurrent Preclean
[2024-08-27T13:50:24.960+0000][info][gc,marking  ] GC(328) Concurrent Preclean 0.498ms
[2024-08-27T13:50:24.961+0000][info][gc,start    ] GC(328) Pause Remark
[2024-08-27T13:50:24.964+0000][info][gc          ] GC(328) Pause Remark 1665M->1381M(2048M) 3.139ms
[2024-08-27T13:50:24.964+0000][info][gc,cpu      ] GC(328) User=0.02s Sys=0.00s Real=0.00s
[2024-08-27T13:50:24.964+0000][info][gc,marking  ] GC(328) Concurrent Mark 24.461ms
[2024-08-27T13:50:24.964+0000][info][gc,marking  ] GC(328) Concurrent Rebuild Remembered Sets
[2024-08-27T13:50:24.994+0000][info][gc,start    ] GC(329) Pause Young (Normal) (G1 Evacuation Pause)
[2024-08-27T13:50:24.994+0000][info][gc,task     ] GC(329) Using 49 workers of 68 for evacuation
[2024-08-27T13:50:25.014+0000][info][gc,phases   ] GC(329)   Pre Evacuate Collection Set: 0.4ms
[2024-08-27T13:50:25.014+0000][info][gc,phases   ] GC(329)   Merge Heap Roots: 0.5ms
[2024-08-27T13:50:25.014+0000][info][gc,phases   ] GC(329)   Evacuate Collection Set: 18.2ms
[2024-08-27T13:50:25.014+0000][info][gc,phases   ] GC(329)   Post Evacuate Collection Set: 1.0ms
[2024-08-27T13:50:25.014+0000][info][gc,phases   ] GC(329)   Other: 0.4ms
[2024-08-27T13:50:25.014+0000][info][gc,heap     ] GC(329) Eden regions: 86->0(127)
[2024-08-27T13:50:25.014+0000][info][gc,heap     ] GC(329) Survivor regions: 16->13(13)
[2024-08-27T13:50:25.014+0000][info][gc,heap     ] GC(329) Old regions: 1329->1425
[2024-08-27T13:50:25.014+0000][info][gc,heap     ] GC(329) Archive regions: 2->2
[2024-08-27T13:50:25.014+0000][info][gc,heap     ] GC(329) Humongous regions: 5->5
[2024-08-27T13:50:25.014+0000][info][gc,metaspace] GC(329) Metaspace: 100K(320K)->100K(320K) NonClass: 96K(192K)->96K(192K) Class: 4K(128K)->4K(128K)
[2024-08-27T13:50:25.014+0000][info][gc          ] GC(329) Pause Young (Normal) (G1 Evacuation Pause) 1436M->1443M(2048M) 20.719ms
[2024-08-27T13:50:25.014+0000][info][gc,cpu      ] GC(329) User=0.92s Sys=0.00s Real=0.02s
[2024-08-27T13:50:25.033+0000][info][gc,marking  ] GC(328) Concurrent Rebuild Remembered Sets 69.198ms
[2024-08-27T13:50:25.033+0000][info][gc,start    ] GC(328) Pause Cleanup
[2024-08-27T13:50:25.037+0000][info][gc          ] GC(328) Pause Cleanup 1477M->1477M(2048M) 4.022ms
[2024-08-27T13:50:25.038+0000][info][gc,cpu      ] GC(328) User=0.01s Sys=0.00s Real=0.01s
[2024-08-27T13:50:25.038+0000][info][gc,marking  ] GC(328) Concurrent Cleanup for Next Mark
[2024-08-27T13:50:25.039+0000][info][gc,marking  ] GC(328) Concurrent Cleanup for Next Mark 1.409ms
[2024-08-27T13:50:25.039+0000][info][gc          ] GC(328) Concurrent Mark Cycle 103.207ms
[2024-08-27T13:50:25.086+0000][info][gc,start    ] GC(330) Pause Young (Prepare Mixed) (G1 Evacuation Pause)
[2024-08-27T13:50:25.086+0000][info][gc,task     ] GC(330) Using 49 workers of 68 for evacuation
[2024-08-27T13:50:25.118+0000][info][gc,phases   ] GC(330)   Pre Evacuate Collection Set: 0.3ms
[2024-08-27T13:50:25.118+0000][info][gc,phases   ] GC(330)   Merge Heap Roots: 1.3ms
[2024-08-27T13:50:25.118+0000][info][gc,phases   ] GC(330)   Evacuate Collection Set: 29.7ms
[2024-08-27T13:50:25.118+0000][info][gc,phases   ] GC(330)   Post Evacuate Collection Set: 0.6ms
[2024-08-27T13:50:25.118+0000][info][gc,phases   ] GC(330)   Other: 0.3ms
[2024-08-27T13:50:25.118+0000][info][gc,heap     ] GC(330) Eden regions: 127->0(84)
[2024-08-27T13:50:25.118+0000][info][gc,heap     ] GC(330) Survivor regions: 13->18(18)
[2024-08-27T13:50:25.118+0000][info][gc,heap     ] GC(330) Old regions: 1425->1550
[2024-08-27T13:50:25.118+0000][info][gc,heap     ] GC(330) Archive regions: 2->2
[2024-08-27T13:50:25.118+0000][info][gc,heap     ] GC(330) Humongous regions: 5->5
[2024-08-27T13:50:25.118+0000][info][gc,metaspace] GC(330) Metaspace: 100K(320K)->100K(320K) NonClass: 96K(192K)->96K(192K) Class: 4K(128K)->4K(128K)
[2024-08-27T13:50:25.118+0000][info][gc          ] GC(330) Pause Young (Prepare Mixed) (G1 Evacuation Pause) 1570M->1573M(2048M) 32.190ms
[2024-08-27T13:50:25.118+0000][info][gc,cpu      ] GC(330) User=1.32s Sys=0.02s Real=0.04s
[2024-08-27T13:50:25.181+0000][info][gc,start    ] GC(331) Pause Young (Mixed) (G1 Evacuation Pause)
[2024-08-27T13:50:25.181+0000][info][gc,task     ] GC(331) Using 49 workers of 68 for evacuation
[2024-08-27T13:50:25.202+0000][info][gc,phases   ] GC(331)   Pre Evacuate Collection Set: 0.3ms
[2024-08-27T13:50:25.202+0000][info][gc,phases   ] GC(331)   Merge Heap Roots: 0.8ms
[2024-08-27T13:50:25.202+0000][info][gc,phases   ] GC(331)   Evacuate Collection Set: 19.1ms
[2024-08-27T13:50:25.202+0000][info][gc,phases   ] GC(331)   Post Evacuate Collection Set: 0.7ms
[2024-08-27T13:50:25.202+0000][info][gc,phases   ] GC(331)   Other: 0.3ms
[2024-08-27T13:50:25.202+0000][info][gc,heap     ] GC(331) Eden regions: 84->0(89)
[2024-08-27T13:50:25.202+0000][info][gc,heap     ] GC(331) Survivor regions: 18->13(13)
[2024-08-27T13:50:25.202+0000][info][gc,heap     ] GC(331) Old regions: 1550->1441
[2024-08-27T13:50:25.202+0000][info][gc,heap     ] GC(331) Archive regions: 2->2
[2024-08-27T13:50:25.202+0000][info][gc,heap     ] GC(331) Humongous regions: 5->5
[2024-08-27T13:50:25.202+0000][info][gc,metaspace] GC(331) Metaspace: 100K(320K)->100K(320K) NonClass: 96K(192K)->96K(192K) Class: 4K(128K)->4K(128K)
[2024-08-27T13:50:25.202+0000][info][gc          ] GC(331) Pause Young (Mixed) (G1 Evacuation Pause) 1657M->1459M(2048M) 21.398ms
[2024-08-27T13:50:25.202+0000][info][gc,cpu      ] GC(331) User=0.84s Sys=0.12s Real=0.02s
[2024-08-27T13:50:25.249+0000][info][gc,start    ] GC(332) Pause Young (Mixed) (G1 Evacuation Pause)
[2024-08-27T13:50:25.250+0000][info][gc,task     ] GC(332) Using 49 workers of 68 for evacuation
[2024-08-27T13:50:25.270+0000][info][gc,phases   ] GC(332)   Pre Evacuate Collection Set: 0.4ms
[2024-08-27T13:50:25.270+0000][info][gc,phases   ] GC(332)   Merge Heap Roots: 0.8ms
[2024-08-27T13:50:25.270+0000][info][gc,phases   ] GC(332)   Evacuate Collection Set: 18.1ms
[2024-08-27T13:50:25.270+0000][info][gc,phases   ] GC(332)   Post Evacuate Collection Set: 0.7ms
[2024-08-27T13:50:25.270+0000][info][gc,phases   ] GC(332)   Other: 0.2ms
[2024-08-27T13:50:25.270+0000][info][gc,heap     ] GC(332) Eden regions: 89->0(89)
[2024-08-27T13:50:25.270+0000][info][gc,heap     ] GC(332) Survivor regions: 13->13(13)
[2024-08-27T13:50:25.270+0000][info][gc,heap     ] GC(332) Old regions: 1441->1330
[2024-08-27T13:50:25.270+0000][info][gc,heap     ] GC(332) Archive regions: 2->2
[2024-08-27T13:50:25.270+0000][info][gc,heap     ] GC(332) Humongous regions: 5->5
[2024-08-27T13:50:25.270+0000][info][gc,metaspace] GC(332) Metaspace: 100K(320K)->100K(320K) NonClass: 96K(192K)->96K(192K) Class: 4K(128K)->4K(128K)
[2024-08-27T13:50:25.270+0000][info][gc          ] GC(332) Pause Young (Mixed) (G1 Evacuation Pause) 1548M->1348M(2048M) 20.400ms
[2024-08-27T13:50:25.270+0000][info][gc,cpu      ] GC(332) User=0.71s Sys=0.21s Real=0.02s
[2024-08-27T13:50:25.316+0000][info][gc,start    ] GC(333) Pause Young (Mixed) (G1 Evacuation Pause)
[2024-08-27T13:50:25.316+0000][info][gc,task     ] GC(333) Using 49 workers of 68 for evacuation
[2024-08-27T13:50:25.335+0000][info][gc,phases   ] GC(333)   Pre Evacuate Collection Set: 0.4ms
[2024-08-27T13:50:25.335+0000][info][gc,phases   ] GC(333)   Merge Heap Roots: 0.9ms
[2024-08-27T13:50:25.335+0000][info][gc,phases   ] GC(333)   Evacuate Collection Set: 17.6ms
[2024-08-27T13:50:25.335+0000][info][gc,phases   ] GC(333)   Post Evacuate Collection Set: 0.7ms
[2024-08-27T13:50:25.335+0000][info][gc,phases   ] GC(333)   Other: 0.3ms
[2024-08-27T13:50:25.335+0000][info][gc,heap     ] GC(333) Eden regions: 89->0(89)
[2024-08-27T13:50:25.335+0000][info][gc,heap     ] GC(333) Survivor regions: 13->13(13)
[2024-08-27T13:50:25.335+0000][info][gc,heap     ] GC(333) Old regions: 1330->1219
[2024-08-27T13:50:25.335+0000][info][gc,heap     ] GC(333) Archive regions: 2->2
[2024-08-27T13:50:25.335+0000][info][gc,heap     ] GC(333) Humongous regions: 5->5
[2024-08-27T13:50:25.335+0000][info][gc,metaspace] GC(333) Metaspace: 100K(320K)->100K(320K) NonClass: 96K(192K)->96K(192K) Class: 4K(128K)->4K(128K)
[2024-08-27T13:50:25.335+0000][info][gc          ] GC(333) Pause Young (Mixed) (G1 Evacuation Pause) 1437M->1237M(2048M) 19.878ms
[2024-08-27T13:50:25.335+0000][info][gc,cpu      ] GC(333) User=0.89s Sys=0.00s Real=0.02s
[2024-08-27T13:50:25.380+0000][info][gc,start    ] GC(334) Pause Young (Mixed) (G1 Evacuation Pause)
[2024-08-27T13:50:25.380+0000][info][gc,task     ] GC(334) Using 49 workers of 68 for evacuation
[2024-08-27T13:50:25.400+0000][info][gc,phases   ] GC(334)   Pre Evacuate Collection Set: 0.3ms
[2024-08-27T13:50:25.400+0000][info][gc,phases   ] GC(334)   Merge Heap Roots: 1.0ms
[2024-08-27T13:50:25.400+0000][info][gc,phases   ] GC(334)   Evacuate Collection Set: 17.5ms
[2024-08-27T13:50:25.400+0000][info][gc,phases   ] GC(334)   Post Evacuate Collection Set: 0.7ms
[2024-08-27T13:50:25.400+0000][info][gc,phases   ] GC(334)   Other: 0.3ms
[2024-08-27T13:50:25.400+0000][info][gc,heap     ] GC(334) Eden regions: 89->0(218)
[2024-08-27T13:50:25.400+0000][info][gc,heap     ] GC(334) Survivor regions: 13->13(13)
[2024-08-27T13:50:25.400+0000][info][gc,heap     ] GC(334) Old regions: 1219->1143
[2024-08-27T13:50:25.400+0000][info][gc,heap     ] GC(334) Archive regions: 2->2
[2024-08-27T13:50:25.400+0000][info][gc,heap     ] GC(334) Humongous regions: 5->5
[2024-08-27T13:50:25.400+0000][info][gc,metaspace] GC(334) Metaspace: 100K(320K)->100K(320K) NonClass: 96K(192K)->96K(192K) Class: 4K(128K)->4K(128K)
[2024-08-27T13:50:25.400+0000][info][gc          ] GC(334) Pause Young (Mixed) (G1 Evacuation Pause) 1326M->1161M(2048M) 19.895ms
[2024-08-27T13:50:25.400+0000][info][gc,cpu      ] GC(334) User=0.85s Sys=0.05s Real=0.02s
[2024-08-27T13:50:25.530+0000][info][gc,start    ] GC(335) Pause Young (Normal) (G1 Evacuation Pause)
[2024-08-27T13:50:25.530+0000][info][gc,task     ] GC(335) Using 49 workers of 68 for evacuation
[2024-08-27T13:50:25.569+0000][info][gc,phases   ] GC(335)   Pre Evacuate Collection Set: 0.3ms
[2024-08-27T13:50:25.569+0000][info][gc,phases   ] GC(335)   Merge Heap Roots: 1.1ms
[2024-08-27T13:50:25.569+0000][info][gc,phases   ] GC(335)   Evacuate Collection Set: 36.3ms
[2024-08-27T13:50:25.569+0000][info][gc,phases   ] GC(335)   Post Evacuate Collection Set: 0.7ms
[2024-08-27T13:50:25.569+0000][info][gc,phases   ] GC(335)   Other: 0.3ms
[2024-08-27T13:50:25.569+0000][info][gc,heap     ] GC(335) Eden regions: 218->0(148)
[2024-08-27T13:50:25.569+0000][info][gc,heap     ] GC(335) Survivor regions: 13->29(29)
[2024-08-27T13:50:25.569+0000][info][gc,heap     ] GC(335) Old regions: 1143->1343
[2024-08-27T13:50:25.569+0000][info][gc,heap     ] GC(335) Archive regions: 2->2
[2024-08-27T13:50:25.569+0000][info][gc,heap     ] GC(335) Humongous regions: 5->5
[2024-08-27T13:50:25.569+0000][info][gc,metaspace] GC(335) Metaspace: 100K(320K)->100K(320K) NonClass: 96K(192K)->96K(192K) Class: 4K(128K)->4K(128K)
[2024-08-27T13:50:25.569+0000][info][gc          ] GC(335) Pause Young (Normal) (G1 Evacuation Pause) 1379M->1377M(2048M) 38.663ms
[2024-08-27T13:50:25.569+0000][info][gc,cpu      ] GC(335) User=1.64s Sys=0.18s Real=0.03s
[2024-08-27T13:50:25.645+0000][info][gc,start    ] GC(336) Pause Young (Normal) (G1 Evacuation Pause)
[2024-08-27T13:50:25.645+0000][info][gc,task     ] GC(336) Using 49 workers of 68 for evacuation
[2024-08-27T13:50:25.677+0000][info][gc,phases   ] GC(336)   Pre Evacuate Collection Set: 0.4ms
[2024-08-27T13:50:25.677+0000][info][gc,phases   ] GC(336)   Merge Heap Roots: 0.8ms
[2024-08-27T13:50:25.677+0000][info][gc,phases   ] GC(336)   Evacuate Collection Set: 29.5ms
[2024-08-27T13:50:25.677+0000][info][gc,phases   ] GC(336)   Post Evacuate Collection Set: 0.7ms
[2024-08-27T13:50:25.677+0000][info][gc,phases   ] GC(336)   Other: 0.4ms
[2024-08-27T13:50:25.677+0000][info][gc,heap     ] GC(336) Eden regions: 148->0(99)
[2024-08-27T13:50:25.677+0000][info][gc,heap     ] GC(336) Survivor regions: 29->23(23)
[2024-08-27T13:50:25.677+0000][info][gc,heap     ] GC(336) Old regions: 1343->1501
[2024-08-27T13:50:25.677+0000][info][gc,heap     ] GC(336) Archive regions: 2->2
[2024-08-27T13:50:25.677+0000][info][gc,heap     ] GC(336) Humongous regions: 5->5
[2024-08-27T13:50:25.677+0000][info][gc,metaspace] GC(336) Metaspace: 100K(320K)->100K(320K) NonClass: 96K(192K)->96K(192K) Class: 4K(128K)->4K(128K)
[2024-08-27T13:50:25.677+0000][info][gc          ] GC(336) Pause Young (Normal) (G1 Evacuation Pause) 1525M->1529M(2048M) 31.873ms
[2024-08-27T13:50:25.677+0000][info][gc,cpu      ] GC(336) User=1.45s Sys=0.01s Real=0.03s
[2024-08-27T13:50:25.728+0000][info][gc,start    ] GC(337) Pause Young (Concurrent Start) (G1 Evacuation Pause)
[2024-08-27T13:50:25.728+0000][info][gc,task     ] GC(337) Using 49 workers of 68 for evacuation
[2024-08-27T13:50:25.752+0000][info][gc,phases   ] GC(337)   Pre Evacuate Collection Set: 0.3ms
[2024-08-27T13:50:25.752+0000][info][gc,phases   ] GC(337)   Merge Heap Roots: 0.9ms
[2024-08-27T13:50:25.752+0000][info][gc,phases   ] GC(337)   Evacuate Collection Set: 21.6ms
[2024-08-27T13:50:25.752+0000][info][gc,phases   ] GC(337)   Post Evacuate Collection Set: 0.7ms
[2024-08-27T13:50:25.752+0000][info][gc,phases   ] GC(337)   Other: 0.9ms
[2024-08-27T13:50:25.752+0000][info][gc,heap     ] GC(337) Eden regions: 99->0(86)
[2024-08-27T13:50:25.752+0000][info][gc,heap     ] GC(337) Survivor regions: 23->16(16)
[2024-08-27T13:50:25.752+0000][info][gc,heap     ] GC(337) Old regions: 1501->1615
[2024-08-27T13:50:25.752+0000][info][gc,heap     ] GC(337) Archive regions: 2->2
[2024-08-27T13:50:25.752+0000][info][gc,heap     ] GC(337) Humongous regions: 5->5
[2024-08-27T13:50:25.752+0000][info][gc,metaspace] GC(337) Metaspace: 100K(320K)->100K(320K) NonClass: 96K(192K)->96K(192K) Class: 4K(128K)->4K(128K)
[2024-08-27T13:50:25.752+0000][info][gc          ] GC(337) Pause Young (Concurrent Start) (G1 Evacuation Pause) 1628M->1636M(2048M) 24.441ms
[2024-08-27T13:50:25.752+0000][info][gc,cpu      ] GC(337) User=1.08s Sys=0.01s Real=0.03s
[2024-08-27T13:50:25.752+0000][info][gc          ] GC(338) Concurrent Mark Cycle
[2024-08-27T13:50:25.752+0000][info][gc,marking  ] GC(338) Concurrent Clear Claimed Marks
[2024-08-27T13:50:25.752+0000][info][gc,marking  ] GC(338) Concurrent Clear Claimed Marks 0.011ms
[2024-08-27T13:50:25.752+0000][info][gc,marking  ] GC(338) Concurrent Scan Root Regions
[2024-08-27T13:50:25.756+0000][info][gc,marking  ] GC(338) Concurrent Scan Root Regions 3.464ms
[2024-08-27T13:50:25.756+0000][info][gc,marking  ] GC(338) Concurrent Mark
[2024-08-27T13:50:25.756+0000][info][gc,marking  ] GC(338) Concurrent Mark From Roots
[2024-08-27T13:50:25.756+0000][info][gc,task     ] GC(338) Using 17 workers of 17 for marking
[2024-08-27T13:50:25.777+0000][info][gc,marking  ] GC(338) Concurrent Mark From Roots 21.154ms
[2024-08-27T13:50:25.777+0000][info][gc,marking  ] GC(338) Concurrent Preclean
[2024-08-27T13:50:25.778+0000][info][gc,marking  ] GC(338) Concurrent Preclean 0.516ms
[2024-08-27T13:50:25.778+0000][info][gc,start    ] GC(338) Pause Remark
[2024-08-27T13:50:25.781+0000][info][gc          ] GC(338) Pause Remark 1668M->1410M(2048M) 3.029ms
[2024-08-27T13:50:25.781+0000][info][gc,cpu      ] GC(338) User=0.02s Sys=0.00s Real=0.00s
[2024-08-27T13:50:25.781+0000][info][gc,marking  ] GC(338) Concurrent Mark 25.281ms
[2024-08-27T13:50:25.781+0000][info][gc,marking  ] GC(338) Concurrent Rebuild Remembered Sets
[2024-08-27T13:50:25.810+0000][info][gc,start    ] GC(339) Pause Young (Normal) (G1 Evacuation Pause)
[2024-08-27T13:50:25.810+0000][info][gc,task     ] GC(339) Using 49 workers of 68 for evacuation
[2024-08-27T13:50:25.830+0000][info][gc,phases   ] GC(339)   Pre Evacuate Collection Set: 0.3ms
[2024-08-27T13:50:25.830+0000][info][gc,phases   ] GC(339)   Merge Heap Roots: 0.5ms
[2024-08-27T13:50:25.830+0000][info][gc,phases   ] GC(339)   Evacuate Collection Set: 18.3ms
[2024-08-27T13:50:25.830+0000][info][gc,phases   ] GC(339)   Post Evacuate Collection Set: 1.0ms
[2024-08-27T13:50:25.830+0000][info][gc,phases   ] GC(339)   Other: 0.4ms
[2024-08-27T13:50:25.830+0000][info][gc,heap     ] GC(339) Eden regions: 86->0(117)
[2024-08-27T13:50:25.830+0000][info][gc,heap     ] GC(339) Survivor regions: 16->13(13)
[2024-08-27T13:50:25.830+0000][info][gc,heap     ] GC(339) Old regions: 1357->1454
[2024-08-27T13:50:25.830+0000][info][gc,heap     ] GC(339) Archive regions: 2->2
[2024-08-27T13:50:25.830+0000][info][gc,heap     ] GC(339) Humongous regions: 5->5
[2024-08-27T13:50:25.830+0000][info][gc,metaspace] GC(339) Metaspace: 100K(320K)->100K(320K) NonClass: 96K(192K)->96K(192K) Class: 4K(128K)->4K(128K)
[2024-08-27T13:50:25.830+0000][info][gc          ] GC(339) Pause Young (Normal) (G1 Evacuation Pause) 1464M->1472M(2048M) 20.663ms
[2024-08-27T13:50:25.830+0000][info][gc,cpu      ] GC(339) User=0.93s Sys=0.00s Real=0.02s
[2024-08-27T13:50:25.849+0000][info][gc,marking  ] GC(338) Concurrent Rebuild Remembered Sets 67.621ms
[2024-08-27T13:50:25.849+0000][info][gc,start    ] GC(338) Pause Cleanup
[2024-08-27T13:50:25.854+0000][info][gc          ] GC(338) Pause Cleanup 1504M->1504M(2048M) 4.803ms
[2024-08-27T13:50:25.854+0000][info][gc,cpu      ] GC(338) User=0.02s Sys=0.00s Real=0.01s
[2024-08-27T13:50:25.854+0000][info][gc,marking  ] GC(338) Concurrent Cleanup for Next Mark
[2024-08-27T13:50:25.856+0000][info][gc,marking  ] GC(338) Concurrent Cleanup for Next Mark 1.529ms
[2024-08-27T13:50:25.856+0000][info][gc          ] GC(338) Concurrent Mark Cycle 103.506ms
[2024-08-27T13:50:25.900+0000][info][gc,start    ] GC(340) Pause Young (Prepare Mixed) (G1 Evacuation Pause)
[2024-08-27T13:50:25.900+0000][info][gc,task     ] GC(340) Using 49 workers of 68 for evacuation
[2024-08-27T13:50:25.927+0000][info][gc,phases   ] GC(340)   Pre Evacuate Collection Set: 0.3ms
[2024-08-27T13:50:25.927+0000][info][gc,phases   ] GC(340)   Merge Heap Roots: 1.3ms
[2024-08-27T13:50:25.927+0000][info][gc,phases   ] GC(340)   Evacuate Collection Set: 25.0ms
[2024-08-27T13:50:25.927+0000][info][gc,phases   ] GC(340)   Post Evacuate Collection Set: 0.6ms
[2024-08-27T13:50:25.927+0000][info][gc,phases   ] GC(340)   Other: 0.3ms
[2024-08-27T13:50:25.927+0000][info][gc,heap     ] GC(340) Eden regions: 117->0(85)
[2024-08-27T13:50:25.927+0000][info][gc,heap     ] GC(340) Survivor regions: 13->17(17)
[2024-08-27T13:50:25.927+0000][info][gc,heap     ] GC(340) Old regions: 1454->1571
[2024-08-27T13:50:25.927+0000][info][gc,heap     ] GC(340) Archive regions: 2->2
[2024-08-27T13:50:25.927+0000][info][gc,heap     ] GC(340) Humongous regions: 5->5
[2024-08-27T13:50:25.927+0000][info][gc,metaspace] GC(340) Metaspace: 100K(320K)->100K(320K) NonClass: 96K(192K)->96K(192K) Class: 4K(128K)->4K(128K)
[2024-08-27T13:50:25.927+0000][info][gc          ] GC(340) Pause Young (Prepare Mixed) (G1 Evacuation Pause) 1589M->1593M(2048M) 27.698ms
[2024-08-27T13:50:25.927+0000][info][gc,cpu      ] GC(340) User=1.28s Sys=0.00s Real=0.02s
[2024-08-27T13:50:25.971+0000][info][gc,start    ] GC(341) Pause Young (Mixed) (G1 Evacuation Pause)
[2024-08-27T13:50:25.971+0000][info][gc,task     ] GC(341) Using 49 workers of 68 for evacuation
[2024-08-27T13:50:25.991+0000][info][gc,phases   ] GC(341)   Pre Evacuate Collection Set: 0.4ms
[2024-08-27T13:50:25.991+0000][info][gc,phases   ] GC(341)   Merge Heap Roots: 0.8ms
[2024-08-27T13:50:25.991+0000][info][gc,phases   ] GC(341)   Evacuate Collection Set: 17.8ms
[2024-08-27T13:50:25.991+0000][info][gc,phases   ] GC(341)   Post Evacuate Collection Set: 0.7ms
[2024-08-27T13:50:25.991+0000][info][gc,phases   ] GC(341)   Other: 0.4ms
[2024-08-27T13:50:25.991+0000][info][gc,heap     ] GC(341) Eden regions: 85->0(89)
[2024-08-27T13:50:25.991+0000][info][gc,heap     ] GC(341) Survivor regions: 17->13(13)
[2024-08-27T13:50:25.991+0000][info][gc,heap     ] GC(341) Old regions: 1571->1461
[2024-08-27T13:50:25.991+0000][info][gc,heap     ] GC(341) Archive regions: 2->2
[2024-08-27T13:50:25.991+0000][info][gc,heap     ] GC(341) Humongous regions: 5->5
[2024-08-27T13:50:25.991+0000][info][gc,metaspace] GC(341) Metaspace: 100K(320K)->100K(320K) NonClass: 96K(192K)->96K(192K) Class: 4K(128K)->4K(128K)
[2024-08-27T13:50:25.991+0000][info][gc          ] GC(341) Pause Young (Mixed) (G1 Evacuation Pause) 1678M->1479M(2048M) 20.200ms
[2024-08-27T13:50:25.991+0000][info][gc,cpu      ] GC(341) User=0.85s Sys=0.05s Real=0.02s
[2024-08-27T13:50:26.037+0000][info][gc,start    ] GC(342) Pause Young (Mixed) (G1 Evacuation Pause)
[2024-08-27T13:50:26.037+0000][info][gc,task     ] GC(342) Using 49 workers of 68 for evacuation
[2024-08-27T13:50:26.057+0000][info][gc,phases   ] GC(342)   Pre Evacuate Collection Set: 0.4ms
[2024-08-27T13:50:26.057+0000][info][gc,phases   ] GC(342)   Merge Heap Roots: 0.8ms
[2024-08-27T13:50:26.057+0000][info][gc,phases   ] GC(342)   Evacuate Collection Set: 17.8ms
[2024-08-27T13:50:26.057+0000][info][gc,phases   ] GC(342)   Post Evacuate Collection Set: 0.7ms
[2024-08-27T13:50:26.057+0000][info][gc,phases   ] GC(342)   Other: 0.3ms
[2024-08-27T13:50:26.057+0000][info][gc,heap     ] GC(342) Eden regions: 89->0(89)
[2024-08-27T13:50:26.057+0000][info][gc,heap     ] GC(342) Survivor regions: 13->13(13)
[2024-08-27T13:50:26.057+0000][info][gc,heap     ] GC(342) Old regions: 1461->1351
[2024-08-27T13:50:26.057+0000][info][gc,heap     ] GC(342) Archive regions: 2->2
[2024-08-27T13:50:26.057+0000][info][gc,heap     ] GC(342) Humongous regions: 5->5
[2024-08-27T13:50:26.057+0000][info][gc,metaspace] GC(342) Metaspace: 100K(320K)->100K(320K) NonClass: 96K(192K)->96K(192K) Class: 4K(128K)->4K(128K)
[2024-08-27T13:50:26.057+0000][info][gc          ] GC(342) Pause Young (Mixed) (G1 Evacuation Pause) 1568M->1369M(2048M) 20.141ms
[2024-08-27T13:50:26.057+0000][info][gc,cpu      ] GC(342) User=0.90s Sys=0.00s Real=0.02s
[2024-08-27T13:50:26.104+0000][info][gc,start    ] GC(343) Pause Young (Mixed) (G1 Evacuation Pause)
[2024-08-27T13:50:26.104+0000][info][gc,task     ] GC(343) Using 49 workers of 68 for evacuation
[2024-08-27T13:50:26.124+0000][info][gc,phases   ] GC(343)   Pre Evacuate Collection Set: 0.4ms
[2024-08-27T13:50:26.124+0000][info][gc,phases   ] GC(343)   Merge Heap Roots: 0.9ms
[2024-08-27T13:50:26.124+0000][info][gc,phases   ] GC(343)   Evacuate Collection Set: 18.0ms
[2024-08-27T13:50:26.124+0000][info][gc,phases   ] GC(343)   Post Evacuate Collection Set: 0.7ms
[2024-08-27T13:50:26.124+0000][info][gc,phases   ] GC(343)   Other: 0.3ms
[2024-08-27T13:50:26.124+0000][info][gc,heap     ] GC(343) Eden regions: 89->0(89)
[2024-08-27T13:50:26.124+0000][info][gc,heap     ] GC(343) Survivor regions: 13->13(13)
[2024-08-27T13:50:26.124+0000][info][gc,heap     ] GC(343) Old regions: 1351->1240
[2024-08-27T13:50:26.124+0000][info][gc,heap     ] GC(343) Archive regions: 2->2
[2024-08-27T13:50:26.124+0000][info][gc,heap     ] GC(343) Humongous regions: 5->5
[2024-08-27T13:50:26.124+0000][info][gc,metaspace] GC(343) Metaspace: 100K(320K)->100K(320K) NonClass: 96K(192K)->96K(192K) Class: 4K(128K)->4K(128K)
[2024-08-27T13:50:26.125+0000][info][gc          ] GC(343) Pause Young (Mixed) (G1 Evacuation Pause) 1458M->1258M(2048M) 20.363ms
[2024-08-27T13:50:26.125+0000][info][gc,cpu      ] GC(343) User=0.92s Sys=0.00s Real=0.02s
[2024-08-27T13:50:26.171+0000][info][gc,start    ] GC(344) Pause Young (Mixed) (G1 Evacuation Pause)
[2024-08-27T13:50:26.171+0000][info][gc,task     ] GC(344) Using 49 workers of 68 for evacuation
[2024-08-27T13:50:26.192+0000][info][gc,phases   ] GC(344)   Pre Evacuate Collection Set: 0.4ms
[2024-08-27T13:50:26.192+0000][info][gc,phases   ] GC(344)   Merge Heap Roots: 1.0ms
[2024-08-27T13:50:26.192+0000][info][gc,phases   ] GC(344)   Evacuate Collection Set: 18.5ms
[2024-08-27T13:50:26.192+0000][info][gc,phases   ] GC(344)   Post Evacuate Collection Set: 0.8ms
[2024-08-27T13:50:26.192+0000][info][gc,phases   ] GC(344)   Other: 0.4ms
[2024-08-27T13:50:26.192+0000][info][gc,heap     ] GC(344) Eden regions: 89->0(222)
[2024-08-27T13:50:26.192+0000][info][gc,heap     ] GC(344) Survivor regions: 13->13(13)
[2024-08-27T13:50:26.192+0000][info][gc,heap     ] GC(344) Old regions: 1240->1133
[2024-08-27T13:50:26.192+0000][info][gc,heap     ] GC(344) Archive regions: 2->2
[2024-08-27T13:50:26.192+0000][info][gc,heap     ] GC(344) Humongous regions: 5->5
[2024-08-27T13:50:26.192+0000][info][gc,metaspace] GC(344) Metaspace: 100K(320K)->100K(320K) NonClass: 96K(192K)->96K(192K) Class: 4K(128K)->4K(128K)
[2024-08-27T13:50:26.192+0000][info][gc          ] GC(344) Pause Young (Mixed) (G1 Evacuation Pause) 1347M->1151M(2048M) 21.289ms
[2024-08-27T13:50:26.192+0000][info][gc,cpu      ] GC(344) User=0.95s Sys=0.00s Real=0.02s
[2024-08-27T13:50:26.312+0000][info][gc,start    ] GC(345) Pause Young (Normal) (G1 Evacuation Pause)
[2024-08-27T13:50:26.312+0000][info][gc,task     ] GC(345) Using 49 workers of 68 for evacuation
[2024-08-27T13:50:26.350+0000][info][gc,phases   ] GC(345)   Pre Evacuate Collection Set: 0.3ms
[2024-08-27T13:50:26.350+0000][info][gc,phases   ] GC(345)   Merge Heap Roots: 1.2ms
[2024-08-27T13:50:26.350+0000][info][gc,phases   ] GC(345)   Evacuate Collection Set: 36.0ms
[2024-08-27T13:50:26.350+0000][info][gc,phases   ] GC(345)   Post Evacuate Collection Set: 0.7ms
[2024-08-27T13:50:26.350+0000][info][gc,phases   ] GC(345)   Other: 0.3ms
[2024-08-27T13:50:26.350+0000][info][gc,heap     ] GC(345) Eden regions: 222->0(151)
[2024-08-27T13:50:26.350+0000][info][gc,heap     ] GC(345) Survivor regions: 13->30(30)
[2024-08-27T13:50:26.350+0000][info][gc,heap     ] GC(345) Old regions: 1133->1334
[2024-08-27T13:50:26.350+0000][info][gc,heap     ] GC(345) Archive regions: 2->2
[2024-08-27T13:50:26.350+0000][info][gc,heap     ] GC(345) Humongous regions: 5->5
[2024-08-27T13:50:26.350+0000][info][gc,metaspace] GC(345) Metaspace: 100K(320K)->100K(320K) NonClass: 96K(192K)->96K(192K) Class: 4K(128K)->4K(128K)
[2024-08-27T13:50:26.350+0000][info][gc          ] GC(345) Pause Young (Normal) (G1 Evacuation Pause) 1373M->1369M(2048M) 38.586ms
[2024-08-27T13:50:26.350+0000][info][gc,cpu      ] GC(345) User=1.66s Sys=0.13s Real=0.04s
[2024-08-27T13:50:26.426+0000][info][gc,start    ] GC(346) Pause Young (Normal) (G1 Evacuation Pause)
[2024-08-27T13:50:26.426+0000][info][gc,task     ] GC(346) Using 49 workers of 68 for evacuation
[2024-08-27T13:50:26.457+0000][info][gc,phases   ] GC(346)   Pre Evacuate Collection Set: 0.3ms
[2024-08-27T13:50:26.457+0000][info][gc,phases   ] GC(346)   Merge Heap Roots: 0.7ms
[2024-08-27T13:50:26.457+0000][info][gc,phases   ] GC(346)   Evacuate Collection Set: 29.5ms
[2024-08-27T13:50:26.457+0000][info][gc,phases   ] GC(346)   Post Evacuate Collection Set: 0.6ms
[2024-08-27T13:50:26.457+0000][info][gc,phases   ] GC(346)   Other: 0.3ms
[2024-08-27T13:50:26.457+0000][info][gc,heap     ] GC(346) Eden regions: 151->0(100)
[2024-08-27T13:50:26.457+0000][info][gc,heap     ] GC(346) Survivor regions: 30->23(23)
[2024-08-27T13:50:26.457+0000][info][gc,heap     ] GC(346) Old regions: 1334->1499
[2024-08-27T13:50:26.457+0000][info][gc,heap     ] GC(346) Archive regions: 2->2
[2024-08-27T13:50:26.457+0000][info][gc,heap     ] GC(346) Humongous regions: 5->5
[2024-08-27T13:50:26.457+0000][info][gc,metaspace] GC(346) Metaspace: 100K(320K)->100K(320K) NonClass: 96K(192K)->96K(192K) Class: 4K(128K)->4K(128K)
[2024-08-27T13:50:26.458+0000][info][gc          ] GC(346) Pause Young (Normal) (G1 Evacuation Pause) 1520M->1527M(2048M) 31.644ms
[2024-08-27T13:50:26.458+0000][info][gc,cpu      ] GC(346) User=1.46s Sys=0.02s Real=0.04s
[2024-08-27T13:50:26.509+0000][info][gc,start    ] GC(347) Pause Young (Concurrent Start) (G1 Evacuation Pause)
[2024-08-27T13:50:26.509+0000][info][gc,task     ] GC(347) Using 49 workers of 68 for evacuation
[2024-08-27T13:50:26.534+0000][info][gc,phases   ] GC(347)   Pre Evacuate Collection Set: 0.3ms
[2024-08-27T13:50:26.534+0000][info][gc,phases   ] GC(347)   Merge Heap Roots: 0.9ms
[2024-08-27T13:50:26.534+0000][info][gc,phases   ] GC(347)   Evacuate Collection Set: 22.0ms
[2024-08-27T13:50:26.534+0000][info][gc,phases   ] GC(347)   Post Evacuate Collection Set: 0.6ms
[2024-08-27T13:50:26.534+0000][info][gc,phases   ] GC(347)   Other: 0.9ms
[2024-08-27T13:50:26.534+0000][info][gc,heap     ] GC(347) Eden regions: 100->0(86)
[2024-08-27T13:50:26.534+0000][info][gc,heap     ] GC(347) Survivor regions: 23->16(16)
[2024-08-27T13:50:26.534+0000][info][gc,heap     ] GC(347) Old regions: 1499->1613
[2024-08-27T13:50:26.534+0000][info][gc,heap     ] GC(347) Archive regions: 2->2
[2024-08-27T13:50:26.534+0000][info][gc,heap     ] GC(347) Humongous regions: 5->5
[2024-08-27T13:50:26.534+0000][info][gc,metaspace] GC(347) Metaspace: 100K(320K)->100K(320K) NonClass: 96K(192K)->96K(192K) Class: 4K(128K)->4K(128K)
[2024-08-27T13:50:26.534+0000][info][gc          ] GC(347) Pause Young (Concurrent Start) (G1 Evacuation Pause) 1627M->1634M(2048M) 24.801ms
[2024-08-27T13:50:26.534+0000][info][gc,cpu      ] GC(347) User=1.08s Sys=0.03s Real=0.03s
[2024-08-27T13:50:26.534+0000][info][gc          ] GC(348) Concurrent Mark Cycle
[2024-08-27T13:50:26.534+0000][info][gc,marking  ] GC(348) Concurrent Clear Claimed Marks
[2024-08-27T13:50:26.534+0000][info][gc,marking  ] GC(348) Concurrent Clear Claimed Marks 0.012ms
[2024-08-27T13:50:26.534+0000][info][gc,marking  ] GC(348) Concurrent Scan Root Regions
[2024-08-27T13:50:26.537+0000][info][gc,marking  ] GC(348) Concurrent Scan Root Regions 3.283ms
[2024-08-27T13:50:26.537+0000][info][gc,marking  ] GC(348) Concurrent Mark
[2024-08-27T13:50:26.538+0000][info][gc,marking  ] GC(348) Concurrent Mark From Roots
[2024-08-27T13:50:26.538+0000][info][gc,task     ] GC(348) Using 17 workers of 17 for marking
[2024-08-27T13:50:26.558+0000][info][gc,marking  ] GC(348) Concurrent Mark From Roots 20.838ms
[2024-08-27T13:50:26.558+0000][info][gc,marking  ] GC(348) Concurrent Preclean
[2024-08-27T13:50:26.559+0000][info][gc,marking  ] GC(348) Concurrent Preclean 0.500ms
[2024-08-27T13:50:26.559+0000][info][gc,start    ] GC(348) Pause Remark
[2024-08-27T13:50:26.562+0000][info][gc          ] GC(348) Pause Remark 1666M->1393M(2048M) 2.892ms
[2024-08-27T13:50:26.562+0000][info][gc,cpu      ] GC(348) User=0.00s Sys=0.02s Real=0.00s
[2024-08-27T13:50:26.562+0000][info][gc,marking  ] GC(348) Concurrent Mark 24.778ms
[2024-08-27T13:50:26.562+0000][info][gc,marking  ] GC(348) Concurrent Rebuild Remembered Sets
[2024-08-27T13:50:26.592+0000][info][gc,start    ] GC(349) Pause Young (Normal) (G1 Evacuation Pause)
[2024-08-27T13:50:26.592+0000][info][gc,task     ] GC(349) Using 49 workers of 68 for evacuation
[2024-08-27T13:50:26.612+0000][info][gc,phases   ] GC(349)   Pre Evacuate Collection Set: 0.3ms
[2024-08-27T13:50:26.612+0000][info][gc,phases   ] GC(349)   Merge Heap Roots: 0.5ms
[2024-08-27T13:50:26.612+0000][info][gc,phases   ] GC(349)   Evacuate Collection Set: 18.4ms
[2024-08-27T13:50:26.612+0000][info][gc,phases   ] GC(349)   Post Evacuate Collection Set: 1.0ms
[2024-08-27T13:50:26.612+0000][info][gc,phases   ] GC(349)   Other: 0.4ms
[2024-08-27T13:50:26.612+0000][info][gc,heap     ] GC(349) Eden regions: 86->0(123)
[2024-08-27T13:50:26.613+0000][info][gc,heap     ] GC(349) Survivor regions: 16->13(13)
[2024-08-27T13:50:26.613+0000][info][gc,heap     ] GC(349) Old regions: 1340->1437
[2024-08-27T13:50:26.613+0000][info][gc,heap     ] GC(349) Archive regions: 2->2
[2024-08-27T13:50:26.613+0000][info][gc,heap     ] GC(349) Humongous regions: 5->5
[2024-08-27T13:50:26.613+0000][info][gc,metaspace] GC(349) Metaspace: 100K(320K)->100K(320K) NonClass: 96K(192K)->96K(192K) Class: 4K(128K)->4K(128K)
[2024-08-27T13:50:26.613+0000][info][gc          ] GC(349) Pause Young (Normal) (G1 Evacuation Pause) 1447M->1455M(2048M) 20.666ms
[2024-08-27T13:50:26.613+0000][info][gc,cpu      ] GC(349) User=0.93s Sys=0.00s Real=0.02s
[2024-08-27T13:50:26.631+0000][info][gc,marking  ] GC(348) Concurrent Rebuild Remembered Sets 69.032ms
[2024-08-27T13:50:26.632+0000][info][gc,start    ] GC(348) Pause Cleanup
[2024-08-27T13:50:26.637+0000][info][gc          ] GC(348) Pause Cleanup 1489M->1489M(2048M) 5.099ms
[2024-08-27T13:50:26.637+0000][info][gc,cpu      ] GC(348) User=0.01s Sys=0.00s Real=0.00s
[2024-08-27T13:50:26.637+0000][info][gc,marking  ] GC(348) Concurrent Cleanup for Next Mark
[2024-08-27T13:50:26.639+0000][info][gc,marking  ] GC(348) Concurrent Cleanup for Next Mark 1.703ms
[2024-08-27T13:50:26.639+0000][info][gc          ] GC(348) Concurrent Mark Cycle 104.795ms
[2024-08-27T13:50:26.684+0000][info][gc,start    ] GC(350) Pause Young (Prepare Mixed) (G1 Evacuation Pause)
[2024-08-27T13:50:26.684+0000][info][gc,task     ] GC(350) Using 49 workers of 68 for evacuation
[2024-08-27T13:50:26.713+0000][info][gc,phases   ] GC(350)   Pre Evacuate Collection Set: 0.3ms
[2024-08-27T13:50:26.713+0000][info][gc,phases   ] GC(350)   Merge Heap Roots: 1.3ms
[2024-08-27T13:50:26.713+0000][info][gc,phases   ] GC(350)   Evacuate Collection Set: 26.6ms
[2024-08-27T13:50:26.713+0000][info][gc,phases   ] GC(350)   Post Evacuate Collection Set: 0.6ms
[2024-08-27T13:50:26.713+0000][info][gc,phases   ] GC(350)   Other: 0.3ms
[2024-08-27T13:50:26.713+0000][info][gc,heap     ] GC(350) Eden regions: 123->0(85)
[2024-08-27T13:50:26.713+0000][info][gc,heap     ] GC(350) Survivor regions: 13->17(17)
[2024-08-27T13:50:26.713+0000][info][gc,heap     ] GC(350) Old regions: 1437->1558
[2024-08-27T13:50:26.713+0000][info][gc,heap     ] GC(350) Archive regions: 2->2
[2024-08-27T13:50:26.713+0000][info][gc,heap     ] GC(350) Humongous regions: 5->5
[2024-08-27T13:50:26.713+0000][info][gc,metaspace] GC(350) Metaspace: 100K(320K)->100K(320K) NonClass: 96K(192K)->96K(192K) Class: 4K(128K)->4K(128K)
[2024-08-27T13:50:26.713+0000][info][gc          ] GC(350) Pause Young (Prepare Mixed) (G1 Evacuation Pause) 1578M->1580M(2048M) 29.159ms
[2024-08-27T13:50:26.713+0000][info][gc,cpu      ] GC(350) User=1.35s Sys=0.00s Real=0.03s
[2024-08-27T13:50:26.757+0000][info][gc,start    ] GC(351) Pause Young (Mixed) (G1 Evacuation Pause)
[2024-08-27T13:50:26.757+0000][info][gc,task     ] GC(351) Using 49 workers of 68 for evacuation
[2024-08-27T13:50:26.777+0000][info][gc,phases   ] GC(351)   Pre Evacuate Collection Set: 0.4ms
[2024-08-27T13:50:26.777+0000][info][gc,phases   ] GC(351)   Merge Heap Roots: 0.8ms
[2024-08-27T13:50:26.777+0000][info][gc,phases   ] GC(351)   Evacuate Collection Set: 17.9ms
[2024-08-27T13:50:26.777+0000][info][gc,phases   ] GC(351)   Post Evacuate Collection Set: 0.7ms
[2024-08-27T13:50:26.777+0000][info][gc,phases   ] GC(351)   Other: 0.3ms
[2024-08-27T13:50:26.777+0000][info][gc,heap     ] GC(351) Eden regions: 85->0(89)
[2024-08-27T13:50:26.777+0000][info][gc,heap     ] GC(351) Survivor regions: 17->13(13)
[2024-08-27T13:50:26.777+0000][info][gc,heap     ] GC(351) Old regions: 1558->1449
[2024-08-27T13:50:26.777+0000][info][gc,heap     ] GC(351) Archive regions: 2->2
[2024-08-27T13:50:26.777+0000][info][gc,heap     ] GC(351) Humongous regions: 5->5
[2024-08-27T13:50:26.777+0000][info][gc,metaspace] GC(351) Metaspace: 100K(320K)->100K(320K) NonClass: 96K(192K)->96K(192K) Class: 4K(128K)->4K(128K)
[2024-08-27T13:50:26.777+0000][info][gc          ] GC(351) Pause Young (Mixed) (G1 Evacuation Pause) 1665M->1467M(2048M) 20.226ms
[2024-08-27T13:50:26.777+0000][info][gc,cpu      ] GC(351) User=0.88s Sys=0.02s Real=0.02s
[2024-08-27T13:50:26.823+0000][info][gc,start    ] GC(352) Pause Young (Mixed) (G1 Evacuation Pause)
[2024-08-27T13:50:26.823+0000][info][gc,task     ] GC(352) Using 49 workers of 68 for evacuation
[2024-08-27T13:50:26.843+0000][info][gc,phases   ] GC(352)   Pre Evacuate Collection Set: 0.4ms
[2024-08-27T13:50:26.843+0000][info][gc,phases   ] GC(352)   Merge Heap Roots: 0.8ms
[2024-08-27T13:50:26.844+0000][info][gc,phases   ] GC(352)   Evacuate Collection Set: 18.2ms
[2024-08-27T13:50:26.844+0000][info][gc,phases   ] GC(352)   Post Evacuate Collection Set: 0.8ms
[2024-08-27T13:50:26.844+0000][info][gc,phases   ] GC(352)   Other: 0.3ms
[2024-08-27T13:50:26.844+0000][info][gc,heap     ] GC(352) Eden regions: 89->0(89)
[2024-08-27T13:50:26.844+0000][info][gc,heap     ] GC(352) Survivor regions: 13->13(13)
[2024-08-27T13:50:26.844+0000][info][gc,heap     ] GC(352) Old regions: 1449->1338
[2024-08-27T13:50:26.844+0000][info][gc,heap     ] GC(352) Archive regions: 2->2
[2024-08-27T13:50:26.844+0000][info][gc,heap     ] GC(352) Humongous regions: 5->5
[2024-08-27T13:50:26.844+0000][info][gc,metaspace] GC(352) Metaspace: 100K(320K)->100K(320K) NonClass: 96K(192K)->96K(192K) Class: 4K(128K)->4K(128K)
[2024-08-27T13:50:26.844+0000][info][gc          ] GC(352) Pause Young (Mixed) (G1 Evacuation Pause) 1556M->1356M(2048M) 20.695ms
[2024-08-27T13:50:26.844+0000][info][gc,cpu      ] GC(352) User=0.92s Sys=0.01s Real=0.02s
[2024-08-27T13:50:26.890+0000][info][gc,start    ] GC(353) Pause Young (Mixed) (G1 Evacuation Pause)
[2024-08-27T13:50:26.890+0000][info][gc,task     ] GC(353) Using 49 workers of 68 for evacuation
[2024-08-27T13:50:26.910+0000][info][gc,phases   ] GC(353)   Pre Evacuate Collection Set: 0.4ms
[2024-08-27T13:50:26.911+0000][info][gc,phases   ] GC(353)   Merge Heap Roots: 0.9ms
[2024-08-27T13:50:26.911+0000][info][gc,phases   ] GC(353)   Evacuate Collection Set: 18.2ms
[2024-08-27T13:50:26.911+0000][info][gc,phases   ] GC(353)   Post Evacuate Collection Set: 0.7ms
[2024-08-27T13:50:26.911+0000][info][gc,phases   ] GC(353)   Other: 0.4ms
[2024-08-27T13:50:26.911+0000][info][gc,heap     ] GC(353) Eden regions: 89->0(89)
[2024-08-27T13:50:26.911+0000][info][gc,heap     ] GC(353) Survivor regions: 13->13(13)
[2024-08-27T13:50:26.911+0000][info][gc,heap     ] GC(353) Old regions: 1338->1226
[2024-08-27T13:50:26.911+0000][info][gc,heap     ] GC(353) Archive regions: 2->2
[2024-08-27T13:50:26.911+0000][info][gc,heap     ] GC(353) Humongous regions: 5->5
[2024-08-27T13:50:26.911+0000][info][gc,metaspace] GC(353) Metaspace: 100K(320K)->100K(320K) NonClass: 96K(192K)->96K(192K) Class: 4K(128K)->4K(128K)
[2024-08-27T13:50:26.911+0000][info][gc          ] GC(353) Pause Young (Mixed) (G1 Evacuation Pause) 1445M->1244M(2048M) 20.672ms
[2024-08-27T13:50:26.911+0000][info][gc,cpu      ] GC(353) User=0.90s Sys=0.03s Real=0.02s
[2024-08-27T13:50:26.956+0000][info][gc,start    ] GC(354) Pause Young (Mixed) (G1 Evacuation Pause)
[2024-08-27T13:50:26.956+0000][info][gc,task     ] GC(354) Using 49 workers of 68 for evacuation
[2024-08-27T13:50:26.977+0000][info][gc,phases   ] GC(354)   Pre Evacuate Collection Set: 0.4ms
[2024-08-27T13:50:26.977+0000][info][gc,phases   ] GC(354)   Merge Heap Roots: 1.0ms
[2024-08-27T13:50:26.977+0000][info][gc,phases   ] GC(354)   Evacuate Collection Set: 18.5ms
[2024-08-27T13:50:26.977+0000][info][gc,phases   ] GC(354)   Post Evacuate Collection Set: 0.8ms
[2024-08-27T13:50:26.977+0000][info][gc,phases   ] GC(354)   Other: 0.3ms
[2024-08-27T13:50:26.977+0000][info][gc,heap     ] GC(354) Eden regions: 89->0(219)
[2024-08-27T13:50:26.977+0000][info][gc,heap     ] GC(354) Survivor regions: 13->13(13)
[2024-08-27T13:50:26.977+0000][info][gc,heap     ] GC(354) Old regions: 1226->1140
[2024-08-27T13:50:26.977+0000][info][gc,heap     ] GC(354) Archive regions: 2->2
[2024-08-27T13:50:26.977+0000][info][gc,heap     ] GC(354) Humongous regions: 5->5
[2024-08-27T13:50:26.977+0000][info][gc,metaspace] GC(354) Metaspace: 100K(320K)->100K(320K) NonClass: 96K(192K)->96K(192K) Class: 4K(128K)->4K(128K)
[2024-08-27T13:50:26.977+0000][info][gc          ] GC(354) Pause Young (Mixed) (G1 Evacuation Pause) 1333M->1158M(2048M) 21.200ms
[2024-08-27T13:50:26.977+0000][info][gc,cpu      ] GC(354) User=0.93s Sys=0.01s Real=0.02s
[2024-08-27T13:50:27.088+0000][info][gc,start    ] GC(355) Pause Young (Normal) (G1 Evacuation Pause)
[2024-08-27T13:50:27.088+0000][info][gc,task     ] GC(355) Using 49 workers of 68 for evacuation
[2024-08-27T13:50:27.126+0000][info][gc,phases   ] GC(355)   Pre Evacuate Collection Set: 0.2ms
[2024-08-27T13:50:27.126+0000][info][gc,phases   ] GC(355)   Merge Heap Roots: 1.0ms
[2024-08-27T13:50:27.126+0000][info][gc,phases   ] GC(355)   Evacuate Collection Set: 36.9ms
[2024-08-27T13:50:27.126+0000][info][gc,phases   ] GC(355)   Post Evacuate Collection Set: 0.6ms
[2024-08-27T13:50:27.126+0000][info][gc,phases   ] GC(355)   Other: 0.2ms
[2024-08-27T13:50:27.126+0000][info][gc,heap     ] GC(355) Eden regions: 219->0(150)
[2024-08-27T13:50:27.126+0000][info][gc,heap     ] GC(355) Survivor regions: 13->29(29)
[2024-08-27T13:50:27.126+0000][info][gc,heap     ] GC(355) Old regions: 1140->1339
[2024-08-27T13:50:27.126+0000][info][gc,heap     ] GC(355) Archive regions: 2->2
[2024-08-27T13:50:27.126+0000][info][gc,heap     ] GC(355) Humongous regions: 5->5
[2024-08-27T13:50:27.126+0000][info][gc,metaspace] GC(355) Metaspace: 100K(320K)->100K(320K) NonClass: 96K(192K)->96K(192K) Class: 4K(128K)->4K(128K)
[2024-08-27T13:50:27.126+0000][info][gc          ] GC(355) Pause Young (Normal) (G1 Evacuation Pause) 1377M->1373M(2048M) 38.998ms
[2024-08-27T13:50:27.127+0000][info][gc,cpu      ] GC(355) User=1.83s Sys=0.00s Real=0.04s
[2024-08-27T13:50:27.203+0000][info][gc,start    ] GC(356) Pause Young (Normal) (G1 Evacuation Pause)
[2024-08-27T13:50:27.203+0000][info][gc,task     ] GC(356) Using 49 workers of 68 for evacuation
[2024-08-27T13:50:27.235+0000][info][gc,phases   ] GC(356)   Pre Evacuate Collection Set: 0.2ms
[2024-08-27T13:50:27.235+0000][info][gc,phases   ] GC(356)   Merge Heap Roots: 0.6ms
[2024-08-27T13:50:27.235+0000][info][gc,phases   ] GC(356)   Evacuate Collection Set: 31.0ms
[2024-08-27T13:50:27.235+0000][info][gc,phases   ] GC(356)   Post Evacuate Collection Set: 0.6ms
[2024-08-27T13:50:27.235+0000][info][gc,phases   ] GC(356)   Other: 0.2ms
[2024-08-27T13:50:27.235+0000][info][gc,heap     ] GC(356) Eden regions: 150->0(100)
[2024-08-27T13:50:27.235+0000][info][gc,heap     ] GC(356) Survivor regions: 29->23(23)
[2024-08-27T13:50:27.235+0000][info][gc,heap     ] GC(356) Old regions: 1339->1499
[2024-08-27T13:50:27.235+0000][info][gc,heap     ] GC(356) Archive regions: 2->2
[2024-08-27T13:50:27.235+0000][info][gc,heap     ] GC(356) Humongous regions: 5->5
[2024-08-27T13:50:27.235+0000][info][gc,metaspace] GC(356) Metaspace: 100K(320K)->100K(320K) NonClass: 96K(192K)->96K(192K) Class: 4K(128K)->4K(128K)
[2024-08-27T13:50:27.235+0000][info][gc          ] GC(356) Pause Young (Normal) (G1 Evacuation Pause) 1523M->1527M(2048M) 32.711ms
[2024-08-27T13:50:27.235+0000][info][gc,cpu      ] GC(356) User=1.52s Sys=0.02s Real=0.03s
[2024-08-27T13:50:27.290+0000][info][gc,start    ] GC(357) Pause Young (Concurrent Start) (G1 Evacuation Pause)
[2024-08-27T13:50:27.290+0000][info][gc,task     ] GC(357) Using 49 workers of 68 for evacuation
[2024-08-27T13:50:27.315+0000][info][gc,phases   ] GC(357)   Pre Evacuate Collection Set: 0.2ms
[2024-08-27T13:50:27.315+0000][info][gc,phases   ] GC(357)   Merge Heap Roots: 0.9ms
[2024-08-27T13:50:27.315+0000][info][gc,phases   ] GC(357)   Evacuate Collection Set: 22.6ms
[2024-08-27T13:50:27.315+0000][info][gc,phases   ] GC(357)   Post Evacuate Collection Set: 0.6ms
[2024-08-27T13:50:27.315+0000][info][gc,phases   ] GC(357)   Other: 0.8ms
[2024-08-27T13:50:27.315+0000][info][gc,heap     ] GC(357) Eden regions: 100->0(86)
[2024-08-27T13:50:27.315+0000][info][gc,heap     ] GC(357) Survivor regions: 23->16(16)
[2024-08-27T13:50:27.315+0000][info][gc,heap     ] GC(357) Old regions: 1499->1615
[2024-08-27T13:50:27.315+0000][info][gc,heap     ] GC(357) Archive regions: 2->2
[2024-08-27T13:50:27.315+0000][info][gc,heap     ] GC(357) Humongous regions: 5->5
[2024-08-27T13:50:27.315+0000][info][gc,metaspace] GC(357) Metaspace: 100K(320K)->100K(320K) NonClass: 96K(192K)->96K(192K) Class: 4K(128K)->4K(128K)
[2024-08-27T13:50:27.315+0000][info][gc          ] GC(357) Pause Young (Concurrent Start) (G1 Evacuation Pause) 1627M->1636M(2048M) 25.301ms
[2024-08-27T13:50:27.315+0000][info][gc,cpu      ] GC(357) User=1.14s Sys=0.00s Real=0.02s
[2024-08-27T13:50:27.315+0000][info][gc          ] GC(358) Concurrent Mark Cycle
[2024-08-27T13:50:27.315+0000][info][gc,marking  ] GC(358) Concurrent Clear Claimed Marks
[2024-08-27T13:50:27.315+0000][info][gc,marking  ] GC(358) Concurrent Clear Claimed Marks 0.012ms
[2024-08-27T13:50:27.315+0000][info][gc,marking  ] GC(358) Concurrent Scan Root Regions
[2024-08-27T13:50:27.319+0000][info][gc,marking  ] GC(358) Concurrent Scan Root Regions 3.275ms
[2024-08-27T13:50:27.319+0000][info][gc,marking  ] GC(358) Concurrent Mark
[2024-08-27T13:50:27.319+0000][info][gc,marking  ] GC(358) Concurrent Mark From Roots
[2024-08-27T13:50:27.319+0000][info][gc,task     ] GC(358) Using 17 workers of 17 for marking
[2024-08-27T13:50:27.341+0000][info][gc,marking  ] GC(358) Concurrent Mark From Roots 21.898ms
[2024-08-27T13:50:27.341+0000][info][gc,marking  ] GC(358) Concurrent Preclean
[2024-08-27T13:50:27.341+0000][info][gc,marking  ] GC(358) Concurrent Preclean 0.498ms
[2024-08-27T13:50:27.342+0000][info][gc,start    ] GC(358) Pause Remark
[2024-08-27T13:50:27.344+0000][info][gc          ] GC(358) Pause Remark 1667M->1394M(2048M) 2.687ms
[2024-08-27T13:50:27.344+0000][info][gc,cpu      ] GC(358) User=0.01s Sys=0.01s Real=0.00s
[2024-08-27T13:50:27.344+0000][info][gc,marking  ] GC(358) Concurrent Mark 25.707ms
[2024-08-27T13:50:27.344+0000][info][gc,marking  ] GC(358) Concurrent Rebuild Remembered Sets
[2024-08-27T13:50:27.375+0000][info][gc,start    ] GC(359) Pause Young (Normal) (G1 Evacuation Pause)
[2024-08-27T13:50:27.376+0000][info][gc,task     ] GC(359) Using 49 workers of 68 for evacuation
[2024-08-27T13:50:27.397+0000][info][gc,phases   ] GC(359)   Pre Evacuate Collection Set: 0.4ms
[2024-08-27T13:50:27.397+0000][info][gc,phases   ] GC(359)   Merge Heap Roots: 0.5ms
[2024-08-27T13:50:27.397+0000][info][gc,phases   ] GC(359)   Evacuate Collection Set: 18.8ms
[2024-08-27T13:50:27.397+0000][info][gc,phases   ] GC(359)   Post Evacuate Collection Set: 1.1ms
[2024-08-27T13:50:27.397+0000][info][gc,phases   ] GC(359)   Other: 1.6ms
[2024-08-27T13:50:27.397+0000][info][gc,heap     ] GC(359) Eden regions: 86->0(123)
[2024-08-27T13:50:27.397+0000][info][gc,heap     ] GC(359) Survivor regions: 16->13(13)
[2024-08-27T13:50:27.397+0000][info][gc,heap     ] GC(359) Old regions: 1342->1437
[2024-08-27T13:50:27.397+0000][info][gc,heap     ] GC(359) Archive regions: 2->2
[2024-08-27T13:50:27.397+0000][info][gc,heap     ] GC(359) Humongous regions: 5->5
[2024-08-27T13:50:27.397+0000][info][gc,metaspace] GC(359) Metaspace: 100K(320K)->100K(320K) NonClass: 96K(192K)->96K(192K) Class: 4K(128K)->4K(128K)
[2024-08-27T13:50:27.397+0000][info][gc          ] GC(359) Pause Young (Normal) (G1 Evacuation Pause) 1449M->1455M(2048M) 22.619ms
[2024-08-27T13:50:27.397+0000][info][gc,cpu      ] GC(359) User=0.95s Sys=0.01s Real=0.02s
[2024-08-27T13:50:27.417+0000][info][gc,marking  ] GC(358) Concurrent Rebuild Remembered Sets 72.802ms
[2024-08-27T13:50:27.418+0000][info][gc,start    ] GC(358) Pause Cleanup
[2024-08-27T13:50:27.423+0000][info][gc          ] GC(358) Pause Cleanup 1488M->1488M(2048M) 5.557ms
[2024-08-27T13:50:27.423+0000][info][gc,cpu      ] GC(358) User=0.01s Sys=0.00s Real=0.00s
[2024-08-27T13:50:27.423+0000][info][gc,marking  ] GC(358) Concurrent Cleanup for Next Mark
[2024-08-27T13:50:27.425+0000][info][gc,marking  ] GC(358) Concurrent Cleanup for Next Mark 1.465ms
[2024-08-27T13:50:27.425+0000][info][gc          ] GC(358) Concurrent Mark Cycle 109.723ms
[2024-08-27T13:50:27.477+0000][info][gc,start    ] GC(360) Pause Young (Prepare Mixed) (G1 Evacuation Pause)
[2024-08-27T13:50:27.477+0000][info][gc,task     ] GC(360) Using 49 workers of 68 for evacuation
[2024-08-27T13:50:27.510+0000][info][gc,phases   ] GC(360)   Pre Evacuate Collection Set: 0.4ms
[2024-08-27T13:50:27.510+0000][info][gc,phases   ] GC(360)   Merge Heap Roots: 1.5ms
[2024-08-27T13:50:27.510+0000][info][gc,phases   ] GC(360)   Evacuate Collection Set: 30.4ms
[2024-08-27T13:50:27.510+0000][info][gc,phases   ] GC(360)   Post Evacuate Collection Set: 1.0ms
[2024-08-27T13:50:27.510+0000][info][gc,phases   ] GC(360)   Other: 0.4ms
[2024-08-27T13:50:27.510+0000][info][gc,heap     ] GC(360) Eden regions: 123->0(85)
[2024-08-27T13:50:27.510+0000][info][gc,heap     ] GC(360) Survivor regions: 13->17(17)
[2024-08-27T13:50:27.510+0000][info][gc,heap     ] GC(360) Old regions: 1437->1559
[2024-08-27T13:50:27.510+0000][info][gc,heap     ] GC(360) Archive regions: 2->2
[2024-08-27T13:50:27.510+0000][info][gc,heap     ] GC(360) Humongous regions: 5->5
[2024-08-27T13:50:27.510+0000][info][gc,metaspace] GC(360) Metaspace: 100K(320K)->100K(320K) NonClass: 96K(192K)->96K(192K) Class: 4K(128K)->4K(128K)
[2024-08-27T13:50:27.511+0000][info][gc          ] GC(360) Pause Young (Prepare Mixed) (G1 Evacuation Pause) 1578M->1581M(2048M) 33.756ms
[2024-08-27T13:50:27.511+0000][info][gc,cpu      ] GC(360) User=1.52s Sys=0.02s Real=0.04s
[2024-08-27T13:50:27.559+0000][info][gc,start    ] GC(361) Pause Young (Mixed) (G1 Evacuation Pause)
[2024-08-27T13:50:27.559+0000][info][gc,task     ] GC(361) Using 49 workers of 68 for evacuation
[2024-08-27T13:50:27.580+0000][info][gc,phases   ] GC(361)   Pre Evacuate Collection Set: 0.4ms
[2024-08-27T13:50:27.580+0000][info][gc,phases   ] GC(361)   Merge Heap Roots: 0.9ms
[2024-08-27T13:50:27.580+0000][info][gc,phases   ] GC(361)   Evacuate Collection Set: 18.4ms
[2024-08-27T13:50:27.580+0000][info][gc,phases   ] GC(361)   Post Evacuate Collection Set: 0.7ms
[2024-08-27T13:50:27.580+0000][info][gc,phases   ] GC(361)   Other: 0.3ms
[2024-08-27T13:50:27.580+0000][info][gc,heap     ] GC(361) Eden regions: 85->0(89)
[2024-08-27T13:50:27.580+0000][info][gc,heap     ] GC(361) Survivor regions: 17->13(13)
[2024-08-27T13:50:27.580+0000][info][gc,heap     ] GC(361) Old regions: 1559->1449
[2024-08-27T13:50:27.580+0000][info][gc,heap     ] GC(361) Archive regions: 2->2
[2024-08-27T13:50:27.580+0000][info][gc,heap     ] GC(361) Humongous regions: 5->5
[2024-08-27T13:50:27.580+0000][info][gc,metaspace] GC(361) Metaspace: 100K(320K)->100K(320K) NonClass: 96K(192K)->96K(192K) Class: 4K(128K)->4K(128K)
[2024-08-27T13:50:27.580+0000][info][gc          ] GC(361) Pause Young (Mixed) (G1 Evacuation Pause) 1666M->1467M(2048M) 20.794ms
[2024-08-27T13:50:27.580+0000][info][gc,cpu      ] GC(361) User=0.93s Sys=0.01s Real=0.02s
[2024-08-27T13:50:27.625+0000][info][gc,start    ] GC(362) Pause Young (Mixed) (G1 Evacuation Pause)
[2024-08-27T13:50:27.626+0000][info][gc,task     ] GC(362) Using 49 workers of 68 for evacuation
[2024-08-27T13:50:27.646+0000][info][gc,phases   ] GC(362)   Pre Evacuate Collection Set: 0.4ms
[2024-08-27T13:50:27.646+0000][info][gc,phases   ] GC(362)   Merge Heap Roots: 0.8ms
[2024-08-27T13:50:27.646+0000][info][gc,phases   ] GC(362)   Evacuate Collection Set: 18.1ms
[2024-08-27T13:50:27.646+0000][info][gc,phases   ] GC(362)   Post Evacuate Collection Set: 0.7ms
[2024-08-27T13:50:27.646+0000][info][gc,phases   ] GC(362)   Other: 0.2ms
[2024-08-27T13:50:27.646+0000][info][gc,heap     ] GC(362) Eden regions: 89->0(89)
[2024-08-27T13:50:27.646+0000][info][gc,heap     ] GC(362) Survivor regions: 13->13(13)
[2024-08-27T13:50:27.646+0000][info][gc,heap     ] GC(362) Old regions: 1449->1338
[2024-08-27T13:50:27.646+0000][info][gc,heap     ] GC(362) Archive regions: 2->2
[2024-08-27T13:50:27.646+0000][info][gc,heap     ] GC(362) Humongous regions: 5->5
[2024-08-27T13:50:27.646+0000][info][gc,metaspace] GC(362) Metaspace: 100K(320K)->100K(320K) NonClass: 96K(192K)->96K(192K) Class: 4K(128K)->4K(128K)
[2024-08-27T13:50:27.646+0000][info][gc          ] GC(362) Pause Young (Mixed) (G1 Evacuation Pause) 1556M->1356M(2048M) 20.207ms
[2024-08-27T13:50:27.646+0000][info][gc,cpu      ] GC(362) User=0.91s Sys=0.01s Real=0.02s
[2024-08-27T13:50:27.692+0000][info][gc,start    ] GC(363) Pause Young (Mixed) (G1 Evacuation Pause)
[2024-08-27T13:50:27.692+0000][info][gc,task     ] GC(363) Using 49 workers of 68 for evacuation
[2024-08-27T13:50:27.710+0000][info][gc,phases   ] GC(363)   Pre Evacuate Collection Set: 0.3ms
[2024-08-27T13:50:27.710+0000][info][gc,phases   ] GC(363)   Merge Heap Roots: 0.8ms
[2024-08-27T13:50:27.710+0000][info][gc,phases   ] GC(363)   Evacuate Collection Set: 15.8ms
[2024-08-27T13:50:27.710+0000][info][gc,phases   ] GC(363)   Post Evacuate Collection Set: 0.8ms
[2024-08-27T13:50:27.710+0000][info][gc,phases   ] GC(363)   Other: 0.2ms
[2024-08-27T13:50:27.710+0000][info][gc,heap     ] GC(363) Eden regions: 89->0(89)
[2024-08-27T13:50:27.710+0000][info][gc,heap     ] GC(363) Survivor regions: 13->13(13)
[2024-08-27T13:50:27.710+0000][info][gc,heap     ] GC(363) Old regions: 1338->1226
[2024-08-27T13:50:27.710+0000][info][gc,heap     ] GC(363) Archive regions: 2->2
[2024-08-27T13:50:27.710+0000][info][gc,heap     ] GC(363) Humongous regions: 5->5
[2024-08-27T13:50:27.710+0000][info][gc,metaspace] GC(363) Metaspace: 100K(320K)->100K(320K) NonClass: 96K(192K)->96K(192K) Class: 4K(128K)->4K(128K)
[2024-08-27T13:50:27.710+0000][info][gc          ] GC(363) Pause Young (Mixed) (G1 Evacuation Pause) 1445M->1244M(2048M) 18.143ms
[2024-08-27T13:50:27.710+0000][info][gc,cpu      ] GC(363) User=0.72s Sys=0.09s Real=0.02s
[2024-08-27T13:50:27.753+0000][info][gc,start    ] GC(364) Pause Young (Mixed) (G1 Evacuation Pause)
[2024-08-27T13:50:27.753+0000][info][gc,task     ] GC(364) Using 49 workers of 68 for evacuation
[2024-08-27T13:50:27.770+0000][info][gc,phases   ] GC(364)   Pre Evacuate Collection Set: 0.4ms
[2024-08-27T13:50:27.770+0000][info][gc,phases   ] GC(364)   Merge Heap Roots: 0.9ms
[2024-08-27T13:50:27.770+0000][info][gc,phases   ] GC(364)   Evacuate Collection Set: 15.6ms
[2024-08-27T13:50:27.770+0000][info][gc,phases   ] GC(364)   Post Evacuate Collection Set: 0.7ms
[2024-08-27T13:50:27.771+0000][info][gc,phases   ] GC(364)   Other: 0.3ms
[2024-08-27T13:50:27.771+0000][info][gc,heap     ] GC(364) Eden regions: 89->0(220)
[2024-08-27T13:50:27.771+0000][info][gc,heap     ] GC(364) Survivor regions: 13->13(13)
[2024-08-27T13:50:27.771+0000][info][gc,heap     ] GC(364) Old regions: 1226->1139
[2024-08-27T13:50:27.771+0000][info][gc,heap     ] GC(364) Archive regions: 2->2
[2024-08-27T13:50:27.771+0000][info][gc,heap     ] GC(364) Humongous regions: 5->5
[2024-08-27T13:50:27.771+0000][info][gc,metaspace] GC(364) Metaspace: 100K(320K)->100K(320K) NonClass: 96K(192K)->96K(192K) Class: 4K(128K)->4K(128K)
[2024-08-27T13:50:27.771+0000][info][gc          ] GC(364) Pause Young (Mixed) (G1 Evacuation Pause) 1333M->1157M(2048M) 18.013ms
[2024-08-27T13:50:27.771+0000][info][gc,cpu      ] GC(364) User=0.78s Sys=0.01s Real=0.02s
[2024-08-27T13:50:27.878+0000][info][gc,start    ] GC(365) Pause Young (Normal) (G1 Evacuation Pause)
[2024-08-27T13:50:27.878+0000][info][gc,task     ] GC(365) Using 49 workers of 68 for evacuation
[2024-08-27T13:50:27.913+0000][info][gc,phases   ] GC(365)   Pre Evacuate Collection Set: 0.3ms
[2024-08-27T13:50:27.913+0000][info][gc,phases   ] GC(365)   Merge Heap Roots: 1.0ms
[2024-08-27T13:50:27.913+0000][info][gc,phases   ] GC(365)   Evacuate Collection Set: 32.7ms
[2024-08-27T13:50:27.913+0000][info][gc,phases   ] GC(365)   Post Evacuate Collection Set: 0.7ms
[2024-08-27T13:50:27.913+0000][info][gc,phases   ] GC(365)   Other: 0.3ms
[2024-08-27T13:50:27.913+0000][info][gc,heap     ] GC(365) Eden regions: 220->0(149)
[2024-08-27T13:50:27.913+0000][info][gc,heap     ] GC(365) Survivor regions: 13->30(30)
[2024-08-27T13:50:27.913+0000][info][gc,heap     ] GC(365) Old regions: 1139->1339
[2024-08-27T13:50:27.913+0000][info][gc,heap     ] GC(365) Archive regions: 2->2
[2024-08-27T13:50:27.913+0000][info][gc,heap     ] GC(365) Humongous regions: 5->5
[2024-08-27T13:50:27.913+0000][info][gc,metaspace] GC(365) Metaspace: 100K(320K)->100K(320K) NonClass: 96K(192K)->96K(192K) Class: 4K(128K)->4K(128K)
[2024-08-27T13:50:27.913+0000][info][gc          ] GC(365) Pause Young (Normal) (G1 Evacuation Pause) 1377M->1374M(2048M) 35.075ms
[2024-08-27T13:50:27.913+0000][info][gc,cpu      ] GC(365) User=1.63s Sys=0.01s Real=0.03s
[2024-08-27T13:50:27.985+0000][info][gc,start    ] GC(366) Pause Young (Normal) (G1 Evacuation Pause)
[2024-08-27T13:50:27.985+0000][info][gc,task     ] GC(366) Using 49 workers of 68 for evacuation
[2024-08-27T13:50:28.013+0000][info][gc,phases   ] GC(366)   Pre Evacuate Collection Set: 0.3ms
[2024-08-27T13:50:28.013+0000][info][gc,phases   ] GC(366)   Merge Heap Roots: 0.6ms
[2024-08-27T13:50:28.013+0000][info][gc,phases   ] GC(366)   Evacuate Collection Set: 26.6ms
[2024-08-27T13:50:28.013+0000][info][gc,phases   ] GC(366)   Post Evacuate Collection Set: 0.6ms
[2024-08-27T13:50:28.013+0000][info][gc,phases   ] GC(366)   Other: 0.3ms
[2024-08-27T13:50:28.013+0000][info][gc,heap     ] GC(366) Eden regions: 149->0(100)
[2024-08-27T13:50:28.013+0000][info][gc,heap     ] GC(366) Survivor regions: 30->23(23)
[2024-08-27T13:50:28.013+0000][info][gc,heap     ] GC(366) Old regions: 1339->1499
[2024-08-27T13:50:28.013+0000][info][gc,heap     ] GC(366) Archive regions: 2->2
[2024-08-27T13:50:28.013+0000][info][gc,heap     ] GC(366) Humongous regions: 5->5
[2024-08-27T13:50:28.013+0000][info][gc,metaspace] GC(366) Metaspace: 100K(320K)->100K(320K) NonClass: 96K(192K)->96K(192K) Class: 4K(128K)->4K(128K)
[2024-08-27T13:50:28.013+0000][info][gc          ] GC(366) Pause Young (Normal) (G1 Evacuation Pause) 1523M->1527M(2048M) 28.695ms
[2024-08-27T13:50:28.013+0000][info][gc,cpu      ] GC(366) User=1.32s Sys=0.00s Real=0.03s
[2024-08-27T13:50:28.062+0000][info][gc,start    ] GC(367) Pause Young (Concurrent Start) (G1 Evacuation Pause)
[2024-08-27T13:50:28.062+0000][info][gc,task     ] GC(367) Using 49 workers of 68 for evacuation
[2024-08-27T13:50:28.084+0000][info][gc,phases   ] GC(367)   Pre Evacuate Collection Set: 0.3ms
[2024-08-27T13:50:28.085+0000][info][gc,phases   ] GC(367)   Merge Heap Roots: 0.9ms
[2024-08-27T13:50:28.085+0000][info][gc,phases   ] GC(367)   Evacuate Collection Set: 19.3ms
[2024-08-27T13:50:28.085+0000][info][gc,phases   ] GC(367)   Post Evacuate Collection Set: 0.7ms
[2024-08-27T13:50:28.085+0000][info][gc,phases   ] GC(367)   Other: 1.8ms
[2024-08-27T13:50:28.085+0000][info][gc,heap     ] GC(367) Eden regions: 100->0(86)
[2024-08-27T13:50:28.085+0000][info][gc,heap     ] GC(367) Survivor regions: 23->16(16)
[2024-08-27T13:50:28.085+0000][info][gc,heap     ] GC(367) Old regions: 1499->1612
[2024-08-27T13:50:28.085+0000][info][gc,heap     ] GC(367) Archive regions: 2->2
[2024-08-27T13:50:28.085+0000][info][gc,heap     ] GC(367) Humongous regions: 5->5
[2024-08-27T13:50:28.085+0000][info][gc,metaspace] GC(367) Metaspace: 100K(320K)->100K(320K) NonClass: 96K(192K)->96K(192K) Class: 4K(128K)->4K(128K)
[2024-08-27T13:50:28.085+0000][info][gc          ] GC(367) Pause Young (Concurrent Start) (G1 Evacuation Pause) 1627M->1633M(2048M) 23.092ms
[2024-08-27T13:50:28.085+0000][info][gc,cpu      ] GC(367) User=0.98s Sys=0.00s Real=0.02s
[2024-08-27T13:50:28.085+0000][info][gc          ] GC(368) Concurrent Mark Cycle
[2024-08-27T13:50:28.085+0000][info][gc,marking  ] GC(368) Concurrent Clear Claimed Marks
[2024-08-27T13:50:28.085+0000][info][gc,marking  ] GC(368) Concurrent Clear Claimed Marks 0.010ms
[2024-08-27T13:50:28.085+0000][info][gc,marking  ] GC(368) Concurrent Scan Root Regions
[2024-08-27T13:50:28.088+0000][info][gc,marking  ] GC(368) Concurrent Scan Root Regions 3.173ms
[2024-08-27T13:50:28.088+0000][info][gc,marking  ] GC(368) Concurrent Mark
[2024-08-27T13:50:28.088+0000][info][gc,marking  ] GC(368) Concurrent Mark From Roots
[2024-08-27T13:50:28.088+0000][info][gc,task     ] GC(368) Using 17 workers of 17 for marking
[2024-08-27T13:50:28.107+0000][info][gc,marking  ] GC(368) Concurrent Mark From Roots 19.296ms
[2024-08-27T13:50:28.108+0000][info][gc,marking  ] GC(368) Concurrent Preclean
[2024-08-27T13:50:28.108+0000][info][gc,marking  ] GC(368) Concurrent Preclean 0.496ms
[2024-08-27T13:50:28.108+0000][info][gc,start    ] GC(368) Pause Remark
[2024-08-27T13:50:28.110+0000][info][gc          ] GC(368) Pause Remark 1665M->1393M(2048M) 2.053ms
[2024-08-27T13:50:28.110+0000][info][gc,cpu      ] GC(368) User=0.03s Sys=0.00s Real=0.01s
[2024-08-27T13:50:28.110+0000][info][gc,marking  ] GC(368) Concurrent Mark 22.293ms
[2024-08-27T13:50:28.110+0000][info][gc,marking  ] GC(368) Concurrent Rebuild Remembered Sets
[2024-08-27T13:50:28.137+0000][info][gc,start    ] GC(369) Pause Young (Normal) (G1 Evacuation Pause)
[2024-08-27T13:50:28.137+0000][info][gc,task     ] GC(369) Using 49 workers of 68 for evacuation
[2024-08-27T13:50:28.154+0000][info][gc,phases   ] GC(369)   Pre Evacuate Collection Set: 0.2ms
[2024-08-27T13:50:28.154+0000][info][gc,phases   ] GC(369)   Merge Heap Roots: 0.4ms
[2024-08-27T13:50:28.154+0000][info][gc,phases   ] GC(369)   Evacuate Collection Set: 15.8ms
[2024-08-27T13:50:28.154+0000][info][gc,phases   ] GC(369)   Post Evacuate Collection Set: 0.8ms
[2024-08-27T13:50:28.154+0000][info][gc,phases   ] GC(369)   Other: 0.2ms
[2024-08-27T13:50:28.154+0000][info][gc,heap     ] GC(369) Eden regions: 86->0(123)
[2024-08-27T13:50:28.154+0000][info][gc,heap     ] GC(369) Survivor regions: 16->13(13)
[2024-08-27T13:50:28.154+0000][info][gc,heap     ] GC(369) Old regions: 1340->1437
[2024-08-27T13:50:28.154+0000][info][gc,heap     ] GC(369) Archive regions: 2->2
[2024-08-27T13:50:28.154+0000][info][gc,heap     ] GC(369) Humongous regions: 5->5
[2024-08-27T13:50:28.154+0000][info][gc,metaspace] GC(369) Metaspace: 100K(320K)->100K(320K) NonClass: 96K(192K)->96K(192K) Class: 4K(128K)->4K(128K)
[2024-08-27T13:50:28.154+0000][info][gc          ] GC(369) Pause Young (Normal) (G1 Evacuation Pause) 1447M->1455M(2048M) 17.439ms
[2024-08-27T13:50:28.154+0000][info][gc,cpu      ] GC(369) User=0.78s Sys=0.03s Real=0.02s
[2024-08-27T13:50:28.180+0000][info][gc,marking  ] GC(368) Concurrent Rebuild Remembered Sets 69.482ms
[2024-08-27T13:50:28.180+0000][info][gc,start    ] GC(368) Pause Cleanup
[2024-08-27T13:50:28.183+0000][info][gc          ] GC(368) Pause Cleanup 1506M->1506M(2048M) 2.417ms
[2024-08-27T13:50:28.183+0000][info][gc,cpu      ] GC(368) User=0.01s Sys=0.00s Real=0.00s
[2024-08-27T13:50:28.183+0000][info][gc,marking  ] GC(368) Concurrent Cleanup for Next Mark
[2024-08-27T13:50:28.184+0000][info][gc,marking  ] GC(368) Concurrent Cleanup for Next Mark 1.220ms
[2024-08-27T13:50:28.184+0000][info][gc          ] GC(368) Concurrent Mark Cycle 99.111ms
[2024-08-27T13:50:28.219+0000][info][gc,start    ] GC(370) Pause Young (Prepare Mixed) (G1 Evacuation Pause)
[2024-08-27T13:50:28.219+0000][info][gc,task     ] GC(370) Using 49 workers of 68 for evacuation
[2024-08-27T13:50:28.244+0000][info][gc,phases   ] GC(370)   Pre Evacuate Collection Set: 0.3ms
[2024-08-27T13:50:28.244+0000][info][gc,phases   ] GC(370)   Merge Heap Roots: 1.1ms
[2024-08-27T13:50:28.244+0000][info][gc,phases   ] GC(370)   Evacuate Collection Set: 23.0ms
[2024-08-27T13:50:28.244+0000][info][gc,phases   ] GC(370)   Post Evacuate Collection Set: 0.5ms
[2024-08-27T13:50:28.244+0000][info][gc,phases   ] GC(370)   Other: 0.2ms
[2024-08-27T13:50:28.244+0000][info][gc,heap     ] GC(370) Eden regions: 123->0(85)
[2024-08-27T13:50:28.244+0000][info][gc,heap     ] GC(370) Survivor regions: 13->17(17)
[2024-08-27T13:50:28.244+0000][info][gc,heap     ] GC(370) Old regions: 1437->1559
[2024-08-27T13:50:28.244+0000][info][gc,heap     ] GC(370) Archive regions: 2->2
[2024-08-27T13:50:28.244+0000][info][gc,heap     ] GC(370) Humongous regions: 5->5
[2024-08-27T13:50:28.244+0000][info][gc,metaspace] GC(370) Metaspace: 100K(320K)->100K(320K) NonClass: 96K(192K)->96K(192K) Class: 4K(128K)->4K(128K)
[2024-08-27T13:50:28.244+0000][info][gc          ] GC(370) Pause Young (Prepare Mixed) (G1 Evacuation Pause) 1578M->1581M(2048M) 25.105ms
[2024-08-27T13:50:28.244+0000][info][gc,cpu      ] GC(370) User=1.17s Sys=0.00s Real=0.02s
[2024-08-27T13:50:28.286+0000][info][gc,start    ] GC(371) Pause Young (Mixed) (G1 Evacuation Pause)
[2024-08-27T13:50:28.286+0000][info][gc,task     ] GC(371) Using 49 workers of 68 for evacuation
[2024-08-27T13:50:28.304+0000][info][gc,phases   ] GC(371)   Pre Evacuate Collection Set: 0.3ms
[2024-08-27T13:50:28.304+0000][info][gc,phases   ] GC(371)   Merge Heap Roots: 0.7ms
[2024-08-27T13:50:28.304+0000][info][gc,phases   ] GC(371)   Evacuate Collection Set: 15.9ms
[2024-08-27T13:50:28.304+0000][info][gc,phases   ] GC(371)   Post Evacuate Collection Set: 0.6ms
[2024-08-27T13:50:28.304+0000][info][gc,phases   ] GC(371)   Other: 0.3ms
[2024-08-27T13:50:28.304+0000][info][gc,heap     ] GC(371) Eden regions: 85->0(89)
[2024-08-27T13:50:28.304+0000][info][gc,heap     ] GC(371) Survivor regions: 17->13(13)
[2024-08-27T13:50:28.304+0000][info][gc,heap     ] GC(371) Old regions: 1559->1450
[2024-08-27T13:50:28.304+0000][info][gc,heap     ] GC(371) Archive regions: 2->2
[2024-08-27T13:50:28.304+0000][info][gc,heap     ] GC(371) Humongous regions: 5->5
[2024-08-27T13:50:28.304+0000][info][gc,metaspace] GC(371) Metaspace: 100K(320K)->100K(320K) NonClass: 96K(192K)->96K(192K) Class: 4K(128K)->4K(128K)
[2024-08-27T13:50:28.304+0000][info][gc          ] GC(371) Pause Young (Mixed) (G1 Evacuation Pause) 1666M->1468M(2048M) 17.929ms
[2024-08-27T13:50:28.304+0000][info][gc,cpu      ] GC(371) User=0.77s Sys=0.02s Real=0.02s
[2024-08-27T13:50:28.348+0000][info][gc,start    ] GC(372) Pause Young (Mixed) (G1 Evacuation Pause)
[2024-08-27T13:50:28.348+0000][info][gc,task     ] GC(372) Using 49 workers of 68 for evacuation
[2024-08-27T13:50:28.365+0000][info][gc,phases   ] GC(372)   Pre Evacuate Collection Set: 0.3ms
[2024-08-27T13:50:28.365+0000][info][gc,phases   ] GC(372)   Merge Heap Roots: 0.8ms
[2024-08-27T13:50:28.365+0000][info][gc,phases   ] GC(372)   Evacuate Collection Set: 15.6ms
[2024-08-27T13:50:28.365+0000][info][gc,phases   ] GC(372)   Post Evacuate Collection Set: 0.6ms
[2024-08-27T13:50:28.365+0000][info][gc,phases   ] GC(372)   Other: 0.2ms
[2024-08-27T13:50:28.365+0000][info][gc,heap     ] GC(372) Eden regions: 89->0(89)
[2024-08-27T13:50:28.365+0000][info][gc,heap     ] GC(372) Survivor regions: 13->13(13)
[2024-08-27T13:50:28.365+0000][info][gc,heap     ] GC(372) Old regions: 1450->1339
[2024-08-27T13:50:28.365+0000][info][gc,heap     ] GC(372) Archive regions: 2->2
[2024-08-27T13:50:28.365+0000][info][gc,heap     ] GC(372) Humongous regions: 5->5
[2024-08-27T13:50:28.365+0000][info][gc,metaspace] GC(372) Metaspace: 100K(320K)->100K(320K) NonClass: 96K(192K)->96K(192K) Class: 4K(128K)->4K(128K)
[2024-08-27T13:50:28.365+0000][info][gc          ] GC(372) Pause Young (Mixed) (G1 Evacuation Pause) 1557M->1357M(2048M) 17.581ms
[2024-08-27T13:50:28.365+0000][info][gc,cpu      ] GC(372) User=0.79s Sys=0.00s Real=0.02s
[2024-08-27T13:50:28.408+0000][info][gc,start    ] GC(373) Pause Young (Mixed) (G1 Evacuation Pause)
[2024-08-27T13:50:28.408+0000][info][gc,task     ] GC(373) Using 49 workers of 68 for evacuation
[2024-08-27T13:50:28.426+0000][info][gc,phases   ] GC(373)   Pre Evacuate Collection Set: 0.3ms
[2024-08-27T13:50:28.426+0000][info][gc,phases   ] GC(373)   Merge Heap Roots: 0.8ms
[2024-08-27T13:50:28.426+0000][info][gc,phases   ] GC(373)   Evacuate Collection Set: 15.8ms
[2024-08-27T13:50:28.426+0000][info][gc,phases   ] GC(373)   Post Evacuate Collection Set: 0.7ms
[2024-08-27T13:50:28.426+0000][info][gc,phases   ] GC(373)   Other: 0.3ms
[2024-08-27T13:50:28.426+0000][info][gc,heap     ] GC(373) Eden regions: 89->0(89)
[2024-08-27T13:50:28.426+0000][info][gc,heap     ] GC(373) Survivor regions: 13->13(13)
[2024-08-27T13:50:28.426+0000][info][gc,heap     ] GC(373) Old regions: 1339->1228
[2024-08-27T13:50:28.426+0000][info][gc,heap     ] GC(373) Archive regions: 2->2
[2024-08-27T13:50:28.426+0000][info][gc,heap     ] GC(373) Humongous regions: 5->5
[2024-08-27T13:50:28.426+0000][info][gc,metaspace] GC(373) Metaspace: 100K(320K)->100K(320K) NonClass: 96K(192K)->96K(192K) Class: 4K(128K)->4K(128K)
[2024-08-27T13:50:28.426+0000][info][gc          ] GC(373) Pause Young (Mixed) (G1 Evacuation Pause) 1446M->1246M(2048M) 18.055ms
[2024-08-27T13:50:28.426+0000][info][gc,cpu      ] GC(373) User=0.81s Sys=0.00s Real=0.02s
[2024-08-27T13:50:28.468+0000][info][gc,start    ] GC(374) Pause Young (Mixed) (G1 Evacuation Pause)
[2024-08-27T13:50:28.468+0000][info][gc,task     ] GC(374) Using 49 workers of 68 for evacuation
[2024-08-27T13:50:28.486+0000][info][gc,phases   ] GC(374)   Pre Evacuate Collection Set: 0.4ms
[2024-08-27T13:50:28.486+0000][info][gc,phases   ] GC(374)   Merge Heap Roots: 0.9ms
[2024-08-27T13:50:28.486+0000][info][gc,phases   ] GC(374)   Evacuate Collection Set: 16.0ms
[2024-08-27T13:50:28.486+0000][info][gc,phases   ] GC(374)   Post Evacuate Collection Set: 0.7ms
[2024-08-27T13:50:28.487+0000][info][gc,phases   ] GC(374)   Other: 0.3ms
[2024-08-27T13:50:28.487+0000][info][gc,heap     ] GC(374) Eden regions: 89->0(220)
[2024-08-27T13:50:28.487+0000][info][gc,heap     ] GC(374) Survivor regions: 13->13(13)
[2024-08-27T13:50:28.487+0000][info][gc,heap     ] GC(374) Old regions: 1228->1137
[2024-08-27T13:50:28.487+0000][info][gc,heap     ] GC(374) Archive regions: 2->2
[2024-08-27T13:50:28.487+0000][info][gc,heap     ] GC(374) Humongous regions: 5->5
[2024-08-27T13:50:28.487+0000][info][gc,metaspace] GC(374) Metaspace: 100K(320K)->100K(320K) NonClass: 96K(192K)->96K(192K) Class: 4K(128K)->4K(128K)
[2024-08-27T13:50:28.487+0000][info][gc          ] GC(374) Pause Young (Mixed) (G1 Evacuation Pause) 1335M->1155M(2048M) 18.491ms
[2024-08-27T13:50:28.487+0000][info][gc,cpu      ] GC(374) User=0.81s Sys=0.01s Real=0.02s
[2024-08-27T13:50:28.592+0000][info][gc,start    ] GC(375) Pause Young (Normal) (G1 Evacuation Pause)
[2024-08-27T13:50:28.592+0000][info][gc,task     ] GC(375) Using 49 workers of 68 for evacuation
[2024-08-27T13:50:28.628+0000][info][gc,phases   ] GC(375)   Pre Evacuate Collection Set: 0.3ms
[2024-08-27T13:50:28.628+0000][info][gc,phases   ] GC(375)   Merge Heap Roots: 1.1ms
[2024-08-27T13:50:28.628+0000][info][gc,phases   ] GC(375)   Evacuate Collection Set: 33.7ms
[2024-08-27T13:50:28.628+0000][info][gc,phases   ] GC(375)   Post Evacuate Collection Set: 0.6ms
[2024-08-27T13:50:28.628+0000][info][gc,phases   ] GC(375)   Other: 0.3ms
[2024-08-27T13:50:28.628+0000][info][gc,heap     ] GC(375) Eden regions: 220->0(149)
[2024-08-27T13:50:28.628+0000][info][gc,heap     ] GC(375) Survivor regions: 13->30(30)
[2024-08-27T13:50:28.628+0000][info][gc,heap     ] GC(375) Old regions: 1137->1338
[2024-08-27T13:50:28.628+0000][info][gc,heap     ] GC(375) Archive regions: 2->2
[2024-08-27T13:50:28.628+0000][info][gc,heap     ] GC(375) Humongous regions: 5->5
[2024-08-27T13:50:28.628+0000][info][gc,metaspace] GC(375) Metaspace: 100K(320K)->100K(320K) NonClass: 96K(192K)->96K(192K) Class: 4K(128K)->4K(128K)
[2024-08-27T13:50:28.628+0000][info][gc          ] GC(375) Pause Young (Normal) (G1 Evacuation Pause) 1375M->1373M(2048M) 36.144ms
[2024-08-27T13:50:28.628+0000][info][gc,cpu      ] GC(375) User=1.67s Sys=0.01s Real=0.03s
[2024-08-27T13:50:28.703+0000][info][gc,start    ] GC(376) Pause Young (Normal) (G1 Evacuation Pause)
[2024-08-27T13:50:28.703+0000][info][gc,task     ] GC(376) Using 49 workers of 68 for evacuation
[2024-08-27T13:50:28.733+0000][info][gc,phases   ] GC(376)   Pre Evacuate Collection Set: 0.2ms
[2024-08-27T13:50:28.733+0000][info][gc,phases   ] GC(376)   Merge Heap Roots: 0.6ms
[2024-08-27T13:50:28.733+0000][info][gc,phases   ] GC(376)   Evacuate Collection Set: 28.3ms
[2024-08-27T13:50:28.733+0000][info][gc,phases   ] GC(376)   Post Evacuate Collection Set: 0.6ms
[2024-08-27T13:50:28.733+0000][info][gc,phases   ] GC(376)   Other: 0.2ms
[2024-08-27T13:50:28.733+0000][info][gc,heap     ] GC(376) Eden regions: 149->0(100)
[2024-08-27T13:50:28.733+0000][info][gc,heap     ] GC(376) Survivor regions: 30->23(23)
[2024-08-27T13:50:28.733+0000][info][gc,heap     ] GC(376) Old regions: 1338->1498
[2024-08-27T13:50:28.733+0000][info][gc,heap     ] GC(376) Archive regions: 2->2
[2024-08-27T13:50:28.733+0000][info][gc,heap     ] GC(376) Humongous regions: 5->5
[2024-08-27T13:50:28.733+0000][info][gc,metaspace] GC(376) Metaspace: 100K(320K)->100K(320K) NonClass: 96K(192K)->96K(192K) Class: 4K(128K)->4K(128K)
[2024-08-27T13:50:28.733+0000][info][gc          ] GC(376) Pause Young (Normal) (G1 Evacuation Pause) 1522M->1526M(2048M) 29.968ms
[2024-08-27T13:50:28.733+0000][info][gc,cpu      ] GC(376) User=1.40s Sys=0.02s Real=0.03s
[2024-08-27T13:50:28.786+0000][info][gc,start    ] GC(377) Pause Young (Concurrent Start) (G1 Evacuation Pause)
[2024-08-27T13:50:28.786+0000][info][gc,task     ] GC(377) Using 49 workers of 68 for evacuation
[2024-08-27T13:50:28.810+0000][info][gc,phases   ] GC(377)   Pre Evacuate Collection Set: 0.3ms
[2024-08-27T13:50:28.810+0000][info][gc,phases   ] GC(377)   Merge Heap Roots: 0.9ms
[2024-08-27T13:50:28.810+0000][info][gc,phases   ] GC(377)   Evacuate Collection Set: 21.6ms
[2024-08-27T13:50:28.810+0000][info][gc,phases   ] GC(377)   Post Evacuate Collection Set: 0.6ms
[2024-08-27T13:50:28.810+0000][info][gc,phases   ] GC(377)   Other: 0.6ms
[2024-08-27T13:50:28.810+0000][info][gc,heap     ] GC(377) Eden regions: 100->0(86)
[2024-08-27T13:50:28.810+0000][info][gc,heap     ] GC(377) Survivor regions: 23->16(16)
[2024-08-27T13:50:28.810+0000][info][gc,heap     ] GC(377) Old regions: 1498->1613
[2024-08-27T13:50:28.810+0000][info][gc,heap     ] GC(377) Archive regions: 2->2
[2024-08-27T13:50:28.810+0000][info][gc,heap     ] GC(377) Humongous regions: 5->5
[2024-08-27T13:50:28.810+0000][info][gc,metaspace] GC(377) Metaspace: 100K(320K)->100K(320K) NonClass: 96K(192K)->96K(192K) Class: 4K(128K)->4K(128K)
[2024-08-27T13:50:28.810+0000][info][gc          ] GC(377) Pause Young (Concurrent Start) (G1 Evacuation Pause) 1626M->1634M(2048M) 24.142ms
[2024-08-27T13:50:28.810+0000][info][gc,cpu      ] GC(377) User=1.07s Sys=0.01s Real=0.03s
[2024-08-27T13:50:28.810+0000][info][gc          ] GC(378) Concurrent Mark Cycle
[2024-08-27T13:50:28.810+0000][info][gc,marking  ] GC(378) Concurrent Clear Claimed Marks
[2024-08-27T13:50:28.810+0000][info][gc,marking  ] GC(378) Concurrent Clear Claimed Marks 0.011ms
[2024-08-27T13:50:28.810+0000][info][gc,marking  ] GC(378) Concurrent Scan Root Regions
[2024-08-27T13:50:28.814+0000][info][gc,marking  ] GC(378) Concurrent Scan Root Regions 3.226ms
[2024-08-27T13:50:28.814+0000][info][gc,marking  ] GC(378) Concurrent Mark
[2024-08-27T13:50:28.814+0000][info][gc,marking  ] GC(378) Concurrent Mark From Roots
[2024-08-27T13:50:28.814+0000][info][gc,task     ] GC(378) Using 17 workers of 17 for marking
[2024-08-27T13:50:28.835+0000][info][gc,marking  ] GC(378) Concurrent Mark From Roots 21.453ms
[2024-08-27T13:50:28.835+0000][info][gc,marking  ] GC(378) Concurrent Preclean
[2024-08-27T13:50:28.836+0000][info][gc,marking  ] GC(378) Concurrent Preclean 0.495ms
[2024-08-27T13:50:28.836+0000][info][gc,start    ] GC(378) Pause Remark
[2024-08-27T13:50:28.839+0000][info][gc          ] GC(378) Pause Remark 1667M->1388M(2048M) 2.621ms
[2024-08-27T13:50:28.839+0000][info][gc,cpu      ] GC(378) User=0.02s Sys=0.00s Real=0.01s
[2024-08-27T13:50:28.839+0000][info][gc,marking  ] GC(378) Concurrent Mark 25.075ms
[2024-08-27T13:50:28.839+0000][info][gc,marking  ] GC(378) Concurrent Rebuild Remembered Sets
[2024-08-27T13:50:28.866+0000][info][gc,start    ] GC(379) Pause Young (Normal) (G1 Evacuation Pause)
[2024-08-27T13:50:28.866+0000][info][gc,task     ] GC(379) Using 49 workers of 68 for evacuation
[2024-08-27T13:50:28.886+0000][info][gc,phases   ] GC(379)   Pre Evacuate Collection Set: 0.2ms
[2024-08-27T13:50:28.886+0000][info][gc,phases   ] GC(379)   Merge Heap Roots: 0.5ms
[2024-08-27T13:50:28.886+0000][info][gc,phases   ] GC(379)   Evacuate Collection Set: 17.5ms
[2024-08-27T13:50:28.886+0000][info][gc,phases   ] GC(379)   Post Evacuate Collection Set: 1.4ms
[2024-08-27T13:50:28.886+0000][info][gc,phases   ] GC(379)   Other: 0.2ms
[2024-08-27T13:50:28.886+0000][info][gc,heap     ] GC(379) Eden regions: 86->0(126)
[2024-08-27T13:50:28.886+0000][info][gc,heap     ] GC(379) Survivor regions: 16->13(13)
[2024-08-27T13:50:28.886+0000][info][gc,heap     ] GC(379) Old regions: 1334->1429
[2024-08-27T13:50:28.886+0000][info][gc,heap     ] GC(379) Archive regions: 2->2
[2024-08-27T13:50:28.886+0000][info][gc,heap     ] GC(379) Humongous regions: 5->5
[2024-08-27T13:50:28.886+0000][info][gc,metaspace] GC(379) Metaspace: 100K(320K)->100K(320K) NonClass: 96K(192K)->96K(192K) Class: 4K(128K)->4K(128K)
[2024-08-27T13:50:28.886+0000][info][gc          ] GC(379) Pause Young (Normal) (G1 Evacuation Pause) 1441M->1447M(2048M) 19.922ms
[2024-08-27T13:50:28.886+0000][info][gc,cpu      ] GC(379) User=0.88s Sys=0.01s Real=0.02s
[2024-08-27T13:50:28.908+0000][info][gc,marking  ] GC(378) Concurrent Rebuild Remembered Sets 69.382ms
[2024-08-27T13:50:28.908+0000][info][gc,start    ] GC(378) Pause Cleanup
[2024-08-27T13:50:28.912+0000][info][gc          ] GC(378) Pause Cleanup 1488M->1488M(2048M) 3.635ms
[2024-08-27T13:50:28.912+0000][info][gc,cpu      ] GC(378) User=0.01s Sys=0.00s Real=0.01s
[2024-08-27T13:50:28.912+0000][info][gc,marking  ] GC(378) Concurrent Cleanup for Next Mark
[2024-08-27T13:50:28.914+0000][info][gc,marking  ] GC(378) Concurrent Cleanup for Next Mark 1.659ms
[2024-08-27T13:50:28.914+0000][info][gc          ] GC(378) Concurrent Mark Cycle 103.651ms
[2024-08-27T13:50:28.956+0000][info][gc,start    ] GC(380) Pause Young (Prepare Mixed) (G1 Evacuation Pause)
[2024-08-27T13:50:28.956+0000][info][gc,task     ] GC(380) Using 49 workers of 68 for evacuation
[2024-08-27T13:50:28.985+0000][info][gc,phases   ] GC(380)   Pre Evacuate Collection Set: 0.3ms
[2024-08-27T13:50:28.985+0000][info][gc,phases   ] GC(380)   Merge Heap Roots: 1.4ms
[2024-08-27T13:50:28.985+0000][info][gc,phases   ] GC(380)   Evacuate Collection Set: 26.0ms
[2024-08-27T13:50:28.985+0000][info][gc,phases   ] GC(380)   Post Evacuate Collection Set: 0.6ms
[2024-08-27T13:50:28.985+0000][info][gc,phases   ] GC(380)   Other: 0.3ms
[2024-08-27T13:50:28.985+0000][info][gc,heap     ] GC(380) Eden regions: 126->0(84)
[2024-08-27T13:50:28.985+0000][info][gc,heap     ] GC(380) Survivor regions: 13->18(18)
[2024-08-27T13:50:28.985+0000][info][gc,heap     ] GC(380) Old regions: 1429->1554
[2024-08-27T13:50:28.985+0000][info][gc,heap     ] GC(380) Archive regions: 2->2
[2024-08-27T13:50:28.985+0000][info][gc,heap     ] GC(380) Humongous regions: 5->5
[2024-08-27T13:50:28.985+0000][info][gc,metaspace] GC(380) Metaspace: 100K(320K)->100K(320K) NonClass: 96K(192K)->96K(192K) Class: 4K(128K)->4K(128K)
[2024-08-27T13:50:28.985+0000][info][gc          ] GC(380) Pause Young (Prepare Mixed) (G1 Evacuation Pause) 1573M->1577M(2048M) 28.774ms
[2024-08-27T13:50:28.985+0000][info][gc,cpu      ] GC(380) User=1.34s Sys=0.00s Real=0.03s
[2024-08-27T13:50:29.028+0000][info][gc,start    ] GC(381) Pause Young (Mixed) (G1 Evacuation Pause)
[2024-08-27T13:50:29.028+0000][info][gc,task     ] GC(381) Using 49 workers of 68 for evacuation
[2024-08-27T13:50:29.047+0000][info][gc,phases   ] GC(381)   Pre Evacuate Collection Set: 0.4ms
[2024-08-27T13:50:29.047+0000][info][gc,phases   ] GC(381)   Merge Heap Roots: 0.8ms
[2024-08-27T13:50:29.047+0000][info][gc,phases   ] GC(381)   Evacuate Collection Set: 17.4ms
[2024-08-27T13:50:29.047+0000][info][gc,phases   ] GC(381)   Post Evacuate Collection Set: 0.6ms
[2024-08-27T13:50:29.047+0000][info][gc,phases   ] GC(381)   Other: 0.3ms
[2024-08-27T13:50:29.047+0000][info][gc,heap     ] GC(381) Eden regions: 84->0(89)
[2024-08-27T13:50:29.047+0000][info][gc,heap     ] GC(381) Survivor regions: 18->13(13)
[2024-08-27T13:50:29.047+0000][info][gc,heap     ] GC(381) Old regions: 1554->1444
[2024-08-27T13:50:29.047+0000][info][gc,heap     ] GC(381) Archive regions: 2->2
[2024-08-27T13:50:29.047+0000][info][gc,heap     ] GC(381) Humongous regions: 5->5
[2024-08-27T13:50:29.047+0000][info][gc,metaspace] GC(381) Metaspace: 100K(320K)->100K(320K) NonClass: 96K(192K)->96K(192K) Class: 4K(128K)->4K(128K)
[2024-08-27T13:50:29.047+0000][info][gc          ] GC(381) Pause Young (Mixed) (G1 Evacuation Pause) 1661M->1462M(2048M) 19.592ms
[2024-08-27T13:50:29.047+0000][info][gc,cpu      ] GC(381) User=0.88s Sys=0.00s Real=0.02s
[2024-08-27T13:50:29.093+0000][info][gc,start    ] GC(382) Pause Young (Mixed) (G1 Evacuation Pause)
[2024-08-27T13:50:29.093+0000][info][gc,task     ] GC(382) Using 49 workers of 68 for evacuation
[2024-08-27T13:50:29.112+0000][info][gc,phases   ] GC(382)   Pre Evacuate Collection Set: 0.4ms
[2024-08-27T13:50:29.112+0000][info][gc,phases   ] GC(382)   Merge Heap Roots: 0.9ms
[2024-08-27T13:50:29.112+0000][info][gc,phases   ] GC(382)   Evacuate Collection Set: 17.6ms
[2024-08-27T13:50:29.112+0000][info][gc,phases   ] GC(382)   Post Evacuate Collection Set: 0.7ms
[2024-08-27T13:50:29.112+0000][info][gc,phases   ] GC(382)   Other: 0.3ms
[2024-08-27T13:50:29.112+0000][info][gc,heap     ] GC(382) Eden regions: 89->0(89)
[2024-08-27T13:50:29.113+0000][info][gc,heap     ] GC(382) Survivor regions: 13->13(13)
[2024-08-27T13:50:29.113+0000][info][gc,heap     ] GC(382) Old regions: 1444->1333
[2024-08-27T13:50:29.113+0000][info][gc,heap     ] GC(382) Archive regions: 2->2
[2024-08-27T13:50:29.113+0000][info][gc,heap     ] GC(382) Humongous regions: 5->5
[2024-08-27T13:50:29.113+0000][info][gc,metaspace] GC(382) Metaspace: 100K(320K)->100K(320K) NonClass: 96K(192K)->96K(192K) Class: 4K(128K)->4K(128K)
[2024-08-27T13:50:29.113+0000][info][gc          ] GC(382) Pause Young (Mixed) (G1 Evacuation Pause) 1551M->1351M(2048M) 20.016ms
[2024-08-27T13:50:29.113+0000][info][gc,cpu      ] GC(382) User=0.90s Sys=0.00s Real=0.02s
[2024-08-27T13:50:29.159+0000][info][gc,start    ] GC(383) Pause Young (Mixed) (G1 Evacuation Pause)
[2024-08-27T13:50:29.159+0000][info][gc,task     ] GC(383) Using 49 workers of 68 for evacuation
[2024-08-27T13:50:29.179+0000][info][gc,phases   ] GC(383)   Pre Evacuate Collection Set: 0.4ms
[2024-08-27T13:50:29.179+0000][info][gc,phases   ] GC(383)   Merge Heap Roots: 0.9ms
[2024-08-27T13:50:29.179+0000][info][gc,phases   ] GC(383)   Evacuate Collection Set: 17.6ms
[2024-08-27T13:50:29.179+0000][info][gc,phases   ] GC(383)   Post Evacuate Collection Set: 0.8ms
[2024-08-27T13:50:29.179+0000][info][gc,phases   ] GC(383)   Other: 0.3ms
[2024-08-27T13:50:29.179+0000][info][gc,heap     ] GC(383) Eden regions: 89->0(89)
[2024-08-27T13:50:29.179+0000][info][gc,heap     ] GC(383) Survivor regions: 13->13(13)
[2024-08-27T13:50:29.179+0000][info][gc,heap     ] GC(383) Old regions: 1333->1221
[2024-08-27T13:50:29.179+0000][info][gc,heap     ] GC(383) Archive regions: 2->2
[2024-08-27T13:50:29.179+0000][info][gc,heap     ] GC(383) Humongous regions: 5->5
[2024-08-27T13:50:29.179+0000][info][gc,metaspace] GC(383) Metaspace: 100K(320K)->100K(320K) NonClass: 96K(192K)->96K(192K) Class: 4K(128K)->4K(128K)
[2024-08-27T13:50:29.179+0000][info][gc          ] GC(383) Pause Young (Mixed) (G1 Evacuation Pause) 1440M->1239M(2048M) 20.103ms
[2024-08-27T13:50:29.179+0000][info][gc,cpu      ] GC(383) User=0.89s Sys=0.00s Real=0.02s
[2024-08-27T13:50:29.225+0000][info][gc,start    ] GC(384) Pause Young (Mixed) (G1 Evacuation Pause)
[2024-08-27T13:50:29.225+0000][info][gc,task     ] GC(384) Using 49 workers of 68 for evacuation
[2024-08-27T13:50:29.245+0000][info][gc,phases   ] GC(384)   Pre Evacuate Collection Set: 0.3ms
[2024-08-27T13:50:29.245+0000][info][gc,phases   ] GC(384)   Merge Heap Roots: 1.0ms
[2024-08-27T13:50:29.245+0000][info][gc,phases   ] GC(384)   Evacuate Collection Set: 17.8ms
[2024-08-27T13:50:29.245+0000][info][gc,phases   ] GC(384)   Post Evacuate Collection Set: 0.6ms
[2024-08-27T13:50:29.245+0000][info][gc,phases   ] GC(384)   Other: 0.3ms
[2024-08-27T13:50:29.245+0000][info][gc,heap     ] GC(384) Eden regions: 89->0(219)
[2024-08-27T13:50:29.245+0000][info][gc,heap     ] GC(384) Survivor regions: 13->13(13)
[2024-08-27T13:50:29.245+0000][info][gc,heap     ] GC(384) Old regions: 1221->1140
[2024-08-27T13:50:29.245+0000][info][gc,heap     ] GC(384) Archive regions: 2->2
[2024-08-27T13:50:29.245+0000][info][gc,heap     ] GC(384) Humongous regions: 5->5
[2024-08-27T13:50:29.245+0000][info][gc,metaspace] GC(384) Metaspace: 100K(320K)->100K(320K) NonClass: 96K(192K)->96K(192K) Class: 4K(128K)->4K(128K)
[2024-08-27T13:50:29.245+0000][info][gc          ] GC(384) Pause Young (Mixed) (G1 Evacuation Pause) 1328M->1158M(2048M) 20.002ms
[2024-08-27T13:50:29.245+0000][info][gc,cpu      ] GC(384) User=0.91s Sys=0.00s Real=0.02s
[2024-08-27T13:50:29.355+0000][info][gc,start    ] GC(385) Pause Young (Normal) (G1 Evacuation Pause)
[2024-08-27T13:50:29.355+0000][info][gc,task     ] GC(385) Using 49 workers of 68 for evacuation
[2024-08-27T13:50:29.393+0000][info][gc,phases   ] GC(385)   Pre Evacuate Collection Set: 0.2ms
[2024-08-27T13:50:29.393+0000][info][gc,phases   ] GC(385)   Merge Heap Roots: 1.0ms
[2024-08-27T13:50:29.393+0000][info][gc,phases   ] GC(385)   Evacuate Collection Set: 35.3ms
[2024-08-27T13:50:29.393+0000][info][gc,phases   ] GC(385)   Post Evacuate Collection Set: 0.6ms
[2024-08-27T13:50:29.393+0000][info][gc,phases   ] GC(385)   Other: 0.2ms
[2024-08-27T13:50:29.393+0000][info][gc,heap     ] GC(385) Eden regions: 219->0(150)
[2024-08-27T13:50:29.393+0000][info][gc,heap     ] GC(385) Survivor regions: 13->29(29)
[2024-08-27T13:50:29.393+0000][info][gc,heap     ] GC(385) Old regions: 1140->1339
[2024-08-27T13:50:29.393+0000][info][gc,heap     ] GC(385) Archive regions: 2->2
[2024-08-27T13:50:29.393+0000][info][gc,heap     ] GC(385) Humongous regions: 5->5
[2024-08-27T13:50:29.393+0000][info][gc,metaspace] GC(385) Metaspace: 100K(320K)->100K(320K) NonClass: 96K(192K)->96K(192K) Class: 4K(128K)->4K(128K)
[2024-08-27T13:50:29.393+0000][info][gc          ] GC(385) Pause Young (Normal) (G1 Evacuation Pause) 1377M->1373M(2048M) 37.409ms
[2024-08-27T13:50:29.393+0000][info][gc,cpu      ] GC(385) User=1.75s Sys=0.01s Real=0.04s
[2024-08-27T13:50:29.468+0000][info][gc,start    ] GC(386) Pause Young (Normal) (G1 Evacuation Pause)
[2024-08-27T13:50:29.468+0000][info][gc,task     ] GC(386) Using 49 workers of 68 for evacuation
[2024-08-27T13:50:29.498+0000][info][gc,phases   ] GC(386)   Pre Evacuate Collection Set: 0.2ms
[2024-08-27T13:50:29.498+0000][info][gc,phases   ] GC(386)   Merge Heap Roots: 0.7ms
[2024-08-27T13:50:29.498+0000][info][gc,phases   ] GC(386)   Evacuate Collection Set: 28.8ms
[2024-08-27T13:50:29.498+0000][info][gc,phases   ] GC(386)   Post Evacuate Collection Set: 0.6ms
[2024-08-27T13:50:29.499+0000][info][gc,phases   ] GC(386)   Other: 0.2ms
[2024-08-27T13:50:29.499+0000][info][gc,heap     ] GC(386) Eden regions: 150->0(100)
[2024-08-27T13:50:29.499+0000][info][gc,heap     ] GC(386) Survivor regions: 29->23(23)
[2024-08-27T13:50:29.499+0000][info][gc,heap     ] GC(386) Old regions: 1339->1499
[2024-08-27T13:50:29.499+0000][info][gc,heap     ] GC(386) Archive regions: 2->2
[2024-08-27T13:50:29.499+0000][info][gc,heap     ] GC(386) Humongous regions: 5->5
[2024-08-27T13:50:29.499+0000][info][gc,metaspace] GC(386) Metaspace: 100K(320K)->100K(320K) NonClass: 96K(192K)->96K(192K) Class: 4K(128K)->4K(128K)
[2024-08-27T13:50:29.499+0000][info][gc          ] GC(386) Pause Young (Normal) (G1 Evacuation Pause) 1523M->1527M(2048M) 30.634ms
[2024-08-27T13:50:29.499+0000][info][gc,cpu      ] GC(386) User=1.41s Sys=0.01s Real=0.04s
[2024-08-27T13:50:29.549+0000][info][gc,start    ] GC(387) Pause Young (Concurrent Start) (G1 Evacuation Pause)
[2024-08-27T13:50:29.549+0000][info][gc,task     ] GC(387) Using 49 workers of 68 for evacuation
[2024-08-27T13:50:29.572+0000][info][gc,phases   ] GC(387)   Pre Evacuate Collection Set: 0.3ms
[2024-08-27T13:50:29.572+0000][info][gc,phases   ] GC(387)   Merge Heap Roots: 0.9ms
[2024-08-27T13:50:29.572+0000][info][gc,phases   ] GC(387)   Evacuate Collection Set: 20.7ms
[2024-08-27T13:50:29.572+0000][info][gc,phases   ] GC(387)   Post Evacuate Collection Set: 0.6ms
[2024-08-27T13:50:29.572+0000][info][gc,phases   ] GC(387)   Other: 0.9ms
[2024-08-27T13:50:29.572+0000][info][gc,heap     ] GC(387) Eden regions: 100->0(86)
[2024-08-27T13:50:29.572+0000][info][gc,heap     ] GC(387) Survivor regions: 23->16(16)
[2024-08-27T13:50:29.572+0000][info][gc,heap     ] GC(387) Old regions: 1499->1614
[2024-08-27T13:50:29.572+0000][info][gc,heap     ] GC(387) Archive regions: 2->2
[2024-08-27T13:50:29.572+0000][info][gc,heap     ] GC(387) Humongous regions: 5->5
[2024-08-27T13:50:29.573+0000][info][gc,metaspace] GC(387) Metaspace: 100K(320K)->100K(320K) NonClass: 96K(192K)->96K(192K) Class: 4K(128K)->4K(128K)
[2024-08-27T13:50:29.573+0000][info][gc          ] GC(387) Pause Young (Concurrent Start) (G1 Evacuation Pause) 1627M->1635M(2048M) 23.441ms
[2024-08-27T13:50:29.573+0000][info][gc,cpu      ] GC(387) User=1.03s Sys=0.02s Real=0.03s
[2024-08-27T13:50:29.573+0000][info][gc          ] GC(388) Concurrent Mark Cycle
[2024-08-27T13:50:29.573+0000][info][gc,marking  ] GC(388) Concurrent Clear Claimed Marks
[2024-08-27T13:50:29.573+0000][info][gc,marking  ] GC(388) Concurrent Clear Claimed Marks 0.011ms
[2024-08-27T13:50:29.573+0000][info][gc,marking  ] GC(388) Concurrent Scan Root Regions
[2024-08-27T13:50:29.576+0000][info][gc,marking  ] GC(388) Concurrent Scan Root Regions 3.103ms
[2024-08-27T13:50:29.576+0000][info][gc,marking  ] GC(388) Concurrent Mark
[2024-08-27T13:50:29.576+0000][info][gc,marking  ] GC(388) Concurrent Mark From Roots
[2024-08-27T13:50:29.576+0000][info][gc,task     ] GC(388) Using 17 workers of 17 for marking
[2024-08-27T13:50:29.596+0000][info][gc,marking  ] GC(388) Concurrent Mark From Roots 20.074ms
[2024-08-27T13:50:29.596+0000][info][gc,marking  ] GC(388) Concurrent Preclean
[2024-08-27T13:50:29.596+0000][info][gc,marking  ] GC(388) Concurrent Preclean 0.494ms
[2024-08-27T13:50:29.597+0000][info][gc,start    ] GC(388) Pause Remark
[2024-08-27T13:50:29.600+0000][info][gc          ] GC(388) Pause Remark 1668M->1399M(2048M) 3.044ms
[2024-08-27T13:50:29.600+0000][info][gc,cpu      ] GC(388) User=0.03s Sys=0.00s Real=0.01s
[2024-08-27T13:50:29.600+0000][info][gc,marking  ] GC(388) Concurrent Mark 24.150ms
[2024-08-27T13:50:29.600+0000][info][gc,marking  ] GC(388) Concurrent Rebuild Remembered Sets
[2024-08-27T13:50:29.626+0000][info][gc,start    ] GC(389) Pause Young (Normal) (G1 Evacuation Pause)
[2024-08-27T13:50:29.626+0000][info][gc,task     ] GC(389) Using 49 workers of 68 for evacuation
[2024-08-27T13:50:29.646+0000][info][gc,phases   ] GC(389)   Pre Evacuate Collection Set: 0.3ms
[2024-08-27T13:50:29.646+0000][info][gc,phases   ] GC(389)   Merge Heap Roots: 0.5ms
[2024-08-27T13:50:29.646+0000][info][gc,phases   ] GC(389)   Evacuate Collection Set: 18.3ms
[2024-08-27T13:50:29.647+0000][info][gc,phases   ] GC(389)   Post Evacuate Collection Set: 1.0ms
[2024-08-27T13:50:29.647+0000][info][gc,phases   ] GC(389)   Other: 0.3ms
[2024-08-27T13:50:29.647+0000][info][gc,heap     ] GC(389) Eden regions: 86->0(122)
[2024-08-27T13:50:29.647+0000][info][gc,heap     ] GC(389) Survivor regions: 16->13(13)
[2024-08-27T13:50:29.647+0000][info][gc,heap     ] GC(389) Old regions: 1345->1441
[2024-08-27T13:50:29.647+0000][info][gc,heap     ] GC(389) Archive regions: 2->2
[2024-08-27T13:50:29.647+0000][info][gc,heap     ] GC(389) Humongous regions: 5->5
[2024-08-27T13:50:29.647+0000][info][gc,metaspace] GC(389) Metaspace: 100K(320K)->100K(320K) NonClass: 96K(192K)->96K(192K) Class: 4K(128K)->4K(128K)
[2024-08-27T13:50:29.647+0000][info][gc          ] GC(389) Pause Young (Normal) (G1 Evacuation Pause) 1452M->1459M(2048M) 20.494ms
[2024-08-27T13:50:29.647+0000][info][gc,cpu      ] GC(389) User=0.92s Sys=0.01s Real=0.02s
[2024-08-27T13:50:29.669+0000][info][gc,marking  ] GC(388) Concurrent Rebuild Remembered Sets 68.914ms
[2024-08-27T13:50:29.669+0000][info][gc,start    ] GC(388) Pause Cleanup
[2024-08-27T13:50:29.674+0000][info][gc          ] GC(388) Pause Cleanup 1501M->1501M(2048M) 4.532ms
[2024-08-27T13:50:29.674+0000][info][gc,cpu      ] GC(388) User=0.01s Sys=0.00s Real=0.01s
[2024-08-27T13:50:29.674+0000][info][gc,marking  ] GC(388) Concurrent Cleanup for Next Mark
[2024-08-27T13:50:29.675+0000][info][gc,marking  ] GC(388) Concurrent Cleanup for Next Mark 1.204ms
[2024-08-27T13:50:29.675+0000][info][gc          ] GC(388) Concurrent Mark Cycle 102.702ms
[2024-08-27T13:50:29.716+0000][info][gc,start    ] GC(390) Pause Young (Prepare Mixed) (G1 Evacuation Pause)
[2024-08-27T13:50:29.716+0000][info][gc,task     ] GC(390) Using 49 workers of 68 for evacuation
[2024-08-27T13:50:29.744+0000][info][gc,phases   ] GC(390)   Pre Evacuate Collection Set: 0.3ms
[2024-08-27T13:50:29.744+0000][info][gc,phases   ] GC(390)   Merge Heap Roots: 1.4ms
[2024-08-27T13:50:29.744+0000][info][gc,phases   ] GC(390)   Evacuate Collection Set: 25.5ms
[2024-08-27T13:50:29.744+0000][info][gc,phases   ] GC(390)   Post Evacuate Collection Set: 0.6ms
[2024-08-27T13:50:29.744+0000][info][gc,phases   ] GC(390)   Other: 0.3ms
[2024-08-27T13:50:29.744+0000][info][gc,heap     ] GC(390) Eden regions: 122->0(85)
[2024-08-27T13:50:29.744+0000][info][gc,heap     ] GC(390) Survivor regions: 13->17(17)
[2024-08-27T13:50:29.744+0000][info][gc,heap     ] GC(390) Old regions: 1441->1563
[2024-08-27T13:50:29.744+0000][info][gc,heap     ] GC(390) Archive regions: 2->2
[2024-08-27T13:50:29.744+0000][info][gc,heap     ] GC(390) Humongous regions: 5->5
[2024-08-27T13:50:29.744+0000][info][gc,metaspace] GC(390) Metaspace: 100K(320K)->100K(320K) NonClass: 96K(192K)->96K(192K) Class: 4K(128K)->4K(128K)
[2024-08-27T13:50:29.744+0000][info][gc          ] GC(390) Pause Young (Prepare Mixed) (G1 Evacuation Pause) 1581M->1585M(2048M) 28.298ms
[2024-08-27T13:50:29.744+0000][info][gc,cpu      ] GC(390) User=1.31s Sys=0.00s Real=0.03s
[2024-08-27T13:50:29.787+0000][info][gc,start    ] GC(391) Pause Young (Mixed) (G1 Evacuation Pause)
[2024-08-27T13:50:29.787+0000][info][gc,task     ] GC(391) Using 49 workers of 68 for evacuation
[2024-08-27T13:50:29.806+0000][info][gc,phases   ] GC(391)   Pre Evacuate Collection Set: 0.4ms
[2024-08-27T13:50:29.807+0000][info][gc,phases   ] GC(391)   Merge Heap Roots: 0.8ms
[2024-08-27T13:50:29.807+0000][info][gc,phases   ] GC(391)   Evacuate Collection Set: 17.0ms
[2024-08-27T13:50:29.807+0000][info][gc,phases   ] GC(391)   Post Evacuate Collection Set: 0.7ms
[2024-08-27T13:50:29.807+0000][info][gc,phases   ] GC(391)   Other: 0.4ms
[2024-08-27T13:50:29.807+0000][info][gc,heap     ] GC(391) Eden regions: 85->0(89)
[2024-08-27T13:50:29.807+0000][info][gc,heap     ] GC(391) Survivor regions: 17->13(13)
[2024-08-27T13:50:29.807+0000][info][gc,heap     ] GC(391) Old regions: 1563->1454
[2024-08-27T13:50:29.807+0000][info][gc,heap     ] GC(391) Archive regions: 2->2
[2024-08-27T13:50:29.807+0000][info][gc,heap     ] GC(391) Humongous regions: 5->5
[2024-08-27T13:50:29.807+0000][info][gc,metaspace] GC(391) Metaspace: 100K(320K)->100K(320K) NonClass: 96K(192K)->96K(192K) Class: 4K(128K)->4K(128K)
[2024-08-27T13:50:29.807+0000][info][gc          ] GC(391) Pause Young (Mixed) (G1 Evacuation Pause) 1670M->1472M(2048M) 19.352ms
[2024-08-27T13:50:29.807+0000][info][gc,cpu      ] GC(391) User=0.85s Sys=0.02s Real=0.02s
[2024-08-27T13:50:29.852+0000][info][gc,start    ] GC(392) Pause Young (Mixed) (G1 Evacuation Pause)
[2024-08-27T13:50:29.853+0000][info][gc,task     ] GC(392) Using 49 workers of 68 for evacuation
[2024-08-27T13:50:29.875+0000][info][gc,phases   ] GC(392)   Pre Evacuate Collection Set: 0.7ms
[2024-08-27T13:50:29.875+0000][info][gc,phases   ] GC(392)   Merge Heap Roots: 0.9ms
[2024-08-27T13:50:29.875+0000][info][gc,phases   ] GC(392)   Evacuate Collection Set: 19.6ms
[2024-08-27T13:50:29.875+0000][info][gc,phases   ] GC(392)   Post Evacuate Collection Set: 0.8ms
[2024-08-27T13:50:29.875+0000][info][gc,phases   ] GC(392)   Other: 0.3ms
[2024-08-27T13:50:29.875+0000][info][gc,heap     ] GC(392) Eden regions: 89->0(89)
[2024-08-27T13:50:29.875+0000][info][gc,heap     ] GC(392) Survivor regions: 13->13(13)
[2024-08-27T13:50:29.875+0000][info][gc,heap     ] GC(392) Old regions: 1454->1343
[2024-08-27T13:50:29.875+0000][info][gc,heap     ] GC(392) Archive regions: 2->2
[2024-08-27T13:50:29.875+0000][info][gc,heap     ] GC(392) Humongous regions: 5->5
[2024-08-27T13:50:29.875+0000][info][gc,metaspace] GC(392) Metaspace: 100K(320K)->100K(320K) NonClass: 96K(192K)->96K(192K) Class: 4K(128K)->4K(128K)
[2024-08-27T13:50:29.875+0000][info][gc          ] GC(392) Pause Young (Mixed) (G1 Evacuation Pause) 1561M->1361M(2048M) 22.534ms
[2024-08-27T13:50:29.875+0000][info][gc,cpu      ] GC(392) User=1.01s Sys=0.00s Real=0.02s
[2024-08-27T13:50:29.924+0000][info][gc,start    ] GC(393) Pause Young (Mixed) (G1 Evacuation Pause)
[2024-08-27T13:50:29.924+0000][info][gc,task     ] GC(393) Using 49 workers of 68 for evacuation
[2024-08-27T13:50:29.946+0000][info][gc,phases   ] GC(393)   Pre Evacuate Collection Set: 0.4ms
[2024-08-27T13:50:29.946+0000][info][gc,phases   ] GC(393)   Merge Heap Roots: 1.0ms
[2024-08-27T13:50:29.946+0000][info][gc,phases   ] GC(393)   Evacuate Collection Set: 19.7ms
[2024-08-27T13:50:29.946+0000][info][gc,phases   ] GC(393)   Post Evacuate Collection Set: 0.7ms
[2024-08-27T13:50:29.946+0000][info][gc,phases   ] GC(393)   Other: 0.3ms
[2024-08-27T13:50:29.946+0000][info][gc,heap     ] GC(393) Eden regions: 89->0(89)
[2024-08-27T13:50:29.946+0000][info][gc,heap     ] GC(393) Survivor regions: 13->13(13)
[2024-08-27T13:50:29.946+0000][info][gc,heap     ] GC(393) Old regions: 1343->1231
[2024-08-27T13:50:29.946+0000][info][gc,heap     ] GC(393) Archive regions: 2->2
[2024-08-27T13:50:29.946+0000][info][gc,heap     ] GC(393) Humongous regions: 5->5
[2024-08-27T13:50:29.946+0000][info][gc,metaspace] GC(393) Metaspace: 100K(320K)->100K(320K) NonClass: 96K(192K)->96K(192K) Class: 4K(128K)->4K(128K)
[2024-08-27T13:50:29.946+0000][info][gc          ] GC(393) Pause Young (Mixed) (G1 Evacuation Pause) 1450M->1249M(2048M) 22.226ms
[2024-08-27T13:50:29.946+0000][info][gc,cpu      ] GC(393) User=1.00s Sys=0.01s Real=0.02s
[2024-08-27T13:50:29.997+0000][info][gc,start    ] GC(394) Pause Young (Mixed) (G1 Evacuation Pause)
[2024-08-27T13:50:29.997+0000][info][gc,task     ] GC(394) Using 49 workers of 68 for evacuation
[2024-08-27T13:50:30.020+0000][info][gc,phases   ] GC(394)   Pre Evacuate Collection Set: 1.0ms
[2024-08-27T13:50:30.020+0000][info][gc,phases   ] GC(394)   Merge Heap Roots: 1.0ms
[2024-08-27T13:50:30.020+0000][info][gc,phases   ] GC(394)   Evacuate Collection Set: 20.6ms
[2024-08-27T13:50:30.020+0000][info][gc,phases   ] GC(394)   Post Evacuate Collection Set: 0.7ms
[2024-08-27T13:50:30.020+0000][info][gc,phases   ] GC(394)   Other: 0.2ms
[2024-08-27T13:50:30.020+0000][info][gc,heap     ] GC(394) Eden regions: 89->0(220)
[2024-08-27T13:50:30.020+0000][info][gc,heap     ] GC(394) Survivor regions: 13->13(13)
[2024-08-27T13:50:30.020+0000][info][gc,heap     ] GC(394) Old regions: 1231->1139
[2024-08-27T13:50:30.020+0000][info][gc,heap     ] GC(394) Archive regions: 2->2
[2024-08-27T13:50:30.020+0000][info][gc,heap     ] GC(394) Humongous regions: 5->5
[2024-08-27T13:50:30.020+0000][info][gc,metaspace] GC(394) Metaspace: 100K(320K)->100K(320K) NonClass: 96K(192K)->96K(192K) Class: 4K(128K)->4K(128K)
[2024-08-27T13:50:30.020+0000][info][gc          ] GC(394) Pause Young (Mixed) (G1 Evacuation Pause) 1338M->1157M(2048M) 23.473ms
[2024-08-27T13:50:30.021+0000][info][gc,cpu      ] GC(394) User=1.06s Sys=0.00s Real=0.03s
[2024-08-27T13:50:30.138+0000][info][gc,start    ] GC(395) Pause Young (Normal) (G1 Evacuation Pause)
[2024-08-27T13:50:30.138+0000][info][gc,task     ] GC(395) Using 49 workers of 68 for evacuation
[2024-08-27T13:50:30.181+0000][info][gc,phases   ] GC(395)   Pre Evacuate Collection Set: 0.3ms
[2024-08-27T13:50:30.181+0000][info][gc,phases   ] GC(395)   Merge Heap Roots: 1.2ms
[2024-08-27T13:50:30.181+0000][info][gc,phases   ] GC(395)   Evacuate Collection Set: 40.7ms
[2024-08-27T13:50:30.181+0000][info][gc,phases   ] GC(395)   Post Evacuate Collection Set: 0.7ms
[2024-08-27T13:50:30.181+0000][info][gc,phases   ] GC(395)   Other: 0.3ms
[2024-08-27T13:50:30.181+0000][info][gc,heap     ] GC(395) Eden regions: 220->0(150)
[2024-08-27T13:50:30.181+0000][info][gc,heap     ] GC(395) Survivor regions: 13->30(30)
[2024-08-27T13:50:30.181+0000][info][gc,heap     ] GC(395) Old regions: 1139->1338
[2024-08-27T13:50:30.181+0000][info][gc,heap     ] GC(395) Archive regions: 2->2
[2024-08-27T13:50:30.181+0000][info][gc,heap     ] GC(395) Humongous regions: 5->5
[2024-08-27T13:50:30.181+0000][info][gc,metaspace] GC(395) Metaspace: 100K(320K)->100K(320K) NonClass: 96K(192K)->96K(192K) Class: 4K(128K)->4K(128K)
[2024-08-27T13:50:30.181+0000][info][gc          ] GC(395) Pause Young (Normal) (G1 Evacuation Pause) 1377M->1373M(2048M) 43.405ms
[2024-08-27T13:50:30.182+0000][info][gc,cpu      ] GC(395) User=2.01s Sys=0.01s Real=0.04s
[2024-08-27T13:50:30.261+0000][info][gc,start    ] GC(396) Pause Young (Normal) (G1 Evacuation Pause)
[2024-08-27T13:50:30.261+0000][info][gc,task     ] GC(396) Using 49 workers of 68 for evacuation
[2024-08-27T13:50:30.295+0000][info][gc,phases   ] GC(396)   Pre Evacuate Collection Set: 0.3ms
[2024-08-27T13:50:30.296+0000][info][gc,phases   ] GC(396)   Merge Heap Roots: 0.7ms
[2024-08-27T13:50:30.296+0000][info][gc,phases   ] GC(396)   Evacuate Collection Set: 33.0ms
[2024-08-27T13:50:30.296+0000][info][gc,phases   ] GC(396)   Post Evacuate Collection Set: 0.7ms
[2024-08-27T13:50:30.296+0000][info][gc,phases   ] GC(396)   Other: 0.4ms
[2024-08-27T13:50:30.296+0000][info][gc,heap     ] GC(396) Eden regions: 150->0(100)
[2024-08-27T13:50:30.296+0000][info][gc,heap     ] GC(396) Survivor regions: 30->23(23)
[2024-08-27T13:50:30.296+0000][info][gc,heap     ] GC(396) Old regions: 1338->1499
[2024-08-27T13:50:30.296+0000][info][gc,heap     ] GC(396) Archive regions: 2->2
[2024-08-27T13:50:30.296+0000][info][gc,heap     ] GC(396) Humongous regions: 5->5
[2024-08-27T13:50:30.296+0000][info][gc,metaspace] GC(396) Metaspace: 100K(320K)->100K(320K) NonClass: 96K(192K)->96K(192K) Class: 4K(128K)->4K(128K)
[2024-08-27T13:50:30.296+0000][info][gc          ] GC(396) Pause Young (Normal) (G1 Evacuation Pause) 1523M->1527M(2048M) 35.206ms
[2024-08-27T13:50:30.296+0000][info][gc,cpu      ] GC(396) User=1.64s Sys=0.00s Real=0.03s
[2024-08-27T13:50:30.349+0000][info][gc,start    ] GC(397) Pause Young (Concurrent Start) (G1 Evacuation Pause)
[2024-08-27T13:50:30.349+0000][info][gc,task     ] GC(397) Using 49 workers of 68 for evacuation
[2024-08-27T13:50:30.377+0000][info][gc,phases   ] GC(397)   Pre Evacuate Collection Set: 0.3ms
[2024-08-27T13:50:30.377+0000][info][gc,phases   ] GC(397)   Merge Heap Roots: 0.9ms
[2024-08-27T13:50:30.377+0000][info][gc,phases   ] GC(397)   Evacuate Collection Set: 24.8ms
[2024-08-27T13:50:30.377+0000][info][gc,phases   ] GC(397)   Post Evacuate Collection Set: 0.6ms
[2024-08-27T13:50:30.377+0000][info][gc,phases   ] GC(397)   Other: 0.9ms
[2024-08-27T13:50:30.377+0000][info][gc,heap     ] GC(397) Eden regions: 100->0(86)
[2024-08-27T13:50:30.377+0000][info][gc,heap     ] GC(397) Survivor regions: 23->16(16)
[2024-08-27T13:50:30.377+0000][info][gc,heap     ] GC(397) Old regions: 1499->1612
[2024-08-27T13:50:30.377+0000][info][gc,heap     ] GC(397) Archive regions: 2->2
[2024-08-27T13:50:30.377+0000][info][gc,heap     ] GC(397) Humongous regions: 5->5
[2024-08-27T13:50:30.377+0000][info][gc,metaspace] GC(397) Metaspace: 100K(320K)->100K(320K) NonClass: 96K(192K)->96K(192K) Class: 4K(128K)->4K(128K)
[2024-08-27T13:50:30.377+0000][info][gc          ] GC(397) Pause Young (Concurrent Start) (G1 Evacuation Pause) 1627M->1633M(2048M) 27.710ms
[2024-08-27T13:50:30.377+0000][info][gc,cpu      ] GC(397) User=1.24s Sys=0.01s Real=0.03s
[2024-08-27T13:50:30.377+0000][info][gc          ] GC(398) Concurrent Mark Cycle
[2024-08-27T13:50:30.377+0000][info][gc,marking  ] GC(398) Concurrent Clear Claimed Marks
[2024-08-27T13:50:30.377+0000][info][gc,marking  ] GC(398) Concurrent Clear Claimed Marks 0.021ms
[2024-08-27T13:50:30.377+0000][info][gc,marking  ] GC(398) Concurrent Scan Root Regions
[2024-08-27T13:50:30.381+0000][info][gc,marking  ] GC(398) Concurrent Scan Root Regions 3.248ms
[2024-08-27T13:50:30.381+0000][info][gc,marking  ] GC(398) Concurrent Mark
[2024-08-27T13:50:30.381+0000][info][gc,marking  ] GC(398) Concurrent Mark From Roots
[2024-08-27T13:50:30.381+0000][info][gc,task     ] GC(398) Using 17 workers of 17 for marking
[2024-08-27T13:50:30.402+0000][info][gc,marking  ] GC(398) Concurrent Mark From Roots 21.696ms
[2024-08-27T13:50:30.403+0000][info][gc,marking  ] GC(398) Concurrent Preclean
[2024-08-27T13:50:30.403+0000][info][gc,marking  ] GC(398) Concurrent Preclean 0.507ms
[2024-08-27T13:50:30.403+0000][info][gc,start    ] GC(398) Pause Remark
[2024-08-27T13:50:30.406+0000][info][gc          ] GC(398) Pause Remark 1665M->1383M(2048M) 2.966ms
[2024-08-27T13:50:30.406+0000][info][gc,cpu      ] GC(398) User=0.02s Sys=0.00s Real=0.00s
[2024-08-27T13:50:30.406+0000][info][gc,marking  ] GC(398) Concurrent Mark 25.744ms
[2024-08-27T13:50:30.407+0000][info][gc,marking  ] GC(398) Concurrent Rebuild Remembered Sets
[2024-08-27T13:50:30.435+0000][info][gc,start    ] GC(399) Pause Young (Normal) (G1 Evacuation Pause)
[2024-08-27T13:50:30.435+0000][info][gc,task     ] GC(399) Using 49 workers of 68 for evacuation
[2024-08-27T13:50:30.458+0000][info][gc,phases   ] GC(399)   Pre Evacuate Collection Set: 0.3ms
[2024-08-27T13:50:30.458+0000][info][gc,phases   ] GC(399)   Merge Heap Roots: 0.5ms
[2024-08-27T13:50:30.458+0000][info][gc,phases   ] GC(399)   Evacuate Collection Set: 20.7ms
[2024-08-27T13:50:30.458+0000][info][gc,phases   ] GC(399)   Post Evacuate Collection Set: 1.0ms
[2024-08-27T13:50:30.458+0000][info][gc,phases   ] GC(399)   Other: 0.3ms
[2024-08-27T13:50:30.458+0000][info][gc,heap     ] GC(399) Eden regions: 86->0(126)
[2024-08-27T13:50:30.458+0000][info][gc,heap     ] GC(399) Survivor regions: 16->13(13)
[2024-08-27T13:50:30.458+0000][info][gc,heap     ] GC(399) Old regions: 1330->1429
[2024-08-27T13:50:30.458+0000][info][gc,heap     ] GC(399) Archive regions: 2->2
[2024-08-27T13:50:30.458+0000][info][gc,heap     ] GC(399) Humongous regions: 5->5
[2024-08-27T13:50:30.458+0000][info][gc,metaspace] GC(399) Metaspace: 100K(320K)->100K(320K) NonClass: 96K(192K)->96K(192K) Class: 4K(128K)->4K(128K)
[2024-08-27T13:50:30.458+0000][info][gc          ] GC(399) Pause Young (Normal) (G1 Evacuation Pause) 1437M->1447M(2048M) 22.991ms
[2024-08-27T13:50:30.458+0000][info][gc,cpu      ] GC(399) User=1.04s Sys=0.01s Real=0.03s
[2024-08-27T13:50:30.480+0000][info][gc,marking  ] GC(398) Concurrent Rebuild Remembered Sets 73.330ms
[2024-08-27T13:50:30.480+0000][info][gc,start    ] GC(398) Pause Cleanup
[2024-08-27T13:50:30.483+0000][info][gc          ] GC(398) Pause Cleanup 1486M->1486M(2048M) 2.832ms
[2024-08-27T13:50:30.483+0000][info][gc,cpu      ] GC(398) User=0.01s Sys=0.00s Real=0.00s
[2024-08-27T13:50:30.483+0000][info][gc,marking  ] GC(398) Concurrent Cleanup for Next Mark
[2024-08-27T13:50:30.485+0000][info][gc,marking  ] GC(398) Concurrent Cleanup for Next Mark 1.315ms
[2024-08-27T13:50:30.485+0000][info][gc          ] GC(398) Concurrent Mark Cycle 107.362ms
[2024-08-27T13:50:30.530+0000][info][gc,start    ] GC(400) Pause Young (Prepare Mixed) (G1 Evacuation Pause)
[2024-08-27T13:50:30.530+0000][info][gc,task     ] GC(400) Using 49 workers of 68 for evacuation
[2024-08-27T13:50:30.563+0000][info][gc,phases   ] GC(400)   Pre Evacuate Collection Set: 0.3ms
[2024-08-27T13:50:30.563+0000][info][gc,phases   ] GC(400)   Merge Heap Roots: 1.3ms
[2024-08-27T13:50:30.563+0000][info][gc,phases   ] GC(400)   Evacuate Collection Set: 30.3ms
[2024-08-27T13:50:30.563+0000][info][gc,phases   ] GC(400)   Post Evacuate Collection Set: 0.6ms
[2024-08-27T13:50:30.563+0000][info][gc,phases   ] GC(400)   Other: 0.2ms
[2024-08-27T13:50:30.563+0000][info][gc,heap     ] GC(400) Eden regions: 126->0(84)
[2024-08-27T13:50:30.563+0000][info][gc,heap     ] GC(400) Survivor regions: 13->18(18)
[2024-08-27T13:50:30.563+0000][info][gc,heap     ] GC(400) Old regions: 1429->1553
[2024-08-27T13:50:30.563+0000][info][gc,heap     ] GC(400) Archive regions: 2->2
[2024-08-27T13:50:30.563+0000][info][gc,heap     ] GC(400) Humongous regions: 5->5
[2024-08-27T13:50:30.563+0000][info][gc,metaspace] GC(400) Metaspace: 100K(320K)->100K(320K) NonClass: 96K(192K)->96K(192K) Class: 4K(128K)->4K(128K)
[2024-08-27T13:50:30.563+0000][info][gc          ] GC(400) Pause Young (Prepare Mixed) (G1 Evacuation Pause) 1573M->1576M(2048M) 32.760ms
[2024-08-27T13:50:30.563+0000][info][gc,cpu      ] GC(400) User=1.54s Sys=0.00s Real=0.03s
[2024-08-27T13:50:30.608+0000][info][gc,start    ] GC(401) Pause Young (Mixed) (G1 Evacuation Pause)
[2024-08-27T13:50:30.608+0000][info][gc,task     ] GC(401) Using 49 workers of 68 for evacuation
[2024-08-27T13:50:30.630+0000][info][gc,phases   ] GC(401)   Pre Evacuate Collection Set: 0.4ms
[2024-08-27T13:50:30.630+0000][info][gc,phases   ] GC(401)   Merge Heap Roots: 0.8ms
[2024-08-27T13:50:30.630+0000][info][gc,phases   ] GC(401)   Evacuate Collection Set: 20.1ms
[2024-08-27T13:50:30.630+0000][info][gc,phases   ] GC(401)   Post Evacuate Collection Set: 0.7ms
[2024-08-27T13:50:30.630+0000][info][gc,phases   ] GC(401)   Other: 0.3ms
[2024-08-27T13:50:30.630+0000][info][gc,heap     ] GC(401) Eden regions: 84->0(89)
[2024-08-27T13:50:30.630+0000][info][gc,heap     ] GC(401) Survivor regions: 18->13(13)
[2024-08-27T13:50:30.630+0000][info][gc,heap     ] GC(401) Old regions: 1553->1445
[2024-08-27T13:50:30.630+0000][info][gc,heap     ] GC(401) Archive regions: 2->2
[2024-08-27T13:50:30.630+0000][info][gc,heap     ] GC(401) Humongous regions: 5->5
[2024-08-27T13:50:30.630+0000][info][gc,metaspace] GC(401) Metaspace: 100K(320K)->100K(320K) NonClass: 96K(192K)->96K(192K) Class: 4K(128K)->4K(128K)
[2024-08-27T13:50:30.630+0000][info][gc          ] GC(401) Pause Young (Mixed) (G1 Evacuation Pause) 1660M->1463M(2048M) 22.342ms
[2024-08-27T13:50:30.630+0000][info][gc,cpu      ] GC(401) User=0.99s Sys=0.03s Real=0.03s
[2024-08-27T13:50:30.678+0000][info][gc,start    ] GC(402) Pause Young (Mixed) (G1 Evacuation Pause)
[2024-08-27T13:50:30.679+0000][info][gc,task     ] GC(402) Using 49 workers of 68 for evacuation
[2024-08-27T13:50:30.701+0000][info][gc,phases   ] GC(402)   Pre Evacuate Collection Set: 0.4ms
[2024-08-27T13:50:30.701+0000][info][gc,phases   ] GC(402)   Merge Heap Roots: 0.9ms
[2024-08-27T13:50:30.701+0000][info][gc,phases   ] GC(402)   Evacuate Collection Set: 19.9ms
[2024-08-27T13:50:30.701+0000][info][gc,phases   ] GC(402)   Post Evacuate Collection Set: 0.7ms
[2024-08-27T13:50:30.701+0000][info][gc,phases   ] GC(402)   Other: 0.3ms
[2024-08-27T13:50:30.701+0000][info][gc,heap     ] GC(402) Eden regions: 89->0(89)
[2024-08-27T13:50:30.701+0000][info][gc,heap     ] GC(402) Survivor regions: 13->13(13)
[2024-08-27T13:50:30.701+0000][info][gc,heap     ] GC(402) Old regions: 1445->1334
[2024-08-27T13:50:30.701+0000][info][gc,heap     ] GC(402) Archive regions: 2->2
[2024-08-27T13:50:30.701+0000][info][gc,heap     ] GC(402) Humongous regions: 5->5
[2024-08-27T13:50:30.701+0000][info][gc,metaspace] GC(402) Metaspace: 100K(320K)->100K(320K) NonClass: 96K(192K)->96K(192K) Class: 4K(128K)->4K(128K)
[2024-08-27T13:50:30.701+0000][info][gc          ] GC(402) Pause Young (Mixed) (G1 Evacuation Pause) 1552M->1352M(2048M) 22.319ms
[2024-08-27T13:50:30.701+0000][info][gc,cpu      ] GC(402) User=1.01s Sys=0.00s Real=0.02s
[2024-08-27T13:50:30.749+0000][info][gc,start    ] GC(403) Pause Young (Mixed) (G1 Evacuation Pause)
[2024-08-27T13:50:30.749+0000][info][gc,task     ] GC(403) Using 49 workers of 68 for evacuation
[2024-08-27T13:50:30.772+0000][info][gc,phases   ] GC(403)   Pre Evacuate Collection Set: 0.5ms
[2024-08-27T13:50:30.772+0000][info][gc,phases   ] GC(403)   Merge Heap Roots: 0.9ms
[2024-08-27T13:50:30.772+0000][info][gc,phases   ] GC(403)   Evacuate Collection Set: 20.1ms
[2024-08-27T13:50:30.772+0000][info][gc,phases   ] GC(403)   Post Evacuate Collection Set: 0.8ms
[2024-08-27T13:50:30.772+0000][info][gc,phases   ] GC(403)   Other: 0.3ms
[2024-08-27T13:50:30.772+0000][info][gc,heap     ] GC(403) Eden regions: 89->0(89)
[2024-08-27T13:50:30.772+0000][info][gc,heap     ] GC(403) Survivor regions: 13->13(13)
[2024-08-27T13:50:30.772+0000][info][gc,heap     ] GC(403) Old regions: 1334->1222
[2024-08-27T13:50:30.772+0000][info][gc,heap     ] GC(403) Archive regions: 2->2
[2024-08-27T13:50:30.772+0000][info][gc,heap     ] GC(403) Humongous regions: 5->5
[2024-08-27T13:50:30.772+0000][info][gc,metaspace] GC(403) Metaspace: 100K(320K)->100K(320K) NonClass: 96K(192K)->96K(192K) Class: 4K(128K)->4K(128K)
[2024-08-27T13:50:30.772+0000][info][gc          ] GC(403) Pause Young (Mixed) (G1 Evacuation Pause) 1441M->1240M(2048M) 22.777ms
[2024-08-27T13:50:30.772+0000][info][gc,cpu      ] GC(403) User=1.01s Sys=0.00s Real=0.03s
[2024-08-27T13:50:30.820+0000][info][gc,start    ] GC(404) Pause Young (Mixed) (G1 Evacuation Pause)
[2024-08-27T13:50:30.820+0000][info][gc,task     ] GC(404) Using 49 workers of 68 for evacuation
[2024-08-27T13:50:30.842+0000][info][gc,phases   ] GC(404)   Pre Evacuate Collection Set: 0.4ms
[2024-08-27T13:50:30.843+0000][info][gc,phases   ] GC(404)   Merge Heap Roots: 1.1ms
[2024-08-27T13:50:30.843+0000][info][gc,phases   ] GC(404)   Evacuate Collection Set: 19.8ms
[2024-08-27T13:50:30.843+0000][info][gc,phases   ] GC(404)   Post Evacuate Collection Set: 0.7ms
[2024-08-27T13:50:30.843+0000][info][gc,phases   ] GC(404)   Other: 0.3ms
[2024-08-27T13:50:30.843+0000][info][gc,heap     ] GC(404) Eden regions: 89->0(218)
[2024-08-27T13:50:30.843+0000][info][gc,heap     ] GC(404) Survivor regions: 13->13(13)
[2024-08-27T13:50:30.843+0000][info][gc,heap     ] GC(404) Old regions: 1222->1145
[2024-08-27T13:50:30.843+0000][info][gc,heap     ] GC(404) Archive regions: 2->2
[2024-08-27T13:50:30.843+0000][info][gc,heap     ] GC(404) Humongous regions: 5->5
[2024-08-27T13:50:30.843+0000][info][gc,metaspace] GC(404) Metaspace: 100K(320K)->100K(320K) NonClass: 96K(192K)->96K(192K) Class: 4K(128K)->4K(128K)
[2024-08-27T13:50:30.843+0000][info][gc          ] GC(404) Pause Young (Mixed) (G1 Evacuation Pause) 1329M->1163M(2048M) 22.339ms
[2024-08-27T13:50:30.843+0000][info][gc,cpu      ] GC(404) User=1.00s Sys=0.01s Real=0.02s
[2024-08-27T13:50:30.957+0000][info][gc,start    ] GC(405) Pause Young (Normal) (G1 Evacuation Pause)
[2024-08-27T13:50:30.957+0000][info][gc,task     ] GC(405) Using 49 workers of 68 for evacuation
[2024-08-27T13:50:30.999+0000][info][gc,phases   ] GC(405)   Pre Evacuate Collection Set: 0.3ms
[2024-08-27T13:50:30.999+0000][info][gc,phases   ] GC(405)   Merge Heap Roots: 1.1ms
[2024-08-27T13:50:30.999+0000][info][gc,phases   ] GC(405)   Evacuate Collection Set: 40.1ms
[2024-08-27T13:50:31.000+0000][info][gc,phases   ] GC(405)   Post Evacuate Collection Set: 0.7ms
[2024-08-27T13:50:31.000+0000][info][gc,phases   ] GC(405)   Other: 0.3ms
[2024-08-27T13:50:31.000+0000][info][gc,heap     ] GC(405) Eden regions: 218->0(148)
[2024-08-27T13:50:31.000+0000][info][gc,heap     ] GC(405) Survivor regions: 13->29(29)
[2024-08-27T13:50:31.000+0000][info][gc,heap     ] GC(405) Old regions: 1145->1344
[2024-08-27T13:50:31.000+0000][info][gc,heap     ] GC(405) Archive regions: 2->2
[2024-08-27T13:50:31.000+0000][info][gc,heap     ] GC(405) Humongous regions: 5->5
[2024-08-27T13:50:31.000+0000][info][gc,metaspace] GC(405) Metaspace: 100K(320K)->100K(320K) NonClass: 96K(192K)->96K(192K) Class: 4K(128K)->4K(128K)
[2024-08-27T13:50:31.000+0000][info][gc          ] GC(405) Pause Young (Normal) (G1 Evacuation Pause) 1381M->1378M(2048M) 42.683ms
[2024-08-27T13:50:31.000+0000][info][gc,cpu      ] GC(405) User=1.99s Sys=0.01s Real=0.05s
[2024-08-27T13:50:31.077+0000][info][gc,start    ] GC(406) Pause Young (Normal) (G1 Evacuation Pause)
[2024-08-27T13:50:31.077+0000][info][gc,task     ] GC(406) Using 49 workers of 68 for evacuation
[2024-08-27T13:50:31.111+0000][info][gc,phases   ] GC(406)   Pre Evacuate Collection Set: 0.3ms
[2024-08-27T13:50:31.111+0000][info][gc,phases   ] GC(406)   Merge Heap Roots: 0.7ms
[2024-08-27T13:50:31.111+0000][info][gc,phases   ] GC(406)   Evacuate Collection Set: 32.2ms
[2024-08-27T13:50:31.111+0000][info][gc,phases   ] GC(406)   Post Evacuate Collection Set: 0.6ms
[2024-08-27T13:50:31.111+0000][info][gc,phases   ] GC(406)   Other: 0.2ms
[2024-08-27T13:50:31.111+0000][info][gc,heap     ] GC(406) Eden regions: 148->0(99)
[2024-08-27T13:50:31.111+0000][info][gc,heap     ] GC(406) Survivor regions: 29->23(23)
[2024-08-27T13:50:31.111+0000][info][gc,heap     ] GC(406) Old regions: 1344->1501
[2024-08-27T13:50:31.111+0000][info][gc,heap     ] GC(406) Archive regions: 2->2
[2024-08-27T13:50:31.111+0000][info][gc,heap     ] GC(406) Humongous regions: 5->5
[2024-08-27T13:50:31.111+0000][info][gc,metaspace] GC(406) Metaspace: 100K(320K)->100K(320K) NonClass: 96K(192K)->96K(192K) Class: 4K(128K)->4K(128K)
[2024-08-27T13:50:31.111+0000][info][gc          ] GC(406) Pause Young (Normal) (G1 Evacuation Pause) 1526M->1529M(2048M) 34.144ms
[2024-08-27T13:50:31.111+0000][info][gc,cpu      ] GC(406) User=1.61s Sys=0.00s Real=0.04s
[2024-08-27T13:50:31.165+0000][info][gc,start    ] GC(407) Pause Young (Concurrent Start) (G1 Evacuation Pause)
[2024-08-27T13:50:31.166+0000][info][gc,task     ] GC(407) Using 49 workers of 68 for evacuation
[2024-08-27T13:50:31.192+0000][info][gc,phases   ] GC(407)   Pre Evacuate Collection Set: 0.3ms
[2024-08-27T13:50:31.192+0000][info][gc,phases   ] GC(407)   Merge Heap Roots: 0.8ms
[2024-08-27T13:50:31.192+0000][info][gc,phases   ] GC(407)   Evacuate Collection Set: 24.0ms
[2024-08-27T13:50:31.192+0000][info][gc,phases   ] GC(407)   Post Evacuate Collection Set: 0.6ms
[2024-08-27T13:50:31.192+0000][info][gc,phases   ] GC(407)   Other: 0.8ms
[2024-08-27T13:50:31.192+0000][info][gc,heap     ] GC(407) Eden regions: 99->0(86)
[2024-08-27T13:50:31.192+0000][info][gc,heap     ] GC(407) Survivor regions: 23->16(16)
[2024-08-27T13:50:31.192+0000][info][gc,heap     ] GC(407) Old regions: 1501->1614
[2024-08-27T13:50:31.192+0000][info][gc,heap     ] GC(407) Archive regions: 2->2
[2024-08-27T13:50:31.192+0000][info][gc,heap     ] GC(407) Humongous regions: 5->5
[2024-08-27T13:50:31.192+0000][info][gc,metaspace] GC(407) Metaspace: 100K(320K)->100K(320K) NonClass: 96K(192K)->96K(192K) Class: 4K(128K)->4K(128K)
[2024-08-27T13:50:31.192+0000][info][gc          ] GC(407) Pause Young (Concurrent Start) (G1 Evacuation Pause) 1628M->1635M(2048M) 26.597ms
[2024-08-27T13:50:31.192+0000][info][gc,cpu      ] GC(407) User=1.19s Sys=0.01s Real=0.03s
[2024-08-27T13:50:31.192+0000][info][gc          ] GC(408) Concurrent Mark Cycle
[2024-08-27T13:50:31.192+0000][info][gc,marking  ] GC(408) Concurrent Clear Claimed Marks
[2024-08-27T13:50:31.192+0000][info][gc,marking  ] GC(408) Concurrent Clear Claimed Marks 0.022ms
[2024-08-27T13:50:31.192+0000][info][gc,marking  ] GC(408) Concurrent Scan Root Regions
[2024-08-27T13:50:31.196+0000][info][gc,marking  ] GC(408) Concurrent Scan Root Regions 3.370ms
[2024-08-27T13:50:31.196+0000][info][gc,marking  ] GC(408) Concurrent Mark
[2024-08-27T13:50:31.196+0000][info][gc,marking  ] GC(408) Concurrent Mark From Roots
[2024-08-27T13:50:31.196+0000][info][gc,task     ] GC(408) Using 17 workers of 17 for marking
[2024-08-27T13:50:31.217+0000][info][gc,marking  ] GC(408) Concurrent Mark From Roots 21.335ms
[2024-08-27T13:50:31.217+0000][info][gc,marking  ] GC(408) Concurrent Preclean
[2024-08-27T13:50:31.218+0000][info][gc,marking  ] GC(408) Concurrent Preclean 0.506ms
[2024-08-27T13:50:31.218+0000][info][gc,start    ] GC(408) Pause Remark
[2024-08-27T13:50:31.221+0000][info][gc          ] GC(408) Pause Remark 1667M->1385M(2048M) 2.893ms
[2024-08-27T13:50:31.221+0000][info][gc,cpu      ] GC(408) User=0.02s Sys=0.00s Real=0.00s
[2024-08-27T13:50:31.221+0000][info][gc,marking  ] GC(408) Concurrent Mark 25.361ms
[2024-08-27T13:50:31.221+0000][info][gc,marking  ] GC(408) Concurrent Rebuild Remembered Sets
[2024-08-27T13:50:31.251+0000][info][gc,start    ] GC(409) Pause Young (Normal) (G1 Evacuation Pause)
[2024-08-27T13:50:31.251+0000][info][gc,task     ] GC(409) Using 49 workers of 68 for evacuation
[2024-08-27T13:50:31.274+0000][info][gc,phases   ] GC(409)   Pre Evacuate Collection Set: 0.3ms
[2024-08-27T13:50:31.274+0000][info][gc,phases   ] GC(409)   Merge Heap Roots: 0.6ms
[2024-08-27T13:50:31.274+0000][info][gc,phases   ] GC(409)   Evacuate Collection Set: 21.0ms
[2024-08-27T13:50:31.274+0000][info][gc,phases   ] GC(409)   Post Evacuate Collection Set: 1.0ms
[2024-08-27T13:50:31.274+0000][info][gc,phases   ] GC(409)   Other: 0.3ms
[2024-08-27T13:50:31.274+0000][info][gc,heap     ] GC(409) Eden regions: 86->0(126)
[2024-08-27T13:50:31.274+0000][info][gc,heap     ] GC(409) Survivor regions: 16->13(13)
[2024-08-27T13:50:31.274+0000][info][gc,heap     ] GC(409) Old regions: 1332->1427
[2024-08-27T13:50:31.274+0000][info][gc,heap     ] GC(409) Archive regions: 2->2
[2024-08-27T13:50:31.274+0000][info][gc,heap     ] GC(409) Humongous regions: 5->5
[2024-08-27T13:50:31.274+0000][info][gc,metaspace] GC(409) Metaspace: 100K(320K)->100K(320K) NonClass: 96K(192K)->96K(192K) Class: 4K(128K)->4K(128K)
[2024-08-27T13:50:31.274+0000][info][gc          ] GC(409) Pause Young (Normal) (G1 Evacuation Pause) 1439M->1445M(2048M) 23.270ms
[2024-08-27T13:50:31.274+0000][info][gc,cpu      ] GC(409) User=1.06s Sys=0.00s Real=0.02s
[2024-08-27T13:50:31.295+0000][info][gc,marking  ] GC(408) Concurrent Rebuild Remembered Sets 73.699ms
[2024-08-27T13:50:31.295+0000][info][gc,start    ] GC(408) Pause Cleanup
[2024-08-27T13:50:31.298+0000][info][gc          ] GC(408) Pause Cleanup 1479M->1479M(2048M) 2.956ms
[2024-08-27T13:50:31.298+0000][info][gc,cpu      ] GC(408) User=0.02s Sys=0.00s Real=0.01s
[2024-08-27T13:50:31.298+0000][info][gc,marking  ] GC(408) Concurrent Cleanup for Next Mark
[2024-08-27T13:50:31.300+0000][info][gc,marking  ] GC(408) Concurrent Cleanup for Next Mark 1.405ms
[2024-08-27T13:50:31.300+0000][info][gc          ] GC(408) Concurrent Mark Cycle 107.636ms
[2024-08-27T13:50:31.350+0000][info][gc,start    ] GC(410) Pause Young (Prepare Mixed) (G1 Evacuation Pause)
[2024-08-27T13:50:31.350+0000][info][gc,task     ] GC(410) Using 49 workers of 68 for evacuation
[2024-08-27T13:50:31.382+0000][info][gc,phases   ] GC(410)   Pre Evacuate Collection Set: 0.4ms
[2024-08-27T13:50:31.382+0000][info][gc,phases   ] GC(410)   Merge Heap Roots: 1.4ms
[2024-08-27T13:50:31.382+0000][info][gc,phases   ] GC(410)   Evacuate Collection Set: 29.2ms
[2024-08-27T13:50:31.382+0000][info][gc,phases   ] GC(410)   Post Evacuate Collection Set: 0.7ms
[2024-08-27T13:50:31.382+0000][info][gc,phases   ] GC(410)   Other: 0.2ms
[2024-08-27T13:50:31.382+0000][info][gc,heap     ] GC(410) Eden regions: 126->0(84)
[2024-08-27T13:50:31.382+0000][info][gc,heap     ] GC(410) Survivor regions: 13->18(18)
[2024-08-27T13:50:31.382+0000][info][gc,heap     ] GC(410) Old regions: 1427->1551
[2024-08-27T13:50:31.382+0000][info][gc,heap     ] GC(410) Archive regions: 2->2
[2024-08-27T13:50:31.382+0000][info][gc,heap     ] GC(410) Humongous regions: 5->5
[2024-08-27T13:50:31.382+0000][info][gc,metaspace] GC(410) Metaspace: 100K(320K)->100K(320K) NonClass: 96K(192K)->96K(192K) Class: 4K(128K)->4K(128K)
[2024-08-27T13:50:31.382+0000][info][gc          ] GC(410) Pause Young (Prepare Mixed) (G1 Evacuation Pause) 1571M->1574M(2048M) 32.004ms
[2024-08-27T13:50:31.382+0000][info][gc,cpu      ] GC(410) User=1.49s Sys=0.02s Real=0.03s
[2024-08-27T13:50:31.426+0000][info][gc,start    ] GC(411) Pause Young (Mixed) (G1 Evacuation Pause)
[2024-08-27T13:50:31.426+0000][info][gc,task     ] GC(411) Using 49 workers of 68 for evacuation
[2024-08-27T13:50:31.448+0000][info][gc,phases   ] GC(411)   Pre Evacuate Collection Set: 0.4ms
[2024-08-27T13:50:31.448+0000][info][gc,phases   ] GC(411)   Merge Heap Roots: 0.8ms
[2024-08-27T13:50:31.448+0000][info][gc,phases   ] GC(411)   Evacuate Collection Set: 19.8ms
[2024-08-27T13:50:31.448+0000][info][gc,phases   ] GC(411)   Post Evacuate Collection Set: 0.7ms
[2024-08-27T13:50:31.448+0000][info][gc,phases   ] GC(411)   Other: 0.2ms
[2024-08-27T13:50:31.448+0000][info][gc,heap     ] GC(411) Eden regions: 84->0(89)
[2024-08-27T13:50:31.448+0000][info][gc,heap     ] GC(411) Survivor regions: 18->13(13)
[2024-08-27T13:50:31.448+0000][info][gc,heap     ] GC(411) Old regions: 1551->1442
[2024-08-27T13:50:31.448+0000][info][gc,heap     ] GC(411) Archive regions: 2->2
[2024-08-27T13:50:31.448+0000][info][gc,heap     ] GC(411) Humongous regions: 5->5
[2024-08-27T13:50:31.448+0000][info][gc,metaspace] GC(411) Metaspace: 100K(320K)->100K(320K) NonClass: 96K(192K)->96K(192K) Class: 4K(128K)->4K(128K)
[2024-08-27T13:50:31.448+0000][info][gc          ] GC(411) Pause Young (Mixed) (G1 Evacuation Pause) 1658M->1460M(2048M) 22.085ms
[2024-08-27T13:50:31.448+0000][info][gc,cpu      ] GC(411) User=1.00s Sys=0.01s Real=0.02s
[2024-08-27T13:50:31.496+0000][info][gc,start    ] GC(412) Pause Young (Mixed) (G1 Evacuation Pause)
[2024-08-27T13:50:31.496+0000][info][gc,task     ] GC(412) Using 49 workers of 68 for evacuation
[2024-08-27T13:50:31.519+0000][info][gc,phases   ] GC(412)   Pre Evacuate Collection Set: 0.4ms
[2024-08-27T13:50:31.519+0000][info][gc,phases   ] GC(412)   Merge Heap Roots: 0.8ms
[2024-08-27T13:50:31.519+0000][info][gc,phases   ] GC(412)   Evacuate Collection Set: 20.2ms
[2024-08-27T13:50:31.519+0000][info][gc,phases   ] GC(412)   Post Evacuate Collection Set: 0.9ms
[2024-08-27T13:50:31.519+0000][info][gc,phases   ] GC(412)   Other: 0.3ms
[2024-08-27T13:50:31.519+0000][info][gc,heap     ] GC(412) Eden regions: 89->0(89)
[2024-08-27T13:50:31.519+0000][info][gc,heap     ] GC(412) Survivor regions: 13->13(13)
[2024-08-27T13:50:31.519+0000][info][gc,heap     ] GC(412) Old regions: 1442->1330
[2024-08-27T13:50:31.519+0000][info][gc,heap     ] GC(412) Archive regions: 2->2
[2024-08-27T13:50:31.519+0000][info][gc,heap     ] GC(412) Humongous regions: 5->5
[2024-08-27T13:50:31.519+0000][info][gc,metaspace] GC(412) Metaspace: 100K(320K)->100K(320K) NonClass: 96K(192K)->96K(192K) Class: 4K(128K)->4K(128K)
[2024-08-27T13:50:31.519+0000][info][gc          ] GC(412) Pause Young (Mixed) (G1 Evacuation Pause) 1549M->1348M(2048M) 22.822ms
[2024-08-27T13:50:31.519+0000][info][gc,cpu      ] GC(412) User=0.98s Sys=0.02s Real=0.03s
[2024-08-27T13:50:31.567+0000][info][gc,start    ] GC(413) Pause Young (Mixed) (G1 Evacuation Pause)
[2024-08-27T13:50:31.567+0000][info][gc,task     ] GC(413) Using 49 workers of 68 for evacuation
[2024-08-27T13:50:31.591+0000][info][gc,phases   ] GC(413)   Pre Evacuate Collection Set: 0.4ms
[2024-08-27T13:50:31.591+0000][info][gc,phases   ] GC(413)   Merge Heap Roots: 0.9ms
[2024-08-27T13:50:31.591+0000][info][gc,phases   ] GC(413)   Evacuate Collection Set: 21.6ms
[2024-08-27T13:50:31.591+0000][info][gc,phases   ] GC(413)   Post Evacuate Collection Set: 0.7ms
[2024-08-27T13:50:31.591+0000][info][gc,phases   ] GC(413)   Other: 0.3ms
[2024-08-27T13:50:31.591+0000][info][gc,heap     ] GC(413) Eden regions: 89->0(89)
[2024-08-27T13:50:31.591+0000][info][gc,heap     ] GC(413) Survivor regions: 13->13(13)
[2024-08-27T13:50:31.591+0000][info][gc,heap     ] GC(413) Old regions: 1330->1221
[2024-08-27T13:50:31.591+0000][info][gc,heap     ] GC(413) Archive regions: 2->2
[2024-08-27T13:50:31.591+0000][info][gc,heap     ] GC(413) Humongous regions: 5->5
[2024-08-27T13:50:31.591+0000][info][gc,metaspace] GC(413) Metaspace: 100K(320K)->100K(320K) NonClass: 96K(192K)->96K(192K) Class: 4K(128K)->4K(128K)
[2024-08-27T13:50:31.591+0000][info][gc          ] GC(413) Pause Young (Mixed) (G1 Evacuation Pause) 1437M->1239M(2048M) 23.948ms
[2024-08-27T13:50:31.591+0000][info][gc,cpu      ] GC(413) User=1.10s Sys=0.00s Real=0.03s
[2024-08-27T13:50:31.641+0000][info][gc,start    ] GC(414) Pause Young (Mixed) (G1 Evacuation Pause)
[2024-08-27T13:50:31.641+0000][info][gc,task     ] GC(414) Using 49 workers of 68 for evacuation
[2024-08-27T13:50:31.664+0000][info][gc,phases   ] GC(414)   Pre Evacuate Collection Set: 0.4ms
[2024-08-27T13:50:31.664+0000][info][gc,phases   ] GC(414)   Merge Heap Roots: 1.0ms
[2024-08-27T13:50:31.664+0000][info][gc,phases   ] GC(414)   Evacuate Collection Set: 20.5ms
[2024-08-27T13:50:31.664+0000][info][gc,phases   ] GC(414)   Post Evacuate Collection Set: 0.7ms
[2024-08-27T13:50:31.664+0000][info][gc,phases   ] GC(414)   Other: 0.3ms
[2024-08-27T13:50:31.664+0000][info][gc,heap     ] GC(414) Eden regions: 89->0(220)
[2024-08-27T13:50:31.664+0000][info][gc,heap     ] GC(414) Survivor regions: 13->13(13)
[2024-08-27T13:50:31.664+0000][info][gc,heap     ] GC(414) Old regions: 1221->1138
[2024-08-27T13:50:31.664+0000][info][gc,heap     ] GC(414) Archive regions: 2->2
[2024-08-27T13:50:31.664+0000][info][gc,heap     ] GC(414) Humongous regions: 5->5
[2024-08-27T13:50:31.664+0000][info][gc,metaspace] GC(414) Metaspace: 100K(320K)->100K(320K) NonClass: 96K(192K)->96K(192K) Class: 4K(128K)->4K(128K)
[2024-08-27T13:50:31.664+0000][info][gc          ] GC(414) Pause Young (Mixed) (G1 Evacuation Pause) 1328M->1156M(2048M) 22.895ms
[2024-08-27T13:50:31.664+0000][info][gc,cpu      ] GC(414) User=1.04s Sys=0.01s Real=0.02s
[2024-08-27T13:50:31.781+0000][info][gc,start    ] GC(415) Pause Young (Normal) (G1 Evacuation Pause)
[2024-08-27T13:50:31.782+0000][info][gc,task     ] GC(415) Using 49 workers of 68 for evacuation
[2024-08-27T13:50:31.824+0000][info][gc,phases   ] GC(415)   Pre Evacuate Collection Set: 0.3ms
[2024-08-27T13:50:31.824+0000][info][gc,phases   ] GC(415)   Merge Heap Roots: 1.1ms
[2024-08-27T13:50:31.824+0000][info][gc,phases   ] GC(415)   Evacuate Collection Set: 40.6ms
[2024-08-27T13:50:31.824+0000][info][gc,phases   ] GC(415)   Post Evacuate Collection Set: 0.7ms
[2024-08-27T13:50:31.824+0000][info][gc,phases   ] GC(415)   Other: 0.3ms
[2024-08-27T13:50:31.824+0000][info][gc,heap     ] GC(415) Eden regions: 220->0(150)
[2024-08-27T13:50:31.824+0000][info][gc,heap     ] GC(415) Survivor regions: 13->30(30)
[2024-08-27T13:50:31.824+0000][info][gc,heap     ] GC(415) Old regions: 1138->1337
[2024-08-27T13:50:31.824+0000][info][gc,heap     ] GC(415) Archive regions: 2->2
[2024-08-27T13:50:31.824+0000][info][gc,heap     ] GC(415) Humongous regions: 5->5
[2024-08-27T13:50:31.824+0000][info][gc,metaspace] GC(415) Metaspace: 100K(320K)->100K(320K) NonClass: 96K(192K)->96K(192K) Class: 4K(128K)->4K(128K)
[2024-08-27T13:50:31.824+0000][info][gc          ] GC(415) Pause Young (Normal) (G1 Evacuation Pause) 1376M->1372M(2048M) 43.005ms
[2024-08-27T13:50:31.825+0000][info][gc,cpu      ] GC(415) User=2.00s Sys=0.01s Real=0.04s
[2024-08-27T13:50:31.904+0000][info][gc,start    ] GC(416) Pause Young (Normal) (G1 Evacuation Pause)
[2024-08-27T13:50:31.904+0000][info][gc,task     ] GC(416) Using 49 workers of 68 for evacuation
[2024-08-27T13:50:31.939+0000][info][gc,phases   ] GC(416)   Pre Evacuate Collection Set: 0.4ms
[2024-08-27T13:50:31.939+0000][info][gc,phases   ] GC(416)   Merge Heap Roots: 0.7ms
[2024-08-27T13:50:31.939+0000][info][gc,phases   ] GC(416)   Evacuate Collection Set: 33.7ms
[2024-08-27T13:50:31.939+0000][info][gc,phases   ] GC(416)   Post Evacuate Collection Set: 0.6ms
[2024-08-27T13:50:31.939+0000][info][gc,phases   ] GC(416)   Other: 0.3ms
[2024-08-27T13:50:31.939+0000][info][gc,heap     ] GC(416) Eden regions: 150->0(100)
[2024-08-27T13:50:31.939+0000][info][gc,heap     ] GC(416) Survivor regions: 30->23(23)
[2024-08-27T13:50:31.939+0000][info][gc,heap     ] GC(416) Old regions: 1337->1497
[2024-08-27T13:50:31.939+0000][info][gc,heap     ] GC(416) Archive regions: 2->2
[2024-08-27T13:50:31.939+0000][info][gc,heap     ] GC(416) Humongous regions: 5->5
[2024-08-27T13:50:31.939+0000][info][gc,metaspace] GC(416) Metaspace: 100K(320K)->100K(320K) NonClass: 96K(192K)->96K(192K) Class: 4K(128K)->4K(128K)
[2024-08-27T13:50:31.939+0000][info][gc          ] GC(416) Pause Young (Normal) (G1 Evacuation Pause) 1522M->1525M(2048M) 35.749ms
[2024-08-27T13:50:31.939+0000][info][gc,cpu      ] GC(416) User=1.68s Sys=0.00s Real=0.04s
[2024-08-27T13:50:31.993+0000][info][gc,start    ] GC(417) Pause Young (Concurrent Start) (G1 Evacuation Pause)
[2024-08-27T13:50:31.993+0000][info][gc,task     ] GC(417) Using 49 workers of 68 for evacuation
[2024-08-27T13:50:32.020+0000][info][gc,phases   ] GC(417)   Pre Evacuate Collection Set: 0.3ms
[2024-08-27T13:50:32.020+0000][info][gc,phases   ] GC(417)   Merge Heap Roots: 1.0ms
[2024-08-27T13:50:32.020+0000][info][gc,phases   ] GC(417)   Evacuate Collection Set: 24.5ms
[2024-08-27T13:50:32.020+0000][info][gc,phases   ] GC(417)   Post Evacuate Collection Set: 0.6ms
[2024-08-27T13:50:32.020+0000][info][gc,phases   ] GC(417)   Other: 0.7ms
[2024-08-27T13:50:32.020+0000][info][gc,heap     ] GC(417) Eden regions: 100->0(86)
[2024-08-27T13:50:32.020+0000][info][gc,heap     ] GC(417) Survivor regions: 23->16(16)
[2024-08-27T13:50:32.020+0000][info][gc,heap     ] GC(417) Old regions: 1497->1612
[2024-08-27T13:50:32.020+0000][info][gc,heap     ] GC(417) Archive regions: 2->2
[2024-08-27T13:50:32.020+0000][info][gc,heap     ] GC(417) Humongous regions: 5->5
[2024-08-27T13:50:32.020+0000][info][gc,metaspace] GC(417) Metaspace: 100K(320K)->100K(320K) NonClass: 96K(192K)->96K(192K) Class: 4K(128K)->4K(128K)
[2024-08-27T13:50:32.020+0000][info][gc          ] GC(417) Pause Young (Concurrent Start) (G1 Evacuation Pause) 1625M->1633M(2048M) 27.132ms
[2024-08-27T13:50:32.020+0000][info][gc,cpu      ] GC(417) User=1.24s Sys=0.00s Real=0.03s
[2024-08-27T13:50:32.020+0000][info][gc          ] GC(418) Concurrent Mark Cycle
[2024-08-27T13:50:32.020+0000][info][gc,marking  ] GC(418) Concurrent Clear Claimed Marks
[2024-08-27T13:50:32.020+0000][info][gc,marking  ] GC(418) Concurrent Clear Claimed Marks 0.010ms
[2024-08-27T13:50:32.020+0000][info][gc,marking  ] GC(418) Concurrent Scan Root Regions
[2024-08-27T13:50:32.024+0000][info][gc,marking  ] GC(418) Concurrent Scan Root Regions 3.300ms
[2024-08-27T13:50:32.024+0000][info][gc,marking  ] GC(418) Concurrent Mark
[2024-08-27T13:50:32.024+0000][info][gc,marking  ] GC(418) Concurrent Mark From Roots
[2024-08-27T13:50:32.024+0000][info][gc,task     ] GC(418) Using 17 workers of 17 for marking
[2024-08-27T13:50:32.046+0000][info][gc,marking  ] GC(418) Concurrent Mark From Roots 22.225ms
[2024-08-27T13:50:32.046+0000][info][gc,marking  ] GC(418) Concurrent Preclean
[2024-08-27T13:50:32.047+0000][info][gc,marking  ] GC(418) Concurrent Preclean 0.671ms
[2024-08-27T13:50:32.047+0000][info][gc,start    ] GC(418) Pause Remark
[2024-08-27T13:50:32.050+0000][info][gc          ] GC(418) Pause Remark 1667M->1398M(2048M) 2.500ms
[2024-08-27T13:50:32.050+0000][info][gc,cpu      ] GC(418) User=0.02s Sys=0.01s Real=0.01s
[2024-08-27T13:50:32.050+0000][info][gc,marking  ] GC(418) Concurrent Mark 25.926ms
[2024-08-27T13:50:32.050+0000][info][gc,marking  ] GC(418) Concurrent Rebuild Remembered Sets
[2024-08-27T13:50:32.077+0000][info][gc,start    ] GC(419) Pause Young (Normal) (G1 Evacuation Pause)
[2024-08-27T13:50:32.077+0000][info][gc,task     ] GC(419) Using 49 workers of 68 for evacuation
[2024-08-27T13:50:32.100+0000][info][gc,phases   ] GC(419)   Pre Evacuate Collection Set: 0.3ms
[2024-08-27T13:50:32.100+0000][info][gc,phases   ] GC(419)   Merge Heap Roots: 0.6ms
[2024-08-27T13:50:32.100+0000][info][gc,phases   ] GC(419)   Evacuate Collection Set: 20.6ms
[2024-08-27T13:50:32.100+0000][info][gc,phases   ] GC(419)   Post Evacuate Collection Set: 1.0ms
[2024-08-27T13:50:32.100+0000][info][gc,phases   ] GC(419)   Other: 0.3ms
[2024-08-27T13:50:32.100+0000][info][gc,heap     ] GC(419) Eden regions: 86->0(122)
[2024-08-27T13:50:32.100+0000][info][gc,heap     ] GC(419) Survivor regions: 16->13(13)
[2024-08-27T13:50:32.100+0000][info][gc,heap     ] GC(419) Old regions: 1343->1440
[2024-08-27T13:50:32.100+0000][info][gc,heap     ] GC(419) Archive regions: 2->2
[2024-08-27T13:50:32.100+0000][info][gc,heap     ] GC(419) Humongous regions: 5->5
[2024-08-27T13:50:32.100+0000][info][gc,metaspace] GC(419) Metaspace: 100K(320K)->100K(320K) NonClass: 96K(192K)->96K(192K) Class: 4K(128K)->4K(128K)
[2024-08-27T13:50:32.100+0000][info][gc          ] GC(419) Pause Young (Normal) (G1 Evacuation Pause) 1450M->1458M(2048M) 22.712ms
[2024-08-27T13:50:32.100+0000][info][gc,cpu      ] GC(419) User=1.03s Sys=0.01s Real=0.03s
[2024-08-27T13:50:32.118+0000][info][gc,marking  ] GC(418) Concurrent Rebuild Remembered Sets 68.503ms
[2024-08-27T13:50:32.119+0000][info][gc,start    ] GC(418) Pause Cleanup
[2024-08-27T13:50:32.121+0000][info][gc          ] GC(418) Pause Cleanup 1490M->1490M(2048M) 2.872ms
[2024-08-27T13:50:32.122+0000][info][gc,cpu      ] GC(418) User=0.01s Sys=0.01s Real=0.00s
[2024-08-27T13:50:32.122+0000][info][gc,marking  ] GC(418) Concurrent Cleanup for Next Mark
[2024-08-27T13:50:32.123+0000][info][gc,marking  ] GC(418) Concurrent Cleanup for Next Mark 1.327ms
[2024-08-27T13:50:32.123+0000][info][gc          ] GC(418) Concurrent Mark Cycle 102.606ms
[2024-08-27T13:50:32.170+0000][info][gc,start    ] GC(420) Pause Young (Prepare Mixed) (G1 Evacuation Pause)
[2024-08-27T13:50:32.170+0000][info][gc,task     ] GC(420) Using 49 workers of 68 for evacuation
[2024-08-27T13:50:32.201+0000][info][gc,phases   ] GC(420)   Pre Evacuate Collection Set: 0.3ms
[2024-08-27T13:50:32.201+0000][info][gc,phases   ] GC(420)   Merge Heap Roots: 1.2ms
[2024-08-27T13:50:32.201+0000][info][gc,phases   ] GC(420)   Evacuate Collection Set: 28.8ms
[2024-08-27T13:50:32.201+0000][info][gc,phases   ] GC(420)   Post Evacuate Collection Set: 0.6ms
[2024-08-27T13:50:32.202+0000][info][gc,phases   ] GC(420)   Other: 0.3ms
[2024-08-27T13:50:32.202+0000][info][gc,heap     ] GC(420) Eden regions: 122->0(85)
[2024-08-27T13:50:32.202+0000][info][gc,heap     ] GC(420) Survivor regions: 13->17(17)
[2024-08-27T13:50:32.202+0000][info][gc,heap     ] GC(420) Old regions: 1440->1562
[2024-08-27T13:50:32.202+0000][info][gc,heap     ] GC(420) Archive regions: 2->2
[2024-08-27T13:50:32.202+0000][info][gc,heap     ] GC(420) Humongous regions: 5->5
[2024-08-27T13:50:32.202+0000][info][gc,metaspace] GC(420) Metaspace: 100K(320K)->100K(320K) NonClass: 96K(192K)->96K(192K) Class: 4K(128K)->4K(128K)
[2024-08-27T13:50:32.202+0000][info][gc          ] GC(420) Pause Young (Prepare Mixed) (G1 Evacuation Pause) 1580M->1584M(2048M) 31.265ms
[2024-08-27T13:50:32.202+0000][info][gc,cpu      ] GC(420) User=1.46s Sys=0.01s Real=0.03s
[2024-08-27T13:50:32.248+0000][info][gc,start    ] GC(421) Pause Young (Mixed) (G1 Evacuation Pause)
[2024-08-27T13:50:32.248+0000][info][gc,task     ] GC(421) Using 49 workers of 68 for evacuation
[2024-08-27T13:50:32.270+0000][info][gc,phases   ] GC(421)   Pre Evacuate Collection Set: 0.4ms
[2024-08-27T13:50:32.270+0000][info][gc,phases   ] GC(421)   Merge Heap Roots: 0.9ms
[2024-08-27T13:50:32.270+0000][info][gc,phases   ] GC(421)   Evacuate Collection Set: 20.1ms
[2024-08-27T13:50:32.270+0000][info][gc,phases   ] GC(421)   Post Evacuate Collection Set: 0.7ms
[2024-08-27T13:50:32.270+0000][info][gc,phases   ] GC(421)   Other: 0.3ms
[2024-08-27T13:50:32.270+0000][info][gc,heap     ] GC(421) Eden regions: 85->0(89)
[2024-08-27T13:50:32.270+0000][info][gc,heap     ] GC(421) Survivor regions: 17->13(13)
[2024-08-27T13:50:32.270+0000][info][gc,heap     ] GC(421) Old regions: 1562->1453
[2024-08-27T13:50:32.270+0000][info][gc,heap     ] GC(421) Archive regions: 2->2
[2024-08-27T13:50:32.270+0000][info][gc,heap     ] GC(421) Humongous regions: 5->5
[2024-08-27T13:50:32.270+0000][info][gc,metaspace] GC(421) Metaspace: 100K(320K)->100K(320K) NonClass: 96K(192K)->96K(192K) Class: 4K(128K)->4K(128K)
[2024-08-27T13:50:32.270+0000][info][gc          ] GC(421) Pause Young (Mixed) (G1 Evacuation Pause) 1669M->1471M(2048M) 22.462ms
[2024-08-27T13:50:32.270+0000][info][gc,cpu      ] GC(421) User=1.02s Sys=0.00s Real=0.03s
[2024-08-27T13:50:32.319+0000][info][gc,start    ] GC(422) Pause Young (Mixed) (G1 Evacuation Pause)
[2024-08-27T13:50:32.319+0000][info][gc,task     ] GC(422) Using 49 workers of 68 for evacuation
[2024-08-27T13:50:32.341+0000][info][gc,phases   ] GC(422)   Pre Evacuate Collection Set: 0.5ms
[2024-08-27T13:50:32.341+0000][info][gc,phases   ] GC(422)   Merge Heap Roots: 0.8ms
[2024-08-27T13:50:32.341+0000][info][gc,phases   ] GC(422)   Evacuate Collection Set: 19.8ms
[2024-08-27T13:50:32.341+0000][info][gc,phases   ] GC(422)   Post Evacuate Collection Set: 0.7ms
[2024-08-27T13:50:32.341+0000][info][gc,phases   ] GC(422)   Other: 0.3ms
[2024-08-27T13:50:32.341+0000][info][gc,heap     ] GC(422) Eden regions: 89->0(89)
[2024-08-27T13:50:32.341+0000][info][gc,heap     ] GC(422) Survivor regions: 13->13(13)
[2024-08-27T13:50:32.341+0000][info][gc,heap     ] GC(422) Old regions: 1453->1343
[2024-08-27T13:50:32.341+0000][info][gc,heap     ] GC(422) Archive regions: 2->2
[2024-08-27T13:50:32.341+0000][info][gc,heap     ] GC(422) Humongous regions: 5->5
[2024-08-27T13:50:32.341+0000][info][gc,metaspace] GC(422) Metaspace: 100K(320K)->100K(320K) NonClass: 96K(192K)->96K(192K) Class: 4K(128K)->4K(128K)
[2024-08-27T13:50:32.342+0000][info][gc          ] GC(422) Pause Young (Mixed) (G1 Evacuation Pause) 1560M->1361M(2048M) 22.223ms
[2024-08-27T13:50:32.342+0000][info][gc,cpu      ] GC(422) User=1.00s Sys=0.00s Real=0.02s
[2024-08-27T13:50:32.391+0000][info][gc,start    ] GC(423) Pause Young (Mixed) (G1 Evacuation Pause)
[2024-08-27T13:50:32.391+0000][info][gc,task     ] GC(423) Using 49 workers of 68 for evacuation
[2024-08-27T13:50:32.414+0000][info][gc,phases   ] GC(423)   Pre Evacuate Collection Set: 0.5ms
[2024-08-27T13:50:32.414+0000][info][gc,phases   ] GC(423)   Merge Heap Roots: 1.0ms
[2024-08-27T13:50:32.414+0000][info][gc,phases   ] GC(423)   Evacuate Collection Set: 19.8ms
[2024-08-27T13:50:32.414+0000][info][gc,phases   ] GC(423)   Post Evacuate Collection Set: 0.7ms
[2024-08-27T13:50:32.414+0000][info][gc,phases   ] GC(423)   Other: 0.3ms
[2024-08-27T13:50:32.414+0000][info][gc,heap     ] GC(423) Eden regions: 89->0(89)
[2024-08-27T13:50:32.414+0000][info][gc,heap     ] GC(423) Survivor regions: 13->13(13)
[2024-08-27T13:50:32.414+0000][info][gc,heap     ] GC(423) Old regions: 1343->1232
[2024-08-27T13:50:32.414+0000][info][gc,heap     ] GC(423) Archive regions: 2->2
[2024-08-27T13:50:32.414+0000][info][gc,heap     ] GC(423) Humongous regions: 5->5
[2024-08-27T13:50:32.414+0000][info][gc,metaspace] GC(423) Metaspace: 100K(320K)->100K(320K) NonClass: 96K(192K)->96K(192K) Class: 4K(128K)->4K(128K)
[2024-08-27T13:50:32.414+0000][info][gc          ] GC(423) Pause Young (Mixed) (G1 Evacuation Pause) 1450M->1250M(2048M) 22.301ms
[2024-08-27T13:50:32.414+0000][info][gc,cpu      ] GC(423) User=1.00s Sys=0.01s Real=0.02s
[2024-08-27T13:50:32.464+0000][info][gc,start    ] GC(424) Pause Young (Mixed) (G1 Evacuation Pause)
[2024-08-27T13:50:32.464+0000][info][gc,task     ] GC(424) Using 49 workers of 68 for evacuation
[2024-08-27T13:50:32.487+0000][info][gc,phases   ] GC(424)   Pre Evacuate Collection Set: 0.4ms
[2024-08-27T13:50:32.487+0000][info][gc,phases   ] GC(424)   Merge Heap Roots: 1.0ms
[2024-08-27T13:50:32.487+0000][info][gc,phases   ] GC(424)   Evacuate Collection Set: 21.2ms
[2024-08-27T13:50:32.487+0000][info][gc,phases   ] GC(424)   Post Evacuate Collection Set: 0.7ms
[2024-08-27T13:50:32.487+0000][info][gc,phases   ] GC(424)   Other: 0.3ms
[2024-08-27T13:50:32.487+0000][info][gc,heap     ] GC(424) Eden regions: 89->0(218)
[2024-08-27T13:50:32.487+0000][info][gc,heap     ] GC(424) Survivor regions: 13->13(13)
[2024-08-27T13:50:32.487+0000][info][gc,heap     ] GC(424) Old regions: 1232->1144
[2024-08-27T13:50:32.487+0000][info][gc,heap     ] GC(424) Archive regions: 2->2
[2024-08-27T13:50:32.487+0000][info][gc,heap     ] GC(424) Humongous regions: 5->5
[2024-08-27T13:50:32.487+0000][info][gc,metaspace] GC(424) Metaspace: 100K(320K)->100K(320K) NonClass: 96K(192K)->96K(192K) Class: 4K(128K)->4K(128K)
[2024-08-27T13:50:32.487+0000][info][gc          ] GC(424) Pause Young (Mixed) (G1 Evacuation Pause) 1339M->1162M(2048M) 23.640ms
[2024-08-27T13:50:32.487+0000][info][gc,cpu      ] GC(424) User=1.08s Sys=0.00s Real=0.02s
[2024-08-27T13:50:32.610+0000][info][gc,start    ] GC(425) Pause Young (Normal) (G1 Evacuation Pause)
[2024-08-27T13:50:32.610+0000][info][gc,task     ] GC(425) Using 49 workers of 68 for evacuation
[2024-08-27T13:50:32.653+0000][info][gc,phases   ] GC(425)   Pre Evacuate Collection Set: 0.4ms
[2024-08-27T13:50:32.653+0000][info][gc,phases   ] GC(425)   Merge Heap Roots: 1.3ms
[2024-08-27T13:50:32.653+0000][info][gc,phases   ] GC(425)   Evacuate Collection Set: 40.1ms
[2024-08-27T13:50:32.653+0000][info][gc,phases   ] GC(425)   Post Evacuate Collection Set: 0.6ms
[2024-08-27T13:50:32.653+0000][info][gc,phases   ] GC(425)   Other: 0.3ms
[2024-08-27T13:50:32.653+0000][info][gc,heap     ] GC(425) Eden regions: 218->0(148)
[2024-08-27T13:50:32.653+0000][info][gc,heap     ] GC(425) Survivor regions: 13->29(29)
[2024-08-27T13:50:32.653+0000][info][gc,heap     ] GC(425) Old regions: 1144->1343
[2024-08-27T13:50:32.653+0000][info][gc,heap     ] GC(425) Archive regions: 2->2
[2024-08-27T13:50:32.653+0000][info][gc,heap     ] GC(425) Humongous regions: 5->5
[2024-08-27T13:50:32.653+0000][info][gc,metaspace] GC(425) Metaspace: 100K(320K)->100K(320K) NonClass: 96K(192K)->96K(192K) Class: 4K(128K)->4K(128K)
[2024-08-27T13:50:32.653+0000][info][gc          ] GC(425) Pause Young (Normal) (G1 Evacuation Pause) 1380M->1377M(2048M) 42.847ms
[2024-08-27T13:50:32.653+0000][info][gc,cpu      ] GC(425) User=1.99s Sys=0.01s Real=0.04s
[2024-08-27T13:50:32.731+0000][info][gc,start    ] GC(426) Pause Young (Normal) (G1 Evacuation Pause)
[2024-08-27T13:50:32.731+0000][info][gc,task     ] GC(426) Using 49 workers of 68 for evacuation
[2024-08-27T13:50:32.765+0000][info][gc,phases   ] GC(426)   Pre Evacuate Collection Set: 0.3ms
[2024-08-27T13:50:32.765+0000][info][gc,phases   ] GC(426)   Merge Heap Roots: 0.7ms
[2024-08-27T13:50:32.765+0000][info][gc,phases   ] GC(426)   Evacuate Collection Set: 32.9ms
[2024-08-27T13:50:32.765+0000][info][gc,phases   ] GC(426)   Post Evacuate Collection Set: 0.7ms
[2024-08-27T13:50:32.765+0000][info][gc,phases   ] GC(426)   Other: 0.2ms
[2024-08-27T13:50:32.765+0000][info][gc,heap     ] GC(426) Eden regions: 148->0(99)
[2024-08-27T13:50:32.765+0000][info][gc,heap     ] GC(426) Survivor regions: 29->23(23)
[2024-08-27T13:50:32.765+0000][info][gc,heap     ] GC(426) Old regions: 1343->1500
[2024-08-27T13:50:32.765+0000][info][gc,heap     ] GC(426) Archive regions: 2->2
[2024-08-27T13:50:32.765+0000][info][gc,heap     ] GC(426) Humongous regions: 5->5
[2024-08-27T13:50:32.765+0000][info][gc,metaspace] GC(426) Metaspace: 100K(320K)->100K(320K) NonClass: 96K(192K)->96K(192K) Class: 4K(128K)->4K(128K)
[2024-08-27T13:50:32.765+0000][info][gc          ] GC(426) Pause Young (Normal) (G1 Evacuation Pause) 1525M->1528M(2048M) 34.848ms
[2024-08-27T13:50:32.766+0000][info][gc,cpu      ] GC(426) User=1.63s Sys=0.01s Real=0.03s
[2024-08-27T13:50:32.819+0000][info][gc,start    ] GC(427) Pause Young (Concurrent Start) (G1 Evacuation Pause)
[2024-08-27T13:50:32.819+0000][info][gc,task     ] GC(427) Using 49 workers of 68 for evacuation
[2024-08-27T13:50:32.845+0000][info][gc,phases   ] GC(427)   Pre Evacuate Collection Set: 0.3ms
[2024-08-27T13:50:32.845+0000][info][gc,phases   ] GC(427)   Merge Heap Roots: 0.9ms
[2024-08-27T13:50:32.845+0000][info][gc,phases   ] GC(427)   Evacuate Collection Set: 23.9ms
[2024-08-27T13:50:32.845+0000][info][gc,phases   ] GC(427)   Post Evacuate Collection Set: 0.7ms
[2024-08-27T13:50:32.845+0000][info][gc,phases   ] GC(427)   Other: 0.7ms
[2024-08-27T13:50:32.845+0000][info][gc,heap     ] GC(427) Eden regions: 99->0(86)
[2024-08-27T13:50:32.845+0000][info][gc,heap     ] GC(427) Survivor regions: 23->16(16)
[2024-08-27T13:50:32.845+0000][info][gc,heap     ] GC(427) Old regions: 1500->1613
[2024-08-27T13:50:32.845+0000][info][gc,heap     ] GC(427) Archive regions: 2->2
[2024-08-27T13:50:32.845+0000][info][gc,heap     ] GC(427) Humongous regions: 5->5
[2024-08-27T13:50:32.845+0000][info][gc,metaspace] GC(427) Metaspace: 100K(320K)->100K(320K) NonClass: 96K(192K)->96K(192K) Class: 4K(128K)->4K(128K)
[2024-08-27T13:50:32.845+0000][info][gc          ] GC(427) Pause Young (Concurrent Start) (G1 Evacuation Pause) 1627M->1634M(2048M) 26.593ms
[2024-08-27T13:50:32.845+0000][info][gc,cpu      ] GC(427) User=1.20s Sys=0.00s Real=0.02s
[2024-08-27T13:50:32.845+0000][info][gc          ] GC(428) Concurrent Mark Cycle
[2024-08-27T13:50:32.845+0000][info][gc,marking  ] GC(428) Concurrent Clear Claimed Marks
[2024-08-27T13:50:32.845+0000][info][gc,marking  ] GC(428) Concurrent Clear Claimed Marks 0.011ms
[2024-08-27T13:50:32.845+0000][info][gc,marking  ] GC(428) Concurrent Scan Root Regions
[2024-08-27T13:50:32.849+0000][info][gc,marking  ] GC(428) Concurrent Scan Root Regions 3.267ms
[2024-08-27T13:50:32.849+0000][info][gc,marking  ] GC(428) Concurrent Mark
[2024-08-27T13:50:32.849+0000][info][gc,marking  ] GC(428) Concurrent Mark From Roots
[2024-08-27T13:50:32.849+0000][info][gc,task     ] GC(428) Using 17 workers of 17 for marking
[2024-08-27T13:50:32.871+0000][info][gc,marking  ] GC(428) Concurrent Mark From Roots 22.164ms
[2024-08-27T13:50:32.871+0000][info][gc,marking  ] GC(428) Concurrent Preclean
[2024-08-27T13:50:32.872+0000][info][gc,marking  ] GC(428) Concurrent Preclean 0.516ms
[2024-08-27T13:50:32.872+0000][info][gc,start    ] GC(428) Pause Remark
[2024-08-27T13:50:32.875+0000][info][gc          ] GC(428) Pause Remark 1668M->1384M(2048M) 3.086ms
[2024-08-27T13:50:32.875+0000][info][gc,cpu      ] GC(428) User=0.02s Sys=0.00s Real=0.00s
[2024-08-27T13:50:32.875+0000][info][gc,marking  ] GC(428) Concurrent Mark 26.444ms
[2024-08-27T13:50:32.875+0000][info][gc,marking  ] GC(428) Concurrent Rebuild Remembered Sets
[2024-08-27T13:50:32.903+0000][info][gc,start    ] GC(429) Pause Young (Normal) (G1 Evacuation Pause)
[2024-08-27T13:50:32.903+0000][info][gc,task     ] GC(429) Using 49 workers of 68 for evacuation
[2024-08-27T13:50:32.926+0000][info][gc,phases   ] GC(429)   Pre Evacuate Collection Set: 0.3ms
[2024-08-27T13:50:32.926+0000][info][gc,phases   ] GC(429)   Merge Heap Roots: 0.5ms
[2024-08-27T13:50:32.926+0000][info][gc,phases   ] GC(429)   Evacuate Collection Set: 20.7ms
[2024-08-27T13:50:32.926+0000][info][gc,phases   ] GC(429)   Post Evacuate Collection Set: 1.1ms
[2024-08-27T13:50:32.926+0000][info][gc,phases   ] GC(429)   Other: 0.3ms
[2024-08-27T13:50:32.926+0000][info][gc,heap     ] GC(429) Eden regions: 86->0(127)
[2024-08-27T13:50:32.926+0000][info][gc,heap     ] GC(429) Survivor regions: 16->13(13)
[2024-08-27T13:50:32.926+0000][info][gc,heap     ] GC(429) Old regions: 1329->1425
[2024-08-27T13:50:32.926+0000][info][gc,heap     ] GC(429) Archive regions: 2->2
[2024-08-27T13:50:32.926+0000][info][gc,heap     ] GC(429) Humongous regions: 5->5
[2024-08-27T13:50:32.926+0000][info][gc,metaspace] GC(429) Metaspace: 100K(320K)->100K(320K) NonClass: 96K(192K)->96K(192K) Class: 4K(128K)->4K(128K)
[2024-08-27T13:50:32.926+0000][info][gc          ] GC(429) Pause Young (Normal) (G1 Evacuation Pause) 1436M->1443M(2048M) 23.117ms
[2024-08-27T13:50:32.926+0000][info][gc,cpu      ] GC(429) User=1.05s Sys=0.00s Real=0.02s
[2024-08-27T13:50:32.944+0000][info][gc,marking  ] GC(428) Concurrent Rebuild Remembered Sets 69.198ms
[2024-08-27T13:50:32.945+0000][info][gc,start    ] GC(428) Pause Cleanup
[2024-08-27T13:50:32.950+0000][info][gc          ] GC(428) Pause Cleanup 1475M->1475M(2048M) 5.434ms
[2024-08-27T13:50:32.950+0000][info][gc,cpu      ] GC(428) User=0.01s Sys=0.00s Real=0.01s
[2024-08-27T13:50:32.951+0000][info][gc,marking  ] GC(428) Concurrent Cleanup for Next Mark
[2024-08-27T13:50:32.952+0000][info][gc,marking  ] GC(428) Concurrent Cleanup for Next Mark 1.407ms
[2024-08-27T13:50:32.952+0000][info][gc          ] GC(428) Concurrent Mark Cycle 106.641ms
[2024-08-27T13:50:33.001+0000][info][gc,start    ] GC(430) Pause Young (Prepare Mixed) (G1 Evacuation Pause)
[2024-08-27T13:50:33.001+0000][info][gc,task     ] GC(430) Using 49 workers of 68 for evacuation
[2024-08-27T13:50:33.033+0000][info][gc,phases   ] GC(430)   Pre Evacuate Collection Set: 0.4ms
[2024-08-27T13:50:33.033+0000][info][gc,phases   ] GC(430)   Merge Heap Roots: 1.5ms
[2024-08-27T13:50:33.033+0000][info][gc,phases   ] GC(430)   Evacuate Collection Set: 29.3ms
[2024-08-27T13:50:33.033+0000][info][gc,phases   ] GC(430)   Post Evacuate Collection Set: 0.7ms
[2024-08-27T13:50:33.033+0000][info][gc,phases   ] GC(430)   Other: 0.3ms
[2024-08-27T13:50:33.033+0000][info][gc,heap     ] GC(430) Eden regions: 127->0(84)
[2024-08-27T13:50:33.033+0000][info][gc,heap     ] GC(430) Survivor regions: 13->18(18)
[2024-08-27T13:50:33.033+0000][info][gc,heap     ] GC(430) Old regions: 1425->1550
[2024-08-27T13:50:33.033+0000][info][gc,heap     ] GC(430) Archive regions: 2->2
[2024-08-27T13:50:33.033+0000][info][gc,heap     ] GC(430) Humongous regions: 5->5
[2024-08-27T13:50:33.033+0000][info][gc,metaspace] GC(430) Metaspace: 100K(320K)->100K(320K) NonClass: 96K(192K)->96K(192K) Class: 4K(128K)->4K(128K)
[2024-08-27T13:50:33.033+0000][info][gc          ] GC(430) Pause Young (Prepare Mixed) (G1 Evacuation Pause) 1570M->1573M(2048M) 32.295ms
[2024-08-27T13:50:33.033+0000][info][gc,cpu      ] GC(430) User=1.49s Sys=0.00s Real=0.03s
[2024-08-27T13:50:33.078+0000][info][gc,start    ] GC(431) Pause Young (Mixed) (G1 Evacuation Pause)
[2024-08-27T13:50:33.078+0000][info][gc,task     ] GC(431) Using 49 workers of 68 for evacuation
[2024-08-27T13:50:33.099+0000][info][gc,phases   ] GC(431)   Pre Evacuate Collection Set: 0.5ms
[2024-08-27T13:50:33.100+0000][info][gc,phases   ] GC(431)   Merge Heap Roots: 0.8ms
[2024-08-27T13:50:33.100+0000][info][gc,phases   ] GC(431)   Evacuate Collection Set: 19.7ms
[2024-08-27T13:50:33.100+0000][info][gc,phases   ] GC(431)   Post Evacuate Collection Set: 0.7ms
[2024-08-27T13:50:33.100+0000][info][gc,phases   ] GC(431)   Other: 0.3ms
[2024-08-27T13:50:33.100+0000][info][gc,heap     ] GC(431) Eden regions: 84->0(89)
[2024-08-27T13:50:33.100+0000][info][gc,heap     ] GC(431) Survivor regions: 18->13(13)
[2024-08-27T13:50:33.100+0000][info][gc,heap     ] GC(431) Old regions: 1550->1441
[2024-08-27T13:50:33.100+0000][info][gc,heap     ] GC(431) Archive regions: 2->2
[2024-08-27T13:50:33.100+0000][info][gc,heap     ] GC(431) Humongous regions: 5->5
[2024-08-27T13:50:33.100+0000][info][gc,metaspace] GC(431) Metaspace: 100K(320K)->100K(320K) NonClass: 96K(192K)->96K(192K) Class: 4K(128K)->4K(128K)
[2024-08-27T13:50:33.100+0000][info][gc          ] GC(431) Pause Young (Mixed) (G1 Evacuation Pause) 1657M->1459M(2048M) 22.183ms
[2024-08-27T13:50:33.100+0000][info][gc,cpu      ] GC(431) User=1.00s Sys=0.00s Real=0.02s
[2024-08-27T13:50:33.148+0000][info][gc,start    ] GC(432) Pause Young (Mixed) (G1 Evacuation Pause)
[2024-08-27T13:50:33.148+0000][info][gc,task     ] GC(432) Using 49 workers of 68 for evacuation
[2024-08-27T13:50:33.170+0000][info][gc,phases   ] GC(432)   Pre Evacuate Collection Set: 0.4ms
[2024-08-27T13:50:33.170+0000][info][gc,phases   ] GC(432)   Merge Heap Roots: 0.8ms
[2024-08-27T13:50:33.170+0000][info][gc,phases   ] GC(432)   Evacuate Collection Set: 19.5ms
[2024-08-27T13:50:33.170+0000][info][gc,phases   ] GC(432)   Post Evacuate Collection Set: 0.8ms
[2024-08-27T13:50:33.170+0000][info][gc,phases   ] GC(432)   Other: 0.4ms
[2024-08-27T13:50:33.170+0000][info][gc,heap     ] GC(432) Eden regions: 89->0(89)
[2024-08-27T13:50:33.170+0000][info][gc,heap     ] GC(432) Survivor regions: 13->13(13)
[2024-08-27T13:50:33.170+0000][info][gc,heap     ] GC(432) Old regions: 1441->1330
[2024-08-27T13:50:33.170+0000][info][gc,heap     ] GC(432) Archive regions: 2->2
[2024-08-27T13:50:33.170+0000][info][gc,heap     ] GC(432) Humongous regions: 5->5
[2024-08-27T13:50:33.170+0000][info][gc,metaspace] GC(432) Metaspace: 100K(320K)->100K(320K) NonClass: 96K(192K)->96K(192K) Class: 4K(128K)->4K(128K)
[2024-08-27T13:50:33.170+0000][info][gc          ] GC(432) Pause Young (Mixed) (G1 Evacuation Pause) 1548M->1348M(2048M) 21.994ms
[2024-08-27T13:50:33.170+0000][info][gc,cpu      ] GC(432) User=0.98s Sys=0.00s Real=0.03s
[2024-08-27T13:50:33.217+0000][info][gc,start    ] GC(433) Pause Young (Mixed) (G1 Evacuation Pause)
[2024-08-27T13:50:33.218+0000][info][gc,task     ] GC(433) Using 49 workers of 68 for evacuation
[2024-08-27T13:50:33.240+0000][info][gc,phases   ] GC(433)   Pre Evacuate Collection Set: 0.5ms
[2024-08-27T13:50:33.240+0000][info][gc,phases   ] GC(433)   Merge Heap Roots: 1.0ms
[2024-08-27T13:50:33.240+0000][info][gc,phases   ] GC(433)   Evacuate Collection Set: 19.9ms
[2024-08-27T13:50:33.240+0000][info][gc,phases   ] GC(433)   Post Evacuate Collection Set: 0.8ms
[2024-08-27T13:50:33.240+0000][info][gc,phases   ] GC(433)   Other: 0.4ms
[2024-08-27T13:50:33.240+0000][info][gc,heap     ] GC(433) Eden regions: 89->0(89)
[2024-08-27T13:50:33.240+0000][info][gc,heap     ] GC(433) Survivor regions: 13->13(13)
[2024-08-27T13:50:33.240+0000][info][gc,heap     ] GC(433) Old regions: 1330->1219
[2024-08-27T13:50:33.240+0000][info][gc,heap     ] GC(433) Archive regions: 2->2
[2024-08-27T13:50:33.240+0000][info][gc,heap     ] GC(433) Humongous regions: 5->5
[2024-08-27T13:50:33.240+0000][info][gc,metaspace] GC(433) Metaspace: 100K(320K)->100K(320K) NonClass: 96K(192K)->96K(192K) Class: 4K(128K)->4K(128K)
[2024-08-27T13:50:33.240+0000][info][gc          ] GC(433) Pause Young (Mixed) (G1 Evacuation Pause) 1437M->1237M(2048M) 22.725ms
[2024-08-27T13:50:33.240+0000][info][gc,cpu      ] GC(433) User=1.01s Sys=0.01s Real=0.03s
[2024-08-27T13:50:33.289+0000][info][gc,start    ] GC(434) Pause Young (Mixed) (G1 Evacuation Pause)
[2024-08-27T13:50:33.289+0000][info][gc,task     ] GC(434) Using 49 workers of 68 for evacuation
[2024-08-27T13:50:33.311+0000][info][gc,phases   ] GC(434)   Pre Evacuate Collection Set: 0.4ms
[2024-08-27T13:50:33.311+0000][info][gc,phases   ] GC(434)   Merge Heap Roots: 1.1ms
[2024-08-27T13:50:33.311+0000][info][gc,phases   ] GC(434)   Evacuate Collection Set: 19.9ms
[2024-08-27T13:50:33.311+0000][info][gc,phases   ] GC(434)   Post Evacuate Collection Set: 0.8ms
[2024-08-27T13:50:33.311+0000][info][gc,phases   ] GC(434)   Other: 0.4ms
[2024-08-27T13:50:33.311+0000][info][gc,heap     ] GC(434) Eden regions: 89->0(219)
[2024-08-27T13:50:33.311+0000][info][gc,heap     ] GC(434) Survivor regions: 13->13(13)
[2024-08-27T13:50:33.311+0000][info][gc,heap     ] GC(434) Old regions: 1219->1140
[2024-08-27T13:50:33.311+0000][info][gc,heap     ] GC(434) Archive regions: 2->2
[2024-08-27T13:50:33.311+0000][info][gc,heap     ] GC(434) Humongous regions: 5->5
[2024-08-27T13:50:33.311+0000][info][gc,metaspace] GC(434) Metaspace: 100K(320K)->100K(320K) NonClass: 96K(192K)->96K(192K) Class: 4K(128K)->4K(128K)
[2024-08-27T13:50:33.311+0000][info][gc          ] GC(434) Pause Young (Mixed) (G1 Evacuation Pause) 1326M->1158M(2048M) 22.714ms
[2024-08-27T13:50:33.311+0000][info][gc,cpu      ] GC(434) User=1.02s Sys=0.00s Real=0.03s
[2024-08-27T13:50:33.426+0000][info][gc,start    ] GC(435) Pause Young (Normal) (G1 Evacuation Pause)
[2024-08-27T13:50:33.426+0000][info][gc,task     ] GC(435) Using 49 workers of 68 for evacuation
[2024-08-27T13:50:33.469+0000][info][gc,phases   ] GC(435)   Pre Evacuate Collection Set: 0.3ms
[2024-08-27T13:50:33.469+0000][info][gc,phases   ] GC(435)   Merge Heap Roots: 1.1ms
[2024-08-27T13:50:33.469+0000][info][gc,phases   ] GC(435)   Evacuate Collection Set: 39.8ms
[2024-08-27T13:50:33.469+0000][info][gc,phases   ] GC(435)   Post Evacuate Collection Set: 0.8ms
[2024-08-27T13:50:33.469+0000][info][gc,phases   ] GC(435)   Other: 0.4ms
[2024-08-27T13:50:33.469+0000][info][gc,heap     ] GC(435) Eden regions: 219->0(149)
[2024-08-27T13:50:33.469+0000][info][gc,heap     ] GC(435) Survivor regions: 13->29(29)
[2024-08-27T13:50:33.469+0000][info][gc,heap     ] GC(435) Old regions: 1140->1340
[2024-08-27T13:50:33.469+0000][info][gc,heap     ] GC(435) Archive regions: 2->2
[2024-08-27T13:50:33.469+0000][info][gc,heap     ] GC(435) Humongous regions: 5->5
[2024-08-27T13:50:33.469+0000][info][gc,metaspace] GC(435) Metaspace: 100K(320K)->100K(320K) NonClass: 96K(192K)->96K(192K) Class: 4K(128K)->4K(128K)
[2024-08-27T13:50:33.469+0000][info][gc          ] GC(435) Pause Young (Normal) (G1 Evacuation Pause) 1377M->1374M(2048M) 42.518ms
[2024-08-27T13:50:33.469+0000][info][gc,cpu      ] GC(435) User=1.97s Sys=0.00s Real=0.04s
[2024-08-27T13:50:33.547+0000][info][gc,start    ] GC(436) Pause Young (Normal) (G1 Evacuation Pause)
[2024-08-27T13:50:33.547+0000][info][gc,task     ] GC(436) Using 49 workers of 68 for evacuation
[2024-08-27T13:50:33.582+0000][info][gc,phases   ] GC(436)   Pre Evacuate Collection Set: 0.3ms
[2024-08-27T13:50:33.582+0000][info][gc,phases   ] GC(436)   Merge Heap Roots: 0.7ms
[2024-08-27T13:50:33.582+0000][info][gc,phases   ] GC(436)   Evacuate Collection Set: 33.2ms
[2024-08-27T13:50:33.582+0000][info][gc,phases   ] GC(436)   Post Evacuate Collection Set: 0.7ms
[2024-08-27T13:50:33.582+0000][info][gc,phases   ] GC(436)   Other: 0.4ms
[2024-08-27T13:50:33.582+0000][info][gc,heap     ] GC(436) Eden regions: 149->0(100)
[2024-08-27T13:50:33.582+0000][info][gc,heap     ] GC(436) Survivor regions: 29->23(23)
[2024-08-27T13:50:33.582+0000][info][gc,heap     ] GC(436) Old regions: 1340->1499
[2024-08-27T13:50:33.582+0000][info][gc,heap     ] GC(436) Archive regions: 2->2
[2024-08-27T13:50:33.582+0000][info][gc,heap     ] GC(436) Humongous regions: 5->5
[2024-08-27T13:50:33.582+0000][info][gc,metaspace] GC(436) Metaspace: 100K(320K)->100K(320K) NonClass: 96K(192K)->96K(192K) Class: 4K(128K)->4K(128K)
[2024-08-27T13:50:33.582+0000][info][gc          ] GC(436) Pause Young (Normal) (G1 Evacuation Pause) 1523M->1527M(2048M) 35.369ms
[2024-08-27T13:50:33.582+0000][info][gc,cpu      ] GC(436) User=1.64s Sys=0.01s Real=0.04s
[2024-08-27T13:50:33.638+0000][info][gc,start    ] GC(437) Pause Young (Concurrent Start) (G1 Evacuation Pause)
[2024-08-27T13:50:33.638+0000][info][gc,task     ] GC(437) Using 49 workers of 68 for evacuation
[2024-08-27T13:50:33.665+0000][info][gc,phases   ] GC(437)   Pre Evacuate Collection Set: 0.3ms
[2024-08-27T13:50:33.665+0000][info][gc,phases   ] GC(437)   Merge Heap Roots: 1.0ms
[2024-08-27T13:50:33.665+0000][info][gc,phases   ] GC(437)   Evacuate Collection Set: 24.8ms
[2024-08-27T13:50:33.665+0000][info][gc,phases   ] GC(437)   Post Evacuate Collection Set: 0.6ms
[2024-08-27T13:50:33.665+0000][info][gc,phases   ] GC(437)   Other: 0.8ms
[2024-08-27T13:50:33.665+0000][info][gc,heap     ] GC(437) Eden regions: 100->0(86)
[2024-08-27T13:50:33.665+0000][info][gc,heap     ] GC(437) Survivor regions: 23->16(16)
[2024-08-27T13:50:33.665+0000][info][gc,heap     ] GC(437) Old regions: 1499->1615
[2024-08-27T13:50:33.665+0000][info][gc,heap     ] GC(437) Archive regions: 2->2
[2024-08-27T13:50:33.665+0000][info][gc,heap     ] GC(437) Humongous regions: 5->5
[2024-08-27T13:50:33.665+0000][info][gc,metaspace] GC(437) Metaspace: 100K(320K)->100K(320K) NonClass: 96K(192K)->96K(192K) Class: 4K(128K)->4K(128K)
[2024-08-27T13:50:33.665+0000][info][gc          ] GC(437) Pause Young (Concurrent Start) (G1 Evacuation Pause) 1627M->1636M(2048M) 27.611ms
[2024-08-27T13:50:33.665+0000][info][gc,cpu      ] GC(437) User=1.24s Sys=0.00s Real=0.02s
[2024-08-27T13:50:33.665+0000][info][gc          ] GC(438) Concurrent Mark Cycle
[2024-08-27T13:50:33.666+0000][info][gc,marking  ] GC(438) Concurrent Clear Claimed Marks
[2024-08-27T13:50:33.666+0000][info][gc,marking  ] GC(438) Concurrent Clear Claimed Marks 0.012ms
[2024-08-27T13:50:33.666+0000][info][gc,marking  ] GC(438) Concurrent Scan Root Regions
[2024-08-27T13:50:33.669+0000][info][gc,marking  ] GC(438) Concurrent Scan Root Regions 3.323ms
[2024-08-27T13:50:33.669+0000][info][gc,marking  ] GC(438) Concurrent Mark
[2024-08-27T13:50:33.669+0000][info][gc,marking  ] GC(438) Concurrent Mark From Roots
[2024-08-27T13:50:33.669+0000][info][gc,task     ] GC(438) Using 17 workers of 17 for marking
[2024-08-27T13:50:33.692+0000][info][gc,marking  ] GC(438) Concurrent Mark From Roots 23.507ms
[2024-08-27T13:50:33.692+0000][info][gc,marking  ] GC(438) Concurrent Preclean
[2024-08-27T13:50:33.693+0000][info][gc,marking  ] GC(438) Concurrent Preclean 0.506ms
[2024-08-27T13:50:33.693+0000][info][gc,start    ] GC(438) Pause Remark
[2024-08-27T13:50:33.696+0000][info][gc          ] GC(438) Pause Remark 1670M->1404M(2048M) 2.885ms
[2024-08-27T13:50:33.696+0000][info][gc,cpu      ] GC(438) User=0.01s Sys=0.00s Real=0.00s
[2024-08-27T13:50:33.696+0000][info][gc,marking  ] GC(438) Concurrent Mark 27.494ms
[2024-08-27T13:50:33.696+0000][info][gc,marking  ] GC(438) Concurrent Rebuild Remembered Sets
[2024-08-27T13:50:33.734+0000][info][gc,start    ] GC(439) Pause Young (Normal) (G1 Evacuation Pause)
[2024-08-27T13:50:33.734+0000][info][gc,task     ] GC(439) Using 49 workers of 68 for evacuation
[2024-08-27T13:50:33.757+0000][info][gc,phases   ] GC(439)   Pre Evacuate Collection Set: 0.3ms
[2024-08-27T13:50:33.757+0000][info][gc,phases   ] GC(439)   Merge Heap Roots: 0.5ms
[2024-08-27T13:50:33.757+0000][info][gc,phases   ] GC(439)   Evacuate Collection Set: 20.8ms
[2024-08-27T13:50:33.757+0000][info][gc,phases   ] GC(439)   Post Evacuate Collection Set: 1.1ms
[2024-08-27T13:50:33.757+0000][info][gc,phases   ] GC(439)   Other: 0.3ms
[2024-08-27T13:50:33.757+0000][info][gc,heap     ] GC(439) Eden regions: 86->0(120)
[2024-08-27T13:50:33.757+0000][info][gc,heap     ] GC(439) Survivor regions: 16->13(13)
[2024-08-27T13:50:33.757+0000][info][gc,heap     ] GC(439) Old regions: 1349->1445
[2024-08-27T13:50:33.757+0000][info][gc,heap     ] GC(439) Archive regions: 2->2
[2024-08-27T13:50:33.757+0000][info][gc,heap     ] GC(439) Humongous regions: 5->5
[2024-08-27T13:50:33.757+0000][info][gc,metaspace] GC(439) Metaspace: 100K(320K)->100K(320K) NonClass: 96K(192K)->96K(192K) Class: 4K(128K)->4K(128K)
[2024-08-27T13:50:33.757+0000][info][gc          ] GC(439) Pause Young (Normal) (G1 Evacuation Pause) 1456M->1463M(2048M) 23.127ms
[2024-08-27T13:50:33.757+0000][info][gc,cpu      ] GC(439) User=1.05s Sys=0.00s Real=0.02s
[2024-08-27T13:50:33.785+0000][info][gc,marking  ] GC(438) Concurrent Rebuild Remembered Sets 88.989ms
[2024-08-27T13:50:33.786+0000][info][gc,start    ] GC(438) Pause Cleanup
[2024-08-27T13:50:33.789+0000][info][gc          ] GC(438) Pause Cleanup 1488M->1488M(2048M) 2.992ms
[2024-08-27T13:50:33.789+0000][info][gc,cpu      ] GC(438) User=0.02s Sys=0.00s Real=0.00s
[2024-08-27T13:50:33.789+0000][info][gc,marking  ] GC(438) Concurrent Cleanup for Next Mark
[2024-08-27T13:50:33.791+0000][info][gc,marking  ] GC(438) Concurrent Cleanup for Next Mark 1.920ms
[2024-08-27T13:50:33.791+0000][info][gc          ] GC(438) Concurrent Mark Cycle 125.409ms
[2024-08-27T13:50:33.844+0000][info][gc,start    ] GC(440) Pause Young (Prepare Mixed) (G1 Evacuation Pause)
[2024-08-27T13:50:33.844+0000][info][gc,task     ] GC(440) Using 49 workers of 68 for evacuation
[2024-08-27T13:50:33.877+0000][info][gc,phases   ] GC(440)   Pre Evacuate Collection Set: 0.4ms
[2024-08-27T13:50:33.877+0000][info][gc,phases   ] GC(440)   Merge Heap Roots: 1.5ms
[2024-08-27T13:50:33.877+0000][info][gc,phases   ] GC(440)   Evacuate Collection Set: 30.2ms
[2024-08-27T13:50:33.877+0000][info][gc,phases   ] GC(440)   Post Evacuate Collection Set: 0.7ms
[2024-08-27T13:50:33.877+0000][info][gc,phases   ] GC(440)   Other: 0.4ms
[2024-08-27T13:50:33.877+0000][info][gc,heap     ] GC(440) Eden regions: 120->0(85)
[2024-08-27T13:50:33.877+0000][info][gc,heap     ] GC(440) Survivor regions: 13->17(17)
[2024-08-27T13:50:33.877+0000][info][gc,heap     ] GC(440) Old regions: 1445->1564
[2024-08-27T13:50:33.877+0000][info][gc,heap     ] GC(440) Archive regions: 2->2
[2024-08-27T13:50:33.877+0000][info][gc,heap     ] GC(440) Humongous regions: 5->5
[2024-08-27T13:50:33.877+0000][info][gc,metaspace] GC(440) Metaspace: 100K(320K)->100K(320K) NonClass: 96K(192K)->96K(192K) Class: 4K(128K)->4K(128K)
[2024-08-27T13:50:33.877+0000][info][gc          ] GC(440) Pause Young (Prepare Mixed) (G1 Evacuation Pause) 1583M->1586M(2048M) 33.307ms
[2024-08-27T13:50:33.877+0000][info][gc,cpu      ] GC(440) User=1.55s Sys=0.00s Real=0.03s
[2024-08-27T13:50:33.924+0000][info][gc,start    ] GC(441) Pause Young (Mixed) (G1 Evacuation Pause)
[2024-08-27T13:50:33.924+0000][info][gc,task     ] GC(441) Using 49 workers of 68 for evacuation
[2024-08-27T13:50:33.947+0000][info][gc,phases   ] GC(441)   Pre Evacuate Collection Set: 0.5ms
[2024-08-27T13:50:33.947+0000][info][gc,phases   ] GC(441)   Merge Heap Roots: 0.9ms
[2024-08-27T13:50:33.947+0000][info][gc,phases   ] GC(441)   Evacuate Collection Set: 20.4ms
[2024-08-27T13:50:33.947+0000][info][gc,phases   ] GC(441)   Post Evacuate Collection Set: 0.9ms
[2024-08-27T13:50:33.947+0000][info][gc,phases   ] GC(441)   Other: 0.4ms
[2024-08-27T13:50:33.947+0000][info][gc,heap     ] GC(441) Eden regions: 85->0(89)
[2024-08-27T13:50:33.947+0000][info][gc,heap     ] GC(441) Survivor regions: 17->13(13)
[2024-08-27T13:50:33.947+0000][info][gc,heap     ] GC(441) Old regions: 1564->1454
[2024-08-27T13:50:33.947+0000][info][gc,heap     ] GC(441) Archive regions: 2->2
[2024-08-27T13:50:33.947+0000][info][gc,heap     ] GC(441) Humongous regions: 5->5
[2024-08-27T13:50:33.947+0000][info][gc,metaspace] GC(441) Metaspace: 100K(320K)->100K(320K) NonClass: 96K(192K)->96K(192K) Class: 4K(128K)->4K(128K)
[2024-08-27T13:50:33.947+0000][info][gc          ] GC(441) Pause Young (Mixed) (G1 Evacuation Pause) 1671M->1472M(2048M) 23.183ms
[2024-08-27T13:50:33.948+0000][info][gc,cpu      ] GC(441) User=1.03s Sys=0.00s Real=0.02s
[2024-08-27T13:50:33.997+0000][info][gc,start    ] GC(442) Pause Young (Mixed) (G1 Evacuation Pause)
[2024-08-27T13:50:33.997+0000][info][gc,task     ] GC(442) Using 49 workers of 68 for evacuation
[2024-08-27T13:50:34.020+0000][info][gc,phases   ] GC(442)   Pre Evacuate Collection Set: 0.5ms
[2024-08-27T13:50:34.020+0000][info][gc,phases   ] GC(442)   Merge Heap Roots: 0.8ms
[2024-08-27T13:50:34.020+0000][info][gc,phases   ] GC(442)   Evacuate Collection Set: 20.5ms
[2024-08-27T13:50:34.020+0000][info][gc,phases   ] GC(442)   Post Evacuate Collection Set: 0.8ms
[2024-08-27T13:50:34.020+0000][info][gc,phases   ] GC(442)   Other: 0.4ms
[2024-08-27T13:50:34.020+0000][info][gc,heap     ] GC(442) Eden regions: 89->0(89)
[2024-08-27T13:50:34.020+0000][info][gc,heap     ] GC(442) Survivor regions: 13->13(13)
[2024-08-27T13:50:34.020+0000][info][gc,heap     ] GC(442) Old regions: 1454->1343
[2024-08-27T13:50:34.020+0000][info][gc,heap     ] GC(442) Archive regions: 2->2
[2024-08-27T13:50:34.020+0000][info][gc,heap     ] GC(442) Humongous regions: 5->5
[2024-08-27T13:50:34.020+0000][info][gc,metaspace] GC(442) Metaspace: 100K(320K)->100K(320K) NonClass: 96K(192K)->96K(192K) Class: 4K(128K)->4K(128K)
[2024-08-27T13:50:34.020+0000][info][gc          ] GC(442) Pause Young (Mixed) (G1 Evacuation Pause) 1561M->1361M(2048M) 23.219ms
[2024-08-27T13:50:34.020+0000][info][gc,cpu      ] GC(442) User=1.03s Sys=0.00s Real=0.03s
[2024-08-27T13:50:34.069+0000][info][gc,start    ] GC(443) Pause Young (Mixed) (G1 Evacuation Pause)
[2024-08-27T13:50:34.069+0000][info][gc,task     ] GC(443) Using 49 workers of 68 for evacuation
[2024-08-27T13:50:34.092+0000][info][gc,phases   ] GC(443)   Pre Evacuate Collection Set: 0.5ms
[2024-08-27T13:50:34.092+0000][info][gc,phases   ] GC(443)   Merge Heap Roots: 1.0ms
[2024-08-27T13:50:34.092+0000][info][gc,phases   ] GC(443)   Evacuate Collection Set: 20.7ms
[2024-08-27T13:50:34.092+0000][info][gc,phases   ] GC(443)   Post Evacuate Collection Set: 0.9ms
[2024-08-27T13:50:34.092+0000][info][gc,phases   ] GC(443)   Other: 0.4ms
[2024-08-27T13:50:34.092+0000][info][gc,heap     ] GC(443) Eden regions: 89->0(89)
[2024-08-27T13:50:34.092+0000][info][gc,heap     ] GC(443) Survivor regions: 13->13(13)
[2024-08-27T13:50:34.092+0000][info][gc,heap     ] GC(443) Old regions: 1343->1233
[2024-08-27T13:50:34.092+0000][info][gc,heap     ] GC(443) Archive regions: 2->2
[2024-08-27T13:50:34.092+0000][info][gc,heap     ] GC(443) Humongous regions: 5->5
[2024-08-27T13:50:34.092+0000][info][gc,metaspace] GC(443) Metaspace: 100K(320K)->100K(320K) NonClass: 96K(192K)->96K(192K) Class: 4K(128K)->4K(128K)
[2024-08-27T13:50:34.092+0000][info][gc          ] GC(443) Pause Young (Mixed) (G1 Evacuation Pause) 1450M->1251M(2048M) 23.572ms
[2024-08-27T13:50:34.092+0000][info][gc,cpu      ] GC(443) User=1.05s Sys=0.00s Real=0.03s
[2024-08-27T13:50:34.142+0000][info][gc,start    ] GC(444) Pause Young (Mixed) (G1 Evacuation Pause)
[2024-08-27T13:50:34.142+0000][info][gc,task     ] GC(444) Using 49 workers of 68 for evacuation
[2024-08-27T13:50:34.165+0000][info][gc,phases   ] GC(444)   Pre Evacuate Collection Set: 0.5ms
[2024-08-27T13:50:34.166+0000][info][gc,phases   ] GC(444)   Merge Heap Roots: 1.0ms
[2024-08-27T13:50:34.166+0000][info][gc,phases   ] GC(444)   Evacuate Collection Set: 20.6ms
[2024-08-27T13:50:34.166+0000][info][gc,phases   ] GC(444)   Post Evacuate Collection Set: 0.8ms
[2024-08-27T13:50:34.166+0000][info][gc,phases   ] GC(444)   Other: 0.4ms
[2024-08-27T13:50:34.166+0000][info][gc,heap     ] GC(444) Eden regions: 89->0(220)
[2024-08-27T13:50:34.166+0000][info][gc,heap     ] GC(444) Survivor regions: 13->13(13)
[2024-08-27T13:50:34.166+0000][info][gc,heap     ] GC(444) Old regions: 1233->1138
[2024-08-27T13:50:34.166+0000][info][gc,heap     ] GC(444) Archive regions: 2->2
[2024-08-27T13:50:34.166+0000][info][gc,heap     ] GC(444) Humongous regions: 5->5
[2024-08-27T13:50:34.166+0000][info][gc,metaspace] GC(444) Metaspace: 100K(320K)->100K(320K) NonClass: 96K(192K)->96K(192K) Class: 4K(128K)->4K(128K)
[2024-08-27T13:50:34.166+0000][info][gc          ] GC(444) Pause Young (Mixed) (G1 Evacuation Pause) 1340M->1156M(2048M) 23.476ms
[2024-08-27T13:50:34.166+0000][info][gc,cpu      ] GC(444) User=1.06s Sys=0.00s Real=0.02s
[2024-08-27T13:50:34.284+0000][info][gc,start    ] GC(445) Pause Young (Normal) (G1 Evacuation Pause)
[2024-08-27T13:50:34.284+0000][info][gc,task     ] GC(445) Using 49 workers of 68 for evacuation
[2024-08-27T13:50:34.328+0000][info][gc,phases   ] GC(445)   Pre Evacuate Collection Set: 0.3ms
[2024-08-27T13:50:34.328+0000][info][gc,phases   ] GC(445)   Merge Heap Roots: 1.1ms
[2024-08-27T13:50:34.328+0000][info][gc,phases   ] GC(445)   Evacuate Collection Set: 41.0ms
[2024-08-27T13:50:34.328+0000][info][gc,phases   ] GC(445)   Post Evacuate Collection Set: 0.8ms
[2024-08-27T13:50:34.328+0000][info][gc,phases   ] GC(445)   Other: 0.4ms
[2024-08-27T13:50:34.328+0000][info][gc,heap     ] GC(445) Eden regions: 220->0(149)
[2024-08-27T13:50:34.328+0000][info][gc,heap     ] GC(445) Survivor regions: 13->30(30)
[2024-08-27T13:50:34.328+0000][info][gc,heap     ] GC(445) Old regions: 1138->1338
[2024-08-27T13:50:34.328+0000][info][gc,heap     ] GC(445) Archive regions: 2->2
[2024-08-27T13:50:34.328+0000][info][gc,heap     ] GC(445) Humongous regions: 5->5
[2024-08-27T13:50:34.328+0000][info][gc,metaspace] GC(445) Metaspace: 100K(320K)->100K(320K) NonClass: 96K(192K)->96K(192K) Class: 4K(128K)->4K(128K)
[2024-08-27T13:50:34.328+0000][info][gc          ] GC(445) Pause Young (Normal) (G1 Evacuation Pause) 1376M->1373M(2048M) 43.733ms
[2024-08-27T13:50:34.328+0000][info][gc,cpu      ] GC(445) User=2.03s Sys=0.00s Real=0.04s
[2024-08-27T13:50:34.407+0000][info][gc,start    ] GC(446) Pause Young (Normal) (G1 Evacuation Pause)
[2024-08-27T13:50:34.407+0000][info][gc,task     ] GC(446) Using 49 workers of 68 for evacuation
[2024-08-27T13:50:34.443+0000][info][gc,phases   ] GC(446)   Pre Evacuate Collection Set: 0.4ms
[2024-08-27T13:50:34.443+0000][info][gc,phases   ] GC(446)   Merge Heap Roots: 0.7ms
[2024-08-27T13:50:34.443+0000][info][gc,phases   ] GC(446)   Evacuate Collection Set: 34.1ms
[2024-08-27T13:50:34.443+0000][info][gc,phases   ] GC(446)   Post Evacuate Collection Set: 0.7ms
[2024-08-27T13:50:34.443+0000][info][gc,phases   ] GC(446)   Other: 0.4ms
[2024-08-27T13:50:34.443+0000][info][gc,heap     ] GC(446) Eden regions: 149->0(100)
[2024-08-27T13:50:34.443+0000][info][gc,heap     ] GC(446) Survivor regions: 30->23(23)
[2024-08-27T13:50:34.443+0000][info][gc,heap     ] GC(446) Old regions: 1338->1499
[2024-08-27T13:50:34.443+0000][info][gc,heap     ] GC(446) Archive regions: 2->2
[2024-08-27T13:50:34.443+0000][info][gc,heap     ] GC(446) Humongous regions: 5->5
[2024-08-27T13:50:34.443+0000][info][gc,metaspace] GC(446) Metaspace: 100K(320K)->100K(320K) NonClass: 96K(192K)->96K(192K) Class: 4K(128K)->4K(128K)
[2024-08-27T13:50:34.443+0000][info][gc          ] GC(446) Pause Young (Normal) (G1 Evacuation Pause) 1522M->1527M(2048M) 36.368ms
[2024-08-27T13:50:34.443+0000][info][gc,cpu      ] GC(446) User=1.69s Sys=0.00s Real=0.04s
[2024-08-27T13:50:34.498+0000][info][gc,start    ] GC(447) Pause Young (Concurrent Start) (G1 Evacuation Pause)
[2024-08-27T13:50:34.498+0000][info][gc,task     ] GC(447) Using 49 workers of 68 for evacuation
[2024-08-27T13:50:34.525+0000][info][gc,phases   ] GC(447)   Pre Evacuate Collection Set: 0.3ms
[2024-08-27T13:50:34.526+0000][info][gc,phases   ] GC(447)   Merge Heap Roots: 1.0ms
[2024-08-27T13:50:34.526+0000][info][gc,phases   ] GC(447)   Evacuate Collection Set: 24.6ms
[2024-08-27T13:50:34.526+0000][info][gc,phases   ] GC(447)   Post Evacuate Collection Set: 0.7ms
[2024-08-27T13:50:34.526+0000][info][gc,phases   ] GC(447)   Other: 1.2ms
[2024-08-27T13:50:34.526+0000][info][gc,heap     ] GC(447) Eden regions: 100->0(86)
[2024-08-27T13:50:34.526+0000][info][gc,heap     ] GC(447) Survivor regions: 23->16(16)
[2024-08-27T13:50:34.526+0000][info][gc,heap     ] GC(447) Old regions: 1499->1613
[2024-08-27T13:50:34.526+0000][info][gc,heap     ] GC(447) Archive regions: 2->2
[2024-08-27T13:50:34.526+0000][info][gc,heap     ] GC(447) Humongous regions: 5->5
[2024-08-27T13:50:34.526+0000][info][gc,metaspace] GC(447) Metaspace: 100K(320K)->100K(320K) NonClass: 96K(192K)->96K(192K) Class: 4K(128K)->4K(128K)
[2024-08-27T13:50:34.526+0000][info][gc          ] GC(447) Pause Young (Concurrent Start) (G1 Evacuation Pause) 1627M->1634M(2048M) 27.912ms
[2024-08-27T13:50:34.526+0000][info][gc,cpu      ] GC(447) User=1.23s Sys=0.00s Real=0.02s
[2024-08-27T13:50:34.526+0000][info][gc          ] GC(448) Concurrent Mark Cycle
[2024-08-27T13:50:34.526+0000][info][gc,marking  ] GC(448) Concurrent Clear Claimed Marks
[2024-08-27T13:50:34.526+0000][info][gc,marking  ] GC(448) Concurrent Clear Claimed Marks 0.011ms
[2024-08-27T13:50:34.526+0000][info][gc,marking  ] GC(448) Concurrent Scan Root Regions
[2024-08-27T13:50:34.530+0000][info][gc,marking  ] GC(448) Concurrent Scan Root Regions 4.191ms
[2024-08-27T13:50:34.530+0000][info][gc,marking  ] GC(448) Concurrent Mark
[2024-08-27T13:50:34.530+0000][info][gc,marking  ] GC(448) Concurrent Mark From Roots
[2024-08-27T13:50:34.530+0000][info][gc,task     ] GC(448) Using 17 workers of 17 for marking
[2024-08-27T13:50:34.555+0000][info][gc,marking  ] GC(448) Concurrent Mark From Roots 24.356ms
[2024-08-27T13:50:34.555+0000][info][gc,marking  ] GC(448) Concurrent Preclean
[2024-08-27T13:50:34.555+0000][info][gc,marking  ] GC(448) Concurrent Preclean 0.500ms
[2024-08-27T13:50:34.555+0000][info][gc,start    ] GC(448) Pause Remark
[2024-08-27T13:50:34.567+0000][info][gc          ] GC(448) Pause Remark 1659M->1399M(2048M) 12.005ms
[2024-08-27T13:50:34.568+0000][info][gc,cpu      ] GC(448) User=0.04s Sys=0.00s Real=0.01s
[2024-08-27T13:50:34.568+0000][info][gc,marking  ] GC(448) Concurrent Mark 37.359ms
[2024-08-27T13:50:34.568+0000][info][gc,marking  ] GC(448) Concurrent Rebuild Remembered Sets
[2024-08-27T13:50:34.631+0000][info][gc,start    ] GC(449) Pause Young (Normal) (G1 Evacuation Pause)
[2024-08-27T13:50:34.631+0000][info][gc,task     ] GC(449) Using 49 workers of 68 for evacuation
[2024-08-27T13:50:34.651+0000][info][gc,phases   ] GC(449)   Pre Evacuate Collection Set: 0.5ms
[2024-08-27T13:50:34.651+0000][info][gc,phases   ] GC(449)   Merge Heap Roots: 0.6ms
[2024-08-27T13:50:34.651+0000][info][gc,phases   ] GC(449)   Evacuate Collection Set: 17.2ms
[2024-08-27T13:50:34.651+0000][info][gc,phases   ] GC(449)   Post Evacuate Collection Set: 0.9ms
[2024-08-27T13:50:34.651+0000][info][gc,phases   ] GC(449)   Other: 0.3ms
[2024-08-27T13:50:34.651+0000][info][gc,heap     ] GC(449) Eden regions: 86->0(119)
[2024-08-27T13:50:34.651+0000][info][gc,heap     ] GC(449) Survivor regions: 16->13(13)
[2024-08-27T13:50:34.651+0000][info][gc,heap     ] GC(449) Old regions: 1353->1449
[2024-08-27T13:50:34.651+0000][info][gc,heap     ] GC(449) Archive regions: 2->2
[2024-08-27T13:50:34.651+0000][info][gc,heap     ] GC(449) Humongous regions: 5->5
[2024-08-27T13:50:34.651+0000][info][gc,metaspace] GC(449) Metaspace: 100K(320K)->100K(320K) NonClass: 96K(192K)->96K(192K) Class: 4K(128K)->4K(128K)
[2024-08-27T13:50:34.651+0000][info][gc          ] GC(449) Pause Young (Normal) (G1 Evacuation Pause) 1460M->1467M(2048M) 19.528ms
[2024-08-27T13:50:34.651+0000][info][gc,cpu      ] GC(449) User=0.72s Sys=0.15s Real=0.02s
[2024-08-27T13:50:34.651+0000][info][gc,marking  ] GC(448) Concurrent Rebuild Remembered Sets 83.765ms
[2024-08-27T13:50:34.652+0000][info][gc,start    ] GC(448) Pause Cleanup
[2024-08-27T13:50:34.655+0000][info][gc          ] GC(448) Pause Cleanup 1468M->1468M(2048M) 2.883ms
[2024-08-27T13:50:34.655+0000][info][gc,cpu      ] GC(448) User=0.00s Sys=0.01s Real=0.00s
[2024-08-27T13:50:34.655+0000][info][gc,marking  ] GC(448) Concurrent Cleanup for Next Mark
[2024-08-27T13:50:34.656+0000][info][gc,marking  ] GC(448) Concurrent Cleanup for Next Mark 1.397ms
[2024-08-27T13:50:34.656+0000][info][gc          ] GC(448) Concurrent Mark Cycle 130.132ms
[2024-08-27T13:50:34.718+0000][info][gc,start    ] GC(450) Pause Young (Prepare Mixed) (G1 Evacuation Pause)
[2024-08-27T13:50:34.718+0000][info][gc,task     ] GC(450) Using 49 workers of 68 for evacuation
[2024-08-27T13:50:34.744+0000][info][gc,phases   ] GC(450)   Pre Evacuate Collection Set: 0.4ms
[2024-08-27T13:50:34.744+0000][info][gc,phases   ] GC(450)   Merge Heap Roots: 1.2ms
[2024-08-27T13:50:34.744+0000][info][gc,phases   ] GC(450)   Evacuate Collection Set: 23.9ms
[2024-08-27T13:50:34.744+0000][info][gc,phases   ] GC(450)   Post Evacuate Collection Set: 0.5ms
[2024-08-27T13:50:34.744+0000][info][gc,phases   ] GC(450)   Other: 0.2ms
[2024-08-27T13:50:34.744+0000][info][gc,heap     ] GC(450) Eden regions: 119->0(85)
[2024-08-27T13:50:34.744+0000][info][gc,heap     ] GC(450) Survivor regions: 13->17(17)
[2024-08-27T13:50:34.744+0000][info][gc,heap     ] GC(450) Old regions: 1449->1567
[2024-08-27T13:50:34.744+0000][info][gc,heap     ] GC(450) Archive regions: 2->2
[2024-08-27T13:50:34.744+0000][info][gc,heap     ] GC(450) Humongous regions: 5->5
[2024-08-27T13:50:34.744+0000][info][gc,metaspace] GC(450) Metaspace: 100K(320K)->100K(320K) NonClass: 96K(192K)->96K(192K) Class: 4K(128K)->4K(128K)
[2024-08-27T13:50:34.744+0000][info][gc          ] GC(450) Pause Young (Prepare Mixed) (G1 Evacuation Pause) 1586M->1589M(2048M) 26.382ms
[2024-08-27T13:50:34.744+0000][info][gc,cpu      ] GC(450) User=1.23s Sys=0.01s Real=0.02s
[2024-08-27T13:50:34.786+0000][info][gc,start    ] GC(451) Pause Young (Mixed) (G1 Evacuation Pause)
[2024-08-27T13:50:34.786+0000][info][gc,task     ] GC(451) Using 49 workers of 68 for evacuation
[2024-08-27T13:50:34.805+0000][info][gc,phases   ] GC(451)   Pre Evacuate Collection Set: 0.4ms
[2024-08-27T13:50:34.805+0000][info][gc,phases   ] GC(451)   Merge Heap Roots: 0.8ms
[2024-08-27T13:50:34.805+0000][info][gc,phases   ] GC(451)   Evacuate Collection Set: 16.6ms
[2024-08-27T13:50:34.805+0000][info][gc,phases   ] GC(451)   Post Evacuate Collection Set: 0.6ms
[2024-08-27T13:50:34.805+0000][info][gc,phases   ] GC(451)   Other: 0.2ms
[2024-08-27T13:50:34.805+0000][info][gc,heap     ] GC(451) Eden regions: 85->0(89)
[2024-08-27T13:50:34.805+0000][info][gc,heap     ] GC(451) Survivor regions: 17->13(13)
[2024-08-27T13:50:34.805+0000][info][gc,heap     ] GC(451) Old regions: 1567->1457
[2024-08-27T13:50:34.805+0000][info][gc,heap     ] GC(451) Archive regions: 2->2
[2024-08-27T13:50:34.805+0000][info][gc,heap     ] GC(451) Humongous regions: 5->5
[2024-08-27T13:50:34.805+0000][info][gc,metaspace] GC(451) Metaspace: 100K(320K)->100K(320K) NonClass: 96K(192K)->96K(192K) Class: 4K(128K)->4K(128K)
[2024-08-27T13:50:34.805+0000][info][gc          ] GC(451) Pause Young (Mixed) (G1 Evacuation Pause) 1674M->1475M(2048M) 18.776ms
[2024-08-27T13:50:34.805+0000][info][gc,cpu      ] GC(451) User=0.85s Sys=0.00s Real=0.02s
[2024-08-27T13:50:34.850+0000][info][gc,start    ] GC(452) Pause Young (Mixed) (G1 Evacuation Pause)
[2024-08-27T13:50:34.850+0000][info][gc,task     ] GC(452) Using 49 workers of 68 for evacuation
[2024-08-27T13:50:34.869+0000][info][gc,phases   ] GC(452)   Pre Evacuate Collection Set: 0.4ms
[2024-08-27T13:50:34.869+0000][info][gc,phases   ] GC(452)   Merge Heap Roots: 0.8ms
[2024-08-27T13:50:34.869+0000][info][gc,phases   ] GC(452)   Evacuate Collection Set: 16.6ms
[2024-08-27T13:50:34.869+0000][info][gc,phases   ] GC(452)   Post Evacuate Collection Set: 0.6ms
[2024-08-27T13:50:34.869+0000][info][gc,phases   ] GC(452)   Other: 0.3ms
[2024-08-27T13:50:34.869+0000][info][gc,heap     ] GC(452) Eden regions: 89->0(89)
[2024-08-27T13:50:34.869+0000][info][gc,heap     ] GC(452) Survivor regions: 13->13(13)
[2024-08-27T13:50:34.869+0000][info][gc,heap     ] GC(452) Old regions: 1457->1348
[2024-08-27T13:50:34.869+0000][info][gc,heap     ] GC(452) Archive regions: 2->2
[2024-08-27T13:50:34.869+0000][info][gc,heap     ] GC(452) Humongous regions: 5->5
[2024-08-27T13:50:34.869+0000][info][gc,metaspace] GC(452) Metaspace: 100K(320K)->100K(320K) NonClass: 96K(192K)->96K(192K) Class: 4K(128K)->4K(128K)
[2024-08-27T13:50:34.869+0000][info][gc          ] GC(452) Pause Young (Mixed) (G1 Evacuation Pause) 1564M->1366M(2048M) 18.836ms
[2024-08-27T13:50:34.869+0000][info][gc,cpu      ] GC(452) User=0.84s Sys=0.01s Real=0.01s
[2024-08-27T13:50:34.914+0000][info][gc,start    ] GC(453) Pause Young (Mixed) (G1 Evacuation Pause)
[2024-08-27T13:50:34.914+0000][info][gc,task     ] GC(453) Using 49 workers of 68 for evacuation
[2024-08-27T13:50:34.933+0000][info][gc,phases   ] GC(453)   Pre Evacuate Collection Set: 0.4ms
[2024-08-27T13:50:34.933+0000][info][gc,phases   ] GC(453)   Merge Heap Roots: 0.8ms
[2024-08-27T13:50:34.933+0000][info][gc,phases   ] GC(453)   Evacuate Collection Set: 16.6ms
[2024-08-27T13:50:34.933+0000][info][gc,phases   ] GC(453)   Post Evacuate Collection Set: 0.6ms
[2024-08-27T13:50:34.933+0000][info][gc,phases   ] GC(453)   Other: 0.3ms
[2024-08-27T13:50:34.933+0000][info][gc,heap     ] GC(453) Eden regions: 89->0(89)
[2024-08-27T13:50:34.933+0000][info][gc,heap     ] GC(453) Survivor regions: 13->13(13)
[2024-08-27T13:50:34.933+0000][info][gc,heap     ] GC(453) Old regions: 1348->1235
[2024-08-27T13:50:34.933+0000][info][gc,heap     ] GC(453) Archive regions: 2->2
[2024-08-27T13:50:34.933+0000][info][gc,heap     ] GC(453) Humongous regions: 5->5
[2024-08-27T13:50:34.933+0000][info][gc,metaspace] GC(453) Metaspace: 100K(320K)->100K(320K) NonClass: 96K(192K)->96K(192K) Class: 4K(128K)->4K(128K)
[2024-08-27T13:50:34.933+0000][info][gc          ] GC(453) Pause Young (Mixed) (G1 Evacuation Pause) 1455M->1253M(2048M) 18.728ms
[2024-08-27T13:50:34.933+0000][info][gc,cpu      ] GC(453) User=0.83s Sys=0.01s Real=0.02s
[2024-08-27T13:50:34.979+0000][info][gc,start    ] GC(454) Pause Young (Mixed) (G1 Evacuation Pause)
[2024-08-27T13:50:34.979+0000][info][gc,task     ] GC(454) Using 49 workers of 68 for evacuation
[2024-08-27T13:50:34.998+0000][info][gc,phases   ] GC(454)   Pre Evacuate Collection Set: 0.5ms
[2024-08-27T13:50:34.998+0000][info][gc,phases   ] GC(454)   Merge Heap Roots: 1.0ms
[2024-08-27T13:50:34.998+0000][info][gc,phases   ] GC(454)   Evacuate Collection Set: 16.8ms
[2024-08-27T13:50:34.998+0000][info][gc,phases   ] GC(454)   Post Evacuate Collection Set: 0.7ms
[2024-08-27T13:50:34.998+0000][info][gc,phases   ] GC(454)   Other: 0.3ms
[2024-08-27T13:50:34.998+0000][info][gc,heap     ] GC(454) Eden regions: 89->0(221)
[2024-08-27T13:50:34.998+0000][info][gc,heap     ] GC(454) Survivor regions: 13->13(13)
[2024-08-27T13:50:34.998+0000][info][gc,heap     ] GC(454) Old regions: 1235->1135
[2024-08-27T13:50:34.998+0000][info][gc,heap     ] GC(454) Archive regions: 2->2
[2024-08-27T13:50:34.998+0000][info][gc,heap     ] GC(454) Humongous regions: 5->5
[2024-08-27T13:50:34.998+0000][info][gc,metaspace] GC(454) Metaspace: 100K(320K)->100K(320K) NonClass: 96K(192K)->96K(192K) Class: 4K(128K)->4K(128K)
[2024-08-27T13:50:34.998+0000][info][gc          ] GC(454) Pause Young (Mixed) (G1 Evacuation Pause) 1342M->1153M(2048M) 19.416ms
[2024-08-27T13:50:34.998+0000][info][gc,cpu      ] GC(454) User=0.87s Sys=0.00s Real=0.02s
[2024-08-27T13:50:35.111+0000][info][gc,start    ] GC(455) Pause Young (Normal) (G1 Evacuation Pause)
[2024-08-27T13:50:35.111+0000][info][gc,task     ] GC(455) Using 49 workers of 68 for evacuation
[2024-08-27T13:50:35.148+0000][info][gc,phases   ] GC(455)   Pre Evacuate Collection Set: 0.5ms
[2024-08-27T13:50:35.148+0000][info][gc,phases   ] GC(455)   Merge Heap Roots: 1.3ms
[2024-08-27T13:50:35.148+0000][info][gc,phases   ] GC(455)   Evacuate Collection Set: 34.2ms
[2024-08-27T13:50:35.148+0000][info][gc,phases   ] GC(455)   Post Evacuate Collection Set: 0.6ms
[2024-08-27T13:50:35.148+0000][info][gc,phases   ] GC(455)   Other: 0.3ms
[2024-08-27T13:50:35.148+0000][info][gc,heap     ] GC(455) Eden regions: 221->0(151)
[2024-08-27T13:50:35.148+0000][info][gc,heap     ] GC(455) Survivor regions: 13->30(30)
[2024-08-27T13:50:35.148+0000][info][gc,heap     ] GC(455) Old regions: 1135->1334
[2024-08-27T13:50:35.148+0000][info][gc,heap     ] GC(455) Archive regions: 2->2
[2024-08-27T13:50:35.148+0000][info][gc,heap     ] GC(455) Humongous regions: 5->5
[2024-08-27T13:50:35.148+0000][info][gc,metaspace] GC(455) Metaspace: 100K(320K)->100K(320K) NonClass: 96K(192K)->96K(192K) Class: 4K(128K)->4K(128K)
[2024-08-27T13:50:35.148+0000][info][gc          ] GC(455) Pause Young (Normal) (G1 Evacuation Pause) 1374M->1369M(2048M) 37.055ms
[2024-08-27T13:50:35.148+0000][info][gc,cpu      ] GC(455) User=1.70s Sys=0.02s Real=0.03s
[2024-08-27T13:50:35.222+0000][info][gc,start    ] GC(456) Pause Young (Normal) (G1 Evacuation Pause)
[2024-08-27T13:50:35.222+0000][info][gc,task     ] GC(456) Using 49 workers of 68 for evacuation
[2024-08-27T13:50:35.251+0000][info][gc,phases   ] GC(456)   Pre Evacuate Collection Set: 0.3ms
[2024-08-27T13:50:35.251+0000][info][gc,phases   ] GC(456)   Merge Heap Roots: 0.6ms
[2024-08-27T13:50:35.251+0000][info][gc,phases   ] GC(456)   Evacuate Collection Set: 28.1ms
[2024-08-27T13:50:35.251+0000][info][gc,phases   ] GC(456)   Post Evacuate Collection Set: 0.6ms
[2024-08-27T13:50:35.251+0000][info][gc,phases   ] GC(456)   Other: 0.3ms
[2024-08-27T13:50:35.251+0000][info][gc,heap     ] GC(456) Eden regions: 151->0(101)
[2024-08-27T13:50:35.251+0000][info][gc,heap     ] GC(456) Survivor regions: 30->23(23)
[2024-08-27T13:50:35.251+0000][info][gc,heap     ] GC(456) Old regions: 1334->1496
[2024-08-27T13:50:35.251+0000][info][gc,heap     ] GC(456) Archive regions: 2->2
[2024-08-27T13:50:35.251+0000][info][gc,heap     ] GC(456) Humongous regions: 5->5
[2024-08-27T13:50:35.251+0000][info][gc,metaspace] GC(456) Metaspace: 100K(320K)->100K(320K) NonClass: 96K(192K)->96K(192K) Class: 4K(128K)->4K(128K)
[2024-08-27T13:50:35.251+0000][info][gc          ] GC(456) Pause Young (Normal) (G1 Evacuation Pause) 1520M->1524M(2048M) 29.852ms
[2024-08-27T13:50:35.251+0000][info][gc,cpu      ] GC(456) User=1.39s Sys=0.01s Real=0.03s
[2024-08-27T13:50:35.302+0000][info][gc,start    ] GC(457) Pause Young (Concurrent Start) (G1 Evacuation Pause)
[2024-08-27T13:50:35.302+0000][info][gc,task     ] GC(457) Using 49 workers of 68 for evacuation
[2024-08-27T13:50:35.324+0000][info][gc,phases   ] GC(457)   Pre Evacuate Collection Set: 0.3ms
[2024-08-27T13:50:35.324+0000][info][gc,phases   ] GC(457)   Merge Heap Roots: 0.9ms
[2024-08-27T13:50:35.324+0000][info][gc,phases   ] GC(457)   Evacuate Collection Set: 19.9ms
[2024-08-27T13:50:35.324+0000][info][gc,phases   ] GC(457)   Post Evacuate Collection Set: 0.6ms
[2024-08-27T13:50:35.324+0000][info][gc,phases   ] GC(457)   Other: 0.7ms
[2024-08-27T13:50:35.324+0000][info][gc,heap     ] GC(457) Eden regions: 101->0(86)
[2024-08-27T13:50:35.324+0000][info][gc,heap     ] GC(457) Survivor regions: 23->16(16)
[2024-08-27T13:50:35.324+0000][info][gc,heap     ] GC(457) Old regions: 1496->1612
[2024-08-27T13:50:35.324+0000][info][gc,heap     ] GC(457) Archive regions: 2->2
[2024-08-27T13:50:35.324+0000][info][gc,heap     ] GC(457) Humongous regions: 5->5
[2024-08-27T13:50:35.324+0000][info][gc,metaspace] GC(457) Metaspace: 100K(320K)->100K(320K) NonClass: 96K(192K)->96K(192K) Class: 4K(128K)->4K(128K)
[2024-08-27T13:50:35.324+0000][info][gc          ] GC(457) Pause Young (Concurrent Start) (G1 Evacuation Pause) 1625M->1633M(2048M) 22.438ms
[2024-08-27T13:50:35.324+0000][info][gc,cpu      ] GC(457) User=1.00s Sys=0.00s Real=0.02s
[2024-08-27T13:50:35.324+0000][info][gc          ] GC(458) Concurrent Mark Cycle
[2024-08-27T13:50:35.324+0000][info][gc,marking  ] GC(458) Concurrent Clear Claimed Marks
[2024-08-27T13:50:35.324+0000][info][gc,marking  ] GC(458) Concurrent Clear Claimed Marks 0.010ms
[2024-08-27T13:50:35.324+0000][info][gc,marking  ] GC(458) Concurrent Scan Root Regions
[2024-08-27T13:50:35.327+0000][info][gc,marking  ] GC(458) Concurrent Scan Root Regions 3.165ms
[2024-08-27T13:50:35.327+0000][info][gc,marking  ] GC(458) Concurrent Mark
[2024-08-27T13:50:35.327+0000][info][gc,marking  ] GC(458) Concurrent Mark From Roots
[2024-08-27T13:50:35.327+0000][info][gc,task     ] GC(458) Using 17 workers of 17 for marking
[2024-08-27T13:50:35.347+0000][info][gc,marking  ] GC(458) Concurrent Mark From Roots 19.912ms
[2024-08-27T13:50:35.347+0000][info][gc,marking  ] GC(458) Concurrent Preclean
[2024-08-27T13:50:35.348+0000][info][gc,marking  ] GC(458) Concurrent Preclean 0.573ms
[2024-08-27T13:50:35.348+0000][info][gc,start    ] GC(458) Pause Remark
[2024-08-27T13:50:35.350+0000][info][gc          ] GC(458) Pause Remark 1657M->1388M(2048M) 2.152ms
[2024-08-27T13:50:35.350+0000][info][gc,cpu      ] GC(458) User=0.02s Sys=0.00s Real=0.01s
[2024-08-27T13:50:35.350+0000][info][gc,marking  ] GC(458) Concurrent Mark 23.195ms
[2024-08-27T13:50:35.351+0000][info][gc,marking  ] GC(458) Concurrent Rebuild Remembered Sets
[2024-08-27T13:50:35.400+0000][info][gc,start    ] GC(459) Pause Young (Normal) (G1 Evacuation Pause)
[2024-08-27T13:50:35.400+0000][info][gc,task     ] GC(459) Using 49 workers of 68 for evacuation
[2024-08-27T13:50:35.418+0000][info][gc,phases   ] GC(459)   Pre Evacuate Collection Set: 0.4ms
[2024-08-27T13:50:35.418+0000][info][gc,phases   ] GC(459)   Merge Heap Roots: 0.5ms
[2024-08-27T13:50:35.418+0000][info][gc,phases   ] GC(459)   Evacuate Collection Set: 16.3ms
[2024-08-27T13:50:35.418+0000][info][gc,phases   ] GC(459)   Post Evacuate Collection Set: 0.9ms
[2024-08-27T13:50:35.418+0000][info][gc,phases   ] GC(459)   Other: 0.3ms
[2024-08-27T13:50:35.418+0000][info][gc,heap     ] GC(459) Eden regions: 86->0(122)
[2024-08-27T13:50:35.418+0000][info][gc,heap     ] GC(459) Survivor regions: 16->13(13)
[2024-08-27T13:50:35.418+0000][info][gc,heap     ] GC(459) Old regions: 1343->1439
[2024-08-27T13:50:35.418+0000][info][gc,heap     ] GC(459) Archive regions: 2->2
[2024-08-27T13:50:35.418+0000][info][gc,heap     ] GC(459) Humongous regions: 5->5
[2024-08-27T13:50:35.418+0000][info][gc,metaspace] GC(459) Metaspace: 100K(320K)->100K(320K) NonClass: 96K(192K)->96K(192K) Class: 4K(128K)->4K(128K)
[2024-08-27T13:50:35.418+0000][info][gc          ] GC(459) Pause Young (Normal) (G1 Evacuation Pause) 1450M->1457M(2048M) 18.363ms
[2024-08-27T13:50:35.418+0000][info][gc,cpu      ] GC(459) User=0.84s Sys=0.00s Real=0.02s
[2024-08-27T13:50:35.419+0000][info][gc,marking  ] GC(458) Concurrent Rebuild Remembered Sets 68.259ms
[2024-08-27T13:50:35.419+0000][info][gc,start    ] GC(458) Pause Cleanup
[2024-08-27T13:50:35.422+0000][info][gc          ] GC(458) Pause Cleanup 1458M->1458M(2048M) 2.853ms
[2024-08-27T13:50:35.422+0000][info][gc,cpu      ] GC(458) User=0.02s Sys=0.00s Real=0.00s
[2024-08-27T13:50:35.422+0000][info][gc,marking  ] GC(458) Concurrent Cleanup for Next Mark
[2024-08-27T13:50:35.423+0000][info][gc,marking  ] GC(458) Concurrent Cleanup for Next Mark 1.334ms
[2024-08-27T13:50:35.423+0000][info][gc          ] GC(458) Concurrent Mark Cycle 99.307ms
[2024-08-27T13:50:35.485+0000][info][gc,start    ] GC(460) Pause Young (Prepare Mixed) (G1 Evacuation Pause)
[2024-08-27T13:50:35.485+0000][info][gc,task     ] GC(460) Using 49 workers of 68 for evacuation
[2024-08-27T13:50:35.511+0000][info][gc,phases   ] GC(460)   Pre Evacuate Collection Set: 0.3ms
[2024-08-27T13:50:35.511+0000][info][gc,phases   ] GC(460)   Merge Heap Roots: 1.3ms
[2024-08-27T13:50:35.511+0000][info][gc,phases   ] GC(460)   Evacuate Collection Set: 23.9ms
[2024-08-27T13:50:35.511+0000][info][gc,phases   ] GC(460)   Post Evacuate Collection Set: 0.5ms
[2024-08-27T13:50:35.511+0000][info][gc,phases   ] GC(460)   Other: 0.3ms
[2024-08-27T13:50:35.511+0000][info][gc,heap     ] GC(460) Eden regions: 122->0(85)
[2024-08-27T13:50:35.511+0000][info][gc,heap     ] GC(460) Survivor regions: 13->17(17)
[2024-08-27T13:50:35.511+0000][info][gc,heap     ] GC(460) Old regions: 1439->1560
[2024-08-27T13:50:35.511+0000][info][gc,heap     ] GC(460) Archive regions: 2->2
[2024-08-27T13:50:35.511+0000][info][gc,heap     ] GC(460) Humongous regions: 5->5
[2024-08-27T13:50:35.511+0000][info][gc,metaspace] GC(460) Metaspace: 100K(320K)->100K(320K) NonClass: 96K(192K)->96K(192K) Class: 4K(128K)->4K(128K)
[2024-08-27T13:50:35.511+0000][info][gc          ] GC(460) Pause Young (Prepare Mixed) (G1 Evacuation Pause) 1579M->1582M(2048M) 26.445ms
[2024-08-27T13:50:35.511+0000][info][gc,cpu      ] GC(460) User=1.23s Sys=0.00s Real=0.03s
[2024-08-27T13:50:35.553+0000][info][gc,start    ] GC(461) Pause Young (Mixed) (G1 Evacuation Pause)
[2024-08-27T13:50:35.553+0000][info][gc,task     ] GC(461) Using 49 workers of 68 for evacuation
[2024-08-27T13:50:35.571+0000][info][gc,phases   ] GC(461)   Pre Evacuate Collection Set: 0.4ms
[2024-08-27T13:50:35.572+0000][info][gc,phases   ] GC(461)   Merge Heap Roots: 0.9ms
[2024-08-27T13:50:35.572+0000][info][gc,phases   ] GC(461)   Evacuate Collection Set: 16.4ms
[2024-08-27T13:50:35.572+0000][info][gc,phases   ] GC(461)   Post Evacuate Collection Set: 0.6ms
[2024-08-27T13:50:35.572+0000][info][gc,phases   ] GC(461)   Other: 0.3ms
[2024-08-27T13:50:35.572+0000][info][gc,heap     ] GC(461) Eden regions: 85->0(89)
[2024-08-27T13:50:35.572+0000][info][gc,heap     ] GC(461) Survivor regions: 17->13(13)
[2024-08-27T13:50:35.572+0000][info][gc,heap     ] GC(461) Old regions: 1560->1450
[2024-08-27T13:50:35.572+0000][info][gc,heap     ] GC(461) Archive regions: 2->2
[2024-08-27T13:50:35.572+0000][info][gc,heap     ] GC(461) Humongous regions: 5->5
[2024-08-27T13:50:35.572+0000][info][gc,metaspace] GC(461) Metaspace: 100K(320K)->100K(320K) NonClass: 96K(192K)->96K(192K) Class: 4K(128K)->4K(128K)
[2024-08-27T13:50:35.572+0000][info][gc          ] GC(461) Pause Young (Mixed) (G1 Evacuation Pause) 1667M->1468M(2048M) 18.677ms
[2024-08-27T13:50:35.572+0000][info][gc,cpu      ] GC(461) User=0.85s Sys=0.00s Real=0.02s
[2024-08-27T13:50:35.616+0000][info][gc,start    ] GC(462) Pause Young (Mixed) (G1 Evacuation Pause)
[2024-08-27T13:50:35.616+0000][info][gc,task     ] GC(462) Using 49 workers of 68 for evacuation
[2024-08-27T13:50:35.635+0000][info][gc,phases   ] GC(462)   Pre Evacuate Collection Set: 0.4ms
[2024-08-27T13:50:35.635+0000][info][gc,phases   ] GC(462)   Merge Heap Roots: 0.8ms
[2024-08-27T13:50:35.635+0000][info][gc,phases   ] GC(462)   Evacuate Collection Set: 16.4ms
[2024-08-27T13:50:35.635+0000][info][gc,phases   ] GC(462)   Post Evacuate Collection Set: 0.6ms
[2024-08-27T13:50:35.635+0000][info][gc,phases   ] GC(462)   Other: 0.3ms
[2024-08-27T13:50:35.635+0000][info][gc,heap     ] GC(462) Eden regions: 89->0(89)
[2024-08-27T13:50:35.635+0000][info][gc,heap     ] GC(462) Survivor regions: 13->13(13)
[2024-08-27T13:50:35.635+0000][info][gc,heap     ] GC(462) Old regions: 1450->1339
[2024-08-27T13:50:35.635+0000][info][gc,heap     ] GC(462) Archive regions: 2->2
[2024-08-27T13:50:35.635+0000][info][gc,heap     ] GC(462) Humongous regions: 5->5
[2024-08-27T13:50:35.635+0000][info][gc,metaspace] GC(462) Metaspace: 100K(320K)->100K(320K) NonClass: 96K(192K)->96K(192K) Class: 4K(128K)->4K(128K)
[2024-08-27T13:50:35.635+0000][info][gc          ] GC(462) Pause Young (Mixed) (G1 Evacuation Pause) 1557M->1357M(2048M) 18.572ms
[2024-08-27T13:50:35.635+0000][info][gc,cpu      ] GC(462) User=0.83s Sys=0.02s Real=0.02s
[2024-08-27T13:50:35.679+0000][info][gc,start    ] GC(463) Pause Young (Mixed) (G1 Evacuation Pause)
[2024-08-27T13:50:35.679+0000][info][gc,task     ] GC(463) Using 49 workers of 68 for evacuation
[2024-08-27T13:50:35.697+0000][info][gc,phases   ] GC(463)   Pre Evacuate Collection Set: 0.5ms
[2024-08-27T13:50:35.697+0000][info][gc,phases   ] GC(463)   Merge Heap Roots: 0.8ms
[2024-08-27T13:50:35.697+0000][info][gc,phases   ] GC(463)   Evacuate Collection Set: 16.2ms
[2024-08-27T13:50:35.697+0000][info][gc,phases   ] GC(463)   Post Evacuate Collection Set: 0.7ms
[2024-08-27T13:50:35.697+0000][info][gc,phases   ] GC(463)   Other: 0.3ms
[2024-08-27T13:50:35.697+0000][info][gc,heap     ] GC(463) Eden regions: 89->0(89)
[2024-08-27T13:50:35.697+0000][info][gc,heap     ] GC(463) Survivor regions: 13->13(13)
[2024-08-27T13:50:35.697+0000][info][gc,heap     ] GC(463) Old regions: 1339->1228
[2024-08-27T13:50:35.697+0000][info][gc,heap     ] GC(463) Archive regions: 2->2
[2024-08-27T13:50:35.697+0000][info][gc,heap     ] GC(463) Humongous regions: 5->5
[2024-08-27T13:50:35.697+0000][info][gc,metaspace] GC(463) Metaspace: 100K(320K)->100K(320K) NonClass: 96K(192K)->96K(192K) Class: 4K(128K)->4K(128K)
[2024-08-27T13:50:35.697+0000][info][gc          ] GC(463) Pause Young (Mixed) (G1 Evacuation Pause) 1446M->1246M(2048M) 18.542ms
[2024-08-27T13:50:35.697+0000][info][gc,cpu      ] GC(463) User=0.83s Sys=0.00s Real=0.01s
[2024-08-27T13:50:35.741+0000][info][gc,start    ] GC(464) Pause Young (Mixed) (G1 Evacuation Pause)
[2024-08-27T13:50:35.741+0000][info][gc,task     ] GC(464) Using 49 workers of 68 for evacuation
[2024-08-27T13:50:35.759+0000][info][gc,phases   ] GC(464)   Pre Evacuate Collection Set: 0.4ms
[2024-08-27T13:50:35.759+0000][info][gc,phases   ] GC(464)   Merge Heap Roots: 1.0ms
[2024-08-27T13:50:35.759+0000][info][gc,phases   ] GC(464)   Evacuate Collection Set: 16.2ms
[2024-08-27T13:50:35.759+0000][info][gc,phases   ] GC(464)   Post Evacuate Collection Set: 0.6ms
[2024-08-27T13:50:35.759+0000][info][gc,phases   ] GC(464)   Other: 0.3ms
[2024-08-27T13:50:35.759+0000][info][gc,heap     ] GC(464) Eden regions: 89->0(219)
[2024-08-27T13:50:35.759+0000][info][gc,heap     ] GC(464) Survivor regions: 13->13(13)
[2024-08-27T13:50:35.759+0000][info][gc,heap     ] GC(464) Old regions: 1228->1140
[2024-08-27T13:50:35.759+0000][info][gc,heap     ] GC(464) Archive regions: 2->2
[2024-08-27T13:50:35.759+0000][info][gc,heap     ] GC(464) Humongous regions: 5->5
[2024-08-27T13:50:35.759+0000][info][gc,metaspace] GC(464) Metaspace: 100K(320K)->100K(320K) NonClass: 96K(192K)->96K(192K) Class: 4K(128K)->4K(128K)
[2024-08-27T13:50:35.759+0000][info][gc          ] GC(464) Pause Young (Mixed) (G1 Evacuation Pause) 1335M->1158M(2048M) 18.554ms
[2024-08-27T13:50:35.759+0000][info][gc,cpu      ] GC(464) User=0.84s Sys=0.00s Real=0.02s
[2024-08-27T13:50:35.864+0000][info][gc,start    ] GC(465) Pause Young (Normal) (G1 Evacuation Pause)
[2024-08-27T13:50:35.864+0000][info][gc,task     ] GC(465) Using 49 workers of 68 for evacuation
[2024-08-27T13:50:35.899+0000][info][gc,phases   ] GC(465)   Pre Evacuate Collection Set: 0.3ms
[2024-08-27T13:50:35.899+0000][info][gc,phases   ] GC(465)   Merge Heap Roots: 1.0ms
[2024-08-27T13:50:35.899+0000][info][gc,phases   ] GC(465)   Evacuate Collection Set: 32.9ms
[2024-08-27T13:50:35.899+0000][info][gc,phases   ] GC(465)   Post Evacuate Collection Set: 0.6ms
[2024-08-27T13:50:35.899+0000][info][gc,phases   ] GC(465)   Other: 0.3ms
[2024-08-27T13:50:35.899+0000][info][gc,heap     ] GC(465) Eden regions: 219->0(149)
[2024-08-27T13:50:35.899+0000][info][gc,heap     ] GC(465) Survivor regions: 13->29(29)
[2024-08-27T13:50:35.899+0000][info][gc,heap     ] GC(465) Old regions: 1140->1341
[2024-08-27T13:50:35.899+0000][info][gc,heap     ] GC(465) Archive regions: 2->2
[2024-08-27T13:50:35.899+0000][info][gc,heap     ] GC(465) Humongous regions: 5->5
[2024-08-27T13:50:35.900+0000][info][gc,metaspace] GC(465) Metaspace: 100K(320K)->100K(320K) NonClass: 96K(192K)->96K(192K) Class: 4K(128K)->4K(128K)
[2024-08-27T13:50:35.900+0000][info][gc          ] GC(465) Pause Young (Normal) (G1 Evacuation Pause) 1377M->1375M(2048M) 35.185ms
[2024-08-27T13:50:35.900+0000][info][gc,cpu      ] GC(465) User=1.65s Sys=0.01s Real=0.04s
[2024-08-27T13:50:35.971+0000][info][gc,start    ] GC(466) Pause Young (Normal) (G1 Evacuation Pause)
[2024-08-27T13:50:35.971+0000][info][gc,task     ] GC(466) Using 49 workers of 68 for evacuation
[2024-08-27T13:50:35.999+0000][info][gc,phases   ] GC(466)   Pre Evacuate Collection Set: 0.3ms
[2024-08-27T13:50:36.000+0000][info][gc,phases   ] GC(466)   Merge Heap Roots: 0.6ms
[2024-08-27T13:50:36.000+0000][info][gc,phases   ] GC(466)   Evacuate Collection Set: 27.0ms
[2024-08-27T13:50:36.000+0000][info][gc,phases   ] GC(466)   Post Evacuate Collection Set: 0.5ms
[2024-08-27T13:50:36.000+0000][info][gc,phases   ] GC(466)   Other: 0.2ms
[2024-08-27T13:50:36.000+0000][info][gc,heap     ] GC(466) Eden regions: 149->0(98)
[2024-08-27T13:50:36.000+0000][info][gc,heap     ] GC(466) Survivor regions: 29->23(23)
[2024-08-27T13:50:36.000+0000][info][gc,heap     ] GC(466) Old regions: 1341->1503
[2024-08-27T13:50:36.000+0000][info][gc,heap     ] GC(466) Archive regions: 2->2
[2024-08-27T13:50:36.000+0000][info][gc,heap     ] GC(466) Humongous regions: 5->5
[2024-08-27T13:50:36.000+0000][info][gc,metaspace] GC(466) Metaspace: 100K(320K)->100K(320K) NonClass: 96K(192K)->96K(192K) Class: 4K(128K)->4K(128K)
[2024-08-27T13:50:36.000+0000][info][gc          ] GC(466) Pause Young (Normal) (G1 Evacuation Pause) 1524M->1531M(2048M) 28.736ms
[2024-08-27T13:50:36.000+0000][info][gc,cpu      ] GC(466) User=1.33s Sys=0.00s Real=0.03s
[2024-08-27T13:50:36.048+0000][info][gc,start    ] GC(467) Pause Young (Concurrent Start) (G1 Evacuation Pause)
[2024-08-27T13:50:36.048+0000][info][gc,task     ] GC(467) Using 49 workers of 68 for evacuation
[2024-08-27T13:50:36.071+0000][info][gc,phases   ] GC(467)   Pre Evacuate Collection Set: 0.3ms
[2024-08-27T13:50:36.071+0000][info][gc,phases   ] GC(467)   Merge Heap Roots: 0.9ms
[2024-08-27T13:50:36.071+0000][info][gc,phases   ] GC(467)   Evacuate Collection Set: 19.9ms
[2024-08-27T13:50:36.071+0000][info][gc,phases   ] GC(467)   Post Evacuate Collection Set: 0.6ms
[2024-08-27T13:50:36.071+0000][info][gc,phases   ] GC(467)   Other: 0.7ms
[2024-08-27T13:50:36.071+0000][info][gc,heap     ] GC(467) Eden regions: 98->0(86)
[2024-08-27T13:50:36.071+0000][info][gc,heap     ] GC(467) Survivor regions: 23->16(16)
[2024-08-27T13:50:36.071+0000][info][gc,heap     ] GC(467) Old regions: 1503->1617
[2024-08-27T13:50:36.071+0000][info][gc,heap     ] GC(467) Archive regions: 2->2
[2024-08-27T13:50:36.071+0000][info][gc,heap     ] GC(467) Humongous regions: 5->5
[2024-08-27T13:50:36.071+0000][info][gc,metaspace] GC(467) Metaspace: 100K(320K)->100K(320K) NonClass: 96K(192K)->96K(192K) Class: 4K(128K)->4K(128K)
[2024-08-27T13:50:36.071+0000][info][gc          ] GC(467) Pause Young (Concurrent Start) (G1 Evacuation Pause) 1629M->1638M(2048M) 22.508ms
[2024-08-27T13:50:36.071+0000][info][gc,cpu      ] GC(467) User=0.87s Sys=0.14s Real=0.03s
[2024-08-27T13:50:36.071+0000][info][gc          ] GC(468) Concurrent Mark Cycle
[2024-08-27T13:50:36.071+0000][info][gc,marking  ] GC(468) Concurrent Clear Claimed Marks
[2024-08-27T13:50:36.071+0000][info][gc,marking  ] GC(468) Concurrent Clear Claimed Marks 0.011ms
[2024-08-27T13:50:36.071+0000][info][gc,marking  ] GC(468) Concurrent Scan Root Regions
[2024-08-27T13:50:36.074+0000][info][gc,marking  ] GC(468) Concurrent Scan Root Regions 3.153ms
[2024-08-27T13:50:36.074+0000][info][gc,marking  ] GC(468) Concurrent Mark
[2024-08-27T13:50:36.074+0000][info][gc,marking  ] GC(468) Concurrent Mark From Roots
[2024-08-27T13:50:36.074+0000][info][gc,task     ] GC(468) Using 17 workers of 17 for marking
[2024-08-27T13:50:36.094+0000][info][gc,marking  ] GC(468) Concurrent Mark From Roots 20.347ms
[2024-08-27T13:50:36.094+0000][info][gc,marking  ] GC(468) Concurrent Preclean
[2024-08-27T13:50:36.095+0000][info][gc,marking  ] GC(468) Concurrent Preclean 0.495ms
[2024-08-27T13:50:36.095+0000][info][gc,start    ] GC(468) Pause Remark
[2024-08-27T13:50:36.097+0000][info][gc          ] GC(468) Pause Remark 1668M->1382M(2048M) 2.008ms
[2024-08-27T13:50:36.097+0000][info][gc,cpu      ] GC(468) User=0.01s Sys=0.00s Real=0.00s
[2024-08-27T13:50:36.097+0000][info][gc,marking  ] GC(468) Concurrent Mark 23.278ms
[2024-08-27T13:50:36.097+0000][info][gc,marking  ] GC(468) Concurrent Rebuild Remembered Sets
[2024-08-27T13:50:36.125+0000][info][gc,start    ] GC(469) Pause Young (Normal) (G1 Evacuation Pause)
[2024-08-27T13:50:36.125+0000][info][gc,task     ] GC(469) Using 49 workers of 68 for evacuation
[2024-08-27T13:50:36.144+0000][info][gc,phases   ] GC(469)   Pre Evacuate Collection Set: 0.5ms
[2024-08-27T13:50:36.144+0000][info][gc,phases   ] GC(469)   Merge Heap Roots: 0.4ms
[2024-08-27T13:50:36.144+0000][info][gc,phases   ] GC(469)   Evacuate Collection Set: 17.1ms
[2024-08-27T13:50:36.144+0000][info][gc,phases   ] GC(469)   Post Evacuate Collection Set: 0.9ms
[2024-08-27T13:50:36.144+0000][info][gc,phases   ] GC(469)   Other: 0.3ms
[2024-08-27T13:50:36.144+0000][info][gc,heap     ] GC(469) Eden regions: 86->0(126)
[2024-08-27T13:50:36.144+0000][info][gc,heap     ] GC(469) Survivor regions: 16->13(13)
[2024-08-27T13:50:36.144+0000][info][gc,heap     ] GC(469) Old regions: 1331->1428
[2024-08-27T13:50:36.144+0000][info][gc,heap     ] GC(469) Archive regions: 2->2
[2024-08-27T13:50:36.145+0000][info][gc,heap     ] GC(469) Humongous regions: 5->5
[2024-08-27T13:50:36.145+0000][info][gc,metaspace] GC(469) Metaspace: 100K(320K)->100K(320K) NonClass: 96K(192K)->96K(192K) Class: 4K(128K)->4K(128K)
[2024-08-27T13:50:36.145+0000][info][gc          ] GC(469) Pause Young (Normal) (G1 Evacuation Pause) 1438M->1446M(2048M) 19.155ms
[2024-08-27T13:50:36.145+0000][info][gc,cpu      ] GC(469) User=0.85s Sys=0.01s Real=0.02s
[2024-08-27T13:50:36.165+0000][info][gc,marking  ] GC(468) Concurrent Rebuild Remembered Sets 67.588ms
[2024-08-27T13:50:36.165+0000][info][gc,start    ] GC(468) Pause Cleanup
[2024-08-27T13:50:36.168+0000][info][gc          ] GC(468) Pause Cleanup 1485M->1485M(2048M) 2.931ms
[2024-08-27T13:50:36.168+0000][info][gc,cpu      ] GC(468) User=0.01s Sys=0.00s Real=0.00s
[2024-08-27T13:50:36.168+0000][info][gc,marking  ] GC(468) Concurrent Cleanup for Next Mark
[2024-08-27T13:50:36.170+0000][info][gc,marking  ] GC(468) Concurrent Cleanup for Next Mark 1.313ms
[2024-08-27T13:50:36.170+0000][info][gc          ] GC(468) Concurrent Mark Cycle 98.986ms
[2024-08-27T13:50:36.214+0000][info][gc,start    ] GC(470) Pause Young (Prepare Mixed) (G1 Evacuation Pause)
[2024-08-27T13:50:36.214+0000][info][gc,task     ] GC(470) Using 49 workers of 68 for evacuation
[2024-08-27T13:50:36.246+0000][info][gc,phases   ] GC(470)   Pre Evacuate Collection Set: 0.5ms
[2024-08-27T13:50:36.246+0000][info][gc,phases   ] GC(470)   Merge Heap Roots: 1.4ms
[2024-08-27T13:50:36.246+0000][info][gc,phases   ] GC(470)   Evacuate Collection Set: 28.6ms
[2024-08-27T13:50:36.246+0000][info][gc,phases   ] GC(470)   Post Evacuate Collection Set: 0.7ms
[2024-08-27T13:50:36.246+0000][info][gc,phases   ] GC(470)   Other: 0.2ms
[2024-08-27T13:50:36.246+0000][info][gc,heap     ] GC(470) Eden regions: 126->0(84)
[2024-08-27T13:50:36.246+0000][info][gc,heap     ] GC(470) Survivor regions: 13->18(18)
[2024-08-27T13:50:36.246+0000][info][gc,heap     ] GC(470) Old regions: 1428->1552
[2024-08-27T13:50:36.246+0000][info][gc,heap     ] GC(470) Archive regions: 2->2
[2024-08-27T13:50:36.246+0000][info][gc,heap     ] GC(470) Humongous regions: 5->5
[2024-08-27T13:50:36.246+0000][info][gc,metaspace] GC(470) Metaspace: 100K(320K)->100K(320K) NonClass: 96K(192K)->96K(192K) Class: 4K(128K)->4K(128K)
[2024-08-27T13:50:36.246+0000][info][gc          ] GC(470) Pause Young (Prepare Mixed) (G1 Evacuation Pause) 1572M->1575M(2048M) 31.434ms
[2024-08-27T13:50:36.246+0000][info][gc,cpu      ] GC(470) User=1.31s Sys=0.00s Real=0.03s
[2024-08-27T13:50:36.290+0000][info][gc,start    ] GC(471) Pause Young (Mixed) (G1 Evacuation Pause)
[2024-08-27T13:50:36.290+0000][info][gc,task     ] GC(471) Using 49 workers of 68 for evacuation
[2024-08-27T13:50:36.309+0000][info][gc,phases   ] GC(471)   Pre Evacuate Collection Set: 0.6ms
[2024-08-27T13:50:36.309+0000][info][gc,phases   ] GC(471)   Merge Heap Roots: 0.9ms
[2024-08-27T13:50:36.309+0000][info][gc,phases   ] GC(471)   Evacuate Collection Set: 16.8ms
[2024-08-27T13:50:36.309+0000][info][gc,phases   ] GC(471)   Post Evacuate Collection Set: 0.6ms
[2024-08-27T13:50:36.310+0000][info][gc,phases   ] GC(471)   Other: 0.3ms
[2024-08-27T13:50:36.310+0000][info][gc,heap     ] GC(471) Eden regions: 84->0(89)
[2024-08-27T13:50:36.310+0000][info][gc,heap     ] GC(471) Survivor regions: 18->13(13)
[2024-08-27T13:50:36.310+0000][info][gc,heap     ] GC(471) Old regions: 1552->1443
[2024-08-27T13:50:36.310+0000][info][gc,heap     ] GC(471) Archive regions: 2->2
[2024-08-27T13:50:36.310+0000][info][gc,heap     ] GC(471) Humongous regions: 5->5
[2024-08-27T13:50:36.310+0000][info][gc,metaspace] GC(471) Metaspace: 100K(320K)->100K(320K) NonClass: 96K(192K)->96K(192K) Class: 4K(128K)->4K(128K)
[2024-08-27T13:50:36.310+0000][info][gc          ] GC(471) Pause Young (Mixed) (G1 Evacuation Pause) 1659M->1461M(2048M) 19.228ms
[2024-08-27T13:50:36.310+0000][info][gc,cpu      ] GC(471) User=0.86s Sys=0.01s Real=0.02s
[2024-08-27T13:50:36.355+0000][info][gc,start    ] GC(472) Pause Young (Mixed) (G1 Evacuation Pause)
[2024-08-27T13:50:36.355+0000][info][gc,task     ] GC(472) Using 49 workers of 68 for evacuation
[2024-08-27T13:50:36.374+0000][info][gc,phases   ] GC(472)   Pre Evacuate Collection Set: 0.6ms
[2024-08-27T13:50:36.374+0000][info][gc,phases   ] GC(472)   Merge Heap Roots: 0.9ms
[2024-08-27T13:50:36.374+0000][info][gc,phases   ] GC(472)   Evacuate Collection Set: 16.5ms
[2024-08-27T13:50:36.374+0000][info][gc,phases   ] GC(472)   Post Evacuate Collection Set: 0.6ms
[2024-08-27T13:50:36.374+0000][info][gc,phases   ] GC(472)   Other: 0.4ms
[2024-08-27T13:50:36.374+0000][info][gc,heap     ] GC(472) Eden regions: 89->0(89)
[2024-08-27T13:50:36.374+0000][info][gc,heap     ] GC(472) Survivor regions: 13->13(13)
[2024-08-27T13:50:36.374+0000][info][gc,heap     ] GC(472) Old regions: 1443->1331
[2024-08-27T13:50:36.374+0000][info][gc,heap     ] GC(472) Archive regions: 2->2
[2024-08-27T13:50:36.374+0000][info][gc,heap     ] GC(472) Humongous regions: 5->5
[2024-08-27T13:50:36.374+0000][info][gc,metaspace] GC(472) Metaspace: 100K(320K)->100K(320K) NonClass: 96K(192K)->96K(192K) Class: 4K(128K)->4K(128K)
[2024-08-27T13:50:36.374+0000][info][gc          ] GC(472) Pause Young (Mixed) (G1 Evacuation Pause) 1550M->1349M(2048M) 19.110ms
[2024-08-27T13:50:36.374+0000][info][gc,cpu      ] GC(472) User=0.85s Sys=0.00s Real=0.02s
[2024-08-27T13:50:36.423+0000][info][gc,start    ] GC(473) Pause Young (Mixed) (G1 Evacuation Pause)
[2024-08-27T13:50:36.423+0000][info][gc,task     ] GC(473) Using 49 workers of 68 for evacuation
[2024-08-27T13:50:36.441+0000][info][gc,phases   ] GC(473)   Pre Evacuate Collection Set: 0.4ms
[2024-08-27T13:50:36.441+0000][info][gc,phases   ] GC(473)   Merge Heap Roots: 0.8ms
[2024-08-27T13:50:36.441+0000][info][gc,phases   ] GC(473)   Evacuate Collection Set: 16.4ms
[2024-08-27T13:50:36.441+0000][info][gc,phases   ] GC(473)   Post Evacuate Collection Set: 0.6ms
[2024-08-27T13:50:36.441+0000][info][gc,phases   ] GC(473)   Other: 0.3ms
[2024-08-27T13:50:36.441+0000][info][gc,heap     ] GC(473) Eden regions: 89->0(89)
[2024-08-27T13:50:36.441+0000][info][gc,heap     ] GC(473) Survivor regions: 13->13(13)
[2024-08-27T13:50:36.441+0000][info][gc,heap     ] GC(473) Old regions: 1331->1220
[2024-08-27T13:50:36.441+0000][info][gc,heap     ] GC(473) Archive regions: 2->2
[2024-08-27T13:50:36.441+0000][info][gc,heap     ] GC(473) Humongous regions: 5->5
[2024-08-27T13:50:36.441+0000][info][gc,metaspace] GC(473) Metaspace: 100K(320K)->100K(320K) NonClass: 96K(192K)->96K(192K) Class: 4K(128K)->4K(128K)
[2024-08-27T13:50:36.441+0000][info][gc          ] GC(473) Pause Young (Mixed) (G1 Evacuation Pause) 1438M->1238M(2048M) 18.583ms
[2024-08-27T13:50:36.441+0000][info][gc,cpu      ] GC(473) User=0.84s Sys=0.00s Real=0.02s
[2024-08-27T13:50:36.488+0000][info][gc,start    ] GC(474) Pause Young (Mixed) (G1 Evacuation Pause)
[2024-08-27T13:50:36.488+0000][info][gc,task     ] GC(474) Using 49 workers of 68 for evacuation
[2024-08-27T13:50:36.507+0000][info][gc,phases   ] GC(474)   Pre Evacuate Collection Set: 0.4ms
[2024-08-27T13:50:36.507+0000][info][gc,phases   ] GC(474)   Merge Heap Roots: 1.0ms
[2024-08-27T13:50:36.507+0000][info][gc,phases   ] GC(474)   Evacuate Collection Set: 16.7ms
[2024-08-27T13:50:36.507+0000][info][gc,phases   ] GC(474)   Post Evacuate Collection Set: 0.6ms
[2024-08-27T13:50:36.507+0000][info][gc,phases   ] GC(474)   Other: 0.3ms
[2024-08-27T13:50:36.507+0000][info][gc,heap     ] GC(474) Eden regions: 89->0(219)
[2024-08-27T13:50:36.507+0000][info][gc,heap     ] GC(474) Survivor regions: 13->13(13)
[2024-08-27T13:50:36.507+0000][info][gc,heap     ] GC(474) Old regions: 1220->1141
[2024-08-27T13:50:36.507+0000][info][gc,heap     ] GC(474) Archive regions: 2->2
[2024-08-27T13:50:36.507+0000][info][gc,heap     ] GC(474) Humongous regions: 5->5
[2024-08-27T13:50:36.507+0000][info][gc,metaspace] GC(474) Metaspace: 100K(320K)->100K(320K) NonClass: 96K(192K)->96K(192K) Class: 4K(128K)->4K(128K)
[2024-08-27T13:50:36.507+0000][info][gc          ] GC(474) Pause Young (Mixed) (G1 Evacuation Pause) 1327M->1159M(2048M) 19.041ms
[2024-08-27T13:50:36.508+0000][info][gc,cpu      ] GC(474) User=0.86s Sys=0.00s Real=0.02s
[2024-08-27T13:50:36.625+0000][info][gc,start    ] GC(475) Pause Young (Normal) (G1 Evacuation Pause)
[2024-08-27T13:50:36.625+0000][info][gc,task     ] GC(475) Using 49 workers of 68 for evacuation
[2024-08-27T13:50:36.661+0000][info][gc,phases   ] GC(475)   Pre Evacuate Collection Set: 0.4ms
[2024-08-27T13:50:36.661+0000][info][gc,phases   ] GC(475)   Merge Heap Roots: 1.1ms
[2024-08-27T13:50:36.661+0000][info][gc,phases   ] GC(475)   Evacuate Collection Set: 33.9ms
[2024-08-27T13:50:36.661+0000][info][gc,phases   ] GC(475)   Post Evacuate Collection Set: 0.7ms
[2024-08-27T13:50:36.661+0000][info][gc,phases   ] GC(475)   Other: 0.3ms
[2024-08-27T13:50:36.661+0000][info][gc,heap     ] GC(475) Eden regions: 219->0(149)
[2024-08-27T13:50:36.661+0000][info][gc,heap     ] GC(475) Survivor regions: 13->29(29)
[2024-08-27T13:50:36.661+0000][info][gc,heap     ] GC(475) Old regions: 1141->1340
[2024-08-27T13:50:36.661+0000][info][gc,heap     ] GC(475) Archive regions: 2->2
[2024-08-27T13:50:36.661+0000][info][gc,heap     ] GC(475) Humongous regions: 5->5
[2024-08-27T13:50:36.661+0000][info][gc,metaspace] GC(475) Metaspace: 100K(320K)->100K(320K) NonClass: 96K(192K)->96K(192K) Class: 4K(128K)->4K(128K)
[2024-08-27T13:50:36.661+0000][info][gc          ] GC(475) Pause Young (Normal) (G1 Evacuation Pause) 1378M->1374M(2048M) 36.458ms
[2024-08-27T13:50:36.661+0000][info][gc,cpu      ] GC(475) User=1.70s Sys=0.01s Real=0.04s
[2024-08-27T13:50:36.737+0000][info][gc,start    ] GC(476) Pause Young (Normal) (G1 Evacuation Pause)
[2024-08-27T13:50:36.737+0000][info][gc,task     ] GC(476) Using 49 workers of 68 for evacuation
[2024-08-27T13:50:36.766+0000][info][gc,phases   ] GC(476)   Pre Evacuate Collection Set: 0.4ms
[2024-08-27T13:50:36.766+0000][info][gc,phases   ] GC(476)   Merge Heap Roots: 0.6ms
[2024-08-27T13:50:36.766+0000][info][gc,phases   ] GC(476)   Evacuate Collection Set: 27.8ms
[2024-08-27T13:50:36.766+0000][info][gc,phases   ] GC(476)   Post Evacuate Collection Set: 0.6ms
[2024-08-27T13:50:36.766+0000][info][gc,phases   ] GC(476)   Other: 0.3ms
[2024-08-27T13:50:36.766+0000][info][gc,heap     ] GC(476) Eden regions: 149->0(100)
[2024-08-27T13:50:36.766+0000][info][gc,heap     ] GC(476) Survivor regions: 29->23(23)
[2024-08-27T13:50:36.766+0000][info][gc,heap     ] GC(476) Old regions: 1340->1499
[2024-08-27T13:50:36.766+0000][info][gc,heap     ] GC(476) Archive regions: 2->2
[2024-08-27T13:50:36.766+0000][info][gc,heap     ] GC(476) Humongous regions: 5->5
[2024-08-27T13:50:36.766+0000][info][gc,metaspace] GC(476) Metaspace: 100K(320K)->100K(320K) NonClass: 96K(192K)->96K(192K) Class: 4K(128K)->4K(128K)
[2024-08-27T13:50:36.766+0000][info][gc          ] GC(476) Pause Young (Normal) (G1 Evacuation Pause) 1523M->1527M(2048M) 29.672ms
[2024-08-27T13:50:36.766+0000][info][gc,cpu      ] GC(476) User=1.36s Sys=0.01s Real=0.03s
[2024-08-27T13:50:36.816+0000][info][gc,start    ] GC(477) Pause Young (Concurrent Start) (G1 Evacuation Pause)
[2024-08-27T13:50:36.816+0000][info][gc,task     ] GC(477) Using 49 workers of 68 for evacuation
[2024-08-27T13:50:36.839+0000][info][gc,phases   ] GC(477)   Pre Evacuate Collection Set: 0.3ms
[2024-08-27T13:50:36.839+0000][info][gc,phases   ] GC(477)   Merge Heap Roots: 0.9ms
[2024-08-27T13:50:36.839+0000][info][gc,phases   ] GC(477)   Evacuate Collection Set: 20.5ms
[2024-08-27T13:50:36.839+0000][info][gc,phases   ] GC(477)   Post Evacuate Collection Set: 0.6ms
[2024-08-27T13:50:36.839+0000][info][gc,phases   ] GC(477)   Other: 0.7ms
[2024-08-27T13:50:36.839+0000][info][gc,heap     ] GC(477) Eden regions: 100->0(86)
[2024-08-27T13:50:36.839+0000][info][gc,heap     ] GC(477) Survivor regions: 23->16(16)
[2024-08-27T13:50:36.839+0000][info][gc,heap     ] GC(477) Old regions: 1499->1613
[2024-08-27T13:50:36.839+0000][info][gc,heap     ] GC(477) Archive regions: 2->2
[2024-08-27T13:50:36.839+0000][info][gc,heap     ] GC(477) Humongous regions: 5->5
[2024-08-27T13:50:36.839+0000][info][gc,metaspace] GC(477) Metaspace: 100K(320K)->100K(320K) NonClass: 96K(192K)->96K(192K) Class: 4K(128K)->4K(128K)
[2024-08-27T13:50:36.839+0000][info][gc          ] GC(477) Pause Young (Concurrent Start) (G1 Evacuation Pause) 1627M->1634M(2048M) 23.106ms
[2024-08-27T13:50:36.839+0000][info][gc,cpu      ] GC(477) User=1.04s Sys=0.00s Real=0.03s
[2024-08-27T13:50:36.839+0000][info][gc          ] GC(478) Concurrent Mark Cycle
[2024-08-27T13:50:36.839+0000][info][gc,marking  ] GC(478) Concurrent Clear Claimed Marks
[2024-08-27T13:50:36.839+0000][info][gc,marking  ] GC(478) Concurrent Clear Claimed Marks 0.011ms
[2024-08-27T13:50:36.839+0000][info][gc,marking  ] GC(478) Concurrent Scan Root Regions
[2024-08-27T13:50:36.843+0000][info][gc,marking  ] GC(478) Concurrent Scan Root Regions 3.238ms
[2024-08-27T13:50:36.843+0000][info][gc,marking  ] GC(478) Concurrent Mark
[2024-08-27T13:50:36.843+0000][info][gc,marking  ] GC(478) Concurrent Mark From Roots
[2024-08-27T13:50:36.843+0000][info][gc,task     ] GC(478) Using 17 workers of 17 for marking
[2024-08-27T13:50:36.863+0000][info][gc,marking  ] GC(478) Concurrent Mark From Roots 20.343ms
[2024-08-27T13:50:36.863+0000][info][gc,marking  ] GC(478) Concurrent Preclean
[2024-08-27T13:50:36.864+0000][info][gc,marking  ] GC(478) Concurrent Preclean 0.500ms
[2024-08-27T13:50:36.864+0000][info][gc,start    ] GC(478) Pause Remark
[2024-08-27T13:50:36.866+0000][info][gc          ] GC(478) Pause Remark 1668M->1409M(2048M) 2.172ms
[2024-08-27T13:50:36.866+0000][info][gc,cpu      ] GC(478) User=0.01s Sys=0.00s Real=0.00s
[2024-08-27T13:50:36.866+0000][info][gc,marking  ] GC(478) Concurrent Mark 23.441ms
[2024-08-27T13:50:36.866+0000][info][gc,marking  ] GC(478) Concurrent Rebuild Remembered Sets
[2024-08-27T13:50:36.892+0000][info][gc,start    ] GC(479) Pause Young (Normal) (G1 Evacuation Pause)
[2024-08-27T13:50:36.892+0000][info][gc,task     ] GC(479) Using 49 workers of 68 for evacuation
[2024-08-27T13:50:36.911+0000][info][gc,phases   ] GC(479)   Pre Evacuate Collection Set: 0.4ms
[2024-08-27T13:50:36.911+0000][info][gc,phases   ] GC(479)   Merge Heap Roots: 0.5ms
[2024-08-27T13:50:36.911+0000][info][gc,phases   ] GC(479)   Evacuate Collection Set: 16.9ms
[2024-08-27T13:50:36.911+0000][info][gc,phases   ] GC(479)   Post Evacuate Collection Set: 0.9ms
[2024-08-27T13:50:36.911+0000][info][gc,phases   ] GC(479)   Other: 0.2ms
[2024-08-27T13:50:36.911+0000][info][gc,heap     ] GC(479) Eden regions: 86->0(119)
[2024-08-27T13:50:36.911+0000][info][gc,heap     ] GC(479) Survivor regions: 16->13(13)
[2024-08-27T13:50:36.911+0000][info][gc,heap     ] GC(479) Old regions: 1354->1450
[2024-08-27T13:50:36.911+0000][info][gc,heap     ] GC(479) Archive regions: 2->2
[2024-08-27T13:50:36.911+0000][info][gc,heap     ] GC(479) Humongous regions: 5->5
[2024-08-27T13:50:36.911+0000][info][gc,metaspace] GC(479) Metaspace: 100K(320K)->100K(320K) NonClass: 96K(192K)->96K(192K) Class: 4K(128K)->4K(128K)
[2024-08-27T13:50:36.911+0000][info][gc          ] GC(479) Pause Young (Normal) (G1 Evacuation Pause) 1461M->1468M(2048M) 18.988ms
[2024-08-27T13:50:36.911+0000][info][gc,cpu      ] GC(479) User=0.83s Sys=0.03s Real=0.02s
[2024-08-27T13:50:36.935+0000][info][gc,marking  ] GC(478) Concurrent Rebuild Remembered Sets 69.218ms
[2024-08-27T13:50:36.936+0000][info][gc,start    ] GC(478) Pause Cleanup
[2024-08-27T13:50:36.939+0000][info][gc          ] GC(478) Pause Cleanup 1518M->1518M(2048M) 2.975ms
[2024-08-27T13:50:36.939+0000][info][gc,cpu      ] GC(478) User=0.01s Sys=0.00s Real=0.01s
[2024-08-27T13:50:36.939+0000][info][gc,marking  ] GC(478) Concurrent Cleanup for Next Mark
[2024-08-27T13:50:36.940+0000][info][gc,marking  ] GC(478) Concurrent Cleanup for Next Mark 1.332ms
[2024-08-27T13:50:36.940+0000][info][gc          ] GC(478) Concurrent Mark Cycle 101.005ms
[2024-08-27T13:50:36.975+0000][info][gc,start    ] GC(480) Pause Young (Prepare Mixed) (G1 Evacuation Pause)
[2024-08-27T13:50:36.975+0000][info][gc,task     ] GC(480) Using 49 workers of 68 for evacuation
[2024-08-27T13:50:37.001+0000][info][gc,phases   ] GC(480)   Pre Evacuate Collection Set: 0.4ms
[2024-08-27T13:50:37.002+0000][info][gc,phases   ] GC(480)   Merge Heap Roots: 1.1ms
[2024-08-27T13:50:37.002+0000][info][gc,phases   ] GC(480)   Evacuate Collection Set: 24.3ms
[2024-08-27T13:50:37.002+0000][info][gc,phases   ] GC(480)   Post Evacuate Collection Set: 0.6ms
[2024-08-27T13:50:37.002+0000][info][gc,phases   ] GC(480)   Other: 0.3ms
[2024-08-27T13:50:37.002+0000][info][gc,heap     ] GC(480) Eden regions: 119->0(85)
[2024-08-27T13:50:37.002+0000][info][gc,heap     ] GC(480) Survivor regions: 13->17(17)
[2024-08-27T13:50:37.002+0000][info][gc,heap     ] GC(480) Old regions: 1450->1568
[2024-08-27T13:50:37.002+0000][info][gc,heap     ] GC(480) Archive regions: 2->2
[2024-08-27T13:50:37.002+0000][info][gc,heap     ] GC(480) Humongous regions: 5->5
[2024-08-27T13:50:37.002+0000][info][gc,metaspace] GC(480) Metaspace: 100K(320K)->100K(320K) NonClass: 96K(192K)->96K(192K) Class: 4K(128K)->4K(128K)
[2024-08-27T13:50:37.002+0000][info][gc          ] GC(480) Pause Young (Prepare Mixed) (G1 Evacuation Pause) 1587M->1590M(2048M) 26.755ms
[2024-08-27T13:50:37.002+0000][info][gc,cpu      ] GC(480) User=1.24s Sys=0.00s Real=0.03s
[2024-08-27T13:50:37.044+0000][info][gc,start    ] GC(481) Pause Young (Mixed) (G1 Evacuation Pause)
[2024-08-27T13:50:37.044+0000][info][gc,task     ] GC(481) Using 49 workers of 68 for evacuation
[2024-08-27T13:50:37.063+0000][info][gc,phases   ] GC(481)   Pre Evacuate Collection Set: 0.4ms
[2024-08-27T13:50:37.063+0000][info][gc,phases   ] GC(481)   Merge Heap Roots: 0.9ms
[2024-08-27T13:50:37.063+0000][info][gc,phases   ] GC(481)   Evacuate Collection Set: 16.6ms
[2024-08-27T13:50:37.063+0000][info][gc,phases   ] GC(481)   Post Evacuate Collection Set: 0.6ms
[2024-08-27T13:50:37.063+0000][info][gc,phases   ] GC(481)   Other: 0.3ms
[2024-08-27T13:50:37.063+0000][info][gc,heap     ] GC(481) Eden regions: 85->0(89)
[2024-08-27T13:50:37.063+0000][info][gc,heap     ] GC(481) Survivor regions: 17->13(13)
[2024-08-27T13:50:37.063+0000][info][gc,heap     ] GC(481) Old regions: 1568->1458
[2024-08-27T13:50:37.063+0000][info][gc,heap     ] GC(481) Archive regions: 2->2
[2024-08-27T13:50:37.063+0000][info][gc,heap     ] GC(481) Humongous regions: 5->5
[2024-08-27T13:50:37.063+0000][info][gc,metaspace] GC(481) Metaspace: 100K(320K)->100K(320K) NonClass: 96K(192K)->96K(192K) Class: 4K(128K)->4K(128K)
[2024-08-27T13:50:37.063+0000][info][gc          ] GC(481) Pause Young (Mixed) (G1 Evacuation Pause) 1675M->1476M(2048M) 18.876ms
[2024-08-27T13:50:37.063+0000][info][gc,cpu      ] GC(481) User=0.84s Sys=0.01s Real=0.02s
[2024-08-27T13:50:37.107+0000][info][gc,start    ] GC(482) Pause Young (Mixed) (G1 Evacuation Pause)
[2024-08-27T13:50:37.107+0000][info][gc,task     ] GC(482) Using 49 workers of 68 for evacuation
[2024-08-27T13:50:37.126+0000][info][gc,phases   ] GC(482)   Pre Evacuate Collection Set: 0.4ms
[2024-08-27T13:50:37.126+0000][info][gc,phases   ] GC(482)   Merge Heap Roots: 0.8ms
[2024-08-27T13:50:37.126+0000][info][gc,phases   ] GC(482)   Evacuate Collection Set: 16.4ms
[2024-08-27T13:50:37.126+0000][info][gc,phases   ] GC(482)   Post Evacuate Collection Set: 0.6ms
[2024-08-27T13:50:37.126+0000][info][gc,phases   ] GC(482)   Other: 0.3ms
[2024-08-27T13:50:37.126+0000][info][gc,heap     ] GC(482) Eden regions: 89->0(89)
[2024-08-27T13:50:37.126+0000][info][gc,heap     ] GC(482) Survivor regions: 13->13(13)
[2024-08-27T13:50:37.126+0000][info][gc,heap     ] GC(482) Old regions: 1458->1347
[2024-08-27T13:50:37.126+0000][info][gc,heap     ] GC(482) Archive regions: 2->2
[2024-08-27T13:50:37.126+0000][info][gc,heap     ] GC(482) Humongous regions: 5->5
[2024-08-27T13:50:37.126+0000][info][gc,metaspace] GC(482) Metaspace: 100K(320K)->100K(320K) NonClass: 96K(192K)->96K(192K) Class: 4K(128K)->4K(128K)
[2024-08-27T13:50:37.126+0000][info][gc          ] GC(482) Pause Young (Mixed) (G1 Evacuation Pause) 1565M->1365M(2048M) 18.603ms
[2024-08-27T13:50:37.126+0000][info][gc,cpu      ] GC(482) User=0.83s Sys=0.02s Real=0.02s
[2024-08-27T13:50:37.170+0000][info][gc,start    ] GC(483) Pause Young (Mixed) (G1 Evacuation Pause)
[2024-08-27T13:50:37.170+0000][info][gc,task     ] GC(483) Using 49 workers of 68 for evacuation
[2024-08-27T13:50:37.188+0000][info][gc,phases   ] GC(483)   Pre Evacuate Collection Set: 0.4ms
[2024-08-27T13:50:37.188+0000][info][gc,phases   ] GC(483)   Merge Heap Roots: 0.8ms
[2024-08-27T13:50:37.188+0000][info][gc,phases   ] GC(483)   Evacuate Collection Set: 16.1ms
[2024-08-27T13:50:37.188+0000][info][gc,phases   ] GC(483)   Post Evacuate Collection Set: 0.6ms
[2024-08-27T13:50:37.188+0000][info][gc,phases   ] GC(483)   Other: 0.3ms
[2024-08-27T13:50:37.188+0000][info][gc,heap     ] GC(483) Eden regions: 89->0(89)
[2024-08-27T13:50:37.188+0000][info][gc,heap     ] GC(483) Survivor regions: 13->13(13)
[2024-08-27T13:50:37.188+0000][info][gc,heap     ] GC(483) Old regions: 1347->1236
[2024-08-27T13:50:37.188+0000][info][gc,heap     ] GC(483) Archive regions: 2->2
[2024-08-27T13:50:37.188+0000][info][gc,heap     ] GC(483) Humongous regions: 5->5
[2024-08-27T13:50:37.188+0000][info][gc,metaspace] GC(483) Metaspace: 100K(320K)->100K(320K) NonClass: 96K(192K)->96K(192K) Class: 4K(128K)->4K(128K)
[2024-08-27T13:50:37.188+0000][info][gc          ] GC(483) Pause Young (Mixed) (G1 Evacuation Pause) 1454M->1254M(2048M) 18.261ms
[2024-08-27T13:50:37.188+0000][info][gc,cpu      ] GC(483) User=0.83s Sys=0.00s Real=0.01s
[2024-08-27T13:50:37.232+0000][info][gc,start    ] GC(484) Pause Young (Mixed) (G1 Evacuation Pause)
[2024-08-27T13:50:37.232+0000][info][gc,task     ] GC(484) Using 49 workers of 68 for evacuation
[2024-08-27T13:50:37.252+0000][info][gc,phases   ] GC(484)   Pre Evacuate Collection Set: 0.4ms
[2024-08-27T13:50:37.252+0000][info][gc,phases   ] GC(484)   Merge Heap Roots: 1.0ms
[2024-08-27T13:50:37.252+0000][info][gc,phases   ] GC(484)   Evacuate Collection Set: 17.1ms
[2024-08-27T13:50:37.252+0000][info][gc,phases   ] GC(484)   Post Evacuate Collection Set: 0.7ms
[2024-08-27T13:50:37.252+0000][info][gc,phases   ] GC(484)   Other: 0.3ms
[2024-08-27T13:50:37.252+0000][info][gc,heap     ] GC(484) Eden regions: 89->0(221)
[2024-08-27T13:50:37.252+0000][info][gc,heap     ] GC(484) Survivor regions: 13->13(13)
[2024-08-27T13:50:37.252+0000][info][gc,heap     ] GC(484) Old regions: 1236->1133
[2024-08-27T13:50:37.252+0000][info][gc,heap     ] GC(484) Archive regions: 2->2
[2024-08-27T13:50:37.252+0000][info][gc,heap     ] GC(484) Humongous regions: 5->5
[2024-08-27T13:50:37.252+0000][info][gc,metaspace] GC(484) Metaspace: 100K(320K)->100K(320K) NonClass: 96K(192K)->96K(192K) Class: 4K(128K)->4K(128K)
[2024-08-27T13:50:37.252+0000][info][gc          ] GC(484) Pause Young (Mixed) (G1 Evacuation Pause) 1343M->1151M(2048M) 19.541ms
[2024-08-27T13:50:37.252+0000][info][gc,cpu      ] GC(484) User=0.88s Sys=0.00s Real=0.02s
[2024-08-27T13:50:37.363+0000][info][gc,start    ] GC(485) Pause Young (Normal) (G1 Evacuation Pause)
[2024-08-27T13:50:37.363+0000][info][gc,task     ] GC(485) Using 49 workers of 68 for evacuation
[2024-08-27T13:50:37.400+0000][info][gc,phases   ] GC(485)   Pre Evacuate Collection Set: 0.4ms
[2024-08-27T13:50:37.400+0000][info][gc,phases   ] GC(485)   Merge Heap Roots: 1.2ms
[2024-08-27T13:50:37.400+0000][info][gc,phases   ] GC(485)   Evacuate Collection Set: 34.8ms
[2024-08-27T13:50:37.400+0000][info][gc,phases   ] GC(485)   Post Evacuate Collection Set: 0.6ms
[2024-08-27T13:50:37.400+0000][info][gc,phases   ] GC(485)   Other: 0.3ms
[2024-08-27T13:50:37.400+0000][info][gc,heap     ] GC(485) Eden regions: 221->0(151)
[2024-08-27T13:50:37.400+0000][info][gc,heap     ] GC(485) Survivor regions: 13->30(30)
[2024-08-27T13:50:37.400+0000][info][gc,heap     ] GC(485) Old regions: 1133->1333
[2024-08-27T13:50:37.400+0000][info][gc,heap     ] GC(485) Archive regions: 2->2
[2024-08-27T13:50:37.400+0000][info][gc,heap     ] GC(485) Humongous regions: 5->5
[2024-08-27T13:50:37.400+0000][info][gc,metaspace] GC(485) Metaspace: 100K(320K)->100K(320K) NonClass: 96K(192K)->96K(192K) Class: 4K(128K)->4K(128K)
[2024-08-27T13:50:37.400+0000][info][gc          ] GC(485) Pause Young (Normal) (G1 Evacuation Pause) 1372M->1368M(2048M) 37.420ms
[2024-08-27T13:50:37.400+0000][info][gc,cpu      ] GC(485) User=1.73s Sys=0.00s Real=0.04s
[2024-08-27T13:50:37.479+0000][info][gc,start    ] GC(486) Pause Young (Normal) (G1 Evacuation Pause)
[2024-08-27T13:50:37.479+0000][info][gc,task     ] GC(486) Using 49 workers of 68 for evacuation
[2024-08-27T13:50:37.514+0000][info][gc,phases   ] GC(486)   Pre Evacuate Collection Set: 0.4ms
[2024-08-27T13:50:37.514+0000][info][gc,phases   ] GC(486)   Merge Heap Roots: 0.7ms
[2024-08-27T13:50:37.514+0000][info][gc,phases   ] GC(486)   Evacuate Collection Set: 33.3ms
[2024-08-27T13:50:37.514+0000][info][gc,phases   ] GC(486)   Post Evacuate Collection Set: 0.7ms
[2024-08-27T13:50:37.514+0000][info][gc,phases   ] GC(486)   Other: 0.2ms
[2024-08-27T13:50:37.514+0000][info][gc,heap     ] GC(486) Eden regions: 151->0(101)
[2024-08-27T13:50:37.514+0000][info][gc,heap     ] GC(486) Survivor regions: 30->23(23)
[2024-08-27T13:50:37.514+0000][info][gc,heap     ] GC(486) Old regions: 1333->1495
[2024-08-27T13:50:37.514+0000][info][gc,heap     ] GC(486) Archive regions: 2->2
[2024-08-27T13:50:37.514+0000][info][gc,heap     ] GC(486) Humongous regions: 5->5
[2024-08-27T13:50:37.514+0000][info][gc,metaspace] GC(486) Metaspace: 100K(320K)->100K(320K) NonClass: 96K(192K)->96K(192K) Class: 4K(128K)->4K(128K)
[2024-08-27T13:50:37.514+0000][info][gc          ] GC(486) Pause Young (Normal) (G1 Evacuation Pause) 1519M->1523M(2048M) 35.366ms
[2024-08-27T13:50:37.514+0000][info][gc,cpu      ] GC(486) User=1.40s Sys=0.03s Real=0.03s
[2024-08-27T13:50:37.570+0000][info][gc,start    ] GC(487) Pause Young (Concurrent Start) (G1 Evacuation Pause)
[2024-08-27T13:50:37.570+0000][info][gc,task     ] GC(487) Using 49 workers of 68 for evacuation
[2024-08-27T13:50:37.595+0000][info][gc,phases   ] GC(487)   Pre Evacuate Collection Set: 0.3ms
[2024-08-27T13:50:37.595+0000][info][gc,phases   ] GC(487)   Merge Heap Roots: 0.9ms
[2024-08-27T13:50:37.595+0000][info][gc,phases   ] GC(487)   Evacuate Collection Set: 22.2ms
[2024-08-27T13:50:37.595+0000][info][gc,phases   ] GC(487)   Post Evacuate Collection Set: 0.6ms
[2024-08-27T13:50:37.595+0000][info][gc,phases   ] GC(487)   Other: 0.7ms
[2024-08-27T13:50:37.595+0000][info][gc,heap     ] GC(487) Eden regions: 101->0(86)
[2024-08-27T13:50:37.595+0000][info][gc,heap     ] GC(487) Survivor regions: 23->16(16)
[2024-08-27T13:50:37.595+0000][info][gc,heap     ] GC(487) Old regions: 1495->1611
[2024-08-27T13:50:37.595+0000][info][gc,heap     ] GC(487) Archive regions: 2->2
[2024-08-27T13:50:37.595+0000][info][gc,heap     ] GC(487) Humongous regions: 5->5
[2024-08-27T13:50:37.595+0000][info][gc,metaspace] GC(487) Metaspace: 100K(320K)->100K(320K) NonClass: 96K(192K)->96K(192K) Class: 4K(128K)->4K(128K)
[2024-08-27T13:50:37.595+0000][info][gc          ] GC(487) Pause Young (Concurrent Start) (G1 Evacuation Pause) 1624M->1632M(2048M) 24.741ms
[2024-08-27T13:50:37.595+0000][info][gc,cpu      ] GC(487) User=1.05s Sys=0.00s Real=0.02s
[2024-08-27T13:50:37.595+0000][info][gc          ] GC(488) Concurrent Mark Cycle
[2024-08-27T13:50:37.595+0000][info][gc,marking  ] GC(488) Concurrent Clear Claimed Marks
[2024-08-27T13:50:37.595+0000][info][gc,marking  ] GC(488) Concurrent Clear Claimed Marks 0.011ms
[2024-08-27T13:50:37.595+0000][info][gc,marking  ] GC(488) Concurrent Scan Root Regions
[2024-08-27T13:50:37.598+0000][info][gc,marking  ] GC(488) Concurrent Scan Root Regions 3.045ms
[2024-08-27T13:50:37.598+0000][info][gc,marking  ] GC(488) Concurrent Mark
[2024-08-27T13:50:37.598+0000][info][gc,marking  ] GC(488) Concurrent Mark From Roots
[2024-08-27T13:50:37.598+0000][info][gc,task     ] GC(488) Using 17 workers of 17 for marking
[2024-08-27T13:50:37.618+0000][info][gc,marking  ] GC(488) Concurrent Mark From Roots 20.007ms
[2024-08-27T13:50:37.618+0000][info][gc,marking  ] GC(488) Concurrent Preclean
[2024-08-27T13:50:37.619+0000][info][gc,marking  ] GC(488) Concurrent Preclean 0.693ms
[2024-08-27T13:50:37.619+0000][info][gc,start    ] GC(488) Pause Remark
[2024-08-27T13:50:37.621+0000][info][gc          ] GC(488) Pause Remark 1665M->1387M(2048M) 2.161ms
[2024-08-27T13:50:37.621+0000][info][gc,cpu      ] GC(488) User=0.01s Sys=0.00s Real=0.00s
[2024-08-27T13:50:37.621+0000][info][gc,marking  ] GC(488) Concurrent Mark 23.307ms
[2024-08-27T13:50:37.621+0000][info][gc,marking  ] GC(488) Concurrent Rebuild Remembered Sets
[2024-08-27T13:50:37.647+0000][info][gc,start    ] GC(489) Pause Young (Normal) (G1 Evacuation Pause)
[2024-08-27T13:50:37.647+0000][info][gc,task     ] GC(489) Using 49 workers of 68 for evacuation
[2024-08-27T13:50:37.667+0000][info][gc,phases   ] GC(489)   Pre Evacuate Collection Set: 0.4ms
[2024-08-27T13:50:37.667+0000][info][gc,phases   ] GC(489)   Merge Heap Roots: 0.5ms
[2024-08-27T13:50:37.667+0000][info][gc,phases   ] GC(489)   Evacuate Collection Set: 17.5ms
[2024-08-27T13:50:37.667+0000][info][gc,phases   ] GC(489)   Post Evacuate Collection Set: 0.9ms
[2024-08-27T13:50:37.667+0000][info][gc,phases   ] GC(489)   Other: 0.3ms
[2024-08-27T13:50:37.667+0000][info][gc,heap     ] GC(489) Eden regions: 86->0(125)
[2024-08-27T13:50:37.667+0000][info][gc,heap     ] GC(489) Survivor regions: 16->13(13)
[2024-08-27T13:50:37.667+0000][info][gc,heap     ] GC(489) Old regions: 1333->1430
[2024-08-27T13:50:37.667+0000][info][gc,heap     ] GC(489) Archive regions: 2->2
[2024-08-27T13:50:37.667+0000][info][gc,heap     ] GC(489) Humongous regions: 5->5
[2024-08-27T13:50:37.667+0000][info][gc,metaspace] GC(489) Metaspace: 100K(320K)->100K(320K) NonClass: 96K(192K)->96K(192K) Class: 4K(128K)->4K(128K)
[2024-08-27T13:50:37.667+0000][info][gc          ] GC(489) Pause Young (Normal) (G1 Evacuation Pause) 1440M->1448M(2048M) 19.700ms
[2024-08-27T13:50:37.667+0000][info][gc,cpu      ] GC(489) User=0.89s Sys=0.01s Real=0.02s
[2024-08-27T13:50:37.692+0000][info][gc,marking  ] GC(488) Concurrent Rebuild Remembered Sets 70.583ms
[2024-08-27T13:50:37.692+0000][info][gc,start    ] GC(488) Pause Cleanup
[2024-08-27T13:50:37.696+0000][info][gc          ] GC(488) Pause Cleanup 1497M->1497M(2048M) 3.823ms
[2024-08-27T13:50:37.696+0000][info][gc,cpu      ] GC(488) User=0.01s Sys=0.00s Real=0.00s
[2024-08-27T13:50:37.696+0000][info][gc,marking  ] GC(488) Concurrent Cleanup for Next Mark
[2024-08-27T13:50:37.698+0000][info][gc,marking  ] GC(488) Concurrent Cleanup for Next Mark 1.310ms
[2024-08-27T13:50:37.698+0000][info][gc          ] GC(488) Concurrent Mark Cycle 102.829ms
[2024-08-27T13:50:37.736+0000][info][gc,start    ] GC(490) Pause Young (Prepare Mixed) (G1 Evacuation Pause)
[2024-08-27T13:50:37.736+0000][info][gc,task     ] GC(490) Using 49 workers of 68 for evacuation
[2024-08-27T13:50:37.764+0000][info][gc,phases   ] GC(490)   Pre Evacuate Collection Set: 0.3ms
[2024-08-27T13:50:37.764+0000][info][gc,phases   ] GC(490)   Merge Heap Roots: 1.3ms
[2024-08-27T13:50:37.764+0000][info][gc,phases   ] GC(490)   Evacuate Collection Set: 25.8ms
[2024-08-27T13:50:37.764+0000][info][gc,phases   ] GC(490)   Post Evacuate Collection Set: 0.6ms
[2024-08-27T13:50:37.764+0000][info][gc,phases   ] GC(490)   Other: 0.3ms
[2024-08-27T13:50:37.764+0000][info][gc,heap     ] GC(490) Eden regions: 125->0(84)
[2024-08-27T13:50:37.764+0000][info][gc,heap     ] GC(490) Survivor regions: 13->18(18)
[2024-08-27T13:50:37.764+0000][info][gc,heap     ] GC(490) Old regions: 1430->1554
[2024-08-27T13:50:37.764+0000][info][gc,heap     ] GC(490) Archive regions: 2->2
[2024-08-27T13:50:37.764+0000][info][gc,heap     ] GC(490) Humongous regions: 5->5
[2024-08-27T13:50:37.764+0000][info][gc,metaspace] GC(490) Metaspace: 100K(320K)->100K(320K) NonClass: 96K(192K)->96K(192K) Class: 4K(128K)->4K(128K)
[2024-08-27T13:50:37.764+0000][info][gc          ] GC(490) Pause Young (Prepare Mixed) (G1 Evacuation Pause) 1573M->1577M(2048M) 28.403ms
[2024-08-27T13:50:37.764+0000][info][gc,cpu      ] GC(490) User=1.32s Sys=0.00s Real=0.03s
[2024-08-27T13:50:37.806+0000][info][gc,start    ] GC(491) Pause Young (Mixed) (G1 Evacuation Pause)
[2024-08-27T13:50:37.806+0000][info][gc,task     ] GC(491) Using 49 workers of 68 for evacuation
[2024-08-27T13:50:37.825+0000][info][gc,phases   ] GC(491)   Pre Evacuate Collection Set: 0.4ms
[2024-08-27T13:50:37.825+0000][info][gc,phases   ] GC(491)   Merge Heap Roots: 0.8ms
[2024-08-27T13:50:37.825+0000][info][gc,phases   ] GC(491)   Evacuate Collection Set: 17.0ms
[2024-08-27T13:50:37.825+0000][info][gc,phases   ] GC(491)   Post Evacuate Collection Set: 0.7ms
[2024-08-27T13:50:37.825+0000][info][gc,phases   ] GC(491)   Other: 0.4ms
[2024-08-27T13:50:37.826+0000][info][gc,heap     ] GC(491) Eden regions: 84->0(89)
[2024-08-27T13:50:37.826+0000][info][gc,heap     ] GC(491) Survivor regions: 18->13(13)
[2024-08-27T13:50:37.826+0000][info][gc,heap     ] GC(491) Old regions: 1554->1443
[2024-08-27T13:50:37.826+0000][info][gc,heap     ] GC(491) Archive regions: 2->2
[2024-08-27T13:50:37.826+0000][info][gc,heap     ] GC(491) Humongous regions: 5->5
[2024-08-27T13:50:37.826+0000][info][gc,metaspace] GC(491) Metaspace: 100K(320K)->100K(320K) NonClass: 96K(192K)->96K(192K) Class: 4K(128K)->4K(128K)
[2024-08-27T13:50:37.826+0000][info][gc          ] GC(491) Pause Young (Mixed) (G1 Evacuation Pause) 1661M->1461M(2048M) 19.507ms
[2024-08-27T13:50:37.826+0000][info][gc,cpu      ] GC(491) User=0.85s Sys=0.00s Real=0.02s
[2024-08-27T13:50:37.871+0000][info][gc,start    ] GC(492) Pause Young (Mixed) (G1 Evacuation Pause)
[2024-08-27T13:50:37.871+0000][info][gc,task     ] GC(492) Using 49 workers of 68 for evacuation
[2024-08-27T13:50:37.890+0000][info][gc,phases   ] GC(492)   Pre Evacuate Collection Set: 0.5ms
[2024-08-27T13:50:37.890+0000][info][gc,phases   ] GC(492)   Merge Heap Roots: 0.8ms
[2024-08-27T13:50:37.890+0000][info][gc,phases   ] GC(492)   Evacuate Collection Set: 16.8ms
[2024-08-27T13:50:37.890+0000][info][gc,phases   ] GC(492)   Post Evacuate Collection Set: 0.8ms
[2024-08-27T13:50:37.890+0000][info][gc,phases   ] GC(492)   Other: 0.4ms
[2024-08-27T13:50:37.890+0000][info][gc,heap     ] GC(492) Eden regions: 89->0(89)
[2024-08-27T13:50:37.890+0000][info][gc,heap     ] GC(492) Survivor regions: 13->13(13)
[2024-08-27T13:50:37.890+0000][info][gc,heap     ] GC(492) Old regions: 1443->1333
[2024-08-27T13:50:37.890+0000][info][gc,heap     ] GC(492) Archive regions: 2->2
[2024-08-27T13:50:37.890+0000][info][gc,heap     ] GC(492) Humongous regions: 5->5
[2024-08-27T13:50:37.890+0000][info][gc,metaspace] GC(492) Metaspace: 100K(320K)->100K(320K) NonClass: 96K(192K)->96K(192K) Class: 4K(128K)->4K(128K)
[2024-08-27T13:50:37.890+0000][info][gc          ] GC(492) Pause Young (Mixed) (G1 Evacuation Pause) 1550M->1351M(2048M) 19.326ms
[2024-08-27T13:50:37.890+0000][info][gc,cpu      ] GC(492) User=0.84s Sys=0.02s Real=0.02s
[2024-08-27T13:50:37.935+0000][info][gc,start    ] GC(493) Pause Young (Mixed) (G1 Evacuation Pause)
[2024-08-27T13:50:37.935+0000][info][gc,task     ] GC(493) Using 49 workers of 68 for evacuation
[2024-08-27T13:50:37.954+0000][info][gc,phases   ] GC(493)   Pre Evacuate Collection Set: 0.4ms
[2024-08-27T13:50:37.954+0000][info][gc,phases   ] GC(493)   Merge Heap Roots: 0.8ms
[2024-08-27T13:50:37.954+0000][info][gc,phases   ] GC(493)   Evacuate Collection Set: 17.4ms
[2024-08-27T13:50:37.954+0000][info][gc,phases   ] GC(493)   Post Evacuate Collection Set: 0.8ms
[2024-08-27T13:50:37.955+0000][info][gc,phases   ] GC(493)   Other: 0.4ms
[2024-08-27T13:50:37.955+0000][info][gc,heap     ] GC(493) Eden regions: 89->0(89)
[2024-08-27T13:50:37.955+0000][info][gc,heap     ] GC(493) Survivor regions: 13->13(13)
[2024-08-27T13:50:37.955+0000][info][gc,heap     ] GC(493) Old regions: 1333->1222
[2024-08-27T13:50:37.955+0000][info][gc,heap     ] GC(493) Archive regions: 2->2
[2024-08-27T13:50:37.955+0000][info][gc,heap     ] GC(493) Humongous regions: 5->5
[2024-08-27T13:50:37.955+0000][info][gc,metaspace] GC(493) Metaspace: 100K(320K)->100K(320K) NonClass: 96K(192K)->96K(192K) Class: 4K(128K)->4K(128K)
[2024-08-27T13:50:37.955+0000][info][gc          ] GC(493) Pause Young (Mixed) (G1 Evacuation Pause) 1440M->1240M(2048M) 20.002ms
[2024-08-27T13:50:37.955+0000][info][gc,cpu      ] GC(493) User=0.87s Sys=0.01s Real=0.02s
[2024-08-27T13:50:37.998+0000][info][gc,start    ] GC(494) Pause Young (Mixed) (G1 Evacuation Pause)
[2024-08-27T13:50:37.999+0000][info][gc,task     ] GC(494) Using 49 workers of 68 for evacuation
[2024-08-27T13:50:38.018+0000][info][gc,phases   ] GC(494)   Pre Evacuate Collection Set: 0.4ms
[2024-08-27T13:50:38.018+0000][info][gc,phases   ] GC(494)   Merge Heap Roots: 0.9ms
[2024-08-27T13:50:38.018+0000][info][gc,phases   ] GC(494)   Evacuate Collection Set: 17.1ms
[2024-08-27T13:50:38.018+0000][info][gc,phases   ] GC(494)   Post Evacuate Collection Set: 0.7ms
[2024-08-27T13:50:38.018+0000][info][gc,phases   ] GC(494)   Other: 0.4ms
[2024-08-27T13:50:38.018+0000][info][gc,heap     ] GC(494) Eden regions: 89->0(219)
[2024-08-27T13:50:38.018+0000][info][gc,heap     ] GC(494) Survivor regions: 13->13(13)
[2024-08-27T13:50:38.018+0000][info][gc,heap     ] GC(494) Old regions: 1222->1141
[2024-08-27T13:50:38.018+0000][info][gc,heap     ] GC(494) Archive regions: 2->2
[2024-08-27T13:50:38.018+0000][info][gc,heap     ] GC(494) Humongous regions: 5->5
[2024-08-27T13:50:38.018+0000][info][gc,metaspace] GC(494) Metaspace: 100K(320K)->100K(320K) NonClass: 96K(192K)->96K(192K) Class: 4K(128K)->4K(128K)
[2024-08-27T13:50:38.018+0000][info][gc          ] GC(494) Pause Young (Mixed) (G1 Evacuation Pause) 1329M->1159M(2048M) 19.660ms
[2024-08-27T13:50:38.018+0000][info][gc,cpu      ] GC(494) User=0.84s Sys=0.03s Real=0.02s
[2024-08-27T13:50:38.125+0000][info][gc,start    ] GC(495) Pause Young (Normal) (G1 Evacuation Pause)
[2024-08-27T13:50:38.125+0000][info][gc,task     ] GC(495) Using 49 workers of 68 for evacuation
[2024-08-27T13:50:38.162+0000][info][gc,phases   ] GC(495)   Pre Evacuate Collection Set: 0.3ms
[2024-08-27T13:50:38.162+0000][info][gc,phases   ] GC(495)   Merge Heap Roots: 1.1ms
[2024-08-27T13:50:38.162+0000][info][gc,phases   ] GC(495)   Evacuate Collection Set: 35.0ms
[2024-08-27T13:50:38.162+0000][info][gc,phases   ] GC(495)   Post Evacuate Collection Set: 0.7ms
[2024-08-27T13:50:38.162+0000][info][gc,phases   ] GC(495)   Other: 0.4ms
[2024-08-27T13:50:38.162+0000][info][gc,heap     ] GC(495) Eden regions: 219->0(149)
[2024-08-27T13:50:38.162+0000][info][gc,heap     ] GC(495) Survivor regions: 13->29(29)
[2024-08-27T13:50:38.162+0000][info][gc,heap     ] GC(495) Old regions: 1141->1341
[2024-08-27T13:50:38.162+0000][info][gc,heap     ] GC(495) Archive regions: 2->2
[2024-08-27T13:50:38.162+0000][info][gc,heap     ] GC(495) Humongous regions: 5->5
[2024-08-27T13:50:38.162+0000][info][gc,metaspace] GC(495) Metaspace: 100K(320K)->100K(320K) NonClass: 96K(192K)->96K(192K) Class: 4K(128K)->4K(128K)
[2024-08-27T13:50:38.162+0000][info][gc          ] GC(495) Pause Young (Normal) (G1 Evacuation Pause) 1378M->1375M(2048M) 37.614ms
[2024-08-27T13:50:38.162+0000][info][gc,cpu      ] GC(495) User=1.73s Sys=0.02s Real=0.04s
[2024-08-27T13:50:38.235+0000][info][gc,start    ] GC(496) Pause Young (Normal) (G1 Evacuation Pause)
[2024-08-27T13:50:38.235+0000][info][gc,task     ] GC(496) Using 49 workers of 68 for evacuation
[2024-08-27T13:50:38.265+0000][info][gc,phases   ] GC(496)   Pre Evacuate Collection Set: 0.3ms
[2024-08-27T13:50:38.265+0000][info][gc,phases   ] GC(496)   Merge Heap Roots: 0.6ms
[2024-08-27T13:50:38.265+0000][info][gc,phases   ] GC(496)   Evacuate Collection Set: 28.4ms
[2024-08-27T13:50:38.265+0000][info][gc,phases   ] GC(496)   Post Evacuate Collection Set: 0.7ms
[2024-08-27T13:50:38.265+0000][info][gc,phases   ] GC(496)   Other: 0.4ms
[2024-08-27T13:50:38.265+0000][info][gc,heap     ] GC(496) Eden regions: 149->0(99)
[2024-08-27T13:50:38.265+0000][info][gc,heap     ] GC(496) Survivor regions: 29->23(23)
[2024-08-27T13:50:38.265+0000][info][gc,heap     ] GC(496) Old regions: 1341->1500
[2024-08-27T13:50:38.265+0000][info][gc,heap     ] GC(496) Archive regions: 2->2
[2024-08-27T13:50:38.265+0000][info][gc,heap     ] GC(496) Humongous regions: 5->5
[2024-08-27T13:50:38.265+0000][info][gc,metaspace] GC(496) Metaspace: 100K(320K)->100K(320K) NonClass: 96K(192K)->96K(192K) Class: 4K(128K)->4K(128K)
[2024-08-27T13:50:38.266+0000][info][gc          ] GC(496) Pause Young (Normal) (G1 Evacuation Pause) 1524M->1528M(2048M) 30.696ms
[2024-08-27T13:50:38.266+0000][info][gc,cpu      ] GC(496) User=1.41s Sys=0.00s Real=0.03s
[2024-08-27T13:50:38.315+0000][info][gc,start    ] GC(497) Pause Young (Concurrent Start) (G1 Evacuation Pause)
[2024-08-27T13:50:38.315+0000][info][gc,task     ] GC(497) Using 49 workers of 68 for evacuation
[2024-08-27T13:50:38.339+0000][info][gc,phases   ] GC(497)   Pre Evacuate Collection Set: 0.3ms
[2024-08-27T13:50:38.339+0000][info][gc,phases   ] GC(497)   Merge Heap Roots: 0.9ms
[2024-08-27T13:50:38.339+0000][info][gc,phases   ] GC(497)   Evacuate Collection Set: 21.4ms
[2024-08-27T13:50:38.339+0000][info][gc,phases   ] GC(497)   Post Evacuate Collection Set: 0.6ms
[2024-08-27T13:50:38.339+0000][info][gc,phases   ] GC(497)   Other: 1.1ms
[2024-08-27T13:50:38.339+0000][info][gc,heap     ] GC(497) Eden regions: 99->0(86)
[2024-08-27T13:50:38.339+0000][info][gc,heap     ] GC(497) Survivor regions: 23->16(16)
[2024-08-27T13:50:38.339+0000][info][gc,heap     ] GC(497) Old regions: 1500->1616
[2024-08-27T13:50:38.339+0000][info][gc,heap     ] GC(497) Archive regions: 2->2
[2024-08-27T13:50:38.339+0000][info][gc,heap     ] GC(497) Humongous regions: 5->5
[2024-08-27T13:50:38.339+0000][info][gc,metaspace] GC(497) Metaspace: 100K(320K)->100K(320K) NonClass: 96K(192K)->96K(192K) Class: 4K(128K)->4K(128K)
[2024-08-27T13:50:38.339+0000][info][gc          ] GC(497) Pause Young (Concurrent Start) (G1 Evacuation Pause) 1627M->1637M(2048M) 24.619ms
[2024-08-27T13:50:38.340+0000][info][gc,cpu      ] GC(497) User=1.09s Sys=0.00s Real=0.03s
[2024-08-27T13:50:38.340+0000][info][gc          ] GC(498) Concurrent Mark Cycle
[2024-08-27T13:50:38.340+0000][info][gc,marking  ] GC(498) Concurrent Clear Claimed Marks
[2024-08-27T13:50:38.340+0000][info][gc,marking  ] GC(498) Concurrent Clear Claimed Marks 0.010ms
[2024-08-27T13:50:38.340+0000][info][gc,marking  ] GC(498) Concurrent Scan Root Regions
[2024-08-27T13:50:38.343+0000][info][gc,marking  ] GC(498) Concurrent Scan Root Regions 3.227ms
[2024-08-27T13:50:38.343+0000][info][gc,marking  ] GC(498) Concurrent Mark
[2024-08-27T13:50:38.343+0000][info][gc,marking  ] GC(498) Concurrent Mark From Roots
[2024-08-27T13:50:38.343+0000][info][gc,task     ] GC(498) Using 17 workers of 17 for marking
[2024-08-27T13:50:38.363+0000][info][gc,marking  ] GC(498) Concurrent Mark From Roots 20.433ms
[2024-08-27T13:50:38.363+0000][info][gc,marking  ] GC(498) Concurrent Preclean
[2024-08-27T13:50:38.364+0000][info][gc,marking  ] GC(498) Concurrent Preclean 0.498ms
[2024-08-27T13:50:38.364+0000][info][gc,start    ] GC(498) Pause Remark
[2024-08-27T13:50:38.367+0000][info][gc          ] GC(498) Pause Remark 1671M->1404M(2048M) 2.864ms
[2024-08-27T13:50:38.367+0000][info][gc,cpu      ] GC(498) User=0.01s Sys=0.00s Real=0.00s
[2024-08-27T13:50:38.367+0000][info][gc,marking  ] GC(498) Concurrent Mark 24.412ms
[2024-08-27T13:50:38.367+0000][info][gc,marking  ] GC(498) Concurrent Rebuild Remembered Sets
[2024-08-27T13:50:38.394+0000][info][gc,start    ] GC(499) Pause Young (Normal) (G1 Evacuation Pause)
[2024-08-27T13:50:38.394+0000][info][gc,task     ] GC(499) Using 49 workers of 68 for evacuation
[2024-08-27T13:50:38.414+0000][info][gc,phases   ] GC(499)   Pre Evacuate Collection Set: 0.4ms
[2024-08-27T13:50:38.414+0000][info][gc,phases   ] GC(499)   Merge Heap Roots: 0.5ms
[2024-08-27T13:50:38.414+0000][info][gc,phases   ] GC(499)   Evacuate Collection Set: 17.2ms
[2024-08-27T13:50:38.414+0000][info][gc,phases   ] GC(499)   Post Evacuate Collection Set: 1.0ms
[2024-08-27T13:50:38.414+0000][info][gc,phases   ] GC(499)   Other: 0.4ms
[2024-08-27T13:50:38.414+0000][info][gc,heap     ] GC(499) Eden regions: 86->0(120)
[2024-08-27T13:50:38.414+0000][info][gc,heap     ] GC(499) Survivor regions: 16->13(13)
[2024-08-27T13:50:38.414+0000][info][gc,heap     ] GC(499) Old regions: 1349->1445
[2024-08-27T13:50:38.414+0000][info][gc,heap     ] GC(499) Archive regions: 2->2
[2024-08-27T13:50:38.414+0000][info][gc,heap     ] GC(499) Humongous regions: 5->5
[2024-08-27T13:50:38.414+0000][info][gc,metaspace] GC(499) Metaspace: 100K(320K)->100K(320K) NonClass: 96K(192K)->96K(192K) Class: 4K(128K)->4K(128K)
[2024-08-27T13:50:38.414+0000][info][gc          ] GC(499) Pause Young (Normal) (G1 Evacuation Pause) 1456M->1463M(2048M) 19.639ms
[2024-08-27T13:50:38.414+0000][info][gc,cpu      ] GC(499) User=0.87s Sys=0.01s Real=0.02s
[2024-08-27T13:50:38.438+0000][info][gc,marking  ] GC(498) Concurrent Rebuild Remembered Sets 70.218ms
[2024-08-27T13:50:38.438+0000][info][gc,start    ] GC(498) Pause Cleanup
[2024-08-27T13:50:38.443+0000][info][gc          ] GC(498) Pause Cleanup 1510M->1510M(2048M) 4.834ms
[2024-08-27T13:50:38.443+0000][info][gc,cpu      ] GC(498) User=0.00s Sys=0.02s Real=0.00s
[2024-08-27T13:50:38.443+0000][info][gc,marking  ] GC(498) Concurrent Cleanup for Next Mark
[2024-08-27T13:50:38.444+0000][info][gc,marking  ] GC(498) Concurrent Cleanup for Next Mark 1.286ms
[2024-08-27T13:50:38.444+0000][info][gc          ] GC(498) Concurrent Mark Cycle 104.827ms
[2024-08-27T13:50:38.482+0000][info][gc,start    ] GC(500) Pause Young (Prepare Mixed) (G1 Evacuation Pause)
[2024-08-27T13:50:38.482+0000][info][gc,task     ] GC(500) Using 49 workers of 68 for evacuation
[2024-08-27T13:50:38.508+0000][info][gc,phases   ] GC(500)   Pre Evacuate Collection Set: 0.4ms
[2024-08-27T13:50:38.508+0000][info][gc,phases   ] GC(500)   Merge Heap Roots: 1.2ms
[2024-08-27T13:50:38.509+0000][info][gc,phases   ] GC(500)   Evacuate Collection Set: 24.4ms
[2024-08-27T13:50:38.509+0000][info][gc,phases   ] GC(500)   Post Evacuate Collection Set: 0.5ms
[2024-08-27T13:50:38.509+0000][info][gc,phases   ] GC(500)   Other: 0.3ms
[2024-08-27T13:50:38.509+0000][info][gc,heap     ] GC(500) Eden regions: 120->0(85)
[2024-08-27T13:50:38.509+0000][info][gc,heap     ] GC(500) Survivor regions: 13->17(17)
[2024-08-27T13:50:38.509+0000][info][gc,heap     ] GC(500) Old regions: 1445->1564
[2024-08-27T13:50:38.509+0000][info][gc,heap     ] GC(500) Archive regions: 2->2
[2024-08-27T13:50:38.509+0000][info][gc,heap     ] GC(500) Humongous regions: 5->5
[2024-08-27T13:50:38.509+0000][info][gc,metaspace] GC(500) Metaspace: 100K(320K)->100K(320K) NonClass: 96K(192K)->96K(192K) Class: 4K(128K)->4K(128K)
[2024-08-27T13:50:38.509+0000][info][gc          ] GC(500) Pause Young (Prepare Mixed) (G1 Evacuation Pause) 1583M->1586M(2048M) 26.993ms
[2024-08-27T13:50:38.509+0000][info][gc,cpu      ] GC(500) User=1.24s Sys=0.01s Real=0.02s
[2024-08-27T13:50:38.551+0000][info][gc,start    ] GC(501) Pause Young (Mixed) (G1 Evacuation Pause)
[2024-08-27T13:50:38.551+0000][info][gc,task     ] GC(501) Using 49 workers of 68 for evacuation
[2024-08-27T13:50:38.570+0000][info][gc,phases   ] GC(501)   Pre Evacuate Collection Set: 0.4ms
[2024-08-27T13:50:38.570+0000][info][gc,phases   ] GC(501)   Merge Heap Roots: 0.9ms
[2024-08-27T13:50:38.570+0000][info][gc,phases   ] GC(501)   Evacuate Collection Set: 16.6ms
[2024-08-27T13:50:38.570+0000][info][gc,phases   ] GC(501)   Post Evacuate Collection Set: 0.6ms
[2024-08-27T13:50:38.570+0000][info][gc,phases   ] GC(501)   Other: 0.3ms
[2024-08-27T13:50:38.570+0000][info][gc,heap     ] GC(501) Eden regions: 85->0(89)
[2024-08-27T13:50:38.570+0000][info][gc,heap     ] GC(501) Survivor regions: 17->13(13)
[2024-08-27T13:50:38.570+0000][info][gc,heap     ] GC(501) Old regions: 1564->1454
[2024-08-27T13:50:38.570+0000][info][gc,heap     ] GC(501) Archive regions: 2->2
[2024-08-27T13:50:38.570+0000][info][gc,heap     ] GC(501) Humongous regions: 5->5
[2024-08-27T13:50:38.570+0000][info][gc,metaspace] GC(501) Metaspace: 100K(320K)->100K(320K) NonClass: 96K(192K)->96K(192K) Class: 4K(128K)->4K(128K)
[2024-08-27T13:50:38.570+0000][info][gc          ] GC(501) Pause Young (Mixed) (G1 Evacuation Pause) 1671M->1472M(2048M) 18.941ms
[2024-08-27T13:50:38.570+0000][info][gc,cpu      ] GC(501) User=0.84s Sys=0.01s Real=0.02s
[2024-08-27T13:50:38.616+0000][info][gc,start    ] GC(502) Pause Young (Mixed) (G1 Evacuation Pause)
[2024-08-27T13:50:38.616+0000][info][gc,task     ] GC(502) Using 49 workers of 68 for evacuation
[2024-08-27T13:50:38.635+0000][info][gc,phases   ] GC(502)   Pre Evacuate Collection Set: 0.5ms
[2024-08-27T13:50:38.635+0000][info][gc,phases   ] GC(502)   Merge Heap Roots: 0.9ms
[2024-08-27T13:50:38.635+0000][info][gc,phases   ] GC(502)   Evacuate Collection Set: 16.9ms
[2024-08-27T13:50:38.636+0000][info][gc,phases   ] GC(502)   Post Evacuate Collection Set: 0.7ms
[2024-08-27T13:50:38.636+0000][info][gc,phases   ] GC(502)   Other: 0.3ms
[2024-08-27T13:50:38.636+0000][info][gc,heap     ] GC(502) Eden regions: 89->0(89)
[2024-08-27T13:50:38.636+0000][info][gc,heap     ] GC(502) Survivor regions: 13->13(13)
[2024-08-27T13:50:38.636+0000][info][gc,heap     ] GC(502) Old regions: 1454->1343
[2024-08-27T13:50:38.636+0000][info][gc,heap     ] GC(502) Archive regions: 2->2
[2024-08-27T13:50:38.636+0000][info][gc,heap     ] GC(502) Humongous regions: 5->5
[2024-08-27T13:50:38.636+0000][info][gc,metaspace] GC(502) Metaspace: 100K(320K)->100K(320K) NonClass: 96K(192K)->96K(192K) Class: 4K(128K)->4K(128K)
[2024-08-27T13:50:38.636+0000][info][gc          ] GC(502) Pause Young (Mixed) (G1 Evacuation Pause) 1561M->1361M(2048M) 19.267ms
[2024-08-27T13:50:38.636+0000][info][gc,cpu      ] GC(502) User=0.86s Sys=0.00s Real=0.02s
[2024-08-27T13:50:38.680+0000][info][gc,start    ] GC(503) Pause Young (Mixed) (G1 Evacuation Pause)
[2024-08-27T13:50:38.680+0000][info][gc,task     ] GC(503) Using 49 workers of 68 for evacuation
[2024-08-27T13:50:38.699+0000][info][gc,phases   ] GC(503)   Pre Evacuate Collection Set: 0.5ms
[2024-08-27T13:50:38.699+0000][info][gc,phases   ] GC(503)   Merge Heap Roots: 0.8ms
[2024-08-27T13:50:38.699+0000][info][gc,phases   ] GC(503)   Evacuate Collection Set: 17.0ms
[2024-08-27T13:50:38.699+0000][info][gc,phases   ] GC(503)   Post Evacuate Collection Set: 0.7ms
[2024-08-27T13:50:38.699+0000][info][gc,phases   ] GC(503)   Other: 0.3ms
[2024-08-27T13:50:38.699+0000][info][gc,heap     ] GC(503) Eden regions: 89->0(89)
[2024-08-27T13:50:38.699+0000][info][gc,heap     ] GC(503) Survivor regions: 13->13(13)
[2024-08-27T13:50:38.699+0000][info][gc,heap     ] GC(503) Old regions: 1343->1231
[2024-08-27T13:50:38.699+0000][info][gc,heap     ] GC(503) Archive regions: 2->2
[2024-08-27T13:50:38.699+0000][info][gc,heap     ] GC(503) Humongous regions: 5->5
[2024-08-27T13:50:38.699+0000][info][gc,metaspace] GC(503) Metaspace: 100K(320K)->100K(320K) NonClass: 96K(192K)->96K(192K) Class: 4K(128K)->4K(128K)
[2024-08-27T13:50:38.699+0000][info][gc          ] GC(503) Pause Young (Mixed) (G1 Evacuation Pause) 1450M->1249M(2048M) 19.305ms
[2024-08-27T13:50:38.699+0000][info][gc,cpu      ] GC(503) User=0.87s Sys=0.00s Real=0.02s
[2024-08-27T13:50:38.744+0000][info][gc,start    ] GC(504) Pause Young (Mixed) (G1 Evacuation Pause)
[2024-08-27T13:50:38.744+0000][info][gc,task     ] GC(504) Using 49 workers of 68 for evacuation
[2024-08-27T13:50:38.764+0000][info][gc,phases   ] GC(504)   Pre Evacuate Collection Set: 0.5ms
[2024-08-27T13:50:38.764+0000][info][gc,phases   ] GC(504)   Merge Heap Roots: 1.0ms
[2024-08-27T13:50:38.764+0000][info][gc,phases   ] GC(504)   Evacuate Collection Set: 16.9ms
[2024-08-27T13:50:38.764+0000][info][gc,phases   ] GC(504)   Post Evacuate Collection Set: 0.6ms
[2024-08-27T13:50:38.764+0000][info][gc,phases   ] GC(504)   Other: 0.3ms
[2024-08-27T13:50:38.764+0000][info][gc,heap     ] GC(504) Eden regions: 89->0(220)
[2024-08-27T13:50:38.764+0000][info][gc,heap     ] GC(504) Survivor regions: 13->13(13)
[2024-08-27T13:50:38.764+0000][info][gc,heap     ] GC(504) Old regions: 1231->1135
[2024-08-27T13:50:38.764+0000][info][gc,heap     ] GC(504) Archive regions: 2->2
[2024-08-27T13:50:38.764+0000][info][gc,heap     ] GC(504) Humongous regions: 5->5
[2024-08-27T13:50:38.764+0000][info][gc,metaspace] GC(504) Metaspace: 100K(320K)->100K(320K) NonClass: 96K(192K)->96K(192K) Class: 4K(128K)->4K(128K)
[2024-08-27T13:50:38.764+0000][info][gc          ] GC(504) Pause Young (Mixed) (G1 Evacuation Pause) 1338M->1153M(2048M) 19.458ms
[2024-08-27T13:50:38.764+0000][info][gc,cpu      ] GC(504) User=0.87s Sys=0.00s Real=0.02s
[2024-08-27T13:50:38.872+0000][info][gc,start    ] GC(505) Pause Young (Normal) (G1 Evacuation Pause)
[2024-08-27T13:50:38.872+0000][info][gc,task     ] GC(505) Using 49 workers of 68 for evacuation
[2024-08-27T13:50:38.909+0000][info][gc,phases   ] GC(505)   Pre Evacuate Collection Set: 0.6ms
[2024-08-27T13:50:38.909+0000][info][gc,phases   ] GC(505)   Merge Heap Roots: 1.3ms
[2024-08-27T13:50:38.909+0000][info][gc,phases   ] GC(505)   Evacuate Collection Set: 33.7ms
[2024-08-27T13:50:38.909+0000][info][gc,phases   ] GC(505)   Post Evacuate Collection Set: 0.6ms
[2024-08-27T13:50:38.909+0000][info][gc,phases   ] GC(505)   Other: 0.4ms
[2024-08-27T13:50:38.909+0000][info][gc,heap     ] GC(505) Eden regions: 220->0(150)
[2024-08-27T13:50:38.909+0000][info][gc,heap     ] GC(505) Survivor regions: 13->30(30)
[2024-08-27T13:50:38.909+0000][info][gc,heap     ] GC(505) Old regions: 1135->1335
[2024-08-27T13:50:38.909+0000][info][gc,heap     ] GC(505) Archive regions: 2->2
[2024-08-27T13:50:38.909+0000][info][gc,heap     ] GC(505) Humongous regions: 5->5
[2024-08-27T13:50:38.909+0000][info][gc,metaspace] GC(505) Metaspace: 100K(320K)->100K(320K) NonClass: 96K(192K)->96K(192K) Class: 4K(128K)->4K(128K)
[2024-08-27T13:50:38.909+0000][info][gc          ] GC(505) Pause Young (Normal) (G1 Evacuation Pause) 1373M->1370M(2048M) 36.486ms
[2024-08-27T13:50:38.909+0000][info][gc,cpu      ] GC(505) User=1.70s Sys=0.00s Real=0.03s
[2024-08-27T13:50:38.981+0000][info][gc,start    ] GC(506) Pause Young (Normal) (G1 Evacuation Pause)
[2024-08-27T13:50:38.981+0000][info][gc,task     ] GC(506) Using 49 workers of 68 for evacuation
[2024-08-27T13:50:39.011+0000][info][gc,phases   ] GC(506)   Pre Evacuate Collection Set: 0.4ms
[2024-08-27T13:50:39.011+0000][info][gc,phases   ] GC(506)   Merge Heap Roots: 0.6ms
[2024-08-27T13:50:39.011+0000][info][gc,phases   ] GC(506)   Evacuate Collection Set: 28.0ms
[2024-08-27T13:50:39.011+0000][info][gc,phases   ] GC(506)   Post Evacuate Collection Set: 0.6ms
[2024-08-27T13:50:39.011+0000][info][gc,phases   ] GC(506)   Other: 0.3ms
[2024-08-27T13:50:39.011+0000][info][gc,heap     ] GC(506) Eden regions: 150->0(101)
[2024-08-27T13:50:39.011+0000][info][gc,heap     ] GC(506) Survivor regions: 30->23(23)
[2024-08-27T13:50:39.011+0000][info][gc,heap     ] GC(506) Old regions: 1335->1495
[2024-08-27T13:50:39.011+0000][info][gc,heap     ] GC(506) Archive regions: 2->2
[2024-08-27T13:50:39.011+0000][info][gc,heap     ] GC(506) Humongous regions: 5->5
[2024-08-27T13:50:39.011+0000][info][gc,metaspace] GC(506) Metaspace: 100K(320K)->100K(320K) NonClass: 96K(192K)->96K(192K) Class: 4K(128K)->4K(128K)
[2024-08-27T13:50:39.011+0000][info][gc          ] GC(506) Pause Young (Normal) (G1 Evacuation Pause) 1520M->1523M(2048M) 29.822ms
[2024-08-27T13:50:39.011+0000][info][gc,cpu      ] GC(506) User=1.39s Sys=0.00s Real=0.03s
[2024-08-27T13:50:39.061+0000][info][gc,start    ] GC(507) Pause Young (Concurrent Start) (G1 Evacuation Pause)
[2024-08-27T13:50:39.061+0000][info][gc,task     ] GC(507) Using 49 workers of 68 for evacuation
[2024-08-27T13:50:39.084+0000][info][gc,phases   ] GC(507)   Pre Evacuate Collection Set: 0.3ms
[2024-08-27T13:50:39.084+0000][info][gc,phases   ] GC(507)   Merge Heap Roots: 0.9ms
[2024-08-27T13:50:39.084+0000][info][gc,phases   ] GC(507)   Evacuate Collection Set: 20.7ms
[2024-08-27T13:50:39.084+0000][info][gc,phases   ] GC(507)   Post Evacuate Collection Set: 0.5ms
[2024-08-27T13:50:39.084+0000][info][gc,phases   ] GC(507)   Other: 0.8ms
[2024-08-27T13:50:39.084+0000][info][gc,heap     ] GC(507) Eden regions: 101->0(86)
[2024-08-27T13:50:39.084+0000][info][gc,heap     ] GC(507) Survivor regions: 23->16(16)
[2024-08-27T13:50:39.084+0000][info][gc,heap     ] GC(507) Old regions: 1495->1612
[2024-08-27T13:50:39.084+0000][info][gc,heap     ] GC(507) Archive regions: 2->2
[2024-08-27T13:50:39.084+0000][info][gc,heap     ] GC(507) Humongous regions: 5->5
[2024-08-27T13:50:39.084+0000][info][gc,metaspace] GC(507) Metaspace: 100K(320K)->100K(320K) NonClass: 96K(192K)->96K(192K) Class: 4K(128K)->4K(128K)
[2024-08-27T13:50:39.084+0000][info][gc          ] GC(507) Pause Young (Concurrent Start) (G1 Evacuation Pause) 1624M->1633M(2048M) 23.392ms
[2024-08-27T13:50:39.084+0000][info][gc,cpu      ] GC(507) User=1.03s Sys=0.03s Real=0.02s
[2024-08-27T13:50:39.085+0000][info][gc          ] GC(508) Concurrent Mark Cycle
[2024-08-27T13:50:39.085+0000][info][gc,marking  ] GC(508) Concurrent Clear Claimed Marks
[2024-08-27T13:50:39.085+0000][info][gc,marking  ] GC(508) Concurrent Clear Claimed Marks 0.012ms
[2024-08-27T13:50:39.085+0000][info][gc,marking  ] GC(508) Concurrent Scan Root Regions
[2024-08-27T13:50:39.088+0000][info][gc,marking  ] GC(508) Concurrent Scan Root Regions 3.241ms
[2024-08-27T13:50:39.088+0000][info][gc,marking  ] GC(508) Concurrent Mark
[2024-08-27T13:50:39.088+0000][info][gc,marking  ] GC(508) Concurrent Mark From Roots
[2024-08-27T13:50:39.088+0000][info][gc,task     ] GC(508) Using 17 workers of 17 for marking
[2024-08-27T13:50:39.109+0000][info][gc,marking  ] GC(508) Concurrent Mark From Roots 20.760ms
[2024-08-27T13:50:39.109+0000][info][gc,marking  ] GC(508) Concurrent Preclean
[2024-08-27T13:50:39.109+0000][info][gc,marking  ] GC(508) Concurrent Preclean 0.497ms
[2024-08-27T13:50:39.110+0000][info][gc,start    ] GC(508) Pause Remark
[2024-08-27T13:50:39.112+0000][info][gc          ] GC(508) Pause Remark 1668M->1382M(2048M) 2.271ms
[2024-08-27T13:50:39.112+0000][info][gc,cpu      ] GC(508) User=0.02s Sys=0.00s Real=0.00s
[2024-08-27T13:50:39.112+0000][info][gc,marking  ] GC(508) Concurrent Mark 24.011ms
[2024-08-27T13:50:39.112+0000][info][gc,marking  ] GC(508) Concurrent Rebuild Remembered Sets
[2024-08-27T13:50:39.137+0000][info][gc,start    ] GC(509) Pause Young (Normal) (G1 Evacuation Pause)
[2024-08-27T13:50:39.137+0000][info][gc,task     ] GC(509) Using 49 workers of 68 for evacuation
[2024-08-27T13:50:39.156+0000][info][gc,phases   ] GC(509)   Pre Evacuate Collection Set: 0.3ms
[2024-08-27T13:50:39.156+0000][info][gc,phases   ] GC(509)   Merge Heap Roots: 0.5ms
[2024-08-27T13:50:39.156+0000][info][gc,phases   ] GC(509)   Evacuate Collection Set: 16.9ms
[2024-08-27T13:50:39.156+0000][info][gc,phases   ] GC(509)   Post Evacuate Collection Set: 0.9ms
[2024-08-27T13:50:39.156+0000][info][gc,phases   ] GC(509)   Other: 0.2ms
[2024-08-27T13:50:39.156+0000][info][gc,heap     ] GC(509) Eden regions: 86->0(127)
[2024-08-27T13:50:39.156+0000][info][gc,heap     ] GC(509) Survivor regions: 16->13(13)
[2024-08-27T13:50:39.156+0000][info][gc,heap     ] GC(509) Old regions: 1326->1423
[2024-08-27T13:50:39.156+0000][info][gc,heap     ] GC(509) Archive regions: 2->2
[2024-08-27T13:50:39.156+0000][info][gc,heap     ] GC(509) Humongous regions: 5->5
[2024-08-27T13:50:39.156+0000][info][gc,metaspace] GC(509) Metaspace: 100K(320K)->100K(320K) NonClass: 96K(192K)->96K(192K) Class: 4K(128K)->4K(128K)
[2024-08-27T13:50:39.156+0000][info][gc          ] GC(509) Pause Young (Normal) (G1 Evacuation Pause) 1433M->1441M(2048M) 18.873ms
[2024-08-27T13:50:39.156+0000][info][gc,cpu      ] GC(509) User=0.86s Sys=0.01s Real=0.02s
[2024-08-27T13:50:39.180+0000][info][gc,marking  ] GC(508) Concurrent Rebuild Remembered Sets 68.293ms
[2024-08-27T13:50:39.181+0000][info][gc,start    ] GC(508) Pause Cleanup
[2024-08-27T13:50:39.183+0000][info][gc          ] GC(508) Pause Cleanup 1490M->1490M(2048M) 2.768ms
[2024-08-27T13:50:39.183+0000][info][gc,cpu      ] GC(508) User=0.01s Sys=0.00s Real=0.00s
[2024-08-27T13:50:39.183+0000][info][gc,marking  ] GC(508) Concurrent Cleanup for Next Mark
[2024-08-27T13:50:39.185+0000][info][gc,marking  ] GC(508) Concurrent Cleanup for Next Mark 1.159ms
[2024-08-27T13:50:39.185+0000][info][gc          ] GC(508) Concurrent Mark Cycle 100.034ms
[2024-08-27T13:50:39.223+0000][info][gc,start    ] GC(510) Pause Young (Prepare Mixed) (G1 Evacuation Pause)
[2024-08-27T13:50:39.223+0000][info][gc,task     ] GC(510) Using 49 workers of 68 for evacuation
[2024-08-27T13:50:39.251+0000][info][gc,phases   ] GC(510)   Pre Evacuate Collection Set: 0.3ms
[2024-08-27T13:50:39.251+0000][info][gc,phases   ] GC(510)   Merge Heap Roots: 1.2ms
[2024-08-27T13:50:39.251+0000][info][gc,phases   ] GC(510)   Evacuate Collection Set: 25.1ms
[2024-08-27T13:50:39.251+0000][info][gc,phases   ] GC(510)   Post Evacuate Collection Set: 0.6ms
[2024-08-27T13:50:39.251+0000][info][gc,phases   ] GC(510)   Other: 0.3ms
[2024-08-27T13:50:39.251+0000][info][gc,heap     ] GC(510) Eden regions: 127->0(84)
[2024-08-27T13:50:39.251+0000][info][gc,heap     ] GC(510) Survivor regions: 13->18(18)
[2024-08-27T13:50:39.251+0000][info][gc,heap     ] GC(510) Old regions: 1423->1548
[2024-08-27T13:50:39.251+0000][info][gc,heap     ] GC(510) Archive regions: 2->2
[2024-08-27T13:50:39.251+0000][info][gc,heap     ] GC(510) Humongous regions: 5->5
[2024-08-27T13:50:39.251+0000][info][gc,metaspace] GC(510) Metaspace: 100K(320K)->100K(320K) NonClass: 96K(192K)->96K(192K) Class: 4K(128K)->4K(128K)
[2024-08-27T13:50:39.251+0000][info][gc          ] GC(510) Pause Young (Prepare Mixed) (G1 Evacuation Pause) 1568M->1571M(2048M) 27.467ms
[2024-08-27T13:50:39.251+0000][info][gc,cpu      ] GC(510) User=1.28s Sys=0.00s Real=0.03s
[2024-08-27T13:50:39.293+0000][info][gc,start    ] GC(511) Pause Young (Mixed) (G1 Evacuation Pause)
[2024-08-27T13:50:39.293+0000][info][gc,task     ] GC(511) Using 49 workers of 68 for evacuation
[2024-08-27T13:50:39.311+0000][info][gc,phases   ] GC(511)   Pre Evacuate Collection Set: 0.4ms
[2024-08-27T13:50:39.311+0000][info][gc,phases   ] GC(511)   Merge Heap Roots: 0.8ms
[2024-08-27T13:50:39.311+0000][info][gc,phases   ] GC(511)   Evacuate Collection Set: 16.2ms
[2024-08-27T13:50:39.311+0000][info][gc,phases   ] GC(511)   Post Evacuate Collection Set: 0.6ms
[2024-08-27T13:50:39.311+0000][info][gc,phases   ] GC(511)   Other: 0.2ms
[2024-08-27T13:50:39.311+0000][info][gc,heap     ] GC(511) Eden regions: 84->0(89)
[2024-08-27T13:50:39.311+0000][info][gc,heap     ] GC(511) Survivor regions: 18->13(13)
[2024-08-27T13:50:39.311+0000][info][gc,heap     ] GC(511) Old regions: 1548->1439
[2024-08-27T13:50:39.311+0000][info][gc,heap     ] GC(511) Archive regions: 2->2
[2024-08-27T13:50:39.311+0000][info][gc,heap     ] GC(511) Humongous regions: 5->5
[2024-08-27T13:50:39.311+0000][info][gc,metaspace] GC(511) Metaspace: 100K(320K)->100K(320K) NonClass: 96K(192K)->96K(192K) Class: 4K(128K)->4K(128K)
[2024-08-27T13:50:39.311+0000][info][gc          ] GC(511) Pause Young (Mixed) (G1 Evacuation Pause) 1655M->1457M(2048M) 18.285ms
[2024-08-27T13:50:39.311+0000][info][gc,cpu      ] GC(511) User=0.83s Sys=0.00s Real=0.02s
[2024-08-27T13:50:39.355+0000][info][gc,start    ] GC(512) Pause Young (Mixed) (G1 Evacuation Pause)
[2024-08-27T13:50:39.355+0000][info][gc,task     ] GC(512) Using 49 workers of 68 for evacuation
[2024-08-27T13:50:39.373+0000][info][gc,phases   ] GC(512)   Pre Evacuate Collection Set: 0.4ms
[2024-08-27T13:50:39.373+0000][info][gc,phases   ] GC(512)   Merge Heap Roots: 0.8ms
[2024-08-27T13:50:39.373+0000][info][gc,phases   ] GC(512)   Evacuate Collection Set: 16.0ms
[2024-08-27T13:50:39.373+0000][info][gc,phases   ] GC(512)   Post Evacuate Collection Set: 0.6ms
[2024-08-27T13:50:39.373+0000][info][gc,phases   ] GC(512)   Other: 0.3ms
[2024-08-27T13:50:39.373+0000][info][gc,heap     ] GC(512) Eden regions: 89->0(89)
[2024-08-27T13:50:39.373+0000][info][gc,heap     ] GC(512) Survivor regions: 13->13(13)
[2024-08-27T13:50:39.373+0000][info][gc,heap     ] GC(512) Old regions: 1439->1328
[2024-08-27T13:50:39.373+0000][info][gc,heap     ] GC(512) Archive regions: 2->2
[2024-08-27T13:50:39.373+0000][info][gc,heap     ] GC(512) Humongous regions: 5->5
[2024-08-27T13:50:39.373+0000][info][gc,metaspace] GC(512) Metaspace: 100K(320K)->100K(320K) NonClass: 96K(192K)->96K(192K) Class: 4K(128K)->4K(128K)
[2024-08-27T13:50:39.373+0000][info][gc          ] GC(512) Pause Young (Mixed) (G1 Evacuation Pause) 1546M->1346M(2048M) 18.088ms
[2024-08-27T13:50:39.373+0000][info][gc,cpu      ] GC(512) User=0.82s Sys=0.00s Real=0.02s
[2024-08-27T13:50:39.417+0000][info][gc,start    ] GC(513) Pause Young (Mixed) (G1 Evacuation Pause)
[2024-08-27T13:50:39.417+0000][info][gc,task     ] GC(513) Using 49 workers of 68 for evacuation
[2024-08-27T13:50:39.436+0000][info][gc,phases   ] GC(513)   Pre Evacuate Collection Set: 0.4ms
[2024-08-27T13:50:39.436+0000][info][gc,phases   ] GC(513)   Merge Heap Roots: 0.9ms
[2024-08-27T13:50:39.436+0000][info][gc,phases   ] GC(513)   Evacuate Collection Set: 16.3ms
[2024-08-27T13:50:39.436+0000][info][gc,phases   ] GC(513)   Post Evacuate Collection Set: 0.6ms
[2024-08-27T13:50:39.436+0000][info][gc,phases   ] GC(513)   Other: 0.3ms
[2024-08-27T13:50:39.436+0000][info][gc,heap     ] GC(513) Eden regions: 89->0(89)
[2024-08-27T13:50:39.436+0000][info][gc,heap     ] GC(513) Survivor regions: 13->13(13)
[2024-08-27T13:50:39.436+0000][info][gc,heap     ] GC(513) Old regions: 1328->1218
[2024-08-27T13:50:39.436+0000][info][gc,heap     ] GC(513) Archive regions: 2->2
[2024-08-27T13:50:39.436+0000][info][gc,heap     ] GC(513) Humongous regions: 5->5
[2024-08-27T13:50:39.436+0000][info][gc,metaspace] GC(513) Metaspace: 100K(320K)->100K(320K) NonClass: 96K(192K)->96K(192K) Class: 4K(128K)->4K(128K)
[2024-08-27T13:50:39.436+0000][info][gc          ] GC(513) Pause Young (Mixed) (G1 Evacuation Pause) 1435M->1236M(2048M) 18.515ms
[2024-08-27T13:50:39.436+0000][info][gc,cpu      ] GC(513) User=0.83s Sys=0.00s Real=0.02s
[2024-08-27T13:50:39.480+0000][info][gc,start    ] GC(514) Pause Young (Mixed) (G1 Evacuation Pause)
[2024-08-27T13:50:39.480+0000][info][gc,task     ] GC(514) Using 49 workers of 68 for evacuation
[2024-08-27T13:50:39.498+0000][info][gc,phases   ] GC(514)   Pre Evacuate Collection Set: 0.4ms
[2024-08-27T13:50:39.498+0000][info][gc,phases   ] GC(514)   Merge Heap Roots: 0.9ms
[2024-08-27T13:50:39.498+0000][info][gc,phases   ] GC(514)   Evacuate Collection Set: 16.4ms
[2024-08-27T13:50:39.498+0000][info][gc,phases   ] GC(514)   Post Evacuate Collection Set: 0.6ms
[2024-08-27T13:50:39.499+0000][info][gc,phases   ] GC(514)   Other: 0.2ms
[2024-08-27T13:50:39.499+0000][info][gc,heap     ] GC(514) Eden regions: 89->0(218)
[2024-08-27T13:50:39.499+0000][info][gc,heap     ] GC(514) Survivor regions: 13->13(13)
[2024-08-27T13:50:39.499+0000][info][gc,heap     ] GC(514) Old regions: 1218->1145
[2024-08-27T13:50:39.499+0000][info][gc,heap     ] GC(514) Archive regions: 2->2
[2024-08-27T13:50:39.499+0000][info][gc,heap     ] GC(514) Humongous regions: 5->5
[2024-08-27T13:50:39.499+0000][info][gc,metaspace] GC(514) Metaspace: 100K(320K)->100K(320K) NonClass: 96K(192K)->96K(192K) Class: 4K(128K)->4K(128K)
[2024-08-27T13:50:39.499+0000][info][gc          ] GC(514) Pause Young (Mixed) (G1 Evacuation Pause) 1325M->1163M(2048M) 18.623ms
[2024-08-27T13:50:39.499+0000][info][gc,cpu      ] GC(514) User=0.84s Sys=0.00s Real=0.02s
[2024-08-27T13:50:39.603+0000][info][gc,start    ] GC(515) Pause Young (Normal) (G1 Evacuation Pause)
[2024-08-27T13:50:39.603+0000][info][gc,task     ] GC(515) Using 49 workers of 68 for evacuation
[2024-08-27T13:50:39.638+0000][info][gc,phases   ] GC(515)   Pre Evacuate Collection Set: 0.3ms
[2024-08-27T13:50:39.638+0000][info][gc,phases   ] GC(515)   Merge Heap Roots: 1.1ms
[2024-08-27T13:50:39.638+0000][info][gc,phases   ] GC(515)   Evacuate Collection Set: 33.0ms
[2024-08-27T13:50:39.638+0000][info][gc,phases   ] GC(515)   Post Evacuate Collection Set: 0.6ms
[2024-08-27T13:50:39.638+0000][info][gc,phases   ] GC(515)   Other: 0.2ms
[2024-08-27T13:50:39.638+0000][info][gc,heap     ] GC(515) Eden regions: 218->0(148)
[2024-08-27T13:50:39.638+0000][info][gc,heap     ] GC(515) Survivor regions: 13->29(29)
[2024-08-27T13:50:39.638+0000][info][gc,heap     ] GC(515) Old regions: 1145->1345
[2024-08-27T13:50:39.638+0000][info][gc,heap     ] GC(515) Archive regions: 2->2
[2024-08-27T13:50:39.638+0000][info][gc,heap     ] GC(515) Humongous regions: 5->5
[2024-08-27T13:50:39.638+0000][info][gc,metaspace] GC(515) Metaspace: 100K(320K)->100K(320K) NonClass: 96K(192K)->96K(192K) Class: 4K(128K)->4K(128K)
[2024-08-27T13:50:39.639+0000][info][gc          ] GC(515) Pause Young (Normal) (G1 Evacuation Pause) 1381M->1379M(2048M) 35.292ms
[2024-08-27T13:50:39.639+0000][info][gc,cpu      ] GC(515) User=1.50s Sys=0.14s Real=0.04s
[2024-08-27T13:50:39.711+0000][info][gc,start    ] GC(516) Pause Young (Normal) (G1 Evacuation Pause)
[2024-08-27T13:50:39.711+0000][info][gc,task     ] GC(516) Using 49 workers of 68 for evacuation
[2024-08-27T13:50:39.739+0000][info][gc,phases   ] GC(516)   Pre Evacuate Collection Set: 0.3ms
[2024-08-27T13:50:39.739+0000][info][gc,phases   ] GC(516)   Merge Heap Roots: 0.5ms
[2024-08-27T13:50:39.739+0000][info][gc,phases   ] GC(516)   Evacuate Collection Set: 26.9ms
[2024-08-27T13:50:39.739+0000][info][gc,phases   ] GC(516)   Post Evacuate Collection Set: 0.6ms
[2024-08-27T13:50:39.739+0000][info][gc,phases   ] GC(516)   Other: 0.2ms
[2024-08-27T13:50:39.739+0000][info][gc,heap     ] GC(516) Eden regions: 148->0(98)
[2024-08-27T13:50:39.739+0000][info][gc,heap     ] GC(516) Survivor regions: 29->23(23)
[2024-08-27T13:50:39.739+0000][info][gc,heap     ] GC(516) Old regions: 1345->1503
[2024-08-27T13:50:39.739+0000][info][gc,heap     ] GC(516) Archive regions: 2->2
[2024-08-27T13:50:39.739+0000][info][gc,heap     ] GC(516) Humongous regions: 5->5
[2024-08-27T13:50:39.739+0000][info][gc,metaspace] GC(516) Metaspace: 100K(320K)->100K(320K) NonClass: 96K(192K)->96K(192K) Class: 4K(128K)->4K(128K)
[2024-08-27T13:50:39.739+0000][info][gc          ] GC(516) Pause Young (Normal) (G1 Evacuation Pause) 1527M->1531M(2048M) 28.687ms
[2024-08-27T13:50:39.739+0000][info][gc,cpu      ] GC(516) User=1.34s Sys=0.00s Real=0.03s
[2024-08-27T13:50:39.787+0000][info][gc,start    ] GC(517) Pause Young (Concurrent Start) (G1 Evacuation Pause)
[2024-08-27T13:50:39.787+0000][info][gc,task     ] GC(517) Using 49 workers of 68 for evacuation
[2024-08-27T13:50:39.809+0000][info][gc,phases   ] GC(517)   Pre Evacuate Collection Set: 0.3ms
[2024-08-27T13:50:39.809+0000][info][gc,phases   ] GC(517)   Merge Heap Roots: 0.9ms
[2024-08-27T13:50:39.809+0000][info][gc,phases   ] GC(517)   Evacuate Collection Set: 19.8ms
[2024-08-27T13:50:39.809+0000][info][gc,phases   ] GC(517)   Post Evacuate Collection Set: 0.5ms
[2024-08-27T13:50:39.809+0000][info][gc,phases   ] GC(517)   Other: 0.7ms
[2024-08-27T13:50:39.809+0000][info][gc,heap     ] GC(517) Eden regions: 98->0(86)
[2024-08-27T13:50:39.809+0000][info][gc,heap     ] GC(517) Survivor regions: 23->16(16)
[2024-08-27T13:50:39.809+0000][info][gc,heap     ] GC(517) Old regions: 1503->1617
[2024-08-27T13:50:39.809+0000][info][gc,heap     ] GC(517) Archive regions: 2->2
[2024-08-27T13:50:39.809+0000][info][gc,heap     ] GC(517) Humongous regions: 5->5
[2024-08-27T13:50:39.809+0000][info][gc,metaspace] GC(517) Metaspace: 100K(320K)->100K(320K) NonClass: 96K(192K)->96K(192K) Class: 4K(128K)->4K(128K)
[2024-08-27T13:50:39.809+0000][info][gc          ] GC(517) Pause Young (Concurrent Start) (G1 Evacuation Pause) 1629M->1638M(2048M) 22.239ms
[2024-08-27T13:50:39.809+0000][info][gc,cpu      ] GC(517) User=1.01s Sys=0.00s Real=0.02s
[2024-08-27T13:50:39.810+0000][info][gc          ] GC(518) Concurrent Mark Cycle
[2024-08-27T13:50:39.810+0000][info][gc,marking  ] GC(518) Concurrent Clear Claimed Marks
[2024-08-27T13:50:39.810+0000][info][gc,marking  ] GC(518) Concurrent Clear Claimed Marks 0.011ms
[2024-08-27T13:50:39.810+0000][info][gc,marking  ] GC(518) Concurrent Scan Root Regions
[2024-08-27T13:50:39.813+0000][info][gc,marking  ] GC(518) Concurrent Scan Root Regions 3.092ms
[2024-08-27T13:50:39.813+0000][info][gc,marking  ] GC(518) Concurrent Mark
[2024-08-27T13:50:39.813+0000][info][gc,marking  ] GC(518) Concurrent Mark From Roots
[2024-08-27T13:50:39.813+0000][info][gc,task     ] GC(518) Using 17 workers of 17 for marking
[2024-08-27T13:50:39.833+0000][info][gc,marking  ] GC(518) Concurrent Mark From Roots 20.231ms
[2024-08-27T13:50:39.833+0000][info][gc,marking  ] GC(518) Concurrent Preclean
[2024-08-27T13:50:39.834+0000][info][gc,marking  ] GC(518) Concurrent Preclean 0.710ms
[2024-08-27T13:50:39.834+0000][info][gc,start    ] GC(518) Pause Remark
[2024-08-27T13:50:39.838+0000][info][gc          ] GC(518) Pause Remark 1670M->1383M(2048M) 3.635ms
[2024-08-27T13:50:39.838+0000][info][gc,cpu      ] GC(518) User=0.03s Sys=0.00s Real=0.01s
[2024-08-27T13:50:39.838+0000][info][gc,marking  ] GC(518) Concurrent Mark 25.128ms
[2024-08-27T13:50:39.838+0000][info][gc,marking  ] GC(518) Concurrent Rebuild Remembered Sets
[2024-08-27T13:50:39.866+0000][info][gc,start    ] GC(519) Pause Young (Normal) (G1 Evacuation Pause)
[2024-08-27T13:50:39.866+0000][info][gc,task     ] GC(519) Using 49 workers of 68 for evacuation
[2024-08-27T13:50:39.889+0000][info][gc,phases   ] GC(519)   Pre Evacuate Collection Set: 0.3ms
[2024-08-27T13:50:39.890+0000][info][gc,phases   ] GC(519)   Merge Heap Roots: 0.6ms
[2024-08-27T13:50:39.890+0000][info][gc,phases   ] GC(519)   Evacuate Collection Set: 20.8ms
[2024-08-27T13:50:39.890+0000][info][gc,phases   ] GC(519)   Post Evacuate Collection Set: 1.2ms
[2024-08-27T13:50:39.890+0000][info][gc,phases   ] GC(519)   Other: 0.4ms
[2024-08-27T13:50:39.890+0000][info][gc,heap     ] GC(519) Eden regions: 86->0(126)
[2024-08-27T13:50:39.890+0000][info][gc,heap     ] GC(519) Survivor regions: 16->13(13)
[2024-08-27T13:50:39.890+0000][info][gc,heap     ] GC(519) Old regions: 1330->1426
[2024-08-27T13:50:39.890+0000][info][gc,heap     ] GC(519) Archive regions: 2->2
[2024-08-27T13:50:39.890+0000][info][gc,heap     ] GC(519) Humongous regions: 5->5
[2024-08-27T13:50:39.890+0000][info][gc,metaspace] GC(519) Metaspace: 100K(320K)->100K(320K) NonClass: 96K(192K)->96K(192K) Class: 4K(128K)->4K(128K)
[2024-08-27T13:50:39.890+0000][info][gc          ] GC(519) Pause Young (Normal) (G1 Evacuation Pause) 1437M->1444M(2048M) 23.539ms
[2024-08-27T13:50:39.890+0000][info][gc,cpu      ] GC(519) User=1.05s Sys=0.01s Real=0.03s
[2024-08-27T13:50:39.912+0000][info][gc,marking  ] GC(518) Concurrent Rebuild Remembered Sets 74.602ms
[2024-08-27T13:50:39.913+0000][info][gc,start    ] GC(518) Pause Cleanup
[2024-08-27T13:50:39.916+0000][info][gc          ] GC(518) Pause Cleanup 1481M->1481M(2048M) 3.514ms
[2024-08-27T13:50:39.917+0000][info][gc,cpu      ] GC(518) User=0.02s Sys=0.00s Real=0.00s
[2024-08-27T13:50:39.917+0000][info][gc,marking  ] GC(518) Concurrent Cleanup for Next Mark
[2024-08-27T13:50:39.918+0000][info][gc,marking  ] GC(518) Concurrent Cleanup for Next Mark 1.355ms
[2024-08-27T13:50:39.918+0000][info][gc          ] GC(518) Concurrent Mark Cycle 108.611ms
[2024-08-27T13:50:39.973+0000][info][gc,start    ] GC(520) Pause Young (Prepare Mixed) (G1 Evacuation Pause)
[2024-08-27T13:50:39.973+0000][info][gc,task     ] GC(520) Using 49 workers of 68 for evacuation
[2024-08-27T13:50:40.006+0000][info][gc,phases   ] GC(520)   Pre Evacuate Collection Set: 0.3ms
[2024-08-27T13:50:40.006+0000][info][gc,phases   ] GC(520)   Merge Heap Roots: 1.2ms
[2024-08-27T13:50:40.006+0000][info][gc,phases   ] GC(520)   Evacuate Collection Set: 30.4ms
[2024-08-27T13:50:40.006+0000][info][gc,phases   ] GC(520)   Post Evacuate Collection Set: 0.7ms
[2024-08-27T13:50:40.006+0000][info][gc,phases   ] GC(520)   Other: 0.3ms
[2024-08-27T13:50:40.006+0000][info][gc,heap     ] GC(520) Eden regions: 126->0(84)
[2024-08-27T13:50:40.006+0000][info][gc,heap     ] GC(520) Survivor regions: 13->18(18)
[2024-08-27T13:50:40.006+0000][info][gc,heap     ] GC(520) Old regions: 1426->1552
[2024-08-27T13:50:40.006+0000][info][gc,heap     ] GC(520) Archive regions: 2->2
[2024-08-27T13:50:40.006+0000][info][gc,heap     ] GC(520) Humongous regions: 5->5
[2024-08-27T13:50:40.006+0000][info][gc,metaspace] GC(520) Metaspace: 100K(320K)->100K(320K) NonClass: 96K(192K)->96K(192K) Class: 4K(128K)->4K(128K)
[2024-08-27T13:50:40.006+0000][info][gc          ] GC(520) Pause Young (Prepare Mixed) (G1 Evacuation Pause) 1570M->1575M(2048M) 33.076ms
[2024-08-27T13:50:40.006+0000][info][gc,cpu      ] GC(520) User=1.53s Sys=0.01s Real=0.03s
[2024-08-27T13:50:40.055+0000][info][gc,start    ] GC(521) Pause Young (Mixed) (G1 Evacuation Pause)
[2024-08-27T13:50:40.055+0000][info][gc,task     ] GC(521) Using 49 workers of 68 for evacuation
[2024-08-27T13:50:40.077+0000][info][gc,phases   ] GC(521)   Pre Evacuate Collection Set: 0.5ms
[2024-08-27T13:50:40.078+0000][info][gc,phases   ] GC(521)   Merge Heap Roots: 0.9ms
[2024-08-27T13:50:40.078+0000][info][gc,phases   ] GC(521)   Evacuate Collection Set: 20.6ms
[2024-08-27T13:50:40.078+0000][info][gc,phases   ] GC(521)   Post Evacuate Collection Set: 0.7ms
[2024-08-27T13:50:40.078+0000][info][gc,phases   ] GC(521)   Other: 0.3ms
[2024-08-27T13:50:40.078+0000][info][gc,heap     ] GC(521) Eden regions: 84->0(89)
[2024-08-27T13:50:40.078+0000][info][gc,heap     ] GC(521) Survivor regions: 18->13(13)
[2024-08-27T13:50:40.078+0000][info][gc,heap     ] GC(521) Old regions: 1552->1442
[2024-08-27T13:50:40.078+0000][info][gc,heap     ] GC(521) Archive regions: 2->2
[2024-08-27T13:50:40.078+0000][info][gc,heap     ] GC(521) Humongous regions: 5->5
[2024-08-27T13:50:40.078+0000][info][gc,metaspace] GC(521) Metaspace: 100K(320K)->100K(320K) NonClass: 96K(192K)->96K(192K) Class: 4K(128K)->4K(128K)
[2024-08-27T13:50:40.078+0000][info][gc          ] GC(521) Pause Young (Mixed) (G1 Evacuation Pause) 1659M->1460M(2048M) 23.026ms
[2024-08-27T13:50:40.078+0000][info][gc,cpu      ] GC(521) User=1.03s Sys=0.02s Real=0.03s
[2024-08-27T13:50:40.127+0000][info][gc,start    ] GC(522) Pause Young (Mixed) (G1 Evacuation Pause)
[2024-08-27T13:50:40.127+0000][info][gc,task     ] GC(522) Using 49 workers of 68 for evacuation
[2024-08-27T13:50:40.149+0000][info][gc,phases   ] GC(522)   Pre Evacuate Collection Set: 0.4ms
[2024-08-27T13:50:40.149+0000][info][gc,phases   ] GC(522)   Merge Heap Roots: 0.8ms
[2024-08-27T13:50:40.149+0000][info][gc,phases   ] GC(522)   Evacuate Collection Set: 20.0ms
[2024-08-27T13:50:40.149+0000][info][gc,phases   ] GC(522)   Post Evacuate Collection Set: 0.7ms
[2024-08-27T13:50:40.149+0000][info][gc,phases   ] GC(522)   Other: 0.3ms
[2024-08-27T13:50:40.149+0000][info][gc,heap     ] GC(522) Eden regions: 89->0(89)
[2024-08-27T13:50:40.149+0000][info][gc,heap     ] GC(522) Survivor regions: 13->13(13)
[2024-08-27T13:50:40.149+0000][info][gc,heap     ] GC(522) Old regions: 1442->1332
[2024-08-27T13:50:40.149+0000][info][gc,heap     ] GC(522) Archive regions: 2->2
[2024-08-27T13:50:40.149+0000][info][gc,heap     ] GC(522) Humongous regions: 5->5
[2024-08-27T13:50:40.149+0000][info][gc,metaspace] GC(522) Metaspace: 100K(320K)->100K(320K) NonClass: 96K(192K)->96K(192K) Class: 4K(128K)->4K(128K)
[2024-08-27T13:50:40.149+0000][info][gc          ] GC(522) Pause Young (Mixed) (G1 Evacuation Pause) 1549M->1350M(2048M) 22.341ms
[2024-08-27T13:50:40.149+0000][info][gc,cpu      ] GC(522) User=1.01s Sys=0.00s Real=0.02s
[2024-08-27T13:50:40.197+0000][info][gc,start    ] GC(523) Pause Young (Mixed) (G1 Evacuation Pause)
[2024-08-27T13:50:40.197+0000][info][gc,task     ] GC(523) Using 49 workers of 68 for evacuation
[2024-08-27T13:50:40.220+0000][info][gc,phases   ] GC(523)   Pre Evacuate Collection Set: 0.4ms
[2024-08-27T13:50:40.220+0000][info][gc,phases   ] GC(523)   Merge Heap Roots: 0.9ms
[2024-08-27T13:50:40.220+0000][info][gc,phases   ] GC(523)   Evacuate Collection Set: 20.0ms
[2024-08-27T13:50:40.220+0000][info][gc,phases   ] GC(523)   Post Evacuate Collection Set: 0.8ms
[2024-08-27T13:50:40.220+0000][info][gc,phases   ] GC(523)   Other: 0.4ms
[2024-08-27T13:50:40.220+0000][info][gc,heap     ] GC(523) Eden regions: 89->0(89)
[2024-08-27T13:50:40.220+0000][info][gc,heap     ] GC(523) Survivor regions: 13->13(13)
[2024-08-27T13:50:40.220+0000][info][gc,heap     ] GC(523) Old regions: 1332->1221
[2024-08-27T13:50:40.220+0000][info][gc,heap     ] GC(523) Archive regions: 2->2
[2024-08-27T13:50:40.220+0000][info][gc,heap     ] GC(523) Humongous regions: 5->5
[2024-08-27T13:50:40.220+0000][info][gc,metaspace] GC(523) Metaspace: 100K(320K)->100K(320K) NonClass: 96K(192K)->96K(192K) Class: 4K(128K)->4K(128K)
[2024-08-27T13:50:40.220+0000][info][gc          ] GC(523) Pause Young (Mixed) (G1 Evacuation Pause) 1439M->1239M(2048M) 22.600ms
[2024-08-27T13:50:40.220+0000][info][gc,cpu      ] GC(523) User=1.02s Sys=0.01s Real=0.03s
[2024-08-27T13:50:40.269+0000][info][gc,start    ] GC(524) Pause Young (Mixed) (G1 Evacuation Pause)
[2024-08-27T13:50:40.269+0000][info][gc,task     ] GC(524) Using 49 workers of 68 for evacuation
[2024-08-27T13:50:40.292+0000][info][gc,phases   ] GC(524)   Pre Evacuate Collection Set: 0.4ms
[2024-08-27T13:50:40.292+0000][info][gc,phases   ] GC(524)   Merge Heap Roots: 1.0ms
[2024-08-27T13:50:40.292+0000][info][gc,phases   ] GC(524)   Evacuate Collection Set: 20.9ms
[2024-08-27T13:50:40.292+0000][info][gc,phases   ] GC(524)   Post Evacuate Collection Set: 0.8ms
[2024-08-27T13:50:40.292+0000][info][gc,phases   ] GC(524)   Other: 0.4ms
[2024-08-27T13:50:40.292+0000][info][gc,heap     ] GC(524) Eden regions: 89->0(218)
[2024-08-27T13:50:40.293+0000][info][gc,heap     ] GC(524) Survivor regions: 13->13(13)
[2024-08-27T13:50:40.293+0000][info][gc,heap     ] GC(524) Old regions: 1221->1144
[2024-08-27T13:50:40.293+0000][info][gc,heap     ] GC(524) Archive regions: 2->2
[2024-08-27T13:50:40.293+0000][info][gc,heap     ] GC(524) Humongous regions: 5->5
[2024-08-27T13:50:40.293+0000][info][gc,metaspace] GC(524) Metaspace: 100K(320K)->100K(320K) NonClass: 96K(192K)->96K(192K) Class: 4K(128K)->4K(128K)
[2024-08-27T13:50:40.293+0000][info][gc          ] GC(524) Pause Young (Mixed) (G1 Evacuation Pause) 1328M->1162M(2048M) 23.675ms
[2024-08-27T13:50:40.293+0000][info][gc,cpu      ] GC(524) User=1.07s Sys=0.00s Real=0.03s
[2024-08-27T13:50:40.408+0000][info][gc,start    ] GC(525) Pause Young (Normal) (G1 Evacuation Pause)
[2024-08-27T13:50:40.409+0000][info][gc,task     ] GC(525) Using 49 workers of 68 for evacuation
[2024-08-27T13:50:40.452+0000][info][gc,phases   ] GC(525)   Pre Evacuate Collection Set: 0.3ms
[2024-08-27T13:50:40.452+0000][info][gc,phases   ] GC(525)   Merge Heap Roots: 1.1ms
[2024-08-27T13:50:40.452+0000][info][gc,phases   ] GC(525)   Evacuate Collection Set: 40.7ms
[2024-08-27T13:50:40.452+0000][info][gc,phases   ] GC(525)   Post Evacuate Collection Set: 0.9ms
[2024-08-27T13:50:40.452+0000][info][gc,phases   ] GC(525)   Other: 0.4ms
[2024-08-27T13:50:40.452+0000][info][gc,heap     ] GC(525) Eden regions: 218->0(148)
[2024-08-27T13:50:40.452+0000][info][gc,heap     ] GC(525) Survivor regions: 13->29(29)
[2024-08-27T13:50:40.452+0000][info][gc,heap     ] GC(525) Old regions: 1144->1343
[2024-08-27T13:50:40.452+0000][info][gc,heap     ] GC(525) Archive regions: 2->2
[2024-08-27T13:50:40.452+0000][info][gc,heap     ] GC(525) Humongous regions: 5->5
[2024-08-27T13:50:40.452+0000][info][gc,metaspace] GC(525) Metaspace: 100K(320K)->100K(320K) NonClass: 96K(192K)->96K(192K) Class: 4K(128K)->4K(128K)
[2024-08-27T13:50:40.452+0000][info][gc          ] GC(525) Pause Young (Normal) (G1 Evacuation Pause) 1380M->1377M(2048M) 43.653ms
[2024-08-27T13:50:40.452+0000][info][gc,cpu      ] GC(525) User=2.03s Sys=0.00s Real=0.05s
[2024-08-27T13:50:40.484+0000][info][gc,heap,exit] Heap
[2024-08-27T13:50:40.484+0000][info][gc,heap,exit]  garbage-first heap   total 2097152K, used 1444832K [0x0000000080000000, 0x0000000100000000)
[2024-08-27T13:50:40.484+0000][info][gc,heap,exit]   region size 1024K, 62 young (63488K), 29 survivors (29696K)
[2024-08-27T13:50:40.484+0000][info][gc,heap,exit]  Metaspace       used 194K, committed 384K, reserved 1114112K
[2024-08-27T13:50:40.484+0000][info][gc,heap,exit]   class space    used 7K, committed 128K, reserved 1048576K
