[2024-08-27T02:19:09.400+0000][info][gc] Using G1
[2024-08-27T02:19:09.410+0000][info][gc,init] Version: 17.0.7+7-Ubuntu-0ubuntu118.04 (release)
[2024-08-27T02:19:09.410+0000][info][gc,init] CPUs: 104 total, 104 available
[2024-08-27T02:19:09.410+0000][info][gc,init] Memory: 251G
[2024-08-27T02:19:09.410+0000][info][gc,init] Large Page Support: Disabled
[2024-08-27T02:19:09.410+0000][info][gc,init] NUMA Support: Disabled
[2024-08-27T02:19:09.410+0000][info][gc,init] Compressed Oops: Enabled (Zero based)
[2024-08-27T02:19:09.410+0000][info][gc,init] Heap Region Size: 16M
[2024-08-27T02:19:09.410+0000][info][gc,init] Heap Min Capacity: 16M
[2024-08-27T02:19:09.410+0000][info][gc,init] Heap Initial Capacity: 2G
[2024-08-27T02:19:09.410+0000][info][gc,init] Heap Max Capacity: 30688M
[2024-08-27T02:19:09.410+0000][info][gc,init] Pre-touch: Disabled
[2024-08-27T02:19:09.410+0000][info][gc,init] Parallel Workers: 68
[2024-08-27T02:19:09.410+0000][info][gc,init] Concurrent Workers: 17
[2024-08-27T02:19:09.410+0000][info][gc,init] Concurrent Refinement Workers: 68
[2024-08-27T02:19:09.410+0000][info][gc,init] Periodic GC: Disabled
[2024-08-27T02:19:09.410+0000][info][gc,metaspace] CDS archive(s) mapped at: [0x0000000800000000-0x0000000800be2000-0x0000000800be2000), size 12460032, SharedBaseAddress: 0x0000000800000000, ArchiveRelocationMode: 0.
[2024-08-27T02:19:09.410+0000][info][gc,metaspace] Compressed class space mapped at: 0x0000000801000000-0x0000000841000000, reserved size: 1073741824
[2024-08-27T02:19:09.410+0000][info][gc,metaspace] Narrow klass base: 0x0000000800000000, Narrow klass shift: 0, Narrow klass range: 0x100000000
[2024-08-27T02:19:09.543+0000][info][gc,start    ] GC(0) Pause Young (Normal) (G1 Evacuation Pause)
[2024-08-27T02:19:09.554+0000][info][gc,task     ] GC(0) Using 50 workers of 68 for evacuation
[2024-08-27T02:19:09.573+0000][info][gc,phases   ] GC(0)   Pre Evacuate Collection Set: 0.3ms
[2024-08-27T02:19:09.573+0000][info][gc,phases   ] GC(0)   Merge Heap Roots: 0.5ms
[2024-08-27T02:19:09.573+0000][info][gc,phases   ] GC(0)   Evacuate Collection Set: 17.8ms
[2024-08-27T02:19:09.573+0000][info][gc,phases   ] GC(0)   Post Evacuate Collection Set: 0.5ms
[2024-08-27T02:19:09.573+0000][info][gc,phases   ] GC(0)   Other: 11.7ms
[2024-08-27T02:19:09.573+0000][info][gc,heap     ] GC(0) Eden regions: 6->0(5)
[2024-08-27T02:19:09.573+0000][info][gc,heap     ] GC(0) Survivor regions: 0->1(1)
[2024-08-27T02:19:09.573+0000][info][gc,heap     ] GC(0) Old regions: 0->5
[2024-08-27T02:19:09.573+0000][info][gc,heap     ] GC(0) Archive regions: 2->2
[2024-08-27T02:19:09.573+0000][info][gc,heap     ] GC(0) Humongous regions: 0->0
[2024-08-27T02:19:09.573+0000][info][gc,metaspace] GC(0) Metaspace: 97K(320K)->97K(320K) NonClass: 93K(192K)->93K(192K) Class: 4K(128K)->4K(128K)
[2024-08-27T02:19:09.574+0000][info][gc          ] GC(0) Pause Young (Normal) (G1 Evacuation Pause) 111M->110M(2080M) 30.841ms
[2024-08-27T02:19:09.574+0000][info][gc,cpu      ] GC(0) User=0.08s Sys=0.77s Real=0.03s
[2024-08-27T02:19:09.620+0000][info][gc,start    ] GC(1) Pause Young (Normal) (G1 Evacuation Pause)
[2024-08-27T02:19:09.620+0000][info][gc,task     ] GC(1) Using 50 workers of 68 for evacuation
[2024-08-27T02:19:09.634+0000][info][gc,phases   ] GC(1)   Pre Evacuate Collection Set: 0.2ms
[2024-08-27T02:19:09.634+0000][info][gc,phases   ] GC(1)   Merge Heap Roots: 0.9ms
[2024-08-27T02:19:09.634+0000][info][gc,phases   ] GC(1)   Evacuate Collection Set: 13.1ms
[2024-08-27T02:19:09.634+0000][info][gc,phases   ] GC(1)   Post Evacuate Collection Set: 0.4ms
[2024-08-27T02:19:09.634+0000][info][gc,phases   ] GC(1)   Other: 0.2ms
[2024-08-27T02:19:09.634+0000][info][gc,heap     ] GC(1) Eden regions: 5->0(5)
[2024-08-27T02:19:09.634+0000][info][gc,heap     ] GC(1) Survivor regions: 1->1(1)
[2024-08-27T02:19:09.634+0000][info][gc,heap     ] GC(1) Old regions: 5->11
[2024-08-27T02:19:09.634+0000][info][gc,heap     ] GC(1) Archive regions: 2->2
[2024-08-27T02:19:09.634+0000][info][gc,heap     ] GC(1) Humongous regions: 0->0
[2024-08-27T02:19:09.634+0000][info][gc,metaspace] GC(1) Metaspace: 97K(320K)->97K(320K) NonClass: 93K(192K)->93K(192K) Class: 4K(128K)->4K(128K)
[2024-08-27T02:19:09.634+0000][info][gc          ] GC(1) Pause Young (Normal) (G1 Evacuation Pause) 190M->196M(2080M) 14.729ms
[2024-08-27T02:19:09.634+0000][info][gc,cpu      ] GC(1) User=0.40s Sys=0.14s Real=0.01s
[2024-08-27T02:19:09.685+0000][info][gc,start    ] GC(2) Pause Young (Normal) (G1 Evacuation Pause)
[2024-08-27T02:19:09.685+0000][info][gc,task     ] GC(2) Using 50 workers of 68 for evacuation
[2024-08-27T02:19:09.700+0000][info][gc,phases   ] GC(2)   Pre Evacuate Collection Set: 0.2ms
[2024-08-27T02:19:09.700+0000][info][gc,phases   ] GC(2)   Merge Heap Roots: 0.2ms
[2024-08-27T02:19:09.700+0000][info][gc,phases   ] GC(2)   Evacuate Collection Set: 13.3ms
[2024-08-27T02:19:09.700+0000][info][gc,phases   ] GC(2)   Post Evacuate Collection Set: 0.4ms
[2024-08-27T02:19:09.700+0000][info][gc,phases   ] GC(2)   Other: 0.2ms
[2024-08-27T02:19:09.700+0000][info][gc,heap     ] GC(2) Eden regions: 5->0(5)
[2024-08-27T02:19:09.700+0000][info][gc,heap     ] GC(2) Survivor regions: 1->1(1)
[2024-08-27T02:19:09.700+0000][info][gc,heap     ] GC(2) Old regions: 11->16
[2024-08-27T02:19:09.700+0000][info][gc,heap     ] GC(2) Archive regions: 2->2
[2024-08-27T02:19:09.700+0000][info][gc,heap     ] GC(2) Humongous regions: 0->0
[2024-08-27T02:19:09.700+0000][info][gc,metaspace] GC(2) Metaspace: 97K(320K)->97K(320K) NonClass: 93K(192K)->93K(192K) Class: 4K(128K)->4K(128K)
[2024-08-27T02:19:09.700+0000][info][gc          ] GC(2) Pause Young (Normal) (G1 Evacuation Pause) 276M->281M(2080M) 14.403ms
[2024-08-27T02:19:09.700+0000][info][gc,cpu      ] GC(2) User=0.20s Sys=0.35s Real=0.02s
[2024-08-27T02:19:09.725+0000][info][gc,start    ] GC(3) Pause Young (Normal) (G1 Evacuation Pause)
[2024-08-27T02:19:09.725+0000][info][gc,task     ] GC(3) Using 50 workers of 68 for evacuation
[2024-08-27T02:19:09.738+0000][info][gc,phases   ] GC(3)   Pre Evacuate Collection Set: 0.2ms
[2024-08-27T02:19:09.738+0000][info][gc,phases   ] GC(3)   Merge Heap Roots: 0.3ms
[2024-08-27T02:19:09.738+0000][info][gc,phases   ] GC(3)   Evacuate Collection Set: 12.0ms
[2024-08-27T02:19:09.738+0000][info][gc,phases   ] GC(3)   Post Evacuate Collection Set: 0.5ms
[2024-08-27T02:19:09.738+0000][info][gc,phases   ] GC(3)   Other: 0.2ms
[2024-08-27T02:19:09.738+0000][info][gc,heap     ] GC(3) Eden regions: 5->0(5)
[2024-08-27T02:19:09.738+0000][info][gc,heap     ] GC(3) Survivor regions: 1->1(1)
[2024-08-27T02:19:09.738+0000][info][gc,heap     ] GC(3) Old regions: 16->21
[2024-08-27T02:19:09.738+0000][info][gc,heap     ] GC(3) Archive regions: 2->2
[2024-08-27T02:19:09.738+0000][info][gc,heap     ] GC(3) Humongous regions: 0->0
[2024-08-27T02:19:09.738+0000][info][gc,metaspace] GC(3) Metaspace: 97K(320K)->97K(320K) NonClass: 93K(192K)->93K(192K) Class: 4K(128K)->4K(128K)
[2024-08-27T02:19:09.738+0000][info][gc          ] GC(3) Pause Young (Normal) (G1 Evacuation Pause) 361M->366M(2080M) 13.231ms
[2024-08-27T02:19:09.738+0000][info][gc,cpu      ] GC(3) User=0.31s Sys=0.24s Real=0.02s
[2024-08-27T02:19:09.765+0000][info][gc,start    ] GC(4) Pause Young (Normal) (G1 Evacuation Pause)
[2024-08-27T02:19:09.765+0000][info][gc,task     ] GC(4) Using 50 workers of 68 for evacuation
[2024-08-27T02:19:09.788+0000][info][gc,phases   ] GC(4)   Pre Evacuate Collection Set: 0.2ms
[2024-08-27T02:19:09.788+0000][info][gc,phases   ] GC(4)   Merge Heap Roots: 0.3ms
[2024-08-27T02:19:09.788+0000][info][gc,phases   ] GC(4)   Evacuate Collection Set: 12.8ms
[2024-08-27T02:19:09.788+0000][info][gc,phases   ] GC(4)   Post Evacuate Collection Set: 9.1ms
[2024-08-27T02:19:09.788+0000][info][gc,phases   ] GC(4)   Other: 0.2ms
[2024-08-27T02:19:09.788+0000][info][gc,heap     ] GC(4) Eden regions: 5->0(16)
[2024-08-27T02:19:09.788+0000][info][gc,heap     ] GC(4) Survivor regions: 1->1(1)
[2024-08-27T02:19:09.788+0000][info][gc,heap     ] GC(4) Old regions: 21->27
[2024-08-27T02:19:09.788+0000][info][gc,heap     ] GC(4) Archive regions: 2->2
[2024-08-27T02:19:09.788+0000][info][gc,heap     ] GC(4) Humongous regions: 0->0
[2024-08-27T02:19:09.788+0000][info][gc,metaspace] GC(4) Metaspace: 97K(320K)->97K(320K) NonClass: 93K(192K)->93K(192K) Class: 4K(128K)->4K(128K)
[2024-08-27T02:19:09.788+0000][info][gc          ] GC(4) Pause Young (Normal) (G1 Evacuation Pause) 446M->452M(5520M) 22.720ms
[2024-08-27T02:19:09.788+0000][info][gc,cpu      ] GC(4) User=0.39s Sys=0.23s Real=0.02s
[2024-08-27T02:19:10.070+0000][info][gc,start    ] GC(5) Pause Young (Normal) (G1 Evacuation Pause)
[2024-08-27T02:19:10.073+0000][info][gc,task     ] GC(5) Using 68 workers of 68 for evacuation
[2024-08-27T02:19:10.114+0000][info][gc,phases   ] GC(5)   Pre Evacuate Collection Set: 0.4ms
[2024-08-27T02:19:10.114+0000][info][gc,phases   ] GC(5)   Merge Heap Roots: 0.5ms
[2024-08-27T02:19:10.114+0000][info][gc,phases   ] GC(5)   Evacuate Collection Set: 39.2ms
[2024-08-27T02:19:10.114+0000][info][gc,phases   ] GC(5)   Post Evacuate Collection Set: 0.6ms
[2024-08-27T02:19:10.114+0000][info][gc,phases   ] GC(5)   Other: 3.5ms
[2024-08-27T02:19:10.114+0000][info][gc,heap     ] GC(5) Eden regions: 16->0(14)
[2024-08-27T02:19:10.114+0000][info][gc,heap     ] GC(5) Survivor regions: 1->3(3)
[2024-08-27T02:19:10.114+0000][info][gc,heap     ] GC(5) Old regions: 27->41
[2024-08-27T02:19:10.114+0000][info][gc,heap     ] GC(5) Archive regions: 2->2
[2024-08-27T02:19:10.114+0000][info][gc,heap     ] GC(5) Humongous regions: 0->0
[2024-08-27T02:19:10.114+0000][info][gc,metaspace] GC(5) Metaspace: 100K(320K)->100K(320K) NonClass: 96K(192K)->96K(192K) Class: 4K(128K)->4K(128K)
[2024-08-27T02:19:10.114+0000][info][gc          ] GC(5) Pause Young (Normal) (G1 Evacuation Pause) 708M->704M(5520M) 44.267ms
[2024-08-27T02:19:10.114+0000][info][gc,cpu      ] GC(5) User=0.71s Sys=1.61s Real=0.04s
[2024-08-27T02:19:10.231+0000][info][gc,start    ] GC(6) Pause Young (Normal) (G1 Evacuation Pause)
[2024-08-27T02:19:10.231+0000][info][gc,task     ] GC(6) Using 68 workers of 68 for evacuation
[2024-08-27T02:19:10.264+0000][info][gc,phases   ] GC(6)   Pre Evacuate Collection Set: 0.3ms
[2024-08-27T02:19:10.264+0000][info][gc,phases   ] GC(6)   Merge Heap Roots: 0.7ms
[2024-08-27T02:19:10.264+0000][info][gc,phases   ] GC(6)   Evacuate Collection Set: 31.2ms
[2024-08-27T02:19:10.264+0000][info][gc,phases   ] GC(6)   Post Evacuate Collection Set: 0.6ms
[2024-08-27T02:19:10.264+0000][info][gc,phases   ] GC(6)   Other: 0.2ms
[2024-08-27T02:19:10.264+0000][info][gc,heap     ] GC(6) Eden regions: 14->0(14)
[2024-08-27T02:19:10.264+0000][info][gc,heap     ] GC(6) Survivor regions: 3->3(3)
[2024-08-27T02:19:10.264+0000][info][gc,heap     ] GC(6) Old regions: 41->55
[2024-08-27T02:19:10.264+0000][info][gc,heap     ] GC(6) Archive regions: 2->2
[2024-08-27T02:19:10.264+0000][info][gc,heap     ] GC(6) Humongous regions: 0->0
[2024-08-27T02:19:10.264+0000][info][gc,metaspace] GC(6) Metaspace: 100K(320K)->100K(320K) NonClass: 96K(192K)->96K(192K) Class: 4K(128K)->4K(128K)
[2024-08-27T02:19:10.264+0000][info][gc          ] GC(6) Pause Young (Normal) (G1 Evacuation Pause) 928M->931M(5520M) 33.188ms
[2024-08-27T02:19:10.264+0000][info][gc,cpu      ] GC(6) User=0.92s Sys=1.17s Real=0.03s
[2024-08-27T02:19:10.387+0000][info][gc,start    ] GC(7) Pause Young (Normal) (G1 Evacuation Pause)
[2024-08-27T02:19:10.387+0000][info][gc,task     ] GC(7) Using 68 workers of 68 for evacuation
[2024-08-27T02:19:10.420+0000][info][gc,phases   ] GC(7)   Pre Evacuate Collection Set: 0.3ms
[2024-08-27T02:19:10.420+0000][info][gc,phases   ] GC(7)   Merge Heap Roots: 0.6ms
[2024-08-27T02:19:10.420+0000][info][gc,phases   ] GC(7)   Evacuate Collection Set: 30.9ms
[2024-08-27T02:19:10.420+0000][info][gc,phases   ] GC(7)   Post Evacuate Collection Set: 0.7ms
[2024-08-27T02:19:10.420+0000][info][gc,phases   ] GC(7)   Other: 0.2ms
[2024-08-27T02:19:10.420+0000][info][gc,heap     ] GC(7) Eden regions: 14->0(14)
[2024-08-27T02:19:10.420+0000][info][gc,heap     ] GC(7) Survivor regions: 3->3(3)
[2024-08-27T02:19:10.420+0000][info][gc,heap     ] GC(7) Old regions: 55->69
[2024-08-27T02:19:10.420+0000][info][gc,heap     ] GC(7) Archive regions: 2->2
[2024-08-27T02:19:10.420+0000][info][gc,heap     ] GC(7) Humongous regions: 0->0
[2024-08-27T02:19:10.420+0000][info][gc,metaspace] GC(7) Metaspace: 100K(320K)->100K(320K) NonClass: 96K(192K)->96K(192K) Class: 4K(128K)->4K(128K)
[2024-08-27T02:19:10.420+0000][info][gc          ] GC(7) Pause Young (Normal) (G1 Evacuation Pause) 1155M->1162M(5520M) 32.762ms
[2024-08-27T02:19:10.420+0000][info][gc,cpu      ] GC(7) User=1.03s Sys=1.04s Real=0.04s
[2024-08-27T02:19:10.540+0000][info][gc,start    ] GC(8) Pause Young (Normal) (G1 Evacuation Pause)
[2024-08-27T02:19:10.540+0000][info][gc,task     ] GC(8) Using 68 workers of 68 for evacuation
[2024-08-27T02:19:10.588+0000][info][gc,phases   ] GC(8)   Pre Evacuate Collection Set: 0.3ms
[2024-08-27T02:19:10.589+0000][info][gc,phases   ] GC(8)   Merge Heap Roots: 0.6ms
[2024-08-27T02:19:10.589+0000][info][gc,phases   ] GC(8)   Evacuate Collection Set: 31.9ms
[2024-08-27T02:19:10.589+0000][info][gc,phases   ] GC(8)   Post Evacuate Collection Set: 15.7ms
[2024-08-27T02:19:10.589+0000][info][gc,phases   ] GC(8)   Other: 0.3ms
[2024-08-27T02:19:10.589+0000][info][gc,heap     ] GC(8) Eden regions: 14->0(41)
[2024-08-27T02:19:10.589+0000][info][gc,heap     ] GC(8) Survivor regions: 3->3(3)
[2024-08-27T02:19:10.589+0000][info][gc,heap     ] GC(8) Old regions: 69->84
[2024-08-27T02:19:10.589+0000][info][gc,heap     ] GC(8) Archive regions: 2->2
[2024-08-27T02:19:10.589+0000][info][gc,heap     ] GC(8) Humongous regions: 0->0
[2024-08-27T02:19:10.589+0000][info][gc,metaspace] GC(8) Metaspace: 100K(320K)->100K(320K) NonClass: 96K(192K)->96K(192K) Class: 4K(128K)->4K(128K)
[2024-08-27T02:19:10.589+0000][info][gc          ] GC(8) Pause Young (Normal) (G1 Evacuation Pause) 1386M->1393M(14080M) 48.814ms
[2024-08-27T02:19:10.589+0000][info][gc,cpu      ] GC(8) User=1.01s Sys=1.15s Real=0.04s
[2024-08-27T02:19:11.295+0000][info][gc,start    ] GC(9) Pause Young (Normal) (G1 Evacuation Pause)
[2024-08-27T02:19:11.295+0000][info][gc,task     ] GC(9) Using 68 workers of 68 for evacuation
[2024-08-27T02:19:11.364+0000][info][gc,phases   ] GC(9)   Pre Evacuate Collection Set: 0.4ms
[2024-08-27T02:19:11.364+0000][info][gc,phases   ] GC(9)   Merge Heap Roots: 0.8ms
[2024-08-27T02:19:11.364+0000][info][gc,phases   ] GC(9)   Evacuate Collection Set: 67.5ms
[2024-08-27T02:19:11.364+0000][info][gc,phases   ] GC(9)   Post Evacuate Collection Set: 0.7ms
[2024-08-27T02:19:11.364+0000][info][gc,phases   ] GC(9)   Other: 0.4ms
[2024-08-27T02:19:11.364+0000][info][gc,heap     ] GC(9) Eden regions: 41->0(38)
[2024-08-27T02:19:11.364+0000][info][gc,heap     ] GC(9) Survivor regions: 3->6(6)
[2024-08-27T02:19:11.364+0000][info][gc,heap     ] GC(9) Old regions: 84->119
[2024-08-27T02:19:11.364+0000][info][gc,heap     ] GC(9) Archive regions: 2->2
[2024-08-27T02:19:11.364+0000][info][gc,heap     ] GC(9) Humongous regions: 0->0
[2024-08-27T02:19:11.364+0000][info][gc,metaspace] GC(9) Metaspace: 100K(320K)->100K(320K) NonClass: 96K(192K)->96K(192K) Class: 4K(128K)->4K(128K)
[2024-08-27T02:19:11.364+0000][info][gc          ] GC(9) Pause Young (Normal) (G1 Evacuation Pause) 2049M->2004M(14080M) 69.712ms
[2024-08-27T02:19:11.365+0000][info][gc,cpu      ] GC(9) User=1.43s Sys=3.16s Real=0.07s
[2024-08-27T02:19:11.767+0000][info][gc,start    ] GC(10) Pause Young (Normal) (G1 Evacuation Pause)
[2024-08-27T02:19:11.767+0000][info][gc,task     ] GC(10) Using 68 workers of 68 for evacuation
[2024-08-27T02:19:11.832+0000][info][gc,phases   ] GC(10)   Pre Evacuate Collection Set: 0.5ms
[2024-08-27T02:19:11.833+0000][info][gc,phases   ] GC(10)   Merge Heap Roots: 0.8ms
[2024-08-27T02:19:11.833+0000][info][gc,phases   ] GC(10)   Evacuate Collection Set: 63.7ms
[2024-08-27T02:19:11.833+0000][info][gc,phases   ] GC(10)   Post Evacuate Collection Set: 0.7ms
[2024-08-27T02:19:11.833+0000][info][gc,phases   ] GC(10)   Other: 0.4ms
[2024-08-27T02:19:11.833+0000][info][gc,heap     ] GC(10) Eden regions: 38->0(38)
[2024-08-27T02:19:11.833+0000][info][gc,heap     ] GC(10) Survivor regions: 6->6(6)
[2024-08-27T02:19:11.833+0000][info][gc,heap     ] GC(10) Old regions: 119->156
[2024-08-27T02:19:11.833+0000][info][gc,heap     ] GC(10) Archive regions: 2->2
[2024-08-27T02:19:11.833+0000][info][gc,heap     ] GC(10) Humongous regions: 0->0
[2024-08-27T02:19:11.833+0000][info][gc,metaspace] GC(10) Metaspace: 100K(320K)->100K(320K) NonClass: 96K(192K)->96K(192K) Class: 4K(128K)->4K(128K)
[2024-08-27T02:19:11.833+0000][info][gc          ] GC(10) Pause Young (Normal) (G1 Evacuation Pause) 2612M->2593M(14080M) 66.056ms
[2024-08-27T02:19:11.833+0000][info][gc,cpu      ] GC(10) User=2.27s Sys=2.03s Real=0.07s
[2024-08-27T02:19:12.228+0000][info][gc,start    ] GC(11) Pause Young (Normal) (G1 Evacuation Pause)
[2024-08-27T02:19:12.228+0000][info][gc,task     ] GC(11) Using 68 workers of 68 for evacuation
[2024-08-27T02:19:12.290+0000][info][gc,phases   ] GC(11)   Pre Evacuate Collection Set: 0.3ms
[2024-08-27T02:19:12.290+0000][info][gc,phases   ] GC(11)   Merge Heap Roots: 0.7ms
[2024-08-27T02:19:12.290+0000][info][gc,phases   ] GC(11)   Evacuate Collection Set: 60.2ms
[2024-08-27T02:19:12.290+0000][info][gc,phases   ] GC(11)   Post Evacuate Collection Set: 0.9ms
[2024-08-27T02:19:12.290+0000][info][gc,phases   ] GC(11)   Other: 0.2ms
[2024-08-27T02:19:12.290+0000][info][gc,heap     ] GC(11) Eden regions: 38->0(38)
[2024-08-27T02:19:12.290+0000][info][gc,heap     ] GC(11) Survivor regions: 6->6(6)
[2024-08-27T02:19:12.290+0000][info][gc,heap     ] GC(11) Old regions: 156->193
[2024-08-27T02:19:12.290+0000][info][gc,heap     ] GC(11) Archive regions: 2->2
[2024-08-27T02:19:12.290+0000][info][gc,heap     ] GC(11) Humongous regions: 0->0
[2024-08-27T02:19:12.290+0000][info][gc,metaspace] GC(11) Metaspace: 100K(320K)->100K(320K) NonClass: 96K(192K)->96K(192K) Class: 4K(128K)->4K(128K)
[2024-08-27T02:19:12.290+0000][info][gc          ] GC(11) Pause Young (Normal) (G1 Evacuation Pause) 3201M->3191M(14080M) 62.432ms
[2024-08-27T02:19:12.290+0000][info][gc,cpu      ] GC(11) User=1.91s Sys=2.17s Real=0.07s
[2024-08-27T02:19:12.655+0000][info][gc,start    ] GC(12) Pause Young (Normal) (G1 Evacuation Pause)
[2024-08-27T02:19:12.655+0000][info][gc,task     ] GC(12) Using 68 workers of 68 for evacuation
[2024-08-27T02:19:12.731+0000][info][gc,phases   ] GC(12)   Pre Evacuate Collection Set: 0.4ms
[2024-08-27T02:19:12.731+0000][info][gc,phases   ] GC(12)   Merge Heap Roots: 0.7ms
[2024-08-27T02:19:12.731+0000][info][gc,phases   ] GC(12)   Evacuate Collection Set: 65.4ms
[2024-08-27T02:19:12.731+0000][info][gc,phases   ] GC(12)   Post Evacuate Collection Set: 9.3ms
[2024-08-27T02:19:12.731+0000][info][gc,phases   ] GC(12)   Other: 0.3ms
[2024-08-27T02:19:12.731+0000][info][gc,heap     ] GC(12) Eden regions: 38->0(48)
[2024-08-27T02:19:12.731+0000][info][gc,heap     ] GC(12) Survivor regions: 6->6(6)
[2024-08-27T02:19:12.731+0000][info][gc,heap     ] GC(12) Old regions: 193->231
[2024-08-27T02:19:12.731+0000][info][gc,heap     ] GC(12) Archive regions: 2->2
[2024-08-27T02:19:12.731+0000][info][gc,heap     ] GC(12) Humongous regions: 0->0
[2024-08-27T02:19:12.731+0000][info][gc,metaspace] GC(12) Metaspace: 100K(320K)->100K(320K) NonClass: 96K(192K)->96K(192K) Class: 4K(128K)->4K(128K)
[2024-08-27T02:19:12.731+0000][info][gc          ] GC(12) Pause Young (Normal) (G1 Evacuation Pause) 3799M->3798M(17408M) 76.179ms
[2024-08-27T02:19:12.731+0000][info][gc,cpu      ] GC(12) User=1.73s Sys=2.71s Real=0.08s
[2024-08-27T02:19:13.493+0000][info][gc,start    ] GC(13) Pause Young (Normal) (G1 Evacuation Pause)
[2024-08-27T02:19:13.494+0000][info][gc,task     ] GC(13) Using 68 workers of 68 for evacuation
[2024-08-27T02:19:13.581+0000][info][gc,phases   ] GC(13)   Pre Evacuate Collection Set: 0.4ms
[2024-08-27T02:19:13.581+0000][info][gc,phases   ] GC(13)   Merge Heap Roots: 0.9ms
[2024-08-27T02:19:13.581+0000][info][gc,phases   ] GC(13)   Evacuate Collection Set: 85.6ms
[2024-08-27T02:19:13.581+0000][info][gc,phases   ] GC(13)   Post Evacuate Collection Set: 0.7ms
[2024-08-27T02:19:13.581+0000][info][gc,phases   ] GC(13)   Other: 0.3ms
[2024-08-27T02:19:13.581+0000][info][gc,heap     ] GC(13) Eden regions: 48->0(47)
[2024-08-27T02:19:13.581+0000][info][gc,heap     ] GC(13) Survivor regions: 6->7(7)
[2024-08-27T02:19:13.581+0000][info][gc,heap     ] GC(13) Old regions: 231->276
[2024-08-27T02:19:13.581+0000][info][gc,heap     ] GC(13) Archive regions: 2->2
[2024-08-27T02:19:13.581+0000][info][gc,heap     ] GC(13) Humongous regions: 0->0
[2024-08-27T02:19:13.581+0000][info][gc,metaspace] GC(13) Metaspace: 100K(320K)->100K(320K) NonClass: 96K(192K)->96K(192K) Class: 4K(128K)->4K(128K)
[2024-08-27T02:19:13.581+0000][info][gc          ] GC(13) Pause Young (Normal) (G1 Evacuation Pause) 4566M->4534M(17408M) 88.043ms
[2024-08-27T02:19:13.582+0000][info][gc,cpu      ] GC(13) User=3.02s Sys=2.77s Real=0.09s
[2024-08-27T02:19:13.981+0000][info][gc,start    ] GC(14) Pause Young (Normal) (G1 Evacuation Pause)
[2024-08-27T02:19:13.981+0000][info][gc,task     ] GC(14) Using 68 workers of 68 for evacuation
[2024-08-27T02:19:14.063+0000][info][gc,phases   ] GC(14)   Pre Evacuate Collection Set: 0.3ms
[2024-08-27T02:19:14.063+0000][info][gc,phases   ] GC(14)   Merge Heap Roots: 0.8ms
[2024-08-27T02:19:14.063+0000][info][gc,phases   ] GC(14)   Evacuate Collection Set: 79.8ms
[2024-08-27T02:19:14.063+0000][info][gc,phases   ] GC(14)   Post Evacuate Collection Set: 0.7ms
[2024-08-27T02:19:14.063+0000][info][gc,phases   ] GC(14)   Other: 0.2ms
[2024-08-27T02:19:14.063+0000][info][gc,heap     ] GC(14) Eden regions: 47->0(47)
[2024-08-27T02:19:14.063+0000][info][gc,heap     ] GC(14) Survivor regions: 7->7(7)
[2024-08-27T02:19:14.063+0000][info][gc,heap     ] GC(14) Old regions: 276->322
[2024-08-27T02:19:14.063+0000][info][gc,heap     ] GC(14) Archive regions: 2->2
[2024-08-27T02:19:14.063+0000][info][gc,heap     ] GC(14) Humongous regions: 0->0
[2024-08-27T02:19:14.063+0000][info][gc,metaspace] GC(14) Metaspace: 100K(320K)->100K(320K) NonClass: 96K(192K)->96K(192K) Class: 4K(128K)->4K(128K)
[2024-08-27T02:19:14.063+0000][info][gc          ] GC(14) Pause Young (Normal) (G1 Evacuation Pause) 5286M->5269M(17408M) 81.951ms
[2024-08-27T02:19:14.063+0000][info][gc,cpu      ] GC(14) User=2.40s Sys=3.02s Real=0.08s
[2024-08-27T02:19:14.463+0000][info][gc,start    ] GC(15) Pause Young (Normal) (G1 Evacuation Pause)
[2024-08-27T02:19:14.463+0000][info][gc,task     ] GC(15) Using 68 workers of 68 for evacuation
[2024-08-27T02:19:14.537+0000][info][gc,phases   ] GC(15)   Pre Evacuate Collection Set: 0.3ms
[2024-08-27T02:19:14.537+0000][info][gc,phases   ] GC(15)   Merge Heap Roots: 0.8ms
[2024-08-27T02:19:14.537+0000][info][gc,phases   ] GC(15)   Evacuate Collection Set: 72.3ms
[2024-08-27T02:19:14.537+0000][info][gc,phases   ] GC(15)   Post Evacuate Collection Set: 0.8ms
[2024-08-27T02:19:14.537+0000][info][gc,phases   ] GC(15)   Other: 0.3ms
[2024-08-27T02:19:14.537+0000][info][gc,heap     ] GC(15) Eden regions: 47->0(47)
[2024-08-27T02:19:14.537+0000][info][gc,heap     ] GC(15) Survivor regions: 7->7(7)
[2024-08-27T02:19:14.537+0000][info][gc,heap     ] GC(15) Old regions: 322->368
[2024-08-27T02:19:14.537+0000][info][gc,heap     ] GC(15) Archive regions: 2->2
[2024-08-27T02:19:14.537+0000][info][gc,heap     ] GC(15) Humongous regions: 0->0
[2024-08-27T02:19:14.537+0000][info][gc,metaspace] GC(15) Metaspace: 100K(320K)->100K(320K) NonClass: 96K(192K)->96K(192K) Class: 4K(128K)->4K(128K)
[2024-08-27T02:19:14.537+0000][info][gc          ] GC(15) Pause Young (Normal) (G1 Evacuation Pause) 6021M->6003M(17408M) 74.638ms
[2024-08-27T02:19:14.537+0000][info][gc,cpu      ] GC(15) User=3.59s Sys=1.25s Real=0.07s
[2024-08-27T02:19:15.015+0000][info][gc,start    ] GC(16) Pause Young (Normal) (G1 Evacuation Pause)
[2024-08-27T02:19:15.015+0000][info][gc,task     ] GC(16) Using 68 workers of 68 for evacuation
[2024-08-27T02:19:15.098+0000][info][gc,phases   ] GC(16)   Pre Evacuate Collection Set: 0.3ms
[2024-08-27T02:19:15.098+0000][info][gc,phases   ] GC(16)   Merge Heap Roots: 0.8ms
[2024-08-27T02:19:15.098+0000][info][gc,phases   ] GC(16)   Evacuate Collection Set: 76.8ms
[2024-08-27T02:19:15.098+0000][info][gc,phases   ] GC(16)   Post Evacuate Collection Set: 5.6ms
[2024-08-27T02:19:15.098+0000][info][gc,phases   ] GC(16)   Other: 0.3ms
[2024-08-27T02:19:15.098+0000][info][gc,heap     ] GC(16) Eden regions: 47->0(55)
[2024-08-27T02:19:15.098+0000][info][gc,heap     ] GC(16) Survivor regions: 7->7(7)
[2024-08-27T02:19:15.098+0000][info][gc,heap     ] GC(16) Old regions: 368->414
[2024-08-27T02:19:15.098+0000][info][gc,heap     ] GC(16) Archive regions: 2->2
[2024-08-27T02:19:15.098+0000][info][gc,heap     ] GC(16) Humongous regions: 0->0
[2024-08-27T02:19:15.098+0000][info][gc,metaspace] GC(16) Metaspace: 100K(320K)->100K(320K) NonClass: 96K(192K)->96K(192K) Class: 4K(128K)->4K(128K)
[2024-08-27T02:19:15.098+0000][info][gc          ] GC(16) Pause Young (Normal) (G1 Evacuation Pause) 6755M->6739M(19952M) 83.819ms
[2024-08-27T02:19:15.098+0000][info][gc,cpu      ] GC(16) User=3.59s Sys=1.62s Real=0.09s
[2024-08-27T02:19:15.971+0000][info][gc,start    ] GC(17) Pause Young (Normal) (G1 Evacuation Pause)
[2024-08-27T02:19:15.971+0000][info][gc,task     ] GC(17) Using 68 workers of 68 for evacuation
[2024-08-27T02:19:16.091+0000][info][gc,phases   ] GC(17)   Pre Evacuate Collection Set: 0.3ms
[2024-08-27T02:19:16.091+0000][info][gc,phases   ] GC(17)   Merge Heap Roots: 0.8ms
[2024-08-27T02:19:16.091+0000][info][gc,phases   ] GC(17)   Evacuate Collection Set: 118.1ms
[2024-08-27T02:19:16.091+0000][info][gc,phases   ] GC(17)   Post Evacuate Collection Set: 0.8ms
[2024-08-27T02:19:16.091+0000][info][gc,phases   ] GC(17)   Other: 0.2ms
[2024-08-27T02:19:16.091+0000][info][gc,heap     ] GC(17) Eden regions: 55->0(54)
[2024-08-27T02:19:16.091+0000][info][gc,heap     ] GC(17) Survivor regions: 7->8(8)
[2024-08-27T02:19:16.091+0000][info][gc,heap     ] GC(17) Old regions: 414->465
[2024-08-27T02:19:16.091+0000][info][gc,heap     ] GC(17) Archive regions: 2->2
[2024-08-27T02:19:16.091+0000][info][gc,heap     ] GC(17) Humongous regions: 0->0
[2024-08-27T02:19:16.091+0000][info][gc,metaspace] GC(17) Metaspace: 100K(320K)->100K(320K) NonClass: 96K(192K)->96K(192K) Class: 4K(128K)->4K(128K)
[2024-08-27T02:19:16.091+0000][info][gc          ] GC(17) Pause Young (Normal) (G1 Evacuation Pause) 7619M->7583M(19952M) 120.284ms
[2024-08-27T02:19:16.091+0000][info][gc,cpu      ] GC(17) User=5.45s Sys=2.58s Real=0.12s
[2024-08-27T02:19:16.624+0000][info][gc,start    ] GC(18) Pause Young (Normal) (G1 Evacuation Pause)
[2024-08-27T02:19:16.624+0000][info][gc,task     ] GC(18) Using 68 workers of 68 for evacuation
[2024-08-27T02:19:16.747+0000][info][gc,phases   ] GC(18)   Pre Evacuate Collection Set: 0.3ms
[2024-08-27T02:19:16.747+0000][info][gc,phases   ] GC(18)   Merge Heap Roots: 0.7ms
[2024-08-27T02:19:16.748+0000][info][gc,phases   ] GC(18)   Evacuate Collection Set: 121.4ms
[2024-08-27T02:19:16.748+0000][info][gc,phases   ] GC(18)   Post Evacuate Collection Set: 0.7ms
[2024-08-27T02:19:16.748+0000][info][gc,phases   ] GC(18)   Other: 0.2ms
[2024-08-27T02:19:16.748+0000][info][gc,heap     ] GC(18) Eden regions: 54->0(54)
[2024-08-27T02:19:16.748+0000][info][gc,heap     ] GC(18) Survivor regions: 8->8(8)
[2024-08-27T02:19:16.748+0000][info][gc,heap     ] GC(18) Old regions: 465->518
[2024-08-27T02:19:16.748+0000][info][gc,heap     ] GC(18) Archive regions: 2->2
[2024-08-27T02:19:16.748+0000][info][gc,heap     ] GC(18) Humongous regions: 0->0
[2024-08-27T02:19:16.748+0000][info][gc,metaspace] GC(18) Metaspace: 100K(320K)->100K(320K) NonClass: 96K(192K)->96K(192K) Class: 4K(128K)->4K(128K)
[2024-08-27T02:19:16.748+0000][info][gc          ] GC(18) Pause Young (Normal) (G1 Evacuation Pause) 8447M->8420M(19952M) 123.325ms
[2024-08-27T02:19:16.748+0000][info][gc,cpu      ] GC(18) User=5.70s Sys=2.50s Real=0.12s
[2024-08-27T02:19:17.287+0000][info][gc,start    ] GC(19) Pause Young (Normal) (G1 Evacuation Pause)
[2024-08-27T02:19:17.287+0000][info][gc,task     ] GC(19) Using 68 workers of 68 for evacuation
[2024-08-27T02:19:17.413+0000][info][gc,phases   ] GC(19)   Pre Evacuate Collection Set: 0.3ms
[2024-08-27T02:19:17.413+0000][info][gc,phases   ] GC(19)   Merge Heap Roots: 0.7ms
[2024-08-27T02:19:17.413+0000][info][gc,phases   ] GC(19)   Evacuate Collection Set: 123.9ms
[2024-08-27T02:19:17.413+0000][info][gc,phases   ] GC(19)   Post Evacuate Collection Set: 0.7ms
[2024-08-27T02:19:17.413+0000][info][gc,phases   ] GC(19)   Other: 0.2ms
[2024-08-27T02:19:17.413+0000][info][gc,heap     ] GC(19) Eden regions: 54->0(54)
[2024-08-27T02:19:17.413+0000][info][gc,heap     ] GC(19) Survivor regions: 8->8(8)
[2024-08-27T02:19:17.413+0000][info][gc,heap     ] GC(19) Old regions: 518->570
[2024-08-27T02:19:17.413+0000][info][gc,heap     ] GC(19) Archive regions: 2->2
[2024-08-27T02:19:17.413+0000][info][gc,heap     ] GC(19) Humongous regions: 0->0
[2024-08-27T02:19:17.413+0000][info][gc,metaspace] GC(19) Metaspace: 100K(320K)->100K(320K) NonClass: 96K(192K)->96K(192K) Class: 4K(128K)->4K(128K)
[2024-08-27T02:19:17.413+0000][info][gc          ] GC(19) Pause Young (Normal) (G1 Evacuation Pause) 9284M->9263M(19952M) 125.900ms
[2024-08-27T02:19:17.413+0000][info][gc,cpu      ] GC(19) User=6.20s Sys=2.14s Real=0.13s
[2024-08-27T02:19:17.941+0000][info][gc,start    ] GC(20) Pause Young (Concurrent Start) (G1 Evacuation Pause)
[2024-08-27T02:19:17.941+0000][info][gc,task     ] GC(20) Using 68 workers of 68 for evacuation
[2024-08-27T02:19:18.048+0000][info][gc,phases   ] GC(20)   Pre Evacuate Collection Set: 0.3ms
[2024-08-27T02:19:18.048+0000][info][gc,phases   ] GC(20)   Merge Heap Roots: 0.9ms
[2024-08-27T02:19:18.048+0000][info][gc,phases   ] GC(20)   Evacuate Collection Set: 99.4ms
[2024-08-27T02:19:18.048+0000][info][gc,phases   ] GC(20)   Post Evacuate Collection Set: 5.0ms
[2024-08-27T02:19:18.048+0000][info][gc,phases   ] GC(20)   Other: 1.2ms
[2024-08-27T02:19:18.048+0000][info][gc,heap     ] GC(20) Eden regions: 54->0(61)
[2024-08-27T02:19:18.048+0000][info][gc,heap     ] GC(20) Survivor regions: 8->8(8)
[2024-08-27T02:19:18.048+0000][info][gc,heap     ] GC(20) Old regions: 570->624
[2024-08-27T02:19:18.048+0000][info][gc,heap     ] GC(20) Archive regions: 2->2
[2024-08-27T02:19:18.048+0000][info][gc,heap     ] GC(20) Humongous regions: 0->0
[2024-08-27T02:19:18.048+0000][info][gc,metaspace] GC(20) Metaspace: 100K(320K)->100K(320K) NonClass: 96K(192K)->96K(192K) Class: 4K(128K)->4K(128K)
[2024-08-27T02:19:18.048+0000][info][gc          ] GC(20) Pause Young (Concurrent Start) (G1 Evacuation Pause) 10127M->10114M(22112M) 106.830ms
[2024-08-27T02:19:18.048+0000][info][gc,cpu      ] GC(20) User=4.81s Sys=1.88s Real=0.10s
[2024-08-27T02:19:18.048+0000][info][gc          ] GC(21) Concurrent Mark Cycle
[2024-08-27T02:19:18.048+0000][info][gc,marking  ] GC(21) Concurrent Clear Claimed Marks
[2024-08-27T02:19:18.048+0000][info][gc,marking  ] GC(21) Concurrent Clear Claimed Marks 0.009ms
[2024-08-27T02:19:18.048+0000][info][gc,marking  ] GC(21) Concurrent Scan Root Regions
[2024-08-27T02:19:18.096+0000][info][gc,marking  ] GC(21) Concurrent Scan Root Regions 47.252ms
[2024-08-27T02:19:18.096+0000][info][gc,marking  ] GC(21) Concurrent Mark
[2024-08-27T02:19:18.096+0000][info][gc,marking  ] GC(21) Concurrent Mark From Roots
[2024-08-27T02:19:18.096+0000][info][gc,task     ] GC(21) Using 17 workers of 17 for marking
[2024-08-27T02:19:18.124+0000][info][gc,marking  ] GC(21) Concurrent Mark From Roots 28.487ms
[2024-08-27T02:19:18.124+0000][info][gc,marking  ] GC(21) Concurrent Preclean
[2024-08-27T02:19:18.125+0000][info][gc,marking  ] GC(21) Concurrent Preclean 0.375ms
[2024-08-27T02:19:18.125+0000][info][gc,start    ] GC(21) Pause Remark
[2024-08-27T02:19:18.129+0000][info][gc          ] GC(21) Pause Remark 10146M->2850M(9600M) 4.287ms
[2024-08-27T02:19:18.130+0000][info][gc,cpu      ] GC(21) User=0.04s Sys=0.04s Real=0.01s
[2024-08-27T02:19:18.130+0000][info][gc,marking  ] GC(21) Concurrent Mark 34.065ms
[2024-08-27T02:19:18.130+0000][info][gc,marking  ] GC(21) Concurrent Rebuild Remembered Sets
[2024-08-27T02:19:18.363+0000][info][gc,marking  ] GC(21) Concurrent Rebuild Remembered Sets 232.960ms
[2024-08-27T02:19:18.364+0000][info][gc,start    ] GC(21) Pause Cleanup
[2024-08-27T02:19:18.364+0000][info][gc          ] GC(21) Pause Cleanup 3114M->3114M(9600M) 0.768ms
[2024-08-27T02:19:18.364+0000][info][gc,cpu      ] GC(21) User=0.00s Sys=0.00s Real=0.00s
[2024-08-27T02:19:18.365+0000][info][gc,marking  ] GC(21) Concurrent Cleanup for Next Mark
[2024-08-27T02:19:18.382+0000][info][gc,marking  ] GC(21) Concurrent Cleanup for Next Mark 16.903ms
[2024-08-27T02:19:18.382+0000][info][gc          ] GC(21) Concurrent Mark Cycle 333.424ms
[2024-08-27T02:19:19.633+0000][info][gc,start    ] GC(22) Pause Young (Prepare Mixed) (G1 Evacuation Pause)
[2024-08-27T02:19:19.633+0000][info][gc,task     ] GC(22) Using 68 workers of 68 for evacuation
[2024-08-27T02:19:19.868+0000][info][gc,mmu      ] GC(22) MMU target violated: 201.0ms (200.0ms/201.0ms)
[2024-08-27T02:19:19.868+0000][info][gc,phases   ] GC(22)   Pre Evacuate Collection Set: 0.4ms
[2024-08-27T02:19:19.868+0000][info][gc,phases   ] GC(22)   Merge Heap Roots: 0.9ms
[2024-08-27T02:19:19.868+0000][info][gc,phases   ] GC(22)   Evacuate Collection Set: 232.5ms
[2024-08-27T02:19:19.868+0000][info][gc,phases   ] GC(22)   Post Evacuate Collection Set: 0.9ms
[2024-08-27T02:19:19.868+0000][info][gc,phases   ] GC(22)   Other: 0.3ms
[2024-08-27T02:19:19.868+0000][info][gc,heap     ] GC(22) Eden regions: 61->0(21)
[2024-08-27T02:19:19.868+0000][info][gc,heap     ] GC(22) Survivor regions: 8->9(9)
[2024-08-27T02:19:19.868+0000][info][gc,heap     ] GC(22) Old regions: 168->225
[2024-08-27T02:19:19.868+0000][info][gc,heap     ] GC(22) Archive regions: 2->2
[2024-08-27T02:19:19.868+0000][info][gc,heap     ] GC(22) Humongous regions: 0->0
[2024-08-27T02:19:19.868+0000][info][gc,metaspace] GC(22) Metaspace: 100K(320K)->100K(320K) NonClass: 96K(192K)->96K(192K) Class: 4K(128K)->4K(128K)
[2024-08-27T02:19:19.868+0000][info][gc          ] GC(22) Pause Young (Prepare Mixed) (G1 Evacuation Pause) 3794M->3745M(9600M) 234.963ms
[2024-08-27T02:19:19.868+0000][info][gc,cpu      ] GC(22) User=3.50s Sys=12.29s Real=0.23s
[2024-08-27T02:19:20.089+0000][info][gc,start    ] GC(23) Pause Young (Mixed) (G1 Evacuation Pause)
[2024-08-27T02:19:20.089+0000][info][gc,task     ] GC(23) Using 68 workers of 68 for evacuation
[2024-08-27T02:19:20.187+0000][info][gc,phases   ] GC(23)   Pre Evacuate Collection Set: 0.4ms
[2024-08-27T02:19:20.187+0000][info][gc,phases   ] GC(23)   Merge Heap Roots: 0.8ms
[2024-08-27T02:19:20.187+0000][info][gc,phases   ] GC(23)   Evacuate Collection Set: 95.3ms
[2024-08-27T02:19:20.187+0000][info][gc,phases   ] GC(23)   Post Evacuate Collection Set: 0.8ms
[2024-08-27T02:19:20.187+0000][info][gc,phases   ] GC(23)   Other: 0.3ms
[2024-08-27T02:19:20.187+0000][info][gc,heap     ] GC(23) Eden regions: 21->0(48)
[2024-08-27T02:19:20.187+0000][info][gc,heap     ] GC(23) Survivor regions: 9->4(4)
[2024-08-27T02:19:20.187+0000][info][gc,heap     ] GC(23) Old regions: 225->210
[2024-08-27T02:19:20.187+0000][info][gc,heap     ] GC(23) Archive regions: 2->2
[2024-08-27T02:19:20.187+0000][info][gc,heap     ] GC(23) Humongous regions: 0->0
[2024-08-27T02:19:20.187+0000][info][gc,metaspace] GC(23) Metaspace: 100K(320K)->100K(320K) NonClass: 96K(192K)->96K(192K) Class: 4K(128K)->4K(128K)
[2024-08-27T02:19:20.187+0000][info][gc          ] GC(23) Pause Young (Mixed) (G1 Evacuation Pause) 4081M->3419M(9600M) 97.573ms
[2024-08-27T02:19:20.187+0000][info][gc,cpu      ] GC(23) User=1.59s Sys=4.53s Real=0.10s
[2024-08-27T02:19:21.050+0000][info][gc,start    ] GC(24) Pause Young (Normal) (G1 Evacuation Pause)
[2024-08-27T02:19:21.050+0000][info][gc,task     ] GC(24) Using 68 workers of 68 for evacuation
[2024-08-27T02:19:21.234+0000][info][gc,phases   ] GC(24)   Pre Evacuate Collection Set: 0.4ms
[2024-08-27T02:19:21.234+0000][info][gc,phases   ] GC(24)   Merge Heap Roots: 1.0ms
[2024-08-27T02:19:21.234+0000][info][gc,phases   ] GC(24)   Evacuate Collection Set: 180.7ms
[2024-08-27T02:19:21.234+0000][info][gc,phases   ] GC(24)   Post Evacuate Collection Set: 1.7ms
[2024-08-27T02:19:21.234+0000][info][gc,phases   ] GC(24)   Other: 0.3ms
[2024-08-27T02:19:21.234+0000][info][gc,heap     ] GC(24) Eden regions: 48->0(42)
[2024-08-27T02:19:21.234+0000][info][gc,heap     ] GC(24) Survivor regions: 4->7(7)
[2024-08-27T02:19:21.234+0000][info][gc,heap     ] GC(24) Old regions: 210->253
[2024-08-27T02:19:21.234+0000][info][gc,heap     ] GC(24) Archive regions: 2->2
[2024-08-27T02:19:21.234+0000][info][gc,heap     ] GC(24) Humongous regions: 0->0
[2024-08-27T02:19:21.234+0000][info][gc,metaspace] GC(24) Metaspace: 100K(320K)->100K(320K) NonClass: 96K(192K)->96K(192K) Class: 4K(128K)->4K(128K)
[2024-08-27T02:19:21.234+0000][info][gc          ] GC(24) Pause Young (Normal) (G1 Evacuation Pause) 4187M->4157M(9600M) 184.141ms
[2024-08-27T02:19:21.234+0000][info][gc,cpu      ] GC(24) User=2.44s Sys=9.87s Real=0.18s
[2024-08-27T02:19:21.658+0000][info][gc,start    ] GC(25) Pause Young (Normal) (G1 Evacuation Pause)
[2024-08-27T02:19:21.658+0000][info][gc,task     ] GC(25) Using 68 workers of 68 for evacuation
[2024-08-27T02:19:21.792+0000][info][gc,phases   ] GC(25)   Pre Evacuate Collection Set: 0.9ms
[2024-08-27T02:19:21.792+0000][info][gc,phases   ] GC(25)   Merge Heap Roots: 4.4ms
[2024-08-27T02:19:21.792+0000][info][gc,phases   ] GC(25)   Evacuate Collection Set: 125.6ms
[2024-08-27T02:19:21.792+0000][info][gc,phases   ] GC(25)   Post Evacuate Collection Set: 3.1ms
[2024-08-27T02:19:21.792+0000][info][gc,phases   ] GC(25)   Other: 0.5ms
[2024-08-27T02:19:21.792+0000][info][gc,heap     ] GC(25) Eden regions: 42->0(44)
[2024-08-27T02:19:21.792+0000][info][gc,heap     ] GC(25) Survivor regions: 7->7(7)
[2024-08-27T02:19:21.792+0000][info][gc,heap     ] GC(25) Old regions: 253->295
[2024-08-27T02:19:21.792+0000][info][gc,heap     ] GC(25) Archive regions: 2->2
[2024-08-27T02:19:21.792+0000][info][gc,heap     ] GC(25) Humongous regions: 0->0
[2024-08-27T02:19:21.792+0000][info][gc,metaspace] GC(25) Metaspace: 100K(320K)->100K(320K) NonClass: 96K(192K)->96K(192K) Class: 4K(128K)->4K(128K)
[2024-08-27T02:19:21.792+0000][info][gc          ] GC(25) Pause Young (Normal) (G1 Evacuation Pause) 4829M->4821M(9600M) 134.501ms
[2024-08-27T02:19:21.792+0000][info][gc,cpu      ] GC(25) User=2.83s Sys=6.03s Real=0.13s
[2024-08-27T02:19:22.216+0000][info][gc,start    ] GC(26) Pause Young (Concurrent Start) (G1 Evacuation Pause)
[2024-08-27T02:19:22.216+0000][info][gc,task     ] GC(26) Using 68 workers of 68 for evacuation
[2024-08-27T02:19:22.360+0000][info][gc,phases   ] GC(26)   Pre Evacuate Collection Set: 0.5ms
[2024-08-27T02:19:22.360+0000][info][gc,phases   ] GC(26)   Merge Heap Roots: 1.0ms
[2024-08-27T02:19:22.360+0000][info][gc,phases   ] GC(26)   Evacuate Collection Set: 126.6ms
[2024-08-27T02:19:22.360+0000][info][gc,phases   ] GC(26)   Post Evacuate Collection Set: 12.8ms
[2024-08-27T02:19:22.360+0000][info][gc,phases   ] GC(26)   Other: 2.6ms
[2024-08-27T02:19:22.360+0000][info][gc,heap     ] GC(26) Eden regions: 44->0(42)
[2024-08-27T02:19:22.360+0000][info][gc,heap     ] GC(26) Survivor regions: 7->7(7)
[2024-08-27T02:19:22.360+0000][info][gc,heap     ] GC(26) Old regions: 295->338
[2024-08-27T02:19:22.360+0000][info][gc,heap     ] GC(26) Archive regions: 2->2
[2024-08-27T02:19:22.360+0000][info][gc,heap     ] GC(26) Humongous regions: 0->0
[2024-08-27T02:19:22.360+0000][info][gc,metaspace] GC(26) Metaspace: 100K(320K)->100K(320K) NonClass: 96K(192K)->96K(192K) Class: 4K(128K)->4K(128K)
[2024-08-27T02:19:22.360+0000][info][gc          ] GC(26) Pause Young (Concurrent Start) (G1 Evacuation Pause) 5525M->5507M(15360M) 143.482ms
[2024-08-27T02:19:22.360+0000][info][gc,cpu      ] GC(26) User=3.02s Sys=5.43s Real=0.15s
[2024-08-27T02:19:22.360+0000][info][gc          ] GC(27) Concurrent Mark Cycle
[2024-08-27T02:19:22.360+0000][info][gc,marking  ] GC(27) Concurrent Clear Claimed Marks
[2024-08-27T02:19:22.360+0000][info][gc,marking  ] GC(27) Concurrent Clear Claimed Marks 0.009ms
[2024-08-27T02:19:22.360+0000][info][gc,marking  ] GC(27) Concurrent Scan Root Regions
[2024-08-27T02:19:22.385+0000][info][gc,marking  ] GC(27) Concurrent Scan Root Regions 24.941ms
[2024-08-27T02:19:22.385+0000][info][gc,marking  ] GC(27) Concurrent Mark
[2024-08-27T02:19:22.385+0000][info][gc,marking  ] GC(27) Concurrent Mark From Roots
[2024-08-27T02:19:22.385+0000][info][gc,task     ] GC(27) Using 17 workers of 17 for marking
[2024-08-27T02:19:22.415+0000][info][gc,marking  ] GC(27) Concurrent Mark From Roots 29.523ms
[2024-08-27T02:19:22.415+0000][info][gc,marking  ] GC(27) Concurrent Preclean
[2024-08-27T02:19:22.415+0000][info][gc,marking  ] GC(27) Concurrent Preclean 0.384ms
[2024-08-27T02:19:22.416+0000][info][gc,start    ] GC(27) Pause Remark
[2024-08-27T02:19:22.426+0000][info][gc          ] GC(27) Pause Remark 5555M->2657M(8960M) 10.306ms
[2024-08-27T02:19:22.426+0000][info][gc,cpu      ] GC(27) User=0.02s Sys=0.51s Real=0.01s
[2024-08-27T02:19:22.426+0000][info][gc,marking  ] GC(27) Concurrent Mark 41.011ms
[2024-08-27T02:19:22.426+0000][info][gc,marking  ] GC(27) Concurrent Rebuild Remembered Sets
[2024-08-27T02:19:22.608+0000][info][gc,marking  ] GC(27) Concurrent Rebuild Remembered Sets 182.090ms
[2024-08-27T02:19:22.609+0000][info][gc,start    ] GC(27) Pause Cleanup
[2024-08-27T02:19:22.610+0000][info][gc          ] GC(27) Pause Cleanup 2761M->2761M(8960M) 1.114ms
[2024-08-27T02:19:22.610+0000][info][gc,cpu      ] GC(27) User=0.00s Sys=0.01s Real=0.01s
[2024-08-27T02:19:22.610+0000][info][gc,marking  ] GC(27) Concurrent Cleanup for Next Mark
[2024-08-27T02:19:22.712+0000][info][gc,marking  ] GC(27) Concurrent Cleanup for Next Mark 101.544ms
[2024-08-27T02:19:22.712+0000][info][gc          ] GC(27) Concurrent Mark Cycle 351.835ms
[2024-08-27T02:19:23.308+0000][info][gc,start    ] GC(28) Pause Young (Prepare Mixed) (G1 Evacuation Pause)
[2024-08-27T02:19:23.308+0000][info][gc,task     ] GC(28) Using 68 workers of 68 for evacuation
[2024-08-27T02:19:23.405+0000][info][gc,phases   ] GC(28)   Pre Evacuate Collection Set: 0.4ms
[2024-08-27T02:19:23.405+0000][info][gc,phases   ] GC(28)   Merge Heap Roots: 1.3ms
[2024-08-27T02:19:23.405+0000][info][gc,phases   ] GC(28)   Evacuate Collection Set: 94.0ms
[2024-08-27T02:19:23.405+0000][info][gc,phases   ] GC(28)   Post Evacuate Collection Set: 0.9ms
[2024-08-27T02:19:23.405+0000][info][gc,phases   ] GC(28)   Other: 0.3ms
[2024-08-27T02:19:23.405+0000][info][gc,heap     ] GC(28) Eden regions: 42->0(21)
[2024-08-27T02:19:23.405+0000][info][gc,heap     ] GC(28) Survivor regions: 7->7(7)
[2024-08-27T02:19:23.405+0000][info][gc,heap     ] GC(28) Old regions: 156->198
[2024-08-27T02:19:23.405+0000][info][gc,heap     ] GC(28) Archive regions: 2->2
[2024-08-27T02:19:23.405+0000][info][gc,heap     ] GC(28) Humongous regions: 0->0
[2024-08-27T02:19:23.405+0000][info][gc,metaspace] GC(28) Metaspace: 100K(320K)->100K(320K) NonClass: 96K(192K)->96K(192K) Class: 4K(128K)->4K(128K)
[2024-08-27T02:19:23.405+0000][info][gc          ] GC(28) Pause Young (Prepare Mixed) (G1 Evacuation Pause) 3281M->3274M(8960M) 96.924ms
[2024-08-27T02:19:23.405+0000][info][gc,cpu      ] GC(28) User=4.54s Sys=1.78s Real=0.10s
[2024-08-27T02:19:23.613+0000][info][gc,start    ] GC(29) Pause Young (Mixed) (G1 Evacuation Pause)
[2024-08-27T02:19:23.613+0000][info][gc,task     ] GC(29) Using 68 workers of 68 for evacuation
[2024-08-27T02:19:23.671+0000][info][gc,phases   ] GC(29)   Pre Evacuate Collection Set: 0.4ms
[2024-08-27T02:19:23.672+0000][info][gc,phases   ] GC(29)   Merge Heap Roots: 1.0ms
[2024-08-27T02:19:23.672+0000][info][gc,phases   ] GC(29)   Evacuate Collection Set: 56.0ms
[2024-08-27T02:19:23.672+0000][info][gc,phases   ] GC(29)   Post Evacuate Collection Set: 1.4ms
[2024-08-27T02:19:23.672+0000][info][gc,phases   ] GC(29)   Other: 0.3ms
[2024-08-27T02:19:23.672+0000][info][gc,heap     ] GC(29) Eden regions: 21->0(64)
[2024-08-27T02:19:23.672+0000][info][gc,heap     ] GC(29) Survivor regions: 7->4(4)
[2024-08-27T02:19:23.672+0000][info][gc,heap     ] GC(29) Old regions: 198->169
[2024-08-27T02:19:23.672+0000][info][gc,heap     ] GC(29) Archive regions: 2->2
[2024-08-27T02:19:23.672+0000][info][gc,heap     ] GC(29) Humongous regions: 0->0
[2024-08-27T02:19:23.672+0000][info][gc,metaspace] GC(29) Metaspace: 100K(320K)->100K(320K) NonClass: 96K(192K)->96K(192K) Class: 4K(128K)->4K(128K)
[2024-08-27T02:19:23.672+0000][info][gc          ] GC(29) Pause Young (Mixed) (G1 Evacuation Pause) 3610M->2762M(8960M) 59.130ms
[2024-08-27T02:19:23.672+0000][info][gc,cpu      ] GC(29) User=2.68s Sys=1.07s Real=0.06s
[2024-08-27T02:19:24.303+0000][info][gc,start    ] GC(30) Pause Young (Normal) (G1 Evacuation Pause)
[2024-08-27T02:19:24.304+0000][info][gc,task     ] GC(30) Using 68 workers of 68 for evacuation
[2024-08-27T02:19:24.448+0000][info][gc,phases   ] GC(30)   Pre Evacuate Collection Set: 0.4ms
[2024-08-27T02:19:24.448+0000][info][gc,phases   ] GC(30)   Merge Heap Roots: 0.9ms
[2024-08-27T02:19:24.448+0000][info][gc,phases   ] GC(30)   Evacuate Collection Set: 142.6ms
[2024-08-27T02:19:24.448+0000][info][gc,phases   ] GC(30)   Post Evacuate Collection Set: 0.8ms
[2024-08-27T02:19:24.448+0000][info][gc,phases   ] GC(30)   Other: 0.3ms
[2024-08-27T02:19:24.448+0000][info][gc,heap     ] GC(30) Eden regions: 64->0(63)
[2024-08-27T02:19:24.448+0000][info][gc,heap     ] GC(30) Survivor regions: 4->9(9)
[2024-08-27T02:19:24.448+0000][info][gc,heap     ] GC(30) Old regions: 169->223
[2024-08-27T02:19:24.448+0000][info][gc,heap     ] GC(30) Archive regions: 2->2
[2024-08-27T02:19:24.448+0000][info][gc,heap     ] GC(30) Humongous regions: 0->0
[2024-08-27T02:19:24.448+0000][info][gc,metaspace] GC(30) Metaspace: 100K(320K)->100K(320K) NonClass: 96K(192K)->96K(192K) Class: 4K(128K)->4K(128K)
[2024-08-27T02:19:24.448+0000][info][gc          ] GC(30) Pause Young (Normal) (G1 Evacuation Pause) 3786M->3712M(8960M) 145.017ms
[2024-08-27T02:19:24.449+0000][info][gc,cpu      ] GC(30) User=5.19s Sys=4.54s Real=0.14s
[2024-08-27T02:19:24.999+0000][info][gc,start    ] GC(31) Pause Young (Normal) (G1 Evacuation Pause)
[2024-08-27T02:19:24.999+0000][info][gc,task     ] GC(31) Using 68 workers of 68 for evacuation
[2024-08-27T02:19:25.190+0000][info][gc,phases   ] GC(31)   Pre Evacuate Collection Set: 0.3ms
[2024-08-27T02:19:25.190+0000][info][gc,phases   ] GC(31)   Merge Heap Roots: 0.8ms
[2024-08-27T02:19:25.190+0000][info][gc,phases   ] GC(31)   Evacuate Collection Set: 187.4ms
[2024-08-27T02:19:25.190+0000][info][gc,phases   ] GC(31)   Post Evacuate Collection Set: 2.6ms
[2024-08-27T02:19:25.190+0000][info][gc,phases   ] GC(31)   Other: 0.2ms
[2024-08-27T02:19:25.190+0000][info][gc,heap     ] GC(31) Eden regions: 63->0(62)
[2024-08-27T02:19:25.190+0000][info][gc,heap     ] GC(31) Survivor regions: 9->9(9)
[2024-08-27T02:19:25.190+0000][info][gc,heap     ] GC(31) Old regions: 223->284
[2024-08-27T02:19:25.190+0000][info][gc,heap     ] GC(31) Archive regions: 2->2
[2024-08-27T02:19:25.190+0000][info][gc,heap     ] GC(31) Humongous regions: 0->0
[2024-08-27T02:19:25.190+0000][info][gc,metaspace] GC(31) Metaspace: 100K(320K)->100K(320K) NonClass: 96K(192K)->96K(192K) Class: 4K(128K)->4K(128K)
[2024-08-27T02:19:25.190+0000][info][gc          ] GC(31) Pause Young (Normal) (G1 Evacuation Pause) 4720M->4686M(8960M) 191.331ms
[2024-08-27T02:19:25.190+0000][info][gc,cpu      ] GC(31) User=4.37s Sys=8.37s Real=0.19s
[2024-08-27T02:19:25.710+0000][info][gc,start    ] GC(32) Pause Young (Concurrent Start) (G1 Evacuation Pause)
[2024-08-27T02:19:25.710+0000][info][gc,task     ] GC(32) Using 68 workers of 68 for evacuation
[2024-08-27T02:19:25.906+0000][info][gc,phases   ] GC(32)   Pre Evacuate Collection Set: 0.3ms
[2024-08-27T02:19:25.907+0000][info][gc,phases   ] GC(32)   Merge Heap Roots: 0.9ms
[2024-08-27T02:19:25.907+0000][info][gc,phases   ] GC(32)   Evacuate Collection Set: 185.9ms
[2024-08-27T02:19:25.907+0000][info][gc,phases   ] GC(32)   Post Evacuate Collection Set: 9.4ms
[2024-08-27T02:19:25.907+0000][info][gc,phases   ] GC(32)   Other: 0.5ms
[2024-08-27T02:19:25.907+0000][info][gc,heap     ] GC(32) Eden regions: 62->0(54)
[2024-08-27T02:19:25.907+0000][info][gc,heap     ] GC(32) Survivor regions: 9->9(9)
[2024-08-27T02:19:25.907+0000][info][gc,heap     ] GC(32) Old regions: 284->344
[2024-08-27T02:19:25.907+0000][info][gc,heap     ] GC(32) Archive regions: 2->2
[2024-08-27T02:19:25.907+0000][info][gc,heap     ] GC(32) Humongous regions: 0->0
[2024-08-27T02:19:25.907+0000][info][gc,metaspace] GC(32) Metaspace: 100K(320K)->100K(320K) NonClass: 96K(192K)->96K(192K) Class: 4K(128K)->4K(128K)
[2024-08-27T02:19:25.907+0000][info][gc          ] GC(32) Pause Young (Concurrent Start) (G1 Evacuation Pause) 5678M->5643M(14336M) 197.017ms
[2024-08-27T02:19:25.907+0000][info][gc,cpu      ] GC(32) User=4.72s Sys=7.88s Real=0.19s
[2024-08-27T02:19:25.907+0000][info][gc          ] GC(33) Concurrent Mark Cycle
[2024-08-27T02:19:25.907+0000][info][gc,marking  ] GC(33) Concurrent Clear Claimed Marks
[2024-08-27T02:19:25.907+0000][info][gc,marking  ] GC(33) Concurrent Clear Claimed Marks 0.012ms
[2024-08-27T02:19:25.907+0000][info][gc,marking  ] GC(33) Concurrent Scan Root Regions
[2024-08-27T02:19:25.938+0000][info][gc,marking  ] GC(33) Concurrent Scan Root Regions 31.481ms
[2024-08-27T02:19:25.938+0000][info][gc,marking  ] GC(33) Concurrent Mark
[2024-08-27T02:19:25.938+0000][info][gc,marking  ] GC(33) Concurrent Mark From Roots
[2024-08-27T02:19:25.938+0000][info][gc,task     ] GC(33) Using 17 workers of 17 for marking
[2024-08-27T02:19:25.961+0000][info][gc,marking  ] GC(33) Concurrent Mark From Roots 23.026ms
[2024-08-27T02:19:25.961+0000][info][gc,marking  ] GC(33) Concurrent Preclean
[2024-08-27T02:19:25.962+0000][info][gc,marking  ] GC(33) Concurrent Preclean 0.538ms
[2024-08-27T02:19:25.962+0000][info][gc,start    ] GC(33) Pause Remark
[2024-08-27T02:19:25.965+0000][info][gc          ] GC(33) Pause Remark 5699M->3121M(10512M) 2.231ms
[2024-08-27T02:19:25.965+0000][info][gc,cpu      ] GC(33) User=0.02s Sys=0.01s Real=0.00s
[2024-08-27T02:19:25.965+0000][info][gc,marking  ] GC(33) Concurrent Mark 26.428ms
[2024-08-27T02:19:25.965+0000][info][gc,marking  ] GC(33) Concurrent Rebuild Remembered Sets
[2024-08-27T02:19:26.175+0000][info][gc,marking  ] GC(33) Concurrent Rebuild Remembered Sets 210.422ms
[2024-08-27T02:19:26.176+0000][info][gc,start    ] GC(33) Pause Cleanup
[2024-08-27T02:19:26.177+0000][info][gc          ] GC(33) Pause Cleanup 3329M->3329M(10512M) 0.928ms
[2024-08-27T02:19:26.177+0000][info][gc,cpu      ] GC(33) User=0.01s Sys=0.01s Real=0.00s
[2024-08-27T02:19:26.177+0000][info][gc,marking  ] GC(33) Concurrent Cleanup for Next Mark
[2024-08-27T02:19:26.209+0000][info][gc,marking  ] GC(33) Concurrent Cleanup for Next Mark 32.300ms
[2024-08-27T02:19:26.209+0000][info][gc          ] GC(33) Concurrent Mark Cycle 302.574ms
[2024-08-27T02:19:26.849+0000][info][gc,start    ] GC(34) Pause Young (Prepare Mixed) (G1 Evacuation Pause)
[2024-08-27T02:19:26.849+0000][info][gc,task     ] GC(34) Using 68 workers of 68 for evacuation
[2024-08-27T02:19:26.960+0000][info][gc,phases   ] GC(34)   Pre Evacuate Collection Set: 0.5ms
[2024-08-27T02:19:26.960+0000][info][gc,phases   ] GC(34)   Merge Heap Roots: 1.3ms
[2024-08-27T02:19:26.960+0000][info][gc,phases   ] GC(34)   Evacuate Collection Set: 107.8ms
[2024-08-27T02:19:26.960+0000][info][gc,phases   ] GC(34)   Post Evacuate Collection Set: 0.7ms
[2024-08-27T02:19:26.960+0000][info][gc,phases   ] GC(34)   Other: 0.4ms
[2024-08-27T02:19:26.960+0000][info][gc,heap     ] GC(34) Eden regions: 54->0(24)
[2024-08-27T02:19:26.960+0000][info][gc,heap     ] GC(34) Survivor regions: 9->8(8)
[2024-08-27T02:19:26.960+0000][info][gc,heap     ] GC(34) Old regions: 182->236
[2024-08-27T02:19:26.960+0000][info][gc,heap     ] GC(34) Archive regions: 2->2
[2024-08-27T02:19:26.960+0000][info][gc,heap     ] GC(34) Humongous regions: 0->0
[2024-08-27T02:19:26.960+0000][info][gc,metaspace] GC(34) Metaspace: 100K(320K)->100K(320K) NonClass: 96K(192K)->96K(192K) Class: 4K(128K)->4K(128K)
[2024-08-27T02:19:26.960+0000][info][gc          ] GC(34) Pause Young (Prepare Mixed) (G1 Evacuation Pause) 3929M->3913M(10512M) 110.494ms
[2024-08-27T02:19:26.960+0000][info][gc,cpu      ] GC(34) User=6.34s Sys=0.98s Real=0.12s
[2024-08-27T02:19:27.183+0000][info][gc,start    ] GC(35) Pause Young (Mixed) (G1 Evacuation Pause)
[2024-08-27T02:19:27.183+0000][info][gc,task     ] GC(35) Using 68 workers of 68 for evacuation
[2024-08-27T02:19:27.266+0000][info][gc,phases   ] GC(35)   Pre Evacuate Collection Set: 0.3ms
[2024-08-27T02:19:27.266+0000][info][gc,phases   ] GC(35)   Merge Heap Roots: 1.1ms
[2024-08-27T02:19:27.266+0000][info][gc,phases   ] GC(35)   Evacuate Collection Set: 80.6ms
[2024-08-27T02:19:27.266+0000][info][gc,phases   ] GC(35)   Post Evacuate Collection Set: 0.8ms
[2024-08-27T02:19:27.266+0000][info][gc,phases   ] GC(35)   Other: 0.3ms
[2024-08-27T02:19:27.266+0000][info][gc,heap     ] GC(35) Eden regions: 24->0(81)
[2024-08-27T02:19:27.266+0000][info][gc,heap     ] GC(35) Survivor regions: 8->4(4)
[2024-08-27T02:19:27.266+0000][info][gc,heap     ] GC(35) Old regions: 236->225
[2024-08-27T02:19:27.266+0000][info][gc,heap     ] GC(35) Archive regions: 2->2
[2024-08-27T02:19:27.266+0000][info][gc,heap     ] GC(35) Humongous regions: 0->0
[2024-08-27T02:19:27.266+0000][info][gc,metaspace] GC(35) Metaspace: 100K(320K)->100K(320K) NonClass: 96K(192K)->96K(192K) Class: 4K(128K)->4K(128K)
[2024-08-27T02:19:27.266+0000][info][gc          ] GC(35) Pause Young (Mixed) (G1 Evacuation Pause) 4297M->3667M(10512M) 83.076ms
[2024-08-27T02:19:27.266+0000][info][gc,cpu      ] GC(35) User=4.91s Sys=0.30s Real=0.08s
[2024-08-27T02:19:28.206+0000][info][gc,start    ] GC(36) Pause Young (Normal) (G1 Evacuation Pause)
[2024-08-27T02:19:28.206+0000][info][gc,task     ] GC(36) Using 68 workers of 68 for evacuation
[2024-08-27T02:19:28.360+0000][info][gc,phases   ] GC(36)   Pre Evacuate Collection Set: 0.4ms
[2024-08-27T02:19:28.361+0000][info][gc,phases   ] GC(36)   Merge Heap Roots: 1.0ms
[2024-08-27T02:19:28.361+0000][info][gc,phases   ] GC(36)   Evacuate Collection Set: 151.9ms
[2024-08-27T02:19:28.361+0000][info][gc,phases   ] GC(36)   Post Evacuate Collection Set: 0.7ms
[2024-08-27T02:19:28.361+0000][info][gc,phases   ] GC(36)   Other: 0.4ms
[2024-08-27T02:19:28.361+0000][info][gc,heap     ] GC(36) Eden regions: 81->0(82)
[2024-08-27T02:19:28.361+0000][info][gc,heap     ] GC(36) Survivor regions: 4->11(11)
[2024-08-27T02:19:28.361+0000][info][gc,heap     ] GC(36) Old regions: 225->292
[2024-08-27T02:19:28.361+0000][info][gc,heap     ] GC(36) Archive regions: 2->2
[2024-08-27T02:19:28.361+0000][info][gc,heap     ] GC(36) Humongous regions: 0->0
[2024-08-27T02:19:28.361+0000][info][gc,metaspace] GC(36) Metaspace: 100K(320K)->100K(320K) NonClass: 96K(192K)->96K(192K) Class: 4K(128K)->4K(128K)
[2024-08-27T02:19:28.361+0000][info][gc          ] GC(36) Pause Young (Normal) (G1 Evacuation Pause) 4963M->4848M(10512M) 154.409ms
[2024-08-27T02:19:28.361+0000][info][gc,cpu      ] GC(36) User=7.38s Sys=2.96s Real=0.16s
[2024-08-27T02:19:29.045+0000][info][gc,start    ] GC(37) Pause Young (Normal) (G1 Evacuation Pause)
[2024-08-27T02:19:29.046+0000][info][gc,task     ] GC(37) Using 68 workers of 68 for evacuation
[2024-08-27T02:19:29.233+0000][info][gc,phases   ] GC(37)   Pre Evacuate Collection Set: 0.4ms
[2024-08-27T02:19:29.233+0000][info][gc,phases   ] GC(37)   Merge Heap Roots: 1.0ms
[2024-08-27T02:19:29.233+0000][info][gc,phases   ] GC(37)   Evacuate Collection Set: 183.8ms
[2024-08-27T02:19:29.233+0000][info][gc,phases   ] GC(37)   Post Evacuate Collection Set: 2.0ms
[2024-08-27T02:19:29.233+0000][info][gc,phases   ] GC(37)   Other: 0.2ms
[2024-08-27T02:19:29.233+0000][info][gc,heap     ] GC(37) Eden regions: 82->0(69)
[2024-08-27T02:19:29.233+0000][info][gc,heap     ] GC(37) Survivor regions: 11->12(12)
[2024-08-27T02:19:29.233+0000][info][gc,heap     ] GC(37) Old regions: 292->368
[2024-08-27T02:19:29.233+0000][info][gc,heap     ] GC(37) Archive regions: 2->2
[2024-08-27T02:19:29.233+0000][info][gc,heap     ] GC(37) Humongous regions: 0->0
[2024-08-27T02:19:29.233+0000][info][gc,metaspace] GC(37) Metaspace: 100K(320K)->100K(320K) NonClass: 96K(192K)->96K(192K) Class: 4K(128K)->4K(128K)
[2024-08-27T02:19:29.233+0000][info][gc          ] GC(37) Pause Young (Normal) (G1 Evacuation Pause) 6160M->6076M(10512M) 187.432ms
[2024-08-27T02:19:29.233+0000][info][gc,cpu      ] GC(37) User=6.28s Sys=5.99s Real=0.19s
[2024-08-27T02:19:29.322+0000][info][gc,heap,exit] Heap
[2024-08-27T02:19:29.322+0000][info][gc,heap,exit]  garbage-first heap   total 10764288K, used 6369871K [0x0000000082000000, 0x0000000800000000)
[2024-08-27T02:19:29.322+0000][info][gc,heap,exit]   region size 16384K, 21 young (344064K), 12 survivors (196608K)
[2024-08-27T02:19:29.322+0000][info][gc,heap,exit]  Metaspace       used 203K, committed 384K, reserved 1114112K
[2024-08-27T02:19:29.322+0000][info][gc,heap,exit]   class space    used 7K, committed 128K, reserved 1048576K
