[2024-08-27T01:41:29.744+0000][info][gc] Using Serial
[2024-08-27T01:41:29.749+0000][info][gc,init] Version: 17.0.7+7-Ubuntu-0ubuntu118.04 (release)
[2024-08-27T01:41:29.749+0000][info][gc,init] CPUs: 104 total, 104 available
[2024-08-27T01:41:29.749+0000][info][gc,init] Memory: 251G
[2024-08-27T01:41:29.749+0000][info][gc,init] Large Page Support: Disabled
[2024-08-27T01:41:29.749+0000][info][gc,init] NUMA Support: Disabled
[2024-08-27T01:41:29.749+0000][info][gc,init] Compressed Oops: Enabled (Zero based)
[2024-08-27T01:41:29.749+0000][info][gc,init] Heap Min Capacity: 8M
[2024-08-27T01:41:29.749+0000][info][gc,init] Heap Initial Capacity: 2G
[2024-08-27T01:41:29.749+0000][info][gc,init] Heap Max Capacity: 30718M
[2024-08-27T01:41:29.749+0000][info][gc,init] Pre-touch: Disabled
[2024-08-27T01:41:29.749+0000][info][gc,metaspace] CDS archive(s) mapped at: [0x0000000800000000-0x0000000800be2000-0x0000000800be2000), size 12460032, SharedBaseAddress: 0x0000000800000000, ArchiveRelocationMode: 0.
[2024-08-27T01:41:29.749+0000][info][gc,metaspace] Compressed class space mapped at: 0x0000000801000000-0x0000000841000000, reserved size: 1073741824
[2024-08-27T01:41:29.749+0000][info][gc,metaspace] Narrow klass base: 0x0000000800000000, Narrow klass shift: 0, Narrow klass range: 0x100000000
[2024-08-27T01:41:30.229+0000][info][gc,start    ] GC(0) Pause Young (Allocation Failure)
[2024-08-27T01:41:30.800+0000][info][gc,heap     ] GC(0) DefNew: 559232K(629120K)->69887K(629120K) Eden: 559232K(559232K)->0K(559232K) From: 0K(69888K)->69887K(69888K)
[2024-08-27T01:41:30.800+0000][info][gc,heap     ] GC(0) Tenured: 0K(1398144K)->372209K(1398144K)
[2024-08-27T01:41:30.800+0000][info][gc,metaspace] GC(0) Metaspace: 149K(384K)->149K(384K) NonClass: 144K(256K)->144K(256K) Class: 4K(128K)->4K(128K)
[2024-08-27T01:41:30.800+0000][info][gc          ] GC(0) Pause Young (Allocation Failure) 546M->431M(1979M) 571.154ms
[2024-08-27T01:41:30.800+0000][info][gc,cpu      ] GC(0) User=0.42s Sys=0.16s Real=0.58s
[2024-08-27T01:41:31.048+0000][info][gc,start    ] GC(1) Pause Young (Allocation Failure)
[2024-08-27T01:41:31.774+0000][info][gc,heap     ] GC(1) DefNew: 629119K(629120K)->69888K(629120K) Eden: 559232K(559232K)->0K(559232K) From: 69887K(69888K)->69888K(69888K)
[2024-08-27T01:41:31.774+0000][info][gc,heap     ] GC(1) Tenured: 372209K(1398144K)->864442K(1398144K)
[2024-08-27T01:41:31.774+0000][info][gc,metaspace] GC(1) Metaspace: 149K(384K)->149K(384K) NonClass: 144K(256K)->144K(256K) Class: 4K(128K)->4K(128K)
[2024-08-27T01:41:31.774+0000][info][gc          ] GC(1) Pause Young (Allocation Failure) 977M->912M(1979M) 725.795ms
[2024-08-27T01:41:31.774+0000][info][gc,cpu      ] GC(1) User=0.51s Sys=0.21s Real=0.73s
[2024-08-27T01:41:32.023+0000][info][gc,start    ] GC(2) Pause Young (Allocation Failure)
[2024-08-27T01:41:32.727+0000][info][gc,heap     ] GC(2) DefNew: 629120K(629120K)->69888K(629120K) Eden: 559232K(559232K)->0K(559232K) From: 69888K(69888K)->69888K(69888K)
[2024-08-27T01:41:32.727+0000][info][gc,heap     ] GC(2) Tenured: 864442K(1398144K)->1373876K(1398144K)
[2024-08-27T01:41:32.727+0000][info][gc,metaspace] GC(2) Metaspace: 149K(384K)->149K(384K) NonClass: 144K(256K)->144K(256K) Class: 4K(128K)->4K(128K)
[2024-08-27T01:41:32.727+0000][info][gc          ] GC(2) Pause Young (Allocation Failure) 1458M->1409M(1979M) 703.955ms
[2024-08-27T01:41:32.727+0000][info][gc,cpu      ] GC(2) User=0.52s Sys=0.18s Real=0.70s
[2024-08-27T01:41:33.015+0000][info][gc,start    ] GC(3) Pause Young (Allocation Failure)
[2024-08-27T01:41:33.732+0000][info][gc          ] GC(3) Pause Young (Allocation Failure) 1956M->1896M(2442M) 717.061ms
[2024-08-27T01:41:33.732+0000][info][gc,cpu      ] GC(3) User=0.51s Sys=0.21s Real=0.72s
[2024-08-27T01:41:33.732+0000][info][gc,start    ] GC(4) Pause Full (Allocation Failure)
[2024-08-27T01:41:33.732+0000][info][gc,phases,start] GC(4) Phase 1: Mark live objects
[2024-08-27T01:41:33.837+0000][info][gc,phases      ] GC(4) Phase 1: Mark live objects 105.684ms
[2024-08-27T01:41:33.838+0000][info][gc,phases,start] GC(4) Phase 2: Compute new object addresses
[2024-08-27T01:41:34.024+0000][info][gc,phases      ] GC(4) Phase 2: Compute new object addresses 186.712ms
[2024-08-27T01:41:34.024+0000][info][gc,phases,start] GC(4) Phase 3: Adjust pointers
[2024-08-27T01:41:34.122+0000][info][gc,phases      ] GC(4) Phase 3: Adjust pointers 97.971ms
[2024-08-27T01:41:34.122+0000][info][gc,phases,start] GC(4) Phase 4: Move objects
[2024-08-27T01:41:34.253+0000][info][gc,phases      ] GC(4) Phase 4: Move objects 130.716ms
[2024-08-27T01:41:34.282+0000][info][gc,heap        ] GC(4) DefNew: 629120K(629120K)->0K(629248K) Eden: 559232K(559232K)->0K(559360K) From: 69888K(69888K)->0K(69888K)
[2024-08-27T01:41:34.282+0000][info][gc,heap        ] GC(4) Tenured: 1373876K(1398144K)->512166K(1398144K)
[2024-08-27T01:41:34.282+0000][info][gc,metaspace   ] GC(4) Metaspace: 149K(384K)->149K(384K) NonClass: 144K(256K)->144K(256K) Class: 4K(128K)->4K(128K)
[2024-08-27T01:41:34.282+0000][info][gc             ] GC(4) Pause Full (Allocation Failure) 1896M->500M(1979M) 550.190ms
[2024-08-27T01:41:34.282+0000][info][gc,cpu         ] GC(4) User=0.50s Sys=0.04s Real=0.55s
[2024-08-27T01:41:34.541+0000][info][gc,start       ] GC(5) Pause Young (Allocation Failure)
[2024-08-27T01:41:35.028+0000][info][gc,heap        ] GC(5) DefNew: 559360K(629248K)->69888K(629248K) Eden: 559360K(559360K)->0K(559360K) From: 0K(69888K)->69888K(69888K)
[2024-08-27T01:41:35.028+0000][info][gc,heap        ] GC(5) Tenured: 512166K(1398144K)->954560K(1398144K)
[2024-08-27T01:41:35.028+0000][info][gc,metaspace   ] GC(5) Metaspace: 149K(384K)->149K(384K) NonClass: 144K(256K)->144K(256K) Class: 4K(128K)->4K(128K)
[2024-08-27T01:41:35.028+0000][info][gc             ] GC(5) Pause Young (Allocation Failure) 1046M->1000M(1979M) 487.262ms
[2024-08-27T01:41:35.028+0000][info][gc,cpu         ] GC(5) User=0.48s Sys=0.00s Real=0.48s
[2024-08-27T01:41:35.263+0000][info][gc,start       ] GC(6) Pause Young (Allocation Failure)
[2024-08-27T01:41:35.812+0000][info][gc             ] GC(6) Pause Young (Allocation Failure) 1546M->1489M(2035M) 549.025ms
[2024-08-27T01:41:35.812+0000][info][gc,cpu         ] GC(6) User=0.55s Sys=0.01s Real=0.55s
[2024-08-27T01:41:35.812+0000][info][gc,start       ] GC(7) Pause Full (Allocation Failure)
[2024-08-27T01:41:35.812+0000][info][gc,phases,start] GC(7) Phase 1: Mark live objects
[2024-08-27T01:41:35.914+0000][info][gc,phases      ] GC(7) Phase 1: Mark live objects 102.019ms
[2024-08-27T01:41:35.914+0000][info][gc,phases,start] GC(7) Phase 2: Compute new object addresses
[2024-08-27T01:41:36.099+0000][info][gc,phases      ] GC(7) Phase 2: Compute new object addresses 185.110ms
[2024-08-27T01:41:36.099+0000][info][gc,phases,start] GC(7) Phase 3: Adjust pointers
[2024-08-27T01:41:36.200+0000][info][gc,phases      ] GC(7) Phase 3: Adjust pointers 100.897ms
[2024-08-27T01:41:36.200+0000][info][gc,phases,start] GC(7) Phase 4: Move objects
[2024-08-27T01:41:36.317+0000][info][gc,phases      ] GC(7) Phase 4: Move objects 116.801ms
[2024-08-27T01:41:36.321+0000][info][gc,heap        ] GC(7) DefNew: 629248K(629248K)->0K(629248K) Eden: 559360K(559360K)->0K(559360K) From: 69888K(69888K)->0K(69888K)
[2024-08-27T01:41:36.321+0000][info][gc,heap        ] GC(7) Tenured: 954560K(1398144K)->512921K(1398144K)
[2024-08-27T01:41:36.321+0000][info][gc,metaspace   ] GC(7) Metaspace: 149K(384K)->149K(384K) NonClass: 144K(256K)->144K(256K) Class: 4K(128K)->4K(128K)
[2024-08-27T01:41:36.321+0000][info][gc             ] GC(7) Pause Full (Allocation Failure) 1489M->500M(1979M) 508.819ms
[2024-08-27T01:41:36.321+0000][info][gc,cpu         ] GC(7) User=0.47s Sys=0.04s Real=0.51s
[2024-08-27T01:41:36.567+0000][info][gc,start       ] GC(8) Pause Young (Allocation Failure)
[2024-08-27T01:41:37.044+0000][info][gc,heap        ] GC(8) DefNew: 559360K(629248K)->69888K(629248K) Eden: 559360K(559360K)->0K(559360K) From: 0K(69888K)->69888K(69888K)
[2024-08-27T01:41:37.044+0000][info][gc,heap        ] GC(8) Tenured: 512921K(1398144K)->955134K(1398144K)
[2024-08-27T01:41:37.044+0000][info][gc,metaspace   ] GC(8) Metaspace: 149K(384K)->149K(384K) NonClass: 144K(256K)->144K(256K) Class: 4K(128K)->4K(128K)
[2024-08-27T01:41:37.044+0000][info][gc             ] GC(8) Pause Young (Allocation Failure) 1047M->1000M(1979M) 476.341ms
[2024-08-27T01:41:37.044+0000][info][gc,cpu         ] GC(8) User=0.47s Sys=0.00s Real=0.48s
[2024-08-27T01:41:37.298+0000][info][gc,start       ] GC(9) Pause Young (Allocation Failure)
[2024-08-27T01:41:37.850+0000][info][gc             ] GC(9) Pause Young (Allocation Failure) 1547M->1490M(2036M) 552.123ms
[2024-08-27T01:41:37.850+0000][info][gc,cpu         ] GC(9) User=0.53s Sys=0.03s Real=0.55s
[2024-08-27T01:41:37.850+0000][info][gc,start       ] GC(10) Pause Full (Allocation Failure)
[2024-08-27T01:41:37.850+0000][info][gc,phases,start] GC(10) Phase 1: Mark live objects
[2024-08-27T01:41:37.951+0000][info][gc,phases      ] GC(10) Phase 1: Mark live objects 101.220ms
[2024-08-27T01:41:37.952+0000][info][gc,phases,start] GC(10) Phase 2: Compute new object addresses
[2024-08-27T01:41:38.120+0000][info][gc,phases      ] GC(10) Phase 2: Compute new object addresses 168.481ms
[2024-08-27T01:41:38.120+0000][info][gc,phases,start] GC(10) Phase 3: Adjust pointers
[2024-08-27T01:41:38.223+0000][info][gc,phases      ] GC(10) Phase 3: Adjust pointers 102.699ms
[2024-08-27T01:41:38.223+0000][info][gc,phases,start] GC(10) Phase 4: Move objects
[2024-08-27T01:41:38.338+0000][info][gc,phases      ] GC(10) Phase 4: Move objects 115.491ms
[2024-08-27T01:41:38.342+0000][info][gc,heap        ] GC(10) DefNew: 629248K(629248K)->0K(629248K) Eden: 559360K(559360K)->0K(559360K) From: 69888K(69888K)->0K(69888K)
[2024-08-27T01:41:38.342+0000][info][gc,heap        ] GC(10) Tenured: 955134K(1398144K)->514874K(1398144K)
[2024-08-27T01:41:38.342+0000][info][gc,metaspace   ] GC(10) Metaspace: 149K(384K)->149K(384K) NonClass: 144K(256K)->144K(256K) Class: 4K(128K)->4K(128K)
[2024-08-27T01:41:38.342+0000][info][gc             ] GC(10) Pause Full (Allocation Failure) 1490M->502M(1979M) 491.879ms
[2024-08-27T01:41:38.342+0000][info][gc,cpu         ] GC(10) User=0.47s Sys=0.02s Real=0.49s
[2024-08-27T01:41:38.573+0000][info][gc,start       ] GC(11) Pause Young (Allocation Failure)
[2024-08-27T01:41:39.100+0000][info][gc,heap        ] GC(11) DefNew: 559360K(629248K)->69888K(629248K) Eden: 559360K(559360K)->0K(559360K) From: 0K(69888K)->69888K(69888K)
[2024-08-27T01:41:39.100+0000][info][gc,heap        ] GC(11) Tenured: 514874K(1398144K)->957242K(1398144K)
[2024-08-27T01:41:39.100+0000][info][gc,metaspace   ] GC(11) Metaspace: 149K(384K)->149K(384K) NonClass: 144K(256K)->144K(256K) Class: 4K(128K)->4K(128K)
[2024-08-27T01:41:39.100+0000][info][gc             ] GC(11) Pause Young (Allocation Failure) 1049M->1003M(1979M) 527.578ms
[2024-08-27T01:41:39.100+0000][info][gc,cpu         ] GC(11) User=0.49s Sys=0.04s Real=0.53s
[2024-08-27T01:41:39.333+0000][info][gc,start       ] GC(12) Pause Young (Allocation Failure)
[2024-08-27T01:41:39.883+0000][info][gc             ] GC(12) Pause Young (Allocation Failure) 1549M->1491M(2038M) 550.063ms
[2024-08-27T01:41:39.883+0000][info][gc,cpu         ] GC(12) User=0.52s Sys=0.03s Real=0.55s
[2024-08-27T01:41:39.883+0000][info][gc,start       ] GC(13) Pause Full (Allocation Failure)
[2024-08-27T01:41:39.883+0000][info][gc,phases,start] GC(13) Phase 1: Mark live objects
[2024-08-27T01:41:39.985+0000][info][gc,phases      ] GC(13) Phase 1: Mark live objects 101.179ms
[2024-08-27T01:41:39.985+0000][info][gc,phases,start] GC(13) Phase 2: Compute new object addresses
[2024-08-27T01:41:40.173+0000][info][gc,phases      ] GC(13) Phase 2: Compute new object addresses 188.897ms
[2024-08-27T01:41:40.174+0000][info][gc,phases,start] GC(13) Phase 3: Adjust pointers
[2024-08-27T01:41:40.274+0000][info][gc,phases      ] GC(13) Phase 3: Adjust pointers 100.883ms
[2024-08-27T01:41:40.274+0000][info][gc,phases,start] GC(13) Phase 4: Move objects
[2024-08-27T01:41:40.398+0000][info][gc,phases      ] GC(13) Phase 4: Move objects 123.811ms
[2024-08-27T01:41:40.402+0000][info][gc,heap        ] GC(13) DefNew: 629248K(629248K)->0K(629248K) Eden: 559360K(559360K)->0K(559360K) From: 69888K(69888K)->0K(69888K)
[2024-08-27T01:41:40.402+0000][info][gc,heap        ] GC(13) Tenured: 957242K(1398144K)->442097K(1398144K)
[2024-08-27T01:41:40.402+0000][info][gc,metaspace   ] GC(13) Metaspace: 149K(384K)->149K(384K) NonClass: 144K(256K)->144K(256K) Class: 4K(128K)->4K(128K)
[2024-08-27T01:41:40.402+0000][info][gc             ] GC(13) Pause Full (Allocation Failure) 1491M->431M(1979M) 518.929ms
[2024-08-27T01:41:40.402+0000][info][gc,cpu         ] GC(13) User=0.46s Sys=0.06s Real=0.52s
[2024-08-27T01:41:40.632+0000][info][gc,start       ] GC(14) Pause Young (Allocation Failure)
[2024-08-27T01:41:41.101+0000][info][gc,heap        ] GC(14) DefNew: 559360K(629248K)->69888K(629248K) Eden: 559360K(559360K)->0K(559360K) From: 0K(69888K)->69888K(69888K)
[2024-08-27T01:41:41.101+0000][info][gc,heap        ] GC(14) Tenured: 442097K(1398144K)->884252K(1398144K)
[2024-08-27T01:41:41.101+0000][info][gc,metaspace   ] GC(14) Metaspace: 149K(384K)->149K(384K) NonClass: 144K(256K)->144K(256K) Class: 4K(128K)->4K(128K)
[2024-08-27T01:41:41.101+0000][info][gc             ] GC(14) Pause Young (Allocation Failure) 977M->931M(1979M) 469.496ms
[2024-08-27T01:41:41.101+0000][info][gc,cpu         ] GC(14) User=0.47s Sys=0.00s Real=0.47s
[2024-08-27T01:41:41.339+0000][info][gc,start       ] GC(15) Pause Young (Allocation Failure)
[2024-08-27T01:41:41.899+0000][info][gc,heap        ] GC(15) DefNew: 629248K(629248K)->69888K(629248K) Eden: 559360K(559360K)->0K(559360K) From: 69888K(69888K)->69888K(69888K)
[2024-08-27T01:41:41.899+0000][info][gc,heap        ] GC(15) Tenured: 884252K(1398144K)->1385013K(1398144K)
[2024-08-27T01:41:41.899+0000][info][gc,metaspace   ] GC(15) Metaspace: 149K(384K)->149K(384K) NonClass: 144K(256K)->144K(256K) Class: 4K(128K)->4K(128K)
[2024-08-27T01:41:41.899+0000][info][gc             ] GC(15) Pause Young (Allocation Failure) 1478M->1420M(1979M) 560.238ms
[2024-08-27T01:41:41.899+0000][info][gc,cpu         ] GC(15) User=0.53s Sys=0.03s Real=0.56s
[2024-08-27T01:41:42.133+0000][info][gc,start       ] GC(16) Pause Young (Allocation Failure)
[2024-08-27T01:41:42.837+0000][info][gc             ] GC(16) Pause Young (Allocation Failure) 1967M->1904M(2450M) 703.375ms
[2024-08-27T01:41:42.837+0000][info][gc,cpu         ] GC(16) User=0.53s Sys=0.17s Real=0.70s
[2024-08-27T01:41:42.837+0000][info][gc,start       ] GC(17) Pause Full (Allocation Failure)
[2024-08-27T01:41:42.837+0000][info][gc,phases,start] GC(17) Phase 1: Mark live objects
[2024-08-27T01:41:42.938+0000][info][gc,phases      ] GC(17) Phase 1: Mark live objects 101.642ms
[2024-08-27T01:41:42.939+0000][info][gc,phases,start] GC(17) Phase 2: Compute new object addresses
[2024-08-27T01:41:43.124+0000][info][gc,phases      ] GC(17) Phase 2: Compute new object addresses 185.006ms
[2024-08-27T01:41:43.124+0000][info][gc,phases,start] GC(17) Phase 3: Adjust pointers
[2024-08-27T01:41:43.222+0000][info][gc,phases      ] GC(17) Phase 3: Adjust pointers 98.256ms
[2024-08-27T01:41:43.222+0000][info][gc,phases,start] GC(17) Phase 4: Move objects
[2024-08-27T01:41:43.335+0000][info][gc,phases      ] GC(17) Phase 4: Move objects 112.923ms
[2024-08-27T01:41:43.363+0000][info][gc,heap        ] GC(17) DefNew: 629248K(629248K)->0K(629248K) Eden: 559360K(559360K)->0K(559360K) From: 69888K(69888K)->0K(69888K)
[2024-08-27T01:41:43.363+0000][info][gc,heap        ] GC(17) Tenured: 1385013K(1398144K)->442097K(1398144K)
[2024-08-27T01:41:43.363+0000][info][gc,metaspace   ] GC(17) Metaspace: 149K(384K)->149K(384K) NonClass: 144K(256K)->144K(256K) Class: 4K(128K)->4K(128K)
[2024-08-27T01:41:43.363+0000][info][gc             ] GC(17) Pause Full (Allocation Failure) 1904M->431M(1979M) 526.004ms
[2024-08-27T01:41:43.363+0000][info][gc,cpu         ] GC(17) User=0.49s Sys=0.03s Real=0.53s
[2024-08-27T01:41:43.604+0000][info][gc,start       ] GC(18) Pause Young (Allocation Failure)
[2024-08-27T01:41:44.100+0000][info][gc,heap        ] GC(18) DefNew: 559360K(629248K)->69888K(629248K) Eden: 559360K(559360K)->0K(559360K) From: 0K(69888K)->69888K(69888K)
[2024-08-27T01:41:44.100+0000][info][gc,heap        ] GC(18) Tenured: 442097K(1398144K)->884420K(1398144K)
[2024-08-27T01:41:44.100+0000][info][gc,metaspace   ] GC(18) Metaspace: 149K(384K)->149K(384K) NonClass: 144K(256K)->144K(256K) Class: 4K(128K)->4K(128K)
[2024-08-27T01:41:44.100+0000][info][gc             ] GC(18) Pause Young (Allocation Failure) 977M->931M(1979M) 496.048ms
[2024-08-27T01:41:44.100+0000][info][gc,cpu         ] GC(18) User=0.49s Sys=0.00s Real=0.50s
[2024-08-27T01:41:44.331+0000][info][gc,start       ] GC(19) Pause Young (Allocation Failure)
[2024-08-27T01:41:44.857+0000][info][gc,heap        ] GC(19) DefNew: 629248K(629248K)->69888K(629248K) Eden: 559360K(559360K)->0K(559360K) From: 69888K(69888K)->69888K(69888K)
[2024-08-27T01:41:44.857+0000][info][gc,heap        ] GC(19) Tenured: 884420K(1398144K)->1385400K(1398144K)
[2024-08-27T01:41:44.857+0000][info][gc,metaspace   ] GC(19) Metaspace: 149K(384K)->149K(384K) NonClass: 144K(256K)->144K(256K) Class: 4K(128K)->4K(128K)
[2024-08-27T01:41:44.857+0000][info][gc             ] GC(19) Pause Young (Allocation Failure) 1478M->1421M(1979M) 525.591ms
[2024-08-27T01:41:44.857+0000][info][gc,cpu         ] GC(19) User=0.53s Sys=0.00s Real=0.52s
[2024-08-27T01:41:45.088+0000][info][gc,start       ] GC(20) Pause Young (Allocation Failure)
[2024-08-27T01:41:45.788+0000][info][gc             ] GC(20) Pause Young (Allocation Failure) 1967M->1904M(2451M) 699.942ms
[2024-08-27T01:41:45.788+0000][info][gc,cpu         ] GC(20) User=0.51s Sys=0.19s Real=0.70s
[2024-08-27T01:41:45.788+0000][info][gc,start       ] GC(21) Pause Full (Allocation Failure)
[2024-08-27T01:41:45.788+0000][info][gc,phases,start] GC(21) Phase 1: Mark live objects
[2024-08-27T01:41:45.887+0000][info][gc,phases      ] GC(21) Phase 1: Mark live objects 99.448ms
[2024-08-27T01:41:45.887+0000][info][gc,phases,start] GC(21) Phase 2: Compute new object addresses
[2024-08-27T01:41:46.073+0000][info][gc,phases      ] GC(21) Phase 2: Compute new object addresses 185.549ms
[2024-08-27T01:41:46.073+0000][info][gc,phases,start] GC(21) Phase 3: Adjust pointers
[2024-08-27T01:41:46.168+0000][info][gc,phases      ] GC(21) Phase 3: Adjust pointers 95.333ms
[2024-08-27T01:41:46.168+0000][info][gc,phases,start] GC(21) Phase 4: Move objects
[2024-08-27T01:41:46.283+0000][info][gc,phases      ] GC(21) Phase 4: Move objects 114.179ms
[2024-08-27T01:41:46.310+0000][info][gc,heap        ] GC(21) DefNew: 629248K(629248K)->0K(629248K) Eden: 559360K(559360K)->0K(559360K) From: 69888K(69888K)->0K(69888K)
[2024-08-27T01:41:46.310+0000][info][gc,heap        ] GC(21) Tenured: 1385400K(1398144K)->442096K(1398144K)
[2024-08-27T01:41:46.310+0000][info][gc,metaspace   ] GC(21) Metaspace: 149K(384K)->149K(384K) NonClass: 144K(256K)->144K(256K) Class: 4K(128K)->4K(128K)
[2024-08-27T01:41:46.310+0000][info][gc             ] GC(21) Pause Full (Allocation Failure) 1904M->431M(1979M) 521.778ms
[2024-08-27T01:41:46.310+0000][info][gc,cpu         ] GC(21) User=0.50s Sys=0.02s Real=0.53s
[2024-08-27T01:41:46.552+0000][info][gc,start       ] GC(22) Pause Young (Allocation Failure)
[2024-08-27T01:41:47.029+0000][info][gc,heap        ] GC(22) DefNew: 559360K(629248K)->69888K(629248K) Eden: 559360K(559360K)->0K(559360K) From: 0K(69888K)->69888K(69888K)
[2024-08-27T01:41:47.029+0000][info][gc,heap        ] GC(22) Tenured: 442096K(1398144K)->884393K(1398144K)
[2024-08-27T01:41:47.029+0000][info][gc,metaspace   ] GC(22) Metaspace: 149K(384K)->149K(384K) NonClass: 144K(256K)->144K(256K) Class: 4K(128K)->4K(128K)
[2024-08-27T01:41:47.029+0000][info][gc             ] GC(22) Pause Young (Allocation Failure) 977M->931M(1979M) 477.660ms
[2024-08-27T01:41:47.029+0000][info][gc,cpu         ] GC(22) User=0.48s Sys=0.00s Real=0.47s
[2024-08-27T01:41:47.260+0000][info][gc,start       ] GC(23) Pause Young (Allocation Failure)
[2024-08-27T01:41:47.788+0000][info][gc,heap        ] GC(23) DefNew: 629248K(629248K)->69888K(629248K) Eden: 559360K(559360K)->0K(559360K) From: 69888K(69888K)->69888K(69888K)
[2024-08-27T01:41:47.788+0000][info][gc,heap        ] GC(23) Tenured: 884393K(1398144K)->1385236K(1398144K)
[2024-08-27T01:41:47.788+0000][info][gc,metaspace   ] GC(23) Metaspace: 149K(384K)->149K(384K) NonClass: 144K(256K)->144K(256K) Class: 4K(128K)->4K(128K)
[2024-08-27T01:41:47.788+0000][info][gc             ] GC(23) Pause Young (Allocation Failure) 1478M->1421M(1979M) 527.857ms
[2024-08-27T01:41:47.788+0000][info][gc,cpu         ] GC(23) User=0.53s Sys=0.00s Real=0.52s
[2024-08-27T01:41:48.019+0000][info][gc,start       ] GC(24) Pause Young (Allocation Failure)
[2024-08-27T01:41:48.718+0000][info][gc             ] GC(24) Pause Young (Allocation Failure) 1967M->1904M(2451M) 699.399ms
[2024-08-27T01:41:48.718+0000][info][gc,cpu         ] GC(24) User=0.52s Sys=0.17s Real=0.70s
[2024-08-27T01:41:48.718+0000][info][gc,start       ] GC(25) Pause Full (Allocation Failure)
[2024-08-27T01:41:48.718+0000][info][gc,phases,start] GC(25) Phase 1: Mark live objects
[2024-08-27T01:41:48.822+0000][info][gc,phases      ] GC(25) Phase 1: Mark live objects 103.171ms
[2024-08-27T01:41:48.822+0000][info][gc,phases,start] GC(25) Phase 2: Compute new object addresses
[2024-08-27T01:41:49.011+0000][info][gc,phases      ] GC(25) Phase 2: Compute new object addresses 188.881ms
[2024-08-27T01:41:49.011+0000][info][gc,phases,start] GC(25) Phase 3: Adjust pointers
[2024-08-27T01:41:49.106+0000][info][gc,phases      ] GC(25) Phase 3: Adjust pointers 95.284ms
[2024-08-27T01:41:49.106+0000][info][gc,phases,start] GC(25) Phase 4: Move objects
[2024-08-27T01:41:49.222+0000][info][gc,phases      ] GC(25) Phase 4: Move objects 116.141ms
[2024-08-27T01:41:49.249+0000][info][gc,heap        ] GC(25) DefNew: 629248K(629248K)->0K(629248K) Eden: 559360K(559360K)->0K(559360K) From: 69888K(69888K)->0K(69888K)
[2024-08-27T01:41:49.249+0000][info][gc,heap        ] GC(25) Tenured: 1385236K(1398144K)->442097K(1398144K)
[2024-08-27T01:41:49.249+0000][info][gc,metaspace   ] GC(25) Metaspace: 149K(384K)->149K(384K) NonClass: 144K(256K)->144K(256K) Class: 4K(128K)->4K(128K)
[2024-08-27T01:41:49.249+0000][info][gc             ] GC(25) Pause Full (Allocation Failure) 1904M->431M(1979M) 530.620ms
[2024-08-27T01:41:49.249+0000][info][gc,cpu         ] GC(25) User=0.51s Sys=0.03s Real=0.52s
[2024-08-27T01:41:49.478+0000][info][gc,start       ] GC(26) Pause Young (Allocation Failure)
[2024-08-27T01:41:50.001+0000][info][gc,heap        ] GC(26) DefNew: 559360K(629248K)->69888K(629248K) Eden: 559360K(559360K)->0K(559360K) From: 0K(69888K)->69888K(69888K)
[2024-08-27T01:41:50.001+0000][info][gc,heap        ] GC(26) Tenured: 442097K(1398144K)->884369K(1398144K)
[2024-08-27T01:41:50.001+0000][info][gc,metaspace   ] GC(26) Metaspace: 149K(384K)->149K(384K) NonClass: 144K(256K)->144K(256K) Class: 4K(128K)->4K(128K)
[2024-08-27T01:41:50.001+0000][info][gc             ] GC(26) Pause Young (Allocation Failure) 977M->931M(1979M) 523.441ms
[2024-08-27T01:41:50.001+0000][info][gc,cpu         ] GC(26) User=0.45s Sys=0.06s Real=0.52s
[2024-08-27T01:41:50.236+0000][info][gc,start       ] GC(27) Pause Young (Allocation Failure)
[2024-08-27T01:41:50.761+0000][info][gc,heap        ] GC(27) DefNew: 629248K(629248K)->69888K(629248K) Eden: 559360K(559360K)->0K(559360K) From: 69888K(69888K)->69888K(69888K)
[2024-08-27T01:41:50.761+0000][info][gc,heap        ] GC(27) Tenured: 884369K(1398144K)->1385460K(1398144K)
[2024-08-27T01:41:50.761+0000][info][gc,metaspace   ] GC(27) Metaspace: 149K(384K)->149K(384K) NonClass: 144K(256K)->144K(256K) Class: 4K(128K)->4K(128K)
[2024-08-27T01:41:50.761+0000][info][gc             ] GC(27) Pause Young (Allocation Failure) 1478M->1421M(1979M) 524.963ms
[2024-08-27T01:41:50.761+0000][info][gc,cpu         ] GC(27) User=0.52s Sys=0.00s Real=0.53s
[2024-08-27T01:41:50.993+0000][info][gc,start       ] GC(28) Pause Young (Allocation Failure)
[2024-08-27T01:41:51.697+0000][info][gc             ] GC(28) Pause Young (Allocation Failure) 1967M->1904M(2451M) 704.204ms
[2024-08-27T01:41:51.697+0000][info][gc,cpu         ] GC(28) User=0.54s Sys=0.16s Real=0.70s
[2024-08-27T01:41:51.697+0000][info][gc,start       ] GC(29) Pause Full (Allocation Failure)
[2024-08-27T01:41:51.697+0000][info][gc,phases,start] GC(29) Phase 1: Mark live objects
[2024-08-27T01:41:51.796+0000][info][gc,phases      ] GC(29) Phase 1: Mark live objects 98.984ms
[2024-08-27T01:41:51.796+0000][info][gc,phases,start] GC(29) Phase 2: Compute new object addresses
[2024-08-27T01:41:51.979+0000][info][gc,phases      ] GC(29) Phase 2: Compute new object addresses 183.251ms
[2024-08-27T01:41:51.979+0000][info][gc,phases,start] GC(29) Phase 3: Adjust pointers
[2024-08-27T01:41:52.076+0000][info][gc,phases      ] GC(29) Phase 3: Adjust pointers 96.224ms
[2024-08-27T01:41:52.076+0000][info][gc,phases,start] GC(29) Phase 4: Move objects
[2024-08-27T01:41:52.191+0000][info][gc,phases      ] GC(29) Phase 4: Move objects 115.228ms
[2024-08-27T01:41:52.218+0000][info][gc,heap        ] GC(29) DefNew: 629248K(629248K)->0K(629248K) Eden: 559360K(559360K)->0K(559360K) From: 69888K(69888K)->0K(69888K)
[2024-08-27T01:41:52.218+0000][info][gc,heap        ] GC(29) Tenured: 1385460K(1398144K)->442097K(1398144K)
[2024-08-27T01:41:52.218+0000][info][gc,metaspace   ] GC(29) Metaspace: 149K(384K)->149K(384K) NonClass: 144K(256K)->144K(256K) Class: 4K(128K)->4K(128K)
[2024-08-27T01:41:52.218+0000][info][gc             ] GC(29) Pause Full (Allocation Failure) 1904M->431M(1979M) 521.315ms
[2024-08-27T01:41:52.218+0000][info][gc,cpu         ] GC(29) User=0.50s Sys=0.03s Real=0.53s
[2024-08-27T01:41:52.509+0000][info][gc,start       ] GC(30) Pause Young (Allocation Failure)
[2024-08-27T01:41:52.978+0000][info][gc,heap        ] GC(30) DefNew: 559360K(629248K)->69888K(629248K) Eden: 559360K(559360K)->0K(559360K) From: 0K(69888K)->69888K(69888K)
[2024-08-27T01:41:52.979+0000][info][gc,heap        ] GC(30) Tenured: 442097K(1398144K)->884362K(1398144K)
[2024-08-27T01:41:52.979+0000][info][gc,metaspace   ] GC(30) Metaspace: 149K(384K)->149K(384K) NonClass: 144K(256K)->144K(256K) Class: 4K(128K)->4K(128K)
[2024-08-27T01:41:52.979+0000][info][gc             ] GC(30) Pause Young (Allocation Failure) 977M->931M(1979M) 469.979ms
[2024-08-27T01:41:52.979+0000][info][gc,cpu         ] GC(30) User=0.48s Sys=0.00s Real=0.48s
[2024-08-27T01:41:53.210+0000][info][gc,start       ] GC(31) Pause Young (Allocation Failure)
[2024-08-27T01:41:53.754+0000][info][gc,heap        ] GC(31) DefNew: 629248K(629248K)->69888K(629248K) Eden: 559360K(559360K)->0K(559360K) From: 69888K(69888K)->69888K(69888K)
[2024-08-27T01:41:53.754+0000][info][gc,heap        ] GC(31) Tenured: 884362K(1398144K)->1385443K(1398144K)
[2024-08-27T01:41:53.754+0000][info][gc,metaspace   ] GC(31) Metaspace: 149K(384K)->149K(384K) NonClass: 144K(256K)->144K(256K) Class: 4K(128K)->4K(128K)
[2024-08-27T01:41:53.754+0000][info][gc             ] GC(31) Pause Young (Allocation Failure) 1478M->1421M(1979M) 543.769ms
[2024-08-27T01:41:53.754+0000][info][gc,cpu         ] GC(31) User=0.53s Sys=0.02s Real=0.54s
[2024-08-27T01:41:54.014+0000][info][gc,start       ] GC(32) Pause Young (Allocation Failure)
[2024-08-27T01:41:54.728+0000][info][gc             ] GC(32) Pause Young (Allocation Failure) 1967M->1905M(2451M) 714.019ms
[2024-08-27T01:41:54.728+0000][info][gc,cpu         ] GC(32) User=0.51s Sys=0.20s Real=0.71s
[2024-08-27T01:41:54.728+0000][info][gc,start       ] GC(33) Pause Full (Allocation Failure)
[2024-08-27T01:41:54.728+0000][info][gc,phases,start] GC(33) Phase 1: Mark live objects
[2024-08-27T01:41:54.828+0000][info][gc,phases      ] GC(33) Phase 1: Mark live objects 99.514ms
[2024-08-27T01:41:54.828+0000][info][gc,phases,start] GC(33) Phase 2: Compute new object addresses
[2024-08-27T01:41:55.024+0000][info][gc,phases      ] GC(33) Phase 2: Compute new object addresses 195.725ms
[2024-08-27T01:41:55.024+0000][info][gc,phases,start] GC(33) Phase 3: Adjust pointers
[2024-08-27T01:41:55.119+0000][info][gc,phases      ] GC(33) Phase 3: Adjust pointers 95.781ms
[2024-08-27T01:41:55.119+0000][info][gc,phases,start] GC(33) Phase 4: Move objects
[2024-08-27T01:41:55.234+0000][info][gc,phases      ] GC(33) Phase 4: Move objects 114.398ms
[2024-08-27T01:41:55.261+0000][info][gc,heap        ] GC(33) DefNew: 629248K(629248K)->0K(629248K) Eden: 559360K(559360K)->0K(559360K) From: 69888K(69888K)->0K(69888K)
[2024-08-27T01:41:55.261+0000][info][gc,heap        ] GC(33) Tenured: 1385443K(1398144K)->494917K(1398144K)
[2024-08-27T01:41:55.261+0000][info][gc,metaspace   ] GC(33) Metaspace: 149K(384K)->149K(384K) NonClass: 144K(256K)->144K(256K) Class: 4K(128K)->4K(128K)
[2024-08-27T01:41:55.261+0000][info][gc             ] GC(33) Pause Full (Allocation Failure) 1905M->483M(1979M) 532.707ms
[2024-08-27T01:41:55.261+0000][info][gc,cpu         ] GC(33) User=0.50s Sys=0.03s Real=0.54s
[2024-08-27T01:41:55.491+0000][info][gc,start       ] GC(34) Pause Young (Allocation Failure)
[2024-08-27T01:41:55.988+0000][info][gc,heap        ] GC(34) DefNew: 559360K(629248K)->69888K(629248K) Eden: 559360K(559360K)->0K(559360K) From: 0K(69888K)->69888K(69888K)
[2024-08-27T01:41:55.988+0000][info][gc,heap        ] GC(34) Tenured: 494917K(1398144K)->937081K(1398144K)
[2024-08-27T01:41:55.988+0000][info][gc,metaspace   ] GC(34) Metaspace: 149K(384K)->149K(384K) NonClass: 144K(256K)->144K(256K) Class: 4K(128K)->4K(128K)
[2024-08-27T01:41:55.988+0000][info][gc             ] GC(34) Pause Young (Allocation Failure) 1029M->983M(1979M) 497.387ms
[2024-08-27T01:41:55.988+0000][info][gc,cpu         ] GC(34) User=0.48s Sys=0.02s Real=0.49s
[2024-08-27T01:41:56.221+0000][info][gc,start       ] GC(35) Pause Young (Allocation Failure)
[2024-08-27T01:41:56.762+0000][info][gc             ] GC(35) Pause Young (Allocation Failure) 1529M->1472M(2018M) 541.289ms
[2024-08-27T01:41:56.762+0000][info][gc,cpu         ] GC(35) User=0.52s Sys=0.01s Real=0.54s
[2024-08-27T01:41:56.762+0000][info][gc,start       ] GC(36) Pause Full (Allocation Failure)
[2024-08-27T01:41:56.762+0000][info][gc,phases,start] GC(36) Phase 1: Mark live objects
[2024-08-27T01:41:56.864+0000][info][gc,phases      ] GC(36) Phase 1: Mark live objects 102.002ms
[2024-08-27T01:41:56.864+0000][info][gc,phases,start] GC(36) Phase 2: Compute new object addresses
[2024-08-27T01:41:57.028+0000][info][gc,phases      ] GC(36) Phase 2: Compute new object addresses 163.288ms
[2024-08-27T01:41:57.028+0000][info][gc,phases,start] GC(36) Phase 3: Adjust pointers
[2024-08-27T01:41:57.129+0000][info][gc,phases      ] GC(36) Phase 3: Adjust pointers 100.716ms
[2024-08-27T01:41:57.129+0000][info][gc,phases,start] GC(36) Phase 4: Move objects
[2024-08-27T01:41:57.269+0000][info][gc,phases      ] GC(36) Phase 4: Move objects 140.170ms
[2024-08-27T01:41:57.272+0000][info][gc,heap        ] GC(36) DefNew: 629248K(629248K)->0K(629248K) Eden: 559360K(559360K)->0K(559360K) From: 69888K(69888K)->0K(69888K)
[2024-08-27T01:41:57.272+0000][info][gc,heap        ] GC(36) Tenured: 937081K(1398144K)->513477K(1398144K)
[2024-08-27T01:41:57.272+0000][info][gc,metaspace   ] GC(36) Metaspace: 149K(384K)->149K(384K) NonClass: 144K(256K)->144K(256K) Class: 4K(128K)->4K(128K)
[2024-08-27T01:41:57.272+0000][info][gc             ] GC(36) Pause Full (Allocation Failure) 1472M->501M(1979M) 509.314ms
[2024-08-27T01:41:57.272+0000][info][gc,cpu         ] GC(36) User=0.48s Sys=0.04s Real=0.51s
[2024-08-27T01:41:57.516+0000][info][gc,start       ] GC(37) Pause Young (Allocation Failure)
[2024-08-27T01:41:58.002+0000][info][gc,heap        ] GC(37) DefNew: 559360K(629248K)->69888K(629248K) Eden: 559360K(559360K)->0K(559360K) From: 0K(69888K)->69888K(69888K)
[2024-08-27T01:41:58.002+0000][info][gc,heap        ] GC(37) Tenured: 513477K(1398144K)->955565K(1398144K)
[2024-08-27T01:41:58.002+0000][info][gc,metaspace   ] GC(37) Metaspace: 149K(384K)->149K(384K) NonClass: 144K(256K)->144K(256K) Class: 4K(128K)->4K(128K)
[2024-08-27T01:41:58.002+0000][info][gc             ] GC(37) Pause Young (Allocation Failure) 1047M->1001M(1979M) 486.133ms
[2024-08-27T01:41:58.002+0000][info][gc,cpu         ] GC(37) User=0.46s Sys=0.02s Real=0.49s
[2024-08-27T01:41:58.234+0000][info][gc,start       ] GC(38) Pause Young (Allocation Failure)
[2024-08-27T01:41:58.776+0000][info][gc             ] GC(38) Pause Young (Allocation Failure) 1547M->1490M(2036M) 541.576ms
[2024-08-27T01:41:58.776+0000][info][gc,cpu         ] GC(38) User=0.52s Sys=0.02s Real=0.54s
[2024-08-27T01:41:58.776+0000][info][gc,start       ] GC(39) Pause Full (Allocation Failure)
[2024-08-27T01:41:58.776+0000][info][gc,phases,start] GC(39) Phase 1: Mark live objects
[2024-08-27T01:41:58.881+0000][info][gc,phases      ] GC(39) Phase 1: Mark live objects 105.307ms
[2024-08-27T01:41:58.881+0000][info][gc,phases,start] GC(39) Phase 2: Compute new object addresses
[2024-08-27T01:41:59.028+0000][info][gc,phases      ] GC(39) Phase 2: Compute new object addresses 146.847ms
[2024-08-27T01:41:59.028+0000][info][gc,phases,start] GC(39) Phase 3: Adjust pointers
[2024-08-27T01:41:59.135+0000][info][gc,phases      ] GC(39) Phase 3: Adjust pointers 106.812ms
[2024-08-27T01:41:59.135+0000][info][gc,phases,start] GC(39) Phase 4: Move objects
[2024-08-27T01:41:59.251+0000][info][gc,phases      ] GC(39) Phase 4: Move objects 116.591ms
[2024-08-27T01:41:59.255+0000][info][gc,heap        ] GC(39) DefNew: 629248K(629248K)->0K(629248K) Eden: 559360K(559360K)->0K(559360K) From: 69888K(69888K)->0K(69888K)
[2024-08-27T01:41:59.255+0000][info][gc,heap        ] GC(39) Tenured: 955565K(1398144K)->514916K(1398144K)
[2024-08-27T01:41:59.255+0000][info][gc,metaspace   ] GC(39) Metaspace: 149K(384K)->149K(384K) NonClass: 144K(256K)->144K(256K) Class: 4K(128K)->4K(128K)
[2024-08-27T01:41:59.255+0000][info][gc             ] GC(39) Pause Full (Allocation Failure) 1490M->502M(1979M) 479.618ms
[2024-08-27T01:41:59.255+0000][info][gc,cpu         ] GC(39) User=0.46s Sys=0.02s Real=0.48s
[2024-08-27T01:41:59.487+0000][info][gc,start       ] GC(40) Pause Young (Allocation Failure)
[2024-08-27T01:41:59.996+0000][info][gc,heap        ] GC(40) DefNew: 559360K(629248K)->69888K(629248K) Eden: 559360K(559360K)->0K(559360K) From: 0K(69888K)->69888K(69888K)
[2024-08-27T01:41:59.997+0000][info][gc,heap        ] GC(40) Tenured: 514916K(1398144K)->957081K(1398144K)
[2024-08-27T01:41:59.997+0000][info][gc,metaspace   ] GC(40) Metaspace: 149K(384K)->149K(384K) NonClass: 144K(256K)->144K(256K) Class: 4K(128K)->4K(128K)
[2024-08-27T01:41:59.997+0000][info][gc             ] GC(40) Pause Young (Allocation Failure) 1049M->1002M(1979M) 509.116ms
[2024-08-27T01:41:59.997+0000][info][gc,cpu         ] GC(40) User=0.48s Sys=0.03s Real=0.51s
[2024-08-27T01:42:00.228+0000][info][gc,start       ] GC(41) Pause Young (Allocation Failure)
[2024-08-27T01:42:00.770+0000][info][gc             ] GC(41) Pause Young (Allocation Failure) 1549M->1492M(2038M) 541.915ms
[2024-08-27T01:42:00.770+0000][info][gc,cpu         ] GC(41) User=0.52s Sys=0.02s Real=0.55s
[2024-08-27T01:42:00.770+0000][info][gc,start       ] GC(42) Pause Full (Allocation Failure)
[2024-08-27T01:42:00.770+0000][info][gc,phases,start] GC(42) Phase 1: Mark live objects
[2024-08-27T01:42:00.872+0000][info][gc,phases      ] GC(42) Phase 1: Mark live objects 102.037ms
[2024-08-27T01:42:00.872+0000][info][gc,phases,start] GC(42) Phase 2: Compute new object addresses
[2024-08-27T01:42:01.016+0000][info][gc,phases      ] GC(42) Phase 2: Compute new object addresses 143.733ms
[2024-08-27T01:42:01.016+0000][info][gc,phases,start] GC(42) Phase 3: Adjust pointers
[2024-08-27T01:42:01.145+0000][info][gc,phases      ] GC(42) Phase 3: Adjust pointers 129.245ms
[2024-08-27T01:42:01.145+0000][info][gc,phases,start] GC(42) Phase 4: Move objects
[2024-08-27T01:42:01.262+0000][info][gc,phases      ] GC(42) Phase 4: Move objects 116.467ms
[2024-08-27T01:42:01.266+0000][info][gc,heap        ] GC(42) DefNew: 629248K(629248K)->0K(629248K) Eden: 559360K(559360K)->0K(559360K) From: 69888K(69888K)->0K(69888K)
[2024-08-27T01:42:01.266+0000][info][gc,heap        ] GC(42) Tenured: 957081K(1398144K)->442097K(1398144K)
[2024-08-27T01:42:01.266+0000][info][gc,metaspace   ] GC(42) Metaspace: 149K(384K)->149K(384K) NonClass: 144K(256K)->144K(256K) Class: 4K(128K)->4K(128K)
[2024-08-27T01:42:01.266+0000][info][gc             ] GC(42) Pause Full (Allocation Failure) 1492M->431M(1979M) 495.645ms
[2024-08-27T01:42:01.266+0000][info][gc,cpu         ] GC(42) User=0.48s Sys=0.01s Real=0.49s
[2024-08-27T01:42:01.498+0000][info][gc,start       ] GC(43) Pause Young (Allocation Failure)
[2024-08-27T01:42:01.969+0000][info][gc,heap        ] GC(43) DefNew: 559360K(629248K)->69888K(629248K) Eden: 559360K(559360K)->0K(559360K) From: 0K(69888K)->69888K(69888K)
[2024-08-27T01:42:01.969+0000][info][gc,heap        ] GC(43) Tenured: 442097K(1398144K)->884371K(1398144K)
[2024-08-27T01:42:01.969+0000][info][gc,metaspace   ] GC(43) Metaspace: 149K(384K)->149K(384K) NonClass: 144K(256K)->144K(256K) Class: 4K(128K)->4K(128K)
[2024-08-27T01:42:01.969+0000][info][gc             ] GC(43) Pause Young (Allocation Failure) 977M->931M(1979M) 470.785ms
[2024-08-27T01:42:01.969+0000][info][gc,cpu         ] GC(43) User=0.48s Sys=0.00s Real=0.46s
[2024-08-27T01:42:02.200+0000][info][gc,start       ] GC(44) Pause Young (Allocation Failure)
[2024-08-27T01:42:02.735+0000][info][gc,heap        ] GC(44) DefNew: 629248K(629248K)->69888K(629248K) Eden: 559360K(559360K)->0K(559360K) From: 69888K(69888K)->69888K(69888K)
[2024-08-27T01:42:02.735+0000][info][gc,heap        ] GC(44) Tenured: 884371K(1398144K)->1384901K(1398144K)
[2024-08-27T01:42:02.735+0000][info][gc,metaspace   ] GC(44) Metaspace: 149K(384K)->149K(384K) NonClass: 144K(256K)->144K(256K) Class: 4K(128K)->4K(128K)
[2024-08-27T01:42:02.735+0000][info][gc             ] GC(44) Pause Young (Allocation Failure) 1478M->1420M(1979M) 534.639ms
[2024-08-27T01:42:02.735+0000][info][gc,cpu         ] GC(44) User=0.52s Sys=0.01s Real=0.53s
[2024-08-27T01:42:02.973+0000][info][gc,start       ] GC(45) Pause Young (Allocation Failure)
[2024-08-27T01:42:03.681+0000][info][gc             ] GC(45) Pause Young (Allocation Failure) 1966M->1903M(2450M) 707.957ms
[2024-08-27T01:42:03.681+0000][info][gc,cpu         ] GC(45) User=0.57s Sys=0.14s Real=0.71s
[2024-08-27T01:42:03.681+0000][info][gc,start       ] GC(46) Pause Full (Allocation Failure)
[2024-08-27T01:42:03.681+0000][info][gc,phases,start] GC(46) Phase 1: Mark live objects
[2024-08-27T01:42:03.783+0000][info][gc,phases      ] GC(46) Phase 1: Mark live objects 101.958ms
[2024-08-27T01:42:03.783+0000][info][gc,phases,start] GC(46) Phase 2: Compute new object addresses
[2024-08-27T01:42:04.011+0000][info][gc,phases      ] GC(46) Phase 2: Compute new object addresses 227.560ms
[2024-08-27T01:42:04.011+0000][info][gc,phases,start] GC(46) Phase 3: Adjust pointers
[2024-08-27T01:42:04.105+0000][info][gc,phases      ] GC(46) Phase 3: Adjust pointers 94.488ms
[2024-08-27T01:42:04.106+0000][info][gc,phases,start] GC(46) Phase 4: Move objects
[2024-08-27T01:42:04.218+0000][info][gc,phases      ] GC(46) Phase 4: Move objects 112.013ms
[2024-08-27T01:42:04.245+0000][info][gc,heap        ] GC(46) DefNew: 629248K(629248K)->0K(629248K) Eden: 559360K(559360K)->0K(559360K) From: 69888K(69888K)->0K(69888K)
[2024-08-27T01:42:04.245+0000][info][gc,heap        ] GC(46) Tenured: 1384901K(1398144K)->442097K(1398144K)
[2024-08-27T01:42:04.245+0000][info][gc,metaspace   ] GC(46) Metaspace: 149K(384K)->149K(384K) NonClass: 144K(256K)->144K(256K) Class: 4K(128K)->4K(128K)
[2024-08-27T01:42:04.245+0000][info][gc             ] GC(46) Pause Full (Allocation Failure) 1903M->431M(1979M) 563.392ms
[2024-08-27T01:42:04.245+0000][info][gc,cpu         ] GC(46) User=0.52s Sys=0.05s Real=0.56s
[2024-08-27T01:42:04.479+0000][info][gc,start       ] GC(47) Pause Young (Allocation Failure)
[2024-08-27T01:42:04.947+0000][info][gc,heap        ] GC(47) DefNew: 559359K(629248K)->69888K(629248K) Eden: 559359K(559360K)->0K(559360K) From: 0K(69888K)->69888K(69888K)
[2024-08-27T01:42:04.947+0000][info][gc,heap        ] GC(47) Tenured: 442097K(1398144K)->884540K(1398144K)
[2024-08-27T01:42:04.947+0000][info][gc,metaspace   ] GC(47) Metaspace: 149K(384K)->149K(384K) NonClass: 144K(256K)->144K(256K) Class: 4K(128K)->4K(128K)
[2024-08-27T01:42:04.947+0000][info][gc             ] GC(47) Pause Young (Allocation Failure) 977M->932M(1979M) 468.066ms
[2024-08-27T01:42:04.947+0000][info][gc,cpu         ] GC(47) User=0.47s Sys=0.00s Real=0.46s
[2024-08-27T01:42:05.182+0000][info][gc,start       ] GC(48) Pause Young (Allocation Failure)
[2024-08-27T01:42:05.707+0000][info][gc,heap        ] GC(48) DefNew: 629247K(629248K)->69888K(629248K) Eden: 559359K(559360K)->0K(559360K) From: 69888K(69888K)->69888K(69888K)
[2024-08-27T01:42:05.707+0000][info][gc,heap        ] GC(48) Tenured: 884540K(1398144K)->1385062K(1398144K)
[2024-08-27T01:42:05.707+0000][info][gc,metaspace   ] GC(48) Metaspace: 149K(384K)->149K(384K) NonClass: 144K(256K)->144K(256K) Class: 4K(128K)->4K(128K)
[2024-08-27T01:42:05.707+0000][info][gc             ] GC(48) Pause Young (Allocation Failure) 1478M->1420M(1979M) 525.308ms
[2024-08-27T01:42:05.707+0000][info][gc,cpu         ] GC(48) User=0.53s Sys=0.00s Real=0.52s
[2024-08-27T01:42:05.939+0000][info][gc,start       ] GC(49) Pause Young (Allocation Failure)
[2024-08-27T01:42:06.656+0000][info][gc             ] GC(49) Pause Young (Allocation Failure) 1967M->1903M(2450M) 717.555ms
[2024-08-27T01:42:06.656+0000][info][gc,cpu         ] GC(49) User=0.50s Sys=0.22s Real=0.71s
[2024-08-27T01:42:06.657+0000][info][gc,start       ] GC(50) Pause Full (Allocation Failure)
[2024-08-27T01:42:06.657+0000][info][gc,phases,start] GC(50) Phase 1: Mark live objects
[2024-08-27T01:42:06.758+0000][info][gc,phases      ] GC(50) Phase 1: Mark live objects 101.045ms
[2024-08-27T01:42:06.758+0000][info][gc,phases,start] GC(50) Phase 2: Compute new object addresses
[2024-08-27T01:42:06.942+0000][info][gc,phases      ] GC(50) Phase 2: Compute new object addresses 184.378ms
[2024-08-27T01:42:06.942+0000][info][gc,phases,start] GC(50) Phase 3: Adjust pointers
[2024-08-27T01:42:07.038+0000][info][gc,phases      ] GC(50) Phase 3: Adjust pointers 96.149ms
[2024-08-27T01:42:07.038+0000][info][gc,phases,start] GC(50) Phase 4: Move objects
[2024-08-27T01:42:07.151+0000][info][gc,phases      ] GC(50) Phase 4: Move objects 112.470ms
[2024-08-27T01:42:07.178+0000][info][gc,heap        ] GC(50) DefNew: 629248K(629248K)->0K(629248K) Eden: 559360K(559360K)->0K(559360K) From: 69888K(69888K)->0K(69888K)
[2024-08-27T01:42:07.178+0000][info][gc,heap        ] GC(50) Tenured: 1385062K(1398144K)->442096K(1398144K)
[2024-08-27T01:42:07.178+0000][info][gc,metaspace   ] GC(50) Metaspace: 149K(384K)->149K(384K) NonClass: 144K(256K)->144K(256K) Class: 4K(128K)->4K(128K)
[2024-08-27T01:42:07.178+0000][info][gc             ] GC(50) Pause Full (Allocation Failure) 1903M->431M(1979M) 521.266ms
[2024-08-27T01:42:07.178+0000][info][gc,cpu         ] GC(50) User=0.49s Sys=0.03s Real=0.53s
[2024-08-27T01:42:07.468+0000][info][gc,start       ] GC(51) Pause Young (Allocation Failure)
[2024-08-27T01:42:07.937+0000][info][gc,heap        ] GC(51) DefNew: 559360K(629248K)->69888K(629248K) Eden: 559360K(559360K)->0K(559360K) From: 0K(69888K)->69888K(69888K)
[2024-08-27T01:42:07.937+0000][info][gc,heap        ] GC(51) Tenured: 442096K(1398144K)->884283K(1398144K)
[2024-08-27T01:42:07.937+0000][info][gc,metaspace   ] GC(51) Metaspace: 149K(384K)->149K(384K) NonClass: 144K(256K)->144K(256K) Class: 4K(128K)->4K(128K)
[2024-08-27T01:42:07.937+0000][info][gc             ] GC(51) Pause Young (Allocation Failure) 977M->931M(1979M) 469.290ms
[2024-08-27T01:42:07.937+0000][info][gc,cpu         ] GC(51) User=0.47s Sys=0.00s Real=0.47s
[2024-08-27T01:42:08.168+0000][info][gc,start       ] GC(52) Pause Young (Allocation Failure)
[2024-08-27T01:42:08.706+0000][info][gc,heap        ] GC(52) DefNew: 629248K(629248K)->69888K(629248K) Eden: 559360K(559360K)->0K(559360K) From: 69888K(69888K)->69888K(69888K)
[2024-08-27T01:42:08.706+0000][info][gc,heap        ] GC(52) Tenured: 884283K(1398144K)->1385190K(1398144K)
[2024-08-27T01:42:08.706+0000][info][gc,metaspace   ] GC(52) Metaspace: 149K(384K)->149K(384K) NonClass: 144K(256K)->144K(256K) Class: 4K(128K)->4K(128K)
[2024-08-27T01:42:08.706+0000][info][gc             ] GC(52) Pause Young (Allocation Failure) 1478M->1420M(1979M) 537.936ms
[2024-08-27T01:42:08.706+0000][info][gc,cpu         ] GC(52) User=0.53s Sys=0.01s Real=0.54s
[2024-08-27T01:42:08.994+0000][info][gc,start       ] GC(53) Pause Young (Allocation Failure)
[2024-08-27T01:42:09.688+0000][info][gc             ] GC(53) Pause Young (Allocation Failure) 1967M->1896M(2442M) 693.925ms
[2024-08-27T01:42:09.688+0000][info][gc,cpu         ] GC(53) User=0.54s Sys=0.16s Real=0.69s
[2024-08-27T01:42:09.688+0000][info][gc,start       ] GC(54) Pause Full (Allocation Failure)
[2024-08-27T01:42:09.688+0000][info][gc,phases,start] GC(54) Phase 1: Mark live objects
[2024-08-27T01:42:09.689+0000][info][gc,phases      ] GC(54) Phase 1: Mark live objects 0.760ms
[2024-08-27T01:42:09.689+0000][info][gc,phases,start] GC(54) Phase 2: Compute new object addresses
[2024-08-27T01:42:09.867+0000][info][gc,phases      ] GC(54) Phase 2: Compute new object addresses 178.437ms
[2024-08-27T01:42:09.867+0000][info][gc,phases,start] GC(54) Phase 3: Adjust pointers
[2024-08-27T01:42:09.868+0000][info][gc,phases      ] GC(54) Phase 3: Adjust pointers 0.481ms
[2024-08-27T01:42:09.868+0000][info][gc,phases,start] GC(54) Phase 4: Move objects
[2024-08-27T01:42:09.868+0000][info][gc,phases      ] GC(54) Phase 4: Move objects 0.038ms
[2024-08-27T01:42:09.894+0000][info][gc,heap        ] GC(54) DefNew: 629248K(629248K)->0K(629248K) Eden: 559360K(559360K)->0K(559360K) From: 69888K(69888K)->0K(69888K)
[2024-08-27T01:42:09.894+0000][info][gc,heap        ] GC(54) Tenured: 1385190K(1398144K)->4705K(1398144K)
[2024-08-27T01:42:09.894+0000][info][gc,metaspace   ] GC(54) Metaspace: 231K(448K)->231K(448K) NonClass: 223K(320K)->223K(320K) Class: 8K(128K)->8K(128K)
[2024-08-27T01:42:09.894+0000][info][gc             ] GC(54) Pause Full (Allocation Failure) 1896M->4M(1979M) 206.500ms
[2024-08-27T01:42:09.894+0000][info][gc,cpu         ] GC(54) User=0.18s Sys=0.03s Real=0.21s
[2024-08-27T01:42:09.895+0000][info][gc,heap,exit   ] Heap
[2024-08-27T01:42:09.895+0000][info][gc,heap,exit   ]  def new generation   total 629248K, used 11187K [0x0000000080200000, 0x00000000aacc0000, 0x0000000300150000)
[2024-08-27T01:42:09.895+0000][info][gc,heap,exit   ]   eden space 559360K,   2% used [0x0000000080200000, 0x0000000080cece50, 0x00000000a2440000)
[2024-08-27T01:42:09.895+0000][info][gc,heap,exit   ]   from space 69888K,   0% used [0x00000000a2440000, 0x00000000a2440000, 0x00000000a6880000)
[2024-08-27T01:42:09.895+0000][info][gc,heap,exit   ]   to   space 69888K,   0% used [0x00000000a6880000, 0x00000000a6880000, 0x00000000aacc0000)
[2024-08-27T01:42:09.895+0000][info][gc,heap,exit   ]  tenured generation   total 1398144K, used 4705K [0x0000000300150000, 0x00000003556b0000, 0x0000000800000000)
[2024-08-27T01:42:09.895+0000][info][gc,heap,exit   ]    the space 1398144K,   0% used [0x0000000300150000, 0x00000003005e8638, 0x00000003005e8800, 0x00000003556b0000)
[2024-08-27T01:42:09.895+0000][info][gc,heap,exit   ]  Metaspace       used 233K, committed 448K, reserved 1114112K
[2024-08-27T01:42:09.895+0000][info][gc,heap,exit   ]   class space    used 8K, committed 128K, reserved 1048576K
